06-19 12:54:10.745 I/InputReader( 1920): Touch device 'virtio_input_multi_touch_3' could not query the properties of its associated display.  The device will be inoperable until the display size becomes available.
06-19 12:54:10.746 D/SystemServerTiming( 1920): MakeDisplayReady took to complete: 11ms
06-19 12:54:10.746 I/SystemServer( 1920): StartStorageManagerService
06-19 12:54:10.746 I/SystemServiceManager( 1920): Starting com.android.server.StorageManagerService$Lifecycle
06-19 12:54:10.750 D/StorageManagerService( 1920): Thinking about init, mBootCompleted=false, mDaemonConnected=true
06-19 12:54:10.751 D/SystemServerTiming( 1920): StartStorageManagerService took to complete: 5ms
06-19 12:54:10.751 I/SystemServer( 1920): StartStorageStatsService
06-19 12:54:10.751 I/SystemServiceManager( 1920): Starting com.android.server.usage.StorageStatsService$Lifecycle
06-19 12:54:10.750 D/StorageManagerService( 1920): Thinking about reset, mBootCompleted=false, mDaemonConnected=true
06-19 12:54:10.755 D/installd( 1742): Found quota mount /dev/block/vdc at /data
06-19 12:54:10.756 D/installd( 1742): Found quota mount /dev/block/vdc at /data
06-19 12:54:10.758 D/SystemServerTiming( 1920): StartStorageStatsService took to complete: 7ms
06-19 12:54:10.758 I/SystemServer( 1920): StartUiModeManager
06-19 12:54:10.758 I/SystemServiceManager( 1920): Starting com.android.server.UiModeManagerService
06-19 12:54:10.759 D/SystemServerInitThreadPool( 1920): Started executing UiModeManager.onStart
06-19 12:54:10.760 I/ActivityTaskManager( 1920): Config changes=200 {1.0 ?mcc?mnc [en_US] ldltr sw320dp w320dp h616dp 160dpi nrml long port finger qwerty/v/v -nav/h winConfig={ mBounds=Rect(0, 0 - 320, 640) mAppBounds=Rect(0, 0 - 320, 640) mWindowingMode=fullscreen mDisplayWindowingMode=fullscreen mActivityType=undefined mAlwaysOnTop=undefined mRotation=ROTATION_0} s.4}
06-19 12:54:10.760 I/ActivityTaskManager( 1920): Override config changes=200 {1.0 ?mcc?mnc [en_US] ldltr sw320dp w320dp h616dp 160dpi nrml long port finger qwerty/v/v -nav/h winConfig={ mBounds=Rect(0, 0 - 320, 640) mAppBounds=Rect(0, 0 - 320, 640) mWindowingMode=fullscreen mDisplayWindowingMode=fullscreen mActivityType=undefined mAlwaysOnTop=undefined mRotation=ROTATION_0} s.4} for displayId=0
06-19 12:54:10.761 D/SystemServerTiming( 1920): StartUiModeManager took to complete: 3ms
06-19 12:54:10.761 I/SystemServer( 1920): UpdatePackagesIfNeeded
06-19 12:54:10.761 I/Watchdog( 1920): Pausing HandlerChecker: main thread for reason: dexopt. Pause count: 1
06-19 12:54:10.761 D/SystemServerInitThreadPool( 1920): Finished executing UiModeManager.onStart
06-19 12:54:10.766 I/system_server( 1920): The ClassLoaderContext is a special shared library.
06-19 12:54:10.778 I/chatty  ( 1920): uid=1000 system_server identical 6 lines
06-19 12:54:10.780 I/system_server( 1920): The ClassLoaderContext is a special shared library.
06-19 12:54:10.781 E/ActivityRecognitionHardware( 1664): activity_recognition HAL is deprecated. class_init is effectively a no-op
06-19 12:54:10.783 I/system_server( 1920): The ClassLoaderContext is a special shared library.
06-19 12:54:10.813 I/chatty  ( 1920): uid=1000 system_server identical 7 lines
06-19 12:54:10.815 I/system_server( 1920): The ClassLoaderContext is a special shared library.
06-19 12:54:10.815 I/zygote  ( 1664): Thread[1,tid=1664,Native,Thread*=0xebe34e00,peer=0x12d40000,"main"] recursive attempt to load library "libmedia_jni.so"
06-19 12:54:10.815 D/MtpDeviceJNI( 1664): register_android_mtp_MtpDevice
06-19 12:54:10.815 I/zygote  ( 1664): Thread[1,tid=1664,Native,Thread*=0xebe34e00,peer=0x12d40000,"main"] recursive attempt to load library "libmedia_jni.so"
06-19 12:54:10.815 I/zygote  ( 1664): Thread[1,tid=1664,Native,Thread*=0xebe34e00,peer=0x12d40000,"main"] recursive attempt to load library "libmedia_jni.so"
06-19 12:54:10.818 I/system_server( 1920): The ClassLoaderContext is a special shared library.
06-19 12:54:10.821 W/Zygote  ( 1664): Class not found for preloading: android.media.audiopolicy.AudioProductStrategies
06-19 12:54:10.822 W/Zygote  ( 1664): Class not found for preloading: android.media.audiopolicy.AudioVolumeGroups
06-19 12:54:10.823 I/system_server( 1920): The ClassLoaderContext is a special shared library.
06-19 12:54:10.902 I/chatty  ( 1920): uid=1000 system_server identical 25 lines
06-19 12:54:10.904 I/system_server( 1920): The ClassLoaderContext is a special shared library.
06-19 12:54:10.907 W/Zygote  ( 1664): Class not found for preloading: android.view.textclassifier.-$$Lambda$TextClassificationManager$JIaezIJbMig_-kVzN6oArzkTsJE
06-19 12:54:10.910 I/system_server( 1920): The ClassLoaderContext is a special shared library.
06-19 12:54:10.910 W/Zygote  ( 1664): Class not found for preloading: com.android.internal.net.NetworkStatsFactory
06-19 12:54:10.914 I/system_server( 1920): The ClassLoaderContext is a special shared library.
06-19 12:54:10.916 W/Zygote  ( 1664): Class not found for preloading: com.android.internal.telephony.-$$Lambda$PhoneSubInfoController$8HFbCDJDN1mrLJG980qYH5MGqMk
06-19 12:54:10.916 W/Zygote  ( 1664): Class not found for preloading: com.android.internal.telephony.-$$Lambda$PhoneSubInfoController$U28a_EGx2cvmQhDfRRgonMt5Zrc
06-19 12:54:10.916 W/Zygote  ( 1664): Class not found for preloading: com.android.internal.telephony.-$$Lambda$SubscriptionInfoUpdater$-zZXM9oMRZ3vZz7dJOG19J00Bmw
06-19 12:54:10.916 W/Zygote  ( 1664): Class not found for preloading: com.android.internal.telephony.-$$Lambda$SubscriptionInfoUpdater$D5yF1HbS4cvCyoAj3FESkPtA_0g
06-19 12:54:10.916 W/Zygote  ( 1664): Class not found for preloading: com.android.internal.telephony.-$$Lambda$SubscriptionInfoUpdater$MMx9iQX0JVqqMPLTUZhdBubFSzU
06-19 12:54:10.917 I/system_server( 1920): The ClassLoaderContext is a special shared library.
06-19 12:54:10.918 I/system_server( 1920): The ClassLoaderContext is a special shared library.
06-19 12:54:10.919 W/Zygote  ( 1664): Class not found for preloading: com.android.internal.telephony.PhoneConfigurationModels
06-19 12:54:10.920 W/Zygote  ( 1664): Class not found for preloading: com.android.internal.telephony.SubscriptionController$ScLocalLog
06-19 12:54:10.921 W/Zygote  ( 1664): Class not found for preloading: com.android.internal.telephony.UiccSmsController
06-19 12:54:10.921 I/system_server( 1920): The ClassLoaderContext is a special shared library.
06-19 12:54:10.940 I/chatty  ( 1920): uid=1000 system_server identical 7 lines
06-19 12:54:10.944 I/system_server( 1920): The ClassLoaderContext is a special shared library.
06-19 12:54:10.944 I/Zygote  ( 1664): ...preloaded 7590 classes in 310ms.
06-19 12:54:10.944 I/zygote  ( 1664): VMRuntime.preloadDexCaches starting
06-19 12:54:10.945 I/system_server( 1920): The ClassLoaderContext is a special shared library.
06-19 12:54:10.953 I/chatty  ( 1920): uid=1000 system_server identical 3 lines
06-19 12:54:10.955 I/system_server( 1920): The ClassLoaderContext is a special shared library.
06-19 12:54:10.955 I/zygote  ( 1664): VMRuntime.preloadDexCaches strings total=378948 before=9925 after=9925
06-19 12:54:10.955 I/zygote  ( 1664): VMRuntime.preloadDexCaches types total=35812 before=7199 after=7467
06-19 12:54:10.955 I/zygote  ( 1664): VMRuntime.preloadDexCaches fields total=160603 before=8020 after=8221
06-19 12:54:10.955 I/zygote  ( 1664): VMRuntime.preloadDexCaches methods total=281511 before=10884 after=11316
06-19 12:54:10.955 I/zygote  ( 1664): VMRuntime.preloadDexCaches finished
06-19 12:54:10.956 D/ZygoteInitTiming_lazy( 1664): PreloadClasses took to complete: 322ms
06-19 12:54:10.956 I/system_server( 1920): The ClassLoaderContext is a special shared library.
06-19 12:54:10.958 I/system_server( 1920): The ClassLoaderContext is a special shared library.
06-19 12:54:10.958 I/zygote  ( 1664): The ClassLoaderContext is a special shared library.
06-19 12:54:10.959 D/ApplicationLoaders( 1664): Created zygote-cached class loader: /system/framework/android.hidl.base-V1.0-java.jar
06-19 12:54:10.959 I/system_server( 1920): The ClassLoaderContext is a special shared library.
06-19 12:54:10.960 I/zygote  ( 1664): The ClassLoaderContext is a special shared library.
06-19 12:54:10.961 I/system_server( 1920): The ClassLoaderContext is a special shared library.
06-19 12:54:10.961 D/ApplicationLoaders( 1664): Created zygote-cached class loader: /system/framework/android.hidl.manager-V1.0-java.jar
06-19 12:54:10.961 D/ZygoteInitTiming_lazy( 1664): CacheNonBootClasspathClassLoaders took to complete: 5ms
06-19 12:54:10.962 I/system_server( 1920): The ClassLoaderContext is a special shared library.
06-19 12:54:10.986 I/chatty  ( 1920): uid=1000 system_server identical 9 lines
06-19 12:54:10.990 I/system_server( 1920): The ClassLoaderContext is a special shared library.
06-19 12:54:10.991 I/Zygote  ( 1664): Preloading resources...
06-19 12:54:10.991 I/system_server( 1920): The ClassLoaderContext is a special shared library.
06-19 12:54:10.997 I/chatty  ( 1920): uid=1000 system_server identical 3 lines
06-19 12:54:11.000 I/system_server( 1920): The ClassLoaderContext is a special shared library.
06-19 12:54:11.008 W/Resources( 1664): Preloaded drawable resource #0x108027c (android:drawable/dialog_background_material) that varies with configuration!!
06-19 12:54:11.010 I/system_server( 1920): The ClassLoaderContext is a special shared library.
06-19 12:54:11.013 I/Zygote  ( 1664): ...preloaded 64 resources in 22ms.
06-19 12:54:11.015 I/Zygote  ( 1664): ...preloaded 41 resources in 2ms.
06-19 12:54:11.016 D/ZygoteInitTiming_lazy( 1664): PreloadResources took to complete: 55ms
06-19 12:54:11.022 I/Zygote  ( 1664): Preloading shared libraries...
06-19 12:54:11.024 I/system_server( 1920): The ClassLoaderContext is a special shared library.
06-19 12:54:11.027 I/Zygote  ( 1664): Called ZygoteHooks.endPreload()
06-19 12:54:11.027 I/Zygote  ( 1664): Installed AndroidKeyStoreProvider in 0ms.
06-19 12:54:11.030 I/system_server( 1920): The ClassLoaderContext is a special shared library.
06-19 12:54:11.034 I/Zygote  ( 1664): Warmed up JCA providers in 7ms.
06-19 12:54:11.034 D/Zygote  ( 1664): end preload
06-19 12:54:11.034 D/SystemServerTimingAsync( 1920): SecondaryZygotePreload took to complete: 472ms
06-19 12:54:11.034 D/SystemServerInitThreadPool( 1920): Finished executing SecondaryZygotePreload
06-19 12:54:11.035 I/system_server( 1920): The ClassLoaderContext is a special shared library.
06-19 12:54:11.201 I/Watchdog( 1920): Resuming HandlerChecker: main thread for reason: dexopt. Pause count: 0
06-19 12:54:11.201 D/SystemServerTiming( 1920): UpdatePackagesIfNeeded took to complete: 440ms
06-19 12:54:11.201 I/SystemServer( 1920): PerformFstrimIfNeeded
06-19 12:54:11.201 W/PackageManager( 1920): No disk maintenance in 1781873651201; running immediately
06-19 12:54:11.201 I/StorageManagerService( 1920): Running fstrim idle maintenance
06-19 12:54:11.196 I/chatty  ( 1920): uid=1000 system_server identical 39 lines
06-19 12:54:11.200 I/system_server( 1920): The ClassLoaderContext is a special shared library.
06-19 12:54:11.202 I/hwservicemanager( 1566): getTransport: Cannot find entry android.hardware.boot@1.0::IBootControl/default in either framework or device manifest.
06-19 12:54:11.202 D/SystemServerTiming( 1920): PerformFstrimIfNeeded took to complete: 1ms
06-19 12:54:11.202 I/SystemServer( 1920): StartLockSettingsService
06-19 12:54:11.202 I/SystemServiceManager( 1920): Starting com.android.server.locksettings.LockSettingsService$Lifecycle
06-19 12:54:11.204 I/vold    ( 1573): Skip mounting partition: /product
06-19 12:54:11.204 I/vold    ( 1573): Skip mounting partition: /product_services
06-19 12:54:11.204 D/vold    ( 1573): Starting trim of /data
06-19 12:54:11.204 W/vold    ( 1573): Trim failed on /data: Operation not supported on transport endpoint
06-19 12:54:11.204 D/vold    ( 1573): Starting trim of none
06-19 12:54:11.204 W/vold    ( 1573): Failed to open none: No such file or directory
06-19 12:54:11.223 D/SystemServerTiming( 1920): StartLockSettingsService took to complete: 21ms
06-19 12:54:11.223 I/SystemServer( 1920): StartTestHarnessMode
06-19 12:54:11.223 I/SystemServiceManager( 1920): Starting com.android.server.testharness.TestHarnessModeService
06-19 12:54:11.224 D/SystemServerTiming( 1920): StartTestHarnessMode took to complete: 0ms
06-19 12:54:11.224 I/hwservicemanager( 1566): getTransport: Cannot find entry android.hardware.oemlock@1.0::IOemLock/default in either framework or device manifest.
06-19 12:54:11.224 I/OemLock ( 1920): OemLock HAL not present on device
06-19 12:54:11.224 I/SystemServer( 1920): StartDeviceIdleController
06-19 12:54:11.224 I/SystemServiceManager( 1920): Starting com.android.server.DeviceIdleController
06-19 12:54:11.225 D/SystemServerTiming( 1920): StartDeviceIdleController took to complete: 1ms
06-19 12:54:11.225 I/SystemServer( 1920): StartDevicePolicyManager
06-19 12:54:11.225 I/SystemServiceManager( 1920): Starting com.android.server.devicepolicy.DevicePolicyManagerService$Lifecycle
06-19 12:54:11.229 D/SystemServerTiming( 1920): StartDevicePolicyManager took to complete: 3ms
06-19 12:54:11.229 I/SystemServer( 1920): StartStatusBarManagerService
06-19 12:54:11.229 D/SystemServerTiming( 1920): StartStatusBarManagerService took to complete: 1ms
06-19 12:54:11.230 D/SystemServer( 1920): ContentCaptureService disabled because resource is not overlaid
06-19 12:54:11.230 D/SystemServer( 1920): AttentionService is not configured on this device
06-19 12:54:11.230 I/SystemServer( 1920): StartSystemCaptionsManagerService
06-19 12:54:11.230 I/SystemServiceManager( 1920): Starting com.android.server.systemcaptions.SystemCaptionsManagerService
06-19 12:54:11.231 D/SystemServerTiming( 1920): StartSystemCaptionsManagerService took to complete: 1ms
06-19 12:54:11.231 I/SystemServer( 1920): StartAppPredictionService
06-19 12:54:11.231 I/SystemServiceManager( 1920): Starting com.android.server.appprediction.AppPredictionManagerService
06-19 12:54:11.232 D/SystemServerTiming( 1920): StartAppPredictionService took to complete: 1ms
06-19 12:54:11.232 I/SystemServer( 1920): StartContentSuggestionsService
06-19 12:54:11.233 I/SystemServiceManager( 1920): Starting com.android.server.contentsuggestions.ContentSuggestionsManagerService
06-19 12:54:11.233 D/SystemServerTiming( 1920): StartContentSuggestionsService took to complete: 1ms
06-19 12:54:11.233 I/SystemServer( 1920): InitNetworkStackClient
06-19 12:54:11.233 D/SystemServerTiming( 1920): InitNetworkStackClient took to complete: 1ms
06-19 12:54:11.233 I/SystemServer( 1920): StartNetworkManagementService
06-19 12:54:11.236 I/netd    ( 1662): registerUnsolicitedEventListener() <0.03ms>
06-19 12:54:11.237 D/SystemServerTiming( 1920): StartNetworkManagementService took to complete: 3ms
06-19 12:54:11.237 I/SystemServer( 1920): StartIpSecService
06-19 12:54:11.237 D/SystemServerTiming( 1920): StartIpSecService took to complete: 0ms
06-19 12:54:11.237 I/SystemServer( 1920): StartTextServicesManager
06-19 12:54:11.237 I/SystemServiceManager( 1920): Starting com.android.server.textservices.TextServicesManagerService$Lifecycle
06-19 12:54:11.238 D/SystemServerTiming( 1920): StartTextServicesManager took to complete: 1ms
06-19 12:54:11.238 I/SystemServer( 1920): StartTextClassificationManagerService
06-19 12:54:11.239 I/SystemServiceManager( 1920): Starting com.android.server.textclassifier.TextClassificationManagerService$Lifecycle
06-19 12:54:11.239 D/SystemServerTiming( 1920): StartTextClassificationManagerService took to complete: 0ms
06-19 12:54:11.239 I/SystemServer( 1920): StartNetworkScoreService
06-19 12:54:11.239 I/SystemServiceManager( 1920): Starting com.android.server.NetworkScoreService$Lifecycle
06-19 12:54:11.240 I/NetworkScoreService( 1920): Registering network_score
06-19 12:54:11.240 D/SystemServerTiming( 1920): StartNetworkScoreService took to complete: 1ms
06-19 12:54:11.240 I/SystemServer( 1920): StartNetworkStatsService
06-19 12:54:11.242 D/SystemServerTiming( 1920): StartNetworkStatsService took to complete: 2ms
06-19 12:54:11.242 I/SystemServer( 1920): StartNetworkPolicyManagerService
06-19 12:54:11.245 D/SystemServerTiming( 1920): StartNetworkPolicyManagerService took to complete: 4ms
06-19 12:54:11.245 I/SystemServer( 1920): StartWifi
06-19 12:54:11.258 I/SystemServiceManager( 1920): Starting com.android.server.wifi.WifiService
06-19 12:54:11.319 E/HostapdHal( 1920): Malformed channel value detected: java.lang.NumberFormatException: For input string: ""
06-19 12:54:11.331 D/WifiCountryCode( 1920): mDefaultCountryCode null mRevertCountryCodeOnCellularLoss false
06-19 12:54:11.331 D/WifiApConfigStore( 1920): 2G band allowed channels are:1,6,11
06-19 12:54:11.331 E/WifiApConfigStore( 1920): Error reading hotspot configuration java.io.FileNotFoundException: /data/misc/wifi/softap.conf: open failed: ENOENT (No such file or directory)
06-19 12:54:11.331 D/WifiApConfigStore( 1920): Fallback to use default AP configuration
06-19 12:54:11.333 I/WifiScoringParams( 1920): rssi2=-83:-80:-73:-60,rssi5=-80:-77:-70:-57,pps=0:1:100,horizon=15,nud=8,expid=0
06-19 12:54:11.362 D/WifiOpenNetworkNotifier( 1920): Settings toggle enabled=true
06-19 12:54:11.363 D/WifiCarrierNetworkNotifier( 1920): Settings toggle enabled=true
06-19 12:54:11.365 D/WifiActiveModeWarden( 1920): Starting Wifi in WifiDisabledState
06-19 12:54:11.365 D/WifiActiveModeWarden( 1920): Entering WifiDisabledState
06-19 12:54:11.366 D/WakeupController( 1920): WifiWake enabled
06-19 12:54:11.367 E/WifiClientModeImpl( 1920): getWifiLinkLayerStats called without an interface
06-19 12:54:11.369 E/SupplicantStaIfaceHal( 1920): Can't call setDebugParams, ISupplicant is null
06-19 12:54:11.369 W/WifiDiags( 1920): no ring buffers found
06-19 12:54:11.369 W/WifiDiags( 1920): Failed to start packet fate monitoring
06-19 12:54:11.369 I/WifiService( 1920): Registering wifi
06-19 12:54:11.370 D/SystemServerTiming( 1920): StartWifi took to complete: 124ms
06-19 12:54:11.370 I/SystemServer( 1920): StartWifiScanning
06-19 12:54:11.371 I/SystemServiceManager( 1920): Starting com.android.server.wifi.scanner.WifiScanningService
06-19 12:54:11.371 I/WifiScanningService( 1920): Creating wifiscanner
06-19 12:54:11.372 I/WifiScanningService( 1920): Publishing wifiscanner
06-19 12:54:11.373 D/SystemServerTiming( 1920): StartWifiScanning took to complete: 3ms
06-19 12:54:11.373 I/SystemServer( 1920): StartWifiP2P
06-19 12:54:11.373 I/SystemServiceManager( 1920): Starting com.android.server.wifi.p2p.WifiP2pService
06-19 12:54:11.379 W/HalDevMgr( 1920): isWifiStarted called but mWifi is null!?
06-19 12:54:11.379 I/WifiP2pService( 1920): Registering wifip2p
06-19 12:54:11.379 D/SystemServerTiming( 1920): StartWifiP2P took to complete: 6ms
06-19 12:54:11.379 I/SystemServer( 1920): StartConnectivityService
06-19 12:54:11.382 D/ConnectivityService( 1920): ConnectivityService starting up
06-19 12:54:11.385 D/ConnectivityService( 1920): wifiOnly=false
06-19 12:54:11.391 D/SystemServerTiming( 1920): StartConnectivityService took to complete: 12ms
06-19 12:54:11.391 I/SystemServer( 1920): StartNsdService
06-19 12:54:11.392 D/NsdService( 1920): Network service discovery is enabled
06-19 12:54:11.393 D/SystemServerTiming( 1920): StartNsdService took to complete: 2ms
06-19 12:54:11.393 I/SystemServer( 1920): StartSystemUpdateManagerService
06-19 12:54:11.393 I/SystemUpdateManagerService( 1920): No existing info file /data/system/system-update-info.xml
06-19 12:54:11.394 D/SystemServerTiming( 1920): StartSystemUpdateManagerService took to complete: 1ms
06-19 12:54:11.394 I/SystemServer( 1920): StartUpdateLockService
06-19 12:54:11.394 D/SystemServerTiming( 1920): StartUpdateLockService took to complete: 0ms
06-19 12:54:11.394 I/SystemServer( 1920): StartNotificationManager
06-19 12:54:11.394 I/SystemServiceManager( 1920): Starting com.android.server.notification.NotificationManagerService
06-19 12:54:11.403 D/ConditionProviders.SCP( 1920): new ScheduleConditionProvider()
06-19 12:54:11.406 I/ConditionProviders( 1920):  Allowing condition provider com.google.android.apps.nexuslauncher/com.android.launcher3.notification.NotificationListener
06-19 12:54:11.406 I/NotificationListeners( 1920):  Allowing notification listener com.google.android.apps.nexuslauncher/com.android.launcher3.notification.NotificationListener
06-19 12:54:11.406 V/NotificationListeners( 1920): enabling notification listener for 0: ComponentInfo{com.google.android.apps.nexuslauncher/com.android.launcher3.notification.NotificationListener}
06-19 12:54:11.407 V/NotificationListeners( 1920): binding: Intent { act=android.service.notification.NotificationListenerService cmp=com.google.android.apps.nexuslauncher/com.android.launcher3.notification.NotificationListener (has extras) }
06-19 12:54:11.407 W/ActivityManager( 1920): Unable to start service Intent { act=android.service.notification.NotificationListenerService cmp=com.google.android.apps.nexuslauncher/com.android.launcher3.notification.NotificationListener } U=0: not found
06-19 12:54:11.407 W/NotificationListeners( 1920): Unable to bind notification listener service: Intent { act=android.service.notification.NotificationListenerService cmp=com.google.android.apps.nexuslauncher/com.android.launcher3.notification.NotificationListener (has extras) } in user 0
06-19 12:54:11.407 I/ConditionProviders( 1920):  Allowing condition provider com.google.android.apps.restore/com.google.android.apps.pixelmigrate.component.NotificationConsolidatorService
06-19 12:54:11.407 I/NotificationListeners( 1920):  Allowing notification listener com.google.android.apps.restore/com.google.android.apps.pixelmigrate.component.NotificationConsolidatorService
06-19 12:54:11.407 V/NotificationListeners( 1920): enabling notification listener for 0: ComponentInfo{com.google.android.apps.restore/com.google.android.apps.pixelmigrate.component.NotificationConsolidatorService}
06-19 12:54:11.407 V/NotificationListeners( 1920): binding: Intent { act=android.service.notification.NotificationListenerService cmp=com.google.android.apps.restore/com.google.android.apps.pixelmigrate.component.NotificationConsolidatorService (has extras) }
06-19 12:54:11.407 W/ActivityManager( 1920): Unable to start service Intent { act=android.service.notification.NotificationListenerService cmp=com.google.android.apps.restore/com.google.android.apps.pixelmigrate.component.NotificationConsolidatorService } U=0: not found
06-19 12:54:11.407 W/NotificationListeners( 1920): Unable to bind notification listener service: Intent { act=android.service.notification.NotificationListenerService cmp=com.google.android.apps.restore/com.google.android.apps.pixelmigrate.component.NotificationConsolidatorService (has extras) } in user 0
06-19 12:54:11.407 V/NotificationListeners( 1920): enabling notification listener for 0: ComponentInfo{com.google.android.apps.nexuslauncher/com.android.launcher3.notification.NotificationListener}
06-19 12:54:11.407 V/NotificationListeners( 1920): binding: Intent { act=android.service.notification.NotificationListenerService cmp=com.google.android.apps.nexuslauncher/com.android.launcher3.notification.NotificationListener (has extras) }
06-19 12:54:11.407 W/ActivityManager( 1920): Unable to start service Intent { act=android.service.notification.NotificationListenerService cmp=com.google.android.apps.nexuslauncher/com.android.launcher3.notification.NotificationListener } U=0: not found
06-19 12:54:11.407 W/NotificationListeners( 1920): Unable to bind notification listener service: Intent { act=android.service.notification.NotificationListenerService cmp=com.google.android.apps.nexuslauncher/com.android.launcher3.notification.NotificationListener (has extras) } in user 0
06-19 12:54:11.407 I/ConditionProviders( 1920):  Allowing condition provider com.google.android.GoogleCamera
06-19 12:54:11.407 I/ConditionProviders( 1920):  Allowing condition provider com.google.android.gms
06-19 12:54:11.407 I/ConditionProviders( 1920):  Allowing condition provider com.google.intelligence.sense
06-19 12:54:11.407 I/ConditionProviders( 1920):  Allowing condition provider com.google.android.settings.intelligence
06-19 12:54:11.408 I/ConditionProviders( 1920):  Allowing condition provider com.google.android.apps.wellbeing
06-19 12:54:11.408 I/ConditionProviders( 1920):  Allowing condition provider com.google.android.apps.safetyhub
06-19 12:54:11.408 I/ConditionProviders( 1920):  Allowing condition provider com.google.android.ext.services/android.ext.services.notification.Assistant
06-19 12:54:11.408 I/NotificationAssistants( 1920):  Allowing notification assistant com.google.android.ext.services/android.ext.services.notification.Assistant
06-19 12:54:11.408 V/NotificationAssistants( 1920): enabling notification assistant for 0: ComponentInfo{com.google.android.ext.services/android.ext.services.notification.Assistant}
06-19 12:54:11.408 V/NotificationAssistants( 1920): binding: Intent { act=android.service.notification.NotificationAssistantService cmp=com.google.android.ext.services/android.ext.services.notification.Assistant (has extras) }
06-19 12:54:11.409 D/NotificationService( 1920): Set default NAS to be com.google.android.ext.services/android.ext.services.notification.Assistant in 0
06-19 12:54:11.418 D/SystemServerTiming( 1920): StartNotificationManager took to complete: 24ms
06-19 12:54:11.418 I/SystemServer( 1920): StartDeviceMonitor
06-19 12:54:11.418 I/SystemServiceManager( 1920): Starting com.android.server.storage.DeviceStorageMonitorService
06-19 12:54:11.419 D/SystemServerTiming( 1920): StartDeviceMonitor took to complete: 1ms
06-19 12:54:11.419 I/SystemServer( 1920): StartLocationManagerService
06-19 12:54:11.421 D/SystemServerTiming( 1920): StartLocationManagerService took to complete: 2ms
06-19 12:54:11.421 I/SystemServer( 1920): StartCountryDetectorService
06-19 12:54:11.421 D/SystemServerTiming( 1920): StartCountryDetectorService took to complete: 0ms
06-19 12:54:11.421 I/SystemServer( 1920): StartTimeDetectorService
06-19 12:54:11.421 I/SystemServiceManager( 1920): Starting com.android.server.timedetector.TimeDetectorService$Lifecycle
06-19 12:54:11.422 D/SystemServerTiming( 1920): StartTimeDetectorService took to complete: 1ms
06-19 12:54:11.422 I/SystemServer( 1920): StartSearchManagerService
06-19 12:54:11.422 I/SystemServiceManager( 1920): Starting com.android.server.search.SearchManagerService$Lifecycle
06-19 12:54:11.422 D/SystemServerTiming( 1920): StartSearchManagerService took to complete: 0ms
06-19 12:54:11.422 I/SystemServer( 1920): StartWallpaperManagerService
06-19 12:54:11.422 I/SystemServiceManager( 1920): Starting com.android.server.wallpaper.WallpaperManagerService$Lifecycle
06-19 12:54:11.423 D/SystemServerTiming( 1920): StartWallpaperManagerService took to complete: 1ms
06-19 12:54:11.423 I/SystemServer( 1920): StartAudioService
06-19 12:54:11.423 I/SystemServiceManager( 1920): Starting com.android.server.audio.AudioService$Lifecycle
06-19 12:54:11.440 D/PermissionCache( 1704): checking android.permission.MODIFY_AUDIO_ROUTING for uid=1000 => granted (363 us)
06-19 12:54:11.441 W/TelecomManager( 1920): Telecom Service not found.
06-19 12:54:11.447 D/PermissionCache( 1704): checking android.permission.MODIFY_AUDIO_SETTINGS for uid=1000 => granted (217 us)
06-19 12:54:11.447 W/AudioFlinger( 1704): no wake lock to update, system not ready yet
06-19 12:54:11.448 W/DeviceHAL( 1671): Error from HAL Device in function set_mic_mute: Function not implemented
06-19 12:54:11.448 E/AudioSystem-JNI( 1920): Command failed for android_media_AudioSystem_muteMicrophone: -38
06-19 12:54:11.463 D/AudioFlinger( 1704): isLowRamDevice:false totalMemory:2089566208 mClientSharedHeapSize:4194304
06-19 12:54:11.464 D/SystemServerTiming( 1920): StartAudioService took to complete: 41ms
06-19 12:54:11.464 I/SystemServer( 1920): StartDockObserver
06-19 12:54:11.464 I/SystemServiceManager( 1920): Starting com.android.server.DockObserver
06-19 12:54:11.464 W/DockObserver( 1920): This kernel does not have dock station support
06-19 12:54:11.465 D/SystemServerTiming( 1920): StartDockObserver took to complete: 1ms
06-19 12:54:11.465 I/SystemServer( 1920): StartWiredAccessoryManager
06-19 12:54:11.466 W/WiredAccessoryManager( 1920): This kernel does not have usb audio support
06-19 12:54:11.466 W/WiredAccessoryManager( 1920): This kernel does not have HDMI audio support
06-19 12:54:11.466 D/SystemServerTiming( 1920): StartWiredAccessoryManager took to complete: 1ms
06-19 12:54:11.466 I/SystemServer( 1920): StartMidiManager
06-19 12:54:11.466 I/SystemServiceManager( 1920): Starting com.android.server.midi.MidiService$Lifecycle
06-19 12:54:11.467 D/SystemServerTiming( 1920): StartMidiManager took to complete: 1ms
06-19 12:54:11.467 I/SystemServer( 1920): StartAdbService
06-19 12:54:11.467 I/SystemServiceManager( 1920): Starting com.android.server.adb.AdbService$Lifecycle
06-19 12:54:11.467 D/SystemServerTiming( 1920): StartAdbService took to complete: 1ms
06-19 12:54:11.467 I/SystemServer( 1920): StartUsbService
06-19 12:54:11.468 I/SystemServiceManager( 1920): Starting com.android.server.usb.UsbService$Lifecycle
06-19 12:54:11.468 E/UsbDeviceManager( 1920): failed to write to /sys/class/android_usb/android0/f_rndis/ethaddr
06-19 12:54:11.469 I/hwservicemanager( 1566): getTransport: Cannot find entry android.hardware.usb.gadget@1.0::IUsbGadget/default in either framework or device manifest.
06-19 12:54:11.470 I/UsbDeviceManager( 1920): USB GADGET HAL not present in the device
06-19 12:54:11.470 I/UsbDeviceManager( 1920): java.util.NoSuchElementException
06-19 12:54:11.470 I/UsbDeviceManager( 1920): 	at android.os.HwBinder.getService(Native Method)
06-19 12:54:11.470 I/UsbDeviceManager( 1920): 	at android.hardware.usb.gadget.V1_0.IUsbGadget.getService(IUsbGadget.java:55)
06-19 12:54:11.470 I/UsbDeviceManager( 1920): 	at android.hardware.usb.gadget.V1_0.IUsbGadget.getService(IUsbGadget.java:62)
06-19 12:54:11.470 I/UsbDeviceManager( 1920): 	at com.android.server.usb.UsbDeviceManager.<init>(UsbDeviceManager.java:262)
06-19 12:54:11.470 I/UsbDeviceManager( 1920): 	at com.android.server.usb.UsbService.<init>(UsbService.java:150)
06-19 12:54:11.470 I/UsbDeviceManager( 1920): 	at com.android.server.usb.UsbService$Lifecycle.onStart(UsbService.java:84)
06-19 12:54:11.470 I/UsbDeviceManager( 1920): 	at com.android.server.SystemServiceManager.startService(SystemServiceManager.java:129)
06-19 12:54:11.470 I/UsbDeviceManager( 1920): 	at com.android.server.SystemServiceManager.startService(SystemServiceManager.java:116)
06-19 12:54:11.470 I/UsbDeviceManager( 1920): 	at com.android.server.SystemServiceManager.startService(SystemServiceManager.java:75)
06-19 12:54:11.470 I/UsbDeviceManager( 1920): 	at com.android.server.SystemServer.startOtherServices(SystemServer.java:1532)
06-19 12:54:11.470 I/UsbDeviceManager( 1920): 	at com.android.server.SystemServer.run(SystemServer.java:512)
06-19 12:54:11.470 I/UsbDeviceManager( 1920): 	at com.android.server.SystemServer.main(SystemServer.java:349)
06-19 12:54:11.470 I/UsbDeviceManager( 1920): 	at java.lang.reflect.Method.invoke(Native Method)
06-19 12:54:11.470 I/UsbDeviceManager( 1920): 	at com.android.internal.os.RuntimeInit$MethodAndArgsCaller.run(RuntimeInit.java:492)
06-19 12:54:11.470 I/UsbDeviceManager( 1920): 	at com.android.internal.os.ZygoteInit.main(ZygoteInit.java:908)
06-19 12:54:11.470 E/UsbDeviceManagerJNI( 1920): could not open control for mtp No such file or directory
06-19 12:54:11.470 E/UsbDeviceManager( 1920): Failed to open control for mtp
06-19 12:54:11.470 E/UsbDeviceManagerJNI( 1920): could not open control for ptp No such file or directory
06-19 12:54:11.470 E/UsbDeviceManager( 1920): Failed to open control for ptp
06-19 12:54:11.474 W/StorageManagerService( 1920): No primary storage defined yet; hacking together a stub
06-19 12:54:11.474 E/UsbDeviceManagerJNI( 1920): could not open /dev/usb_accessory
06-19 12:54:11.474 I/android_os_HwBinder( 1920): HwBinder: Starting thread pool for getting: android.hidl.manager@1.0::IServiceManager/default
06-19 12:54:11.475 I/hwservicemanager( 1566): getTransport: Cannot find entry android.hardware.usb@1.0::IUsb/default in either framework or device manifest.
06-19 12:54:11.475 E/UsbPortManager( 1920): connectToProxy: usb hal service not found. Did the service fail to start?
06-19 12:54:11.475 E/UsbPortManager( 1920): java.util.NoSuchElementException
06-19 12:54:11.475 E/UsbPortManager( 1920): 	at android.os.HwBinder.getService(Native Method)
06-19 12:54:11.475 E/UsbPortManager( 1920): 	at android.os.HwBinder.getService(HwBinder.java:83)
06-19 12:54:11.475 E/UsbPortManager( 1920): 	at android.hardware.usb.V1_0.IUsb.getService(IUsb.java:70)
06-19 12:54:11.475 E/UsbPortManager( 1920): 	at android.hardware.usb.V1_0.IUsb.getService(IUsb.java:77)
06-19 12:54:11.475 E/UsbPortManager( 1920): 	at com.android.server.usb.UsbPortManager.connectToProxy(UsbPortManager.java:780)
06-19 12:54:11.475 E/UsbPortManager( 1920): 	at com.android.server.usb.UsbPortManager.<init>(UsbPortManager.java:175)
06-19 12:54:11.475 E/UsbPortManager( 1920): 	at com.android.server.usb.UsbService.<init>(UsbService.java:153)
06-19 12:54:11.475 E/UsbPortManager( 1920): 	at com.android.server.usb.UsbService$Lifecycle.onStart(UsbService.java:84)
06-19 12:54:11.475 E/UsbPortManager( 1920): 	at com.android.server.SystemServiceManager.startService(SystemServiceManager.java:129)
06-19 12:54:11.475 E/UsbPortManager( 1920): 	at com.android.server.SystemServiceManager.startService(SystemServiceManager.java:116)
06-19 12:54:11.475 E/UsbPortManager( 1920): 	at com.android.server.SystemServiceManager.startService(SystemServiceManager.java:75)
06-19 12:54:11.475 E/UsbPortManager( 1920): 	at com.android.server.SystemServer.startOtherServices(SystemServer.java:1532)
06-19 12:54:11.475 E/UsbPortManager( 1920): 	at com.android.server.SystemServer.run(SystemServer.java:512)
06-19 12:54:11.475 E/UsbPortManager( 1920): 	at com.android.server.SystemServer.main(SystemServer.java:349)
06-19 12:54:11.475 E/UsbPortManager( 1920): 	at java.lang.reflect.Method.invoke(Native Method)
06-19 12:54:11.475 E/UsbPortManager( 1920): 	at com.android.internal.os.RuntimeInit$MethodAndArgsCaller.run(RuntimeInit.java:492)
06-19 12:54:11.475 E/UsbPortManager( 1920): 	at com.android.internal.os.ZygoteInit.main(ZygoteInit.java:908)
06-19 12:54:11.476 D/SystemServerTiming( 1920): StartUsbService took to complete: 8ms
06-19 12:54:11.476 I/SystemServer( 1920): StartSerialService
06-19 12:54:11.476 D/SystemServerTiming( 1920): StartSerialService took to complete: 0ms
06-19 12:54:11.476 I/SystemServer( 1920): StartHardwarePropertiesManagerService
06-19 12:54:11.476 I/hwservicemanager( 1566): getTransport: Cannot find entry android.hardware.thermal@1.0::IThermal/default in either framework or device manifest.
06-19 12:54:11.476 E/HardwarePropertiesManagerService-JNI( 1920): Unable to get Thermal service.
06-19 12:54:11.477 D/SystemServerTiming( 1920): StartHardwarePropertiesManagerService took to complete: 1ms
06-19 12:54:11.477 I/SystemServer( 1920): StartTwilightService
06-19 12:54:11.477 I/SystemServiceManager( 1920): Starting com.android.server.twilight.TwilightService
06-19 12:54:11.477 D/SystemServerTiming( 1920): StartTwilightService took to complete: 0ms
06-19 12:54:11.477 I/SystemServer( 1920): StartColorDisplay
06-19 12:54:11.477 I/SystemServiceManager( 1920): Starting com.android.server.display.color.ColorDisplayService
06-19 12:54:11.477 D/SystemServerTiming( 1920): StartColorDisplay took to complete: 0ms
06-19 12:54:11.477 I/SystemServer( 1920): StartJobScheduler
06-19 12:54:11.477 I/SystemServiceManager( 1920): Starting com.android.server.job.JobSchedulerService
06-19 12:54:11.479 I/JobStore( 1920): Read 0 jobs
06-19 12:54:11.482 D/SystemServerTiming( 1920): StartJobScheduler took to complete: 4ms
06-19 12:54:11.482 I/SystemServer( 1920): StartSoundTrigger
06-19 12:54:11.482 I/SystemServiceManager( 1920): Starting com.android.server.soundtrigger.SoundTriggerService
06-19 12:54:11.483 D/SystemServerTiming( 1920): StartSoundTrigger took to complete: 1ms
06-19 12:54:11.483 I/SystemServer( 1920): StartTrustManager
06-19 12:54:11.483 I/SystemServiceManager( 1920): Starting com.android.server.trust.TrustManagerService
06-19 12:54:11.483 D/SystemServerTiming( 1920): StartTrustManager took to complete: 0ms
06-19 12:54:11.483 I/SystemServer( 1920): StartBackupManager
06-19 12:54:11.483 I/SystemServiceManager( 1920): Starting com.android.server.backup.BackupManagerService$Lifecycle
06-19 12:54:11.485 D/SystemServerTiming( 1920): StartBackupManager took to complete: 2ms
06-19 12:54:11.485 I/SystemServer( 1920): StartAppWidgetService
06-19 12:54:11.485 I/SystemServiceManager( 1920): Starting com.android.server.appwidget.AppWidgetService
06-19 12:54:11.486 D/SystemServerTiming( 1920): StartAppWidgetService took to complete: 1ms
06-19 12:54:11.486 I/SystemServer( 1920): StartRoleManagerService
06-19 12:54:11.488 D/SystemServerTiming( 1920): StartRoleManagerService took to complete: 1ms
06-19 12:54:11.488 I/SystemServer( 1920): StartVoiceRecognitionManager
06-19 12:54:11.488 I/SystemServiceManager( 1920): Starting com.android.server.voiceinteraction.VoiceInteractionManagerService
06-19 12:54:11.488 I/RoleUserState( 1920): roles.xml not found
06-19 12:54:11.489 W/VoiceInteractionManagerService( 1920): Unable to resolve default voice recognition service.
06-19 12:54:11.489 D/SystemServerTiming( 1920): StartVoiceRecognitionManager took to complete: 1ms
06-19 12:54:11.489 I/SystemServer( 1920): StartGestureLauncher
06-19 12:54:11.489 I/SystemServiceManager( 1920): Starting com.android.server.GestureLauncherService
06-19 12:54:11.489 D/SystemServerTiming( 1920): StartGestureLauncher took to complete: 0ms
06-19 12:54:11.489 I/SystemServer( 1920): StartSensorNotification
06-19 12:54:11.489 I/SystemServiceManager( 1920): Starting com.android.server.SensorNotificationService
06-19 12:54:11.489 D/SystemServerTiming( 1920): StartSensorNotification took to complete: 0ms
06-19 12:54:11.489 I/SystemServer( 1920): StartContextHubSystemService
06-19 12:54:11.489 I/SystemServiceManager( 1920): Starting com.android.server.ContextHubSystemService
06-19 12:54:11.489 D/SystemServerTiming( 1920): StartContextHubSystemService took to complete: 1ms
06-19 12:54:11.490 I/SystemServer( 1920): StartDiskStatsService
06-19 12:54:11.490 D/SystemServerInitThreadPool( 1920): Started executing Init ContextHubSystemService
06-19 12:54:11.490 I/hwservicemanager( 1566): getTransport: Cannot find entry android.hardware.contexthub@1.0::IContexthub/default in either framework or device manifest.
06-19 12:54:11.490 I/ContextHubService( 1920): Context Hub HAL service not found
06-19 12:54:11.490 D/SystemServerInitThreadPool( 1920): Finished executing Init ContextHubSystemService
06-19 12:54:11.492 D/SystemServerTiming( 1920): StartDiskStatsService took to complete: 3ms
06-19 12:54:11.492 I/SystemServer( 1920): RuntimeService
06-19 12:54:11.493 D/SystemServerTiming( 1920): RuntimeService took to complete: 0ms
06-19 12:54:11.493 I/SystemServer( 1920): StartNetworkTimeUpdateService
06-19 12:54:11.493 D/SystemServer( 1920): Using networkTimeUpdater class=class com.android.server.NewNetworkTimeUpdateService
06-19 12:54:11.493 D/SystemServerTiming( 1920): StartNetworkTimeUpdateService took to complete: 0ms
06-19 12:54:11.493 I/SystemServer( 1920): CertBlacklister
06-19 12:54:11.493 D/SystemServerTiming( 1920): CertBlacklister took to complete: 1ms
06-19 12:54:11.493 I/SystemServer( 1920): StartEmergencyAffordanceService
06-19 12:54:11.494 I/SystemServiceManager( 1920): Starting com.android.server.emergency.EmergencyAffordanceService
06-19 12:54:11.494 D/SystemServerTiming( 1920): StartEmergencyAffordanceService took to complete: 0ms
06-19 12:54:11.494 I/SystemServer( 1920): StartDreamManager
06-19 12:54:11.494 I/SystemServiceManager( 1920): Starting com.android.server.dreams.DreamManagerService
06-19 12:54:11.494 D/SystemServerTiming( 1920): StartDreamManager took to complete: 0ms
06-19 12:54:11.494 I/SystemServer( 1920): AddGraphicsStatsService
06-19 12:54:11.496 D/SystemServerTiming( 1920): AddGraphicsStatsService took to complete: 2ms
06-19 12:54:11.496 I/SystemServer( 1920): StartPrintManager
06-19 12:54:11.496 I/SystemServiceManager( 1920): Starting com.android.server.print.PrintManagerService
06-19 12:54:11.497 D/SystemServerTiming( 1920): StartPrintManager took to complete: 1ms
06-19 12:54:11.497 I/SystemServer( 1920): StartRestrictionManager
06-19 12:54:11.497 I/SystemServiceManager( 1920): Starting com.android.server.restrictions.RestrictionsManagerService
06-19 12:54:11.497 D/SystemServerTiming( 1920): StartRestrictionManager took to complete: 1ms
06-19 12:54:11.497 I/SystemServer( 1920): StartMediaSessionService
06-19 12:54:11.497 I/SystemServiceManager( 1920): Starting com.android.server.media.MediaSessionService
06-19 12:54:11.505 D/SystemServerTiming( 1920): StartMediaSessionService took to complete: 7ms
06-19 12:54:11.505 I/SystemServer( 1920): StartMediaResourceMonitor
06-19 12:54:11.505 I/SystemServiceManager( 1920): Starting com.android.server.media.MediaResourceMonitorService
06-19 12:54:11.505 D/SystemServerTiming( 1920): StartMediaResourceMonitor took to complete: 0ms
06-19 12:54:11.505 I/SystemServer( 1920): StartMediaRouterService
06-19 12:54:11.506 D/SystemServerTiming( 1920): StartMediaRouterService took to complete: 1ms
06-19 12:54:11.506 I/SystemServer( 1920): StartFingerprintSensor
06-19 12:54:11.506 I/SystemServiceManager( 1920): Starting com.android.server.biometrics.fingerprint.FingerprintService
06-19 12:54:11.508 D/SystemServerTiming( 1920): StartFingerprintSensor took to complete: 2ms
06-19 12:54:11.508 I/SystemServer( 1920): StartBiometricService
06-19 12:54:11.508 I/SystemServiceManager( 1920): Starting com.android.server.biometrics.BiometricService
06-19 12:54:11.508 D/SystemServerInitThreadPool( 1920): Started executing FingerprintService.onStart
06-19 12:54:11.508 V/FingerprintService( 1920): mDaemon was null, reconnect to fingerprint
06-19 12:54:11.509 I/android_os_HwBinder( 1920): HwBinder: Starting thread pool for getting: android.hardware.biometrics.fingerprint@2.1::IBiometricsFingerprint/default
06-19 12:54:11.509 V/FingerprintService( 1920): Fingerprint HAL id: 130959989137408
06-19 12:54:11.509 D/FingerprintHal( 1762): ----------------> fingerprint_set_active_group -----------------> path /data/vendor_de/0/fpdata
06-19 12:54:11.509 D/FingerprintHal( 1762): ----------------> loadFingerprints ----------------->
06-19 12:54:11.509 E/FingerprintHal( 1762): Could not load fingerprints from storage at /data/vendor_de/0/fpdata/emufp.bin; it has not yet been created.
06-19 12:54:11.509 D/FingerprintHal( 1762): ----------------> loadAuthenticatorId ----------------->
06-19 12:54:11.509 E/FingerprintHal( 1762): Could not load authenticator id from storage at /data/vendor_de/0/fpdata/emuauthid.bin; it has not yet been created.
06-19 12:54:11.509 D/FingerprintHal( 1762): ----------------> get_64bit_rand ----------------->
06-19 12:54:11.509 D/FingerprintHal( 1762): ----------------> saveAuthenticatorId ----------------->
06-19 12:54:11.509 D/FingerprintHal( 1762): Save authenticator id (0x6b8b4567327b23c6)
06-19 12:54:11.510 D/SystemServerTiming( 1920): StartBiometricService took to complete: 2ms
06-19 12:54:11.510 I/SystemServer( 1920): StartBackgroundDexOptService
06-19 12:54:11.510 V/FingerprintService( 1920): Enumerating user(0)
06-19 12:54:11.510 W/BackgroundDexOptService( 1920): SysProp pm.dexopt.downgrade_after_inactive_days not set
06-19 12:54:11.510 D/SystemServerInitThreadPool( 1920): Finished executing FingerprintService.onStart
06-19 12:54:11.510 D/SystemServerTiming( 1920): StartBackgroundDexOptService took to complete: 0ms
06-19 12:54:11.510 I/SystemServer( 1920): StartDynamicCodeLoggingService
06-19 12:54:11.511 D/SystemServerTiming( 1920): StartDynamicCodeLoggingService took to complete: 1ms
06-19 12:54:11.511 I/SystemServer( 1920): StartPruneInstantAppsJobService
06-19 12:54:11.511 D/SystemServerTiming( 1920): StartPruneInstantAppsJobService took to complete: 0ms
06-19 12:54:11.511 I/SystemServer( 1920): StartShortcutServiceLifecycle
06-19 12:54:11.511 I/SystemServiceManager( 1920): Starting com.android.server.pm.ShortcutService$Lifecycle
06-19 12:54:11.512 D/SystemServerTiming( 1920): StartShortcutServiceLifecycle took to complete: 1ms
06-19 12:54:11.512 I/SystemServer( 1920): StartLauncherAppsService
06-19 12:54:11.512 I/SystemServiceManager( 1920): Starting com.android.server.pm.LauncherAppsService
06-19 12:54:11.512 D/SystemServerTiming( 1920): StartLauncherAppsService took to complete: 1ms
06-19 12:54:11.512 I/SystemServer( 1920): StartCrossProfileAppsService
06-19 12:54:11.512 I/SystemServiceManager( 1920): Starting com.android.server.pm.CrossProfileAppsService
06-19 12:54:11.513 D/SystemServerTiming( 1920): StartCrossProfileAppsService took to complete: 0ms
06-19 12:54:11.513 I/SystemServer( 1920): StartMediaProjectionManager
06-19 12:54:11.513 I/SystemServiceManager( 1920): Starting com.android.server.media.projection.MediaProjectionManagerService
06-19 12:54:11.514 V/MediaRouter( 1920): Selecting route: RouteInfo{ name=Phone, description=null, status=null, category=RouteCategory{ name=System types=ROUTE_TYPE_LIVE_AUDIO ROUTE_TYPE_LIVE_VIDEO  groupable=false }, supportedTypes=ROUTE_TYPE_LIVE_AUDIO ROUTE_TYPE_LIVE_VIDEO , presentationDisplay=null }
06-19 12:54:11.516 D/SystemServerTiming( 1920): StartMediaProjectionManager took to complete: 3ms
06-19 12:54:11.516 I/SystemServer( 1920): StartSliceManagerService
06-19 12:54:11.516 I/SystemServiceManager( 1920): Starting com.android.server.slice.SliceManagerService$Lifecycle
06-19 12:54:11.518 D/SystemServerTiming( 1920): StartSliceManagerService took to complete: 2ms
06-19 12:54:11.518 I/SystemServer( 1920): StartCameraServiceProxy
06-19 12:54:11.518 I/SystemServiceManager( 1920): Starting com.android.server.camera.CameraServiceProxy
06-19 12:54:11.524 D/SystemServerTiming( 1920): StartCameraServiceProxy took to complete: 6ms
06-19 12:54:11.524 I/SystemServer( 1920): StartStatsCompanionService
06-19 12:54:11.524 I/SystemServiceManager( 1920): Starting com.android.server.stats.StatsCompanionService$Lifecycle
06-19 12:54:11.525 I/StatsCompanionService( 1920): register thermal listener successfully
06-19 12:54:11.528 E/KernelCpuThreadReader( 1920): Failed to initialize KernelCpuThreadReader
06-19 12:54:11.528 E/KernelCpuThreadReader( 1920): java.nio.file.NoSuchFileException: /proc/self/time_in_state
06-19 12:54:11.528 E/KernelCpuThreadReader( 1920): 	at sun.nio.fs.UnixFileSystemProvider.newByteChannel(UnixFileSystemProvider.java:214)
06-19 12:54:11.528 E/KernelCpuThreadReader( 1920): 	at java.nio.file.Files.newByteChannel(Files.java:361)
06-19 12:54:11.528 E/KernelCpuThreadReader( 1920): 	at java.nio.file.Files.newByteChannel(Files.java:407)
06-19 12:54:11.528 E/KernelCpuThreadReader( 1920): 	at java.nio.file.Files.readAllBytes(Files.java:3152)
06-19 12:54:11.528 E/KernelCpuThreadReader( 1920): 	at com.android.internal.os.ProcTimeInStateReader.initializeTimeInStateFormat(ProcTimeInStateReader.java:163)
06-19 12:54:11.528 E/KernelCpuThreadReader( 1920): 	at com.android.internal.os.ProcTimeInStateReader.<init>(ProcTimeInStateReader.java:110)
06-19 12:54:11.528 E/KernelCpuThreadReader( 1920): 	at com.android.internal.os.KernelCpuThreadReader.<init>(KernelCpuThreadReader.java:137)
06-19 12:54:11.528 E/KernelCpuThreadReader( 1920): 	at com.android.internal.os.KernelCpuThreadReader.create(KernelCpuThreadReader.java:150)
06-19 12:54:11.528 E/KernelCpuThreadReader( 1920): 	at com.android.internal.os.KernelCpuThreadReaderSettingsObserver.<init>(KernelCpuThreadReaderSettingsObserver.java:94)
06-19 12:54:11.528 E/KernelCpuThreadReader( 1920): 	at com.android.internal.os.KernelCpuThreadReaderSettingsObserver.getSettingsModifiedReader(KernelCpuThreadReaderSettingsObserver.java:79)
06-19 12:54:11.528 E/KernelCpuThreadReader( 1920): 	at com.android.server.stats.StatsCompanionService.<init>(StatsCompanionService.java:377)
06-19 12:54:11.528 E/KernelCpuThreadReader( 1920): 	at com.android.server.stats.StatsCompanionService$Lifecycle.onStart(StatsCompanionService.java:2539)
06-19 12:54:11.528 E/KernelCpuThreadReader( 1920): 	at com.android.server.SystemServiceManager.startService(SystemServiceManager.java:129)
06-19 12:54:11.528 E/KernelCpuThreadReader( 1920): 	at com.android.server.SystemServiceManager.startService(SystemServiceManager.java:116)
06-19 12:54:11.528 E/KernelCpuThreadReader( 1920): 	at com.android.server.SystemServer.startOtherServices(SystemServer.java:1879)
06-19 12:54:11.528 E/KernelCpuThreadReader( 1920): 	at com.android.server.SystemServer.run(SystemServer.java:512)
06-19 12:54:11.528 E/KernelCpuThreadReader( 1920): 	at com.android.server.SystemServer.main(SystemServer.java:349)
06-19 12:54:11.528 E/KernelCpuThreadReader( 1920): 	at java.lang.reflect.Method.invoke(Native Method)
06-19 12:54:11.528 E/KernelCpuThreadReader( 1920): 	at com.android.internal.os.RuntimeInit$MethodAndArgsCaller.run(RuntimeInit.java:492)
06-19 12:54:11.528 E/KernelCpuThreadReader( 1920): 	at com.android.internal.os.ZygoteInit.main(ZygoteInit.java:908)
06-19 12:54:11.528 D/SystemServerTiming( 1920): StartStatsCompanionService took to complete: 4ms
06-19 12:54:11.528 I/SystemServer( 1920): StartIncidentCompanionService
06-19 12:54:11.528 I/SystemServiceManager( 1920): Starting com.android.server.incident.IncidentCompanionService
06-19 12:54:11.529 D/SystemServerTiming( 1920): StartIncidentCompanionService took to complete: 1ms
06-19 12:54:11.529 I/SystemServer( 1920): StartMmsService
06-19 12:54:11.529 I/SystemServiceManager( 1920): Starting com.android.server.MmsServiceBroker
06-19 12:54:11.529 D/SystemServerTiming( 1920): StartMmsService took to complete: 0ms
