06-19 12:54:12.163 D/MediaCodecList( 1748): Allowing all OMX codecs
06-19 12:54:12.163 D/StagefrightPluginLoader( 1748): Handle or CreateBuilder symbol is null
06-19 12:54:12.168 I/OMXClient( 1748): IOmx service obtained
06-19 12:54:12.168 I/OMXMaster( 1754): makeComponentInstance(OMX.google.aac.decoder) in android.hardwar process
06-19 12:54:12.173 I/.gms.persisten( 2058): The ClassLoaderContext is a special shared library.
06-19 12:54:12.173 D/Zygote  ( 1663): Forked child process 2097
06-19 12:54:12.173 I/ActivityManager( 1920): Start proc 2097:com.google.android.permissioncontroller/u0a74 for service {com.google.android.permissioncontroller/com.android.packageinstaller.permission.service.PermissionControllerServiceImpl}
06-19 12:54:12.177 I/.gms.persisten( 2058): The ClassLoaderContext is a special shared library.
06-19 12:54:12.178 I/chatty  ( 2058): uid=10119 com.google.android.gms.persistent identical 1 line
06-19 12:54:12.179 I/.gms.persisten( 2058): The ClassLoaderContext is a special shared library.
06-19 12:54:12.183 I/OMXClient( 1748): IOmx service obtained
06-19 12:54:12.183 I/OMXMaster( 1754): makeComponentInstance(OMX.google.amrnb.decoder) in android.hardwar process
06-19 12:54:12.189 I/ndroid.systemu( 2074): The ClassLoaderContext is a special shared library.
06-19 12:54:12.190 I/OMXClient( 1748): IOmx service obtained
06-19 12:54:12.190 I/OMXMaster( 1754): makeComponentInstance(OMX.google.amrwb.decoder) in android.hardwar process
06-19 12:54:12.190 W/ssioncontrolle( 2097): Unexpected CPU variant for X86 using defaults: x86_64
06-19 12:54:12.205 I/OMXClient( 1748): IOmx service obtained
06-19 12:54:12.205 I/OMXMaster( 1754): makeComponentInstance(OMX.google.flac.decoder) in android.hardwar process
06-19 12:54:12.206 W/ContextImpl( 2058): Failed to ensure /data/user/0/com.google.android.gms/cache: mkdir failed: ENOENT (No such file or directory)
06-19 12:54:12.206 W/ContextImpl( 2058): Failed to update user.inode_cache: stat failed: ENOENT (No such file or directory)
06-19 12:54:12.214 I/OMXClient( 1748): IOmx service obtained
06-19 12:54:12.214 I/OMXMaster( 1754): makeComponentInstance(OMX.google.g711.alaw.decoder) in android.hardwar process
06-19 12:54:12.216 I/OMXClient( 1748): IOmx service obtained
06-19 12:54:12.216 I/OMXMaster( 1754): makeComponentInstance(OMX.google.g711.mlaw.decoder) in android.hardwar process
06-19 12:54:12.229 I/ssioncontrolle( 2097): The ClassLoaderContext is a special shared library.
06-19 12:54:12.230 I/OMXClient( 1748): IOmx service obtained
06-19 12:54:12.230 I/OMXMaster( 1754): makeComponentInstance(OMX.google.gsm.decoder) in android.hardwar process
06-19 12:54:12.231 W/StorageManagerService( 1920): No primary storage defined yet; hacking together a stub
06-19 12:54:12.243 I/OMXClient( 1748): IOmx service obtained
06-19 12:54:12.243 I/OMXMaster( 1754): makeComponentInstance(OMX.google.mp3.decoder) in android.hardwar process
06-19 12:54:12.246 I/wpa_supplicant( 2091): Processing hidl events on FD 3
06-19 12:54:12.246 I/ServiceManagement( 2091): Registered android.hardware.wifi.supplicant@1.2::ISupplicant/default (start delay of 87ms)
06-19 12:54:12.246 I/wpa_supplicant( 2091): Successfully initialized wpa_supplicant
06-19 12:54:12.247 I/OMXClient( 1748): IOmx service obtained
06-19 12:54:12.247 I/OMXMaster( 1754): makeComponentInstance(OMX.google.opus.decoder) in android.hardwar process
06-19 12:54:12.248 I/wpa_supplicant( 2091): rfkill: Cannot open RFKILL control device
06-19 12:54:12.254 I/OMXClient( 1748): IOmx service obtained
06-19 12:54:12.254 I/OMXMaster( 1754): makeComponentInstance(OMX.google.raw.decoder) in android.hardwar process
06-19 12:54:12.266 W/AlarmManager( 2074): Unrecognized alarm listener com.android.systemui.keyguard.-$$Lambda$KeyguardSliceProvider$IhzByd8TsqFuOrSyuGurVskyPLo@63f30e0
06-19 12:54:12.266 I/OMXClient( 1748): IOmx service obtained
06-19 12:54:12.266 I/OMXMaster( 1754): makeComponentInstance(OMX.google.vorbis.decoder) in android.hardwar process
06-19 12:54:12.280 D/PackageManager( 1920): Instant App installer not found with android.intent.action.INSTALL_INSTANT_APP_PACKAGE
06-19 12:54:12.280 D/PackageManager( 1920): Clear ephemeral installer activity
06-19 12:54:12.285 I/OMXClient( 1748): IOmx service obtained
06-19 12:54:12.285 I/OMXMaster( 1754): makeComponentInstance(OMX.google.aac.encoder) in android.hardwar process
06-19 12:54:12.302 I/OMXClient( 1748): IOmx service obtained
06-19 12:54:12.302 I/OMXMaster( 1754): makeComponentInstance(OMX.google.amrnb.encoder) in android.hardwar process
06-19 12:54:12.304 D/ProtoStore( 2074): no cached data
06-19 12:54:12.306 I/SystemConfig( 2097): Adding association: com.google.android.as <- com.android.providers.contacts
06-19 12:54:12.306 I/SystemConfig( 2097): Adding association: com.google.android.as <- com.android.providers.media
06-19 12:54:12.306 I/SystemConfig( 2097): Adding association: com.google.android.as <- com.android.providers.telephony
06-19 12:54:12.306 I/SystemConfig( 2097): Adding association: com.google.android.as <- com.android.systemui
06-19 12:54:12.306 I/SystemConfig( 2097): Adding association: com.google.android.as <- com.google.android.gms
06-19 12:54:12.306 I/SystemConfig( 2097): Adding association: com.google.android.as <- com.google.android.gsf
06-19 12:54:12.306 E/ActivityThread( 2058): Failed to find provider info for com.google.android.gsf.gservices
06-19 12:54:12.309 W/SystemConfig( 2097): No directory /product_services/etc/sysconfig, skipping
06-19 12:54:12.309 W/SystemConfig( 2097): No directory /product_services/etc/permissions, skipping
06-19 12:54:12.313 E/ActivityThread( 2058): Failed to find provider info for com.google.android.gsf.gservices
06-19 12:54:12.304 D/ProtoStore( 2074): no cached data
06-19 12:54:12.323 I/OMXClient( 1748): IOmx service obtained
06-19 12:54:12.323 I/OMXMaster( 1754): makeComponentInstance(OMX.google.amrwb.encoder) in android.hardwar process
06-19 12:54:12.326 W/DirectBootExitBR( 2058): User is in direct boot mode.
06-19 12:54:12.327 I/OMXClient( 1748): IOmx service obtained
06-19 12:54:12.327 I/OMXMaster( 1754): makeComponentInstance(OMX.google.flac.encoder) in android.hardwar process
06-19 12:54:12.334 I/wpa_supplicant( 2091): rfkill: Cannot get wiphy information
06-19 12:54:12.335 I/android_os_HwBinder( 1920): HwBinder: Starting thread pool for getting: android.hardware.wifi.supplicant@1.0::ISupplicant/default
06-19 12:54:12.335 I/SupplicantStaIfaceHal( 1920): Completed initialization of ISupplicant.
06-19 12:54:12.339 I/OMXClient( 1748): IOmx service obtained
06-19 12:54:12.339 I/OMXMaster( 1754): makeComponentInstance(OMX.android.goldfish.h264.decoder) in android.hardwar process
06-19 12:54:12.339 I/GoldfishOMXPlugin( 1754): makeComponentInstance 'OMX.android.goldfish.h264.decoder'
06-19 12:54:12.339 I/GoldfishOMXPlugin( 1754): Using goldfish codec for 'avcdec'
06-19 12:54:12.339 I/chatty  ( 2058): uid=10119 com.google.android.gms.persistent identical 7 lines
06-19 12:54:12.340 E/ActivityThread( 2058): Failed to find provider info for com.google.android.gsf.gservices
06-19 12:54:12.344 I/android.hardware.wifi@1.0-service( 1700): Adding interface handle for wlan0
06-19 12:54:12.344 W/android.hardware.wifi@1.0-service( 1700): No active wlan interfaces in use! Using default
06-19 12:54:12.344 E/android.hardware.wifi@1.0-service( 1700): Failed to register radio mode change callback
06-19 12:54:12.344 W/android.hardware.wifi@1.0-service( 1700): No active wlan interfaces in use! Using default
06-19 12:54:12.357 I/goldfish_avcdec( 1754): created GoldfishAVCDec 98 object 0xf4d7f600
06-19 12:54:12.359 E/OMXNodeInstance( 1754): getExtensionIndex(0xf4d18f60:android.goldfish.h264.decoder, OMX.google.android.index.configureVideoTunnelMode) ERROR: UnsupportedIndex(0x8000101a)
06-19 12:54:12.359 D/MediaCodecInfo( 1748): detail feature-tunneled-playback wasn't present to remove
06-19 12:54:12.359 W/OMXNodeInstance( 1754): [0xf4d18f60:android.goldfish.h264.decoder] component does not support metadata mode; using fallback
06-19 12:54:12.367 I/OMXClient( 1748): IOmx service obtained
06-19 12:54:12.368 I/OMXMaster( 1754): makeComponentInstance(OMX.google.h264.decoder) in android.hardwar process
06-19 12:54:12.369 E/OMXNodeInstance( 1754): getExtensionIndex(0xf4d18f60:google.h264.decoder, OMX.google.android.index.configureVideoTunnelMode) ERROR: UnsupportedIndex(0x8000101a)
06-19 12:54:12.369 D/MediaCodecInfo( 1748): detail feature-tunneled-playback wasn't present to remove
06-19 12:54:12.370 E/OMXNodeInstance( 1754): getExtensionIndex(0xf4d18f60:google.h264.decoder, OMX.google.android.index.enableAndroidNativeBuffers) ERROR: UnsupportedIndex(0x8000101a)
06-19 12:54:12.370 W/libc    ( 1700): Unable to set property "vendor.wlan.firmware.version" to "1.0": error code: 0x18
06-19 12:54:12.380 I/GmsApplication( 2058): Staging modules and/or updating config
06-19 12:54:12.381 E/ActivityThread( 2058): Failed to find provider info for com.google.android.gsf.gservices
06-19 12:54:12.382 I/OMXClient( 1748): IOmx service obtained
06-19 12:54:12.382 I/OMXMaster( 1754): makeComponentInstance(OMX.google.h263.decoder) in android.hardwar process
06-19 12:54:12.382 E/ChimeraCfgMgr( 2058): Failed to read module config: java.io.FileNotFoundException: /data/user_de/0/com.google.android.gms/app_chimera/current_config.fb: open failed: ENOENT (No such file or directory)
06-19 12:54:12.383 E/OMXNodeInstance( 1754): getExtensionIndex(0xf4d18f60:google.h263.decoder, OMX.google.android.index.configureVideoTunnelMode) ERROR: UnsupportedIndex(0x8000101a)
06-19 12:54:12.384 D/MediaCodecInfo( 1748): detail feature-tunneled-playback wasn't present to remove
06-19 12:54:12.384 E/OMXNodeInstance( 1754): getExtensionIndex(0xf4d18f60:google.h263.decoder, OMX.google.android.index.enableAndroidNativeBuffers) ERROR: UnsupportedIndex(0x8000101a)
06-19 12:54:12.385 I/GmsApplication( 2058): Staging modules
06-19 12:54:12.385 I/FileApkMgr( 2058): Extracting modules...
06-19 12:54:12.387 E/ConfigFileUtils( 2058): Failed to read config file: /data/user_de/0/com.google.android.gms/app_chimera/current_fileapks.pb: open failed: ENOENT (No such file or directory)
06-19 12:54:12.391 I/OMXClient( 1748): IOmx service obtained
06-19 12:54:12.391 I/OMXMaster( 1754): makeComponentInstance(OMX.google.hevc.decoder) in android.hardwar process
06-19 12:54:12.395 E/OMXNodeInstance( 1754): getExtensionIndex(0xf4d18f60:google.hevc.decoder, OMX.google.android.index.configureVideoTunnelMode) ERROR: UnsupportedIndex(0x8000101a)
06-19 12:54:12.395 D/MediaCodecInfo( 1748): detail feature-tunneled-playback wasn't present to remove
06-19 12:54:12.395 E/OMXNodeInstance( 1754): getExtensionIndex(0xf4d18f60:google.hevc.decoder, OMX.google.android.index.enableAndroidNativeBuffers) ERROR: UnsupportedIndex(0x8000101a)
06-19 12:54:12.407 I/OMXClient( 1748): IOmx service obtained
06-19 12:54:12.407 I/OMXMaster( 1754): makeComponentInstance(OMX.google.mpeg4.decoder) in android.hardwar process
06-19 12:54:12.407 E/OMXNodeInstance( 1754): getExtensionIndex(0xf4d18f60:google.mpeg4.decoder, OMX.google.android.index.configureVideoTunnelMode) ERROR: UnsupportedIndex(0x8000101a)
06-19 12:54:12.407 D/MediaCodecInfo( 1748): detail feature-tunneled-playback wasn't present to remove
06-19 12:54:12.407 E/OMXNodeInstance( 1754): getExtensionIndex(0xf4d18f60:google.mpeg4.decoder, OMX.google.android.index.enableAndroidNativeBuffers) ERROR: UnsupportedIndex(0x8000101a)
06-19 12:54:12.408 I/OMXClient( 1748): IOmx service obtained
06-19 12:54:12.408 I/OMXMaster( 1754): makeComponentInstance(OMX.android.goldfish.vp8.decoder) in android.hardwar process
06-19 12:54:12.408 I/GoldfishOMXPlugin( 1754): makeComponentInstance 'OMX.android.goldfish.vp8.decoder'
06-19 12:54:12.408 I/GoldfishOMXPlugin( 1754): Using goldfish codec for 'vpxdec'
06-19 12:54:12.409 I/goldfish_vpxdec( 1754): calling constructor of GoldfishVPX
06-19 12:54:12.409 E/OMXNodeInstance( 1754): getExtensionIndex(0xf4d18f60:android.goldfish.vp8.decoder, OMX.google.android.index.configureVideoTunnelMode) ERROR: UnsupportedIndex(0x8000101a)
06-19 12:54:12.409 D/MediaCodecInfo( 1748): detail feature-tunneled-playback wasn't present to remove
06-19 12:54:12.409 W/OMXNodeInstance( 1754): [0xf4d18f60:android.goldfish.vp8.decoder] component does not support metadata mode; using fallback
06-19 12:54:12.409 I/goldfish_vpxdec( 1754): calling destructor of GoldfishVPX
06-19 12:54:12.409 I/OMXClient( 1748): IOmx service obtained
06-19 12:54:12.409 I/OMXMaster( 1754): makeComponentInstance(OMX.google.vp8.decoder) in android.hardwar process
06-19 12:54:12.412 E/OMXNodeInstance( 1754): getExtensionIndex(0xf4d18f60:google.vp8.decoder, OMX.google.android.index.configureVideoTunnelMode) ERROR: UnsupportedIndex(0x8000101a)
06-19 12:54:12.412 D/MediaCodecInfo( 1748): detail feature-tunneled-playback wasn't present to remove
06-19 12:54:12.412 E/OMXNodeInstance( 1754): getExtensionIndex(0xf4d18f60:google.vp8.decoder, OMX.google.android.index.enableAndroidNativeBuffers) ERROR: UnsupportedIndex(0x8000101a)
06-19 12:54:12.412 I/OMXClient( 1748): IOmx service obtained
06-19 12:54:12.413 I/OMXMaster( 1754): makeComponentInstance(OMX.android.goldfish.vp9.decoder) in android.hardwar process
06-19 12:54:12.413 I/GoldfishOMXPlugin( 1754): makeComponentInstance 'OMX.android.goldfish.vp9.decoder'
06-19 12:54:12.413 I/GoldfishOMXPlugin( 1754): Using goldfish codec for 'vpxdec'
06-19 12:54:12.413 I/goldfish_vpxdec( 1754): calling constructor of GoldfishVPX
06-19 12:54:12.413 E/OMXNodeInstance( 1754): getExtensionIndex(0xf4d19320:android.goldfish.vp9.decoder, OMX.google.android.index.configureVideoTunnelMode) ERROR: UnsupportedIndex(0x8000101a)
06-19 12:54:12.413 D/MediaCodecInfo( 1748): detail feature-tunneled-playback wasn't present to remove
06-19 12:54:12.413 W/OMXNodeInstance( 1754): [0xf4d19320:android.goldfish.vp9.decoder] component does not support metadata mode; using fallback
06-19 12:54:12.413 I/goldfish_vpxdec( 1754): calling destructor of GoldfishVPX
06-19 12:54:12.418 W/libc    ( 1700): Unable to set property "vendor.wlan.driver.version" to "1.0": error code: 0x18
06-19 12:54:12.401 I/chatty  ( 2058): uid=10119 com.google.android.gms.persistent identical 1 line
06-19 12:54:12.402 E/ActivityThread( 2058): Failed to find provider info for com.google.android.gsf.gservices
06-19 12:54:12.418 I/android.hardware.wifi@1.0-service( 1700): Configured chip in mode 0
06-19 12:54:12.418 W/android.hardware.wifi@1.0-service( 1700): No active wlan interfaces in use! Using default
06-19 12:54:12.420 D/HalDevMgr( 1920): updateRttController: no one is interested in RTT controllers
06-19 12:54:12.420 E/android.hardware.wifi@1.0-service( 1700): Failed to set DFS flag; DFS channels may be unavailable.
06-19 12:54:12.422 W/PackageManager( 1920): Cannot whitelist unknown permission: com.sec.android.provider.badge.permission.READ
06-19 12:54:12.422 W/PackageManager( 1920): Cannot whitelist unknown permission: com.sec.android.provider.badge.permission.WRITE
06-19 12:54:12.422 W/PackageManager( 1920): Cannot whitelist unknown permission: com.htc.launcher.permission.READ_SETTINGS
06-19 12:54:12.422 W/PackageManager( 1920): Cannot whitelist unknown permission: com.htc.launcher.permission.UPDATE_SHORTCUT
06-19 12:54:12.422 W/PackageManager( 1920): Cannot whitelist unknown permission: com.sonyericsson.home.permission.BROADCAST_BADGE
06-19 12:54:12.422 W/PackageManager( 1920): Cannot whitelist unknown permission: com.sonymobile.home.permission.PROVIDER_INSERT_BADGE
06-19 12:54:12.422 I/PackageManager( 1920): Un-granting permission android.permission.MANAGE_DOCUMENTS from package com.google.android.youtube (protectionLevel=262146 flags=0x30dbbe45)
06-19 12:54:12.423 D/WificondControl( 1920): Setting up interface for client mode
06-19 12:54:12.423 I/wificond( 1753): create scanner for interface with index: 3
06-19 12:54:12.423 I/wificond( 1753): subscribe scan result for interface with index: 3
06-19 12:54:12.424 I/hwservicemanager( 1566): getTransport: Cannot find entry android.hardware.wifi.offload@1.0::IOffload/default in either framework or device manifest.
06-19 12:54:12.424 E/wificond( 1753): No Offload Service available
06-19 12:54:12.424 I/wificond( 1753): Offload HAL not supported 
06-19 12:54:12.424 E/SupplicantStaIfaceHal( 1920): Can't call setupIface, ISupplicantStaIface is null
06-19 12:54:12.424 I/hwservicemanager( 1566): getTransport: Cannot find entry android.hardware.wifi.supplicant@1.1::ISupplicant/default in either framework or device manifest.
06-19 12:54:12.425 W/PackageManager( 1920): Cannot whitelist unknown permission: com.sec.android.provider.badge.permission.READ
06-19 12:54:12.425 W/PackageManager( 1920): Cannot whitelist unknown permission: com.sec.android.provider.badge.permission.WRITE
06-19 12:54:12.425 W/PackageManager( 1920): Cannot whitelist unknown permission: com.htc.launcher.permission.READ_SETTINGS
06-19 12:54:12.426 W/PackageManager( 1920): Cannot whitelist unknown permission: com.htc.launcher.permission.UPDATE_SHORTCUT
06-19 12:54:12.426 W/PackageManager( 1920): Cannot whitelist unknown permission: com.sonyericsson.home.permission.BROADCAST_BADGE
06-19 12:54:12.426 W/PackageManager( 1920): Cannot whitelist unknown permission: com.sonymobile.home.permission.PROVIDER_INSERT_BADGE
06-19 12:54:12.426 I/PackageManager( 1920): Un-granting permission android.permission.MANAGE_DOCUMENTS from package com.google.android.youtube (protectionLevel=262146 flags=0x30dbbe45)
06-19 12:54:12.426 I/hwservicemanager( 1566): getTransport: Cannot find entry android.hardware.wifi.supplicant@1.2::ISupplicant/default in either framework or device manifest.
06-19 12:54:12.426 I/hwservicemanager( 1566): getTransport: Cannot find entry android.hardware.wifi.supplicant@1.1::ISupplicant/default in either framework or device manifest.
06-19 12:54:12.427 I/OMXClient( 1748): IOmx service obtained
06-19 12:54:12.427 I/OMXMaster( 1754): makeComponentInstance(OMX.google.vp9.decoder) in android.hardwar process
06-19 12:54:12.427 E/OMXNodeInstance( 1754): getExtensionIndex(0xf4d19320:google.vp9.decoder, OMX.google.android.index.configureVideoTunnelMode) ERROR: UnsupportedIndex(0x8000101a)
06-19 12:54:12.427 D/MediaCodecInfo( 1748): detail feature-tunneled-playback wasn't present to remove
06-19 12:54:12.427 E/OMXNodeInstance( 1754): getExtensionIndex(0xf4d19320:google.vp9.decoder, OMX.google.android.index.enableAndroidNativeBuffers) ERROR: UnsupportedIndex(0x8000101a)
06-19 12:54:12.428 I/netd    ( 1662): interfaceGetCfg("wlan0") <0.13ms>
06-19 12:54:12.428 I/WifiNative( 1920): Interface state changed on Iface:{Name=wlan0,Id=1,Type=STA_CONNECTIVITY}, isUp=true
06-19 12:54:12.428 I/netd    ( 1662): interfaceClearAddrs("wlan0") <0.11ms>
06-19 12:54:12.429 I/netd    ( 1662): interfaceSetIPv6PrivacyExtensions("wlan0", "true") <0.04ms>
06-19 12:54:12.429 I/netd    ( 1662): interfaceSetEnableIPv6("wlan0", "false") <0.05ms>
06-19 12:54:12.429 I/WifiNative( 1920): Successfully setup Iface:{Name=wlan0,Id=1,Type=STA_CONNECTIVITY}
06-19 12:54:12.429 I/hwservicemanager( 1566): getTransport: Cannot find entry android.hardware.wifi.supplicant@1.2::ISupplicant/default in either framework or device manifest.
06-19 12:54:12.429 E/SupplicantStaIfaceHal( 1920): Method getKeyMgmtCapabilities is not supported in existing HAL
06-19 12:54:12.430 I/OMXClient( 1748): IOmx service obtained
06-19 12:54:12.430 I/OMXMaster( 1754): makeComponentInstance(OMX.google.h264.encoder) in android.hardwar process
06-19 12:54:12.431 D/WifiClientModeManager( 1920): entering StartedState
06-19 12:54:12.431 I/netd    ( 1662): interfaceGetCfg("wlan0") <0.15ms>
06-19 12:54:12.431 D/WifiClientModeManager( 1920): Wifi is ready to use for client mode
06-19 12:54:12.431 D/WifiActiveModeWarden( 1920): State changed from client mode. state = 3
06-19 12:54:12.431 D/WifiActiveModeWarden( 1920): client mode active
06-19 12:54:12.432 E/WifiVendorHal( 1920): getBgScanCapabilities(l.630) failed {.code = ERROR_NOT_SUPPORTED, .description = }
06-19 12:54:12.432 W/OMXUtils( 1748): do not know color format 0x7f000789 = 2130708361
06-19 12:54:12.433 D/WifiScanRequestProxy( 1920): Sending scan available broadcast: true
06-19 12:54:12.433 I/WifiScanningService( 1920): wifi driver loaded with scan capabilities: max buckets=16
06-19 12:54:12.434 I/WifiScanRequestProxy( 1920): Scanning is enabled
06-19 12:54:12.434 I/WifiScanRequestProxy( 1920): Scanning for hidden networks is enabled
06-19 12:54:12.434 D/WifiClientModeImpl( 1920): entering ConnectModeState: ifaceName = wlan0
06-19 12:54:12.434 D/WifiClientModeImpl( 1920): setupClientMode() ifacename = wlan0
06-19 12:54:12.435 W/PackageManager( 1920): Cannot whitelist unknown permission: com.google.android.launcher.permission.CONTENT_REDIRECT
06-19 12:54:12.435 W/PackageManager( 1920): Cannot whitelist unknown permission: com.google.android.voicesearch.SHORTCUTS_ACCESS
06-19 12:54:12.435 W/PackageManager( 1920): Cannot whitelist unknown permission: com.google.android.voicesearch.ACCESS_SETTINGS
06-19 12:54:12.435 W/PackageManager( 1920): Cannot whitelist unknown permission: com.android.browser.permission.PRELOAD
06-19 12:54:12.435 W/PackageManager( 1920): Cannot whitelist unknown permission: com.google.android.ears.permission.WRITE
06-19 12:54:12.436 W/PackageManager( 1920): Cannot whitelist unknown permission: com.google.googlenav.friend.permission.OPT_IN
06-19 12:54:12.436 W/PackageManager( 1920): Cannot whitelist unknown permission: com.google.android.apps.googlevoice.permission.AUTO_SEND
06-19 12:54:12.436 W/PackageManager( 1920): Cannot whitelist unknown permission: com.google.android.hangouts.START_HANGOUT
06-19 12:54:12.436 W/PackageManager( 1920): Cannot whitelist unknown permission: com.android.chrome.PRERENDER_URL
06-19 12:54:12.436 W/PackageManager( 1920): Cannot whitelist unknown permission: com.google.android.apps.gsa.nga.permissions.EDIT_PREFERENCES
06-19 12:54:12.438 W/PackageManager( 1920): Cannot whitelist unknown permission: com.google.android.launcher.permission.CONTENT_REDIRECT
06-19 12:54:12.438 W/PackageManager( 1920): Cannot whitelist unknown permission: com.google.android.voicesearch.SHORTCUTS_ACCESS
06-19 12:54:12.438 W/PackageManager( 1920): Cannot whitelist unknown permission: com.google.android.voicesearch.ACCESS_SETTINGS
06-19 12:54:12.438 W/PackageManager( 1920): Cannot whitelist unknown permission: com.android.browser.permission.PRELOAD
06-19 12:54:12.438 W/PackageManager( 1920): Cannot whitelist unknown permission: com.google.android.ears.permission.WRITE
06-19 12:54:12.438 W/PackageManager( 1920): Cannot whitelist unknown permission: com.google.googlenav.friend.permission.OPT_IN
06-19 12:54:12.438 W/PackageManager( 1920): Cannot whitelist unknown permission: com.google.android.apps.googlevoice.permission.AUTO_SEND
06-19 12:54:12.438 W/PackageManager( 1920): Cannot whitelist unknown permission: com.google.android.hangouts.START_HANGOUT
06-19 12:54:12.438 W/PackageManager( 1920): Cannot whitelist unknown permission: com.android.chrome.PRERENDER_URL
06-19 12:54:12.438 W/PackageManager( 1920): Cannot whitelist unknown permission: com.google.android.apps.gsa.nga.permissions.EDIT_PREFERENCES
06-19 12:54:12.438 W/PackageManager( 1920): Cannot whitelist unknown permission: com.google.android.launcher.permission.CONTENT_REDIRECT
06-19 12:54:12.438 W/PackageManager( 1920): Cannot whitelist unknown permission: com.google.android.voicesearch.SHORTCUTS_ACCESS
06-19 12:54:12.438 W/PackageManager( 1920): Cannot whitelist unknown permission: com.google.android.voicesearch.ACCESS_SETTINGS
06-19 12:54:12.438 W/PackageManager( 1920): Cannot whitelist unknown permission: com.android.browser.permission.PRELOAD
06-19 12:54:12.438 W/PackageManager( 1920): Cannot whitelist unknown permission: com.google.android.ears.permission.WRITE
06-19 12:54:12.438 W/PackageManager( 1920): Cannot whitelist unknown permission: com.google.googlenav.friend.permission.OPT_IN
06-19 12:54:12.439 W/PackageManager( 1920): Cannot whitelist unknown permission: com.google.android.apps.googlevoice.permission.AUTO_SEND
06-19 12:54:12.439 W/PackageManager( 1920): Cannot whitelist unknown permission: com.google.android.hangouts.START_HANGOUT
06-19 12:54:12.439 W/PackageManager( 1920): Cannot whitelist unknown permission: com.android.chrome.PRERENDER_URL
06-19 12:54:12.439 W/PackageManager( 1920): Cannot whitelist unknown permission: com.google.android.apps.gsa.nga.permissions.EDIT_PREFERENCES
06-19 12:54:12.439 W/PackageManager( 1920): Cannot whitelist unknown permission: com.google.android.launcher.permission.CONTENT_REDIRECT
06-19 12:54:12.439 W/PackageManager( 1920): Cannot whitelist unknown permission: com.google.android.voicesearch.SHORTCUTS_ACCESS
06-19 12:54:12.439 W/PackageManager( 1920): Cannot whitelist unknown permission: com.google.android.voicesearch.ACCESS_SETTINGS
06-19 12:54:12.439 W/PackageManager( 1920): Cannot whitelist unknown permission: com.android.browser.permission.PRELOAD
06-19 12:54:12.439 W/PackageManager( 1920): Cannot whitelist unknown permission: com.google.android.ears.permission.WRITE
06-19 12:54:12.439 W/PackageManager( 1920): Cannot whitelist unknown permission: com.google.googlenav.friend.permission.OPT_IN
06-19 12:54:12.440 W/PackageManager( 1920): Cannot whitelist unknown permission: com.google.android.apps.googlevoice.permission.AUTO_SEND
06-19 12:54:12.440 W/PackageManager( 1920): Cannot whitelist unknown permission: com.google.android.hangouts.START_HANGOUT
06-19 12:54:12.440 W/PackageManager( 1920): Cannot whitelist unknown permission: com.android.chrome.PRERENDER_URL
06-19 12:54:12.440 W/PackageManager( 1920): Cannot whitelist unknown permission: com.google.android.apps.gsa.nga.permissions.EDIT_PREFERENCES
06-19 12:54:12.440 W/PackageManager( 1920): Cannot whitelist unknown permission: com.google.android.launcher.permission.CONTENT_REDIRECT
06-19 12:54:12.440 W/PackageManager( 1920): Cannot whitelist unknown permission: com.google.android.voicesearch.SHORTCUTS_ACCESS
06-19 12:54:12.440 W/PackageManager( 1920): Cannot whitelist unknown permission: com.google.android.voicesearch.ACCESS_SETTINGS
06-19 12:54:12.440 W/PackageManager( 1920): Cannot whitelist unknown permission: com.android.browser.permission.PRELOAD
06-19 12:54:12.440 W/PackageManager( 1920): Cannot whitelist unknown permission: com.google.android.ears.permission.WRITE
06-19 12:54:12.440 W/PackageManager( 1920): Cannot whitelist unknown permission: com.google.googlenav.friend.permission.OPT_IN
06-19 12:54:12.440 W/PackageManager( 1920): Cannot whitelist unknown permission: com.google.android.apps.googlevoice.permission.AUTO_SEND
06-19 12:54:12.440 W/PackageManager( 1920): Cannot whitelist unknown permission: com.google.android.hangouts.START_HANGOUT
06-19 12:54:12.440 W/PackageManager( 1920): Cannot whitelist unknown permission: com.android.chrome.PRERENDER_URL
06-19 12:54:12.440 W/PackageManager( 1920): Cannot whitelist unknown permission: com.google.android.apps.gsa.nga.permissions.EDIT_PREFERENCES
06-19 12:54:12.443 W/PackageManager( 1920): Cannot whitelist unknown permission: com.google.android.launcher.permission.CONTENT_REDIRECT
06-19 12:54:12.444 W/PackageManager( 1920): Cannot whitelist unknown permission: com.google.android.voicesearch.SHORTCUTS_ACCESS
06-19 12:54:12.444 W/PackageManager( 1920): Cannot whitelist unknown permission: com.google.android.voicesearch.ACCESS_SETTINGS
06-19 12:54:12.444 W/PackageManager( 1920): Cannot whitelist unknown permission: com.android.browser.permission.PRELOAD
06-19 12:54:12.444 W/PackageManager( 1920): Cannot whitelist unknown permission: com.google.android.ears.permission.WRITE
06-19 12:54:12.444 W/PackageManager( 1920): Cannot whitelist unknown permission: com.google.googlenav.friend.permission.OPT_IN
06-19 12:54:12.444 W/PackageManager( 1920): Cannot whitelist unknown permission: com.google.android.apps.googlevoice.permission.AUTO_SEND
06-19 12:54:12.444 W/PackageManager( 1920): Cannot whitelist unknown permission: com.google.android.hangouts.START_HANGOUT
06-19 12:54:12.444 W/PackageManager( 1920): Cannot whitelist unknown permission: com.android.chrome.PRERENDER_URL
06-19 12:54:12.444 W/PackageManager( 1920): Cannot whitelist unknown permission: com.google.android.apps.gsa.nga.permissions.EDIT_PREFERENCES
06-19 12:54:12.446 I/PackageManager( 1920): Un-granting permission com.google.android.googleapps.permission.GOOGLE_AUTH from package com.android.providers.calendar (protectionLevel=2 flags=0x30883e45)
06-19 12:54:12.446 I/PackageManager( 1920): Un-granting permission com.google.android.googleapps.permission.GOOGLE_AUTH.cl from package com.android.providers.calendar (protectionLevel=2 flags=0x30883e45)
06-19 12:54:12.447 I/PackageManager( 1920): Un-granting permission com.google.android.googleapps.permission.GOOGLE_AUTH from package com.android.providers.calendar (protectionLevel=2 flags=0x30883e45)
06-19 12:54:12.447 I/PackageManager( 1920): Un-granting permission com.google.android.googleapps.permission.GOOGLE_AUTH.cl from package com.android.providers.calendar (protectionLevel=2 flags=0x30883e45)
06-19 12:54:12.447 I/OMXClient( 1748): IOmx service obtained
06-19 12:54:12.447 I/OMXMaster( 1754): makeComponentInstance(OMX.google.h263.encoder) in android.hardwar process
06-19 12:54:12.448 I/SoftMPEG4Encoder( 1754): Construct SoftMPEG4Encoder
06-19 12:54:12.449 W/OMXUtils( 1748): do not know color format 0x7f000789 = 2130708361
06-19 12:54:12.449 E/OMXNodeInstance( 1754): getConfig(0xf4d19320:google.h263.encoder, ConfigAndroidIntraRefresh(0x6f60000a)) ERROR: Undefined(0x80001001)
06-19 12:54:12.449 E/OMXNodeInstance( 1754): getParameter(0xf4d19320:google.h263.encoder, ParamVideoIntraRefresh(0x6000006)) ERROR: UnsupportedIndex(0x8000101a)
06-19 12:54:12.449 D/MediaCodecInfo( 1748): detail feature-frame-parsing wasn't present to remove
06-19 12:54:12.453 I/PackageManager( 1920): Un-granting permission android.permission.WRITE_SECURE_SETTINGS from package com.google.android.apps.enterprise.dmagent (protectionLevel=50 flags=0x30883e05)
06-19 12:54:12.453 I/PackageManager( 1920): Un-granting permission android.permission.CONNECTIVITY_INTERNAL from package com.google.android.apps.enterprise.dmagent (protectionLevel=18 flags=0x30883e05)
06-19 12:54:12.453 I/PackageManager( 1920): Un-granting permission android.permission.MANAGE_USB from package com.google.android.apps.enterprise.dmagent (protectionLevel=18 flags=0x30883e05)
06-19 12:54:12.454 I/PackageManager( 1920): Un-granting permission android.permission.CHANGE_COMPONENT_ENABLED_STATE from package com.google.android.apps.enterprise.dmagent (protectionLevel=18 flags=0x30883e05)
06-19 12:54:12.454 I/PackageManager( 1920): Un-granting permission android.permission.MANAGE_CA_CERTIFICATES from package com.google.android.apps.enterprise.dmagent (protectionLevel=18 flags=0x30883e05)
06-19 12:54:12.454 I/PackageManager( 1920): Un-granting permission android.permission.MANAGE_USERS from package com.google.android.apps.enterprise.dmagent (protectionLevel=18 flags=0x30883e05)
06-19 12:54:12.455 I/SystemConfig( 2058): Adding association: com.google.android.as <- com.android.providers.contacts
06-19 12:54:12.455 I/SystemConfig( 2058): Adding association: com.google.android.as <- com.android.providers.media
06-19 12:54:12.455 I/SystemConfig( 2058): Adding association: com.google.android.as <- com.android.providers.telephony
06-19 12:54:12.455 I/SystemConfig( 2058): Adding association: com.google.android.as <- com.android.systemui
06-19 12:54:12.455 I/SystemConfig( 2058): Adding association: com.google.android.as <- com.google.android.gms
06-19 12:54:12.455 I/SystemConfig( 2058): Adding association: com.google.android.as <- com.google.android.gsf
06-19 12:54:12.457 W/SystemConfig( 2058): No directory /product_services/etc/sysconfig, skipping
06-19 12:54:12.457 W/SystemConfig( 2058): No directory /product_services/etc/permissions, skipping
06-19 12:54:12.457 W/PackageManager( 1920): Cannot whitelist unknown permission: com.google.android.ims.LOG_ACCESS
06-19 12:54:12.457 W/PackageManager( 1920): Cannot whitelist unknown permission: com.cequint.ecid.CALLER_ID_EXTERNAL_LOOKUP_SMS
06-19 12:54:12.457 W/PackageManager( 1920): Cannot whitelist unknown permission: com.sec.android.provider.badge.permission.READ
06-19 12:54:12.457 W/PackageManager( 1920): Cannot whitelist unknown permission: com.sec.android.provider.badge.permission.WRITE
06-19 12:54:12.457 W/PackageManager( 1920): Cannot whitelist unknown permission: com.htc.launcher.permission.READ_SETTINGS
06-19 12:54:12.457 W/PackageManager( 1920): Cannot whitelist unknown permission: com.htc.launcher.permission.UPDATE_SHORTCUT
06-19 12:54:12.457 W/PackageManager( 1920): Cannot whitelist unknown permission: com.sonyericsson.home.permission.BROADCAST_BADGE
06-19 12:54:12.457 W/PackageManager( 1920): Cannot whitelist unknown permission: com.sonymobile.home.permission.PROVIDER_INSERT_BADGE
06-19 12:54:12.457 W/PackageManager( 1920): Cannot whitelist unknown permission: com.sonymobile.launcher.permission.PROVIDER_INSERT_BADGE
06-19 12:54:12.458 W/PackageManager( 1920): Cannot whitelist unknown permission: com.anddoes.launcher.permission.UPDATE_COUNT
06-19 12:54:12.458 W/PackageManager( 1920): Cannot whitelist unknown permission: com.majeur.launcher.permission.UPDATE_BADGE
06-19 12:54:12.458 W/PackageManager( 1920): Cannot whitelist unknown permission: com.huawei.android.launcher.permission.CHANGE_BADGE
06-19 12:54:12.458 W/PackageManager( 1920): Cannot whitelist unknown permission: com.huawei.android.launcher.permission.READ_SETTINGS
06-19 12:54:12.458 W/PackageManager( 1920): Cannot whitelist unknown permission: com.huawei.android.launcher.permission.WRITE_SETTINGS
06-19 12:54:12.458 W/PackageManager( 1920): Cannot whitelist unknown permission: android.permission.READ_APP_BADGE
06-19 12:54:12.458 W/PackageManager( 1920): Cannot whitelist unknown permission: com.oppo.launcher.permission.READ_SETTINGS
06-19 12:54:12.458 W/PackageManager( 1920): Cannot whitelist unknown permission: com.oppo.launcher.permission.WRITE_SETTINGS
06-19 12:54:12.458 I/PackageManager( 1920): Un-granting permission com.google.android.setupwizard.READ_DEVICE_ORIGIN from package com.google.android.apps.messaging (protectionLevel=18 flags=0x38cbbe45)
06-19 12:54:12.458 W/PackageManager( 1920): Cannot whitelist unknown permission: com.google.android.ims.LOG_ACCESS
06-19 12:54:12.458 W/PackageManager( 1920): Cannot whitelist unknown permission: com.cequint.ecid.CALLER_ID_EXTERNAL_LOOKUP_SMS
06-19 12:54:12.458 W/PackageManager( 1920): Cannot whitelist unknown permission: com.sec.android.provider.badge.permission.READ
06-19 12:54:12.458 W/PackageManager( 1920): Cannot whitelist unknown permission: com.sec.android.provider.badge.permission.WRITE
06-19 12:54:12.458 W/PackageManager( 1920): Cannot whitelist unknown permission: com.htc.launcher.permission.READ_SETTINGS
06-19 12:54:12.458 W/PackageManager( 1920): Cannot whitelist unknown permission: com.htc.launcher.permission.UPDATE_SHORTCUT
06-19 12:54:12.458 W/PackageManager( 1920): Cannot whitelist unknown permission: com.sonyericsson.home.permission.BROADCAST_BADGE
06-19 12:54:12.458 W/PackageManager( 1920): Cannot whitelist unknown permission: com.sonymobile.home.permission.PROVIDER_INSERT_BADGE
06-19 12:54:12.458 W/PackageManager( 1920): Cannot whitelist unknown permission: com.sonymobile.launcher.permission.PROVIDER_INSERT_BADGE
06-19 12:54:12.458 W/PackageManager( 1920): Cannot whitelist unknown permission: com.anddoes.launcher.permission.UPDATE_COUNT
06-19 12:54:12.458 W/PackageManager( 1920): Cannot whitelist unknown permission: com.majeur.launcher.permission.UPDATE_BADGE
06-19 12:54:12.458 W/PackageManager( 1920): Cannot whitelist unknown permission: com.huawei.android.launcher.permission.CHANGE_BADGE
06-19 12:54:12.458 W/PackageManager( 1920): Cannot whitelist unknown permission: com.huawei.android.launcher.permission.READ_SETTINGS
06-19 12:54:12.458 W/PackageManager( 1920): Cannot whitelist unknown permission: com.huawei.android.launcher.permission.WRITE_SETTINGS
06-19 12:54:12.458 W/PackageManager( 1920): Cannot whitelist unknown permission: android.permission.READ_APP_BADGE
06-19 12:54:12.458 W/PackageManager( 1920): Cannot whitelist unknown permission: com.oppo.launcher.permission.READ_SETTINGS
06-19 12:54:12.458 W/PackageManager( 1920): Cannot whitelist unknown permission: com.oppo.launcher.permission.WRITE_SETTINGS
06-19 12:54:12.459 I/PackageManager( 1920): Un-granting permission com.google.android.setupwizard.READ_DEVICE_ORIGIN from package com.google.android.apps.messaging (protectionLevel=18 flags=0x38cbbe45)
06-19 12:54:12.459 W/PackageManager( 1920): Cannot whitelist unknown permission: com.google.android.ims.LOG_ACCESS
06-19 12:54:12.459 W/PackageManager( 1920): Cannot whitelist unknown permission: com.cequint.ecid.CALLER_ID_EXTERNAL_LOOKUP_SMS
06-19 12:54:12.459 W/PackageManager( 1920): Cannot whitelist unknown permission: com.sec.android.provider.badge.permission.READ
06-19 12:54:12.459 W/PackageManager( 1920): Cannot whitelist unknown permission: com.sec.android.provider.badge.permission.WRITE
06-19 12:54:12.459 W/PackageManager( 1920): Cannot whitelist unknown permission: com.htc.launcher.permission.READ_SETTINGS
06-19 12:54:12.459 W/PackageManager( 1920): Cannot whitelist unknown permission: com.htc.launcher.permission.UPDATE_SHORTCUT
06-19 12:54:12.459 W/PackageManager( 1920): Cannot whitelist unknown permission: com.sonyericsson.home.permission.BROADCAST_BADGE
06-19 12:54:12.459 W/PackageManager( 1920): Cannot whitelist unknown permission: com.sonymobile.home.permission.PROVIDER_INSERT_BADGE
06-19 12:54:12.459 W/PackageManager( 1920): Cannot whitelist unknown permission: com.sonymobile.launcher.permission.PROVIDER_INSERT_BADGE
06-19 12:54:12.459 W/PackageManager( 1920): Cannot whitelist unknown permission: com.anddoes.launcher.permission.UPDATE_COUNT
06-19 12:54:12.459 W/PackageManager( 1920): Cannot whitelist unknown permission: com.majeur.launcher.permission.UPDATE_BADGE
06-19 12:54:12.459 W/PackageManager( 1920): Cannot whitelist unknown permission: com.huawei.android.launcher.permission.CHANGE_BADGE
06-19 12:54:12.459 W/PackageManager( 1920): Cannot whitelist unknown permission: com.huawei.android.launcher.permission.READ_SETTINGS
06-19 12:54:12.459 W/PackageManager( 1920): Cannot whitelist unknown permission: com.huawei.android.launcher.permission.WRITE_SETTINGS
06-19 12:54:12.459 W/PackageManager( 1920): Cannot whitelist unknown permission: android.permission.READ_APP_BADGE
06-19 12:54:12.459 W/PackageManager( 1920): Cannot whitelist unknown permission: com.oppo.launcher.permission.READ_SETTINGS
06-19 12:54:12.459 W/PackageManager( 1920): Cannot whitelist unknown permission: com.oppo.launcher.permission.WRITE_SETTINGS
06-19 12:54:12.459 I/PackageManager( 1920): Un-granting permission com.google.android.setupwizard.READ_DEVICE_ORIGIN from package com.google.android.apps.messaging (protectionLevel=18 flags=0x38cbbe45)
06-19 12:54:12.460 W/PackageManager( 1920): Cannot whitelist unknown permission: com.google.android.ims.LOG_ACCESS
06-19 12:54:12.460 W/PackageManager( 1920): Cannot whitelist unknown permission: com.cequint.ecid.CALLER_ID_EXTERNAL_LOOKUP_SMS
06-19 12:54:12.460 W/PackageManager( 1920): Cannot whitelist unknown permission: com.sec.android.provider.badge.permission.READ
06-19 12:54:12.460 W/PackageManager( 1920): Cannot whitelist unknown permission: com.sec.android.provider.badge.permission.WRITE
06-19 12:54:12.460 W/PackageManager( 1920): Cannot whitelist unknown permission: com.htc.launcher.permission.READ_SETTINGS
06-19 12:54:12.460 W/PackageManager( 1920): Cannot whitelist unknown permission: com.htc.launcher.permission.UPDATE_SHORTCUT
06-19 12:54:12.460 W/PackageManager( 1920): Cannot whitelist unknown permission: com.sonyericsson.home.permission.BROADCAST_BADGE
06-19 12:54:12.460 W/PackageManager( 1920): Cannot whitelist unknown permission: com.sonymobile.home.permission.PROVIDER_INSERT_BADGE
06-19 12:54:12.460 W/PackageManager( 1920): Cannot whitelist unknown permission: com.sonymobile.launcher.permission.PROVIDER_INSERT_BADGE
06-19 12:54:12.460 W/PackageManager( 1920): Cannot whitelist unknown permission: com.anddoes.launcher.permission.UPDATE_COUNT
06-19 12:54:12.460 W/PackageManager( 1920): Cannot whitelist unknown permission: com.majeur.launcher.permission.UPDATE_BADGE
06-19 12:54:12.460 W/PackageManager( 1920): Cannot whitelist unknown permission: com.huawei.android.launcher.permission.CHANGE_BADGE
06-19 12:54:12.460 W/PackageManager( 1920): Cannot whitelist unknown permission: com.huawei.android.launcher.permission.READ_SETTINGS
06-19 12:54:12.460 W/PackageManager( 1920): Cannot whitelist unknown permission: com.huawei.android.launcher.permission.WRITE_SETTINGS
06-19 12:54:12.460 W/PackageManager( 1920): Cannot whitelist unknown permission: android.permission.READ_APP_BADGE
06-19 12:54:12.460 W/PackageManager( 1920): Cannot whitelist unknown permission: com.oppo.launcher.permission.READ_SETTINGS
06-19 12:54:12.460 W/PackageManager( 1920): Cannot whitelist unknown permission: com.oppo.launcher.permission.WRITE_SETTINGS
06-19 12:54:12.460 I/PackageManager( 1920): Un-granting permission com.google.android.setupwizard.READ_DEVICE_ORIGIN from package com.google.android.apps.messaging (protectionLevel=18 flags=0x38cbbe45)
06-19 12:54:12.460 W/PackageManager( 1920): Cannot whitelist unknown permission: com.google.android.ims.LOG_ACCESS
06-19 12:54:12.460 W/PackageManager( 1920): Cannot whitelist unknown permission: com.cequint.ecid.CALLER_ID_EXTERNAL_LOOKUP_SMS
06-19 12:54:12.460 W/PackageManager( 1920): Cannot whitelist unknown permission: com.sec.android.provider.badge.permission.READ
06-19 12:54:12.460 W/PackageManager( 1920): Cannot whitelist unknown permission: com.sec.android.provider.badge.permission.WRITE
06-19 12:54:12.460 W/PackageManager( 1920): Cannot whitelist unknown permission: com.htc.launcher.permission.READ_SETTINGS
06-19 12:54:12.460 W/PackageManager( 1920): Cannot whitelist unknown permission: com.htc.launcher.permission.UPDATE_SHORTCUT
06-19 12:54:12.460 W/PackageManager( 1920): Cannot whitelist unknown permission: com.sonyericsson.home.permission.BROADCAST_BADGE
06-19 12:54:12.460 W/PackageManager( 1920): Cannot whitelist unknown permission: com.sonymobile.home.permission.PROVIDER_INSERT_BADGE
06-19 12:54:12.460 W/PackageManager( 1920): Cannot whitelist unknown permission: com.sonymobile.launcher.permission.PROVIDER_INSERT_BADGE
06-19 12:54:12.460 W/PackageManager( 1920): Cannot whitelist unknown permission: com.anddoes.launcher.permission.UPDATE_COUNT
06-19 12:54:12.460 W/PackageManager( 1920): Cannot whitelist unknown permission: com.majeur.launcher.permission.UPDATE_BADGE
06-19 12:54:12.460 W/PackageManager( 1920): Cannot whitelist unknown permission: com.huawei.android.launcher.permission.CHANGE_BADGE
06-19 12:54:12.460 W/PackageManager( 1920): Cannot whitelist unknown permission: com.huawei.android.launcher.permission.READ_SETTINGS
06-19 12:54:12.460 W/PackageManager( 1920): Cannot whitelist unknown permission: com.huawei.android.launcher.permission.WRITE_SETTINGS
06-19 12:54:12.460 W/PackageManager( 1920): Cannot whitelist unknown permission: android.permission.READ_APP_BADGE
06-19 12:54:12.460 W/PackageManager( 1920): Cannot whitelist unknown permission: com.oppo.launcher.permission.READ_SETTINGS
06-19 12:54:12.460 W/PackageManager( 1920): Cannot whitelist unknown permission: com.oppo.launcher.permission.WRITE_SETTINGS
06-19 12:54:12.460 I/PackageManager( 1920): Un-granting permission com.google.android.setupwizard.READ_DEVICE_ORIGIN from package com.google.android.apps.messaging (protectionLevel=18 flags=0x38cbbe45)
06-19 12:54:12.461 I/OMXClient( 1748): IOmx service obtained
06-19 12:54:12.461 I/OMXMaster( 1754): makeComponentInstance(OMX.google.mpeg4.encoder) in android.hardwar process
06-19 12:54:12.461 I/SoftMPEG4Encoder( 1754): Construct SoftMPEG4Encoder
06-19 12:54:12.462 W/OMXUtils( 1748): do not know color format 0x7f000789 = 2130708361
06-19 12:54:12.462 E/OMXNodeInstance( 1754): getConfig(0xf4d19320:google.mpeg4.encoder, ConfigAndroidIntraRefresh(0x6f60000a)) ERROR: Undefined(0x80001001)
06-19 12:54:12.462 E/OMXNodeInstance( 1754): getParameter(0xf4d19320:google.mpeg4.encoder, ParamVideoIntraRefresh(0x6000006)) ERROR: UnsupportedIndex(0x8000101a)
06-19 12:54:12.462 D/MediaCodecInfo( 1748): detail feature-frame-parsing wasn't present to remove
06-19 12:54:12.463 W/PackageManager( 1920): Cannot whitelist unknown permission: com.google.android.ims.LOG_ACCESS
06-19 12:54:12.463 W/PackageManager( 1920): Cannot whitelist unknown permission: com.cequint.ecid.CALLER_ID_EXTERNAL_LOOKUP_SMS
06-19 12:54:12.463 W/PackageManager( 1920): Cannot whitelist unknown permission: com.sec.android.provider.badge.permission.READ
06-19 12:54:12.463 W/PackageManager( 1920): Cannot whitelist unknown permission: com.sec.android.provider.badge.permission.WRITE
06-19 12:54:12.463 W/PackageManager( 1920): Cannot whitelist unknown permission: com.htc.launcher.permission.READ_SETTINGS
06-19 12:54:12.463 W/PackageManager( 1920): Cannot whitelist unknown permission: com.htc.launcher.permission.UPDATE_SHORTCUT
06-19 12:54:12.463 W/PackageManager( 1920): Cannot whitelist unknown permission: com.sonyericsson.home.permission.BROADCAST_BADGE
06-19 12:54:12.463 W/PackageManager( 1920): Cannot whitelist unknown permission: com.sonymobile.home.permission.PROVIDER_INSERT_BADGE
06-19 12:54:12.463 W/PackageManager( 1920): Cannot whitelist unknown permission: com.sonymobile.launcher.permission.PROVIDER_INSERT_BADGE
06-19 12:54:12.463 W/PackageManager( 1920): Cannot whitelist unknown permission: com.anddoes.launcher.permission.UPDATE_COUNT
06-19 12:54:12.463 W/PackageManager( 1920): Cannot whitelist unknown permission: com.majeur.launcher.permission.UPDATE_BADGE
06-19 12:54:12.463 W/PackageManager( 1920): Cannot whitelist unknown permission: com.huawei.android.launcher.permission.CHANGE_BADGE
06-19 12:54:12.463 W/PackageManager( 1920): Cannot whitelist unknown permission: com.huawei.android.launcher.permission.READ_SETTINGS
06-19 12:54:12.463 W/PackageManager( 1920): Cannot whitelist unknown permission: com.huawei.android.launcher.permission.WRITE_SETTINGS
06-19 12:54:12.463 W/PackageManager( 1920): Cannot whitelist unknown permission: android.permission.READ_APP_BADGE
06-19 12:54:12.463 W/PackageManager( 1920): Cannot whitelist unknown permission: com.oppo.launcher.permission.READ_SETTINGS
06-19 12:54:12.463 W/PackageManager( 1920): Cannot whitelist unknown permission: com.oppo.launcher.permission.WRITE_SETTINGS
06-19 12:54:12.463 I/PackageManager( 1920): Un-granting permission com.google.android.setupwizard.READ_DEVICE_ORIGIN from package com.google.android.apps.messaging (protectionLevel=18 flags=0x38cbbe45)
06-19 12:54:12.463 W/PackageManager( 1920): Cannot whitelist unknown permission: com.google.android.ims.LOG_ACCESS
06-19 12:54:12.463 W/PackageManager( 1920): Cannot whitelist unknown permission: com.cequint.ecid.CALLER_ID_EXTERNAL_LOOKUP_SMS
06-19 12:54:12.463 W/PackageManager( 1920): Cannot whitelist unknown permission: com.sec.android.provider.badge.permission.READ
06-19 12:54:12.463 W/PackageManager( 1920): Cannot whitelist unknown permission: com.sec.android.provider.badge.permission.WRITE
06-19 12:54:12.463 W/PackageManager( 1920): Cannot whitelist unknown permission: com.htc.launcher.permission.READ_SETTINGS
06-19 12:54:12.463 W/PackageManager( 1920): Cannot whitelist unknown permission: com.htc.launcher.permission.UPDATE_SHORTCUT
06-19 12:54:12.463 W/PackageManager( 1920): Cannot whitelist unknown permission: com.sonyericsson.home.permission.BROADCAST_BADGE
06-19 12:54:12.463 W/PackageManager( 1920): Cannot whitelist unknown permission: com.sonymobile.home.permission.PROVIDER_INSERT_BADGE
06-19 12:54:12.463 W/PackageManager( 1920): Cannot whitelist unknown permission: com.sonymobile.launcher.permission.PROVIDER_INSERT_BADGE
06-19 12:54:12.463 W/PackageManager( 1920): Cannot whitelist unknown permission: com.anddoes.launcher.permission.UPDATE_COUNT
06-19 12:54:12.464 W/PackageManager( 1920): Cannot whitelist unknown permission: com.majeur.launcher.permission.UPDATE_BADGE
06-19 12:54:12.464 W/PackageManager( 1920): Cannot whitelist unknown permission: com.huawei.android.launcher.permission.CHANGE_BADGE
06-19 12:54:12.464 W/PackageManager( 1920): Cannot whitelist unknown permission: com.huawei.android.launcher.permission.READ_SETTINGS
06-19 12:54:12.464 W/PackageManager( 1920): Cannot whitelist unknown permission: com.huawei.android.launcher.permission.WRITE_SETTINGS
06-19 12:54:12.464 W/PackageManager( 1920): Cannot whitelist unknown permission: android.permission.READ_APP_BADGE
06-19 12:54:12.464 W/PackageManager( 1920): Cannot whitelist unknown permission: com.oppo.launcher.permission.READ_SETTINGS
06-19 12:54:12.464 W/PackageManager( 1920): Cannot whitelist unknown permission: com.oppo.launcher.permission.WRITE_SETTINGS
06-19 12:54:12.464 I/PackageManager( 1920): Un-granting permission com.google.android.setupwizard.READ_DEVICE_ORIGIN from package com.google.android.apps.messaging (protectionLevel=18 flags=0x38cbbe45)
06-19 12:54:12.467 W/PackageManager( 1920): Cannot whitelist unknown permission: com.google.android.ims.LOG_ACCESS
06-19 12:54:12.467 W/PackageManager( 1920): Cannot whitelist unknown permission: com.cequint.ecid.CALLER_ID_EXTERNAL_LOOKUP_SMS
06-19 12:54:12.467 W/PackageManager( 1920): Cannot whitelist unknown permission: com.sec.android.provider.badge.permission.READ
06-19 12:54:12.467 W/PackageManager( 1920): Cannot whitelist unknown permission: com.sec.android.provider.badge.permission.WRITE
06-19 12:54:12.467 W/PackageManager( 1920): Cannot whitelist unknown permission: com.htc.launcher.permission.READ_SETTINGS
