06-19 12:54:07.425 I/MediaCodecsXmlParser( 1754): limit: measured-frame-rate-640x360-range = 323-394
06-19 12:54:07.425 I/MediaCodecsXmlParser( 1754): limit: measured-frame-rate-720x480-range = 349-372
06-19 12:54:07.425 I/MediaCodecsXmlParser( 1754): limit: measured-frame-rate-1280x720-range = 144-157
06-19 12:54:07.425 I/MediaCodecsXmlParser( 1754): limit: measured-frame-rate-1920x1080-range = 74-85
06-19 12:54:07.425 I/MediaCodecsXmlParser( 1754): limit: measured-frame-rate-176x144-range = 1439-1625
06-19 12:54:07.425 I/MediaCodecsXmlParser( 1754): limit: measured-frame-rate-320x180-range = 1129-1261
06-19 12:54:07.425 I/MediaCodecsXmlParser( 1754): limit: measured-frame-rate-640x360-range = 471-525
06-19 12:54:07.425 I/MediaCodecsXmlParser( 1754): limit: measured-frame-rate-1280x720-range = 126-145
06-19 12:54:07.425 I/MediaCodecsXmlParser( 1754): limit: measured-frame-rate-1920x1080-range = 48-51
06-19 12:54:07.425 I/MediaCodecsXmlParser( 1754): limit: measured-frame-rate-2160x2160-range = 31-34
06-19 12:54:07.425 I/MediaCodecsXmlParser( 1754): limit: measured-frame-rate-320x180-range = 968-1101
06-19 12:54:07.425 I/MediaCodecsXmlParser( 1754): limit: measured-frame-rate-640x360-range = 291-338
06-19 12:54:07.425 I/MediaCodecsXmlParser( 1754): limit: measured-frame-rate-1280x720-range = 280-400
06-19 12:54:07.425 I/MediaCodecsXmlParser( 1754): limit: measured-frame-rate-1920x1080-range = 178-240
06-19 12:54:07.425 I/MediaCodecsXmlParser( 1754): limit: measured-frame-rate-2560x1440-range = 31-34
06-19 12:54:07.425 D/MediaCodecsXmlParser( 1754): Cannot find /data/misc/media/media_codecs_profiling_results.xml
06-19 12:54:07.430 I/ServiceManager( 1751): Waiting for service 'package_native' on '/dev/binder'...
06-19 12:54:07.436 E/hostapd ( 1828): Configuration file: /data/vendor/wifi/hostapd/hostapd.conf
06-19 12:54:07.443 I/hostapd ( 1828): rfkill: Cannot get wiphy information
06-19 12:54:07.459 I/ServiceManagement( 1754): Registered android.hardware.media.omx@1.0::IOmxStore/default (start delay of 771ms)
06-19 12:54:07.459 I/ServiceManagement( 1754): Removing namespace from process name android.hardware.media.omx@1.0-service to omx@1.0-service.
06-19 12:54:07.463 I/hostapd ( 1828): wlan1: interface state UNINITIALIZED->COUNTRY_UPDATE
06-19 12:54:07.473 I/hwservicemanager( 1566): getTransport: Cannot find entry android.hardware.audio@5.0::IDevicesFactory/default in either framework or device manifest.
06-19 12:54:07.477 I/AndroidRuntime( 1663): Using default boot image
06-19 12:54:07.477 I/AndroidRuntime( 1663): Leaving lock profiling enabled
06-19 12:54:07.479 E/audiohalservice( 1671): Could not get passthrough implementation for android.hardware.audio@5.0::IDevicesFactory/default.
06-19 12:54:07.488 I/ServiceManagement( 1671): Registered android.hardware.audio@4.0::IDevicesFactory/default (start delay of 1039ms)
06-19 12:54:07.488 I/ServiceManagement( 1671): Removing namespace from process name android.hardware.audio@2.0-service to audio@2.0-service.
06-19 12:54:07.488 I/audiohalservice( 1671): Registration complete for android.hardware.audio@4.0::IDevicesFactory/default.
06-19 12:54:07.489 I/hwservicemanager( 1566): getTransport: Cannot find entry android.hardware.audio.effect@5.0::IEffectsFactory/default in either framework or device manifest.
06-19 12:54:07.489 E/audiohalservice( 1671): Could not get passthrough implementation for android.hardware.audio.effect@5.0::IEffectsFactory/default.
06-19 12:54:07.493 I/ServiceManagement( 1671): Registered android.hardware.audio.effect@4.0::IEffectsFactory/default (start delay of 1044ms)
06-19 12:54:07.493 I/audiohalservice( 1671): Registration complete for android.hardware.audio.effect@4.0::IEffectsFactory/default.
06-19 12:54:07.493 I/hwservicemanager( 1566): getTransport: Cannot find entry android.hardware.soundtrigger@2.2::ISoundTriggerHw/default in either framework or device manifest.
06-19 12:54:07.493 E/audiohalservice( 1671): Could not get passthrough implementation for android.hardware.soundtrigger@2.2::ISoundTriggerHw/default.
06-19 12:54:07.493 I/hwservicemanager( 1566): getTransport: Cannot find entry android.hardware.soundtrigger@2.1::ISoundTriggerHw/default in either framework or device manifest.
06-19 12:54:07.493 E/audiohalservice( 1671): Could not get passthrough implementation for android.hardware.soundtrigger@2.1::ISoundTriggerHw/default.
06-19 12:54:07.493 I/hwservicemanager( 1566): getTransport: Cannot find entry android.hardware.soundtrigger@2.0::ISoundTriggerHw/default in either framework or device manifest.
06-19 12:54:07.515 E/SoundTriggerHalImpl( 1671): couldn't load sound trigger module sound_trigger.primary (No such file or directory)
06-19 12:54:07.515 I/ServiceManagement( 1671): Registered android.hardware.soundtrigger@2.0::ISoundTriggerHw/default (start delay of 1066ms)
06-19 12:54:07.515 I/audiohalservice( 1671): Registration complete for android.hardware.soundtrigger@2.0::ISoundTriggerHw/default.
06-19 12:54:07.515 I/hwservicemanager( 1566): getTransport: Cannot find entry android.hardware.bluetooth.audio@2.0::IBluetoothAudioProvidersFactory/default in either framework or device manifest.
06-19 12:54:07.516 E/audiohalservice( 1671): Could not get passthrough implementation for android.hardware.bluetooth.audio@2.0::IBluetoothAudioProvidersFactory/default.
06-19 12:54:07.516 W/audiohalservice( 1671): Could not register Bluetooth Audio API 2.0
06-19 12:54:07.516 I/hwservicemanager( 1566): getTransport: Cannot find entry android.hardware.bluetooth.a2dp@1.0::IBluetoothAudioOffload/default in either framework or device manifest.
06-19 12:54:07.516 E/audiohalservice( 1671): Could not get passthrough implementation for android.hardware.bluetooth.a2dp@1.0::IBluetoothAudioOffload/default.
06-19 12:54:07.516 W/audiohalservice( 1671): Could not register Bluetooth audio offload 1.0
06-19 12:54:07.521 I/zygote64( 1663): option[0]=-Xzygote
06-19 12:54:07.521 I/zygote64( 1663): option[1]=exit
06-19 12:54:07.521 I/zygote64( 1663): option[2]=vfprintf
06-19 12:54:07.521 I/zygote64( 1663): option[3]=sensitiveThread
06-19 12:54:07.521 I/zygote64( 1663): option[4]=-verbose:gc
06-19 12:54:07.521 I/zygote64( 1663): option[5]=-Xms4m
06-19 12:54:07.521 I/zygote64( 1663): option[6]=-Xmx512m
06-19 12:54:07.521 I/zygote64( 1663): option[7]=-Xusejit:true
06-19 12:54:07.521 I/zygote64( 1663): option[8]=-Xjitsaveprofilinginfo
06-19 12:54:07.521 I/zygote64( 1663): option[9]=-XjdwpOptions:suspend=n,server=y
06-19 12:54:07.521 I/zygote64( 1663): option[10]=-XjdwpProvider:default
06-19 12:54:07.521 I/zygote64( 1663): option[11]=-Xlockprofthreshold:500
06-19 12:54:07.521 I/zygote64( 1663): option[12]=-Ximage-compiler-option
06-19 12:54:07.521 I/zygote64( 1663): option[13]=--runtime-arg
06-19 12:54:07.521 I/zygote64( 1663): option[14]=-Ximage-compiler-option
06-19 12:54:07.521 I/zygote64( 1663): option[15]=-Xms64m
06-19 12:54:07.521 I/zygote64( 1663): option[16]=-Ximage-compiler-option
06-19 12:54:07.521 I/zygote64( 1663): option[17]=--runtime-arg
06-19 12:54:07.521 I/zygote64( 1663): option[18]=-Ximage-compiler-option
06-19 12:54:07.521 I/zygote64( 1663): option[19]=-Xmx64m
06-19 12:54:07.521 I/zygote64( 1663): option[20]=-Ximage-compiler-option
06-19 12:54:07.521 I/zygote64( 1663): option[21]=--profile-file=/system/etc/boot-image.prof
06-19 12:54:07.521 I/zygote64( 1663): option[22]=-Ximage-compiler-option
06-19 12:54:07.521 I/zygote64( 1663): option[23]=--compiler-filter=speed-profile
06-19 12:54:07.521 I/zygote64( 1663): option[24]=-Xcompiler-option
06-19 12:54:07.521 I/zygote64( 1663): option[25]=--runtime-arg
06-19 12:54:07.521 I/zygote64( 1663): option[26]=-Xcompiler-option
06-19 12:54:07.521 I/zygote64( 1663): option[27]=-Xms64m
06-19 12:54:07.521 I/zygote64( 1663): option[28]=-Xcompiler-option
06-19 12:54:07.521 I/zygote64( 1663): option[29]=--runtime-arg
06-19 12:54:07.521 I/zygote64( 1663): option[30]=-Xcompiler-option
06-19 12:54:07.521 I/zygote64( 1663): option[31]=-Xmx512m
06-19 12:54:07.521 I/zygote64( 1663): option[32]=-Ximage-compiler-option
06-19 12:54:07.521 I/zygote64( 1663): option[33]=--instruction-set-variant=x86_64
06-19 12:54:07.521 I/zygote64( 1663): option[34]=-Xcompiler-option
06-19 12:54:07.521 I/zygote64( 1663): option[35]=--instruction-set-variant=x86_64
06-19 12:54:07.521 I/zygote64( 1663): option[36]=-Ximage-compiler-option
06-19 12:54:07.521 I/zygote64( 1663): option[37]=--instruction-set-features=default
06-19 12:54:07.521 I/zygote64( 1663): option[38]=-Xcompiler-option
06-19 12:54:07.521 I/zygote64( 1663): option[39]=--instruction-set-features=default
06-19 12:54:07.521 I/zygote64( 1663): option[40]=-Duser.locale=en-US
06-19 12:54:07.521 I/zygote64( 1663): option[41]=--cpu-abilist=x86_64
06-19 12:54:07.521 I/zygote64( 1663): option[42]=-Xcompiler-option
06-19 12:54:07.521 I/zygote64( 1663): option[43]=--generate-mini-debug-info
06-19 12:54:07.521 I/zygote64( 1663): option[44]=-Xcore-platform-api-policy:just-warn
06-19 12:54:07.521 I/zygote64( 1663): option[45]=-Xfingerprint:google/sdk_gphone_x86_64/generic_x86_64:10/QSR1.211112.011/13135432:userdebug/dev-keys
06-19 12:54:07.533 I/ServiceManager( 1751): Waiting for service 'package_native' on '/dev/binder'...
06-19 12:54:07.566 D/RenderEngine( 1707): shader cache generated - 48 shaders in 259.226379 ms
06-19 12:54:07.568 I/ServiceManagement( 1707): Registered android.frameworks.displayservice@1.0::IDisplayService/default (start delay of 1049ms)
06-19 12:54:07.568 D/SurfaceFlinger( 1707): Setting power mode 2 on display 0
06-19 12:54:07.569 D/SurfaceFlinger( 1707): Finished setting power mode 2 on display 0
06-19 12:54:07.572 I/zygote64( 1663): Core platform API reporting enabled, enforcing=false
06-19 12:54:07.591 D/AndroidRuntime( 1664): >>>>>> START com.android.internal.os.ZygoteInit uid 0 <<<<<<
06-19 12:54:07.622 I/AndroidRuntime( 1664): Using default boot image
06-19 12:54:07.622 I/AndroidRuntime( 1664): Leaving lock profiling enabled
06-19 12:54:07.634 I/ServiceManager( 1751): Waiting for service 'package_native' on '/dev/binder'...
06-19 12:54:07.635 I//apex/com.android.media.swcodec/bin/mediaswcodec( 1756): media swcodec service starting
06-19 12:54:07.636 I/zygote  ( 1664): option[0]=-Xzygote
06-19 12:54:07.636 I/zygote  ( 1664): option[1]=exit
06-19 12:54:07.636 I/zygote  ( 1664): option[2]=vfprintf
06-19 12:54:07.636 I/zygote  ( 1664): option[3]=sensitiveThread
06-19 12:54:07.636 I/zygote  ( 1664): option[4]=-verbose:gc
06-19 12:54:07.636 I/zygote  ( 1664): option[5]=-Xms4m
06-19 12:54:07.636 I/zygote  ( 1664): option[6]=-Xmx512m
06-19 12:54:07.636 I/zygote  ( 1664): option[7]=-Xusejit:true
06-19 12:54:07.636 I/zygote  ( 1664): option[8]=-Xjitsaveprofilinginfo
06-19 12:54:07.636 I/zygote  ( 1664): option[9]=-XjdwpOptions:suspend=n,server=y
06-19 12:54:07.636 I/zygote  ( 1664): option[10]=-XjdwpProvider:default
06-19 12:54:07.636 I/zygote  ( 1664): option[11]=-Xlockprofthreshold:500
06-19 12:54:07.636 I/zygote  ( 1664): option[12]=-Ximage-compiler-option
06-19 12:54:07.636 I/zygote  ( 1664): option[13]=--runtime-arg
06-19 12:54:07.636 I/zygote  ( 1664): option[14]=-Ximage-compiler-option
06-19 12:54:07.636 I/zygote  ( 1664): option[15]=-Xms64m
06-19 12:54:07.636 I/zygote  ( 1664): option[16]=-Ximage-compiler-option
06-19 12:54:07.636 I/zygote  ( 1664): option[17]=--runtime-arg
06-19 12:54:07.636 I/zygote  ( 1664): option[18]=-Ximage-compiler-option
06-19 12:54:07.636 I/zygote  ( 1664): option[19]=-Xmx64m
06-19 12:54:07.636 I/zygote  ( 1664): option[20]=-Ximage-compiler-option
06-19 12:54:07.636 I/zygote  ( 1664): option[21]=--profile-file=/system/etc/boot-image.prof
06-19 12:54:07.636 I/zygote  ( 1664): option[22]=-Ximage-compiler-option
06-19 12:54:07.636 I/zygote  ( 1664): option[23]=--compiler-filter=speed-profile
06-19 12:54:07.636 I/zygote  ( 1664): option[24]=-Xcompiler-option
06-19 12:54:07.636 I/zygote  ( 1664): option[25]=--runtime-arg
06-19 12:54:07.636 I/zygote  ( 1664): option[26]=-Xcompiler-option
06-19 12:54:07.637 I/zygote  ( 1664): option[27]=-Xms64m
06-19 12:54:07.637 I/zygote  ( 1664): option[28]=-Xcompiler-option
06-19 12:54:07.637 I/zygote  ( 1664): option[29]=--runtime-arg
06-19 12:54:07.637 I/zygote  ( 1664): option[30]=-Xcompiler-option
06-19 12:54:07.637 I/zygote  ( 1664): option[31]=-Xmx512m
06-19 12:54:07.637 I/zygote  ( 1664): option[32]=-Ximage-compiler-option
06-19 12:54:07.637 I/zygote  ( 1664): option[33]=--instruction-set-variant=x86_64
06-19 12:54:07.637 I/zygote  ( 1664): option[34]=-Xcompiler-option
06-19 12:54:07.637 I/zygote  ( 1664): option[35]=--instruction-set-variant=x86_64
06-19 12:54:07.637 I/zygote  ( 1664): option[36]=-Ximage-compiler-option
06-19 12:54:07.637 I/zygote  ( 1664): option[37]=--instruction-set-features=default
06-19 12:54:07.637 I/zygote  ( 1664): option[38]=-Xcompiler-option
06-19 12:54:07.637 I/zygote  ( 1664): option[39]=--instruction-set-features=default
06-19 12:54:07.637 I/zygote  ( 1664): option[40]=-Duser.locale=en-US
06-19 12:54:07.637 I/zygote  ( 1664): option[41]=--cpu-abilist=x86
06-19 12:54:07.637 I/zygote  ( 1664): option[42]=-Xcompiler-option
06-19 12:54:07.637 I/zygote  ( 1664): option[43]=--generate-mini-debug-info
06-19 12:54:07.637 I/zygote  ( 1664): option[44]=-Xcore-platform-api-policy:just-warn
06-19 12:54:07.637 I/zygote  ( 1664): option[45]=-Xfingerprint:google/sdk_gphone_x86_64/generic_x86_64:10/QSR1.211112.011/13135432:userdebug/dev-keys
06-19 12:54:07.641 W//apex/com.android.media.swcodec/bin/mediaswcodec( 1756): Could not read additional policy file '/vendor/etc/seccomp_policy/mediaswcodec.policy'
06-19 12:54:07.641 W//apex/com.android.media.swcodec/bin/mediaswcodec( 1756): libminijail[1756]: failed to get path of fd 4: No such file or directory
06-19 12:54:07.641 W//apex/com.android.media.swcodec/bin/mediaswcodec( 1756): libminijail[1756]: allowing syscall: socket
06-19 12:54:07.641 W//apex/com.android.media.swcodec/bin/mediaswcodec( 1756): libminijail[1756]: allowing syscall: connect
06-19 12:54:07.641 W//apex/com.android.media.swcodec/bin/mediaswcodec( 1756): libminijail[1756]: allowing syscall: fcntl
06-19 12:54:07.642 W//apex/com.android.media.swcodec/bin/mediaswcodec( 1756): libminijail[1756]: allowing syscall: writev
06-19 12:54:07.642 W//apex/com.android.media.swcodec/bin/mediaswcodec( 1756): libminijail[1756]: compile_file: <fd>(20): nonexistent syscall 'getuid32'
06-19 12:54:07.642 W//apex/com.android.media.swcodec/bin/mediaswcodec( 1756): libminijail[1756]: compile_file: <fd>(26): nonexistent syscall 'mmap2'
06-19 12:54:07.642 W//apex/com.android.media.swcodec/bin/mediaswcodec( 1756): libminijail[1756]: compile_file: <fd>(28): nonexistent syscall 'fstat64'
06-19 12:54:07.642 W//apex/com.android.media.swcodec/bin/mediaswcodec( 1756): libminijail[1756]: compile_file: <fd>(30): nonexistent syscall 'stat64'
06-19 12:54:07.642 W//apex/com.android.media.swcodec/bin/mediaswcodec( 1756): libminijail[1756]: compile_file: <fd>(31): nonexistent syscall 'statfs64'
06-19 12:54:07.642 W//apex/com.android.media.swcodec/bin/mediaswcodec( 1756): libminijail[1756]: compile_file: <fd>(33): nonexistent syscall 'fstatat64'
06-19 12:54:07.642 I/mediaserver( 1748): ServiceManager: 0xea706ca0
06-19 12:54:07.642 W//apex/com.android.media.swcodec/bin/mediaswcodec( 1756): libminijail[1756]: compile_file: <fd>(38): nonexistent syscall '_llseek'
06-19 12:54:07.642 W//apex/com.android.media.swcodec/bin/mediaswcodec( 1756): libminijail[1756]: compile_file: <fd>(47): nonexistent syscall 'ugetrlimit'
06-19 12:54:07.642 W//apex/com.android.media.swcodec/bin/mediaswcodec( 1756): libminijail[1756]: compile_file: <fd>(50): nonexistent syscall '_llseek'
06-19 12:54:07.642 W//apex/com.android.media.swcodec/bin/mediaswcodec( 1756): libminijail[1756]: compile_file: <fd>(51): nonexistent syscall 'fstatfs64'
06-19 12:54:07.642 W//apex/com.android.media.swcodec/bin/mediaswcodec( 1756): libminijail[1756]: compile_file: <fd>(63): nonexistent syscall 'ftruncate64'
06-19 12:54:07.643 W//apex/com.android.media.swcodec/bin/mediaswcodec( 1756): libminijail[1756]: compile_file: /system/etc/seccomp_policy/crash_dump.x86.policy(5): nonexistent syscall 'sigreturn'
06-19 12:54:07.643 W//apex/com.android.media.swcodec/bin/mediaswcodec( 1756): libminijail[1756]: compile_file: /system/etc/seccomp_policy/crash_dump.x86.policy(31): nonexistent syscall 'getuid32'
06-19 12:54:07.643 W//apex/com.android.media.swcodec/bin/mediaswcodec( 1756): libminijail[1756]: compile_file: /system/etc/seccomp_policy/crash_dump.x86.policy(32): nonexistent syscall 'fstat64'
06-19 12:54:07.643 W//apex/com.android.media.swcodec/bin/mediaswcodec( 1756): libminijail[1756]: compile_file: /system/etc/seccomp_policy/crash_dump.x86.policy(33): nonexistent syscall 'mmap2'
06-19 12:54:07.643 W//apex/com.android.media.swcodec/bin/mediaswcodec( 1756): libminijail[1756]: compile_file: /system/etc/seccomp_policy/crash_dump.x86.policy(34): nonexistent syscall 'geteuid32'
06-19 12:54:07.643 W//apex/com.android.media.swcodec/bin/mediaswcodec( 1756): libminijail[1756]: compile_file: /system/etc/seccomp_policy/crash_dump.x86.policy(35): nonexistent syscall 'getgid32'
06-19 12:54:07.643 W//apex/com.android.media.swcodec/bin/mediaswcodec( 1756): libminijail[1756]: compile_file: /system/etc/seccomp_policy/crash_dump.x86.policy(36): nonexistent syscall 'getegid32'
06-19 12:54:07.643 W//apex/com.android.media.swcodec/bin/mediaswcodec( 1756): libminijail[1756]: compile_file: /system/etc/seccomp_policy/crash_dump.x86.policy(37): nonexistent syscall 'getgroups32'
06-19 12:54:07.643 W//apex/com.android.media.swcodec/bin/mediaswcodec( 1756): libminijail[1756]: logging seccomp filter failures
06-19 12:54:07.644 I/CodecServiceRegistrant( 1756): Creating software Codec2 service...
06-19 12:54:07.651 I/ServiceManagement( 1756): Registered android.hardware.media.c2@1.0::IComponentStore/software (start delay of 942ms)
06-19 12:54:07.651 I/CodecServiceRegistrant( 1756): Software Codec2 service created.
06-19 12:54:07.661 I/zygote  ( 1664): Core platform API reporting enabled, enforcing=false
06-19 12:54:07.668 E/MediaExtractorFactory( 1746): couldn't opendir(/system/lib64/extractors)
06-19 12:54:07.679 W/BatteryNotifier( 1748): batterystats service unavailable!
06-19 12:54:07.719 I/BootAnimation( 1870): boot animation disabled
06-19 12:54:07.735 I/ServiceManager( 1751): Waiting for service 'package_native' on '/dev/binder'...
06-19 12:54:07.791 I/FastMixerState( 1704): sMaxFastTracks = 8
06-19 12:54:07.792 V/MediaUtils( 1704): physMem: 2089566208
06-19 12:54:07.792 V/MediaUtils( 1704): requested limit: 417913240
06-19 12:54:07.792 I/libc    ( 1704): malloc_limit: Allocation limit enabled, max size 417913240 bytes
06-19 12:54:07.793 I/audioserver( 1704): ServiceManager: 0x7ddd7d439dc0
06-19 12:54:07.793 W/BatteryNotifier( 1704): batterystats service unavailable!
06-19 12:54:07.793 I/hwservicemanager( 1566): getTransport: Cannot find entry android.hardware.audio@5.0::IDevicesFactory/default in either framework or device manifest.
06-19 12:54:07.798 I/hwservicemanager( 1566): getTransport: Cannot find entry android.hardware.audio@4.0::IDevicesFactory/msd in either framework or device manifest.
06-19 12:54:07.799 I/hwservicemanager( 1566): getTransport: Cannot find entry android.hardware.audio.effect@5.0::IEffectsFactory/default in either framework or device manifest.
06-19 12:54:07.800 I/AudioFlinger( 1704): Using default 3000 mSec as standby time.
06-19 12:54:07.807 E/APM::Serializer( 1704): deserialize: Could not parse /odm/etc/audio_policy_configuration.xml document.
06-19 12:54:07.809 E/APM::AudioPolicyEngine/Config( 1704): parse: Could not parse document /vendor/etc/audio_policy_engine_configuration.xml
06-19 12:54:07.809 W/APM::AudioPolicyEngine/Base( 1704): loadAudioPolicyEngineConfig: No configuration found, using default matching phone experience.
06-19 12:54:07.809 E/APM::AudioPolicyEngine/Config( 1704): parseLegacyVolumeFile: Could not parse document /odm/etc/audio_policy_configuration.xml
06-19 12:54:07.814 D/audio_hw_generic( 1671): Emulator host-side ALSA audio emulation detected.
06-19 12:54:07.814 D/audio_hw_generic( 1671): mixer 0 name Master Playback Volume
06-19 12:54:07.814 D/audio_hw_generic( 1671): set ctl 0 to 100
06-19 12:54:07.814 D/audio_hw_generic( 1671): set ctl 1 to 100
06-19 12:54:07.814 D/audio_hw_generic( 1671): mixer 1 name Master Playback Switch
06-19 12:54:07.814 D/audio_hw_generic( 1671): set ctl 0 to 1
06-19 12:54:07.814 D/audio_hw_generic( 1671): set ctl 1 to 1
06-19 12:54:07.814 D/audio_hw_generic( 1671): mixer 2 name Capture Volume
06-19 12:54:07.814 D/audio_hw_generic( 1671): set ctl 0 to 100
06-19 12:54:07.814 D/audio_hw_generic( 1671): set ctl 1 to 100
06-19 12:54:07.814 D/audio_hw_generic( 1671): mixer 3 name Capture Switch
06-19 12:54:07.815 D/audio_hw_generic( 1671): set ctl 0 to 1
06-19 12:54:07.815 D/audio_hw_generic( 1671): set ctl 1 to 1
06-19 12:54:07.815 D/audio_hw_generic( 1671): mixer 4 name Line Phantom Jack
06-19 12:54:07.815 D/audio_hw_generic( 1671): mixer 5 name Line Out Phantom Jack
06-19 12:54:07.815 D/audio_hw_generic( 1671): mixer 6 name Playback Channel Map
06-19 12:54:07.815 D/audio_hw_generic( 1671): mixer 7 name Capture Channel Map
06-19 12:54:07.815 W/DeviceHAL( 1671): Error from HAL Device in function get_master_volume: Function not implemented
06-19 12:54:07.815 W/DeviceHAL( 1671): Error from HAL Device in function get_master_mute: Function not implemented
06-19 12:54:07.815 W/DeviceHAL( 1671): Error from HAL Device in function set_master_volume: Function not implemented
06-19 12:54:07.815 W/DeviceHAL( 1671): Error from HAL Device in function set_master_mute: Function not implemented
06-19 12:54:07.816 I/AudioFlinger( 1704): loadHwModule() Loaded primary audio interface, handle 10
06-19 12:54:07.816 I/AudioFlinger( 1704): openOutput() this 0x7ddd7d444600, module 10 Device 0x2, SamplingRate 44100, Format 0x000001, Channels 0x3, flags 0x2
06-19 12:54:07.818 W/AudioFlinger( 1704): HAL output buffer size is 661 frames but AudioMixer requires multiples of 16 frames
06-19 12:54:07.818 I/AudioFlinger( 1704): HAL output buffer size 661 frames, normal sink buffer size 1056 frames
06-19 12:54:07.819 I/hwservicemanager( 1566): getTransport: Cannot find entry android.hardware.audio.effect@5.0::IEffectsFactory/default in either framework or device manifest.
06-19 12:54:07.825 I/BufferProvider( 1704): found effect "Multichannel Downmix To Stereo" from The Android Open Source Project
06-19 12:54:07.825 I/AudioFlinger( 1704): Using module 10 as the primary audio interface
06-19 12:54:07.825 I/AudioFlinger( 1704): AudioFlinger's thread 0x7ddd7d4e2e80 tid=1883 ready to run
06-19 12:54:07.825 W/AudioFlinger( 1704): no wake lock to update, system not ready yet
06-19 12:54:07.826 W/AudioFlinger( 1704): no wake lock to update, system not ready yet
06-19 12:54:07.826 V/APM_AudioPolicyManager( 1704): checkAndSetVolume cannot set volume group 3 volume with force use = 0 for comm
06-19 12:54:07.829 W/AudioFlinger( 1704): moveEffects() bad srcOutput 0
06-19 12:54:07.829 V/APM_AudioPolicyManager( 1704): selectOutputForMusicEffects selected output 13
06-19 12:54:07.829 V/APM_AudioPolicyManager( 1704): setOutputDevices device {type:0x2,@:} delayMs 0
06-19 12:54:07.829 V/APM_AudioPolicyManager( 1704): setOutputDevices() prevDevice {type:0x2,@:}
06-19 12:54:07.829 V/APM_AudioPolicyManager( 1704): setOutputDevices changing device to {type:0x2,@:}
06-19 12:54:07.830 V/APM_AudioPolicyManager( 1704): setOutputDevices() AF::createAudioPatch returned 0 patchHandle 12 num_sources 1 num_sinks 1
06-19 12:54:07.830 V/APM_AudioPolicyManager( 1704): checkAndSetVolume cannot set volume group 3 volume with force use = 0 for comm
06-19 12:54:07.835 I/ServiceManager( 1751): Waiting for service 'package_native' on '/dev/binder'...
06-19 12:54:07.836 I/AudioFlinger( 1704): AudioFlinger's thread 0x7ddd787924c0 tid=1886 ready to run
06-19 12:54:07.837 I/r_submix( 1671): adev_open(name=audio_hw_if)
06-19 12:54:07.838 I/r_submix( 1671): adev_init_check()
06-19 12:54:07.838 W/DeviceHAL( 1671): Error from HAL Device in function set_master_volume: Function not implemented
06-19 12:54:07.838 W/DeviceHAL( 1671): Error from HAL Device in function set_master_mute: Function not implemented
06-19 12:54:07.838 I/AudioFlinger( 1704): loadHwModule() Loaded r_submix audio interface, handle 18
06-19 12:54:07.838 D/r_submix( 1671): adev_open_input_stream(addr=0)
06-19 12:54:07.838 D/r_submix( 1671): submix_audio_device_create_pipe_l(addr=0, idx=9)
06-19 12:54:07.838 D/r_submix( 1671):   now using address 0 for route 9
06-19 12:54:07.840 I/AudioFlinger( 1704): AudioFlinger's thread 0x7ddd78792040 tid=1888 ready to run
06-19 12:54:07.841 I/        ( 1704): Waiting for activity service
06-19 12:54:07.841 D/r_submix( 1671): adev_close_input_stream()
06-19 12:54:07.841 D/r_submix( 1671): submix_audio_device_release_pipe_l(idx=9) addr=0
06-19 12:54:07.841 D/r_submix( 1671): submix_audio_device_destroy_pipe_l(): pipe destroyed
06-19 12:54:07.879 I/adbd    ( 1728): adbd listening on port 5555
06-19 12:54:07.880 I/adbd    ( 1728): USB event: FUNCTIONFS_ENABLE
06-19 12:54:07.880 W/adbd    ( 1728): received FUNCTIONFS_ENABLE while not bound?
06-19 12:54:07.880 I/adbd    ( 1728): UsbFfs: connection terminated: monitor thread finished
06-19 12:54:07.881 I/adbd    ( 1728): UsbFfs: already offline
06-19 12:54:07.881 I/adbd    ( 1728): destroying transport UsbFfs
06-19 12:54:07.881 I/adbd    ( 1728): UsbFfsConnection being destroyed
06-19 12:54:07.930 D/ICU     ( 1663): Time zone APEX file found: /apex/com.android.tzdata/etc/icu/icu_tzdata.dat
06-19 12:54:07.930 D/ICU     ( 1664): Time zone APEX file found: /apex/com.android.tzdata/etc/icu/icu_tzdata.dat
06-19 12:54:07.936 I/ServiceManager( 1751): Waiting for service 'package_native' on '/dev/binder'...
06-19 12:54:07.959 I/adbd    ( 1728): opening control endpoint /dev/usb-ffs/adb/ep0
06-19 12:54:07.969 I/adbd    ( 1728): UsbFfsConnection constructed
06-19 12:54:07.970 I/adbd    ( 1728): USB event: FUNCTIONFS_BIND
06-19 12:54:07.980 W/zygote64( 1663): Unexpected CPU variant for X86 using defaults: x86_64
06-19 12:54:07.981 W/zygote  ( 1664): Unexpected CPU variant for X86 using defaults: x86_64
06-19 12:54:08.036 I/ServiceManager( 1751): Waiting for service 'package_native' on '/dev/binder'...
06-19 12:54:08.053 W/zygote  ( 1664): JNI RegisterNativeMethods: attempt to register 0 native methods for android.media.AudioAttributes
06-19 12:54:08.053 W/zygote64( 1663): JNI RegisterNativeMethods: attempt to register 0 native methods for android.media.AudioAttributes
06-19 12:54:08.064 D/Zygote  ( 1663): begin preload
06-19 12:54:08.064 I/Zygote  ( 1663): Calling ZygoteHooks.beginPreload()
06-19 12:54:08.069 I/zygote  ( 1664): Explicit concurrent copying GC freed 296(39KB) AllocSpace objects, 0(0B) LOS objects, 98% free, 24KB/1560KB, paused 369us total 4.760ms
06-19 12:54:08.073 I/zygote  ( 1664): Explicit concurrent copying GC freed 5(32KB) AllocSpace objects, 0(0B) LOS objects, 98% free, 24KB/1560KB, paused 327us total 2.250ms
06-19 12:54:08.074 D/Zygote32Timing( 1664): PostZygoteInitGC took to complete: 10ms
06-19 12:54:08.074 D/Zygote32Timing( 1664): ZygoteInit took to complete: 10ms
06-19 12:54:08.086 D/Zygote64Timing( 1663): BeginPreload took to complete: 22ms
06-19 12:54:08.086 I/Zygote  ( 1663): Preloading classes...
06-19 12:54:08.087 W/Zygote  ( 1663): Class not found for preloading: android.app.-$$Lambda$ActivityThread$ZXDWm3IBeFmLnFVblhB-IOZCr9o
06-19 12:54:08.112 I/Zygote  ( 1664): Accepting command socket connections
06-19 12:54:08.126 W/Zygote  ( 1663): Class not found for preloading: android.bluetooth.BluetoothA2dp$2
06-19 12:54:08.133 I/PackageBackwardCompatibility( 1663): Could not find android.content.pm.AndroidTestBaseUpdater, ignoring
06-19 12:54:08.136 I/ServiceManager( 1751): Waiting for service 'package_native' on '/dev/binder'...
06-19 12:54:08.237 I/chatty  ( 1751): uid=0(root) /system/bin/storaged identical 1 line
06-19 12:54:08.337 I/ServiceManager( 1751): Waiting for service 'package_native' on '/dev/binder'...
06-19 12:54:08.367 E/ActivityRecognitionHardware( 1663): activity_recognition HAL is deprecated. class_init is effectively a no-op
06-19 12:54:08.384 I/adbd    ( 1728): host-11: write thread spawning
06-19 12:54:08.385 I/adbd    ( 1728): host-11: read thread spawning
06-19 12:54:08.399 I/zygote64( 1663): Thread[1,tid=1663,Native,Thread*=0x7852fb474000,peer=0x12c02208,"main"] recursive attempt to load library "libmedia_jni.so"
06-19 12:54:08.399 D/MtpDeviceJNI( 1663): register_android_mtp_MtpDevice
06-19 12:54:08.399 I/zygote64( 1663): Thread[1,tid=1663,Native,Thread*=0x7852fb474000,peer=0x12c02208,"main"] recursive attempt to load library "libmedia_jni.so"
06-19 12:54:08.399 I/zygote64( 1663): Thread[1,tid=1663,Native,Thread*=0x7852fb474000,peer=0x12c02208,"main"] recursive attempt to load library "libmedia_jni.so"
06-19 12:54:08.405 W/Zygote  ( 1663): Class not found for preloading: android.media.audiopolicy.AudioProductStrategies
06-19 12:54:08.405 W/Zygote  ( 1663): Class not found for preloading: android.media.audiopolicy.AudioVolumeGroups
06-19 12:54:08.443 I/ServiceManager( 1751): Waiting for service 'package_native' on '/dev/binder'...
06-19 12:54:08.486 W/Zygote  ( 1663): Class not found for preloading: android.view.textclassifier.-$$Lambda$TextClassificationManager$JIaezIJbMig_-kVzN6oArzkTsJE
06-19 12:54:08.491 W/Zygote  ( 1663): Class not found for preloading: com.android.internal.net.NetworkStatsFactory
06-19 12:54:08.496 W/Zygote  ( 1663): Class not found for preloading: com.android.internal.telephony.-$$Lambda$PhoneSubInfoController$8HFbCDJDN1mrLJG980qYH5MGqMk
06-19 12:54:08.496 W/Zygote  ( 1663): Class not found for preloading: com.android.internal.telephony.-$$Lambda$PhoneSubInfoController$U28a_EGx2cvmQhDfRRgonMt5Zrc
06-19 12:54:08.496 W/Zygote  ( 1663): Class not found for preloading: com.android.internal.telephony.-$$Lambda$SubscriptionInfoUpdater$-zZXM9oMRZ3vZz7dJOG19J00Bmw
06-19 12:54:08.496 W/Zygote  ( 1663): Class not found for preloading: com.android.internal.telephony.-$$Lambda$SubscriptionInfoUpdater$D5yF1HbS4cvCyoAj3FESkPtA_0g
06-19 12:54:08.496 W/Zygote  ( 1663): Class not found for preloading: com.android.internal.telephony.-$$Lambda$SubscriptionInfoUpdater$MMx9iQX0JVqqMPLTUZhdBubFSzU
06-19 12:54:08.504 W/Zygote  ( 1663): Class not found for preloading: com.android.internal.telephony.PhoneConfigurationModels
06-19 12:54:08.507 W/Zygote  ( 1663): Class not found for preloading: com.android.internal.telephony.SubscriptionController$ScLocalLog
06-19 12:54:08.508 W/Zygote  ( 1663): Class not found for preloading: com.android.internal.telephony.UiccSmsController
06-19 12:54:08.512 I/adbd    ( 1728): host-11: already offline
06-19 12:54:08.535 I/Zygote  ( 1663): ...preloaded 7590 classes in 449ms.
06-19 12:54:08.536 I/zygote64( 1663): VMRuntime.preloadDexCaches starting
06-19 12:54:08.544 I/ServiceManager( 1751): Waiting for service 'package_native' on '/dev/binder'...
06-19 12:54:08.550 I/zygote64( 1663): VMRuntime.preloadDexCaches strings total=378948 before=9925 after=9925
06-19 12:54:08.550 I/zygote64( 1663): VMRuntime.preloadDexCaches types total=35812 before=7199 after=7467
06-19 12:54:08.551 I/zygote64( 1663): VMRuntime.preloadDexCaches fields total=160603 before=8020 after=8221
06-19 12:54:08.551 I/zygote64( 1663): VMRuntime.preloadDexCaches methods total=281511 before=10884 after=11316
06-19 12:54:08.551 I/zygote64( 1663): VMRuntime.preloadDexCaches finished
06-19 12:54:08.551 D/Zygote64Timing( 1663): PreloadClasses took to complete: 465ms
06-19 12:54:08.554 I/zygote64( 1663): The ClassLoaderContext is a special shared library.
06-19 12:54:08.554 D/ApplicationLoaders( 1663): Created zygote-cached class loader: /system/framework/android.hidl.base-V1.0-java.jar
06-19 12:54:08.557 I/zygote64( 1663): The ClassLoaderContext is a special shared library.
06-19 12:54:08.557 D/ApplicationLoaders( 1663): Created zygote-cached class loader: /system/framework/android.hidl.manager-V1.0-java.jar
06-19 12:54:08.557 D/Zygote64Timing( 1663): CacheNonBootClasspathClassLoaders took to complete: 6ms
06-19 12:54:08.621 I/adbd    ( 1728): USB event: FUNCTIONFS_ENABLE
06-19 12:54:08.644 I/ServiceManager( 1751): Waiting for service 'package_native' on '/dev/binder'...
06-19 12:54:08.744 I/ServiceManager( 1751): Waiting for service 'package_native' on '/dev/binder'...
06-19 12:54:08.758 I/Zygote  ( 1663): Preloading resources...
06-19 12:54:08.766 W/Resources( 1663): Preloaded drawable resource #0x108027c (android:drawable/dialog_background_material) that varies with configuration!!
06-19 12:54:08.774 I/Zygote  ( 1663): ...preloaded 64 resources in 16ms.
06-19 12:54:08.775 I/Zygote  ( 1663): ...preloaded 41 resources in 1ms.
06-19 12:54:08.775 D/Zygote64Timing( 1663): PreloadResources took to complete: 218ms
06-19 12:54:08.780 I/Zygote  ( 1663): Preloading shared libraries...
06-19 12:54:08.786 I/Zygote  ( 1663): Called ZygoteHooks.endPreload()
06-19 12:54:08.786 I/Zygote  ( 1663): Installed AndroidKeyStoreProvider in 0ms.
06-19 12:54:08.789 I/Zygote  ( 1663): Warmed up JCA providers in 3ms.
06-19 12:54:08.789 D/Zygote  ( 1663): end preload
06-19 12:54:08.789 D/Zygote64Timing( 1663): ZygotePreload took to complete: 725ms
06-19 12:54:08.795 I/zygote64( 1663): Explicit concurrent copying GC freed 15716(744KB) AllocSpace objects, 0(0B) LOS objects, 71% free, 2436KB/8580KB, paused 332us total 5.655ms
06-19 12:54:08.803 I/zygote64( 1663): Explicit concurrent copying GC freed 1642(80KB) AllocSpace objects, 0(0B) LOS objects, 72% free, 2371KB/8515KB, paused 451us total 4.752ms
06-19 12:54:08.803 D/Zygote64Timing( 1663): PostZygoteInitGC took to complete: 14ms
06-19 12:54:08.803 D/Zygote64Timing( 1663): ZygoteInit took to complete: 739ms
06-19 12:54:08.845 I/ServiceManager( 1751): Waiting for service 'package_native' on '/dev/binder'...
06-19 12:54:08.869 D/Zygote  ( 1663): Forked child process 1920
06-19 12:54:08.869 I/Zygote  ( 1663): System server process 1920 has been created
06-19 12:54:08.869 I/Zygote  ( 1663): Accepting command socket connections
06-19 12:54:08.876 I/system_server( 1920): The ClassLoaderContext is a special shared library.
06-19 12:54:08.898 I/chatty  ( 1920): uid=1000 system_server identical 2 lines
06-19 12:54:08.903 I/system_server( 1920): The ClassLoaderContext is a special shared library.
06-19 12:54:08.905 W/system_server( 1920): Unexpected CPU variant for X86 using defaults: x86_64
06-19 12:54:08.933 I/SystemServer( 1920): InitBeforeStartServices
06-19 12:54:08.935 W/SystemServer( 1920): Timezone not set; setting to GMT.
06-19 12:54:08.937 I/SystemServer( 1920): Entered the Android system server!
06-19 12:54:08.945 I/ServiceManager( 1751): Waiting for service 'package_native' on '/dev/binder'...
06-19 12:54:09.045 I/ServiceManager( 1751): Waiting for service 'package_native' on '/dev/binder'...
06-19 12:54:09.050 E/UsbAlsaJackDetectorJNI( 1920): Can't register UsbAlsaJackDetector native methods
06-19 12:54:09.061 D/SystemServerTiming( 1920): InitBeforeStartServices took to complete: 128ms
06-19 12:54:09.061 I/SystemServer( 1920): StartServices
06-19 12:54:09.061 I/SystemServer( 1920): StartWatchdog
06-19 12:54:09.072 D/SystemServerTiming( 1920): StartWatchdog took to complete: 11ms
06-19 12:54:09.072 I/SystemServer( 1920): Reading configuration...
06-19 12:54:09.072 I/SystemServer( 1920): ReadingSystemConfig
06-19 12:54:09.075 D/SystemServerTiming( 1920): ReadingSystemConfig took to complete: 3ms
06-19 12:54:09.075 I/SystemServer( 1920): StartInstaller
06-19 12:54:09.076 I/SystemServiceManager( 1920): Starting com.android.server.pm.Installer
06-19 12:54:09.077 D/SystemServerInitThreadPool( 1920): Started executing ReadingSystemConfig
06-19 12:54:09.078 D/installd( 1742): Found quota mount /dev/block/vdc at /data
06-19 12:54:09.079 D/SystemServerTiming( 1920): StartInstaller took to complete: 4ms
06-19 12:54:09.079 I/SystemServer( 1920): DeviceIdentifiersPolicyService
06-19 12:54:09.079 I/SystemServiceManager( 1920): Starting com.android.server.os.DeviceIdentifiersPolicyService
06-19 12:54:09.079 D/SystemServerTiming( 1920): DeviceIdentifiersPolicyService took to complete: 0ms
06-19 12:54:09.079 I/SystemServer( 1920): UriGrantsManagerService
06-19 12:54:09.079 I/SystemServiceManager( 1920): Starting com.android.server.uri.UriGrantsManagerService$Lifecycle
06-19 12:54:09.082 D/SystemServerTiming( 1920): UriGrantsManagerService took to complete: 3ms
06-19 12:54:09.082 I/SystemServer( 1920): StartActivityManager
06-19 12:54:09.082 I/SystemServiceManager( 1920): Starting com.android.server.wm.ActivityTaskManagerService$Lifecycle
06-19 12:54:09.087 I/SystemServiceManager( 1920): Starting com.android.server.am.ActivityManagerService$Lifecycle
06-19 12:54:09.099 I/ActivityManager( 1920): Memory class: 512
06-19 12:54:09.110 D/BatteryStatsImpl( 1920): Reading daily items from /data/system/batterystats-daily.xml
06-19 12:54:09.112 I/SystemConfig( 1920): Adding association: com.google.android.as <- com.android.providers.contacts
06-19 12:54:09.112 I/SystemConfig( 1920): Adding association: com.google.android.as <- com.android.providers.media
06-19 12:54:09.112 I/SystemConfig( 1920): Adding association: com.google.android.as <- com.android.providers.telephony
06-19 12:54:09.112 I/SystemConfig( 1920): Adding association: com.google.android.as <- com.android.systemui
06-19 12:54:09.112 I/SystemConfig( 1920): Adding association: com.google.android.as <- com.google.android.gms
06-19 12:54:09.112 I/SystemConfig( 1920): Adding association: com.google.android.as <- com.google.android.gsf
06-19 12:54:09.113 E/BatteryStatsImpl( 1920): Error reading battery statistics
06-19 12:54:09.113 E/BatteryStatsImpl( 1920): java.io.FileNotFoundException: /data/system/batterystats.bin: open failed: ENOENT (No such file or directory)
06-19 12:54:09.113 E/BatteryStatsImpl( 1920): 	at libcore.io.IoBridge.open(IoBridge.java:496)
06-19 12:54:09.113 E/BatteryStatsImpl( 1920): 	at java.io.FileInputStream.<init>(FileInputStream.java:159)
06-19 12:54:09.113 E/BatteryStatsImpl( 1920): 	at com.android.internal.os.AtomicFile.openRead(AtomicFile.java:157)
06-19 12:54:09.113 E/BatteryStatsImpl( 1920): 	at com.android.internal.os.AtomicFile.readFully(AtomicFile.java:162)
06-19 12:54:09.113 E/BatteryStatsImpl( 1920): 	at com.android.internal.os.BatteryStatsImpl.readLocked(BatteryStatsImpl.java:13339)
06-19 12:54:09.113 E/BatteryStatsImpl( 1920): 	at com.android.server.am.ActivityManagerService.<init>(ActivityManagerService.java:2501)
06-19 12:54:09.113 E/BatteryStatsImpl( 1920): 	at com.android.server.am.ActivityManagerService$Lifecycle.<init>(ActivityManagerService.java:2215)
06-19 12:54:09.113 E/BatteryStatsImpl( 1920): 	at java.lang.reflect.Constructor.newInstance0(Native Method)
06-19 12:54:09.113 E/BatteryStatsImpl( 1920): 	at java.lang.reflect.Constructor.newInstance(Constructor.java:343)
06-19 12:54:09.113 E/BatteryStatsImpl( 1920): 	at com.android.server.SystemServiceManager.startService(SystemServiceManager.java:101)
06-19 12:54:09.113 E/BatteryStatsImpl( 1920): 	at com.android.server.am.ActivityManagerService$Lifecycle.startService(ActivityManagerService.java:2221)
06-19 12:54:09.113 E/BatteryStatsImpl( 1920): 	at com.android.server.SystemServer.startBootstrapServices(SystemServer.java:660)
06-19 12:54:09.113 E/BatteryStatsImpl( 1920): 	at com.android.server.SystemServer.run(SystemServer.java:510)
06-19 12:54:09.113 E/BatteryStatsImpl( 1920): 	at com.android.server.SystemServer.main(SystemServer.java:349)
06-19 12:54:09.113 E/BatteryStatsImpl( 1920): 	at java.lang.reflect.Method.invoke(Native Method)
06-19 12:54:09.113 E/BatteryStatsImpl( 1920): 	at com.android.internal.os.RuntimeInit$MethodAndArgsCaller.run(RuntimeInit.java:492)
06-19 12:54:09.113 E/BatteryStatsImpl( 1920): 	at com.android.internal.os.ZygoteInit.main(ZygoteInit.java:908)
06-19 12:54:09.113 E/BatteryStatsImpl( 1920): Caused by: android.system.ErrnoException: open failed: ENOENT (No such file or directory)
06-19 12:54:09.113 E/BatteryStatsImpl( 1920): 	at libcore.io.Linux.open(Native Method)
06-19 12:54:09.113 E/BatteryStatsImpl( 1920): 	at libcore.io.ForwardingOs.open(ForwardingOs.java:167)
06-19 12:54:09.113 E/BatteryStatsImpl( 1920): 	at libcore.io.BlockGuardOs.open(BlockGuardOs.java:252)
06-19 12:54:09.113 E/BatteryStatsImpl( 1920): 	at libcore.io.IoBridge.open(IoBridge.java:482)
06-19 12:54:09.113 E/BatteryStatsImpl( 1920): 	... 16 more
06-19 12:54:09.113 E/BatteryStatsImpl( 1920): Error reading battery history
06-19 12:54:09.113 E/BatteryStatsImpl( 1920): java.io.FileNotFoundException: /data/system/battery-history/0.bin: open failed: ENOENT (No such file or directory)
06-19 12:54:09.113 E/BatteryStatsImpl( 1920): 	at libcore.io.IoBridge.open(IoBridge.java:496)
06-19 12:54:09.113 E/BatteryStatsImpl( 1920): 	at java.io.FileInputStream.<init>(FileInputStream.java:159)
06-19 12:54:09.113 E/BatteryStatsImpl( 1920): 	at com.android.internal.os.AtomicFile.openRead(AtomicFile.java:157)
06-19 12:54:09.113 E/BatteryStatsImpl( 1920): 	at com.android.internal.os.AtomicFile.readFully(AtomicFile.java:162)
06-19 12:54:09.113 E/BatteryStatsImpl( 1920): 	at com.android.internal.os.BatteryStatsImpl.readLocked(BatteryStatsImpl.java:13358)
06-19 12:54:09.113 E/BatteryStatsImpl( 1920): 	at com.android.server.am.ActivityManagerService.<init>(ActivityManagerService.java:2501)
06-19 12:54:09.113 E/BatteryStatsImpl( 1920): 	at com.android.server.am.ActivityManagerService$Lifecycle.<init>(ActivityManagerService.java:2215)
06-19 12:54:09.113 E/BatteryStatsImpl( 1920): 	at java.lang.reflect.Constructor.newInstance0(Native Method)
06-19 12:54:09.113 E/BatteryStatsImpl( 1920): 	at java.lang.reflect.Constructor.newInstance(Constructor.java:343)
06-19 12:54:09.113 E/BatteryStatsImpl( 1920): 	at com.android.server.SystemServiceManager.startService(SystemServiceManager.java:101)
06-19 12:54:09.113 E/BatteryStatsImpl( 1920): 	at com.android.server.am.ActivityManagerService$Lifecycle.startService(ActivityManagerService.java:2221)
06-19 12:54:09.113 E/BatteryStatsImpl( 1920): 	at com.android.server.SystemServer.startBootstrapServices(SystemServer.java:660)
06-19 12:54:09.113 E/BatteryStatsImpl( 1920): 	at com.android.server.SystemServer.run(SystemServer.java:510)
06-19 12:54:09.113 E/BatteryStatsImpl( 1920): 	at com.android.server.SystemServer.main(SystemServer.java:349)
06-19 12:54:09.113 E/BatteryStatsImpl( 1920): 	at java.lang.reflect.Method.invoke(Native Method)
06-19 12:54:09.113 E/BatteryStatsImpl( 1920): 	at com.android.internal.os.RuntimeInit$MethodAndArgsCaller.run(RuntimeInit.java:492)
06-19 12:54:09.113 E/BatteryStatsImpl( 1920): 	at com.android.internal.os.ZygoteInit.main(ZygoteInit.java:908)
06-19 12:54:09.113 E/BatteryStatsImpl( 1920): Caused by: android.system.ErrnoException: open failed: ENOENT (No such file or directory)
06-19 12:54:09.113 E/BatteryStatsImpl( 1920): 	at libcore.io.Linux.open(Native Method)
06-19 12:54:09.113 E/BatteryStatsImpl( 1920): 	at libcore.io.ForwardingOs.open(ForwardingOs.java:167)
06-19 12:54:09.113 E/BatteryStatsImpl( 1920): 	at libcore.io.BlockGuardOs.open(BlockGuardOs.java:252)
06-19 12:54:09.113 E/BatteryStatsImpl( 1920): 	at libcore.io.IoBridge.open(IoBridge.java:482)
06-19 12:54:09.113 E/BatteryStatsImpl( 1920): 	... 16 more
06-19 12:54:09.115 I/hwservicemanager( 1566): getTransport: Cannot find entry android.hardware.power.stats@1.0::IPowerStats/default in either framework or device manifest.
06-19 12:54:09.116 I/BatteryStatsService( 1920): Using power HAL
06-19 12:54:09.116 E/BatteryStatsService( 1920): Unable to load Power.Stats.HAL. Setting rail availability to false
06-19 12:54:09.116 E/BluetoothAdapter( 1920): Bluetooth binder is null
06-19 12:54:09.117 E/BatteryExternalStatsWorker( 1920): no controller energy info supplied for telephony
06-19 12:54:09.118 E/KernelCpuUidFreqTimeReader( 1920): Failed to read /proc/uid_time_in_state: java.nio.file.NoSuchFileException: /proc/uid_time_in_state
06-19 12:54:09.120 W/KernelCpuProcStringReader( 1920): File not found. It's normal if not implemented: /proc/uid_time_in_state
06-19 12:54:09.120 W/KernelCpuProcStringReader( 1920): File not found. It's normal if not implemented: /proc/uid_concurrent_active_time
06-19 12:54:09.120 W/KernelCpuProcStringReader( 1920): File not found. It's normal if not implemented: /proc/uid_concurrent_policy_time
06-19 12:54:09.121 W/KernelMemoryBandwidthStats( 1920): No kernel memory bandwidth stats available
06-19 12:54:09.122 I/PowerManagerService-JNI( 1920): Loaded power HAL 1.0 service
06-19 12:54:09.122 I/PowerManagerService-JNI( 1920): Loaded power HAL 1.1 service
06-19 12:54:09.137 W/SystemConfig( 1920): No directory /product_services/etc/sysconfig, skipping
06-19 12:54:09.137 W/SystemConfig( 1920): No directory /product_services/etc/permissions, skipping
06-19 12:54:09.137 D/SystemServerInitThreadPool( 1920): Finished executing ReadingSystemConfig
06-19 12:54:09.137 I/hwservicemanager( 1566): getTransport: Cannot find entry android.hardware.memtrack@1.0::IMemtrack/default in either framework or device manifest.
06-19 12:54:09.137 E/memtrack( 1920): Couldn't load memtrack module
06-19 12:54:09.137 W/android.os.Debug( 1920): failed to get memory consumption info: -1
06-19 12:54:09.140 I/AppOps  ( 1920): No existing app ops /data/system/appops.xml; starting empty
06-19 12:54:09.143 I/IntentFirewall( 1920): Read new rules (A:0 B:0 S:0)
06-19 12:54:09.146 I/ServiceManager( 1751): Waiting for service 'package_native' on '/dev/binder'...
06-19 12:54:09.153 W/libprocessgroup( 1920): Failed to remove /acct/uid_1003: Permission denied
06-19 12:54:09.157 D/AppOps  ( 1920): AppOpsService published
06-19 12:54:09.161 D/SystemServerTiming( 1920): StartActivityManager took to complete: 79ms
06-19 12:54:09.161 I/SystemServer( 1920): StartPowerManager
06-19 12:54:09.161 I/SystemServiceManager( 1920): Starting com.android.server.power.PowerManagerService
06-19 12:54:09.167 D/SystemServerTiming( 1920): StartPowerManager took to complete: 6ms
06-19 12:54:09.167 I/SystemServer( 1920): StartThermalManager
06-19 12:54:09.167 I/SystemServiceManager( 1920): Starting com.android.server.power.ThermalManagerService
06-19 12:54:09.168 D/SystemServerTiming( 1920): StartThermalManager took to complete: 1ms
06-19 12:54:09.168 I/SystemServer( 1920): InitPowerManagement
06-19 12:54:09.168 D/SystemServerTiming( 1920): InitPowerManagement took to complete: 0ms
06-19 12:54:09.168 I/SystemServer( 1920): StartRecoverySystemService
06-19 12:54:09.168 I/SystemServiceManager( 1920): Starting com.android.server.RecoverySystemService
06-19 12:54:09.169 D/SystemServerTiming( 1920): StartRecoverySystemService took to complete: 1ms
06-19 12:54:09.170 V/RescueParty( 1920): Disabled because of active USB connection
06-19 12:54:09.170 I/SystemServer( 1920): StartLightsService
06-19 12:54:09.170 I/SystemServiceManager( 1920): Starting com.android.server.lights.LightsService
06-19 12:54:09.174 D/SystemServerTiming( 1920): StartLightsService took to complete: 4ms
06-19 12:54:09.174 I/SystemServer( 1920): StartSidekickService
06-19 12:54:09.174 D/SystemServerTiming( 1920): StartSidekickService took to complete: 1ms
06-19 12:54:09.174 I/SystemServer( 1920): StartDisplayManager
06-19 12:54:09.174 I/SystemServiceManager( 1920): Starting com.android.server.display.DisplayManagerService
06-19 12:54:09.176 D/SystemServerTiming( 1920): StartDisplayManager took to complete: 2ms
06-19 12:54:09.176 I/SystemServer( 1920): WaitForDisplay
06-19 12:54:09.176 I/SystemServiceManager( 1920): Starting phase 100
06-19 12:54:09.178 E/SurfaceFlinger( 1707): ro.sf.lcd_density must be defined as a build property
06-19 12:54:09.183 I/DisplayManagerService( 1920): Display device added: DisplayDeviceInfo{"Built-in Screen": uniqueId="local:0", 320 x 640, modeId 1, defaultModeId 1, supportedModes [{id=1, width=320, height=640, fps=60.000004}], colorMode 0, supportedColorModes [0], HdrCapabilities android.view.Display$HdrCapabilities@40f16308, density 160, 160.0 x 160.0 dpi, appVsyncOff 1000000, presDeadline 16666666, touch INTERNAL, rotation 0, type BUILT_IN, address {port=0}, state UNKNOWN, FLAG_DEFAULT_DISPLAY, FLAG_ROTATES_WITH_CONTENT, FLAG_SECURE, FLAG_SUPPORTS_PROTECTED_BUFFERS}
06-19 12:54:09.186 D/SurfaceFlinger( 1707): Setting power mode 2 on display 0
06-19 12:54:09.188 I/hwservicemanager( 1566): getTransport: Cannot find entry android.hardware.light@2.0::ILight/default in either framework or device manifest.
06-19 12:54:09.188 D/SystemServerTiming( 1920): WaitForDisplay took to complete: 11ms
06-19 12:54:09.188 W/StrictMode( 1920): No activity manager; failed to Dropbox violation.
06-19 12:54:09.188 I/SystemServer( 1920): StartPackageManagerService
06-19 12:54:09.188 I/Watchdog( 1920): Pausing HandlerChecker: main thread for reason: packagemanagermain. Pause count: 1
06-19 12:54:09.189 I/DisplayManagerService( 1920): Display device changed state: "Built-in Screen", ON
06-19 12:54:09.211 W/FileUtils( 1920): Failed to chmod(/data/system/packages.list): android.system.ErrnoException: chmod failed: ENOENT (No such file or directory)
06-19 12:54:09.214 D/SELinuxMMAC( 1920): Using policy file /system/etc/selinux/plat_mac_permissions.xml
06-19 12:54:09.215 D/SELinuxMMAC( 1920): Using policy file /vendor/etc/selinux/vendor_mac_permissions.xml
06-19 12:54:09.189 I/chatty  ( 1920): uid=1000(system) android.display identical 4 lines
06-19 12:54:09.189 W/StrictMode( 1920): No activity manager; failed to Dropbox violation.
06-19 12:54:09.216 D/FallbackCategoryProvider( 1920): Found 387 fallback categories
06-19 12:54:09.216 I/PackageManager( 1920): No settings file; creating initial state
06-19 12:54:09.219 D/PackageManager( 1920): No files in app dir /vendor/overlay
