06-19 12:54:09.880 W/PackageParser( 1920): No actions in intent filter at /system/product/priv-app/Velvet/Velvet.apk Binary XML file line #3398
06-19 12:54:09.899 I/PackageParser( 1920): Parse times for '/system/product/priv-app/PrebuiltGmsCore': parse=74ms, update_cache=56 ms
06-19 12:54:09.899 I/PackageManager( 1920): /system/product/priv-app/PrebuiltGmsCore changed; collecting certs
06-19 12:54:09.905 I/PackageParser( 1920): Parse times for '/system/product/priv-app/Velvet': parse=108ms, update_cache=25 ms
06-19 12:54:09.908 E/PackageManager( 1920): Adding duplicate app id: 10119 name=com.google.android.gms
06-19 12:54:09.912 I/PackageManager( 1920): /system/product/priv-app/Velvet changed; collecting certs
06-19 12:54:09.924 I/PackageParser( 1920): Parse times for '/system/product/priv-app/Settings': parse=145ms, update_cache=11 ms
06-19 12:54:09.925 I/PackageManager( 1920): /system/product/priv-app/Settings changed; collecting certs
06-19 12:54:09.926 E/PackageManager( 1920): Adding duplicate shared id: 1000 name=com.android.settings
06-19 12:54:09.928 W/PackageManager( 1920): Skipping provider name androidx.lifecycle.process.lifecycle-process (in package com.android.settings): name already used by com.android.systemui
06-19 12:54:09.933 I/PackageManager( 1920): /system/product/app/NexusWallpapersStubPrebuilt2018 changed; collecting certs
06-19 12:54:09.938 I/PackageManager( 1920): /system/product/app/TrichromeLibrary changed; collecting certs
06-19 12:54:09.947 I/PackageManager( 1920): /system/product/app/MarkupGoogle changed; collecting certs
06-19 12:54:09.957 I/PackageManager( 1920): /system/product/app/DMAgent changed; collecting certs
06-19 12:54:09.974 I/PackageManager( 1920): /system/product/app/SoundPickerPrebuilt changed; collecting certs
06-19 12:54:09.985 I/PackageManager( 1920): /system/product/app/Videos changed; collecting certs
06-19 12:54:09.992 I/PackageManager( 1920): /system/product/app/GoogleContactsSyncAdapter changed; collecting certs
06-19 12:54:09.999 I/PackageManager( 1920): /system/product/app/WebViewGoogle changed; collecting certs
06-19 12:54:10.014 W/PackageParser( 1920): No actions in intent filter at /system/product/app/PrebuiltBugle/PrebuiltBugle.apk Binary XML file line #1261
06-19 12:54:10.022 I/PackageManager( 1920): /system/product/app/PrebuiltBugle changed; collecting certs
06-19 12:54:10.040 I/PackageManager( 1920): /system/product/app/Chrome changed; collecting certs
06-19 12:54:10.044 I/PackageParser( 1920): Parse times for '/system/product/app/LatinIMEGooglePrebuilt': parse=109ms, update_cache=4 ms
06-19 12:54:10.046 I/PackageManager( 1920): /system/product/app/LatinIMEGooglePrebuilt changed; collecting certs
06-19 12:54:10.050 I/PackageManager( 1920): /system/product/app/ModuleMetadataGoogle changed; collecting certs
06-19 12:54:10.054 I/PackageManager( 1920): /system/product/app/Camera2 changed; collecting certs
06-19 12:54:10.080 W/PackageParser( 1920): No actions in intent filter at /system/product/app/Drive/Drive.apk Binary XML file line #1759
06-19 12:54:10.085 I/PackageParser( 1920): Parse times for '/system/product/app/Drive': parse=95ms, update_cache=6 ms
06-19 12:54:10.086 I/PackageManager( 1920): /system/product/app/Drive changed; collecting certs
06-19 12:54:10.091 W/PackageParser( 1920): No actions in intent filter at /system/product/app/PrebuiltGmail/PrebuiltGmail.apk Binary XML file line #735
06-19 12:54:10.091 W/PackageParser( 1920): No actions in intent filter at /system/product/app/PrebuiltGmail/PrebuiltGmail.apk Binary XML file line #800
06-19 12:54:10.102 W/PackageParser( 1920): No actions in intent filter at /system/product/app/CalendarGooglePrebuilt/CalendarGooglePrebuilt.apk Binary XML file line #500
06-19 12:54:09.949 I/chatty  ( 1751): uid=0(root) /system/bin/storaged identical 1 line
06-19 12:54:10.050 I/ServiceManager( 1751): Waiting for service 'package_native' on '/dev/binder'...
06-19 12:54:10.111 I/PackageManager( 1920): New shared user com.google.android.calendar.uid.shared: id=10137
06-19 12:54:10.111 I/PackageManager( 1920): /system/product/app/CalendarGooglePrebuilt changed; collecting certs
06-19 12:54:10.112 E/PackageManager( 1920): Adding duplicate app id: 10137 name=com.google.android.calendar
06-19 12:54:10.115 I/PackageManager( 1920): New shared user com.google.android.apps.maps: id=10138
06-19 12:54:10.115 I/PackageManager( 1920): /system/product/app/Maps changed; collecting certs
06-19 12:54:10.119 E/PackageManager( 1920): Adding duplicate app id: 10138 name=com.google.android.apps.maps
06-19 12:54:10.150 I/PackageParser( 1920): Parse times for '/system/product/app/PrebuiltGmail': parse=50ms, update_cache=59 ms
06-19 12:54:10.150 I/PackageManager( 1920): /system/product/app/PrebuiltGmail changed; collecting certs
06-19 12:54:10.152 I/ServiceManager( 1751): Waiting for service 'package_native' on '/dev/binder'...
06-19 12:54:10.158 I/PackageManager( 1920): /system/product/app/Music2 changed; collecting certs
06-19 12:54:10.161 I/PackageManager( 1920): /system/product/app/WallpapersBReel2018 changed; collecting certs
06-19 12:54:10.175 I/PackageManager( 1920): /system/product/app/GoogleTTS changed; collecting certs
06-19 12:54:10.188 I/PackageManager( 1920): /system/product/app/PrebuiltDeskClockGoogle changed; collecting certs
06-19 12:54:10.213 W/PackageParser( 1920): Unknown element under <manifest>: meta-data at /system/product/app/YouTube/YouTube.apk Binary XML file line #113
06-19 12:54:10.213 W/PackageParser( 1920): Unknown element under <manifest>: queries at /system/product/app/YouTube/YouTube.apk Binary XML file line #115
06-19 12:54:10.213 W/PackageParser( 1920): No actions in intent filter at /system/product/app/Photos/Photos.apk Binary XML file line #1857
06-19 12:54:10.223 I/PackageManager( 1920): /system/product/app/YouTube changed; collecting certs
06-19 12:54:10.225 I/PackageParser( 1920): Parse times for '/system/product/app/Photos': parse=96ms, update_cache=12 ms
06-19 12:54:10.231 I/PackageManager( 1920): /system/product/app/Photos changed; collecting certs
06-19 12:54:10.235 D/PackageManager( 1920): No files in app dir /product_services/priv-app
06-19 12:54:10.235 D/PackageManager( 1920): No files in app dir /product_services/app
06-19 12:54:10.236 I/PackageManager( 1920): Finished scanning system apps. Time: 1020 ms, packageCount: 177 , timePerPackage: 5 , cached: 0
06-19 12:54:10.236 D/PackageManager( 1920): No files in app dir /data/app
06-19 12:54:10.236 I/PackageManager( 1920): Finished scanning non-system apps. Time: 0 ms, packageCount: 0 , timePerPackage: 0 , cached: 0
06-19 12:54:10.237 E/installd( 1742): Invalid path /system/product/priv-app/GoogleServicesFramework: No such file or directory
06-19 12:54:10.237 E/installd( 1742): Invalid path /system/product/priv-app/Settings: No such file or directory
06-19 12:54:10.238 E/installd( 1742): Invalid path /system/framework/framework-res.apk: No such file or directory
06-19 12:54:10.239 I/PackageManager( 1920): Time to scan packages: 1.023 seconds
06-19 12:54:10.240 I/PackageManager( 1920): Un-granting permission android.permission.MANAGE_DOCUMENTS from package com.google.android.youtube (protectionLevel=262146 flags=0x305bbe45)
06-19 12:54:10.240 I/PackageManager( 1920): Un-granting permission com.google.android.googleapps.permission.GOOGLE_AUTH from package com.android.providers.calendar (protectionLevel=2 flags=0x30083e45)
06-19 12:54:10.240 I/PackageManager( 1920): Un-granting permission com.google.android.googleapps.permission.GOOGLE_AUTH.cl from package com.android.providers.calendar (protectionLevel=2 flags=0x30083e45)
06-19 12:54:10.241 I/PackageManager( 1920): Un-granting permission android.permission.WRITE_SECURE_SETTINGS from package com.google.android.apps.enterprise.dmagent (protectionLevel=50 flags=0x30083e05)
06-19 12:54:10.241 I/PackageManager( 1920): Un-granting permission android.permission.CONNECTIVITY_INTERNAL from package com.google.android.apps.enterprise.dmagent (protectionLevel=18 flags=0x30083e05)
06-19 12:54:10.241 I/PackageManager( 1920): Un-granting permission android.permission.MANAGE_USB from package com.google.android.apps.enterprise.dmagent (protectionLevel=18 flags=0x30083e05)
06-19 12:54:10.241 I/PackageManager( 1920): Un-granting permission android.permission.CHANGE_COMPONENT_ENABLED_STATE from package com.google.android.apps.enterprise.dmagent (protectionLevel=18 flags=0x30083e05)
06-19 12:54:10.241 I/PackageManager( 1920): Un-granting permission android.permission.MANAGE_CA_CERTIFICATES from package com.google.android.apps.enterprise.dmagent (protectionLevel=18 flags=0x30083e05)
06-19 12:54:10.241 I/PackageManager( 1920): Un-granting permission android.permission.MANAGE_USERS from package com.google.android.apps.enterprise.dmagent (protectionLevel=18 flags=0x30083e05)
06-19 12:54:10.241 I/PackageManager( 1920): Un-granting permission com.google.android.setupwizard.READ_DEVICE_ORIGIN from package com.google.android.apps.messaging (protectionLevel=18 flags=0x384bbe45)
06-19 12:54:10.242 I/PackageManager( 1920): Un-granting permission android.permission.BIND_WALLPAPER from package com.android.camera2 (protectionLevel=18 flags=0x2058bc45)
06-19 12:54:10.242 I/PackageManager( 1920): Un-granting permission android.permission.REQUEST_INSTALL_PACKAGES from package com.google.android.gm (protectionLevel=66 flags=0x384bbe45)
06-19 12:54:10.242 I/PackageManager( 1920): Un-granting permission android.permission.GRANT_RUNTIME_PERMISSIONS from package com.google.android.permissioncontroller (protectionLevel=770 flags=0x30483e05)
06-19 12:54:10.242 I/PackageManager( 1920): Un-granting permission android.permission.REVOKE_RUNTIME_PERMISSIONS from package com.google.android.permissioncontroller (protectionLevel=770 flags=0x30483e05)
06-19 12:54:10.242 I/PackageManager( 1920): Un-granting permission android.permission.ADJUST_RUNTIME_PERMISSIONS_POLICY from package com.google.android.permissioncontroller (protectionLevel=258 flags=0x30483e05)
06-19 12:54:10.242 I/PackageManager( 1920): Un-granting permission android.permission.WHITELIST_RESTRICTED_PERMISSIONS from package com.google.android.permissioncontroller (protectionLevel=258 flags=0x30483e05)
06-19 12:54:10.242 I/PackageManager( 1920): Un-granting permission android.permission.INTERACT_ACROSS_USERS_FULL from package com.google.android.permissioncontroller (protectionLevel=258 flags=0x30483e05)
06-19 12:54:10.242 I/PackageManager( 1920): Un-granting permission android.permission.MANAGE_APP_OPS_MODES from package com.google.android.permissioncontroller (protectionLevel=770 flags=0x30483e05)
06-19 12:54:10.242 I/PackageManager( 1920): Un-granting permission android.permission.KILL_UID from package com.google.android.permissioncontroller (protectionLevel=258 flags=0x30483e05)
06-19 12:54:10.242 I/PackageManager( 1920): Un-granting permission android.permission.MANAGE_APP_OPS_RESTRICTIONS from package com.google.android.permissioncontroller (protectionLevel=258 flags=0x30483e05)
06-19 12:54:10.243 I/PackageManager( 1920): Un-granting permission android.permission.HIDE_NON_SYSTEM_OVERLAY_WINDOWS from package com.google.android.permissioncontroller (protectionLevel=258 flags=0x30483e05)
06-19 12:54:10.243 I/PackageManager( 1920): Un-granting permission android.permission.MANAGE_ROLE_HOLDERS from package com.google.android.permissioncontroller (protectionLevel=258 flags=0x30483e05)
06-19 12:54:10.243 I/PackageManager( 1920): Un-granting permission android.permission.OBSERVE_ROLE_HOLDERS from package com.google.android.permissioncontroller (protectionLevel=258 flags=0x30483e05)
06-19 12:54:10.243 I/PackageManager( 1920): Un-granting permission android.permission.SET_PREFERRED_APPLICATIONS from package com.google.android.permissioncontroller (protectionLevel=770 flags=0x30483e05)
06-19 12:54:10.243 I/PackageManager( 1920): Un-granting permission android.permission.ACCESS_SHARED_LIBRARIES from package com.google.android.permissioncontroller (protectionLevel=258 flags=0x30483e05)
06-19 12:54:10.243 I/PackageManager( 1920): Un-granting permission android.permission.ACCESS_INSTANT_APPS from package com.google.android.permissioncontroller (protectionLevel=131842 flags=0x30483e05)
06-19 12:54:10.243 I/PackageManager( 1920): Un-granting permission android.permission.OPEN_ACCESSIBILITY_DETAILS_SETTINGS from package com.google.android.permissioncontroller (protectionLevel=258 flags=0x30483e05)
06-19 12:54:10.243 I/PackageManager( 1920): Un-granting permission android.permission.BIND_JOB_SERVICE from package com.google.android.music (protectionLevel=2 flags=0x384bbe65)
06-19 12:54:10.243 I/PackageManager( 1920): Un-granting permission android.permission.CONNECTIVITY_USE_RESTRICTED_NETWORKS from package com.google.android.captiveportallogin (protectionLevel=18 flags=0x3848be45)
06-19 12:54:10.243 I/PackageManager( 1920): Un-granting permission android.permission.NETWORK_BYPASS_PRIVATE_DNS from package com.google.android.captiveportallogin (protectionLevel=2 flags=0x3848be45)
06-19 12:54:10.243 I/PackageManager( 1920): Un-granting permission android.permission.REQUEST_INSTALL_PACKAGES from package com.google.android.apps.docs (protectionLevel=66 flags=0x384bbe45)
06-19 12:54:10.244 I/PackageManager( 1920): Un-granting permission android.permission.INTERACT_ACROSS_USERS from package com.google.android.syncadapters.contacts (protectionLevel=50 flags=0x20083e45)
06-19 12:54:10.244 I/PackageManager( 1920): Un-granting permission android.permission.REQUEST_INSTALL_PACKAGES from package com.android.chrome (protectionLevel=66 flags=0xa04bbe45)
06-19 12:54:10.244 I/PackageManager( 1920): Un-granting permission com.google.android.apps.now.CURRENT_ACCOUNT_ACCESS from package com.android.chrome (protectionLevel=2 flags=0xa04bbe45)
06-19 12:54:10.244 I/PackageManager( 1920): Un-granting permission android.permission.HIDE_NON_SYSTEM_OVERLAY_WINDOWS from package com.google.android.packageinstaller (protectionLevel=258 flags=0x30483e45)
06-19 12:54:10.244 I/PackageManager( 1920): Un-granting permission android.permission.MANAGE_APP_OPS_MODES from package com.google.android.packageinstaller (protectionLevel=770 flags=0x30483e45)
06-19 12:54:10.244 I/PackageManager( 1920): Un-granting permission android.permission.INTERACT_ACROSS_USERS_FULL from package com.google.android.packageinstaller (protectionLevel=258 flags=0x30483e45)
06-19 12:54:10.244 I/PackageManager( 1920): Un-granting permission android.permission.CAPTURE_VIDEO_OUTPUT from package com.google.android.gms (protectionLevel=2 flags=0xb04abe45)
06-19 12:54:10.245 I/PackageManager( 1920): Un-granting permission android.permission.MANAGE_DEVICE_ADMINS from package com.google.android.gms (protectionLevel=2 flags=0xb04abe45)
06-19 12:54:10.245 I/PackageManager( 1920): Un-granting permission android.permission.MANAGE_ACTIVITY_STACKS from package com.google.android.gms (protectionLevel=2 flags=0xb04abe45)
06-19 12:54:10.245 I/PackageManager( 1920): Un-granting permission android.permission.CAPTURE_SECURE_VIDEO_OUTPUT from package com.google.android.gms (protectionLevel=2 flags=0xb04abe45)
06-19 12:54:10.245 I/PackageManager( 1920): Un-granting permission android.permission.MANAGE_ROLLBACKS from package com.google.android.gms (protectionLevel=514 flags=0xb04abe45)
06-19 12:54:10.246 I/PackageManager( 1920): Un-granting permission com.google.android.googleapps.permission.GOOGLE_AUTH from package com.google.android.videos (protectionLevel=2 flags=0x305bbe45)
06-19 12:54:10.246 I/PackageManager( 1920): Un-granting permission android.permission.WRITE_MEDIA_STORAGE from package com.google.android.apps.photos (protectionLevel=18 flags=0x3859be45)
06-19 12:54:10.250 W/PackageManager( 1920): Unknown package com.google.android.apps.docs.editors.docs in sysconfig <app-link>
06-19 12:54:10.250 W/PackageManager( 1920): Unknown package com.google.android.apps.docs.editors.sheets in sysconfig <app-link>
06-19 12:54:10.250 W/PackageManager( 1920): Unknown package com.google.android.apps.docs.editors.slides in sysconfig <app-link>
06-19 12:54:10.250 W/PackageManager( 1920): Sysconfig <app-link> package 'com.android.vending' does not handle web links
06-19 12:54:10.250 W/PackageManager( 1920): Unknown package com.google.android.apps.plus in sysconfig <app-link>
06-19 12:54:10.250 W/PackageManager( 1920): Unknown package com.google.android.apps.tycho in sysconfig <app-link>
06-19 12:54:10.251 W/PackageManager( 1920): Unknown package com.google.android.talk in sysconfig <app-link>
06-19 12:54:10.251 V/PackageManager( 1920): reconcileAppsData for null u0 0x1 migrateAppData=true
06-19 12:54:10.252 I/SELinux ( 1742): SELinux: Loaded file_contexts
06-19 12:54:10.253 I/ServiceManager( 1751): Waiting for service 'package_native' on '/dev/binder'...
06-19 12:54:10.273 V/PackageManager( 1920): reconcileAppsData finished 20 packages
06-19 12:54:10.274 D/SystemServerInitThreadPool( 1920): Started executing prepareAppData
06-19 12:54:10.274 D/SystemServerTimingAsync( 1920): AppDataFixup took to complete: 1ms
06-19 12:54:10.287 I/SELinux ( 1920): SELinux: Loaded file_contexts
06-19 12:54:10.291 E/PackageManager( 1920): There should probably be a verifier, but, none were found
06-19 12:54:10.292 V/PackageManager( 1920): Ephemeral resolver found; pkg: com.google.android.gms, info:ResolveInfo{b3e1e93 com.google.android.gms/.chimera.PersistentBoundBrokerService m=0x108000}
06-19 12:54:10.292 D/PackageManager( 1920): Set ephemeral resolver: Pair{ComponentInfo{com.google.android.gms/com.google.android.gms.chimera.PersistentBoundBrokerService} android.intent.action.RESOLVE_INSTANT_APP_PACKAGE}
06-19 12:54:10.293 D/PackageManager( 1920): Instant App installer not found with android.intent.action.INSTALL_INSTANT_APP_PACKAGE
06-19 12:54:10.293 D/PackageManager( 1920): Clear ephemeral installer activity
06-19 12:54:10.331 I/system_server( 1920): Explicit concurrent copying GC freed 216333(17MB) AllocSpace objects, 154(4964KB) LOS objects, 42% free, 6471KB/11MB, paused 814us total 36.376ms
06-19 12:54:10.338 I/Watchdog( 1920): Resuming HandlerChecker: main thread for reason: packagemanagermain. Pause count: 0
06-19 12:54:10.338 D/SystemServerTiming( 1920): StartPackageManagerService took to complete: 1150ms
06-19 12:54:10.338 I/SystemServer( 1920): StartOtaDexOptService
06-19 12:54:10.338 I/Watchdog( 1920): Pausing HandlerChecker: main thread for reason: moveab. Pause count: 1
06-19 12:54:10.339 D/OTADexopt( 1920): No upgrade, skipping A/B artifacts check.
06-19 12:54:10.339 I/Watchdog( 1920): Resuming HandlerChecker: main thread for reason: moveab. Pause count: 0
06-19 12:54:10.339 D/SystemServerTiming( 1920): StartOtaDexOptService took to complete: 1ms
06-19 12:54:10.339 I/SystemServer( 1920): StartUserManagerService
06-19 12:54:10.339 I/SystemServiceManager( 1920): Starting com.android.server.pm.UserManagerService$LifeCycle
06-19 12:54:10.339 D/SystemServerTiming( 1920): StartUserManagerService took to complete: 0ms
06-19 12:54:10.339 I/SystemServer( 1920): InitAttributerCache
06-19 12:54:10.339 D/SystemServerTiming( 1920): InitAttributerCache took to complete: 0ms
06-19 12:54:10.340 I/SystemServer( 1920): SetSystemProcess
06-19 12:54:10.347 I/lowmemorykiller( 1706): lmkd data connection established
06-19 12:54:10.348 D/SystemServerTiming( 1920): SetSystemProcess took to complete: 8ms
06-19 12:54:10.348 I/SystemServer( 1920): InitWatchdog
06-19 12:54:10.349 D/SystemServerTiming( 1920): InitWatchdog took to complete: 1ms
06-19 12:54:10.349 I/SystemServer( 1920): StartOverlayManagerService
06-19 12:54:10.357 I/storaged( 1751): storaged: Start
06-19 12:54:10.358 I/        ( 1738): Waiting for sensor privacy service
06-19 12:54:10.358 I/        ( 1704): Waiting for sensor privacy service
06-19 12:54:10.504 D/SystemServerTimingAsync( 1920): AppDataPrepare took to complete: 229ms
06-19 12:54:10.504 I/PackageManager( 1920): Deferred reconcileAppsData finished 157 packages
06-19 12:54:10.504 D/SystemServerInitThreadPool( 1920): Finished executing prepareAppData
06-19 12:54:10.533 D/SystemServerTiming( 1920): StartOverlayManagerService took to complete: 185ms
06-19 12:54:10.534 I/SystemServer( 1920): StartSensorPrivacyService
06-19 12:54:10.534 D/SystemServerTiming( 1920): StartSensorPrivacyService took to complete: 0ms
06-19 12:54:10.534 I/SystemServer( 1920): StartBatteryService
06-19 12:54:10.534 D/SystemServerInitThreadPool( 1920): Started executing StartSensorService
06-19 12:54:10.534 I/SystemServiceManager( 1920): Starting com.android.server.BatteryService
06-19 12:54:10.534 D/SensorService( 1920): nuSensorService starting...
06-19 12:54:10.535 I/hwservicemanager( 1566): getTransport: Cannot find entry android.hardware.sensors@2.0::ISensors/default in either framework or device manifest.
06-19 12:54:10.537 I/ServiceManagement( 1738): Registered android.frameworks.cameraservice.service@2.0::ICameraService/default (start delay of 3887ms)
06-19 12:54:10.537 I/hwservicemanager( 1566): getTransport: Cannot find entry android.hardware.soundtrigger@2.0::ISoundTriggerHw/default in either framework or device manifest.
06-19 12:54:10.537 E/SoundTriggerHwService( 1704): could not read implementation properties
06-19 12:54:10.539 I/SensorService( 1920): Reported power 0.000000 not deemed sane, clamping to 0.001000
06-19 12:54:10.539 I/android_os_HwBinder( 1920): HwBinder: Starting thread pool for getting: android.hardware.health@2.0::IHealth/default
06-19 12:54:10.539 I/SensorService( 1920): Generated new HMAC key.
06-19 12:54:10.540 D/SensorService( 1920): nuSensorService thread starting...
06-19 12:54:10.540 D/SystemServerTimingAsync( 1920): StartSensorService took to complete: 6ms
06-19 12:54:10.540 D/SystemServerInitThreadPool( 1920): Finished executing StartSensorService
06-19 12:54:10.545 D/SensorService( 1920): new thread SensorEventAckReceiver
06-19 12:54:10.545 I/android_os_HwBinder( 1920): HwBinder: Starting thread pool for getting: android.hidl.manager@1.0::IServiceManager/default
06-19 12:54:10.546 I/HealthServiceWrapper( 1920): health: HealthServiceWrapper listening to instance default
06-19 12:54:10.546 I/BatteryService( 1920): health: Waited 0ms and received the update.
06-19 12:54:10.547 I/android_os_HwBinder( 1920): HwBinder: Starting thread pool for getting: android.hardware.health@2.0::IHealth/default
06-19 12:54:10.547 D/SystemServerTiming( 1920): StartBatteryService took to complete: 13ms
06-19 12:54:10.547 I/SystemServer( 1920): StartUsageService
06-19 12:54:10.547 I/SystemServiceManager( 1920): Starting com.android.server.usage.UsageStatsService
06-19 12:54:10.553 I/UsageStatsDatabase( 1920): Upgrading from version 0 to 4
06-19 12:54:10.553 I/UsageStatsDatabase( 1920): Deleting all usage stats files
06-19 12:54:10.554 I/UsageStatsService( 1920): User[0] Rollover scheduled @ 2026-06-20 12:54:10(1781960050551)
06-19 12:54:10.555 D/SystemServerTiming( 1920): StartUsageService took to complete: 8ms
06-19 12:54:10.555 I/SystemServer( 1920): StartWebViewUpdateService
06-19 12:54:10.555 I/SystemServiceManager( 1920): Starting com.android.server.webkit.WebViewUpdateService
06-19 12:54:10.557 D/SystemServerTiming( 1920): StartWebViewUpdateService took to complete: 2ms
06-19 12:54:10.557 I/SystemServer( 1920): StartCachedDeviceStateService
06-19 12:54:10.557 I/SystemServiceManager( 1920): Starting com.android.server.CachedDeviceStateService
06-19 12:54:10.557 D/SystemServerTiming( 1920): StartCachedDeviceStateService took to complete: 1ms
06-19 12:54:10.557 I/SystemServer( 1920): StartBinderCallsStatsService
06-19 12:54:10.557 I/SystemServiceManager( 1920): Starting com.android.server.BinderCallsStatsService$LifeCycle
06-19 12:54:10.558 D/SystemServerTiming( 1920): StartBinderCallsStatsService took to complete: 0ms
06-19 12:54:10.558 I/SystemServer( 1920): StartLooperStatsService
06-19 12:54:10.558 I/SystemServiceManager( 1920): Starting com.android.server.LooperStatsService$Lifecycle
06-19 12:54:10.558 D/SystemServerTiming( 1920): StartLooperStatsService took to complete: 0ms
06-19 12:54:10.558 I/SystemServer( 1920): StartRollbackManagerService
06-19 12:54:10.558 I/SystemServiceManager( 1920): Starting com.android.server.rollback.RollbackManagerService
06-19 12:54:10.560 D/installd( 1742): Found quota mount /dev/block/vdc at /data
06-19 12:54:10.561 D/SystemServerTiming( 1920): StartRollbackManagerService took to complete: 4ms
06-19 12:54:10.562 I/SystemServer( 1920): StartBugreportManagerService
06-19 12:54:10.562 I/SystemServiceManager( 1920): Starting com.android.server.os.BugreportManagerService
06-19 12:54:10.562 D/SystemServerTiming( 1920): StartBugreportManagerService took to complete: 0ms
06-19 12:54:10.562 I/SystemServer( 1920): GpuService
06-19 12:54:10.562 I/SystemServiceManager( 1920): Starting com.android.server.gpu.GpuService
06-19 12:54:10.562 D/SystemServerTiming( 1920): GpuService took to complete: 0ms
06-19 12:54:10.562 I/SystemServer( 1920): StartKeyAttestationApplicationIdProviderService
06-19 12:54:10.562 D/SystemServerInitThreadPool( 1920): Started executing SecondaryZygotePreload
06-19 12:54:10.562 I/SystemServer( 1920): SecondaryZygotePreload
06-19 12:54:10.563 D/SystemServerTiming( 1920): StartKeyAttestationApplicationIdProviderService took to complete: 1ms
06-19 12:54:10.563 I/SystemServer( 1920): StartKeyChainSystemService
06-19 12:54:10.563 I/SystemServiceManager( 1920): Starting com.android.server.security.KeyChainSystemService
06-19 12:54:10.563 D/SystemServerTiming( 1920): StartKeyChainSystemService took to complete: 0ms
06-19 12:54:10.563 I/SystemServer( 1920): StartSchedulingPolicyService
06-19 12:54:10.563 D/SystemServerInitThreadPool( 1920): Started executing SchedulingPolicyService.<init>
06-19 12:54:10.563 D/SystemServerTiming( 1920): StartSchedulingPolicyService took to complete: 1ms
06-19 12:54:10.563 I/SystemServer( 1920): StartTelecomLoaderService
06-19 12:54:10.564 I/SystemServiceManager( 1920): Starting com.android.server.telecom.TelecomLoaderService
06-19 12:54:10.564 D/SystemServerTiming( 1920): StartTelecomLoaderService took to complete: 0ms
06-19 12:54:10.564 I/SystemServer( 1920): StartTelephonyRegistry
06-19 12:54:10.565 I/SchedulingPolicyService( 1920): Moving 1756 back to group default
06-19 12:54:10.565 D/SystemServerInitThreadPool( 1920): Finished executing SchedulingPolicyService.<init>
06-19 12:54:10.566 D/SystemServerTiming( 1920): StartTelephonyRegistry took to complete: 2ms
06-19 12:54:10.566 I/SystemServer( 1920): StartEntropyMixer
06-19 12:54:10.566 W/EntropyMixer( 1920): No existing entropy file -- first boot?
06-19 12:54:10.577 I/EntropyMixer( 1920): Added HW RNG output to entropy pool
06-19 12:54:10.577 I/EntropyMixer( 1920): Writing entropy...
06-19 12:54:10.581 D/SystemServerTiming( 1920): StartEntropyMixer took to complete: 15ms
06-19 12:54:10.581 I/SystemServer( 1920): StartAccountManagerService
06-19 12:54:10.581 I/SystemServiceManager( 1920): Starting com.android.server.accounts.AccountManagerService$Lifecycle
06-19 12:54:10.584 D/SystemServerTiming( 1920): StartAccountManagerService took to complete: 3ms
06-19 12:54:10.584 I/SystemServer( 1920): StartContentService
06-19 12:54:10.584 I/SystemServiceManager( 1920): Starting com.android.server.content.ContentService$Lifecycle
06-19 12:54:10.587 D/SystemServerTiming( 1920): StartContentService took to complete: 3ms
06-19 12:54:10.587 I/SystemServer( 1920): InstallSystemProviders
06-19 12:54:10.592 I/system_server( 1920): The ClassLoaderContext is a special shared library.
06-19 12:54:10.622 I/SettingsState( 1920): No settings state /data/system/users/0/settings_system.xml
06-19 12:54:10.624 I/Zygote  ( 1664): Lazily preloading resources.
06-19 12:54:10.624 D/Zygote  ( 1664): begin preload
06-19 12:54:10.625 I/Zygote  ( 1664): Calling ZygoteHooks.beginPreload()
06-19 12:54:10.628 I/SettingsState( 1920): No settings state /data/system/users/0/settings_secure.xml
06-19 12:54:10.634 D/SettingsProvider( 1920): Generated and saved new ANDROID_ID [242efe86a8cee38b] for user 0
06-19 12:54:10.634 D/ZygoteInitTiming_lazy( 1664): BeginPreload took to complete: 9ms
06-19 12:54:10.634 I/Zygote  ( 1664): Preloading classes...
06-19 12:54:10.635 W/Zygote  ( 1664): Class not found for preloading: android.app.-$$Lambda$ActivityThread$ZXDWm3IBeFmLnFVblhB-IOZCr9o
06-19 12:54:10.636 I/SettingsState( 1920): No settings state /data/system/users/0/settings_global.xml
06-19 12:54:10.642 D/SettingsProvider( 1920): Setting [com.google.android.gms/.autofill.service.AutofillService] as Autofill Service for user 0
06-19 12:54:10.650 I/SettingsState( 1920): No settings state /data/system/users/0/settings_config.xml
06-19 12:54:10.650 I/SettingsState( 1920): No settings state /data/system/users/0/settings_ssaid.xml
06-19 12:54:10.654 D/SystemServerTiming( 1920): InstallSystemProviders took to complete: 67ms
06-19 12:54:10.654 I/SystemServer( 1920): StartDropBoxManager
06-19 12:54:10.654 I/SystemServiceManager( 1920): Starting com.android.server.DropBoxManagerService
06-19 12:54:10.654 D/SystemServerTiming( 1920): StartDropBoxManager took to complete: 0ms
06-19 12:54:10.654 I/SystemServer( 1920): StartVibratorService
06-19 12:54:10.655 I/hwservicemanager( 1566): getTransport: Cannot find entry android.hardware.vibrator@1.0::IVibrator/default in either framework or device manifest.
06-19 12:54:10.655 I/hwservicemanager( 1566): getTransport: Cannot find entry android.hardware.vibrator@1.0::IVibrator/default in either framework or device manifest.
06-19 12:54:10.655 E/VibratorService( 1920): vibratorOff command failed (1).
06-19 12:54:10.655 I/hwservicemanager( 1566): getTransport: Cannot find entry android.hardware.vibrator@1.0::IVibrator/default in either framework or device manifest.
06-19 12:54:10.655 I/hwservicemanager( 1566): getTransport: Cannot find entry android.hardware.vibrator@1.3::IVibrator/default in either framework or device manifest.
06-19 12:54:10.656 D/SystemServerTiming( 1920): StartVibratorService took to complete: 2ms
06-19 12:54:10.656 I/SystemServer( 1920): StartDynamicSystemService
06-19 12:54:10.656 D/SystemServerTiming( 1920): StartDynamicSystemService took to complete: 0ms
06-19 12:54:10.656 I/SystemServer( 1920): StartConsumerIrService
06-19 12:54:10.657 I/hwservicemanager( 1566): getTransport: Cannot find entry android.hardware.ir@1.0::IConsumerIr/default in either framework or device manifest.
06-19 12:54:10.657 D/SystemServerTiming( 1920): StartConsumerIrService took to complete: 0ms
06-19 12:54:10.657 I/SystemServer( 1920): StartAlarmManagerService
06-19 12:54:10.658 D/AlarmManagerService( 1920): Kernel timezone updated to 0 minutes west of GMT
06-19 12:54:10.660 D/SystemServerTiming( 1920): StartAlarmManagerService took to complete: 3ms
06-19 12:54:10.660 I/SystemServer( 1920): StartInputManagerService
06-19 12:54:10.660 I/InputManager( 1920): Initializing input manager, mUseDevInputEventForAudioJack=true
06-19 12:54:10.661 I/InputClassifier( 1920): Deep press feature enabled.
06-19 12:54:10.661 D/SystemServerTiming( 1920): StartInputManagerService took to complete: 1ms
06-19 12:54:10.661 I/SystemServer( 1920): StartWindowManagerService
06-19 12:54:10.663 I/WindowManager( 1920): No existing display settings, starting empty
06-19 12:54:10.665 I/WindowTracing( 1920): Setting window tracing log level to 1
06-19 12:54:10.665 I/WindowTracing( 1920): Setting window tracing buffer capacity to 2097152bytes
06-19 12:54:10.669 I/hwservicemanager( 1566): getTransport: Cannot find entry android.hardware.input.classifier@1.0::IInputClassifier/default in either framework or device manifest.
06-19 12:54:10.669 D/SystemServerTiming( 1920): StartWindowManagerService took to complete: 8ms
06-19 12:54:10.669 I/SystemServer( 1920): SetWindowManagerService
06-19 12:54:10.670 I/DropBoxManagerService( 1920): add tag=system_server_strictmode isTagEnabled=true flags=0x2
06-19 12:54:10.671 I/InputClassifier( 1920): Could not obtain InputClassifier HAL
06-19 12:54:10.672 E/InputClassifier( 1920): InputClassifier HAL has died. Setting mMotionClassifier to null
06-19 12:54:10.679 W/Zygote  ( 1664): Class not found for preloading: android.bluetooth.BluetoothA2dp$2
06-19 12:54:10.684 I/PackageBackwardCompatibility( 1664): Could not find android.content.pm.AndroidTestBaseUpdater, ignoring
06-19 12:54:10.672 I/DropBoxManagerService( 1920): add tag=system_server_strictmode isTagEnabled=true flags=0x2
06-19 12:54:10.689 D/SystemServerTiming( 1920): SetWindowManagerService took to complete: 20ms
06-19 12:54:10.689 I/SystemServer( 1920): WindowManagerServiceOnInitReady
06-19 12:54:10.692 W/ShortcutManager( 1920): Unable to add bookmark: com.google.android.talk/com.google.android.talk.SigningInActivity
06-19 12:54:10.692 W/ShortcutManager( 1920): android.content.pm.PackageManager$NameNotFoundException: ComponentInfo{com.google.android.talk/com.google.android.talk.SigningInActivity}
06-19 12:54:10.692 W/ShortcutManager( 1920): 	at android.app.ApplicationPackageManager.getActivityInfo(ApplicationPackageManager.java:456)
06-19 12:54:10.692 W/ShortcutManager( 1920): 	at com.android.server.policy.ShortcutManager.loadShortcuts(ShortcutManager.java:142)
06-19 12:54:10.692 W/ShortcutManager( 1920): 	at com.android.server.policy.ShortcutManager.<init>(ShortcutManager.java:62)
06-19 12:54:10.692 W/ShortcutManager( 1920): 	at com.android.server.policy.PhoneWindowManager.init(PhoneWindowManager.java:1797)
06-19 12:54:10.692 W/ShortcutManager( 1920): 	at com.android.server.wm.WindowManagerService$5.run(WindowManagerService.java:988)
06-19 12:54:10.692 W/ShortcutManager( 1920): 	at android.os.Handler$BlockingRunnable.run(Handler.java:906)
06-19 12:54:10.692 W/ShortcutManager( 1920): 	at android.os.Handler.handleCallback(Handler.java:883)
06-19 12:54:10.692 W/ShortcutManager( 1920): 	at android.os.Handler.dispatchMessage(Handler.java:100)
06-19 12:54:10.692 W/ShortcutManager( 1920): 	at android.os.Looper.loop(Looper.java:214)
06-19 12:54:10.692 W/ShortcutManager( 1920): 	at android.os.HandlerThread.run(HandlerThread.java:67)
06-19 12:54:10.692 W/ShortcutManager( 1920): 	at com.android.server.ServiceThread.run(ServiceThread.java:44)
06-19 12:54:10.692 W/ShortcutManager( 1920): 	at com.android.server.UiThread.run(UiThread.java:43)
06-19 12:54:10.695 D/SystemServerTiming( 1920): WindowManagerServiceOnInitReady took to complete: 5ms
06-19 12:54:10.695 I/SystemServer( 1920): StartInputManager
06-19 12:54:10.695 D/SystemServerInitThreadPool( 1920): Started executing StartHidlServices
06-19 12:54:10.695 I/InputManager( 1920): Starting input manager
06-19 12:54:10.696 I/ServiceManagement( 1920): Registered android.frameworks.sensorservice@1.0::ISensorManager/default (start delay of 1837ms)
06-19 12:54:10.696 D/SystemServerTiming( 1920): StartInputManager took to complete: 1ms
06-19 12:54:10.696 I/SystemServer( 1920): DisplayManagerWindowManagerAndInputReady
06-19 12:54:10.696 I/ServiceManagement( 1920): Registered android.frameworks.schedulerservice@1.0::ISchedulingPolicyService/default (start delay of 1838ms)
06-19 12:54:10.696 D/SystemServerTimingAsync( 1920): StartHidlServices took to complete: 2ms
06-19 12:54:10.697 D/SystemServerInitThreadPool( 1920): Finished executing StartHidlServices
06-19 12:54:10.697 D/SystemServerTiming( 1920): DisplayManagerWindowManagerAndInputReady took to complete: 1ms
06-19 12:54:10.697 I/SystemServer( 1920): No Bluetooth Service (Bluetooth Hardware Not Present)
06-19 12:54:10.697 I/SystemServer( 1920): IpConnectivityMetrics
06-19 12:54:10.697 I/SystemServiceManager( 1920): Starting com.android.server.connectivity.IpConnectivityMetrics
06-19 12:54:10.698 D/SystemServerTiming( 1920): IpConnectivityMetrics took to complete: 1ms
06-19 12:54:10.698 I/SystemServer( 1920): NetworkWatchlistService
06-19 12:54:10.698 I/SystemServiceManager( 1920): Starting com.android.server.net.watchlist.NetworkWatchlistService$Lifecycle
06-19 12:54:10.703 D/SystemServerTiming( 1920): NetworkWatchlistService took to complete: 5ms
06-19 12:54:10.703 I/SystemServer( 1920): PinnerService
06-19 12:54:10.703 I/SystemServiceManager( 1920): Starting com.android.server.PinnerService
06-19 12:54:10.703 I/WatchlistLoggingHandler( 1920): Start aggregating watchlist records.
06-19 12:54:10.704 D/EventHub( 1920): No input device configuration file found for device 'Power Button'.
06-19 12:54:10.704 D/SystemServerTiming( 1920): PinnerService took to complete: 1ms
06-19 12:54:10.704 I/SystemServer( 1920): SignedConfigService
06-19 12:54:10.704 D/SystemServerTiming( 1920): SignedConfigService took to complete: 1ms
06-19 12:54:10.709 W/EventHub( 1920): Unable to disable kernel key repeat for /dev/input/event0: Function not implemented
06-19 12:54:10.709 I/EventHub( 1920): wakeMechanism=EPOLLWAKEUP, usingClockIoctl=true
06-19 12:54:10.709 I/EventHub( 1920): New device: id=1, fd=125, path='/dev/input/event0', name='Power Button', classes=0x1, configuration='', keyLayout='/system/usr/keylayout/Generic.kl', keyCharacterMap='/system/usr/keychars/Generic.kcm', builtinKeyboard=false, 
06-19 12:54:10.710 I/EventHub( 1920): wakeMechanism=EPOLLWAKEUP, usingClockIoctl=true
06-19 12:54:10.710 I/EventHub( 1920): New device: id=2, fd=128, path='/dev/input/event10', name='virtio_input_multi_touch_10', classes=0x94, configuration='/vendor/usr/idc/virtio_input_multi_touch_10.idc', keyLayout='', keyCharacterMap='', builtinKeyboard=false, 
06-19 12:54:10.710 I/EventHub( 1920): wakeMechanism=EPOLLWAKEUP, usingClockIoctl=true
06-19 12:54:10.710 I/EventHub( 1920): New device: id=3, fd=129, path='/dev/input/event7', name='virtio_input_multi_touch_7', classes=0x94, configuration='/vendor/usr/idc/virtio_input_multi_touch_7.idc', keyLayout='', keyCharacterMap='', builtinKeyboard=false, 
06-19 12:54:10.710 I/EventHub( 1920): wakeMechanism=EPOLLWAKEUP, usingClockIoctl=true
06-19 12:54:10.710 I/EventHub( 1920): New device: id=4, fd=130, path='/dev/input/event4', name='virtio_input_multi_touch_4', classes=0x94, configuration='/vendor/usr/idc/virtio_input_multi_touch_4.idc', keyLayout='', keyCharacterMap='', builtinKeyboard=false, 
06-19 12:54:10.710 I/EventHub( 1920): wakeMechanism=EPOLLWAKEUP, usingClockIoctl=true
06-19 12:54:10.710 I/EventHub( 1920): New device: id=5, fd=131, path='/dev/input/event8', name='virtio_input_multi_touch_8', classes=0x94, configuration='/vendor/usr/idc/virtio_input_multi_touch_8.idc', keyLayout='', keyCharacterMap='', builtinKeyboard=false, 
06-19 12:54:10.711 I/EventHub( 1920): wakeMechanism=EPOLLWAKEUP, usingClockIoctl=true
06-19 12:54:10.711 I/EventHub( 1920): New device: id=6, fd=132, path='/dev/input/event9', name='virtio_input_multi_touch_9', classes=0x94, configuration='/vendor/usr/idc/virtio_input_multi_touch_9.idc', keyLayout='', keyCharacterMap='', builtinKeyboard=false, 
06-19 12:54:10.711 I/EventHub( 1920): wakeMechanism=EPOLLWAKEUP, usingClockIoctl=true
06-19 12:54:10.711 I/EventHub( 1920): New device: id=7, fd=133, path='/dev/input/event13', name='goldfish_rotary', classes=0x1000, configuration='/vendor/usr/idc/goldfish_rotary.idc', keyLayout='', keyCharacterMap='', builtinKeyboard=false, 
06-19 12:54:10.711 I/EventHub( 1920): wakeMechanism=EPOLLWAKEUP, usingClockIoctl=true
06-19 12:54:10.711 I/EventHub( 1920): New device: id=8, fd=134, path='/dev/input/event1', name='virtio_input_multi_touch_1', classes=0x94, configuration='/vendor/usr/idc/virtio_input_multi_touch_1.idc', keyLayout='', keyCharacterMap='', builtinKeyboard=false, 
06-19 12:54:10.711 I/EventHub( 1920): wakeMechanism=EPOLLWAKEUP, usingClockIoctl=true
06-19 12:54:10.711 I/EventHub( 1920): New device: id=9, fd=135, path='/dev/input/event11', name='virtio_input_multi_touch_11', classes=0x94, configuration='/vendor/usr/idc/virtio_input_multi_touch_11.idc', keyLayout='', keyCharacterMap='', builtinKeyboard=false, 
06-19 12:54:10.712 I/EventHub( 1920): wakeMechanism=EPOLLWAKEUP, usingClockIoctl=true
06-19 12:54:10.712 I/EventHub( 1920): New device: id=10, fd=136, path='/dev/input/event5', name='virtio_input_multi_touch_5', classes=0x94, configuration='/vendor/usr/idc/virtio_input_multi_touch_5.idc', keyLayout='', keyCharacterMap='', builtinKeyboard=false, 
06-19 12:54:10.712 I/EventHub( 1920): wakeMechanism=EPOLLWAKEUP, usingClockIoctl=true
06-19 12:54:10.712 I/EventHub( 1920): New device: id=11, fd=137, path='/dev/input/event2', name='virtio_input_multi_touch_2', classes=0x94, configuration='/vendor/usr/idc/virtio_input_multi_touch_2.idc', keyLayout='', keyCharacterMap='', builtinKeyboard=false, 
06-19 12:54:10.712 I/EventHub( 1920): wakeMechanism=EPOLLWAKEUP, usingClockIoctl=true
06-19 12:54:10.712 I/EventHub( 1920): New device: id=12, fd=138, path='/dev/input/event6', name='virtio_input_multi_touch_6', classes=0x94, configuration='/vendor/usr/idc/virtio_input_multi_touch_6.idc', keyLayout='', keyCharacterMap='', builtinKeyboard=false, 
06-19 12:54:10.712 I/EventHub( 1920): wakeMechanism=EPOLLWAKEUP, usingClockIoctl=true
06-19 12:54:10.712 I/EventHub( 1920): New device: id=13, fd=139, path='/dev/input/event3', name='virtio_input_multi_touch_3', classes=0x94, configuration='/vendor/usr/idc/virtio_input_multi_touch_3.idc', keyLayout='', keyCharacterMap='', builtinKeyboard=false, 
06-19 12:54:10.713 D/EventHub( 1920): No input device configuration file found for device 'AT Translated Set 2 keyboard'.
06-19 12:54:10.713 I/EventHub( 1920): wakeMechanism=EPOLLWAKEUP, usingClockIoctl=true
06-19 12:54:10.713 I/EventHub( 1920): New device: id=14, fd=140, path='/dev/input/event12', name='AT Translated Set 2 keyboard', classes=0x3, configuration='', keyLayout='/system/usr/keylayout/Generic.kl', keyCharacterMap='/system/usr/keychars/Generic.kcm', builtinKeyboard=false, 
06-19 12:54:10.714 I/InputReader( 1920): Device added: id=-1, name='Virtual', sources=0x00000301
06-19 12:54:10.714 I/InputReader( 1920): Device added: id=14, name='AT Translated Set 2 keyboard', sources=0x00000101
06-19 12:54:10.716 I/InputReader( 1920): Touch device 'virtio_input_multi_touch_3' could not query the properties of its associated display.  The device will be inoperable until the display size becomes available.
06-19 12:54:10.716 I/InputReader( 1920): Device added: id=13, name='virtio_input_multi_touch_3', sources=0x80005002
06-19 12:54:10.716 I/InputReader( 1920): Touch device 'virtio_input_multi_touch_6' could not query the properties of its associated display.  The device will be inoperable until the display size becomes available.
06-19 12:54:10.716 I/InputReader( 1920): Device added: id=12, name='virtio_input_multi_touch_6', sources=0x80005002
06-19 12:54:10.716 I/InputReader( 1920): Touch device 'virtio_input_multi_touch_2' could not query the properties of its associated display.  The device will be inoperable until the display size becomes available.
06-19 12:54:10.716 I/InputReader( 1920): Device added: id=11, name='virtio_input_multi_touch_2', sources=0x80005002
06-19 12:54:10.716 I/InputReader( 1920): Touch device 'virtio_input_multi_touch_5' could not query the properties of its associated display.  The device will be inoperable until the display size becomes available.
06-19 12:54:10.716 I/InputReader( 1920): Device added: id=10, name='virtio_input_multi_touch_5', sources=0x80005002
06-19 12:54:10.716 I/InputReader( 1920): Touch device 'virtio_input_multi_touch_11' could not query the properties of its associated display.  The device will be inoperable until the display size becomes available.
06-19 12:54:10.716 I/InputReader( 1920): Device added: id=9, name='virtio_input_multi_touch_11', sources=0x80005002
06-19 12:54:10.716 I/InputReader( 1920): Touch device 'virtio_input_multi_touch_1' could not query the properties of its associated display.  The device will be inoperable until the display size becomes available.
06-19 12:54:10.716 I/InputReader( 1920): Device added: id=8, name='virtio_input_multi_touch_1', sources=0x80005002
06-19 12:54:10.716 I/InputReader( 1920): Device added: id=7, name='goldfish_rotary', sources=0x00400000
06-19 12:54:10.716 I/InputReader( 1920): Touch device 'virtio_input_multi_touch_9' could not query the properties of its associated display.  The device will be inoperable until the display size becomes available.
06-19 12:54:10.716 I/InputReader( 1920): Device added: id=6, name='virtio_input_multi_touch_9', sources=0x80005002
06-19 12:54:10.716 I/InputReader( 1920): Touch device 'virtio_input_multi_touch_8' could not query the properties of its associated display.  The device will be inoperable until the display size becomes available.
06-19 12:54:10.716 I/InputReader( 1920): Device added: id=5, name='virtio_input_multi_touch_8', sources=0x80005002
06-19 12:54:10.716 I/InputReader( 1920): Touch device 'virtio_input_multi_touch_4' could not query the properties of its associated display.  The device will be inoperable until the display size becomes available.
06-19 12:54:10.716 I/InputReader( 1920): Device added: id=4, name='virtio_input_multi_touch_4', sources=0x80005002
06-19 12:54:10.716 I/InputReader( 1920): Touch device 'virtio_input_multi_touch_7' could not query the properties of its associated display.  The device will be inoperable until the display size becomes available.
06-19 12:54:10.716 I/InputReader( 1920): Device added: id=3, name='virtio_input_multi_touch_7', sources=0x80005002
06-19 12:54:10.716 I/InputReader( 1920): Touch device 'virtio_input_multi_touch_10' could not query the properties of its associated display.  The device will be inoperable until the display size becomes available.
06-19 12:54:10.716 I/InputReader( 1920): Device added: id=2, name='virtio_input_multi_touch_10', sources=0x80005002
06-19 12:54:10.716 I/InputReader( 1920): Device added: id=1, name='Power Button', sources=0x00000101
06-19 12:54:10.724 I/WindowManager( 1920): SAFE MODE not enabled
06-19 12:54:10.724 I/SystemServer( 1920): StartInputMethodManagerLifecycle
06-19 12:54:10.724 I/SystemServiceManager( 1920): Starting com.android.server.inputmethod.InputMethodManagerService$Lifecycle
06-19 12:54:10.734 D/SystemServerTiming( 1920): StartInputMethodManagerLifecycle took to complete: 10ms
06-19 12:54:10.734 I/SystemServer( 1920): StartAccessibilityManagerService
06-19 12:54:10.734 I/SystemServiceManager( 1920): Starting com.android.server.accessibility.AccessibilityManagerService$Lifecycle
06-19 12:54:10.735 D/SystemServerTiming( 1920): StartAccessibilityManagerService took to complete: 1ms
06-19 12:54:10.735 I/SystemServer( 1920): MakeDisplayReady
06-19 12:54:10.736 W/InputReader( 1920): Device has associated, but no associated display id.
06-19 12:54:10.737 I/ActivityTaskManager( 1920): Config changes=20005df8 {1.0 ?mcc?mnc [en_US] ldltr sw320dp w320dp h616dp 160dpi nrml long port ?uimode ?night finger qwerty/v/v -nav/h winConfig={ mBounds=Rect(0, 0 - 320, 640) mAppBounds=Rect(0, 0 - 320, 640) mWindowingMode=fullscreen mDisplayWindowingMode=fullscreen mActivityType=undefined mAlwaysOnTop=undefined mRotation=ROTATION_0} s.2}
06-19 12:54:10.740 I/ActivityTaskManager( 1920): Override config changes=60007dfc {1.0 ?mcc?mnc [en_US] ldltr sw320dp w320dp h616dp 160dpi nrml long port ?uimode ?night finger qwerty/v/v -nav/h winConfig={ mBounds=Rect(0, 0 - 320, 640) mAppBounds=Rect(0, 0 - 320, 640) mWindowingMode=fullscreen mDisplayWindowingMode=fullscreen mActivityType=undefined mAlwaysOnTop=undefined mRotation=ROTATION_0} s.2} for displayId=0
06-19 12:54:10.736 I/chatty  ( 1920): uid=1000 system_server identical 9 lines
06-19 12:54:10.736 W/InputReader( 1920): Device has associated, but no associated display id.
06-19 12:54:10.744 I/InputManager-JNI( 1920): Viewport [0] to add: local:0
06-19 12:54:10.744 I/InputReader( 1920): Reconfiguring input devices.  changes=0x00000004
06-19 12:54:10.744 I/InputReader( 1920): Touch device 'virtio_input_multi_touch_10' could not query the properties of its associated display.  The device will be inoperable until the display size becomes available.
06-19 12:54:10.744 I/InputReader( 1920): Touch device 'virtio_input_multi_touch_7' could not query the properties of its associated display.  The device will be inoperable until the display size becomes available.
06-19 12:54:10.744 I/InputReader( 1920): Touch device 'virtio_input_multi_touch_4' could not query the properties of its associated display.  The device will be inoperable until the display size becomes available.
06-19 12:54:10.744 I/InputReader( 1920): Touch device 'virtio_input_multi_touch_8' could not query the properties of its associated display.  The device will be inoperable until the display size becomes available.
06-19 12:54:10.744 I/InputReader( 1920): Touch device 'virtio_input_multi_touch_9' could not query the properties of its associated display.  The device will be inoperable until the display size becomes available.
06-19 12:54:10.744 I/InputReader( 1920): Device reconfigured: id=8, name='virtio_input_multi_touch_1', size 320x640, orientation 0, mode 1, display id 0
06-19 12:54:10.744 I/InputReader( 1920): Touch device 'virtio_input_multi_touch_11' could not query the properties of its associated display.  The device will be inoperable until the display size becomes available.
06-19 12:54:10.744 I/InputReader( 1920): Touch device 'virtio_input_multi_touch_5' could not query the properties of its associated display.  The device will be inoperable until the display size becomes available.
06-19 12:54:10.744 I/InputReader( 1920): Touch device 'virtio_input_multi_touch_2' could not query the properties of its associated display.  The device will be inoperable until the display size becomes available.
06-19 12:54:10.745 I/InputReader( 1920): Touch device 'virtio_input_multi_touch_6' could not query the properties of its associated display.  The device will be inoperable until the display size becomes available.
