06-18 12:43:37.457 I/MediaCodecsXmlParser( 1780): limit: measured-frame-rate-3840x2160-range = 30-90
06-18 12:43:37.457 I/MediaCodecsXmlParser( 1780): limit: feature-adaptive-playback = 0
06-18 12:43:37.457 I/MediaCodecsXmlParser( 1780): limit: size-range = 2x2-2560x2560
06-18 12:43:37.457 I/MediaCodecsXmlParser( 1780): limit: alignment = 2x2
06-18 12:43:37.457 I/MediaCodecsXmlParser( 1780): limit: block-size = 16x16
06-18 12:43:37.457 I/MediaCodecsXmlParser( 1780): limit: blocks-per-second-range = 24-2073600
06-18 12:43:37.457 I/MediaCodecsXmlParser( 1780): limit: bitrate-range = 1-120000000
06-18 12:43:37.457 I/MediaCodecsXmlParser( 1780): limit: frame-rate-range = 1-480
06-18 12:43:37.457 I/MediaCodecsXmlParser( 1780): limit: performance-point-1920x1088-range = 60-60
06-18 12:43:37.457 I/MediaCodecsXmlParser( 1780): limit: measured-frame-rate-320x240-range = 183-183
06-18 12:43:37.457 I/MediaCodecsXmlParser( 1780): limit: measured-frame-rate-720x480-range = 181-181
06-18 12:43:37.457 I/MediaCodecsXmlParser( 1780): limit: measured-frame-rate-1280x720-range = 182-184
06-18 12:43:37.457 I/MediaCodecsXmlParser( 1780): limit: measured-frame-rate-1920x1088-range = 50-60
06-18 12:43:37.457 I/MediaCodecsXmlParser( 1780): limit: measured-frame-rate-2560x1440-range = 30-40
06-18 12:43:37.457 I/MediaCodecsXmlParser( 1780): limit: feature-adaptive-playback = 0
06-18 12:43:37.457 I/MediaCodecsXmlParser( 1780): limit: size-range = 2x2-2560x2560
06-18 12:43:37.457 I/MediaCodecsXmlParser( 1780): limit: alignment = 2x2
06-18 12:43:37.457 I/MediaCodecsXmlParser( 1780): limit: block-size = 16x16
06-18 12:43:37.457 I/MediaCodecsXmlParser( 1780): limit: blocks-per-second-range = 24-2073600
06-18 12:43:37.457 I/MediaCodecsXmlParser( 1780): limit: bitrate-range = 1-120000000
06-18 12:43:37.457 I/MediaCodecsXmlParser( 1780): limit: frame-rate-range = 1-480
06-18 12:43:37.457 I/MediaCodecsXmlParser( 1780): limit: performance-point-1920x1088-range = 60-60
06-18 12:43:37.457 I/MediaCodecsXmlParser( 1780): limit: measured-frame-rate-320x240-range = 183-183
06-18 12:43:37.457 I/MediaCodecsXmlParser( 1780): limit: measured-frame-rate-720x480-range = 181-181
06-18 12:43:37.457 I/MediaCodecsXmlParser( 1780): limit: measured-frame-rate-1280x720-range = 121-125
06-18 12:43:37.457 I/MediaCodecsXmlParser( 1780): limit: measured-frame-rate-1920x1088-range = 148-151
06-18 12:43:37.457 I/MediaCodecsXmlParser( 1780): limit: measured-frame-rate-2560x1440-range = 30-40
06-18 12:43:37.457 I/MediaCodecsXmlParser( 1780): limit: feature-adaptive-playback = 0
06-18 12:43:37.457 I/MediaCodecsXmlParser( 1780): limit: size-range = 176x144-176x144
06-18 12:43:37.458 I/MediaCodecsXmlParser( 1780): limit: alignment = 16x16
06-18 12:43:37.458 I/MediaCodecsXmlParser( 1780): limit: bitrate-range = 1-128000
06-18 12:43:37.458 I/MediaCodecsXmlParser( 1780): limit: size-range = 16x16-1920x1088
06-18 12:43:37.458 I/MediaCodecsXmlParser( 1780): limit: alignment = 2x2
06-18 12:43:37.458 I/MediaCodecsXmlParser( 1780): limit: block-size = 16x16
06-18 12:43:37.458 I/MediaCodecsXmlParser( 1780): limit: blocks-per-second-range = 1-244800
06-18 12:43:37.458 I/MediaCodecsXmlParser( 1780): limit: bitrate-range = 1-20000000
06-18 12:43:37.458 I/MediaCodecsXmlParser( 1780): limit: feature-intra-refresh = 0
06-18 12:43:37.458 I/MediaCodecsXmlParser( 1780): limit: size-range = 16x16-176x144
06-18 12:43:37.458 I/MediaCodecsXmlParser( 1780): limit: alignment = 16x16
06-18 12:43:37.458 I/MediaCodecsXmlParser( 1780): limit: block-size = 16x16
06-18 12:43:37.458 I/MediaCodecsXmlParser( 1780): limit: blocks-per-second-range = 12-1485
06-18 12:43:37.458 I/MediaCodecsXmlParser( 1780): limit: bitrate-range = 1-64000
06-18 12:43:37.458 I/MediaCodecsXmlParser( 1780): limit: size-range = 2x2-2048x2048
06-18 12:43:37.458 I/MediaCodecsXmlParser( 1780): limit: alignment = 2x2
06-18 12:43:37.458 I/MediaCodecsXmlParser( 1780): limit: bitrate-range = 1-40000000
06-18 12:43:37.458 I/MediaCodecsXmlParser( 1780): limit: feature-bitrate-modes = VBR,CBR
06-18 12:43:37.458 D/MediaCodecsXmlParser( 1780): parsing /vendor/etc/media_codecs_performance.xml...
06-18 12:43:37.458 I/MediaCodecsXmlParser( 1780): limit: measured-frame-rate-176x144-range = 849-1008
06-18 12:43:37.458 I/MediaCodecsXmlParser( 1780): limit: measured-frame-rate-320x240-range = 496-629
06-18 12:43:37.458 I/MediaCodecsXmlParser( 1780): limit: measured-frame-rate-720x480-range = 197-203
06-18 12:43:37.458 I/MediaCodecsXmlParser( 1780): limit: measured-frame-rate-1280x720-range = 93-97
06-18 12:43:37.458 I/MediaCodecsXmlParser( 1780): limit: measured-frame-rate-1920x1080-range = 45-47
06-18 12:43:37.458 I/MediaCodecsXmlParser( 1780): limit: measured-frame-rate-176x144-range = 881-1142
06-18 12:43:37.458 I/MediaCodecsXmlParser( 1780): limit: measured-frame-rate-320x180-range = 249-285
06-18 12:43:37.458 I/MediaCodecsXmlParser( 1780): limit: measured-frame-rate-640x360-range = 104-115
06-18 12:43:37.458 I/MediaCodecsXmlParser( 1780): limit: measured-frame-rate-1280x720-range = 34-35
06-18 12:43:37.458 I/MediaCodecsXmlParser( 1780): limit: measured-frame-rate-1920x1080-range = 26-29
06-18 12:43:37.458 I/MediaCodecsXmlParser( 1780): limit: measured-frame-rate-176x144-range = 1246-1390
06-18 12:43:37.458 I/MediaCodecsXmlParser( 1780): limit: measured-frame-rate-352x288-range = 1121-1128
06-18 12:43:37.458 I/MediaCodecsXmlParser( 1780): limit: measured-frame-rate-320x240-range = 299-629
06-18 12:43:37.458 I/MediaCodecsXmlParser( 1780): limit: measured-frame-rate-720x480-range = 215-250
06-18 12:43:37.458 I/MediaCodecsXmlParser( 1780): limit: measured-frame-rate-1280x720-range = 75-85
06-18 12:43:37.458 I/MediaCodecsXmlParser( 1780): limit: measured-frame-rate-1920x1080-range = 31-34
06-18 12:43:37.458 I/MediaCodecsXmlParser( 1780): limit: measured-frame-rate-352x288-range = 754-817
06-18 12:43:37.458 I/MediaCodecsXmlParser( 1780): limit: measured-frame-rate-640x360-range = 323-394
06-18 12:43:37.458 I/MediaCodecsXmlParser( 1780): limit: measured-frame-rate-720x480-range = 349-372
06-18 12:43:37.458 I/MediaCodecsXmlParser( 1780): limit: measured-frame-rate-1280x720-range = 144-157
06-18 12:43:37.458 I/MediaCodecsXmlParser( 1780): limit: measured-frame-rate-1920x1080-range = 74-85
06-18 12:43:37.458 I/MediaCodecsXmlParser( 1780): limit: measured-frame-rate-176x144-range = 1439-1625
06-18 12:43:37.458 I/MediaCodecsXmlParser( 1780): limit: measured-frame-rate-320x180-range = 1129-1261
06-18 12:43:37.458 I/MediaCodecsXmlParser( 1780): limit: measured-frame-rate-640x360-range = 471-525
06-18 12:43:37.458 I/MediaCodecsXmlParser( 1780): limit: measured-frame-rate-1280x720-range = 126-145
06-18 12:43:37.458 I/MediaCodecsXmlParser( 1780): limit: measured-frame-rate-1920x1080-range = 48-51
06-18 12:43:37.458 I/MediaCodecsXmlParser( 1780): limit: measured-frame-rate-2160x2160-range = 31-34
06-18 12:43:37.458 I/MediaCodecsXmlParser( 1780): limit: measured-frame-rate-320x180-range = 968-1101
06-18 12:43:37.458 I/MediaCodecsXmlParser( 1780): limit: measured-frame-rate-640x360-range = 291-338
06-18 12:43:37.458 I/MediaCodecsXmlParser( 1780): limit: measured-frame-rate-1280x720-range = 280-400
06-18 12:43:37.458 I/MediaCodecsXmlParser( 1780): limit: measured-frame-rate-1920x1080-range = 178-240
06-18 12:43:37.458 I/MediaCodecsXmlParser( 1780): limit: measured-frame-rate-2560x1440-range = 31-34
06-18 12:43:37.470 I/BootAnimation( 1832): boot animation disabled
06-18 12:43:37.477 I/AndroidRuntime( 1663): Using default boot image
06-18 12:43:37.477 I/AndroidRuntime( 1663): Leaving lock profiling enabled
06-18 12:43:37.458 D/MediaCodecsXmlParser( 1780): Cannot find /data/misc/media/media_codecs_profiling_results.xml
06-18 12:43:37.483 I/ServiceManagement( 1780): Registered android.hardware.media.omx@1.0::IOmxStore/default (start delay of 600ms)
06-18 12:43:37.483 I/ServiceManagement( 1780): Removing namespace from process name android.hardware.media.omx@1.0-service to omx@1.0-service.
06-18 12:43:37.492 I/zygote  ( 1663): option[0]=-Xzygote
06-18 12:43:37.492 I/zygote  ( 1663): option[1]=exit
06-18 12:43:37.492 I/zygote  ( 1663): option[2]=vfprintf
06-18 12:43:37.492 I/zygote  ( 1663): option[3]=sensitiveThread
06-18 12:43:37.492 I/zygote  ( 1663): option[4]=-verbose:gc
06-18 12:43:37.492 I/zygote  ( 1663): option[5]=-Xms4m
06-18 12:43:37.492 I/zygote  ( 1663): option[6]=-Xmx512m
06-18 12:43:37.492 I/zygote  ( 1663): option[7]=-Xusejit:true
06-18 12:43:37.492 I/zygote  ( 1663): option[8]=-Xjitsaveprofilinginfo
06-18 12:43:37.492 I/zygote  ( 1663): option[9]=-XjdwpOptions:suspend=n,server=y
06-18 12:43:37.492 I/zygote  ( 1663): option[10]=-XjdwpProvider:default
06-18 12:43:37.492 I/zygote  ( 1663): option[11]=-Xlockprofthreshold:500
06-18 12:43:37.492 I/zygote  ( 1663): option[12]=-Ximage-compiler-option
06-18 12:43:37.492 I/zygote  ( 1663): option[13]=--runtime-arg
06-18 12:43:37.492 I/zygote  ( 1663): option[14]=-Ximage-compiler-option
06-18 12:43:37.492 I/zygote  ( 1663): option[15]=-Xms64m
06-18 12:43:37.492 I/zygote  ( 1663): option[16]=-Ximage-compiler-option
06-18 12:43:37.492 I/zygote  ( 1663): option[17]=--runtime-arg
06-18 12:43:37.492 I/zygote  ( 1663): option[18]=-Ximage-compiler-option
06-18 12:43:37.492 I/zygote  ( 1663): option[19]=-Xmx64m
06-18 12:43:37.492 I/zygote  ( 1663): option[20]=-Ximage-compiler-option
06-18 12:43:37.492 I/zygote  ( 1663): option[21]=--profile-file=/system/etc/boot-image.prof
06-18 12:43:37.492 I/zygote  ( 1663): option[22]=-Ximage-compiler-option
06-18 12:43:37.492 I/zygote  ( 1663): option[23]=--compiler-filter=speed-profile
06-18 12:43:37.492 I/zygote  ( 1663): option[24]=-Xcompiler-option
06-18 12:43:37.492 I/zygote  ( 1663): option[25]=--runtime-arg
06-18 12:43:37.492 I/zygote  ( 1663): option[26]=-Xcompiler-option
06-18 12:43:37.492 I/zygote  ( 1663): option[27]=-Xms64m
06-18 12:43:37.492 I/zygote  ( 1663): option[28]=-Xcompiler-option
06-18 12:43:37.492 I/zygote  ( 1663): option[29]=--runtime-arg
06-18 12:43:37.492 I/zygote  ( 1663): option[30]=-Xcompiler-option
06-18 12:43:37.493 I/zygote  ( 1663): option[31]=-Xmx512m
06-18 12:43:37.493 I/zygote  ( 1663): option[32]=-Ximage-compiler-option
06-18 12:43:37.493 I/zygote  ( 1663): option[33]=--instruction-set-variant=x86_64
06-18 12:43:37.493 I/zygote  ( 1663): option[34]=-Xcompiler-option
06-18 12:43:37.493 I/zygote  ( 1663): option[35]=--instruction-set-variant=x86_64
06-18 12:43:37.493 I/zygote  ( 1663): option[36]=-Ximage-compiler-option
06-18 12:43:37.493 I/zygote  ( 1663): option[37]=--instruction-set-features=default
06-18 12:43:37.493 I/zygote  ( 1663): option[38]=-Xcompiler-option
06-18 12:43:37.493 I/zygote  ( 1663): option[39]=--instruction-set-features=default
06-18 12:43:37.493 I/zygote  ( 1663): option[40]=-Duser.locale=en-US
06-18 12:43:37.493 I/zygote  ( 1663): option[41]=--cpu-abilist=x86
06-18 12:43:37.493 I/zygote  ( 1663): option[42]=-Xcompiler-option
06-18 12:43:37.493 I/zygote  ( 1663): option[43]=--generate-mini-debug-info
06-18 12:43:37.493 I/zygote  ( 1663): option[44]=-Xcore-platform-api-policy:just-warn
06-18 12:43:37.493 I/zygote  ( 1663): option[45]=-Xfingerprint:google/sdk_gphone_x86_64/generic_x86_64:10/QSR1.211112.011/13135432:userdebug/dev-keys
06-18 12:43:37.500 I/ServiceManager( 1775): Waiting for service 'package_native' on '/dev/binder'...
06-18 12:43:37.503 I/mediaserver( 1769): ServiceManager: 0xf1d06ca0
06-18 12:43:37.516 I/zygote  ( 1663): Core platform API reporting enabled, enforcing=false
06-18 12:43:37.522 W/BatteryNotifier( 1769): batterystats service unavailable!
06-18 12:43:37.540 I/FastMixerState( 1725): sMaxFastTracks = 8
06-18 12:43:37.542 V/MediaUtils( 1725): physMem: 2089566208
06-18 12:43:37.542 V/MediaUtils( 1725): requested limit: 417913240
06-18 12:43:37.542 I/libc    ( 1725): malloc_limit: Allocation limit enabled, max size 417913240 bytes
06-18 12:43:37.542 I/audioserver( 1725): ServiceManager: 0x7e9b53e08dc0
06-18 12:43:37.542 W/BatteryNotifier( 1725): batterystats service unavailable!
06-18 12:43:37.542 I/hwservicemanager( 1568): getTransport: Cannot find entry android.hardware.audio@5.0::IDevicesFactory/default in either framework or device manifest.
06-18 12:43:37.543 I/hwservicemanager( 1568): getTransport: Cannot find entry android.hardware.audio@4.0::IDevicesFactory/msd in either framework or device manifest.
06-18 12:43:37.544 I/hwservicemanager( 1568): getTransport: Cannot find entry android.hardware.audio.effect@5.0::IEffectsFactory/default in either framework or device manifest.
06-18 12:43:37.544 I/AudioFlinger( 1725): Using default 3000 mSec as standby time.
06-18 12:43:37.551 I//apex/com.android.media.swcodec/bin/mediaswcodec( 1783): media swcodec service starting
06-18 12:43:37.552 E/APM::Serializer( 1725): deserialize: Could not parse /odm/etc/audio_policy_configuration.xml document.
06-18 12:43:37.553 W//apex/com.android.media.swcodec/bin/mediaswcodec( 1783): Could not read additional policy file '/vendor/etc/seccomp_policy/mediaswcodec.policy'
06-18 12:43:37.553 W//apex/com.android.media.swcodec/bin/mediaswcodec( 1783): libminijail[1783]: failed to get path of fd 4: No such file or directory
06-18 12:43:37.553 W//apex/com.android.media.swcodec/bin/mediaswcodec( 1783): libminijail[1783]: allowing syscall: socket
06-18 12:43:37.553 W//apex/com.android.media.swcodec/bin/mediaswcodec( 1783): libminijail[1783]: allowing syscall: connect
06-18 12:43:37.554 W//apex/com.android.media.swcodec/bin/mediaswcodec( 1783): libminijail[1783]: allowing syscall: fcntl
06-18 12:43:37.554 W//apex/com.android.media.swcodec/bin/mediaswcodec( 1783): libminijail[1783]: allowing syscall: writev
06-18 12:43:37.554 W//apex/com.android.media.swcodec/bin/mediaswcodec( 1783): libminijail[1783]: compile_file: <fd>(20): nonexistent syscall 'getuid32'
06-18 12:43:37.554 W//apex/com.android.media.swcodec/bin/mediaswcodec( 1783): libminijail[1783]: compile_file: <fd>(26): nonexistent syscall 'mmap2'
06-18 12:43:37.554 W//apex/com.android.media.swcodec/bin/mediaswcodec( 1783): libminijail[1783]: compile_file: <fd>(28): nonexistent syscall 'fstat64'
06-18 12:43:37.554 W//apex/com.android.media.swcodec/bin/mediaswcodec( 1783): libminijail[1783]: compile_file: <fd>(30): nonexistent syscall 'stat64'
06-18 12:43:37.554 W//apex/com.android.media.swcodec/bin/mediaswcodec( 1783): libminijail[1783]: compile_file: <fd>(31): nonexistent syscall 'statfs64'
06-18 12:43:37.554 W//apex/com.android.media.swcodec/bin/mediaswcodec( 1783): libminijail[1783]: compile_file: <fd>(33): nonexistent syscall 'fstatat64'
06-18 12:43:37.554 W//apex/com.android.media.swcodec/bin/mediaswcodec( 1783): libminijail[1783]: compile_file: <fd>(38): nonexistent syscall '_llseek'
06-18 12:43:37.554 W//apex/com.android.media.swcodec/bin/mediaswcodec( 1783): libminijail[1783]: compile_file: <fd>(47): nonexistent syscall 'ugetrlimit'
06-18 12:43:37.554 W//apex/com.android.media.swcodec/bin/mediaswcodec( 1783): libminijail[1783]: compile_file: <fd>(50): nonexistent syscall '_llseek'
06-18 12:43:37.554 W//apex/com.android.media.swcodec/bin/mediaswcodec( 1783): libminijail[1783]: compile_file: <fd>(51): nonexistent syscall 'fstatfs64'
06-18 12:43:37.554 W//apex/com.android.media.swcodec/bin/mediaswcodec( 1783): libminijail[1783]: compile_file: <fd>(63): nonexistent syscall 'ftruncate64'
06-18 12:43:37.554 W//apex/com.android.media.swcodec/bin/mediaswcodec( 1783): libminijail[1783]: compile_file: /system/etc/seccomp_policy/crash_dump.x86.policy(5): nonexistent syscall 'sigreturn'
06-18 12:43:37.555 W//apex/com.android.media.swcodec/bin/mediaswcodec( 1783): libminijail[1783]: compile_file: /system/etc/seccomp_policy/crash_dump.x86.policy(31): nonexistent syscall 'getuid32'
06-18 12:43:37.555 W//apex/com.android.media.swcodec/bin/mediaswcodec( 1783): libminijail[1783]: compile_file: /system/etc/seccomp_policy/crash_dump.x86.policy(32): nonexistent syscall 'fstat64'
06-18 12:43:37.555 W//apex/com.android.media.swcodec/bin/mediaswcodec( 1783): libminijail[1783]: compile_file: /system/etc/seccomp_policy/crash_dump.x86.policy(33): nonexistent syscall 'mmap2'
06-18 12:43:37.555 W//apex/com.android.media.swcodec/bin/mediaswcodec( 1783): libminijail[1783]: compile_file: /system/etc/seccomp_policy/crash_dump.x86.policy(34): nonexistent syscall 'geteuid32'
06-18 12:43:37.555 W//apex/com.android.media.swcodec/bin/mediaswcodec( 1783): libminijail[1783]: compile_file: /system/etc/seccomp_policy/crash_dump.x86.policy(35): nonexistent syscall 'getgid32'
06-18 12:43:37.555 W//apex/com.android.media.swcodec/bin/mediaswcodec( 1783): libminijail[1783]: compile_file: /system/etc/seccomp_policy/crash_dump.x86.policy(36): nonexistent syscall 'getegid32'
06-18 12:43:37.555 W//apex/com.android.media.swcodec/bin/mediaswcodec( 1783): libminijail[1783]: compile_file: /system/etc/seccomp_policy/crash_dump.x86.policy(37): nonexistent syscall 'getgroups32'
06-18 12:43:37.555 W//apex/com.android.media.swcodec/bin/mediaswcodec( 1783): libminijail[1783]: logging seccomp filter failures
06-18 12:43:37.555 I/CodecServiceRegistrant( 1783): Creating software Codec2 service...
06-18 12:43:37.557 E/MediaExtractorFactory( 1767): couldn't opendir(/system/lib64/extractors)
06-18 12:43:37.557 E/APM::AudioPolicyEngine/Config( 1725): parse: Could not parse document /vendor/etc/audio_policy_engine_configuration.xml
06-18 12:43:37.557 W/APM::AudioPolicyEngine/Base( 1725): loadAudioPolicyEngineConfig: No configuration found, using default matching phone experience.
06-18 12:43:37.557 E/APM::AudioPolicyEngine/Config( 1725): parseLegacyVolumeFile: Could not parse document /odm/etc/audio_policy_configuration.xml
06-18 12:43:37.560 I/ServiceManagement( 1783): Registered android.hardware.media.c2@1.0::IComponentStore/software (start delay of 657ms)
06-18 12:43:37.560 I/CodecServiceRegistrant( 1783): Software Codec2 service created.
06-18 12:43:37.561 D/audio_hw_generic( 1669): Emulator host-side ALSA audio emulation detected.
06-18 12:43:37.561 D/audio_hw_generic( 1669): mixer 0 name Master Playback Volume
06-18 12:43:37.561 D/audio_hw_generic( 1669): set ctl 0 to 100
06-18 12:43:37.561 D/audio_hw_generic( 1669): set ctl 1 to 100
06-18 12:43:37.561 D/audio_hw_generic( 1669): mixer 1 name Master Playback Switch
06-18 12:43:37.561 D/audio_hw_generic( 1669): set ctl 0 to 1
06-18 12:43:37.561 D/audio_hw_generic( 1669): set ctl 1 to 1
06-18 12:43:37.561 D/audio_hw_generic( 1669): mixer 2 name Capture Volume
06-18 12:43:37.561 D/audio_hw_generic( 1669): set ctl 0 to 100
06-18 12:43:37.561 D/audio_hw_generic( 1669): set ctl 1 to 100
06-18 12:43:37.562 D/audio_hw_generic( 1669): mixer 3 name Capture Switch
06-18 12:43:37.562 D/audio_hw_generic( 1669): set ctl 0 to 1
06-18 12:43:37.562 D/audio_hw_generic( 1669): set ctl 1 to 1
06-18 12:43:37.562 D/audio_hw_generic( 1669): mixer 4 name Line Phantom Jack
06-18 12:43:37.562 D/audio_hw_generic( 1669): mixer 5 name Line Out Phantom Jack
06-18 12:43:37.562 D/audio_hw_generic( 1669): mixer 6 name Playback Channel Map
06-18 12:43:37.562 D/audio_hw_generic( 1669): mixer 7 name Capture Channel Map
06-18 12:43:37.564 W/DeviceHAL( 1669): Error from HAL Device in function get_master_volume: Function not implemented
06-18 12:43:37.564 W/DeviceHAL( 1669): Error from HAL Device in function get_master_mute: Function not implemented
06-18 12:43:37.564 W/DeviceHAL( 1669): Error from HAL Device in function set_master_volume: Function not implemented
06-18 12:43:37.564 W/DeviceHAL( 1669): Error from HAL Device in function set_master_mute: Function not implemented
06-18 12:43:37.564 I/AudioFlinger( 1725): loadHwModule() Loaded primary audio interface, handle 10
06-18 12:43:37.564 I/AudioFlinger( 1725): openOutput() this 0x7e9b53e13600, module 10 Device 0x2, SamplingRate 44100, Format 0x000001, Channels 0x3, flags 0x2
06-18 12:43:37.566 W/AudioFlinger( 1725): HAL output buffer size is 661 frames but AudioMixer requires multiples of 16 frames
06-18 12:43:37.566 I/AudioFlinger( 1725): HAL output buffer size 661 frames, normal sink buffer size 1056 frames
06-18 12:43:37.567 I/hwservicemanager( 1568): getTransport: Cannot find entry android.hardware.audio.effect@5.0::IEffectsFactory/default in either framework or device manifest.
06-18 12:43:37.574 I/BufferProvider( 1725): found effect "Multichannel Downmix To Stereo" from The Android Open Source Project
06-18 12:43:37.575 I/AudioFlinger( 1725): Using module 10 as the primary audio interface
06-18 12:43:37.576 V/APM_AudioPolicyManager( 1725): checkAndSetVolume cannot set volume group 3 volume with force use = 0 for comm
06-18 12:43:37.579 W/AudioFlinger( 1725): moveEffects() bad srcOutput 0
06-18 12:43:37.579 V/APM_AudioPolicyManager( 1725): selectOutputForMusicEffects selected output 13
06-18 12:43:37.579 V/APM_AudioPolicyManager( 1725): setOutputDevices device {type:0x2,@:} delayMs 0
06-18 12:43:37.579 V/APM_AudioPolicyManager( 1725): setOutputDevices() prevDevice {type:0x2,@:}
06-18 12:43:37.579 V/APM_AudioPolicyManager( 1725): setOutputDevices changing device to {type:0x2,@:}
06-18 12:43:37.579 I/AudioFlinger( 1725): AudioFlinger's thread 0x7e9b53eb1200 tid=1858 ready to run
06-18 12:43:37.580 W/AudioFlinger( 1725): no wake lock to update, system not ready yet
06-18 12:43:37.580 V/APM_AudioPolicyManager( 1725): setOutputDevices() AF::createAudioPatch returned 0 patchHandle 12 num_sources 1 num_sinks 1
06-18 12:43:37.581 V/APM_AudioPolicyManager( 1725): checkAndSetVolume cannot set volume group 3 volume with force use = 0 for comm
06-18 12:43:37.586 W/AudioFlinger( 1725): no wake lock to update, system not ready yet
06-18 12:43:37.589 I/AudioFlinger( 1725): AudioFlinger's thread 0x7e9b53f8e240 tid=1860 ready to run
06-18 12:43:37.591 I/r_submix( 1669): adev_open(name=audio_hw_if)
06-18 12:43:37.592 I/r_submix( 1669): adev_init_check()
06-18 12:43:37.593 W/DeviceHAL( 1669): Error from HAL Device in function set_master_volume: Function not implemented
06-18 12:43:37.593 W/DeviceHAL( 1669): Error from HAL Device in function set_master_mute: Function not implemented
06-18 12:43:37.593 I/AudioFlinger( 1725): loadHwModule() Loaded r_submix audio interface, handle 18
06-18 12:43:37.593 D/r_submix( 1669): adev_open_input_stream(addr=0)
06-18 12:43:37.593 D/r_submix( 1669): submix_audio_device_create_pipe_l(addr=0, idx=9)
06-18 12:43:37.593 D/r_submix( 1669):   now using address 0 for route 9
06-18 12:43:37.595 I/AudioFlinger( 1725): AudioFlinger's thread 0x7e9b4ef33180 tid=1862 ready to run
06-18 12:43:37.597 I/        ( 1725): Waiting for activity service
06-18 12:43:37.597 D/r_submix( 1669): adev_close_input_stream()
06-18 12:43:37.597 D/r_submix( 1669): submix_audio_device_release_pipe_l(idx=9) addr=0
06-18 12:43:37.597 D/r_submix( 1669): submix_audio_device_destroy_pipe_l(): pipe destroyed
06-18 12:43:37.600 I/ServiceManager( 1775): Waiting for service 'package_native' on '/dev/binder'...
06-18 12:43:37.693 I/netd    ( 1661): Setting up StrictController hooks: 601.9ms
06-18 12:43:37.693 I/ClatdController( 1661): 4.9+ kernel and device shipped with P - clat ebpf might work.
06-18 12:43:37.693 I/netd    ( 1661): Initializing ClatdController: 0.1ms
06-18 12:43:37.696 I/netd    ( 1661): Initializing traffic control: 2.6ms
06-18 12:43:37.697 I/netd    ( 1661): Enabling bandwidth control: 1.3ms
06-18 12:43:37.697 E/Netd    ( 1661): cannot find interface dummy0
06-18 12:43:37.697 I/netd    ( 1661): Initializing RouteController: 0.4ms
06-18 12:43:37.697 D/XfrmController( 1661): XfrmController::ipSecAddXfrmInterface, line=1379
06-18 12:43:37.698 D/XfrmController( 1661): XfrmController::ipSecRemoveTunnelInterface, line=1592
06-18 12:43:37.698 D/XfrmController( 1661): deviceName=ipsec_test
06-18 12:43:37.700 I/ServiceManager( 1775): Waiting for service 'package_native' on '/dev/binder'...
06-18 12:43:37.733 D/XfrmController( 1661): Sending Netlink XFRM Message: XFRM_MSG_FLUSHSA
06-18 12:43:37.733 D/XfrmController( 1661): Sending Netlink XFRM Message: XFRM_MSG_FLUSHPOLICY
06-18 12:43:37.733 I/netd    ( 1661): Initializing XfrmController: 35.6ms
06-18 12:43:37.733 E/Netd    ( 1661): Unable to create netlink socket for family 5: Protocol not supported
06-18 12:43:37.733 W/Netd    ( 1661): Unable to open qlog quota socket, check if xt_quota2 can send via UeventHandler
06-18 12:43:37.735 I/libnetd_resolv( 1661): resolv_init: Initializing resolver
06-18 12:43:37.735 D/MDnsDS  ( 1661): MDnsSdListener::Hander starting up
06-18 12:43:37.736 I/netd    ( 1661): Registering NetdNativeService: 0.1ms
06-18 12:43:37.736 D/MDnsDS  ( 1661): MDnsSdListener starting to monitor
06-18 12:43:37.737 D/MDnsDS  ( 1661): Going to poll with pollCount 1
06-18 12:43:37.737 I/ServiceManagement( 1661): Registered android.system.net.netd@1.1::INetd/default (start delay of 1474ms)
06-18 12:43:37.738 I/netd    ( 1661): Registering NetdHwService: 2.5ms
06-18 12:43:37.738 I/netd    ( 1661): Netd started in 1402ms
06-18 12:43:37.762 D/ICU     ( 1662): Time zone APEX file found: /apex/com.android.tzdata/etc/icu/icu_tzdata.dat
06-18 12:43:37.763 D/ICU     ( 1663): Time zone APEX file found: /apex/com.android.tzdata/etc/icu/icu_tzdata.dat
06-18 12:43:37.784 I/adbd    ( 1749): adbd listening on port 5555
06-18 12:43:37.790 I/adbd    ( 1749): USB event: FUNCTIONFS_ENABLE
06-18 12:43:37.790 W/adbd    ( 1749): received FUNCTIONFS_ENABLE while not bound?
06-18 12:43:37.790 I/adbd    ( 1749): UsbFfs: connection terminated: monitor thread finished
06-18 12:43:37.791 I/adbd    ( 1749): UsbFfs: already offline
06-18 12:43:37.791 I/adbd    ( 1749): destroying transport UsbFfs
06-18 12:43:37.791 I/adbd    ( 1749): UsbFfsConnection being destroyed
06-18 12:43:37.799 W/zygote64( 1662): Unexpected CPU variant for X86 using defaults: x86_64
06-18 12:43:37.800 I/ServiceManager( 1775): Waiting for service 'package_native' on '/dev/binder'...
06-18 12:43:37.801 W/zygote  ( 1663): Unexpected CPU variant for X86 using defaults: x86_64
06-18 12:43:37.866 W/zygote  ( 1663): JNI RegisterNativeMethods: attempt to register 0 native methods for android.media.AudioAttributes
06-18 12:43:37.866 W/zygote64( 1662): JNI RegisterNativeMethods: attempt to register 0 native methods for android.media.AudioAttributes
06-18 12:43:37.876 D/Zygote  ( 1662): begin preload
06-18 12:43:37.877 I/Zygote  ( 1662): Calling ZygoteHooks.beginPreload()
06-18 12:43:37.882 I/zygote  ( 1663): Explicit concurrent copying GC freed 296(39KB) AllocSpace objects, 0(0B) LOS objects, 98% free, 24KB/1560KB, paused 415us total 4.047ms
06-18 12:43:37.883 I/adbd    ( 1749): opening control endpoint /dev/usb-ffs/adb/ep0
06-18 12:43:37.886 I/zygote  ( 1663): Explicit concurrent copying GC freed 5(32KB) AllocSpace objects, 0(0B) LOS objects, 98% free, 24KB/1560KB, paused 413us total 2.362ms
06-18 12:43:37.887 D/Zygote32Timing( 1663): PostZygoteInitGC took to complete: 9ms
06-18 12:43:37.887 D/Zygote32Timing( 1663): ZygoteInit took to complete: 9ms
06-18 12:43:37.891 I/adbd    ( 1749): UsbFfsConnection constructed
06-18 12:43:37.892 I/adbd    ( 1749): USB event: FUNCTIONFS_BIND
06-18 12:43:37.901 I/ServiceManager( 1775): Waiting for service 'package_native' on '/dev/binder'...
06-18 12:43:37.905 D/Zygote64Timing( 1662): BeginPreload took to complete: 29ms
06-18 12:43:37.906 I/Zygote  ( 1662): Preloading classes...
06-18 12:43:37.907 W/Zygote  ( 1662): Class not found for preloading: android.app.-$$Lambda$ActivityThread$ZXDWm3IBeFmLnFVblhB-IOZCr9o
06-18 12:43:37.914 I/Zygote  ( 1663): Accepting command socket connections
06-18 12:43:37.950 W/Zygote  ( 1662): Class not found for preloading: android.bluetooth.BluetoothA2dp$2
06-18 12:43:37.958 I/PackageBackwardCompatibility( 1662): Could not find android.content.pm.AndroidTestBaseUpdater, ignoring
06-18 12:43:38.001 I/ServiceManager( 1775): Waiting for service 'package_native' on '/dev/binder'...
06-18 12:43:38.102 I/ServiceManager( 1775): Waiting for service 'package_native' on '/dev/binder'...
06-18 12:43:38.201 E/ActivityRecognitionHardware( 1662): activity_recognition HAL is deprecated. class_init is effectively a no-op
06-18 12:43:38.202 I/ServiceManager( 1775): Waiting for service 'package_native' on '/dev/binder'...
06-18 12:43:38.232 I/zygote64( 1662): Thread[1,tid=1662,Native,Thread*=0x7f53634fe000,peer=0x12c02208,"main"] recursive attempt to load library "libmedia_jni.so"
06-18 12:43:38.232 D/MtpDeviceJNI( 1662): register_android_mtp_MtpDevice
06-18 12:43:38.232 I/zygote64( 1662): Thread[1,tid=1662,Native,Thread*=0x7f53634fe000,peer=0x12c02208,"main"] recursive attempt to load library "libmedia_jni.so"
06-18 12:43:38.232 I/zygote64( 1662): Thread[1,tid=1662,Native,Thread*=0x7f53634fe000,peer=0x12c02208,"main"] recursive attempt to load library "libmedia_jni.so"
06-18 12:43:38.239 W/Zygote  ( 1662): Class not found for preloading: android.media.audiopolicy.AudioProductStrategies
06-18 12:43:38.239 W/Zygote  ( 1662): Class not found for preloading: android.media.audiopolicy.AudioVolumeGroups
06-18 12:43:38.309 I/ServiceManager( 1775): Waiting for service 'package_native' on '/dev/binder'...
06-18 12:43:38.320 W/Zygote  ( 1662): Class not found for preloading: android.view.textclassifier.-$$Lambda$TextClassificationManager$JIaezIJbMig_-kVzN6oArzkTsJE
06-18 12:43:38.325 W/Zygote  ( 1662): Class not found for preloading: com.android.internal.net.NetworkStatsFactory
06-18 12:43:38.330 W/Zygote  ( 1662): Class not found for preloading: com.android.internal.telephony.-$$Lambda$PhoneSubInfoController$8HFbCDJDN1mrLJG980qYH5MGqMk
06-18 12:43:38.330 W/Zygote  ( 1662): Class not found for preloading: com.android.internal.telephony.-$$Lambda$PhoneSubInfoController$U28a_EGx2cvmQhDfRRgonMt5Zrc
06-18 12:43:38.330 W/Zygote  ( 1662): Class not found for preloading: com.android.internal.telephony.-$$Lambda$SubscriptionInfoUpdater$-zZXM9oMRZ3vZz7dJOG19J00Bmw
06-18 12:43:38.330 W/Zygote  ( 1662): Class not found for preloading: com.android.internal.telephony.-$$Lambda$SubscriptionInfoUpdater$D5yF1HbS4cvCyoAj3FESkPtA_0g
06-18 12:43:38.330 W/Zygote  ( 1662): Class not found for preloading: com.android.internal.telephony.-$$Lambda$SubscriptionInfoUpdater$MMx9iQX0JVqqMPLTUZhdBubFSzU
06-18 12:43:38.337 W/Zygote  ( 1662): Class not found for preloading: com.android.internal.telephony.PhoneConfigurationModels
06-18 12:43:38.340 W/Zygote  ( 1662): Class not found for preloading: com.android.internal.telephony.SubscriptionController$ScLocalLog
06-18 12:43:38.341 W/Zygote  ( 1662): Class not found for preloading: com.android.internal.telephony.UiccSmsController
06-18 12:43:38.364 I/Zygote  ( 1662): ...preloaded 7590 classes in 458ms.
06-18 12:43:38.364 I/zygote64( 1662): VMRuntime.preloadDexCaches starting
06-18 12:43:38.377 I/zygote64( 1662): VMRuntime.preloadDexCaches strings total=378948 before=9925 after=9925
06-18 12:43:38.377 I/zygote64( 1662): VMRuntime.preloadDexCaches types total=35812 before=7199 after=7467
06-18 12:43:38.377 I/zygote64( 1662): VMRuntime.preloadDexCaches fields total=160603 before=8020 after=8221
06-18 12:43:38.377 I/zygote64( 1662): VMRuntime.preloadDexCaches methods total=281511 before=10884 after=11316
06-18 12:43:38.377 I/zygote64( 1662): VMRuntime.preloadDexCaches finished
06-18 12:43:38.377 D/Zygote64Timing( 1662): PreloadClasses took to complete: 472ms
06-18 12:43:38.381 I/zygote64( 1662): The ClassLoaderContext is a special shared library.
06-18 12:43:38.382 D/ApplicationLoaders( 1662): Created zygote-cached class loader: /system/framework/android.hidl.base-V1.0-java.jar
06-18 12:43:38.384 I/zygote64( 1662): The ClassLoaderContext is a special shared library.
06-18 12:43:38.384 D/ApplicationLoaders( 1662): Created zygote-cached class loader: /system/framework/android.hidl.manager-V1.0-java.jar
06-18 12:43:38.384 D/Zygote64Timing( 1662): CacheNonBootClasspathClassLoaders took to complete: 7ms
06-18 12:43:38.409 I/ServiceManager( 1775): Waiting for service 'package_native' on '/dev/binder'...
06-18 12:43:38.511 I/ServiceManager( 1775): Waiting for service 'package_native' on '/dev/binder'...
06-18 12:43:38.544 I/adbd    ( 1749): USB event: FUNCTIONFS_ENABLE
06-18 12:43:38.591 I/Zygote  ( 1662): Preloading resources...
06-18 12:43:38.605 W/Resources( 1662): Preloaded drawable resource #0x108027c (android:drawable/dialog_background_material) that varies with configuration!!
06-18 12:43:38.613 I/Zygote  ( 1662): ...preloaded 64 resources in 21ms.
06-18 12:43:38.613 I/ServiceManager( 1775): Waiting for service 'package_native' on '/dev/binder'...
06-18 12:43:38.615 I/Zygote  ( 1662): ...preloaded 41 resources in 2ms.
06-18 12:43:38.615 D/Zygote64Timing( 1662): PreloadResources took to complete: 231ms
06-18 12:43:38.619 I/Zygote  ( 1662): Preloading shared libraries...
06-18 12:43:38.625 I/Zygote  ( 1662): Called ZygoteHooks.endPreload()
06-18 12:43:38.625 I/Zygote  ( 1662): Installed AndroidKeyStoreProvider in 0ms.
06-18 12:43:38.627 I/Zygote  ( 1662): Warmed up JCA providers in 2ms.
06-18 12:43:38.627 D/Zygote  ( 1662): end preload
06-18 12:43:38.627 D/Zygote64Timing( 1662): ZygotePreload took to complete: 751ms
06-18 12:43:38.633 I/zygote64( 1662): Explicit concurrent copying GC freed 15716(744KB) AllocSpace objects, 0(0B) LOS objects, 71% free, 2436KB/8580KB, paused 388us total 5.851ms
06-18 12:43:38.638 I/zygote64( 1662): Explicit concurrent copying GC freed 1642(96KB) AllocSpace objects, 0(0B) LOS objects, 72% free, 2371KB/8515KB, paused 382us total 4.712ms
06-18 12:43:38.638 D/Zygote64Timing( 1662): PostZygoteInitGC took to complete: 11ms
06-18 12:43:38.638 D/Zygote64Timing( 1662): ZygoteInit took to complete: 762ms
06-18 12:43:38.664 I/adbd    ( 1749): host-14: read thread spawning
06-18 12:43:38.664 I/adbd    ( 1749): host-14: write thread spawning
06-18 12:43:38.710 D/Zygote  ( 1662): Forked child process 1916
06-18 12:43:38.710 I/Zygote  ( 1662): System server process 1916 has been created
06-18 12:43:38.710 I/Zygote  ( 1662): Accepting command socket connections
06-18 12:43:38.714 I/ServiceManager( 1775): Waiting for service 'package_native' on '/dev/binder'...
06-18 12:43:38.716 I/system_server( 1916): The ClassLoaderContext is a special shared library.
06-18 12:43:38.737 I/chatty  ( 1916): uid=1000 system_server identical 2 lines
06-18 12:43:38.742 I/system_server( 1916): The ClassLoaderContext is a special shared library.
06-18 12:43:38.744 W/system_server( 1916): Unexpected CPU variant for X86 using defaults: x86_64
06-18 12:43:38.774 I/SystemServer( 1916): InitBeforeStartServices
06-18 12:43:38.776 W/SystemServer( 1916): Timezone not set; setting to GMT.
06-18 12:43:38.778 I/SystemServer( 1916): Entered the Android system server!
06-18 12:43:38.814 I/ServiceManager( 1775): Waiting for service 'package_native' on '/dev/binder'...
06-18 12:43:38.824 I/adbd    ( 1749): host-14: already offline
06-18 12:43:38.890 E/UsbAlsaJackDetectorJNI( 1916): Can't register UsbAlsaJackDetector native methods
06-18 12:43:38.902 D/SystemServerTiming( 1916): InitBeforeStartServices took to complete: 128ms
06-18 12:43:38.902 I/SystemServer( 1916): StartServices
06-18 12:43:38.902 I/SystemServer( 1916): StartWatchdog
06-18 12:43:38.913 D/SystemServerTiming( 1916): StartWatchdog took to complete: 11ms
06-18 12:43:38.913 I/SystemServer( 1916): Reading configuration...
06-18 12:43:38.913 I/SystemServer( 1916): ReadingSystemConfig
06-18 12:43:38.914 D/SystemServerTiming( 1916): ReadingSystemConfig took to complete: 1ms
06-18 12:43:38.914 I/SystemServer( 1916): StartInstaller
06-18 12:43:38.914 I/SystemServiceManager( 1916): Starting com.android.server.pm.Installer
06-18 12:43:38.915 I/ServiceManager( 1775): Waiting for service 'package_native' on '/dev/binder'...
06-18 12:43:38.916 D/installd( 1761): Found quota mount /dev/block/vdc at /data
06-18 12:43:38.917 D/SystemServerTiming( 1916): StartInstaller took to complete: 3ms
06-18 12:43:38.917 I/SystemServer( 1916): DeviceIdentifiersPolicyService
06-18 12:43:38.917 I/SystemServiceManager( 1916): Starting com.android.server.os.DeviceIdentifiersPolicyService
06-18 12:43:38.917 D/SystemServerTiming( 1916): DeviceIdentifiersPolicyService took to complete: 0ms
06-18 12:43:38.917 I/SystemServer( 1916): UriGrantsManagerService
06-18 12:43:38.917 I/SystemServiceManager( 1916): Starting com.android.server.uri.UriGrantsManagerService$Lifecycle
06-18 12:43:38.917 D/SystemServerInitThreadPool( 1916): Started executing ReadingSystemConfig
06-18 12:43:38.921 D/SystemServerTiming( 1916): UriGrantsManagerService took to complete: 4ms
06-18 12:43:38.921 I/SystemServer( 1916): StartActivityManager
06-18 12:43:38.921 I/SystemServiceManager( 1916): Starting com.android.server.wm.ActivityTaskManagerService$Lifecycle
06-18 12:43:38.928 I/SystemServiceManager( 1916): Starting com.android.server.am.ActivityManagerService$Lifecycle
06-18 12:43:38.941 I/SystemConfig( 1916): Adding association: com.google.android.as <- com.android.providers.contacts
06-18 12:43:38.941 I/SystemConfig( 1916): Adding association: com.google.android.as <- com.android.providers.media
06-18 12:43:38.941 I/SystemConfig( 1916): Adding association: com.google.android.as <- com.android.providers.telephony
06-18 12:43:38.941 I/SystemConfig( 1916): Adding association: com.google.android.as <- com.android.systemui
06-18 12:43:38.941 I/SystemConfig( 1916): Adding association: com.google.android.as <- com.google.android.gms
06-18 12:43:38.941 I/SystemConfig( 1916): Adding association: com.google.android.as <- com.google.android.gsf
06-18 12:43:38.945 I/ActivityManager( 1916): Memory class: 512
06-18 12:43:38.957 W/SystemConfig( 1916): No directory /product_services/etc/sysconfig, skipping
06-18 12:43:38.957 W/SystemConfig( 1916): No directory /product_services/etc/permissions, skipping
06-18 12:43:38.957 D/SystemServerInitThreadPool( 1916): Finished executing ReadingSystemConfig
06-18 12:43:38.960 D/BatteryStatsImpl( 1916): Reading daily items from /data/system/batterystats-daily.xml
06-18 12:43:38.961 E/BatteryStatsImpl( 1916): Error reading battery statistics
06-18 12:43:38.961 E/BatteryStatsImpl( 1916): java.io.FileNotFoundException: /data/system/batterystats.bin: open failed: ENOENT (No such file or directory)
06-18 12:43:38.961 E/BatteryStatsImpl( 1916): 	at libcore.io.IoBridge.open(IoBridge.java:496)
06-18 12:43:38.961 E/BatteryStatsImpl( 1916): 	at java.io.FileInputStream.<init>(FileInputStream.java:159)
06-18 12:43:38.961 E/BatteryStatsImpl( 1916): 	at com.android.internal.os.AtomicFile.openRead(AtomicFile.java:157)
06-18 12:43:38.961 E/BatteryStatsImpl( 1916): 	at com.android.internal.os.AtomicFile.readFully(AtomicFile.java:162)
06-18 12:43:38.961 E/BatteryStatsImpl( 1916): 	at com.android.internal.os.BatteryStatsImpl.readLocked(BatteryStatsImpl.java:13339)
06-18 12:43:38.961 E/BatteryStatsImpl( 1916): 	at com.android.server.am.ActivityManagerService.<init>(ActivityManagerService.java:2501)
06-18 12:43:38.961 E/BatteryStatsImpl( 1916): 	at com.android.server.am.ActivityManagerService$Lifecycle.<init>(ActivityManagerService.java:2215)
06-18 12:43:38.961 E/BatteryStatsImpl( 1916): 	at java.lang.reflect.Constructor.newInstance0(Native Method)
06-18 12:43:38.961 E/BatteryStatsImpl( 1916): 	at java.lang.reflect.Constructor.newInstance(Constructor.java:343)
06-18 12:43:38.961 E/BatteryStatsImpl( 1916): 	at com.android.server.SystemServiceManager.startService(SystemServiceManager.java:101)
06-18 12:43:38.961 E/BatteryStatsImpl( 1916): 	at com.android.server.am.ActivityManagerService$Lifecycle.startService(ActivityManagerService.java:2221)
06-18 12:43:38.961 E/BatteryStatsImpl( 1916): 	at com.android.server.SystemServer.startBootstrapServices(SystemServer.java:660)
06-18 12:43:38.961 E/BatteryStatsImpl( 1916): 	at com.android.server.SystemServer.run(SystemServer.java:510)
06-18 12:43:38.961 E/BatteryStatsImpl( 1916): 	at com.android.server.SystemServer.main(SystemServer.java:349)
06-18 12:43:38.961 E/BatteryStatsImpl( 1916): 	at java.lang.reflect.Method.invoke(Native Method)
06-18 12:43:38.961 E/BatteryStatsImpl( 1916): 	at com.android.internal.os.RuntimeInit$MethodAndArgsCaller.run(RuntimeInit.java:492)
06-18 12:43:38.961 E/BatteryStatsImpl( 1916): 	at com.android.internal.os.ZygoteInit.main(ZygoteInit.java:908)
06-18 12:43:38.961 E/BatteryStatsImpl( 1916): Caused by: android.system.ErrnoException: open failed: ENOENT (No such file or directory)
06-18 12:43:38.961 E/BatteryStatsImpl( 1916): 	at libcore.io.Linux.open(Native Method)
06-18 12:43:38.961 E/BatteryStatsImpl( 1916): 	at libcore.io.ForwardingOs.open(ForwardingOs.java:167)
06-18 12:43:38.961 E/BatteryStatsImpl( 1916): 	at libcore.io.BlockGuardOs.open(BlockGuardOs.java:252)
06-18 12:43:38.961 E/BatteryStatsImpl( 1916): 	at libcore.io.IoBridge.open(IoBridge.java:482)
06-18 12:43:38.961 E/BatteryStatsImpl( 1916): 	... 16 more
06-18 12:43:38.962 E/BatteryStatsImpl( 1916): Error reading battery history
06-18 12:43:38.962 E/BatteryStatsImpl( 1916): java.io.FileNotFoundException: /data/system/battery-history/0.bin: open failed: ENOENT (No such file or directory)
06-18 12:43:38.962 E/BatteryStatsImpl( 1916): 	at libcore.io.IoBridge.open(IoBridge.java:496)
06-18 12:43:38.962 E/BatteryStatsImpl( 1916): 	at java.io.FileInputStream.<init>(FileInputStream.java:159)
06-18 12:43:38.962 E/BatteryStatsImpl( 1916): 	at com.android.internal.os.AtomicFile.openRead(AtomicFile.java:157)
06-18 12:43:38.962 E/BatteryStatsImpl( 1916): 	at com.android.internal.os.AtomicFile.readFully(AtomicFile.java:162)
06-18 12:43:38.962 E/BatteryStatsImpl( 1916): 	at com.android.internal.os.BatteryStatsImpl.readLocked(BatteryStatsImpl.java:13358)
06-18 12:43:38.962 E/BatteryStatsImpl( 1916): 	at com.android.server.am.ActivityManagerService.<init>(ActivityManagerService.java:2501)
06-18 12:43:38.962 E/BatteryStatsImpl( 1916): 	at com.android.server.am.ActivityManagerService$Lifecycle.<init>(ActivityManagerService.java:2215)
06-18 12:43:38.962 E/BatteryStatsImpl( 1916): 	at java.lang.reflect.Constructor.newInstance0(Native Method)
06-18 12:43:38.962 E/BatteryStatsImpl( 1916): 	at java.lang.reflect.Constructor.newInstance(Constructor.java:343)
06-18 12:43:38.962 E/BatteryStatsImpl( 1916): 	at com.android.server.SystemServiceManager.startService(SystemServiceManager.java:101)
06-18 12:43:38.962 E/BatteryStatsImpl( 1916): 	at com.android.server.am.ActivityManagerService$Lifecycle.startService(ActivityManagerService.java:2221)
06-18 12:43:38.962 E/BatteryStatsImpl( 1916): 	at com.android.server.SystemServer.startBootstrapServices(SystemServer.java:660)
06-18 12:43:38.962 E/BatteryStatsImpl( 1916): 	at com.android.server.SystemServer.run(SystemServer.java:510)
06-18 12:43:38.962 E/BatteryStatsImpl( 1916): 	at com.android.server.SystemServer.main(SystemServer.java:349)
06-18 12:43:38.962 E/BatteryStatsImpl( 1916): 	at java.lang.reflect.Method.invoke(Native Method)
06-18 12:43:38.962 E/BatteryStatsImpl( 1916): 	at com.android.internal.os.RuntimeInit$MethodAndArgsCaller.run(RuntimeInit.java:492)
06-18 12:43:38.962 E/BatteryStatsImpl( 1916): 	at com.android.internal.os.ZygoteInit.main(ZygoteInit.java:908)
06-18 12:43:38.962 E/BatteryStatsImpl( 1916): Caused by: android.system.ErrnoException: open failed: ENOENT (No such file or directory)
06-18 12:43:38.962 E/BatteryStatsImpl( 1916): 	at libcore.io.Linux.open(Native Method)
06-18 12:43:38.962 E/BatteryStatsImpl( 1916): 	at libcore.io.ForwardingOs.open(ForwardingOs.java:167)
06-18 12:43:38.962 E/BatteryStatsImpl( 1916): 	at libcore.io.BlockGuardOs.open(BlockGuardOs.java:252)
06-18 12:43:38.962 E/BatteryStatsImpl( 1916): 	at libcore.io.IoBridge.open(IoBridge.java:482)
06-18 12:43:38.962 E/BatteryStatsImpl( 1916): 	... 16 more
06-18 12:43:38.964 I/hwservicemanager( 1568): getTransport: Cannot find entry android.hardware.power.stats@1.0::IPowerStats/default in either framework or device manifest.
06-18 12:43:38.964 I/BatteryStatsService( 1916): Using power HAL
06-18 12:43:38.964 E/BatteryStatsService( 1916): Unable to load Power.Stats.HAL. Setting rail availability to false
06-18 12:43:38.965 E/BluetoothAdapter( 1916): Bluetooth binder is null
06-18 12:43:38.973 E/BatteryExternalStatsWorker( 1916): no controller energy info supplied for telephony
06-18 12:43:38.974 E/KernelCpuUidFreqTimeReader( 1916): Failed to read /proc/uid_time_in_state: java.nio.file.NoSuchFileException: /proc/uid_time_in_state
06-18 12:43:38.975 W/KernelCpuProcStringReader( 1916): File not found. It's normal if not implemented: /proc/uid_time_in_state
06-18 12:43:38.975 W/KernelCpuProcStringReader( 1916): File not found. It's normal if not implemented: /proc/uid_concurrent_active_time
06-18 12:43:38.975 W/KernelCpuProcStringReader( 1916): File not found. It's normal if not implemented: /proc/uid_concurrent_policy_time
06-18 12:43:38.976 W/KernelMemoryBandwidthStats( 1916): No kernel memory bandwidth stats available
06-18 12:43:38.977 I/PowerManagerService-JNI( 1916): Loaded power HAL 1.0 service
06-18 12:43:38.977 I/PowerManagerService-JNI( 1916): Loaded power HAL 1.1 service
06-18 12:43:38.979 I/hwservicemanager( 1568): getTransport: Cannot find entry android.hardware.memtrack@1.0::IMemtrack/default in either framework or device manifest.
06-18 12:43:38.979 E/memtrack( 1916): Couldn't load memtrack module
06-18 12:43:38.979 W/android.os.Debug( 1916): failed to get memory consumption info: -1
06-18 12:43:38.981 I/AppOps  ( 1916): No existing app ops /data/system/appops.xml; starting empty
06-18 12:43:38.985 I/IntentFirewall( 1916): Read new rules (A:0 B:0 S:0)
06-18 12:43:38.996 W/libprocessgroup( 1916): Failed to remove /acct/uid_1003: Permission denied
06-18 12:43:39.001 D/AppOps  ( 1916): AppOpsService published
06-18 12:43:39.004 D/SystemServerTiming( 1916): StartActivityManager took to complete: 83ms
06-18 12:43:39.004 I/SystemServer( 1916): StartPowerManager
06-18 12:43:39.004 I/SystemServiceManager( 1916): Starting com.android.server.power.PowerManagerService
06-18 12:43:39.011 D/SystemServerTiming( 1916): StartPowerManager took to complete: 7ms
06-18 12:43:39.011 I/SystemServer( 1916): StartThermalManager
06-18 12:43:39.011 I/SystemServiceManager( 1916): Starting com.android.server.power.ThermalManagerService
06-18 12:43:39.011 D/SystemServerTiming( 1916): StartThermalManager took to complete: 0ms
06-18 12:43:39.011 I/SystemServer( 1916): InitPowerManagement
06-18 12:43:39.012 D/SystemServerTiming( 1916): InitPowerManagement took to complete: 1ms
06-18 12:43:39.012 I/SystemServer( 1916): StartRecoverySystemService
06-18 12:43:39.012 I/SystemServiceManager( 1916): Starting com.android.server.RecoverySystemService
06-18 12:43:39.013 D/SystemServerTiming( 1916): StartRecoverySystemService took to complete: 1ms
06-18 12:43:39.013 V/RescueParty( 1916): Disabled because of active USB connection
06-18 12:43:39.013 I/SystemServer( 1916): StartLightsService
06-18 12:43:39.013 I/SystemServiceManager( 1916): Starting com.android.server.lights.LightsService
06-18 12:43:39.015 I/ServiceManager( 1775): Waiting for service 'package_native' on '/dev/binder'...
06-18 12:43:39.015 D/SystemServerTiming( 1916): StartLightsService took to complete: 2ms
06-18 12:43:39.015 I/SystemServer( 1916): StartSidekickService
06-18 12:43:39.015 D/SystemServerTiming( 1916): StartSidekickService took to complete: 0ms
06-18 12:43:39.015 I/SystemServer( 1916): StartDisplayManager
06-18 12:43:39.015 I/SystemServiceManager( 1916): Starting com.android.server.display.DisplayManagerService
06-18 12:43:39.017 D/SystemServerTiming( 1916): StartDisplayManager took to complete: 2ms
06-18 12:43:39.017 I/SystemServer( 1916): WaitForDisplay
06-18 12:43:39.017 I/SystemServiceManager( 1916): Starting phase 100
06-18 12:43:39.019 E/SurfaceFlinger( 1728): ro.sf.lcd_density must be defined as a build property
06-18 12:43:39.022 I/DisplayManagerService( 1916): Display device added: DisplayDeviceInfo{"Built-in Screen": uniqueId="local:0", 320 x 640, modeId 1, defaultModeId 1, supportedModes [{id=1, width=320, height=640, fps=60.000004}], colorMode 0, supportedColorModes [0], HdrCapabilities android.view.Display$HdrCapabilities@40f16308, density 160, 160.0 x 160.0 dpi, appVsyncOff 1000000, presDeadline 16666666, touch INTERNAL, rotation 0, type BUILT_IN, address {port=0}, state UNKNOWN, FLAG_DEFAULT_DISPLAY, FLAG_ROTATES_WITH_CONTENT, FLAG_SECURE, FLAG_SUPPORTS_PROTECTED_BUFFERS}
06-18 12:43:39.026 D/SurfaceFlinger( 1728): Setting power mode 2 on display 0
06-18 12:43:39.027 I/hwservicemanager( 1568): getTransport: Cannot find entry android.hardware.light@2.0::ILight/default in either framework or device manifest.
06-18 12:43:39.027 D/SystemServerTiming( 1916): WaitForDisplay took to complete: 10ms
06-18 12:43:39.027 I/SystemServer( 1916): StartPackageManagerService
06-18 12:43:39.027 I/Watchdog( 1916): Pausing HandlerChecker: main thread for reason: packagemanagermain. Pause count: 1
06-18 12:43:39.027 W/StrictMode( 1916): No activity manager; failed to Dropbox violation.
06-18 12:43:39.030 I/DisplayManagerService( 1916): Display device changed state: "Built-in Screen", ON
06-18 12:43:39.045 W/FileUtils( 1916): Failed to chmod(/data/system/packages.list): android.system.ErrnoException: chmod failed: ENOENT (No such file or directory)
06-18 12:43:39.048 D/SELinuxMMAC( 1916): Using policy file /system/etc/selinux/plat_mac_permissions.xml
06-18 12:43:39.049 D/SELinuxMMAC( 1916): Using policy file /vendor/etc/selinux/vendor_mac_permissions.xml
06-18 12:43:39.029 I/chatty  ( 1916): uid=1000(system) android.display identical 4 lines
06-18 12:43:39.029 W/StrictMode( 1916): No activity manager; failed to Dropbox violation.
06-18 12:43:39.050 D/FallbackCategoryProvider( 1916): Found 387 fallback categories
06-18 12:43:39.050 I/PackageManager( 1916): No settings file; creating initial state
06-18 12:43:39.053 D/PackageManager( 1916): No files in app dir /vendor/overlay
06-18 12:43:39.057 I/PackageManager( 1916): /system/product/overlay/FontNotoSerifSource changed; collecting certs
