06-18 12:43:42.161 W/PackageManager( 1916): Cannot whitelist unknown permission: com.htc.launcher.permission.READ_SETTINGS
06-18 12:43:42.161 W/PackageManager( 1916): Cannot whitelist unknown permission: com.htc.launcher.permission.UPDATE_SHORTCUT
06-18 12:43:42.161 W/PackageManager( 1916): Cannot whitelist unknown permission: com.sonyericsson.home.permission.BROADCAST_BADGE
06-18 12:43:42.161 W/PackageManager( 1916): Cannot whitelist unknown permission: com.sonymobile.home.permission.PROVIDER_INSERT_BADGE
06-18 12:43:42.161 W/PackageManager( 1916): Cannot whitelist unknown permission: com.sonymobile.launcher.permission.PROVIDER_INSERT_BADGE
06-18 12:43:42.161 W/PackageManager( 1916): Cannot whitelist unknown permission: com.anddoes.launcher.permission.UPDATE_COUNT
06-18 12:43:42.161 W/PackageManager( 1916): Cannot whitelist unknown permission: com.majeur.launcher.permission.UPDATE_BADGE
06-18 12:43:42.161 W/PackageManager( 1916): Cannot whitelist unknown permission: com.huawei.android.launcher.permission.CHANGE_BADGE
06-18 12:43:42.161 W/PackageManager( 1916): Cannot whitelist unknown permission: com.huawei.android.launcher.permission.READ_SETTINGS
06-18 12:43:42.161 W/PackageManager( 1916): Cannot whitelist unknown permission: com.huawei.android.launcher.permission.WRITE_SETTINGS
06-18 12:43:42.161 W/PackageManager( 1916): Cannot whitelist unknown permission: android.permission.READ_APP_BADGE
06-18 12:43:42.161 W/PackageManager( 1916): Cannot whitelist unknown permission: com.oppo.launcher.permission.READ_SETTINGS
06-18 12:43:42.161 W/PackageManager( 1916): Cannot whitelist unknown permission: com.oppo.launcher.permission.WRITE_SETTINGS
06-18 12:43:42.161 I/PackageManager( 1916): Un-granting permission com.google.android.setupwizard.READ_DEVICE_ORIGIN from package com.google.android.apps.messaging (protectionLevel=18 flags=0x38cbbe45)
06-18 12:43:42.161 E/WifiVendorHal( 1916): getBgScanCapabilities(l.630) failed {.code = ERROR_NOT_SUPPORTED, .description = }
06-18 12:43:42.161 D/WifiScanRequestProxy( 1916): Sending scan available broadcast: true
06-18 12:43:42.161 I/WifiScanRequestProxy( 1916): Scanning is enabled
06-18 12:43:42.161 I/WifiScanRequestProxy( 1916): Scanning for hidden networks is enabled
06-18 12:43:42.161 D/WifiClientModeImpl( 1916): entering ConnectModeState: ifaceName = wlan0
06-18 12:43:42.161 D/WifiClientModeImpl( 1916): setupClientMode() ifacename = wlan0
06-18 12:43:42.163 I/WifiScanningService( 1916): wifi driver loaded with scan capabilities: max buckets=16
06-18 12:43:42.179 I/PackageManager( 1916): Un-granting permission android.permission.BIND_WALLPAPER from package com.android.camera2 (protectionLevel=18 flags=0x20d8bc45)
06-18 12:43:42.180 I/chatty  ( 1916): uid=1000(system) Binder:1916_4 identical 1 line
06-18 12:43:42.180 I/PackageManager( 1916): Un-granting permission android.permission.BIND_WALLPAPER from package com.android.camera2 (protectionLevel=18 flags=0x20d8bc45)
06-18 12:43:42.185 W/PackageManager( 1916): Cannot whitelist unknown permission: android.permission.NFC_UNLOCK
06-18 12:43:42.188 W/PackageManager( 1916): Cannot whitelist unknown permission: android.permission.NFC_UNLOCK
06-18 12:43:42.201 W/PackageManager( 1916): Cannot whitelist unknown permission: com.google.android.email.permission.ACCESS_PROVIDER
06-18 12:43:42.201 W/PackageManager( 1916): Cannot whitelist unknown permission: com.google.android.gm.exchange.BIND
06-18 12:43:42.201 W/PackageManager( 1916): Cannot whitelist unknown permission: com.android.email.partnerprovider.PARTNER_PROVIDER
06-18 12:43:42.201 I/PackageManager( 1916): Un-granting permission android.permission.REQUEST_INSTALL_PACKAGES from package com.google.android.gm (protectionLevel=66 flags=0x38cbbe45)
06-18 12:43:42.204 W/PackageManager( 1916): Cannot whitelist unknown permission: com.google.android.email.permission.ACCESS_PROVIDER
06-18 12:43:42.204 W/PackageManager( 1916): Cannot whitelist unknown permission: com.google.android.gm.exchange.BIND
06-18 12:43:42.204 W/PackageManager( 1916): Cannot whitelist unknown permission: com.android.email.partnerprovider.PARTNER_PROVIDER
06-18 12:43:42.205 I/PackageManager( 1916): Un-granting permission android.permission.REQUEST_INSTALL_PACKAGES from package com.google.android.gm (protectionLevel=66 flags=0x38cbbe45)
06-18 12:43:42.207 I/OMXClient( 1916): IOmx service obtained
06-18 12:43:42.207 I/OMXMaster( 1780): makeComponentInstance(OMX.google.vorbis.decoder) in android.hardwar process
06-18 12:43:42.208 E/OMXNodeInstance( 1780): getConfig(0xeae18c60:google.vorbis.decoder, ConfigAndroidVendorExtension(0x6f100004)) ERROR: Undefined(0x80001001)
06-18 12:43:42.230 W/PackageManager( 1916): Cannot whitelist unknown permission: com.android.vending.TOS_ACKED
06-18 12:43:42.230 W/PackageManager( 1916): Cannot whitelist unknown permission: com.android.vending.setup.PLAY_SETUP_SERVICE
06-18 12:43:42.232 W/PackageManager( 1916): Cannot whitelist unknown permission: com.samsung.android.providers.context.permission.WRITE_USE_APP_FEATURE_SURVEY
06-18 12:43:42.232 I/PackageManager( 1916): Un-granting permission android.permission.BIND_JOB_SERVICE from package com.google.android.music (protectionLevel=2 flags=0x38cbbe65)
06-18 12:43:42.234 I/OMXClient( 1916): IOmx service obtained
06-18 12:43:42.235 I/OMXMaster( 1780): makeComponentInstance(OMX.google.vorbis.decoder) in android.hardwar process
06-18 12:43:42.235 E/OMXNodeInstance( 1780): getConfig(0xeae18c60:google.vorbis.decoder, ConfigAndroidVendorExtension(0x6f100004)) ERROR: Undefined(0x80001001)
06-18 12:43:42.239 W/PackageManager( 1916): Cannot whitelist unknown permission: com.samsung.android.providers.context.permission.WRITE_USE_APP_FEATURE_SURVEY
06-18 12:43:42.239 I/PackageManager( 1916): Un-granting permission android.permission.BIND_JOB_SERVICE from package com.google.android.music (protectionLevel=2 flags=0x38cbbe65)
06-18 12:43:42.240 W/PackageManager( 1916): Cannot whitelist unknown permission: com.samsung.android.providers.context.permission.WRITE_USE_APP_FEATURE_SURVEY
06-18 12:43:42.240 I/PackageManager( 1916): Un-granting permission android.permission.BIND_JOB_SERVICE from package com.google.android.music (protectionLevel=2 flags=0x38cbbe65)
06-18 12:43:42.257 I/.gms.persisten( 2058): Compiler allocated 5305KB to compile boolean cuf.a(cyl, boolean, caau, caau, int, java.util.List, java.io.File, cyh)
06-18 12:43:42.260 W/PackageManager( 1916): Cannot whitelist unknown permission: com.android.vending.BILLING
06-18 12:43:42.260 I/PackageManager( 1916): Un-granting permission android.permission.REQUEST_INSTALL_PACKAGES from package com.google.android.apps.docs (protectionLevel=66 flags=0x38cbbe45)
06-18 12:43:42.262 W/PackageManager( 1916): Cannot whitelist unknown permission: com.android.vending.BILLING
06-18 12:43:42.262 I/PackageManager( 1916): Un-granting permission android.permission.REQUEST_INSTALL_PACKAGES from package com.google.android.apps.docs (protectionLevel=66 flags=0x38cbbe45)
06-18 12:43:42.265 I/OMXClient( 1916): IOmx service obtained
06-18 12:43:42.265 I/OMXMaster( 1780): makeComponentInstance(OMX.google.vorbis.decoder) in android.hardwar process
06-18 12:43:42.266 E/OMXNodeInstance( 1780): getConfig(0xeae18c60:google.vorbis.decoder, ConfigAndroidVendorExtension(0x6f100004)) ERROR: Undefined(0x80001001)
06-18 12:43:42.291 I/OMXClient( 1916): IOmx service obtained
06-18 12:43:42.291 I/OMXMaster( 1780): makeComponentInstance(OMX.google.vorbis.decoder) in android.hardwar process
06-18 12:43:42.291 E/OMXNodeInstance( 1780): getConfig(0xeae18c60:google.vorbis.decoder, ConfigAndroidVendorExtension(0x6f100004)) ERROR: Undefined(0x80001001)
06-18 12:43:42.324 W/PackageManager( 1916): Cannot whitelist unknown permission: android.permission.READ_MEDIA_IMAGES
06-18 12:43:42.325 W/PackageManager( 1916): Cannot whitelist unknown permission: com.chrome.permission.DEVICE_EXTRAS
06-18 12:43:42.325 W/PackageManager( 1916): Cannot whitelist unknown permission: com.sec.enterprise.knox.MDM_CONTENT_PROVIDER
06-18 12:43:42.325 I/PackageManager( 1916): Un-granting permission android.permission.REQUEST_INSTALL_PACKAGES from package com.android.chrome (protectionLevel=66 flags=0xa0cbbe45)
06-18 12:43:42.325 I/PackageManager( 1916): Un-granting permission com.google.android.apps.now.CURRENT_ACCOUNT_ACCESS from package com.android.chrome (protectionLevel=2 flags=0xa0cbbe45)
06-18 12:43:42.326 W/PackageManager( 1916): Cannot whitelist unknown permission: android.permission.READ_MEDIA_IMAGES
06-18 12:43:42.326 W/PackageManager( 1916): Cannot whitelist unknown permission: com.chrome.permission.DEVICE_EXTRAS
06-18 12:43:42.326 W/PackageManager( 1916): Cannot whitelist unknown permission: com.sec.enterprise.knox.MDM_CONTENT_PROVIDER
06-18 12:43:42.326 I/PackageManager( 1916): Un-granting permission android.permission.REQUEST_INSTALL_PACKAGES from package com.android.chrome (protectionLevel=66 flags=0xa0cbbe45)
06-18 12:43:42.326 I/PackageManager( 1916): Un-granting permission com.google.android.apps.now.CURRENT_ACCOUNT_ACCESS from package com.android.chrome (protectionLevel=2 flags=0xa0cbbe45)
06-18 12:43:42.328 W/PackageManager( 1916): Cannot whitelist unknown permission: com.sec.android.provider.badge.permission.READ
06-18 12:43:42.328 W/PackageManager( 1916): Cannot whitelist unknown permission: com.sec.android.provider.badge.permission.WRITE
06-18 12:43:42.328 W/PackageManager( 1916): Cannot whitelist unknown permission: com.htc.launcher.permission.READ_SETTINGS
06-18 12:43:42.328 W/PackageManager( 1916): Cannot whitelist unknown permission: com.htc.launcher.permission.UPDATE_SHORTCUT
06-18 12:43:42.328 W/PackageManager( 1916): Cannot whitelist unknown permission: com.sonyericsson.home.permission.BROADCAST_BADGE
06-18 12:43:42.328 W/PackageManager( 1916): Cannot whitelist unknown permission: com.sonymobile.home.permission.PROVIDER_INSERT_BADGE
06-18 12:43:42.328 W/PackageManager( 1916): Cannot whitelist unknown permission: com.anddoes.launcher.permission.UPDATE_COUNT
06-18 12:43:42.328 W/PackageManager( 1916): Cannot whitelist unknown permission: com.majeur.launcher.permission.UPDATE_BADGE
06-18 12:43:42.328 W/PackageManager( 1916): Cannot whitelist unknown permission: com.huawei.android.launcher.permission.CHANGE_BADGE
06-18 12:43:42.328 W/PackageManager( 1916): Cannot whitelist unknown permission: com.huawei.android.launcher.permission.READ_SETTINGS
06-18 12:43:42.328 W/PackageManager( 1916): Cannot whitelist unknown permission: com.huawei.android.launcher.permission.WRITE_SETTINGS
06-18 12:43:42.328 W/PackageManager( 1916): Cannot whitelist unknown permission: android.permission.READ_APP_BADGE
06-18 12:43:42.328 W/PackageManager( 1916): Cannot whitelist unknown permission: com.oppo.launcher.permission.READ_SETTINGS
06-18 12:43:42.328 W/PackageManager( 1916): Cannot whitelist unknown permission: com.oppo.launcher.permission.WRITE_SETTINGS
06-18 12:43:42.328 W/PackageManager( 1916): Cannot whitelist unknown permission: com.cequint.ecid.CALLER_ID_LOOKUP
06-18 12:43:42.328 W/PackageManager( 1916): Cannot whitelist unknown permission: com.motorola.incallui.permission.INCOMING_CALL_VISIBILITY_CHANGED
06-18 12:43:42.329 W/PackageManager( 1916): Cannot whitelist unknown permission: com.sec.android.provider.badge.permission.READ
06-18 12:43:42.329 W/PackageManager( 1916): Cannot whitelist unknown permission: com.sec.android.provider.badge.permission.WRITE
06-18 12:43:42.329 W/PackageManager( 1916): Cannot whitelist unknown permission: com.htc.launcher.permission.READ_SETTINGS
06-18 12:43:42.329 W/PackageManager( 1916): Cannot whitelist unknown permission: com.htc.launcher.permission.UPDATE_SHORTCUT
06-18 12:43:42.329 W/PackageManager( 1916): Cannot whitelist unknown permission: com.sonyericsson.home.permission.BROADCAST_BADGE
06-18 12:43:42.329 W/PackageManager( 1916): Cannot whitelist unknown permission: com.sonymobile.home.permission.PROVIDER_INSERT_BADGE
06-18 12:43:42.329 W/PackageManager( 1916): Cannot whitelist unknown permission: com.anddoes.launcher.permission.UPDATE_COUNT
06-18 12:43:42.329 W/PackageManager( 1916): Cannot whitelist unknown permission: com.majeur.launcher.permission.UPDATE_BADGE
06-18 12:43:42.329 W/PackageManager( 1916): Cannot whitelist unknown permission: com.huawei.android.launcher.permission.CHANGE_BADGE
06-18 12:43:42.329 W/PackageManager( 1916): Cannot whitelist unknown permission: com.huawei.android.launcher.permission.READ_SETTINGS
06-18 12:43:42.329 W/PackageManager( 1916): Cannot whitelist unknown permission: com.huawei.android.launcher.permission.WRITE_SETTINGS
06-18 12:43:42.329 W/PackageManager( 1916): Cannot whitelist unknown permission: android.permission.READ_APP_BADGE
06-18 12:43:42.329 W/PackageManager( 1916): Cannot whitelist unknown permission: com.oppo.launcher.permission.READ_SETTINGS
06-18 12:43:42.329 W/PackageManager( 1916): Cannot whitelist unknown permission: com.oppo.launcher.permission.WRITE_SETTINGS
06-18 12:43:42.329 W/PackageManager( 1916): Cannot whitelist unknown permission: com.cequint.ecid.CALLER_ID_LOOKUP
06-18 12:43:42.329 W/PackageManager( 1916): Cannot whitelist unknown permission: com.motorola.incallui.permission.INCOMING_CALL_VISIBILITY_CHANGED
06-18 12:43:42.330 W/PackageManager( 1916): Cannot whitelist unknown permission: com.sec.android.provider.badge.permission.READ
06-18 12:43:42.330 W/PackageManager( 1916): Cannot whitelist unknown permission: com.sec.android.provider.badge.permission.WRITE
06-18 12:43:42.330 W/PackageManager( 1916): Cannot whitelist unknown permission: com.htc.launcher.permission.READ_SETTINGS
06-18 12:43:42.330 W/PackageManager( 1916): Cannot whitelist unknown permission: com.htc.launcher.permission.UPDATE_SHORTCUT
06-18 12:43:42.331 W/PackageManager( 1916): Cannot whitelist unknown permission: com.sonyericsson.home.permission.BROADCAST_BADGE
06-18 12:43:42.331 W/PackageManager( 1916): Cannot whitelist unknown permission: com.sonymobile.home.permission.PROVIDER_INSERT_BADGE
06-18 12:43:42.331 W/PackageManager( 1916): Cannot whitelist unknown permission: com.anddoes.launcher.permission.UPDATE_COUNT
06-18 12:43:42.331 W/PackageManager( 1916): Cannot whitelist unknown permission: com.majeur.launcher.permission.UPDATE_BADGE
06-18 12:43:42.331 W/PackageManager( 1916): Cannot whitelist unknown permission: com.huawei.android.launcher.permission.CHANGE_BADGE
06-18 12:43:42.331 W/PackageManager( 1916): Cannot whitelist unknown permission: com.huawei.android.launcher.permission.READ_SETTINGS
06-18 12:43:42.331 W/PackageManager( 1916): Cannot whitelist unknown permission: com.huawei.android.launcher.permission.WRITE_SETTINGS
06-18 12:43:42.331 W/PackageManager( 1916): Cannot whitelist unknown permission: android.permission.READ_APP_BADGE
06-18 12:43:42.331 W/PackageManager( 1916): Cannot whitelist unknown permission: com.oppo.launcher.permission.READ_SETTINGS
06-18 12:43:42.331 W/PackageManager( 1916): Cannot whitelist unknown permission: com.oppo.launcher.permission.WRITE_SETTINGS
06-18 12:43:42.331 W/PackageManager( 1916): Cannot whitelist unknown permission: com.cequint.ecid.CALLER_ID_LOOKUP
06-18 12:43:42.331 W/PackageManager( 1916): Cannot whitelist unknown permission: com.motorola.incallui.permission.INCOMING_CALL_VISIBILITY_CHANGED
06-18 12:43:42.332 W/PackageManager( 1916): Cannot whitelist unknown permission: com.sec.android.provider.badge.permission.READ
06-18 12:43:42.332 W/PackageManager( 1916): Cannot whitelist unknown permission: com.sec.android.provider.badge.permission.WRITE
06-18 12:43:42.332 W/PackageManager( 1916): Cannot whitelist unknown permission: com.htc.launcher.permission.READ_SETTINGS
06-18 12:43:42.332 W/PackageManager( 1916): Cannot whitelist unknown permission: com.htc.launcher.permission.UPDATE_SHORTCUT
06-18 12:43:42.332 W/PackageManager( 1916): Cannot whitelist unknown permission: com.sonyericsson.home.permission.BROADCAST_BADGE
06-18 12:43:42.332 W/PackageManager( 1916): Cannot whitelist unknown permission: com.sonymobile.home.permission.PROVIDER_INSERT_BADGE
06-18 12:43:42.332 W/PackageManager( 1916): Cannot whitelist unknown permission: com.anddoes.launcher.permission.UPDATE_COUNT
06-18 12:43:42.332 W/PackageManager( 1916): Cannot whitelist unknown permission: com.majeur.launcher.permission.UPDATE_BADGE
06-18 12:43:42.332 W/PackageManager( 1916): Cannot whitelist unknown permission: com.huawei.android.launcher.permission.CHANGE_BADGE
06-18 12:43:42.332 W/PackageManager( 1916): Cannot whitelist unknown permission: com.huawei.android.launcher.permission.READ_SETTINGS
06-18 12:43:42.332 W/PackageManager( 1916): Cannot whitelist unknown permission: com.huawei.android.launcher.permission.WRITE_SETTINGS
06-18 12:43:42.332 W/PackageManager( 1916): Cannot whitelist unknown permission: android.permission.READ_APP_BADGE
06-18 12:43:42.332 W/PackageManager( 1916): Cannot whitelist unknown permission: com.oppo.launcher.permission.READ_SETTINGS
06-18 12:43:42.332 W/PackageManager( 1916): Cannot whitelist unknown permission: com.oppo.launcher.permission.WRITE_SETTINGS
06-18 12:43:42.332 W/PackageManager( 1916): Cannot whitelist unknown permission: com.cequint.ecid.CALLER_ID_LOOKUP
06-18 12:43:42.332 W/PackageManager( 1916): Cannot whitelist unknown permission: com.motorola.incallui.permission.INCOMING_CALL_VISIBILITY_CHANGED
06-18 12:43:42.333 E/ActivityThread( 2058): Failed to find provider info for com.google.android.gsf.gservices
06-18 12:43:42.334 E/ActivityThread( 2058): Failed to find provider info for com.google.android.gsf.gservices
06-18 12:43:42.335 W/PackageManager( 1916): Cannot whitelist unknown permission: com.sec.android.provider.badge.permission.READ
06-18 12:43:42.335 W/PackageManager( 1916): Cannot whitelist unknown permission: com.sec.android.provider.badge.permission.WRITE
06-18 12:43:42.335 W/PackageManager( 1916): Cannot whitelist unknown permission: com.htc.launcher.permission.READ_SETTINGS
06-18 12:43:42.335 W/PackageManager( 1916): Cannot whitelist unknown permission: com.htc.launcher.permission.UPDATE_SHORTCUT
06-18 12:43:42.335 W/PackageManager( 1916): Cannot whitelist unknown permission: com.sonyericsson.home.permission.BROADCAST_BADGE
06-18 12:43:42.335 W/PackageManager( 1916): Cannot whitelist unknown permission: com.sonymobile.home.permission.PROVIDER_INSERT_BADGE
06-18 12:43:42.335 W/PackageManager( 1916): Cannot whitelist unknown permission: com.anddoes.launcher.permission.UPDATE_COUNT
06-18 12:43:42.336 W/PackageManager( 1916): Cannot whitelist unknown permission: com.majeur.launcher.permission.UPDATE_BADGE
06-18 12:43:42.336 I/FileApkMgr( 2058): Extracting modules completed
06-18 12:43:42.336 I/GmsApplication( 2058): Staging modules completed
06-18 12:43:42.336 W/PackageManager( 1916): Cannot whitelist unknown permission: com.huawei.android.launcher.permission.CHANGE_BADGE
06-18 12:43:42.336 W/PackageManager( 1916): Cannot whitelist unknown permission: com.huawei.android.launcher.permission.READ_SETTINGS
06-18 12:43:42.336 I/GmsApplication( 2058): Updating config
06-18 12:43:42.336 W/PackageManager( 1916): Cannot whitelist unknown permission: com.huawei.android.launcher.permission.WRITE_SETTINGS
06-18 12:43:42.336 W/PackageManager( 1916): Cannot whitelist unknown permission: android.permission.READ_APP_BADGE
06-18 12:43:42.336 W/PackageManager( 1916): Cannot whitelist unknown permission: com.oppo.launcher.permission.READ_SETTINGS
06-18 12:43:42.336 W/PackageManager( 1916): Cannot whitelist unknown permission: com.oppo.launcher.permission.WRITE_SETTINGS
06-18 12:43:42.336 W/PackageManager( 1916): Cannot whitelist unknown permission: com.cequint.ecid.CALLER_ID_LOOKUP
06-18 12:43:42.336 W/PackageManager( 1916): Cannot whitelist unknown permission: com.motorola.incallui.permission.INCOMING_CALL_VISIBILITY_CHANGED
06-18 12:43:42.337 E/ActivityThread( 2058): Failed to find provider info for com.google.android.gsf.gservices
06-18 12:43:42.337 W/FileUtils( 2058): Failed to set world readable: /data/user_de/0/com.google.android.gms/app_chimera/current_config.fb
06-18 12:43:42.338 I/OMXClient( 1916): IOmx service obtained
06-18 12:43:42.339 I/OMXMaster( 1780): makeComponentInstance(OMX.google.vorbis.decoder) in android.hardwar process
06-18 12:43:42.340 E/OMXNodeInstance( 1780): getConfig(0xeae18c60:google.vorbis.decoder, ConfigAndroidVendorExtension(0x6f100004)) ERROR: Undefined(0x80001001)
06-18 12:43:42.337 E/ActivityThread( 2058): Failed to find provider info for com.google.android.gsf.gservices
06-18 12:43:42.342 W/PackageManager( 1916): Cannot whitelist unknown permission: com.sec.android.provider.badge.permission.READ
06-18 12:43:42.342 W/PackageManager( 1916): Cannot whitelist unknown permission: com.sec.android.provider.badge.permission.WRITE
06-18 12:43:42.342 W/PackageManager( 1916): Cannot whitelist unknown permission: com.htc.launcher.permission.READ_SETTINGS
06-18 12:43:42.342 W/PackageManager( 1916): Cannot whitelist unknown permission: com.htc.launcher.permission.UPDATE_SHORTCUT
06-18 12:43:42.342 W/PackageManager( 1916): Cannot whitelist unknown permission: com.sonyericsson.home.permission.BROADCAST_BADGE
06-18 12:43:42.342 W/PackageManager( 1916): Cannot whitelist unknown permission: com.sonymobile.home.permission.PROVIDER_INSERT_BADGE
06-18 12:43:42.342 W/PackageManager( 1916): Cannot whitelist unknown permission: com.anddoes.launcher.permission.UPDATE_COUNT
06-18 12:43:42.342 W/PackageManager( 1916): Cannot whitelist unknown permission: com.majeur.launcher.permission.UPDATE_BADGE
06-18 12:43:42.342 W/PackageManager( 1916): Cannot whitelist unknown permission: com.huawei.android.launcher.permission.CHANGE_BADGE
06-18 12:43:42.342 W/PackageManager( 1916): Cannot whitelist unknown permission: com.huawei.android.launcher.permission.READ_SETTINGS
06-18 12:43:42.342 W/PackageManager( 1916): Cannot whitelist unknown permission: com.huawei.android.launcher.permission.WRITE_SETTINGS
06-18 12:43:42.342 W/PackageManager( 1916): Cannot whitelist unknown permission: android.permission.READ_APP_BADGE
06-18 12:43:42.343 W/PackageManager( 1916): Cannot whitelist unknown permission: com.oppo.launcher.permission.READ_SETTINGS
06-18 12:43:42.343 W/PackageManager( 1916): Cannot whitelist unknown permission: com.oppo.launcher.permission.WRITE_SETTINGS
06-18 12:43:42.344 W/PackageManager( 1916): Cannot whitelist unknown permission: com.cequint.ecid.CALLER_ID_LOOKUP
06-18 12:43:42.344 W/PackageManager( 1916): Cannot whitelist unknown permission: com.motorola.incallui.permission.INCOMING_CALL_VISIBILITY_CHANGED
06-18 12:43:42.346 W/PackageManager( 1916): Cannot whitelist unknown permission: com.sec.android.provider.badge.permission.READ
06-18 12:43:42.346 W/PackageManager( 1916): Cannot whitelist unknown permission: com.sec.android.provider.badge.permission.WRITE
06-18 12:43:42.346 W/PackageManager( 1916): Cannot whitelist unknown permission: com.htc.launcher.permission.READ_SETTINGS
06-18 12:43:42.346 W/PackageManager( 1916): Cannot whitelist unknown permission: com.htc.launcher.permission.UPDATE_SHORTCUT
06-18 12:43:42.346 W/PackageManager( 1916): Cannot whitelist unknown permission: com.sonyericsson.home.permission.BROADCAST_BADGE
06-18 12:43:42.346 W/PackageManager( 1916): Cannot whitelist unknown permission: com.sonymobile.home.permission.PROVIDER_INSERT_BADGE
06-18 12:43:42.346 W/PackageManager( 1916): Cannot whitelist unknown permission: com.anddoes.launcher.permission.UPDATE_COUNT
06-18 12:43:42.346 W/PackageManager( 1916): Cannot whitelist unknown permission: com.majeur.launcher.permission.UPDATE_BADGE
06-18 12:43:42.346 W/PackageManager( 1916): Cannot whitelist unknown permission: com.huawei.android.launcher.permission.CHANGE_BADGE
06-18 12:43:42.346 W/PackageManager( 1916): Cannot whitelist unknown permission: com.huawei.android.launcher.permission.READ_SETTINGS
06-18 12:43:42.347 W/PackageManager( 1916): Cannot whitelist unknown permission: com.huawei.android.launcher.permission.WRITE_SETTINGS
06-18 12:43:42.347 W/PackageManager( 1916): Cannot whitelist unknown permission: android.permission.READ_APP_BADGE
06-18 12:43:42.347 W/PackageManager( 1916): Cannot whitelist unknown permission: com.oppo.launcher.permission.READ_SETTINGS
06-18 12:43:42.347 W/PackageManager( 1916): Cannot whitelist unknown permission: com.oppo.launcher.permission.WRITE_SETTINGS
06-18 12:43:42.347 W/PackageManager( 1916): Cannot whitelist unknown permission: com.cequint.ecid.CALLER_ID_LOOKUP
06-18 12:43:42.347 W/PackageManager( 1916): Cannot whitelist unknown permission: com.motorola.incallui.permission.INCOMING_CALL_VISIBILITY_CHANGED
06-18 12:43:42.358 W/PackageManager( 1916): Cannot whitelist unknown permission: android.permission.QUERY_ALL_PACKAGES
06-18 12:43:42.358 W/PackageManager( 1916): Cannot whitelist unknown permission: android.permission.PRE_FACTORY_RESET
06-18 12:43:42.358 W/PackageManager( 1916): Cannot whitelist unknown permission: android.permission.MANAGE_FACTORY_RESET_PROTECTION
06-18 12:43:42.358 W/PackageManager( 1916): Cannot whitelist unknown permission: android.car.permission.CAR_POWER
06-18 12:43:42.358 W/PackageManager( 1916): Cannot whitelist unknown permission: com.google.android.wearable.WRITE_SETTINGS
06-18 12:43:42.358 W/PackageManager( 1916): Cannot whitelist unknown permission: com.felicanetworks.mfc.permission.MFC_ACCESS
06-18 12:43:42.358 W/PackageManager( 1916): Cannot whitelist unknown permission: com.felicanetworks.mfc.mfi.permission.MFI_ACCESS
06-18 12:43:42.358 W/PackageManager( 1916): Cannot whitelist unknown permission: com.google.android.finsky.permission.INSTANT_APP_STATE
06-18 12:43:42.358 W/PackageManager( 1916): Cannot whitelist unknown permission: android.permission.UWB
06-18 12:43:42.358 W/PackageManager( 1916): Cannot whitelist unknown permission: com.google.android.finsky.permission.BIND_GET_INSTALL_REFERRER_SERVICE
06-18 12:43:42.358 W/PackageManager( 1916): Cannot whitelist unknown permission: com.google.android.hangouts.START_HANGOUT
06-18 12:43:42.358 W/PackageManager( 1916): Cannot whitelist unknown permission: android.car.permission.CAR_POWERTRAIN
06-18 12:43:42.358 W/PackageManager( 1916): Cannot whitelist unknown permission: android.car.permission.CAR_ENERGY
06-18 12:43:42.358 W/PackageManager( 1916): Cannot whitelist unknown permission: android.car.permission.CAR_ENERGY_PORTS
06-18 12:43:42.358 W/PackageManager( 1916): Cannot whitelist unknown permission: android.car.permission.CAR_EXTERIOR_LIGHTS
06-18 12:43:42.358 W/PackageManager( 1916): Cannot whitelist unknown permission: android.car.permission.CAR_INFO
06-18 12:43:42.358 W/PackageManager( 1916): Cannot whitelist unknown permission: android.car.permission.CAR_MILEAGE
06-18 12:43:42.358 W/PackageManager( 1916): Cannot whitelist unknown permission: android.car.permission.CAR_TIRES
06-18 12:43:42.358 W/PackageManager( 1916): Cannot whitelist unknown permission: android.car.permission.CONTROL_CAR_CLIMATE
06-18 12:43:42.358 W/PackageManager( 1916): Cannot whitelist unknown permission: android.car.permission.CONTROL_CAR_DOORS
06-18 12:43:42.358 W/PackageManager( 1916): Cannot whitelist unknown permission: android.car.permission.CONTROL_CAR_EXTERIOR_LIGHTS
06-18 12:43:42.358 W/PackageManager( 1916): Cannot whitelist unknown permission: android.car.permission.CONTROL_CAR_MIRRORS
06-18 12:43:42.358 W/PackageManager( 1916): Cannot whitelist unknown permission: android.car.permission.CONTROL_CAR_SEATS
06-18 12:43:42.358 W/PackageManager( 1916): Cannot whitelist unknown permission: android.car.permission.CONTROL_CAR_WINDOWS
06-18 12:43:42.358 W/PackageManager( 1916): Cannot whitelist unknown permission: android.car.permission.READ_CAR_DISPLAY_UNITS
06-18 12:43:42.358 W/PackageManager( 1916): Cannot whitelist unknown permission: com.google.android.finsky.permission.GEARHEAD_SERVICE
06-18 12:43:42.358 W/PackageManager( 1916): Cannot whitelist unknown permission: com.google.android.permission.ACCESSIBILITY_SCAN_SERVICE
06-18 12:43:42.358 W/PackageManager( 1916): Cannot whitelist unknown permission: com.google.android.finsky.permission.ACCESS_INSTANT_APP_NOTIFICATION_ENFORCEMENT
06-18 12:43:42.358 W/PackageManager( 1916): Cannot whitelist unknown permission: com.google.android.clockwork.settings.SHOW_FACTORY_RESET_CONFIRMATION
06-18 12:43:42.358 W/PackageManager( 1916): Cannot whitelist unknown permission: com.google.android.wearable.READ_SETTINGS
06-18 12:43:42.358 W/PackageManager( 1916): Cannot whitelist unknown permission: android.permission.READ_MEDIA_AUDIO
06-18 12:43:42.358 W/PackageManager( 1916): Cannot whitelist unknown permission: android.permission.READ_MEDIA_IMAGES
06-18 12:43:42.358 W/PackageManager( 1916): Cannot whitelist unknown permission: android.permission.READ_MEDIA_VIDEO
06-18 12:43:42.359 W/PackageManager( 1916): Cannot whitelist unknown permission: com.android.vending.setup.PLAY_SETUP_SERVICE
06-18 12:43:42.359 W/PackageManager( 1916): Cannot whitelist unknown permission: com.google.android.gms.game.notifications.permission.WRITE
06-18 12:43:42.359 W/PackageManager( 1916): Cannot whitelist unknown permission: com.google.android.vending.verifier.ACCESS_VERIFIER
06-18 12:43:42.359 I/PackageManager( 1916): Un-granting permission android.permission.CAPTURE_VIDEO_OUTPUT from package com.google.android.gms (protectionLevel=2 flags=0xb0cabe45)
06-18 12:43:42.359 I/PackageManager( 1916): Un-granting permission android.permission.MANAGE_DEVICE_ADMINS from package com.google.android.gms (protectionLevel=2 flags=0xb0cabe45)
06-18 12:43:42.359 I/PackageManager( 1916): Un-granting permission android.permission.MANAGE_ACTIVITY_STACKS from package com.google.android.gms (protectionLevel=2 flags=0xb0cabe45)
06-18 12:43:42.359 I/PackageManager( 1916): Un-granting permission android.permission.CAPTURE_SECURE_VIDEO_OUTPUT from package com.google.android.gms (protectionLevel=2 flags=0xb0cabe45)
06-18 12:43:42.359 I/PackageManager( 1916): Un-granting permission android.permission.MANAGE_ROLLBACKS from package com.google.android.gms (protectionLevel=514 flags=0xb0cabe45)
06-18 12:43:42.365 E/ChimeraCfgMgr( 2058): Failed to read module config: java.io.FileNotFoundException: /data/user_de/0/com.google.android.gms/app_chimera/current_config.fb: open failed: ENOENT (No such file or directory)
06-18 12:43:42.366 E/ActivityThread( 2058): Failed to find provider info for com.google.android.gsf.gservices
06-18 12:43:42.366 E/GservicesValue( 2058): Gservices key not whitelisted for directboot access: gms:chimera:dev_module_blacklist
06-18 12:43:42.369 I/GmsModuleFndr( 2058): Beginning GMS chimera module scan
06-18 12:43:42.368 I/chatty  ( 2058): uid=10117 com.google.android.gms.persistent identical 4 lines
06-18 12:43:42.369 E/ActivityThread( 2058): Failed to find provider info for com.google.android.gsf.gservices
06-18 12:43:42.371 W/PackageManager( 1916): Cannot whitelist unknown permission: android.permission.QUERY_ALL_PACKAGES
06-18 12:43:42.371 W/PackageManager( 1916): Cannot whitelist unknown permission: android.permission.PRE_FACTORY_RESET
06-18 12:43:42.371 W/PackageManager( 1916): Cannot whitelist unknown permission: android.permission.MANAGE_FACTORY_RESET_PROTECTION
06-18 12:43:42.371 W/PackageManager( 1916): Cannot whitelist unknown permission: android.car.permission.CAR_POWER
06-18 12:43:42.371 W/PackageManager( 1916): Cannot whitelist unknown permission: com.google.android.wearable.WRITE_SETTINGS
06-18 12:43:42.371 W/PackageManager( 1916): Cannot whitelist unknown permission: com.felicanetworks.mfc.permission.MFC_ACCESS
06-18 12:43:42.371 W/PackageManager( 1916): Cannot whitelist unknown permission: com.felicanetworks.mfc.mfi.permission.MFI_ACCESS
06-18 12:43:42.371 W/PackageManager( 1916): Cannot whitelist unknown permission: com.google.android.finsky.permission.INSTANT_APP_STATE
06-18 12:43:42.371 W/PackageManager( 1916): Cannot whitelist unknown permission: android.permission.UWB
06-18 12:43:42.371 W/PackageManager( 1916): Cannot whitelist unknown permission: com.google.android.finsky.permission.BIND_GET_INSTALL_REFERRER_SERVICE
06-18 12:43:42.371 W/PackageManager( 1916): Cannot whitelist unknown permission: com.google.android.hangouts.START_HANGOUT
06-18 12:43:42.371 W/PackageManager( 1916): Cannot whitelist unknown permission: android.car.permission.CAR_POWERTRAIN
06-18 12:43:42.371 W/PackageManager( 1916): Cannot whitelist unknown permission: android.car.permission.CAR_ENERGY
06-18 12:43:42.371 W/PackageManager( 1916): Cannot whitelist unknown permission: android.car.permission.CAR_ENERGY_PORTS
06-18 12:43:42.371 W/PackageManager( 1916): Cannot whitelist unknown permission: android.car.permission.CAR_EXTERIOR_LIGHTS
06-18 12:43:42.371 W/PackageManager( 1916): Cannot whitelist unknown permission: android.car.permission.CAR_INFO
06-18 12:43:42.371 W/PackageManager( 1916): Cannot whitelist unknown permission: android.car.permission.CAR_MILEAGE
06-18 12:43:42.371 W/PackageManager( 1916): Cannot whitelist unknown permission: android.car.permission.CAR_TIRES
06-18 12:43:42.371 W/PackageManager( 1916): Cannot whitelist unknown permission: android.car.permission.CONTROL_CAR_CLIMATE
06-18 12:43:42.371 W/PackageManager( 1916): Cannot whitelist unknown permission: android.car.permission.CONTROL_CAR_DOORS
06-18 12:43:42.371 W/PackageManager( 1916): Cannot whitelist unknown permission: android.car.permission.CONTROL_CAR_EXTERIOR_LIGHTS
06-18 12:43:42.371 W/PackageManager( 1916): Cannot whitelist unknown permission: android.car.permission.CONTROL_CAR_MIRRORS
06-18 12:43:42.371 W/PackageManager( 1916): Cannot whitelist unknown permission: android.car.permission.CONTROL_CAR_SEATS
06-18 12:43:42.371 W/PackageManager( 1916): Cannot whitelist unknown permission: android.car.permission.CONTROL_CAR_WINDOWS
06-18 12:43:42.371 W/PackageManager( 1916): Cannot whitelist unknown permission: android.car.permission.READ_CAR_DISPLAY_UNITS
06-18 12:43:42.371 W/PackageManager( 1916): Cannot whitelist unknown permission: com.google.android.finsky.permission.GEARHEAD_SERVICE
06-18 12:43:42.371 W/PackageManager( 1916): Cannot whitelist unknown permission: com.google.android.permission.ACCESSIBILITY_SCAN_SERVICE
06-18 12:43:42.371 W/PackageManager( 1916): Cannot whitelist unknown permission: com.google.android.finsky.permission.ACCESS_INSTANT_APP_NOTIFICATION_ENFORCEMENT
06-18 12:43:42.371 W/PackageManager( 1916): Cannot whitelist unknown permission: com.google.android.clockwork.settings.SHOW_FACTORY_RESET_CONFIRMATION
06-18 12:43:42.371 W/PackageManager( 1916): Cannot whitelist unknown permission: com.google.android.wearable.READ_SETTINGS
06-18 12:43:42.371 W/PackageManager( 1916): Cannot whitelist unknown permission: android.permission.READ_MEDIA_AUDIO
06-18 12:43:42.371 W/PackageManager( 1916): Cannot whitelist unknown permission: android.permission.READ_MEDIA_IMAGES
06-18 12:43:42.371 W/PackageManager( 1916): Cannot whitelist unknown permission: android.permission.READ_MEDIA_VIDEO
06-18 12:43:42.371 W/PackageManager( 1916): Cannot whitelist unknown permission: com.android.vending.setup.PLAY_SETUP_SERVICE
06-18 12:43:42.371 W/PackageManager( 1916): Cannot whitelist unknown permission: com.google.android.gms.game.notifications.permission.WRITE
06-18 12:43:42.371 W/PackageManager( 1916): Cannot whitelist unknown permission: com.google.android.vending.verifier.ACCESS_VERIFIER
06-18 12:43:42.371 I/PackageManager( 1916): Un-granting permission android.permission.CAPTURE_VIDEO_OUTPUT from package com.google.android.gms (protectionLevel=2 flags=0xb0cabe45)
06-18 12:43:42.372 I/PackageManager( 1916): Un-granting permission android.permission.MANAGE_DEVICE_ADMINS from package com.google.android.gms (protectionLevel=2 flags=0xb0cabe45)
06-18 12:43:42.372 I/PackageManager( 1916): Un-granting permission android.permission.MANAGE_ACTIVITY_STACKS from package com.google.android.gms (protectionLevel=2 flags=0xb0cabe45)
06-18 12:43:42.372 I/PackageManager( 1916): Un-granting permission android.permission.CAPTURE_SECURE_VIDEO_OUTPUT from package com.google.android.gms (protectionLevel=2 flags=0xb0cabe45)
06-18 12:43:42.372 I/PackageManager( 1916): Un-granting permission android.permission.MANAGE_ROLLBACKS from package com.google.android.gms (protectionLevel=514 flags=0xb0cabe45)
06-18 12:43:42.374 E/ChimeraCfgMgr( 2058): Failed to read module config: java.io.FileNotFoundException: /data/user_de/0/com.google.android.gms/app_chimera/current_config.fb: open failed: ENOENT (No such file or directory)
06-18 12:43:42.376 I/ModuleSetMgr( 2058): Config file doesn't exist, writing blank config.
06-18 12:43:42.378 W/PackageManager( 1916): Cannot whitelist unknown permission: android.permission.QUERY_ALL_PACKAGES
06-18 12:43:42.378 W/PackageManager( 1916): Cannot whitelist unknown permission: android.permission.PRE_FACTORY_RESET
06-18 12:43:42.378 W/PackageManager( 1916): Cannot whitelist unknown permission: android.permission.MANAGE_FACTORY_RESET_PROTECTION
06-18 12:43:42.378 W/PackageManager( 1916): Cannot whitelist unknown permission: android.car.permission.CAR_POWER
06-18 12:43:42.379 W/PackageManager( 1916): Cannot whitelist unknown permission: com.google.android.wearable.WRITE_SETTINGS
06-18 12:43:42.379 W/PackageManager( 1916): Cannot whitelist unknown permission: com.felicanetworks.mfc.permission.MFC_ACCESS
06-18 12:43:42.379 W/PackageManager( 1916): Cannot whitelist unknown permission: com.felicanetworks.mfc.mfi.permission.MFI_ACCESS
06-18 12:43:42.379 W/PackageManager( 1916): Cannot whitelist unknown permission: com.google.android.finsky.permission.INSTANT_APP_STATE
06-18 12:43:42.379 W/PackageManager( 1916): Cannot whitelist unknown permission: android.permission.UWB
06-18 12:43:42.379 W/PackageManager( 1916): Cannot whitelist unknown permission: com.google.android.finsky.permission.BIND_GET_INSTALL_REFERRER_SERVICE
06-18 12:43:42.379 W/PackageManager( 1916): Cannot whitelist unknown permission: com.google.android.hangouts.START_HANGOUT
06-18 12:43:42.379 W/PackageManager( 1916): Cannot whitelist unknown permission: android.car.permission.CAR_POWERTRAIN
06-18 12:43:42.379 W/PackageManager( 1916): Cannot whitelist unknown permission: android.car.permission.CAR_ENERGY
06-18 12:43:42.379 W/PackageManager( 1916): Cannot whitelist unknown permission: android.car.permission.CAR_ENERGY_PORTS
06-18 12:43:42.379 W/PackageManager( 1916): Cannot whitelist unknown permission: android.car.permission.CAR_EXTERIOR_LIGHTS
06-18 12:43:42.379 W/PackageManager( 1916): Cannot whitelist unknown permission: android.car.permission.CAR_INFO
06-18 12:43:42.379 W/PackageManager( 1916): Cannot whitelist unknown permission: android.car.permission.CAR_MILEAGE
06-18 12:43:42.379 W/PackageManager( 1916): Cannot whitelist unknown permission: android.car.permission.CAR_TIRES
06-18 12:43:42.379 W/PackageManager( 1916): Cannot whitelist unknown permission: android.car.permission.CONTROL_CAR_CLIMATE
06-18 12:43:42.379 W/PackageManager( 1916): Cannot whitelist unknown permission: android.car.permission.CONTROL_CAR_DOORS
06-18 12:43:42.379 W/PackageManager( 1916): Cannot whitelist unknown permission: android.car.permission.CONTROL_CAR_EXTERIOR_LIGHTS
06-18 12:43:42.379 W/PackageManager( 1916): Cannot whitelist unknown permission: android.car.permission.CONTROL_CAR_MIRRORS
06-18 12:43:42.379 W/PackageManager( 1916): Cannot whitelist unknown permission: android.car.permission.CONTROL_CAR_SEATS
06-18 12:43:42.379 W/PackageManager( 1916): Cannot whitelist unknown permission: android.car.permission.CONTROL_CAR_WINDOWS
06-18 12:43:42.379 W/PackageManager( 1916): Cannot whitelist unknown permission: android.car.permission.READ_CAR_DISPLAY_UNITS
06-18 12:43:42.379 W/PackageManager( 1916): Cannot whitelist unknown permission: com.google.android.finsky.permission.GEARHEAD_SERVICE
06-18 12:43:42.379 W/PackageManager( 1916): Cannot whitelist unknown permission: com.google.android.permission.ACCESSIBILITY_SCAN_SERVICE
06-18 12:43:42.379 W/PackageManager( 1916): Cannot whitelist unknown permission: com.google.android.finsky.permission.ACCESS_INSTANT_APP_NOTIFICATION_ENFORCEMENT
06-18 12:43:42.379 W/PackageManager( 1916): Cannot whitelist unknown permission: com.google.android.clockwork.settings.SHOW_FACTORY_RESET_CONFIRMATION
06-18 12:43:42.379 W/PackageManager( 1916): Cannot whitelist unknown permission: com.google.android.wearable.READ_SETTINGS
06-18 12:43:42.379 W/PackageManager( 1916): Cannot whitelist unknown permission: android.permission.READ_MEDIA_AUDIO
06-18 12:43:42.379 W/PackageManager( 1916): Cannot whitelist unknown permission: android.permission.READ_MEDIA_IMAGES
06-18 12:43:42.379 W/PackageManager( 1916): Cannot whitelist unknown permission: android.permission.READ_MEDIA_VIDEO
06-18 12:43:42.379 W/PackageManager( 1916): Cannot whitelist unknown permission: com.android.vending.setup.PLAY_SETUP_SERVICE
06-18 12:43:42.379 W/PackageManager( 1916): Cannot whitelist unknown permission: com.google.android.gms.game.notifications.permission.WRITE
06-18 12:43:42.379 W/PackageManager( 1916): Cannot whitelist unknown permission: com.google.android.vending.verifier.ACCESS_VERIFIER
06-18 12:43:42.379 I/PackageManager( 1916): Un-granting permission android.permission.CAPTURE_VIDEO_OUTPUT from package com.google.android.gms (protectionLevel=2 flags=0xb0cabe45)
06-18 12:43:42.379 I/PackageManager( 1916): Un-granting permission android.permission.MANAGE_DEVICE_ADMINS from package com.google.android.gms (protectionLevel=2 flags=0xb0cabe45)
06-18 12:43:42.379 I/PackageManager( 1916): Un-granting permission android.permission.MANAGE_ACTIVITY_STACKS from package com.google.android.gms (protectionLevel=2 flags=0xb0cabe45)
06-18 12:43:42.379 I/PackageManager( 1916): Un-granting permission android.permission.CAPTURE_SECURE_VIDEO_OUTPUT from package com.google.android.gms (protectionLevel=2 flags=0xb0cabe45)
06-18 12:43:42.379 I/PackageManager( 1916): Un-granting permission android.permission.MANAGE_ROLLBACKS from package com.google.android.gms (protectionLevel=514 flags=0xb0cabe45)
06-18 12:43:42.382 I/ModuleSetMgr( 2058): Computing pending module set with APKs: [[AdsFdrDynamite.integ:21460000000], [Cronetdynamite:202414040800], [Dynamiteloader:202414040800], [Dynamitemodulesa:202414040000], [Dynamitemodulesc:202414040000], [Googlecertificates:202414040000], [Mapsdynamite:202414040000], [Measurementdynamite:202414040000]]
06-18 12:43:42.383 E/ActivityThread( 2058): Failed to find provider info for com.google.android.gsf.gservices
06-18 12:43:42.384 I/chatty  ( 2058): uid=10117 com.google.android.gms.persistent identical 6 lines
06-18 12:43:42.384 E/ActivityThread( 2058): Failed to find provider info for com.google.android.gsf.gservices
06-18 12:43:42.390 W/PackageManager( 1916): Cannot whitelist unknown permission: android.permission.QUERY_ALL_PACKAGES
06-18 12:43:42.390 W/PackageManager( 1916): Cannot whitelist unknown permission: android.permission.PRE_FACTORY_RESET
06-18 12:43:42.390 W/PackageManager( 1916): Cannot whitelist unknown permission: android.permission.MANAGE_FACTORY_RESET_PROTECTION
06-18 12:43:42.390 W/PackageManager( 1916): Cannot whitelist unknown permission: android.car.permission.CAR_POWER
06-18 12:43:42.390 W/PackageManager( 1916): Cannot whitelist unknown permission: com.google.android.wearable.WRITE_SETTINGS
06-18 12:43:42.390 W/PackageManager( 1916): Cannot whitelist unknown permission: com.felicanetworks.mfc.permission.MFC_ACCESS
06-18 12:43:42.390 W/PackageManager( 1916): Cannot whitelist unknown permission: com.felicanetworks.mfc.mfi.permission.MFI_ACCESS
06-18 12:43:42.390 W/PackageManager( 1916): Cannot whitelist unknown permission: com.google.android.finsky.permission.INSTANT_APP_STATE
06-18 12:43:42.390 W/PackageManager( 1916): Cannot whitelist unknown permission: android.permission.UWB
06-18 12:43:42.390 W/PackageManager( 1916): Cannot whitelist unknown permission: com.google.android.finsky.permission.BIND_GET_INSTALL_REFERRER_SERVICE
06-18 12:43:42.390 W/PackageManager( 1916): Cannot whitelist unknown permission: com.google.android.hangouts.START_HANGOUT
06-18 12:43:42.390 W/PackageManager( 1916): Cannot whitelist unknown permission: android.car.permission.CAR_POWERTRAIN
06-18 12:43:42.390 W/PackageManager( 1916): Cannot whitelist unknown permission: android.car.permission.CAR_ENERGY
06-18 12:43:42.390 W/PackageManager( 1916): Cannot whitelist unknown permission: android.car.permission.CAR_ENERGY_PORTS
06-18 12:43:42.390 W/PackageManager( 1916): Cannot whitelist unknown permission: android.car.permission.CAR_EXTERIOR_LIGHTS
06-18 12:43:42.390 W/PackageManager( 1916): Cannot whitelist unknown permission: android.car.permission.CAR_INFO
06-18 12:43:42.390 W/PackageManager( 1916): Cannot whitelist unknown permission: android.car.permission.CAR_MILEAGE
06-18 12:43:42.390 W/PackageManager( 1916): Cannot whitelist unknown permission: android.car.permission.CAR_TIRES
06-18 12:43:42.390 W/PackageManager( 1916): Cannot whitelist unknown permission: android.car.permission.CONTROL_CAR_CLIMATE
06-18 12:43:42.390 W/PackageManager( 1916): Cannot whitelist unknown permission: android.car.permission.CONTROL_CAR_DOORS
06-18 12:43:42.390 W/PackageManager( 1916): Cannot whitelist unknown permission: android.car.permission.CONTROL_CAR_EXTERIOR_LIGHTS
06-18 12:43:42.390 W/PackageManager( 1916): Cannot whitelist unknown permission: android.car.permission.CONTROL_CAR_MIRRORS
06-18 12:43:42.390 W/PackageManager( 1916): Cannot whitelist unknown permission: android.car.permission.CONTROL_CAR_SEATS
06-18 12:43:42.390 W/PackageManager( 1916): Cannot whitelist unknown permission: android.car.permission.CONTROL_CAR_WINDOWS
06-18 12:43:42.390 W/PackageManager( 1916): Cannot whitelist unknown permission: android.car.permission.READ_CAR_DISPLAY_UNITS
06-18 12:43:42.391 W/PackageManager( 1916): Cannot whitelist unknown permission: com.google.android.finsky.permission.GEARHEAD_SERVICE
06-18 12:43:42.391 W/PackageManager( 1916): Cannot whitelist unknown permission: com.google.android.permission.ACCESSIBILITY_SCAN_SERVICE
06-18 12:43:42.391 W/PackageManager( 1916): Cannot whitelist unknown permission: com.google.android.finsky.permission.ACCESS_INSTANT_APP_NOTIFICATION_ENFORCEMENT
06-18 12:43:42.391 W/PackageManager( 1916): Cannot whitelist unknown permission: com.google.android.clockwork.settings.SHOW_FACTORY_RESET_CONFIRMATION
06-18 12:43:42.391 W/PackageManager( 1916): Cannot whitelist unknown permission: com.google.android.wearable.READ_SETTINGS
06-18 12:43:42.391 W/PackageManager( 1916): Cannot whitelist unknown permission: android.permission.READ_MEDIA_AUDIO
06-18 12:43:42.391 W/PackageManager( 1916): Cannot whitelist unknown permission: android.permission.READ_MEDIA_IMAGES
06-18 12:43:42.391 W/PackageManager( 1916): Cannot whitelist unknown permission: android.permission.READ_MEDIA_VIDEO
06-18 12:43:42.391 W/PackageManager( 1916): Cannot whitelist unknown permission: com.android.vending.setup.PLAY_SETUP_SERVICE
06-18 12:43:42.391 W/PackageManager( 1916): Cannot whitelist unknown permission: com.google.android.gms.game.notifications.permission.WRITE
06-18 12:43:42.391 W/PackageManager( 1916): Cannot whitelist unknown permission: com.google.android.vending.verifier.ACCESS_VERIFIER
06-18 12:43:42.391 I/PackageManager( 1916): Un-granting permission android.permission.CAPTURE_VIDEO_OUTPUT from package com.google.android.gms (protectionLevel=2 flags=0xb0cabe45)
06-18 12:43:42.391 I/PackageManager( 1916): Un-granting permission android.permission.MANAGE_DEVICE_ADMINS from package com.google.android.gms (protectionLevel=2 flags=0xb0cabe45)
06-18 12:43:42.391 I/PackageManager( 1916): Un-granting permission android.permission.MANAGE_ACTIVITY_STACKS from package com.google.android.gms (protectionLevel=2 flags=0xb0cabe45)
06-18 12:43:42.391 I/PackageManager( 1916): Un-granting permission android.permission.CAPTURE_SECURE_VIDEO_OUTPUT from package com.google.android.gms (protectionLevel=2 flags=0xb0cabe45)
06-18 12:43:42.392 I/PackageManager( 1916): Un-granting permission android.permission.MANAGE_ROLLBACKS from package com.google.android.gms (protectionLevel=514 flags=0xb0cabe45)
06-18 12:43:42.392 W/PackageManager( 1916): Cannot whitelist unknown permission: android.permission.QUERY_ALL_PACKAGES
06-18 12:43:42.392 W/PackageManager( 1916): Cannot whitelist unknown permission: android.permission.PRE_FACTORY_RESET
06-18 12:43:42.392 W/PackageManager( 1916): Cannot whitelist unknown permission: android.permission.MANAGE_FACTORY_RESET_PROTECTION
06-18 12:43:42.392 W/PackageManager( 1916): Cannot whitelist unknown permission: android.car.permission.CAR_POWER
06-18 12:43:42.392 W/PackageManager( 1916): Cannot whitelist unknown permission: com.google.android.wearable.WRITE_SETTINGS
06-18 12:43:42.392 W/PackageManager( 1916): Cannot whitelist unknown permission: com.felicanetworks.mfc.permission.MFC_ACCESS
06-18 12:43:42.392 W/PackageManager( 1916): Cannot whitelist unknown permission: com.felicanetworks.mfc.mfi.permission.MFI_ACCESS
06-18 12:43:42.393 W/PackageManager( 1916): Cannot whitelist unknown permission: com.google.android.finsky.permission.INSTANT_APP_STATE
06-18 12:43:42.393 W/PackageManager( 1916): Cannot whitelist unknown permission: android.permission.UWB
06-18 12:43:42.393 W/PackageManager( 1916): Cannot whitelist unknown permission: com.google.android.finsky.permission.BIND_GET_INSTALL_REFERRER_SERVICE
06-18 12:43:42.393 W/PackageManager( 1916): Cannot whitelist unknown permission: com.google.android.hangouts.START_HANGOUT
06-18 12:43:42.393 W/PackageManager( 1916): Cannot whitelist unknown permission: android.car.permission.CAR_POWERTRAIN
06-18 12:43:42.393 W/PackageManager( 1916): Cannot whitelist unknown permission: android.car.permission.CAR_ENERGY
06-18 12:43:42.393 W/PackageManager( 1916): Cannot whitelist unknown permission: android.car.permission.CAR_ENERGY_PORTS
06-18 12:43:42.393 W/PackageManager( 1916): Cannot whitelist unknown permission: android.car.permission.CAR_EXTERIOR_LIGHTS
