06-18 12:43:39.072 V/apexd   ( 1638): Found bundled key in package /system/apex/com.android.apex.cts.shim.apex
06-18 12:43:39.072 E/apexd   ( 1638): Can't open /product/apex for reading : No such file or directory
06-18 12:43:39.086 I/PackageManager( 1916): /system/product/overlay/IconShapeRoundedRect changed; collecting certs
06-18 12:43:39.087 I/PackageManager( 1916): /system/product/overlay/EmulationPixel4a changed; collecting certs
06-18 12:43:39.088 I/PackageManager( 1916): /system/product/overlay/IconPackFilledSettings changed; collecting certs
06-18 12:43:39.089 I/PackageManager( 1916): /system/product/overlay/IconShapeSquare changed; collecting certs
06-18 12:43:39.091 I/PackageManager( 1916): /system/product/overlay/IconPackFilledThemePicker changed; collecting certs
06-18 12:43:39.093 I/PackageManager( 1916): /system/product/overlay/AccentColorGreen changed; collecting certs
06-18 12:43:39.094 I/PackageManager( 1916): /system/product/overlay/PixelConfigOverlayCommon.apk changed; collecting certs
06-18 12:43:39.094 I/PackageManager( 1916): /system/product/overlay/AccentColorOcean changed; collecting certs
06-18 12:43:39.095 I/PackageManager( 1916): /system/product/overlay/IconShapeTeardrop changed; collecting certs
06-18 12:43:39.095 I/PackageManager( 1916): /system/product/overlay/GoogleConfigOverlay.apk changed; collecting certs
06-18 12:43:39.096 I/PackageManager( 1916): /system/product/overlay/IconPackRoundedSettings changed; collecting certs
06-18 12:43:39.097 I/PackageManager( 1916): /system/product/overlay/NavigationBarModeGesturalNarrowBack changed; collecting certs
06-18 12:43:39.097 I/PackageManager( 1916): /system/product/overlay/NavigationBarModeGestural changed; collecting certs
06-18 12:43:39.098 I/PackageManager( 1916): /system/product/overlay/AccentColorOrchid changed; collecting certs
06-18 12:43:39.104 I/PackageManager( 1916): /system/product/overlay/AccentColorBlack changed; collecting certs
06-18 12:43:39.105 I/PackageManager( 1916): /system/product/overlay/IconPackFilledSystemUI changed; collecting certs
06-18 12:43:39.106 I/PackageManager( 1916): /system/product/overlay/NavigationBarMode3Button changed; collecting certs
06-18 12:43:39.108 I/PackageManager( 1916): /system/product/overlay/SystemUIEmulationPixel4XL changed; collecting certs
06-18 12:43:39.109 I/PackageManager( 1916): /system/product/overlay/SystemUIEmulationPixel4 changed; collecting certs
06-18 12:43:39.110 I/PackageManager( 1916): /system/product/overlay/EmulatorConfigOverlay.apk changed; collecting certs
06-18 12:43:39.111 I/PackageManager( 1916): /system/product/overlay/EmulationPixel4XL changed; collecting certs
06-18 12:43:39.112 I/PackageManager( 1916): /system/product/overlay/DisplayCutoutEmulationDouble changed; collecting certs
06-18 12:43:39.112 I/PackageManager( 1916): /system/product/overlay/DisplayCutoutEmulationTall changed; collecting certs
06-18 12:43:39.113 I/PackageManager( 1916): /system/product/overlay/IconPackCircularSystemUI changed; collecting certs
06-18 12:43:39.114 I/PackageManager( 1916): /system/product/overlay/IconShapeSquircle changed; collecting certs
06-18 12:43:39.115 I/PackageManager( 1916): /system/product/overlay/IconPackRoundedAndroid changed; collecting certs
06-18 12:43:39.115 I/ServiceManager( 1775): Waiting for service 'package_native' on '/dev/binder'...
06-18 12:43:39.118 I/PackageManager( 1916): /system/product/overlay/IconPackFilledLauncher changed; collecting certs
06-18 12:43:39.118 I/PackageManager( 1916): /system/product/overlay/DisplayCutoutEmulationEmu01 changed; collecting certs
06-18 12:43:39.119 I/PackageManager( 1916): /system/product/overlay/SystemUIEmulationPixel3aXL changed; collecting certs
06-18 12:43:39.120 I/PackageManager( 1916): /system/product/overlay/AccentColorCinnamon changed; collecting certs
06-18 12:43:39.121 I/PackageManager( 1916): /system/product/overlay/SystemUIEmulationPixel2XL changed; collecting certs
06-18 12:43:39.155 I/PackageManager( 1916): /system/product/overlay/IconPackRoundedSystemUI changed; collecting certs
06-18 12:43:39.156 I/PackageManager( 1916): /system/product/overlay/SystemUIEmulationPixel3a changed; collecting certs
06-18 12:43:39.157 I/PackageManager( 1916): /system/product/overlay/IconPackCircularSettings changed; collecting certs
06-18 12:43:39.159 I/PackageManager( 1916): /system/product/overlay/NavigationBarModeGesturalExtraWideBack changed; collecting certs
06-18 12:43:39.160 I/PackageManager( 1916): /system/product/overlay/DisplayCutoutEmulationCorner changed; collecting certs
06-18 12:43:39.161 I/PackageManager( 1916): /system/product/overlay/SystemUIEmulationPixel4a changed; collecting certs
06-18 12:43:39.162 I/PackageManager( 1916): /system/product/overlay/IconPackCircularThemePicker changed; collecting certs
06-18 12:43:39.165 I/PackageManager( 1916): /system/product/overlay/NavigationBarMode2Button changed; collecting certs
06-18 12:43:39.166 I/PackageManager( 1916): /system/product/overlay/GoogleWebViewOverlay.apk changed; collecting certs
06-18 12:43:39.167 I/PackageManager( 1916): /system/product/overlay/IconPackCircularLauncher changed; collecting certs
06-18 12:43:39.168 I/PackageManager( 1916): /system/product/overlay/NavigationBarModeGesturalWideBack changed; collecting certs
06-18 12:43:39.168 I/PackageManager( 1916): /system/product/overlay/SystemUIEmulationPixel3 changed; collecting certs
06-18 12:43:39.169 I/PackageManager( 1916): /system/product/overlay/EmulationPixel3XL changed; collecting certs
06-18 12:43:39.170 I/PackageManager( 1916): /system/product/overlay/SystemUIEmulationPixel3XL changed; collecting certs
06-18 12:43:39.170 I/PackageManager( 1916): /system/product/overlay/IconPackRoundedLauncher changed; collecting certs
06-18 12:43:39.171 I/PackageManager( 1916): /system/product/overlay/GooglePermissionControllerOverlay.apk changed; collecting certs
06-18 12:43:39.171 I/PackageManager( 1916): /system/product/overlay/IconPackFilledAndroid changed; collecting certs
06-18 12:43:39.172 I/PackageManager( 1916): /system/product/overlay/AccentColorSpace changed; collecting certs
06-18 12:43:39.173 I/PackageManager( 1916): /system/product/overlay/IconPackCircularAndroid changed; collecting certs
06-18 12:43:39.174 I/PackageManager( 1916): /system/product/overlay/AccentColorPurple changed; collecting certs
06-18 12:43:39.174 I/PackageManager( 1916): /system/product/overlay/EmulationPixel4 changed; collecting certs
06-18 12:43:39.175 I/PackageManager( 1916): /system/product/overlay/EmulationPixel2XL changed; collecting certs
06-18 12:43:39.176 D/PackageManager( 1916): No files in app dir /product_services/overlay
06-18 12:43:39.176 D/PackageManager( 1916): No files in app dir /odm/overlay
06-18 12:43:39.176 D/PackageManager( 1916): No files in app dir /oem/overlay
06-18 12:43:39.180 W/PackageManager( 1916): Failed to parse /system/framework/x86: Missing base APK in /system/framework/x86
06-18 12:43:39.180 W/PackageManager( 1916): Failed to parse /system/framework/x86_64: Missing base APK in /system/framework/x86_64
06-18 12:43:39.181 W/PackageManager( 1916): Failed to parse /system/framework/oat: Missing base APK in /system/framework/oat
06-18 12:43:39.200 I/PackageManager( 1916): /system/framework/framework-res.apk changed; collecting certs
06-18 12:43:39.201 E/PackageManager( 1916): Adding duplicate shared id: 1000 name=android
06-18 12:43:39.207 I/PackageManager( 1916): /system/priv-app/MultiDisplayProvider changed; collecting certs
06-18 12:43:39.209 E/PackageManager( 1916): Adding duplicate shared id: 1000 name=com.android.emulator.multidisplay
06-18 12:43:39.216 I/ServiceManager( 1775): Waiting for service 'package_native' on '/dev/binder'...
06-18 12:43:39.217 I/PackageManager( 1916): New shared user android.media: id=10054
06-18 12:43:39.217 I/PackageManager( 1916): /system/priv-app/DownloadProvider changed; collecting certs
06-18 12:43:39.219 E/PackageManager( 1916): Adding duplicate app id: 10054 name=com.android.providers.downloads
06-18 12:43:39.221 I/PackageManager( 1916): New shared user android.uid.shared: id=10055
06-18 12:43:39.221 I/PackageManager( 1916): /system/priv-app/UserDictionaryProvider changed; collecting certs
06-18 12:43:39.222 E/PackageManager( 1916): Adding duplicate app id: 10055 name=com.android.providers.userdictionary
06-18 12:43:39.224 I/PackageManager( 1916): /system/priv-app/ProxyHandler changed; collecting certs
06-18 12:43:39.229 I/PackageManager( 1916): /system/priv-app/CtsShimPrivPrebuilt changed; collecting certs
06-18 12:43:39.232 I/PackageManager( 1916): /system/priv-app/CellBroadcastReceiver changed; collecting certs
06-18 12:43:39.234 I/PackageManager( 1916): /system/priv-app/DownloadProviderUi changed; collecting certs
06-18 12:43:39.235 E/PackageManager( 1916): Adding duplicate app id: 10054 name=com.android.providers.downloads.ui
06-18 12:43:39.239 I/PackageManager( 1916): /system/priv-app/VpnDialogs changed; collecting certs
06-18 12:43:39.250 I/PackageManager( 1916): /system/priv-app/ManagedProvisioning changed; collecting certs
06-18 12:43:39.252 I/PackageManager( 1916): New shared user android.uid.calendar: id=10061
06-18 12:43:39.252 I/PackageManager( 1916): /system/priv-app/CalendarProvider changed; collecting certs
06-18 12:43:39.253 E/PackageManager( 1916): Adding duplicate app id: 10061 name=com.android.providers.calendar
06-18 12:43:39.256 W/PackageParser( 1916): Ignoring duplicate uses-permissions/uses-permissions-sdk-m: android.permission.INSTALL_GRANT_RUNTIME_PERMISSIONS in package: com.android.shell at: Binary XML file line #127
06-18 12:43:39.257 W/PackageParser( 1916): No actions in intent filter at /system/priv-app/GoogleRestorePrebuilt/GoogleRestorePrebuilt.apk Binary XML file line #93
06-18 12:43:39.259 I/PackageManager( 1916): /system/priv-app/GoogleRestorePrebuilt changed; collecting certs
06-18 12:43:39.262 I/PackageManager( 1916): /system/priv-app/Shell changed; collecting certs
06-18 12:43:39.264 E/PackageManager( 1916): Adding duplicate shared id: 2000 name=com.android.shell
06-18 12:43:39.264 I/PackageManager( 1916): /system/priv-app/NetworkStack changed; collecting certs
06-18 12:43:39.266 E/PackageManager( 1916): Adding duplicate shared id: 1073 name=com.google.android.networkstack
06-18 12:43:39.267 I/PackageManager( 1916): /system/priv-app/Tag changed; collecting certs
06-18 12:43:39.269 I/PackageManager( 1916): /system/priv-app/StatementService changed; collecting certs
06-18 12:43:39.272 I/PackageManager( 1916): /system/priv-app/MmsService changed; collecting certs
06-18 12:43:39.272 E/PackageManager( 1916): Adding duplicate shared id: 1001 name=com.android.mms.service
06-18 12:43:39.277 I/PackageManager( 1916): /system/priv-app/TimeZoneUpdater changed; collecting certs
06-18 12:43:39.278 I/PackageManager( 1916): /system/priv-app/InputDevices changed; collecting certs
06-18 12:43:39.279 E/PackageManager( 1916): Adding duplicate shared id: 1000 name=com.android.inputdevices
06-18 12:43:39.281 I/PackageManager( 1916): /system/priv-app/DynamicSystemInstallationService changed; collecting certs
06-18 12:43:39.282 E/PackageManager( 1916): Adding duplicate shared id: 1000 name=com.android.dynsystem
06-18 12:43:39.283 I/PackageManager( 1916): /system/priv-app/DocumentsUI changed; collecting certs
06-18 12:43:39.284 I/PackageManager( 1916): /system/priv-app/BackupRestoreConfirmation changed; collecting certs
06-18 12:43:39.285 I/PackageManager( 1916): /system/priv-app/SharedStorageBackup changed; collecting certs
06-18 12:43:39.288 I/PackageManager( 1916): /system/priv-app/TelephonyProvider changed; collecting certs
06-18 12:43:39.289 E/PackageManager( 1916): Adding duplicate shared id: 1001 name=com.android.providers.telephony
06-18 12:43:39.290 I/PackageManager( 1916): /system/priv-app/NetworkPermissionConfig changed; collecting certs
06-18 12:43:39.291 E/PackageManager( 1916): Adding duplicate shared id: 1073 name=com.google.android.networkstack.permissionconfig
06-18 12:43:39.292 I/PackageManager( 1916): /system/priv-app/MtpDocumentsProvider changed; collecting certs
06-18 12:43:39.292 E/PackageManager( 1916): Adding duplicate app id: 10054 name=com.android.mtp
06-18 12:43:39.293 I/PackageManager( 1916): /system/priv-app/ONS changed; collecting certs
06-18 12:43:39.296 E/PackageManager( 1916): Adding duplicate shared id: 1001 name=com.android.ons
06-18 12:43:39.297 I/PackageManager( 1916): /system/priv-app/SettingsProvider changed; collecting certs
06-18 12:43:39.298 E/PackageManager( 1916): Adding duplicate shared id: 1000 name=com.android.providers.settings
06-18 12:43:39.298 I/PackageManager( 1916): /system/priv-app/BlockedNumberProvider changed; collecting certs
06-18 12:43:39.299 E/PackageManager( 1916): Adding duplicate app id: 10055 name=com.android.providers.blockednumber
06-18 12:43:39.302 I/PackageManager( 1916): /system/priv-app/MusicFX changed; collecting certs
06-18 12:43:39.302 I/PackageManager( 1916): /system/priv-app/ContactsProvider changed; collecting certs
06-18 12:43:39.303 E/PackageManager( 1916): Adding duplicate app id: 10055 name=com.android.providers.contacts
06-18 12:43:39.303 I/PackageManager( 1916): /system/priv-app/GoogleExtServices changed; collecting certs
06-18 12:43:39.305 I/PackageManager( 1916): /system/priv-app/MediaProvider changed; collecting certs
06-18 12:43:39.309 E/PackageManager( 1916): Adding duplicate app id: 10054 name=com.android.providers.media
06-18 12:43:39.313 I/PackageManager( 1916): /system/priv-app/FusedLocation changed; collecting certs
06-18 12:43:39.314 E/PackageManager( 1916): Adding duplicate shared id: 1000 name=com.android.location.fused
06-18 12:43:39.314 I/PackageManager( 1916): /system/priv-app/ExternalStorageProvider changed; collecting certs
06-18 12:43:39.315 I/PackageManager( 1916): /system/priv-app/CallLogBackup changed; collecting certs
06-18 12:43:39.316 E/PackageManager( 1916): Adding duplicate app id: 10055 name=com.android.calllogbackup
06-18 12:43:39.316 I/PackageManager( 1916): /system/priv-app/GooglePackageInstaller changed; collecting certs
06-18 12:43:39.317 I/ServiceManager( 1775): Waiting for service 'package_native' on '/dev/binder'...
06-18 12:43:39.318 I/PackageManager( 1916): /system/priv-app/TeleService changed; collecting certs
06-18 12:43:39.320 E/PackageManager( 1916): Adding duplicate shared id: 1001 name=com.android.phone
06-18 12:43:39.320 I/PackageManager( 1916): /system/priv-app/GoogleSdkSetup changed; collecting certs
06-18 12:43:39.321 I/PackageManager( 1916): /system/priv-app/LocalTransport changed; collecting certs
06-18 12:43:39.322 E/PackageManager( 1916): Adding duplicate shared id: 1000 name=com.android.localtransport
06-18 12:43:39.347 E/        ( 1761): idmap failed, status=0x0100
06-18 12:43:39.348 E/PackageManager( 1916): Failed to generate idmap for /system/priv-app/GooglePermissionController/GooglePermissionController.apk and /product/overlay/GooglePermissionControllerOverlay.apk
06-18 12:43:39.351 I/PackageManager( 1916): /system/priv-app/GooglePermissionController changed; collecting certs
06-18 12:43:39.353 I/PackageManager( 1916): /system/priv-app/Telecom changed; collecting certs
06-18 12:43:39.354 E/PackageManager( 1916): Adding duplicate shared id: 1000 name=com.android.server.telecom
06-18 12:43:39.360 I/PackageManager( 1916): /system/app/BasicDreams changed; collecting certs
06-18 12:43:39.363 I/PackageManager( 1916): /system/app/CtsShimPrebuilt changed; collecting certs
06-18 12:43:39.370 I/PackageManager( 1916): /system/app/LiveWallpapersPicker changed; collecting certs
06-18 12:43:39.373 I/PackageManager( 1916): /system/app/EasterEgg changed; collecting certs
06-18 12:43:39.374 I/PackageManager( 1916): /system/app/CompanionDeviceManager changed; collecting certs
06-18 12:43:39.380 I/PackageManager( 1916): /system/app/Traceur changed; collecting certs
06-18 12:43:39.383 W/PackageParser( 1916): Ignoring duplicate uses-permissions/uses-permissions-sdk-m: android.permission.READ_CONTACTS in package: com.android.bluetooth at: Binary XML file line #67
06-18 12:43:39.383 I/PackageManager( 1916): /system/app/WallpaperBackup changed; collecting certs
06-18 12:43:39.384 E/PackageManager( 1916): Adding duplicate shared id: 1000 name=com.android.wallpaperbackup
06-18 12:43:39.384 W/PackageParser( 1916): No actions in intent filter at /system/app/Bluetooth/Bluetooth.apk Binary XML file line #263
06-18 12:43:39.385 I/PackageManager( 1916): /system/app/PrintSpooler changed; collecting certs
06-18 12:43:39.388 I/PackageManager( 1916): /system/app/Bluetooth changed; collecting certs
06-18 12:43:39.389 E/PackageManager( 1916): Adding duplicate shared id: 1002 name=com.android.bluetooth
06-18 12:43:39.393 I/PackageManager( 1916): /system/app/CaptivePortalLogin changed; collecting certs
06-18 12:43:39.395 I/PackageManager( 1916): /system/app/KoreanIME changed; collecting certs
06-18 12:43:39.401 I/PackageManager( 1916): /system/app/SecureElement changed; collecting certs
06-18 12:43:39.402 E/PackageManager( 1916): Adding duplicate shared id: 1068 name=com.android.se
06-18 12:43:39.403 I/PackageManager( 1916): /system/app/BookmarkProvider changed; collecting certs
06-18 12:43:39.403 I/PackageManager( 1916): /system/app/KeyChain changed; collecting certs
06-18 12:43:39.405 E/PackageManager( 1916): Adding duplicate shared id: 1000 name=com.android.keychain
06-18 12:43:39.406 I/PackageManager( 1916): /system/app/CertInstaller changed; collecting certs
06-18 12:43:39.409 I/PackageManager( 1916): /system/app/RcsService changed; collecting certs
06-18 12:43:39.410 E/PackageManager( 1916): Adding duplicate shared id: 1001 name=com.android.service.ims
06-18 12:43:39.411 I/PackageManager( 1916): /system/app/WAPPushManager changed; collecting certs
06-18 12:43:39.412 I/PackageManager( 1916): /system/app/LicenseChecker changed; collecting certs
06-18 12:43:39.414 I/PackageManager( 1916): /system/app/SimAppDialog changed; collecting certs
06-18 12:43:39.417 I/ServiceManager( 1775): Waiting for service 'package_native' on '/dev/binder'...
06-18 12:43:39.418 W/PackageParser( 1916): Ignoring duplicate uses-permissions/uses-permissions-sdk-m: android.permission.CHANGE_WIFI_STATE in package: com.android.nfc at: Binary XML file line #52
06-18 12:43:39.418 W/PackageParser( 1916): Ignoring duplicate uses-permissions/uses-permissions-sdk-m: android.permission.ACCESS_WIFI_STATE in package: com.android.nfc at: Binary XML file line #53
06-18 12:43:39.419 I/PackageManager( 1916): /system/app/BuiltInPrintService changed; collecting certs
06-18 12:43:39.423 I/PackageManager( 1916): /system/app/BluetoothMidiService changed; collecting certs
06-18 12:43:39.424 I/PackageManager( 1916): /system/app/OsuLogin changed; collecting certs
06-18 12:43:39.425 I/PackageManager( 1916): /system/app/PartnerBookmarksProvider changed; collecting certs
06-18 12:43:39.425 I/PackageManager( 1916): /system/app/NfcNci changed; collecting certs
06-18 12:43:39.430 E/PackageManager( 1916): Adding duplicate shared id: 1027 name=com.android.nfc
06-18 12:43:39.430 I/PackageManager( 1916): /system/app/PacProcessor changed; collecting certs
06-18 12:43:39.434 I/PackageManager( 1916): /system/app/PresencePolling changed; collecting certs
06-18 12:43:39.435 E/PackageManager( 1916): Adding duplicate shared id: 1001 name=com.android.service.ims.presence
06-18 12:43:39.436 I/PackageManager( 1916): /system/app/GooglePinyinIME changed; collecting certs
06-18 12:43:39.447 I/PackageManager( 1916): /system/app/GooglePrintRecommendationService changed; collecting certs
06-18 12:43:39.448 I/PackageManager( 1916): /system/app/SafetyRegulatoryInfo changed; collecting certs
06-18 12:43:39.449 W/PackageParser( 1916): No actions in intent filter at /system/app/CarrierDefaultApp/CarrierDefaultApp.apk Binary XML file line #43
06-18 12:43:39.449 I/PackageManager( 1916): /system/app/GoogleHindiIME changed; collecting certs
06-18 12:43:39.451 I/PackageManager( 1916): /system/app/Stk changed; collecting certs
06-18 12:43:39.451 E/PackageManager( 1916): Adding duplicate shared id: 1001 name=com.android.stk
06-18 12:43:39.452 I/PackageManager( 1916): /system/app/GoogleExtShared changed; collecting certs
06-18 12:43:39.453 I/PackageManager( 1916): /system/app/HTMLViewer changed; collecting certs
06-18 12:43:39.453 I/PackageManager( 1916): /system/app/WallpapersUsTwo changed; collecting certs
06-18 12:43:39.454 I/PackageManager( 1916): /system/app/CarrierDefaultApp changed; collecting certs
06-18 12:43:39.455 D/PackageManager( 1916): No files in app dir /vendor/priv-app
06-18 12:43:39.455 D/PackageManager( 1916): No files in app dir /vendor/app
06-18 12:43:39.456 D/PackageManager( 1916): No files in app dir /odm/priv-app
06-18 12:43:39.456 D/PackageManager( 1916): No files in app dir /odm/app
06-18 12:43:39.456 D/PackageManager( 1916): No files in app dir /oem/app
06-18 12:43:39.462 I/PackageManager( 1916): /system/product/priv-app/GoogleFeedback changed; collecting certs
06-18 12:43:39.469 I/PackageManager( 1916): /system/product/priv-app/SettingsIntelligence changed; collecting certs
06-18 12:43:39.473 I/PackageManager( 1916): /system/product/priv-app/ConfigUpdater changed; collecting certs
06-18 12:43:39.489 I/PackageManager( 1916): /system/product/priv-app/WallpaperPickerGooglePrebuilt changed; collecting certs
06-18 12:43:39.492 I/PackageManager( 1916): /system/product/priv-app/GoogleANGLE changed; collecting certs
06-18 12:43:39.495 W/PackageParser( 1916): Unknown element under <manifest>: meta-data at /system/product/priv-app/Dialer/Dialer.apk Binary XML file line #115
06-18 12:43:39.503 I/PackageManager( 1916): /system/product/priv-app/Dialer changed; collecting certs
06-18 12:43:39.511 I/PackageManager( 1916): /system/product/priv-app/NexusLauncherRelease changed; collecting certs
06-18 12:43:39.517 I/ServiceManager( 1775): Waiting for service 'package_native' on '/dev/binder'...
06-18 12:43:39.532 I/PackageManager( 1916): /system/product/priv-app/SetupWizardPrebuilt changed; collecting certs
06-18 12:43:39.536 W/PackageParser( 1916): Ignoring duplicate uses-permissions/uses-permissions-sdk-m: android.permission.CONFIGURE_WIFI_DISPLAY in package: com.android.systemui at: Binary XML file line #158
06-18 12:43:39.538 I/PackageManager( 1916): /system/product/priv-app/GoogleOneTimeInitializer changed; collecting certs
06-18 12:43:39.545 I/PackageManager( 1916): /system/product/priv-app/CarrierConfig changed; collecting certs
06-18 12:43:39.546 I/PackageManager( 1916): New shared user android.uid.systemui: id=10112
06-18 12:43:39.546 I/PackageManager( 1916): /system/product/priv-app/SystemUIGoogle changed; collecting certs
06-18 12:43:39.547 E/PackageManager( 1916): Adding duplicate app id: 10112 name=com.android.systemui
06-18 12:43:39.548 W/PackageParser( 1916): No actions in intent filter at /system/product/priv-app/Contacts/Contacts.apk Binary XML file line #411
06-18 12:43:39.551 I/PackageManager( 1916): /system/product/priv-app/Contacts changed; collecting certs
06-18 12:43:39.553 I/PackageManager( 1916): New shared user com.android.uid.omadm.service: id=10114
06-18 12:43:39.553 I/PackageManager( 1916): /system/product/priv-app/DMService changed; collecting certs
06-18 12:43:39.555 E/PackageManager( 1916): Adding duplicate app id: 10114 name=com.android.omadm.service
06-18 12:43:39.561 W/PackageParser( 1916): No actions in intent filter at /system/product/priv-app/AndroidAutoFullPrebuilt/AndroidAutoFullPrebuilt.apk Binary XML file line #1276
06-18 12:43:39.567 I/PackageManager( 1916): New shared user com.google.android.projection.gearhead: id=10115
06-18 12:43:39.567 I/PackageManager( 1916): /system/product/priv-app/AndroidAutoFullPrebuilt changed; collecting certs
06-18 12:43:39.571 E/PackageManager( 1916): Adding duplicate app id: 10115 name=com.google.android.projection.gearhead
06-18 12:43:39.579 W/PackageParser( 1916): Ignoring duplicate uses-permissions/uses-permissions-sdk-m: android.permission.READ_PRIVILEGED_PHONE_STATE in package: com.google.android.partnersetup at: Binary XML file line #56
06-18 12:43:39.582 I/PackageManager( 1916): /system/product/priv-app/GooglePartnerSetup changed; collecting certs
06-18 12:43:39.587 I/PackageManager( 1916): New shared user com.google.uid.shared: id=10117
06-18 12:43:39.587 I/PackageManager( 1916): /system/product/priv-app/GoogleServicesFramework changed; collecting certs
06-18 12:43:39.588 E/PackageManager( 1916): Adding duplicate app id: 10117 name=com.google.android.gsf
06-18 12:43:39.590 I/PackageManager( 1916): /system/product/priv-app/AndroidMigratePrebuilt changed; collecting certs
06-18 12:43:39.596 I/PackageManager( 1916): /system/product/priv-app/StorageManager changed; collecting certs
06-18 12:43:39.607 I/PackageManager( 1916): /system/product/priv-app/CarrierServices changed; collecting certs
06-18 12:43:39.618 I/ServiceManager( 1775): Waiting for service 'package_native' on '/dev/binder'...
06-18 12:43:39.639 I/PackageManager( 1916): New shared user com.android.emergency.uid: id=10121
06-18 12:43:39.639 I/PackageManager( 1916): /system/product/priv-app/EmergencyInfo changed; collecting certs
06-18 12:43:39.640 E/PackageManager( 1916): Adding duplicate app id: 10121 name=com.android.emergency
06-18 12:43:39.647 W/PackageParser( 1916): Unknown element under <manifest>: attribution at /system/product/priv-app/PrebuiltGmsCore/PrebuiltGmsCore.apk Binary XML file line #5
06-18 12:43:39.647 W/PackageParser( 1916): Unknown element under <manifest>: attribution at /system/product/priv-app/PrebuiltGmsCore/PrebuiltGmsCore.apk Binary XML file line #6
06-18 12:43:39.647 W/PackageParser( 1916): Unknown element under <manifest>: attribution at /system/product/priv-app/PrebuiltGmsCore/PrebuiltGmsCore.apk Binary XML file line #7
06-18 12:43:39.647 W/PackageParser( 1916): Unknown element under <manifest>: attribution at /system/product/priv-app/PrebuiltGmsCore/PrebuiltGmsCore.apk Binary XML file line #8
06-18 12:43:39.647 W/PackageParser( 1916): Unknown element under <manifest>: attribution at /system/product/priv-app/PrebuiltGmsCore/PrebuiltGmsCore.apk Binary XML file line #9
06-18 12:43:39.647 W/PackageParser( 1916): Unknown element under <manifest>: attribution at /system/product/priv-app/PrebuiltGmsCore/PrebuiltGmsCore.apk Binary XML file line #10
06-18 12:43:39.647 W/PackageParser( 1916): Unknown element under <manifest>: attribution at /system/product/priv-app/PrebuiltGmsCore/PrebuiltGmsCore.apk Binary XML file line #11
06-18 12:43:39.647 W/PackageParser( 1916): Unknown element under <manifest>: attribution at /system/product/priv-app/PrebuiltGmsCore/PrebuiltGmsCore.apk Binary XML file line #12
06-18 12:43:39.648 W/PackageParser( 1916): Unknown element under <manifest>: attribution at /system/product/priv-app/PrebuiltGmsCore/PrebuiltGmsCore.apk Binary XML file line #13
06-18 12:43:39.648 W/PackageParser( 1916): Unknown element under <manifest>: attribution at /system/product/priv-app/PrebuiltGmsCore/PrebuiltGmsCore.apk Binary XML file line #14
06-18 12:43:39.648 W/PackageParser( 1916): Unknown element under <manifest>: attribution at /system/product/priv-app/PrebuiltGmsCore/PrebuiltGmsCore.apk Binary XML file line #15
06-18 12:43:39.648 W/PackageParser( 1916): Unknown element under <manifest>: attribution at /system/product/priv-app/PrebuiltGmsCore/PrebuiltGmsCore.apk Binary XML file line #16
06-18 12:43:39.648 W/PackageParser( 1916): Unknown element under <manifest>: attribution at /system/product/priv-app/PrebuiltGmsCore/PrebuiltGmsCore.apk Binary XML file line #17
06-18 12:43:39.648 W/PackageParser( 1916): Unknown element under <manifest>: attribution at /system/product/priv-app/PrebuiltGmsCore/PrebuiltGmsCore.apk Binary XML file line #18
06-18 12:43:39.648 W/PackageParser( 1916): Unknown element under <manifest>: attribution at /system/product/priv-app/PrebuiltGmsCore/PrebuiltGmsCore.apk Binary XML file line #19
06-18 12:43:39.648 W/PackageParser( 1916): Unknown element under <manifest>: attribution at /system/product/priv-app/PrebuiltGmsCore/PrebuiltGmsCore.apk Binary XML file line #20
06-18 12:43:39.648 W/PackageParser( 1916): Unknown element under <manifest>: attribution at /system/product/priv-app/PrebuiltGmsCore/PrebuiltGmsCore.apk Binary XML file line #21
06-18 12:43:39.648 W/PackageParser( 1916): Unknown element under <manifest>: attribution at /system/product/priv-app/PrebuiltGmsCore/PrebuiltGmsCore.apk Binary XML file line #22
06-18 12:43:39.648 W/PackageParser( 1916): Unknown element under <manifest>: attribution at /system/product/priv-app/PrebuiltGmsCore/PrebuiltGmsCore.apk Binary XML file line #23
06-18 12:43:39.648 W/PackageParser( 1916): Unknown element under <manifest>: attribution at /system/product/priv-app/PrebuiltGmsCore/PrebuiltGmsCore.apk Binary XML file line #24
06-18 12:43:39.648 W/PackageParser( 1916): Unknown element under <manifest>: attribution at /system/product/priv-app/PrebuiltGmsCore/PrebuiltGmsCore.apk Binary XML file line #25
06-18 12:43:39.648 W/PackageParser( 1916): Unknown element under <manifest>: attribution at /system/product/priv-app/PrebuiltGmsCore/PrebuiltGmsCore.apk Binary XML file line #26
06-18 12:43:39.648 W/PackageParser( 1916): Unknown element under <manifest>: attribution at /system/product/priv-app/PrebuiltGmsCore/PrebuiltGmsCore.apk Binary XML file line #27
06-18 12:43:39.648 W/PackageParser( 1916): Unknown element under <manifest>: attribution at /system/product/priv-app/PrebuiltGmsCore/PrebuiltGmsCore.apk Binary XML file line #28
06-18 12:43:39.648 W/PackageParser( 1916): Unknown element under <manifest>: attribution at /system/product/priv-app/PrebuiltGmsCore/PrebuiltGmsCore.apk Binary XML file line #29
06-18 12:43:39.648 W/PackageParser( 1916): Unknown element under <manifest>: attribution at /system/product/priv-app/PrebuiltGmsCore/PrebuiltGmsCore.apk Binary XML file line #30
06-18 12:43:39.648 W/PackageParser( 1916): Unknown element under <manifest>: attribution at /system/product/priv-app/PrebuiltGmsCore/PrebuiltGmsCore.apk Binary XML file line #31
06-18 12:43:39.648 W/PackageParser( 1916): Unknown element under <manifest>: attribution at /system/product/priv-app/PrebuiltGmsCore/PrebuiltGmsCore.apk Binary XML file line #32
06-18 12:43:39.648 W/PackageParser( 1916): Unknown element under <manifest>: attribution at /system/product/priv-app/PrebuiltGmsCore/PrebuiltGmsCore.apk Binary XML file line #33
06-18 12:43:39.648 W/PackageParser( 1916): Unknown element under <manifest>: attribution at /system/product/priv-app/PrebuiltGmsCore/PrebuiltGmsCore.apk Binary XML file line #34
06-18 12:43:39.648 W/PackageParser( 1916): Unknown element under <manifest>: attribution at /system/product/priv-app/PrebuiltGmsCore/PrebuiltGmsCore.apk Binary XML file line #35
06-18 12:43:39.648 W/PackageParser( 1916): Unknown element under <manifest>: attribution at /system/product/priv-app/PrebuiltGmsCore/PrebuiltGmsCore.apk Binary XML file line #36
06-18 12:43:39.648 W/PackageParser( 1916): Unknown element under <manifest>: attribution at /system/product/priv-app/PrebuiltGmsCore/PrebuiltGmsCore.apk Binary XML file line #37
06-18 12:43:39.648 W/PackageParser( 1916): Unknown element under <manifest>: attribution at /system/product/priv-app/PrebuiltGmsCore/PrebuiltGmsCore.apk Binary XML file line #38
06-18 12:43:39.648 W/PackageParser( 1916): Unknown element under <manifest>: attribution at /system/product/priv-app/PrebuiltGmsCore/PrebuiltGmsCore.apk Binary XML file line #39
06-18 12:43:39.648 W/PackageParser( 1916): Unknown element under <manifest>: attribution at /system/product/priv-app/PrebuiltGmsCore/PrebuiltGmsCore.apk Binary XML file line #40
06-18 12:43:39.649 W/PackageParser( 1916): Unknown element under <manifest>: attribution at /system/product/priv-app/PrebuiltGmsCore/PrebuiltGmsCore.apk Binary XML file line #41
06-18 12:43:39.649 W/PackageParser( 1916): Unknown element under <manifest>: attribution at /system/product/priv-app/PrebuiltGmsCore/PrebuiltGmsCore.apk Binary XML file line #42
06-18 12:43:39.649 W/PackageParser( 1916): Unknown element under <manifest>: attribution at /system/product/priv-app/PrebuiltGmsCore/PrebuiltGmsCore.apk Binary XML file line #43
06-18 12:43:39.649 W/PackageParser( 1916): Unknown element under <manifest>: attribution at /system/product/priv-app/PrebuiltGmsCore/PrebuiltGmsCore.apk Binary XML file line #44
06-18 12:43:39.649 W/PackageParser( 1916): Unknown element under <manifest>: attribution at /system/product/priv-app/PrebuiltGmsCore/PrebuiltGmsCore.apk Binary XML file line #45
06-18 12:43:39.649 W/PackageParser( 1916): Unknown element under <manifest>: attribution at /system/product/priv-app/PrebuiltGmsCore/PrebuiltGmsCore.apk Binary XML file line #46
06-18 12:43:39.649 W/PackageParser( 1916): Unknown element under <manifest>: attribution at /system/product/priv-app/PrebuiltGmsCore/PrebuiltGmsCore.apk Binary XML file line #47
06-18 12:43:39.649 W/PackageParser( 1916): Unknown element under <manifest>: attribution at /system/product/priv-app/PrebuiltGmsCore/PrebuiltGmsCore.apk Binary XML file line #48
06-18 12:43:39.649 W/PackageParser( 1916): Unknown element under <manifest>: attribution at /system/product/priv-app/PrebuiltGmsCore/PrebuiltGmsCore.apk Binary XML file line #49
06-18 12:43:39.649 W/PackageParser( 1916): Unknown element under <manifest>: attribution at /system/product/priv-app/PrebuiltGmsCore/PrebuiltGmsCore.apk Binary XML file line #50
06-18 12:43:39.649 W/PackageParser( 1916): Unknown element under <manifest>: attribution at /system/product/priv-app/PrebuiltGmsCore/PrebuiltGmsCore.apk Binary XML file line #51
06-18 12:43:39.649 W/PackageParser( 1916): Unknown element under <manifest>: attribution at /system/product/priv-app/PrebuiltGmsCore/PrebuiltGmsCore.apk Binary XML file line #52
06-18 12:43:39.649 W/PackageParser( 1916): Unknown element under <manifest>: attribution at /system/product/priv-app/PrebuiltGmsCore/PrebuiltGmsCore.apk Binary XML file line #53
06-18 12:43:39.649 W/PackageParser( 1916): Unknown element under <manifest>: attribution at /system/product/priv-app/PrebuiltGmsCore/PrebuiltGmsCore.apk Binary XML file line #54
06-18 12:43:39.649 W/PackageParser( 1916): Unknown element under <manifest>: attribution at /system/product/priv-app/PrebuiltGmsCore/PrebuiltGmsCore.apk Binary XML file line #55
06-18 12:43:39.649 W/PackageParser( 1916): Unknown element under <manifest>: attribution at /system/product/priv-app/PrebuiltGmsCore/PrebuiltGmsCore.apk Binary XML file line #56
06-18 12:43:39.649 W/PackageParser( 1916): Unknown element under <manifest>: attribution at /system/product/priv-app/PrebuiltGmsCore/PrebuiltGmsCore.apk Binary XML file line #57
06-18 12:43:39.649 W/PackageParser( 1916): Unknown element under <manifest>: attribution at /system/product/priv-app/PrebuiltGmsCore/PrebuiltGmsCore.apk Binary XML file line #58
06-18 12:43:39.649 W/PackageParser( 1916): Unknown element under <manifest>: attribution at /system/product/priv-app/PrebuiltGmsCore/PrebuiltGmsCore.apk Binary XML file line #59
06-18 12:43:39.649 W/PackageParser( 1916): Unknown element under <manifest>: attribution at /system/product/priv-app/PrebuiltGmsCore/PrebuiltGmsCore.apk Binary XML file line #60
06-18 12:43:39.650 W/PackageParser( 1916): Unknown element under <manifest>: attribution at /system/product/priv-app/PrebuiltGmsCore/PrebuiltGmsCore.apk Binary XML file line #61
06-18 12:43:39.650 W/PackageParser( 1916): Unknown element under <manifest>: attribution at /system/product/priv-app/PrebuiltGmsCore/PrebuiltGmsCore.apk Binary XML file line #62
06-18 12:43:39.650 W/PackageParser( 1916): Unknown element under <manifest>: attribution at /system/product/priv-app/PrebuiltGmsCore/PrebuiltGmsCore.apk Binary XML file line #63
06-18 12:43:39.650 W/PackageParser( 1916): Unknown element under <manifest>: attribution at /system/product/priv-app/PrebuiltGmsCore/PrebuiltGmsCore.apk Binary XML file line #64
06-18 12:43:39.650 W/PackageParser( 1916): Unknown element under <manifest>: attribution at /system/product/priv-app/PrebuiltGmsCore/PrebuiltGmsCore.apk Binary XML file line #65
06-18 12:43:39.650 W/PackageParser( 1916): Unknown element under <manifest>: attribution at /system/product/priv-app/PrebuiltGmsCore/PrebuiltGmsCore.apk Binary XML file line #66
06-18 12:43:39.650 W/PackageParser( 1916): Unknown element under <manifest>: attribution at /system/product/priv-app/PrebuiltGmsCore/PrebuiltGmsCore.apk Binary XML file line #67
06-18 12:43:39.650 W/PackageParser( 1916): Unknown element under <manifest>: attribution at /system/product/priv-app/PrebuiltGmsCore/PrebuiltGmsCore.apk Binary XML file line #68
06-18 12:43:39.650 W/PackageParser( 1916): Unknown element under <manifest>: attribution at /system/product/priv-app/PrebuiltGmsCore/PrebuiltGmsCore.apk Binary XML file line #69
06-18 12:43:39.650 W/PackageParser( 1916): Unknown element under <manifest>: attribution at /system/product/priv-app/PrebuiltGmsCore/PrebuiltGmsCore.apk Binary XML file line #70
06-18 12:43:39.650 W/PackageParser( 1916): Unknown element under <manifest>: attribution at /system/product/priv-app/PrebuiltGmsCore/PrebuiltGmsCore.apk Binary XML file line #71
06-18 12:43:39.650 W/PackageParser( 1916): Unknown element under <manifest>: attribution at /system/product/priv-app/PrebuiltGmsCore/PrebuiltGmsCore.apk Binary XML file line #72
06-18 12:43:39.650 W/PackageParser( 1916): Unknown element under <manifest>: attribution at /system/product/priv-app/PrebuiltGmsCore/PrebuiltGmsCore.apk Binary XML file line #73
06-18 12:43:39.650 W/PackageParser( 1916): Unknown element under <manifest>: attribution at /system/product/priv-app/PrebuiltGmsCore/PrebuiltGmsCore.apk Binary XML file line #74
06-18 12:43:39.650 W/PackageParser( 1916): Unknown element under <manifest>: attribution at /system/product/priv-app/PrebuiltGmsCore/PrebuiltGmsCore.apk Binary XML file line #75
06-18 12:43:39.650 W/PackageParser( 1916): Unknown element under <manifest>: attribution at /system/product/priv-app/PrebuiltGmsCore/PrebuiltGmsCore.apk Binary XML file line #76
06-18 12:43:39.650 W/PackageParser( 1916): Unknown element under <manifest>: attribution at /system/product/priv-app/PrebuiltGmsCore/PrebuiltGmsCore.apk Binary XML file line #77
06-18 12:43:39.650 W/PackageParser( 1916): Unknown element under <manifest>: attribution at /system/product/priv-app/PrebuiltGmsCore/PrebuiltGmsCore.apk Binary XML file line #78
06-18 12:43:39.650 W/PackageParser( 1916): Unknown element under <manifest>: attribution at /system/product/priv-app/PrebuiltGmsCore/PrebuiltGmsCore.apk Binary XML file line #79
06-18 12:43:39.650 W/PackageParser( 1916): Unknown element under <manifest>: attribution at /system/product/priv-app/PrebuiltGmsCore/PrebuiltGmsCore.apk Binary XML file line #80
06-18 12:43:39.651 W/PackageParser( 1916): Unknown element under <manifest>: attribution at /system/product/priv-app/PrebuiltGmsCore/PrebuiltGmsCore.apk Binary XML file line #81
06-18 12:43:39.651 W/PackageParser( 1916): Unknown element under <manifest>: attribution at /system/product/priv-app/PrebuiltGmsCore/PrebuiltGmsCore.apk Binary XML file line #82
06-18 12:43:39.651 W/PackageParser( 1916): Unknown element under <manifest>: attribution at /system/product/priv-app/PrebuiltGmsCore/PrebuiltGmsCore.apk Binary XML file line #83
06-18 12:43:39.651 W/PackageParser( 1916): Unknown element under <manifest>: attribution at /system/product/priv-app/PrebuiltGmsCore/PrebuiltGmsCore.apk Binary XML file line #84
06-18 12:43:39.651 W/PackageParser( 1916): Unknown element under <manifest>: attribution at /system/product/priv-app/PrebuiltGmsCore/PrebuiltGmsCore.apk Binary XML file line #85
06-18 12:43:39.651 W/PackageParser( 1916): Unknown element under <manifest>: attribution at /system/product/priv-app/PrebuiltGmsCore/PrebuiltGmsCore.apk Binary XML file line #86
06-18 12:43:39.651 W/PackageParser( 1916): Unknown element under <manifest>: attribution at /system/product/priv-app/PrebuiltGmsCore/PrebuiltGmsCore.apk Binary XML file line #87
06-18 12:43:39.651 W/PackageParser( 1916): Unknown element under <manifest>: attribution at /system/product/priv-app/PrebuiltGmsCore/PrebuiltGmsCore.apk Binary XML file line #88
06-18 12:43:39.651 W/PackageParser( 1916): Unknown element under <manifest>: attribution at /system/product/priv-app/PrebuiltGmsCore/PrebuiltGmsCore.apk Binary XML file line #89
06-18 12:43:39.651 W/PackageParser( 1916): Unknown element under <manifest>: attribution at /system/product/priv-app/PrebuiltGmsCore/PrebuiltGmsCore.apk Binary XML file line #90
06-18 12:43:39.651 W/PackageParser( 1916): Unknown element under <manifest>: attribution at /system/product/priv-app/PrebuiltGmsCore/PrebuiltGmsCore.apk Binary XML file line #91
06-18 12:43:39.651 W/PackageParser( 1916): Unknown element under <manifest>: attribution at /system/product/priv-app/PrebuiltGmsCore/PrebuiltGmsCore.apk Binary XML file line #92
06-18 12:43:39.651 W/PackageParser( 1916): Unknown element under <manifest>: attribution at /system/product/priv-app/PrebuiltGmsCore/PrebuiltGmsCore.apk Binary XML file line #93
06-18 12:43:39.651 W/PackageParser( 1916): Unknown element under <manifest>: attribution at /system/product/priv-app/PrebuiltGmsCore/PrebuiltGmsCore.apk Binary XML file line #94
06-18 12:43:39.651 W/PackageParser( 1916): Unknown element under <manifest>: attribution at /system/product/priv-app/PrebuiltGmsCore/PrebuiltGmsCore.apk Binary XML file line #95
06-18 12:43:39.651 W/PackageParser( 1916): Unknown element under <manifest>: attribution at /system/product/priv-app/PrebuiltGmsCore/PrebuiltGmsCore.apk Binary XML file line #96
06-18 12:43:39.651 W/PackageParser( 1916): Unknown element under <manifest>: attribution at /system/product/priv-app/PrebuiltGmsCore/PrebuiltGmsCore.apk Binary XML file line #97
06-18 12:43:39.651 W/PackageParser( 1916): Unknown element under <manifest>: attribution at /system/product/priv-app/PrebuiltGmsCore/PrebuiltGmsCore.apk Binary XML file line #98
06-18 12:43:39.651 W/PackageParser( 1916): Unknown element under <manifest>: attribution at /system/product/priv-app/PrebuiltGmsCore/PrebuiltGmsCore.apk Binary XML file line #99
06-18 12:43:39.651 W/PackageParser( 1916): Unknown element under <manifest>: attribution at /system/product/priv-app/PrebuiltGmsCore/PrebuiltGmsCore.apk Binary XML file line #100
06-18 12:43:39.651 W/PackageParser( 1916): Unknown element under <manifest>: attribution at /system/product/priv-app/PrebuiltGmsCore/PrebuiltGmsCore.apk Binary XML file line #101
06-18 12:43:39.651 W/PackageParser( 1916): Unknown element under <manifest>: attribution at /system/product/priv-app/PrebuiltGmsCore/PrebuiltGmsCore.apk Binary XML file line #102
06-18 12:43:39.651 W/PackageParser( 1916): Unknown element under <manifest>: attribution at /system/product/priv-app/PrebuiltGmsCore/PrebuiltGmsCore.apk Binary XML file line #103
06-18 12:43:39.651 W/PackageParser( 1916): Unknown element under <manifest>: attribution at /system/product/priv-app/PrebuiltGmsCore/PrebuiltGmsCore.apk Binary XML file line #104
06-18 12:43:39.651 W/PackageParser( 1916): Unknown element under <manifest>: attribution at /system/product/priv-app/PrebuiltGmsCore/PrebuiltGmsCore.apk Binary XML file line #105
06-18 12:43:39.652 W/PackageParser( 1916): Unknown element under <manifest>: attribution at /system/product/priv-app/PrebuiltGmsCore/PrebuiltGmsCore.apk Binary XML file line #106
06-18 12:43:39.652 W/PackageParser( 1916): Unknown element under <manifest>: attribution at /system/product/priv-app/PrebuiltGmsCore/PrebuiltGmsCore.apk Binary XML file line #107
06-18 12:43:39.652 W/PackageParser( 1916): Unknown element under <manifest>: attribution at /system/product/priv-app/PrebuiltGmsCore/PrebuiltGmsCore.apk Binary XML file line #108
06-18 12:43:39.652 W/PackageParser( 1916): Unknown element under <manifest>: attribution at /system/product/priv-app/PrebuiltGmsCore/PrebuiltGmsCore.apk Binary XML file line #109
06-18 12:43:39.652 W/PackageParser( 1916): Unknown element under <manifest>: attribution at /system/product/priv-app/PrebuiltGmsCore/PrebuiltGmsCore.apk Binary XML file line #110
06-18 12:43:39.652 W/PackageParser( 1916): Unknown element under <manifest>: attribution at /system/product/priv-app/PrebuiltGmsCore/PrebuiltGmsCore.apk Binary XML file line #111
06-18 12:43:39.652 W/PackageParser( 1916): Unknown element under <manifest>: attribution at /system/product/priv-app/PrebuiltGmsCore/PrebuiltGmsCore.apk Binary XML file line #112
06-18 12:43:39.652 W/PackageParser( 1916): Unknown element under <manifest>: attribution at /system/product/priv-app/PrebuiltGmsCore/PrebuiltGmsCore.apk Binary XML file line #113
06-18 12:43:39.652 W/PackageParser( 1916): Unknown element under <manifest>: attribution at /system/product/priv-app/PrebuiltGmsCore/PrebuiltGmsCore.apk Binary XML file line #114
06-18 12:43:39.652 W/PackageParser( 1916): Unknown element under <manifest>: attribution at /system/product/priv-app/PrebuiltGmsCore/PrebuiltGmsCore.apk Binary XML file line #115
06-18 12:43:39.652 W/PackageParser( 1916): Unknown element under <manifest>: attribution at /system/product/priv-app/PrebuiltGmsCore/PrebuiltGmsCore.apk Binary XML file line #116
06-18 12:43:39.652 W/PackageParser( 1916): Unknown element under <manifest>: attribution at /system/product/priv-app/PrebuiltGmsCore/PrebuiltGmsCore.apk Binary XML file line #117
06-18 12:43:39.652 W/PackageParser( 1916): Unknown element under <manifest>: attribution at /system/product/priv-app/PrebuiltGmsCore/PrebuiltGmsCore.apk Binary XML file line #118
06-18 12:43:39.652 W/PackageParser( 1916): Unknown element under <manifest>: attribution at /system/product/priv-app/PrebuiltGmsCore/PrebuiltGmsCore.apk Binary XML file line #119
06-18 12:43:39.652 W/PackageParser( 1916): Unknown element under <manifest>: attribution at /system/product/priv-app/PrebuiltGmsCore/PrebuiltGmsCore.apk Binary XML file line #120
06-18 12:43:39.652 W/PackageParser( 1916): Unknown element under <manifest>: attribution at /system/product/priv-app/PrebuiltGmsCore/PrebuiltGmsCore.apk Binary XML file line #121
06-18 12:43:39.652 W/PackageParser( 1916): Unknown element under <manifest>: attribution at /system/product/priv-app/PrebuiltGmsCore/PrebuiltGmsCore.apk Binary XML file line #122
06-18 12:43:39.652 W/PackageParser( 1916): Unknown element under <manifest>: attribution at /system/product/priv-app/PrebuiltGmsCore/PrebuiltGmsCore.apk Binary XML file line #123
06-18 12:43:39.652 W/PackageParser( 1916): Unknown element under <manifest>: attribution at /system/product/priv-app/PrebuiltGmsCore/PrebuiltGmsCore.apk Binary XML file line #124
06-18 12:43:39.652 W/PackageParser( 1916): Unknown element under <manifest>: attribution at /system/product/priv-app/PrebuiltGmsCore/PrebuiltGmsCore.apk Binary XML file line #125
06-18 12:43:39.652 W/PackageParser( 1916): Unknown element under <manifest>: attribution at /system/product/priv-app/PrebuiltGmsCore/PrebuiltGmsCore.apk Binary XML file line #126
06-18 12:43:39.652 W/PackageParser( 1916): Unknown element under <manifest>: attribution at /system/product/priv-app/PrebuiltGmsCore/PrebuiltGmsCore.apk Binary XML file line #127
06-18 12:43:39.652 W/PackageParser( 1916): Unknown element under <manifest>: attribution at /system/product/priv-app/PrebuiltGmsCore/PrebuiltGmsCore.apk Binary XML file line #128
06-18 12:43:39.652 W/PackageParser( 1916): Unknown element under <manifest>: attribution at /system/product/priv-app/PrebuiltGmsCore/PrebuiltGmsCore.apk Binary XML file line #129
06-18 12:43:39.652 W/PackageParser( 1916): Unknown element under <manifest>: attribution at /system/product/priv-app/PrebuiltGmsCore/PrebuiltGmsCore.apk Binary XML file line #130
06-18 12:43:39.652 W/PackageParser( 1916): Unknown element under <manifest>: attribution at /system/product/priv-app/PrebuiltGmsCore/PrebuiltGmsCore.apk Binary XML file line #131
06-18 12:43:39.652 W/PackageParser( 1916): Unknown element under <manifest>: attribution at /system/product/priv-app/PrebuiltGmsCore/PrebuiltGmsCore.apk Binary XML file line #132
06-18 12:43:39.652 W/PackageParser( 1916): Unknown element under <manifest>: attribution at /system/product/priv-app/PrebuiltGmsCore/PrebuiltGmsCore.apk Binary XML file line #133
06-18 12:43:39.652 W/PackageParser( 1916): Unknown element under <manifest>: attribution at /system/product/priv-app/PrebuiltGmsCore/PrebuiltGmsCore.apk Binary XML file line #134
06-18 12:43:39.653 W/PackageParser( 1916): Unknown element under <manifest>: attribution at /system/product/priv-app/PrebuiltGmsCore/PrebuiltGmsCore.apk Binary XML file line #135
06-18 12:43:39.653 W/PackageParser( 1916): Unknown element under <manifest>: attribution at /system/product/priv-app/PrebuiltGmsCore/PrebuiltGmsCore.apk Binary XML file line #136
06-18 12:43:39.653 W/PackageParser( 1916): Unknown element under <manifest>: attribution at /system/product/priv-app/PrebuiltGmsCore/PrebuiltGmsCore.apk Binary XML file line #137
06-18 12:43:39.653 W/PackageParser( 1916): Unknown element under <manifest>: attribution at /system/product/priv-app/PrebuiltGmsCore/PrebuiltGmsCore.apk Binary XML file line #138
06-18 12:43:39.653 W/PackageParser( 1916): Unknown element under <manifest>: attribution at /system/product/priv-app/PrebuiltGmsCore/PrebuiltGmsCore.apk Binary XML file line #139
06-18 12:43:39.653 W/PackageParser( 1916): Unknown element under <manifest>: attribution at /system/product/priv-app/PrebuiltGmsCore/PrebuiltGmsCore.apk Binary XML file line #140
06-18 12:43:39.657 W/PackageParser( 1916): Unknown element under <manifest>: queries at /system/product/priv-app/PrebuiltGmsCore/PrebuiltGmsCore.apk Binary XML file line #544
06-18 12:43:39.718 I/ServiceManager( 1775): Waiting for service 'package_native' on '/dev/binder'...
06-18 12:43:39.725 I/PackageParser( 1916): Parse times for '/system/product/priv-app/PrebuiltGmsCore': parse=76ms, update_cache=59 ms
