06-18 12:43:41.297 I/SystemServiceManager( 1916): Starting com.android.server.MmsServiceBroker
06-18 12:43:41.297 D/SystemServerTiming( 1916): StartMmsService took to complete: 0ms
06-18 12:43:41.297 I/SystemServer( 1916): StartAutoFillService
06-18 12:43:41.298 I/SystemServiceManager( 1916): Starting com.android.server.autofill.AutofillManagerService
06-18 12:43:41.298 D/AutofillManagerService( 1916): setLogLevelFromSettings(): level=2, debug=true, verbose=false
06-18 12:43:41.299 D/AutofillManagerService( 1916): setMaxPartitionsFromSettings(): 10
06-18 12:43:41.299 D/AutofillManagerService( 1916): setMaxVisibleDatasetsFromSettings(): 0
06-18 12:43:41.300 E/AutofillManagerServiceImpl( 1916): Bad service name: com.google.android.gms/.autofill.service.AutofillService
06-18 12:43:41.300 D/AutofillManagerServiceImpl( 1916): Reset component for user 0:com.google.android.gms/.autofill.service.AutofillService
06-18 12:43:41.300 D/AutofillUI( 1916): destroySaveUiUiThread(): already destroyed
06-18 12:43:41.300 D/SystemServerTiming( 1916): StartAutoFillService took to complete: 3ms
06-18 12:43:41.300 I/SystemServer( 1916): StartClipboardService
06-18 12:43:41.300 I/SystemServiceManager( 1916): Starting com.android.server.clipboard.ClipboardService
06-18 12:43:41.301 D/SystemServerTiming( 1916): StartClipboardService took to complete: 1ms
06-18 12:43:41.301 I/SystemServer( 1916): AppServiceManager
06-18 12:43:41.301 I/SystemServiceManager( 1916): Starting com.android.server.appbinding.AppBindingService$Lifecycle
06-18 12:43:41.301 D/SystemServerTiming( 1916): AppServiceManager took to complete: 0ms
06-18 12:43:41.301 I/SystemServer( 1916): MakeVibratorServiceReady
06-18 12:43:41.301 D/SystemServerTiming( 1916): MakeVibratorServiceReady took to complete: 0ms
06-18 12:43:41.301 I/SystemServer( 1916): MakeLockSettingsServiceReady
06-18 12:43:41.317 I/LockSettingsService( 1916): Migrated lock settings to new location
06-18 12:43:41.319 I/LockSettingsService( 1916): Migrated per-user lock settings to new location
06-18 12:43:41.322 I/LockSettingsService( 1916): Migrated biometric weak to use the fallback instead
06-18 12:43:41.324 I/LockSettingsService( 1916): Migrated lockscreen disabled flag
06-18 12:43:41.325 I/hwservicemanager( 1568): getTransport: Cannot find entry android.hardware.weaver@1.0::IWeaver/default in either framework or device manifest.
06-18 12:43:41.325 I/SyntheticPasswordManager( 1916): Device does not support weaver
06-18 12:43:41.325 I/hwservicemanager( 1568): getTransport: Cannot find entry android.hardware.authsecret@1.0::IAuthSecret/default in either framework or device manifest.
06-18 12:43:41.325 I/LockSettingsService( 1916): Device doesn't implement AuthSecret HAL
06-18 12:43:41.326 E/LockSettingsStorage( 1916): Cannot read file java.io.FileNotFoundException: /data/system/gatekeeper.password.key: open failed: ENOENT (No such file or directory)
06-18 12:43:41.326 E/LockSettingsStorage( 1916): Cannot read file java.io.FileNotFoundException: /data/system/password.key: open failed: ENOENT (No such file or directory)
06-18 12:43:41.326 E/LockSettingsStorage( 1916): Cannot read file java.io.FileNotFoundException: /data/system/gatekeeper.pattern.key: open failed: ENOENT (No such file or directory)
06-18 12:43:41.326 E/LockSettingsStorage( 1916): Cannot read file java.io.FileNotFoundException: /data/system/gatekeeper.gesture.key: open failed: ENOENT (No such file or directory)
06-18 12:43:41.326 E/LockSettingsStorage( 1916): Cannot read file java.io.FileNotFoundException: /data/system/gesture.key: open failed: ENOENT (No such file or directory)
06-18 12:43:41.326 D/SystemServerTiming( 1916): MakeLockSettingsServiceReady took to complete: 24ms
06-18 12:43:41.326 I/SystemServer( 1916): StartBootPhaseLockSettingsReady
06-18 12:43:41.326 I/SystemServiceManager( 1916): Starting phase 480
06-18 12:43:41.329 D/SystemServerInitThreadPool( 1916): Started executing DevicePolicyManager
06-18 12:43:41.330 D/SystemServerInitThreadPool( 1916): Finished executing DevicePolicyManager
06-18 12:43:41.332 D/SystemServerTiming( 1916): StartBootPhaseLockSettingsReady took to complete: 6ms
06-18 12:43:41.332 I/SystemServer( 1916): StartBootPhaseSystemServicesReady
06-18 12:43:41.332 I/SystemServiceManager( 1916): Starting phase 500
06-18 12:43:41.332 D/AppStandbyController( 1916): Setting app idle enabled state
06-18 12:43:41.333 D/AppStandbyController( 1916): Initializing defaults for system apps on user 0, appIdleEnabled=true
06-18 12:43:41.334 E/AppIdleHistory( 1916): Unable to read app idle file for user 0
06-18 12:43:41.339 D/TestHarnessModeService( 1916): Setting up test harness mode
06-18 12:43:41.339 D/TestHarnessModeService( 1916): Getting PersistentDataBlockManagerInternal from LocalServices
06-18 12:43:41.339 E/TestHarnessModeService( 1916): Failed to start Test Harness Mode; no implementation of PersistentDataBlockManagerInternal was bound!
06-18 12:43:41.340 I/WifiService( 1916): WifiService starting up with Wi-Fi enabled
06-18 12:43:41.341 I/android_os_HwBinder( 1916): HwBinder: Starting thread pool for getting: android.hidl.manager@1.2::IServiceManager/default
06-18 12:43:41.342 D/HalDevMgr( 1916): IWifi registration notification: fqName=android.hardware.wifi@1.0::IWifi, name=default, preexisting=true
06-18 12:43:41.342 I/android_os_HwBinder( 1916): HwBinder: Starting thread pool for getting: android.hardware.wifi@1.0::IWifi/default
06-18 12:43:41.343 D/WificondControl( 1916): tearing down interfaces in wificond
06-18 12:43:41.345 D/WifiController( 1916): isAirplaneModeOn = false, isWifiEnabled = true, isScanningAvailable = true, isLocationModeActive = true
06-18 12:43:41.346 I/WifiService( 1916): setWifiEnabled package=android uid=1000 enable=true
06-18 12:43:41.346 I/WifiScanningService( 1916): Starting wifiscanner
06-18 12:43:41.358 D/PermissionCache( 1725): checking android.permission.CAPTURE_AUDIO_HOTWORD for uid=1000 => granted (121 us)
06-18 12:43:41.358 W/SoundTriggerHelper( 1916): listModules status=0, # of modules=0
06-18 12:43:41.358 D/ContextHubSystemService( 1916): onBootPhase: PHASE_SYSTEM_SERVICES_READY
06-18 12:43:41.359 D/SystemServerTiming( 1916): StartBootPhaseSystemServicesReady took to complete: 27ms
06-18 12:43:41.359 I/SystemServer( 1916): MakeWindowManagerServiceReady
06-18 12:43:41.360 I/android_os_HwBinder( 1916): HwBinder: Starting thread pool for getting: android.hardware.configstore@1.0::ISurfaceFlingerConfigs/default
06-18 12:43:41.361 D/SystemServerTiming( 1916): MakeWindowManagerServiceReady took to complete: 2ms
06-18 12:43:41.360 I/android_os_HwBinder( 1916): HwBinder: Starting thread pool for getting: android.hardware.configstore@1.0::ISurfaceFlingerConfigs/default
06-18 12:43:41.361 W/InputReader( 1916): Device has associated, but no associated display id.
06-18 12:43:41.363 I/SystemServer( 1916): MakePowerManagerServiceReady
06-18 12:43:41.364 E/DisplayPowerController( 1916): failed to set up display white-balance: java.lang.IllegalStateException: cannot find sensor com.google.sensor.color
06-18 12:43:41.367 D/SystemServerTiming( 1916): MakePowerManagerServiceReady took to complete: 4ms
06-18 12:43:41.367 I/SystemServer( 1916): MakePackageManagerServiceReady
06-18 12:43:41.367 W/KeyguardServiceDelegate( 1916): onScreenTurningOn(): no keyguard service!
06-18 12:43:41.367 E/KernelCpuUidFreqTimeReader( 1916): Failed to read /proc/uid_time_in_state: java.nio.file.NoSuchFileException: /proc/uid_time_in_state
06-18 12:43:41.368 W/KernelCpuProcStringReader( 1916): File not found. It's normal if not implemented: /proc/uid_time_in_state
06-18 12:43:41.368 W/KernelCpuProcStringReader( 1916): File not found. It's normal if not implemented: /proc/uid_concurrent_active_time
06-18 12:43:41.369 W/KernelCpuProcStringReader( 1916): File not found. It's normal if not implemented: /proc/uid_concurrent_policy_time
06-18 12:43:41.369 V/DisplayPowerController( 1916): Brightness [102] reason changing to: 'override', previous reason: '0'.
06-18 12:43:41.361 I/chatty  ( 1916): uid=1000 system_server identical 8 lines
06-18 12:43:41.361 W/InputReader( 1916): Device has associated, but no associated display id.
06-18 12:43:41.369 I/DefaultPermGrantPolicy( 1916): Granting permissions to platform components for user 0
06-18 12:43:41.373 D/vold    ( 1577): Remounting 1001 as mode default
06-18 12:43:41.374 D/vold    ( 1577): Found matching PID 1782
06-18 12:43:41.374 W/vold    ( 1577): Skipping due to root namespace
06-18 12:43:41.374 D/vold    ( 1577): Remounting 1001 as mode default
06-18 12:43:41.374 D/vold    ( 1577): Found matching PID 1782
06-18 12:43:41.374 W/vold    ( 1577): Skipping due to root namespace
06-18 12:43:41.375 D/vold    ( 1577): Remounting 1001 as mode default
06-18 12:43:41.375 D/vold    ( 1577): Found matching PID 1782
06-18 12:43:41.375 W/vold    ( 1577): Skipping due to root namespace
06-18 12:43:41.375 D/vold    ( 1577): Remounting 1001 as mode default
06-18 12:43:41.376 D/vold    ( 1577): Found matching PID 1782
06-18 12:43:41.376 W/vold    ( 1577): Skipping due to root namespace
06-18 12:43:41.378 D/vold    ( 1577): Remounting 1027 as mode default
06-18 12:43:41.380 I/chatty  ( 1577): uid=0(root) Binder:1577_2 identical 2 lines
06-18 12:43:41.382 D/vold    ( 1577): Remounting 1027 as mode default
06-18 12:43:41.384 D/vold    ( 1577): Remounting 1000 as mode full
06-18 12:43:41.385 D/vold    ( 1577): Found matching PID 1567
06-18 12:43:41.385 W/vold    ( 1577): Skipping due to root namespace
06-18 12:43:41.385 D/vold    ( 1577): Found matching PID 1568
06-18 12:43:41.385 W/vold    ( 1577): Skipping due to root namespace
06-18 12:43:41.385 D/vold    ( 1577): Found matching PID 1569
06-18 12:43:41.385 W/vold    ( 1577): Skipping due to root namespace
06-18 12:43:41.385 D/vold    ( 1577): Found matching PID 1666
06-18 12:43:41.386 W/vold    ( 1577): Skipping due to root namespace
06-18 12:43:41.386 D/vold    ( 1577): Found matching PID 1667
06-18 12:43:41.386 W/vold    ( 1577): Skipping due to root namespace
06-18 12:43:41.386 D/vold    ( 1577): Found matching PID 1689
06-18 12:43:41.387 W/vold    ( 1577): Skipping due to root namespace
06-18 12:43:41.387 D/vold    ( 1577): Found matching PID 1705
06-18 12:43:41.387 W/vold    ( 1577): Skipping due to root namespace
06-18 12:43:41.387 D/vold    ( 1577): Found matching PID 1708
06-18 12:43:41.387 W/vold    ( 1577): Skipping due to root namespace
06-18 12:43:41.387 D/vold    ( 1577): Found matching PID 1709
06-18 12:43:41.387 W/vold    ( 1577): Skipping due to root namespace
06-18 12:43:41.387 D/vold    ( 1577): Found matching PID 1710
06-18 12:43:41.387 W/vold    ( 1577): Skipping due to root namespace
06-18 12:43:41.387 D/vold    ( 1577): Found matching PID 1712
06-18 12:43:41.387 W/vold    ( 1577): Skipping due to root namespace
06-18 12:43:41.387 D/vold    ( 1577): Found matching PID 1713
06-18 12:43:41.387 W/vold    ( 1577): Skipping due to root namespace
06-18 12:43:41.387 D/vold    ( 1577): Found matching PID 1714
06-18 12:43:41.387 W/vold    ( 1577): Skipping due to root namespace
06-18 12:43:41.387 D/vold    ( 1577): Found matching PID 1728
06-18 12:43:41.387 W/vold    ( 1577): Skipping due to root namespace
06-18 12:43:41.387 D/vold    ( 1577): Found matching PID 1757
06-18 12:43:41.387 W/vold    ( 1577): Skipping due to root namespace
06-18 12:43:41.387 D/vold    ( 1577): Found matching PID 1785
06-18 12:43:41.387 W/vold    ( 1577): Skipping due to root namespace
06-18 12:43:41.387 D/vold    ( 1577): Found matching PID 1789
06-18 12:43:41.387 W/vold    ( 1577): Skipping due to root namespace
06-18 12:43:41.387 D/vold    ( 1577): Found matching PID 1916
06-18 12:43:41.395 I/AccountsDb( 1916): Creating DE database for user 0
06-18 12:43:41.405 D/WifiActiveModeWarden( 1916): received a message in WifiDisabledState: { when=-1ms what=1 target=com.android.internal.util.StateMachine$SmHandler }
06-18 12:43:41.405 D/WifiController( 1916): WifiController msg { when=-59ms what=155656 target=com.android.internal.util.StateMachine$SmHandler } deferred for 500ms
06-18 12:43:41.405 D/WifiActiveModeWarden( 1916): Switching from WifiDisabledState to ScanOnlyMode
06-18 12:43:41.405 D/WifiActiveModeWarden( 1916): Entering ScanOnlyModeActiveState
06-18 12:43:41.405 D/WifiScanOnlyModeManager( 1916): entering IdleState
06-18 12:43:41.407 I/android.hardware.wifi@1.0-service( 1716): Wifi HAL started
06-18 12:43:41.407 I/WifiVendorHal( 1916): Vendor Hal started successfully
06-18 12:43:41.416 I/android.hardware.wifi@1.0-service( 1716): Adding interface handle for wlan0
06-18 12:43:41.416 W/android.hardware.wifi@1.0-service( 1716): No active wlan interfaces in use! Using default
06-18 12:43:41.417 E/android.hardware.wifi@1.0-service( 1716): Failed to register radio mode change callback
06-18 12:43:41.417 W/android.hardware.wifi@1.0-service( 1716): No active wlan interfaces in use! Using default
06-18 12:43:41.429 W/libc    ( 1716): Unable to set property "vendor.wlan.firmware.version" to "1.0": error code: 0x18
06-18 12:43:41.436 D/vold    ( 1577): Remounting 1000 as mode full
06-18 12:43:41.436 D/vold    ( 1577): Found matching PID 1567
06-18 12:43:41.437 W/vold    ( 1577): Skipping due to root namespace
06-18 12:43:41.437 D/vold    ( 1577): Found matching PID 1568
06-18 12:43:41.437 W/vold    ( 1577): Skipping due to root namespace
06-18 12:43:41.437 D/vold    ( 1577): Found matching PID 1569
06-18 12:43:41.437 W/vold    ( 1577): Skipping due to root namespace
06-18 12:43:41.437 D/vold    ( 1577): Found matching PID 1666
06-18 12:43:41.437 W/vold    ( 1577): Skipping due to root namespace
06-18 12:43:41.437 D/vold    ( 1577): Found matching PID 1667
06-18 12:43:41.437 W/vold    ( 1577): Skipping due to root namespace
06-18 12:43:41.437 D/vold    ( 1577): Found matching PID 1689
06-18 12:43:41.437 W/vold    ( 1577): Skipping due to root namespace
06-18 12:43:41.437 D/vold    ( 1577): Found matching PID 1705
06-18 12:43:41.437 W/vold    ( 1577): Skipping due to root namespace
06-18 12:43:41.437 D/vold    ( 1577): Found matching PID 1708
06-18 12:43:41.437 W/vold    ( 1577): Skipping due to root namespace
06-18 12:43:41.437 D/vold    ( 1577): Found matching PID 1709
06-18 12:43:41.437 W/vold    ( 1577): Skipping due to root namespace
06-18 12:43:41.437 D/vold    ( 1577): Found matching PID 1710
06-18 12:43:41.437 W/vold    ( 1577): Skipping due to root namespace
06-18 12:43:41.437 D/vold    ( 1577): Found matching PID 1712
06-18 12:43:41.437 W/vold    ( 1577): Skipping due to root namespace
06-18 12:43:41.437 D/vold    ( 1577): Found matching PID 1713
06-18 12:43:41.437 W/vold    ( 1577): Skipping due to root namespace
06-18 12:43:41.437 D/vold    ( 1577): Found matching PID 1714
06-18 12:43:41.437 W/vold    ( 1577): Skipping due to root namespace
06-18 12:43:41.437 D/vold    ( 1577): Found matching PID 1728
06-18 12:43:41.437 W/vold    ( 1577): Skipping due to root namespace
06-18 12:43:41.437 D/vold    ( 1577): Found matching PID 1757
06-18 12:43:41.437 W/vold    ( 1577): Skipping due to root namespace
06-18 12:43:41.437 D/vold    ( 1577): Found matching PID 1785
06-18 12:43:41.437 W/vold    ( 1577): Skipping due to root namespace
06-18 12:43:41.437 D/vold    ( 1577): Found matching PID 1789
06-18 12:43:41.437 W/vold    ( 1577): Skipping due to root namespace
06-18 12:43:41.437 D/vold    ( 1577): Found matching PID 1916
06-18 12:43:41.442 W/libc    ( 1716): Unable to set property "vendor.wlan.driver.version" to "1.0": error code: 0x18
06-18 12:43:41.442 I/android.hardware.wifi@1.0-service( 1716): Configured chip in mode 0
06-18 12:43:41.443 W/android.hardware.wifi@1.0-service( 1716): No active wlan interfaces in use! Using default
06-18 12:43:41.445 D/HalDevMgr( 1916): updateRttController: no one is interested in RTT controllers
06-18 12:43:41.446 E/android.hardware.wifi@1.0-service( 1716): Failed to set DFS flag; DFS channels may be unavailable.
06-18 12:43:41.448 I/WifiP2pNative( 1916): Registering for interface available listener
06-18 12:43:41.450 I/DropBoxManagerService( 1916): add tag=system_server_strictmode isTagEnabled=true flags=0x2
06-18 12:43:41.450 D/WifiP2pNative( 1916): P2P InterfaceAvailableListener true
06-18 12:43:41.451 D/WifiP2pService( 1916): Wifi enabled=false, P2P Interface availability=true, Number of clients=0
06-18 12:43:41.451 D/WifiP2pService( 1916): Wifi enabled=false, P2P Interface availability=true
06-18 12:43:41.453 D/WificondControl( 1916): Setting up interface for client mode
06-18 12:43:41.452 I/chatty  ( 1916): uid=1000(system) android.io identical 1 line
06-18 12:43:41.453 I/DropBoxManagerService( 1916): add tag=system_server_strictmode isTagEnabled=true flags=0x2
06-18 12:43:41.454 I/wificond( 1778): create scanner for interface with index: 3
06-18 12:43:41.454 I/wificond( 1778): subscribe scan result for interface with index: 3
06-18 12:43:41.455 I/hwservicemanager( 1568): getTransport: Cannot find entry android.hardware.wifi.offload@1.0::IOffload/default in either framework or device manifest.
06-18 12:43:41.455 E/wificond( 1778): No Offload Service available
06-18 12:43:41.455 I/wificond( 1778): Offload HAL not supported 
06-18 12:43:41.456 I/DropBoxManagerService( 1916): add tag=system_server_strictmode isTagEnabled=true flags=0x2
06-18 12:43:41.457 I/netd    ( 1661): interfaceGetCfg("wlan0") <0.10ms>
06-18 12:43:41.457 I/WifiNative( 1916): Interface state changed on Iface:{Name=wlan0,Id=0,Type=STA_SCAN}, isUp=true
06-18 12:43:41.457 I/WifiNative( 1916): Successfully setup Iface:{Name=wlan0,Id=0,Type=STA_SCAN}
06-18 12:43:41.457 E/SupplicantStaIfaceHal( 1916): checkHalVersionByInterfaceName: called but mServiceManager is null
06-18 12:43:41.457 E/SupplicantStaIfaceHal( 1916): Method getKeyMgmtCapabilities is not supported in existing HAL
06-18 12:43:41.459 D/WifiScanOnlyModeManager( 1916): entering StartedState
06-18 12:43:41.460 I/netd    ( 1661): interfaceGetCfg("wlan0") <0.15ms>
06-18 12:43:41.460 D/WifiScanOnlyModeManager( 1916): Wifi is ready to use for scanning
06-18 12:43:41.460 D/WakeupController( 1916): start()
06-18 12:43:41.460 D/WakeupController( 1916): Setting active to true
06-18 12:43:41.460 E/WifiConfigManager( 1916): Cannot save to store before store is read!
06-18 12:43:41.460 D/WifiActiveModeWarden( 1916): scan mode active
06-18 12:43:41.461 D/WifiScanRequestProxy( 1916): Sending scan available broadcast: true
06-18 12:43:41.461 I/WifiScanRequestProxy( 1916): Scanning is enabled
06-18 12:43:41.461 I/WifiScanRequestProxy( 1916): Scanning for hidden networks is disabled
06-18 12:43:41.461 E/WifiNative( 1916): Could not get Iface object for interface null
06-18 12:43:41.463 E/WifiVendorHal( 1916): getBgScanCapabilities(l.630) failed {.code = ERROR_NOT_SUPPORTED, .description = }
06-18 12:43:41.466 I/WifiScanningService( 1916): wifi driver loaded with scan capabilities: max buckets=16
06-18 12:43:41.461 I/chatty  ( 1916): uid=1000(system) android.io identical 5 lines
06-18 12:43:41.463 I/DropBoxManagerService( 1916): add tag=system_server_strictmode isTagEnabled=true flags=0x2
06-18 12:43:41.485 D/vold    ( 1577): Remounting 1000 as mode full
06-18 12:43:41.486 D/vold    ( 1577): Found matching PID 1567
06-18 12:43:41.486 W/vold    ( 1577): Skipping due to root namespace
06-18 12:43:41.486 D/vold    ( 1577): Found matching PID 1568
06-18 12:43:41.486 W/vold    ( 1577): Skipping due to root namespace
06-18 12:43:41.486 D/vold    ( 1577): Found matching PID 1569
06-18 12:43:41.486 W/vold    ( 1577): Skipping due to root namespace
06-18 12:43:41.486 D/vold    ( 1577): Found matching PID 1666
06-18 12:43:41.486 W/vold    ( 1577): Skipping due to root namespace
06-18 12:43:41.486 D/vold    ( 1577): Found matching PID 1667
06-18 12:43:41.486 W/vold    ( 1577): Skipping due to root namespace
06-18 12:43:41.486 D/vold    ( 1577): Found matching PID 1689
06-18 12:43:41.486 W/vold    ( 1577): Skipping due to root namespace
06-18 12:43:41.486 D/vold    ( 1577): Found matching PID 1705
06-18 12:43:41.486 W/vold    ( 1577): Skipping due to root namespace
06-18 12:43:41.486 D/vold    ( 1577): Found matching PID 1708
06-18 12:43:41.486 W/vold    ( 1577): Skipping due to root namespace
06-18 12:43:41.486 D/vold    ( 1577): Found matching PID 1709
06-18 12:43:41.486 W/vold    ( 1577): Skipping due to root namespace
06-18 12:43:41.486 D/vold    ( 1577): Found matching PID 1710
06-18 12:43:41.486 W/vold    ( 1577): Skipping due to root namespace
06-18 12:43:41.486 D/vold    ( 1577): Found matching PID 1712
06-18 12:43:41.486 W/vold    ( 1577): Skipping due to root namespace
06-18 12:43:41.486 D/vold    ( 1577): Found matching PID 1713
06-18 12:43:41.486 W/vold    ( 1577): Skipping due to root namespace
06-18 12:43:41.486 D/vold    ( 1577): Found matching PID 1714
06-18 12:43:41.486 W/vold    ( 1577): Skipping due to root namespace
06-18 12:43:41.486 D/vold    ( 1577): Found matching PID 1728
06-18 12:43:41.486 W/vold    ( 1577): Skipping due to root namespace
06-18 12:43:41.487 D/vold    ( 1577): Found matching PID 1757
06-18 12:43:41.487 W/vold    ( 1577): Skipping due to root namespace
06-18 12:43:41.487 D/vold    ( 1577): Found matching PID 1785
06-18 12:43:41.487 W/vold    ( 1577): Skipping due to root namespace
06-18 12:43:41.487 D/vold    ( 1577): Found matching PID 1789
06-18 12:43:41.487 W/vold    ( 1577): Skipping due to root namespace
06-18 12:43:41.487 D/vold    ( 1577): Found matching PID 1916
06-18 12:43:41.523 D/vold    ( 1577): Remounting 1000 as mode full
06-18 12:43:41.524 D/vold    ( 1577): Found matching PID 1567
06-18 12:43:41.524 W/vold    ( 1577): Skipping due to root namespace
06-18 12:43:41.524 D/vold    ( 1577): Found matching PID 1568
06-18 12:43:41.524 W/vold    ( 1577): Skipping due to root namespace
06-18 12:43:41.524 D/vold    ( 1577): Found matching PID 1569
06-18 12:43:41.524 W/vold    ( 1577): Skipping due to root namespace
06-18 12:43:41.524 D/vold    ( 1577): Found matching PID 1666
06-18 12:43:41.524 W/vold    ( 1577): Skipping due to root namespace
06-18 12:43:41.524 D/vold    ( 1577): Found matching PID 1667
06-18 12:43:41.524 W/vold    ( 1577): Skipping due to root namespace
06-18 12:43:41.524 D/vold    ( 1577): Found matching PID 1689
06-18 12:43:41.524 W/vold    ( 1577): Skipping due to root namespace
06-18 12:43:41.524 D/vold    ( 1577): Found matching PID 1705
06-18 12:43:41.524 W/vold    ( 1577): Skipping due to root namespace
06-18 12:43:41.524 D/vold    ( 1577): Found matching PID 1708
06-18 12:43:41.524 W/vold    ( 1577): Skipping due to root namespace
06-18 12:43:41.524 D/vold    ( 1577): Found matching PID 1709
06-18 12:43:41.524 W/vold    ( 1577): Skipping due to root namespace
06-18 12:43:41.524 D/vold    ( 1577): Found matching PID 1710
06-18 12:43:41.524 W/vold    ( 1577): Skipping due to root namespace
06-18 12:43:41.524 D/vold    ( 1577): Found matching PID 1712
06-18 12:43:41.524 W/vold    ( 1577): Skipping due to root namespace
06-18 12:43:41.524 D/vold    ( 1577): Found matching PID 1713
06-18 12:43:41.524 W/vold    ( 1577): Skipping due to root namespace
06-18 12:43:41.524 D/vold    ( 1577): Found matching PID 1714
06-18 12:43:41.524 W/vold    ( 1577): Skipping due to root namespace
06-18 12:43:41.524 D/vold    ( 1577): Found matching PID 1728
06-18 12:43:41.524 W/vold    ( 1577): Skipping due to root namespace
06-18 12:43:41.524 D/vold    ( 1577): Found matching PID 1757
06-18 12:43:41.525 W/vold    ( 1577): Skipping due to root namespace
06-18 12:43:41.525 D/vold    ( 1577): Found matching PID 1785
06-18 12:43:41.525 W/vold    ( 1577): Skipping due to root namespace
06-18 12:43:41.525 D/vold    ( 1577): Found matching PID 1789
06-18 12:43:41.525 W/vold    ( 1577): Skipping due to root namespace
06-18 12:43:41.525 D/vold    ( 1577): Found matching PID 1916
06-18 12:43:41.561 D/vold    ( 1577): Remounting 2000 as mode default
06-18 12:43:41.561 D/vold    ( 1577): Found matching PID 1747
06-18 12:43:41.561 W/vold    ( 1577): Skipping due to root namespace
06-18 12:43:41.561 D/vold    ( 1577): Found matching PID 1749
06-18 12:43:41.561 W/vold    ( 1577): Skipping due to root namespace
06-18 12:43:41.566 D/vold    ( 1577): Remounting 2000 as mode default
06-18 12:43:41.567 D/vold    ( 1577): Found matching PID 1747
06-18 12:43:41.567 W/vold    ( 1577): Skipping due to root namespace
06-18 12:43:41.567 D/vold    ( 1577): Found matching PID 1749
06-18 12:43:41.567 W/vold    ( 1577): Skipping due to root namespace
06-18 12:43:41.567 D/vold    ( 1577): Remounting 2000 as mode full
06-18 12:43:41.568 D/vold    ( 1577): Found matching PID 1747
06-18 12:43:41.568 W/vold    ( 1577): Skipping due to root namespace
06-18 12:43:41.568 D/vold    ( 1577): Found matching PID 1749
06-18 12:43:41.568 W/vold    ( 1577): Skipping due to root namespace
06-18 12:43:41.568 D/vold    ( 1577): Remounting 2000 as mode full
06-18 12:43:41.569 D/vold    ( 1577): Found matching PID 1747
06-18 12:43:41.569 W/vold    ( 1577): Skipping due to root namespace
06-18 12:43:41.569 D/vold    ( 1577): Found matching PID 1749
06-18 12:43:41.569 W/vold    ( 1577): Skipping due to root namespace
06-18 12:43:41.571 D/vold    ( 1577): Remounting 10112 as mode default
06-18 12:43:41.571 D/vold    ( 1577): Remounting 10112 as mode default
06-18 12:43:41.577 D/vold    ( 1577): Remounting 1002 as mode default
06-18 12:43:41.586 I/DefaultPermGrantPolicy( 1916): Granting permissions to default platform handlers for user 0
06-18 12:43:41.579 I/chatty  ( 1577): uid=0(root) Binder:1577_4 identical 2 lines
06-18 12:43:41.580 D/vold    ( 1577): Remounting 1002 as mode default
06-18 12:43:41.591 I/SyncManager( 1916): No initial accounts
06-18 12:43:41.591 I/SyncManager( 1916): No initial status
06-18 12:43:41.591 I/SyncManager( 1916): No initial statistics
06-18 12:43:41.624 D/vold    ( 1577): Remounting 10133 as mode default
06-18 12:43:41.626 I/chatty  ( 1577): uid=0(root) Binder:1577_4 identical 2 lines
06-18 12:43:41.627 D/vold    ( 1577): Remounting 10133 as mode default
06-18 12:43:41.628 D/vold    ( 1577): Remounting 10054 as mode full
06-18 12:43:41.631 I/chatty  ( 1577): uid=0(root) Binder:1577_4 identical 2 lines
06-18 12:43:41.631 D/vold    ( 1577): Remounting 10054 as mode full
06-18 12:43:41.633 D/vold    ( 1577): Remounting 10071 as mode default
06-18 12:43:41.634 D/vold    ( 1577): Remounting 10071 as mode default
06-18 12:43:41.635 D/vold    ( 1577): Remounting 10071 as mode full
06-18 12:43:41.636 D/vold    ( 1577): Remounting 10071 as mode full
06-18 12:43:41.653 D/vold    ( 1577): Remounting 10131 as mode default
06-18 12:43:41.655 I/chatty  ( 1577): uid=0(root) Binder:1577_4 identical 2 lines
06-18 12:43:41.656 D/vold    ( 1577): Remounting 10131 as mode default
06-18 12:43:41.664 D/vold    ( 1577): Remounting 10061 as mode default
06-18 12:43:41.666 I/chatty  ( 1577): uid=0(root) Binder:1577_4 identical 2 lines
06-18 12:43:41.667 D/vold    ( 1577): Remounting 10061 as mode default
06-18 12:43:41.678 D/vold    ( 1577): Remounting 10145 as mode default
06-18 12:43:41.681 I/chatty  ( 1577): uid=0(root) Binder:1577_4 identical 2 lines
06-18 12:43:41.681 D/vold    ( 1577): Remounting 10145 as mode default
06-18 12:43:41.717 D/vold    ( 1577): Remounting 10117 as mode default
06-18 12:43:41.719 I/chatty  ( 1577): uid=0(root) Binder:1577_4 identical 2 lines
06-18 12:43:41.720 D/vold    ( 1577): Remounting 10117 as mode default
06-18 12:43:41.725 E/DefaultPermGrantPolicy( 1916): PackageNot found: com.google.android.gms.location.history
06-18 12:43:41.725 E/DefaultPermGrantPolicy( 1916): android.content.pm.PackageManager$NameNotFoundException: com.google.android.gms.location.history
06-18 12:43:41.725 E/DefaultPermGrantPolicy( 1916): 	at android.app.ApplicationPackageManager.getPackageInfoAsUser(ApplicationPackageManager.java:190)
06-18 12:43:41.725 E/DefaultPermGrantPolicy( 1916): 	at android.app.ApplicationPackageManager.getPackageInfo(ApplicationPackageManager.java:159)
06-18 12:43:41.725 E/DefaultPermGrantPolicy( 1916): 	at com.android.server.pm.permission.DefaultPermissionGrantPolicy.getPackageInfo(DefaultPermissionGrantPolicy.java:1302)
06-18 12:43:41.725 E/DefaultPermGrantPolicy( 1916): 	at com.android.server.pm.permission.DefaultPermissionGrantPolicy.getPackageInfo(DefaultPermissionGrantPolicy.java:1293)
06-18 12:43:41.725 E/DefaultPermGrantPolicy( 1916): 	at com.android.server.pm.permission.DefaultPermissionGrantPolicy.isSystemPackage(DefaultPermissionGrantPolicy.java:962)
06-18 12:43:41.725 E/DefaultPermGrantPolicy( 1916): 	at com.android.server.pm.permission.DefaultPermissionGrantPolicy.grantPermissionsToSystemPackage(DefaultPermissionGrantPolicy.java:363)
06-18 12:43:41.725 E/DefaultPermGrantPolicy( 1916): 	at com.android.server.pm.permission.DefaultPermissionGrantPolicy.grantPermissionsToSystemPackage(DefaultPermissionGrantPolicy.java:356)
06-18 12:43:41.725 E/DefaultPermGrantPolicy( 1916): 	at com.android.server.pm.permission.DefaultPermissionGrantPolicy.grantDefaultSystemHandlerPermissions(DefaultPermissionGrantPolicy.java:647)
06-18 12:43:41.725 E/DefaultPermGrantPolicy( 1916): 	at com.android.server.pm.permission.DefaultPermissionGrantPolicy.grantDefaultPermissions(DefaultPermissionGrantPolicy.java:295)
06-18 12:43:41.725 E/DefaultPermGrantPolicy( 1916): 	at com.android.server.pm.PackageManagerService.systemReady(PackageManagerService.java:21619)
06-18 12:43:41.725 E/DefaultPermGrantPolicy( 1916): 	at com.android.server.SystemServer.startOtherServices(SystemServer.java:1977)
06-18 12:43:41.725 E/DefaultPermGrantPolicy( 1916): 	at com.android.server.SystemServer.run(SystemServer.java:512)
06-18 12:43:41.725 E/DefaultPermGrantPolicy( 1916): 	at com.android.server.SystemServer.main(SystemServer.java:349)
06-18 12:43:41.725 E/DefaultPermGrantPolicy( 1916): 	at java.lang.reflect.Method.invoke(Native Method)
06-18 12:43:41.725 E/DefaultPermGrantPolicy( 1916): 	at com.android.internal.os.RuntimeInit$MethodAndArgsCaller.run(RuntimeInit.java:492)
06-18 12:43:41.725 E/DefaultPermGrantPolicy( 1916): 	at com.android.internal.os.ZygoteInit.main(ZygoteInit.java:908)
06-18 12:43:41.726 D/vold    ( 1577): Remounting 10138 as mode default
06-18 12:43:41.728 I/chatty  ( 1577): uid=0(root) Binder:1577_4 identical 2 lines
06-18 12:43:41.729 D/vold    ( 1577): Remounting 10138 as mode default
06-18 12:43:41.735 D/vold    ( 1577): Remounting 10119 as mode default
06-18 12:43:41.737 I/chatty  ( 1577): uid=0(root) Binder:1577_4 identical 2 lines
06-18 12:43:41.738 D/vold    ( 1577): Remounting 10119 as mode default
06-18 12:43:41.740 D/vold    ( 1577): Remounting 10128 as mode default
06-18 12:43:41.742 I/chatty  ( 1577): uid=0(root) Binder:1577_4 identical 2 lines
06-18 12:43:41.743 D/vold    ( 1577): Remounting 10128 as mode default
06-18 12:43:41.744 E/DefaultPermGrantPolicy( 1916): PackageNot found: com.google.android.as
06-18 12:43:41.744 E/DefaultPermGrantPolicy( 1916): android.content.pm.PackageManager$NameNotFoundException: com.google.android.as
06-18 12:43:41.744 E/DefaultPermGrantPolicy( 1916): 	at android.app.ApplicationPackageManager.getPackageInfoAsUser(ApplicationPackageManager.java:190)
06-18 12:43:41.744 E/DefaultPermGrantPolicy( 1916): 	at android.app.ApplicationPackageManager.getPackageInfo(ApplicationPackageManager.java:159)
06-18 12:43:41.744 E/DefaultPermGrantPolicy( 1916): 	at com.android.server.pm.permission.DefaultPermissionGrantPolicy.getPackageInfo(DefaultPermissionGrantPolicy.java:1302)
06-18 12:43:41.744 E/DefaultPermGrantPolicy( 1916): 	at com.android.server.pm.permission.DefaultPermissionGrantPolicy.getPackageInfo(DefaultPermissionGrantPolicy.java:1293)
06-18 12:43:41.744 E/DefaultPermGrantPolicy( 1916): 	at com.android.server.pm.permission.DefaultPermissionGrantPolicy.isSystemPackage(DefaultPermissionGrantPolicy.java:962)
06-18 12:43:41.744 E/DefaultPermGrantPolicy( 1916): 	at com.android.server.pm.permission.DefaultPermissionGrantPolicy.grantPermissionsToSystemPackage(DefaultPermissionGrantPolicy.java:363)
06-18 12:43:41.744 E/DefaultPermGrantPolicy( 1916): 	at com.android.server.pm.permission.DefaultPermissionGrantPolicy.grantPermissionsToSystemPackage(DefaultPermissionGrantPolicy.java:356)
06-18 12:43:41.744 E/DefaultPermGrantPolicy( 1916): 	at com.android.server.pm.permission.DefaultPermissionGrantPolicy.grantDefaultSystemHandlerPermissions(DefaultPermissionGrantPolicy.java:721)
06-18 12:43:41.744 E/DefaultPermGrantPolicy( 1916): 	at com.android.server.pm.permission.DefaultPermissionGrantPolicy.grantDefaultPermissions(DefaultPermissionGrantPolicy.java:295)
06-18 12:43:41.744 E/DefaultPermGrantPolicy( 1916): 	at com.android.server.pm.PackageManagerService.systemReady(PackageManagerService.java:21619)
06-18 12:43:41.744 E/DefaultPermGrantPolicy( 1916): 	at com.android.server.SystemServer.startOtherServices(SystemServer.java:1977)
06-18 12:43:41.744 E/DefaultPermGrantPolicy( 1916): 	at com.android.server.SystemServer.run(SystemServer.java:512)
06-18 12:43:41.744 E/DefaultPermGrantPolicy( 1916): 	at com.android.server.SystemServer.main(SystemServer.java:349)
06-18 12:43:41.744 E/DefaultPermGrantPolicy( 1916): 	at java.lang.reflect.Method.invoke(Native Method)
06-18 12:43:41.744 E/DefaultPermGrantPolicy( 1916): 	at com.android.internal.os.RuntimeInit$MethodAndArgsCaller.run(RuntimeInit.java:492)
06-18 12:43:41.744 E/DefaultPermGrantPolicy( 1916): 	at com.android.internal.os.ZygoteInit.main(ZygoteInit.java:908)
06-18 12:43:41.744 D/vold    ( 1577): Remounting 10068 as mode full
06-18 12:43:41.746 I/chatty  ( 1577): uid=0(root) Binder:1577_4 identical 2 lines
06-18 12:43:41.747 D/vold    ( 1577): Remounting 10068 as mode full
06-18 12:43:41.748 E/DefaultPermGrantPolicy( 1916): PackageNot found: com.google.android.as
06-18 12:43:41.748 E/DefaultPermGrantPolicy( 1916): android.content.pm.PackageManager$NameNotFoundException: com.google.android.as
06-18 12:43:41.748 E/DefaultPermGrantPolicy( 1916): 	at android.app.ApplicationPackageManager.getPackageInfoAsUser(ApplicationPackageManager.java:190)
06-18 12:43:41.748 E/DefaultPermGrantPolicy( 1916): 	at android.app.ApplicationPackageManager.getPackageInfo(ApplicationPackageManager.java:159)
06-18 12:43:41.748 E/DefaultPermGrantPolicy( 1916): 	at com.android.server.pm.permission.DefaultPermissionGrantPolicy.getPackageInfo(DefaultPermissionGrantPolicy.java:1302)
06-18 12:43:41.748 E/DefaultPermGrantPolicy( 1916): 	at com.android.server.pm.permission.DefaultPermissionGrantPolicy.getPackageInfo(DefaultPermissionGrantPolicy.java:1293)
06-18 12:43:41.748 E/DefaultPermGrantPolicy( 1916): 	at com.android.server.pm.permission.DefaultPermissionGrantPolicy.isSystemPackage(DefaultPermissionGrantPolicy.java:962)
06-18 12:43:41.748 E/DefaultPermGrantPolicy( 1916): 	at com.android.server.pm.permission.DefaultPermissionGrantPolicy.grantPermissionsToSystemPackage(DefaultPermissionGrantPolicy.java:363)
06-18 12:43:41.748 E/DefaultPermGrantPolicy( 1916): 	at com.android.server.pm.permission.DefaultPermissionGrantPolicy.grantPermissionsToSystemPackage(DefaultPermissionGrantPolicy.java:356)
06-18 12:43:41.748 E/DefaultPermGrantPolicy( 1916): 	at com.android.server.pm.permission.DefaultPermissionGrantPolicy.grantDefaultSystemHandlerPermissions(DefaultPermissionGrantPolicy.java:743)
06-18 12:43:41.748 E/DefaultPermGrantPolicy( 1916): 	at com.android.server.pm.permission.DefaultPermissionGrantPolicy.grantDefaultPermissions(DefaultPermissionGrantPolicy.java:295)
06-18 12:43:41.748 E/DefaultPermGrantPolicy( 1916): 	at com.android.server.pm.PackageManagerService.systemReady(PackageManagerService.java:21619)
06-18 12:43:41.748 E/DefaultPermGrantPolicy( 1916): 	at com.android.server.SystemServer.startOtherServices(SystemServer.java:1977)
06-18 12:43:41.748 E/DefaultPermGrantPolicy( 1916): 	at com.android.server.SystemServer.run(SystemServer.java:512)
06-18 12:43:41.748 E/DefaultPermGrantPolicy( 1916): 	at com.android.server.SystemServer.main(SystemServer.java:349)
06-18 12:43:41.748 E/DefaultPermGrantPolicy( 1916): 	at java.lang.reflect.Method.invoke(Native Method)
06-18 12:43:41.748 E/DefaultPermGrantPolicy( 1916): 	at com.android.internal.os.RuntimeInit$MethodAndArgsCaller.run(RuntimeInit.java:492)
06-18 12:43:41.748 E/DefaultPermGrantPolicy( 1916): 	at com.android.internal.os.ZygoteInit.main(ZygoteInit.java:908)
06-18 12:43:41.760 I/PackageManager( 1916): Un-granting permission android.permission.MANAGE_DOCUMENTS from package com.google.android.youtube (protectionLevel=262146 flags=0x30dbbe45)
06-18 12:43:41.760 I/PackageManager( 1916): Un-granting permission com.google.android.googleapps.permission.GOOGLE_AUTH from package com.android.providers.calendar (protectionLevel=2 flags=0x30883e45)
06-18 12:43:41.760 I/PackageManager( 1916): Un-granting permission com.google.android.googleapps.permission.GOOGLE_AUTH.cl from package com.android.providers.calendar (protectionLevel=2 flags=0x30883e45)
06-18 12:43:41.760 I/PackageManager( 1916): Un-granting permission android.permission.WRITE_SECURE_SETTINGS from package com.google.android.apps.enterprise.dmagent (protectionLevel=50 flags=0x30883e05)
06-18 12:43:41.761 I/PackageManager( 1916): Un-granting permission android.permission.CONNECTIVITY_INTERNAL from package com.google.android.apps.enterprise.dmagent (protectionLevel=18 flags=0x30883e05)
06-18 12:43:41.761 I/PackageManager( 1916): Un-granting permission android.permission.MANAGE_USB from package com.google.android.apps.enterprise.dmagent (protectionLevel=18 flags=0x30883e05)
06-18 12:43:41.761 I/PackageManager( 1916): Un-granting permission android.permission.CHANGE_COMPONENT_ENABLED_STATE from package com.google.android.apps.enterprise.dmagent (protectionLevel=18 flags=0x30883e05)
06-18 12:43:41.761 I/PackageManager( 1916): Un-granting permission android.permission.MANAGE_CA_CERTIFICATES from package com.google.android.apps.enterprise.dmagent (protectionLevel=18 flags=0x30883e05)
06-18 12:43:41.761 I/PackageManager( 1916): Un-granting permission android.permission.MANAGE_USERS from package com.google.android.apps.enterprise.dmagent (protectionLevel=18 flags=0x30883e05)
06-18 12:43:41.761 I/PackageManager( 1916): Un-granting permission com.google.android.setupwizard.READ_DEVICE_ORIGIN from package com.google.android.apps.messaging (protectionLevel=18 flags=0x38cbbe45)
06-18 12:43:41.761 I/PackageManager( 1916): Un-granting permission android.permission.BIND_WALLPAPER from package com.android.camera2 (protectionLevel=18 flags=0x20d8bc45)
06-18 12:43:41.762 I/PackageManager( 1916): Un-granting permission android.permission.REQUEST_INSTALL_PACKAGES from package com.google.android.gm (protectionLevel=66 flags=0x38cbbe45)
06-18 12:43:41.762 I/PackageManager( 1916): Un-granting permission android.permission.BIND_JOB_SERVICE from package com.google.android.music (protectionLevel=2 flags=0x38cbbe65)
06-18 12:43:41.762 I/PackageManager( 1916): Un-granting permission android.permission.CONNECTIVITY_USE_RESTRICTED_NETWORKS from package com.google.android.captiveportallogin (protectionLevel=18 flags=0x38c8be45)
06-18 12:43:41.762 I/PackageManager( 1916): Un-granting permission android.permission.NETWORK_BYPASS_PRIVATE_DNS from package com.google.android.captiveportallogin (protectionLevel=2 flags=0x38c8be45)
06-18 12:43:41.762 I/PackageManager( 1916): Un-granting permission android.permission.REQUEST_INSTALL_PACKAGES from package com.google.android.apps.docs (protectionLevel=66 flags=0x38cbbe45)
06-18 12:43:41.763 I/PackageManager( 1916): Un-granting permission android.permission.INTERACT_ACROSS_USERS from package com.google.android.syncadapters.contacts (protectionLevel=50 flags=0x20883e45)
06-18 12:43:41.763 I/PackageManager( 1916): Un-granting permission android.permission.REQUEST_INSTALL_PACKAGES from package com.android.chrome (protectionLevel=66 flags=0xa0cbbe45)
06-18 12:43:41.763 I/PackageManager( 1916): Un-granting permission com.google.android.apps.now.CURRENT_ACCOUNT_ACCESS from package com.android.chrome (protectionLevel=2 flags=0xa0cbbe45)
06-18 12:43:41.763 I/PackageManager( 1916): Un-granting permission android.permission.CAPTURE_VIDEO_OUTPUT from package com.google.android.gms (protectionLevel=2 flags=0xb0cabe45)
06-18 12:43:41.763 I/PackageManager( 1916): Un-granting permission android.permission.MANAGE_DEVICE_ADMINS from package com.google.android.gms (protectionLevel=2 flags=0xb0cabe45)
06-18 12:43:41.763 I/PackageManager( 1916): Un-granting permission android.permission.MANAGE_ACTIVITY_STACKS from package com.google.android.gms (protectionLevel=2 flags=0xb0cabe45)
06-18 12:43:41.763 I/PackageManager( 1916): Un-granting permission android.permission.CAPTURE_SECURE_VIDEO_OUTPUT from package com.google.android.gms (protectionLevel=2 flags=0xb0cabe45)
06-18 12:43:41.763 I/PackageManager( 1916): Un-granting permission android.permission.MANAGE_ROLLBACKS from package com.google.android.gms (protectionLevel=514 flags=0xb0cabe45)
06-18 12:43:41.764 I/PackageManager( 1916): Un-granting permission com.google.android.googleapps.permission.GOOGLE_AUTH from package com.google.android.videos (protectionLevel=2 flags=0x30dbbe45)
06-18 12:43:41.764 I/PackageManager( 1916): Un-granting permission android.permission.WRITE_MEDIA_STORAGE from package com.google.android.apps.photos (protectionLevel=18 flags=0x38d9be45)
06-18 12:43:41.770 V/UserDataPreparer( 1916): Found /data/user_de/0 with serial number -1
06-18 12:43:41.770 D/UserDataPreparer( 1916): Serial number missing on /data/user_de/0; assuming current is valid
06-18 12:43:41.770 V/UserDataPreparer( 1916): Found /data/user/0 with serial number -1
06-18 12:43:41.770 D/UserDataPreparer( 1916): Serial number missing on /data/user/0; assuming current is valid
06-18 12:43:41.770 V/UserDataPreparer( 1916): Found /data/system_de/0 with serial number -1
06-18 12:43:41.770 D/UserDataPreparer( 1916): Serial number missing on /data/system_de/0; assuming current is valid
06-18 12:43:41.771 D/SystemServerTiming( 1916): MakePackageManagerServiceReady took to complete: 404ms
06-18 12:43:41.771 I/SystemServer( 1916): MakeDisplayManagerServiceReady
06-18 12:43:41.773 D/SystemServerTiming( 1916): MakeDisplayManagerServiceReady took to complete: 2ms
06-18 12:43:41.773 I/SystemServer( 1916): StartDeviceSpecificServices
06-18 12:43:41.773 D/SystemServerTiming( 1916): StartDeviceSpecificServices took to complete: 0ms
06-18 12:43:41.773 I/SystemServer( 1916): StartBootPhaseDeviceSpecificServicesReady
06-18 12:43:41.773 I/SystemServiceManager( 1916): Starting phase 520
06-18 12:43:41.776 D/SystemServerTiming( 1916): StartBootPhaseDeviceSpecificServicesReady took to complete: 3ms
06-18 12:43:41.776 I/SystemServer( 1916): StartPermissionPolicyService
06-18 12:43:41.776 I/SystemServiceManager( 1916): Starting com.android.server.policy.PermissionPolicyService
06-18 12:43:41.777 D/SystemServerTiming( 1916): StartPermissionPolicyService took to complete: 1ms
06-18 12:43:41.777 W/UsageStatsService( 1916): Event reported without a package name, eventType:15
06-18 12:43:41.778 I/AppOps  ( 1916): Pruning old package system/com.android.server.appop.AppOpsService$UidState@96da055: new uid=-1
06-18 12:43:41.778 I/ActivityManager( 1916): System now ready
06-18 12:43:41.780 I/SystemServer( 1916): Making services ready
06-18 12:43:41.780 I/SystemServer( 1916): StartActivityManagerReadyPhase
06-18 12:43:41.780 I/SystemServiceManager( 1916): Starting phase 550
06-18 12:43:41.781 I/android_os_HwBinder( 1916): HwBinder: Starting thread pool for getting: android.hardware.thermal@2.0::IThermal/default
06-18 12:43:41.782 I/android.hardware.thermal@2.0-service-mock( 1714): A callback has been registered to ThermalHAL, isFilter: 0 Type: CPU
06-18 12:43:41.784 W/ActivityManager( 1916): Too early to start/bind service in system_server: Phase=550 ComponentInfo{com.android.server.telecom/com.android.server.telecom.components.TelecomService}
06-18 12:43:41.784 W/ActivityManager( 1916): Too early to start/bind service in system_server: Phase=550 ComponentInfo{com.android.server.telecom/com.android.server.telecom.components.TelecomService}
06-18 12:43:41.795 D/PackageManager( 1916): Instant App installer not found with android.intent.action.INSTALL_INSTANT_APP_PACKAGE
06-18 12:43:41.795 D/PackageManager( 1916): Clear ephemeral installer activity
06-18 12:43:41.795 D/PackageManager( 1916): Instant App installer not found with android.intent.action.INSTALL_INSTANT_APP_PACKAGE
06-18 12:43:41.795 D/PackageManager( 1916): Clear ephemeral installer activity
06-18 12:43:41.795 D/PackageManager( 1916): Instant App installer not found with android.intent.action.INSTALL_INSTANT_APP_PACKAGE
06-18 12:43:41.795 D/PackageManager( 1916): Clear ephemeral installer activity
06-18 12:43:41.802 D/StorageManagerService( 1916): Isolated storage local flag 0 and remote flag 0 resolved to true
06-18 12:43:41.804 D/Zygote  ( 1662): Forked child process 2058
06-18 12:43:41.804 I/LockSettingsService( 1916): Migrated migrated_frp.
06-18 12:43:41.805 I/WallpaperManagerService( 1916): No static wallpaper imagery; defaults will be shown
06-18 12:43:41.805 V/WallpaperManagerService( 1916): bindWallpaperComponentLocked: componentName=ComponentInfo{com.android.systemui/com.android.systemui.ImageWallpaper}
06-18 12:43:41.806 W/WallpaperManagerService( 1916): no current wallpaper -- first boot?
06-18 12:43:41.808 E/BluetoothAdapter( 1916): Bluetooth binder is null
06-18 12:43:41.811 I/ActivityManager( 1916): Start proc 2058:com.google.android.gms.persistent/u0a117 for broadcast {com.google.android.gms/com.google.android.gms.chimera.GmsIntentOperationService$PersistentTrustedReceiver}
06-18 12:43:41.814 I/AppBindingService( 1916): Updating constants with: null
06-18 12:43:41.808 E/BluetoothAdapter( 1916): Bluetooth binder is null
06-18 12:43:41.817 I/AudioFlinger( 1725): systemReady
06-18 12:43:41.821 W/.gms.persisten( 2058): Unexpected CPU variant for X86 using defaults: x86_64
06-18 12:43:41.822 D/Zygote  ( 1662): Forked child process 2071
06-18 12:43:41.825 I/ActivityManager( 1916): Start proc 2071:com.android.systemui/u0a112 for service {com.android.systemui/com.android.systemui.ImageWallpaper}
06-18 12:43:41.830 D/StagefrightPluginLoader( 1769): CCodec is disabled.
06-18 12:43:41.830 D/StagefrightPluginLoader( 1769): Handle or CreateInputSurface symbol is null
06-18 12:43:41.830 D/MediaCodecList( 1769): Allowing all OMX codecs
06-18 12:43:41.830 D/StagefrightPluginLoader( 1769): Handle or CreateBuilder symbol is null
06-18 12:43:41.832 I/OMXClient( 1769): IOmx service obtained
06-18 12:43:41.832 I/OMXMaster( 1780): makeComponentInstance(OMX.google.aac.decoder) in android.hardwar process
06-18 12:43:41.836 I/OMXClient( 1769): IOmx service obtained
06-18 12:43:41.836 I/OMXMaster( 1780): makeComponentInstance(OMX.google.amrnb.decoder) in android.hardwar process
06-18 12:43:41.837 D/Zygote  ( 1662): Forked child process 2087
06-18 12:43:41.837 I/ActivityManager( 1916): Start proc 2087:com.google.android.permissioncontroller/u0a74 for service {com.google.android.permissioncontroller/com.android.packageinstaller.permission.service.PermissionControllerServiceImpl}
06-18 12:43:41.839 W/ssioncontrolle( 2087): Unexpected CPU variant for X86 using defaults: x86_64
06-18 12:43:41.839 W/ndroid.systemu( 2071): Unexpected CPU variant for X86 using defaults: x86_64
06-18 12:43:41.851 I/OMXClient( 1769): IOmx service obtained
06-18 12:43:41.851 I/OMXMaster( 1780): makeComponentInstance(OMX.google.amrwb.decoder) in android.hardwar process
06-18 12:43:41.857 I/.gms.persisten( 2058): The ClassLoaderContext is a special shared library.
06-18 12:43:41.859 I/OMXClient( 1769): IOmx service obtained
06-18 12:43:41.859 I/OMXMaster( 1780): makeComponentInstance(OMX.google.flac.decoder) in android.hardwar process
06-18 12:43:41.859 I/.gms.persisten( 2058): The ClassLoaderContext is a special shared library.
06-18 12:43:41.861 I/chatty  ( 2058): uid=10117 com.google.android.gms.persistent identical 1 line
06-18 12:43:41.862 I/.gms.persisten( 2058): The ClassLoaderContext is a special shared library.
06-18 12:43:41.862 I/ndroid.systemu( 2071): The ClassLoaderContext is a special shared library.
06-18 12:43:41.867 I/ssioncontrolle( 2087): The ClassLoaderContext is a special shared library.
06-18 12:43:41.868 I/OMXClient( 1769): IOmx service obtained
06-18 12:43:41.868 I/OMXMaster( 1780): makeComponentInstance(OMX.google.g711.alaw.decoder) in android.hardwar process
06-18 12:43:41.871 I/OMXClient( 1769): IOmx service obtained
06-18 12:43:41.871 I/OMXMaster( 1780): makeComponentInstance(OMX.google.g711.mlaw.decoder) in android.hardwar process
06-18 12:43:41.874 I/OMXClient( 1769): IOmx service obtained
06-18 12:43:41.874 I/OMXMaster( 1780): makeComponentInstance(OMX.google.gsm.decoder) in android.hardwar process
06-18 12:43:41.879 I/OMXClient( 1769): IOmx service obtained
06-18 12:43:41.879 I/OMXMaster( 1780): makeComponentInstance(OMX.google.mp3.decoder) in android.hardwar process
06-18 12:43:41.884 I/OMXClient( 1769): IOmx service obtained
06-18 12:43:41.884 I/OMXMaster( 1780): makeComponentInstance(OMX.google.opus.decoder) in android.hardwar process
06-18 12:43:41.890 W/ContextImpl( 2058): Failed to ensure /data/user/0/com.google.android.gms/cache: mkdir failed: ENOENT (No such file or directory)
06-18 12:43:41.891 W/ContextImpl( 2058): Failed to update user.inode_cache: stat failed: ENOENT (No such file or directory)
06-18 12:43:41.897 I/OMXClient( 1769): IOmx service obtained
06-18 12:43:41.897 I/OMXMaster( 1780): makeComponentInstance(OMX.google.raw.decoder) in android.hardwar process
06-18 12:43:41.909 W/StorageManagerService( 1916): No primary storage defined yet; hacking together a stub
06-18 12:43:41.910 D/WifiController( 1916): DEFERRED_TOGGLE handled
06-18 12:43:41.911 D/WifiController( 1916): StaEnabledState.enter()
06-18 12:43:41.911 D/WifiActiveModeWarden( 1916): Switching from ScanOnlyModeActiveState to ClientMode
06-18 12:43:41.911 D/WifiScanOnlyModeManager( 1916):  currentstate: StartedState
