--------- beginning of main
06-22 07:44:04.110 W/auditd  ( 1566): type=2000 audit(0.0:1): state=initialized audit_enabled=0 res=1
06-22 07:44:07.830 I/auditd  ( 1566): type=1403 audit(0.0:2): policy loaded auid=4294967295 ses=4294967295
06-22 07:44:07.830 W/auditd  ( 1566): type=1404 audit(0.0:3): enforcing=1 old_enforcing=0 auid=4294967295 ses=4294967295
06-22 07:44:09.526 I/SELinux ( 1567): SELinux: Loaded service_contexts from:
06-22 07:44:09.527 I/SELinux ( 1567):     /system/etc/selinux/plat_service_contexts
06-22 07:44:09.551 I/SELinux ( 1569): SELinux: Loaded service_contexts from:
06-22 07:44:09.551 I/SELinux ( 1569):     /vendor/etc/selinux/vndservice_contexts
06-22 07:44:09.556 I/hwservicemanager( 1568): hwservicemanager is ready now.
--------- beginning of system
06-22 07:44:09.595 I/vold    ( 1575): Vold 3.0 (the awakening) firing up
06-22 07:44:09.596 D/vold    ( 1575): Detected support for: ext4 f2fs vfat
06-22 07:44:09.596 D/vold    ( 1575): Found unmanaged dm device named vendor
06-22 07:44:09.597 D/vold    ( 1575): Found unmanaged dm device named system
06-22 07:44:09.597 D/vold    ( 1575): Found unmanaged dm device named system-verity
06-22 07:44:09.597 W/vold    ( 1575): Failed to LOOP_GET_STATUS64 /dev/block/loop5: No such device or address
06-22 07:44:09.597 W/vold    ( 1575): Failed to LOOP_GET_STATUS64 /dev/block/loop7: No such device or address
06-22 07:44:09.597 W/vold    ( 1575): Failed to LOOP_GET_STATUS64 /dev/block/loop4: No such device or address
06-22 07:44:09.597 W/vold    ( 1575): Failed to LOOP_GET_STATUS64 /dev/block/loop1: No such device or address
06-22 07:44:09.597 W/vold    ( 1575): Failed to LOOP_GET_STATUS64 /dev/block/loop3: No such device or address
06-22 07:44:09.597 W/vold    ( 1575): Failed to LOOP_GET_STATUS64 /dev/block/loop0: No such device or address
06-22 07:44:09.597 W/vold    ( 1575): Failed to LOOP_GET_STATUS64 /dev/block/loop2: No such device or address
06-22 07:44:09.597 W/vold    ( 1575): Failed to LOOP_GET_STATUS64 /dev/block/loop6: No such device or address
06-22 07:44:09.597 I/vold    ( 1575): Skip mounting partition: /product
06-22 07:44:09.597 I/vold    ( 1575): Skip mounting partition: /product_services
06-22 07:44:09.598 D/vold    ( 1575): VoldNativeService::start() completed OK
06-22 07:44:09.894 I/android.hardware.keymaster@3.0-impl( 1629): Fetching keymaster device name default
06-22 07:44:09.894 I/android.hardware.keymaster@3.0-impl( 1629): Could not find any keystore module, using software-only implementation.
06-22 07:44:09.895 I/ServiceManagement( 1629): Registered android.hardware.keymaster@3.0::IKeymasterDevice/default (start delay of 37ms)
06-22 07:44:09.895 I/ServiceManagement( 1629): Removing namespace from process name android.hardware.keymaster@3.0-service to keymaster@3.0-service.
06-22 07:44:09.895 I/android.hardware.keymaster@3.0-service( 1629): Registration complete for android.hardware.keymaster@3.0::IKeymasterDevice/default.
06-22 07:44:09.901 I/vold    ( 1575): fscrypt_initialize_global_de
06-22 07:44:09.901 I/vold    ( 1575): Creating new key in /data/unencrypted/key
06-22 07:44:09.905 I/hwservicemanager( 1568): getTransport: Cannot find entry android.hardware.keymaster@4.0::IKeymasterDevice/default in either framework or device manifest.
06-22 07:44:09.905 I/vold    ( 1575): List of Keymaster HALs found:
06-22 07:44:09.905 I/vold    ( 1575): Keymaster HAL #1: SoftwareKeymasterDevice from Google SecurityLevel: SOFTWARE HAL: android.hardware.keymaster@3.0::IKeymasterDevice/default
06-22 07:44:09.906 I/vold    ( 1575): Using SoftwareKeymasterDevice from Google for encryption.  Security level: SOFTWARE, HAL: android.hardware.keymaster@3.0::IKeymasterDevice/default
06-22 07:44:09.906 D/vold    ( 1575): Creating key that doesn't need auth token
06-22 07:44:09.909 D/RefBase ( 1575): RefBase: Explicit destruction, weak count = 0 (in 0x7545f9e1e1f0)
06-22 07:44:09.909 W/RefBase ( 1575): CallStack::getCurrentInternal not linked, returning null
06-22 07:44:09.909 W/RefBase ( 1575): CallStack::logStackInternal not linked
06-22 07:44:09.910 D/vold    ( 1575): Created key: /data/unencrypted/key
06-22 07:44:09.910 D/vold    ( 1575): Added key 171919374 (ext4:30f4bd39f8421fe9) to keyring 9841914 in process 1575
06-22 07:44:09.910 D/vold    ( 1575): Added key 591353286 (f2fs:30f4bd39f8421fe9) to keyring 9841914 in process 1575
06-22 07:44:09.910 D/vold    ( 1575): Added key 169977063 (fscrypt:30f4bd39f8421fe9) to keyring 9841914 in process 1575
06-22 07:44:09.912 I/vold    ( 1575): Wrote system DE key reference to:/data/unencrypted/ref
06-22 07:44:09.934 E/fsverity_init( 1635): Failed to load /product/etc/security/fsverity/*.der
06-22 07:44:09.938 E//system/bin/mini-keyctl( 1636): Cannot find keyring id
06-22 07:44:09.940 W/init    (    1): type=1400 audit(0.0:4): avc: denied { ioctl } for path="/data/misc" dev="vdc" ino=13 ioctlcmd=0x6615 scontext=u:r:init:s0 tcontext=u:object_r:unlabeled:s0 tclass=dir permissive=0
06-22 07:44:09.941 E/fsverity_init( 1637): Failed to restrict .fs-verity keyring
06-22 07:44:09.960 W/ls      ( 1639): type=1400 audit(0.0:5): avc: denied { getattr } for path="/data/misc" dev="vdc" ino=13 scontext=u:r:toolbox:s0 tcontext=u:object_r:unlabeled:s0 tclass=dir permissive=0
06-22 07:44:09.960 I/apexd   ( 1638): Marking APEXd as starting
06-22 07:44:09.966 I/ls      (    1): ls: /data/misc: Permission denied
06-22 07:44:09.966 I/ls      (    1): ls terminated by exit(1)
06-22 07:44:09.990 I/apexd   ( 1638): Scanning /system/apex for embedded keys
06-22 07:44:09.992 V/apexd   ( 1638): Found bundled key in package /system/apex/com.android.apex.cts.shim.apex
06-22 07:44:09.992 I/apexd   ( 1638): Scanning /product/apex for embedded keys
06-22 07:44:09.994 I/apexd   ( 1638): ... does not exist. Skipping
06-22 07:44:09.995 I/apexd   ( 1638): Populating APEX database from mounts...
06-22 07:44:09.997 E/apexd   ( 1638): Failed to walk /product/apex : Can't open /product/apex for reading : No such file or directory
06-22 07:44:10.001 I/apexd   ( 1638): Found "/apex/com.android.runtime@1"
06-22 07:44:10.003 I/apexd   ( 1638): Found "/apex/com.android.tzdata@290000000"
06-22 07:44:10.007 I/apexd   ( 1638): 2 packages restored.
06-22 07:44:10.008 I/apexd   ( 1638): Scanning /data/apex/sessions looking for sessions to be activated.
06-22 07:44:10.012 I/apexd   ( 1638): Scanning /data/apex/active looking for APEX packages.
06-22 07:44:10.014 I/apexd   ( 1638): Activated 0 packages. Skipped: 0
06-22 07:44:10.017 I/apexd   ( 1638): Scanning /system/apex looking for APEX packages.
06-22 07:44:10.021 I/apexd   ( 1638): Found /system/apex/com.android.resolv
06-22 07:44:10.024 V/apexd   ( 1638): Creating mount point: /apex/com.android.resolv@290000000
06-22 07:44:10.024 I/apexd   ( 1638): Successfully bind-mounted flattened package /system/apex/com.android.resolv on /apex/com.android.resolv@290000000
06-22 07:44:10.029 V/apexd   ( 1638): Creating bind-mount for /apex/com.android.resolv for /apex/com.android.resolv@290000000
06-22 07:44:10.029 V/apexd   ( 1638): Creating mountpoint /apex/com.android.resolv
06-22 07:44:10.029 V/apexd   ( 1638): Bind-mounting /apex/com.android.resolv@290000000 to /apex/com.android.resolv
06-22 07:44:10.029 D/apexd   ( 1638): Successfully activated /system/apex/com.android.resolv package_name: com.android.resolv version: 290000000
06-22 07:44:10.029 I/apexd   ( 1638): Found /system/apex/com.android.media.swcodec
06-22 07:44:10.033 V/apexd   ( 1638): Creating mount point: /apex/com.android.media.swcodec@290000000
06-22 07:44:10.033 I/apexd   ( 1638): Successfully bind-mounted flattened package /system/apex/com.android.media.swcodec on /apex/com.android.media.swcodec@290000000
06-22 07:44:10.038 V/apexd   ( 1638): Creating bind-mount for /apex/com.android.media.swcodec for /apex/com.android.media.swcodec@290000000
06-22 07:44:10.040 V/apexd   ( 1638): Creating mountpoint /apex/com.android.media.swcodec
06-22 07:44:10.040 V/apexd   ( 1638): Bind-mounting /apex/com.android.media.swcodec@290000000 to /apex/com.android.media.swcodec
06-22 07:44:10.040 D/apexd   ( 1638): Successfully activated /system/apex/com.android.media.swcodec package_name: com.android.media.swcodec version: 290000000
06-22 07:44:10.040 I/apexd   ( 1638): Found /system/apex/com.android.apex.cts.shim.apex
06-22 07:44:10.042 V/apexd   ( 1638): Found bundled key in package /system/apex/com.android.apex.cts.shim.apex
06-22 07:44:10.043 I/apexd   ( 1638): Skipping activation of non-flattened apex package /system/apex/com.android.apex.cts.shim.apex because device doesn't support it
06-22 07:44:10.048 I/apexd   ( 1638): Found /system/apex/com.android.conscrypt
06-22 07:44:10.052 V/apexd   ( 1638): Creating mount point: /apex/com.android.conscrypt@290000000
06-22 07:44:10.052 I/apexd   ( 1638): Successfully bind-mounted flattened package /system/apex/com.android.conscrypt on /apex/com.android.conscrypt@290000000
06-22 07:44:10.057 V/apexd   ( 1638): Creating bind-mount for /apex/com.android.conscrypt for /apex/com.android.conscrypt@290000000
06-22 07:44:10.059 V/apexd   ( 1638): Creating mountpoint /apex/com.android.conscrypt
06-22 07:44:10.059 V/apexd   ( 1638): Bind-mounting /apex/com.android.conscrypt@290000000 to /apex/com.android.conscrypt
06-22 07:44:10.059 D/apexd   ( 1638): Successfully activated /system/apex/com.android.conscrypt package_name: com.android.conscrypt version: 290000000
06-22 07:44:10.059 I/apexd   ( 1638): Found /system/apex/com.android.runtime.debug
06-22 07:44:10.061 I/apexd   ( 1638): Skipping activation of /system/apex/com.android.runtime.debug same package with higher version 1 is already active
06-22 07:44:10.064 I/apexd   ( 1638): Found /system/apex/com.android.tzdata
06-22 07:44:10.067 I/apexd   ( 1638): Skipping activation of /system/apex/com.android.tzdata same package with higher version 290000000 is already active
06-22 07:44:10.073 I/apexd   ( 1638): Found /system/apex/com.android.media
06-22 07:44:10.074 V/apexd   ( 1638): Creating mount point: /apex/com.android.media@290000000
06-22 07:44:10.076 I/apexd   ( 1638): Successfully bind-mounted flattened package /system/apex/com.android.media on /apex/com.android.media@290000000
06-22 07:44:10.081 V/apexd   ( 1638): Creating bind-mount for /apex/com.android.media for /apex/com.android.media@290000000
06-22 07:44:10.081 V/apexd   ( 1638): Creating mountpoint /apex/com.android.media
06-22 07:44:10.081 V/apexd   ( 1638): Bind-mounting /apex/com.android.media@290000000 to /apex/com.android.media
06-22 07:44:10.081 D/apexd   ( 1638): Successfully activated /system/apex/com.android.media package_name: com.android.media version: 290000000
06-22 07:44:10.083 I/apexd   ( 1638): Activated 4 packages. Skipped: 3
06-22 07:44:10.084 I/apexd   ( 1638): Scanning /product/apex looking for APEX packages.
06-22 07:44:10.088 E/apexd   ( 1638): Failed to activate packages from /product/apex : Failed to scan /product/apex : Can't open /product/apex for reading : No such file or directory
06-22 07:44:10.093 I/apexd   ( 1638): Marking APEXd as ready
06-22 07:44:10.176 D/vold    ( 1575): fscrypt_init_user0
06-22 07:44:10.176 D/vold    ( 1575): Preparing: /data/misc/vold/user_keys
06-22 07:44:10.176 D/vold    ( 1575): Preparing: /data/misc/vold/user_keys/ce
06-22 07:44:10.176 D/vold    ( 1575): Preparing: /data/misc/vold/user_keys/de
06-22 07:44:10.176 D/vold    ( 1575): Preparing: /data/misc/vold/user_keys/ce/0
06-22 07:44:10.176 D/vold    ( 1575): Skipping non-key .
06-22 07:44:10.176 D/vold    ( 1575): Skipping non-key ..
06-22 07:44:10.180 I/hwservicemanager( 1568): getTransport: Cannot find entry android.hardware.keymaster@4.0::IKeymasterDevice/default in either framework or device manifest.
06-22 07:44:10.180 I/vold    ( 1575): List of Keymaster HALs found:
06-22 07:44:10.180 I/vold    ( 1575): Keymaster HAL #1: SoftwareKeymasterDevice from Google SecurityLevel: SOFTWARE HAL: android.hardware.keymaster@3.0::IKeymasterDevice/default
06-22 07:44:10.180 I/vold    ( 1575): Using SoftwareKeymasterDevice from Google for encryption.  Security level: SOFTWARE, HAL: android.hardware.keymaster@3.0::IKeymasterDevice/default
06-22 07:44:10.180 D/vold    ( 1575): Creating key that doesn't need auth token
06-22 07:44:10.181 D/RefBase ( 1575): RefBase: Explicit destruction, weak count = 0 (in 0x7545f9e1e170)
06-22 07:44:10.181 W/RefBase ( 1575): CallStack::getCurrentInternal not linked, returning null
06-22 07:44:10.181 W/RefBase ( 1575): CallStack::logStackInternal not linked
06-22 07:44:10.182 D/vold    ( 1575): Created key: /data/misc/vold/user_keys/ce/0/current
06-22 07:44:10.185 I/hwservicemanager( 1568): getTransport: Cannot find entry android.hardware.keymaster@4.0::IKeymasterDevice/default in either framework or device manifest.
06-22 07:44:10.186 I/vold    ( 1575): List of Keymaster HALs found:
06-22 07:44:10.186 I/vold    ( 1575): Keymaster HAL #1: SoftwareKeymasterDevice from Google SecurityLevel: SOFTWARE HAL: android.hardware.keymaster@3.0::IKeymasterDevice/default
06-22 07:44:10.186 I/vold    ( 1575): Using SoftwareKeymasterDevice from Google for encryption.  Security level: SOFTWARE, HAL: android.hardware.keymaster@3.0::IKeymasterDevice/default
06-22 07:44:10.186 D/vold    ( 1575): Creating key that doesn't need auth token
06-22 07:44:10.187 D/RefBase ( 1575): RefBase: Explicit destruction, weak count = 0 (in 0x7545f9e1e1f0)
06-22 07:44:10.187 W/RefBase ( 1575): CallStack::getCurrentInternal not linked, returning null
06-22 07:44:10.187 W/RefBase ( 1575): CallStack::logStackInternal not linked
06-22 07:44:10.188 D/vold    ( 1575): Created key: /data/misc/vold/user_keys/de/0
06-22 07:44:10.188 D/vold    ( 1575): Added key 61171150 (ext4:d963ef84c4ef116e) to keyring 9841914 in process 1575
06-22 07:44:10.188 D/vold    ( 1575): Added key 1055648627 (f2fs:d963ef84c4ef116e) to keyring 9841914 in process 1575
06-22 07:44:10.188 D/vold    ( 1575): Added key 41611999 (fscrypt:d963ef84c4ef116e) to keyring 9841914 in process 1575
06-22 07:44:10.188 D/vold    ( 1575): Added key 1045621621 (ext4:a433e885b6f7a989) to keyring 9841914 in process 1575
06-22 07:44:10.188 D/vold    ( 1575): Added key 1031833541 (f2fs:a433e885b6f7a989) to keyring 9841914 in process 1575
06-22 07:44:10.188 D/vold    ( 1575): Added key 1038959265 (fscrypt:a433e885b6f7a989) to keyring 9841914 in process 1575
06-22 07:44:10.188 D/vold    ( 1575): Created keys for user 0
06-22 07:44:10.188 D/vold    ( 1575): Skipping non-de-key .
06-22 07:44:10.188 D/vold    ( 1575): Skipping non-de-key ..
06-22 07:44:10.188 D/vold    ( 1575): fscrypt_prepare_user_storage for volume null, user 0, serial 0, flags 1
06-22 07:44:10.188 D/vold    ( 1575): Preparing: /data/system/users/0
06-22 07:44:10.188 D/vold    ( 1575): Preparing: /data/misc/profiles/cur/0
06-22 07:44:10.188 D/vold    ( 1575): Preparing: /data/system_de/0
06-22 07:44:10.188 D/vold    ( 1575): Preparing: /data/misc_de/0
06-22 07:44:10.188 D/vold    ( 1575): Preparing: /data/vendor_de/0
06-22 07:44:10.188 D/vold    ( 1575): Preparing: /data/user_de/0
06-22 07:44:10.188 I/vold    ( 1575): Policy for /data/system_de/0 set to d963ef84c4ef116e modes 1/4
06-22 07:44:10.188 I/vold    ( 1575): Policy for /data/misc_de/0 set to d963ef84c4ef116e modes 1/4
06-22 07:44:10.188 I/vold    ( 1575): Policy for /data/vendor_de/0 set to d963ef84c4ef116e modes 1/4
06-22 07:44:10.188 I/vold    ( 1575): Policy for /data/user_de/0 set to d963ef84c4ef116e modes 1/4
06-22 07:44:10.188 D/vold    ( 1575): /system/bin/vold_prepare_subdirs
06-22 07:44:10.188 D/vold    ( 1575):     prepare
06-22 07:44:10.188 D/vold    ( 1575):     
06-22 07:44:10.188 D/vold    ( 1575):     0
06-22 07:44:10.188 D/vold    ( 1575):     1
06-22 07:44:10.195 D/vold_prepare_subdirs( 1643): Setting up mode 700 uid 0 gid 0 context u:object_r:vold_data_file:s0 on path: /data/misc_de/0/vold
06-22 07:44:10.195 D/vold_prepare_subdirs( 1643): Setting up mode 700 uid 0 gid 0 context u:object_r:storaged_data_file:s0 on path: /data/misc_de/0/storaged
06-22 07:44:10.195 D/vold_prepare_subdirs( 1643): Setting up mode 700 uid 0 gid 0 context u:object_r:rollback_data_file:s0 on path: /data/misc_de/0/rollback
06-22 07:44:10.195 D/vold_prepare_subdirs( 1643): Setting up mode 700 uid 1000 gid 1000 context u:object_r:fingerprint_vendor_data_file:s0 on path: /data/vendor_de/0/fpdata
06-22 07:44:10.195 D/vold_prepare_subdirs( 1643): Setting up mode 700 uid 1000 gid 1000 context u:object_r:face_vendor_data_file:s0 on path: /data/vendor_de/0/facedata
06-22 07:44:10.224 I//system/bin/tzdatacheck( 1644): timezone distro dir /data/misc/zoneinfo/current does not exist. No action required.
06-22 07:44:10.258 I/art_apex( 1647): === ART pre-boot integrity checks ===
06-22 07:44:10.271 F/art_apex( 1652): Device is not fsverity-enabled.
06-22 07:44:10.312 W/otapreopt_slot( 1656): Slot property empty.
06-22 07:44:10.380 I//system/bin/flags_health_check( 1659): ServerConfigurableFlagsReset reset_mode value: 0
06-22 07:44:10.380 I//system/bin/flags_health_check( 1659): ServerConfigurableFlagsReset attempted boot count is under threshold, skipping reset.
06-22 07:44:10.453 I/netdClient( 1661): Skipping libnetd_client init since *we* are netd
06-22 07:44:10.458 I/netd    ( 1661): netd 1.0 starting
06-22 07:44:10.472 I/bootstat( 1664): Service started: /system/bin/bootstat --set_system_boot_reason 
06-22 07:44:10.473 I/bootstat( 1664): Canonical boot reason: reboot
06-22 07:44:10.473 I/bootstat( 1664): Canonical boot reason: reboot
06-22 07:44:10.475 I/Netd    ( 1661): Loaded resolver library from /apex/com.android.resolv/lib64/libnetd_resolv.so
06-22 07:44:10.511 I/ServiceManagement( 1666): Registered android.hidl.allocator@1.0::IAllocator/ashmem (start delay of 23ms)
06-22 07:44:10.511 I/ServiceManagement( 1666): Removing namespace from process name android.hidl.allocator@1.0-service to allocator@1.0-service.
06-22 07:44:10.520 I/health@2.0/( 1668): health@2.0/backup: Hal starting main loop...
06-22 07:44:10.520 I/health@2.0/( 1668): health@2.0/backup Hal is starting up...
06-22 07:44:10.520 I/hwservicemanager( 1568): getTransport: Cannot find entry android.hardware.health@1.0::IHealth/default in either framework or device manifest.
06-22 07:44:10.521 I/ServiceManagement( 1668): Registered android.hardware.health@2.0::IHealth/backup (start delay of 33ms)
06-22 07:44:10.521 I/health@2.0/( 1668): health@2.0/backup: Hal init done
06-22 07:44:10.539 I/ServiceManagement( 1667): Registered android.system.suspend@1.0::ISystemSuspend/default (start delay of 51ms)
06-22 07:44:10.539 I/ServiceManagement( 1667): Removing namespace from process name android.system.suspend@1.0-service to suspend@1.0-service.
06-22 07:44:10.558 I/ServiceManagement( 1670): Registered android.hardware.broadcastradio@1.1::IBroadcastRadioFactory/default (start delay of 60ms)
06-22 07:44:10.558 I/ServiceManagement( 1670): Removing namespace from process name android.hardware.broadcastradio@1.1-service to broadcastradio@1.1-service.
06-22 07:44:10.565 W//vendor/bin/hw/android.hardware.configstore@1.1-service( 1684): Could not find seccomp policy file at: /vendor/etc/seccomp_policy/configstore@1.1.policy
06-22 07:44:10.566 I/ServiceManagement( 1684): Registered android.hardware.configstore@1.1::ISurfaceFlingerConfigs/default (start delay of 48ms)
06-22 07:44:10.566 I/ServiceManagement( 1684): Removing namespace from process name android.hardware.configstore@1.1-service to configstore@1.1-service.
06-22 07:44:10.626 I/qemu-props( 1706): connected to 'boot-properties' qemud service.
06-22 07:44:10.626 I/qemu-props( 1706): receiving..
06-22 07:44:10.626 I/qemu-props( 1706): received: qemu.cmdline=androidboot.logcat=*:V androidboot.consolepipe=qemu_pipe,pipe:logcat
06-22 07:44:10.632 E/GoldfishGatekeeper( 1693): called goldfish_gatekeeper_open with gate keeper 0x7ff19b209050 device 0x7ff19afaf000
06-22 07:44:10.643 I/ServiceManagement( 1693): Registered android.hardware.gatekeeper@1.0::IGatekeeper/default (start delay of 96ms)
06-22 07:44:10.644 I/ServiceManagement( 1693): Removing namespace from process name android.hardware.gatekeeper@1.0-service to gatekeeper@1.0-service.
06-22 07:44:10.644 I/android.hardware.gatekeeper@1.0-service( 1693): Registration complete for android.hardware.gatekeeper@1.0::IGatekeeper/default.
06-22 07:44:10.652 I/ServiceManagement( 1700): Registered android.hardware.sensors@1.0::ISensors/default (start delay of 74ms)
06-22 07:44:10.652 I/ServiceManagement( 1700): Removing namespace from process name android.hardware.sensors@1.0-service to sensors@1.0-service.
06-22 07:44:10.652 I/android.hardware.sensors@1.0-service( 1700): Registration complete for android.hardware.sensors@1.0::ISensors/default.
06-22 07:44:10.660 I/qemu-props( 1706): successfully set property 'qemu.cmdline' to 'androidboot.logcat=*:V androidboot.consolepipe=qemu_pipe,pipe:logcat'
06-22 07:44:10.660 I/qemu-props( 1706): receiving..
06-22 07:44:10.660 I/qemu-props( 1706): received: qemu.logcat=start
06-22 07:44:10.663 I/android.hardware.power@1.1-service.ranchu( 1699): Power HAL Service 1.1 for Ranchu is starting.
06-22 07:44:10.663 I/ServiceManagement( 1699): Registered android.hardware.power@1.1::IPower/default (start delay of 86ms)
06-22 07:44:10.663 I/ServiceManagement( 1699): Removing namespace from process name android.hardware.power@1.1-service.ranchu to power@1.1-service.ranchu.
06-22 07:44:10.663 I/android.hardware.power@1.1-service.ranchu( 1699): Power Service is ready
06-22 07:44:10.669 I/health@2.0/( 1698): health@2.0/default: Hal starting main loop...
06-22 07:44:10.669 I/health@2.0/( 1698): health@2.0/default Hal is starting up...
06-22 07:44:10.670 I/ServiceManagement( 1698): Registered android.hardware.health@2.0::IHealth/default (start delay of 102ms)
06-22 07:44:10.670 I/ServiceManagement( 1698): Removing namespace from process name android.hardware.health@2.0-service.goldfish to health@2.0-service.goldfish.
06-22 07:44:10.670 I/health@2.0/( 1698): health@2.0/default: Hal init done
06-22 07:44:10.675 I/qemu-props( 1706): successfully set property 'vendor.qemu.logcat' to 'start'
06-22 07:44:10.675 I/qemu-props( 1706): receiving..
06-22 07:44:10.675 I/qemu-props( 1706): received: ro.opengles.version=196608
06-22 07:44:10.676 I/qemu-props( 1706): receiving..
06-22 07:44:10.676 I/qemu-props( 1706): received: qemu.sf.fake_camera=none
06-22 07:44:10.684 I/android.hardware.thermal@2.0-service-mock( 1701): Thermal HAL Service Mock 2.0 starting...
06-22 07:44:10.685 I/ServiceManagement( 1701): Registered android.hardware.thermal@2.0::IThermal/default (start delay of 97ms)
06-22 07:44:10.685 I/ServiceManagement( 1701): Removing namespace from process name android.hardware.thermal@2.0-service.mock to thermal@2.0-service.mock.
06-22 07:44:10.685 I/android.hardware.thermal@2.0-service-mock( 1701): Thermal Service started successfully.
06-22 07:44:10.696 D/HostConnection( 1695): createUnique: call
06-22 07:44:10.697 D/HostConnection( 1695): HostConnection::get() New Host Connection established 0x78eabea1c0a0, tid 1695
06-22 07:44:10.697 I/ServiceManagement( 1695): Registered android.hardware.graphics.allocator@2.0::IAllocator/default (start delay of 139ms)
06-22 07:44:10.698 I/ServiceManagement( 1695): Removing namespace from process name android.hardware.graphics.allocator@2.0-service to allocator@2.0-service.
06-22 07:44:10.698 I/android.hardware.graphics.allocator@2.0-service( 1695): Registration complete for android.hardware.graphics.allocator@2.0::IAllocator/default.
06-22 07:44:10.714 I/qemu-props( 1706): successfully set property 'vendor.qemu.sf.fake_camera' to 'none'
06-22 07:44:10.714 I/qemu-props( 1706): receiving..
06-22 07:44:10.714 I/qemu-props( 1706): received: dalvik.vm.heapsize=512m
06-22 07:44:10.715 I/qemu-props( 1706): receiving..
06-22 07:44:10.715 I/qemu-props( 1706): received: qemu.hw.mainkeys=1
06-22 07:44:10.716 I/qemu-props( 1706): successfully set property 'qemu.hw.mainkeys' to '1'
06-22 07:44:10.716 I/qemu-props( 1706): receiving..
06-22 07:44:10.716 I/qemu-props( 1706): received: qemu.sf.lcd_density=160
06-22 07:44:10.717 I/qemu-props( 1706): successfully set property 'vendor.qemu.sf.lcd_density' to '160'
06-22 07:44:10.717 I/qemu-props( 1706): receiving..
06-22 07:44:10.717 I/qemu-props( 1706): received: qemu.timezone=Etc/UTC
06-22 07:44:10.719 I/qemu-props( 1706): successfully set property 'vendor.qemu.timezone' to 'Etc/UTC'
06-22 07:44:10.719 I/qemu-props( 1706): receiving..
06-22 07:44:10.726 I/lowmemorykiller( 1718): Using psi monitors for memory pressure detection
06-22 07:44:10.738 I/ServiceManagement( 1694): Registered android.hardware.gnss@1.0::IGnss/default (start delay of 190ms)
06-22 07:44:10.738 I/ServiceManagement( 1694): Removing namespace from process name android.hardware.gnss@1.0-service to gnss@1.0-service.
06-22 07:44:10.738 I/android.hardware.gnss@1.0-service( 1694): Registration complete for android.hardware.gnss@1.0::IGnss/default.
06-22 07:44:10.747 I/ServiceManagement( 1690): Registered android.hardware.drm@1.2::IDrmFactory/clearkey (start delay of 209ms)
06-22 07:44:10.747 I/ServiceManagement( 1690): Removing namespace from process name android.hardware.drm@1.2-service.clearkey to drm@1.2-service.clearkey.
06-22 07:44:10.747 I/ServiceManagement( 1690): Registered android.hardware.drm@1.2::ICryptoFactory/clearkey (start delay of 210ms)
06-22 07:44:10.747 I/ServiceManagement( 1690): Removing namespace from process name android.hardware.drm@1.2-service.clearkey to drm@1.2-service.clearkey.
06-22 07:44:10.768 D/HostConnection( 1696): createUnique: call
06-22 07:44:10.768 D/HostConnection( 1696): HostConnection::get() New Host Connection established 0x7687aa821140, tid 1696
06-22 07:44:10.775 D/HostConnection( 1696): HostComposition ext ANDROID_EMU_CHECKSUM_HELPER_v1 ANDROID_EMU_native_sync_v2 ANDROID_EMU_dma_v1 ANDROID_EMU_direct_mem ANDROID_EMU_host_composition_v1 ANDROID_EMU_host_composition_v2 ANDROID_EMU_vulkan ANDROID_EMU_deferred_vulkan_commands ANDROID_EMU_vulkan_null_optional_strings ANDROID_EMU_vulkan_create_resources_with_requirements ANDROID_EMU_YUV_Cache ANDROID_EMU_vulkan_ignored_handles ANDROID_EMU_vulkan_free_memory_sync ANDROID_EMU_vulkan_shader_float16_int8 ANDROID_EMU_vulkan_async_queue_submit ANDROID_EMU_sync_buffer_data ANDROID_EMU_vulkan_async_qsri ANDROID_EMU_hwc_color_transform GL_OES_EGL_image_external_essl3 GL_OES_vertex_array_object GL_KHR_texture_compression_astc_ldr ANDROID_EMU_host_side_tracing ANDROID_EMU_gles_max_version_3_0 
06-22 07:44:10.776 I/hwservicemanager( 1568): getTransport: Cannot find entry android.hardware.graphics.mapper@3.0::IMapper/default in either framework or device manifest.
06-22 07:44:10.776 W/Gralloc3( 1696): mapper 3.x is not supported
06-22 07:44:10.779 I/hwservicemanager( 1568): getTransport: Cannot find entry android.hardware.graphics.allocator@3.0::IAllocator/default in either framework or device manifest.
06-22 07:44:10.779 W/Gralloc3( 1696): allocator 3.x is not supported
06-22 07:44:10.780 D/HostConnection( 1695): HostComposition ext ANDROID_EMU_CHECKSUM_HELPER_v1 ANDROID_EMU_native_sync_v2 ANDROID_EMU_dma_v1 ANDROID_EMU_direct_mem ANDROID_EMU_host_composition_v1 ANDROID_EMU_host_composition_v2 ANDROID_EMU_vulkan ANDROID_EMU_deferred_vulkan_commands ANDROID_EMU_vulkan_null_optional_strings ANDROID_EMU_vulkan_create_resources_with_requirements ANDROID_EMU_YUV_Cache ANDROID_EMU_vulkan_ignored_handles ANDROID_EMU_vulkan_free_memory_sync ANDROID_EMU_vulkan_shader_float16_int8 ANDROID_EMU_vulkan_async_queue_submit ANDROID_EMU_sync_buffer_data ANDROID_EMU_vulkan_async_qsri ANDROID_EMU_hwc_color_transform GL_OES_EGL_image_external_essl3 GL_OES_vertex_array_object GL_KHR_texture_compression_astc_ldr ANDROID_EMU_host_side_tracing ANDROID_EMU_gles_max_version_3_0 
06-22 07:44:10.780 D/gralloc_ranchu( 1695): gralloc_alloc: Creating ashmem region of size 823296
06-22 07:44:10.781 D/eglCodecCommon( 1695): allocate: Ask for block of size 0x1000
06-22 07:44:10.781 D/eglCodecCommon( 1695): allocate: ioctl allocate returned offset 0x3ffffe000 size 0x2000
06-22 07:44:10.781 D/HostConnection( 1696): createUnique: call
06-22 07:44:10.782 D/HostConnection( 1696): HostConnection::get() New Host Connection established 0x7687aa8213c0, tid 1696
06-22 07:44:10.782 D/HostConnection( 1696): HostComposition ext ANDROID_EMU_CHECKSUM_HELPER_v1 ANDROID_EMU_native_sync_v2 ANDROID_EMU_dma_v1 ANDROID_EMU_direct_mem ANDROID_EMU_host_composition_v1 ANDROID_EMU_host_composition_v2 ANDROID_EMU_vulkan ANDROID_EMU_deferred_vulkan_commands ANDROID_EMU_vulkan_null_optional_strings ANDROID_EMU_vulkan_create_resources_with_requirements ANDROID_EMU_YUV_Cache ANDROID_EMU_vulkan_ignored_handles ANDROID_EMU_vulkan_free_memory_sync ANDROID_EMU_vulkan_shader_float16_int8 ANDROID_EMU_vulkan_async_queue_submit ANDROID_EMU_sync_buffer_data ANDROID_EMU_vulkan_async_qsri ANDROID_EMU_hwc_color_transform GL_OES_EGL_image_external_essl3 GL_OES_vertex_array_object GL_KHR_texture_compression_astc_ldr ANDROID_EMU_host_side_tracing ANDROID_EMU_gles_max_version_3_0 
06-22 07:44:10.782 D/eglCodecCommon( 1696): allocate: Ask for block of size 0x1000
06-22 07:44:10.783 D/eglCodecCommon( 1696): allocate: ioctl allocate returned offset 0x3ffffc000 size 0x2000
06-22 07:44:10.783 I/ServiceManagement( 1696): Registered android.hardware.graphics.composer@2.1::IComposer/default (start delay of 225ms)
06-22 07:44:10.783 I/ServiceManagement( 1696): Removing namespace from process name android.hardware.graphics.composer@2.1-service to composer@2.1-service.
06-22 07:44:10.783 I/android.hardware.graphics.composer@2.1-service( 1696): Registration complete for android.hardware.graphics.composer@2.1::IComposer/default.
06-22 07:44:10.808 I/android.hardware.camera.provider@2.4-service( 1671): CameraProvider@2.4 legacy service is starting.
06-22 07:44:10.809 I/ServiceManagement( 1672): Registered android.hardware.cas@1.1::IMediaCasService/default (start delay of 301ms)
06-22 07:44:10.809 I/ServiceManagement( 1672): Removing namespace from process name android.hardware.cas@1.1-service to cas@1.1-service.
06-22 07:44:10.838 I/ServiceManagement( 1691): Registered android.hardware.drm@1.2::IDrmFactory/widevine (start delay of 290ms)
06-22 07:44:10.838 I/ServiceManagement( 1691): Removing namespace from process name android.hardware.drm@1.2-service.widevine to drm@1.2-service.widevine.
06-22 07:44:10.839 I/ServiceManagement( 1691): Registered android.hardware.drm@1.2::ICryptoFactory/widevine (start delay of 291ms)
06-22 07:44:10.839 I/ServiceManagement( 1691): Removing namespace from process name android.hardware.drm@1.2-service.widevine to drm@1.2-service.widevine.
06-22 07:44:10.884 I/ServiceManagement( 1685): Registered android.hardware.drm@1.0::IDrmFactory/default (start delay of 366ms)
06-22 07:44:10.884 I/ServiceManagement( 1685): Removing namespace from process name android.hardware.drm@1.0-service to drm@1.0-service.
06-22 07:44:10.884 I/        ( 1685): Registration complete for android.hardware.drm@1.0::IDrmFactory/default.
06-22 07:44:10.885 I/ServiceManagement( 1685): Registered android.hardware.drm@1.0::ICryptoFactory/default (start delay of 367ms)
06-22 07:44:10.885 I/ServiceManagement( 1685): Removing namespace from process name android.hardware.drm@1.0-service to drm@1.0-service.
06-22 07:44:10.885 I/        ( 1685): Registration complete for android.hardware.drm@1.0::ICryptoFactory/default.
06-22 07:44:10.888 D/LibBpfLoader( 1750): Loading ELF object /system/etc/bpf/clatd.o with license Apache 2.0
06-22 07:44:10.889 D/LibBpfLoader( 1750): Loaded code section 3 (schedcls_ingress_clat_ether)
06-22 07:44:10.889 D/LibBpfLoader( 1750): Loaded relo section 3 (.relschedcls/ingress/clat_ether)
06-22 07:44:10.889 D/LibBpfLoader( 1750): Adding section 3 to cs list
06-22 07:44:10.889 D/LibBpfLoader( 1750): Loaded code section 5 (schedcls_ingress_clat_rawip)
06-22 07:44:10.889 D/LibBpfLoader( 1750): Loaded relo section 5 (.relschedcls/ingress/clat_rawip)
06-22 07:44:10.889 D/LibBpfLoader( 1750): Adding section 5 to cs list
06-22 07:44:10.889 D/LibBpfLoader( 1750): bpf_create_map name clat_ingress_map, ret: 6
06-22 07:44:10.889 D/LibBpfLoader( 1750): map_fd found at 0 is 6 in /system/etc/bpf/clatd.o
06-22 07:44:10.889 D/LibBpfLoader( 1750): applying relo to instruction at byte offset: 400, 	       insn offset 50 , insn 118
06-22 07:44:10.889 D/LibBpfLoader( 1750): applying relo to instruction at byte offset: 360, 	       insn offset 45 , insn 118
06-22 07:44:10.890 D/LibBpfLoader( 1750): New bpf core prog_load for /system/etc/bpf/clatd.o (schedcls_ingress_clat_ether) returned: 7
06-22 07:44:10.890 D/LibBpfLoader( 1750): New bpf core prog_load for /system/etc/bpf/clatd.o (schedcls_ingress_clat_rawip) returned: 8
06-22 07:44:10.890 I/bpfloader( 1750): Attempted load object: /system/etc/bpf/clatd.o, ret: Success
06-22 07:44:10.904 D/LibBpfLoader( 1750): Loading ELF object /system/etc/bpf/netd.o with license Apache 2.0
06-22 07:44:10.904 D/LibBpfLoader( 1750): Loaded code section 3 (cgroupskb_ingress_stats)
06-22 07:44:10.904 D/LibBpfLoader( 1750): Loaded relo section 3 (.relcgroupskb/ingress/stats)
06-22 07:44:10.904 D/LibBpfLoader( 1750): Adding section 3 to cs list
06-22 07:44:10.905 D/LibBpfLoader( 1750): Loaded code section 5 (cgroupskb_egress_stats)
06-22 07:44:10.905 D/LibBpfLoader( 1750): Loaded relo section 5 (.relcgroupskb/egress/stats)
06-22 07:44:10.905 D/LibBpfLoader( 1750): Adding section 5 to cs list
06-22 07:44:10.905 D/LibBpfLoader( 1750): Loaded code section 7 (skfilter_egress_xtbpf)
06-22 07:44:10.905 D/LibBpfLoader( 1750): Loaded relo section 7 (.relskfilter/egress/xtbpf)
06-22 07:44:10.905 D/LibBpfLoader( 1750): Adding section 7 to cs list
06-22 07:44:10.905 D/LibBpfLoader( 1750): Loaded code section 9 (skfilter_ingress_xtbpf)
06-22 07:44:10.905 D/LibBpfLoader( 1750): Loaded relo section 9 (.relskfilter/ingress/xtbpf)
06-22 07:44:10.905 D/LibBpfLoader( 1750): Adding section 9 to cs list
06-22 07:44:10.905 D/LibBpfLoader( 1750): Loaded code section 11 (skfilter_whitelist_xtbpf)
06-22 07:44:10.905 D/LibBpfLoader( 1750): Loaded relo section 11 (.relskfilter/whitelist/xtbpf)
06-22 07:44:10.905 D/LibBpfLoader( 1750): Adding section 11 to cs list
06-22 07:44:10.905 D/LibBpfLoader( 1750): Loaded code section 13 (skfilter_blacklist_xtbpf)
06-22 07:44:10.905 D/LibBpfLoader( 1750): Loaded relo section 13 (.relskfilter/blacklist/xtbpf)
06-22 07:44:10.905 D/LibBpfLoader( 1750): Adding section 13 to cs list
06-22 07:44:10.905 D/LibBpfLoader( 1750): Loaded code section 15 (cgroupsock_inet_create)
06-22 07:44:10.905 D/LibBpfLoader( 1750): Loaded relo section 15 (.relcgroupsock/inet/create)
06-22 07:44:10.905 D/LibBpfLoader( 1750): Adding section 15 to cs list
06-22 07:44:10.906 D/LibBpfLoader( 1750): bpf_create_map name cookie_tag_map, ret: 9
06-22 07:44:10.906 D/LibBpfLoader( 1750): bpf_create_map name uid_counterset_map, ret: 10
06-22 07:44:10.906 D/LibBpfLoader( 1750): bpf_create_map name app_uid_stats_map, ret: 11
06-22 07:44:10.907 D/LibBpfLoader( 1750): bpf_create_map name stats_map_A, ret: 12
06-22 07:44:10.907 D/LibBpfLoader( 1750): bpf_create_map name stats_map_B, ret: 13
06-22 07:44:10.907 D/LibBpfLoader( 1750): bpf_create_map name iface_stats_map, ret: 14
06-22 07:44:10.907 D/LibBpfLoader( 1750): bpf_create_map name configuration_map, ret: 15
06-22 07:44:10.907 D/LibBpfLoader( 1750): bpf_create_map name uid_owner_map, ret: 16
06-22 07:44:10.907 D/LibBpfLoader( 1750): bpf_create_map name iface_index_name_map, ret: 17
06-22 07:44:10.907 D/LibBpfLoader( 1750): bpf_create_map name uid_permission_map, ret: 18
06-22 07:44:10.907 D/LibBpfLoader( 1750): map_fd found at 0 is 9 in /system/etc/bpf/netd.o
06-22 07:44:10.907 D/LibBpfLoader( 1750): map_fd found at 1 is 10 in /system/etc/bpf/netd.o
06-22 07:44:10.907 D/LibBpfLoader( 1750): map_fd found at 2 is 11 in /system/etc/bpf/netd.o
06-22 07:44:10.907 D/LibBpfLoader( 1750): map_fd found at 3 is 12 in /system/etc/bpf/netd.o
06-22 07:44:10.907 D/LibBpfLoader( 1750): map_fd found at 4 is 13 in /system/etc/bpf/netd.o
06-22 07:44:10.907 D/LibBpfLoader( 1750): map_fd found at 5 is 14 in /system/etc/bpf/netd.o
06-22 07:44:10.907 D/LibBpfLoader( 1750): map_fd found at 6 is 15 in /system/etc/bpf/netd.o
06-22 07:44:10.907 D/LibBpfLoader( 1750): map_fd found at 7 is 16 in /system/etc/bpf/netd.o
06-22 07:44:10.907 D/LibBpfLoader( 1750): map_fd found at 8 is 17 in /system/etc/bpf/netd.o
06-22 07:44:10.909 D/LibBpfLoader( 1750): map_fd found at 9 is 18 in /system/etc/bpf/netd.o
06-22 07:44:10.909 D/LibBpfLoader( 1750): applying relo to instruction at byte offset: 616, 	       insn offset 77 , insn 118
06-22 07:44:10.909 D/LibBpfLoader( 1750): applying relo to instruction at byte offset: 688, 	       insn offset 86 , insn 118
06-22 07:44:10.909 D/LibBpfLoader( 1750): applying relo to instruction at byte offset: 1040, 	       insn offset 130 , insn 118
06-22 07:44:10.909 D/LibBpfLoader( 1750): applying relo to instruction at byte offset: 1184, 	       insn offset 148 , insn 118
06-22 07:44:10.909 D/LibBpfLoader( 1750): applying relo to instruction at byte offset: 1264, 	       insn offset 158 , insn 118
06-22 07:44:10.909 D/LibBpfLoader( 1750): applying relo to instruction at byte offset: 1368, 	       insn offset 171 , insn 118
06-22 07:44:10.913 D/LibBpfLoader( 1750): applying relo to instruction at byte offset: 1472, 	       insn offset 184 , insn 118
06-22 07:44:10.913 D/LibBpfLoader( 1750): applying relo to instruction at byte offset: 1512, 	       insn offset 189 , insn 118
06-22 07:44:10.913 D/LibBpfLoader( 1750): applying relo to instruction at byte offset: 1576, 	       insn offset 197 , insn 118
06-22 07:44:10.913 D/LibBpfLoader( 1750): applying relo to instruction at byte offset: 1680, 	       insn offset 210 , insn 118
06-22 07:44:10.913 D/LibBpfLoader( 1750): applying relo to instruction at byte offset: 1720, 	       insn offset 215 , insn 118
06-22 07:44:10.913 D/LibBpfLoader( 1750): applying relo to instruction at byte offset: 1848, 	       insn offset 231 , insn 118
06-22 07:44:10.913 D/LibBpfLoader( 1750): applying relo to instruction at byte offset: 1952, 	       insn offset 244 , insn 118
06-22 07:44:10.913 D/LibBpfLoader( 1750): applying relo to instruction at byte offset: 1992, 	       insn offset 249 , insn 118
06-22 07:44:10.913 D/LibBpfLoader( 1750): applying relo to instruction at byte offset: 2056, 	       insn offset 257 , insn 118
06-22 07:44:10.913 D/LibBpfLoader( 1750): applying relo to instruction at byte offset: 2160, 	       insn offset 270 , insn 118
06-22 07:44:10.913 D/LibBpfLoader( 1750): applying relo to instruction at byte offset: 2200, 	       insn offset 275 , insn 118
06-22 07:44:10.913 D/LibBpfLoader( 1750): applying relo to instruction at byte offset: 2288, 	       insn offset 286 , insn 118
06-22 07:44:10.913 D/LibBpfLoader( 1750): applying relo to instruction at byte offset: 2392, 	       insn offset 299 , insn 118
06-22 07:44:10.913 D/LibBpfLoader( 1750): applying relo to instruction at byte offset: 2432, 	       insn offset 304 , insn 118
06-22 07:44:10.913 D/LibBpfLoader( 1750): applying relo to instruction at byte offset: 608, 	       insn offset 76 , insn 118
06-22 07:44:10.913 D/LibBpfLoader( 1750): applying relo to instruction at byte offset: 680, 	       insn offset 85 , insn 118
06-22 07:44:10.913 D/LibBpfLoader( 1750): applying relo to instruction at byte offset: 904, 	       insn offset 113 , insn 118
06-22 07:44:10.913 D/LibBpfLoader( 1750): applying relo to instruction at byte offset: 1048, 	       insn offset 131 , insn 118
06-22 07:44:10.913 D/LibBpfLoader( 1750): applying relo to instruction at byte offset: 1128, 	       insn offset 141 , insn 118
06-22 07:44:10.913 D/LibBpfLoader( 1750): applying relo to instruction at byte offset: 1232, 	       insn offset 154 , insn 118
06-22 07:44:10.913 D/LibBpfLoader( 1750): applying relo to instruction at byte offset: 1336, 	       insn offset 167 , insn 118
06-22 07:44:10.913 D/LibBpfLoader( 1750): applying relo to instruction at byte offset: 1376, 	       insn offset 172 , insn 118
06-22 07:44:10.913 D/LibBpfLoader( 1750): applying relo to instruction at byte offset: 1440, 	       insn offset 180 , insn 118
06-22 07:44:10.914 D/LibBpfLoader( 1750): applying relo to instruction at byte offset: 1544, 	       insn offset 193 , insn 118
06-22 07:44:10.914 D/LibBpfLoader( 1750): applying relo to instruction at byte offset: 1584, 	       insn offset 198 , insn 118
06-22 07:44:10.914 D/LibBpfLoader( 1750): applying relo to instruction at byte offset: 1712, 	       insn offset 214 , insn 118
06-22 07:44:10.914 D/LibBpfLoader( 1750): applying relo to instruction at byte offset: 1816, 	       insn offset 227 , insn 118
06-22 07:44:10.914 D/LibBpfLoader( 1750): applying relo to instruction at byte offset: 1856, 	       insn offset 232 , insn 118
06-22 07:44:10.914 D/LibBpfLoader( 1750): applying relo to instruction at byte offset: 1920, 	       insn offset 240 , insn 118
06-22 07:44:10.914 D/LibBpfLoader( 1750): applying relo to instruction at byte offset: 2024, 	       insn offset 253 , insn 118
06-22 07:44:10.914 D/LibBpfLoader( 1750): applying relo to instruction at byte offset: 2064, 	       insn offset 258 , insn 118
06-22 07:44:10.914 D/LibBpfLoader( 1750): applying relo to instruction at byte offset: 2152, 	       insn offset 269 , insn 118
06-22 07:44:10.914 D/LibBpfLoader( 1750): applying relo to instruction at byte offset: 2256, 	       insn offset 282 , insn 118
06-22 07:44:10.914 D/LibBpfLoader( 1750): applying relo to instruction at byte offset: 2296, 	       insn offset 287 , insn 118
06-22 07:44:10.914 D/LibBpfLoader( 1750): applying relo to instruction at byte offset: 40, 	       insn offset 5 , insn 118
06-22 07:44:10.914 D/LibBpfLoader( 1750): applying relo to instruction at byte offset: 144, 	       insn offset 18 , insn 118
06-22 07:44:10.914 D/LibBpfLoader( 1750): applying relo to instruction at byte offset: 184, 	       insn offset 23 , insn 118
06-22 07:44:10.914 D/LibBpfLoader( 1750): applying relo to instruction at byte offset: 40, 	       insn offset 5 , insn 118
06-22 07:44:10.914 D/LibBpfLoader( 1750): applying relo to instruction at byte offset: 144, 	       insn offset 18 , insn 118
06-22 07:44:10.914 D/LibBpfLoader( 1750): applying relo to instruction at byte offset: 184, 	       insn offset 23 , insn 118
06-22 07:44:10.914 D/LibBpfLoader( 1750): applying relo to instruction at byte offset: 80, 	       insn offset 10 , insn 118
06-22 07:44:10.914 D/LibBpfLoader( 1750): applying relo to instruction at byte offset: 32, 	       insn offset 4 , insn 118
06-22 07:44:10.914 D/LibBpfLoader( 1750): applying relo to instruction at byte offset: 80, 	       insn offset 10 , insn 118
06-22 07:44:10.915 D/LibBpfLoader( 1750): New bpf core prog_load for /system/etc/bpf/netd.o (cgroupskb_ingress_stats) returned: 19
06-22 07:44:10.915 I/perfetto( 1747): probes.cc:56 Starting /system/bin/traced_probes service
06-22 07:44:10.916 D/LibBpfLoader( 1750): New bpf core prog_load for /system/etc/bpf/netd.o (cgroupskb_egress_stats) returned: 20
06-22 07:44:10.916 D/LibBpfLoader( 1750): New bpf core prog_load for /system/etc/bpf/netd.o (skfilter_egress_xtbpf) returned: 21
06-22 07:44:10.916 D/LibBpfLoader( 1750): New bpf core prog_load for /system/etc/bpf/netd.o (skfilter_ingress_xtbpf) returned: 22
06-22 07:44:10.917 D/LibBpfLoader( 1750): New bpf core prog_load for /system/etc/bpf/netd.o (skfilter_whitelist_xtbpf) returned: 23
06-22 07:44:10.917 D/LibBpfLoader( 1750): New bpf core prog_load for /system/etc/bpf/netd.o (skfilter_blacklist_xtbpf) returned: 24
06-22 07:44:10.917 D/LibBpfLoader( 1750): New bpf core prog_load for /system/etc/bpf/netd.o (cgroupsock_inet_create) returned: 25
06-22 07:44:10.918 I/bpfloader( 1750): Attempted load object: /system/etc/bpf/netd.o, ret: Success
06-22 07:44:10.937 W/perfetto( 1745): service.cc:65 Started traced, listening on /dev/socket/traced_producer /dev/socket/traced_consumer
06-22 07:44:10.938 I/installd( 1755): installd firing up
06-22 07:44:10.938 E/cutils  ( 1755): Failed to read /data/.layout_version: No such file or directory
06-22 07:44:10.938 D/installd( 1755): Assuming that device has multi-user storage layout; upgrade no longer supported
06-22 07:44:10.938 D/installd( 1755): Upgrading to /data/misc/user directories
06-22 07:44:10.940 I/adbd    ( 1743): opening control endpoint /dev/usb-ffs/adb/ep0
06-22 07:44:10.943 I/perfetto( 1747): probes_producer.cc:88 Connected to the service
06-22 07:44:10.948 I/android.hardware.wifi@1.0-service( 1702): Wifi Hal is booting up...
06-22 07:44:10.948 I/ServiceManagement( 1702): Registered android.hardware.wifi@1.3::IWifi/default (start delay of 361ms)
06-22 07:44:10.948 I/ServiceManagement( 1702): Removing namespace from process name android.hardware.wifi@1.0-service to wifi@1.0-service.
06-22 07:44:10.999 D/TetherController( 1661): Setting IP forward enable = 0
06-22 07:44:11.000 D/FirewallController( 1661): Could not read /proc/self/uid_map, max uid defaulting to 4294967294
06-22 07:44:11.025 I/adbd    ( 1743): UsbFfsConnection constructed
06-22 07:44:11.092 I//system/bin/tombstoned( 1776): tombstoned successfully initialized
06-22 07:44:11.110 D/android.hardware.biometrics.fingerprint@2.1-service( 1778): Opening fingerprint hal library...
06-22 07:44:11.111 D/FingerprintHal( 1778): ----------------> fingerprint_open ----------------->
06-22 07:44:11.111 D/FingerprintHal( 1778): ----------------> set_notify_callback ----------------->
06-22 07:44:11.111 D/FingerprintHal( 1778): fingerprint callback notification set
06-22 07:44:11.111 I/ServiceManagement( 1778): Registered android.hardware.biometrics.fingerprint@2.1::IBiometricsFingerprint/default (start delay of 124ms)
06-22 07:44:11.111 I/ServiceManagement( 1778): Removing namespace from process name android.hardware.biometrics.fingerprint@2.1-service to fingerprint@2.1-service.
06-22 07:44:11.116 I/livelock( 1784): started
06-22 07:44:11.116 W/livelock( 1784): [khungtaskd] not configurable
06-22 07:44:11.118 I/livelock( 1784): ro.config.low_ram=false
06-22 07:44:11.118 I/livelock( 1784): ro.llk.sysrq_t=true
06-22 07:44:11.118 I/livelock( 1784): ro.llk.enable=true
06-22 07:44:11.118 I/livelock( 1784): ro.khungtask.enable=true
06-22 07:44:11.118 I/livelock( 1784): ro.llk.mlockall=true
06-22 07:44:11.118 I/livelock( 1784): ro.llk.killtest=true
06-22 07:44:11.118 I/livelock( 1784): ro.khungtask.timeout=720s
06-22 07:44:11.118 I/livelock( 1784): ro.llk.timeout_ms=600.000s
06-22 07:44:11.118 I/livelock( 1784): ro.llk.D.timeout_ms=600.000s
06-22 07:44:11.118 I/livelock( 1784): ro.llk.Z.timeout_ms=600.000s
06-22 07:44:11.118 I/livelock( 1784): ro.llk.stack.timeout_ms=600.000s
06-22 07:44:11.118 I/livelock( 1784): ro.llk.check_ms=120.000s
06-22 07:44:11.118 I/livelock( 1784): ro.llk.stack=wait_on_page_bit_killable,bit_wait_io,__get_user_pages,cma_alloc
06-22 07:44:11.118 I/livelock( 1784): ro.llk.blacklist.process.stack=llkd,lmkd.llkd,apexd,ueventd,keystore,init
06-22 07:44:11.118 I/livelock( 1784): ro.llk.blacklist.process=[watchdog/1],[watchdogd/0],2,[watchdogd],watchdogd,llkd,lmkd,[khungtaskd],[kthreadd],init,1784,1,0
06-22 07:44:11.118 I/livelock( 1784): ro.llk.blacklist.parent=[kthreadd],2,0,adbd&[setsid]
06-22 07:44:11.118 I/livelock( 1784): ro.llk.blacklist.uid=
06-22 07:44:11.122 I/hwservicemanager( 1568): getTransport: Cannot find entry android.hardware.usb.gadget@1.0::IUsbGadget/default in either framework or device manifest.
06-22 07:44:11.122 I/usbd    ( 1777): Usb HAL not found
06-22 07:44:11.124 D/FingerprintHal( 1778): ----------------> listenerFunction ----------------->
06-22 07:44:11.132 I/wificond( 1771): wificond is starting up...
06-22 07:44:11.157 I/netd    ( 1661): Creating child chains: 155.0ms
06-22 07:44:11.157 I/netd    ( 1661): Setting up OEM hooks: 0.1ms
06-22 07:44:11.157 I/netd    ( 1661): Setting up FirewallController hooks: 0.1ms
06-22 07:44:11.158 I/netd    ( 1661): Setting up TetherController hooks: 0.6ms
06-22 07:44:11.158 I/netd    ( 1661): Setting up BandwidthController hooks: 0.4ms
06-22 07:44:11.158 I/netd    ( 1661): Setting up IdletimerController hooks: 0.1ms
06-22 07:44:11.160 E/netmgr  ( 1782): Failed to open QEMU pipe 'qemud:network': Invalid argument
06-22 07:44:11.181 E/hostapd ( 1794): Configuration file: /data/vendor/wifi/hostapd/hostapd.conf
06-22 07:44:11.182 I/gatekeeperd( 1775): Starting gatekeeperd...
06-22 07:44:11.182 I/hostapd ( 1794): rfkill: Cannot get wiphy information
06-22 07:44:11.198 I/hostapd ( 1794): wlan1: interface state UNINITIALIZED->COUNTRY_UPDATE
06-22 07:44:11.208 I/ServiceManagement( 1766): Registered android.frameworks.stats@1.0::IStats/default (start delay of 290ms)
06-22 07:44:11.208 W/statsd  ( 1766): statscompanion service unavailable!
06-22 07:44:11.208 I/statsd  ( 1766): Statsd starts to listen to socket.
06-22 07:44:11.213 E/wifi_forwarder( 1785): RemoteConnection failed to initialize: RemoteConnection failed to open pipe
06-22 07:44:11.248 I/ServiceManager( 1768): Waiting for service 'package_native' on '/dev/binder'...
06-22 07:44:11.256 I/SurfaceFlinger( 1719): Using HWComposer service: 'default'
06-22 07:44:11.256 I/SurfaceFlinger( 1719): SurfaceFlinger is starting
06-22 07:44:11.256 I/hwservicemanager( 1568): getTransport: Cannot find entry android.hardware.configstore@1.1::ISurfaceFlingerConfigs/default in either framework or device manifest.
06-22 07:44:11.256 I/SurfaceFlinger( 1719): Treble testing override: 'false'
06-22 07:44:11.256 I/SurfaceFlinger( 1719): SurfaceFlinger's main thread ready to run. Initializing graphics H/W...
06-22 07:44:11.256 I/SurfaceFlinger( 1719): Phase offset NS: 1000000
06-22 07:44:11.257 W/SurfaceFlinger( 1719): Ignoring VSYNC request while display is disconnected
06-22 07:44:11.257 W/SurfaceFlinger( 1719): Ignoring VSYNC request while display is disconnected
