06-22 07:44:14.855 I/InputReader( 1915): Touch device 'virtio_input_multi_touch_4' could not query the properties of its associated display.  The device will be inoperable until the display size becomes available.
06-22 07:44:14.855 I/InputReader( 1915): Touch device 'virtio_input_multi_touch_8' could not query the properties of its associated display.  The device will be inoperable until the display size becomes available.
06-22 07:44:14.855 I/InputReader( 1915): Touch device 'virtio_input_multi_touch_9' could not query the properties of its associated display.  The device will be inoperable until the display size becomes available.
06-22 07:44:14.861 D/StorageManagerService( 1915): Thinking about init, mBootCompleted=false, mDaemonConnected=true
06-22 07:44:14.862 D/StorageManagerService( 1915): Thinking about reset, mBootCompleted=false, mDaemonConnected=true
06-22 07:44:14.862 D/SystemServerTiming( 1915): StartStorageManagerService took to complete: 9ms
06-22 07:44:14.862 I/SystemServer( 1915): StartStorageStatsService
06-22 07:44:14.861 W/Zygote  ( 1663): Class not found for preloading: android.bluetooth.BluetoothA2dp$2
06-22 07:44:14.862 I/SystemServiceManager( 1915): Starting com.android.server.usage.StorageStatsService$Lifecycle
06-22 07:44:14.863 D/installd( 1755): Found quota mount /dev/block/vdc at /data
06-22 07:44:14.864 D/SystemServerTiming( 1915): StartStorageStatsService took to complete: 2ms
06-22 07:44:14.864 I/SystemServer( 1915): StartUiModeManager
06-22 07:44:14.864 I/SystemServiceManager( 1915): Starting com.android.server.UiModeManagerService
06-22 07:44:14.865 D/SystemServerInitThreadPool( 1915): Started executing UiModeManager.onStart
06-22 07:44:14.865 I/ActivityTaskManager( 1915): Config changes=200 {1.0 ?mcc?mnc [en_US] ldltr sw320dp w320dp h616dp 160dpi nrml long port finger qwerty/v/v -nav/h winConfig={ mBounds=Rect(0, 0 - 320, 640) mAppBounds=Rect(0, 0 - 320, 640) mWindowingMode=fullscreen mDisplayWindowingMode=fullscreen mActivityType=undefined mAlwaysOnTop=undefined mRotation=ROTATION_0} s.4}
06-22 07:44:14.866 I/ActivityTaskManager( 1915): Override config changes=200 {1.0 ?mcc?mnc [en_US] ldltr sw320dp w320dp h616dp 160dpi nrml long port finger qwerty/v/v -nav/h winConfig={ mBounds=Rect(0, 0 - 320, 640) mAppBounds=Rect(0, 0 - 320, 640) mWindowingMode=fullscreen mDisplayWindowingMode=fullscreen mActivityType=undefined mAlwaysOnTop=undefined mRotation=ROTATION_0} s.4} for displayId=0
06-22 07:44:14.868 D/SystemServerInitThreadPool( 1915): Finished executing UiModeManager.onStart
06-22 07:44:14.868 D/SystemServerTiming( 1915): StartUiModeManager took to complete: 5ms
06-22 07:44:14.868 I/SystemServer( 1915): UpdatePackagesIfNeeded
06-22 07:44:14.868 I/Watchdog( 1915): Pausing HandlerChecker: main thread for reason: dexopt. Pause count: 1
06-22 07:44:14.863 D/installd( 1755): Found quota mount /dev/block/vdc at /data
06-22 07:44:14.871 I/system_server( 1915): The ClassLoaderContext is a special shared library.
06-22 07:44:14.871 I/PackageBackwardCompatibility( 1663): Could not find android.content.pm.AndroidTestBaseUpdater, ignoring
06-22 07:44:14.873 I/system_server( 1915): The ClassLoaderContext is a special shared library.
06-22 07:44:14.923 I/chatty  ( 1915): uid=1000 system_server identical 18 lines
06-22 07:44:14.925 I/system_server( 1915): The ClassLoaderContext is a special shared library.
06-22 07:44:14.939 E/ActivityRecognitionHardware( 1663): activity_recognition HAL is deprecated. class_init is effectively a no-op
06-22 07:44:14.942 I/system_server( 1915): The ClassLoaderContext is a special shared library.
06-22 07:44:14.964 I/chatty  ( 1915): uid=1000 system_server identical 7 lines
06-22 07:44:14.975 I/system_server( 1915): The ClassLoaderContext is a special shared library.
06-22 07:44:14.975 I/zygote  ( 1663): Thread[1,tid=1663,Native,Thread*=0xf5334e00,peer=0x12d40000,"main"] recursive attempt to load library "libmedia_jni.so"
06-22 07:44:14.976 D/MtpDeviceJNI( 1663): register_android_mtp_MtpDevice
06-22 07:44:14.976 I/zygote  ( 1663): Thread[1,tid=1663,Native,Thread*=0xf5334e00,peer=0x12d40000,"main"] recursive attempt to load library "libmedia_jni.so"
06-22 07:44:14.976 I/zygote  ( 1663): Thread[1,tid=1663,Native,Thread*=0xf5334e00,peer=0x12d40000,"main"] recursive attempt to load library "libmedia_jni.so"
06-22 07:44:14.976 I/system_server( 1915): The ClassLoaderContext is a special shared library.
06-22 07:44:14.977 I/chatty  ( 1915): uid=1000 system_server identical 1 line
06-22 07:44:14.979 I/system_server( 1915): The ClassLoaderContext is a special shared library.
06-22 07:44:14.982 W/Zygote  ( 1663): Class not found for preloading: android.media.audiopolicy.AudioProductStrategies
06-22 07:44:14.982 W/Zygote  ( 1663): Class not found for preloading: android.media.audiopolicy.AudioVolumeGroups
06-22 07:44:14.989 I/system_server( 1915): The ClassLoaderContext is a special shared library.
06-22 07:44:15.075 I/chatty  ( 1915): uid=1000 system_server identical 22 lines
06-22 07:44:15.079 I/system_server( 1915): The ClassLoaderContext is a special shared library.
06-22 07:44:15.081 W/Zygote  ( 1663): Class not found for preloading: android.view.textclassifier.-$$Lambda$TextClassificationManager$JIaezIJbMig_-kVzN6oArzkTsJE
06-22 07:44:15.084 I/system_server( 1915): The ClassLoaderContext is a special shared library.
06-22 07:44:15.085 W/Zygote  ( 1663): Class not found for preloading: com.android.internal.net.NetworkStatsFactory
06-22 07:44:15.085 I/system_server( 1915): The ClassLoaderContext is a special shared library.
06-22 07:44:15.088 I/chatty  ( 1915): uid=1000 system_server identical 1 line
06-22 07:44:15.089 I/system_server( 1915): The ClassLoaderContext is a special shared library.
06-22 07:44:15.090 W/Zygote  ( 1663): Class not found for preloading: com.android.internal.telephony.-$$Lambda$PhoneSubInfoController$8HFbCDJDN1mrLJG980qYH5MGqMk
06-22 07:44:15.090 W/Zygote  ( 1663): Class not found for preloading: com.android.internal.telephony.-$$Lambda$PhoneSubInfoController$U28a_EGx2cvmQhDfRRgonMt5Zrc
06-22 07:44:15.090 W/Zygote  ( 1663): Class not found for preloading: com.android.internal.telephony.-$$Lambda$SubscriptionInfoUpdater$-zZXM9oMRZ3vZz7dJOG19J00Bmw
06-22 07:44:15.090 W/Zygote  ( 1663): Class not found for preloading: com.android.internal.telephony.-$$Lambda$SubscriptionInfoUpdater$D5yF1HbS4cvCyoAj3FESkPtA_0g
06-22 07:44:15.090 W/Zygote  ( 1663): Class not found for preloading: com.android.internal.telephony.-$$Lambda$SubscriptionInfoUpdater$MMx9iQX0JVqqMPLTUZhdBubFSzU
06-22 07:44:15.093 W/Zygote  ( 1663): Class not found for preloading: com.android.internal.telephony.PhoneConfigurationModels
06-22 07:44:15.094 W/Zygote  ( 1663): Class not found for preloading: com.android.internal.telephony.SubscriptionController$ScLocalLog
06-22 07:44:15.095 W/Zygote  ( 1663): Class not found for preloading: com.android.internal.telephony.UiccSmsController
06-22 07:44:15.102 I/system_server( 1915): The ClassLoaderContext is a special shared library.
06-22 07:44:15.111 I/chatty  ( 1915): uid=1000 system_server identical 6 lines
06-22 07:44:15.117 I/system_server( 1915): The ClassLoaderContext is a special shared library.
06-22 07:44:15.120 I/Zygote  ( 1663): ...preloaded 7590 classes in 353ms.
06-22 07:44:15.120 I/zygote  ( 1663): VMRuntime.preloadDexCaches starting
06-22 07:44:15.126 I/system_server( 1915): The ClassLoaderContext is a special shared library.
06-22 07:44:15.134 I/zygote  ( 1663): VMRuntime.preloadDexCaches strings total=378948 before=9925 after=9925
06-22 07:44:15.134 I/zygote  ( 1663): VMRuntime.preloadDexCaches types total=35812 before=7199 after=7467
06-22 07:44:15.134 I/zygote  ( 1663): VMRuntime.preloadDexCaches fields total=160603 before=8020 after=8221
06-22 07:44:15.134 I/zygote  ( 1663): VMRuntime.preloadDexCaches methods total=281511 before=10884 after=11316
06-22 07:44:15.134 I/zygote  ( 1663): VMRuntime.preloadDexCaches finished
06-22 07:44:15.134 D/ZygoteInitTiming_lazy( 1663): PreloadClasses took to complete: 367ms
06-22 07:44:15.135 I/system_server( 1915): The ClassLoaderContext is a special shared library.
06-22 07:44:15.137 I/zygote  ( 1663): The ClassLoaderContext is a special shared library.
06-22 07:44:15.138 I/system_server( 1915): The ClassLoaderContext is a special shared library.
06-22 07:44:15.139 I/chatty  ( 1915): uid=1000 system_server identical 1 line
06-22 07:44:15.139 I/system_server( 1915): The ClassLoaderContext is a special shared library.
06-22 07:44:15.138 D/ApplicationLoaders( 1663): Created zygote-cached class loader: /system/framework/android.hidl.base-V1.0-java.jar
06-22 07:44:15.141 I/zygote  ( 1663): The ClassLoaderContext is a special shared library.
06-22 07:44:15.141 D/ApplicationLoaders( 1663): Created zygote-cached class loader: /system/framework/android.hidl.manager-V1.0-java.jar
06-22 07:44:15.141 D/ZygoteInitTiming_lazy( 1663): CacheNonBootClasspathClassLoaders took to complete: 8ms
06-22 07:44:15.142 I/system_server( 1915): The ClassLoaderContext is a special shared library.
06-22 07:44:15.183 I/chatty  ( 1915): uid=1000 system_server identical 12 lines
06-22 07:44:15.188 I/system_server( 1915): The ClassLoaderContext is a special shared library.
06-22 07:44:15.188 I/Zygote  ( 1663): Preloading resources...
06-22 07:44:15.192 I/system_server( 1915): The ClassLoaderContext is a special shared library.
06-22 07:44:15.197 I/chatty  ( 1915): uid=1000 system_server identical 1 line
06-22 07:44:15.204 I/system_server( 1915): The ClassLoaderContext is a special shared library.
06-22 07:44:15.208 W/Resources( 1663): Preloaded drawable resource #0x108027c (android:drawable/dialog_background_material) that varies with configuration!!
06-22 07:44:15.209 I/system_server( 1915): The ClassLoaderContext is a special shared library.
06-22 07:44:15.210 I/chatty  ( 1915): uid=1000 system_server identical 1 line
06-22 07:44:15.212 I/system_server( 1915): The ClassLoaderContext is a special shared library.
06-22 07:44:15.214 I/Zygote  ( 1663): ...preloaded 64 resources in 25ms.
06-22 07:44:15.216 I/Zygote  ( 1663): ...preloaded 41 resources in 2ms.
06-22 07:44:15.216 D/ZygoteInitTiming_lazy( 1663): PreloadResources took to complete: 74ms
06-22 07:44:15.218 I/system_server( 1915): The ClassLoaderContext is a special shared library.
06-22 07:44:15.221 I/system_server( 1915): The ClassLoaderContext is a special shared library.
06-22 07:44:15.222 I/Zygote  ( 1663): Preloading shared libraries...
06-22 07:44:15.223 I/system_server( 1915): The ClassLoaderContext is a special shared library.
06-22 07:44:15.227 I/system_server( 1915): The ClassLoaderContext is a special shared library.
06-22 07:44:15.228 I/Zygote  ( 1663): Called ZygoteHooks.endPreload()
06-22 07:44:15.228 I/Zygote  ( 1663): Installed AndroidKeyStoreProvider in 0ms.
06-22 07:44:15.228 I/system_server( 1915): The ClassLoaderContext is a special shared library.
06-22 07:44:15.235 I/system_server( 1915): The ClassLoaderContext is a special shared library.
06-22 07:44:15.236 I/Zygote  ( 1663): Warmed up JCA providers in 9ms.
06-22 07:44:15.237 D/Zygote  ( 1663): end preload
06-22 07:44:15.237 D/SystemServerTimingAsync( 1915): SecondaryZygotePreload took to complete: 539ms
06-22 07:44:15.237 D/SystemServerInitThreadPool( 1915): Finished executing SecondaryZygotePreload
06-22 07:44:15.241 I/system_server( 1915): The ClassLoaderContext is a special shared library.
06-22 07:44:15.313 I/Watchdog( 1915): Resuming HandlerChecker: main thread for reason: dexopt. Pause count: 0
06-22 07:44:15.313 D/SystemServerTiming( 1915): UpdatePackagesIfNeeded took to complete: 445ms
06-22 07:44:15.313 I/SystemServer( 1915): PerformFstrimIfNeeded
06-22 07:44:15.314 W/PackageManager( 1915): No disk maintenance in 1782114255314; running immediately
06-22 07:44:15.314 I/StorageManagerService( 1915): Running fstrim idle maintenance
06-22 07:44:15.314 D/SystemServerTiming( 1915): PerformFstrimIfNeeded took to complete: 1ms
06-22 07:44:15.314 I/SystemServer( 1915): StartLockSettingsService
06-22 07:44:15.314 I/SystemServiceManager( 1915): Starting com.android.server.locksettings.LockSettingsService$Lifecycle
06-22 07:44:15.309 I/chatty  ( 1915): uid=1000 system_server identical 25 lines
06-22 07:44:15.313 I/system_server( 1915): The ClassLoaderContext is a special shared library.
06-22 07:44:15.315 I/hwservicemanager( 1568): getTransport: Cannot find entry android.hardware.boot@1.0::IBootControl/default in either framework or device manifest.
06-22 07:44:15.317 I/vold    ( 1575): Skip mounting partition: /product
06-22 07:44:15.317 I/vold    ( 1575): Skip mounting partition: /product_services
06-22 07:44:15.318 D/vold    ( 1575): Starting trim of /data
06-22 07:44:15.318 W/vold    ( 1575): Trim failed on /data: Operation not supported on transport endpoint
06-22 07:44:15.318 D/vold    ( 1575): Starting trim of none
06-22 07:44:15.318 W/vold    ( 1575): Failed to open none: No such file or directory
06-22 07:44:15.332 D/SystemServerTiming( 1915): StartLockSettingsService took to complete: 17ms
06-22 07:44:15.332 I/SystemServer( 1915): StartTestHarnessMode
06-22 07:44:15.332 I/SystemServiceManager( 1915): Starting com.android.server.testharness.TestHarnessModeService
06-22 07:44:15.332 D/SystemServerTiming( 1915): StartTestHarnessMode took to complete: 0ms
06-22 07:44:15.333 I/hwservicemanager( 1568): getTransport: Cannot find entry android.hardware.oemlock@1.0::IOemLock/default in either framework or device manifest.
06-22 07:44:15.333 I/OemLock ( 1915): OemLock HAL not present on device
06-22 07:44:15.333 I/SystemServer( 1915): StartDeviceIdleController
06-22 07:44:15.333 I/SystemServiceManager( 1915): Starting com.android.server.DeviceIdleController
06-22 07:44:15.337 D/SystemServerTiming( 1915): StartDeviceIdleController took to complete: 4ms
06-22 07:44:15.337 I/SystemServer( 1915): StartDevicePolicyManager
06-22 07:44:15.337 I/SystemServiceManager( 1915): Starting com.android.server.devicepolicy.DevicePolicyManagerService$Lifecycle
06-22 07:44:15.340 D/SystemServerTiming( 1915): StartDevicePolicyManager took to complete: 3ms
06-22 07:44:15.340 I/SystemServer( 1915): StartStatusBarManagerService
06-22 07:44:15.340 D/SystemServerTiming( 1915): StartStatusBarManagerService took to complete: 0ms
06-22 07:44:15.340 D/SystemServer( 1915): ContentCaptureService disabled because resource is not overlaid
06-22 07:44:15.340 D/SystemServer( 1915): AttentionService is not configured on this device
06-22 07:44:15.340 I/SystemServer( 1915): StartSystemCaptionsManagerService
06-22 07:44:15.340 I/SystemServiceManager( 1915): Starting com.android.server.systemcaptions.SystemCaptionsManagerService
06-22 07:44:15.341 D/SystemServerTiming( 1915): StartSystemCaptionsManagerService took to complete: 1ms
06-22 07:44:15.341 I/SystemServer( 1915): StartAppPredictionService
06-22 07:44:15.342 I/SystemServiceManager( 1915): Starting com.android.server.appprediction.AppPredictionManagerService
06-22 07:44:15.342 D/SystemServerTiming( 1915): StartAppPredictionService took to complete: 0ms
06-22 07:44:15.342 I/SystemServer( 1915): StartContentSuggestionsService
06-22 07:44:15.343 I/SystemServiceManager( 1915): Starting com.android.server.contentsuggestions.ContentSuggestionsManagerService
06-22 07:44:15.343 D/SystemServerTiming( 1915): StartContentSuggestionsService took to complete: 2ms
06-22 07:44:15.343 I/SystemServer( 1915): InitNetworkStackClient
06-22 07:44:15.344 D/SystemServerTiming( 1915): InitNetworkStackClient took to complete: 0ms
06-22 07:44:15.344 I/SystemServer( 1915): StartNetworkManagementService
06-22 07:44:15.346 I/netd    ( 1661): registerUnsolicitedEventListener() <0.03ms>
06-22 07:44:15.346 D/SystemServerTiming( 1915): StartNetworkManagementService took to complete: 3ms
06-22 07:44:15.347 I/SystemServer( 1915): StartIpSecService
06-22 07:44:15.347 D/SystemServerTiming( 1915): StartIpSecService took to complete: 0ms
06-22 07:44:15.347 I/SystemServer( 1915): StartTextServicesManager
06-22 07:44:15.347 I/SystemServiceManager( 1915): Starting com.android.server.textservices.TextServicesManagerService$Lifecycle
06-22 07:44:15.348 D/SystemServerTiming( 1915): StartTextServicesManager took to complete: 1ms
06-22 07:44:15.348 I/SystemServer( 1915): StartTextClassificationManagerService
06-22 07:44:15.348 I/SystemServiceManager( 1915): Starting com.android.server.textclassifier.TextClassificationManagerService$Lifecycle
06-22 07:44:15.348 D/SystemServerTiming( 1915): StartTextClassificationManagerService took to complete: 1ms
06-22 07:44:15.348 I/SystemServer( 1915): StartNetworkScoreService
06-22 07:44:15.348 I/SystemServiceManager( 1915): Starting com.android.server.NetworkScoreService$Lifecycle
06-22 07:44:15.349 I/NetworkScoreService( 1915): Registering network_score
06-22 07:44:15.349 D/SystemServerTiming( 1915): StartNetworkScoreService took to complete: 0ms
06-22 07:44:15.349 I/SystemServer( 1915): StartNetworkStatsService
06-22 07:44:15.351 D/SystemServerTiming( 1915): StartNetworkStatsService took to complete: 2ms
06-22 07:44:15.351 I/SystemServer( 1915): StartNetworkPolicyManagerService
06-22 07:44:15.354 D/SystemServerTiming( 1915): StartNetworkPolicyManagerService took to complete: 3ms
06-22 07:44:15.354 I/SystemServer( 1915): StartWifi
06-22 07:44:15.364 I/SystemServiceManager( 1915): Starting com.android.server.wifi.WifiService
06-22 07:44:15.412 E/HostapdHal( 1915): Malformed channel value detected: java.lang.NumberFormatException: For input string: ""
06-22 07:44:15.421 D/WifiCountryCode( 1915): mDefaultCountryCode null mRevertCountryCodeOnCellularLoss false
06-22 07:44:15.421 D/WifiApConfigStore( 1915): 2G band allowed channels are:1,6,11
06-22 07:44:15.421 E/WifiApConfigStore( 1915): Error reading hotspot configuration java.io.FileNotFoundException: /data/misc/wifi/softap.conf: open failed: ENOENT (No such file or directory)
06-22 07:44:15.421 D/WifiApConfigStore( 1915): Fallback to use default AP configuration
06-22 07:44:15.423 I/WifiScoringParams( 1915): rssi2=-83:-80:-73:-60,rssi5=-80:-77:-70:-57,pps=0:1:100,horizon=15,nud=8,expid=0
06-22 07:44:15.445 D/WifiOpenNetworkNotifier( 1915): Settings toggle enabled=true
06-22 07:44:15.445 D/WifiCarrierNetworkNotifier( 1915): Settings toggle enabled=true
06-22 07:44:15.447 D/WifiActiveModeWarden( 1915): Starting Wifi in WifiDisabledState
06-22 07:44:15.448 D/WifiActiveModeWarden( 1915): Entering WifiDisabledState
06-22 07:44:15.448 D/WakeupController( 1915): WifiWake enabled
06-22 07:44:15.450 E/WifiClientModeImpl( 1915): getWifiLinkLayerStats called without an interface
06-22 07:44:15.451 E/SupplicantStaIfaceHal( 1915): Can't call setDebugParams, ISupplicant is null
06-22 07:44:15.451 W/WifiDiags( 1915): no ring buffers found
06-22 07:44:15.451 W/WifiDiags( 1915): Failed to start packet fate monitoring
06-22 07:44:15.452 I/WifiService( 1915): Registering wifi
06-22 07:44:15.452 D/SystemServerTiming( 1915): StartWifi took to complete: 98ms
06-22 07:44:15.452 I/SystemServer( 1915): StartWifiScanning
06-22 07:44:15.453 I/SystemServiceManager( 1915): Starting com.android.server.wifi.scanner.WifiScanningService
06-22 07:44:15.453 I/WifiScanningService( 1915): Creating wifiscanner
06-22 07:44:15.454 I/WifiScanningService( 1915): Publishing wifiscanner
06-22 07:44:15.455 D/SystemServerTiming( 1915): StartWifiScanning took to complete: 3ms
06-22 07:44:15.455 I/SystemServer( 1915): StartWifiP2P
06-22 07:44:15.455 I/SystemServiceManager( 1915): Starting com.android.server.wifi.p2p.WifiP2pService
06-22 07:44:15.460 W/HalDevMgr( 1915): isWifiStarted called but mWifi is null!?
06-22 07:44:15.460 I/WifiP2pService( 1915): Registering wifip2p
06-22 07:44:15.460 D/SystemServerTiming( 1915): StartWifiP2P took to complete: 5ms
06-22 07:44:15.460 I/SystemServer( 1915): StartConnectivityService
06-22 07:44:15.462 D/ConnectivityService( 1915): ConnectivityService starting up
06-22 07:44:15.465 D/ConnectivityService( 1915): wifiOnly=false
06-22 07:44:15.469 D/SystemServerTiming( 1915): StartConnectivityService took to complete: 10ms
06-22 07:44:15.469 I/SystemServer( 1915): StartNsdService
06-22 07:44:15.471 D/NsdService( 1915): Network service discovery is enabled
06-22 07:44:15.471 D/SystemServerTiming( 1915): StartNsdService took to complete: 2ms
06-22 07:44:15.471 I/SystemServer( 1915): StartSystemUpdateManagerService
06-22 07:44:15.472 I/SystemUpdateManagerService( 1915): No existing info file /data/system/system-update-info.xml
06-22 07:44:15.472 D/SystemServerTiming( 1915): StartSystemUpdateManagerService took to complete: 0ms
06-22 07:44:15.472 I/SystemServer( 1915): StartUpdateLockService
06-22 07:44:15.472 D/SystemServerTiming( 1915): StartUpdateLockService took to complete: 0ms
06-22 07:44:15.472 I/SystemServer( 1915): StartNotificationManager
06-22 07:44:15.472 I/SystemServiceManager( 1915): Starting com.android.server.notification.NotificationManagerService
06-22 07:44:15.479 D/ConditionProviders.SCP( 1915): new ScheduleConditionProvider()
06-22 07:44:15.482 I/ConditionProviders( 1915):  Allowing condition provider com.google.android.apps.nexuslauncher/com.android.launcher3.notification.NotificationListener
06-22 07:44:15.483 I/NotificationListeners( 1915):  Allowing notification listener com.google.android.apps.nexuslauncher/com.android.launcher3.notification.NotificationListener
06-22 07:44:15.483 V/NotificationListeners( 1915): enabling notification listener for 0: ComponentInfo{com.google.android.apps.nexuslauncher/com.android.launcher3.notification.NotificationListener}
06-22 07:44:15.483 V/NotificationListeners( 1915): binding: Intent { act=android.service.notification.NotificationListenerService cmp=com.google.android.apps.nexuslauncher/com.android.launcher3.notification.NotificationListener (has extras) }
06-22 07:44:15.483 W/ActivityManager( 1915): Unable to start service Intent { act=android.service.notification.NotificationListenerService cmp=com.google.android.apps.nexuslauncher/com.android.launcher3.notification.NotificationListener } U=0: not found
06-22 07:44:15.483 W/NotificationListeners( 1915): Unable to bind notification listener service: Intent { act=android.service.notification.NotificationListenerService cmp=com.google.android.apps.nexuslauncher/com.android.launcher3.notification.NotificationListener (has extras) } in user 0
06-22 07:44:15.485 I/ConditionProviders( 1915):  Allowing condition provider com.google.android.apps.restore/com.google.android.apps.pixelmigrate.component.NotificationConsolidatorService
06-22 07:44:15.485 I/NotificationListeners( 1915):  Allowing notification listener com.google.android.apps.restore/com.google.android.apps.pixelmigrate.component.NotificationConsolidatorService
06-22 07:44:15.485 V/NotificationListeners( 1915): enabling notification listener for 0: ComponentInfo{com.google.android.apps.restore/com.google.android.apps.pixelmigrate.component.NotificationConsolidatorService}
06-22 07:44:15.485 V/NotificationListeners( 1915): binding: Intent { act=android.service.notification.NotificationListenerService cmp=com.google.android.apps.restore/com.google.android.apps.pixelmigrate.component.NotificationConsolidatorService (has extras) }
06-22 07:44:15.485 W/ActivityManager( 1915): Unable to start service Intent { act=android.service.notification.NotificationListenerService cmp=com.google.android.apps.restore/com.google.android.apps.pixelmigrate.component.NotificationConsolidatorService } U=0: not found
06-22 07:44:15.485 W/NotificationListeners( 1915): Unable to bind notification listener service: Intent { act=android.service.notification.NotificationListenerService cmp=com.google.android.apps.restore/com.google.android.apps.pixelmigrate.component.NotificationConsolidatorService (has extras) } in user 0
06-22 07:44:15.485 V/NotificationListeners( 1915): enabling notification listener for 0: ComponentInfo{com.google.android.apps.nexuslauncher/com.android.launcher3.notification.NotificationListener}
06-22 07:44:15.485 V/NotificationListeners( 1915): binding: Intent { act=android.service.notification.NotificationListenerService cmp=com.google.android.apps.nexuslauncher/com.android.launcher3.notification.NotificationListener (has extras) }
06-22 07:44:15.485 W/ActivityManager( 1915): Unable to start service Intent { act=android.service.notification.NotificationListenerService cmp=com.google.android.apps.nexuslauncher/com.android.launcher3.notification.NotificationListener } U=0: not found
06-22 07:44:15.485 W/NotificationListeners( 1915): Unable to bind notification listener service: Intent { act=android.service.notification.NotificationListenerService cmp=com.google.android.apps.nexuslauncher/com.android.launcher3.notification.NotificationListener (has extras) } in user 0
06-22 07:44:15.486 I/ConditionProviders( 1915):  Allowing condition provider com.google.android.GoogleCamera
06-22 07:44:15.486 I/ConditionProviders( 1915):  Allowing condition provider com.google.android.gms
06-22 07:44:15.486 I/ConditionProviders( 1915):  Allowing condition provider com.google.intelligence.sense
06-22 07:44:15.486 I/ConditionProviders( 1915):  Allowing condition provider com.google.android.settings.intelligence
06-22 07:44:15.486 I/ConditionProviders( 1915):  Allowing condition provider com.google.android.apps.wellbeing
06-22 07:44:15.486 I/ConditionProviders( 1915):  Allowing condition provider com.google.android.apps.safetyhub
06-22 07:44:15.487 I/ConditionProviders( 1915):  Allowing condition provider com.google.android.ext.services/android.ext.services.notification.Assistant
06-22 07:44:15.487 I/NotificationAssistants( 1915):  Allowing notification assistant com.google.android.ext.services/android.ext.services.notification.Assistant
06-22 07:44:15.487 V/NotificationAssistants( 1915): enabling notification assistant for 0: ComponentInfo{com.google.android.ext.services/android.ext.services.notification.Assistant}
06-22 07:44:15.487 V/NotificationAssistants( 1915): binding: Intent { act=android.service.notification.NotificationAssistantService cmp=com.google.android.ext.services/android.ext.services.notification.Assistant (has extras) }
06-22 07:44:15.488 D/NotificationService( 1915): Set default NAS to be com.google.android.ext.services/android.ext.services.notification.Assistant in 0
06-22 07:44:15.497 D/SystemServerTiming( 1915): StartNotificationManager took to complete: 25ms
06-22 07:44:15.497 I/SystemServer( 1915): StartDeviceMonitor
06-22 07:44:15.497 I/SystemServiceManager( 1915): Starting com.android.server.storage.DeviceStorageMonitorService
06-22 07:44:15.501 D/SystemServerTiming( 1915): StartDeviceMonitor took to complete: 4ms
06-22 07:44:15.501 I/SystemServer( 1915): StartLocationManagerService
06-22 07:44:15.505 D/SystemServerTiming( 1915): StartLocationManagerService took to complete: 4ms
06-22 07:44:15.505 I/SystemServer( 1915): StartCountryDetectorService
06-22 07:44:15.505 D/SystemServerTiming( 1915): StartCountryDetectorService took to complete: 0ms
06-22 07:44:15.505 I/SystemServer( 1915): StartTimeDetectorService
06-22 07:44:15.505 I/SystemServiceManager( 1915): Starting com.android.server.timedetector.TimeDetectorService$Lifecycle
06-22 07:44:15.505 D/SystemServerTiming( 1915): StartTimeDetectorService took to complete: 1ms
06-22 07:44:15.506 I/SystemServer( 1915): StartSearchManagerService
06-22 07:44:15.506 I/SystemServiceManager( 1915): Starting com.android.server.search.SearchManagerService$Lifecycle
06-22 07:44:15.506 D/SystemServerTiming( 1915): StartSearchManagerService took to complete: 0ms
06-22 07:44:15.507 I/SystemServer( 1915): StartWallpaperManagerService
06-22 07:44:15.507 I/SystemServiceManager( 1915): Starting com.android.server.wallpaper.WallpaperManagerService$Lifecycle
06-22 07:44:15.508 D/SystemServerTiming( 1915): StartWallpaperManagerService took to complete: 1ms
06-22 07:44:15.508 I/SystemServer( 1915): StartAudioService
06-22 07:44:15.508 I/SystemServiceManager( 1915): Starting com.android.server.audio.AudioService$Lifecycle
06-22 07:44:15.516 D/PermissionCache( 1708): checking android.permission.MODIFY_AUDIO_ROUTING for uid=1000 => granted (230 us)
06-22 07:44:15.517 W/TelecomManager( 1915): Telecom Service not found.
06-22 07:44:15.519 D/PermissionCache( 1708): checking android.permission.MODIFY_AUDIO_SETTINGS for uid=1000 => granted (46 us)
06-22 07:44:15.519 W/AudioFlinger( 1708): no wake lock to update, system not ready yet
06-22 07:44:15.519 W/DeviceHAL( 1669): Error from HAL Device in function set_mic_mute: Function not implemented
06-22 07:44:15.520 E/AudioSystem-JNI( 1915): Command failed for android_media_AudioSystem_muteMicrophone: -38
06-22 07:44:15.533 D/AudioFlinger( 1708): isLowRamDevice:false totalMemory:2089566208 mClientSharedHeapSize:4194304
06-22 07:44:15.534 D/SystemServerTiming( 1915): StartAudioService took to complete: 26ms
06-22 07:44:15.534 I/SystemServer( 1915): StartDockObserver
06-22 07:44:15.534 I/SystemServiceManager( 1915): Starting com.android.server.DockObserver
06-22 07:44:15.534 W/DockObserver( 1915): This kernel does not have dock station support
06-22 07:44:15.534 D/SystemServerTiming( 1915): StartDockObserver took to complete: 0ms
06-22 07:44:15.534 I/SystemServer( 1915): StartWiredAccessoryManager
06-22 07:44:15.534 W/WiredAccessoryManager( 1915): This kernel does not have usb audio support
06-22 07:44:15.535 W/WiredAccessoryManager( 1915): This kernel does not have HDMI audio support
06-22 07:44:15.535 D/SystemServerTiming( 1915): StartWiredAccessoryManager took to complete: 1ms
06-22 07:44:15.535 I/SystemServer( 1915): StartMidiManager
06-22 07:44:15.535 I/SystemServiceManager( 1915): Starting com.android.server.midi.MidiService$Lifecycle
06-22 07:44:15.535 D/SystemServerTiming( 1915): StartMidiManager took to complete: 1ms
06-22 07:44:15.535 I/SystemServer( 1915): StartAdbService
06-22 07:44:15.535 I/SystemServiceManager( 1915): Starting com.android.server.adb.AdbService$Lifecycle
06-22 07:44:15.536 D/SystemServerTiming( 1915): StartAdbService took to complete: 0ms
06-22 07:44:15.536 I/SystemServer( 1915): StartUsbService
06-22 07:44:15.536 I/SystemServiceManager( 1915): Starting com.android.server.usb.UsbService$Lifecycle
06-22 07:44:15.537 E/UsbDeviceManager( 1915): failed to write to /sys/class/android_usb/android0/f_rndis/ethaddr
06-22 07:44:15.537 I/hwservicemanager( 1568): getTransport: Cannot find entry android.hardware.usb.gadget@1.0::IUsbGadget/default in either framework or device manifest.
06-22 07:44:15.539 I/UsbDeviceManager( 1915): USB GADGET HAL not present in the device
06-22 07:44:15.539 I/UsbDeviceManager( 1915): java.util.NoSuchElementException
06-22 07:44:15.539 I/UsbDeviceManager( 1915): 	at android.os.HwBinder.getService(Native Method)
06-22 07:44:15.539 I/UsbDeviceManager( 1915): 	at android.hardware.usb.gadget.V1_0.IUsbGadget.getService(IUsbGadget.java:55)
06-22 07:44:15.539 I/UsbDeviceManager( 1915): 	at android.hardware.usb.gadget.V1_0.IUsbGadget.getService(IUsbGadget.java:62)
06-22 07:44:15.539 I/UsbDeviceManager( 1915): 	at com.android.server.usb.UsbDeviceManager.<init>(UsbDeviceManager.java:262)
06-22 07:44:15.539 I/UsbDeviceManager( 1915): 	at com.android.server.usb.UsbService.<init>(UsbService.java:150)
06-22 07:44:15.539 I/UsbDeviceManager( 1915): 	at com.android.server.usb.UsbService$Lifecycle.onStart(UsbService.java:84)
06-22 07:44:15.539 I/UsbDeviceManager( 1915): 	at com.android.server.SystemServiceManager.startService(SystemServiceManager.java:129)
06-22 07:44:15.539 I/UsbDeviceManager( 1915): 	at com.android.server.SystemServiceManager.startService(SystemServiceManager.java:116)
06-22 07:44:15.539 I/UsbDeviceManager( 1915): 	at com.android.server.SystemServiceManager.startService(SystemServiceManager.java:75)
06-22 07:44:15.539 I/UsbDeviceManager( 1915): 	at com.android.server.SystemServer.startOtherServices(SystemServer.java:1532)
06-22 07:44:15.539 I/UsbDeviceManager( 1915): 	at com.android.server.SystemServer.run(SystemServer.java:512)
06-22 07:44:15.539 I/UsbDeviceManager( 1915): 	at com.android.server.SystemServer.main(SystemServer.java:349)
06-22 07:44:15.539 I/UsbDeviceManager( 1915): 	at java.lang.reflect.Method.invoke(Native Method)
06-22 07:44:15.539 I/UsbDeviceManager( 1915): 	at com.android.internal.os.RuntimeInit$MethodAndArgsCaller.run(RuntimeInit.java:492)
06-22 07:44:15.539 I/UsbDeviceManager( 1915): 	at com.android.internal.os.ZygoteInit.main(ZygoteInit.java:908)
06-22 07:44:15.539 E/UsbDeviceManagerJNI( 1915): could not open control for mtp No such file or directory
06-22 07:44:15.539 E/UsbDeviceManager( 1915): Failed to open control for mtp
06-22 07:44:15.539 E/UsbDeviceManagerJNI( 1915): could not open control for ptp No such file or directory
06-22 07:44:15.539 E/UsbDeviceManager( 1915): Failed to open control for ptp
06-22 07:44:15.544 W/StorageManagerService( 1915): No primary storage defined yet; hacking together a stub
06-22 07:44:15.544 E/UsbDeviceManagerJNI( 1915): could not open /dev/usb_accessory
06-22 07:44:15.544 I/android_os_HwBinder( 1915): HwBinder: Starting thread pool for getting: android.hidl.manager@1.0::IServiceManager/default
06-22 07:44:15.545 I/hwservicemanager( 1568): getTransport: Cannot find entry android.hardware.usb@1.0::IUsb/default in either framework or device manifest.
06-22 07:44:15.546 E/UsbPortManager( 1915): connectToProxy: usb hal service not found. Did the service fail to start?
06-22 07:44:15.546 E/UsbPortManager( 1915): java.util.NoSuchElementException
06-22 07:44:15.546 E/UsbPortManager( 1915): 	at android.os.HwBinder.getService(Native Method)
06-22 07:44:15.546 E/UsbPortManager( 1915): 	at android.os.HwBinder.getService(HwBinder.java:83)
06-22 07:44:15.546 E/UsbPortManager( 1915): 	at android.hardware.usb.V1_0.IUsb.getService(IUsb.java:70)
06-22 07:44:15.546 E/UsbPortManager( 1915): 	at android.hardware.usb.V1_0.IUsb.getService(IUsb.java:77)
06-22 07:44:15.546 E/UsbPortManager( 1915): 	at com.android.server.usb.UsbPortManager.connectToProxy(UsbPortManager.java:780)
06-22 07:44:15.546 E/UsbPortManager( 1915): 	at com.android.server.usb.UsbPortManager.<init>(UsbPortManager.java:175)
06-22 07:44:15.546 E/UsbPortManager( 1915): 	at com.android.server.usb.UsbService.<init>(UsbService.java:153)
06-22 07:44:15.546 E/UsbPortManager( 1915): 	at com.android.server.usb.UsbService$Lifecycle.onStart(UsbService.java:84)
06-22 07:44:15.546 E/UsbPortManager( 1915): 	at com.android.server.SystemServiceManager.startService(SystemServiceManager.java:129)
06-22 07:44:15.546 E/UsbPortManager( 1915): 	at com.android.server.SystemServiceManager.startService(SystemServiceManager.java:116)
06-22 07:44:15.546 E/UsbPortManager( 1915): 	at com.android.server.SystemServiceManager.startService(SystemServiceManager.java:75)
06-22 07:44:15.546 E/UsbPortManager( 1915): 	at com.android.server.SystemServer.startOtherServices(SystemServer.java:1532)
06-22 07:44:15.546 E/UsbPortManager( 1915): 	at com.android.server.SystemServer.run(SystemServer.java:512)
06-22 07:44:15.546 E/UsbPortManager( 1915): 	at com.android.server.SystemServer.main(SystemServer.java:349)
06-22 07:44:15.546 E/UsbPortManager( 1915): 	at java.lang.reflect.Method.invoke(Native Method)
06-22 07:44:15.546 E/UsbPortManager( 1915): 	at com.android.internal.os.RuntimeInit$MethodAndArgsCaller.run(RuntimeInit.java:492)
06-22 07:44:15.546 E/UsbPortManager( 1915): 	at com.android.internal.os.ZygoteInit.main(ZygoteInit.java:908)
06-22 07:44:15.546 D/SystemServerTiming( 1915): StartUsbService took to complete: 11ms
06-22 07:44:15.546 I/SystemServer( 1915): StartSerialService
06-22 07:44:15.547 D/SystemServerTiming( 1915): StartSerialService took to complete: 0ms
06-22 07:44:15.547 I/SystemServer( 1915): StartHardwarePropertiesManagerService
06-22 07:44:15.547 I/hwservicemanager( 1568): getTransport: Cannot find entry android.hardware.thermal@1.0::IThermal/default in either framework or device manifest.
06-22 07:44:15.547 E/HardwarePropertiesManagerService-JNI( 1915): Unable to get Thermal service.
06-22 07:44:15.547 D/SystemServerTiming( 1915): StartHardwarePropertiesManagerService took to complete: 0ms
06-22 07:44:15.547 I/SystemServer( 1915): StartTwilightService
06-22 07:44:15.547 I/SystemServiceManager( 1915): Starting com.android.server.twilight.TwilightService
06-22 07:44:15.547 D/SystemServerTiming( 1915): StartTwilightService took to complete: 0ms
06-22 07:44:15.547 I/SystemServer( 1915): StartColorDisplay
06-22 07:44:15.547 I/SystemServiceManager( 1915): Starting com.android.server.display.color.ColorDisplayService
06-22 07:44:15.548 D/SystemServerTiming( 1915): StartColorDisplay took to complete: 1ms
06-22 07:44:15.548 I/SystemServer( 1915): StartJobScheduler
06-22 07:44:15.548 I/SystemServiceManager( 1915): Starting com.android.server.job.JobSchedulerService
06-22 07:44:15.550 I/JobStore( 1915): Read 0 jobs
06-22 07:44:15.553 D/SystemServerTiming( 1915): StartJobScheduler took to complete: 6ms
06-22 07:44:15.553 I/SystemServer( 1915): StartSoundTrigger
06-22 07:44:15.554 I/SystemServiceManager( 1915): Starting com.android.server.soundtrigger.SoundTriggerService
06-22 07:44:15.554 D/SystemServerTiming( 1915): StartSoundTrigger took to complete: 0ms
06-22 07:44:15.554 I/SystemServer( 1915): StartTrustManager
06-22 07:44:15.554 I/SystemServiceManager( 1915): Starting com.android.server.trust.TrustManagerService
06-22 07:44:15.554 D/SystemServerTiming( 1915): StartTrustManager took to complete: 1ms
06-22 07:44:15.554 I/SystemServer( 1915): StartBackupManager
06-22 07:44:15.554 I/SystemServiceManager( 1915): Starting com.android.server.backup.BackupManagerService$Lifecycle
06-22 07:44:15.556 D/SystemServerTiming( 1915): StartBackupManager took to complete: 2ms
06-22 07:44:15.556 I/SystemServer( 1915): StartAppWidgetService
06-22 07:44:15.556 I/SystemServiceManager( 1915): Starting com.android.server.appwidget.AppWidgetService
06-22 07:44:15.558 D/SystemServerTiming( 1915): StartAppWidgetService took to complete: 1ms
06-22 07:44:15.558 I/SystemServer( 1915): StartRoleManagerService
06-22 07:44:15.559 D/SystemServerTiming( 1915): StartRoleManagerService took to complete: 1ms
06-22 07:44:15.559 I/SystemServer( 1915): StartVoiceRecognitionManager
06-22 07:44:15.559 I/SystemServiceManager( 1915): Starting com.android.server.voiceinteraction.VoiceInteractionManagerService
06-22 07:44:15.560 I/RoleUserState( 1915): roles.xml not found
06-22 07:44:15.560 W/VoiceInteractionManagerService( 1915): Unable to resolve default voice recognition service.
06-22 07:44:15.560 D/SystemServerTiming( 1915): StartVoiceRecognitionManager took to complete: 1ms
06-22 07:44:15.560 I/SystemServer( 1915): StartGestureLauncher
06-22 07:44:15.560 I/SystemServiceManager( 1915): Starting com.android.server.GestureLauncherService
06-22 07:44:15.560 D/SystemServerTiming( 1915): StartGestureLauncher took to complete: 0ms
06-22 07:44:15.560 I/SystemServer( 1915): StartSensorNotification
06-22 07:44:15.560 I/SystemServiceManager( 1915): Starting com.android.server.SensorNotificationService
06-22 07:44:15.561 D/SystemServerTiming( 1915): StartSensorNotification took to complete: 0ms
06-22 07:44:15.561 I/SystemServer( 1915): StartContextHubSystemService
06-22 07:44:15.561 I/SystemServiceManager( 1915): Starting com.android.server.ContextHubSystemService
06-22 07:44:15.561 D/SystemServerTiming( 1915): StartContextHubSystemService took to complete: 0ms
06-22 07:44:15.561 I/SystemServer( 1915): StartDiskStatsService
06-22 07:44:15.561 D/SystemServerInitThreadPool( 1915): Started executing Init ContextHubSystemService
06-22 07:44:15.561 I/hwservicemanager( 1568): getTransport: Cannot find entry android.hardware.contexthub@1.0::IContexthub/default in either framework or device manifest.
06-22 07:44:15.561 I/ContextHubService( 1915): Context Hub HAL service not found
06-22 07:44:15.561 D/SystemServerInitThreadPool( 1915): Finished executing Init ContextHubSystemService
06-22 07:44:15.562 D/SystemServerTiming( 1915): StartDiskStatsService took to complete: 2ms
06-22 07:44:15.562 I/SystemServer( 1915): RuntimeService
06-22 07:44:15.563 D/SystemServerTiming( 1915): RuntimeService took to complete: 0ms
06-22 07:44:15.563 I/SystemServer( 1915): StartNetworkTimeUpdateService
06-22 07:44:15.563 D/SystemServer( 1915): Using networkTimeUpdater class=class com.android.server.NewNetworkTimeUpdateService
06-22 07:44:15.563 D/SystemServerTiming( 1915): StartNetworkTimeUpdateService took to complete: 0ms
06-22 07:44:15.563 I/SystemServer( 1915): CertBlacklister
06-22 07:44:15.563 D/SystemServerTiming( 1915): CertBlacklister took to complete: 1ms
06-22 07:44:15.563 I/SystemServer( 1915): StartEmergencyAffordanceService
06-22 07:44:15.563 I/SystemServiceManager( 1915): Starting com.android.server.emergency.EmergencyAffordanceService
06-22 07:44:15.563 D/SystemServerTiming( 1915): StartEmergencyAffordanceService took to complete: 0ms
06-22 07:44:15.563 I/SystemServer( 1915): StartDreamManager
06-22 07:44:15.564 I/SystemServiceManager( 1915): Starting com.android.server.dreams.DreamManagerService
06-22 07:44:15.564 D/SystemServerTiming( 1915): StartDreamManager took to complete: 0ms
06-22 07:44:15.564 I/SystemServer( 1915): AddGraphicsStatsService
06-22 07:44:15.566 D/SystemServerTiming( 1915): AddGraphicsStatsService took to complete: 2ms
06-22 07:44:15.566 I/SystemServer( 1915): StartPrintManager
06-22 07:44:15.566 I/SystemServiceManager( 1915): Starting com.android.server.print.PrintManagerService
06-22 07:44:15.566 D/SystemServerTiming( 1915): StartPrintManager took to complete: 1ms
06-22 07:44:15.566 I/SystemServer( 1915): StartRestrictionManager
06-22 07:44:15.566 I/SystemServiceManager( 1915): Starting com.android.server.restrictions.RestrictionsManagerService
06-22 07:44:15.567 D/SystemServerTiming( 1915): StartRestrictionManager took to complete: 0ms
06-22 07:44:15.567 I/SystemServer( 1915): StartMediaSessionService
06-22 07:44:15.567 I/SystemServiceManager( 1915): Starting com.android.server.media.MediaSessionService
06-22 07:44:15.573 D/SystemServerTiming( 1915): StartMediaSessionService took to complete: 6ms
06-22 07:44:15.573 I/SystemServer( 1915): StartMediaResourceMonitor
06-22 07:44:15.573 I/SystemServiceManager( 1915): Starting com.android.server.media.MediaResourceMonitorService
06-22 07:44:15.573 D/SystemServerTiming( 1915): StartMediaResourceMonitor took to complete: 0ms
06-22 07:44:15.573 I/SystemServer( 1915): StartMediaRouterService
06-22 07:44:15.573 D/SystemServerTiming( 1915): StartMediaRouterService took to complete: 1ms
06-22 07:44:15.573 I/SystemServer( 1915): StartFingerprintSensor
06-22 07:44:15.574 I/SystemServiceManager( 1915): Starting com.android.server.biometrics.fingerprint.FingerprintService
06-22 07:44:15.575 D/SystemServerInitThreadPool( 1915): Started executing FingerprintService.onStart
06-22 07:44:15.575 V/FingerprintService( 1915): mDaemon was null, reconnect to fingerprint
06-22 07:44:15.575 I/android_os_HwBinder( 1915): HwBinder: Starting thread pool for getting: android.hardware.biometrics.fingerprint@2.1::IBiometricsFingerprint/default
06-22 07:44:15.575 V/FingerprintService( 1915): Fingerprint HAL id: 123313024262144
06-22 07:44:15.576 D/FingerprintHal( 1778): ----------------> fingerprint_set_active_group -----------------> path /data/vendor_de/0/fpdata
06-22 07:44:15.576 D/FingerprintHal( 1778): ----------------> loadFingerprints ----------------->
06-22 07:44:15.576 E/FingerprintHal( 1778): Could not load fingerprints from storage at /data/vendor_de/0/fpdata/emufp.bin; it has not yet been created.
06-22 07:44:15.576 D/FingerprintHal( 1778): ----------------> loadAuthenticatorId ----------------->
06-22 07:44:15.576 E/FingerprintHal( 1778): Could not load authenticator id from storage at /data/vendor_de/0/fpdata/emuauthid.bin; it has not yet been created.
06-22 07:44:15.576 D/FingerprintHal( 1778): ----------------> get_64bit_rand ----------------->
06-22 07:44:15.576 D/FingerprintHal( 1778): ----------------> saveAuthenticatorId ----------------->
06-22 07:44:15.576 D/FingerprintHal( 1778): Save authenticator id (0x6b8b4567327b23c6)
06-22 07:44:15.576 V/FingerprintService( 1915): Enumerating user(0)
06-22 07:44:15.577 D/SystemServerInitThreadPool( 1915): Finished executing FingerprintService.onStart
06-22 07:44:15.577 D/SystemServerTiming( 1915): StartFingerprintSensor took to complete: 3ms
06-22 07:44:15.577 I/SystemServer( 1915): StartBiometricService
06-22 07:44:15.577 I/SystemServiceManager( 1915): Starting com.android.server.biometrics.BiometricService
06-22 07:44:15.578 D/SystemServerTiming( 1915): StartBiometricService took to complete: 1ms
06-22 07:44:15.578 I/SystemServer( 1915): StartBackgroundDexOptService
06-22 07:44:15.578 W/BackgroundDexOptService( 1915): SysProp pm.dexopt.downgrade_after_inactive_days not set
06-22 07:44:15.579 D/SystemServerTiming( 1915): StartBackgroundDexOptService took to complete: 1ms
06-22 07:44:15.579 I/SystemServer( 1915): StartDynamicCodeLoggingService
06-22 07:44:15.579 D/SystemServerTiming( 1915): StartDynamicCodeLoggingService took to complete: 0ms
06-22 07:44:15.579 I/SystemServer( 1915): StartPruneInstantAppsJobService
06-22 07:44:15.579 D/SystemServerTiming( 1915): StartPruneInstantAppsJobService took to complete: 1ms
06-22 07:44:15.579 I/SystemServer( 1915): StartShortcutServiceLifecycle
06-22 07:44:15.579 I/SystemServiceManager( 1915): Starting com.android.server.pm.ShortcutService$Lifecycle
06-22 07:44:15.580 D/SystemServerTiming( 1915): StartShortcutServiceLifecycle took to complete: 0ms
06-22 07:44:15.580 I/SystemServer( 1915): StartLauncherAppsService
06-22 07:44:15.580 I/SystemServiceManager( 1915): Starting com.android.server.pm.LauncherAppsService
06-22 07:44:15.581 D/SystemServerTiming( 1915): StartLauncherAppsService took to complete: 1ms
06-22 07:44:15.581 I/SystemServer( 1915): StartCrossProfileAppsService
06-22 07:44:15.581 I/SystemServiceManager( 1915): Starting com.android.server.pm.CrossProfileAppsService
06-22 07:44:15.581 D/SystemServerTiming( 1915): StartCrossProfileAppsService took to complete: 0ms
06-22 07:44:15.581 I/SystemServer( 1915): StartMediaProjectionManager
06-22 07:44:15.581 I/SystemServiceManager( 1915): Starting com.android.server.media.projection.MediaProjectionManagerService
06-22 07:44:15.582 V/MediaRouter( 1915): Selecting route: RouteInfo{ name=Phone, description=null, status=null, category=RouteCategory{ name=System types=ROUTE_TYPE_LIVE_AUDIO ROUTE_TYPE_LIVE_VIDEO  groupable=false }, supportedTypes=ROUTE_TYPE_LIVE_AUDIO ROUTE_TYPE_LIVE_VIDEO , presentationDisplay=null }
06-22 07:44:15.583 D/SystemServerTiming( 1915): StartMediaProjectionManager took to complete: 2ms
06-22 07:44:15.583 I/SystemServer( 1915): StartSliceManagerService
06-22 07:44:15.583 I/SystemServiceManager( 1915): Starting com.android.server.slice.SliceManagerService$Lifecycle
06-22 07:44:15.584 D/SystemServerTiming( 1915): StartSliceManagerService took to complete: 1ms
06-22 07:44:15.584 I/SystemServer( 1915): StartCameraServiceProxy
06-22 07:44:15.584 I/SystemServiceManager( 1915): Starting com.android.server.camera.CameraServiceProxy
06-22 07:44:15.586 D/SystemServerTiming( 1915): StartCameraServiceProxy took to complete: 2ms
06-22 07:44:15.586 I/SystemServer( 1915): StartStatsCompanionService
06-22 07:44:15.586 I/SystemServiceManager( 1915): Starting com.android.server.stats.StatsCompanionService$Lifecycle
06-22 07:44:15.587 I/StatsCompanionService( 1915): register thermal listener successfully
06-22 07:44:15.589 E/KernelCpuThreadReader( 1915): Failed to initialize KernelCpuThreadReader
06-22 07:44:15.589 E/KernelCpuThreadReader( 1915): java.nio.file.NoSuchFileException: /proc/self/time_in_state
06-22 07:44:15.589 E/KernelCpuThreadReader( 1915): 	at sun.nio.fs.UnixFileSystemProvider.newByteChannel(UnixFileSystemProvider.java:214)
06-22 07:44:15.589 E/KernelCpuThreadReader( 1915): 	at java.nio.file.Files.newByteChannel(Files.java:361)
06-22 07:44:15.589 E/KernelCpuThreadReader( 1915): 	at java.nio.file.Files.newByteChannel(Files.java:407)
06-22 07:44:15.589 E/KernelCpuThreadReader( 1915): 	at java.nio.file.Files.readAllBytes(Files.java:3152)
06-22 07:44:15.589 E/KernelCpuThreadReader( 1915): 	at com.android.internal.os.ProcTimeInStateReader.initializeTimeInStateFormat(ProcTimeInStateReader.java:163)
06-22 07:44:15.589 E/KernelCpuThreadReader( 1915): 	at com.android.internal.os.ProcTimeInStateReader.<init>(ProcTimeInStateReader.java:110)
06-22 07:44:15.589 E/KernelCpuThreadReader( 1915): 	at com.android.internal.os.KernelCpuThreadReader.<init>(KernelCpuThreadReader.java:137)
06-22 07:44:15.589 E/KernelCpuThreadReader( 1915): 	at com.android.internal.os.KernelCpuThreadReader.create(KernelCpuThreadReader.java:150)
06-22 07:44:15.589 E/KernelCpuThreadReader( 1915): 	at com.android.internal.os.KernelCpuThreadReaderSettingsObserver.<init>(KernelCpuThreadReaderSettingsObserver.java:94)
06-22 07:44:15.589 E/KernelCpuThreadReader( 1915): 	at com.android.internal.os.KernelCpuThreadReaderSettingsObserver.getSettingsModifiedReader(KernelCpuThreadReaderSettingsObserver.java:79)
06-22 07:44:15.589 E/KernelCpuThreadReader( 1915): 	at com.android.server.stats.StatsCompanionService.<init>(StatsCompanionService.java:377)
06-22 07:44:15.589 E/KernelCpuThreadReader( 1915): 	at com.android.server.stats.StatsCompanionService$Lifecycle.onStart(StatsCompanionService.java:2539)
06-22 07:44:15.589 E/KernelCpuThreadReader( 1915): 	at com.android.server.SystemServiceManager.startService(SystemServiceManager.java:129)
06-22 07:44:15.589 E/KernelCpuThreadReader( 1915): 	at com.android.server.SystemServiceManager.startService(SystemServiceManager.java:116)
06-22 07:44:15.589 E/KernelCpuThreadReader( 1915): 	at com.android.server.SystemServer.startOtherServices(SystemServer.java:1879)
06-22 07:44:15.589 E/KernelCpuThreadReader( 1915): 	at com.android.server.SystemServer.run(SystemServer.java:512)
