06-18 07:51:43.626 W/PackageManager( 1918): Cannot whitelist unknown permission: com.google.android.hangouts.START_HANGOUT
06-18 07:51:43.626 W/PackageManager( 1918): Cannot whitelist unknown permission: android.car.permission.CAR_POWERTRAIN
06-18 07:51:43.626 W/PackageManager( 1918): Cannot whitelist unknown permission: android.car.permission.CAR_ENERGY
06-18 07:51:43.626 W/PackageManager( 1918): Cannot whitelist unknown permission: android.car.permission.CAR_ENERGY_PORTS
06-18 07:51:43.626 W/PackageManager( 1918): Cannot whitelist unknown permission: android.car.permission.CAR_EXTERIOR_LIGHTS
06-18 07:51:43.626 W/PackageManager( 1918): Cannot whitelist unknown permission: android.car.permission.CAR_INFO
06-18 07:51:43.626 W/PackageManager( 1918): Cannot whitelist unknown permission: android.car.permission.CAR_MILEAGE
06-18 07:51:43.626 W/PackageManager( 1918): Cannot whitelist unknown permission: android.car.permission.CAR_TIRES
06-18 07:51:43.626 W/PackageManager( 1918): Cannot whitelist unknown permission: android.car.permission.CONTROL_CAR_CLIMATE
06-18 07:51:43.626 W/PackageManager( 1918): Cannot whitelist unknown permission: android.car.permission.CONTROL_CAR_DOORS
06-18 07:51:43.626 W/PackageManager( 1918): Cannot whitelist unknown permission: android.car.permission.CONTROL_CAR_EXTERIOR_LIGHTS
06-18 07:51:43.626 W/PackageManager( 1918): Cannot whitelist unknown permission: android.car.permission.CONTROL_CAR_MIRRORS
06-18 07:51:43.626 W/PackageManager( 1918): Cannot whitelist unknown permission: android.car.permission.CONTROL_CAR_SEATS
06-18 07:51:43.626 W/PackageManager( 1918): Cannot whitelist unknown permission: android.car.permission.CONTROL_CAR_WINDOWS
06-18 07:51:43.626 W/PackageManager( 1918): Cannot whitelist unknown permission: android.car.permission.READ_CAR_DISPLAY_UNITS
06-18 07:51:43.626 W/PackageManager( 1918): Cannot whitelist unknown permission: com.google.android.finsky.permission.GEARHEAD_SERVICE
06-18 07:51:43.626 W/PackageManager( 1918): Cannot whitelist unknown permission: com.google.android.permission.ACCESSIBILITY_SCAN_SERVICE
06-18 07:51:43.626 W/PackageManager( 1918): Cannot whitelist unknown permission: com.google.android.finsky.permission.ACCESS_INSTANT_APP_NOTIFICATION_ENFORCEMENT
06-18 07:51:43.626 W/PackageManager( 1918): Cannot whitelist unknown permission: com.google.android.clockwork.settings.SHOW_FACTORY_RESET_CONFIRMATION
06-18 07:51:43.626 W/PackageManager( 1918): Cannot whitelist unknown permission: com.google.android.wearable.READ_SETTINGS
06-18 07:51:43.626 W/PackageManager( 1918): Cannot whitelist unknown permission: android.permission.READ_MEDIA_AUDIO
06-18 07:51:43.626 W/PackageManager( 1918): Cannot whitelist unknown permission: android.permission.READ_MEDIA_IMAGES
06-18 07:51:43.626 W/PackageManager( 1918): Cannot whitelist unknown permission: android.permission.READ_MEDIA_VIDEO
06-18 07:51:43.626 W/PackageManager( 1918): Cannot whitelist unknown permission: com.android.vending.setup.PLAY_SETUP_SERVICE
06-18 07:51:43.626 W/PackageManager( 1918): Cannot whitelist unknown permission: com.google.android.gms.game.notifications.permission.WRITE
06-18 07:51:43.626 W/PackageManager( 1918): Cannot whitelist unknown permission: com.google.android.vending.verifier.ACCESS_VERIFIER
06-18 07:51:43.626 I/PackageManager( 1918): Un-granting permission android.permission.CAPTURE_VIDEO_OUTPUT from package com.google.android.gms (protectionLevel=2 flags=0xb0cabe45)
06-18 07:51:43.626 I/PackageManager( 1918): Un-granting permission android.permission.MANAGE_DEVICE_ADMINS from package com.google.android.gms (protectionLevel=2 flags=0xb0cabe45)
06-18 07:51:43.626 I/PackageManager( 1918): Un-granting permission android.permission.MANAGE_ACTIVITY_STACKS from package com.google.android.gms (protectionLevel=2 flags=0xb0cabe45)
06-18 07:51:43.627 I/PackageManager( 1918): Un-granting permission android.permission.CAPTURE_SECURE_VIDEO_OUTPUT from package com.google.android.gms (protectionLevel=2 flags=0xb0cabe45)
06-18 07:51:43.627 I/PackageManager( 1918): Un-granting permission android.permission.MANAGE_ROLLBACKS from package com.google.android.gms (protectionLevel=514 flags=0xb0cabe45)
06-18 07:51:43.627 E/ActivityThread( 2059): Failed to find provider info for com.google.android.gsf.gservices
06-18 07:51:43.628 E/OMXNodeInstance( 1784): getConfig(0xec2191a0:google.vorbis.decoder, ConfigAndroidVendorExtension(0x6f100004)) ERROR: Undefined(0x80001001)
06-18 07:51:43.627 E/ActivityThread( 2059): Failed to find provider info for com.google.android.gsf.gservices
06-18 07:51:43.628 W/PackageManager( 1918): Cannot whitelist unknown permission: android.permission.QUERY_ALL_PACKAGES
06-18 07:51:43.628 W/PackageManager( 1918): Cannot whitelist unknown permission: android.permission.PRE_FACTORY_RESET
06-18 07:51:43.628 W/PackageManager( 1918): Cannot whitelist unknown permission: android.permission.MANAGE_FACTORY_RESET_PROTECTION
06-18 07:51:43.628 W/PackageManager( 1918): Cannot whitelist unknown permission: android.car.permission.CAR_POWER
06-18 07:51:43.628 W/PackageManager( 1918): Cannot whitelist unknown permission: com.google.android.wearable.WRITE_SETTINGS
06-18 07:51:43.628 W/PackageManager( 1918): Cannot whitelist unknown permission: com.felicanetworks.mfc.permission.MFC_ACCESS
06-18 07:51:43.628 W/PackageManager( 1918): Cannot whitelist unknown permission: com.felicanetworks.mfc.mfi.permission.MFI_ACCESS
06-18 07:51:43.628 W/PackageManager( 1918): Cannot whitelist unknown permission: com.google.android.finsky.permission.INSTANT_APP_STATE
06-18 07:51:43.628 W/PackageManager( 1918): Cannot whitelist unknown permission: android.permission.UWB
06-18 07:51:43.628 W/PackageManager( 1918): Cannot whitelist unknown permission: com.google.android.finsky.permission.BIND_GET_INSTALL_REFERRER_SERVICE
06-18 07:51:43.628 W/PackageManager( 1918): Cannot whitelist unknown permission: com.google.android.hangouts.START_HANGOUT
06-18 07:51:43.628 W/PackageManager( 1918): Cannot whitelist unknown permission: android.car.permission.CAR_POWERTRAIN
06-18 07:51:43.628 W/PackageManager( 1918): Cannot whitelist unknown permission: android.car.permission.CAR_ENERGY
06-18 07:51:43.628 W/PackageManager( 1918): Cannot whitelist unknown permission: android.car.permission.CAR_ENERGY_PORTS
06-18 07:51:43.628 W/PackageManager( 1918): Cannot whitelist unknown permission: android.car.permission.CAR_EXTERIOR_LIGHTS
06-18 07:51:43.628 W/PackageManager( 1918): Cannot whitelist unknown permission: android.car.permission.CAR_INFO
06-18 07:51:43.628 W/PackageManager( 1918): Cannot whitelist unknown permission: android.car.permission.CAR_MILEAGE
06-18 07:51:43.628 W/PackageManager( 1918): Cannot whitelist unknown permission: android.car.permission.CAR_TIRES
06-18 07:51:43.628 W/PackageManager( 1918): Cannot whitelist unknown permission: android.car.permission.CONTROL_CAR_CLIMATE
06-18 07:51:43.628 W/PackageManager( 1918): Cannot whitelist unknown permission: android.car.permission.CONTROL_CAR_DOORS
06-18 07:51:43.629 W/PackageManager( 1918): Cannot whitelist unknown permission: android.car.permission.CONTROL_CAR_EXTERIOR_LIGHTS
06-18 07:51:43.629 W/PackageManager( 1918): Cannot whitelist unknown permission: android.car.permission.CONTROL_CAR_MIRRORS
06-18 07:51:43.629 W/PackageManager( 1918): Cannot whitelist unknown permission: android.car.permission.CONTROL_CAR_SEATS
06-18 07:51:43.629 W/PackageManager( 1918): Cannot whitelist unknown permission: android.car.permission.CONTROL_CAR_WINDOWS
06-18 07:51:43.629 W/PackageManager( 1918): Cannot whitelist unknown permission: android.car.permission.READ_CAR_DISPLAY_UNITS
06-18 07:51:43.629 W/PackageManager( 1918): Cannot whitelist unknown permission: com.google.android.finsky.permission.GEARHEAD_SERVICE
06-18 07:51:43.629 W/PackageManager( 1918): Cannot whitelist unknown permission: com.google.android.permission.ACCESSIBILITY_SCAN_SERVICE
06-18 07:51:43.629 W/PackageManager( 1918): Cannot whitelist unknown permission: com.google.android.finsky.permission.ACCESS_INSTANT_APP_NOTIFICATION_ENFORCEMENT
06-18 07:51:43.629 W/PackageManager( 1918): Cannot whitelist unknown permission: com.google.android.clockwork.settings.SHOW_FACTORY_RESET_CONFIRMATION
06-18 07:51:43.629 W/PackageManager( 1918): Cannot whitelist unknown permission: com.google.android.wearable.READ_SETTINGS
06-18 07:51:43.629 W/PackageManager( 1918): Cannot whitelist unknown permission: android.permission.READ_MEDIA_AUDIO
06-18 07:51:43.629 W/PackageManager( 1918): Cannot whitelist unknown permission: android.permission.READ_MEDIA_IMAGES
06-18 07:51:43.629 W/PackageManager( 1918): Cannot whitelist unknown permission: android.permission.READ_MEDIA_VIDEO
06-18 07:51:43.629 W/PackageManager( 1918): Cannot whitelist unknown permission: com.android.vending.setup.PLAY_SETUP_SERVICE
06-18 07:51:43.629 W/PackageManager( 1918): Cannot whitelist unknown permission: com.google.android.gms.game.notifications.permission.WRITE
06-18 07:51:43.629 W/PackageManager( 1918): Cannot whitelist unknown permission: com.google.android.vending.verifier.ACCESS_VERIFIER
06-18 07:51:43.629 I/PackageManager( 1918): Un-granting permission android.permission.CAPTURE_VIDEO_OUTPUT from package com.google.android.gms (protectionLevel=2 flags=0xb0cabe45)
06-18 07:51:43.629 I/PackageManager( 1918): Un-granting permission android.permission.MANAGE_DEVICE_ADMINS from package com.google.android.gms (protectionLevel=2 flags=0xb0cabe45)
06-18 07:51:43.629 I/PackageManager( 1918): Un-granting permission android.permission.MANAGE_ACTIVITY_STACKS from package com.google.android.gms (protectionLevel=2 flags=0xb0cabe45)
06-18 07:51:43.629 I/PackageManager( 1918): Un-granting permission android.permission.CAPTURE_SECURE_VIDEO_OUTPUT from package com.google.android.gms (protectionLevel=2 flags=0xb0cabe45)
06-18 07:51:43.629 I/PackageManager( 1918): Un-granting permission android.permission.MANAGE_ROLLBACKS from package com.google.android.gms (protectionLevel=514 flags=0xb0cabe45)
06-18 07:51:43.629 E/ChimeraCfgMgr( 2059): Failed to read module config: java.io.FileNotFoundException: /data/user_de/0/com.google.android.gms/app_chimera/current_config.fb: open failed: ENOENT (No such file or directory)
06-18 07:51:43.629 W/IntentOperation( 2059): Failed to get Chimera config:com.google.android.chimera.config.InvalidConfigException: java.io.FileNotFoundException: /data/user_de/0/com.google.android.gms/app_chimera/current_config.fb: open failed: ENOENT (No such file or directory)
06-18 07:51:43.630 I/hostapd ( 1839): wlan1: interface state COUNTRY_UPDATE->HT_SCAN
06-18 07:51:43.630 W/PackageManager( 1918): Cannot whitelist unknown permission: android.permission.QUERY_ALL_PACKAGES
06-18 07:51:43.630 W/PackageManager( 1918): Cannot whitelist unknown permission: android.permission.PRE_FACTORY_RESET
06-18 07:51:43.630 W/PackageManager( 1918): Cannot whitelist unknown permission: android.permission.MANAGE_FACTORY_RESET_PROTECTION
06-18 07:51:43.630 W/PackageManager( 1918): Cannot whitelist unknown permission: android.car.permission.CAR_POWER
06-18 07:51:43.630 E/ActivityThread( 2059): Failed to find provider info for com.google.android.gsf.gservices
06-18 07:51:43.630 W/PackageManager( 1918): Cannot whitelist unknown permission: com.google.android.wearable.WRITE_SETTINGS
06-18 07:51:43.630 W/PackageManager( 1918): Cannot whitelist unknown permission: com.felicanetworks.mfc.permission.MFC_ACCESS
06-18 07:51:43.630 W/PackageManager( 1918): Cannot whitelist unknown permission: com.felicanetworks.mfc.mfi.permission.MFI_ACCESS
06-18 07:51:43.630 W/PackageManager( 1918): Cannot whitelist unknown permission: com.google.android.finsky.permission.INSTANT_APP_STATE
06-18 07:51:43.630 W/PackageManager( 1918): Cannot whitelist unknown permission: android.permission.UWB
06-18 07:51:43.631 W/PackageManager( 1918): Cannot whitelist unknown permission: com.google.android.finsky.permission.BIND_GET_INSTALL_REFERRER_SERVICE
06-18 07:51:43.631 W/PackageManager( 1918): Cannot whitelist unknown permission: com.google.android.hangouts.START_HANGOUT
06-18 07:51:43.631 W/PackageManager( 1918): Cannot whitelist unknown permission: android.car.permission.CAR_POWERTRAIN
06-18 07:51:43.631 W/PackageManager( 1918): Cannot whitelist unknown permission: android.car.permission.CAR_ENERGY
06-18 07:51:43.631 W/PackageManager( 1918): Cannot whitelist unknown permission: android.car.permission.CAR_ENERGY_PORTS
06-18 07:51:43.631 W/PackageManager( 1918): Cannot whitelist unknown permission: android.car.permission.CAR_EXTERIOR_LIGHTS
06-18 07:51:43.631 W/PackageManager( 1918): Cannot whitelist unknown permission: android.car.permission.CAR_INFO
06-18 07:51:43.631 W/PackageManager( 1918): Cannot whitelist unknown permission: android.car.permission.CAR_MILEAGE
06-18 07:51:43.631 W/PackageManager( 1918): Cannot whitelist unknown permission: android.car.permission.CAR_TIRES
06-18 07:51:43.631 W/PackageManager( 1918): Cannot whitelist unknown permission: android.car.permission.CONTROL_CAR_CLIMATE
06-18 07:51:43.631 W/PackageManager( 1918): Cannot whitelist unknown permission: android.car.permission.CONTROL_CAR_DOORS
06-18 07:51:43.631 W/PackageManager( 1918): Cannot whitelist unknown permission: android.car.permission.CONTROL_CAR_EXTERIOR_LIGHTS
06-18 07:51:43.631 W/PackageManager( 1918): Cannot whitelist unknown permission: android.car.permission.CONTROL_CAR_MIRRORS
06-18 07:51:43.631 W/PackageManager( 1918): Cannot whitelist unknown permission: android.car.permission.CONTROL_CAR_SEATS
06-18 07:51:43.631 W/PackageManager( 1918): Cannot whitelist unknown permission: android.car.permission.CONTROL_CAR_WINDOWS
06-18 07:51:43.631 W/PackageManager( 1918): Cannot whitelist unknown permission: android.car.permission.READ_CAR_DISPLAY_UNITS
06-18 07:51:43.631 W/PackageManager( 1918): Cannot whitelist unknown permission: com.google.android.finsky.permission.GEARHEAD_SERVICE
06-18 07:51:43.631 W/PackageManager( 1918): Cannot whitelist unknown permission: com.google.android.permission.ACCESSIBILITY_SCAN_SERVICE
06-18 07:51:43.631 W/PackageManager( 1918): Cannot whitelist unknown permission: com.google.android.finsky.permission.ACCESS_INSTANT_APP_NOTIFICATION_ENFORCEMENT
06-18 07:51:43.631 W/PackageManager( 1918): Cannot whitelist unknown permission: com.google.android.clockwork.settings.SHOW_FACTORY_RESET_CONFIRMATION
06-18 07:51:43.631 W/PackageManager( 1918): Cannot whitelist unknown permission: com.google.android.wearable.READ_SETTINGS
06-18 07:51:43.631 W/PackageManager( 1918): Cannot whitelist unknown permission: android.permission.READ_MEDIA_AUDIO
06-18 07:51:43.631 W/PackageManager( 1918): Cannot whitelist unknown permission: android.permission.READ_MEDIA_IMAGES
06-18 07:51:43.631 W/PackageManager( 1918): Cannot whitelist unknown permission: android.permission.READ_MEDIA_VIDEO
06-18 07:51:43.631 W/PackageManager( 1918): Cannot whitelist unknown permission: com.android.vending.setup.PLAY_SETUP_SERVICE
06-18 07:51:43.631 W/PackageManager( 1918): Cannot whitelist unknown permission: com.google.android.gms.game.notifications.permission.WRITE
06-18 07:51:43.631 W/PackageManager( 1918): Cannot whitelist unknown permission: com.google.android.vending.verifier.ACCESS_VERIFIER
06-18 07:51:43.631 I/PackageManager( 1918): Un-granting permission android.permission.CAPTURE_VIDEO_OUTPUT from package com.google.android.gms (protectionLevel=2 flags=0xb0cabe45)
06-18 07:51:43.631 I/PackageManager( 1918): Un-granting permission android.permission.MANAGE_DEVICE_ADMINS from package com.google.android.gms (protectionLevel=2 flags=0xb0cabe45)
06-18 07:51:43.631 I/PackageManager( 1918): Un-granting permission android.permission.MANAGE_ACTIVITY_STACKS from package com.google.android.gms (protectionLevel=2 flags=0xb0cabe45)
06-18 07:51:43.631 I/PackageManager( 1918): Un-granting permission android.permission.CAPTURE_SECURE_VIDEO_OUTPUT from package com.google.android.gms (protectionLevel=2 flags=0xb0cabe45)
06-18 07:51:43.631 I/PackageManager( 1918): Un-granting permission android.permission.MANAGE_ROLLBACKS from package com.google.android.gms (protectionLevel=514 flags=0xb0cabe45)
06-18 07:51:43.632 E/ActivityThread( 2059): Failed to find provider info for com.google.android.gsf.gservices
06-18 07:51:43.637 W/PackageManager( 1918): Cannot whitelist unknown permission: android.permission.QUERY_ALL_PACKAGES
06-18 07:51:43.637 W/PackageManager( 1918): Cannot whitelist unknown permission: android.permission.PRE_FACTORY_RESET
06-18 07:51:43.637 W/PackageManager( 1918): Cannot whitelist unknown permission: android.permission.MANAGE_FACTORY_RESET_PROTECTION
06-18 07:51:43.637 W/PackageManager( 1918): Cannot whitelist unknown permission: android.car.permission.CAR_POWER
06-18 07:51:43.637 W/PackageManager( 1918): Cannot whitelist unknown permission: com.google.android.wearable.WRITE_SETTINGS
06-18 07:51:43.637 W/PackageManager( 1918): Cannot whitelist unknown permission: com.felicanetworks.mfc.permission.MFC_ACCESS
06-18 07:51:43.637 W/PackageManager( 1918): Cannot whitelist unknown permission: com.felicanetworks.mfc.mfi.permission.MFI_ACCESS
06-18 07:51:43.637 W/PackageManager( 1918): Cannot whitelist unknown permission: com.google.android.finsky.permission.INSTANT_APP_STATE
06-18 07:51:43.637 W/PackageManager( 1918): Cannot whitelist unknown permission: android.permission.UWB
06-18 07:51:43.637 W/PackageManager( 1918): Cannot whitelist unknown permission: com.google.android.finsky.permission.BIND_GET_INSTALL_REFERRER_SERVICE
06-18 07:51:43.637 W/PackageManager( 1918): Cannot whitelist unknown permission: com.google.android.hangouts.START_HANGOUT
06-18 07:51:43.637 W/PackageManager( 1918): Cannot whitelist unknown permission: android.car.permission.CAR_POWERTRAIN
06-18 07:51:43.637 W/PackageManager( 1918): Cannot whitelist unknown permission: android.car.permission.CAR_ENERGY
06-18 07:51:43.637 W/PackageManager( 1918): Cannot whitelist unknown permission: android.car.permission.CAR_ENERGY_PORTS
06-18 07:51:43.637 W/PackageManager( 1918): Cannot whitelist unknown permission: android.car.permission.CAR_EXTERIOR_LIGHTS
06-18 07:51:43.637 W/PackageManager( 1918): Cannot whitelist unknown permission: android.car.permission.CAR_INFO
06-18 07:51:43.638 W/PackageManager( 1918): Cannot whitelist unknown permission: android.car.permission.CAR_MILEAGE
06-18 07:51:43.638 W/PackageManager( 1918): Cannot whitelist unknown permission: android.car.permission.CAR_TIRES
06-18 07:51:43.638 W/PackageManager( 1918): Cannot whitelist unknown permission: android.car.permission.CONTROL_CAR_CLIMATE
06-18 07:51:43.638 W/PackageManager( 1918): Cannot whitelist unknown permission: android.car.permission.CONTROL_CAR_DOORS
06-18 07:51:43.638 W/PackageManager( 1918): Cannot whitelist unknown permission: android.car.permission.CONTROL_CAR_EXTERIOR_LIGHTS
06-18 07:51:43.638 W/PackageManager( 1918): Cannot whitelist unknown permission: android.car.permission.CONTROL_CAR_MIRRORS
06-18 07:51:43.638 W/PackageManager( 1918): Cannot whitelist unknown permission: android.car.permission.CONTROL_CAR_SEATS
06-18 07:51:43.638 W/PackageManager( 1918): Cannot whitelist unknown permission: android.car.permission.CONTROL_CAR_WINDOWS
06-18 07:51:43.638 W/PackageManager( 1918): Cannot whitelist unknown permission: android.car.permission.READ_CAR_DISPLAY_UNITS
06-18 07:51:43.638 W/PackageManager( 1918): Cannot whitelist unknown permission: com.google.android.finsky.permission.GEARHEAD_SERVICE
06-18 07:51:43.638 W/PackageManager( 1918): Cannot whitelist unknown permission: com.google.android.permission.ACCESSIBILITY_SCAN_SERVICE
06-18 07:51:43.638 W/PackageManager( 1918): Cannot whitelist unknown permission: com.google.android.finsky.permission.ACCESS_INSTANT_APP_NOTIFICATION_ENFORCEMENT
06-18 07:51:43.638 W/PackageManager( 1918): Cannot whitelist unknown permission: com.google.android.clockwork.settings.SHOW_FACTORY_RESET_CONFIRMATION
06-18 07:51:43.638 W/PackageManager( 1918): Cannot whitelist unknown permission: com.google.android.wearable.READ_SETTINGS
06-18 07:51:43.638 W/PackageManager( 1918): Cannot whitelist unknown permission: android.permission.READ_MEDIA_AUDIO
06-18 07:51:43.638 W/PackageManager( 1918): Cannot whitelist unknown permission: android.permission.READ_MEDIA_IMAGES
06-18 07:51:43.638 W/PackageManager( 1918): Cannot whitelist unknown permission: android.permission.READ_MEDIA_VIDEO
06-18 07:51:43.638 W/PackageManager( 1918): Cannot whitelist unknown permission: com.android.vending.setup.PLAY_SETUP_SERVICE
06-18 07:51:43.638 W/PackageManager( 1918): Cannot whitelist unknown permission: com.google.android.gms.game.notifications.permission.WRITE
06-18 07:51:43.638 W/PackageManager( 1918): Cannot whitelist unknown permission: com.google.android.vending.verifier.ACCESS_VERIFIER
06-18 07:51:43.638 I/PackageManager( 1918): Un-granting permission android.permission.CAPTURE_VIDEO_OUTPUT from package com.google.android.gms (protectionLevel=2 flags=0xb0cabe45)
06-18 07:51:43.638 I/PackageManager( 1918): Un-granting permission android.permission.MANAGE_DEVICE_ADMINS from package com.google.android.gms (protectionLevel=2 flags=0xb0cabe45)
06-18 07:51:43.638 I/PackageManager( 1918): Un-granting permission android.permission.MANAGE_ACTIVITY_STACKS from package com.google.android.gms (protectionLevel=2 flags=0xb0cabe45)
06-18 07:51:43.638 I/PackageManager( 1918): Un-granting permission android.permission.CAPTURE_SECURE_VIDEO_OUTPUT from package com.google.android.gms (protectionLevel=2 flags=0xb0cabe45)
06-18 07:51:43.638 I/PackageManager( 1918): Un-granting permission android.permission.MANAGE_ROLLBACKS from package com.google.android.gms (protectionLevel=514 flags=0xb0cabe45)
06-18 07:51:43.639 W/PackageManager( 1918): Cannot whitelist unknown permission: android.permission.QUERY_ALL_PACKAGES
06-18 07:51:43.639 W/PackageManager( 1918): Cannot whitelist unknown permission: android.permission.PRE_FACTORY_RESET
06-18 07:51:43.639 W/PackageManager( 1918): Cannot whitelist unknown permission: android.permission.MANAGE_FACTORY_RESET_PROTECTION
06-18 07:51:43.639 W/PackageManager( 1918): Cannot whitelist unknown permission: android.car.permission.CAR_POWER
06-18 07:51:43.639 W/PackageManager( 1918): Cannot whitelist unknown permission: com.google.android.wearable.WRITE_SETTINGS
06-18 07:51:43.639 W/PackageManager( 1918): Cannot whitelist unknown permission: com.felicanetworks.mfc.permission.MFC_ACCESS
06-18 07:51:43.639 W/PackageManager( 1918): Cannot whitelist unknown permission: com.felicanetworks.mfc.mfi.permission.MFI_ACCESS
06-18 07:51:43.639 W/PackageManager( 1918): Cannot whitelist unknown permission: com.google.android.finsky.permission.INSTANT_APP_STATE
06-18 07:51:43.639 W/PackageManager( 1918): Cannot whitelist unknown permission: android.permission.UWB
06-18 07:51:43.639 W/PackageManager( 1918): Cannot whitelist unknown permission: com.google.android.finsky.permission.BIND_GET_INSTALL_REFERRER_SERVICE
06-18 07:51:43.639 W/PackageManager( 1918): Cannot whitelist unknown permission: com.google.android.hangouts.START_HANGOUT
06-18 07:51:43.639 W/PackageManager( 1918): Cannot whitelist unknown permission: android.car.permission.CAR_POWERTRAIN
06-18 07:51:43.639 W/PackageManager( 1918): Cannot whitelist unknown permission: android.car.permission.CAR_ENERGY
06-18 07:51:43.640 W/PackageManager( 1918): Cannot whitelist unknown permission: android.car.permission.CAR_ENERGY_PORTS
06-18 07:51:43.640 W/PackageManager( 1918): Cannot whitelist unknown permission: android.car.permission.CAR_EXTERIOR_LIGHTS
06-18 07:51:43.640 W/PackageManager( 1918): Cannot whitelist unknown permission: android.car.permission.CAR_INFO
06-18 07:51:43.640 W/PackageManager( 1918): Cannot whitelist unknown permission: android.car.permission.CAR_MILEAGE
06-18 07:51:43.640 W/PackageManager( 1918): Cannot whitelist unknown permission: android.car.permission.CAR_TIRES
06-18 07:51:43.640 W/PackageManager( 1918): Cannot whitelist unknown permission: android.car.permission.CONTROL_CAR_CLIMATE
06-18 07:51:43.640 W/PackageManager( 1918): Cannot whitelist unknown permission: android.car.permission.CONTROL_CAR_DOORS
06-18 07:51:43.640 W/PackageManager( 1918): Cannot whitelist unknown permission: android.car.permission.CONTROL_CAR_EXTERIOR_LIGHTS
06-18 07:51:43.640 W/PackageManager( 1918): Cannot whitelist unknown permission: android.car.permission.CONTROL_CAR_MIRRORS
06-18 07:51:43.640 W/PackageManager( 1918): Cannot whitelist unknown permission: android.car.permission.CONTROL_CAR_SEATS
06-18 07:51:43.640 W/PackageManager( 1918): Cannot whitelist unknown permission: android.car.permission.CONTROL_CAR_WINDOWS
06-18 07:51:43.640 W/PackageManager( 1918): Cannot whitelist unknown permission: android.car.permission.READ_CAR_DISPLAY_UNITS
06-18 07:51:43.640 W/PackageManager( 1918): Cannot whitelist unknown permission: com.google.android.finsky.permission.GEARHEAD_SERVICE
06-18 07:51:43.640 W/PackageManager( 1918): Cannot whitelist unknown permission: com.google.android.permission.ACCESSIBILITY_SCAN_SERVICE
06-18 07:51:43.640 W/PackageManager( 1918): Cannot whitelist unknown permission: com.google.android.finsky.permission.ACCESS_INSTANT_APP_NOTIFICATION_ENFORCEMENT
06-18 07:51:43.640 W/PackageManager( 1918): Cannot whitelist unknown permission: com.google.android.clockwork.settings.SHOW_FACTORY_RESET_CONFIRMATION
06-18 07:51:43.640 W/PackageManager( 1918): Cannot whitelist unknown permission: com.google.android.wearable.READ_SETTINGS
06-18 07:51:43.640 W/PackageManager( 1918): Cannot whitelist unknown permission: android.permission.READ_MEDIA_AUDIO
06-18 07:51:43.640 W/PackageManager( 1918): Cannot whitelist unknown permission: android.permission.READ_MEDIA_IMAGES
06-18 07:51:43.640 W/PackageManager( 1918): Cannot whitelist unknown permission: android.permission.READ_MEDIA_VIDEO
06-18 07:51:43.640 W/PackageManager( 1918): Cannot whitelist unknown permission: com.android.vending.setup.PLAY_SETUP_SERVICE
06-18 07:51:43.640 W/PackageManager( 1918): Cannot whitelist unknown permission: com.google.android.gms.game.notifications.permission.WRITE
06-18 07:51:43.640 W/PackageManager( 1918): Cannot whitelist unknown permission: com.google.android.vending.verifier.ACCESS_VERIFIER
06-18 07:51:43.640 I/PackageManager( 1918): Un-granting permission android.permission.CAPTURE_VIDEO_OUTPUT from package com.google.android.gms (protectionLevel=2 flags=0xb0cabe45)
06-18 07:51:43.640 I/PackageManager( 1918): Un-granting permission android.permission.MANAGE_DEVICE_ADMINS from package com.google.android.gms (protectionLevel=2 flags=0xb0cabe45)
06-18 07:51:43.640 I/PackageManager( 1918): Un-granting permission android.permission.MANAGE_ACTIVITY_STACKS from package com.google.android.gms (protectionLevel=2 flags=0xb0cabe45)
06-18 07:51:43.640 I/PackageManager( 1918): Un-granting permission android.permission.CAPTURE_SECURE_VIDEO_OUTPUT from package com.google.android.gms (protectionLevel=2 flags=0xb0cabe45)
06-18 07:51:43.640 I/PackageManager( 1918): Un-granting permission android.permission.MANAGE_ROLLBACKS from package com.google.android.gms (protectionLevel=514 flags=0xb0cabe45)
06-18 07:51:43.649 W/PackageManager( 1918): Cannot whitelist unknown permission: android.permission.QUERY_ALL_PACKAGES
06-18 07:51:43.649 W/PackageManager( 1918): Cannot whitelist unknown permission: android.permission.PRE_FACTORY_RESET
06-18 07:51:43.649 W/PackageManager( 1918): Cannot whitelist unknown permission: android.permission.MANAGE_FACTORY_RESET_PROTECTION
06-18 07:51:43.649 W/PackageManager( 1918): Cannot whitelist unknown permission: android.car.permission.CAR_POWER
06-18 07:51:43.650 W/PackageManager( 1918): Cannot whitelist unknown permission: com.google.android.wearable.WRITE_SETTINGS
06-18 07:51:43.650 W/PackageManager( 1918): Cannot whitelist unknown permission: com.felicanetworks.mfc.permission.MFC_ACCESS
06-18 07:51:43.650 W/PackageManager( 1918): Cannot whitelist unknown permission: com.felicanetworks.mfc.mfi.permission.MFI_ACCESS
06-18 07:51:43.650 W/PackageManager( 1918): Cannot whitelist unknown permission: com.google.android.finsky.permission.INSTANT_APP_STATE
06-18 07:51:43.650 W/PackageManager( 1918): Cannot whitelist unknown permission: android.permission.UWB
06-18 07:51:43.650 W/PackageManager( 1918): Cannot whitelist unknown permission: com.google.android.finsky.permission.BIND_GET_INSTALL_REFERRER_SERVICE
06-18 07:51:43.650 W/PackageManager( 1918): Cannot whitelist unknown permission: com.google.android.hangouts.START_HANGOUT
06-18 07:51:43.650 W/PackageManager( 1918): Cannot whitelist unknown permission: android.car.permission.CAR_POWERTRAIN
06-18 07:51:43.650 W/PackageManager( 1918): Cannot whitelist unknown permission: android.car.permission.CAR_ENERGY
06-18 07:51:43.650 W/PackageManager( 1918): Cannot whitelist unknown permission: android.car.permission.CAR_ENERGY_PORTS
06-18 07:51:43.650 W/PackageManager( 1918): Cannot whitelist unknown permission: android.car.permission.CAR_EXTERIOR_LIGHTS
06-18 07:51:43.650 W/PackageManager( 1918): Cannot whitelist unknown permission: android.car.permission.CAR_INFO
06-18 07:51:43.650 W/PackageManager( 1918): Cannot whitelist unknown permission: android.car.permission.CAR_MILEAGE
06-18 07:51:43.650 W/PackageManager( 1918): Cannot whitelist unknown permission: android.car.permission.CAR_TIRES
06-18 07:51:43.650 W/PackageManager( 1918): Cannot whitelist unknown permission: android.car.permission.CONTROL_CAR_CLIMATE
06-18 07:51:43.650 W/PackageManager( 1918): Cannot whitelist unknown permission: android.car.permission.CONTROL_CAR_DOORS
06-18 07:51:43.650 W/PackageManager( 1918): Cannot whitelist unknown permission: android.car.permission.CONTROL_CAR_EXTERIOR_LIGHTS
06-18 07:51:43.650 W/PackageManager( 1918): Cannot whitelist unknown permission: android.car.permission.CONTROL_CAR_MIRRORS
06-18 07:51:43.650 W/PackageManager( 1918): Cannot whitelist unknown permission: android.car.permission.CONTROL_CAR_SEATS
06-18 07:51:43.650 W/PackageManager( 1918): Cannot whitelist unknown permission: android.car.permission.CONTROL_CAR_WINDOWS
06-18 07:51:43.650 W/PackageManager( 1918): Cannot whitelist unknown permission: android.car.permission.READ_CAR_DISPLAY_UNITS
06-18 07:51:43.650 W/PackageManager( 1918): Cannot whitelist unknown permission: com.google.android.finsky.permission.GEARHEAD_SERVICE
06-18 07:51:43.650 W/PackageManager( 1918): Cannot whitelist unknown permission: com.google.android.permission.ACCESSIBILITY_SCAN_SERVICE
06-18 07:51:43.650 W/PackageManager( 1918): Cannot whitelist unknown permission: com.google.android.finsky.permission.ACCESS_INSTANT_APP_NOTIFICATION_ENFORCEMENT
06-18 07:51:43.650 W/PackageManager( 1918): Cannot whitelist unknown permission: com.google.android.clockwork.settings.SHOW_FACTORY_RESET_CONFIRMATION
06-18 07:51:43.650 W/PackageManager( 1918): Cannot whitelist unknown permission: com.google.android.wearable.READ_SETTINGS
06-18 07:51:43.650 W/PackageManager( 1918): Cannot whitelist unknown permission: android.permission.READ_MEDIA_AUDIO
06-18 07:51:43.650 W/PackageManager( 1918): Cannot whitelist unknown permission: android.permission.READ_MEDIA_IMAGES
06-18 07:51:43.650 W/PackageManager( 1918): Cannot whitelist unknown permission: android.permission.READ_MEDIA_VIDEO
06-18 07:51:43.651 W/PackageManager( 1918): Cannot whitelist unknown permission: com.android.vending.setup.PLAY_SETUP_SERVICE
06-18 07:51:43.651 W/PackageManager( 1918): Cannot whitelist unknown permission: com.google.android.gms.game.notifications.permission.WRITE
06-18 07:51:43.651 W/PackageManager( 1918): Cannot whitelist unknown permission: com.google.android.vending.verifier.ACCESS_VERIFIER
06-18 07:51:43.651 I/PackageManager( 1918): Un-granting permission android.permission.CAPTURE_VIDEO_OUTPUT from package com.google.android.gms (protectionLevel=2 flags=0xb0cabe45)
06-18 07:51:43.651 I/PackageManager( 1918): Un-granting permission android.permission.MANAGE_DEVICE_ADMINS from package com.google.android.gms (protectionLevel=2 flags=0xb0cabe45)
06-18 07:51:43.651 I/PackageManager( 1918): Un-granting permission android.permission.MANAGE_ACTIVITY_STACKS from package com.google.android.gms (protectionLevel=2 flags=0xb0cabe45)
06-18 07:51:43.651 I/PackageManager( 1918): Un-granting permission android.permission.CAPTURE_SECURE_VIDEO_OUTPUT from package com.google.android.gms (protectionLevel=2 flags=0xb0cabe45)
06-18 07:51:43.651 I/PackageManager( 1918): Un-granting permission android.permission.MANAGE_ROLLBACKS from package com.google.android.gms (protectionLevel=514 flags=0xb0cabe45)
06-18 07:51:43.667 W/PackageManager( 1918): Cannot whitelist unknown permission: android.permission.ADD_VOICEMAIL
06-18 07:51:43.667 W/PackageManager( 1918): Cannot whitelist unknown permission: com.google.android.apps.messaging.services.ACCESS_JIBESERVICE
06-18 07:51:43.668 W/PackageManager( 1918): Cannot whitelist unknown permission: android.permission.ADD_VOICEMAIL
06-18 07:51:43.669 W/PackageManager( 1918): Cannot whitelist unknown permission: com.google.android.apps.messaging.services.ACCESS_JIBESERVICE
06-18 07:51:43.672 W/PackageManager( 1918): Cannot whitelist unknown permission: android.permission.ADD_VOICEMAIL
06-18 07:51:43.673 W/PackageManager( 1918): Cannot whitelist unknown permission: com.google.android.apps.messaging.services.ACCESS_JIBESERVICE
06-18 07:51:43.675 I/OMXClient( 1918): IOmx service obtained
06-18 07:51:43.675 I/OMXMaster( 1784): makeComponentInstance(OMX.google.vorbis.decoder) in android.hardwar process
06-18 07:51:43.675 E/OMXNodeInstance( 1784): getConfig(0xec2191a0:google.vorbis.decoder, ConfigAndroidVendorExtension(0x6f100004)) ERROR: Undefined(0x80001001)
06-18 07:51:43.678 W/PackageManager( 1918): Cannot whitelist unknown permission: android.permission.ADD_VOICEMAIL
06-18 07:51:43.678 W/PackageManager( 1918): Cannot whitelist unknown permission: com.google.android.apps.messaging.services.ACCESS_JIBESERVICE
06-18 07:51:43.678 W/PackageManager( 1918): Cannot whitelist unknown permission: android.permission.ADD_VOICEMAIL
06-18 07:51:43.678 W/PackageManager( 1918): Cannot whitelist unknown permission: com.google.android.apps.messaging.services.ACCESS_JIBESERVICE
06-18 07:51:43.685 I/.gms.persisten( 2059): Compiler allocated 5797KB to compile boolean cuf.a(cyl, boolean, caau, caau, int, java.util.List, java.io.File, cyh)
06-18 07:51:43.703 I/PackageManager( 1918): Un-granting permission com.google.android.googleapps.permission.GOOGLE_AUTH from package com.google.android.videos (protectionLevel=2 flags=0x30dbbe45)
06-18 07:51:43.704 I/chatty  ( 1918): uid=1000(system) Binder:1918_1 identical 1 line
06-18 07:51:43.705 I/PackageManager( 1918): Un-granting permission com.google.android.googleapps.permission.GOOGLE_AUTH from package com.google.android.videos (protectionLevel=2 flags=0x30dbbe45)
06-18 07:51:43.706 W/PackageManager( 1918): Cannot whitelist unknown permission: com.google.android.apps.miphone.aiai.matchmaker.overview.service.BIND_SERVICE
06-18 07:51:43.706 W/PackageManager( 1918): Cannot whitelist unknown permission: com.google.android.as.allapps.SUGGESTION_CONSUMER
06-18 07:51:43.707 W/PackageManager( 1918): Cannot whitelist unknown permission: com.google.android.apps.miphone.aiai.matchmaker.overview.service.BIND_SERVICE
06-18 07:51:43.707 W/PackageManager( 1918): Cannot whitelist unknown permission: com.google.android.as.allapps.SUGGESTION_CONSUMER
06-18 07:51:43.712 W/PackageManager( 1918): Cannot whitelist unknown permission: com.android.vending.BILLING
06-18 07:51:43.712 I/PackageManager( 1918): Un-granting permission android.permission.WRITE_MEDIA_STORAGE from package com.google.android.apps.photos (protectionLevel=18 flags=0x38d9be45)
06-18 07:51:43.714 W/PackageManager( 1918): Cannot whitelist unknown permission: com.android.vending.BILLING
06-18 07:51:43.714 I/PackageManager( 1918): Un-granting permission android.permission.WRITE_MEDIA_STORAGE from package com.google.android.apps.photos (protectionLevel=18 flags=0x38d9be45)
06-18 07:51:43.719 E/ActivityThread( 2059): Failed to find provider info for com.google.android.gsf.gservices
06-18 07:51:43.719 E/ActivityThread( 2059): Failed to find provider info for com.google.android.gsf.gservices
06-18 07:51:43.728 W/PackageManager( 1918): Cannot whitelist unknown permission: com.android.launcher.permission.READ_SETTINGS
06-18 07:51:43.728 W/PackageManager( 1918): Cannot whitelist unknown permission: com.android.launcher.permission.WRITE_SETTINGS
06-18 07:51:43.739 W/PackageManager( 1918): Cannot whitelist unknown permission: com.android.vending.setup.PLAY_SETUP_SERVICE
06-18 07:51:43.742 I/chatty  ( 1918): uid=1000(system) Binder:1918_1 identical 2 lines
06-18 07:51:43.747 W/PackageManager( 1918): Cannot whitelist unknown permission: com.android.vending.setup.PLAY_SETUP_SERVICE
06-18 07:51:43.758 W/PackageManager( 1918): Cannot whitelist unknown permission: com.android.permission.CONNMO_SETTINGS
06-18 07:51:43.758 W/PackageManager( 1918): Cannot whitelist unknown permission: com.android.permission.DCMO_SETTINGS
06-18 07:51:43.758 W/PackageManager( 1918): Cannot whitelist unknown permission: com.android.permission.CONNMO_SETTINGS
06-18 07:51:43.758 W/PackageManager( 1918): Cannot whitelist unknown permission: com.android.permission.DCMO_SETTINGS
06-18 07:51:43.762 W/PackageManager( 1918): Cannot whitelist unknown permission: com.android.permission.BIND_TELEPHONY_NETWORK_SERVICE
06-18 07:51:43.763 W/PackageManager( 1918): Cannot whitelist unknown permission: com.android.permission.BIND_TELEPHONY_NETWORK_SERVICE
06-18 07:51:43.771 W/PackageManager( 1918): Cannot whitelist unknown permission: com.android.permission.BIND_TELEPHONY_NETWORK_SERVICE
06-18 07:51:43.772 W/PackageManager( 1918): Cannot whitelist unknown permission: com.android.permission.BIND_TELEPHONY_NETWORK_SERVICE
06-18 07:51:43.795 W/PackageManager( 1918): Cannot whitelist unknown permission: com.google.restricted_assist_gesture.permission.RESTRICTED_ASSIST_GESTURE_PROVIDER
06-18 07:51:43.795 W/PackageManager( 1918): Cannot whitelist unknown permission: com.google.android.apps.dreamliner.permission.DREAMLINER_SERVICE
06-18 07:51:43.796 W/PackageManager( 1918): Cannot whitelist unknown permission: android.car.permission.CONTROL_CAR_CLIMATE
06-18 07:51:43.796 W/PackageManager( 1918): Cannot whitelist unknown permission: android.car.permission.CAR_DRIVING_STATE
06-18 07:51:43.796 W/PackageManager( 1918): Cannot whitelist unknown permission: android.car.permission.CAR_CONTROL_AUDIO_VOLUME
06-18 07:51:43.806 W/PackageManager( 1918): Cannot whitelist unknown permission: com.google.restricted_assist_gesture.permission.RESTRICTED_ASSIST_GESTURE_PROVIDER
06-18 07:51:43.806 W/PackageManager( 1918): Cannot whitelist unknown permission: com.google.android.apps.dreamliner.permission.DREAMLINER_SERVICE
06-18 07:51:43.806 W/PackageManager( 1918): Cannot whitelist unknown permission: android.car.permission.CONTROL_CAR_CLIMATE
06-18 07:51:43.806 W/PackageManager( 1918): Cannot whitelist unknown permission: android.car.permission.CAR_DRIVING_STATE
06-18 07:51:43.806 W/PackageManager( 1918): Cannot whitelist unknown permission: android.car.permission.CAR_CONTROL_AUDIO_VOLUME
06-18 07:51:43.808 W/PackageManager( 1918): Cannot whitelist unknown permission: com.google.android.gallery3d.permission.GALLERY_PROVIDER
06-18 07:51:43.808 W/PackageManager( 1918): Cannot whitelist unknown permission: com.android.gallery3d.permission.GALLERY_PROVIDER
06-18 07:51:43.809 W/PackageManager( 1918): Cannot whitelist unknown permission: com.google.android.gallery3d.permission.GALLERY_PROVIDER
06-18 07:51:43.809 W/PackageManager( 1918): Cannot whitelist unknown permission: com.android.gallery3d.permission.GALLERY_PROVIDER
06-18 07:51:43.809 W/PackageManager( 1918): Cannot whitelist unknown permission: com.google.android.gallery3d.permission.GALLERY_PROVIDER
06-18 07:51:43.809 W/PackageManager( 1918): Cannot whitelist unknown permission: com.android.gallery3d.permission.GALLERY_PROVIDER
06-18 07:51:43.820 W/PackageManager( 1918): Cannot whitelist unknown permission: com.google.android.gallery3d.permission.GALLERY_PROVIDER
06-18 07:51:43.820 W/PackageManager( 1918): Cannot whitelist unknown permission: com.android.gallery3d.permission.GALLERY_PROVIDER
06-18 07:51:43.822 W/PackageManager( 1918): Cannot whitelist unknown permission: com.google.android.gallery3d.permission.GALLERY_PROVIDER
06-18 07:51:43.822 W/PackageManager( 1918): Cannot whitelist unknown permission: com.android.gallery3d.permission.GALLERY_PROVIDER
06-18 07:51:43.823 W/PackageManager( 1918): Cannot whitelist unknown permission: com.google.android.gallery3d.permission.GALLERY_PROVIDER
06-18 07:51:43.823 W/PackageManager( 1918): Cannot whitelist unknown permission: com.android.gallery3d.permission.GALLERY_PROVIDER
06-18 07:51:43.823 W/PackageManager( 1918): Cannot whitelist unknown permission: com.google.android.gallery3d.permission.GALLERY_PROVIDER
06-18 07:51:43.823 W/PackageManager( 1918): Cannot whitelist unknown permission: com.android.gallery3d.permission.GALLERY_PROVIDER
06-18 07:51:43.830 W/PackageManager( 1918): Cannot whitelist unknown permission: com.android.vending.setup.PLAY_SETUP_SERVICE
06-18 07:51:43.831 W/PackageManager( 1918): Cannot whitelist unknown permission: com.android.vending.setup.PLAY_SETUP_SERVICE
06-18 07:51:43.923 I/RuntimePermissionsUpgradeController( 2104): Grandfathering SMS and CallLog permissions
06-18 07:51:43.944 I/RuntimePermissionsUpgradeController( 2104): Grandfathering location background permissions
06-18 07:51:43.949 I/RuntimePermissionsUpgradeController( 2104): Grandfathering Storage permissions
06-18 07:51:43.969 W/PackageManager( 1918): Cannot whitelist unknown permission: com.android.vending.BILLING
06-18 07:51:43.973 I/RuntimePermissionsUpgradeController( 2104): Not expanding location permissions as this is not an upgrade from Android P
06-18 07:51:43.976 D/vold    ( 1575): Remounting 10145 as mode default
06-18 07:51:43.978 D/vold    ( 1575): Remounting 10122 as mode default
06-18 07:51:43.979 D/vold    ( 1575): Remounting 10131 as mode write
06-18 07:51:43.979 D/vold    ( 1575): Remounting 10128 as mode write
06-18 07:51:43.980 D/vold    ( 1575): Remounting 10112 as mode default
06-18 07:51:43.980 W/SystemServiceManager( 1918): Service com.android.server.policy.PermissionPolicyService took 919 ms in onBootPhase
06-18 07:51:43.980 D/SystemServerTiming( 1918): StartActivityManagerReadyPhase took to complete: 950ms
06-18 07:51:43.980 I/SystemServer( 1918): StartObservingNativeCrashes
06-18 07:51:43.981 D/SystemServerTiming( 1918): StartObservingNativeCrashes took to complete: 1ms
06-18 07:51:43.981 D/SystemServerInitThreadPool( 1918): Started executing WebViewFactoryPreparation
06-18 07:51:43.981 I/SystemServer( 1918): WebViewFactoryPreparation
06-18 07:51:43.981 I/WebViewUpdateServiceImpl( 1918): One-time migration: enabling com.google.android.webview
06-18 07:51:43.981 I/SystemServer( 1918): StartSystemUI
06-18 07:51:43.982 V/SystemUIService( 2072): Starting SystemUI services for user 0.
06-18 07:51:43.983 D/SystemServerTiming( 1918): StartSystemUI took to complete: 2ms
06-18 07:51:43.983 I/SystemServer( 1918): MakeNetworkManagementServiceReady
06-18 07:51:43.984 D/SystemUIBootTiming( 2072): StartServicescom.android.systemui.Dependency$DependencyCreator took to complete: 2ms
06-18 07:51:43.985 W/NetworkManagement( 1918): setDataSaverMode(): already false
06-18 07:51:43.985 I/netd    ( 1663): firewallSetFirewallType(1) <0.01ms>
06-18 07:51:43.985 D/SystemServerTiming( 1918): MakeNetworkManagementServiceReady took to complete: 2ms
06-18 07:51:43.985 I/SystemServer( 1918): MakeIpSecServiceReady
06-18 07:51:43.986 I/netd    ( 1663): isAlive() -> {"true"} <0.02ms>
06-18 07:51:43.986 D/IpSecService( 1918): IpSecService is ready
06-18 07:51:43.986 D/SystemServerTiming( 1918): MakeIpSecServiceReady took to complete: 1ms
06-18 07:51:43.986 I/SystemServer( 1918): MakeNetworkStatsServiceReady
06-18 07:51:43.987 W/BestClock( 1918): java.time.DateTimeException: Missing NTP fix
06-18 07:51:43.989 W/NetworkPolicy( 1918): setRestrictBackgroundUL: already false
06-18 07:51:43.990 D/vold    ( 1575): Remounting 10135 as mode write
06-18 07:51:43.990 D/vold    ( 1575): Remounting 10096 as mode default
06-18 07:51:43.991 D/vold    ( 1575): Remounting 10143 as mode default
06-18 07:51:43.991 D/vold    ( 1575): Remounting 10137 as mode default
06-18 07:51:43.992 D/vold    ( 1575): Remounting 10140 as mode write
06-18 07:51:43.993 D/SystemServerTimingAsync( 1918): WebViewFactoryPreparation took to complete: 12ms
06-18 07:51:43.993 D/SystemServerInitThreadPool( 1918): Finished executing WebViewFactoryPreparation
06-18 07:51:43.993 D/vold    ( 1575): Remounting 10105 as mode default
06-18 07:51:43.995 D/vold    ( 1575): Remounting 10119 as mode write
06-18 07:51:43.995 D/vold    ( 1575): Found matching PID 2059
06-18 07:51:44.001 D/SystemUIBootTiming( 2072): StartServicescom.android.systemui.util.NotificationChannels took to complete: 17ms
06-18 07:51:44.002 D/SystemUIBootTiming( 2072): StartServicescom.android.systemui.statusbar.CommandQueue$CommandQueueStart took to complete: 1ms
06-18 07:51:44.016 V/MediaRouter( 2072): Selecting route: RouteInfo{ name=Phone, description=null, status=null, category=RouteCategory{ name=System types=ROUTE_TYPE_LIVE_AUDIO ROUTE_TYPE_LIVE_VIDEO  groupable=false }, supportedTypes=ROUTE_TYPE_LIVE_AUDIO ROUTE_TYPE_LIVE_VIDEO , presentationDisplay=null }
06-18 07:51:44.020 I/netd    ( 1663): trafficSwapActiveStatsMap() <31.77ms>
06-18 07:51:44.020 I/netd    ( 1663): firewallReplaceUidChain("fw_standby", "false", []) -> {"true"} <28.45ms>
06-18 07:51:44.023 I/netd    ( 1663): tetherGetStats() <0.44ms>
06-18 07:51:44.023 W/BestClock( 1918): java.time.DateTimeException: Missing NTP fix
06-18 07:51:44.024 I/netd    ( 1663): firewallEnableChildChain(2, "true") <0.02ms>
06-18 07:51:44.025 I/netd    ( 1663): socketDestroy([]) <0.09ms>
06-18 07:51:44.031 D/vold    ( 1575): Remounting 10119 as mode write
06-18 07:51:44.031 D/vold    ( 1575): Found matching PID 2059
06-18 07:51:44.032 I/ChimeraCfgMgr( 2059): Updating module config: <no config> -> container:2024149040800
06-18 07:51:44.035 D/Zygote  ( 1665): Forked child process 2223
06-18 07:51:44.040 I/ActivityManager( 1918): Start proc 2223:WebViewLoader-x86/1037 [android.webkit.WebViewLibraryLoader$RelroFileCreator] for null
06-18 07:51:44.041 E/ActivityThread( 2059): Failed to find provider info for com.google.android.gsf.gservices
06-18 07:51:44.042 E/ConfigFileUtils( 2059): Failed to read config file: /data/user_de/0/com.google.android.gms/app_chimera/current_modules_init.pb: open failed: ENOENT (No such file or directory)
06-18 07:51:44.043 I/netd    ( 1663): bandwidthSetGlobalAlert(2097152) <0.56ms>
06-18 07:51:44.045 D/Zygote  ( 1664): Forked child process 2229
06-18 07:51:44.042 E/ActivityThread( 2059): Failed to find provider info for com.google.android.gsf.gservices
06-18 07:51:44.045 D/SystemServerTiming( 1918): MakeNetworkStatsServiceReady took to complete: 59ms
06-18 07:51:44.045 I/SystemServer( 1918): MakeConnectivityServiceReady
06-18 07:51:44.046 D/ConnectivityService( 1918): requestNetwork for uid/pid:1000/1918 NetworkRequest [ REQUEST id=7, [ Capabilities: INTERNET&NOT_RESTRICTED&TRUSTED&NOT_VPN] ]
06-18 07:51:44.046 D/PermissionMonitor( 1918): Monitoring
06-18 07:51:44.049 D/PermissionMonitor( 1918): Users: 1, Apps: 34
06-18 07:51:44.049 I/netd    ( 1663): networkSetPermissionForUser(1, [10144]) <0.02ms>
06-18 07:51:44.049 I/netd    ( 1663): networkSetPermissionForUser(2, [10112,10113,10114,1027,10118,10119,10056,10120,10122,10123,10059,10060,10125,10127,10128,2000,10129,10131,10133,10135,10140,10142,10143,10082,1000,1001,1002,1073,10101,10103,10105,10106,10109]) <0.02ms>
06-18 07:51:44.049 I/netd    ( 1663): trafficSetNetPermForUids(12, [1001,1002,1013,10056,10114,10119]) <0.02ms>
06-18 07:51:44.050 I/netd    ( 1663): trafficSetNetPermForUids(4, [1000,1027,1073,2000,10055,10059,10061,10062,10064,10082,10085,10089,10090,10091,10093,10094,10095,10096,10100,10101,10102,10103,10105,10106,10109,10112,10113,10115,10117,10120,10122,10125,10127,10128,10129,10130,10131,10132,10133,10135,10136,10137,10138,10139,10140,10141,10142,10143,10144,10145]) <0.14ms>
06-18 07:51:44.050 I/.gms.persisten( 2059): Compiler allocated 4145KB to compile cxo cwx.a(int, java.util.List, java.util.List, dae, java.lang.String, java.util.List, java.util.List, java.util.List, java.lang.String, java.util.List)
06-18 07:51:44.050 I/netd    ( 1663): trafficSetNetPermForUids(8, [1041,1047]) <0.02ms>
06-18 07:51:44.051 I/netd    ( 1663): trafficSetNetPermForUids(0, [1003,1063,1066,1067,1068,10000,10001,10002,10003,10004,10005,10006,10007,10008,10009,10010,10011,10012,10013,10014,10015,10016,10017,10018,10019,10020,10021,10022,10023,10024,10025,10026,10027,10028,10029,10030,10031,10032,10033,10034,10035,10036,10037,10038,10039,10040,10041,10042,10043,10044,10045,10046,10047,10048,10049,10050,10051,10052,10053,10054,10057,10058,10060,10063,10065,10066,10067,10068,10069,10070,10071,10072,10073,10074,10075,10076,10077,10078,10079,10080,10081,10083,10084,10086,10087,10088,10092,10097,10098,10099,10104,10107,10108,10110,10111,10116,10118,10121,10123,10126,10134]) <0.05ms>
06-18 07:51:44.051 D/SystemServerTiming( 1918): MakeConnectivityServiceReady took to complete: 6ms
06-18 07:51:44.051 I/SystemServer( 1918): MakeNetworkPolicyServiceReady
06-18 07:51:44.051 D/SystemServerTiming( 1918): MakeNetworkPolicyServiceReady took to complete: 0ms
06-18 07:51:44.051 I/SystemServer( 1918): PhaseThirdPartyAppsCanStart
06-18 07:51:44.051 I/SystemServiceManager( 1918): Starting phase 600
06-18 07:51:44.052 I/ExplicitHealthCheckController( 1918): Explicit health checks enabled.
06-18 07:51:44.052 I/PackageWatchdog( 1918): Syncing state, reason: health check state enabled
