06-22 07:44:13.884 W/PackageParser( 1915): Unknown element under <manifest>: queries at /system/product/priv-app/PrebuiltGmsCore/PrebuiltGmsCore.apk Binary XML file line #544
06-22 07:44:13.948 I/PackageParser( 1915): Parse times for '/system/product/priv-app/PrebuiltGmsCore': parse=67ms, update_cache=52 ms
06-22 07:44:13.948 I/PackageManager( 1915): /system/product/priv-app/PrebuiltGmsCore changed; collecting certs
06-22 07:44:13.953 W/PackageParser( 1915): No actions in intent filter at /system/product/priv-app/Velvet/Velvet.apk Binary XML file line #3398
06-22 07:44:13.954 E/PackageManager( 1915): Adding duplicate app id: 10115 name=com.google.android.gms
06-22 07:44:13.965 I/PackageParser( 1915): Parse times for '/system/product/priv-app/Velvet': parse=122ms, update_cache=12 ms
06-22 07:44:13.965 I/PackageManager( 1915): /system/product/priv-app/Velvet changed; collecting certs
06-22 07:44:13.998 I/PackageParser( 1915): Parse times for '/system/product/priv-app/Settings': parse=164ms, update_cache=9 ms
06-22 07:44:13.998 I/PackageManager( 1915): /system/product/priv-app/Settings changed; collecting certs
06-22 07:44:13.999 E/PackageManager( 1915): Adding duplicate shared id: 1000 name=com.android.settings
06-22 07:44:14.000 W/PackageManager( 1915): Skipping provider name androidx.lifecycle.process.lifecycle-process (in package com.android.settings): name already used by com.android.systemui
06-22 07:44:14.008 I/PackageManager( 1915): /system/product/app/NexusWallpapersStubPrebuilt2018 changed; collecting certs
06-22 07:44:14.015 I/PackageManager( 1915): /system/product/app/TrichromeLibrary changed; collecting certs
06-22 07:44:14.029 I/PackageManager( 1915): /system/product/app/DMAgent changed; collecting certs
06-22 07:44:14.030 I/PackageManager( 1915): /system/product/app/MarkupGoogle changed; collecting certs
06-22 07:44:14.042 I/PackageManager( 1915): /system/product/app/SoundPickerPrebuilt changed; collecting certs
06-22 07:44:14.055 I/PackageManager( 1915): /system/product/app/GoogleContactsSyncAdapter changed; collecting certs
06-22 07:44:14.078 I/PackageManager( 1915): /system/product/app/Videos changed; collecting certs
06-22 07:44:14.092 W/PackageParser( 1915): No actions in intent filter at /system/product/app/PrebuiltBugle/PrebuiltBugle.apk Binary XML file line #1261
06-22 07:44:14.096 I/PackageManager( 1915): /system/product/app/WebViewGoogle changed; collecting certs
06-22 07:44:14.104 I/PackageManager( 1915): /system/product/app/PrebuiltBugle changed; collecting certs
06-22 07:44:14.118 I/PackageParser( 1915): Parse times for '/system/product/app/LatinIMEGooglePrebuilt': parse=109ms, update_cache=4 ms
06-22 07:44:14.119 I/PackageManager( 1915): /system/product/app/LatinIMEGooglePrebuilt changed; collecting certs
06-22 07:44:14.139 W/PackageParser( 1915): No actions in intent filter at /system/product/app/Drive/Drive.apk Binary XML file line #1759
06-22 07:44:14.145 I/PackageManager( 1915): /system/product/app/Camera2 changed; collecting certs
06-22 07:44:14.150 I/PackageManager( 1915): /system/product/app/ModuleMetadataGoogle changed; collecting certs
06-22 07:44:14.152 I/PackageManager( 1915): /system/product/app/Drive changed; collecting certs
06-22 07:44:14.157 I/PackageManager( 1915): /system/product/app/Chrome changed; collecting certs
06-22 07:44:14.204 W/PackageParser( 1915): No actions in intent filter at /system/product/app/PrebuiltGmail/PrebuiltGmail.apk Binary XML file line #735
06-22 07:44:14.204 W/PackageParser( 1915): No actions in intent filter at /system/product/app/PrebuiltGmail/PrebuiltGmail.apk Binary XML file line #800
06-22 07:44:14.215 W/PackageParser( 1915): No actions in intent filter at /system/product/app/CalendarGooglePrebuilt/CalendarGooglePrebuilt.apk Binary XML file line #500
06-22 07:44:14.219 I/PackageParser( 1915): Parse times for '/system/product/app/PrebuiltGmail': parse=87ms, update_cache=15 ms
06-22 07:44:14.220 I/PackageManager( 1915): /system/product/app/PrebuiltGmail changed; collecting certs
06-22 07:44:14.237 I/PackageManager( 1915): /system/product/app/WallpapersBReel2018 changed; collecting certs
06-22 07:44:14.278 I/PackageParser( 1915): Parse times for '/system/product/app/Maps': parse=52ms, update_cache=75 ms
06-22 07:44:14.084 I/chatty  ( 1768): uid=0(root) /system/bin/storaged identical 2 lines
06-22 07:44:14.184 I/ServiceManager( 1768): Waiting for service 'package_native' on '/dev/binder'...
06-22 07:44:14.279 I/PackageManager( 1915): New shared user com.google.android.apps.maps: id=10139
06-22 07:44:14.279 I/PackageManager( 1915): /system/product/app/Maps changed; collecting certs
06-22 07:44:14.280 I/PackageParser( 1915): Parse times for '/system/product/app/Music2': parse=56ms, update_cache=70 ms
06-22 07:44:14.280 I/PackageParser( 1915): Parse times for '/system/product/app/CalendarGooglePrebuilt': parse=62ms, update_cache=66 ms
06-22 07:44:14.282 E/PackageManager( 1915): Adding duplicate app id: 10139 name=com.google.android.apps.maps
06-22 07:44:14.283 I/PackageManager( 1915): /system/product/app/Music2 changed; collecting certs
06-22 07:44:14.284 I/ServiceManager( 1768): Waiting for service 'package_native' on '/dev/binder'...
06-22 07:44:14.285 I/PackageManager( 1915): New shared user com.google.android.calendar.uid.shared: id=10141
06-22 07:44:14.285 I/PackageManager( 1915): /system/product/app/CalendarGooglePrebuilt changed; collecting certs
06-22 07:44:14.287 E/PackageManager( 1915): Adding duplicate app id: 10141 name=com.google.android.calendar
06-22 07:44:14.302 I/PackageManager( 1915): /system/product/app/GoogleTTS changed; collecting certs
06-22 07:44:14.333 I/PackageManager( 1915): /system/product/app/PrebuiltDeskClockGoogle changed; collecting certs
06-22 07:44:14.350 W/PackageParser( 1915): Unknown element under <manifest>: meta-data at /system/product/app/YouTube/YouTube.apk Binary XML file line #113
06-22 07:44:14.350 W/PackageParser( 1915): Unknown element under <manifest>: queries at /system/product/app/YouTube/YouTube.apk Binary XML file line #115
06-22 07:44:14.356 I/PackageManager( 1915): /system/product/app/YouTube changed; collecting certs
06-22 07:44:14.363 W/PackageParser( 1915): No actions in intent filter at /system/product/app/Photos/Photos.apk Binary XML file line #1857
06-22 07:44:14.370 I/PackageParser( 1915): Parse times for '/system/product/app/Photos': parse=126ms, update_cache=7 ms
06-22 07:44:14.370 I/PackageManager( 1915): /system/product/app/Photos changed; collecting certs
06-22 07:44:14.374 D/PackageManager( 1915): No files in app dir /product_services/priv-app
06-22 07:44:14.374 D/PackageManager( 1915): No files in app dir /product_services/app
06-22 07:44:14.374 I/PackageManager( 1915): Finished scanning system apps. Time: 1076 ms, packageCount: 177 , timePerPackage: 6 , cached: 0
06-22 07:44:14.374 D/PackageManager( 1915): No files in app dir /data/app
06-22 07:44:14.374 I/PackageManager( 1915): Finished scanning non-system apps. Time: 0 ms, packageCount: 0 , timePerPackage: 0 , cached: 0
06-22 07:44:14.375 E/installd( 1755): Invalid path /system/product/priv-app/GoogleServicesFramework: No such file or directory
06-22 07:44:14.375 E/installd( 1755): Invalid path /system/framework/framework-res.apk: No such file or directory
06-22 07:44:14.376 E/installd( 1755): Invalid path /system/product/priv-app/Settings: No such file or directory
06-22 07:44:14.377 I/PackageManager( 1915): Time to scan packages: 1.079 seconds
06-22 07:44:14.377 I/PackageManager( 1915): Un-granting permission android.permission.MANAGE_DOCUMENTS from package com.google.android.youtube (protectionLevel=262146 flags=0x305bbe45)
06-22 07:44:14.378 I/PackageManager( 1915): Un-granting permission com.google.android.googleapps.permission.GOOGLE_AUTH from package com.android.providers.calendar (protectionLevel=2 flags=0x30083e45)
06-22 07:44:14.378 I/PackageManager( 1915): Un-granting permission com.google.android.googleapps.permission.GOOGLE_AUTH.cl from package com.android.providers.calendar (protectionLevel=2 flags=0x30083e45)
06-22 07:44:14.378 I/PackageManager( 1915): Un-granting permission android.permission.WRITE_SECURE_SETTINGS from package com.google.android.apps.enterprise.dmagent (protectionLevel=50 flags=0x30083e05)
06-22 07:44:14.378 I/PackageManager( 1915): Un-granting permission android.permission.CONNECTIVITY_INTERNAL from package com.google.android.apps.enterprise.dmagent (protectionLevel=18 flags=0x30083e05)
06-22 07:44:14.378 I/PackageManager( 1915): Un-granting permission android.permission.MANAGE_USB from package com.google.android.apps.enterprise.dmagent (protectionLevel=18 flags=0x30083e05)
06-22 07:44:14.378 I/PackageManager( 1915): Un-granting permission android.permission.CHANGE_COMPONENT_ENABLED_STATE from package com.google.android.apps.enterprise.dmagent (protectionLevel=18 flags=0x30083e05)
06-22 07:44:14.378 I/PackageManager( 1915): Un-granting permission android.permission.MANAGE_CA_CERTIFICATES from package com.google.android.apps.enterprise.dmagent (protectionLevel=18 flags=0x30083e05)
06-22 07:44:14.378 I/PackageManager( 1915): Un-granting permission android.permission.MANAGE_USERS from package com.google.android.apps.enterprise.dmagent (protectionLevel=18 flags=0x30083e05)
06-22 07:44:14.379 I/PackageManager( 1915): Un-granting permission com.google.android.setupwizard.READ_DEVICE_ORIGIN from package com.google.android.apps.messaging (protectionLevel=18 flags=0x384bbe45)
06-22 07:44:14.379 I/PackageManager( 1915): Un-granting permission android.permission.BIND_WALLPAPER from package com.android.camera2 (protectionLevel=18 flags=0x2058bc45)
06-22 07:44:14.380 I/PackageManager( 1915): Un-granting permission android.permission.REQUEST_INSTALL_PACKAGES from package com.google.android.gm (protectionLevel=66 flags=0x384bbe45)
06-22 07:44:14.380 I/PackageManager( 1915): Un-granting permission android.permission.GRANT_RUNTIME_PERMISSIONS from package com.google.android.permissioncontroller (protectionLevel=770 flags=0x30483e05)
06-22 07:44:14.380 I/PackageManager( 1915): Un-granting permission android.permission.REVOKE_RUNTIME_PERMISSIONS from package com.google.android.permissioncontroller (protectionLevel=770 flags=0x30483e05)
06-22 07:44:14.380 I/PackageManager( 1915): Un-granting permission android.permission.ADJUST_RUNTIME_PERMISSIONS_POLICY from package com.google.android.permissioncontroller (protectionLevel=258 flags=0x30483e05)
06-22 07:44:14.380 I/PackageManager( 1915): Un-granting permission android.permission.WHITELIST_RESTRICTED_PERMISSIONS from package com.google.android.permissioncontroller (protectionLevel=258 flags=0x30483e05)
06-22 07:44:14.380 I/PackageManager( 1915): Un-granting permission android.permission.INTERACT_ACROSS_USERS_FULL from package com.google.android.permissioncontroller (protectionLevel=258 flags=0x30483e05)
06-22 07:44:14.380 I/PackageManager( 1915): Un-granting permission android.permission.MANAGE_APP_OPS_MODES from package com.google.android.permissioncontroller (protectionLevel=770 flags=0x30483e05)
06-22 07:44:14.380 I/PackageManager( 1915): Un-granting permission android.permission.KILL_UID from package com.google.android.permissioncontroller (protectionLevel=258 flags=0x30483e05)
06-22 07:44:14.380 I/PackageManager( 1915): Un-granting permission android.permission.MANAGE_APP_OPS_RESTRICTIONS from package com.google.android.permissioncontroller (protectionLevel=258 flags=0x30483e05)
06-22 07:44:14.380 I/PackageManager( 1915): Un-granting permission android.permission.HIDE_NON_SYSTEM_OVERLAY_WINDOWS from package com.google.android.permissioncontroller (protectionLevel=258 flags=0x30483e05)
06-22 07:44:14.380 I/PackageManager( 1915): Un-granting permission android.permission.MANAGE_ROLE_HOLDERS from package com.google.android.permissioncontroller (protectionLevel=258 flags=0x30483e05)
06-22 07:44:14.380 I/PackageManager( 1915): Un-granting permission android.permission.OBSERVE_ROLE_HOLDERS from package com.google.android.permissioncontroller (protectionLevel=258 flags=0x30483e05)
06-22 07:44:14.380 I/PackageManager( 1915): Un-granting permission android.permission.SET_PREFERRED_APPLICATIONS from package com.google.android.permissioncontroller (protectionLevel=770 flags=0x30483e05)
06-22 07:44:14.380 I/PackageManager( 1915): Un-granting permission android.permission.ACCESS_SHARED_LIBRARIES from package com.google.android.permissioncontroller (protectionLevel=258 flags=0x30483e05)
06-22 07:44:14.380 I/PackageManager( 1915): Un-granting permission android.permission.ACCESS_INSTANT_APPS from package com.google.android.permissioncontroller (protectionLevel=131842 flags=0x30483e05)
06-22 07:44:14.380 I/PackageManager( 1915): Un-granting permission android.permission.OPEN_ACCESSIBILITY_DETAILS_SETTINGS from package com.google.android.permissioncontroller (protectionLevel=258 flags=0x30483e05)
06-22 07:44:14.380 I/PackageManager( 1915): Un-granting permission android.permission.BIND_JOB_SERVICE from package com.google.android.music (protectionLevel=2 flags=0x384bbe65)
06-22 07:44:14.381 I/PackageManager( 1915): Un-granting permission android.permission.CONNECTIVITY_USE_RESTRICTED_NETWORKS from package com.google.android.captiveportallogin (protectionLevel=18 flags=0x3848be45)
06-22 07:44:14.381 I/PackageManager( 1915): Un-granting permission android.permission.NETWORK_BYPASS_PRIVATE_DNS from package com.google.android.captiveportallogin (protectionLevel=2 flags=0x3848be45)
06-22 07:44:14.381 I/PackageManager( 1915): Un-granting permission android.permission.REQUEST_INSTALL_PACKAGES from package com.google.android.apps.docs (protectionLevel=66 flags=0x384bbe45)
06-22 07:44:14.381 I/PackageManager( 1915): Un-granting permission android.permission.INTERACT_ACROSS_USERS from package com.google.android.syncadapters.contacts (protectionLevel=50 flags=0x20083e45)
06-22 07:44:14.382 I/PackageManager( 1915): Un-granting permission android.permission.REQUEST_INSTALL_PACKAGES from package com.android.chrome (protectionLevel=66 flags=0xa04bbe45)
06-22 07:44:14.382 I/PackageManager( 1915): Un-granting permission com.google.android.apps.now.CURRENT_ACCOUNT_ACCESS from package com.android.chrome (protectionLevel=2 flags=0xa04bbe45)
06-22 07:44:14.382 I/PackageManager( 1915): Un-granting permission android.permission.HIDE_NON_SYSTEM_OVERLAY_WINDOWS from package com.google.android.packageinstaller (protectionLevel=258 flags=0x30483e45)
06-22 07:44:14.382 I/PackageManager( 1915): Un-granting permission android.permission.MANAGE_APP_OPS_MODES from package com.google.android.packageinstaller (protectionLevel=770 flags=0x30483e45)
06-22 07:44:14.382 I/PackageManager( 1915): Un-granting permission android.permission.INTERACT_ACROSS_USERS_FULL from package com.google.android.packageinstaller (protectionLevel=258 flags=0x30483e45)
06-22 07:44:14.382 I/PackageManager( 1915): Un-granting permission android.permission.CAPTURE_VIDEO_OUTPUT from package com.google.android.gms (protectionLevel=2 flags=0xb04abe45)
06-22 07:44:14.382 I/PackageManager( 1915): Un-granting permission android.permission.MANAGE_DEVICE_ADMINS from package com.google.android.gms (protectionLevel=2 flags=0xb04abe45)
06-22 07:44:14.382 I/PackageManager( 1915): Un-granting permission android.permission.MANAGE_ACTIVITY_STACKS from package com.google.android.gms (protectionLevel=2 flags=0xb04abe45)
06-22 07:44:14.382 I/PackageManager( 1915): Un-granting permission android.permission.CAPTURE_SECURE_VIDEO_OUTPUT from package com.google.android.gms (protectionLevel=2 flags=0xb04abe45)
06-22 07:44:14.382 I/PackageManager( 1915): Un-granting permission android.permission.MANAGE_ROLLBACKS from package com.google.android.gms (protectionLevel=514 flags=0xb04abe45)
06-22 07:44:14.383 I/PackageManager( 1915): Un-granting permission com.google.android.googleapps.permission.GOOGLE_AUTH from package com.google.android.videos (protectionLevel=2 flags=0x305bbe45)
06-22 07:44:14.383 I/PackageManager( 1915): Un-granting permission android.permission.WRITE_MEDIA_STORAGE from package com.google.android.apps.photos (protectionLevel=18 flags=0x3859be45)
06-22 07:44:14.385 I/ServiceManager( 1768): Waiting for service 'package_native' on '/dev/binder'...
06-22 07:44:14.387 W/PackageManager( 1915): Unknown package com.google.android.apps.docs.editors.docs in sysconfig <app-link>
06-22 07:44:14.387 W/PackageManager( 1915): Unknown package com.google.android.apps.docs.editors.sheets in sysconfig <app-link>
06-22 07:44:14.387 W/PackageManager( 1915): Unknown package com.google.android.apps.docs.editors.slides in sysconfig <app-link>
06-22 07:44:14.387 W/PackageManager( 1915): Sysconfig <app-link> package 'com.android.vending' does not handle web links
06-22 07:44:14.387 W/PackageManager( 1915): Unknown package com.google.android.apps.plus in sysconfig <app-link>
06-22 07:44:14.388 W/PackageManager( 1915): Unknown package com.google.android.apps.tycho in sysconfig <app-link>
06-22 07:44:14.388 W/PackageManager( 1915): Unknown package com.google.android.talk in sysconfig <app-link>
06-22 07:44:14.388 V/PackageManager( 1915): reconcileAppsData for null u0 0x1 migrateAppData=true
06-22 07:44:14.389 I/SELinux ( 1755): SELinux: Loaded file_contexts
06-22 07:44:14.410 V/PackageManager( 1915): reconcileAppsData finished 20 packages
06-22 07:44:14.410 D/SystemServerInitThreadPool( 1915): Started executing prepareAppData
06-22 07:44:14.411 D/SystemServerTimingAsync( 1915): AppDataFixup took to complete: 1ms
06-22 07:44:14.422 I/SELinux ( 1915): SELinux: Loaded file_contexts
06-22 07:44:14.426 E/PackageManager( 1915): There should probably be a verifier, but, none were found
06-22 07:44:14.426 V/PackageManager( 1915): Ephemeral resolver found; pkg: com.google.android.gms, info:ResolveInfo{f38fb5f com.google.android.gms/.chimera.PersistentBoundBrokerService m=0x108000}
06-22 07:44:14.426 D/PackageManager( 1915): Set ephemeral resolver: Pair{ComponentInfo{com.google.android.gms/com.google.android.gms.chimera.PersistentBoundBrokerService} android.intent.action.RESOLVE_INSTANT_APP_PACKAGE}
06-22 07:44:14.427 D/PackageManager( 1915): Instant App installer not found with android.intent.action.INSTALL_INSTANT_APP_PACKAGE
06-22 07:44:14.427 D/PackageManager( 1915): Clear ephemeral installer activity
06-22 07:44:14.453 I/system_server( 1915): Explicit concurrent copying GC freed 202073(16MB) AllocSpace objects, 154(4964KB) LOS objects, 42% free, 6471KB/11MB, paused 553us total 21.612ms
06-22 07:44:14.458 I/Watchdog( 1915): Resuming HandlerChecker: main thread for reason: packagemanagermain. Pause count: 0
06-22 07:44:14.459 D/SystemServerTiming( 1915): StartPackageManagerService took to complete: 1184ms
06-22 07:44:14.459 I/SystemServer( 1915): StartOtaDexOptService
06-22 07:44:14.459 I/Watchdog( 1915): Pausing HandlerChecker: main thread for reason: moveab. Pause count: 1
06-22 07:44:14.460 D/OTADexopt( 1915): No upgrade, skipping A/B artifacts check.
06-22 07:44:14.460 I/Watchdog( 1915): Resuming HandlerChecker: main thread for reason: moveab. Pause count: 0
06-22 07:44:14.460 D/SystemServerTiming( 1915): StartOtaDexOptService took to complete: 1ms
06-22 07:44:14.460 I/SystemServer( 1915): StartUserManagerService
06-22 07:44:14.460 I/SystemServiceManager( 1915): Starting com.android.server.pm.UserManagerService$LifeCycle
06-22 07:44:14.460 D/SystemServerTiming( 1915): StartUserManagerService took to complete: 1ms
06-22 07:44:14.460 I/SystemServer( 1915): InitAttributerCache
06-22 07:44:14.461 D/SystemServerTiming( 1915): InitAttributerCache took to complete: 0ms
06-22 07:44:14.461 I/SystemServer( 1915): SetSystemProcess
06-22 07:44:14.465 I/lowmemorykiller( 1718): lmkd data connection established
06-22 07:44:14.465 D/SystemServerTiming( 1915): SetSystemProcess took to complete: 5ms
06-22 07:44:14.465 I/SystemServer( 1915): InitWatchdog
06-22 07:44:14.466 D/SystemServerTiming( 1915): InitWatchdog took to complete: 0ms
06-22 07:44:14.466 I/SystemServer( 1915): StartOverlayManagerService
06-22 07:44:14.481 I/        ( 1751): Waiting for sensor privacy service
06-22 07:44:14.481 I/        ( 1708): Waiting for sensor privacy service
06-22 07:44:14.489 I/storaged( 1768): storaged: Start
06-22 07:44:14.638 D/SystemServerTimingAsync( 1915): AppDataPrepare took to complete: 227ms
06-22 07:44:14.638 I/PackageManager( 1915): Deferred reconcileAppsData finished 157 packages
06-22 07:44:14.638 D/SystemServerInitThreadPool( 1915): Finished executing prepareAppData
06-22 07:44:14.665 D/SystemServerTiming( 1915): StartOverlayManagerService took to complete: 198ms
06-22 07:44:14.665 I/SystemServer( 1915): StartSensorPrivacyService
06-22 07:44:14.665 D/SystemServerTiming( 1915): StartSensorPrivacyService took to complete: 1ms
06-22 07:44:14.666 D/SystemServerInitThreadPool( 1915): Started executing StartSensorService
06-22 07:44:14.666 D/SensorService( 1915): nuSensorService starting...
06-22 07:44:14.666 I/SystemServer( 1915): StartBatteryService
06-22 07:44:14.666 I/SystemServiceManager( 1915): Starting com.android.server.BatteryService
06-22 07:44:14.667 I/hwservicemanager( 1568): getTransport: Cannot find entry android.hardware.sensors@2.0::ISensors/default in either framework or device manifest.
06-22 07:44:14.668 I/SensorService( 1915): Reported power 0.000000 not deemed sane, clamping to 0.001000
06-22 07:44:14.668 I/android_os_HwBinder( 1915): HwBinder: Starting thread pool for getting: android.hardware.health@2.0::IHealth/default
06-22 07:44:14.670 I/SensorService( 1915): Generated new HMAC key.
06-22 07:44:14.670 D/SensorService( 1915): nuSensorService thread starting...
06-22 07:44:14.670 D/SensorService( 1915): new thread SensorEventAckReceiver
06-22 07:44:14.671 D/SystemServerTimingAsync( 1915): StartSensorService took to complete: 5ms
06-22 07:44:14.671 D/SystemServerInitThreadPool( 1915): Finished executing StartSensorService
06-22 07:44:14.677 I/android_os_HwBinder( 1915): HwBinder: Starting thread pool for getting: android.hidl.manager@1.0::IServiceManager/default
06-22 07:44:14.677 I/HealthServiceWrapper( 1915): health: HealthServiceWrapper listening to instance default
06-22 07:44:14.677 I/BatteryService( 1915): health: Waited 0ms and received the update.
06-22 07:44:14.678 D/SystemServerTiming( 1915): StartBatteryService took to complete: 12ms
06-22 07:44:14.678 I/SystemServer( 1915): StartUsageService
06-22 07:44:14.678 I/SystemServiceManager( 1915): Starting com.android.server.usage.UsageStatsService
06-22 07:44:14.679 I/android_os_HwBinder( 1915): HwBinder: Starting thread pool for getting: android.hardware.health@2.0::IHealth/default
06-22 07:44:14.685 I/hwservicemanager( 1568): getTransport: Cannot find entry android.hardware.soundtrigger@2.0::ISoundTriggerHw/default in either framework or device manifest.
06-22 07:44:14.685 E/SoundTriggerHwService( 1708): could not read implementation properties
06-22 07:44:14.685 I/ServiceManagement( 1751): Registered android.frameworks.cameraservice.service@2.0::ICameraService/default (start delay of 3836ms)
06-22 07:44:14.688 I/UsageStatsDatabase( 1915): Upgrading from version 0 to 4
06-22 07:44:14.688 I/UsageStatsDatabase( 1915): Deleting all usage stats files
06-22 07:44:14.689 I/UsageStatsService( 1915): User[0] Rollover scheduled @ 2026-06-23 07:44:14(1782200654685)
06-22 07:44:14.690 D/SystemServerTiming( 1915): StartUsageService took to complete: 12ms
06-22 07:44:14.690 I/SystemServer( 1915): StartWebViewUpdateService
06-22 07:44:14.690 I/SystemServiceManager( 1915): Starting com.android.server.webkit.WebViewUpdateService
06-22 07:44:14.693 D/SystemServerTiming( 1915): StartWebViewUpdateService took to complete: 3ms
06-22 07:44:14.693 I/SystemServer( 1915): StartCachedDeviceStateService
06-22 07:44:14.693 I/SystemServiceManager( 1915): Starting com.android.server.CachedDeviceStateService
06-22 07:44:14.693 D/SystemServerTiming( 1915): StartCachedDeviceStateService took to complete: 0ms
06-22 07:44:14.693 I/SystemServer( 1915): StartBinderCallsStatsService
06-22 07:44:14.693 I/SystemServiceManager( 1915): Starting com.android.server.BinderCallsStatsService$LifeCycle
06-22 07:44:14.693 D/SystemServerTiming( 1915): StartBinderCallsStatsService took to complete: 0ms
06-22 07:44:14.693 I/SystemServer( 1915): StartLooperStatsService
06-22 07:44:14.693 I/SystemServiceManager( 1915): Starting com.android.server.LooperStatsService$Lifecycle
06-22 07:44:14.694 D/SystemServerTiming( 1915): StartLooperStatsService took to complete: 0ms
06-22 07:44:14.694 I/SystemServer( 1915): StartRollbackManagerService
06-22 07:44:14.694 I/SystemServiceManager( 1915): Starting com.android.server.rollback.RollbackManagerService
06-22 07:44:14.695 D/installd( 1755): Found quota mount /dev/block/vdc at /data
06-22 07:44:14.697 D/SystemServerTiming( 1915): StartRollbackManagerService took to complete: 3ms
06-22 07:44:14.697 I/SystemServer( 1915): StartBugreportManagerService
06-22 07:44:14.697 I/SystemServiceManager( 1915): Starting com.android.server.os.BugreportManagerService
06-22 07:44:14.698 D/SystemServerTiming( 1915): StartBugreportManagerService took to complete: 0ms
06-22 07:44:14.698 I/SystemServer( 1915): GpuService
06-22 07:44:14.698 I/SystemServiceManager( 1915): Starting com.android.server.gpu.GpuService
06-22 07:44:14.698 D/SystemServerTiming( 1915): GpuService took to complete: 0ms
06-22 07:44:14.698 D/SystemServerInitThreadPool( 1915): Started executing SecondaryZygotePreload
06-22 07:44:14.698 I/SystemServer( 1915): SecondaryZygotePreload
06-22 07:44:14.699 I/SystemServer( 1915): StartKeyAttestationApplicationIdProviderService
06-22 07:44:14.699 D/SystemServerTiming( 1915): StartKeyAttestationApplicationIdProviderService took to complete: 0ms
06-22 07:44:14.699 I/SystemServer( 1915): StartKeyChainSystemService
06-22 07:44:14.699 I/SystemServiceManager( 1915): Starting com.android.server.security.KeyChainSystemService
06-22 07:44:14.699 D/SystemServerTiming( 1915): StartKeyChainSystemService took to complete: 0ms
06-22 07:44:14.699 I/SystemServer( 1915): StartSchedulingPolicyService
06-22 07:44:14.699 D/SystemServerInitThreadPool( 1915): Started executing SchedulingPolicyService.<init>
06-22 07:44:14.700 D/SystemServerTiming( 1915): StartSchedulingPolicyService took to complete: 1ms
06-22 07:44:14.700 I/SystemServer( 1915): StartTelecomLoaderService
06-22 07:44:14.700 I/SystemServiceManager( 1915): Starting com.android.server.telecom.TelecomLoaderService
06-22 07:44:14.701 I/SchedulingPolicyService( 1915): Moving 1774 back to group default
06-22 07:44:14.702 D/SystemServerInitThreadPool( 1915): Finished executing SchedulingPolicyService.<init>
06-22 07:44:14.702 D/SystemServerTiming( 1915): StartTelecomLoaderService took to complete: 2ms
06-22 07:44:14.702 I/SystemServer( 1915): StartTelephonyRegistry
06-22 07:44:14.702 D/SystemServerTiming( 1915): StartTelephonyRegistry took to complete: 1ms
06-22 07:44:14.702 I/SystemServer( 1915): StartEntropyMixer
06-22 07:44:14.703 W/EntropyMixer( 1915): No existing entropy file -- first boot?
06-22 07:44:14.712 I/EntropyMixer( 1915): Added HW RNG output to entropy pool
06-22 07:44:14.712 I/EntropyMixer( 1915): Writing entropy...
06-22 07:44:14.715 D/SystemServerTiming( 1915): StartEntropyMixer took to complete: 12ms
06-22 07:44:14.715 I/SystemServer( 1915): StartAccountManagerService
06-22 07:44:14.715 I/SystemServiceManager( 1915): Starting com.android.server.accounts.AccountManagerService$Lifecycle
06-22 07:44:14.717 D/SystemServerTiming( 1915): StartAccountManagerService took to complete: 3ms
06-22 07:44:14.717 I/SystemServer( 1915): StartContentService
06-22 07:44:14.718 I/SystemServiceManager( 1915): Starting com.android.server.content.ContentService$Lifecycle
06-22 07:44:14.720 D/SystemServerTiming( 1915): StartContentService took to complete: 3ms
06-22 07:44:14.720 I/SystemServer( 1915): InstallSystemProviders
06-22 07:44:14.724 I/system_server( 1915): The ClassLoaderContext is a special shared library.
06-22 07:44:14.749 I/SettingsState( 1915): No settings state /data/system/users/0/settings_system.xml
06-22 07:44:14.753 I/SettingsState( 1915): No settings state /data/system/users/0/settings_secure.xml
06-22 07:44:14.756 D/SettingsProvider( 1915): Generated and saved new ANDROID_ID [d6a2e0970c3f1e4c] for user 0
06-22 07:44:14.757 I/SettingsState( 1915): No settings state /data/system/users/0/settings_global.xml
06-22 07:44:14.760 I/Zygote  ( 1663): Lazily preloading resources.
06-22 07:44:14.760 D/Zygote  ( 1663): begin preload
06-22 07:44:14.760 I/Zygote  ( 1663): Calling ZygoteHooks.beginPreload()
06-22 07:44:14.767 D/ZygoteInitTiming_lazy( 1663): BeginPreload took to complete: 7ms
06-22 07:44:14.767 I/Zygote  ( 1663): Preloading classes...
06-22 07:44:14.767 W/Zygote  ( 1663): Class not found for preloading: android.app.-$$Lambda$ActivityThread$ZXDWm3IBeFmLnFVblhB-IOZCr9o
06-22 07:44:14.771 D/SettingsProvider( 1915): Setting [com.google.android.gms/.autofill.service.AutofillService] as Autofill Service for user 0
06-22 07:44:14.783 I/SettingsState( 1915): No settings state /data/system/users/0/settings_config.xml
06-22 07:44:14.783 I/SettingsState( 1915): No settings state /data/system/users/0/settings_ssaid.xml
06-22 07:44:14.787 D/SystemServerTiming( 1915): InstallSystemProviders took to complete: 66ms
06-22 07:44:14.787 I/SystemServer( 1915): StartDropBoxManager
06-22 07:44:14.787 I/SystemServiceManager( 1915): Starting com.android.server.DropBoxManagerService
06-22 07:44:14.787 D/SystemServerTiming( 1915): StartDropBoxManager took to complete: 0ms
06-22 07:44:14.787 I/SystemServer( 1915): StartVibratorService
06-22 07:44:14.788 I/hwservicemanager( 1568): getTransport: Cannot find entry android.hardware.vibrator@1.0::IVibrator/default in either framework or device manifest.
06-22 07:44:14.788 I/hwservicemanager( 1568): getTransport: Cannot find entry android.hardware.vibrator@1.0::IVibrator/default in either framework or device manifest.
06-22 07:44:14.788 E/VibratorService( 1915): vibratorOff command failed (1).
06-22 07:44:14.788 I/hwservicemanager( 1568): getTransport: Cannot find entry android.hardware.vibrator@1.0::IVibrator/default in either framework or device manifest.
06-22 07:44:14.788 I/hwservicemanager( 1568): getTransport: Cannot find entry android.hardware.vibrator@1.3::IVibrator/default in either framework or device manifest.
06-22 07:44:14.789 D/SystemServerTiming( 1915): StartVibratorService took to complete: 1ms
06-22 07:44:14.789 I/SystemServer( 1915): StartDynamicSystemService
06-22 07:44:14.789 D/SystemServerTiming( 1915): StartDynamicSystemService took to complete: 1ms
06-22 07:44:14.789 I/SystemServer( 1915): StartConsumerIrService
06-22 07:44:14.790 I/hwservicemanager( 1568): getTransport: Cannot find entry android.hardware.ir@1.0::IConsumerIr/default in either framework or device manifest.
06-22 07:44:14.790 D/SystemServerTiming( 1915): StartConsumerIrService took to complete: 0ms
06-22 07:44:14.790 I/SystemServer( 1915): StartAlarmManagerService
06-22 07:44:14.791 D/AlarmManagerService( 1915): Kernel timezone updated to 0 minutes west of GMT
06-22 07:44:14.792 D/SystemServerTiming( 1915): StartAlarmManagerService took to complete: 2ms
06-22 07:44:14.792 I/SystemServer( 1915): StartInputManagerService
06-22 07:44:14.792 I/InputManager( 1915): Initializing input manager, mUseDevInputEventForAudioJack=true
06-22 07:44:14.793 I/InputClassifier( 1915): Deep press feature enabled.
06-22 07:44:14.793 I/hwservicemanager( 1568): getTransport: Cannot find entry android.hardware.input.classifier@1.0::IInputClassifier/default in either framework or device manifest.
06-22 07:44:14.793 I/InputClassifier( 1915): Could not obtain InputClassifier HAL
06-22 07:44:14.793 D/SystemServerTiming( 1915): StartInputManagerService took to complete: 1ms
06-22 07:44:14.793 I/SystemServer( 1915): StartWindowManagerService
06-22 07:44:14.795 I/WindowManager( 1915): No existing display settings, starting empty
06-22 07:44:14.798 I/WindowTracing( 1915): Setting window tracing log level to 1
06-22 07:44:14.798 I/WindowTracing( 1915): Setting window tracing buffer capacity to 2097152bytes
06-22 07:44:14.801 D/SystemServerTiming( 1915): StartWindowManagerService took to complete: 7ms
06-22 07:44:14.801 I/SystemServer( 1915): SetWindowManagerService
06-22 07:44:14.802 I/DropBoxManagerService( 1915): add tag=system_server_strictmode isTagEnabled=true flags=0x2
06-22 07:44:14.806 E/InputClassifier( 1915): InputClassifier HAL has died. Setting mMotionClassifier to null
06-22 07:44:14.803 I/DropBoxManagerService( 1915): add tag=system_server_strictmode isTagEnabled=true flags=0x2
06-22 07:44:14.815 D/SystemServerTiming( 1915): SetWindowManagerService took to complete: 14ms
06-22 07:44:14.815 I/SystemServer( 1915): WindowManagerServiceOnInitReady
06-22 07:44:14.818 W/ShortcutManager( 1915): Unable to add bookmark: com.google.android.talk/com.google.android.talk.SigningInActivity
06-22 07:44:14.818 W/ShortcutManager( 1915): android.content.pm.PackageManager$NameNotFoundException: ComponentInfo{com.google.android.talk/com.google.android.talk.SigningInActivity}
06-22 07:44:14.818 W/ShortcutManager( 1915): 	at android.app.ApplicationPackageManager.getActivityInfo(ApplicationPackageManager.java:456)
06-22 07:44:14.818 W/ShortcutManager( 1915): 	at com.android.server.policy.ShortcutManager.loadShortcuts(ShortcutManager.java:142)
06-22 07:44:14.818 W/ShortcutManager( 1915): 	at com.android.server.policy.ShortcutManager.<init>(ShortcutManager.java:62)
06-22 07:44:14.818 W/ShortcutManager( 1915): 	at com.android.server.policy.PhoneWindowManager.init(PhoneWindowManager.java:1797)
06-22 07:44:14.818 W/ShortcutManager( 1915): 	at com.android.server.wm.WindowManagerService$5.run(WindowManagerService.java:988)
06-22 07:44:14.818 W/ShortcutManager( 1915): 	at android.os.Handler$BlockingRunnable.run(Handler.java:906)
06-22 07:44:14.818 W/ShortcutManager( 1915): 	at android.os.Handler.handleCallback(Handler.java:883)
06-22 07:44:14.818 W/ShortcutManager( 1915): 	at android.os.Handler.dispatchMessage(Handler.java:100)
06-22 07:44:14.818 W/ShortcutManager( 1915): 	at android.os.Looper.loop(Looper.java:214)
06-22 07:44:14.818 W/ShortcutManager( 1915): 	at android.os.HandlerThread.run(HandlerThread.java:67)
06-22 07:44:14.818 W/ShortcutManager( 1915): 	at com.android.server.ServiceThread.run(ServiceThread.java:44)
06-22 07:44:14.818 W/ShortcutManager( 1915): 	at com.android.server.UiThread.run(UiThread.java:43)
06-22 07:44:14.820 D/SystemServerTiming( 1915): WindowManagerServiceOnInitReady took to complete: 5ms
06-22 07:44:14.820 I/SystemServer( 1915): StartInputManager
06-22 07:44:14.820 I/InputManager( 1915): Starting input manager
06-22 07:44:14.821 D/SystemServerTiming( 1915): StartInputManager took to complete: 0ms
06-22 07:44:14.821 I/SystemServer( 1915): DisplayManagerWindowManagerAndInputReady
06-22 07:44:14.821 D/SystemServerInitThreadPool( 1915): Started executing StartHidlServices
06-22 07:44:14.821 D/SystemServerTiming( 1915): DisplayManagerWindowManagerAndInputReady took to complete: 0ms
06-22 07:44:14.821 I/SystemServer( 1915): No Bluetooth Service (Bluetooth Hardware Not Present)
06-22 07:44:14.821 I/SystemServer( 1915): IpConnectivityMetrics
06-22 07:44:14.821 I/SystemServiceManager( 1915): Starting com.android.server.connectivity.IpConnectivityMetrics
06-22 07:44:14.821 I/ServiceManagement( 1915): Registered android.frameworks.sensorservice@1.0::ISensorManager/default (start delay of 1864ms)
06-22 07:44:14.822 I/ServiceManagement( 1915): Registered android.frameworks.schedulerservice@1.0::ISchedulingPolicyService/default (start delay of 1864ms)
06-22 07:44:14.822 D/SystemServerTimingAsync( 1915): StartHidlServices took to complete: 1ms
06-22 07:44:14.822 D/SystemServerInitThreadPool( 1915): Finished executing StartHidlServices
06-22 07:44:14.823 D/SystemServerTiming( 1915): IpConnectivityMetrics took to complete: 2ms
06-22 07:44:14.823 I/SystemServer( 1915): NetworkWatchlistService
06-22 07:44:14.823 I/SystemServiceManager( 1915): Starting com.android.server.net.watchlist.NetworkWatchlistService$Lifecycle
06-22 07:44:14.826 I/EventHub( 1915): wakeMechanism=EPOLLWAKEUP, usingClockIoctl=true
06-22 07:44:14.826 I/EventHub( 1915): New device: id=1, fd=125, path='/dev/input/event1', name='virtio_input_multi_touch_1', classes=0x94, configuration='/vendor/usr/idc/virtio_input_multi_touch_1.idc', keyLayout='', keyCharacterMap='', builtinKeyboard=false, 
06-22 07:44:14.826 I/EventHub( 1915): wakeMechanism=EPOLLWAKEUP, usingClockIoctl=true
06-22 07:44:14.826 I/EventHub( 1915): New device: id=2, fd=128, path='/dev/input/event11', name='virtio_input_multi_touch_11', classes=0x94, configuration='/vendor/usr/idc/virtio_input_multi_touch_11.idc', keyLayout='', keyCharacterMap='', builtinKeyboard=false, 
06-22 07:44:14.826 D/SystemServerTiming( 1915): NetworkWatchlistService took to complete: 3ms
06-22 07:44:14.826 I/SystemServer( 1915): PinnerService
06-22 07:44:14.826 I/SystemServiceManager( 1915): Starting com.android.server.PinnerService
06-22 07:44:14.826 I/EventHub( 1915): wakeMechanism=EPOLLWAKEUP, usingClockIoctl=true
06-22 07:44:14.826 I/EventHub( 1915): New device: id=3, fd=129, path='/dev/input/event5', name='virtio_input_multi_touch_5', classes=0x94, configuration='/vendor/usr/idc/virtio_input_multi_touch_5.idc', keyLayout='', keyCharacterMap='', builtinKeyboard=false, 
06-22 07:44:14.827 I/EventHub( 1915): wakeMechanism=EPOLLWAKEUP, usingClockIoctl=true
06-22 07:44:14.827 I/EventHub( 1915): New device: id=4, fd=130, path='/dev/input/event2', name='virtio_input_multi_touch_2', classes=0x94, configuration='/vendor/usr/idc/virtio_input_multi_touch_2.idc', keyLayout='', keyCharacterMap='', builtinKeyboard=false, 
06-22 07:44:14.827 I/EventHub( 1915): wakeMechanism=EPOLLWAKEUP, usingClockIoctl=true
06-22 07:44:14.827 I/EventHub( 1915): New device: id=5, fd=131, path='/dev/input/event6', name='virtio_input_multi_touch_6', classes=0x94, configuration='/vendor/usr/idc/virtio_input_multi_touch_6.idc', keyLayout='', keyCharacterMap='', builtinKeyboard=false, 
06-22 07:44:14.827 D/SystemServerTiming( 1915): PinnerService took to complete: 1ms
06-22 07:44:14.827 I/SystemServer( 1915): SignedConfigService
06-22 07:44:14.827 I/EventHub( 1915): wakeMechanism=EPOLLWAKEUP, usingClockIoctl=true
06-22 07:44:14.827 I/EventHub( 1915): New device: id=6, fd=132, path='/dev/input/event3', name='virtio_input_multi_touch_3', classes=0x94, configuration='/vendor/usr/idc/virtio_input_multi_touch_3.idc', keyLayout='', keyCharacterMap='', builtinKeyboard=false, 
06-22 07:44:14.827 D/SystemServerTiming( 1915): SignedConfigService took to complete: 0ms
06-22 07:44:14.828 D/EventHub( 1915): No input device configuration file found for device 'AT Translated Set 2 keyboard'.
06-22 07:44:14.829 I/WatchlistLoggingHandler( 1915): Start aggregating watchlist records.
06-22 07:44:14.830 I/EventHub( 1915): wakeMechanism=EPOLLWAKEUP, usingClockIoctl=true
06-22 07:44:14.830 I/EventHub( 1915): New device: id=7, fd=133, path='/dev/input/event12', name='AT Translated Set 2 keyboard', classes=0x3, configuration='', keyLayout='/system/usr/keylayout/Generic.kl', keyCharacterMap='/system/usr/keychars/Generic.kcm', builtinKeyboard=false, 
06-22 07:44:14.830 D/EventHub( 1915): No input device configuration file found for device 'Power Button'.
06-22 07:44:14.830 W/EventHub( 1915): Unable to disable kernel key repeat for /dev/input/event0: Function not implemented
06-22 07:44:14.830 I/EventHub( 1915): wakeMechanism=EPOLLWAKEUP, usingClockIoctl=true
06-22 07:44:14.830 I/EventHub( 1915): New device: id=8, fd=135, path='/dev/input/event0', name='Power Button', classes=0x1, configuration='', keyLayout='/system/usr/keylayout/Generic.kl', keyCharacterMap='/system/usr/keychars/Generic.kcm', builtinKeyboard=false, 
06-22 07:44:14.831 I/EventHub( 1915): wakeMechanism=EPOLLWAKEUP, usingClockIoctl=true
06-22 07:44:14.831 I/EventHub( 1915): New device: id=9, fd=136, path='/dev/input/event10', name='virtio_input_multi_touch_10', classes=0x94, configuration='/vendor/usr/idc/virtio_input_multi_touch_10.idc', keyLayout='', keyCharacterMap='', builtinKeyboard=false, 
06-22 07:44:14.831 I/EventHub( 1915): wakeMechanism=EPOLLWAKEUP, usingClockIoctl=true
06-22 07:44:14.831 I/EventHub( 1915): New device: id=10, fd=137, path='/dev/input/event7', name='virtio_input_multi_touch_7', classes=0x94, configuration='/vendor/usr/idc/virtio_input_multi_touch_7.idc', keyLayout='', keyCharacterMap='', builtinKeyboard=false, 
06-22 07:44:14.831 I/EventHub( 1915): wakeMechanism=EPOLLWAKEUP, usingClockIoctl=true
06-22 07:44:14.831 I/EventHub( 1915): New device: id=11, fd=139, path='/dev/input/event4', name='virtio_input_multi_touch_4', classes=0x94, configuration='/vendor/usr/idc/virtio_input_multi_touch_4.idc', keyLayout='', keyCharacterMap='', builtinKeyboard=false, 
06-22 07:44:14.832 I/EventHub( 1915): wakeMechanism=EPOLLWAKEUP, usingClockIoctl=true
06-22 07:44:14.832 I/EventHub( 1915): New device: id=12, fd=140, path='/dev/input/event8', name='virtio_input_multi_touch_8', classes=0x94, configuration='/vendor/usr/idc/virtio_input_multi_touch_8.idc', keyLayout='', keyCharacterMap='', builtinKeyboard=false, 
06-22 07:44:14.833 I/EventHub( 1915): wakeMechanism=EPOLLWAKEUP, usingClockIoctl=true
06-22 07:44:14.833 I/EventHub( 1915): New device: id=13, fd=141, path='/dev/input/event9', name='virtio_input_multi_touch_9', classes=0x94, configuration='/vendor/usr/idc/virtio_input_multi_touch_9.idc', keyLayout='', keyCharacterMap='', builtinKeyboard=false, 
06-22 07:44:14.833 I/EventHub( 1915): wakeMechanism=EPOLLWAKEUP, usingClockIoctl=true
06-22 07:44:14.833 I/EventHub( 1915): New device: id=14, fd=142, path='/dev/input/event13', name='goldfish_rotary', classes=0x1000, configuration='/vendor/usr/idc/goldfish_rotary.idc', keyLayout='', keyCharacterMap='', builtinKeyboard=false, 
06-22 07:44:14.835 I/InputReader( 1915): Device added: id=-1, name='Virtual', sources=0x00000301
06-22 07:44:14.835 I/InputReader( 1915): Device added: id=14, name='goldfish_rotary', sources=0x00400000
06-22 07:44:14.835 I/InputReader( 1915): Touch device 'virtio_input_multi_touch_9' could not query the properties of its associated display.  The device will be inoperable until the display size becomes available.
06-22 07:44:14.835 I/InputReader( 1915): Device added: id=13, name='virtio_input_multi_touch_9', sources=0x80005002
06-22 07:44:14.835 I/InputReader( 1915): Touch device 'virtio_input_multi_touch_8' could not query the properties of its associated display.  The device will be inoperable until the display size becomes available.
06-22 07:44:14.836 I/InputReader( 1915): Device added: id=12, name='virtio_input_multi_touch_8', sources=0x80005002
06-22 07:44:14.836 I/InputReader( 1915): Touch device 'virtio_input_multi_touch_4' could not query the properties of its associated display.  The device will be inoperable until the display size becomes available.
06-22 07:44:14.836 I/InputReader( 1915): Device added: id=11, name='virtio_input_multi_touch_4', sources=0x80005002
06-22 07:44:14.836 I/InputReader( 1915): Touch device 'virtio_input_multi_touch_7' could not query the properties of its associated display.  The device will be inoperable until the display size becomes available.
06-22 07:44:14.836 I/InputReader( 1915): Device added: id=10, name='virtio_input_multi_touch_7', sources=0x80005002
06-22 07:44:14.836 I/InputReader( 1915): Touch device 'virtio_input_multi_touch_10' could not query the properties of its associated display.  The device will be inoperable until the display size becomes available.
06-22 07:44:14.836 I/InputReader( 1915): Device added: id=9, name='virtio_input_multi_touch_10', sources=0x80005002
06-22 07:44:14.836 I/InputReader( 1915): Device added: id=8, name='Power Button', sources=0x00000101
06-22 07:44:14.836 I/InputReader( 1915): Device added: id=7, name='AT Translated Set 2 keyboard', sources=0x00000101
06-22 07:44:14.836 I/InputReader( 1915): Touch device 'virtio_input_multi_touch_3' could not query the properties of its associated display.  The device will be inoperable until the display size becomes available.
06-22 07:44:14.836 I/InputReader( 1915): Device added: id=6, name='virtio_input_multi_touch_3', sources=0x80005002
06-22 07:44:14.836 I/InputReader( 1915): Touch device 'virtio_input_multi_touch_6' could not query the properties of its associated display.  The device will be inoperable until the display size becomes available.
06-22 07:44:14.836 I/InputReader( 1915): Device added: id=5, name='virtio_input_multi_touch_6', sources=0x80005002
06-22 07:44:14.836 I/InputReader( 1915): Touch device 'virtio_input_multi_touch_2' could not query the properties of its associated display.  The device will be inoperable until the display size becomes available.
06-22 07:44:14.836 I/InputReader( 1915): Device added: id=4, name='virtio_input_multi_touch_2', sources=0x80005002
06-22 07:44:14.836 I/InputReader( 1915): Touch device 'virtio_input_multi_touch_5' could not query the properties of its associated display.  The device will be inoperable until the display size becomes available.
06-22 07:44:14.836 I/InputReader( 1915): Device added: id=3, name='virtio_input_multi_touch_5', sources=0x80005002
06-22 07:44:14.836 I/InputReader( 1915): Touch device 'virtio_input_multi_touch_11' could not query the properties of its associated display.  The device will be inoperable until the display size becomes available.
06-22 07:44:14.836 I/InputReader( 1915): Device added: id=2, name='virtio_input_multi_touch_11', sources=0x80005002
06-22 07:44:14.836 I/InputReader( 1915): Touch device 'virtio_input_multi_touch_1' could not query the properties of its associated display.  The device will be inoperable until the display size becomes available.
06-22 07:44:14.836 I/InputReader( 1915): Device added: id=1, name='virtio_input_multi_touch_1', sources=0x80005002
06-22 07:44:14.844 I/WindowManager( 1915): SAFE MODE not enabled
06-22 07:44:14.844 I/SystemServer( 1915): StartInputMethodManagerLifecycle
06-22 07:44:14.844 I/SystemServiceManager( 1915): Starting com.android.server.inputmethod.InputMethodManagerService$Lifecycle
06-22 07:44:14.848 D/SystemServerTiming( 1915): StartInputMethodManagerLifecycle took to complete: 4ms
06-22 07:44:14.848 I/SystemServer( 1915): StartAccessibilityManagerService
06-22 07:44:14.849 I/SystemServiceManager( 1915): Starting com.android.server.accessibility.AccessibilityManagerService$Lifecycle
06-22 07:44:14.849 D/SystemServerTiming( 1915): StartAccessibilityManagerService took to complete: 0ms
06-22 07:44:14.849 I/SystemServer( 1915): MakeDisplayReady
06-22 07:44:14.849 W/InputReader( 1915): Device has associated, but no associated display id.
06-22 07:44:14.850 I/ActivityTaskManager( 1915): Config changes=20005df8 {1.0 ?mcc?mnc [en_US] ldltr sw320dp w320dp h616dp 160dpi nrml long port ?uimode ?night finger qwerty/v/v -nav/h winConfig={ mBounds=Rect(0, 0 - 320, 640) mAppBounds=Rect(0, 0 - 320, 640) mWindowingMode=fullscreen mDisplayWindowingMode=fullscreen mActivityType=undefined mAlwaysOnTop=undefined mRotation=ROTATION_0} s.2}
06-22 07:44:14.851 I/ActivityTaskManager( 1915): Override config changes=60007dfc {1.0 ?mcc?mnc [en_US] ldltr sw320dp w320dp h616dp 160dpi nrml long port ?uimode ?night finger qwerty/v/v -nav/h winConfig={ mBounds=Rect(0, 0 - 320, 640) mAppBounds=Rect(0, 0 - 320, 640) mWindowingMode=fullscreen mDisplayWindowingMode=fullscreen mActivityType=undefined mAlwaysOnTop=undefined mRotation=ROTATION_0} s.2} for displayId=0
06-22 07:44:14.853 D/SystemServerTiming( 1915): MakeDisplayReady took to complete: 4ms
06-22 07:44:14.853 I/SystemServer( 1915): StartStorageManagerService
06-22 07:44:14.853 I/SystemServiceManager( 1915): Starting com.android.server.StorageManagerService$Lifecycle
06-22 07:44:14.850 I/chatty  ( 1915): uid=1000 system_server identical 9 lines
06-22 07:44:14.850 W/InputReader( 1915): Device has associated, but no associated display id.
06-22 07:44:14.854 I/InputManager-JNI( 1915): Viewport [0] to add: local:0
06-22 07:44:14.855 I/InputReader( 1915): Reconfiguring input devices.  changes=0x00000004
06-22 07:44:14.855 I/InputReader( 1915): Device reconfigured: id=1, name='virtio_input_multi_touch_1', size 320x640, orientation 0, mode 1, display id 0
06-22 07:44:14.855 I/InputReader( 1915): Touch device 'virtio_input_multi_touch_11' could not query the properties of its associated display.  The device will be inoperable until the display size becomes available.
06-22 07:44:14.855 I/InputReader( 1915): Touch device 'virtio_input_multi_touch_5' could not query the properties of its associated display.  The device will be inoperable until the display size becomes available.
06-22 07:44:14.855 I/InputReader( 1915): Touch device 'virtio_input_multi_touch_2' could not query the properties of its associated display.  The device will be inoperable until the display size becomes available.
06-22 07:44:14.855 I/InputReader( 1915): Touch device 'virtio_input_multi_touch_6' could not query the properties of its associated display.  The device will be inoperable until the display size becomes available.
06-22 07:44:14.855 I/InputReader( 1915): Touch device 'virtio_input_multi_touch_3' could not query the properties of its associated display.  The device will be inoperable until the display size becomes available.
06-22 07:44:14.855 I/InputReader( 1915): Touch device 'virtio_input_multi_touch_10' could not query the properties of its associated display.  The device will be inoperable until the display size becomes available.
06-22 07:44:14.855 I/InputReader( 1915): Touch device 'virtio_input_multi_touch_7' could not query the properties of its associated display.  The device will be inoperable until the display size becomes available.
