06-18 07:51:38.115 I/ServiceManagement( 1671): Registered android.hardware.soundtrigger@2.0::ISoundTriggerHw/default (start delay of 685ms)
06-18 07:51:38.115 I/audiohalservice( 1671): Registration complete for android.hardware.soundtrigger@2.0::ISoundTriggerHw/default.
06-18 07:51:38.115 I/hwservicemanager( 1566): getTransport: Cannot find entry android.hardware.bluetooth.audio@2.0::IBluetoothAudioProvidersFactory/default in either framework or device manifest.
06-18 07:51:38.115 E/audiohalservice( 1671): Could not get passthrough implementation for android.hardware.bluetooth.audio@2.0::IBluetoothAudioProvidersFactory/default.
06-18 07:51:38.115 W/audiohalservice( 1671): Could not register Bluetooth Audio API 2.0
06-18 07:51:38.115 I/hwservicemanager( 1566): getTransport: Cannot find entry android.hardware.bluetooth.a2dp@1.0::IBluetoothAudioOffload/default in either framework or device manifest.
06-18 07:51:38.115 E/audiohalservice( 1671): Could not get passthrough implementation for android.hardware.bluetooth.a2dp@1.0::IBluetoothAudioOffload/default.
06-18 07:51:38.115 W/audiohalservice( 1671): Could not register Bluetooth audio offload 1.0
06-18 07:51:38.136 I/hwservicemanager( 1566): getTransport: Cannot find entry android.hardware.usb.gadget@1.0::IUsbGadget/default in either framework or device manifest.
06-18 07:51:38.140 I/usbd    ( 1798): Usb HAL not found
06-18 07:51:38.140 I/adbd    ( 1751): UsbFfsConnection constructed
06-18 07:51:38.156 D/libEGL  ( 1729): loaded /vendor/lib64/egl/libEGL_emulation.so
06-18 07:51:38.157 D/libEGL  ( 1729): loaded /vendor/lib64/egl/libGLESv1_CM_emulation.so
06-18 07:51:38.158 D/libEGL  ( 1729): loaded /vendor/lib64/egl/libGLESv2_emulation.so
06-18 07:51:38.164 D/HostConnection( 1729): HostConnection::get() New Host Connection established 0x71dfeef305a0, tid 1729
06-18 07:51:38.166 D/HostConnection( 1729): HostComposition ext ANDROID_EMU_CHECKSUM_HELPER_v1 ANDROID_EMU_native_sync_v2 ANDROID_EMU_dma_v1 ANDROID_EMU_direct_mem ANDROID_EMU_host_composition_v1 ANDROID_EMU_host_composition_v2 ANDROID_EMU_vulkan ANDROID_EMU_deferred_vulkan_commands ANDROID_EMU_vulkan_null_optional_strings ANDROID_EMU_vulkan_create_resources_with_requirements ANDROID_EMU_YUV_Cache ANDROID_EMU_vulkan_ignored_handles ANDROID_EMU_vulkan_free_memory_sync ANDROID_EMU_vulkan_shader_float16_int8 ANDROID_EMU_vulkan_async_queue_submit ANDROID_EMU_sync_buffer_data ANDROID_EMU_vulkan_async_qsri ANDROID_EMU_hwc_color_transform GL_OES_EGL_image_external_essl3 GL_OES_vertex_array_object GL_KHR_texture_compression_astc_ldr ANDROID_EMU_host_side_tracing ANDROID_EMU_gles_max_version_3_0 
06-18 07:51:38.175 D/android.hardware.biometrics.fingerprint@2.1-service( 1803): Opening fingerprint hal library...
06-18 07:51:38.178 D/FingerprintHal( 1803): ----------------> fingerprint_open ----------------->
06-18 07:51:38.178 D/FingerprintHal( 1803): ----------------> set_notify_callback ----------------->
06-18 07:51:38.178 D/FingerprintHal( 1803): fingerprint callback notification set
06-18 07:51:38.182 I/RenderEngine( 1729): EGL information:
06-18 07:51:38.182 I/RenderEngine( 1729): vendor    : Android
06-18 07:51:38.182 I/RenderEngine( 1729): version   : 1.4 Android META-EGL
06-18 07:51:38.182 I/RenderEngine( 1729): extensions: EGL_KHR_get_all_proc_addresses EGL_ANDROID_presentation_time EGL_KHR_swap_buffers_with_damage EGL_ANDROID_get_native_client_buffer EGL_ANDROID_front_buffer_auto_refresh EGL_ANDROID_get_frame_timestamps EGL_EXT_surface_SMPTE2086_metadata EGL_EXT_surface_CTA861_3_metadata EGL_KHR_image EGL_KHR_image_base EGL_KHR_gl_texture_2D_image EGL_KHR_fence_sync EGL_KHR_create_context EGL_ANDROID_image_native_buffer EGL_ANDROID_recordable 
06-18 07:51:38.183 I/RenderEngine( 1729): Client API: OpenGL_ES
06-18 07:51:38.183 I/RenderEngine( 1729): EGLSurface: 8-8-8-8, config=0x5
06-18 07:51:38.183 D/EGL_emulation( 1729): eglCreateContext: 0x71dfeef30640: maj 3 min 0 rcv 3
06-18 07:51:38.184 D/EGL_emulation( 1729): eglMakeCurrent: 0x71dfeef30640: ver 3 0 (tinfo 0x71dfeef1fd80)
06-18 07:51:38.189 I/RenderEngine( 1729): OpenGL ES informations:
06-18 07:51:38.189 I/RenderEngine( 1729): vendor    : Google (Google Inc.)
06-18 07:51:38.189 I/RenderEngine( 1729): renderer  : Android Emulator OpenGL ES Translator (Google SwiftShader)
06-18 07:51:38.189 I/RenderEngine( 1729): version   : OpenGL ES 3.0 (OpenGL ES 3.0 SwiftShader 4.0.0.1)
06-18 07:51:38.189 I/RenderEngine( 1729): extensions: GL_EXT_debug_marker GL_EXT_robustness GL_OES_EGL_sync GL_OES_EGL_image GL_OES_EGL_image_external GL_OES_depth24 GL_OES_depth32 GL_OES_element_index_uint GL_OES_texture_float GL_OES_texture_float_linear GL_OES_compressed_paletted_texture GL_OES_compressed_ETC1_RGB8_texture GL_OES_depth_texture GL_OES_texture_half_float GL_OES_texture_half_float_linear GL_OES_packed_depth_stencil GL_OES_vertex_half_float GL_OES_standard_derivatives GL_OES_texture_npot GL_OES_rgb8_rgba8 GL_EXT_color_buffer_float GL_EXT_color_buffer_half_float GL_EXT_texture_format_BGRA8888 GL_APPLE_texture_format_BGRA8888 ANDROID_EMU_CHECKSUM_HELPER_v1 ANDROID_EMU_native_sync_v2 ANDROID_EMU_dma_v1 ANDROID_EMU_direct_mem ANDROID_EMU_host_composition_v1 ANDROID_EMU_host_composition_v2 ANDROID_EMU_vulkan ANDROID_EMU_deferred_vulkan_commands ANDROID_EMU_vulkan_null_optional_strings ANDROID_EMU_vulkan_create_resources_with_requirements ANDROID_EMU_YUV_Cache ANDROID_EMU_vulkan_ignored_handles ANDROID_EMU_vulkan_free_memory_sync ANDROID_EM
06-18 07:51:38.189 I/RenderEngine( 1729): GL_MAX_TEXTURE_SIZE = 8192
06-18 07:51:38.189 I/RenderEngine( 1729): GL_MAX_VIEWPORT_DIMS = 8192
06-18 07:51:38.207 I/gatekeeperd( 1790): Starting gatekeeperd...
06-18 07:51:38.208 D/FingerprintHal( 1803): ----------------> listenerFunction ----------------->
06-18 07:51:38.210 I//system/bin/tombstoned( 1796): tombstoned successfully initialized
06-18 07:51:38.221 D/TetherController( 1663): Setting IP forward enable = 0
06-18 07:51:38.221 D/FirewallController( 1663): Could not read /proc/self/uid_map, max uid defaulting to 4294967294
06-18 07:51:38.224 I/ServiceManagement( 1803): Registered android.hardware.biometrics.fingerprint@2.1::IBiometricsFingerprint/default (start delay of 134ms)
06-18 07:51:38.224 I/ServiceManagement( 1803): Removing namespace from process name android.hardware.biometrics.fingerprint@2.1-service to fingerprint@2.1-service.
06-18 07:51:38.232 I/mediaserver( 1776): ServiceManager: 0xf6601740
06-18 07:51:38.243 E/netmgr  ( 1788): Failed to open QEMU pipe 'qemud:network': Invalid argument
06-18 07:51:38.252 I/AndroidRuntime( 1664): Using default boot image
06-18 07:51:38.252 I/AndroidRuntime( 1664): Leaving lock profiling enabled
06-18 07:51:38.253 I/ServiceManagement( 1781): Registered android.frameworks.stats@1.0::IStats/default (start delay of 273ms)
06-18 07:51:38.253 W/statsd  ( 1781): statscompanion service unavailable!
06-18 07:51:38.253 I/statsd  ( 1781): Statsd starts to listen to socket.
06-18 07:51:38.254 I/hwservicemanager( 1566): getTransport: Cannot find entry android.hardware.keymaster@4.0::IKeymasterDevice/default in either framework or device manifest.
06-18 07:51:38.255 I/keystore( 1767): found android.hardware.keymaster@3.0::IKeymasterDevice with interface name default and seclevel SOFTWARE
06-18 07:51:38.255 W/keystore( 1767): No secure Keymaster implementation found, but device offers insecure Keymaster HAL. Using as default.
06-18 07:51:38.268 I/zygote64( 1664): option[0]=-Xzygote
06-18 07:51:38.268 I/zygote64( 1664): option[1]=exit
06-18 07:51:38.268 I/zygote64( 1664): option[2]=vfprintf
06-18 07:51:38.268 I/zygote64( 1664): option[3]=sensitiveThread
06-18 07:51:38.268 I/zygote64( 1664): option[4]=-verbose:gc
06-18 07:51:38.268 I/zygote64( 1664): option[5]=-Xms4m
06-18 07:51:38.268 I/zygote64( 1664): option[6]=-Xmx512m
06-18 07:51:38.268 I/zygote64( 1664): option[7]=-Xusejit:true
06-18 07:51:38.268 I/zygote64( 1664): option[8]=-Xjitsaveprofilinginfo
06-18 07:51:38.268 I/zygote64( 1664): option[9]=-XjdwpOptions:suspend=n,server=y
06-18 07:51:38.268 I/zygote64( 1664): option[10]=-XjdwpProvider:default
06-18 07:51:38.268 I/zygote64( 1664): option[11]=-Xlockprofthreshold:500
06-18 07:51:38.268 I/zygote64( 1664): option[12]=-Ximage-compiler-option
06-18 07:51:38.268 I/zygote64( 1664): option[13]=--runtime-arg
06-18 07:51:38.268 I/zygote64( 1664): option[14]=-Ximage-compiler-option
06-18 07:51:38.268 I/zygote64( 1664): option[15]=-Xms64m
06-18 07:51:38.268 I/zygote64( 1664): option[16]=-Ximage-compiler-option
06-18 07:51:38.268 I/zygote64( 1664): option[17]=--runtime-arg
06-18 07:51:38.268 I/zygote64( 1664): option[18]=-Ximage-compiler-option
06-18 07:51:38.268 I/zygote64( 1664): option[19]=-Xmx64m
06-18 07:51:38.268 I/zygote64( 1664): option[20]=-Ximage-compiler-option
06-18 07:51:38.268 I/zygote64( 1664): option[21]=--profile-file=/system/etc/boot-image.prof
06-18 07:51:38.268 I/zygote64( 1664): option[22]=-Ximage-compiler-option
06-18 07:51:38.268 I/zygote64( 1664): option[23]=--compiler-filter=speed-profile
06-18 07:51:38.268 I/zygote64( 1664): option[24]=-Xcompiler-option
06-18 07:51:38.268 I/zygote64( 1664): option[25]=--runtime-arg
06-18 07:51:38.268 I/zygote64( 1664): option[26]=-Xcompiler-option
06-18 07:51:38.268 I/zygote64( 1664): option[27]=-Xms64m
06-18 07:51:38.268 I/zygote64( 1664): option[28]=-Xcompiler-option
06-18 07:51:38.268 I/zygote64( 1664): option[29]=--runtime-arg
06-18 07:51:38.268 I/zygote64( 1664): option[30]=-Xcompiler-option
06-18 07:51:38.268 I/zygote64( 1664): option[31]=-Xmx512m
06-18 07:51:38.268 I/zygote64( 1664): option[32]=-Ximage-compiler-option
06-18 07:51:38.268 I/zygote64( 1664): option[33]=--instruction-set-variant=x86_64
06-18 07:51:38.268 I/zygote64( 1664): option[34]=-Xcompiler-option
06-18 07:51:38.268 I/zygote64( 1664): option[35]=--instruction-set-variant=x86_64
06-18 07:51:38.268 I/zygote64( 1664): option[36]=-Ximage-compiler-option
06-18 07:51:38.268 I/zygote64( 1664): option[37]=--instruction-set-features=default
06-18 07:51:38.268 I/zygote64( 1664): option[38]=-Xcompiler-option
06-18 07:51:38.268 I/zygote64( 1664): option[39]=--instruction-set-features=default
06-18 07:51:38.268 I/zygote64( 1664): option[40]=-Duser.locale=en-US
06-18 07:51:38.268 I/zygote64( 1664): option[41]=--cpu-abilist=x86_64
06-18 07:51:38.268 I/zygote64( 1664): option[42]=-Xcompiler-option
06-18 07:51:38.268 I/zygote64( 1664): option[43]=--generate-mini-debug-info
06-18 07:51:38.268 I/zygote64( 1664): option[44]=-Xcore-platform-api-policy:just-warn
06-18 07:51:38.268 I/zygote64( 1664): option[45]=-Xfingerprint:google/sdk_gphone_x86_64/generic_x86_64:10/QSR1.211112.011/13135432:userdebug/dev-keys
06-18 07:51:38.278 V/MediaUtils( 1778): physMem: 2089566208
06-18 07:51:38.278 V/MediaUtils( 1778): requested limit: 417913240
06-18 07:51:38.278 I/libc    ( 1778): malloc_limit: Allocation limit enabled, max size 417913240 bytes
06-18 07:51:38.287 I/ServiceManager( 1782): Waiting for service 'package_native' on '/dev/binder'...
06-18 07:51:38.288 I/ServiceManagement( 1767): Registered android.system.wifi.keystore@1.0::IKeystore/default (start delay of 337ms)
06-18 07:51:38.293 I/zygote64( 1664): Core platform API reporting enabled, enforcing=false
06-18 07:51:38.295 W//system/bin/mediaextractor( 1778): Could not read additional policy file '/vendor/etc/seccomp_policy/mediaextractor.policy'
06-18 07:51:38.295 W//system/bin/mediaextractor( 1778): libminijail[1778]: failed to get path of fd 4: No such file or directory
06-18 07:51:38.295 W//system/bin/mediaextractor( 1778): libminijail[1778]: allowing syscall: socket
06-18 07:51:38.295 W//system/bin/mediaextractor( 1778): libminijail[1778]: allowing syscall: connect
06-18 07:51:38.295 W//system/bin/mediaextractor( 1778): libminijail[1778]: allowing syscall: fcntl
06-18 07:51:38.295 W//system/bin/mediaextractor( 1778): libminijail[1778]: allowing syscall: writev
06-18 07:51:38.299 I/hwservicemanager( 1566): getTransport: Cannot find entry android.hardware.graphics.mapper@3.0::IMapper/default in either framework or device manifest.
06-18 07:51:38.299 D/ComposerHal( 1690): failed to get mapper 3.0 service, falling back to mapper 2.0
06-18 07:51:38.300 I/HWComposer( 1729): Switching to legacy multi-display mode
06-18 07:51:38.303 W//system/bin/mediaextractor( 1778): libminijail[1778]: logging seccomp filter failures
06-18 07:51:38.307 I/netd    ( 1663): Creating child chains: 84.3ms
06-18 07:51:38.307 I/netd    ( 1663): Setting up OEM hooks: 0.1ms
06-18 07:51:38.307 I/netd    ( 1663): Setting up FirewallController hooks: 0.0ms
06-18 07:51:38.308 I/netd    ( 1663): Setting up TetherController hooks: 0.6ms
06-18 07:51:38.308 I/netd    ( 1663): Setting up BandwidthController hooks: 0.5ms
06-18 07:51:38.309 I/netd    ( 1663): Setting up IdletimerController hooks: 0.0ms
06-18 07:51:38.317 I/hwservicemanager( 1566): getTransport: Cannot find entry android.hardware.graphics.mapper@3.0::IMapper/default in either framework or device manifest.
06-18 07:51:38.317 W/Gralloc3( 1729): mapper 3.x is not supported
06-18 07:51:38.319 I/hwservicemanager( 1566): getTransport: Cannot find entry android.hardware.graphics.allocator@3.0::IAllocator/default in either framework or device manifest.
06-18 07:51:38.319 W/Gralloc3( 1729): allocator 3.x is not supported
06-18 07:51:38.320 D/gralloc_ranchu( 1689): gralloc_alloc: Creating ashmem region of size 823296
06-18 07:51:38.320 D/HostConnection( 1729): createUnique: call
06-18 07:51:38.321 D/HostConnection( 1729): HostConnection::get() New Host Connection established 0x71dfeef30be0, tid 1729
06-18 07:51:38.321 D/HostConnection( 1729): HostComposition ext ANDROID_EMU_CHECKSUM_HELPER_v1 ANDROID_EMU_native_sync_v2 ANDROID_EMU_dma_v1 ANDROID_EMU_direct_mem ANDROID_EMU_host_composition_v1 ANDROID_EMU_host_composition_v2 ANDROID_EMU_vulkan ANDROID_EMU_deferred_vulkan_commands ANDROID_EMU_vulkan_null_optional_strings ANDROID_EMU_vulkan_create_resources_with_requirements ANDROID_EMU_YUV_Cache ANDROID_EMU_vulkan_ignored_handles ANDROID_EMU_vulkan_free_memory_sync ANDROID_EMU_vulkan_shader_float16_int8 ANDROID_EMU_vulkan_async_queue_submit ANDROID_EMU_sync_buffer_data ANDROID_EMU_vulkan_async_qsri ANDROID_EMU_hwc_color_transform GL_OES_EGL_image_external_essl3 GL_OES_vertex_array_object GL_KHR_texture_compression_astc_ldr ANDROID_EMU_host_side_tracing ANDROID_EMU_gles_max_version_3_0 
06-18 07:51:38.321 D/eglCodecCommon( 1729): allocate: Ask for block of size 0x1000
06-18 07:51:38.321 D/eglCodecCommon( 1729): allocate: ioctl allocate returned offset 0x3ffffa000 size 0x2000
06-18 07:51:38.322 D/gralloc_ranchu( 1689): gralloc_alloc: Creating ashmem region of size 823296
06-18 07:51:38.322 D/gralloc_ranchu( 1689): gralloc_alloc: Creating ashmem region of size 823296
06-18 07:51:38.371 I/ServiceManagement( 1785): Registered android.hardware.radio@1.1::IRadio/slot1 (start delay of 371ms)
06-18 07:51:38.372 I/ServiceManagement( 1785): Registered android.hardware.radio.deprecated@1.0::IOemHook/slot1 (start delay of 372ms)
06-18 07:51:38.388 I/ServiceManager( 1782): Waiting for service 'package_native' on '/dev/binder'...
06-18 07:51:38.396 E/wifi_forwarder( 1810): RemoteConnection failed to initialize: RemoteConnection failed to open pipe
06-18 07:51:38.452 D/AndroidRuntime( 1665): >>>>>> START com.android.internal.os.ZygoteInit uid 0 <<<<<<
06-18 07:51:38.479 I/livelock( 1828): started
06-18 07:51:38.479 W/livelock( 1828): [khungtaskd] not configurable
06-18 07:51:38.490 I/ServiceManager( 1782): Waiting for service 'package_native' on '/dev/binder'...
06-18 07:51:38.490 I/livelock( 1828): ro.config.low_ram=false
06-18 07:51:38.490 I/livelock( 1828): ro.llk.sysrq_t=true
06-18 07:51:38.490 I/livelock( 1828): ro.llk.enable=true
06-18 07:51:38.490 I/livelock( 1828): ro.khungtask.enable=true
06-18 07:51:38.490 I/livelock( 1828): ro.llk.mlockall=true
06-18 07:51:38.491 I/livelock( 1828): ro.llk.killtest=true
06-18 07:51:38.491 I/livelock( 1828): ro.khungtask.timeout=720s
06-18 07:51:38.491 I/livelock( 1828): ro.llk.timeout_ms=600.000s
06-18 07:51:38.491 I/livelock( 1828): ro.llk.D.timeout_ms=600.000s
06-18 07:51:38.491 I/livelock( 1828): ro.llk.Z.timeout_ms=600.000s
06-18 07:51:38.491 I/livelock( 1828): ro.llk.stack.timeout_ms=600.000s
06-18 07:51:38.491 I/livelock( 1828): ro.llk.check_ms=120.000s
06-18 07:51:38.491 I/livelock( 1828): ro.llk.stack=wait_on_page_bit_killable,bit_wait_io,__get_user_pages,cma_alloc
06-18 07:51:38.491 I/livelock( 1828): ro.llk.blacklist.process.stack=llkd,lmkd.llkd,apexd,ueventd,keystore,init
06-18 07:51:38.491 I/livelock( 1828): ro.llk.blacklist.process=[watchdog/1],[watchdogd/0],2,[watchdogd],watchdogd,llkd,lmkd,[kthreadd],init,[khungtaskd],1828,1,0
06-18 07:51:38.491 I/livelock( 1828): ro.llk.blacklist.parent=[kthreadd],2,0,adbd&[setsid]
06-18 07:51:38.491 I/livelock( 1828): ro.llk.blacklist.uid=
06-18 07:51:38.506 D/RenderEngine( 1729): shader cache generated - 48 shaders in 183.048141 ms
06-18 07:51:38.507 I/ServiceManagement( 1729): Registered android.frameworks.displayservice@1.0::IDisplayService/default (start delay of 877ms)
06-18 07:51:38.507 D/SurfaceFlinger( 1729): Setting power mode 2 on display 0
06-18 07:51:38.508 D/SurfaceFlinger( 1729): Finished setting power mode 2 on display 0
06-18 07:51:38.509 I/media.codec( 1784): mediacodecservice starting
06-18 07:51:38.512 W/media.codec( 1784): Could not read additional policy file '/vendor/etc/seccomp_policy/mediacodec.policy'
06-18 07:51:38.512 W/media.codec( 1784): libminijail[1784]: failed to get path of fd 4: No such file or directory
06-18 07:51:38.512 W/media.codec( 1784): libminijail[1784]: allowing syscall: socketcall
06-18 07:51:38.512 W/media.codec( 1784): libminijail[1784]: allowing syscall: writev
06-18 07:51:38.512 W/media.codec( 1784): libminijail[1784]: allowing syscall: fcntl64
06-18 07:51:38.512 W/media.codec( 1784): libminijail[1784]: allowing syscall: clock_gettime
06-18 07:51:38.512 W/media.codec( 1784): libminijail[1784]: compile_file: <fd>(34): nonexistent syscall 'newfstatat'
06-18 07:51:38.513 W/media.codec( 1784): libminijail[1784]: logging seccomp filter failures
06-18 07:51:38.515 D/GoldfishOMXPlugin( 1784): called createOMXPlugin for Goldfish
06-18 07:51:38.515 D/GoldfishOMXPlugin( 1784): useAndroidGoldfishComponentInstance 73 found prop ro.kernel.qemu.hwcodec.vpxdec val 2
06-18 07:51:38.515 D/GoldfishOMXPlugin( 1784): found and use kComponents[i].name OMX.android.goldfish.vp8.decoder
06-18 07:51:38.515 D/GoldfishOMXPlugin( 1784): useAndroidGoldfishComponentInstance 73 found prop ro.kernel.qemu.hwcodec.vpxdec val 2
06-18 07:51:38.515 D/GoldfishOMXPlugin( 1784): found and use kComponents[i].name OMX.android.goldfish.vp9.decoder
06-18 07:51:38.515 D/GoldfishOMXPlugin( 1784): useAndroidGoldfishComponentInstance 73 found prop ro.kernel.qemu.hwcodec.avcdec val 2
06-18 07:51:38.515 D/GoldfishOMXPlugin( 1784): found and use kComponents[i].name OMX.android.goldfish.h264.decoder
06-18 07:51:38.515 D/GoldfishOMXPlugin( 1784): enumerate OMX.android.goldfish.vp8.decoder component
06-18 07:51:38.515 D/GoldfishOMXPlugin( 1784): enumerate OMX.android.goldfish.vp9.decoder component
06-18 07:51:38.515 D/GoldfishOMXPlugin( 1784): enumerate OMX.android.goldfish.h264.decoder component
06-18 07:51:38.517 I/SoftOMXPlugin( 1784): createOMXPlugin
06-18 07:51:38.518 D/MediaCodecsXmlParser( 1784): parsing /vendor/etc/media_codecs.xml...
06-18 07:51:38.519 D/MediaCodecsXmlParser( 1784): parsing /vendor/etc/media_codecs_google_audio.xml...
06-18 07:51:38.519 I/MediaCodecsXmlParser( 1784): limit: max-channel-count = 2
06-18 07:51:38.519 I/MediaCodecsXmlParser( 1784): limit: sample-rate-ranges = 8000,11025,12000,16000,22050,24000,32000,44100,48000
06-18 07:51:38.519 I/MediaCodecsXmlParser( 1784): limit: bitrate-range = 8000-320000
06-18 07:51:38.519 I/MediaCodecsXmlParser( 1784): limit: max-channel-count = 1
06-18 07:51:38.519 I/MediaCodecsXmlParser( 1784): limit: sample-rate-ranges = 8000
06-18 07:51:38.519 I/MediaCodecsXmlParser( 1784): limit: bitrate-range = 4750-12200
06-18 07:51:38.519 I/MediaCodecsXmlParser( 1784): limit: max-channel-count = 1
06-18 07:51:38.519 I/MediaCodecsXmlParser( 1784): limit: sample-rate-ranges = 16000
06-18 07:51:38.519 I/MediaCodecsXmlParser( 1784): limit: bitrate-range = 6600-23850
06-18 07:51:38.519 I/MediaCodecsXmlParser( 1784): limit: max-channel-count = 8
06-18 07:51:38.519 I/MediaCodecsXmlParser( 1784): limit: sample-rate-ranges = 7350,8000,11025,12000,16000,22050,24000,32000,44100,48000
06-18 07:51:38.519 I/MediaCodecsXmlParser( 1784): limit: bitrate-range = 8000-960000
06-18 07:51:38.519 I/MediaCodecsXmlParser( 1784): limit: max-channel-count = 1
06-18 07:51:38.519 I/MediaCodecsXmlParser( 1784): limit: sample-rate-ranges = 8000-48000
06-18 07:51:38.519 I/MediaCodecsXmlParser( 1784): limit: bitrate-range = 64000
06-18 07:51:38.519 I/MediaCodecsXmlParser( 1784): limit: max-channel-count = 1
06-18 07:51:38.519 I/MediaCodecsXmlParser( 1784): limit: sample-rate-ranges = 8000-48000
06-18 07:51:38.519 I/MediaCodecsXmlParser( 1784): limit: bitrate-range = 64000
06-18 07:51:38.519 I/MediaCodecsXmlParser( 1784): limit: max-channel-count = 8
06-18 07:51:38.519 I/MediaCodecsXmlParser( 1784): limit: sample-rate-ranges = 8000-96000
06-18 07:51:38.519 I/MediaCodecsXmlParser( 1784): limit: bitrate-range = 32000-500000
06-18 07:51:38.519 I/MediaCodecsXmlParser( 1784): limit: max-channel-count = 8
06-18 07:51:38.519 I/MediaCodecsXmlParser( 1784): limit: sample-rate-ranges = 48000
06-18 07:51:38.519 I/MediaCodecsXmlParser( 1784): limit: bitrate-range = 6000-510000
06-18 07:51:38.519 I/MediaCodecsXmlParser( 1784): limit: max-channel-count = 8
06-18 07:51:38.519 I/MediaCodecsXmlParser( 1784): limit: sample-rate-ranges = 8000-192000
06-18 07:51:38.519 I/MediaCodecsXmlParser( 1784): limit: bitrate-range = 1-10000000
06-18 07:51:38.519 I/MediaCodecsXmlParser( 1784): limit: max-channel-count = 8
06-18 07:51:38.519 I/MediaCodecsXmlParser( 1784): limit: sample-rate-ranges = 1-655350
06-18 07:51:38.519 I/MediaCodecsXmlParser( 1784): limit: bitrate-range = 1-21000000
06-18 07:51:38.519 I/MediaCodecsXmlParser( 1784): limit: max-channel-count = 6
06-18 07:51:38.519 I/MediaCodecsXmlParser( 1784): limit: sample-rate-ranges = 8000,11025,12000,16000,22050,24000,32000,44100,48000
06-18 07:51:38.519 I/MediaCodecsXmlParser( 1784): limit: bitrate-range = 8000-960000
06-18 07:51:38.519 I/MediaCodecsXmlParser( 1784): limit: max-channel-count = 1
06-18 07:51:38.519 I/MediaCodecsXmlParser( 1784): limit: sample-rate-ranges = 8000
06-18 07:51:38.520 I/MediaCodecsXmlParser( 1784): limit: bitrate-range = 4750-12200
06-18 07:51:38.520 I/MediaCodecsXmlParser( 1784): limit: feature-bitrate-modes = CBR
06-18 07:51:38.520 I/MediaCodecsXmlParser( 1784): limit: max-channel-count = 1
06-18 07:51:38.520 I/MediaCodecsXmlParser( 1784): limit: sample-rate-ranges = 16000
06-18 07:51:38.520 I/MediaCodecsXmlParser( 1784): limit: bitrate-range = 6600-23850
06-18 07:51:38.520 I/MediaCodecsXmlParser( 1784): limit: feature-bitrate-modes = CBR
06-18 07:51:38.520 I/MediaCodecsXmlParser( 1784): limit: max-channel-count = 2
06-18 07:51:38.520 I/MediaCodecsXmlParser( 1784): limit: sample-rate-ranges = 1-655350
06-18 07:51:38.520 I/MediaCodecsXmlParser( 1784): limit: bitrate-range = 1-21000000
06-18 07:51:38.520 I/MediaCodecsXmlParser( 1784): limit: complexity-default = 5
06-18 07:51:38.520 I/MediaCodecsXmlParser( 1784): limit: complexity-range = 0-8
06-18 07:51:38.520 I/MediaCodecsXmlParser( 1784): limit: feature-bitrate-modes = CQ
06-18 07:51:38.520 D/MediaCodecsXmlParser( 1784): parsing /vendor/etc/media_codecs_google_telephony.xml...
06-18 07:51:38.523 I/MediaCodecsXmlParser( 1784): limit: max-channel-count = 1
06-18 07:51:38.523 I/MediaCodecsXmlParser( 1784): limit: sample-rate-ranges = 8000
06-18 07:51:38.523 I/MediaCodecsXmlParser( 1784): limit: bitrate-range = 13000
06-18 07:51:38.523 D/MediaCodecsXmlParser( 1784): parsing /vendor/etc/media_codecs_google_video.xml...
06-18 07:51:38.524 I/MediaCodecsXmlParser( 1784): limit: size-range = 2x2-352x288
06-18 07:51:38.524 I/MediaCodecsXmlParser( 1784): limit: alignment = 2x2
06-18 07:51:38.524 I/MediaCodecsXmlParser( 1784): limit: block-size = 16x16
06-18 07:51:38.525 I/MediaCodecsXmlParser( 1784): limit: blocks-per-second-range = 12-11880
06-18 07:51:38.525 I/MediaCodecsXmlParser( 1784): limit: bitrate-range = 1-384000
06-18 07:51:38.525 I/MediaCodecsXmlParser( 1784): limit: performance-point-1920x1080-range = 30-30
06-18 07:51:38.525 I/MediaCodecsXmlParser( 1784): limit: feature-adaptive-playback = 0
06-18 07:51:38.525 I/MediaCodecsXmlParser( 1784): limit: size-range = 2x2-352x288
06-18 07:51:38.525 I/MediaCodecsXmlParser( 1784): limit: alignment = 2x2
06-18 07:51:38.525 I/MediaCodecsXmlParser( 1784): limit: bitrate-range = 1-384000
06-18 07:51:38.525 I/MediaCodecsXmlParser( 1784): limit: performance-point-1920x1080-range = 30-30
06-18 07:51:38.525 I/MediaCodecsXmlParser( 1784): limit: feature-adaptive-playback = 0
06-18 07:51:38.525 I/MediaCodecsXmlParser( 1784): limit: size-range = 96x96-3840x2160
06-18 07:51:38.525 I/MediaCodecsXmlParser( 1784): limit: alignment = 2x2
06-18 07:51:38.525 I/MediaCodecsXmlParser( 1784): limit: block-size = 16x16
06-18 07:51:38.525 I/MediaCodecsXmlParser( 1784): limit: blocks-per-second-range = 24-2073600
06-18 07:51:38.525 I/MediaCodecsXmlParser( 1784): limit: bitrate-range = 1-120000000
06-18 07:51:38.525 I/MediaCodecsXmlParser( 1784): limit: frame-rate-range = 1-480
06-18 07:51:38.525 I/MediaCodecsXmlParser( 1784): limit: performance-point-3840x2160-range = 60-60
06-18 07:51:38.525 I/MediaCodecsXmlParser( 1784): limit: measured-frame-rate-320x240-range = 257-266
06-18 07:51:38.525 I/MediaCodecsXmlParser( 1784): limit: measured-frame-rate-720x480-range = 262-264
06-18 07:51:38.525 I/MediaCodecsXmlParser( 1784): limit: measured-frame-rate-1280x720-range = 227-251
06-18 07:51:38.525 I/MediaCodecsXmlParser( 1784): limit: measured-frame-rate-1920x1080-range = 235-247
06-18 07:51:38.525 I/MediaCodecsXmlParser( 1784): limit: measured-frame-rate-3840x2160-range = 235-247
06-18 07:51:38.525 I/MediaCodecsXmlParser( 1784): limit: feature-adaptive-playback = 0
06-18 07:51:38.525 I/MediaCodecsXmlParser( 1784): limit: size-range = 2x2-2560x2560
06-18 07:51:38.525 I/MediaCodecsXmlParser( 1784): limit: alignment = 2x2
06-18 07:51:38.525 I/MediaCodecsXmlParser( 1784): limit: block-size = 16x16
06-18 07:51:38.525 I/MediaCodecsXmlParser( 1784): limit: blocks-per-second-range = 24-2073600
06-18 07:51:38.525 I/MediaCodecsXmlParser( 1784): limit: bitrate-range = 1-120000000
06-18 07:51:38.525 I/MediaCodecsXmlParser( 1784): limit: frame-rate-range = 1-480
06-18 07:51:38.525 I/MediaCodecsXmlParser( 1784): limit: performance-point-1920x1088-range = 30-30
06-18 07:51:38.525 I/MediaCodecsXmlParser( 1784): limit: measured-frame-rate-320x240-range = 183-183
06-18 07:51:38.525 I/MediaCodecsXmlParser( 1784): limit: measured-frame-rate-720x480-range = 181-181
06-18 07:51:38.525 I/MediaCodecsXmlParser( 1784): limit: measured-frame-rate-1280x720-range = 182-184
06-18 07:51:38.525 I/MediaCodecsXmlParser( 1784): limit: measured-frame-rate-1920x1080-range = 30-40
06-18 07:51:38.525 I/MediaCodecsXmlParser( 1784): limit: feature-adaptive-playback = 0
06-18 07:51:38.525 I/MediaCodecsXmlParser( 1784): limit: size-range = 2x2-2048x2048
06-18 07:51:38.525 I/MediaCodecsXmlParser( 1784): limit: alignment = 2x2
06-18 07:51:38.525 I/MediaCodecsXmlParser( 1784): limit: block-size = 8x8
06-18 07:51:38.525 I/MediaCodecsXmlParser( 1784): limit: block-count-range = 1-139264
06-18 07:51:38.525 I/MediaCodecsXmlParser( 1784): limit: blocks-per-second-range = 1-2000000
06-18 07:51:38.525 I/MediaCodecsXmlParser( 1784): limit: bitrate-range = 1-10000000
06-18 07:51:38.525 I/MediaCodecsXmlParser( 1784): limit: performance-point-1920x1080-range = 30-30
06-18 07:51:38.525 I/MediaCodecsXmlParser( 1784): limit: feature-adaptive-playback = 0
06-18 07:51:38.525 I/MediaCodecsXmlParser( 1784): limit: size-range = 144x144-3840x2160
06-18 07:51:38.525 I/MediaCodecsXmlParser( 1784): limit: alignment = 2x2
06-18 07:51:38.525 I/MediaCodecsXmlParser( 1784): limit: block-size = 16x16
06-18 07:51:38.525 I/MediaCodecsXmlParser( 1784): limit: blocks-per-second-range = 24-2073600
06-18 07:51:38.525 I/MediaCodecsXmlParser( 1784): limit: bitrate-range = 1-120000000
06-18 07:51:38.525 I/MediaCodecsXmlParser( 1784): limit: frame-rate-range = 1-480
06-18 07:51:38.525 I/MediaCodecsXmlParser( 1784): limit: performance-point-3840x2160-range = 60-60
06-18 07:51:38.525 I/MediaCodecsXmlParser( 1784): limit: measured-frame-rate-320x180-range = 743-817
06-18 07:51:38.525 I/MediaCodecsXmlParser( 1784): limit: measured-frame-rate-640x360-range = 582-602
06-18 07:51:38.525 I/MediaCodecsXmlParser( 1784): limit: measured-frame-rate-1280x720-range = 237-258
06-18 07:51:38.526 I/MediaCodecsXmlParser( 1784): limit: measured-frame-rate-1920x1080-range = 148-151
06-18 07:51:38.526 I/MediaCodecsXmlParser( 1784): limit: measured-frame-rate-3840x2160-range = 30-90
06-18 07:51:38.526 I/MediaCodecsXmlParser( 1784): limit: feature-adaptive-playback = 0
06-18 07:51:38.526 I/MediaCodecsXmlParser( 1784): limit: size-range = 144x144-3840x2160
06-18 07:51:38.526 I/MediaCodecsXmlParser( 1784): limit: alignment = 2x2
06-18 07:51:38.526 I/MediaCodecsXmlParser( 1784): limit: block-size = 16x16
06-18 07:51:38.526 I/MediaCodecsXmlParser( 1784): limit: blocks-per-second-range = 24-2073600
06-18 07:51:38.526 I/MediaCodecsXmlParser( 1784): limit: bitrate-range = 1-120000000
06-18 07:51:38.526 I/MediaCodecsXmlParser( 1784): limit: frame-rate-range = 1-480
06-18 07:51:38.526 I/MediaCodecsXmlParser( 1784): limit: performance-point-3840x2160-range = 60-60
06-18 07:51:38.526 I/MediaCodecsXmlParser( 1784): limit: measured-frame-rate-320x180-range = 743-817
06-18 07:51:38.526 I/MediaCodecsXmlParser( 1784): limit: measured-frame-rate-640x360-range = 582-602
06-18 07:51:38.526 I/MediaCodecsXmlParser( 1784): limit: measured-frame-rate-1280x720-range = 237-258
06-18 07:51:38.526 I/MediaCodecsXmlParser( 1784): limit: measured-frame-rate-1920x1080-range = 50-60
06-18 07:51:38.526 I/MediaCodecsXmlParser( 1784): limit: measured-frame-rate-3840x2160-range = 30-90
06-18 07:51:38.526 I/MediaCodecsXmlParser( 1784): limit: feature-adaptive-playback = 0
06-18 07:51:38.526 I/MediaCodecsXmlParser( 1784): limit: size-range = 2x2-2560x2560
06-18 07:51:38.526 I/MediaCodecsXmlParser( 1784): limit: alignment = 2x2
06-18 07:51:38.526 I/MediaCodecsXmlParser( 1784): limit: block-size = 16x16
06-18 07:51:38.526 I/MediaCodecsXmlParser( 1784): limit: blocks-per-second-range = 24-2073600
06-18 07:51:38.526 I/MediaCodecsXmlParser( 1784): limit: bitrate-range = 1-120000000
06-18 07:51:38.526 I/MediaCodecsXmlParser( 1784): limit: frame-rate-range = 1-480
06-18 07:51:38.526 I/MediaCodecsXmlParser( 1784): limit: performance-point-1920x1088-range = 60-60
06-18 07:51:38.526 I/MediaCodecsXmlParser( 1784): limit: measured-frame-rate-320x240-range = 183-183
06-18 07:51:38.526 I/MediaCodecsXmlParser( 1784): limit: measured-frame-rate-720x480-range = 181-181
06-18 07:51:38.526 I/MediaCodecsXmlParser( 1784): limit: measured-frame-rate-1280x720-range = 182-184
06-18 07:51:38.526 I/MediaCodecsXmlParser( 1784): limit: measured-frame-rate-1920x1088-range = 50-60
06-18 07:51:38.526 I/MediaCodecsXmlParser( 1784): limit: measured-frame-rate-2560x1440-range = 30-40
06-18 07:51:38.526 I/MediaCodecsXmlParser( 1784): limit: feature-adaptive-playback = 0
06-18 07:51:38.526 I/MediaCodecsXmlParser( 1784): limit: size-range = 2x2-2560x2560
06-18 07:51:38.526 I/MediaCodecsXmlParser( 1784): limit: alignment = 2x2
06-18 07:51:38.526 I/MediaCodecsXmlParser( 1784): limit: block-size = 16x16
06-18 07:51:38.526 I/MediaCodecsXmlParser( 1784): limit: blocks-per-second-range = 24-2073600
06-18 07:51:38.526 I/MediaCodecsXmlParser( 1784): limit: bitrate-range = 1-120000000
06-18 07:51:38.526 I/MediaCodecsXmlParser( 1784): limit: frame-rate-range = 1-480
06-18 07:51:38.526 I/MediaCodecsXmlParser( 1784): limit: performance-point-1920x1088-range = 60-60
06-18 07:51:38.526 I/MediaCodecsXmlParser( 1784): limit: measured-frame-rate-320x240-range = 183-183
06-18 07:51:38.526 I/MediaCodecsXmlParser( 1784): limit: measured-frame-rate-720x480-range = 181-181
06-18 07:51:38.526 I/MediaCodecsXmlParser( 1784): limit: measured-frame-rate-1280x720-range = 121-125
06-18 07:51:38.526 I/MediaCodecsXmlParser( 1784): limit: measured-frame-rate-1920x1088-range = 148-151
06-18 07:51:38.526 I/MediaCodecsXmlParser( 1784): limit: measured-frame-rate-2560x1440-range = 30-40
06-18 07:51:38.526 I/MediaCodecsXmlParser( 1784): limit: feature-adaptive-playback = 0
06-18 07:51:38.526 I/MediaCodecsXmlParser( 1784): limit: size-range = 176x144-176x144
06-18 07:51:38.526 I/MediaCodecsXmlParser( 1784): limit: alignment = 16x16
06-18 07:51:38.526 I/MediaCodecsXmlParser( 1784): limit: bitrate-range = 1-128000
06-18 07:51:38.526 I/MediaCodecsXmlParser( 1784): limit: size-range = 16x16-1920x1088
06-18 07:51:38.526 I/MediaCodecsXmlParser( 1784): limit: alignment = 2x2
06-18 07:51:38.526 I/MediaCodecsXmlParser( 1784): limit: block-size = 16x16
06-18 07:51:38.526 I/MediaCodecsXmlParser( 1784): limit: blocks-per-second-range = 1-244800
06-18 07:51:38.526 I/MediaCodecsXmlParser( 1784): limit: bitrate-range = 1-20000000
06-18 07:51:38.526 I/MediaCodecsXmlParser( 1784): limit: feature-intra-refresh = 0
06-18 07:51:38.526 I/MediaCodecsXmlParser( 1784): limit: size-range = 16x16-176x144
06-18 07:51:38.526 I/MediaCodecsXmlParser( 1784): limit: alignment = 16x16
06-18 07:51:38.526 I/MediaCodecsXmlParser( 1784): limit: block-size = 16x16
06-18 07:51:38.526 I/MediaCodecsXmlParser( 1784): limit: blocks-per-second-range = 12-1485
06-18 07:51:38.526 I/MediaCodecsXmlParser( 1784): limit: bitrate-range = 1-64000
06-18 07:51:38.527 I/MediaCodecsXmlParser( 1784): limit: size-range = 2x2-2048x2048
06-18 07:51:38.527 I/MediaCodecsXmlParser( 1784): limit: alignment = 2x2
06-18 07:51:38.527 I/MediaCodecsXmlParser( 1784): limit: bitrate-range = 1-40000000
06-18 07:51:38.527 I/MediaCodecsXmlParser( 1784): limit: feature-bitrate-modes = VBR,CBR
06-18 07:51:38.527 D/MediaCodecsXmlParser( 1784): parsing /vendor/etc/media_codecs_performance.xml...
06-18 07:51:38.533 I/MediaCodecsXmlParser( 1784): limit: measured-frame-rate-176x144-range = 849-1008
06-18 07:51:38.533 I/MediaCodecsXmlParser( 1784): limit: measured-frame-rate-320x240-range = 496-629
06-18 07:51:38.534 I/MediaCodecsXmlParser( 1784): limit: measured-frame-rate-720x480-range = 197-203
06-18 07:51:38.534 I/MediaCodecsXmlParser( 1784): limit: measured-frame-rate-1280x720-range = 93-97
06-18 07:51:38.534 I/MediaCodecsXmlParser( 1784): limit: measured-frame-rate-1920x1080-range = 45-47
06-18 07:51:38.534 I/MediaCodecsXmlParser( 1784): limit: measured-frame-rate-176x144-range = 881-1142
06-18 07:51:38.534 I/MediaCodecsXmlParser( 1784): limit: measured-frame-rate-320x180-range = 249-285
06-18 07:51:38.534 I/MediaCodecsXmlParser( 1784): limit: measured-frame-rate-640x360-range = 104-115
06-18 07:51:38.534 I/MediaCodecsXmlParser( 1784): limit: measured-frame-rate-1280x720-range = 34-35
06-18 07:51:38.534 I/MediaCodecsXmlParser( 1784): limit: measured-frame-rate-1920x1080-range = 26-29
06-18 07:51:38.534 I/MediaCodecsXmlParser( 1784): limit: measured-frame-rate-176x144-range = 1246-1390
06-18 07:51:38.534 I/MediaCodecsXmlParser( 1784): limit: measured-frame-rate-352x288-range = 1121-1128
06-18 07:51:38.534 I/MediaCodecsXmlParser( 1784): limit: measured-frame-rate-320x240-range = 299-629
06-18 07:51:38.534 I/MediaCodecsXmlParser( 1784): limit: measured-frame-rate-720x480-range = 215-250
06-18 07:51:38.534 I/MediaCodecsXmlParser( 1784): limit: measured-frame-rate-1280x720-range = 75-85
06-18 07:51:38.534 I/MediaCodecsXmlParser( 1784): limit: measured-frame-rate-1920x1080-range = 31-34
06-18 07:51:38.534 I/MediaCodecsXmlParser( 1784): limit: measured-frame-rate-352x288-range = 754-817
06-18 07:51:38.534 I/MediaCodecsXmlParser( 1784): limit: measured-frame-rate-640x360-range = 323-394
06-18 07:51:38.534 I/MediaCodecsXmlParser( 1784): limit: measured-frame-rate-720x480-range = 349-372
06-18 07:51:38.534 I/MediaCodecsXmlParser( 1784): limit: measured-frame-rate-1280x720-range = 144-157
06-18 07:51:38.534 I/MediaCodecsXmlParser( 1784): limit: measured-frame-rate-1920x1080-range = 74-85
06-18 07:51:38.534 I/MediaCodecsXmlParser( 1784): limit: measured-frame-rate-176x144-range = 1439-1625
06-18 07:51:38.534 I/MediaCodecsXmlParser( 1784): limit: measured-frame-rate-320x180-range = 1129-1261
06-18 07:51:38.534 I/MediaCodecsXmlParser( 1784): limit: measured-frame-rate-640x360-range = 471-525
06-18 07:51:38.534 I/MediaCodecsXmlParser( 1784): limit: measured-frame-rate-1280x720-range = 126-145
06-18 07:51:38.534 I/MediaCodecsXmlParser( 1784): limit: measured-frame-rate-1920x1080-range = 48-51
06-18 07:51:38.534 I/MediaCodecsXmlParser( 1784): limit: measured-frame-rate-2160x2160-range = 31-34
06-18 07:51:38.534 I/MediaCodecsXmlParser( 1784): limit: measured-frame-rate-320x180-range = 968-1101
06-18 07:51:38.534 I/MediaCodecsXmlParser( 1784): limit: measured-frame-rate-640x360-range = 291-338
06-18 07:51:38.534 I/MediaCodecsXmlParser( 1784): limit: measured-frame-rate-1280x720-range = 280-400
06-18 07:51:38.534 I/MediaCodecsXmlParser( 1784): limit: measured-frame-rate-1920x1080-range = 178-240
06-18 07:51:38.534 I/MediaCodecsXmlParser( 1784): limit: measured-frame-rate-2560x1440-range = 31-34
06-18 07:51:38.534 D/MediaCodecsXmlParser( 1784): Cannot find /data/misc/media/media_codecs_profiling_results.xml
06-18 07:51:38.538 I/ServiceManagement( 1784): Registered android.hardware.media.omx@1.0::IOmx/default (start delay of 547ms)
06-18 07:51:38.538 I/ServiceManagement( 1784): Removing namespace from process name android.hardware.media.omx@1.0-service to omx@1.0-service.
06-18 07:51:38.538 I/media.codec( 1784): IOmx HAL service created.
06-18 07:51:38.538 D/MediaCodecsXmlParser( 1784): parsing /vendor/etc/media_codecs.xml...
06-18 07:51:38.538 D/MediaCodecsXmlParser( 1784): parsing /vendor/etc/media_codecs_google_audio.xml...
06-18 07:51:38.538 I/MediaCodecsXmlParser( 1784): limit: max-channel-count = 2
06-18 07:51:38.538 I/MediaCodecsXmlParser( 1784): limit: sample-rate-ranges = 8000,11025,12000,16000,22050,24000,32000,44100,48000
06-18 07:51:38.538 I/MediaCodecsXmlParser( 1784): limit: bitrate-range = 8000-320000
06-18 07:51:38.538 I/MediaCodecsXmlParser( 1784): limit: max-channel-count = 1
06-18 07:51:38.540 I/MediaCodecsXmlParser( 1784): limit: sample-rate-ranges = 8000
06-18 07:51:38.541 I/MediaCodecsXmlParser( 1784): limit: bitrate-range = 4750-12200
06-18 07:51:38.541 I/MediaCodecsXmlParser( 1784): limit: max-channel-count = 1
06-18 07:51:38.541 I/MediaCodecsXmlParser( 1784): limit: sample-rate-ranges = 16000
06-18 07:51:38.541 I/MediaCodecsXmlParser( 1784): limit: bitrate-range = 6600-23850
06-18 07:51:38.541 I/MediaCodecsXmlParser( 1784): limit: max-channel-count = 8
06-18 07:51:38.541 I/MediaCodecsXmlParser( 1784): limit: sample-rate-ranges = 7350,8000,11025,12000,16000,22050,24000,32000,44100,48000
06-18 07:51:38.541 I/MediaCodecsXmlParser( 1784): limit: bitrate-range = 8000-960000
06-18 07:51:38.541 I/MediaCodecsXmlParser( 1784): limit: max-channel-count = 1
06-18 07:51:38.541 I/MediaCodecsXmlParser( 1784): limit: sample-rate-ranges = 8000-48000
06-18 07:51:38.541 I/MediaCodecsXmlParser( 1784): limit: bitrate-range = 64000
06-18 07:51:38.541 I/MediaCodecsXmlParser( 1784): limit: max-channel-count = 1
06-18 07:51:38.541 I/MediaCodecsXmlParser( 1784): limit: sample-rate-ranges = 8000-48000
06-18 07:51:38.541 I/MediaCodecsXmlParser( 1784): limit: bitrate-range = 64000
06-18 07:51:38.541 I/MediaCodecsXmlParser( 1784): limit: max-channel-count = 8
06-18 07:51:38.541 I/MediaCodecsXmlParser( 1784): limit: sample-rate-ranges = 8000-96000
06-18 07:51:38.541 I/MediaCodecsXmlParser( 1784): limit: bitrate-range = 32000-500000
06-18 07:51:38.541 I/MediaCodecsXmlParser( 1784): limit: max-channel-count = 8
06-18 07:51:38.541 I/MediaCodecsXmlParser( 1784): limit: sample-rate-ranges = 48000
06-18 07:51:38.541 I/MediaCodecsXmlParser( 1784): limit: bitrate-range = 6000-510000
06-18 07:51:38.541 I/MediaCodecsXmlParser( 1784): limit: max-channel-count = 8
06-18 07:51:38.541 I/MediaCodecsXmlParser( 1784): limit: sample-rate-ranges = 8000-192000
06-18 07:51:38.541 I/MediaCodecsXmlParser( 1784): limit: bitrate-range = 1-10000000
06-18 07:51:38.541 I/MediaCodecsXmlParser( 1784): limit: max-channel-count = 8
06-18 07:51:38.541 I/MediaCodecsXmlParser( 1784): limit: sample-rate-ranges = 1-655350
06-18 07:51:38.541 I/MediaCodecsXmlParser( 1784): limit: bitrate-range = 1-21000000
06-18 07:51:38.541 I/MediaCodecsXmlParser( 1784): limit: max-channel-count = 6
06-18 07:51:38.541 I/MediaCodecsXmlParser( 1784): limit: sample-rate-ranges = 8000,11025,12000,16000,22050,24000,32000,44100,48000
06-18 07:51:38.541 I/MediaCodecsXmlParser( 1784): limit: bitrate-range = 8000-960000
06-18 07:51:38.541 I/MediaCodecsXmlParser( 1784): limit: max-channel-count = 1
06-18 07:51:38.541 I/MediaCodecsXmlParser( 1784): limit: sample-rate-ranges = 8000
06-18 07:51:38.541 I/MediaCodecsXmlParser( 1784): limit: bitrate-range = 4750-12200
06-18 07:51:38.541 I/MediaCodecsXmlParser( 1784): limit: feature-bitrate-modes = CBR
06-18 07:51:38.541 I/MediaCodecsXmlParser( 1784): limit: max-channel-count = 1
06-18 07:51:38.541 I/MediaCodecsXmlParser( 1784): limit: sample-rate-ranges = 16000
06-18 07:51:38.541 I/MediaCodecsXmlParser( 1784): limit: bitrate-range = 6600-23850
06-18 07:51:38.541 I/MediaCodecsXmlParser( 1784): limit: feature-bitrate-modes = CBR
06-18 07:51:38.541 I/MediaCodecsXmlParser( 1784): limit: max-channel-count = 2
06-18 07:51:38.541 I/MediaCodecsXmlParser( 1784): limit: sample-rate-ranges = 1-655350
06-18 07:51:38.541 I/MediaCodecsXmlParser( 1784): limit: bitrate-range = 1-21000000
06-18 07:51:38.541 I/MediaCodecsXmlParser( 1784): limit: complexity-default = 5
06-18 07:51:38.541 I/MediaCodecsXmlParser( 1784): limit: complexity-range = 0-8
06-18 07:51:38.541 I/MediaCodecsXmlParser( 1784): limit: feature-bitrate-modes = CQ
06-18 07:51:38.541 D/MediaCodecsXmlParser( 1784): parsing /vendor/etc/media_codecs_google_telephony.xml...
06-18 07:51:38.541 I/MediaCodecsXmlParser( 1784): limit: max-channel-count = 1
06-18 07:51:38.541 I/MediaCodecsXmlParser( 1784): limit: sample-rate-ranges = 8000
06-18 07:51:38.541 I/MediaCodecsXmlParser( 1784): limit: bitrate-range = 13000
06-18 07:51:38.542 D/MediaCodecsXmlParser( 1784): parsing /vendor/etc/media_codecs_google_video.xml...
06-18 07:51:38.542 I/MediaCodecsXmlParser( 1784): limit: size-range = 2x2-352x288
06-18 07:51:38.542 I/MediaCodecsXmlParser( 1784): limit: alignment = 2x2
06-18 07:51:38.542 I/MediaCodecsXmlParser( 1784): limit: block-size = 16x16
06-18 07:51:38.542 I/MediaCodecsXmlParser( 1784): limit: blocks-per-second-range = 12-11880
06-18 07:51:38.542 I/MediaCodecsXmlParser( 1784): limit: bitrate-range = 1-384000
06-18 07:51:38.542 I/MediaCodecsXmlParser( 1784): limit: performance-point-1920x1080-range = 30-30
06-18 07:51:38.542 I/MediaCodecsXmlParser( 1784): limit: feature-adaptive-playback = 0
06-18 07:51:38.542 I/MediaCodecsXmlParser( 1784): limit: size-range = 2x2-352x288
06-18 07:51:38.542 I/MediaCodecsXmlParser( 1784): limit: alignment = 2x2
06-18 07:51:38.542 I/MediaCodecsXmlParser( 1784): limit: bitrate-range = 1-384000
06-18 07:51:38.542 I/MediaCodecsXmlParser( 1784): limit: performance-point-1920x1080-range = 30-30
06-18 07:51:38.542 I/MediaCodecsXmlParser( 1784): limit: feature-adaptive-playback = 0
06-18 07:51:38.542 I/MediaCodecsXmlParser( 1784): limit: size-range = 96x96-3840x2160
06-18 07:51:38.542 I/MediaCodecsXmlParser( 1784): limit: alignment = 2x2
06-18 07:51:38.542 I/MediaCodecsXmlParser( 1784): limit: block-size = 16x16
06-18 07:51:38.542 I/MediaCodecsXmlParser( 1784): limit: blocks-per-second-range = 24-2073600
06-18 07:51:38.542 I/MediaCodecsXmlParser( 1784): limit: bitrate-range = 1-120000000
06-18 07:51:38.542 I/MediaCodecsXmlParser( 1784): limit: frame-rate-range = 1-480
06-18 07:51:38.542 I/MediaCodecsXmlParser( 1784): limit: performance-point-3840x2160-range = 60-60
06-18 07:51:38.542 I/MediaCodecsXmlParser( 1784): limit: measured-frame-rate-320x240-range = 257-266
06-18 07:51:38.542 I/MediaCodecsXmlParser( 1784): limit: measured-frame-rate-720x480-range = 262-264
06-18 07:51:38.542 I/MediaCodecsXmlParser( 1784): limit: measured-frame-rate-1280x720-range = 227-251
06-18 07:51:38.542 I/MediaCodecsXmlParser( 1784): limit: measured-frame-rate-1920x1080-range = 235-247
06-18 07:51:38.542 I/MediaCodecsXmlParser( 1784): limit: measured-frame-rate-3840x2160-range = 235-247
06-18 07:51:38.542 I/MediaCodecsXmlParser( 1784): limit: feature-adaptive-playback = 0
06-18 07:51:38.542 I/MediaCodecsXmlParser( 1784): limit: size-range = 2x2-2560x2560
06-18 07:51:38.542 I/MediaCodecsXmlParser( 1784): limit: alignment = 2x2
06-18 07:51:38.542 I/MediaCodecsXmlParser( 1784): limit: block-size = 16x16
06-18 07:51:38.542 I/MediaCodecsXmlParser( 1784): limit: blocks-per-second-range = 24-2073600
06-18 07:51:38.542 I/MediaCodecsXmlParser( 1784): limit: bitrate-range = 1-120000000
06-18 07:51:38.542 I/MediaCodecsXmlParser( 1784): limit: frame-rate-range = 1-480
06-18 07:51:38.542 I/MediaCodecsXmlParser( 1784): limit: performance-point-1920x1088-range = 30-30
06-18 07:51:38.542 I/MediaCodecsXmlParser( 1784): limit: measured-frame-rate-320x240-range = 183-183
06-18 07:51:38.542 I/MediaCodecsXmlParser( 1784): limit: measured-frame-rate-720x480-range = 181-181
06-18 07:51:38.542 I/MediaCodecsXmlParser( 1784): limit: measured-frame-rate-1280x720-range = 182-184
06-18 07:51:38.542 I/MediaCodecsXmlParser( 1784): limit: measured-frame-rate-1920x1080-range = 30-40
06-18 07:51:38.542 I/MediaCodecsXmlParser( 1784): limit: feature-adaptive-playback = 0
06-18 07:51:38.542 I/MediaCodecsXmlParser( 1784): limit: size-range = 2x2-2048x2048
06-18 07:51:38.542 I/MediaCodecsXmlParser( 1784): limit: alignment = 2x2
06-18 07:51:38.542 I/MediaCodecsXmlParser( 1784): limit: block-size = 8x8
06-18 07:51:38.542 I/MediaCodecsXmlParser( 1784): limit: block-count-range = 1-139264
06-18 07:51:38.542 I/MediaCodecsXmlParser( 1784): limit: blocks-per-second-range = 1-2000000
06-18 07:51:38.542 I/MediaCodecsXmlParser( 1784): limit: bitrate-range = 1-10000000
06-18 07:51:38.542 I/MediaCodecsXmlParser( 1784): limit: performance-point-1920x1080-range = 30-30
06-18 07:51:38.542 I/MediaCodecsXmlParser( 1784): limit: feature-adaptive-playback = 0
06-18 07:51:38.542 I/MediaCodecsXmlParser( 1784): limit: size-range = 144x144-3840x2160
06-18 07:51:38.542 I/MediaCodecsXmlParser( 1784): limit: alignment = 2x2
06-18 07:51:38.542 I/MediaCodecsXmlParser( 1784): limit: block-size = 16x16
06-18 07:51:38.542 I/MediaCodecsXmlParser( 1784): limit: blocks-per-second-range = 24-2073600
06-18 07:51:38.542 I/MediaCodecsXmlParser( 1784): limit: bitrate-range = 1-120000000
06-18 07:51:38.542 I/MediaCodecsXmlParser( 1784): limit: frame-rate-range = 1-480
06-18 07:51:38.543 I/MediaCodecsXmlParser( 1784): limit: performance-point-3840x2160-range = 60-60
06-18 07:51:38.543 I/MediaCodecsXmlParser( 1784): limit: measured-frame-rate-320x180-range = 743-817
06-18 07:51:38.543 I/MediaCodecsXmlParser( 1784): limit: measured-frame-rate-640x360-range = 582-602
06-18 07:51:38.543 I/MediaCodecsXmlParser( 1784): limit: measured-frame-rate-1280x720-range = 237-258
06-18 07:51:38.543 I/MediaCodecsXmlParser( 1784): limit: measured-frame-rate-1920x1080-range = 148-151
06-18 07:51:38.543 I/MediaCodecsXmlParser( 1784): limit: measured-frame-rate-3840x2160-range = 30-90
06-18 07:51:38.543 I/MediaCodecsXmlParser( 1784): limit: feature-adaptive-playback = 0
06-18 07:51:38.543 I/MediaCodecsXmlParser( 1784): limit: size-range = 144x144-3840x2160
06-18 07:51:38.543 I/MediaCodecsXmlParser( 1784): limit: alignment = 2x2
06-18 07:51:38.543 I/MediaCodecsXmlParser( 1784): limit: block-size = 16x16
06-18 07:51:38.543 I/MediaCodecsXmlParser( 1784): limit: blocks-per-second-range = 24-2073600
06-18 07:51:38.543 I/MediaCodecsXmlParser( 1784): limit: bitrate-range = 1-120000000
06-18 07:51:38.543 I/MediaCodecsXmlParser( 1784): limit: frame-rate-range = 1-480
06-18 07:51:38.543 I/MediaCodecsXmlParser( 1784): limit: performance-point-3840x2160-range = 60-60
06-18 07:51:38.543 I/MediaCodecsXmlParser( 1784): limit: measured-frame-rate-320x180-range = 743-817
06-18 07:51:38.543 I/MediaCodecsXmlParser( 1784): limit: measured-frame-rate-640x360-range = 582-602
06-18 07:51:38.543 I/MediaCodecsXmlParser( 1784): limit: measured-frame-rate-1280x720-range = 237-258
06-18 07:51:38.543 I/MediaCodecsXmlParser( 1784): limit: measured-frame-rate-1920x1080-range = 50-60
06-18 07:51:38.543 I/MediaCodecsXmlParser( 1784): limit: measured-frame-rate-3840x2160-range = 30-90
06-18 07:51:38.543 I/MediaCodecsXmlParser( 1784): limit: feature-adaptive-playback = 0
06-18 07:51:38.543 I/MediaCodecsXmlParser( 1784): limit: size-range = 2x2-2560x2560
06-18 07:51:38.543 I/MediaCodecsXmlParser( 1784): limit: alignment = 2x2
06-18 07:51:38.543 I/MediaCodecsXmlParser( 1784): limit: block-size = 16x16
06-18 07:51:38.543 I/MediaCodecsXmlParser( 1784): limit: blocks-per-second-range = 24-2073600
06-18 07:51:38.543 I/MediaCodecsXmlParser( 1784): limit: bitrate-range = 1-120000000
06-18 07:51:38.543 I/MediaCodecsXmlParser( 1784): limit: frame-rate-range = 1-480
06-18 07:51:38.543 I/MediaCodecsXmlParser( 1784): limit: performance-point-1920x1088-range = 60-60
06-18 07:51:38.543 I/MediaCodecsXmlParser( 1784): limit: measured-frame-rate-320x240-range = 183-183
06-18 07:51:38.543 I/MediaCodecsXmlParser( 1784): limit: measured-frame-rate-720x480-range = 181-181
06-18 07:51:38.543 I/MediaCodecsXmlParser( 1784): limit: measured-frame-rate-1280x720-range = 182-184
