06-22 07:44:16.137 I/OMXMaster( 1772): makeComponentInstance(OMX.google.g711.mlaw.decoder) in android.hardwar process
06-22 07:44:16.138 I/ssioncontrolle( 2094): The ClassLoaderContext is a special shared library.
06-22 07:44:16.139 W/StorageManagerService( 1915): No primary storage defined yet; hacking together a stub
06-22 07:44:16.140 I/OMXClient( 1765): IOmx service obtained
06-22 07:44:16.140 I/OMXMaster( 1772): makeComponentInstance(OMX.google.gsm.decoder) in android.hardwar process
06-22 07:44:16.143 I/OMXClient( 1765): IOmx service obtained
06-22 07:44:16.143 I/OMXMaster( 1772): makeComponentInstance(OMX.google.mp3.decoder) in android.hardwar process
06-22 07:44:16.145 I/OMXClient( 1765): IOmx service obtained
06-22 07:44:16.145 I/OMXMaster( 1772): makeComponentInstance(OMX.google.opus.decoder) in android.hardwar process
06-22 07:44:16.151 W/ContextImpl( 2060): Failed to ensure /data/user/0/com.google.android.gms/cache: mkdir failed: ENOENT (No such file or directory)
06-22 07:44:16.151 W/ContextImpl( 2060): Failed to update user.inode_cache: stat failed: ENOENT (No such file or directory)
06-22 07:44:16.154 W/AlarmManager( 2076): Unrecognized alarm listener com.android.systemui.keyguard.-$$Lambda$KeyguardSliceProvider$IhzByd8TsqFuOrSyuGurVskyPLo@72870bc
06-22 07:44:16.155 I/OMXClient( 1765): IOmx service obtained
06-22 07:44:16.155 I/OMXMaster( 1772): makeComponentInstance(OMX.google.raw.decoder) in android.hardwar process
06-22 07:44:16.159 I/OMXClient( 1765): IOmx service obtained
06-22 07:44:16.159 I/OMXMaster( 1772): makeComponentInstance(OMX.google.vorbis.decoder) in android.hardwar process
06-22 07:44:16.168 I/OMXClient( 1765): IOmx service obtained
06-22 07:44:16.168 I/OMXMaster( 1772): makeComponentInstance(OMX.google.aac.encoder) in android.hardwar process
06-22 07:44:16.176 D/PackageManager( 1915): Instant App installer not found with android.intent.action.INSTALL_INSTANT_APP_PACKAGE
06-22 07:44:16.176 D/PackageManager( 1915): Clear ephemeral installer activity
06-22 07:44:16.180 D/ProtoStore( 2076): no cached data
06-22 07:44:16.180 D/ProtoStore( 2076): no cached data
06-22 07:44:16.185 I/OMXClient( 1765): IOmx service obtained
06-22 07:44:16.186 I/OMXMaster( 1772): makeComponentInstance(OMX.google.amrnb.encoder) in android.hardwar process
06-22 07:44:16.188 I/OMXClient( 1765): IOmx service obtained
06-22 07:44:16.188 I/OMXMaster( 1772): makeComponentInstance(OMX.google.amrwb.encoder) in android.hardwar process
06-22 07:44:16.191 I/OMXClient( 1765): IOmx service obtained
06-22 07:44:16.191 I/OMXMaster( 1772): makeComponentInstance(OMX.google.flac.encoder) in android.hardwar process
06-22 07:44:16.197 I/SystemConfig( 2094): Adding association: com.google.android.as <- com.android.providers.contacts
06-22 07:44:16.197 I/SystemConfig( 2094): Adding association: com.google.android.as <- com.android.providers.media
06-22 07:44:16.197 I/SystemConfig( 2094): Adding association: com.google.android.as <- com.android.providers.telephony
06-22 07:44:16.197 I/SystemConfig( 2094): Adding association: com.google.android.as <- com.android.systemui
06-22 07:44:16.197 I/SystemConfig( 2094): Adding association: com.google.android.as <- com.google.android.gms
06-22 07:44:16.197 I/SystemConfig( 2094): Adding association: com.google.android.as <- com.google.android.gsf
06-22 07:44:16.202 W/SystemConfig( 2094): No directory /product_services/etc/sysconfig, skipping
06-22 07:44:16.202 W/SystemConfig( 2094): No directory /product_services/etc/permissions, skipping
06-22 07:44:16.204 I/OMXClient( 1765): IOmx service obtained
06-22 07:44:16.204 I/OMXMaster( 1772): makeComponentInstance(OMX.android.goldfish.h264.decoder) in android.hardwar process
06-22 07:44:16.204 I/GoldfishOMXPlugin( 1772): makeComponentInstance 'OMX.android.goldfish.h264.decoder'
06-22 07:44:16.204 I/GoldfishOMXPlugin( 1772): Using goldfish codec for 'avcdec'
06-22 07:44:16.207 I/hostapd ( 1794): wlan1: interface state COUNTRY_UPDATE->HT_SCAN
06-22 07:44:16.211 I/goldfish_avcdec( 1772): created GoldfishAVCDec 98 object 0xe5cbe000
06-22 07:44:16.212 E/OMXNodeInstance( 1772): getExtensionIndex(0xe5c421e0:android.goldfish.h264.decoder, OMX.google.android.index.configureVideoTunnelMode) ERROR: UnsupportedIndex(0x8000101a)
06-22 07:44:16.212 D/MediaCodecInfo( 1765): detail feature-tunneled-playback wasn't present to remove
06-22 07:44:16.212 W/OMXNodeInstance( 1772): [0xe5c421e0:android.goldfish.h264.decoder] component does not support metadata mode; using fallback
06-22 07:44:16.221 I/OMXClient( 1765): IOmx service obtained
06-22 07:44:16.221 I/OMXMaster( 1772): makeComponentInstance(OMX.google.h264.decoder) in android.hardwar process
06-22 07:44:16.222 E/OMXNodeInstance( 1772): getExtensionIndex(0xe5c421e0:google.h264.decoder, OMX.google.android.index.configureVideoTunnelMode) ERROR: UnsupportedIndex(0x8000101a)
06-22 07:44:16.222 D/MediaCodecInfo( 1765): detail feature-tunneled-playback wasn't present to remove
06-22 07:44:16.222 E/OMXNodeInstance( 1772): getExtensionIndex(0xe5c421e0:google.h264.decoder, OMX.google.android.index.enableAndroidNativeBuffers) ERROR: UnsupportedIndex(0x8000101a)
06-22 07:44:16.232 E/ActivityThread( 2060): Failed to find provider info for com.google.android.gsf.gservices
06-22 07:44:16.233 I/OMXClient( 1765): IOmx service obtained
06-22 07:44:16.233 I/OMXMaster( 1772): makeComponentInstance(OMX.google.h263.decoder) in android.hardwar process
06-22 07:44:16.234 E/OMXNodeInstance( 1772): getExtensionIndex(0xe5c421e0:google.h263.decoder, OMX.google.android.index.configureVideoTunnelMode) ERROR: UnsupportedIndex(0x8000101a)
06-22 07:44:16.234 D/MediaCodecInfo( 1765): detail feature-tunneled-playback wasn't present to remove
06-22 07:44:16.234 E/OMXNodeInstance( 1772): getExtensionIndex(0xe5c421e0:google.h263.decoder, OMX.google.android.index.enableAndroidNativeBuffers) ERROR: UnsupportedIndex(0x8000101a)
06-22 07:44:16.240 I/OMXClient( 1765): IOmx service obtained
06-22 07:44:16.240 I/OMXMaster( 1772): makeComponentInstance(OMX.google.hevc.decoder) in android.hardwar process
06-22 07:44:16.245 E/OMXNodeInstance( 1772): getExtensionIndex(0xe5c421e0:google.hevc.decoder, OMX.google.android.index.configureVideoTunnelMode) ERROR: UnsupportedIndex(0x8000101a)
06-22 07:44:16.246 D/MediaCodecInfo( 1765): detail feature-tunneled-playback wasn't present to remove
06-22 07:44:16.246 E/OMXNodeInstance( 1772): getExtensionIndex(0xe5c421e0:google.hevc.decoder, OMX.google.android.index.enableAndroidNativeBuffers) ERROR: UnsupportedIndex(0x8000101a)
06-22 07:44:16.247 D/WifiController( 1915): DEFERRED_TOGGLE handled
06-22 07:44:16.247 D/WifiController( 1915): StaEnabledState.enter()
06-22 07:44:16.247 D/WifiActiveModeWarden( 1915): Switching from ScanOnlyModeActiveState to ClientMode
06-22 07:44:16.248 D/WifiScanOnlyModeManager( 1915):  currentstate: StartedState
06-22 07:44:16.248 D/WifiScanRequestProxy( 1915): Sending scan available broadcast: false
06-22 07:44:16.248 I/WifiScanningService( 1915): wifi driver unloaded
06-22 07:44:16.248 I/WifiScanRequestProxy( 1915): Scanning is disabled
06-22 07:44:16.248 D/WifiActiveModeWarden( 1915): Entering ClientModeActiveState
06-22 07:44:16.249 D/WifiClientModeManager( 1915): entering IdleState
06-22 07:44:16.249 D/WakeupController( 1915): stop()
06-22 07:44:16.250 W/DirectBootExitBR( 2060): User is in direct boot mode.
06-22 07:44:16.246 I/chatty  ( 2060): uid=10115 com.google.android.gms.persistent identical 2 lines
06-22 07:44:16.246 E/ActivityThread( 2060): Failed to find provider info for com.google.android.gsf.gservices
06-22 07:44:16.251 W/wificond( 1771): No pno scan started
06-22 07:44:16.251 E/wificond( 1771): Receive ERROR message in response to 'stop scheduled scan' request: Operation not supported on transport endpoint
06-22 07:44:16.251 E/ActivityThread( 2060): Failed to find provider info for com.google.android.gsf.gservices
06-22 07:44:16.252 I/OMXClient( 1765): IOmx service obtained
06-22 07:44:16.253 I/OMXMaster( 1772): makeComponentInstance(OMX.google.mpeg4.decoder) in android.hardwar process
06-22 07:44:16.253 E/OMXNodeInstance( 1772): getExtensionIndex(0xe5c421e0:google.mpeg4.decoder, OMX.google.android.index.configureVideoTunnelMode) ERROR: UnsupportedIndex(0x8000101a)
06-22 07:44:16.253 D/MediaCodecInfo( 1765): detail feature-tunneled-playback wasn't present to remove
06-22 07:44:16.253 E/OMXNodeInstance( 1772): getExtensionIndex(0xe5c421e0:google.mpeg4.decoder, OMX.google.android.index.enableAndroidNativeBuffers) ERROR: UnsupportedIndex(0x8000101a)
06-22 07:44:16.251 E/ActivityThread( 2060): Failed to find provider info for com.google.android.gsf.gservices
06-22 07:44:16.266 W/android.hardware.wifi@1.0-service( 1702): No active wlan interfaces in use! Using default
06-22 07:44:16.268 I/OMXClient( 1765): IOmx service obtained
06-22 07:44:16.268 I/OMXMaster( 1772): makeComponentInstance(OMX.android.goldfish.vp8.decoder) in android.hardwar process
06-22 07:44:16.268 I/GoldfishOMXPlugin( 1772): makeComponentInstance 'OMX.android.goldfish.vp8.decoder'
06-22 07:44:16.268 I/GoldfishOMXPlugin( 1772): Using goldfish codec for 'vpxdec'
06-22 07:44:16.269 I/goldfish_vpxdec( 1772): calling constructor of GoldfishVPX
06-22 07:44:16.269 I/wificond( 1771): Unsubscribe scan result for interface with index: 3
06-22 07:44:16.269 E/OMXNodeInstance( 1772): getExtensionIndex(0xe5c421e0:android.goldfish.vp8.decoder, OMX.google.android.index.configureVideoTunnelMode) ERROR: UnsupportedIndex(0x8000101a)
06-22 07:44:16.269 D/MediaCodecInfo( 1765): detail feature-tunneled-playback wasn't present to remove
06-22 07:44:16.269 W/OMXNodeInstance( 1772): [0xe5c421e0:android.goldfish.vp8.decoder] component does not support metadata mode; using fallback
06-22 07:44:16.271 D/WificondControl( 1915): tearing down interfaces in wificond
06-22 07:44:16.272 E/ActivityThread( 2060): Failed to find provider info for com.google.android.gsf.gservices
06-22 07:44:16.272 E/ActivityThread( 2060): Failed to find provider info for com.google.android.gsf.gservices
06-22 07:44:16.272 I/android.hardware.wifi@1.0-service( 1702): Legacy HAL stop complete callback received
06-22 07:44:16.273 E/ActivityThread( 2060): Failed to find provider info for com.google.android.gsf.gservices
06-22 07:44:16.273 I/android.hardware.wifi@1.0-service( 1702): Wifi HAL stopped
06-22 07:44:16.273 I/WifiVendorHal( 1915): Vendor Hal stopped
06-22 07:44:16.273 I/WifiNative( 1915): Successfully torn down Iface:{Name=wlan0,Id=0,Type=STA_SCAN}
06-22 07:44:16.273 E/HalDevMgr( 1915): getAllChipInfo: called but mWifi is null!?
06-22 07:44:16.273 E/HalDevMgr( 1915): dispatchAvailableForRequestListeners: no chip info found
06-22 07:44:16.273 W/HalDevMgr( 1915): stopWifi called but mWifi is null!?
06-22 07:44:16.273 I/WifiNative( 1915): Successfully initiated teardown for iface=wlan0
06-22 07:44:16.274 D/WifiScanOnlyModeManager( 1915): expected stop, not triggering callbacks: state = 1
06-22 07:44:16.274 E/WifiNative( 1915): Could not get Iface object for interface null
06-22 07:44:16.274 D/WifiActiveModeWarden( 1915): State changed from client mode. state = 2
06-22 07:44:16.274 W/HalDevMgr( 1915): isWifiStarted called but mWifi is null!?
06-22 07:44:16.275 I/android_os_HwBinder( 1915): HwBinder: Starting thread pool for getting: android.hardware.wifi@1.0::IWifi/default
06-22 07:44:16.275 E/ActivityThread( 2060): Failed to find provider info for com.google.android.gsf.gservices
06-22 07:44:16.276 I/goldfish_vpxdec( 1772): calling destructor of GoldfishVPX
06-22 07:44:16.277 I/android.hardware.wifi@1.0-service( 1702): Wifi HAL started
06-22 07:44:16.277 I/WifiVendorHal( 1915): Vendor Hal started successfully
06-22 07:44:16.277 I/OMXClient( 1765): IOmx service obtained
06-22 07:44:16.277 I/OMXMaster( 1772): makeComponentInstance(OMX.google.vp8.decoder) in android.hardwar process
06-22 07:44:16.278 I/WifiP2pNative( 1915): Registering for interface available listener
06-22 07:44:16.278 I/android_os_HwBinder( 1915): HwBinder: Starting thread pool for getting: android.hidl.manager@1.0::IServiceManager/default
06-22 07:44:16.279 I/hwservicemanager( 1568): getTransport: Cannot find entry android.hardware.wifi.supplicant@1.1::ISupplicant/default in either framework or device manifest.
06-22 07:44:16.279 I/SupplicantStaIfaceHal( 1915): Starting supplicant using init
06-22 07:44:16.287 I/GmsApplication( 2060): Staging modules and/or updating config
06-22 07:44:16.288 E/ActivityThread( 2060): Failed to find provider info for com.google.android.gsf.gservices
06-22 07:44:16.289 E/ChimeraCfgMgr( 2060): Failed to read module config: java.io.FileNotFoundException: /data/user_de/0/com.google.android.gms/app_chimera/current_config.fb: open failed: ENOENT (No such file or directory)
06-22 07:44:16.290 E/OMXNodeInstance( 1772): getExtensionIndex(0xe5c421e0:google.vp8.decoder, OMX.google.android.index.configureVideoTunnelMode) ERROR: UnsupportedIndex(0x8000101a)
06-22 07:44:16.290 D/MediaCodecInfo( 1765): detail feature-tunneled-playback wasn't present to remove
06-22 07:44:16.290 E/OMXNodeInstance( 1772): getExtensionIndex(0xe5c421e0:google.vp8.decoder, OMX.google.android.index.enableAndroidNativeBuffers) ERROR: UnsupportedIndex(0x8000101a)
06-22 07:44:16.291 I/GmsApplication( 2060): Staging modules
06-22 07:44:16.292 I/FileApkMgr( 2060): Extracting modules...
06-22 07:44:16.294 E/ConfigFileUtils( 2060): Failed to read config file: /data/user_de/0/com.google.android.gms/app_chimera/current_fileapks.pb: open failed: ENOENT (No such file or directory)
06-22 07:44:16.295 I/OMXClient( 1765): IOmx service obtained
06-22 07:44:16.295 I/OMXMaster( 1772): makeComponentInstance(OMX.android.goldfish.vp9.decoder) in android.hardwar process
06-22 07:44:16.295 I/GoldfishOMXPlugin( 1772): makeComponentInstance 'OMX.android.goldfish.vp9.decoder'
06-22 07:44:16.295 I/GoldfishOMXPlugin( 1772): Using goldfish codec for 'vpxdec'
06-22 07:44:16.295 I/goldfish_vpxdec( 1772): calling constructor of GoldfishVPX
06-22 07:44:16.296 E/OMXNodeInstance( 1772): getExtensionIndex(0xe5c425a0:android.goldfish.vp9.decoder, OMX.google.android.index.configureVideoTunnelMode) ERROR: UnsupportedIndex(0x8000101a)
06-22 07:44:16.296 D/MediaCodecInfo( 1765): detail feature-tunneled-playback wasn't present to remove
06-22 07:44:16.296 W/OMXNodeInstance( 1772): [0xe5c425a0:android.goldfish.vp9.decoder] component does not support metadata mode; using fallback
06-22 07:44:16.298 I/goldfish_vpxdec( 1772): calling destructor of GoldfishVPX
06-22 07:44:16.302 I/WifiP2pNative( 1915): Registering for interface available listener
06-22 07:44:16.302 D/WifiP2pNative( 1915): P2P InterfaceAvailableListener true
06-22 07:44:16.302 D/WifiP2pService( 1915): Wifi enabled=false, P2P Interface availability=true, Number of clients=0
06-22 07:44:16.302 D/WifiP2pService( 1915): Wifi enabled=false, P2P Interface availability=true
06-22 07:44:16.303 I/OMXClient( 1765): IOmx service obtained
06-22 07:44:16.303 I/OMXMaster( 1772): makeComponentInstance(OMX.google.vp9.decoder) in android.hardwar process
06-22 07:44:16.303 E/OMXNodeInstance( 1772): getExtensionIndex(0xe5c425a0:google.vp9.decoder, OMX.google.android.index.configureVideoTunnelMode) ERROR: UnsupportedIndex(0x8000101a)
06-22 07:44:16.303 D/MediaCodecInfo( 1765): detail feature-tunneled-playback wasn't present to remove
06-22 07:44:16.303 E/OMXNodeInstance( 1772): getExtensionIndex(0xe5c425a0:google.vp9.decoder, OMX.google.android.index.enableAndroidNativeBuffers) ERROR: UnsupportedIndex(0x8000101a)
06-22 07:44:16.304 I/OMXClient( 1765): IOmx service obtained
06-22 07:44:16.304 I/OMXMaster( 1772): makeComponentInstance(OMX.google.h264.encoder) in android.hardwar process
06-22 07:44:16.307 W/OMXUtils( 1765): do not know color format 0x7f000789 = 2130708361
06-22 07:44:16.312 I/OMXClient( 1765): IOmx service obtained
06-22 07:44:16.312 I/OMXMaster( 1772): makeComponentInstance(OMX.google.h263.encoder) in android.hardwar process
06-22 07:44:16.313 I/SoftMPEG4Encoder( 1772): Construct SoftMPEG4Encoder
06-22 07:44:16.313 W/OMXUtils( 1765): do not know color format 0x7f000789 = 2130708361
06-22 07:44:16.313 E/OMXNodeInstance( 1772): getConfig(0xe5c425a0:google.h263.encoder, ConfigAndroidIntraRefresh(0x6f60000a)) ERROR: Undefined(0x80001001)
06-22 07:44:16.313 E/OMXNodeInstance( 1772): getParameter(0xe5c425a0:google.h263.encoder, ParamVideoIntraRefresh(0x6000006)) ERROR: UnsupportedIndex(0x8000101a)
06-22 07:44:16.313 D/MediaCodecInfo( 1765): detail feature-frame-parsing wasn't present to remove
06-22 07:44:16.333 I/OMXClient( 1765): IOmx service obtained
06-22 07:44:16.333 I/OMXMaster( 1772): makeComponentInstance(OMX.google.mpeg4.encoder) in android.hardwar process
06-22 07:44:16.334 I/SoftMPEG4Encoder( 1772): Construct SoftMPEG4Encoder
06-22 07:44:16.334 W/OMXUtils( 1765): do not know color format 0x7f000789 = 2130708361
06-22 07:44:16.334 E/OMXNodeInstance( 1772): getConfig(0xe5c425a0:google.mpeg4.encoder, ConfigAndroidIntraRefresh(0x6f60000a)) ERROR: Undefined(0x80001001)
06-22 07:44:16.334 E/OMXNodeInstance( 1772): getParameter(0xe5c425a0:google.mpeg4.encoder, ParamVideoIntraRefresh(0x6000006)) ERROR: UnsupportedIndex(0x8000101a)
06-22 07:44:16.334 D/MediaCodecInfo( 1765): detail feature-frame-parsing wasn't present to remove
06-22 07:44:16.315 I/chatty  ( 2060): uid=10115 com.google.android.gms.persistent identical 1 line
06-22 07:44:16.315 E/ActivityThread( 2060): Failed to find provider info for com.google.android.gsf.gservices
06-22 07:44:16.344 W/PackageManager( 1915): Cannot whitelist unknown permission: com.sec.android.provider.badge.permission.READ
06-22 07:44:16.344 W/PackageManager( 1915): Cannot whitelist unknown permission: com.sec.android.provider.badge.permission.WRITE
06-22 07:44:16.344 W/PackageManager( 1915): Cannot whitelist unknown permission: com.htc.launcher.permission.READ_SETTINGS
06-22 07:44:16.344 W/PackageManager( 1915): Cannot whitelist unknown permission: com.htc.launcher.permission.UPDATE_SHORTCUT
06-22 07:44:16.344 W/PackageManager( 1915): Cannot whitelist unknown permission: com.sonyericsson.home.permission.BROADCAST_BADGE
06-22 07:44:16.344 W/PackageManager( 1915): Cannot whitelist unknown permission: com.sonymobile.home.permission.PROVIDER_INSERT_BADGE
06-22 07:44:16.344 I/PackageManager( 1915): Un-granting permission android.permission.MANAGE_DOCUMENTS from package com.google.android.youtube (protectionLevel=262146 flags=0x30dbbe45)
06-22 07:44:16.346 I/OMXClient( 1765): IOmx service obtained
06-22 07:44:16.346 I/OMXMaster( 1772): makeComponentInstance(OMX.google.vp8.encoder) in android.hardwar process
06-22 07:44:16.347 W/OMXUtils( 1765): do not know color format 0x7f000789 = 2130708361
06-22 07:44:16.347 E/OMXNodeInstance( 1772): getConfig(0xe5c425a0:google.vp8.encoder, ConfigAndroidIntraRefresh(0x6f60000a)) ERROR: Undefined(0x80001001)
06-22 07:44:16.347 E/OMXNodeInstance( 1772): getParameter(0xe5c425a0:google.vp8.encoder, ParamVideoIntraRefresh(0x6000006)) ERROR: UnsupportedIndex(0x8000101a)
06-22 07:44:16.347 D/MediaCodecInfo( 1765): detail feature-frame-parsing wasn't present to remove
06-22 07:44:16.349 W/PackageManager( 1915): Cannot whitelist unknown permission: com.sec.android.provider.badge.permission.READ
06-22 07:44:16.349 W/PackageManager( 1915): Cannot whitelist unknown permission: com.sec.android.provider.badge.permission.WRITE
06-22 07:44:16.349 W/PackageManager( 1915): Cannot whitelist unknown permission: com.htc.launcher.permission.READ_SETTINGS
06-22 07:44:16.349 W/PackageManager( 1915): Cannot whitelist unknown permission: com.htc.launcher.permission.UPDATE_SHORTCUT
06-22 07:44:16.350 W/PackageManager( 1915): Cannot whitelist unknown permission: com.sonyericsson.home.permission.BROADCAST_BADGE
06-22 07:44:16.350 W/PackageManager( 1915): Cannot whitelist unknown permission: com.sonymobile.home.permission.PROVIDER_INSERT_BADGE
06-22 07:44:16.350 I/PackageManager( 1915): Un-granting permission android.permission.MANAGE_DOCUMENTS from package com.google.android.youtube (protectionLevel=262146 flags=0x30dbbe45)
06-22 07:44:16.356 I/wpa_supplicant( 2174): Processing hidl events on FD 3
06-22 07:44:16.356 W/PackageManager( 1915): Cannot whitelist unknown permission: com.google.android.launcher.permission.CONTENT_REDIRECT
06-22 07:44:16.356 W/PackageManager( 1915): Cannot whitelist unknown permission: com.google.android.voicesearch.SHORTCUTS_ACCESS
06-22 07:44:16.356 W/PackageManager( 1915): Cannot whitelist unknown permission: com.google.android.voicesearch.ACCESS_SETTINGS
06-22 07:44:16.356 W/PackageManager( 1915): Cannot whitelist unknown permission: com.android.browser.permission.PRELOAD
06-22 07:44:16.356 W/PackageManager( 1915): Cannot whitelist unknown permission: com.google.android.ears.permission.WRITE
06-22 07:44:16.357 W/PackageManager( 1915): Cannot whitelist unknown permission: com.google.googlenav.friend.permission.OPT_IN
06-22 07:44:16.357 W/PackageManager( 1915): Cannot whitelist unknown permission: com.google.android.apps.googlevoice.permission.AUTO_SEND
06-22 07:44:16.357 W/PackageManager( 1915): Cannot whitelist unknown permission: com.google.android.hangouts.START_HANGOUT
06-22 07:44:16.357 W/PackageManager( 1915): Cannot whitelist unknown permission: com.android.chrome.PRERENDER_URL
06-22 07:44:16.357 W/PackageManager( 1915): Cannot whitelist unknown permission: com.google.android.apps.gsa.nga.permissions.EDIT_PREFERENCES
06-22 07:44:16.357 I/ServiceManagement( 2174): Registered android.hardware.wifi.supplicant@1.2::ISupplicant/default (start delay of 79ms)
06-22 07:44:16.358 I/wpa_supplicant( 2174): Successfully initialized wpa_supplicant
06-22 07:44:16.359 I/wpa_supplicant( 2174): rfkill: Cannot open RFKILL control device
06-22 07:44:16.360 W/PackageManager( 1915): Cannot whitelist unknown permission: com.google.android.launcher.permission.CONTENT_REDIRECT
06-22 07:44:16.360 W/PackageManager( 1915): Cannot whitelist unknown permission: com.google.android.voicesearch.SHORTCUTS_ACCESS
06-22 07:44:16.360 W/PackageManager( 1915): Cannot whitelist unknown permission: com.google.android.voicesearch.ACCESS_SETTINGS
06-22 07:44:16.361 W/PackageManager( 1915): Cannot whitelist unknown permission: com.android.browser.permission.PRELOAD
06-22 07:44:16.361 W/PackageManager( 1915): Cannot whitelist unknown permission: com.google.android.ears.permission.WRITE
06-22 07:44:16.361 W/PackageManager( 1915): Cannot whitelist unknown permission: com.google.googlenav.friend.permission.OPT_IN
06-22 07:44:16.361 W/PackageManager( 1915): Cannot whitelist unknown permission: com.google.android.apps.googlevoice.permission.AUTO_SEND
06-22 07:44:16.361 W/PackageManager( 1915): Cannot whitelist unknown permission: com.google.android.hangouts.START_HANGOUT
06-22 07:44:16.361 W/PackageManager( 1915): Cannot whitelist unknown permission: com.android.chrome.PRERENDER_URL
06-22 07:44:16.361 W/PackageManager( 1915): Cannot whitelist unknown permission: com.google.android.apps.gsa.nga.permissions.EDIT_PREFERENCES
06-22 07:44:16.362 W/PackageManager( 1915): Cannot whitelist unknown permission: com.google.android.launcher.permission.CONTENT_REDIRECT
06-22 07:44:16.362 W/PackageManager( 1915): Cannot whitelist unknown permission: com.google.android.voicesearch.SHORTCUTS_ACCESS
06-22 07:44:16.362 W/PackageManager( 1915): Cannot whitelist unknown permission: com.google.android.voicesearch.ACCESS_SETTINGS
06-22 07:44:16.362 W/PackageManager( 1915): Cannot whitelist unknown permission: com.android.browser.permission.PRELOAD
06-22 07:44:16.362 W/PackageManager( 1915): Cannot whitelist unknown permission: com.google.android.ears.permission.WRITE
06-22 07:44:16.362 W/PackageManager( 1915): Cannot whitelist unknown permission: com.google.googlenav.friend.permission.OPT_IN
06-22 07:44:16.362 W/PackageManager( 1915): Cannot whitelist unknown permission: com.google.android.apps.googlevoice.permission.AUTO_SEND
06-22 07:44:16.362 W/PackageManager( 1915): Cannot whitelist unknown permission: com.google.android.hangouts.START_HANGOUT
06-22 07:44:16.362 W/PackageManager( 1915): Cannot whitelist unknown permission: com.android.chrome.PRERENDER_URL
06-22 07:44:16.362 W/PackageManager( 1915): Cannot whitelist unknown permission: com.google.android.apps.gsa.nga.permissions.EDIT_PREFERENCES
06-22 07:44:16.363 D/MediaCodecList( 1765): ignored a null builder
06-22 07:44:16.363 I/OMXClient( 1915): IOmx service obtained
06-22 07:44:16.363 I/OMXMaster( 1772): makeComponentInstance(OMX.google.vorbis.decoder) in android.hardwar process
06-22 07:44:16.364 E/OMXNodeInstance( 1772): getConfig(0xe5c421e0:google.vorbis.decoder, ConfigAndroidVendorExtension(0x6f100004)) ERROR: Undefined(0x80001001)
06-22 07:44:16.368 W/PackageManager( 1915): Cannot whitelist unknown permission: com.google.android.launcher.permission.CONTENT_REDIRECT
06-22 07:44:16.368 W/PackageManager( 1915): Cannot whitelist unknown permission: com.google.android.voicesearch.SHORTCUTS_ACCESS
06-22 07:44:16.368 W/PackageManager( 1915): Cannot whitelist unknown permission: com.google.android.voicesearch.ACCESS_SETTINGS
06-22 07:44:16.368 W/PackageManager( 1915): Cannot whitelist unknown permission: com.android.browser.permission.PRELOAD
06-22 07:44:16.368 W/PackageManager( 1915): Cannot whitelist unknown permission: com.google.android.ears.permission.WRITE
06-22 07:44:16.368 W/PackageManager( 1915): Cannot whitelist unknown permission: com.google.googlenav.friend.permission.OPT_IN
06-22 07:44:16.369 W/PackageManager( 1915): Cannot whitelist unknown permission: com.google.android.apps.googlevoice.permission.AUTO_SEND
06-22 07:44:16.369 W/PackageManager( 1915): Cannot whitelist unknown permission: com.google.android.hangouts.START_HANGOUT
06-22 07:44:16.369 W/PackageManager( 1915): Cannot whitelist unknown permission: com.android.chrome.PRERENDER_URL
06-22 07:44:16.369 W/PackageManager( 1915): Cannot whitelist unknown permission: com.google.android.apps.gsa.nga.permissions.EDIT_PREFERENCES
06-22 07:44:16.371 W/PackageManager( 1915): Cannot whitelist unknown permission: com.google.android.launcher.permission.CONTENT_REDIRECT
06-22 07:44:16.371 W/PackageManager( 1915): Cannot whitelist unknown permission: com.google.android.voicesearch.SHORTCUTS_ACCESS
06-22 07:44:16.371 W/PackageManager( 1915): Cannot whitelist unknown permission: com.google.android.voicesearch.ACCESS_SETTINGS
06-22 07:44:16.371 W/PackageManager( 1915): Cannot whitelist unknown permission: com.android.browser.permission.PRELOAD
06-22 07:44:16.371 W/PackageManager( 1915): Cannot whitelist unknown permission: com.google.android.ears.permission.WRITE
06-22 07:44:16.371 W/PackageManager( 1915): Cannot whitelist unknown permission: com.google.googlenav.friend.permission.OPT_IN
06-22 07:44:16.373 W/PackageManager( 1915): Cannot whitelist unknown permission: com.google.android.apps.googlevoice.permission.AUTO_SEND
06-22 07:44:16.373 W/PackageManager( 1915): Cannot whitelist unknown permission: com.google.android.hangouts.START_HANGOUT
06-22 07:44:16.373 W/PackageManager( 1915): Cannot whitelist unknown permission: com.android.chrome.PRERENDER_URL
06-22 07:44:16.373 W/PackageManager( 1915): Cannot whitelist unknown permission: com.google.android.apps.gsa.nga.permissions.EDIT_PREFERENCES
06-22 07:44:16.376 W/PackageManager( 1915): Cannot whitelist unknown permission: com.google.android.launcher.permission.CONTENT_REDIRECT
06-22 07:44:16.376 W/PackageManager( 1915): Cannot whitelist unknown permission: com.google.android.voicesearch.SHORTCUTS_ACCESS
06-22 07:44:16.376 W/PackageManager( 1915): Cannot whitelist unknown permission: com.google.android.voicesearch.ACCESS_SETTINGS
06-22 07:44:16.376 W/PackageManager( 1915): Cannot whitelist unknown permission: com.android.browser.permission.PRELOAD
06-22 07:44:16.376 W/PackageManager( 1915): Cannot whitelist unknown permission: com.google.android.ears.permission.WRITE
06-22 07:44:16.376 W/PackageManager( 1915): Cannot whitelist unknown permission: com.google.googlenav.friend.permission.OPT_IN
06-22 07:44:16.376 W/PackageManager( 1915): Cannot whitelist unknown permission: com.google.android.apps.googlevoice.permission.AUTO_SEND
06-22 07:44:16.376 W/PackageManager( 1915): Cannot whitelist unknown permission: com.google.android.hangouts.START_HANGOUT
06-22 07:44:16.376 W/PackageManager( 1915): Cannot whitelist unknown permission: com.android.chrome.PRERENDER_URL
06-22 07:44:16.376 W/PackageManager( 1915): Cannot whitelist unknown permission: com.google.android.apps.gsa.nga.permissions.EDIT_PREFERENCES
06-22 07:44:16.381 I/PackageManager( 1915): Un-granting permission com.google.android.googleapps.permission.GOOGLE_AUTH from package com.android.providers.calendar (protectionLevel=2 flags=0x30883e45)
06-22 07:44:16.381 I/PackageManager( 1915): Un-granting permission com.google.android.googleapps.permission.GOOGLE_AUTH.cl from package com.android.providers.calendar (protectionLevel=2 flags=0x30883e45)
06-22 07:44:16.383 I/PackageManager( 1915): Un-granting permission com.google.android.googleapps.permission.GOOGLE_AUTH from package com.android.providers.calendar (protectionLevel=2 flags=0x30883e45)
06-22 07:44:16.383 I/PackageManager( 1915): Un-granting permission com.google.android.googleapps.permission.GOOGLE_AUTH.cl from package com.android.providers.calendar (protectionLevel=2 flags=0x30883e45)
06-22 07:44:16.384 I/SystemConfig( 2060): Adding association: com.google.android.as <- com.android.providers.contacts
06-22 07:44:16.384 I/SystemConfig( 2060): Adding association: com.google.android.as <- com.android.providers.media
06-22 07:44:16.384 I/SystemConfig( 2060): Adding association: com.google.android.as <- com.android.providers.telephony
06-22 07:44:16.384 I/SystemConfig( 2060): Adding association: com.google.android.as <- com.android.systemui
06-22 07:44:16.384 I/SystemConfig( 2060): Adding association: com.google.android.as <- com.google.android.gms
06-22 07:44:16.384 I/SystemConfig( 2060): Adding association: com.google.android.as <- com.google.android.gsf
06-22 07:44:16.396 I/PackageManager( 1915): Un-granting permission android.permission.WRITE_SECURE_SETTINGS from package com.google.android.apps.enterprise.dmagent (protectionLevel=50 flags=0x30883e05)
06-22 07:44:16.396 I/PackageManager( 1915): Un-granting permission android.permission.CONNECTIVITY_INTERNAL from package com.google.android.apps.enterprise.dmagent (protectionLevel=18 flags=0x30883e05)
06-22 07:44:16.396 I/PackageManager( 1915): Un-granting permission android.permission.MANAGE_USB from package com.google.android.apps.enterprise.dmagent (protectionLevel=18 flags=0x30883e05)
06-22 07:44:16.396 I/PackageManager( 1915): Un-granting permission android.permission.CHANGE_COMPONENT_ENABLED_STATE from package com.google.android.apps.enterprise.dmagent (protectionLevel=18 flags=0x30883e05)
06-22 07:44:16.396 I/PackageManager( 1915): Un-granting permission android.permission.MANAGE_CA_CERTIFICATES from package com.google.android.apps.enterprise.dmagent (protectionLevel=18 flags=0x30883e05)
06-22 07:44:16.396 I/PackageManager( 1915): Un-granting permission android.permission.MANAGE_USERS from package com.google.android.apps.enterprise.dmagent (protectionLevel=18 flags=0x30883e05)
06-22 07:44:16.399 W/SystemConfig( 2060): No directory /product_services/etc/sysconfig, skipping
06-22 07:44:16.399 W/SystemConfig( 2060): No directory /product_services/etc/permissions, skipping
06-22 07:44:16.406 W/PackageManager( 1915): Cannot whitelist unknown permission: com.google.android.ims.LOG_ACCESS
06-22 07:44:16.406 W/PackageManager( 1915): Cannot whitelist unknown permission: com.cequint.ecid.CALLER_ID_EXTERNAL_LOOKUP_SMS
06-22 07:44:16.406 W/PackageManager( 1915): Cannot whitelist unknown permission: com.sec.android.provider.badge.permission.READ
06-22 07:44:16.406 W/PackageManager( 1915): Cannot whitelist unknown permission: com.sec.android.provider.badge.permission.WRITE
06-22 07:44:16.406 W/PackageManager( 1915): Cannot whitelist unknown permission: com.htc.launcher.permission.READ_SETTINGS
06-22 07:44:16.406 W/PackageManager( 1915): Cannot whitelist unknown permission: com.htc.launcher.permission.UPDATE_SHORTCUT
06-22 07:44:16.406 W/PackageManager( 1915): Cannot whitelist unknown permission: com.sonyericsson.home.permission.BROADCAST_BADGE
06-22 07:44:16.406 W/PackageManager( 1915): Cannot whitelist unknown permission: com.sonymobile.home.permission.PROVIDER_INSERT_BADGE
06-22 07:44:16.406 W/PackageManager( 1915): Cannot whitelist unknown permission: com.sonymobile.launcher.permission.PROVIDER_INSERT_BADGE
06-22 07:44:16.406 W/PackageManager( 1915): Cannot whitelist unknown permission: com.anddoes.launcher.permission.UPDATE_COUNT
06-22 07:44:16.406 W/PackageManager( 1915): Cannot whitelist unknown permission: com.majeur.launcher.permission.UPDATE_BADGE
06-22 07:44:16.406 W/PackageManager( 1915): Cannot whitelist unknown permission: com.huawei.android.launcher.permission.CHANGE_BADGE
06-22 07:44:16.406 W/PackageManager( 1915): Cannot whitelist unknown permission: com.huawei.android.launcher.permission.READ_SETTINGS
06-22 07:44:16.406 W/PackageManager( 1915): Cannot whitelist unknown permission: com.huawei.android.launcher.permission.WRITE_SETTINGS
06-22 07:44:16.406 W/PackageManager( 1915): Cannot whitelist unknown permission: android.permission.READ_APP_BADGE
06-22 07:44:16.406 W/PackageManager( 1915): Cannot whitelist unknown permission: com.oppo.launcher.permission.READ_SETTINGS
06-22 07:44:16.406 W/PackageManager( 1915): Cannot whitelist unknown permission: com.oppo.launcher.permission.WRITE_SETTINGS
06-22 07:44:16.406 I/PackageManager( 1915): Un-granting permission com.google.android.setupwizard.READ_DEVICE_ORIGIN from package com.google.android.apps.messaging (protectionLevel=18 flags=0x38cbbe45)
06-22 07:44:16.407 W/PackageManager( 1915): Cannot whitelist unknown permission: com.google.android.ims.LOG_ACCESS
06-22 07:44:16.407 W/PackageManager( 1915): Cannot whitelist unknown permission: com.cequint.ecid.CALLER_ID_EXTERNAL_LOOKUP_SMS
06-22 07:44:16.407 W/PackageManager( 1915): Cannot whitelist unknown permission: com.sec.android.provider.badge.permission.READ
06-22 07:44:16.407 W/PackageManager( 1915): Cannot whitelist unknown permission: com.sec.android.provider.badge.permission.WRITE
06-22 07:44:16.407 W/PackageManager( 1915): Cannot whitelist unknown permission: com.htc.launcher.permission.READ_SETTINGS
06-22 07:44:16.407 W/PackageManager( 1915): Cannot whitelist unknown permission: com.htc.launcher.permission.UPDATE_SHORTCUT
06-22 07:44:16.407 W/PackageManager( 1915): Cannot whitelist unknown permission: com.sonyericsson.home.permission.BROADCAST_BADGE
06-22 07:44:16.408 W/PackageManager( 1915): Cannot whitelist unknown permission: com.sonymobile.home.permission.PROVIDER_INSERT_BADGE
06-22 07:44:16.408 W/PackageManager( 1915): Cannot whitelist unknown permission: com.sonymobile.launcher.permission.PROVIDER_INSERT_BADGE
06-22 07:44:16.408 W/PackageManager( 1915): Cannot whitelist unknown permission: com.anddoes.launcher.permission.UPDATE_COUNT
06-22 07:44:16.408 W/PackageManager( 1915): Cannot whitelist unknown permission: com.majeur.launcher.permission.UPDATE_BADGE
06-22 07:44:16.408 W/PackageManager( 1915): Cannot whitelist unknown permission: com.huawei.android.launcher.permission.CHANGE_BADGE
06-22 07:44:16.408 W/PackageManager( 1915): Cannot whitelist unknown permission: com.huawei.android.launcher.permission.READ_SETTINGS
06-22 07:44:16.408 W/PackageManager( 1915): Cannot whitelist unknown permission: com.huawei.android.launcher.permission.WRITE_SETTINGS
06-22 07:44:16.408 W/PackageManager( 1915): Cannot whitelist unknown permission: android.permission.READ_APP_BADGE
06-22 07:44:16.408 I/OMXClient( 1915): IOmx service obtained
06-22 07:44:16.408 I/OMXMaster( 1772): makeComponentInstance(OMX.google.vorbis.decoder) in android.hardwar process
06-22 07:44:16.408 W/PackageManager( 1915): Cannot whitelist unknown permission: com.oppo.launcher.permission.READ_SETTINGS
06-22 07:44:16.409 W/PackageManager( 1915): Cannot whitelist unknown permission: com.oppo.launcher.permission.WRITE_SETTINGS
06-22 07:44:16.409 I/PackageManager( 1915): Un-granting permission com.google.android.setupwizard.READ_DEVICE_ORIGIN from package com.google.android.apps.messaging (protectionLevel=18 flags=0x38cbbe45)
06-22 07:44:16.409 E/OMXNodeInstance( 1772): getConfig(0xe5c425a0:google.vorbis.decoder, ConfigAndroidVendorExtension(0x6f100004)) ERROR: Undefined(0x80001001)
06-22 07:44:16.410 W/PackageManager( 1915): Cannot whitelist unknown permission: com.google.android.ims.LOG_ACCESS
06-22 07:44:16.410 W/PackageManager( 1915): Cannot whitelist unknown permission: com.cequint.ecid.CALLER_ID_EXTERNAL_LOOKUP_SMS
06-22 07:44:16.410 W/PackageManager( 1915): Cannot whitelist unknown permission: com.sec.android.provider.badge.permission.READ
06-22 07:44:16.410 W/PackageManager( 1915): Cannot whitelist unknown permission: com.sec.android.provider.badge.permission.WRITE
06-22 07:44:16.410 W/PackageManager( 1915): Cannot whitelist unknown permission: com.htc.launcher.permission.READ_SETTINGS
06-22 07:44:16.410 W/PackageManager( 1915): Cannot whitelist unknown permission: com.htc.launcher.permission.UPDATE_SHORTCUT
06-22 07:44:16.410 W/PackageManager( 1915): Cannot whitelist unknown permission: com.sonyericsson.home.permission.BROADCAST_BADGE
06-22 07:44:16.410 W/PackageManager( 1915): Cannot whitelist unknown permission: com.sonymobile.home.permission.PROVIDER_INSERT_BADGE
06-22 07:44:16.410 W/PackageManager( 1915): Cannot whitelist unknown permission: com.sonymobile.launcher.permission.PROVIDER_INSERT_BADGE
06-22 07:44:16.410 W/PackageManager( 1915): Cannot whitelist unknown permission: com.anddoes.launcher.permission.UPDATE_COUNT
06-22 07:44:16.410 W/PackageManager( 1915): Cannot whitelist unknown permission: com.majeur.launcher.permission.UPDATE_BADGE
06-22 07:44:16.410 W/PackageManager( 1915): Cannot whitelist unknown permission: com.huawei.android.launcher.permission.CHANGE_BADGE
06-22 07:44:16.410 W/PackageManager( 1915): Cannot whitelist unknown permission: com.huawei.android.launcher.permission.READ_SETTINGS
06-22 07:44:16.410 W/PackageManager( 1915): Cannot whitelist unknown permission: com.huawei.android.launcher.permission.WRITE_SETTINGS
06-22 07:44:16.410 W/PackageManager( 1915): Cannot whitelist unknown permission: android.permission.READ_APP_BADGE
06-22 07:44:16.411 W/PackageManager( 1915): Cannot whitelist unknown permission: com.oppo.launcher.permission.READ_SETTINGS
06-22 07:44:16.411 W/PackageManager( 1915): Cannot whitelist unknown permission: com.oppo.launcher.permission.WRITE_SETTINGS
06-22 07:44:16.411 I/PackageManager( 1915): Un-granting permission com.google.android.setupwizard.READ_DEVICE_ORIGIN from package com.google.android.apps.messaging (protectionLevel=18 flags=0x38cbbe45)
06-22 07:44:16.413 W/PackageManager( 1915): Cannot whitelist unknown permission: com.google.android.ims.LOG_ACCESS
06-22 07:44:16.413 W/PackageManager( 1915): Cannot whitelist unknown permission: com.cequint.ecid.CALLER_ID_EXTERNAL_LOOKUP_SMS
06-22 07:44:16.413 W/PackageManager( 1915): Cannot whitelist unknown permission: com.sec.android.provider.badge.permission.READ
06-22 07:44:16.414 W/PackageManager( 1915): Cannot whitelist unknown permission: com.sec.android.provider.badge.permission.WRITE
06-22 07:44:16.414 W/PackageManager( 1915): Cannot whitelist unknown permission: com.htc.launcher.permission.READ_SETTINGS
06-22 07:44:16.414 W/PackageManager( 1915): Cannot whitelist unknown permission: com.htc.launcher.permission.UPDATE_SHORTCUT
06-22 07:44:16.414 W/PackageManager( 1915): Cannot whitelist unknown permission: com.sonyericsson.home.permission.BROADCAST_BADGE
06-22 07:44:16.414 W/PackageManager( 1915): Cannot whitelist unknown permission: com.sonymobile.home.permission.PROVIDER_INSERT_BADGE
06-22 07:44:16.414 W/PackageManager( 1915): Cannot whitelist unknown permission: com.sonymobile.launcher.permission.PROVIDER_INSERT_BADGE
06-22 07:44:16.414 W/PackageManager( 1915): Cannot whitelist unknown permission: com.anddoes.launcher.permission.UPDATE_COUNT
06-22 07:44:16.414 W/PackageManager( 1915): Cannot whitelist unknown permission: com.majeur.launcher.permission.UPDATE_BADGE
06-22 07:44:16.414 W/PackageManager( 1915): Cannot whitelist unknown permission: com.huawei.android.launcher.permission.CHANGE_BADGE
06-22 07:44:16.414 W/PackageManager( 1915): Cannot whitelist unknown permission: com.huawei.android.launcher.permission.READ_SETTINGS
06-22 07:44:16.414 W/PackageManager( 1915): Cannot whitelist unknown permission: com.huawei.android.launcher.permission.WRITE_SETTINGS
06-22 07:44:16.414 W/PackageManager( 1915): Cannot whitelist unknown permission: android.permission.READ_APP_BADGE
06-22 07:44:16.415 W/PackageManager( 1915): Cannot whitelist unknown permission: com.oppo.launcher.permission.READ_SETTINGS
06-22 07:44:16.415 W/PackageManager( 1915): Cannot whitelist unknown permission: com.oppo.launcher.permission.WRITE_SETTINGS
06-22 07:44:16.415 I/PackageManager( 1915): Un-granting permission com.google.android.setupwizard.READ_DEVICE_ORIGIN from package com.google.android.apps.messaging (protectionLevel=18 flags=0x38cbbe45)
06-22 07:44:16.417 W/PackageManager( 1915): Cannot whitelist unknown permission: com.google.android.ims.LOG_ACCESS
06-22 07:44:16.417 W/PackageManager( 1915): Cannot whitelist unknown permission: com.cequint.ecid.CALLER_ID_EXTERNAL_LOOKUP_SMS
06-22 07:44:16.417 W/PackageManager( 1915): Cannot whitelist unknown permission: com.sec.android.provider.badge.permission.READ
06-22 07:44:16.417 W/PackageManager( 1915): Cannot whitelist unknown permission: com.sec.android.provider.badge.permission.WRITE
06-22 07:44:16.417 W/PackageManager( 1915): Cannot whitelist unknown permission: com.htc.launcher.permission.READ_SETTINGS
06-22 07:44:16.417 W/PackageManager( 1915): Cannot whitelist unknown permission: com.htc.launcher.permission.UPDATE_SHORTCUT
06-22 07:44:16.418 W/PackageManager( 1915): Cannot whitelist unknown permission: com.sonyericsson.home.permission.BROADCAST_BADGE
06-22 07:44:16.418 W/PackageManager( 1915): Cannot whitelist unknown permission: com.sonymobile.home.permission.PROVIDER_INSERT_BADGE
06-22 07:44:16.418 W/PackageManager( 1915): Cannot whitelist unknown permission: com.sonymobile.launcher.permission.PROVIDER_INSERT_BADGE
06-22 07:44:16.418 W/PackageManager( 1915): Cannot whitelist unknown permission: com.anddoes.launcher.permission.UPDATE_COUNT
06-22 07:44:16.418 W/PackageManager( 1915): Cannot whitelist unknown permission: com.majeur.launcher.permission.UPDATE_BADGE
06-22 07:44:16.418 W/PackageManager( 1915): Cannot whitelist unknown permission: com.huawei.android.launcher.permission.CHANGE_BADGE
06-22 07:44:16.418 W/PackageManager( 1915): Cannot whitelist unknown permission: com.huawei.android.launcher.permission.READ_SETTINGS
06-22 07:44:16.418 W/PackageManager( 1915): Cannot whitelist unknown permission: com.huawei.android.launcher.permission.WRITE_SETTINGS
06-22 07:44:16.418 W/PackageManager( 1915): Cannot whitelist unknown permission: android.permission.READ_APP_BADGE
06-22 07:44:16.418 W/PackageManager( 1915): Cannot whitelist unknown permission: com.oppo.launcher.permission.READ_SETTINGS
06-22 07:44:16.418 W/PackageManager( 1915): Cannot whitelist unknown permission: com.oppo.launcher.permission.WRITE_SETTINGS
06-22 07:44:16.418 I/PackageManager( 1915): Un-granting permission com.google.android.setupwizard.READ_DEVICE_ORIGIN from package com.google.android.apps.messaging (protectionLevel=18 flags=0x38cbbe45)
06-22 07:44:16.421 W/PackageManager( 1915): Cannot whitelist unknown permission: com.google.android.ims.LOG_ACCESS
06-22 07:44:16.422 W/PackageManager( 1915): Cannot whitelist unknown permission: com.cequint.ecid.CALLER_ID_EXTERNAL_LOOKUP_SMS
06-22 07:44:16.422 W/PackageManager( 1915): Cannot whitelist unknown permission: com.sec.android.provider.badge.permission.READ
06-22 07:44:16.422 W/PackageManager( 1915): Cannot whitelist unknown permission: com.sec.android.provider.badge.permission.WRITE
06-22 07:44:16.422 W/PackageManager( 1915): Cannot whitelist unknown permission: com.htc.launcher.permission.READ_SETTINGS
06-22 07:44:16.422 W/PackageManager( 1915): Cannot whitelist unknown permission: com.htc.launcher.permission.UPDATE_SHORTCUT
06-22 07:44:16.422 W/PackageManager( 1915): Cannot whitelist unknown permission: com.sonyericsson.home.permission.BROADCAST_BADGE
06-22 07:44:16.422 W/PackageManager( 1915): Cannot whitelist unknown permission: com.sonymobile.home.permission.PROVIDER_INSERT_BADGE
06-22 07:44:16.422 W/PackageManager( 1915): Cannot whitelist unknown permission: com.sonymobile.launcher.permission.PROVIDER_INSERT_BADGE
06-22 07:44:16.422 W/PackageManager( 1915): Cannot whitelist unknown permission: com.anddoes.launcher.permission.UPDATE_COUNT
06-22 07:44:16.422 W/PackageManager( 1915): Cannot whitelist unknown permission: com.majeur.launcher.permission.UPDATE_BADGE
06-22 07:44:16.422 W/PackageManager( 1915): Cannot whitelist unknown permission: com.huawei.android.launcher.permission.CHANGE_BADGE
06-22 07:44:16.422 W/PackageManager( 1915): Cannot whitelist unknown permission: com.huawei.android.launcher.permission.READ_SETTINGS
06-22 07:44:16.422 W/PackageManager( 1915): Cannot whitelist unknown permission: com.huawei.android.launcher.permission.WRITE_SETTINGS
06-22 07:44:16.422 W/PackageManager( 1915): Cannot whitelist unknown permission: android.permission.READ_APP_BADGE
06-22 07:44:16.422 W/PackageManager( 1915): Cannot whitelist unknown permission: com.oppo.launcher.permission.READ_SETTINGS
06-22 07:44:16.422 W/PackageManager( 1915): Cannot whitelist unknown permission: com.oppo.launcher.permission.WRITE_SETTINGS
06-22 07:44:16.422 I/PackageManager( 1915): Un-granting permission com.google.android.setupwizard.READ_DEVICE_ORIGIN from package com.google.android.apps.messaging (protectionLevel=18 flags=0x38cbbe45)
06-22 07:44:16.423 W/PackageManager( 1915): Cannot whitelist unknown permission: com.google.android.ims.LOG_ACCESS
06-22 07:44:16.423 W/PackageManager( 1915): Cannot whitelist unknown permission: com.cequint.ecid.CALLER_ID_EXTERNAL_LOOKUP_SMS
06-22 07:44:16.423 W/PackageManager( 1915): Cannot whitelist unknown permission: com.sec.android.provider.badge.permission.READ
06-22 07:44:16.423 W/PackageManager( 1915): Cannot whitelist unknown permission: com.sec.android.provider.badge.permission.WRITE
06-22 07:44:16.423 W/PackageManager( 1915): Cannot whitelist unknown permission: com.htc.launcher.permission.READ_SETTINGS
06-22 07:44:16.423 W/PackageManager( 1915): Cannot whitelist unknown permission: com.htc.launcher.permission.UPDATE_SHORTCUT
06-22 07:44:16.423 W/PackageManager( 1915): Cannot whitelist unknown permission: com.sonyericsson.home.permission.BROADCAST_BADGE
06-22 07:44:16.423 W/PackageManager( 1915): Cannot whitelist unknown permission: com.sonymobile.home.permission.PROVIDER_INSERT_BADGE
06-22 07:44:16.423 W/PackageManager( 1915): Cannot whitelist unknown permission: com.sonymobile.launcher.permission.PROVIDER_INSERT_BADGE
06-22 07:44:16.423 W/PackageManager( 1915): Cannot whitelist unknown permission: com.anddoes.launcher.permission.UPDATE_COUNT
06-22 07:44:16.423 W/PackageManager( 1915): Cannot whitelist unknown permission: com.majeur.launcher.permission.UPDATE_BADGE
06-22 07:44:16.423 W/PackageManager( 1915): Cannot whitelist unknown permission: com.huawei.android.launcher.permission.CHANGE_BADGE
06-22 07:44:16.423 W/PackageManager( 1915): Cannot whitelist unknown permission: com.huawei.android.launcher.permission.READ_SETTINGS
06-22 07:44:16.423 W/PackageManager( 1915): Cannot whitelist unknown permission: com.huawei.android.launcher.permission.WRITE_SETTINGS
06-22 07:44:16.423 W/PackageManager( 1915): Cannot whitelist unknown permission: android.permission.READ_APP_BADGE
06-22 07:44:16.423 W/PackageManager( 1915): Cannot whitelist unknown permission: com.oppo.launcher.permission.READ_SETTINGS
06-22 07:44:16.423 W/PackageManager( 1915): Cannot whitelist unknown permission: com.oppo.launcher.permission.WRITE_SETTINGS
06-22 07:44:16.423 I/PackageManager( 1915): Un-granting permission com.google.android.setupwizard.READ_DEVICE_ORIGIN from package com.google.android.apps.messaging (protectionLevel=18 flags=0x38cbbe45)
06-22 07:44:16.428 W/PackageManager( 1915): Cannot whitelist unknown permission: com.google.android.ims.LOG_ACCESS
06-22 07:44:16.428 W/PackageManager( 1915): Cannot whitelist unknown permission: com.cequint.ecid.CALLER_ID_EXTERNAL_LOOKUP_SMS
06-22 07:44:16.428 W/PackageManager( 1915): Cannot whitelist unknown permission: com.sec.android.provider.badge.permission.READ
06-22 07:44:16.428 W/PackageManager( 1915): Cannot whitelist unknown permission: com.sec.android.provider.badge.permission.WRITE
06-22 07:44:16.428 W/PackageManager( 1915): Cannot whitelist unknown permission: com.htc.launcher.permission.READ_SETTINGS
06-22 07:44:16.428 W/PackageManager( 1915): Cannot whitelist unknown permission: com.htc.launcher.permission.UPDATE_SHORTCUT
06-22 07:44:16.428 W/PackageManager( 1915): Cannot whitelist unknown permission: com.sonyericsson.home.permission.BROADCAST_BADGE
06-22 07:44:16.428 W/PackageManager( 1915): Cannot whitelist unknown permission: com.sonymobile.home.permission.PROVIDER_INSERT_BADGE
06-22 07:44:16.428 W/PackageManager( 1915): Cannot whitelist unknown permission: com.sonymobile.launcher.permission.PROVIDER_INSERT_BADGE
06-22 07:44:16.428 W/PackageManager( 1915): Cannot whitelist unknown permission: com.anddoes.launcher.permission.UPDATE_COUNT
06-22 07:44:16.428 W/PackageManager( 1915): Cannot whitelist unknown permission: com.majeur.launcher.permission.UPDATE_BADGE
06-22 07:44:16.428 W/PackageManager( 1915): Cannot whitelist unknown permission: com.huawei.android.launcher.permission.CHANGE_BADGE
