06-18 07:51:43.406 E/WifiVendorHal( 1918): getBgScanCapabilities(l.630) failed {.code = ERROR_NOT_SUPPORTED, .description = }
06-18 07:51:43.408 I/WifiScanningService( 1918): wifi driver loaded with scan capabilities: max buckets=16
06-18 07:51:43.425 D/WifiScanRequestProxy( 1918): Sending scan available broadcast: true
06-18 07:51:43.425 I/WifiScanRequestProxy( 1918): Scanning is enabled
06-18 07:51:43.425 I/WifiScanRequestProxy( 1918): Scanning for hidden networks is enabled
06-18 07:51:43.426 D/WifiClientModeImpl( 1918): entering ConnectModeState: ifaceName = wlan0
06-18 07:51:43.426 D/WifiClientModeImpl( 1918): setupClientMode() ifacename = wlan0
06-18 07:51:43.435 W/PackageManager( 1918): Cannot whitelist unknown permission: com.google.android.ims.LOG_ACCESS
06-18 07:51:43.435 W/PackageManager( 1918): Cannot whitelist unknown permission: com.cequint.ecid.CALLER_ID_EXTERNAL_LOOKUP_SMS
06-18 07:51:43.435 W/PackageManager( 1918): Cannot whitelist unknown permission: com.sec.android.provider.badge.permission.READ
06-18 07:51:43.435 W/PackageManager( 1918): Cannot whitelist unknown permission: com.sec.android.provider.badge.permission.WRITE
06-18 07:51:43.435 W/PackageManager( 1918): Cannot whitelist unknown permission: com.htc.launcher.permission.READ_SETTINGS
06-18 07:51:43.435 W/PackageManager( 1918): Cannot whitelist unknown permission: com.htc.launcher.permission.UPDATE_SHORTCUT
06-18 07:51:43.435 W/PackageManager( 1918): Cannot whitelist unknown permission: com.sonyericsson.home.permission.BROADCAST_BADGE
06-18 07:51:43.435 W/PackageManager( 1918): Cannot whitelist unknown permission: com.sonymobile.home.permission.PROVIDER_INSERT_BADGE
06-18 07:51:43.435 W/PackageManager( 1918): Cannot whitelist unknown permission: com.sonymobile.launcher.permission.PROVIDER_INSERT_BADGE
06-18 07:51:43.435 W/PackageManager( 1918): Cannot whitelist unknown permission: com.anddoes.launcher.permission.UPDATE_COUNT
06-18 07:51:43.435 W/PackageManager( 1918): Cannot whitelist unknown permission: com.majeur.launcher.permission.UPDATE_BADGE
06-18 07:51:43.435 W/PackageManager( 1918): Cannot whitelist unknown permission: com.huawei.android.launcher.permission.CHANGE_BADGE
06-18 07:51:43.435 W/PackageManager( 1918): Cannot whitelist unknown permission: com.huawei.android.launcher.permission.READ_SETTINGS
06-18 07:51:43.436 W/PackageManager( 1918): Cannot whitelist unknown permission: com.huawei.android.launcher.permission.WRITE_SETTINGS
06-18 07:51:43.436 W/PackageManager( 1918): Cannot whitelist unknown permission: android.permission.READ_APP_BADGE
06-18 07:51:43.436 W/PackageManager( 1918): Cannot whitelist unknown permission: com.oppo.launcher.permission.READ_SETTINGS
06-18 07:51:43.436 W/PackageManager( 1918): Cannot whitelist unknown permission: com.oppo.launcher.permission.WRITE_SETTINGS
06-18 07:51:43.436 I/PackageManager( 1918): Un-granting permission com.google.android.setupwizard.READ_DEVICE_ORIGIN from package com.google.android.apps.messaging (protectionLevel=18 flags=0x38cbbe45)
06-18 07:51:43.458 I/OMXClient( 1918): IOmx service obtained
06-18 07:51:43.458 I/OMXMaster( 1784): makeComponentInstance(OMX.google.vorbis.decoder) in android.hardwar process
06-18 07:51:43.459 E/OMXNodeInstance( 1784): getConfig(0xec2191a0:google.vorbis.decoder, ConfigAndroidVendorExtension(0x6f100004)) ERROR: Undefined(0x80001001)
06-18 07:51:43.464 I/PackageManager( 1918): Un-granting permission android.permission.BIND_WALLPAPER from package com.android.camera2 (protectionLevel=18 flags=0x20d8bc45)
06-18 07:51:43.465 I/PackageManager( 1918): Un-granting permission android.permission.BIND_WALLPAPER from package com.android.camera2 (protectionLevel=18 flags=0x20d8bc45)
06-18 07:51:43.465 I/PackageManager( 1918): Un-granting permission android.permission.BIND_WALLPAPER from package com.android.camera2 (protectionLevel=18 flags=0x20d8bc45)
06-18 07:51:43.470 W/PackageManager( 1918): Cannot whitelist unknown permission: android.permission.NFC_UNLOCK
06-18 07:51:43.473 W/PackageManager( 1918): Cannot whitelist unknown permission: android.permission.NFC_UNLOCK
06-18 07:51:43.489 W/PackageManager( 1918): Cannot whitelist unknown permission: com.google.android.email.permission.ACCESS_PROVIDER
06-18 07:51:43.489 W/PackageManager( 1918): Cannot whitelist unknown permission: com.google.android.gm.exchange.BIND
06-18 07:51:43.489 W/PackageManager( 1918): Cannot whitelist unknown permission: com.android.email.partnerprovider.PARTNER_PROVIDER
06-18 07:51:43.489 I/PackageManager( 1918): Un-granting permission android.permission.REQUEST_INSTALL_PACKAGES from package com.google.android.gm (protectionLevel=66 flags=0x38cbbe45)
06-18 07:51:43.497 W/PackageManager( 1918): Cannot whitelist unknown permission: com.google.android.email.permission.ACCESS_PROVIDER
06-18 07:51:43.497 W/PackageManager( 1918): Cannot whitelist unknown permission: com.google.android.gm.exchange.BIND
06-18 07:51:43.497 W/PackageManager( 1918): Cannot whitelist unknown permission: com.android.email.partnerprovider.PARTNER_PROVIDER
06-18 07:51:43.498 I/PackageManager( 1918): Un-granting permission android.permission.REQUEST_INSTALL_PACKAGES from package com.google.android.gm (protectionLevel=66 flags=0x38cbbe45)
06-18 07:51:43.517 I/OMXClient( 1918): IOmx service obtained
06-18 07:51:43.517 I/OMXMaster( 1784): makeComponentInstance(OMX.google.vorbis.decoder) in android.hardwar process
06-18 07:51:43.518 E/OMXNodeInstance( 1784): getConfig(0xec2191a0:google.vorbis.decoder, ConfigAndroidVendorExtension(0x6f100004)) ERROR: Undefined(0x80001001)
06-18 07:51:43.519 W/PackageManager( 1918): Cannot whitelist unknown permission: com.android.vending.TOS_ACKED
06-18 07:51:43.519 W/PackageManager( 1918): Cannot whitelist unknown permission: com.android.vending.setup.PLAY_SETUP_SERVICE
06-18 07:51:43.525 W/PackageManager( 1918): Cannot whitelist unknown permission: com.samsung.android.providers.context.permission.WRITE_USE_APP_FEATURE_SURVEY
06-18 07:51:43.525 I/PackageManager( 1918): Un-granting permission android.permission.BIND_JOB_SERVICE from package com.google.android.music (protectionLevel=2 flags=0x38cbbe65)
06-18 07:51:43.528 W/PackageManager( 1918): Cannot whitelist unknown permission: com.samsung.android.providers.context.permission.WRITE_USE_APP_FEATURE_SURVEY
06-18 07:51:43.529 I/PackageManager( 1918): Un-granting permission android.permission.BIND_JOB_SERVICE from package com.google.android.music (protectionLevel=2 flags=0x38cbbe65)
06-18 07:51:43.529 W/PackageManager( 1918): Cannot whitelist unknown permission: com.samsung.android.providers.context.permission.WRITE_USE_APP_FEATURE_SURVEY
06-18 07:51:43.530 I/PackageManager( 1918): Un-granting permission android.permission.BIND_JOB_SERVICE from package com.google.android.music (protectionLevel=2 flags=0x38cbbe65)
06-18 07:51:43.535 W/PackageManager( 1918): Cannot whitelist unknown permission: com.android.vending.BILLING
06-18 07:51:43.535 I/PackageManager( 1918): Un-granting permission android.permission.REQUEST_INSTALL_PACKAGES from package com.google.android.apps.docs (protectionLevel=66 flags=0x38cbbe45)
06-18 07:51:43.536 I/.gms.persisten( 2059): Compiler allocated 5382KB to compile boolean cuf.a(cyl, boolean, caau, caau, int, java.util.List, java.io.File, cyh)
06-18 07:51:43.540 W/PackageManager( 1918): Cannot whitelist unknown permission: com.android.vending.BILLING
06-18 07:51:43.541 I/PackageManager( 1918): Un-granting permission android.permission.REQUEST_INSTALL_PACKAGES from package com.google.android.apps.docs (protectionLevel=66 flags=0x38cbbe45)
06-18 07:51:43.560 W/PackageManager( 1918): Cannot whitelist unknown permission: android.permission.READ_MEDIA_IMAGES
06-18 07:51:43.560 W/PackageManager( 1918): Cannot whitelist unknown permission: com.chrome.permission.DEVICE_EXTRAS
06-18 07:51:43.560 W/PackageManager( 1918): Cannot whitelist unknown permission: com.sec.enterprise.knox.MDM_CONTENT_PROVIDER
06-18 07:51:43.560 I/PackageManager( 1918): Un-granting permission android.permission.REQUEST_INSTALL_PACKAGES from package com.android.chrome (protectionLevel=66 flags=0xa0cbbe45)
06-18 07:51:43.560 I/PackageManager( 1918): Un-granting permission com.google.android.apps.now.CURRENT_ACCOUNT_ACCESS from package com.android.chrome (protectionLevel=2 flags=0xa0cbbe45)
06-18 07:51:43.561 W/PackageManager( 1918): Cannot whitelist unknown permission: android.permission.READ_MEDIA_IMAGES
06-18 07:51:43.561 W/PackageManager( 1918): Cannot whitelist unknown permission: com.chrome.permission.DEVICE_EXTRAS
06-18 07:51:43.561 W/PackageManager( 1918): Cannot whitelist unknown permission: com.sec.enterprise.knox.MDM_CONTENT_PROVIDER
06-18 07:51:43.561 I/PackageManager( 1918): Un-granting permission android.permission.REQUEST_INSTALL_PACKAGES from package com.android.chrome (protectionLevel=66 flags=0xa0cbbe45)
06-18 07:51:43.561 I/PackageManager( 1918): Un-granting permission com.google.android.apps.now.CURRENT_ACCOUNT_ACCESS from package com.android.chrome (protectionLevel=2 flags=0xa0cbbe45)
06-18 07:51:43.562 E/ActivityThread( 2059): Failed to find provider info for com.google.android.gsf.gservices
06-18 07:51:43.563 I/FileApkMgr( 2059): Extracting modules completed
06-18 07:51:43.563 I/GmsApplication( 2059): Staging modules completed
06-18 07:51:43.563 I/GmsApplication( 2059): Updating config
06-18 07:51:43.564 W/FileUtils( 2059): Failed to set world readable: /data/user_de/0/com.google.android.gms/app_chimera/current_config.fb
06-18 07:51:43.571 I/OMXClient( 1918): IOmx service obtained
06-18 07:51:43.571 I/OMXMaster( 1784): makeComponentInstance(OMX.google.vorbis.decoder) in android.hardwar process
06-18 07:51:43.572 E/ChimeraCfgMgr( 2059): Failed to read module config: java.io.FileNotFoundException: /data/user_de/0/com.google.android.gms/app_chimera/current_config.fb: open failed: ENOENT (No such file or directory)
06-18 07:51:43.572 E/OMXNodeInstance( 1784): getConfig(0xec2191a0:google.vorbis.decoder, ConfigAndroidVendorExtension(0x6f100004)) ERROR: Undefined(0x80001001)
06-18 07:51:43.564 I/chatty  ( 2059): uid=10119 com.google.android.gms.persistent identical 2 lines
06-18 07:51:43.564 E/ActivityThread( 2059): Failed to find provider info for com.google.android.gsf.gservices
06-18 07:51:43.573 W/PackageManager( 1918): Cannot whitelist unknown permission: com.sec.android.provider.badge.permission.READ
06-18 07:51:43.573 W/PackageManager( 1918): Cannot whitelist unknown permission: com.sec.android.provider.badge.permission.WRITE
06-18 07:51:43.573 W/PackageManager( 1918): Cannot whitelist unknown permission: com.htc.launcher.permission.READ_SETTINGS
06-18 07:51:43.573 W/PackageManager( 1918): Cannot whitelist unknown permission: com.htc.launcher.permission.UPDATE_SHORTCUT
06-18 07:51:43.573 W/PackageManager( 1918): Cannot whitelist unknown permission: com.sonyericsson.home.permission.BROADCAST_BADGE
06-18 07:51:43.573 W/PackageManager( 1918): Cannot whitelist unknown permission: com.sonymobile.home.permission.PROVIDER_INSERT_BADGE
06-18 07:51:43.573 W/PackageManager( 1918): Cannot whitelist unknown permission: com.anddoes.launcher.permission.UPDATE_COUNT
06-18 07:51:43.573 W/PackageManager( 1918): Cannot whitelist unknown permission: com.majeur.launcher.permission.UPDATE_BADGE
06-18 07:51:43.573 W/PackageManager( 1918): Cannot whitelist unknown permission: com.huawei.android.launcher.permission.CHANGE_BADGE
06-18 07:51:43.573 W/PackageManager( 1918): Cannot whitelist unknown permission: com.huawei.android.launcher.permission.READ_SETTINGS
06-18 07:51:43.573 W/PackageManager( 1918): Cannot whitelist unknown permission: com.huawei.android.launcher.permission.WRITE_SETTINGS
06-18 07:51:43.573 W/PackageManager( 1918): Cannot whitelist unknown permission: android.permission.READ_APP_BADGE
06-18 07:51:43.573 W/PackageManager( 1918): Cannot whitelist unknown permission: com.oppo.launcher.permission.READ_SETTINGS
06-18 07:51:43.573 W/PackageManager( 1918): Cannot whitelist unknown permission: com.oppo.launcher.permission.WRITE_SETTINGS
06-18 07:51:43.573 W/PackageManager( 1918): Cannot whitelist unknown permission: com.cequint.ecid.CALLER_ID_LOOKUP
06-18 07:51:43.573 W/PackageManager( 1918): Cannot whitelist unknown permission: com.motorola.incallui.permission.INCOMING_CALL_VISIBILITY_CHANGED
06-18 07:51:43.574 E/ActivityThread( 2059): Failed to find provider info for com.google.android.gsf.gservices
06-18 07:51:43.575 E/GservicesValue( 2059): Gservices key not whitelisted for directboot access: gms:chimera:dev_module_blacklist
06-18 07:51:43.574 E/ActivityThread( 2059): Failed to find provider info for com.google.android.gsf.gservices
06-18 07:51:43.576 W/PackageManager( 1918): Cannot whitelist unknown permission: com.sec.android.provider.badge.permission.READ
06-18 07:51:43.576 W/PackageManager( 1918): Cannot whitelist unknown permission: com.sec.android.provider.badge.permission.WRITE
06-18 07:51:43.576 W/PackageManager( 1918): Cannot whitelist unknown permission: com.htc.launcher.permission.READ_SETTINGS
06-18 07:51:43.576 W/PackageManager( 1918): Cannot whitelist unknown permission: com.htc.launcher.permission.UPDATE_SHORTCUT
06-18 07:51:43.576 W/PackageManager( 1918): Cannot whitelist unknown permission: com.sonyericsson.home.permission.BROADCAST_BADGE
06-18 07:51:43.576 W/PackageManager( 1918): Cannot whitelist unknown permission: com.sonymobile.home.permission.PROVIDER_INSERT_BADGE
06-18 07:51:43.576 W/PackageManager( 1918): Cannot whitelist unknown permission: com.anddoes.launcher.permission.UPDATE_COUNT
06-18 07:51:43.576 W/PackageManager( 1918): Cannot whitelist unknown permission: com.majeur.launcher.permission.UPDATE_BADGE
06-18 07:51:43.576 W/PackageManager( 1918): Cannot whitelist unknown permission: com.huawei.android.launcher.permission.CHANGE_BADGE
06-18 07:51:43.576 W/PackageManager( 1918): Cannot whitelist unknown permission: com.huawei.android.launcher.permission.READ_SETTINGS
06-18 07:51:43.576 W/PackageManager( 1918): Cannot whitelist unknown permission: com.huawei.android.launcher.permission.WRITE_SETTINGS
06-18 07:51:43.576 W/PackageManager( 1918): Cannot whitelist unknown permission: android.permission.READ_APP_BADGE
06-18 07:51:43.576 W/PackageManager( 1918): Cannot whitelist unknown permission: com.oppo.launcher.permission.READ_SETTINGS
06-18 07:51:43.576 W/PackageManager( 1918): Cannot whitelist unknown permission: com.oppo.launcher.permission.WRITE_SETTINGS
06-18 07:51:43.576 W/PackageManager( 1918): Cannot whitelist unknown permission: com.cequint.ecid.CALLER_ID_LOOKUP
06-18 07:51:43.576 W/PackageManager( 1918): Cannot whitelist unknown permission: com.motorola.incallui.permission.INCOMING_CALL_VISIBILITY_CHANGED
06-18 07:51:43.576 E/ActivityThread( 2059): Failed to find provider info for com.google.android.gsf.gservices
06-18 07:51:43.578 I/chatty  ( 2059): uid=10119 com.google.android.gms.persistent identical 2 lines
06-18 07:51:43.578 E/ActivityThread( 2059): Failed to find provider info for com.google.android.gsf.gservices
06-18 07:51:43.579 W/PackageManager( 1918): Cannot whitelist unknown permission: com.sec.android.provider.badge.permission.READ
06-18 07:51:43.579 W/PackageManager( 1918): Cannot whitelist unknown permission: com.sec.android.provider.badge.permission.WRITE
06-18 07:51:43.579 I/GmsModuleFndr( 2059): Beginning GMS chimera module scan
06-18 07:51:43.579 W/PackageManager( 1918): Cannot whitelist unknown permission: com.htc.launcher.permission.READ_SETTINGS
06-18 07:51:43.579 W/PackageManager( 1918): Cannot whitelist unknown permission: com.htc.launcher.permission.UPDATE_SHORTCUT
06-18 07:51:43.579 W/PackageManager( 1918): Cannot whitelist unknown permission: com.sonyericsson.home.permission.BROADCAST_BADGE
06-18 07:51:43.579 W/PackageManager( 1918): Cannot whitelist unknown permission: com.sonymobile.home.permission.PROVIDER_INSERT_BADGE
06-18 07:51:43.579 W/PackageManager( 1918): Cannot whitelist unknown permission: com.anddoes.launcher.permission.UPDATE_COUNT
06-18 07:51:43.579 W/PackageManager( 1918): Cannot whitelist unknown permission: com.majeur.launcher.permission.UPDATE_BADGE
06-18 07:51:43.579 W/PackageManager( 1918): Cannot whitelist unknown permission: com.huawei.android.launcher.permission.CHANGE_BADGE
06-18 07:51:43.579 W/PackageManager( 1918): Cannot whitelist unknown permission: com.huawei.android.launcher.permission.READ_SETTINGS
06-18 07:51:43.579 W/PackageManager( 1918): Cannot whitelist unknown permission: com.huawei.android.launcher.permission.WRITE_SETTINGS
06-18 07:51:43.579 W/PackageManager( 1918): Cannot whitelist unknown permission: android.permission.READ_APP_BADGE
06-18 07:51:43.579 W/PackageManager( 1918): Cannot whitelist unknown permission: com.oppo.launcher.permission.READ_SETTINGS
06-18 07:51:43.579 W/PackageManager( 1918): Cannot whitelist unknown permission: com.oppo.launcher.permission.WRITE_SETTINGS
06-18 07:51:43.579 W/PackageManager( 1918): Cannot whitelist unknown permission: com.cequint.ecid.CALLER_ID_LOOKUP
06-18 07:51:43.579 W/PackageManager( 1918): Cannot whitelist unknown permission: com.motorola.incallui.permission.INCOMING_CALL_VISIBILITY_CHANGED
06-18 07:51:43.581 W/PackageManager( 1918): Cannot whitelist unknown permission: com.sec.android.provider.badge.permission.READ
06-18 07:51:43.581 W/PackageManager( 1918): Cannot whitelist unknown permission: com.sec.android.provider.badge.permission.WRITE
06-18 07:51:43.581 W/PackageManager( 1918): Cannot whitelist unknown permission: com.htc.launcher.permission.READ_SETTINGS
06-18 07:51:43.581 W/PackageManager( 1918): Cannot whitelist unknown permission: com.htc.launcher.permission.UPDATE_SHORTCUT
06-18 07:51:43.581 W/PackageManager( 1918): Cannot whitelist unknown permission: com.sonyericsson.home.permission.BROADCAST_BADGE
06-18 07:51:43.581 W/PackageManager( 1918): Cannot whitelist unknown permission: com.sonymobile.home.permission.PROVIDER_INSERT_BADGE
06-18 07:51:43.581 W/PackageManager( 1918): Cannot whitelist unknown permission: com.anddoes.launcher.permission.UPDATE_COUNT
06-18 07:51:43.581 W/PackageManager( 1918): Cannot whitelist unknown permission: com.majeur.launcher.permission.UPDATE_BADGE
06-18 07:51:43.581 W/PackageManager( 1918): Cannot whitelist unknown permission: com.huawei.android.launcher.permission.CHANGE_BADGE
06-18 07:51:43.581 W/PackageManager( 1918): Cannot whitelist unknown permission: com.huawei.android.launcher.permission.READ_SETTINGS
06-18 07:51:43.581 W/PackageManager( 1918): Cannot whitelist unknown permission: com.huawei.android.launcher.permission.WRITE_SETTINGS
06-18 07:51:43.581 W/PackageManager( 1918): Cannot whitelist unknown permission: android.permission.READ_APP_BADGE
06-18 07:51:43.581 W/PackageManager( 1918): Cannot whitelist unknown permission: com.oppo.launcher.permission.READ_SETTINGS
06-18 07:51:43.581 W/PackageManager( 1918): Cannot whitelist unknown permission: com.oppo.launcher.permission.WRITE_SETTINGS
06-18 07:51:43.581 W/PackageManager( 1918): Cannot whitelist unknown permission: com.cequint.ecid.CALLER_ID_LOOKUP
06-18 07:51:43.581 W/PackageManager( 1918): Cannot whitelist unknown permission: com.motorola.incallui.permission.INCOMING_CALL_VISIBILITY_CHANGED
06-18 07:51:43.582 E/ChimeraCfgMgr( 2059): Failed to read module config: java.io.FileNotFoundException: /data/user_de/0/com.google.android.gms/app_chimera/current_config.fb: open failed: ENOENT (No such file or directory)
06-18 07:51:43.584 W/PackageManager( 1918): Cannot whitelist unknown permission: com.sec.android.provider.badge.permission.READ
06-18 07:51:43.584 I/ModuleSetMgr( 2059): Config file doesn't exist, writing blank config.
06-18 07:51:43.584 W/PackageManager( 1918): Cannot whitelist unknown permission: com.sec.android.provider.badge.permission.WRITE
06-18 07:51:43.584 W/PackageManager( 1918): Cannot whitelist unknown permission: com.htc.launcher.permission.READ_SETTINGS
06-18 07:51:43.584 W/PackageManager( 1918): Cannot whitelist unknown permission: com.htc.launcher.permission.UPDATE_SHORTCUT
06-18 07:51:43.584 W/PackageManager( 1918): Cannot whitelist unknown permission: com.sonyericsson.home.permission.BROADCAST_BADGE
06-18 07:51:43.584 W/PackageManager( 1918): Cannot whitelist unknown permission: com.sonymobile.home.permission.PROVIDER_INSERT_BADGE
06-18 07:51:43.584 W/PackageManager( 1918): Cannot whitelist unknown permission: com.anddoes.launcher.permission.UPDATE_COUNT
06-18 07:51:43.584 W/PackageManager( 1918): Cannot whitelist unknown permission: com.majeur.launcher.permission.UPDATE_BADGE
06-18 07:51:43.584 W/PackageManager( 1918): Cannot whitelist unknown permission: com.huawei.android.launcher.permission.CHANGE_BADGE
06-18 07:51:43.584 W/PackageManager( 1918): Cannot whitelist unknown permission: com.huawei.android.launcher.permission.READ_SETTINGS
06-18 07:51:43.584 W/PackageManager( 1918): Cannot whitelist unknown permission: com.huawei.android.launcher.permission.WRITE_SETTINGS
06-18 07:51:43.584 W/PackageManager( 1918): Cannot whitelist unknown permission: android.permission.READ_APP_BADGE
06-18 07:51:43.584 W/PackageManager( 1918): Cannot whitelist unknown permission: com.oppo.launcher.permission.READ_SETTINGS
06-18 07:51:43.584 W/PackageManager( 1918): Cannot whitelist unknown permission: com.oppo.launcher.permission.WRITE_SETTINGS
06-18 07:51:43.584 W/PackageManager( 1918): Cannot whitelist unknown permission: com.cequint.ecid.CALLER_ID_LOOKUP
06-18 07:51:43.584 W/PackageManager( 1918): Cannot whitelist unknown permission: com.motorola.incallui.permission.INCOMING_CALL_VISIBILITY_CHANGED
06-18 07:51:43.591 W/PackageManager( 1918): Cannot whitelist unknown permission: com.sec.android.provider.badge.permission.READ
06-18 07:51:43.591 W/PackageManager( 1918): Cannot whitelist unknown permission: com.sec.android.provider.badge.permission.WRITE
06-18 07:51:43.591 W/PackageManager( 1918): Cannot whitelist unknown permission: com.htc.launcher.permission.READ_SETTINGS
06-18 07:51:43.591 W/PackageManager( 1918): Cannot whitelist unknown permission: com.htc.launcher.permission.UPDATE_SHORTCUT
06-18 07:51:43.591 W/PackageManager( 1918): Cannot whitelist unknown permission: com.sonyericsson.home.permission.BROADCAST_BADGE
06-18 07:51:43.591 W/PackageManager( 1918): Cannot whitelist unknown permission: com.sonymobile.home.permission.PROVIDER_INSERT_BADGE
06-18 07:51:43.591 W/PackageManager( 1918): Cannot whitelist unknown permission: com.anddoes.launcher.permission.UPDATE_COUNT
06-18 07:51:43.591 W/PackageManager( 1918): Cannot whitelist unknown permission: com.majeur.launcher.permission.UPDATE_BADGE
06-18 07:51:43.591 W/PackageManager( 1918): Cannot whitelist unknown permission: com.huawei.android.launcher.permission.CHANGE_BADGE
06-18 07:51:43.591 W/PackageManager( 1918): Cannot whitelist unknown permission: com.huawei.android.launcher.permission.READ_SETTINGS
06-18 07:51:43.591 W/PackageManager( 1918): Cannot whitelist unknown permission: com.huawei.android.launcher.permission.WRITE_SETTINGS
06-18 07:51:43.591 W/PackageManager( 1918): Cannot whitelist unknown permission: android.permission.READ_APP_BADGE
06-18 07:51:43.591 W/PackageManager( 1918): Cannot whitelist unknown permission: com.oppo.launcher.permission.READ_SETTINGS
06-18 07:51:43.591 W/PackageManager( 1918): Cannot whitelist unknown permission: com.oppo.launcher.permission.WRITE_SETTINGS
06-18 07:51:43.591 W/PackageManager( 1918): Cannot whitelist unknown permission: com.cequint.ecid.CALLER_ID_LOOKUP
06-18 07:51:43.591 W/PackageManager( 1918): Cannot whitelist unknown permission: com.motorola.incallui.permission.INCOMING_CALL_VISIBILITY_CHANGED
06-18 07:51:43.592 W/PackageManager( 1918): Cannot whitelist unknown permission: com.sec.android.provider.badge.permission.READ
06-18 07:51:43.592 W/PackageManager( 1918): Cannot whitelist unknown permission: com.sec.android.provider.badge.permission.WRITE
06-18 07:51:43.592 W/PackageManager( 1918): Cannot whitelist unknown permission: com.htc.launcher.permission.READ_SETTINGS
06-18 07:51:43.592 W/PackageManager( 1918): Cannot whitelist unknown permission: com.htc.launcher.permission.UPDATE_SHORTCUT
06-18 07:51:43.592 W/PackageManager( 1918): Cannot whitelist unknown permission: com.sonyericsson.home.permission.BROADCAST_BADGE
06-18 07:51:43.592 W/PackageManager( 1918): Cannot whitelist unknown permission: com.sonymobile.home.permission.PROVIDER_INSERT_BADGE
06-18 07:51:43.592 W/PackageManager( 1918): Cannot whitelist unknown permission: com.anddoes.launcher.permission.UPDATE_COUNT
06-18 07:51:43.593 W/PackageManager( 1918): Cannot whitelist unknown permission: com.majeur.launcher.permission.UPDATE_BADGE
06-18 07:51:43.593 W/PackageManager( 1918): Cannot whitelist unknown permission: com.huawei.android.launcher.permission.CHANGE_BADGE
06-18 07:51:43.593 W/PackageManager( 1918): Cannot whitelist unknown permission: com.huawei.android.launcher.permission.READ_SETTINGS
06-18 07:51:43.593 W/PackageManager( 1918): Cannot whitelist unknown permission: com.huawei.android.launcher.permission.WRITE_SETTINGS
06-18 07:51:43.593 W/PackageManager( 1918): Cannot whitelist unknown permission: android.permission.READ_APP_BADGE
06-18 07:51:43.593 W/PackageManager( 1918): Cannot whitelist unknown permission: com.oppo.launcher.permission.READ_SETTINGS
06-18 07:51:43.593 W/PackageManager( 1918): Cannot whitelist unknown permission: com.oppo.launcher.permission.WRITE_SETTINGS
06-18 07:51:43.593 W/PackageManager( 1918): Cannot whitelist unknown permission: com.cequint.ecid.CALLER_ID_LOOKUP
06-18 07:51:43.593 W/PackageManager( 1918): Cannot whitelist unknown permission: com.motorola.incallui.permission.INCOMING_CALL_VISIBILITY_CHANGED
06-18 07:51:43.603 I/ModuleSetMgr( 2059): Computing pending module set with APKs: [[AdsFdrDynamite.integ:21460000000], [Cronetdynamite:202414040800], [Dynamiteloader:202414040800], [Dynamitemodulesa:202414040000], [Dynamitemodulesc:202414040000], [Googlecertificates:202414040000], [Mapsdynamite:202414040000], [Measurementdynamite:202414040000]]
06-18 07:51:43.607 W/PackageManager( 1918): Cannot whitelist unknown permission: android.permission.QUERY_ALL_PACKAGES
06-18 07:51:43.608 W/PackageManager( 1918): Cannot whitelist unknown permission: android.permission.PRE_FACTORY_RESET
06-18 07:51:43.608 W/PackageManager( 1918): Cannot whitelist unknown permission: android.permission.MANAGE_FACTORY_RESET_PROTECTION
06-18 07:51:43.608 W/PackageManager( 1918): Cannot whitelist unknown permission: android.car.permission.CAR_POWER
06-18 07:51:43.608 W/PackageManager( 1918): Cannot whitelist unknown permission: com.google.android.wearable.WRITE_SETTINGS
06-18 07:51:43.608 W/PackageManager( 1918): Cannot whitelist unknown permission: com.felicanetworks.mfc.permission.MFC_ACCESS
06-18 07:51:43.608 W/PackageManager( 1918): Cannot whitelist unknown permission: com.felicanetworks.mfc.mfi.permission.MFI_ACCESS
06-18 07:51:43.608 W/PackageManager( 1918): Cannot whitelist unknown permission: com.google.android.finsky.permission.INSTANT_APP_STATE
06-18 07:51:43.608 W/PackageManager( 1918): Cannot whitelist unknown permission: android.permission.UWB
06-18 07:51:43.608 W/PackageManager( 1918): Cannot whitelist unknown permission: com.google.android.finsky.permission.BIND_GET_INSTALL_REFERRER_SERVICE
06-18 07:51:43.608 W/PackageManager( 1918): Cannot whitelist unknown permission: com.google.android.hangouts.START_HANGOUT
06-18 07:51:43.608 W/PackageManager( 1918): Cannot whitelist unknown permission: android.car.permission.CAR_POWERTRAIN
06-18 07:51:43.608 W/PackageManager( 1918): Cannot whitelist unknown permission: android.car.permission.CAR_ENERGY
06-18 07:51:43.608 W/PackageManager( 1918): Cannot whitelist unknown permission: android.car.permission.CAR_ENERGY_PORTS
06-18 07:51:43.608 W/PackageManager( 1918): Cannot whitelist unknown permission: android.car.permission.CAR_EXTERIOR_LIGHTS
06-18 07:51:43.608 W/PackageManager( 1918): Cannot whitelist unknown permission: android.car.permission.CAR_INFO
06-18 07:51:43.608 W/PackageManager( 1918): Cannot whitelist unknown permission: android.car.permission.CAR_MILEAGE
06-18 07:51:43.608 W/PackageManager( 1918): Cannot whitelist unknown permission: android.car.permission.CAR_TIRES
06-18 07:51:43.608 W/PackageManager( 1918): Cannot whitelist unknown permission: android.car.permission.CONTROL_CAR_CLIMATE
06-18 07:51:43.608 W/PackageManager( 1918): Cannot whitelist unknown permission: android.car.permission.CONTROL_CAR_DOORS
06-18 07:51:43.608 W/PackageManager( 1918): Cannot whitelist unknown permission: android.car.permission.CONTROL_CAR_EXTERIOR_LIGHTS
06-18 07:51:43.608 W/PackageManager( 1918): Cannot whitelist unknown permission: android.car.permission.CONTROL_CAR_MIRRORS
06-18 07:51:43.608 W/PackageManager( 1918): Cannot whitelist unknown permission: android.car.permission.CONTROL_CAR_SEATS
06-18 07:51:43.608 W/PackageManager( 1918): Cannot whitelist unknown permission: android.car.permission.CONTROL_CAR_WINDOWS
06-18 07:51:43.608 W/PackageManager( 1918): Cannot whitelist unknown permission: android.car.permission.READ_CAR_DISPLAY_UNITS
06-18 07:51:43.608 W/PackageManager( 1918): Cannot whitelist unknown permission: com.google.android.finsky.permission.GEARHEAD_SERVICE
06-18 07:51:43.608 W/PackageManager( 1918): Cannot whitelist unknown permission: com.google.android.permission.ACCESSIBILITY_SCAN_SERVICE
06-18 07:51:43.608 W/PackageManager( 1918): Cannot whitelist unknown permission: com.google.android.finsky.permission.ACCESS_INSTANT_APP_NOTIFICATION_ENFORCEMENT
06-18 07:51:43.608 W/PackageManager( 1918): Cannot whitelist unknown permission: com.google.android.clockwork.settings.SHOW_FACTORY_RESET_CONFIRMATION
06-18 07:51:43.608 W/PackageManager( 1918): Cannot whitelist unknown permission: com.google.android.wearable.READ_SETTINGS
06-18 07:51:43.608 W/PackageManager( 1918): Cannot whitelist unknown permission: android.permission.READ_MEDIA_AUDIO
06-18 07:51:43.608 W/PackageManager( 1918): Cannot whitelist unknown permission: android.permission.READ_MEDIA_IMAGES
06-18 07:51:43.608 W/PackageManager( 1918): Cannot whitelist unknown permission: android.permission.READ_MEDIA_VIDEO
06-18 07:51:43.608 W/PackageManager( 1918): Cannot whitelist unknown permission: com.android.vending.setup.PLAY_SETUP_SERVICE
06-18 07:51:43.608 W/PackageManager( 1918): Cannot whitelist unknown permission: com.google.android.gms.game.notifications.permission.WRITE
06-18 07:51:43.608 W/PackageManager( 1918): Cannot whitelist unknown permission: com.google.android.vending.verifier.ACCESS_VERIFIER
06-18 07:51:43.608 I/PackageManager( 1918): Un-granting permission android.permission.CAPTURE_VIDEO_OUTPUT from package com.google.android.gms (protectionLevel=2 flags=0xb0cabe45)
06-18 07:51:43.608 I/PackageManager( 1918): Un-granting permission android.permission.MANAGE_DEVICE_ADMINS from package com.google.android.gms (protectionLevel=2 flags=0xb0cabe45)
06-18 07:51:43.608 I/PackageManager( 1918): Un-granting permission android.permission.MANAGE_ACTIVITY_STACKS from package com.google.android.gms (protectionLevel=2 flags=0xb0cabe45)
06-18 07:51:43.608 I/PackageManager( 1918): Un-granting permission android.permission.CAPTURE_SECURE_VIDEO_OUTPUT from package com.google.android.gms (protectionLevel=2 flags=0xb0cabe45)
06-18 07:51:43.608 I/PackageManager( 1918): Un-granting permission android.permission.MANAGE_ROLLBACKS from package com.google.android.gms (protectionLevel=514 flags=0xb0cabe45)
06-18 07:51:43.610 E/ActivityThread( 2059): Failed to find provider info for com.google.android.gsf.gservices
06-18 07:51:43.614 I/OMXClient( 1918): IOmx service obtained
06-18 07:51:43.615 I/OMXMaster( 1784): makeComponentInstance(OMX.google.vorbis.decoder) in android.hardwar process
06-18 07:51:43.612 I/chatty  ( 2059): uid=10119 com.google.android.gms.persistent identical 6 lines
06-18 07:51:43.612 E/ActivityThread( 2059): Failed to find provider info for com.google.android.gsf.gservices
06-18 07:51:43.617 W/PackageManager( 1918): Cannot whitelist unknown permission: android.permission.QUERY_ALL_PACKAGES
06-18 07:51:43.617 W/PackageManager( 1918): Cannot whitelist unknown permission: android.permission.PRE_FACTORY_RESET
06-18 07:51:43.617 W/PackageManager( 1918): Cannot whitelist unknown permission: android.permission.MANAGE_FACTORY_RESET_PROTECTION
06-18 07:51:43.617 W/PackageManager( 1918): Cannot whitelist unknown permission: android.car.permission.CAR_POWER
06-18 07:51:43.617 W/PackageManager( 1918): Cannot whitelist unknown permission: com.google.android.wearable.WRITE_SETTINGS
06-18 07:51:43.617 W/PackageManager( 1918): Cannot whitelist unknown permission: com.felicanetworks.mfc.permission.MFC_ACCESS
06-18 07:51:43.617 W/PackageManager( 1918): Cannot whitelist unknown permission: com.felicanetworks.mfc.mfi.permission.MFI_ACCESS
06-18 07:51:43.617 W/PackageManager( 1918): Cannot whitelist unknown permission: com.google.android.finsky.permission.INSTANT_APP_STATE
06-18 07:51:43.617 W/PackageManager( 1918): Cannot whitelist unknown permission: android.permission.UWB
06-18 07:51:43.617 W/PackageManager( 1918): Cannot whitelist unknown permission: com.google.android.finsky.permission.BIND_GET_INSTALL_REFERRER_SERVICE
06-18 07:51:43.617 W/PackageManager( 1918): Cannot whitelist unknown permission: com.google.android.hangouts.START_HANGOUT
06-18 07:51:43.617 W/PackageManager( 1918): Cannot whitelist unknown permission: android.car.permission.CAR_POWERTRAIN
06-18 07:51:43.617 W/PackageManager( 1918): Cannot whitelist unknown permission: android.car.permission.CAR_ENERGY
06-18 07:51:43.617 W/PackageManager( 1918): Cannot whitelist unknown permission: android.car.permission.CAR_ENERGY_PORTS
06-18 07:51:43.617 W/PackageManager( 1918): Cannot whitelist unknown permission: android.car.permission.CAR_EXTERIOR_LIGHTS
06-18 07:51:43.617 W/PackageManager( 1918): Cannot whitelist unknown permission: android.car.permission.CAR_INFO
06-18 07:51:43.617 W/PackageManager( 1918): Cannot whitelist unknown permission: android.car.permission.CAR_MILEAGE
06-18 07:51:43.617 W/PackageManager( 1918): Cannot whitelist unknown permission: android.car.permission.CAR_TIRES
06-18 07:51:43.617 W/PackageManager( 1918): Cannot whitelist unknown permission: android.car.permission.CONTROL_CAR_CLIMATE
06-18 07:51:43.617 W/PackageManager( 1918): Cannot whitelist unknown permission: android.car.permission.CONTROL_CAR_DOORS
06-18 07:51:43.617 W/PackageManager( 1918): Cannot whitelist unknown permission: android.car.permission.CONTROL_CAR_EXTERIOR_LIGHTS
06-18 07:51:43.617 W/PackageManager( 1918): Cannot whitelist unknown permission: android.car.permission.CONTROL_CAR_MIRRORS
06-18 07:51:43.617 W/PackageManager( 1918): Cannot whitelist unknown permission: android.car.permission.CONTROL_CAR_SEATS
06-18 07:51:43.617 W/PackageManager( 1918): Cannot whitelist unknown permission: android.car.permission.CONTROL_CAR_WINDOWS
06-18 07:51:43.617 W/PackageManager( 1918): Cannot whitelist unknown permission: android.car.permission.READ_CAR_DISPLAY_UNITS
06-18 07:51:43.617 W/PackageManager( 1918): Cannot whitelist unknown permission: com.google.android.finsky.permission.GEARHEAD_SERVICE
06-18 07:51:43.617 W/PackageManager( 1918): Cannot whitelist unknown permission: com.google.android.permission.ACCESSIBILITY_SCAN_SERVICE
06-18 07:51:43.618 W/PackageManager( 1918): Cannot whitelist unknown permission: com.google.android.finsky.permission.ACCESS_INSTANT_APP_NOTIFICATION_ENFORCEMENT
06-18 07:51:43.618 W/PackageManager( 1918): Cannot whitelist unknown permission: com.google.android.clockwork.settings.SHOW_FACTORY_RESET_CONFIRMATION
06-18 07:51:43.618 W/PackageManager( 1918): Cannot whitelist unknown permission: com.google.android.wearable.READ_SETTINGS
06-18 07:51:43.618 W/PackageManager( 1918): Cannot whitelist unknown permission: android.permission.READ_MEDIA_AUDIO
06-18 07:51:43.618 W/PackageManager( 1918): Cannot whitelist unknown permission: android.permission.READ_MEDIA_IMAGES
06-18 07:51:43.618 W/PackageManager( 1918): Cannot whitelist unknown permission: android.permission.READ_MEDIA_VIDEO
06-18 07:51:43.618 W/PackageManager( 1918): Cannot whitelist unknown permission: com.android.vending.setup.PLAY_SETUP_SERVICE
06-18 07:51:43.618 W/PackageManager( 1918): Cannot whitelist unknown permission: com.google.android.gms.game.notifications.permission.WRITE
06-18 07:51:43.618 W/PackageManager( 1918): Cannot whitelist unknown permission: com.google.android.vending.verifier.ACCESS_VERIFIER
06-18 07:51:43.618 I/PackageManager( 1918): Un-granting permission android.permission.CAPTURE_VIDEO_OUTPUT from package com.google.android.gms (protectionLevel=2 flags=0xb0cabe45)
06-18 07:51:43.618 I/PackageManager( 1918): Un-granting permission android.permission.MANAGE_DEVICE_ADMINS from package com.google.android.gms (protectionLevel=2 flags=0xb0cabe45)
06-18 07:51:43.618 I/PackageManager( 1918): Un-granting permission android.permission.MANAGE_ACTIVITY_STACKS from package com.google.android.gms (protectionLevel=2 flags=0xb0cabe45)
06-18 07:51:43.618 I/PackageManager( 1918): Un-granting permission android.permission.CAPTURE_SECURE_VIDEO_OUTPUT from package com.google.android.gms (protectionLevel=2 flags=0xb0cabe45)
06-18 07:51:43.618 I/PackageManager( 1918): Un-granting permission android.permission.MANAGE_ROLLBACKS from package com.google.android.gms (protectionLevel=514 flags=0xb0cabe45)
06-18 07:51:43.620 W/PackageManager( 1918): Cannot whitelist unknown permission: android.permission.QUERY_ALL_PACKAGES
06-18 07:51:43.620 W/PackageManager( 1918): Cannot whitelist unknown permission: android.permission.PRE_FACTORY_RESET
06-18 07:51:43.620 W/PackageManager( 1918): Cannot whitelist unknown permission: android.permission.MANAGE_FACTORY_RESET_PROTECTION
06-18 07:51:43.620 W/PackageManager( 1918): Cannot whitelist unknown permission: android.car.permission.CAR_POWER
06-18 07:51:43.620 W/PackageManager( 1918): Cannot whitelist unknown permission: com.google.android.wearable.WRITE_SETTINGS
06-18 07:51:43.620 W/PackageManager( 1918): Cannot whitelist unknown permission: com.felicanetworks.mfc.permission.MFC_ACCESS
06-18 07:51:43.620 W/PackageManager( 1918): Cannot whitelist unknown permission: com.felicanetworks.mfc.mfi.permission.MFI_ACCESS
06-18 07:51:43.620 W/PackageManager( 1918): Cannot whitelist unknown permission: com.google.android.finsky.permission.INSTANT_APP_STATE
06-18 07:51:43.620 W/PackageManager( 1918): Cannot whitelist unknown permission: android.permission.UWB
06-18 07:51:43.620 W/PackageManager( 1918): Cannot whitelist unknown permission: com.google.android.finsky.permission.BIND_GET_INSTALL_REFERRER_SERVICE
06-18 07:51:43.620 W/PackageManager( 1918): Cannot whitelist unknown permission: com.google.android.hangouts.START_HANGOUT
06-18 07:51:43.620 W/PackageManager( 1918): Cannot whitelist unknown permission: android.car.permission.CAR_POWERTRAIN
06-18 07:51:43.620 W/PackageManager( 1918): Cannot whitelist unknown permission: android.car.permission.CAR_ENERGY
06-18 07:51:43.621 W/PackageManager( 1918): Cannot whitelist unknown permission: android.car.permission.CAR_ENERGY_PORTS
06-18 07:51:43.621 W/PackageManager( 1918): Cannot whitelist unknown permission: android.car.permission.CAR_EXTERIOR_LIGHTS
06-18 07:51:43.621 W/PackageManager( 1918): Cannot whitelist unknown permission: android.car.permission.CAR_INFO
06-18 07:51:43.621 W/PackageManager( 1918): Cannot whitelist unknown permission: android.car.permission.CAR_MILEAGE
06-18 07:51:43.621 W/PackageManager( 1918): Cannot whitelist unknown permission: android.car.permission.CAR_TIRES
06-18 07:51:43.621 W/PackageManager( 1918): Cannot whitelist unknown permission: android.car.permission.CONTROL_CAR_CLIMATE
06-18 07:51:43.621 W/PackageManager( 1918): Cannot whitelist unknown permission: android.car.permission.CONTROL_CAR_DOORS
06-18 07:51:43.621 W/PackageManager( 1918): Cannot whitelist unknown permission: android.car.permission.CONTROL_CAR_EXTERIOR_LIGHTS
06-18 07:51:43.621 W/PackageManager( 1918): Cannot whitelist unknown permission: android.car.permission.CONTROL_CAR_MIRRORS
06-18 07:51:43.621 W/PackageManager( 1918): Cannot whitelist unknown permission: android.car.permission.CONTROL_CAR_SEATS
06-18 07:51:43.621 W/PackageManager( 1918): Cannot whitelist unknown permission: android.car.permission.CONTROL_CAR_WINDOWS
06-18 07:51:43.621 W/PackageManager( 1918): Cannot whitelist unknown permission: android.car.permission.READ_CAR_DISPLAY_UNITS
06-18 07:51:43.621 W/PackageManager( 1918): Cannot whitelist unknown permission: com.google.android.finsky.permission.GEARHEAD_SERVICE
06-18 07:51:43.621 W/PackageManager( 1918): Cannot whitelist unknown permission: com.google.android.permission.ACCESSIBILITY_SCAN_SERVICE
06-18 07:51:43.621 W/PackageManager( 1918): Cannot whitelist unknown permission: com.google.android.finsky.permission.ACCESS_INSTANT_APP_NOTIFICATION_ENFORCEMENT
06-18 07:51:43.621 W/PackageManager( 1918): Cannot whitelist unknown permission: com.google.android.clockwork.settings.SHOW_FACTORY_RESET_CONFIRMATION
06-18 07:51:43.621 W/PackageManager( 1918): Cannot whitelist unknown permission: com.google.android.wearable.READ_SETTINGS
06-18 07:51:43.621 W/PackageManager( 1918): Cannot whitelist unknown permission: android.permission.READ_MEDIA_AUDIO
06-18 07:51:43.621 W/PackageManager( 1918): Cannot whitelist unknown permission: android.permission.READ_MEDIA_IMAGES
06-18 07:51:43.621 W/PackageManager( 1918): Cannot whitelist unknown permission: android.permission.READ_MEDIA_VIDEO
06-18 07:51:43.621 W/PackageManager( 1918): Cannot whitelist unknown permission: com.android.vending.setup.PLAY_SETUP_SERVICE
06-18 07:51:43.621 W/PackageManager( 1918): Cannot whitelist unknown permission: com.google.android.gms.game.notifications.permission.WRITE
06-18 07:51:43.621 W/PackageManager( 1918): Cannot whitelist unknown permission: com.google.android.vending.verifier.ACCESS_VERIFIER
06-18 07:51:43.621 I/PackageManager( 1918): Un-granting permission android.permission.CAPTURE_VIDEO_OUTPUT from package com.google.android.gms (protectionLevel=2 flags=0xb0cabe45)
06-18 07:51:43.621 I/PackageManager( 1918): Un-granting permission android.permission.MANAGE_DEVICE_ADMINS from package com.google.android.gms (protectionLevel=2 flags=0xb0cabe45)
06-18 07:51:43.621 I/PackageManager( 1918): Un-granting permission android.permission.MANAGE_ACTIVITY_STACKS from package com.google.android.gms (protectionLevel=2 flags=0xb0cabe45)
06-18 07:51:43.621 I/PackageManager( 1918): Un-granting permission android.permission.CAPTURE_SECURE_VIDEO_OUTPUT from package com.google.android.gms (protectionLevel=2 flags=0xb0cabe45)
06-18 07:51:43.621 I/PackageManager( 1918): Un-granting permission android.permission.MANAGE_ROLLBACKS from package com.google.android.gms (protectionLevel=514 flags=0xb0cabe45)
06-18 07:51:43.623 W/PackageManager( 1918): Cannot whitelist unknown permission: android.permission.QUERY_ALL_PACKAGES
06-18 07:51:43.623 W/PackageManager( 1918): Cannot whitelist unknown permission: android.permission.PRE_FACTORY_RESET
06-18 07:51:43.623 W/PackageManager( 1918): Cannot whitelist unknown permission: android.permission.MANAGE_FACTORY_RESET_PROTECTION
06-18 07:51:43.623 W/PackageManager( 1918): Cannot whitelist unknown permission: android.car.permission.CAR_POWER
06-18 07:51:43.623 W/PackageManager( 1918): Cannot whitelist unknown permission: com.google.android.wearable.WRITE_SETTINGS
06-18 07:51:43.623 W/PackageManager( 1918): Cannot whitelist unknown permission: com.felicanetworks.mfc.permission.MFC_ACCESS
06-18 07:51:43.623 W/PackageManager( 1918): Cannot whitelist unknown permission: com.felicanetworks.mfc.mfi.permission.MFI_ACCESS
06-18 07:51:43.624 I/ModuleSetMgr( 2059): Pending container module APKs: []
06-18 07:51:43.624 I/ModuleSetMgr( 2059): Pending non-container module APKs: []
06-18 07:51:43.624 E/ActivityThread( 2059): Failed to find provider info for com.google.android.gsf.gservices
06-18 07:51:43.624 W/PackageManager( 1918): Cannot whitelist unknown permission: com.google.android.finsky.permission.INSTANT_APP_STATE
06-18 07:51:43.624 W/PackageManager( 1918): Cannot whitelist unknown permission: android.permission.UWB
06-18 07:51:43.624 W/PackageManager( 1918): Cannot whitelist unknown permission: com.google.android.finsky.permission.BIND_GET_INSTALL_REFERRER_SERVICE
06-18 07:51:43.624 W/PackageManager( 1918): Cannot whitelist unknown permission: com.google.android.hangouts.START_HANGOUT
06-18 07:51:43.624 W/PackageManager( 1918): Cannot whitelist unknown permission: android.car.permission.CAR_POWERTRAIN
06-18 07:51:43.624 E/ActivityThread( 2059): Failed to find provider info for com.google.android.gsf.gservices
06-18 07:51:43.624 W/PackageManager( 1918): Cannot whitelist unknown permission: android.car.permission.CAR_ENERGY
06-18 07:51:43.624 W/PackageManager( 1918): Cannot whitelist unknown permission: android.car.permission.CAR_ENERGY_PORTS
06-18 07:51:43.624 W/PackageManager( 1918): Cannot whitelist unknown permission: android.car.permission.CAR_EXTERIOR_LIGHTS
06-18 07:51:43.624 W/PackageManager( 1918): Cannot whitelist unknown permission: android.car.permission.CAR_INFO
06-18 07:51:43.624 W/PackageManager( 1918): Cannot whitelist unknown permission: android.car.permission.CAR_MILEAGE
06-18 07:51:43.624 W/PackageManager( 1918): Cannot whitelist unknown permission: android.car.permission.CAR_TIRES
06-18 07:51:43.624 W/PackageManager( 1918): Cannot whitelist unknown permission: android.car.permission.CONTROL_CAR_CLIMATE
06-18 07:51:43.624 W/PackageManager( 1918): Cannot whitelist unknown permission: android.car.permission.CONTROL_CAR_DOORS
06-18 07:51:43.624 W/PackageManager( 1918): Cannot whitelist unknown permission: android.car.permission.CONTROL_CAR_EXTERIOR_LIGHTS
06-18 07:51:43.625 W/PackageManager( 1918): Cannot whitelist unknown permission: android.car.permission.CONTROL_CAR_MIRRORS
06-18 07:51:43.625 W/PackageManager( 1918): Cannot whitelist unknown permission: android.car.permission.CONTROL_CAR_SEATS
06-18 07:51:43.625 W/PackageManager( 1918): Cannot whitelist unknown permission: android.car.permission.CONTROL_CAR_WINDOWS
06-18 07:51:43.625 W/PackageManager( 1918): Cannot whitelist unknown permission: android.car.permission.READ_CAR_DISPLAY_UNITS
06-18 07:51:43.625 W/PackageManager( 1918): Cannot whitelist unknown permission: com.google.android.finsky.permission.GEARHEAD_SERVICE
06-18 07:51:43.625 W/PackageManager( 1918): Cannot whitelist unknown permission: com.google.android.permission.ACCESSIBILITY_SCAN_SERVICE
06-18 07:51:43.625 W/PackageManager( 1918): Cannot whitelist unknown permission: com.google.android.finsky.permission.ACCESS_INSTANT_APP_NOTIFICATION_ENFORCEMENT
06-18 07:51:43.625 W/PackageManager( 1918): Cannot whitelist unknown permission: com.google.android.clockwork.settings.SHOW_FACTORY_RESET_CONFIRMATION
06-18 07:51:43.625 W/PackageManager( 1918): Cannot whitelist unknown permission: com.google.android.wearable.READ_SETTINGS
06-18 07:51:43.625 W/PackageManager( 1918): Cannot whitelist unknown permission: android.permission.READ_MEDIA_AUDIO
06-18 07:51:43.625 W/PackageManager( 1918): Cannot whitelist unknown permission: android.permission.READ_MEDIA_IMAGES
06-18 07:51:43.625 W/PackageManager( 1918): Cannot whitelist unknown permission: android.permission.READ_MEDIA_VIDEO
06-18 07:51:43.625 W/PackageManager( 1918): Cannot whitelist unknown permission: com.android.vending.setup.PLAY_SETUP_SERVICE
06-18 07:51:43.625 W/PackageManager( 1918): Cannot whitelist unknown permission: com.google.android.gms.game.notifications.permission.WRITE
06-18 07:51:43.625 W/PackageManager( 1918): Cannot whitelist unknown permission: com.google.android.vending.verifier.ACCESS_VERIFIER
06-18 07:51:43.625 I/PackageManager( 1918): Un-granting permission android.permission.CAPTURE_VIDEO_OUTPUT from package com.google.android.gms (protectionLevel=2 flags=0xb0cabe45)
06-18 07:51:43.625 I/PackageManager( 1918): Un-granting permission android.permission.MANAGE_DEVICE_ADMINS from package com.google.android.gms (protectionLevel=2 flags=0xb0cabe45)
06-18 07:51:43.625 I/PackageManager( 1918): Un-granting permission android.permission.MANAGE_ACTIVITY_STACKS from package com.google.android.gms (protectionLevel=2 flags=0xb0cabe45)
06-18 07:51:43.625 I/PackageManager( 1918): Un-granting permission android.permission.CAPTURE_SECURE_VIDEO_OUTPUT from package com.google.android.gms (protectionLevel=2 flags=0xb0cabe45)
06-18 07:51:43.625 I/PackageManager( 1918): Un-granting permission android.permission.MANAGE_ROLLBACKS from package com.google.android.gms (protectionLevel=514 flags=0xb0cabe45)
06-18 07:51:43.626 W/PackageManager( 1918): Cannot whitelist unknown permission: android.permission.QUERY_ALL_PACKAGES
06-18 07:51:43.626 W/PackageManager( 1918): Cannot whitelist unknown permission: android.permission.PRE_FACTORY_RESET
06-18 07:51:43.626 W/PackageManager( 1918): Cannot whitelist unknown permission: android.permission.MANAGE_FACTORY_RESET_PROTECTION
06-18 07:51:43.626 W/PackageManager( 1918): Cannot whitelist unknown permission: android.car.permission.CAR_POWER
06-18 07:51:43.626 W/PackageManager( 1918): Cannot whitelist unknown permission: com.google.android.wearable.WRITE_SETTINGS
06-18 07:51:43.626 W/PackageManager( 1918): Cannot whitelist unknown permission: com.felicanetworks.mfc.permission.MFC_ACCESS
06-18 07:51:43.626 W/PackageManager( 1918): Cannot whitelist unknown permission: com.felicanetworks.mfc.mfi.permission.MFI_ACCESS
06-18 07:51:43.626 W/PackageManager( 1918): Cannot whitelist unknown permission: com.google.android.finsky.permission.INSTANT_APP_STATE
06-18 07:51:43.626 W/PackageManager( 1918): Cannot whitelist unknown permission: android.permission.UWB
06-18 07:51:43.626 W/PackageManager( 1918): Cannot whitelist unknown permission: com.google.android.finsky.permission.BIND_GET_INSTALL_REFERRER_SERVICE
