06-18 07:51:41.686 I/InputReader( 1918): Touch device 'virtio_input_multi_touch_7' could not query the properties of its associated display.  The device will be inoperable until the display size becomes available.
06-18 07:51:41.686 I/InputReader( 1918): Touch device 'virtio_input_multi_touch_4' could not query the properties of its associated display.  The device will be inoperable until the display size becomes available.
06-18 07:51:41.686 I/InputReader( 1918): Touch device 'virtio_input_multi_touch_8' could not query the properties of its associated display.  The device will be inoperable until the display size becomes available.
06-18 07:51:41.686 I/InputReader( 1918): Touch device 'virtio_input_multi_touch_9' could not query the properties of its associated display.  The device will be inoperable until the display size becomes available.
06-18 07:51:41.691 D/SystemServerTiming( 1918): StartStorageManagerService took to complete: 6ms
06-18 07:51:41.691 I/SystemServer( 1918): StartStorageStatsService
06-18 07:51:41.691 I/SystemServiceManager( 1918): Starting com.android.server.usage.StorageStatsService$Lifecycle
06-18 07:51:41.692 D/installd( 1766): Found quota mount /dev/block/vdc at /data
06-18 07:51:41.693 D/SystemServerTiming( 1918): StartStorageStatsService took to complete: 2ms
06-18 07:51:41.693 I/SystemServer( 1918): StartUiModeManager
06-18 07:51:41.693 I/SystemServiceManager( 1918): Starting com.android.server.UiModeManagerService
06-18 07:51:41.694 D/SystemServerInitThreadPool( 1918): Started executing UiModeManager.onStart
06-18 07:51:41.694 D/SystemServerTiming( 1918): StartUiModeManager took to complete: 1ms
06-18 07:51:41.694 I/SystemServer( 1918): UpdatePackagesIfNeeded
06-18 07:51:41.694 I/Watchdog( 1918): Pausing HandlerChecker: main thread for reason: dexopt. Pause count: 1
06-18 07:51:41.694 I/ActivityTaskManager( 1918): Config changes=200 {1.0 ?mcc?mnc [en_US] ldltr sw320dp w320dp h616dp 160dpi nrml long port finger qwerty/v/v -nav/h winConfig={ mBounds=Rect(0, 0 - 320, 640) mAppBounds=Rect(0, 0 - 320, 640) mWindowingMode=fullscreen mDisplayWindowingMode=fullscreen mActivityType=undefined mAlwaysOnTop=undefined mRotation=ROTATION_0} s.4}
06-18 07:51:41.695 D/StorageManagerService( 1918): Thinking about init, mBootCompleted=false, mDaemonConnected=true
06-18 07:51:41.695 D/StorageManagerService( 1918): Thinking about reset, mBootCompleted=false, mDaemonConnected=true
06-18 07:51:41.695 I/ActivityTaskManager( 1918): Override config changes=200 {1.0 ?mcc?mnc [en_US] ldltr sw320dp w320dp h616dp 160dpi nrml long port finger qwerty/v/v -nav/h winConfig={ mBounds=Rect(0, 0 - 320, 640) mAppBounds=Rect(0, 0 - 320, 640) mWindowingMode=fullscreen mDisplayWindowingMode=fullscreen mActivityType=undefined mAlwaysOnTop=undefined mRotation=ROTATION_0} s.4} for displayId=0
06-18 07:51:41.696 D/SystemServerInitThreadPool( 1918): Finished executing UiModeManager.onStart
06-18 07:51:41.693 D/installd( 1766): Found quota mount /dev/block/vdc at /data
06-18 07:51:41.701 I/system_server( 1918): The ClassLoaderContext is a special shared library.
06-18 07:51:41.717 I/chatty  ( 1918): uid=1000 system_server identical 8 lines
06-18 07:51:41.718 I/system_server( 1918): The ClassLoaderContext is a special shared library.
06-18 07:51:41.726 E/ActivityRecognitionHardware( 1665): activity_recognition HAL is deprecated. class_init is effectively a no-op
06-18 07:51:41.727 I/system_server( 1918): The ClassLoaderContext is a special shared library.
06-18 07:51:41.767 I/chatty  ( 1918): uid=1000 system_server identical 9 lines
06-18 07:51:41.769 I/system_server( 1918): The ClassLoaderContext is a special shared library.
06-18 07:51:41.770 I/zygote  ( 1665): Thread[1,tid=1665,Native,Thread*=0xec1b6e00,peer=0x12d40000,"main"] recursive attempt to load library "libmedia_jni.so"
06-18 07:51:41.770 D/MtpDeviceJNI( 1665): register_android_mtp_MtpDevice
06-18 07:51:41.770 I/zygote  ( 1665): Thread[1,tid=1665,Native,Thread*=0xec1b6e00,peer=0x12d40000,"main"] recursive attempt to load library "libmedia_jni.so"
06-18 07:51:41.770 I/zygote  ( 1665): Thread[1,tid=1665,Native,Thread*=0xec1b6e00,peer=0x12d40000,"main"] recursive attempt to load library "libmedia_jni.so"
06-18 07:51:41.782 I/system_server( 1918): The ClassLoaderContext is a special shared library.
06-18 07:51:41.787 I/chatty  ( 1918): uid=1000 system_server identical 2 lines
06-18 07:51:41.788 I/system_server( 1918): The ClassLoaderContext is a special shared library.
06-18 07:51:41.789 W/Zygote  ( 1665): Class not found for preloading: android.media.audiopolicy.AudioProductStrategies
06-18 07:51:41.789 W/Zygote  ( 1665): Class not found for preloading: android.media.audiopolicy.AudioVolumeGroups
06-18 07:51:41.791 I/system_server( 1918): The ClassLoaderContext is a special shared library.
06-18 07:51:41.925 I/chatty  ( 1918): uid=1000 system_server identical 33 lines
06-18 07:51:41.927 I/system_server( 1918): The ClassLoaderContext is a special shared library.
06-18 07:51:41.926 W/Zygote  ( 1665): Class not found for preloading: android.view.textclassifier.-$$Lambda$TextClassificationManager$JIaezIJbMig_-kVzN6oArzkTsJE
06-18 07:51:41.929 I/system_server( 1918): The ClassLoaderContext is a special shared library.
06-18 07:51:41.933 W/Zygote  ( 1665): Class not found for preloading: com.android.internal.net.NetworkStatsFactory
06-18 07:51:41.942 I/system_server( 1918): The ClassLoaderContext is a special shared library.
06-18 07:51:41.948 I/chatty  ( 1918): uid=1000 system_server identical 3 lines
06-18 07:51:41.950 I/system_server( 1918): The ClassLoaderContext is a special shared library.
06-18 07:51:41.951 W/Zygote  ( 1665): Class not found for preloading: com.android.internal.telephony.-$$Lambda$PhoneSubInfoController$8HFbCDJDN1mrLJG980qYH5MGqMk
06-18 07:51:41.951 W/Zygote  ( 1665): Class not found for preloading: com.android.internal.telephony.-$$Lambda$PhoneSubInfoController$U28a_EGx2cvmQhDfRRgonMt5Zrc
06-18 07:51:41.951 W/Zygote  ( 1665): Class not found for preloading: com.android.internal.telephony.-$$Lambda$SubscriptionInfoUpdater$-zZXM9oMRZ3vZz7dJOG19J00Bmw
06-18 07:51:41.952 I/system_server( 1918): The ClassLoaderContext is a special shared library.
06-18 07:51:41.952 W/Zygote  ( 1665): Class not found for preloading: com.android.internal.telephony.-$$Lambda$SubscriptionInfoUpdater$D5yF1HbS4cvCyoAj3FESkPtA_0g
06-18 07:51:41.952 W/Zygote  ( 1665): Class not found for preloading: com.android.internal.telephony.-$$Lambda$SubscriptionInfoUpdater$MMx9iQX0JVqqMPLTUZhdBubFSzU
06-18 07:51:41.954 I/system_server( 1918): The ClassLoaderContext is a special shared library.
06-18 07:51:41.956 W/Zygote  ( 1665): Class not found for preloading: com.android.internal.telephony.PhoneConfigurationModels
06-18 07:51:41.958 W/Zygote  ( 1665): Class not found for preloading: com.android.internal.telephony.SubscriptionController$ScLocalLog
06-18 07:51:41.962 I/system_server( 1918): The ClassLoaderContext is a special shared library.
06-18 07:51:41.963 W/Zygote  ( 1665): Class not found for preloading: com.android.internal.telephony.UiccSmsController
06-18 07:51:41.973 I/system_server( 1918): The ClassLoaderContext is a special shared library.
06-18 07:51:42.003 I/chatty  ( 1918): uid=1000 system_server identical 11 lines
06-18 07:51:42.012 I/system_server( 1918): The ClassLoaderContext is a special shared library.
06-18 07:51:42.013 I/Zygote  ( 1665): ...preloaded 7590 classes in 426ms.
06-18 07:51:42.013 I/zygote  ( 1665): VMRuntime.preloadDexCaches starting
06-18 07:51:42.015 I/system_server( 1918): The ClassLoaderContext is a special shared library.
06-18 07:51:42.045 I/chatty  ( 1918): uid=1000 system_server identical 4 lines
06-18 07:51:42.053 I/system_server( 1918): The ClassLoaderContext is a special shared library.
06-18 07:51:42.049 I/zygote  ( 1665): VMRuntime.preloadDexCaches strings total=378948 before=9925 after=9925
06-18 07:51:42.053 I/zygote  ( 1665): VMRuntime.preloadDexCaches types total=35812 before=7199 after=7467
06-18 07:51:42.053 I/zygote  ( 1665): VMRuntime.preloadDexCaches fields total=160603 before=8020 after=8221
06-18 07:51:42.053 I/zygote  ( 1665): VMRuntime.preloadDexCaches methods total=281511 before=10884 after=11316
06-18 07:51:42.053 I/zygote  ( 1665): VMRuntime.preloadDexCaches finished
06-18 07:51:42.053 D/ZygoteInitTiming_lazy( 1665): PreloadClasses took to complete: 466ms
06-18 07:51:42.057 I/system_server( 1918): The ClassLoaderContext is a special shared library.
06-18 07:51:42.057 I/zygote  ( 1665): The ClassLoaderContext is a special shared library.
06-18 07:51:42.058 D/ApplicationLoaders( 1665): Created zygote-cached class loader: /system/framework/android.hidl.base-V1.0-java.jar
06-18 07:51:42.064 I/system_server( 1918): The ClassLoaderContext is a special shared library.
06-18 07:51:42.065 I/zygote  ( 1665): The ClassLoaderContext is a special shared library.
06-18 07:51:42.065 D/ApplicationLoaders( 1665): Created zygote-cached class loader: /system/framework/android.hidl.manager-V1.0-java.jar
06-18 07:51:42.065 D/ZygoteInitTiming_lazy( 1665): CacheNonBootClasspathClassLoaders took to complete: 12ms
06-18 07:51:42.069 I/system_server( 1918): The ClassLoaderContext is a special shared library.
06-18 07:51:42.091 I/chatty  ( 1918): uid=1000 system_server identical 7 lines
06-18 07:51:42.093 I/system_server( 1918): The ClassLoaderContext is a special shared library.
06-18 07:51:42.096 I/Zygote  ( 1665): Preloading resources...
06-18 07:51:42.101 I/system_server( 1918): The ClassLoaderContext is a special shared library.
06-18 07:51:42.105 W/Resources( 1665): Preloaded drawable resource #0x108027c (android:drawable/dialog_background_material) that varies with configuration!!
06-18 07:51:42.113 I/system_server( 1918): The ClassLoaderContext is a special shared library.
06-18 07:51:42.115 I/Zygote  ( 1665): ...preloaded 64 resources in 18ms.
06-18 07:51:42.116 I/Zygote  ( 1665): ...preloaded 41 resources in 2ms.
06-18 07:51:42.116 D/ZygoteInitTiming_lazy( 1665): PreloadResources took to complete: 51ms
06-18 07:51:42.119 I/system_server( 1918): The ClassLoaderContext is a special shared library.
06-18 07:51:42.125 I/chatty  ( 1918): uid=1000 system_server identical 3 lines
06-18 07:51:42.128 I/system_server( 1918): The ClassLoaderContext is a special shared library.
06-18 07:51:42.129 I/Zygote  ( 1665): Preloading shared libraries...
06-18 07:51:42.131 I/system_server( 1918): The ClassLoaderContext is a special shared library.
06-18 07:51:42.137 I/chatty  ( 1918): uid=1000 system_server identical 1 line
06-18 07:51:42.139 I/system_server( 1918): The ClassLoaderContext is a special shared library.
06-18 07:51:42.141 I/Zygote  ( 1665): Called ZygoteHooks.endPreload()
06-18 07:51:42.141 I/system_server( 1918): The ClassLoaderContext is a special shared library.
06-18 07:51:42.142 I/Zygote  ( 1665): Installed AndroidKeyStoreProvider in 1ms.
06-18 07:51:42.152 I/system_server( 1918): The ClassLoaderContext is a special shared library.
06-18 07:51:42.154 I/Zygote  ( 1665): Warmed up JCA providers in 12ms.
06-18 07:51:42.154 D/Zygote  ( 1665): end preload
06-18 07:51:42.154 D/SystemServerTimingAsync( 1918): SecondaryZygotePreload took to complete: 637ms
06-18 07:51:42.154 D/SystemServerInitThreadPool( 1918): Finished executing SecondaryZygotePreload
06-18 07:51:42.155 I/system_server( 1918): The ClassLoaderContext is a special shared library.
06-18 07:51:42.213 I/Watchdog( 1918): Resuming HandlerChecker: main thread for reason: dexopt. Pause count: 0
06-18 07:51:42.213 D/SystemServerTiming( 1918): UpdatePackagesIfNeeded took to complete: 518ms
06-18 07:51:42.213 I/SystemServer( 1918): PerformFstrimIfNeeded
06-18 07:51:42.213 W/PackageManager( 1918): No disk maintenance in 1781769102213; running immediately
06-18 07:51:42.213 D/SystemServerTiming( 1918): PerformFstrimIfNeeded took to complete: 0ms
06-18 07:51:42.213 I/SystemServer( 1918): StartLockSettingsService
06-18 07:51:42.213 I/SystemServiceManager( 1918): Starting com.android.server.locksettings.LockSettingsService$Lifecycle
06-18 07:51:42.213 I/StorageManagerService( 1918): Running fstrim idle maintenance
06-18 07:51:42.208 I/chatty  ( 1918): uid=1000 system_server identical 14 lines
06-18 07:51:42.212 I/system_server( 1918): The ClassLoaderContext is a special shared library.
06-18 07:51:42.214 I/hwservicemanager( 1566): getTransport: Cannot find entry android.hardware.boot@1.0::IBootControl/default in either framework or device manifest.
06-18 07:51:42.217 I/vold    ( 1575): Skip mounting partition: /product
06-18 07:51:42.217 I/vold    ( 1575): Skip mounting partition: /product_services
06-18 07:51:42.217 D/vold    ( 1575): Starting trim of /data
06-18 07:51:42.217 W/vold    ( 1575): Trim failed on /data: Operation not supported on transport endpoint
06-18 07:51:42.218 D/vold    ( 1575): Starting trim of none
06-18 07:51:42.218 W/vold    ( 1575): Failed to open none: No such file or directory
06-18 07:51:42.239 D/SystemServerTiming( 1918): StartLockSettingsService took to complete: 26ms
06-18 07:51:42.239 I/SystemServer( 1918): StartTestHarnessMode
06-18 07:51:42.239 I/SystemServiceManager( 1918): Starting com.android.server.testharness.TestHarnessModeService
06-18 07:51:42.240 D/SystemServerTiming( 1918): StartTestHarnessMode took to complete: 1ms
06-18 07:51:42.240 I/hwservicemanager( 1566): getTransport: Cannot find entry android.hardware.oemlock@1.0::IOemLock/default in either framework or device manifest.
06-18 07:51:42.241 I/OemLock ( 1918): OemLock HAL not present on device
06-18 07:51:42.241 I/SystemServer( 1918): StartDeviceIdleController
06-18 07:51:42.241 I/SystemServiceManager( 1918): Starting com.android.server.DeviceIdleController
06-18 07:51:42.245 D/SystemServerTiming( 1918): StartDeviceIdleController took to complete: 5ms
06-18 07:51:42.245 I/SystemServer( 1918): StartDevicePolicyManager
06-18 07:51:42.245 I/SystemServiceManager( 1918): Starting com.android.server.devicepolicy.DevicePolicyManagerService$Lifecycle
06-18 07:51:42.248 D/SystemServerTiming( 1918): StartDevicePolicyManager took to complete: 3ms
06-18 07:51:42.248 I/SystemServer( 1918): StartStatusBarManagerService
06-18 07:51:42.249 D/SystemServerTiming( 1918): StartStatusBarManagerService took to complete: 1ms
06-18 07:51:42.249 D/SystemServer( 1918): ContentCaptureService disabled because resource is not overlaid
06-18 07:51:42.249 D/SystemServer( 1918): AttentionService is not configured on this device
06-18 07:51:42.249 I/SystemServer( 1918): StartSystemCaptionsManagerService
06-18 07:51:42.249 I/SystemServiceManager( 1918): Starting com.android.server.systemcaptions.SystemCaptionsManagerService
06-18 07:51:42.250 D/SystemServerTiming( 1918): StartSystemCaptionsManagerService took to complete: 1ms
06-18 07:51:42.250 I/SystemServer( 1918): StartAppPredictionService
06-18 07:51:42.251 I/SystemServiceManager( 1918): Starting com.android.server.appprediction.AppPredictionManagerService
06-18 07:51:42.251 D/SystemServerTiming( 1918): StartAppPredictionService took to complete: 1ms
06-18 07:51:42.251 I/SystemServer( 1918): StartContentSuggestionsService
06-18 07:51:42.252 I/SystemServiceManager( 1918): Starting com.android.server.contentsuggestions.ContentSuggestionsManagerService
06-18 07:51:42.252 D/SystemServerTiming( 1918): StartContentSuggestionsService took to complete: 1ms
06-18 07:51:42.253 I/SystemServer( 1918): InitNetworkStackClient
06-18 07:51:42.253 D/SystemServerTiming( 1918): InitNetworkStackClient took to complete: 1ms
06-18 07:51:42.253 I/SystemServer( 1918): StartNetworkManagementService
06-18 07:51:42.256 I/netd    ( 1663): registerUnsolicitedEventListener() <0.03ms>
06-18 07:51:42.256 D/SystemServerTiming( 1918): StartNetworkManagementService took to complete: 3ms
06-18 07:51:42.256 I/SystemServer( 1918): StartIpSecService
06-18 07:51:42.257 D/SystemServerTiming( 1918): StartIpSecService took to complete: 1ms
06-18 07:51:42.257 I/SystemServer( 1918): StartTextServicesManager
06-18 07:51:42.257 I/SystemServiceManager( 1918): Starting com.android.server.textservices.TextServicesManagerService$Lifecycle
06-18 07:51:42.257 D/SystemServerTiming( 1918): StartTextServicesManager took to complete: 0ms
06-18 07:51:42.257 I/SystemServer( 1918): StartTextClassificationManagerService
06-18 07:51:42.257 I/SystemServiceManager( 1918): Starting com.android.server.textclassifier.TextClassificationManagerService$Lifecycle
06-18 07:51:42.258 D/SystemServerTiming( 1918): StartTextClassificationManagerService took to complete: 1ms
06-18 07:51:42.258 I/SystemServer( 1918): StartNetworkScoreService
06-18 07:51:42.258 I/SystemServiceManager( 1918): Starting com.android.server.NetworkScoreService$Lifecycle
06-18 07:51:42.258 I/NetworkScoreService( 1918): Registering network_score
06-18 07:51:42.259 D/SystemServerTiming( 1918): StartNetworkScoreService took to complete: 0ms
06-18 07:51:42.259 I/SystemServer( 1918): StartNetworkStatsService
06-18 07:51:42.260 D/SystemServerTiming( 1918): StartNetworkStatsService took to complete: 1ms
06-18 07:51:42.260 I/SystemServer( 1918): StartNetworkPolicyManagerService
06-18 07:51:42.265 D/SystemServerTiming( 1918): StartNetworkPolicyManagerService took to complete: 5ms
06-18 07:51:42.265 I/SystemServer( 1918): StartWifi
06-18 07:51:42.278 I/SystemServiceManager( 1918): Starting com.android.server.wifi.WifiService
06-18 07:51:42.336 E/HostapdHal( 1918): Malformed channel value detected: java.lang.NumberFormatException: For input string: ""
06-18 07:51:42.347 D/WifiCountryCode( 1918): mDefaultCountryCode null mRevertCountryCodeOnCellularLoss false
06-18 07:51:42.348 D/WifiApConfigStore( 1918): 2G band allowed channels are:1,6,11
06-18 07:51:42.348 E/WifiApConfigStore( 1918): Error reading hotspot configuration java.io.FileNotFoundException: /data/misc/wifi/softap.conf: open failed: ENOENT (No such file or directory)
06-18 07:51:42.348 D/WifiApConfigStore( 1918): Fallback to use default AP configuration
06-18 07:51:42.350 I/WifiScoringParams( 1918): rssi2=-83:-80:-73:-60,rssi5=-80:-77:-70:-57,pps=0:1:100,horizon=15,nud=8,expid=0
06-18 07:51:42.375 D/WifiOpenNetworkNotifier( 1918): Settings toggle enabled=true
06-18 07:51:42.375 D/WifiCarrierNetworkNotifier( 1918): Settings toggle enabled=true
06-18 07:51:42.377 D/WifiActiveModeWarden( 1918): Starting Wifi in WifiDisabledState
06-18 07:51:42.377 D/WifiActiveModeWarden( 1918): Entering WifiDisabledState
06-18 07:51:42.378 D/WakeupController( 1918): WifiWake enabled
06-18 07:51:42.380 E/WifiClientModeImpl( 1918): getWifiLinkLayerStats called without an interface
06-18 07:51:42.381 E/SupplicantStaIfaceHal( 1918): Can't call setDebugParams, ISupplicant is null
06-18 07:51:42.381 W/WifiDiags( 1918): no ring buffers found
06-18 07:51:42.381 W/WifiDiags( 1918): Failed to start packet fate monitoring
06-18 07:51:42.382 I/WifiService( 1918): Registering wifi
06-18 07:51:42.382 D/SystemServerTiming( 1918): StartWifi took to complete: 117ms
06-18 07:51:42.382 I/SystemServer( 1918): StartWifiScanning
06-18 07:51:42.383 I/SystemServiceManager( 1918): Starting com.android.server.wifi.scanner.WifiScanningService
06-18 07:51:42.383 I/WifiScanningService( 1918): Creating wifiscanner
06-18 07:51:42.384 I/WifiScanningService( 1918): Publishing wifiscanner
06-18 07:51:42.385 D/SystemServerTiming( 1918): StartWifiScanning took to complete: 3ms
06-18 07:51:42.385 I/SystemServer( 1918): StartWifiP2P
06-18 07:51:42.385 I/SystemServiceManager( 1918): Starting com.android.server.wifi.p2p.WifiP2pService
06-18 07:51:42.390 W/HalDevMgr( 1918): isWifiStarted called but mWifi is null!?
06-18 07:51:42.390 I/WifiP2pService( 1918): Registering wifip2p
06-18 07:51:42.391 D/SystemServerTiming( 1918): StartWifiP2P took to complete: 6ms
06-18 07:51:42.391 I/SystemServer( 1918): StartConnectivityService
06-18 07:51:42.393 D/ConnectivityService( 1918): ConnectivityService starting up
06-18 07:51:42.396 D/ConnectivityService( 1918): wifiOnly=false
06-18 07:51:42.402 D/SystemServerTiming( 1918): StartConnectivityService took to complete: 11ms
06-18 07:51:42.402 I/SystemServer( 1918): StartNsdService
06-18 07:51:42.403 D/NsdService( 1918): Network service discovery is enabled
06-18 07:51:42.404 D/SystemServerTiming( 1918): StartNsdService took to complete: 2ms
06-18 07:51:42.404 I/SystemServer( 1918): StartSystemUpdateManagerService
06-18 07:51:42.404 I/SystemUpdateManagerService( 1918): No existing info file /data/system/system-update-info.xml
06-18 07:51:42.405 D/SystemServerTiming( 1918): StartSystemUpdateManagerService took to complete: 0ms
06-18 07:51:42.405 I/SystemServer( 1918): StartUpdateLockService
06-18 07:51:42.405 D/SystemServerTiming( 1918): StartUpdateLockService took to complete: 1ms
06-18 07:51:42.405 I/SystemServer( 1918): StartNotificationManager
06-18 07:51:42.405 I/SystemServiceManager( 1918): Starting com.android.server.notification.NotificationManagerService
06-18 07:51:42.413 D/ConditionProviders.SCP( 1918): new ScheduleConditionProvider()
06-18 07:51:42.421 I/ConditionProviders( 1918):  Allowing condition provider com.google.android.apps.nexuslauncher/com.android.launcher3.notification.NotificationListener
06-18 07:51:42.421 I/NotificationListeners( 1918):  Allowing notification listener com.google.android.apps.nexuslauncher/com.android.launcher3.notification.NotificationListener
06-18 07:51:42.421 V/NotificationListeners( 1918): enabling notification listener for 0: ComponentInfo{com.google.android.apps.nexuslauncher/com.android.launcher3.notification.NotificationListener}
06-18 07:51:42.421 V/NotificationListeners( 1918): binding: Intent { act=android.service.notification.NotificationListenerService cmp=com.google.android.apps.nexuslauncher/com.android.launcher3.notification.NotificationListener (has extras) }
06-18 07:51:42.421 W/ActivityManager( 1918): Unable to start service Intent { act=android.service.notification.NotificationListenerService cmp=com.google.android.apps.nexuslauncher/com.android.launcher3.notification.NotificationListener } U=0: not found
06-18 07:51:42.421 W/NotificationListeners( 1918): Unable to bind notification listener service: Intent { act=android.service.notification.NotificationListenerService cmp=com.google.android.apps.nexuslauncher/com.android.launcher3.notification.NotificationListener (has extras) } in user 0
06-18 07:51:42.422 I/ConditionProviders( 1918):  Allowing condition provider com.google.android.apps.restore/com.google.android.apps.pixelmigrate.component.NotificationConsolidatorService
06-18 07:51:42.422 I/NotificationListeners( 1918):  Allowing notification listener com.google.android.apps.restore/com.google.android.apps.pixelmigrate.component.NotificationConsolidatorService
06-18 07:51:42.422 V/NotificationListeners( 1918): enabling notification listener for 0: ComponentInfo{com.google.android.apps.restore/com.google.android.apps.pixelmigrate.component.NotificationConsolidatorService}
06-18 07:51:42.422 V/NotificationListeners( 1918): binding: Intent { act=android.service.notification.NotificationListenerService cmp=com.google.android.apps.restore/com.google.android.apps.pixelmigrate.component.NotificationConsolidatorService (has extras) }
06-18 07:51:42.422 W/ActivityManager( 1918): Unable to start service Intent { act=android.service.notification.NotificationListenerService cmp=com.google.android.apps.restore/com.google.android.apps.pixelmigrate.component.NotificationConsolidatorService } U=0: not found
06-18 07:51:42.422 W/NotificationListeners( 1918): Unable to bind notification listener service: Intent { act=android.service.notification.NotificationListenerService cmp=com.google.android.apps.restore/com.google.android.apps.pixelmigrate.component.NotificationConsolidatorService (has extras) } in user 0
06-18 07:51:42.422 V/NotificationListeners( 1918): enabling notification listener for 0: ComponentInfo{com.google.android.apps.nexuslauncher/com.android.launcher3.notification.NotificationListener}
06-18 07:51:42.422 V/NotificationListeners( 1918): binding: Intent { act=android.service.notification.NotificationListenerService cmp=com.google.android.apps.nexuslauncher/com.android.launcher3.notification.NotificationListener (has extras) }
06-18 07:51:42.422 W/ActivityManager( 1918): Unable to start service Intent { act=android.service.notification.NotificationListenerService cmp=com.google.android.apps.nexuslauncher/com.android.launcher3.notification.NotificationListener } U=0: not found
06-18 07:51:42.422 W/NotificationListeners( 1918): Unable to bind notification listener service: Intent { act=android.service.notification.NotificationListenerService cmp=com.google.android.apps.nexuslauncher/com.android.launcher3.notification.NotificationListener (has extras) } in user 0
06-18 07:51:42.422 I/ConditionProviders( 1918):  Allowing condition provider com.google.android.GoogleCamera
06-18 07:51:42.422 I/ConditionProviders( 1918):  Allowing condition provider com.google.android.gms
06-18 07:51:42.422 I/ConditionProviders( 1918):  Allowing condition provider com.google.intelligence.sense
06-18 07:51:42.423 I/ConditionProviders( 1918):  Allowing condition provider com.google.android.settings.intelligence
06-18 07:51:42.423 I/ConditionProviders( 1918):  Allowing condition provider com.google.android.apps.wellbeing
06-18 07:51:42.423 I/ConditionProviders( 1918):  Allowing condition provider com.google.android.apps.safetyhub
06-18 07:51:42.423 I/ConditionProviders( 1918):  Allowing condition provider com.google.android.ext.services/android.ext.services.notification.Assistant
06-18 07:51:42.423 I/NotificationAssistants( 1918):  Allowing notification assistant com.google.android.ext.services/android.ext.services.notification.Assistant
06-18 07:51:42.423 V/NotificationAssistants( 1918): enabling notification assistant for 0: ComponentInfo{com.google.android.ext.services/android.ext.services.notification.Assistant}
06-18 07:51:42.423 V/NotificationAssistants( 1918): binding: Intent { act=android.service.notification.NotificationAssistantService cmp=com.google.android.ext.services/android.ext.services.notification.Assistant (has extras) }
06-18 07:51:42.424 D/NotificationService( 1918): Set default NAS to be com.google.android.ext.services/android.ext.services.notification.Assistant in 0
06-18 07:51:42.433 D/SystemServerTiming( 1918): StartNotificationManager took to complete: 28ms
06-18 07:51:42.433 I/SystemServer( 1918): StartDeviceMonitor
06-18 07:51:42.433 I/SystemServiceManager( 1918): Starting com.android.server.storage.DeviceStorageMonitorService
06-18 07:51:42.435 D/SystemServerTiming( 1918): StartDeviceMonitor took to complete: 2ms
06-18 07:51:42.435 I/SystemServer( 1918): StartLocationManagerService
06-18 07:51:42.437 D/SystemServerTiming( 1918): StartLocationManagerService took to complete: 2ms
06-18 07:51:42.437 I/SystemServer( 1918): StartCountryDetectorService
06-18 07:51:42.437 D/SystemServerTiming( 1918): StartCountryDetectorService took to complete: 0ms
06-18 07:51:42.437 I/SystemServer( 1918): StartTimeDetectorService
06-18 07:51:42.437 I/SystemServiceManager( 1918): Starting com.android.server.timedetector.TimeDetectorService$Lifecycle
06-18 07:51:42.438 D/SystemServerTiming( 1918): StartTimeDetectorService took to complete: 1ms
06-18 07:51:42.438 I/SystemServer( 1918): StartSearchManagerService
06-18 07:51:42.438 I/SystemServiceManager( 1918): Starting com.android.server.search.SearchManagerService$Lifecycle
06-18 07:51:42.438 D/SystemServerTiming( 1918): StartSearchManagerService took to complete: 0ms
06-18 07:51:42.438 I/SystemServer( 1918): StartWallpaperManagerService
06-18 07:51:42.438 I/SystemServiceManager( 1918): Starting com.android.server.wallpaper.WallpaperManagerService$Lifecycle
06-18 07:51:42.439 D/SystemServerTiming( 1918): StartWallpaperManagerService took to complete: 1ms
06-18 07:51:42.439 I/SystemServer( 1918): StartAudioService
06-18 07:51:42.439 I/SystemServiceManager( 1918): Starting com.android.server.audio.AudioService$Lifecycle
06-18 07:51:42.450 D/PermissionCache( 1723): checking android.permission.MODIFY_AUDIO_ROUTING for uid=1000 => granted (420 us)
06-18 07:51:42.451 W/TelecomManager( 1918): Telecom Service not found.
06-18 07:51:42.453 D/PermissionCache( 1723): checking android.permission.MODIFY_AUDIO_SETTINGS for uid=1000 => granted (48 us)
06-18 07:51:42.453 W/AudioFlinger( 1723): no wake lock to update, system not ready yet
06-18 07:51:42.454 W/DeviceHAL( 1671): Error from HAL Device in function set_mic_mute: Function not implemented
06-18 07:51:42.454 E/AudioSystem-JNI( 1918): Command failed for android_media_AudioSystem_muteMicrophone: -38
06-18 07:51:42.469 D/AudioFlinger( 1723): isLowRamDevice:false totalMemory:2089566208 mClientSharedHeapSize:4194304
06-18 07:51:42.469 D/SystemServerTiming( 1918): StartAudioService took to complete: 30ms
06-18 07:51:42.470 I/SystemServer( 1918): StartDockObserver
06-18 07:51:42.470 I/SystemServiceManager( 1918): Starting com.android.server.DockObserver
06-18 07:51:42.470 W/DockObserver( 1918): This kernel does not have dock station support
06-18 07:51:42.470 D/SystemServerTiming( 1918): StartDockObserver took to complete: 1ms
06-18 07:51:42.470 I/SystemServer( 1918): StartWiredAccessoryManager
06-18 07:51:42.471 W/WiredAccessoryManager( 1918): This kernel does not have usb audio support
06-18 07:51:42.471 W/WiredAccessoryManager( 1918): This kernel does not have HDMI audio support
06-18 07:51:42.471 D/SystemServerTiming( 1918): StartWiredAccessoryManager took to complete: 1ms
06-18 07:51:42.471 I/SystemServer( 1918): StartMidiManager
06-18 07:51:42.471 I/SystemServiceManager( 1918): Starting com.android.server.midi.MidiService$Lifecycle
06-18 07:51:42.472 D/SystemServerTiming( 1918): StartMidiManager took to complete: 1ms
06-18 07:51:42.472 I/SystemServer( 1918): StartAdbService
06-18 07:51:42.472 I/SystemServiceManager( 1918): Starting com.android.server.adb.AdbService$Lifecycle
06-18 07:51:42.472 D/SystemServerTiming( 1918): StartAdbService took to complete: 0ms
06-18 07:51:42.472 I/SystemServer( 1918): StartUsbService
06-18 07:51:42.472 I/SystemServiceManager( 1918): Starting com.android.server.usb.UsbService$Lifecycle
06-18 07:51:42.473 E/UsbDeviceManager( 1918): failed to write to /sys/class/android_usb/android0/f_rndis/ethaddr
06-18 07:51:42.473 I/hwservicemanager( 1566): getTransport: Cannot find entry android.hardware.usb.gadget@1.0::IUsbGadget/default in either framework or device manifest.
06-18 07:51:42.475 I/UsbDeviceManager( 1918): USB GADGET HAL not present in the device
06-18 07:51:42.475 I/UsbDeviceManager( 1918): java.util.NoSuchElementException
06-18 07:51:42.475 I/UsbDeviceManager( 1918): 	at android.os.HwBinder.getService(Native Method)
06-18 07:51:42.475 I/UsbDeviceManager( 1918): 	at android.hardware.usb.gadget.V1_0.IUsbGadget.getService(IUsbGadget.java:55)
06-18 07:51:42.475 I/UsbDeviceManager( 1918): 	at android.hardware.usb.gadget.V1_0.IUsbGadget.getService(IUsbGadget.java:62)
06-18 07:51:42.475 I/UsbDeviceManager( 1918): 	at com.android.server.usb.UsbDeviceManager.<init>(UsbDeviceManager.java:262)
06-18 07:51:42.475 I/UsbDeviceManager( 1918): 	at com.android.server.usb.UsbService.<init>(UsbService.java:150)
06-18 07:51:42.475 I/UsbDeviceManager( 1918): 	at com.android.server.usb.UsbService$Lifecycle.onStart(UsbService.java:84)
06-18 07:51:42.475 I/UsbDeviceManager( 1918): 	at com.android.server.SystemServiceManager.startService(SystemServiceManager.java:129)
06-18 07:51:42.475 I/UsbDeviceManager( 1918): 	at com.android.server.SystemServiceManager.startService(SystemServiceManager.java:116)
06-18 07:51:42.475 I/UsbDeviceManager( 1918): 	at com.android.server.SystemServiceManager.startService(SystemServiceManager.java:75)
06-18 07:51:42.475 I/UsbDeviceManager( 1918): 	at com.android.server.SystemServer.startOtherServices(SystemServer.java:1532)
06-18 07:51:42.475 I/UsbDeviceManager( 1918): 	at com.android.server.SystemServer.run(SystemServer.java:512)
06-18 07:51:42.475 I/UsbDeviceManager( 1918): 	at com.android.server.SystemServer.main(SystemServer.java:349)
06-18 07:51:42.475 I/UsbDeviceManager( 1918): 	at java.lang.reflect.Method.invoke(Native Method)
06-18 07:51:42.475 I/UsbDeviceManager( 1918): 	at com.android.internal.os.RuntimeInit$MethodAndArgsCaller.run(RuntimeInit.java:492)
06-18 07:51:42.475 I/UsbDeviceManager( 1918): 	at com.android.internal.os.ZygoteInit.main(ZygoteInit.java:908)
06-18 07:51:42.475 E/UsbDeviceManagerJNI( 1918): could not open control for mtp No such file or directory
06-18 07:51:42.475 E/UsbDeviceManager( 1918): Failed to open control for mtp
06-18 07:51:42.475 E/UsbDeviceManagerJNI( 1918): could not open control for ptp No such file or directory
06-18 07:51:42.475 E/UsbDeviceManager( 1918): Failed to open control for ptp
06-18 07:51:42.479 W/StorageManagerService( 1918): No primary storage defined yet; hacking together a stub
06-18 07:51:42.480 E/UsbDeviceManagerJNI( 1918): could not open /dev/usb_accessory
06-18 07:51:42.480 I/android_os_HwBinder( 1918): HwBinder: Starting thread pool for getting: android.hidl.manager@1.0::IServiceManager/default
06-18 07:51:42.481 I/hwservicemanager( 1566): getTransport: Cannot find entry android.hardware.usb@1.0::IUsb/default in either framework or device manifest.
06-18 07:51:42.481 E/UsbPortManager( 1918): connectToProxy: usb hal service not found. Did the service fail to start?
06-18 07:51:42.481 E/UsbPortManager( 1918): java.util.NoSuchElementException
06-18 07:51:42.481 E/UsbPortManager( 1918): 	at android.os.HwBinder.getService(Native Method)
06-18 07:51:42.481 E/UsbPortManager( 1918): 	at android.os.HwBinder.getService(HwBinder.java:83)
06-18 07:51:42.481 E/UsbPortManager( 1918): 	at android.hardware.usb.V1_0.IUsb.getService(IUsb.java:70)
06-18 07:51:42.481 E/UsbPortManager( 1918): 	at android.hardware.usb.V1_0.IUsb.getService(IUsb.java:77)
06-18 07:51:42.481 E/UsbPortManager( 1918): 	at com.android.server.usb.UsbPortManager.connectToProxy(UsbPortManager.java:780)
06-18 07:51:42.481 E/UsbPortManager( 1918): 	at com.android.server.usb.UsbPortManager.<init>(UsbPortManager.java:175)
06-18 07:51:42.481 E/UsbPortManager( 1918): 	at com.android.server.usb.UsbService.<init>(UsbService.java:153)
06-18 07:51:42.481 E/UsbPortManager( 1918): 	at com.android.server.usb.UsbService$Lifecycle.onStart(UsbService.java:84)
06-18 07:51:42.481 E/UsbPortManager( 1918): 	at com.android.server.SystemServiceManager.startService(SystemServiceManager.java:129)
06-18 07:51:42.481 E/UsbPortManager( 1918): 	at com.android.server.SystemServiceManager.startService(SystemServiceManager.java:116)
06-18 07:51:42.481 E/UsbPortManager( 1918): 	at com.android.server.SystemServiceManager.startService(SystemServiceManager.java:75)
06-18 07:51:42.481 E/UsbPortManager( 1918): 	at com.android.server.SystemServer.startOtherServices(SystemServer.java:1532)
06-18 07:51:42.481 E/UsbPortManager( 1918): 	at com.android.server.SystemServer.run(SystemServer.java:512)
06-18 07:51:42.481 E/UsbPortManager( 1918): 	at com.android.server.SystemServer.main(SystemServer.java:349)
06-18 07:51:42.481 E/UsbPortManager( 1918): 	at java.lang.reflect.Method.invoke(Native Method)
06-18 07:51:42.481 E/UsbPortManager( 1918): 	at com.android.internal.os.RuntimeInit$MethodAndArgsCaller.run(RuntimeInit.java:492)
06-18 07:51:42.481 E/UsbPortManager( 1918): 	at com.android.internal.os.ZygoteInit.main(ZygoteInit.java:908)
06-18 07:51:42.482 D/SystemServerTiming( 1918): StartUsbService took to complete: 10ms
06-18 07:51:42.482 I/SystemServer( 1918): StartSerialService
06-18 07:51:42.482 D/SystemServerTiming( 1918): StartSerialService took to complete: 0ms
06-18 07:51:42.482 I/SystemServer( 1918): StartHardwarePropertiesManagerService
06-18 07:51:42.482 I/hwservicemanager( 1566): getTransport: Cannot find entry android.hardware.thermal@1.0::IThermal/default in either framework or device manifest.
06-18 07:51:42.483 E/HardwarePropertiesManagerService-JNI( 1918): Unable to get Thermal service.
06-18 07:51:42.483 D/SystemServerTiming( 1918): StartHardwarePropertiesManagerService took to complete: 1ms
06-18 07:51:42.483 I/SystemServer( 1918): StartTwilightService
06-18 07:51:42.483 I/SystemServiceManager( 1918): Starting com.android.server.twilight.TwilightService
06-18 07:51:42.483 D/SystemServerTiming( 1918): StartTwilightService took to complete: 0ms
06-18 07:51:42.483 I/SystemServer( 1918): StartColorDisplay
06-18 07:51:42.483 I/SystemServiceManager( 1918): Starting com.android.server.display.color.ColorDisplayService
06-18 07:51:42.483 D/SystemServerTiming( 1918): StartColorDisplay took to complete: 0ms
06-18 07:51:42.483 I/SystemServer( 1918): StartJobScheduler
06-18 07:51:42.483 I/SystemServiceManager( 1918): Starting com.android.server.job.JobSchedulerService
06-18 07:51:42.486 I/JobStore( 1918): Read 0 jobs
06-18 07:51:42.489 D/SystemServerTiming( 1918): StartJobScheduler took to complete: 6ms
06-18 07:51:42.489 I/SystemServer( 1918): StartSoundTrigger
06-18 07:51:42.489 I/SystemServiceManager( 1918): Starting com.android.server.soundtrigger.SoundTriggerService
06-18 07:51:42.489 D/SystemServerTiming( 1918): StartSoundTrigger took to complete: 0ms
06-18 07:51:42.489 I/SystemServer( 1918): StartTrustManager
06-18 07:51:42.489 I/SystemServiceManager( 1918): Starting com.android.server.trust.TrustManagerService
06-18 07:51:42.490 D/SystemServerTiming( 1918): StartTrustManager took to complete: 1ms
06-18 07:51:42.490 I/SystemServer( 1918): StartBackupManager
06-18 07:51:42.490 I/SystemServiceManager( 1918): Starting com.android.server.backup.BackupManagerService$Lifecycle
06-18 07:51:42.492 D/SystemServerTiming( 1918): StartBackupManager took to complete: 2ms
06-18 07:51:42.492 I/SystemServer( 1918): StartAppWidgetService
06-18 07:51:42.492 I/SystemServiceManager( 1918): Starting com.android.server.appwidget.AppWidgetService
06-18 07:51:42.494 D/SystemServerTiming( 1918): StartAppWidgetService took to complete: 2ms
06-18 07:51:42.494 I/SystemServer( 1918): StartRoleManagerService
06-18 07:51:42.495 D/SystemServerTiming( 1918): StartRoleManagerService took to complete: 1ms
06-18 07:51:42.495 I/SystemServer( 1918): StartVoiceRecognitionManager
06-18 07:51:42.495 I/SystemServiceManager( 1918): Starting com.android.server.voiceinteraction.VoiceInteractionManagerService
06-18 07:51:42.495 I/RoleUserState( 1918): roles.xml not found
06-18 07:51:42.496 W/VoiceInteractionManagerService( 1918): Unable to resolve default voice recognition service.
06-18 07:51:42.496 D/SystemServerTiming( 1918): StartVoiceRecognitionManager took to complete: 1ms
06-18 07:51:42.496 I/SystemServer( 1918): StartGestureLauncher
06-18 07:51:42.496 I/SystemServiceManager( 1918): Starting com.android.server.GestureLauncherService
06-18 07:51:42.496 D/SystemServerTiming( 1918): StartGestureLauncher took to complete: 0ms
06-18 07:51:42.496 I/SystemServer( 1918): StartSensorNotification
06-18 07:51:42.496 I/SystemServiceManager( 1918): Starting com.android.server.SensorNotificationService
06-18 07:51:42.496 D/SystemServerTiming( 1918): StartSensorNotification took to complete: 0ms
06-18 07:51:42.496 I/SystemServer( 1918): StartContextHubSystemService
06-18 07:51:42.496 I/SystemServiceManager( 1918): Starting com.android.server.ContextHubSystemService
06-18 07:51:42.496 D/SystemServerInitThreadPool( 1918): Started executing Init ContextHubSystemService
06-18 07:51:42.496 D/SystemServerTiming( 1918): StartContextHubSystemService took to complete: 0ms
06-18 07:51:42.496 I/SystemServer( 1918): StartDiskStatsService
06-18 07:51:42.497 I/hwservicemanager( 1566): getTransport: Cannot find entry android.hardware.contexthub@1.0::IContexthub/default in either framework or device manifest.
06-18 07:51:42.497 I/ContextHubService( 1918): Context Hub HAL service not found
06-18 07:51:42.497 D/SystemServerInitThreadPool( 1918): Finished executing Init ContextHubSystemService
06-18 07:51:42.499 D/SystemServerTiming( 1918): StartDiskStatsService took to complete: 3ms
06-18 07:51:42.499 I/SystemServer( 1918): RuntimeService
06-18 07:51:42.499 D/SystemServerTiming( 1918): RuntimeService took to complete: 0ms
06-18 07:51:42.499 I/SystemServer( 1918): StartNetworkTimeUpdateService
06-18 07:51:42.499 D/SystemServer( 1918): Using networkTimeUpdater class=class com.android.server.NewNetworkTimeUpdateService
06-18 07:51:42.499 D/SystemServerTiming( 1918): StartNetworkTimeUpdateService took to complete: 0ms
06-18 07:51:42.500 I/SystemServer( 1918): CertBlacklister
06-18 07:51:42.500 D/SystemServerTiming( 1918): CertBlacklister took to complete: 1ms
06-18 07:51:42.500 I/SystemServer( 1918): StartEmergencyAffordanceService
06-18 07:51:42.500 I/SystemServiceManager( 1918): Starting com.android.server.emergency.EmergencyAffordanceService
06-18 07:51:42.500 D/SystemServerTiming( 1918): StartEmergencyAffordanceService took to complete: 0ms
06-18 07:51:42.500 I/SystemServer( 1918): StartDreamManager
06-18 07:51:42.500 I/SystemServiceManager( 1918): Starting com.android.server.dreams.DreamManagerService
06-18 07:51:42.501 D/SystemServerTiming( 1918): StartDreamManager took to complete: 1ms
06-18 07:51:42.501 I/SystemServer( 1918): AddGraphicsStatsService
06-18 07:51:42.502 D/SystemServerTiming( 1918): AddGraphicsStatsService took to complete: 1ms
06-18 07:51:42.502 I/SystemServer( 1918): StartPrintManager
06-18 07:51:42.502 I/SystemServiceManager( 1918): Starting com.android.server.print.PrintManagerService
06-18 07:51:42.503 D/SystemServerTiming( 1918): StartPrintManager took to complete: 1ms
06-18 07:51:42.503 I/SystemServer( 1918): StartRestrictionManager
06-18 07:51:42.503 I/SystemServiceManager( 1918): Starting com.android.server.restrictions.RestrictionsManagerService
06-18 07:51:42.503 D/SystemServerTiming( 1918): StartRestrictionManager took to complete: 0ms
06-18 07:51:42.503 I/SystemServer( 1918): StartMediaSessionService
06-18 07:51:42.504 I/SystemServiceManager( 1918): Starting com.android.server.media.MediaSessionService
06-18 07:51:42.510 D/SystemServerTiming( 1918): StartMediaSessionService took to complete: 6ms
06-18 07:51:42.510 I/SystemServer( 1918): StartMediaResourceMonitor
06-18 07:51:42.510 I/SystemServiceManager( 1918): Starting com.android.server.media.MediaResourceMonitorService
06-18 07:51:42.510 D/SystemServerTiming( 1918): StartMediaResourceMonitor took to complete: 1ms
06-18 07:51:42.510 I/SystemServer( 1918): StartMediaRouterService
06-18 07:51:42.510 D/SystemServerTiming( 1918): StartMediaRouterService took to complete: 0ms
06-18 07:51:42.511 I/SystemServer( 1918): StartFingerprintSensor
06-18 07:51:42.511 I/SystemServiceManager( 1918): Starting com.android.server.biometrics.fingerprint.FingerprintService
06-18 07:51:42.512 D/SystemServerTiming( 1918): StartFingerprintSensor took to complete: 2ms
06-18 07:51:42.512 I/SystemServer( 1918): StartBiometricService
06-18 07:51:42.512 I/SystemServiceManager( 1918): Starting com.android.server.biometrics.BiometricService
06-18 07:51:42.512 D/SystemServerInitThreadPool( 1918): Started executing FingerprintService.onStart
06-18 07:51:42.512 V/FingerprintService( 1918): mDaemon was null, reconnect to fingerprint
06-18 07:51:42.513 I/android_os_HwBinder( 1918): HwBinder: Starting thread pool for getting: android.hardware.biometrics.fingerprint@2.1::IBiometricsFingerprint/default
06-18 07:51:42.513 V/FingerprintService( 1918): Fingerprint HAL id: 140030347698176
06-18 07:51:42.513 D/FingerprintHal( 1803): ----------------> fingerprint_set_active_group -----------------> path /data/vendor_de/0/fpdata
06-18 07:51:42.513 D/FingerprintHal( 1803): ----------------> loadFingerprints ----------------->
06-18 07:51:42.513 E/FingerprintHal( 1803): Could not load fingerprints from storage at /data/vendor_de/0/fpdata/emufp.bin; it has not yet been created.
06-18 07:51:42.513 D/FingerprintHal( 1803): ----------------> loadAuthenticatorId ----------------->
06-18 07:51:42.513 D/SystemServerTiming( 1918): StartBiometricService took to complete: 1ms
06-18 07:51:42.513 E/FingerprintHal( 1803): Could not load authenticator id from storage at /data/vendor_de/0/fpdata/emuauthid.bin; it has not yet been created.
06-18 07:51:42.513 I/SystemServer( 1918): StartBackgroundDexOptService
06-18 07:51:42.513 D/FingerprintHal( 1803): ----------------> get_64bit_rand ----------------->
06-18 07:51:42.513 D/FingerprintHal( 1803): ----------------> saveAuthenticatorId ----------------->
06-18 07:51:42.513 W/BackgroundDexOptService( 1918): SysProp pm.dexopt.downgrade_after_inactive_days not set
06-18 07:51:42.513 D/FingerprintHal( 1803): Save authenticator id (0x6b8b4567327b23c6)
06-18 07:51:42.513 V/FingerprintService( 1918): Enumerating user(0)
06-18 07:51:42.514 D/SystemServerInitThreadPool( 1918): Finished executing FingerprintService.onStart
06-18 07:51:42.514 D/SystemServerTiming( 1918): StartBackgroundDexOptService took to complete: 1ms
06-18 07:51:42.514 I/SystemServer( 1918): StartDynamicCodeLoggingService
06-18 07:51:42.514 D/SystemServerTiming( 1918): StartDynamicCodeLoggingService took to complete: 0ms
06-18 07:51:42.514 I/SystemServer( 1918): StartPruneInstantAppsJobService
06-18 07:51:42.515 D/SystemServerTiming( 1918): StartPruneInstantAppsJobService took to complete: 0ms
06-18 07:51:42.515 I/SystemServer( 1918): StartShortcutServiceLifecycle
06-18 07:51:42.515 I/SystemServiceManager( 1918): Starting com.android.server.pm.ShortcutService$Lifecycle
06-18 07:51:42.515 D/SystemServerTiming( 1918): StartShortcutServiceLifecycle took to complete: 1ms
06-18 07:51:42.515 I/SystemServer( 1918): StartLauncherAppsService
06-18 07:51:42.515 I/SystemServiceManager( 1918): Starting com.android.server.pm.LauncherAppsService
06-18 07:51:42.516 D/SystemServerTiming( 1918): StartLauncherAppsService took to complete: 1ms
06-18 07:51:42.516 I/SystemServer( 1918): StartCrossProfileAppsService
06-18 07:51:42.516 I/SystemServiceManager( 1918): Starting com.android.server.pm.CrossProfileAppsService
06-18 07:51:42.516 D/SystemServerTiming( 1918): StartCrossProfileAppsService took to complete: 0ms
06-18 07:51:42.516 I/SystemServer( 1918): StartMediaProjectionManager
06-18 07:51:42.516 I/SystemServiceManager( 1918): Starting com.android.server.media.projection.MediaProjectionManagerService
06-18 07:51:42.517 V/MediaRouter( 1918): Selecting route: RouteInfo{ name=Phone, description=null, status=null, category=RouteCategory{ name=System types=ROUTE_TYPE_LIVE_AUDIO ROUTE_TYPE_LIVE_VIDEO  groupable=false }, supportedTypes=ROUTE_TYPE_LIVE_AUDIO ROUTE_TYPE_LIVE_VIDEO , presentationDisplay=null }
06-18 07:51:42.517 D/SystemServerTiming( 1918): StartMediaProjectionManager took to complete: 1ms
06-18 07:51:42.517 I/SystemServer( 1918): StartSliceManagerService
06-18 07:51:42.517 I/SystemServiceManager( 1918): Starting com.android.server.slice.SliceManagerService$Lifecycle
06-18 07:51:42.518 D/SystemServerTiming( 1918): StartSliceManagerService took to complete: 1ms
06-18 07:51:42.518 I/SystemServer( 1918): StartCameraServiceProxy
06-18 07:51:42.518 I/SystemServiceManager( 1918): Starting com.android.server.camera.CameraServiceProxy
06-18 07:51:42.519 D/SystemServerTiming( 1918): StartCameraServiceProxy took to complete: 1ms
06-18 07:51:42.520 I/SystemServer( 1918): StartStatsCompanionService
06-18 07:51:42.520 I/SystemServiceManager( 1918): Starting com.android.server.stats.StatsCompanionService$Lifecycle
06-18 07:51:42.520 I/StatsCompanionService( 1918): register thermal listener successfully
06-18 07:51:42.524 E/KernelCpuThreadReader( 1918): Failed to initialize KernelCpuThreadReader
06-18 07:51:42.524 E/KernelCpuThreadReader( 1918): java.nio.file.NoSuchFileException: /proc/self/time_in_state
06-18 07:51:42.524 E/KernelCpuThreadReader( 1918): 	at sun.nio.fs.UnixFileSystemProvider.newByteChannel(UnixFileSystemProvider.java:214)
06-18 07:51:42.524 E/KernelCpuThreadReader( 1918): 	at java.nio.file.Files.newByteChannel(Files.java:361)
06-18 07:51:42.524 E/KernelCpuThreadReader( 1918): 	at java.nio.file.Files.newByteChannel(Files.java:407)
06-18 07:51:42.524 E/KernelCpuThreadReader( 1918): 	at java.nio.file.Files.readAllBytes(Files.java:3152)
06-18 07:51:42.524 E/KernelCpuThreadReader( 1918): 	at com.android.internal.os.ProcTimeInStateReader.initializeTimeInStateFormat(ProcTimeInStateReader.java:163)
06-18 07:51:42.524 E/KernelCpuThreadReader( 1918): 	at com.android.internal.os.ProcTimeInStateReader.<init>(ProcTimeInStateReader.java:110)
06-18 07:51:42.524 E/KernelCpuThreadReader( 1918): 	at com.android.internal.os.KernelCpuThreadReader.<init>(KernelCpuThreadReader.java:137)
06-18 07:51:42.524 E/KernelCpuThreadReader( 1918): 	at com.android.internal.os.KernelCpuThreadReader.create(KernelCpuThreadReader.java:150)
06-18 07:51:42.524 E/KernelCpuThreadReader( 1918): 	at com.android.internal.os.KernelCpuThreadReaderSettingsObserver.<init>(KernelCpuThreadReaderSettingsObserver.java:94)
06-18 07:51:42.524 E/KernelCpuThreadReader( 1918): 	at com.android.internal.os.KernelCpuThreadReaderSettingsObserver.getSettingsModifiedReader(KernelCpuThreadReaderSettingsObserver.java:79)
06-18 07:51:42.524 E/KernelCpuThreadReader( 1918): 	at com.android.server.stats.StatsCompanionService.<init>(StatsCompanionService.java:377)
06-18 07:51:42.524 E/KernelCpuThreadReader( 1918): 	at com.android.server.stats.StatsCompanionService$Lifecycle.onStart(StatsCompanionService.java:2539)
06-18 07:51:42.524 E/KernelCpuThreadReader( 1918): 	at com.android.server.SystemServiceManager.startService(SystemServiceManager.java:129)
06-18 07:51:42.524 E/KernelCpuThreadReader( 1918): 	at com.android.server.SystemServiceManager.startService(SystemServiceManager.java:116)
06-18 07:51:42.524 E/KernelCpuThreadReader( 1918): 	at com.android.server.SystemServer.startOtherServices(SystemServer.java:1879)
06-18 07:51:42.524 E/KernelCpuThreadReader( 1918): 	at com.android.server.SystemServer.run(SystemServer.java:512)
