06-19 07:20:19.190 W/libc    ( 1706): Unable to set property "vendor.wlan.driver.version" to "1.0": error code: 0x18
06-19 07:20:19.190 I/android.hardware.wifi@1.0-service( 1706): Configured chip in mode 0
06-19 07:20:19.190 W/android.hardware.wifi@1.0-service( 1706): No active wlan interfaces in use! Using default
06-19 07:20:19.190 I/OMXMaster( 1782): makeComponentInstance(OMX.google.vorbis.decoder) in android.hardwar process
06-19 07:20:19.192 D/HalDevMgr( 1916): updateRttController: no one is interested in RTT controllers
06-19 07:20:19.192 E/android.hardware.wifi@1.0-service( 1706): Failed to set DFS flag; DFS channels may be unavailable.
06-19 07:20:19.192 E/OMXNodeInstance( 1782): getConfig(0xee13c180:google.vorbis.decoder, ConfigAndroidVendorExtension(0x6f100004)) ERROR: Undefined(0x80001001)
06-19 07:20:19.196 D/WificondControl( 1916): Setting up interface for client mode
06-19 07:20:19.196 I/wificond( 1781): create scanner for interface with index: 3
06-19 07:20:19.196 I/wificond( 1781): subscribe scan result for interface with index: 3
06-19 07:20:19.197 I/hwservicemanager( 1567): getTransport: Cannot find entry android.hardware.wifi.offload@1.0::IOffload/default in either framework or device manifest.
06-19 07:20:19.197 E/wificond( 1781): No Offload Service available
06-19 07:20:19.197 I/wificond( 1781): Offload HAL not supported 
06-19 07:20:19.197 E/SupplicantStaIfaceHal( 1916): Can't call setupIface, ISupplicantStaIface is null
06-19 07:20:19.197 I/hwservicemanager( 1567): getTransport: Cannot find entry android.hardware.wifi.supplicant@1.1::ISupplicant/default in either framework or device manifest.
06-19 07:20:19.199 I/hwservicemanager( 1567): getTransport: Cannot find entry android.hardware.wifi.supplicant@1.2::ISupplicant/default in either framework or device manifest.
06-19 07:20:19.199 I/hwservicemanager( 1567): getTransport: Cannot find entry android.hardware.wifi.supplicant@1.1::ISupplicant/default in either framework or device manifest.
06-19 07:20:19.200 W/PackageManager( 1916): Cannot whitelist unknown permission: com.google.android.email.permission.ACCESS_PROVIDER
06-19 07:20:19.200 W/PackageManager( 1916): Cannot whitelist unknown permission: com.google.android.gm.exchange.BIND
06-19 07:20:19.200 W/PackageManager( 1916): Cannot whitelist unknown permission: com.android.email.partnerprovider.PARTNER_PROVIDER
06-19 07:20:19.200 I/PackageManager( 1916): Un-granting permission android.permission.REQUEST_INSTALL_PACKAGES from package com.google.android.gm (protectionLevel=66 flags=0x38cbbe45)
06-19 07:20:19.201 I/netd    ( 1661): interfaceGetCfg("wlan0") <0.11ms>
06-19 07:20:19.201 I/WifiNative( 1916): Interface state changed on Iface:{Name=wlan0,Id=1,Type=STA_CONNECTIVITY}, isUp=true
06-19 07:20:19.201 I/netd    ( 1661): interfaceClearAddrs("wlan0") <0.11ms>
06-19 07:20:19.201 I/netd    ( 1661): interfaceSetIPv6PrivacyExtensions("wlan0", "true") <0.05ms>
06-19 07:20:19.202 I/netd    ( 1661): interfaceSetEnableIPv6("wlan0", "false") <0.03ms>
06-19 07:20:19.202 I/WifiNative( 1916): Successfully setup Iface:{Name=wlan0,Id=1,Type=STA_CONNECTIVITY}
06-19 07:20:19.202 I/hwservicemanager( 1567): getTransport: Cannot find entry android.hardware.wifi.supplicant@1.2::ISupplicant/default in either framework or device manifest.
06-19 07:20:19.202 E/SupplicantStaIfaceHal( 1916): Method getKeyMgmtCapabilities is not supported in existing HAL
06-19 07:20:19.203 D/WifiClientModeManager( 1916): entering StartedState
06-19 07:20:19.204 I/netd    ( 1661): interfaceGetCfg("wlan0") <0.09ms>
06-19 07:20:19.204 D/WifiClientModeManager( 1916): Wifi is ready to use for client mode
06-19 07:20:19.204 D/WifiActiveModeWarden( 1916): State changed from client mode. state = 3
06-19 07:20:19.204 D/WifiActiveModeWarden( 1916): client mode active
06-19 07:20:19.204 D/WifiScanRequestProxy( 1916): Sending scan available broadcast: true
06-19 07:20:19.204 I/WifiScanRequestProxy( 1916): Scanning is enabled
06-19 07:20:19.204 I/WifiScanRequestProxy( 1916): Scanning for hidden networks is enabled
06-19 07:20:19.204 E/WifiVendorHal( 1916): getBgScanCapabilities(l.630) failed {.code = ERROR_NOT_SUPPORTED, .description = }
06-19 07:20:19.204 D/WifiClientModeImpl( 1916): entering ConnectModeState: ifaceName = wlan0
06-19 07:20:19.204 D/WifiClientModeImpl( 1916): setupClientMode() ifacename = wlan0
06-19 07:20:19.205 I/WifiScanningService( 1916): wifi driver loaded with scan capabilities: max buckets=16
06-19 07:20:19.214 W/PackageManager( 1916): Cannot whitelist unknown permission: com.android.vending.TOS_ACKED
06-19 07:20:19.214 W/PackageManager( 1916): Cannot whitelist unknown permission: com.android.vending.setup.PLAY_SETUP_SERVICE
06-19 07:20:19.219 W/PackageManager( 1916): Cannot whitelist unknown permission: com.samsung.android.providers.context.permission.WRITE_USE_APP_FEATURE_SURVEY
06-19 07:20:19.219 I/PackageManager( 1916): Un-granting permission android.permission.BIND_JOB_SERVICE from package com.google.android.music (protectionLevel=2 flags=0x38cbbe65)
06-19 07:20:19.222 W/PackageManager( 1916): Cannot whitelist unknown permission: com.samsung.android.providers.context.permission.WRITE_USE_APP_FEATURE_SURVEY
06-19 07:20:19.222 I/PackageManager( 1916): Un-granting permission android.permission.BIND_JOB_SERVICE from package com.google.android.music (protectionLevel=2 flags=0x38cbbe65)
06-19 07:20:19.223 W/PackageManager( 1916): Cannot whitelist unknown permission: com.samsung.android.providers.context.permission.WRITE_USE_APP_FEATURE_SURVEY
06-19 07:20:19.223 I/PackageManager( 1916): Un-granting permission android.permission.BIND_JOB_SERVICE from package com.google.android.music (protectionLevel=2 flags=0x38cbbe65)
06-19 07:20:19.228 W/PackageManager( 1916): Cannot whitelist unknown permission: com.android.vending.BILLING
06-19 07:20:19.228 I/PackageManager( 1916): Un-granting permission android.permission.REQUEST_INSTALL_PACKAGES from package com.google.android.apps.docs (protectionLevel=66 flags=0x38cbbe45)
06-19 07:20:19.232 W/PackageManager( 1916): Cannot whitelist unknown permission: com.android.vending.BILLING
06-19 07:20:19.232 I/PackageManager( 1916): Un-granting permission android.permission.REQUEST_INSTALL_PACKAGES from package com.google.android.apps.docs (protectionLevel=66 flags=0x38cbbe45)
06-19 07:20:19.246 W/PackageManager( 1916): Cannot whitelist unknown permission: android.permission.READ_MEDIA_IMAGES
06-19 07:20:19.246 W/PackageManager( 1916): Cannot whitelist unknown permission: com.chrome.permission.DEVICE_EXTRAS
06-19 07:20:19.246 W/PackageManager( 1916): Cannot whitelist unknown permission: com.sec.enterprise.knox.MDM_CONTENT_PROVIDER
06-19 07:20:19.246 I/PackageManager( 1916): Un-granting permission android.permission.REQUEST_INSTALL_PACKAGES from package com.android.chrome (protectionLevel=66 flags=0xa0cbbe45)
06-19 07:20:19.247 I/OMXClient( 1916): IOmx service obtained
06-19 07:20:19.247 I/PackageManager( 1916): Un-granting permission com.google.android.apps.now.CURRENT_ACCOUNT_ACCESS from package com.android.chrome (protectionLevel=2 flags=0xa0cbbe45)
06-19 07:20:19.247 I/OMXMaster( 1782): makeComponentInstance(OMX.google.vorbis.decoder) in android.hardwar process
06-19 07:20:19.249 W/PackageManager( 1916): Cannot whitelist unknown permission: android.permission.READ_MEDIA_IMAGES
06-19 07:20:19.249 W/PackageManager( 1916): Cannot whitelist unknown permission: com.chrome.permission.DEVICE_EXTRAS
06-19 07:20:19.249 W/PackageManager( 1916): Cannot whitelist unknown permission: com.sec.enterprise.knox.MDM_CONTENT_PROVIDER
06-19 07:20:19.249 I/PackageManager( 1916): Un-granting permission android.permission.REQUEST_INSTALL_PACKAGES from package com.android.chrome (protectionLevel=66 flags=0xa0cbbe45)
06-19 07:20:19.249 I/PackageManager( 1916): Un-granting permission com.google.android.apps.now.CURRENT_ACCOUNT_ACCESS from package com.android.chrome (protectionLevel=2 flags=0xa0cbbe45)
06-19 07:20:19.250 W/PackageManager( 1916): Cannot whitelist unknown permission: com.sec.android.provider.badge.permission.READ
06-19 07:20:19.250 W/PackageManager( 1916): Cannot whitelist unknown permission: com.sec.android.provider.badge.permission.WRITE
06-19 07:20:19.250 W/PackageManager( 1916): Cannot whitelist unknown permission: com.htc.launcher.permission.READ_SETTINGS
06-19 07:20:19.250 W/PackageManager( 1916): Cannot whitelist unknown permission: com.htc.launcher.permission.UPDATE_SHORTCUT
06-19 07:20:19.250 W/PackageManager( 1916): Cannot whitelist unknown permission: com.sonyericsson.home.permission.BROADCAST_BADGE
06-19 07:20:19.250 W/PackageManager( 1916): Cannot whitelist unknown permission: com.sonymobile.home.permission.PROVIDER_INSERT_BADGE
06-19 07:20:19.250 W/PackageManager( 1916): Cannot whitelist unknown permission: com.anddoes.launcher.permission.UPDATE_COUNT
06-19 07:20:19.250 W/PackageManager( 1916): Cannot whitelist unknown permission: com.majeur.launcher.permission.UPDATE_BADGE
06-19 07:20:19.250 W/PackageManager( 1916): Cannot whitelist unknown permission: com.huawei.android.launcher.permission.CHANGE_BADGE
06-19 07:20:19.250 W/PackageManager( 1916): Cannot whitelist unknown permission: com.huawei.android.launcher.permission.READ_SETTINGS
06-19 07:20:19.250 W/PackageManager( 1916): Cannot whitelist unknown permission: com.huawei.android.launcher.permission.WRITE_SETTINGS
06-19 07:20:19.250 W/PackageManager( 1916): Cannot whitelist unknown permission: android.permission.READ_APP_BADGE
06-19 07:20:19.251 W/PackageManager( 1916): Cannot whitelist unknown permission: com.oppo.launcher.permission.READ_SETTINGS
06-19 07:20:19.251 W/PackageManager( 1916): Cannot whitelist unknown permission: com.oppo.launcher.permission.WRITE_SETTINGS
06-19 07:20:19.251 W/PackageManager( 1916): Cannot whitelist unknown permission: com.cequint.ecid.CALLER_ID_LOOKUP
06-19 07:20:19.251 W/PackageManager( 1916): Cannot whitelist unknown permission: com.motorola.incallui.permission.INCOMING_CALL_VISIBILITY_CHANGED
06-19 07:20:19.251 W/PackageManager( 1916): Cannot whitelist unknown permission: com.sec.android.provider.badge.permission.READ
06-19 07:20:19.251 W/PackageManager( 1916): Cannot whitelist unknown permission: com.sec.android.provider.badge.permission.WRITE
06-19 07:20:19.251 W/PackageManager( 1916): Cannot whitelist unknown permission: com.htc.launcher.permission.READ_SETTINGS
06-19 07:20:19.251 W/PackageManager( 1916): Cannot whitelist unknown permission: com.htc.launcher.permission.UPDATE_SHORTCUT
06-19 07:20:19.251 W/PackageManager( 1916): Cannot whitelist unknown permission: com.sonyericsson.home.permission.BROADCAST_BADGE
06-19 07:20:19.251 W/PackageManager( 1916): Cannot whitelist unknown permission: com.sonymobile.home.permission.PROVIDER_INSERT_BADGE
06-19 07:20:19.251 W/PackageManager( 1916): Cannot whitelist unknown permission: com.anddoes.launcher.permission.UPDATE_COUNT
06-19 07:20:19.251 W/PackageManager( 1916): Cannot whitelist unknown permission: com.majeur.launcher.permission.UPDATE_BADGE
06-19 07:20:19.251 W/PackageManager( 1916): Cannot whitelist unknown permission: com.huawei.android.launcher.permission.CHANGE_BADGE
06-19 07:20:19.251 W/PackageManager( 1916): Cannot whitelist unknown permission: com.huawei.android.launcher.permission.READ_SETTINGS
06-19 07:20:19.251 W/PackageManager( 1916): Cannot whitelist unknown permission: com.huawei.android.launcher.permission.WRITE_SETTINGS
06-19 07:20:19.251 W/PackageManager( 1916): Cannot whitelist unknown permission: android.permission.READ_APP_BADGE
06-19 07:20:19.251 W/PackageManager( 1916): Cannot whitelist unknown permission: com.oppo.launcher.permission.READ_SETTINGS
06-19 07:20:19.251 W/PackageManager( 1916): Cannot whitelist unknown permission: com.oppo.launcher.permission.WRITE_SETTINGS
06-19 07:20:19.251 W/PackageManager( 1916): Cannot whitelist unknown permission: com.cequint.ecid.CALLER_ID_LOOKUP
06-19 07:20:19.251 W/PackageManager( 1916): Cannot whitelist unknown permission: com.motorola.incallui.permission.INCOMING_CALL_VISIBILITY_CHANGED
06-19 07:20:19.252 W/PackageManager( 1916): Cannot whitelist unknown permission: com.sec.android.provider.badge.permission.READ
06-19 07:20:19.252 W/PackageManager( 1916): Cannot whitelist unknown permission: com.sec.android.provider.badge.permission.WRITE
06-19 07:20:19.252 W/PackageManager( 1916): Cannot whitelist unknown permission: com.htc.launcher.permission.READ_SETTINGS
06-19 07:20:19.252 W/PackageManager( 1916): Cannot whitelist unknown permission: com.htc.launcher.permission.UPDATE_SHORTCUT
06-19 07:20:19.252 W/PackageManager( 1916): Cannot whitelist unknown permission: com.sonyericsson.home.permission.BROADCAST_BADGE
06-19 07:20:19.252 W/PackageManager( 1916): Cannot whitelist unknown permission: com.sonymobile.home.permission.PROVIDER_INSERT_BADGE
06-19 07:20:19.252 W/PackageManager( 1916): Cannot whitelist unknown permission: com.anddoes.launcher.permission.UPDATE_COUNT
06-19 07:20:19.252 W/PackageManager( 1916): Cannot whitelist unknown permission: com.majeur.launcher.permission.UPDATE_BADGE
06-19 07:20:19.252 W/PackageManager( 1916): Cannot whitelist unknown permission: com.huawei.android.launcher.permission.CHANGE_BADGE
06-19 07:20:19.252 W/PackageManager( 1916): Cannot whitelist unknown permission: com.huawei.android.launcher.permission.READ_SETTINGS
06-19 07:20:19.252 W/PackageManager( 1916): Cannot whitelist unknown permission: com.huawei.android.launcher.permission.WRITE_SETTINGS
06-19 07:20:19.252 W/PackageManager( 1916): Cannot whitelist unknown permission: android.permission.READ_APP_BADGE
06-19 07:20:19.252 W/PackageManager( 1916): Cannot whitelist unknown permission: com.oppo.launcher.permission.READ_SETTINGS
06-19 07:20:19.252 W/PackageManager( 1916): Cannot whitelist unknown permission: com.oppo.launcher.permission.WRITE_SETTINGS
06-19 07:20:19.252 W/PackageManager( 1916): Cannot whitelist unknown permission: com.cequint.ecid.CALLER_ID_LOOKUP
06-19 07:20:19.252 W/PackageManager( 1916): Cannot whitelist unknown permission: com.motorola.incallui.permission.INCOMING_CALL_VISIBILITY_CHANGED
06-19 07:20:19.253 W/PackageManager( 1916): Cannot whitelist unknown permission: com.sec.android.provider.badge.permission.READ
06-19 07:20:19.253 W/PackageManager( 1916): Cannot whitelist unknown permission: com.sec.android.provider.badge.permission.WRITE
06-19 07:20:19.253 W/PackageManager( 1916): Cannot whitelist unknown permission: com.htc.launcher.permission.READ_SETTINGS
06-19 07:20:19.253 W/PackageManager( 1916): Cannot whitelist unknown permission: com.htc.launcher.permission.UPDATE_SHORTCUT
06-19 07:20:19.253 W/PackageManager( 1916): Cannot whitelist unknown permission: com.sonyericsson.home.permission.BROADCAST_BADGE
06-19 07:20:19.253 W/PackageManager( 1916): Cannot whitelist unknown permission: com.sonymobile.home.permission.PROVIDER_INSERT_BADGE
06-19 07:20:19.253 W/PackageManager( 1916): Cannot whitelist unknown permission: com.anddoes.launcher.permission.UPDATE_COUNT
06-19 07:20:19.253 W/PackageManager( 1916): Cannot whitelist unknown permission: com.majeur.launcher.permission.UPDATE_BADGE
06-19 07:20:19.253 W/PackageManager( 1916): Cannot whitelist unknown permission: com.huawei.android.launcher.permission.CHANGE_BADGE
06-19 07:20:19.253 W/PackageManager( 1916): Cannot whitelist unknown permission: com.huawei.android.launcher.permission.READ_SETTINGS
06-19 07:20:19.253 W/PackageManager( 1916): Cannot whitelist unknown permission: com.huawei.android.launcher.permission.WRITE_SETTINGS
06-19 07:20:19.253 W/PackageManager( 1916): Cannot whitelist unknown permission: android.permission.READ_APP_BADGE
06-19 07:20:19.253 W/PackageManager( 1916): Cannot whitelist unknown permission: com.oppo.launcher.permission.READ_SETTINGS
06-19 07:20:19.253 W/PackageManager( 1916): Cannot whitelist unknown permission: com.oppo.launcher.permission.WRITE_SETTINGS
06-19 07:20:19.253 W/PackageManager( 1916): Cannot whitelist unknown permission: com.cequint.ecid.CALLER_ID_LOOKUP
06-19 07:20:19.253 W/PackageManager( 1916): Cannot whitelist unknown permission: com.motorola.incallui.permission.INCOMING_CALL_VISIBILITY_CHANGED
06-19 07:20:19.254 W/PackageManager( 1916): Cannot whitelist unknown permission: com.sec.android.provider.badge.permission.READ
06-19 07:20:19.254 W/PackageManager( 1916): Cannot whitelist unknown permission: com.sec.android.provider.badge.permission.WRITE
06-19 07:20:19.254 W/PackageManager( 1916): Cannot whitelist unknown permission: com.htc.launcher.permission.READ_SETTINGS
06-19 07:20:19.254 W/PackageManager( 1916): Cannot whitelist unknown permission: com.htc.launcher.permission.UPDATE_SHORTCUT
06-19 07:20:19.255 W/PackageManager( 1916): Cannot whitelist unknown permission: com.sonyericsson.home.permission.BROADCAST_BADGE
06-19 07:20:19.255 W/PackageManager( 1916): Cannot whitelist unknown permission: com.sonymobile.home.permission.PROVIDER_INSERT_BADGE
06-19 07:20:19.255 W/PackageManager( 1916): Cannot whitelist unknown permission: com.anddoes.launcher.permission.UPDATE_COUNT
06-19 07:20:19.255 W/PackageManager( 1916): Cannot whitelist unknown permission: com.majeur.launcher.permission.UPDATE_BADGE
06-19 07:20:19.255 W/PackageManager( 1916): Cannot whitelist unknown permission: com.huawei.android.launcher.permission.CHANGE_BADGE
06-19 07:20:19.255 W/PackageManager( 1916): Cannot whitelist unknown permission: com.huawei.android.launcher.permission.READ_SETTINGS
06-19 07:20:19.255 W/PackageManager( 1916): Cannot whitelist unknown permission: com.huawei.android.launcher.permission.WRITE_SETTINGS
06-19 07:20:19.255 W/PackageManager( 1916): Cannot whitelist unknown permission: android.permission.READ_APP_BADGE
06-19 07:20:19.255 W/PackageManager( 1916): Cannot whitelist unknown permission: com.oppo.launcher.permission.READ_SETTINGS
06-19 07:20:19.255 W/PackageManager( 1916): Cannot whitelist unknown permission: com.oppo.launcher.permission.WRITE_SETTINGS
06-19 07:20:19.255 W/PackageManager( 1916): Cannot whitelist unknown permission: com.cequint.ecid.CALLER_ID_LOOKUP
06-19 07:20:19.255 W/PackageManager( 1916): Cannot whitelist unknown permission: com.motorola.incallui.permission.INCOMING_CALL_VISIBILITY_CHANGED
06-19 07:20:19.256 I/.gms.persisten( 2054): Compiler allocated 5305KB to compile boolean cuf.a(cyl, boolean, caau, caau, int, java.util.List, java.io.File, cyh)
06-19 07:20:19.257 E/OMXNodeInstance( 1782): getConfig(0xee13c180:google.vorbis.decoder, ConfigAndroidVendorExtension(0x6f100004)) ERROR: Undefined(0x80001001)
06-19 07:20:19.260 W/PackageManager( 1916): Cannot whitelist unknown permission: com.sec.android.provider.badge.permission.READ
06-19 07:20:19.260 W/PackageManager( 1916): Cannot whitelist unknown permission: com.sec.android.provider.badge.permission.WRITE
06-19 07:20:19.260 W/PackageManager( 1916): Cannot whitelist unknown permission: com.htc.launcher.permission.READ_SETTINGS
06-19 07:20:19.260 W/PackageManager( 1916): Cannot whitelist unknown permission: com.htc.launcher.permission.UPDATE_SHORTCUT
06-19 07:20:19.261 W/PackageManager( 1916): Cannot whitelist unknown permission: com.sonyericsson.home.permission.BROADCAST_BADGE
06-19 07:20:19.261 W/PackageManager( 1916): Cannot whitelist unknown permission: com.sonymobile.home.permission.PROVIDER_INSERT_BADGE
06-19 07:20:19.261 W/PackageManager( 1916): Cannot whitelist unknown permission: com.anddoes.launcher.permission.UPDATE_COUNT
06-19 07:20:19.261 W/PackageManager( 1916): Cannot whitelist unknown permission: com.majeur.launcher.permission.UPDATE_BADGE
06-19 07:20:19.261 W/PackageManager( 1916): Cannot whitelist unknown permission: com.huawei.android.launcher.permission.CHANGE_BADGE
06-19 07:20:19.262 W/PackageManager( 1916): Cannot whitelist unknown permission: com.huawei.android.launcher.permission.READ_SETTINGS
06-19 07:20:19.262 W/PackageManager( 1916): Cannot whitelist unknown permission: com.huawei.android.launcher.permission.WRITE_SETTINGS
06-19 07:20:19.262 W/PackageManager( 1916): Cannot whitelist unknown permission: android.permission.READ_APP_BADGE
06-19 07:20:19.262 W/PackageManager( 1916): Cannot whitelist unknown permission: com.oppo.launcher.permission.READ_SETTINGS
06-19 07:20:19.263 W/PackageManager( 1916): Cannot whitelist unknown permission: com.oppo.launcher.permission.WRITE_SETTINGS
06-19 07:20:19.263 W/PackageManager( 1916): Cannot whitelist unknown permission: com.cequint.ecid.CALLER_ID_LOOKUP
06-19 07:20:19.263 W/PackageManager( 1916): Cannot whitelist unknown permission: com.motorola.incallui.permission.INCOMING_CALL_VISIBILITY_CHANGED
06-19 07:20:19.266 W/PackageManager( 1916): Cannot whitelist unknown permission: com.sec.android.provider.badge.permission.READ
06-19 07:20:19.266 W/PackageManager( 1916): Cannot whitelist unknown permission: com.sec.android.provider.badge.permission.WRITE
06-19 07:20:19.266 W/PackageManager( 1916): Cannot whitelist unknown permission: com.htc.launcher.permission.READ_SETTINGS
06-19 07:20:19.266 W/PackageManager( 1916): Cannot whitelist unknown permission: com.htc.launcher.permission.UPDATE_SHORTCUT
06-19 07:20:19.266 W/PackageManager( 1916): Cannot whitelist unknown permission: com.sonyericsson.home.permission.BROADCAST_BADGE
06-19 07:20:19.266 W/PackageManager( 1916): Cannot whitelist unknown permission: com.sonymobile.home.permission.PROVIDER_INSERT_BADGE
06-19 07:20:19.266 W/PackageManager( 1916): Cannot whitelist unknown permission: com.anddoes.launcher.permission.UPDATE_COUNT
06-19 07:20:19.266 W/PackageManager( 1916): Cannot whitelist unknown permission: com.majeur.launcher.permission.UPDATE_BADGE
06-19 07:20:19.266 W/PackageManager( 1916): Cannot whitelist unknown permission: com.huawei.android.launcher.permission.CHANGE_BADGE
06-19 07:20:19.266 W/PackageManager( 1916): Cannot whitelist unknown permission: com.huawei.android.launcher.permission.READ_SETTINGS
06-19 07:20:19.266 W/PackageManager( 1916): Cannot whitelist unknown permission: com.huawei.android.launcher.permission.WRITE_SETTINGS
06-19 07:20:19.266 W/PackageManager( 1916): Cannot whitelist unknown permission: android.permission.READ_APP_BADGE
06-19 07:20:19.266 W/PackageManager( 1916): Cannot whitelist unknown permission: com.oppo.launcher.permission.READ_SETTINGS
06-19 07:20:19.266 W/PackageManager( 1916): Cannot whitelist unknown permission: com.oppo.launcher.permission.WRITE_SETTINGS
06-19 07:20:19.266 W/PackageManager( 1916): Cannot whitelist unknown permission: com.cequint.ecid.CALLER_ID_LOOKUP
06-19 07:20:19.266 W/PackageManager( 1916): Cannot whitelist unknown permission: com.motorola.incallui.permission.INCOMING_CALL_VISIBILITY_CHANGED
06-19 07:20:19.274 W/PackageManager( 1916): Cannot whitelist unknown permission: android.permission.QUERY_ALL_PACKAGES
06-19 07:20:19.274 W/PackageManager( 1916): Cannot whitelist unknown permission: android.permission.PRE_FACTORY_RESET
06-19 07:20:19.274 W/PackageManager( 1916): Cannot whitelist unknown permission: android.permission.MANAGE_FACTORY_RESET_PROTECTION
06-19 07:20:19.274 W/PackageManager( 1916): Cannot whitelist unknown permission: android.car.permission.CAR_POWER
06-19 07:20:19.274 W/PackageManager( 1916): Cannot whitelist unknown permission: com.google.android.wearable.WRITE_SETTINGS
06-19 07:20:19.274 W/PackageManager( 1916): Cannot whitelist unknown permission: com.felicanetworks.mfc.permission.MFC_ACCESS
06-19 07:20:19.274 W/PackageManager( 1916): Cannot whitelist unknown permission: com.felicanetworks.mfc.mfi.permission.MFI_ACCESS
06-19 07:20:19.274 W/PackageManager( 1916): Cannot whitelist unknown permission: com.google.android.finsky.permission.INSTANT_APP_STATE
06-19 07:20:19.274 W/PackageManager( 1916): Cannot whitelist unknown permission: android.permission.UWB
06-19 07:20:19.274 W/PackageManager( 1916): Cannot whitelist unknown permission: com.google.android.finsky.permission.BIND_GET_INSTALL_REFERRER_SERVICE
06-19 07:20:19.274 W/PackageManager( 1916): Cannot whitelist unknown permission: com.google.android.hangouts.START_HANGOUT
06-19 07:20:19.274 W/PackageManager( 1916): Cannot whitelist unknown permission: android.car.permission.CAR_POWERTRAIN
06-19 07:20:19.274 W/PackageManager( 1916): Cannot whitelist unknown permission: android.car.permission.CAR_ENERGY
06-19 07:20:19.274 W/PackageManager( 1916): Cannot whitelist unknown permission: android.car.permission.CAR_ENERGY_PORTS
06-19 07:20:19.274 W/PackageManager( 1916): Cannot whitelist unknown permission: android.car.permission.CAR_EXTERIOR_LIGHTS
06-19 07:20:19.275 W/PackageManager( 1916): Cannot whitelist unknown permission: android.car.permission.CAR_INFO
06-19 07:20:19.275 W/PackageManager( 1916): Cannot whitelist unknown permission: android.car.permission.CAR_MILEAGE
06-19 07:20:19.275 W/PackageManager( 1916): Cannot whitelist unknown permission: android.car.permission.CAR_TIRES
06-19 07:20:19.275 W/PackageManager( 1916): Cannot whitelist unknown permission: android.car.permission.CONTROL_CAR_CLIMATE
06-19 07:20:19.275 W/PackageManager( 1916): Cannot whitelist unknown permission: android.car.permission.CONTROL_CAR_DOORS
06-19 07:20:19.275 W/PackageManager( 1916): Cannot whitelist unknown permission: android.car.permission.CONTROL_CAR_EXTERIOR_LIGHTS
06-19 07:20:19.275 W/PackageManager( 1916): Cannot whitelist unknown permission: android.car.permission.CONTROL_CAR_MIRRORS
06-19 07:20:19.275 W/PackageManager( 1916): Cannot whitelist unknown permission: android.car.permission.CONTROL_CAR_SEATS
06-19 07:20:19.275 W/PackageManager( 1916): Cannot whitelist unknown permission: android.car.permission.CONTROL_CAR_WINDOWS
06-19 07:20:19.275 W/PackageManager( 1916): Cannot whitelist unknown permission: android.car.permission.READ_CAR_DISPLAY_UNITS
06-19 07:20:19.275 W/PackageManager( 1916): Cannot whitelist unknown permission: com.google.android.finsky.permission.GEARHEAD_SERVICE
06-19 07:20:19.275 W/PackageManager( 1916): Cannot whitelist unknown permission: com.google.android.permission.ACCESSIBILITY_SCAN_SERVICE
06-19 07:20:19.275 W/PackageManager( 1916): Cannot whitelist unknown permission: com.google.android.finsky.permission.ACCESS_INSTANT_APP_NOTIFICATION_ENFORCEMENT
06-19 07:20:19.275 W/PackageManager( 1916): Cannot whitelist unknown permission: com.google.android.clockwork.settings.SHOW_FACTORY_RESET_CONFIRMATION
06-19 07:20:19.275 W/PackageManager( 1916): Cannot whitelist unknown permission: com.google.android.wearable.READ_SETTINGS
06-19 07:20:19.275 W/PackageManager( 1916): Cannot whitelist unknown permission: android.permission.READ_MEDIA_AUDIO
06-19 07:20:19.275 W/PackageManager( 1916): Cannot whitelist unknown permission: android.permission.READ_MEDIA_IMAGES
06-19 07:20:19.275 W/PackageManager( 1916): Cannot whitelist unknown permission: android.permission.READ_MEDIA_VIDEO
06-19 07:20:19.275 W/PackageManager( 1916): Cannot whitelist unknown permission: com.android.vending.setup.PLAY_SETUP_SERVICE
06-19 07:20:19.275 W/PackageManager( 1916): Cannot whitelist unknown permission: com.google.android.gms.game.notifications.permission.WRITE
06-19 07:20:19.275 W/PackageManager( 1916): Cannot whitelist unknown permission: com.google.android.vending.verifier.ACCESS_VERIFIER
06-19 07:20:19.275 I/PackageManager( 1916): Un-granting permission android.permission.CAPTURE_VIDEO_OUTPUT from package com.google.android.gms (protectionLevel=2 flags=0xb0cabe45)
06-19 07:20:19.276 I/PackageManager( 1916): Un-granting permission android.permission.MANAGE_DEVICE_ADMINS from package com.google.android.gms (protectionLevel=2 flags=0xb0cabe45)
06-19 07:20:19.276 I/PackageManager( 1916): Un-granting permission android.permission.MANAGE_ACTIVITY_STACKS from package com.google.android.gms (protectionLevel=2 flags=0xb0cabe45)
06-19 07:20:19.276 I/PackageManager( 1916): Un-granting permission android.permission.CAPTURE_SECURE_VIDEO_OUTPUT from package com.google.android.gms (protectionLevel=2 flags=0xb0cabe45)
06-19 07:20:19.276 I/PackageManager( 1916): Un-granting permission android.permission.MANAGE_ROLLBACKS from package com.google.android.gms (protectionLevel=514 flags=0xb0cabe45)
06-19 07:20:19.279 W/PackageManager( 1916): Cannot whitelist unknown permission: android.permission.QUERY_ALL_PACKAGES
06-19 07:20:19.279 W/PackageManager( 1916): Cannot whitelist unknown permission: android.permission.PRE_FACTORY_RESET
06-19 07:20:19.279 W/PackageManager( 1916): Cannot whitelist unknown permission: android.permission.MANAGE_FACTORY_RESET_PROTECTION
06-19 07:20:19.279 W/PackageManager( 1916): Cannot whitelist unknown permission: android.car.permission.CAR_POWER
06-19 07:20:19.279 W/PackageManager( 1916): Cannot whitelist unknown permission: com.google.android.wearable.WRITE_SETTINGS
06-19 07:20:19.279 W/PackageManager( 1916): Cannot whitelist unknown permission: com.felicanetworks.mfc.permission.MFC_ACCESS
06-19 07:20:19.279 W/PackageManager( 1916): Cannot whitelist unknown permission: com.felicanetworks.mfc.mfi.permission.MFI_ACCESS
06-19 07:20:19.279 W/PackageManager( 1916): Cannot whitelist unknown permission: com.google.android.finsky.permission.INSTANT_APP_STATE
06-19 07:20:19.279 W/PackageManager( 1916): Cannot whitelist unknown permission: android.permission.UWB
06-19 07:20:19.279 W/PackageManager( 1916): Cannot whitelist unknown permission: com.google.android.finsky.permission.BIND_GET_INSTALL_REFERRER_SERVICE
06-19 07:20:19.279 W/PackageManager( 1916): Cannot whitelist unknown permission: com.google.android.hangouts.START_HANGOUT
06-19 07:20:19.279 W/PackageManager( 1916): Cannot whitelist unknown permission: android.car.permission.CAR_POWERTRAIN
06-19 07:20:19.279 W/PackageManager( 1916): Cannot whitelist unknown permission: android.car.permission.CAR_ENERGY
06-19 07:20:19.279 W/PackageManager( 1916): Cannot whitelist unknown permission: android.car.permission.CAR_ENERGY_PORTS
06-19 07:20:19.279 W/PackageManager( 1916): Cannot whitelist unknown permission: android.car.permission.CAR_EXTERIOR_LIGHTS
06-19 07:20:19.279 W/PackageManager( 1916): Cannot whitelist unknown permission: android.car.permission.CAR_INFO
06-19 07:20:19.279 W/PackageManager( 1916): Cannot whitelist unknown permission: android.car.permission.CAR_MILEAGE
06-19 07:20:19.280 W/PackageManager( 1916): Cannot whitelist unknown permission: android.car.permission.CAR_TIRES
06-19 07:20:19.280 W/PackageManager( 1916): Cannot whitelist unknown permission: android.car.permission.CONTROL_CAR_CLIMATE
06-19 07:20:19.280 W/PackageManager( 1916): Cannot whitelist unknown permission: android.car.permission.CONTROL_CAR_DOORS
06-19 07:20:19.280 W/PackageManager( 1916): Cannot whitelist unknown permission: android.car.permission.CONTROL_CAR_EXTERIOR_LIGHTS
06-19 07:20:19.280 W/PackageManager( 1916): Cannot whitelist unknown permission: android.car.permission.CONTROL_CAR_MIRRORS
06-19 07:20:19.280 W/PackageManager( 1916): Cannot whitelist unknown permission: android.car.permission.CONTROL_CAR_SEATS
06-19 07:20:19.280 W/PackageManager( 1916): Cannot whitelist unknown permission: android.car.permission.CONTROL_CAR_WINDOWS
06-19 07:20:19.280 W/PackageManager( 1916): Cannot whitelist unknown permission: android.car.permission.READ_CAR_DISPLAY_UNITS
06-19 07:20:19.280 W/PackageManager( 1916): Cannot whitelist unknown permission: com.google.android.finsky.permission.GEARHEAD_SERVICE
06-19 07:20:19.280 W/PackageManager( 1916): Cannot whitelist unknown permission: com.google.android.permission.ACCESSIBILITY_SCAN_SERVICE
06-19 07:20:19.280 W/PackageManager( 1916): Cannot whitelist unknown permission: com.google.android.finsky.permission.ACCESS_INSTANT_APP_NOTIFICATION_ENFORCEMENT
06-19 07:20:19.280 W/PackageManager( 1916): Cannot whitelist unknown permission: com.google.android.clockwork.settings.SHOW_FACTORY_RESET_CONFIRMATION
06-19 07:20:19.280 W/PackageManager( 1916): Cannot whitelist unknown permission: com.google.android.wearable.READ_SETTINGS
06-19 07:20:19.280 W/PackageManager( 1916): Cannot whitelist unknown permission: android.permission.READ_MEDIA_AUDIO
06-19 07:20:19.280 W/PackageManager( 1916): Cannot whitelist unknown permission: android.permission.READ_MEDIA_IMAGES
06-19 07:20:19.280 W/PackageManager( 1916): Cannot whitelist unknown permission: android.permission.READ_MEDIA_VIDEO
06-19 07:20:19.280 W/PackageManager( 1916): Cannot whitelist unknown permission: com.android.vending.setup.PLAY_SETUP_SERVICE
06-19 07:20:19.280 W/PackageManager( 1916): Cannot whitelist unknown permission: com.google.android.gms.game.notifications.permission.WRITE
06-19 07:20:19.280 W/PackageManager( 1916): Cannot whitelist unknown permission: com.google.android.vending.verifier.ACCESS_VERIFIER
06-19 07:20:19.280 I/PackageManager( 1916): Un-granting permission android.permission.CAPTURE_VIDEO_OUTPUT from package com.google.android.gms (protectionLevel=2 flags=0xb0cabe45)
06-19 07:20:19.280 I/PackageManager( 1916): Un-granting permission android.permission.MANAGE_DEVICE_ADMINS from package com.google.android.gms (protectionLevel=2 flags=0xb0cabe45)
06-19 07:20:19.280 I/PackageManager( 1916): Un-granting permission android.permission.MANAGE_ACTIVITY_STACKS from package com.google.android.gms (protectionLevel=2 flags=0xb0cabe45)
06-19 07:20:19.280 I/PackageManager( 1916): Un-granting permission android.permission.CAPTURE_SECURE_VIDEO_OUTPUT from package com.google.android.gms (protectionLevel=2 flags=0xb0cabe45)
06-19 07:20:19.280 I/PackageManager( 1916): Un-granting permission android.permission.MANAGE_ROLLBACKS from package com.google.android.gms (protectionLevel=514 flags=0xb0cabe45)
06-19 07:20:19.283 W/PackageManager( 1916): Cannot whitelist unknown permission: android.permission.QUERY_ALL_PACKAGES
06-19 07:20:19.283 W/PackageManager( 1916): Cannot whitelist unknown permission: android.permission.PRE_FACTORY_RESET
06-19 07:20:19.283 W/PackageManager( 1916): Cannot whitelist unknown permission: android.permission.MANAGE_FACTORY_RESET_PROTECTION
06-19 07:20:19.283 W/PackageManager( 1916): Cannot whitelist unknown permission: android.car.permission.CAR_POWER
06-19 07:20:19.283 W/PackageManager( 1916): Cannot whitelist unknown permission: com.google.android.wearable.WRITE_SETTINGS
06-19 07:20:19.283 W/PackageManager( 1916): Cannot whitelist unknown permission: com.felicanetworks.mfc.permission.MFC_ACCESS
06-19 07:20:19.283 W/PackageManager( 1916): Cannot whitelist unknown permission: com.felicanetworks.mfc.mfi.permission.MFI_ACCESS
06-19 07:20:19.283 W/PackageManager( 1916): Cannot whitelist unknown permission: com.google.android.finsky.permission.INSTANT_APP_STATE
06-19 07:20:19.284 W/PackageManager( 1916): Cannot whitelist unknown permission: android.permission.UWB
06-19 07:20:19.284 W/PackageManager( 1916): Cannot whitelist unknown permission: com.google.android.finsky.permission.BIND_GET_INSTALL_REFERRER_SERVICE
06-19 07:20:19.284 W/PackageManager( 1916): Cannot whitelist unknown permission: com.google.android.hangouts.START_HANGOUT
06-19 07:20:19.284 W/PackageManager( 1916): Cannot whitelist unknown permission: android.car.permission.CAR_POWERTRAIN
06-19 07:20:19.284 W/PackageManager( 1916): Cannot whitelist unknown permission: android.car.permission.CAR_ENERGY
06-19 07:20:19.284 W/PackageManager( 1916): Cannot whitelist unknown permission: android.car.permission.CAR_ENERGY_PORTS
06-19 07:20:19.284 W/PackageManager( 1916): Cannot whitelist unknown permission: android.car.permission.CAR_EXTERIOR_LIGHTS
06-19 07:20:19.284 W/PackageManager( 1916): Cannot whitelist unknown permission: android.car.permission.CAR_INFO
06-19 07:20:19.284 W/PackageManager( 1916): Cannot whitelist unknown permission: android.car.permission.CAR_MILEAGE
06-19 07:20:19.284 W/PackageManager( 1916): Cannot whitelist unknown permission: android.car.permission.CAR_TIRES
06-19 07:20:19.284 W/PackageManager( 1916): Cannot whitelist unknown permission: android.car.permission.CONTROL_CAR_CLIMATE
06-19 07:20:19.284 W/PackageManager( 1916): Cannot whitelist unknown permission: android.car.permission.CONTROL_CAR_DOORS
06-19 07:20:19.284 W/PackageManager( 1916): Cannot whitelist unknown permission: android.car.permission.CONTROL_CAR_EXTERIOR_LIGHTS
06-19 07:20:19.285 W/PackageManager( 1916): Cannot whitelist unknown permission: android.car.permission.CONTROL_CAR_MIRRORS
06-19 07:20:19.285 W/PackageManager( 1916): Cannot whitelist unknown permission: android.car.permission.CONTROL_CAR_SEATS
06-19 07:20:19.285 W/PackageManager( 1916): Cannot whitelist unknown permission: android.car.permission.CONTROL_CAR_WINDOWS
06-19 07:20:19.285 W/PackageManager( 1916): Cannot whitelist unknown permission: android.car.permission.READ_CAR_DISPLAY_UNITS
06-19 07:20:19.285 W/PackageManager( 1916): Cannot whitelist unknown permission: com.google.android.finsky.permission.GEARHEAD_SERVICE
06-19 07:20:19.285 W/PackageManager( 1916): Cannot whitelist unknown permission: com.google.android.permission.ACCESSIBILITY_SCAN_SERVICE
06-19 07:20:19.285 W/PackageManager( 1916): Cannot whitelist unknown permission: com.google.android.finsky.permission.ACCESS_INSTANT_APP_NOTIFICATION_ENFORCEMENT
06-19 07:20:19.285 W/PackageManager( 1916): Cannot whitelist unknown permission: com.google.android.clockwork.settings.SHOW_FACTORY_RESET_CONFIRMATION
06-19 07:20:19.285 W/PackageManager( 1916): Cannot whitelist unknown permission: com.google.android.wearable.READ_SETTINGS
06-19 07:20:19.285 W/PackageManager( 1916): Cannot whitelist unknown permission: android.permission.READ_MEDIA_AUDIO
06-19 07:20:19.285 W/PackageManager( 1916): Cannot whitelist unknown permission: android.permission.READ_MEDIA_IMAGES
06-19 07:20:19.285 W/PackageManager( 1916): Cannot whitelist unknown permission: android.permission.READ_MEDIA_VIDEO
06-19 07:20:19.285 W/PackageManager( 1916): Cannot whitelist unknown permission: com.android.vending.setup.PLAY_SETUP_SERVICE
06-19 07:20:19.286 W/PackageManager( 1916): Cannot whitelist unknown permission: com.google.android.gms.game.notifications.permission.WRITE
06-19 07:20:19.286 W/PackageManager( 1916): Cannot whitelist unknown permission: com.google.android.vending.verifier.ACCESS_VERIFIER
06-19 07:20:19.286 I/PackageManager( 1916): Un-granting permission android.permission.CAPTURE_VIDEO_OUTPUT from package com.google.android.gms (protectionLevel=2 flags=0xb0cabe45)
06-19 07:20:19.286 I/PackageManager( 1916): Un-granting permission android.permission.MANAGE_DEVICE_ADMINS from package com.google.android.gms (protectionLevel=2 flags=0xb0cabe45)
06-19 07:20:19.289 I/PackageManager( 1916): Un-granting permission android.permission.MANAGE_ACTIVITY_STACKS from package com.google.android.gms (protectionLevel=2 flags=0xb0cabe45)
06-19 07:20:19.289 I/PackageManager( 1916): Un-granting permission android.permission.CAPTURE_SECURE_VIDEO_OUTPUT from package com.google.android.gms (protectionLevel=2 flags=0xb0cabe45)
06-19 07:20:19.289 I/PackageManager( 1916): Un-granting permission android.permission.MANAGE_ROLLBACKS from package com.google.android.gms (protectionLevel=514 flags=0xb0cabe45)
06-19 07:20:19.293 W/PackageManager( 1916): Cannot whitelist unknown permission: android.permission.QUERY_ALL_PACKAGES
06-19 07:20:19.293 W/PackageManager( 1916): Cannot whitelist unknown permission: android.permission.PRE_FACTORY_RESET
06-19 07:20:19.293 W/PackageManager( 1916): Cannot whitelist unknown permission: android.permission.MANAGE_FACTORY_RESET_PROTECTION
06-19 07:20:19.293 W/PackageManager( 1916): Cannot whitelist unknown permission: android.car.permission.CAR_POWER
06-19 07:20:19.293 W/PackageManager( 1916): Cannot whitelist unknown permission: com.google.android.wearable.WRITE_SETTINGS
06-19 07:20:19.293 W/PackageManager( 1916): Cannot whitelist unknown permission: com.felicanetworks.mfc.permission.MFC_ACCESS
06-19 07:20:19.293 W/PackageManager( 1916): Cannot whitelist unknown permission: com.felicanetworks.mfc.mfi.permission.MFI_ACCESS
06-19 07:20:19.293 W/PackageManager( 1916): Cannot whitelist unknown permission: com.google.android.finsky.permission.INSTANT_APP_STATE
06-19 07:20:19.293 W/PackageManager( 1916): Cannot whitelist unknown permission: android.permission.UWB
06-19 07:20:19.293 W/PackageManager( 1916): Cannot whitelist unknown permission: com.google.android.finsky.permission.BIND_GET_INSTALL_REFERRER_SERVICE
06-19 07:20:19.293 W/PackageManager( 1916): Cannot whitelist unknown permission: com.google.android.hangouts.START_HANGOUT
06-19 07:20:19.294 W/PackageManager( 1916): Cannot whitelist unknown permission: android.car.permission.CAR_POWERTRAIN
06-19 07:20:19.294 W/PackageManager( 1916): Cannot whitelist unknown permission: android.car.permission.CAR_ENERGY
06-19 07:20:19.294 W/PackageManager( 1916): Cannot whitelist unknown permission: android.car.permission.CAR_ENERGY_PORTS
06-19 07:20:19.294 W/PackageManager( 1916): Cannot whitelist unknown permission: android.car.permission.CAR_EXTERIOR_LIGHTS
06-19 07:20:19.294 W/PackageManager( 1916): Cannot whitelist unknown permission: android.car.permission.CAR_INFO
06-19 07:20:19.294 W/PackageManager( 1916): Cannot whitelist unknown permission: android.car.permission.CAR_MILEAGE
06-19 07:20:19.294 W/PackageManager( 1916): Cannot whitelist unknown permission: android.car.permission.CAR_TIRES
06-19 07:20:19.294 W/PackageManager( 1916): Cannot whitelist unknown permission: android.car.permission.CONTROL_CAR_CLIMATE
06-19 07:20:19.294 W/PackageManager( 1916): Cannot whitelist unknown permission: android.car.permission.CONTROL_CAR_DOORS
06-19 07:20:19.294 W/PackageManager( 1916): Cannot whitelist unknown permission: android.car.permission.CONTROL_CAR_EXTERIOR_LIGHTS
06-19 07:20:19.294 W/PackageManager( 1916): Cannot whitelist unknown permission: android.car.permission.CONTROL_CAR_MIRRORS
06-19 07:20:19.294 W/PackageManager( 1916): Cannot whitelist unknown permission: android.car.permission.CONTROL_CAR_SEATS
06-19 07:20:19.294 W/PackageManager( 1916): Cannot whitelist unknown permission: android.car.permission.CONTROL_CAR_WINDOWS
06-19 07:20:19.294 W/PackageManager( 1916): Cannot whitelist unknown permission: android.car.permission.READ_CAR_DISPLAY_UNITS
06-19 07:20:19.294 W/PackageManager( 1916): Cannot whitelist unknown permission: com.google.android.finsky.permission.GEARHEAD_SERVICE
06-19 07:20:19.294 W/PackageManager( 1916): Cannot whitelist unknown permission: com.google.android.permission.ACCESSIBILITY_SCAN_SERVICE
06-19 07:20:19.294 W/PackageManager( 1916): Cannot whitelist unknown permission: com.google.android.finsky.permission.ACCESS_INSTANT_APP_NOTIFICATION_ENFORCEMENT
06-19 07:20:19.294 W/PackageManager( 1916): Cannot whitelist unknown permission: com.google.android.clockwork.settings.SHOW_FACTORY_RESET_CONFIRMATION
06-19 07:20:19.294 W/PackageManager( 1916): Cannot whitelist unknown permission: com.google.android.wearable.READ_SETTINGS
06-19 07:20:19.294 W/PackageManager( 1916): Cannot whitelist unknown permission: android.permission.READ_MEDIA_AUDIO
06-19 07:20:19.294 W/PackageManager( 1916): Cannot whitelist unknown permission: android.permission.READ_MEDIA_IMAGES
06-19 07:20:19.294 W/PackageManager( 1916): Cannot whitelist unknown permission: android.permission.READ_MEDIA_VIDEO
06-19 07:20:19.294 W/PackageManager( 1916): Cannot whitelist unknown permission: com.android.vending.setup.PLAY_SETUP_SERVICE
06-19 07:20:19.294 W/PackageManager( 1916): Cannot whitelist unknown permission: com.google.android.gms.game.notifications.permission.WRITE
06-19 07:20:19.294 W/PackageManager( 1916): Cannot whitelist unknown permission: com.google.android.vending.verifier.ACCESS_VERIFIER
06-19 07:20:19.294 I/PackageManager( 1916): Un-granting permission android.permission.CAPTURE_VIDEO_OUTPUT from package com.google.android.gms (protectionLevel=2 flags=0xb0cabe45)
06-19 07:20:19.294 I/PackageManager( 1916): Un-granting permission android.permission.MANAGE_DEVICE_ADMINS from package com.google.android.gms (protectionLevel=2 flags=0xb0cabe45)
06-19 07:20:19.295 I/PackageManager( 1916): Un-granting permission android.permission.MANAGE_ACTIVITY_STACKS from package com.google.android.gms (protectionLevel=2 flags=0xb0cabe45)
06-19 07:20:19.295 I/PackageManager( 1916): Un-granting permission android.permission.CAPTURE_SECURE_VIDEO_OUTPUT from package com.google.android.gms (protectionLevel=2 flags=0xb0cabe45)
06-19 07:20:19.295 I/PackageManager( 1916): Un-granting permission android.permission.MANAGE_ROLLBACKS from package com.google.android.gms (protectionLevel=514 flags=0xb0cabe45)
06-19 07:20:19.296 W/PackageManager( 1916): Cannot whitelist unknown permission: android.permission.QUERY_ALL_PACKAGES
06-19 07:20:19.296 W/PackageManager( 1916): Cannot whitelist unknown permission: android.permission.PRE_FACTORY_RESET
06-19 07:20:19.296 W/PackageManager( 1916): Cannot whitelist unknown permission: android.permission.MANAGE_FACTORY_RESET_PROTECTION
06-19 07:20:19.296 W/PackageManager( 1916): Cannot whitelist unknown permission: android.car.permission.CAR_POWER
06-19 07:20:19.296 W/PackageManager( 1916): Cannot whitelist unknown permission: com.google.android.wearable.WRITE_SETTINGS
06-19 07:20:19.296 W/PackageManager( 1916): Cannot whitelist unknown permission: com.felicanetworks.mfc.permission.MFC_ACCESS
06-19 07:20:19.296 W/PackageManager( 1916): Cannot whitelist unknown permission: com.felicanetworks.mfc.mfi.permission.MFI_ACCESS
06-19 07:20:19.296 W/PackageManager( 1916): Cannot whitelist unknown permission: com.google.android.finsky.permission.INSTANT_APP_STATE
06-19 07:20:19.296 W/PackageManager( 1916): Cannot whitelist unknown permission: android.permission.UWB
06-19 07:20:19.296 W/PackageManager( 1916): Cannot whitelist unknown permission: com.google.android.finsky.permission.BIND_GET_INSTALL_REFERRER_SERVICE
06-19 07:20:19.296 W/PackageManager( 1916): Cannot whitelist unknown permission: com.google.android.hangouts.START_HANGOUT
06-19 07:20:19.296 W/PackageManager( 1916): Cannot whitelist unknown permission: android.car.permission.CAR_POWERTRAIN
06-19 07:20:19.296 W/PackageManager( 1916): Cannot whitelist unknown permission: android.car.permission.CAR_ENERGY
06-19 07:20:19.296 W/PackageManager( 1916): Cannot whitelist unknown permission: android.car.permission.CAR_ENERGY_PORTS
06-19 07:20:19.296 W/PackageManager( 1916): Cannot whitelist unknown permission: android.car.permission.CAR_EXTERIOR_LIGHTS
06-19 07:20:19.296 W/PackageManager( 1916): Cannot whitelist unknown permission: android.car.permission.CAR_INFO
06-19 07:20:19.296 W/PackageManager( 1916): Cannot whitelist unknown permission: android.car.permission.CAR_MILEAGE
06-19 07:20:19.296 W/PackageManager( 1916): Cannot whitelist unknown permission: android.car.permission.CAR_TIRES
06-19 07:20:19.296 W/PackageManager( 1916): Cannot whitelist unknown permission: android.car.permission.CONTROL_CAR_CLIMATE
06-19 07:20:19.296 W/PackageManager( 1916): Cannot whitelist unknown permission: android.car.permission.CONTROL_CAR_DOORS
06-19 07:20:19.296 W/PackageManager( 1916): Cannot whitelist unknown permission: android.car.permission.CONTROL_CAR_EXTERIOR_LIGHTS
06-19 07:20:19.296 W/PackageManager( 1916): Cannot whitelist unknown permission: android.car.permission.CONTROL_CAR_MIRRORS
06-19 07:20:19.296 W/PackageManager( 1916): Cannot whitelist unknown permission: android.car.permission.CONTROL_CAR_SEATS
06-19 07:20:19.296 W/PackageManager( 1916): Cannot whitelist unknown permission: android.car.permission.CONTROL_CAR_WINDOWS
06-19 07:20:19.296 W/PackageManager( 1916): Cannot whitelist unknown permission: android.car.permission.READ_CAR_DISPLAY_UNITS
06-19 07:20:19.296 W/PackageManager( 1916): Cannot whitelist unknown permission: com.google.android.finsky.permission.GEARHEAD_SERVICE
06-19 07:20:19.296 W/PackageManager( 1916): Cannot whitelist unknown permission: com.google.android.permission.ACCESSIBILITY_SCAN_SERVICE
06-19 07:20:19.297 W/PackageManager( 1916): Cannot whitelist unknown permission: com.google.android.finsky.permission.ACCESS_INSTANT_APP_NOTIFICATION_ENFORCEMENT
06-19 07:20:19.297 W/PackageManager( 1916): Cannot whitelist unknown permission: com.google.android.clockwork.settings.SHOW_FACTORY_RESET_CONFIRMATION
06-19 07:20:19.297 W/PackageManager( 1916): Cannot whitelist unknown permission: com.google.android.wearable.READ_SETTINGS
06-19 07:20:19.297 W/PackageManager( 1916): Cannot whitelist unknown permission: android.permission.READ_MEDIA_AUDIO
06-19 07:20:19.297 W/PackageManager( 1916): Cannot whitelist unknown permission: android.permission.READ_MEDIA_IMAGES
06-19 07:20:19.297 W/PackageManager( 1916): Cannot whitelist unknown permission: android.permission.READ_MEDIA_VIDEO
06-19 07:20:19.297 W/PackageManager( 1916): Cannot whitelist unknown permission: com.android.vending.setup.PLAY_SETUP_SERVICE
06-19 07:20:19.297 W/PackageManager( 1916): Cannot whitelist unknown permission: com.google.android.gms.game.notifications.permission.WRITE
06-19 07:20:19.297 W/PackageManager( 1916): Cannot whitelist unknown permission: com.google.android.vending.verifier.ACCESS_VERIFIER
06-19 07:20:19.297 I/PackageManager( 1916): Un-granting permission android.permission.CAPTURE_VIDEO_OUTPUT from package com.google.android.gms (protectionLevel=2 flags=0xb0cabe45)
06-19 07:20:19.297 I/PackageManager( 1916): Un-granting permission android.permission.MANAGE_DEVICE_ADMINS from package com.google.android.gms (protectionLevel=2 flags=0xb0cabe45)
06-19 07:20:19.297 I/PackageManager( 1916): Un-granting permission android.permission.MANAGE_ACTIVITY_STACKS from package com.google.android.gms (protectionLevel=2 flags=0xb0cabe45)
06-19 07:20:19.297 I/PackageManager( 1916): Un-granting permission android.permission.CAPTURE_SECURE_VIDEO_OUTPUT from package com.google.android.gms (protectionLevel=2 flags=0xb0cabe45)
06-19 07:20:19.297 I/PackageManager( 1916): Un-granting permission android.permission.MANAGE_ROLLBACKS from package com.google.android.gms (protectionLevel=514 flags=0xb0cabe45)
06-19 07:20:19.297 I/OMXClient( 1916): IOmx service obtained
06-19 07:20:19.298 I/OMXMaster( 1782): makeComponentInstance(OMX.google.vorbis.decoder) in android.hardwar process
