06-19 07:20:19.299 E/OMXNodeInstance( 1782): getConfig(0xee13c180:google.vorbis.decoder, ConfigAndroidVendorExtension(0x6f100004)) ERROR: Undefined(0x80001001)
06-19 07:20:19.299 W/PackageManager( 1916): Cannot whitelist unknown permission: android.permission.QUERY_ALL_PACKAGES
06-19 07:20:19.299 W/PackageManager( 1916): Cannot whitelist unknown permission: android.permission.PRE_FACTORY_RESET
06-19 07:20:19.300 W/PackageManager( 1916): Cannot whitelist unknown permission: android.permission.MANAGE_FACTORY_RESET_PROTECTION
06-19 07:20:19.300 W/PackageManager( 1916): Cannot whitelist unknown permission: android.car.permission.CAR_POWER
06-19 07:20:19.300 W/PackageManager( 1916): Cannot whitelist unknown permission: com.google.android.wearable.WRITE_SETTINGS
06-19 07:20:19.300 W/PackageManager( 1916): Cannot whitelist unknown permission: com.felicanetworks.mfc.permission.MFC_ACCESS
06-19 07:20:19.300 W/PackageManager( 1916): Cannot whitelist unknown permission: com.felicanetworks.mfc.mfi.permission.MFI_ACCESS
06-19 07:20:19.300 W/PackageManager( 1916): Cannot whitelist unknown permission: com.google.android.finsky.permission.INSTANT_APP_STATE
06-19 07:20:19.301 W/PackageManager( 1916): Cannot whitelist unknown permission: android.permission.UWB
06-19 07:20:19.301 W/PackageManager( 1916): Cannot whitelist unknown permission: com.google.android.finsky.permission.BIND_GET_INSTALL_REFERRER_SERVICE
06-19 07:20:19.301 W/PackageManager( 1916): Cannot whitelist unknown permission: com.google.android.hangouts.START_HANGOUT
06-19 07:20:19.301 W/PackageManager( 1916): Cannot whitelist unknown permission: android.car.permission.CAR_POWERTRAIN
06-19 07:20:19.301 W/PackageManager( 1916): Cannot whitelist unknown permission: android.car.permission.CAR_ENERGY
06-19 07:20:19.301 W/PackageManager( 1916): Cannot whitelist unknown permission: android.car.permission.CAR_ENERGY_PORTS
06-19 07:20:19.301 W/PackageManager( 1916): Cannot whitelist unknown permission: android.car.permission.CAR_EXTERIOR_LIGHTS
06-19 07:20:19.301 W/PackageManager( 1916): Cannot whitelist unknown permission: android.car.permission.CAR_INFO
06-19 07:20:19.301 W/PackageManager( 1916): Cannot whitelist unknown permission: android.car.permission.CAR_MILEAGE
06-19 07:20:19.301 W/PackageManager( 1916): Cannot whitelist unknown permission: android.car.permission.CAR_TIRES
06-19 07:20:19.301 W/PackageManager( 1916): Cannot whitelist unknown permission: android.car.permission.CONTROL_CAR_CLIMATE
06-19 07:20:19.301 W/PackageManager( 1916): Cannot whitelist unknown permission: android.car.permission.CONTROL_CAR_DOORS
06-19 07:20:19.302 W/PackageManager( 1916): Cannot whitelist unknown permission: android.car.permission.CONTROL_CAR_EXTERIOR_LIGHTS
06-19 07:20:19.302 W/PackageManager( 1916): Cannot whitelist unknown permission: android.car.permission.CONTROL_CAR_MIRRORS
06-19 07:20:19.302 W/PackageManager( 1916): Cannot whitelist unknown permission: android.car.permission.CONTROL_CAR_SEATS
06-19 07:20:19.302 W/PackageManager( 1916): Cannot whitelist unknown permission: android.car.permission.CONTROL_CAR_WINDOWS
06-19 07:20:19.302 W/PackageManager( 1916): Cannot whitelist unknown permission: android.car.permission.READ_CAR_DISPLAY_UNITS
06-19 07:20:19.302 W/PackageManager( 1916): Cannot whitelist unknown permission: com.google.android.finsky.permission.GEARHEAD_SERVICE
06-19 07:20:19.302 W/PackageManager( 1916): Cannot whitelist unknown permission: com.google.android.permission.ACCESSIBILITY_SCAN_SERVICE
06-19 07:20:19.302 W/PackageManager( 1916): Cannot whitelist unknown permission: com.google.android.finsky.permission.ACCESS_INSTANT_APP_NOTIFICATION_ENFORCEMENT
06-19 07:20:19.302 W/PackageManager( 1916): Cannot whitelist unknown permission: com.google.android.clockwork.settings.SHOW_FACTORY_RESET_CONFIRMATION
06-19 07:20:19.302 W/PackageManager( 1916): Cannot whitelist unknown permission: com.google.android.wearable.READ_SETTINGS
06-19 07:20:19.302 W/PackageManager( 1916): Cannot whitelist unknown permission: android.permission.READ_MEDIA_AUDIO
06-19 07:20:19.302 W/PackageManager( 1916): Cannot whitelist unknown permission: android.permission.READ_MEDIA_IMAGES
06-19 07:20:19.302 W/PackageManager( 1916): Cannot whitelist unknown permission: android.permission.READ_MEDIA_VIDEO
06-19 07:20:19.302 W/PackageManager( 1916): Cannot whitelist unknown permission: com.android.vending.setup.PLAY_SETUP_SERVICE
06-19 07:20:19.302 W/PackageManager( 1916): Cannot whitelist unknown permission: com.google.android.gms.game.notifications.permission.WRITE
06-19 07:20:19.302 W/PackageManager( 1916): Cannot whitelist unknown permission: com.google.android.vending.verifier.ACCESS_VERIFIER
06-19 07:20:19.302 I/PackageManager( 1916): Un-granting permission android.permission.CAPTURE_VIDEO_OUTPUT from package com.google.android.gms (protectionLevel=2 flags=0xb0cabe45)
06-19 07:20:19.302 I/PackageManager( 1916): Un-granting permission android.permission.MANAGE_DEVICE_ADMINS from package com.google.android.gms (protectionLevel=2 flags=0xb0cabe45)
06-19 07:20:19.302 I/PackageManager( 1916): Un-granting permission android.permission.MANAGE_ACTIVITY_STACKS from package com.google.android.gms (protectionLevel=2 flags=0xb0cabe45)
06-19 07:20:19.302 I/PackageManager( 1916): Un-granting permission android.permission.CAPTURE_SECURE_VIDEO_OUTPUT from package com.google.android.gms (protectionLevel=2 flags=0xb0cabe45)
06-19 07:20:19.302 I/PackageManager( 1916): Un-granting permission android.permission.MANAGE_ROLLBACKS from package com.google.android.gms (protectionLevel=514 flags=0xb0cabe45)
06-19 07:20:19.303 W/PackageManager( 1916): Cannot whitelist unknown permission: android.permission.QUERY_ALL_PACKAGES
06-19 07:20:19.303 W/PackageManager( 1916): Cannot whitelist unknown permission: android.permission.PRE_FACTORY_RESET
06-19 07:20:19.303 W/PackageManager( 1916): Cannot whitelist unknown permission: android.permission.MANAGE_FACTORY_RESET_PROTECTION
06-19 07:20:19.303 W/PackageManager( 1916): Cannot whitelist unknown permission: android.car.permission.CAR_POWER
06-19 07:20:19.303 W/PackageManager( 1916): Cannot whitelist unknown permission: com.google.android.wearable.WRITE_SETTINGS
06-19 07:20:19.304 W/PackageManager( 1916): Cannot whitelist unknown permission: com.felicanetworks.mfc.permission.MFC_ACCESS
06-19 07:20:19.304 W/PackageManager( 1916): Cannot whitelist unknown permission: com.felicanetworks.mfc.mfi.permission.MFI_ACCESS
06-19 07:20:19.304 W/PackageManager( 1916): Cannot whitelist unknown permission: com.google.android.finsky.permission.INSTANT_APP_STATE
06-19 07:20:19.304 W/PackageManager( 1916): Cannot whitelist unknown permission: android.permission.UWB
06-19 07:20:19.304 W/PackageManager( 1916): Cannot whitelist unknown permission: com.google.android.finsky.permission.BIND_GET_INSTALL_REFERRER_SERVICE
06-19 07:20:19.304 W/PackageManager( 1916): Cannot whitelist unknown permission: com.google.android.hangouts.START_HANGOUT
06-19 07:20:19.304 W/PackageManager( 1916): Cannot whitelist unknown permission: android.car.permission.CAR_POWERTRAIN
06-19 07:20:19.304 W/PackageManager( 1916): Cannot whitelist unknown permission: android.car.permission.CAR_ENERGY
06-19 07:20:19.304 W/PackageManager( 1916): Cannot whitelist unknown permission: android.car.permission.CAR_ENERGY_PORTS
06-19 07:20:19.304 W/PackageManager( 1916): Cannot whitelist unknown permission: android.car.permission.CAR_EXTERIOR_LIGHTS
06-19 07:20:19.304 W/PackageManager( 1916): Cannot whitelist unknown permission: android.car.permission.CAR_INFO
06-19 07:20:19.304 W/PackageManager( 1916): Cannot whitelist unknown permission: android.car.permission.CAR_MILEAGE
06-19 07:20:19.304 W/PackageManager( 1916): Cannot whitelist unknown permission: android.car.permission.CAR_TIRES
06-19 07:20:19.304 W/PackageManager( 1916): Cannot whitelist unknown permission: android.car.permission.CONTROL_CAR_CLIMATE
06-19 07:20:19.304 W/PackageManager( 1916): Cannot whitelist unknown permission: android.car.permission.CONTROL_CAR_DOORS
06-19 07:20:19.304 W/PackageManager( 1916): Cannot whitelist unknown permission: android.car.permission.CONTROL_CAR_EXTERIOR_LIGHTS
06-19 07:20:19.304 W/PackageManager( 1916): Cannot whitelist unknown permission: android.car.permission.CONTROL_CAR_MIRRORS
06-19 07:20:19.304 W/PackageManager( 1916): Cannot whitelist unknown permission: android.car.permission.CONTROL_CAR_SEATS
06-19 07:20:19.304 W/PackageManager( 1916): Cannot whitelist unknown permission: android.car.permission.CONTROL_CAR_WINDOWS
06-19 07:20:19.304 W/PackageManager( 1916): Cannot whitelist unknown permission: android.car.permission.READ_CAR_DISPLAY_UNITS
06-19 07:20:19.304 W/PackageManager( 1916): Cannot whitelist unknown permission: com.google.android.finsky.permission.GEARHEAD_SERVICE
06-19 07:20:19.304 W/PackageManager( 1916): Cannot whitelist unknown permission: com.google.android.permission.ACCESSIBILITY_SCAN_SERVICE
06-19 07:20:19.304 W/PackageManager( 1916): Cannot whitelist unknown permission: com.google.android.finsky.permission.ACCESS_INSTANT_APP_NOTIFICATION_ENFORCEMENT
06-19 07:20:19.304 W/PackageManager( 1916): Cannot whitelist unknown permission: com.google.android.clockwork.settings.SHOW_FACTORY_RESET_CONFIRMATION
06-19 07:20:19.304 W/PackageManager( 1916): Cannot whitelist unknown permission: com.google.android.wearable.READ_SETTINGS
06-19 07:20:19.304 W/PackageManager( 1916): Cannot whitelist unknown permission: android.permission.READ_MEDIA_AUDIO
06-19 07:20:19.304 W/PackageManager( 1916): Cannot whitelist unknown permission: android.permission.READ_MEDIA_IMAGES
06-19 07:20:19.304 W/PackageManager( 1916): Cannot whitelist unknown permission: android.permission.READ_MEDIA_VIDEO
06-19 07:20:19.304 W/PackageManager( 1916): Cannot whitelist unknown permission: com.android.vending.setup.PLAY_SETUP_SERVICE
06-19 07:20:19.304 W/PackageManager( 1916): Cannot whitelist unknown permission: com.google.android.gms.game.notifications.permission.WRITE
06-19 07:20:19.304 W/PackageManager( 1916): Cannot whitelist unknown permission: com.google.android.vending.verifier.ACCESS_VERIFIER
06-19 07:20:19.304 I/PackageManager( 1916): Un-granting permission android.permission.CAPTURE_VIDEO_OUTPUT from package com.google.android.gms (protectionLevel=2 flags=0xb0cabe45)
06-19 07:20:19.304 I/PackageManager( 1916): Un-granting permission android.permission.MANAGE_DEVICE_ADMINS from package com.google.android.gms (protectionLevel=2 flags=0xb0cabe45)
06-19 07:20:19.305 I/PackageManager( 1916): Un-granting permission android.permission.MANAGE_ACTIVITY_STACKS from package com.google.android.gms (protectionLevel=2 flags=0xb0cabe45)
06-19 07:20:19.305 I/PackageManager( 1916): Un-granting permission android.permission.CAPTURE_SECURE_VIDEO_OUTPUT from package com.google.android.gms (protectionLevel=2 flags=0xb0cabe45)
06-19 07:20:19.305 I/PackageManager( 1916): Un-granting permission android.permission.MANAGE_ROLLBACKS from package com.google.android.gms (protectionLevel=514 flags=0xb0cabe45)
06-19 07:20:19.308 W/PackageManager( 1916): Cannot whitelist unknown permission: android.permission.QUERY_ALL_PACKAGES
06-19 07:20:19.308 W/PackageManager( 1916): Cannot whitelist unknown permission: android.permission.PRE_FACTORY_RESET
06-19 07:20:19.308 W/PackageManager( 1916): Cannot whitelist unknown permission: android.permission.MANAGE_FACTORY_RESET_PROTECTION
06-19 07:20:19.308 W/PackageManager( 1916): Cannot whitelist unknown permission: android.car.permission.CAR_POWER
06-19 07:20:19.308 W/PackageManager( 1916): Cannot whitelist unknown permission: com.google.android.wearable.WRITE_SETTINGS
06-19 07:20:19.308 W/PackageManager( 1916): Cannot whitelist unknown permission: com.felicanetworks.mfc.permission.MFC_ACCESS
06-19 07:20:19.308 W/PackageManager( 1916): Cannot whitelist unknown permission: com.felicanetworks.mfc.mfi.permission.MFI_ACCESS
06-19 07:20:19.308 W/PackageManager( 1916): Cannot whitelist unknown permission: com.google.android.finsky.permission.INSTANT_APP_STATE
06-19 07:20:19.308 W/PackageManager( 1916): Cannot whitelist unknown permission: android.permission.UWB
06-19 07:20:19.309 W/PackageManager( 1916): Cannot whitelist unknown permission: com.google.android.finsky.permission.BIND_GET_INSTALL_REFERRER_SERVICE
06-19 07:20:19.309 W/PackageManager( 1916): Cannot whitelist unknown permission: com.google.android.hangouts.START_HANGOUT
06-19 07:20:19.309 W/PackageManager( 1916): Cannot whitelist unknown permission: android.car.permission.CAR_POWERTRAIN
06-19 07:20:19.309 W/PackageManager( 1916): Cannot whitelist unknown permission: android.car.permission.CAR_ENERGY
06-19 07:20:19.309 W/PackageManager( 1916): Cannot whitelist unknown permission: android.car.permission.CAR_ENERGY_PORTS
06-19 07:20:19.309 W/PackageManager( 1916): Cannot whitelist unknown permission: android.car.permission.CAR_EXTERIOR_LIGHTS
06-19 07:20:19.309 W/PackageManager( 1916): Cannot whitelist unknown permission: android.car.permission.CAR_INFO
06-19 07:20:19.309 W/PackageManager( 1916): Cannot whitelist unknown permission: android.car.permission.CAR_MILEAGE
06-19 07:20:19.309 W/PackageManager( 1916): Cannot whitelist unknown permission: android.car.permission.CAR_TIRES
06-19 07:20:19.309 W/PackageManager( 1916): Cannot whitelist unknown permission: android.car.permission.CONTROL_CAR_CLIMATE
06-19 07:20:19.309 W/PackageManager( 1916): Cannot whitelist unknown permission: android.car.permission.CONTROL_CAR_DOORS
06-19 07:20:19.309 W/PackageManager( 1916): Cannot whitelist unknown permission: android.car.permission.CONTROL_CAR_EXTERIOR_LIGHTS
06-19 07:20:19.309 W/PackageManager( 1916): Cannot whitelist unknown permission: android.car.permission.CONTROL_CAR_MIRRORS
06-19 07:20:19.309 W/PackageManager( 1916): Cannot whitelist unknown permission: android.car.permission.CONTROL_CAR_SEATS
06-19 07:20:19.309 W/PackageManager( 1916): Cannot whitelist unknown permission: android.car.permission.CONTROL_CAR_WINDOWS
06-19 07:20:19.309 W/PackageManager( 1916): Cannot whitelist unknown permission: android.car.permission.READ_CAR_DISPLAY_UNITS
06-19 07:20:19.309 W/PackageManager( 1916): Cannot whitelist unknown permission: com.google.android.finsky.permission.GEARHEAD_SERVICE
06-19 07:20:19.309 W/PackageManager( 1916): Cannot whitelist unknown permission: com.google.android.permission.ACCESSIBILITY_SCAN_SERVICE
06-19 07:20:19.309 W/PackageManager( 1916): Cannot whitelist unknown permission: com.google.android.finsky.permission.ACCESS_INSTANT_APP_NOTIFICATION_ENFORCEMENT
06-19 07:20:19.309 W/PackageManager( 1916): Cannot whitelist unknown permission: com.google.android.clockwork.settings.SHOW_FACTORY_RESET_CONFIRMATION
06-19 07:20:19.309 W/PackageManager( 1916): Cannot whitelist unknown permission: com.google.android.wearable.READ_SETTINGS
06-19 07:20:19.309 W/PackageManager( 1916): Cannot whitelist unknown permission: android.permission.READ_MEDIA_AUDIO
06-19 07:20:19.309 W/PackageManager( 1916): Cannot whitelist unknown permission: android.permission.READ_MEDIA_IMAGES
06-19 07:20:19.309 W/PackageManager( 1916): Cannot whitelist unknown permission: android.permission.READ_MEDIA_VIDEO
06-19 07:20:19.309 W/PackageManager( 1916): Cannot whitelist unknown permission: com.android.vending.setup.PLAY_SETUP_SERVICE
06-19 07:20:19.309 W/PackageManager( 1916): Cannot whitelist unknown permission: com.google.android.gms.game.notifications.permission.WRITE
06-19 07:20:19.309 W/PackageManager( 1916): Cannot whitelist unknown permission: com.google.android.vending.verifier.ACCESS_VERIFIER
06-19 07:20:19.309 I/PackageManager( 1916): Un-granting permission android.permission.CAPTURE_VIDEO_OUTPUT from package com.google.android.gms (protectionLevel=2 flags=0xb0cabe45)
06-19 07:20:19.309 I/PackageManager( 1916): Un-granting permission android.permission.MANAGE_DEVICE_ADMINS from package com.google.android.gms (protectionLevel=2 flags=0xb0cabe45)
06-19 07:20:19.309 I/PackageManager( 1916): Un-granting permission android.permission.MANAGE_ACTIVITY_STACKS from package com.google.android.gms (protectionLevel=2 flags=0xb0cabe45)
06-19 07:20:19.309 I/PackageManager( 1916): Un-granting permission android.permission.CAPTURE_SECURE_VIDEO_OUTPUT from package com.google.android.gms (protectionLevel=2 flags=0xb0cabe45)
06-19 07:20:19.309 I/PackageManager( 1916): Un-granting permission android.permission.MANAGE_ROLLBACKS from package com.google.android.gms (protectionLevel=514 flags=0xb0cabe45)
06-19 07:20:19.310 W/PackageManager( 1916): Cannot whitelist unknown permission: android.permission.QUERY_ALL_PACKAGES
06-19 07:20:19.310 W/PackageManager( 1916): Cannot whitelist unknown permission: android.permission.PRE_FACTORY_RESET
06-19 07:20:19.310 W/PackageManager( 1916): Cannot whitelist unknown permission: android.permission.MANAGE_FACTORY_RESET_PROTECTION
06-19 07:20:19.310 W/PackageManager( 1916): Cannot whitelist unknown permission: android.car.permission.CAR_POWER
06-19 07:20:19.310 W/PackageManager( 1916): Cannot whitelist unknown permission: com.google.android.wearable.WRITE_SETTINGS
06-19 07:20:19.310 W/PackageManager( 1916): Cannot whitelist unknown permission: com.felicanetworks.mfc.permission.MFC_ACCESS
06-19 07:20:19.310 W/PackageManager( 1916): Cannot whitelist unknown permission: com.felicanetworks.mfc.mfi.permission.MFI_ACCESS
06-19 07:20:19.310 W/PackageManager( 1916): Cannot whitelist unknown permission: com.google.android.finsky.permission.INSTANT_APP_STATE
06-19 07:20:19.310 W/PackageManager( 1916): Cannot whitelist unknown permission: android.permission.UWB
06-19 07:20:19.310 W/PackageManager( 1916): Cannot whitelist unknown permission: com.google.android.finsky.permission.BIND_GET_INSTALL_REFERRER_SERVICE
06-19 07:20:19.310 W/PackageManager( 1916): Cannot whitelist unknown permission: com.google.android.hangouts.START_HANGOUT
06-19 07:20:19.310 W/PackageManager( 1916): Cannot whitelist unknown permission: android.car.permission.CAR_POWERTRAIN
06-19 07:20:19.310 W/PackageManager( 1916): Cannot whitelist unknown permission: android.car.permission.CAR_ENERGY
06-19 07:20:19.310 W/PackageManager( 1916): Cannot whitelist unknown permission: android.car.permission.CAR_ENERGY_PORTS
06-19 07:20:19.310 W/PackageManager( 1916): Cannot whitelist unknown permission: android.car.permission.CAR_EXTERIOR_LIGHTS
06-19 07:20:19.310 W/PackageManager( 1916): Cannot whitelist unknown permission: android.car.permission.CAR_INFO
06-19 07:20:19.310 W/PackageManager( 1916): Cannot whitelist unknown permission: android.car.permission.CAR_MILEAGE
06-19 07:20:19.310 W/PackageManager( 1916): Cannot whitelist unknown permission: android.car.permission.CAR_TIRES
06-19 07:20:19.310 W/PackageManager( 1916): Cannot whitelist unknown permission: android.car.permission.CONTROL_CAR_CLIMATE
06-19 07:20:19.310 W/PackageManager( 1916): Cannot whitelist unknown permission: android.car.permission.CONTROL_CAR_DOORS
06-19 07:20:19.310 W/PackageManager( 1916): Cannot whitelist unknown permission: android.car.permission.CONTROL_CAR_EXTERIOR_LIGHTS
06-19 07:20:19.310 W/PackageManager( 1916): Cannot whitelist unknown permission: android.car.permission.CONTROL_CAR_MIRRORS
06-19 07:20:19.310 W/PackageManager( 1916): Cannot whitelist unknown permission: android.car.permission.CONTROL_CAR_SEATS
06-19 07:20:19.310 W/PackageManager( 1916): Cannot whitelist unknown permission: android.car.permission.CONTROL_CAR_WINDOWS
06-19 07:20:19.310 W/PackageManager( 1916): Cannot whitelist unknown permission: android.car.permission.READ_CAR_DISPLAY_UNITS
06-19 07:20:19.310 W/PackageManager( 1916): Cannot whitelist unknown permission: com.google.android.finsky.permission.GEARHEAD_SERVICE
06-19 07:20:19.310 W/PackageManager( 1916): Cannot whitelist unknown permission: com.google.android.permission.ACCESSIBILITY_SCAN_SERVICE
06-19 07:20:19.310 W/PackageManager( 1916): Cannot whitelist unknown permission: com.google.android.finsky.permission.ACCESS_INSTANT_APP_NOTIFICATION_ENFORCEMENT
06-19 07:20:19.310 W/PackageManager( 1916): Cannot whitelist unknown permission: com.google.android.clockwork.settings.SHOW_FACTORY_RESET_CONFIRMATION
06-19 07:20:19.310 W/PackageManager( 1916): Cannot whitelist unknown permission: com.google.android.wearable.READ_SETTINGS
06-19 07:20:19.310 W/PackageManager( 1916): Cannot whitelist unknown permission: android.permission.READ_MEDIA_AUDIO
06-19 07:20:19.310 W/PackageManager( 1916): Cannot whitelist unknown permission: android.permission.READ_MEDIA_IMAGES
06-19 07:20:19.310 W/PackageManager( 1916): Cannot whitelist unknown permission: android.permission.READ_MEDIA_VIDEO
06-19 07:20:19.310 W/PackageManager( 1916): Cannot whitelist unknown permission: com.android.vending.setup.PLAY_SETUP_SERVICE
06-19 07:20:19.310 W/PackageManager( 1916): Cannot whitelist unknown permission: com.google.android.gms.game.notifications.permission.WRITE
06-19 07:20:19.310 W/PackageManager( 1916): Cannot whitelist unknown permission: com.google.android.vending.verifier.ACCESS_VERIFIER
06-19 07:20:19.310 I/PackageManager( 1916): Un-granting permission android.permission.CAPTURE_VIDEO_OUTPUT from package com.google.android.gms (protectionLevel=2 flags=0xb0cabe45)
06-19 07:20:19.310 I/PackageManager( 1916): Un-granting permission android.permission.MANAGE_DEVICE_ADMINS from package com.google.android.gms (protectionLevel=2 flags=0xb0cabe45)
06-19 07:20:19.310 I/PackageManager( 1916): Un-granting permission android.permission.MANAGE_ACTIVITY_STACKS from package com.google.android.gms (protectionLevel=2 flags=0xb0cabe45)
06-19 07:20:19.310 I/PackageManager( 1916): Un-granting permission android.permission.CAPTURE_SECURE_VIDEO_OUTPUT from package com.google.android.gms (protectionLevel=2 flags=0xb0cabe45)
06-19 07:20:19.311 I/PackageManager( 1916): Un-granting permission android.permission.MANAGE_ROLLBACKS from package com.google.android.gms (protectionLevel=514 flags=0xb0cabe45)
06-19 07:20:19.326 W/PackageManager( 1916): Cannot whitelist unknown permission: android.permission.QUERY_ALL_PACKAGES
06-19 07:20:19.326 W/PackageManager( 1916): Cannot whitelist unknown permission: android.permission.PRE_FACTORY_RESET
06-19 07:20:19.326 W/PackageManager( 1916): Cannot whitelist unknown permission: android.permission.MANAGE_FACTORY_RESET_PROTECTION
06-19 07:20:19.326 W/PackageManager( 1916): Cannot whitelist unknown permission: android.car.permission.CAR_POWER
06-19 07:20:19.326 W/PackageManager( 1916): Cannot whitelist unknown permission: com.google.android.wearable.WRITE_SETTINGS
06-19 07:20:19.326 W/PackageManager( 1916): Cannot whitelist unknown permission: com.felicanetworks.mfc.permission.MFC_ACCESS
06-19 07:20:19.326 W/PackageManager( 1916): Cannot whitelist unknown permission: com.felicanetworks.mfc.mfi.permission.MFI_ACCESS
06-19 07:20:19.326 W/PackageManager( 1916): Cannot whitelist unknown permission: com.google.android.finsky.permission.INSTANT_APP_STATE
06-19 07:20:19.326 W/PackageManager( 1916): Cannot whitelist unknown permission: android.permission.UWB
06-19 07:20:19.326 W/PackageManager( 1916): Cannot whitelist unknown permission: com.google.android.finsky.permission.BIND_GET_INSTALL_REFERRER_SERVICE
06-19 07:20:19.326 W/PackageManager( 1916): Cannot whitelist unknown permission: com.google.android.hangouts.START_HANGOUT
06-19 07:20:19.326 W/PackageManager( 1916): Cannot whitelist unknown permission: android.car.permission.CAR_POWERTRAIN
06-19 07:20:19.326 W/PackageManager( 1916): Cannot whitelist unknown permission: android.car.permission.CAR_ENERGY
06-19 07:20:19.326 W/PackageManager( 1916): Cannot whitelist unknown permission: android.car.permission.CAR_ENERGY_PORTS
06-19 07:20:19.326 W/PackageManager( 1916): Cannot whitelist unknown permission: android.car.permission.CAR_EXTERIOR_LIGHTS
06-19 07:20:19.326 W/PackageManager( 1916): Cannot whitelist unknown permission: android.car.permission.CAR_INFO
06-19 07:20:19.326 W/PackageManager( 1916): Cannot whitelist unknown permission: android.car.permission.CAR_MILEAGE
06-19 07:20:19.326 W/PackageManager( 1916): Cannot whitelist unknown permission: android.car.permission.CAR_TIRES
06-19 07:20:19.326 W/PackageManager( 1916): Cannot whitelist unknown permission: android.car.permission.CONTROL_CAR_CLIMATE
06-19 07:20:19.326 W/PackageManager( 1916): Cannot whitelist unknown permission: android.car.permission.CONTROL_CAR_DOORS
06-19 07:20:19.326 W/PackageManager( 1916): Cannot whitelist unknown permission: android.car.permission.CONTROL_CAR_EXTERIOR_LIGHTS
06-19 07:20:19.326 W/PackageManager( 1916): Cannot whitelist unknown permission: android.car.permission.CONTROL_CAR_MIRRORS
06-19 07:20:19.327 W/PackageManager( 1916): Cannot whitelist unknown permission: android.car.permission.CONTROL_CAR_SEATS
06-19 07:20:19.327 W/PackageManager( 1916): Cannot whitelist unknown permission: android.car.permission.CONTROL_CAR_WINDOWS
06-19 07:20:19.327 W/PackageManager( 1916): Cannot whitelist unknown permission: android.car.permission.READ_CAR_DISPLAY_UNITS
06-19 07:20:19.327 W/PackageManager( 1916): Cannot whitelist unknown permission: com.google.android.finsky.permission.GEARHEAD_SERVICE
06-19 07:20:19.327 W/PackageManager( 1916): Cannot whitelist unknown permission: com.google.android.permission.ACCESSIBILITY_SCAN_SERVICE
06-19 07:20:19.327 W/PackageManager( 1916): Cannot whitelist unknown permission: com.google.android.finsky.permission.ACCESS_INSTANT_APP_NOTIFICATION_ENFORCEMENT
06-19 07:20:19.327 W/PackageManager( 1916): Cannot whitelist unknown permission: com.google.android.clockwork.settings.SHOW_FACTORY_RESET_CONFIRMATION
06-19 07:20:19.327 W/PackageManager( 1916): Cannot whitelist unknown permission: com.google.android.wearable.READ_SETTINGS
06-19 07:20:19.327 W/PackageManager( 1916): Cannot whitelist unknown permission: android.permission.READ_MEDIA_AUDIO
06-19 07:20:19.327 W/PackageManager( 1916): Cannot whitelist unknown permission: android.permission.READ_MEDIA_IMAGES
06-19 07:20:19.327 W/PackageManager( 1916): Cannot whitelist unknown permission: android.permission.READ_MEDIA_VIDEO
06-19 07:20:19.327 W/PackageManager( 1916): Cannot whitelist unknown permission: com.android.vending.setup.PLAY_SETUP_SERVICE
06-19 07:20:19.327 W/PackageManager( 1916): Cannot whitelist unknown permission: com.google.android.gms.game.notifications.permission.WRITE
06-19 07:20:19.327 W/PackageManager( 1916): Cannot whitelist unknown permission: com.google.android.vending.verifier.ACCESS_VERIFIER
06-19 07:20:19.327 I/PackageManager( 1916): Un-granting permission android.permission.CAPTURE_VIDEO_OUTPUT from package com.google.android.gms (protectionLevel=2 flags=0xb0cabe45)
06-19 07:20:19.327 I/PackageManager( 1916): Un-granting permission android.permission.MANAGE_DEVICE_ADMINS from package com.google.android.gms (protectionLevel=2 flags=0xb0cabe45)
06-19 07:20:19.327 I/PackageManager( 1916): Un-granting permission android.permission.MANAGE_ACTIVITY_STACKS from package com.google.android.gms (protectionLevel=2 flags=0xb0cabe45)
06-19 07:20:19.327 I/PackageManager( 1916): Un-granting permission android.permission.CAPTURE_SECURE_VIDEO_OUTPUT from package com.google.android.gms (protectionLevel=2 flags=0xb0cabe45)
06-19 07:20:19.327 I/PackageManager( 1916): Un-granting permission android.permission.MANAGE_ROLLBACKS from package com.google.android.gms (protectionLevel=514 flags=0xb0cabe45)
06-19 07:20:19.345 W/PackageManager( 1916): Cannot whitelist unknown permission: android.permission.ADD_VOICEMAIL
06-19 07:20:19.345 W/PackageManager( 1916): Cannot whitelist unknown permission: com.google.android.apps.messaging.services.ACCESS_JIBESERVICE
06-19 07:20:19.345 W/PackageManager( 1916): Cannot whitelist unknown permission: android.permission.ADD_VOICEMAIL
06-19 07:20:19.345 W/PackageManager( 1916): Cannot whitelist unknown permission: com.google.android.apps.messaging.services.ACCESS_JIBESERVICE
06-19 07:20:19.346 I/OMXClient( 1916): IOmx service obtained
06-19 07:20:19.346 I/OMXMaster( 1782): makeComponentInstance(OMX.google.vorbis.decoder) in android.hardwar process
06-19 07:20:19.347 E/OMXNodeInstance( 1782): getConfig(0xee13c180:google.vorbis.decoder, ConfigAndroidVendorExtension(0x6f100004)) ERROR: Undefined(0x80001001)
06-19 07:20:19.348 W/PackageManager( 1916): Cannot whitelist unknown permission: android.permission.ADD_VOICEMAIL
06-19 07:20:19.348 W/PackageManager( 1916): Cannot whitelist unknown permission: com.google.android.apps.messaging.services.ACCESS_JIBESERVICE
06-19 07:20:19.351 W/PackageManager( 1916): Cannot whitelist unknown permission: android.permission.ADD_VOICEMAIL
06-19 07:20:19.351 W/PackageManager( 1916): Cannot whitelist unknown permission: com.google.android.apps.messaging.services.ACCESS_JIBESERVICE
06-19 07:20:19.352 W/PackageManager( 1916): Cannot whitelist unknown permission: android.permission.ADD_VOICEMAIL
06-19 07:20:19.352 W/PackageManager( 1916): Cannot whitelist unknown permission: com.google.android.apps.messaging.services.ACCESS_JIBESERVICE
06-19 07:20:19.355 I/PackageManager( 1916): Un-granting permission com.google.android.googleapps.permission.GOOGLE_AUTH from package com.google.android.videos (protectionLevel=2 flags=0x30dbbe45)
06-19 07:20:19.359 I/chatty  ( 1916): uid=1000(system) Binder:1916_4 identical 1 line
06-19 07:20:19.364 I/PackageManager( 1916): Un-granting permission com.google.android.googleapps.permission.GOOGLE_AUTH from package com.google.android.videos (protectionLevel=2 flags=0x30dbbe45)
06-19 07:20:19.366 W/PackageManager( 1916): Cannot whitelist unknown permission: com.google.android.apps.miphone.aiai.matchmaker.overview.service.BIND_SERVICE
06-19 07:20:19.366 W/PackageManager( 1916): Cannot whitelist unknown permission: com.google.android.as.allapps.SUGGESTION_CONSUMER
06-19 07:20:19.368 W/PackageManager( 1916): Cannot whitelist unknown permission: com.google.android.apps.miphone.aiai.matchmaker.overview.service.BIND_SERVICE
06-19 07:20:19.368 W/PackageManager( 1916): Cannot whitelist unknown permission: com.google.android.as.allapps.SUGGESTION_CONSUMER
06-19 07:20:19.376 W/PackageManager( 1916): Cannot whitelist unknown permission: com.android.vending.BILLING
06-19 07:20:19.376 I/PackageManager( 1916): Un-granting permission android.permission.WRITE_MEDIA_STORAGE from package com.google.android.apps.photos (protectionLevel=18 flags=0x38d9be45)
06-19 07:20:19.378 W/PackageManager( 1916): Cannot whitelist unknown permission: com.android.vending.BILLING
06-19 07:20:19.379 I/PackageManager( 1916): Un-granting permission android.permission.WRITE_MEDIA_STORAGE from package com.google.android.apps.photos (protectionLevel=18 flags=0x38d9be45)
06-19 07:20:19.380 I/hostapd ( 1820): wlan1: interface state COUNTRY_UPDATE->HT_SCAN
06-19 07:20:19.395 I/OMXClient( 1916): IOmx service obtained
06-19 07:20:19.395 I/OMXMaster( 1782): makeComponentInstance(OMX.google.vorbis.decoder) in android.hardwar process
06-19 07:20:19.396 E/OMXNodeInstance( 1782): getConfig(0xee13c180:google.vorbis.decoder, ConfigAndroidVendorExtension(0x6f100004)) ERROR: Undefined(0x80001001)
06-19 07:20:19.423 W/PackageManager( 1916): Cannot whitelist unknown permission: com.android.launcher.permission.READ_SETTINGS
06-19 07:20:19.423 W/PackageManager( 1916): Cannot whitelist unknown permission: com.android.launcher.permission.WRITE_SETTINGS
06-19 07:20:19.429 E/ActivityThread( 2054): Failed to find provider info for com.google.android.gsf.gservices
06-19 07:20:19.432 I/FileApkMgr( 2054): Extracting modules completed
06-19 07:20:19.432 I/GmsApplication( 2054): Staging modules completed
06-19 07:20:19.432 I/GmsApplication( 2054): Updating config
06-19 07:20:19.430 E/ActivityThread( 2054): Failed to find provider info for com.google.android.gsf.gservices
06-19 07:20:19.435 W/PackageManager( 1916): Cannot whitelist unknown permission: com.android.vending.setup.PLAY_SETUP_SERVICE
06-19 07:20:19.437 I/chatty  ( 1916): uid=1000(system) Binder:1916_4 identical 2 lines
06-19 07:20:19.438 W/PackageManager( 1916): Cannot whitelist unknown permission: com.android.vending.setup.PLAY_SETUP_SERVICE
06-19 07:20:19.438 E/ActivityThread( 2054): Failed to find provider info for com.google.android.gsf.gservices
06-19 07:20:19.439 W/FileUtils( 2054): Failed to set world readable: /data/user_de/0/com.google.android.gms/app_chimera/current_config.fb
06-19 07:20:19.439 E/ActivityThread( 2054): Failed to find provider info for com.google.android.gsf.gservices
06-19 07:20:19.451 W/PackageManager( 1916): Cannot whitelist unknown permission: com.android.permission.CONNMO_SETTINGS
06-19 07:20:19.451 W/PackageManager( 1916): Cannot whitelist unknown permission: com.android.permission.DCMO_SETTINGS
06-19 07:20:19.451 E/ChimeraCfgMgr( 2054): Failed to read module config: java.io.FileNotFoundException: /data/user_de/0/com.google.android.gms/app_chimera/current_config.fb: open failed: ENOENT (No such file or directory)
06-19 07:20:19.451 W/PackageManager( 1916): Cannot whitelist unknown permission: com.android.permission.CONNMO_SETTINGS
06-19 07:20:19.451 W/PackageManager( 1916): Cannot whitelist unknown permission: com.android.permission.DCMO_SETTINGS
06-19 07:20:19.452 E/ActivityThread( 2054): Failed to find provider info for com.google.android.gsf.gservices
06-19 07:20:19.452 E/GservicesValue( 2054): Gservices key not whitelisted for directboot access: gms:chimera:dev_module_blacklist
06-19 07:20:19.454 I/GmsModuleFndr( 2054): Beginning GMS chimera module scan
06-19 07:20:19.454 I/chatty  ( 2054): uid=10120 com.google.android.gms.persistent identical 4 lines
06-19 07:20:19.454 E/ActivityThread( 2054): Failed to find provider info for com.google.android.gsf.gservices
06-19 07:20:19.455 W/PackageManager( 1916): Cannot whitelist unknown permission: com.android.permission.BIND_TELEPHONY_NETWORK_SERVICE
06-19 07:20:19.456 E/ChimeraCfgMgr( 2054): Failed to read module config: java.io.FileNotFoundException: /data/user_de/0/com.google.android.gms/app_chimera/current_config.fb: open failed: ENOENT (No such file or directory)
06-19 07:20:19.458 I/ModuleSetMgr( 2054): Config file doesn't exist, writing blank config.
06-19 07:20:19.462 I/ModuleSetMgr( 2054): Computing pending module set with APKs: [[AdsFdrDynamite.integ:21460000000], [Cronetdynamite:202414040800], [Dynamiteloader:202414040800], [Dynamitemodulesa:202414040000], [Dynamitemodulesc:202414040000], [Googlecertificates:202414040000], [Mapsdynamite:202414040000], [Measurementdynamite:202414040000]]
06-19 07:20:19.458 I/chatty  ( 1916): uid=1000(system) Binder:1916_4 identical 2 lines
06-19 07:20:19.459 W/PackageManager( 1916): Cannot whitelist unknown permission: com.android.permission.BIND_TELEPHONY_NETWORK_SERVICE
06-19 07:20:19.464 E/ActivityThread( 2054): Failed to find provider info for com.google.android.gsf.gservices
06-19 07:20:19.466 I/.gms.persisten( 2054): Compiler allocated 5803KB to compile boolean cuf.a(cyl, boolean, caau, caau, int, java.util.List, java.io.File, cyh)
06-19 07:20:19.477 I/ModuleSetMgr( 2054): Pending container module APKs: []
06-19 07:20:19.477 I/ModuleSetMgr( 2054): Pending non-container module APKs: []
06-19 07:20:19.479 I/chatty  ( 2054): uid=10120 com.google.android.gms.persistent identical 10 lines
06-19 07:20:19.479 E/ActivityThread( 2054): Failed to find provider info for com.google.android.gsf.gservices
06-19 07:20:19.480 W/PackageManager( 1916): Cannot whitelist unknown permission: com.google.restricted_assist_gesture.permission.RESTRICTED_ASSIST_GESTURE_PROVIDER
06-19 07:20:19.480 W/PackageManager( 1916): Cannot whitelist unknown permission: com.google.android.apps.dreamliner.permission.DREAMLINER_SERVICE
06-19 07:20:19.480 W/PackageManager( 1916): Cannot whitelist unknown permission: android.car.permission.CONTROL_CAR_CLIMATE
06-19 07:20:19.480 E/ChimeraCfgMgr( 2054): Failed to read module config: java.io.FileNotFoundException: /data/user_de/0/com.google.android.gms/app_chimera/current_config.fb: open failed: ENOENT (No such file or directory)
06-19 07:20:19.480 W/PackageManager( 1916): Cannot whitelist unknown permission: android.car.permission.CAR_DRIVING_STATE
06-19 07:20:19.480 W/PackageManager( 1916): Cannot whitelist unknown permission: android.car.permission.CAR_CONTROL_AUDIO_VOLUME
06-19 07:20:19.480 W/IntentOperation( 2054): Failed to get Chimera config:com.google.android.chimera.config.InvalidConfigException: java.io.FileNotFoundException: /data/user_de/0/com.google.android.gms/app_chimera/current_config.fb: open failed: ENOENT (No such file or directory)
06-19 07:20:19.481 E/ActivityThread( 2054): Failed to find provider info for com.google.android.gsf.gservices
06-19 07:20:19.481 E/ActivityThread( 2054): Failed to find provider info for com.google.android.gsf.gservices
06-19 07:20:19.489 W/PackageManager( 1916): Cannot whitelist unknown permission: com.google.restricted_assist_gesture.permission.RESTRICTED_ASSIST_GESTURE_PROVIDER
06-19 07:20:19.489 W/PackageManager( 1916): Cannot whitelist unknown permission: com.google.android.apps.dreamliner.permission.DREAMLINER_SERVICE
06-19 07:20:19.489 W/PackageManager( 1916): Cannot whitelist unknown permission: android.car.permission.CONTROL_CAR_CLIMATE
06-19 07:20:19.489 W/PackageManager( 1916): Cannot whitelist unknown permission: android.car.permission.CAR_DRIVING_STATE
06-19 07:20:19.489 W/PackageManager( 1916): Cannot whitelist unknown permission: android.car.permission.CAR_CONTROL_AUDIO_VOLUME
06-19 07:20:19.490 W/PackageManager( 1916): Cannot whitelist unknown permission: com.google.android.gallery3d.permission.GALLERY_PROVIDER
06-19 07:20:19.490 W/PackageManager( 1916): Cannot whitelist unknown permission: com.android.gallery3d.permission.GALLERY_PROVIDER
06-19 07:20:19.491 W/PackageManager( 1916): Cannot whitelist unknown permission: com.google.android.gallery3d.permission.GALLERY_PROVIDER
06-19 07:20:19.491 W/PackageManager( 1916): Cannot whitelist unknown permission: com.android.gallery3d.permission.GALLERY_PROVIDER
06-19 07:20:19.491 W/PackageManager( 1916): Cannot whitelist unknown permission: com.google.android.gallery3d.permission.GALLERY_PROVIDER
06-19 07:20:19.491 W/PackageManager( 1916): Cannot whitelist unknown permission: com.android.gallery3d.permission.GALLERY_PROVIDER
06-19 07:20:19.492 W/PackageManager( 1916): Cannot whitelist unknown permission: com.google.android.gallery3d.permission.GALLERY_PROVIDER
06-19 07:20:19.492 W/PackageManager( 1916): Cannot whitelist unknown permission: com.android.gallery3d.permission.GALLERY_PROVIDER
06-19 07:20:19.493 W/PackageManager( 1916): Cannot whitelist unknown permission: com.google.android.gallery3d.permission.GALLERY_PROVIDER
06-19 07:20:19.493 W/PackageManager( 1916): Cannot whitelist unknown permission: com.android.gallery3d.permission.GALLERY_PROVIDER
06-19 07:20:19.494 W/PackageManager( 1916): Cannot whitelist unknown permission: com.google.android.gallery3d.permission.GALLERY_PROVIDER
06-19 07:20:19.494 W/PackageManager( 1916): Cannot whitelist unknown permission: com.android.gallery3d.permission.GALLERY_PROVIDER
06-19 07:20:19.494 W/PackageManager( 1916): Cannot whitelist unknown permission: com.google.android.gallery3d.permission.GALLERY_PROVIDER
06-19 07:20:19.494 W/PackageManager( 1916): Cannot whitelist unknown permission: com.android.gallery3d.permission.GALLERY_PROVIDER
06-19 07:20:19.499 W/PackageManager( 1916): Cannot whitelist unknown permission: com.android.vending.setup.PLAY_SETUP_SERVICE
06-19 07:20:19.500 W/PackageManager( 1916): Cannot whitelist unknown permission: com.android.vending.setup.PLAY_SETUP_SERVICE
06-19 07:20:19.514 E/ActivityThread( 2054): Failed to find provider info for com.google.android.gsf.gservices
06-19 07:20:19.607 I/RuntimePermissionsUpgradeController( 2088): Grandfathering SMS and CallLog permissions
06-19 07:20:19.614 I/RuntimePermissionsUpgradeController( 2088): Grandfathering location background permissions
06-19 07:20:19.615 I/RuntimePermissionsUpgradeController( 2088): Grandfathering Storage permissions
06-19 07:20:19.514 E/ActivityThread( 2054): Failed to find provider info for com.google.android.gsf.gservices
06-19 07:20:19.628 W/PackageManager( 1916): Cannot whitelist unknown permission: com.android.vending.BILLING
06-19 07:20:19.629 I/RuntimePermissionsUpgradeController( 2088): Not expanding location permissions as this is not an upgrade from Android P
06-19 07:20:19.633 D/vold    ( 1574): Remounting 10145 as mode default
06-19 07:20:19.634 D/vold    ( 1574): Remounting 10122 as mode default
06-19 07:20:19.634 D/vold    ( 1574): Remounting 10132 as mode write
06-19 07:20:19.635 W/SystemServiceManager( 1916): Service com.android.server.policy.PermissionPolicyService took 789 ms in onBootPhase
06-19 07:20:19.635 D/SystemServerTiming( 1916): StartActivityManagerReadyPhase took to complete: 826ms
06-19 07:20:19.635 I/SystemServer( 1916): StartObservingNativeCrashes
06-19 07:20:19.635 D/SystemServerTiming( 1916): StartObservingNativeCrashes took to complete: 0ms
06-19 07:20:19.635 D/vold    ( 1574): Remounting 10127 as mode write
06-19 07:20:19.635 I/SystemServer( 1916): StartSystemUI
06-19 07:20:19.635 D/SystemServerInitThreadPool( 1916): Started executing WebViewFactoryPreparation
06-19 07:20:19.635 I/SystemServer( 1916): WebViewFactoryPreparation
06-19 07:20:19.635 I/WebViewUpdateServiceImpl( 1916): One-time migration: enabling com.google.android.webview
06-19 07:20:19.636 D/vold    ( 1574): Remounting 10114 as mode default
06-19 07:20:19.637 V/SystemUIService( 2073): Starting SystemUI services for user 0.
06-19 07:20:19.637 D/SystemServerTiming( 1916): StartSystemUI took to complete: 2ms
06-19 07:20:19.637 I/SystemServer( 1916): MakeNetworkManagementServiceReady
06-19 07:20:19.638 W/NetworkManagement( 1916): setDataSaverMode(): already false
06-19 07:20:19.638 I/netd    ( 1661): firewallSetFirewallType(1) <0.02ms>
06-19 07:20:19.638 D/SystemServerTiming( 1916): MakeNetworkManagementServiceReady took to complete: 1ms
06-19 07:20:19.639 I/SystemServer( 1916): MakeIpSecServiceReady
06-19 07:20:19.639 I/netd    ( 1661): isAlive() -> {"true"} <0.02ms>
06-19 07:20:19.639 D/IpSecService( 1916): IpSecService is ready
06-19 07:20:19.639 D/SystemServerTiming( 1916): MakeIpSecServiceReady took to complete: 0ms
06-19 07:20:19.639 I/SystemServer( 1916): MakeNetworkStatsServiceReady
06-19 07:20:19.640 D/vold    ( 1574): Remounting 10133 as mode write
06-19 07:20:19.641 D/vold    ( 1574): Remounting 10095 as mode default
06-19 07:20:19.641 W/BestClock( 1916): java.time.DateTimeException: Missing NTP fix
06-19 07:20:19.643 D/SystemServerTimingAsync( 1916): WebViewFactoryPreparation took to complete: 7ms
06-19 07:20:19.643 D/SystemServerInitThreadPool( 1916): Finished executing WebViewFactoryPreparation
06-19 07:20:19.644 W/NetworkPolicy( 1916): setRestrictBackgroundUL: already false
06-19 07:20:19.648 D/vold    ( 1574): Remounting 10144 as mode default
06-19 07:20:19.649 D/vold    ( 1574): Remounting 10138 as mode default
06-19 07:20:19.650 D/vold    ( 1574): Remounting 10141 as mode write
06-19 07:20:19.651 D/vold    ( 1574): Remounting 10105 as mode default
06-19 07:20:19.651 D/vold    ( 1574): Remounting 10120 as mode write
06-19 07:20:19.652 D/vold    ( 1574): Found matching PID 2054
06-19 07:20:19.654 D/SystemUIBootTiming( 2073): StartServicescom.android.systemui.Dependency$DependencyCreator took to complete: 17ms
06-19 07:20:19.658 D/SystemUIBootTiming( 2073): StartServicescom.android.systemui.util.NotificationChannels took to complete: 3ms
06-19 07:20:19.660 D/SystemUIBootTiming( 2073): StartServicescom.android.systemui.statusbar.CommandQueue$CommandQueueStart took to complete: 2ms
06-19 07:20:19.678 I/netd    ( 1661): trafficSwapActiveStatsMap() <35.77ms>
06-19 07:20:19.679 I/netd    ( 1661): firewallReplaceUidChain("fw_standby", "false", []) -> {"true"} <28.72ms>
06-19 07:20:19.679 I/netd    ( 1661): tetherGetStats() <0.45ms>
06-19 07:20:19.681 D/vold    ( 1574): Remounting 10120 as mode write
06-19 07:20:19.681 D/vold    ( 1574): Found matching PID 2054
06-19 07:20:19.682 W/BestClock( 1916): java.time.DateTimeException: Missing NTP fix
06-19 07:20:19.683 I/netd    ( 1661): firewallEnableChildChain(2, "true") <0.03ms>
06-19 07:20:19.683 I/netd    ( 1661): socketDestroy([]) <0.13ms>
06-19 07:20:19.684 V/MediaRouter( 2073): Selecting route: RouteInfo{ name=Phone, description=null, status=null, category=RouteCategory{ name=System types=ROUTE_TYPE_LIVE_AUDIO ROUTE_TYPE_LIVE_VIDEO  groupable=false }, supportedTypes=ROUTE_TYPE_LIVE_AUDIO ROUTE_TYPE_LIVE_VIDEO , presentationDisplay=null }
06-19 07:20:19.689 I/netd    ( 1661): bandwidthSetGlobalAlert(2097152) <0.43ms>
06-19 07:20:19.689 D/SystemServerTiming( 1916): MakeNetworkStatsServiceReady took to complete: 50ms
06-19 07:20:19.689 I/SystemServer( 1916): MakeConnectivityServiceReady
06-19 07:20:19.690 D/ConnectivityService( 1916): requestNetwork for uid/pid:1000/1916 NetworkRequest [ REQUEST id=7, [ Capabilities: INTERNET&NOT_RESTRICTED&TRUSTED&NOT_VPN] ]
06-19 07:20:19.691 D/PermissionMonitor( 1916): Monitoring
06-19 07:20:19.692 D/PermissionMonitor( 1916): Users: 1, Apps: 34
06-19 07:20:19.692 I/netd    ( 1661): networkSetPermissionForUser(1, [10142]) <0.02ms>
06-19 07:20:19.693 I/netd    ( 1661): networkSetPermissionForUser(2, [10113,10114,1027,10115,10054,10119,10120,10122,10123,10059,10060,10126,10127,10128,2000,10129,10131,10132,10133,10141,10143,10144,10082,1000,1001,1002,1073,10101,10102,10105,10106,10109,10110]) <0.02ms>
06-19 07:20:19.693 I/netd    ( 1661): trafficSetNetPermForUids(12, [1001,1002,1013,10054,10109,10120]) <0.02ms>
06-19 07:20:19.693 D/Zygote  ( 1663): Forked child process 2222
06-19 07:20:19.693 I/netd    ( 1661): trafficSetNetPermForUids(4, [1000,1027,1073,2000,10056,10059,10061,10063,10064,10082,10085,10089,10090,10091,10093,10094,10095,10096,10099,10101,10102,10103,10105,10106,10110,10113,10114,10116,10117,10119,10122,10126,10127,10128,10129,10130,10131,10132,10133,10135,10136,10137,10138,10139,10140,10141,10142,10143,10144,10145]) <0.04ms>
06-19 07:20:19.693 I/netd    ( 1661): trafficSetNetPermForUids(8, [1041,1047]) <0.02ms>
06-19 07:20:19.693 W/ActivityManager( 1916): Slow operation: 51ms so far, now at startProcess: returned from zygote!
06-19 07:20:19.693 W/ActivityManager( 1916): Slow operation: 51ms so far, now at startProcess: done updating battery stats
06-19 07:20:19.693 W/ActivityManager( 1916): Slow operation: 51ms so far, now at startProcess: building log message
06-19 07:20:19.693 I/ActivityManager( 1916): Start proc 2222:WebViewLoader-x86/1037 [android.webkit.WebViewLibraryLoader$RelroFileCreator] for null
06-19 07:20:19.693 I/netd    ( 1661): trafficSetNetPermForUids(0, [1003,1063,1066,1067,1068,10000,10001,10002,10003,10004,10005,10006,10007,10008,10009,10010,10011,10012,10013,10014,10015,10016,10017,10018,10019,10020,10021,10022,10023,10024,10025,10026,10027,10028,10029,10030,10031,10032,10033,10034,10035,10036,10037,10038,10039,10040,10041,10042,10043,10044,10045,10046,10047,10048,10049,10050,10051,10052,10053,10055,10057,10058,10060,10062,10065,10066,10067,10068,10069,10070,10071,10072,10073,10074,10075,10076,10077,10078,10079,10080,10081,10083,10084,10086,10087,10088,10092,10097,10098,10100,10104,10107,10108,10111,10112,10115,10118,10121,10123,10125,10134]) <0.05ms>
06-19 07:20:19.693 W/ActivityManager( 1916): Slow operation: 51ms so far, now at startProcess: starting to update pids map
06-19 07:20:19.694 W/ActivityManager( 1916): Slow operation: 51ms so far, now at startProcess: done updating pids map
06-19 07:20:19.694 W/ActivityManager( 1916): Slow operation: 51ms so far, now at startProcess: asking zygote to start proc
06-19 07:20:19.694 D/SystemServerTiming( 1916): MakeConnectivityServiceReady took to complete: 4ms
06-19 07:20:19.694 I/SystemServer( 1916): MakeNetworkPolicyServiceReady
06-19 07:20:19.694 D/SystemServerTiming( 1916): MakeNetworkPolicyServiceReady took to complete: 0ms
06-19 07:20:19.694 I/SystemServer( 1916): PhaseThirdPartyAppsCanStart
06-19 07:20:19.694 I/SystemServiceManager( 1916): Starting phase 600
06-19 07:20:19.694 I/ExplicitHealthCheckController( 1916): Explicit health checks enabled.
06-19 07:20:19.694 I/PackageWatchdog( 1916): Syncing state, reason: health check state enabled
06-19 07:20:19.694 I/PackageWatchdog( 1916): Not pruning observers, elapsed time: 0ms
06-19 07:20:19.694 I/PackageWatchdog( 1916): Cancelling state sync, nothing to sync
06-19 07:20:19.696 V/WallpaperManagerService( 1916): bindWallpaperComponentLocked: componentName=null
06-19 07:20:19.696 V/WallpaperManagerService( 1916): No default component; using image wallpaper
06-19 07:20:19.708 I/PackageWatchdog( 1916): Saving observer state to file
06-19 07:20:19.709 D/vold    ( 1574): Remounting 10119 as mode default
06-19 07:20:19.710 D/vold    ( 1574): Remounting 10128 as mode default
06-19 07:20:19.710 D/vold    ( 1574): Remounting 10142 as mode write
06-19 07:20:19.711 D/vold    ( 1574): Remounting 10085 as mode default
06-19 07:20:19.711 D/vold    ( 1574): Remounting 10096 as mode default
06-19 07:20:19.713 D/Zygote  ( 1662): Forked child process 2228
06-19 07:20:19.713 W/ActivityManager( 1916): Slow operation: 71ms so far, now at startProcess: returned from zygote!
06-19 07:20:19.713 W/ActivityManager( 1916): Slow operation: 71ms so far, now at startProcess: done updating battery stats
06-19 07:20:19.714 W/ActivityManager( 1916): Slow operation: 71ms so far, now at startProcess: building log message
06-19 07:20:19.714 I/ActivityManager( 1916): Start proc 2228:WebViewLoader-x86_64/1037 [android.webkit.WebViewLibraryLoader$RelroFileCreator] for null
06-19 07:20:19.714 W/ActivityManager( 1916): Slow operation: 71ms so far, now at startProcess: starting to update pids map
06-19 07:20:19.714 D/vold    ( 1574): Remounting 10117 as mode default
06-19 07:20:19.715 D/vold    ( 1574): Remounting 10106 as mode default
06-19 07:20:19.716 W/ActivityManager( 1916): Slow operation: 73ms so far, now at startProcess: done updating pids map
