06-19 07:20:18.362 D/AutofillManagerServiceImpl( 1916): Reset component for user 0:com.google.android.gms/.autofill.service.AutofillService
06-19 07:20:18.362 D/AutofillUI( 1916): destroySaveUiUiThread(): already destroyed
06-19 07:20:18.362 D/SystemServerTiming( 1916): StartAutoFillService took to complete: 2ms
06-19 07:20:18.362 I/SystemServer( 1916): StartClipboardService
06-19 07:20:18.362 I/SystemServiceManager( 1916): Starting com.android.server.clipboard.ClipboardService
06-19 07:20:18.363 D/SystemServerTiming( 1916): StartClipboardService took to complete: 1ms
06-19 07:20:18.363 I/SystemServer( 1916): AppServiceManager
06-19 07:20:18.363 I/SystemServiceManager( 1916): Starting com.android.server.appbinding.AppBindingService$Lifecycle
06-19 07:20:18.363 D/SystemServerTiming( 1916): AppServiceManager took to complete: 0ms
06-19 07:20:18.363 I/SystemServer( 1916): MakeVibratorServiceReady
06-19 07:20:18.363 D/SystemServerTiming( 1916): MakeVibratorServiceReady took to complete: 1ms
06-19 07:20:18.363 I/SystemServer( 1916): MakeLockSettingsServiceReady
06-19 07:20:18.376 I/LockSettingsService( 1916): Migrated lock settings to new location
06-19 07:20:18.379 I/LockSettingsService( 1916): Migrated per-user lock settings to new location
06-19 07:20:18.383 I/LockSettingsService( 1916): Migrated biometric weak to use the fallback instead
06-19 07:20:18.385 I/LockSettingsService( 1916): Migrated lockscreen disabled flag
06-19 07:20:18.386 I/hwservicemanager( 1567): getTransport: Cannot find entry android.hardware.weaver@1.0::IWeaver/default in either framework or device manifest.
06-19 07:20:18.386 I/SyntheticPasswordManager( 1916): Device does not support weaver
06-19 07:20:18.386 I/hwservicemanager( 1567): getTransport: Cannot find entry android.hardware.authsecret@1.0::IAuthSecret/default in either framework or device manifest.
06-19 07:20:18.386 I/LockSettingsService( 1916): Device doesn't implement AuthSecret HAL
06-19 07:20:18.387 E/LockSettingsStorage( 1916): Cannot read file java.io.FileNotFoundException: /data/system/gatekeeper.password.key: open failed: ENOENT (No such file or directory)
06-19 07:20:18.387 E/LockSettingsStorage( 1916): Cannot read file java.io.FileNotFoundException: /data/system/password.key: open failed: ENOENT (No such file or directory)
06-19 07:20:18.387 E/LockSettingsStorage( 1916): Cannot read file java.io.FileNotFoundException: /data/system/gatekeeper.pattern.key: open failed: ENOENT (No such file or directory)
06-19 07:20:18.387 E/LockSettingsStorage( 1916): Cannot read file java.io.FileNotFoundException: /data/system/gatekeeper.gesture.key: open failed: ENOENT (No such file or directory)
06-19 07:20:18.387 E/LockSettingsStorage( 1916): Cannot read file java.io.FileNotFoundException: /data/system/gesture.key: open failed: ENOENT (No such file or directory)
06-19 07:20:18.387 D/SystemServerTiming( 1916): MakeLockSettingsServiceReady took to complete: 24ms
06-19 07:20:18.387 I/SystemServer( 1916): StartBootPhaseLockSettingsReady
06-19 07:20:18.387 I/SystemServiceManager( 1916): Starting phase 480
06-19 07:20:18.391 D/SystemServerInitThreadPool( 1916): Started executing DevicePolicyManager
06-19 07:20:18.391 D/SystemServerInitThreadPool( 1916): Finished executing DevicePolicyManager
06-19 07:20:18.393 D/SystemServerTiming( 1916): StartBootPhaseLockSettingsReady took to complete: 5ms
06-19 07:20:18.393 I/SystemServer( 1916): StartBootPhaseSystemServicesReady
06-19 07:20:18.393 I/SystemServiceManager( 1916): Starting phase 500
06-19 07:20:18.394 D/AppStandbyController( 1916): Setting app idle enabled state
06-19 07:20:18.394 D/AppStandbyController( 1916): Initializing defaults for system apps on user 0, appIdleEnabled=true
06-19 07:20:18.396 E/AppIdleHistory( 1916): Unable to read app idle file for user 0
06-19 07:20:18.403 D/TestHarnessModeService( 1916): Setting up test harness mode
06-19 07:20:18.403 D/TestHarnessModeService( 1916): Getting PersistentDataBlockManagerInternal from LocalServices
06-19 07:20:18.403 E/TestHarnessModeService( 1916): Failed to start Test Harness Mode; no implementation of PersistentDataBlockManagerInternal was bound!
06-19 07:20:18.404 I/WifiService( 1916): WifiService starting up with Wi-Fi enabled
06-19 07:20:18.407 I/android_os_HwBinder( 1916): HwBinder: Starting thread pool for getting: android.hidl.manager@1.2::IServiceManager/default
06-19 07:20:18.407 D/HalDevMgr( 1916): IWifi registration notification: fqName=android.hardware.wifi@1.0::IWifi, name=default, preexisting=true
06-19 07:20:18.408 I/android_os_HwBinder( 1916): HwBinder: Starting thread pool for getting: android.hardware.wifi@1.0::IWifi/default
06-19 07:20:18.409 D/WificondControl( 1916): tearing down interfaces in wificond
06-19 07:20:18.414 D/WifiController( 1916): isAirplaneModeOn = false, isWifiEnabled = true, isScanningAvailable = true, isLocationModeActive = true
06-19 07:20:18.415 I/WifiService( 1916): setWifiEnabled package=android uid=1000 enable=true
06-19 07:20:18.415 I/WifiScanningService( 1916): Starting wifiscanner
06-19 07:20:18.422 D/PermissionCache( 1717): checking android.permission.CAPTURE_AUDIO_HOTWORD for uid=1000 => granted (94 us)
06-19 07:20:18.422 W/SoundTriggerHelper( 1916): listModules status=0, # of modules=0
06-19 07:20:18.422 D/ContextHubSystemService( 1916): onBootPhase: PHASE_SYSTEM_SERVICES_READY
06-19 07:20:18.423 D/SystemServerTiming( 1916): StartBootPhaseSystemServicesReady took to complete: 30ms
06-19 07:20:18.423 I/SystemServer( 1916): MakeWindowManagerServiceReady
06-19 07:20:18.424 I/android_os_HwBinder( 1916): HwBinder: Starting thread pool for getting: android.hardware.configstore@1.0::ISurfaceFlingerConfigs/default
06-19 07:20:18.425 D/SystemServerTiming( 1916): MakeWindowManagerServiceReady took to complete: 2ms
06-19 07:20:18.424 I/android_os_HwBinder( 1916): HwBinder: Starting thread pool for getting: android.hardware.configstore@1.0::ISurfaceFlingerConfigs/default
06-19 07:20:18.425 W/InputReader( 1916): Device has associated, but no associated display id.
06-19 07:20:18.426 I/SystemServer( 1916): MakePowerManagerServiceReady
06-19 07:20:18.427 E/DisplayPowerController( 1916): failed to set up display white-balance: java.lang.IllegalStateException: cannot find sensor com.google.sensor.color
06-19 07:20:18.430 W/KeyguardServiceDelegate( 1916): onScreenTurningOn(): no keyguard service!
06-19 07:20:18.430 E/KernelCpuUidFreqTimeReader( 1916): Failed to read /proc/uid_time_in_state: java.nio.file.NoSuchFileException: /proc/uid_time_in_state
06-19 07:20:18.430 W/KernelCpuProcStringReader( 1916): File not found. It's normal if not implemented: /proc/uid_time_in_state
06-19 07:20:18.431 W/KernelCpuProcStringReader( 1916): File not found. It's normal if not implemented: /proc/uid_concurrent_active_time
06-19 07:20:18.431 W/KernelCpuProcStringReader( 1916): File not found. It's normal if not implemented: /proc/uid_concurrent_policy_time
06-19 07:20:18.432 V/DisplayPowerController( 1916): Brightness [102] reason changing to: 'override', previous reason: '0'.
06-19 07:20:18.432 D/SystemServerTiming( 1916): MakePowerManagerServiceReady took to complete: 7ms
06-19 07:20:18.432 I/SystemServer( 1916): MakePackageManagerServiceReady
06-19 07:20:18.425 I/chatty  ( 1916): uid=1000 system_server identical 8 lines
06-19 07:20:18.425 W/InputReader( 1916): Device has associated, but no associated display id.
06-19 07:20:18.433 I/DefaultPermGrantPolicy( 1916): Granting permissions to platform components for user 0
06-19 07:20:18.439 D/vold    ( 1574): Remounting 1001 as mode default
06-19 07:20:18.440 D/vold    ( 1574): Found matching PID 1784
06-19 07:20:18.440 W/vold    ( 1574): Skipping due to root namespace
06-19 07:20:18.440 D/vold    ( 1574): Remounting 1001 as mode default
06-19 07:20:18.440 D/vold    ( 1574): Found matching PID 1784
06-19 07:20:18.441 W/vold    ( 1574): Skipping due to root namespace
06-19 07:20:18.441 D/vold    ( 1574): Remounting 1001 as mode default
06-19 07:20:18.441 D/vold    ( 1574): Found matching PID 1784
06-19 07:20:18.441 W/vold    ( 1574): Skipping due to root namespace
06-19 07:20:18.442 D/vold    ( 1574): Remounting 1001 as mode default
06-19 07:20:18.442 D/vold    ( 1574): Found matching PID 1784
06-19 07:20:18.442 W/vold    ( 1574): Skipping due to root namespace
06-19 07:20:18.446 D/vold    ( 1574): Remounting 1027 as mode default
06-19 07:20:18.448 I/chatty  ( 1574): uid=0(root) Binder:1574_1 identical 2 lines
06-19 07:20:18.449 D/vold    ( 1574): Remounting 1027 as mode default
06-19 07:20:18.451 D/vold    ( 1574): Remounting 1000 as mode full
06-19 07:20:18.451 D/vold    ( 1574): Found matching PID 1566
06-19 07:20:18.451 W/vold    ( 1574): Skipping due to root namespace
06-19 07:20:18.451 D/vold    ( 1574): Found matching PID 1567
06-19 07:20:18.451 W/vold    ( 1574): Skipping due to root namespace
06-19 07:20:18.451 D/vold    ( 1574): Found matching PID 1568
06-19 07:20:18.451 W/vold    ( 1574): Skipping due to root namespace
06-19 07:20:18.451 D/vold    ( 1574): Found matching PID 1666
06-19 07:20:18.451 W/vold    ( 1574): Skipping due to root namespace
06-19 07:20:18.451 D/vold    ( 1574): Found matching PID 1667
06-19 07:20:18.451 W/vold    ( 1574): Skipping due to root namespace
06-19 07:20:18.451 D/vold    ( 1574): Found matching PID 1686
06-19 07:20:18.451 W/vold    ( 1574): Skipping due to root namespace
06-19 07:20:18.451 D/vold    ( 1574): Found matching PID 1691
06-19 07:20:18.451 W/vold    ( 1574): Skipping due to root namespace
06-19 07:20:18.451 D/vold    ( 1574): Found matching PID 1694
06-19 07:20:18.451 W/vold    ( 1574): Skipping due to root namespace
06-19 07:20:18.451 D/vold    ( 1574): Found matching PID 1696
06-19 07:20:18.451 W/vold    ( 1574): Skipping due to root namespace
06-19 07:20:18.451 D/vold    ( 1574): Found matching PID 1697
06-19 07:20:18.451 W/vold    ( 1574): Skipping due to root namespace
06-19 07:20:18.451 D/vold    ( 1574): Found matching PID 1701
06-19 07:20:18.451 W/vold    ( 1574): Skipping due to root namespace
06-19 07:20:18.451 D/vold    ( 1574): Found matching PID 1703
06-19 07:20:18.451 W/vold    ( 1574): Skipping due to root namespace
06-19 07:20:18.451 D/vold    ( 1574): Found matching PID 1704
06-19 07:20:18.451 W/vold    ( 1574): Skipping due to root namespace
06-19 07:20:18.451 D/vold    ( 1574): Found matching PID 1726
06-19 07:20:18.451 W/vold    ( 1574): Skipping due to root namespace
06-19 07:20:18.451 D/vold    ( 1574): Found matching PID 1770
06-19 07:20:18.451 W/vold    ( 1574): Skipping due to root namespace
06-19 07:20:18.451 D/vold    ( 1574): Found matching PID 1792
06-19 07:20:18.452 W/vold    ( 1574): Skipping due to root namespace
06-19 07:20:18.452 D/vold    ( 1574): Found matching PID 1795
06-19 07:20:18.452 W/vold    ( 1574): Skipping due to root namespace
06-19 07:20:18.452 D/vold    ( 1574): Found matching PID 1916
06-19 07:20:18.469 I/AccountsDb( 1916): Creating DE database for user 0
06-19 07:20:18.475 D/WifiActiveModeWarden( 1916): received a message in WifiDisabledState: { when=-1ms what=1 target=com.android.internal.util.StateMachine$SmHandler }
06-19 07:20:18.475 D/WifiActiveModeWarden( 1916): Switching from WifiDisabledState to ScanOnlyMode
06-19 07:20:18.475 D/WifiActiveModeWarden( 1916): Entering ScanOnlyModeActiveState
06-19 07:20:18.475 D/WifiScanOnlyModeManager( 1916): entering IdleState
06-19 07:20:18.476 I/android.hardware.wifi@1.0-service( 1706): Wifi HAL started
06-19 07:20:18.476 D/WifiController( 1916): WifiController msg { when=-62ms what=155656 target=com.android.internal.util.StateMachine$SmHandler } deferred for 500ms
06-19 07:20:18.477 I/WifiVendorHal( 1916): Vendor Hal started successfully
06-19 07:20:18.477 I/WifiP2pNative( 1916): Registering for interface available listener
06-19 07:20:18.481 D/WifiP2pNative( 1916): P2P InterfaceAvailableListener true
06-19 07:20:18.481 D/WifiP2pService( 1916): Wifi enabled=false, P2P Interface availability=true, Number of clients=0
06-19 07:20:18.481 D/WifiP2pService( 1916): Wifi enabled=false, P2P Interface availability=true
06-19 07:20:18.485 I/android.hardware.wifi@1.0-service( 1706): Adding interface handle for wlan0
06-19 07:20:18.487 W/android.hardware.wifi@1.0-service( 1706): No active wlan interfaces in use! Using default
06-19 07:20:18.487 E/android.hardware.wifi@1.0-service( 1706): Failed to register radio mode change callback
06-19 07:20:18.487 W/android.hardware.wifi@1.0-service( 1706): No active wlan interfaces in use! Using default
06-19 07:20:18.489 D/vold    ( 1574): Remounting 1000 as mode full
06-19 07:20:18.489 D/vold    ( 1574): Found matching PID 1566
06-19 07:20:18.489 W/vold    ( 1574): Skipping due to root namespace
06-19 07:20:18.489 D/vold    ( 1574): Found matching PID 1567
06-19 07:20:18.489 W/vold    ( 1574): Skipping due to root namespace
06-19 07:20:18.489 D/vold    ( 1574): Found matching PID 1568
06-19 07:20:18.489 W/vold    ( 1574): Skipping due to root namespace
06-19 07:20:18.489 D/vold    ( 1574): Found matching PID 1666
06-19 07:20:18.489 W/vold    ( 1574): Skipping due to root namespace
06-19 07:20:18.489 D/vold    ( 1574): Found matching PID 1667
06-19 07:20:18.489 W/vold    ( 1574): Skipping due to root namespace
06-19 07:20:18.489 D/vold    ( 1574): Found matching PID 1686
06-19 07:20:18.489 W/vold    ( 1574): Skipping due to root namespace
06-19 07:20:18.489 D/vold    ( 1574): Found matching PID 1691
06-19 07:20:18.489 W/vold    ( 1574): Skipping due to root namespace
06-19 07:20:18.489 D/vold    ( 1574): Found matching PID 1694
06-19 07:20:18.490 W/vold    ( 1574): Skipping due to root namespace
06-19 07:20:18.490 D/vold    ( 1574): Found matching PID 1696
06-19 07:20:18.490 W/vold    ( 1574): Skipping due to root namespace
06-19 07:20:18.490 D/vold    ( 1574): Found matching PID 1697
06-19 07:20:18.490 W/vold    ( 1574): Skipping due to root namespace
06-19 07:20:18.490 D/vold    ( 1574): Found matching PID 1701
06-19 07:20:18.490 W/vold    ( 1574): Skipping due to root namespace
06-19 07:20:18.490 D/vold    ( 1574): Found matching PID 1703
06-19 07:20:18.490 W/vold    ( 1574): Skipping due to root namespace
06-19 07:20:18.490 D/vold    ( 1574): Found matching PID 1704
06-19 07:20:18.490 W/vold    ( 1574): Skipping due to root namespace
06-19 07:20:18.490 D/vold    ( 1574): Found matching PID 1726
06-19 07:20:18.490 W/vold    ( 1574): Skipping due to root namespace
06-19 07:20:18.490 D/vold    ( 1574): Found matching PID 1770
06-19 07:20:18.490 W/vold    ( 1574): Skipping due to root namespace
06-19 07:20:18.490 D/vold    ( 1574): Found matching PID 1792
06-19 07:20:18.490 W/vold    ( 1574): Skipping due to root namespace
06-19 07:20:18.490 D/vold    ( 1574): Found matching PID 1795
06-19 07:20:18.490 W/vold    ( 1574): Skipping due to root namespace
06-19 07:20:18.490 D/vold    ( 1574): Found matching PID 1916
06-19 07:20:18.503 W/libc    ( 1706): Unable to set property "vendor.wlan.firmware.version" to "1.0": error code: 0x18
06-19 07:20:18.516 W/libc    ( 1706): Unable to set property "vendor.wlan.driver.version" to "1.0": error code: 0x18
06-19 07:20:18.516 I/android.hardware.wifi@1.0-service( 1706): Configured chip in mode 0
06-19 07:20:18.517 W/android.hardware.wifi@1.0-service( 1706): No active wlan interfaces in use! Using default
06-19 07:20:18.523 D/vold    ( 1574): Remounting 1000 as mode full
06-19 07:20:18.523 D/vold    ( 1574): Found matching PID 1566
06-19 07:20:18.523 W/vold    ( 1574): Skipping due to root namespace
06-19 07:20:18.523 D/vold    ( 1574): Found matching PID 1567
06-19 07:20:18.523 W/vold    ( 1574): Skipping due to root namespace
06-19 07:20:18.523 D/vold    ( 1574): Found matching PID 1568
06-19 07:20:18.523 W/vold    ( 1574): Skipping due to root namespace
06-19 07:20:18.523 D/vold    ( 1574): Found matching PID 1666
06-19 07:20:18.523 W/vold    ( 1574): Skipping due to root namespace
06-19 07:20:18.523 D/vold    ( 1574): Found matching PID 1667
06-19 07:20:18.523 W/vold    ( 1574): Skipping due to root namespace
06-19 07:20:18.523 D/vold    ( 1574): Found matching PID 1686
06-19 07:20:18.523 W/vold    ( 1574): Skipping due to root namespace
06-19 07:20:18.523 D/vold    ( 1574): Found matching PID 1691
06-19 07:20:18.523 W/vold    ( 1574): Skipping due to root namespace
06-19 07:20:18.523 D/vold    ( 1574): Found matching PID 1694
06-19 07:20:18.523 W/vold    ( 1574): Skipping due to root namespace
06-19 07:20:18.523 D/vold    ( 1574): Found matching PID 1696
06-19 07:20:18.523 W/vold    ( 1574): Skipping due to root namespace
06-19 07:20:18.523 D/vold    ( 1574): Found matching PID 1697
06-19 07:20:18.523 W/vold    ( 1574): Skipping due to root namespace
06-19 07:20:18.523 D/vold    ( 1574): Found matching PID 1701
06-19 07:20:18.523 W/vold    ( 1574): Skipping due to root namespace
06-19 07:20:18.523 D/vold    ( 1574): Found matching PID 1703
06-19 07:20:18.523 W/vold    ( 1574): Skipping due to root namespace
06-19 07:20:18.523 D/vold    ( 1574): Found matching PID 1704
06-19 07:20:18.523 W/vold    ( 1574): Skipping due to root namespace
06-19 07:20:18.524 D/vold    ( 1574): Found matching PID 1726
06-19 07:20:18.524 W/vold    ( 1574): Skipping due to root namespace
06-19 07:20:18.524 D/vold    ( 1574): Found matching PID 1770
06-19 07:20:18.524 W/vold    ( 1574): Skipping due to root namespace
06-19 07:20:18.524 D/vold    ( 1574): Found matching PID 1792
06-19 07:20:18.524 W/vold    ( 1574): Skipping due to root namespace
06-19 07:20:18.524 D/vold    ( 1574): Found matching PID 1795
06-19 07:20:18.524 W/vold    ( 1574): Skipping due to root namespace
06-19 07:20:18.524 D/vold    ( 1574): Found matching PID 1916
06-19 07:20:18.526 D/HalDevMgr( 1916): updateRttController: no one is interested in RTT controllers
06-19 07:20:18.526 E/android.hardware.wifi@1.0-service( 1706): Failed to set DFS flag; DFS channels may be unavailable.
06-19 07:20:18.532 I/DropBoxManagerService( 1916): add tag=system_server_strictmode isTagEnabled=true flags=0x2
06-19 07:20:18.532 D/WificondControl( 1916): Setting up interface for client mode
06-19 07:20:18.533 I/wificond( 1781): create scanner for interface with index: 3
06-19 07:20:18.533 I/wificond( 1781): subscribe scan result for interface with index: 3
06-19 07:20:18.534 I/hwservicemanager( 1567): getTransport: Cannot find entry android.hardware.wifi.offload@1.0::IOffload/default in either framework or device manifest.
06-19 07:20:18.534 I/DropBoxManagerService( 1916): add tag=system_server_strictmode isTagEnabled=true flags=0x2
06-19 07:20:18.534 E/wificond( 1781): No Offload Service available
06-19 07:20:18.534 I/wificond( 1781): Offload HAL not supported 
06-19 07:20:18.535 I/DropBoxManagerService( 1916): add tag=system_server_strictmode isTagEnabled=true flags=0x2
06-19 07:20:18.537 I/netd    ( 1661): interfaceGetCfg("wlan0") <0.14ms>
06-19 07:20:18.538 I/WifiNative( 1916): Interface state changed on Iface:{Name=wlan0,Id=0,Type=STA_SCAN}, isUp=true
06-19 07:20:18.538 I/WifiNative( 1916): Successfully setup Iface:{Name=wlan0,Id=0,Type=STA_SCAN}
06-19 07:20:18.538 E/SupplicantStaIfaceHal( 1916): checkHalVersionByInterfaceName: called but mServiceManager is null
06-19 07:20:18.538 E/SupplicantStaIfaceHal( 1916): Method getKeyMgmtCapabilities is not supported in existing HAL
06-19 07:20:18.544 D/WifiScanOnlyModeManager( 1916): entering StartedState
06-19 07:20:18.544 I/netd    ( 1661): interfaceGetCfg("wlan0") <0.15ms>
06-19 07:20:18.544 D/WifiScanOnlyModeManager( 1916): Wifi is ready to use for scanning
06-19 07:20:18.544 D/WakeupController( 1916): start()
06-19 07:20:18.546 D/WakeupController( 1916): Setting active to true
06-19 07:20:18.546 E/WifiConfigManager( 1916): Cannot save to store before store is read!
06-19 07:20:18.546 D/WifiActiveModeWarden( 1916): scan mode active
06-19 07:20:18.546 D/WifiScanRequestProxy( 1916): Sending scan available broadcast: true
06-19 07:20:18.547 I/WifiScanRequestProxy( 1916): Scanning is enabled
06-19 07:20:18.547 I/WifiScanRequestProxy( 1916): Scanning for hidden networks is disabled
06-19 07:20:18.547 E/WifiNative( 1916): Could not get Iface object for interface null
06-19 07:20:18.548 E/WifiVendorHal( 1916): getBgScanCapabilities(l.630) failed {.code = ERROR_NOT_SUPPORTED, .description = }
06-19 07:20:18.548 E/WifiNative( 1916): Could not get Iface object for interface null
06-19 07:20:18.550 I/WifiScanningService( 1916): wifi driver loaded with scan capabilities: max buckets=16
06-19 07:20:18.543 I/chatty  ( 1916): uid=1000(system) android.io identical 6 lines
06-19 07:20:18.544 I/DropBoxManagerService( 1916): add tag=system_server_strictmode isTagEnabled=true flags=0x2
06-19 07:20:18.569 D/vold    ( 1574): Remounting 1000 as mode full
06-19 07:20:18.569 D/vold    ( 1574): Found matching PID 1566
06-19 07:20:18.569 W/vold    ( 1574): Skipping due to root namespace
06-19 07:20:18.569 D/vold    ( 1574): Found matching PID 1567
06-19 07:20:18.569 W/vold    ( 1574): Skipping due to root namespace
06-19 07:20:18.569 D/vold    ( 1574): Found matching PID 1568
06-19 07:20:18.569 W/vold    ( 1574): Skipping due to root namespace
06-19 07:20:18.569 D/vold    ( 1574): Found matching PID 1666
06-19 07:20:18.569 W/vold    ( 1574): Skipping due to root namespace
06-19 07:20:18.569 D/vold    ( 1574): Found matching PID 1667
06-19 07:20:18.569 W/vold    ( 1574): Skipping due to root namespace
06-19 07:20:18.569 D/vold    ( 1574): Found matching PID 1686
06-19 07:20:18.569 W/vold    ( 1574): Skipping due to root namespace
06-19 07:20:18.569 D/vold    ( 1574): Found matching PID 1691
06-19 07:20:18.569 W/vold    ( 1574): Skipping due to root namespace
06-19 07:20:18.569 D/vold    ( 1574): Found matching PID 1694
06-19 07:20:18.569 W/vold    ( 1574): Skipping due to root namespace
06-19 07:20:18.570 D/vold    ( 1574): Found matching PID 1696
06-19 07:20:18.570 W/vold    ( 1574): Skipping due to root namespace
06-19 07:20:18.570 D/vold    ( 1574): Found matching PID 1697
06-19 07:20:18.570 W/vold    ( 1574): Skipping due to root namespace
06-19 07:20:18.570 D/vold    ( 1574): Found matching PID 1701
06-19 07:20:18.570 W/vold    ( 1574): Skipping due to root namespace
06-19 07:20:18.570 D/vold    ( 1574): Found matching PID 1703
06-19 07:20:18.570 W/vold    ( 1574): Skipping due to root namespace
06-19 07:20:18.570 D/vold    ( 1574): Found matching PID 1704
06-19 07:20:18.570 W/vold    ( 1574): Skipping due to root namespace
06-19 07:20:18.570 D/vold    ( 1574): Found matching PID 1726
06-19 07:20:18.570 W/vold    ( 1574): Skipping due to root namespace
06-19 07:20:18.570 D/vold    ( 1574): Found matching PID 1770
06-19 07:20:18.570 W/vold    ( 1574): Skipping due to root namespace
06-19 07:20:18.570 D/vold    ( 1574): Found matching PID 1792
06-19 07:20:18.570 W/vold    ( 1574): Skipping due to root namespace
06-19 07:20:18.570 D/vold    ( 1574): Found matching PID 1795
06-19 07:20:18.570 W/vold    ( 1574): Skipping due to root namespace
06-19 07:20:18.570 D/vold    ( 1574): Found matching PID 1916
06-19 07:20:18.634 D/vold    ( 1574): Remounting 2000 as mode default
06-19 07:20:18.635 D/vold    ( 1574): Found matching PID 1748
06-19 07:20:18.635 W/vold    ( 1574): Skipping due to root namespace
06-19 07:20:18.635 D/vold    ( 1574): Found matching PID 1753
06-19 07:20:18.635 W/vold    ( 1574): Skipping due to root namespace
06-19 07:20:18.636 D/vold    ( 1574): Remounting 2000 as mode default
06-19 07:20:18.636 D/vold    ( 1574): Found matching PID 1748
06-19 07:20:18.636 W/vold    ( 1574): Skipping due to root namespace
06-19 07:20:18.636 D/vold    ( 1574): Found matching PID 1753
06-19 07:20:18.636 W/vold    ( 1574): Skipping due to root namespace
06-19 07:20:18.636 D/vold    ( 1574): Remounting 2000 as mode full
06-19 07:20:18.637 D/vold    ( 1574): Found matching PID 1748
06-19 07:20:18.637 W/vold    ( 1574): Skipping due to root namespace
06-19 07:20:18.637 D/vold    ( 1574): Found matching PID 1753
06-19 07:20:18.637 W/vold    ( 1574): Skipping due to root namespace
06-19 07:20:18.637 D/vold    ( 1574): Remounting 2000 as mode full
06-19 07:20:18.637 D/vold    ( 1574): Found matching PID 1748
06-19 07:20:18.637 W/vold    ( 1574): Skipping due to root namespace
06-19 07:20:18.637 D/vold    ( 1574): Found matching PID 1753
06-19 07:20:18.637 W/vold    ( 1574): Skipping due to root namespace
06-19 07:20:18.639 D/vold    ( 1574): Remounting 10115 as mode default
06-19 07:20:18.640 D/vold    ( 1574): Remounting 10115 as mode default
06-19 07:20:18.643 D/vold    ( 1574): Remounting 1002 as mode default
06-19 07:20:18.649 I/DefaultPermGrantPolicy( 1916): Granting permissions to default platform handlers for user 0
06-19 07:20:18.644 I/chatty  ( 1574): uid=0(root) Binder:1574_1 identical 2 lines
06-19 07:20:18.645 D/vold    ( 1574): Remounting 1002 as mode default
06-19 07:20:18.655 I/SyncManager( 1916): No initial accounts
06-19 07:20:18.655 I/SyncManager( 1916): No initial status
06-19 07:20:18.655 I/SyncManager( 1916): No initial statistics
06-19 07:20:18.684 D/vold    ( 1574): Remounting 10133 as mode default
06-19 07:20:18.686 I/chatty  ( 1574): uid=0(root) Binder:1574_1 identical 2 lines
06-19 07:20:18.687 D/vold    ( 1574): Remounting 10133 as mode default
06-19 07:20:18.688 D/vold    ( 1574): Remounting 10054 as mode full
06-19 07:20:18.690 I/chatty  ( 1574): uid=0(root) Binder:1574_1 identical 2 lines
06-19 07:20:18.691 D/vold    ( 1574): Remounting 10054 as mode full
06-19 07:20:18.692 D/vold    ( 1574): Remounting 10071 as mode default
06-19 07:20:18.693 D/vold    ( 1574): Remounting 10071 as mode default
06-19 07:20:18.694 D/vold    ( 1574): Remounting 10071 as mode full
06-19 07:20:18.694 D/vold    ( 1574): Remounting 10071 as mode full
06-19 07:20:18.704 D/vold    ( 1574): Remounting 10132 as mode default
06-19 07:20:18.705 D/vold    ( 1574): Remounting 10132 as mode default
06-19 07:20:18.705 D/vold    ( 1574): Remounting 10132 as mode default
06-19 07:20:18.706 D/vold    ( 1574): Remounting 10132 as mode default
06-19 07:20:18.711 D/vold    ( 1574): Remounting 10061 as mode default
06-19 07:20:18.712 D/vold    ( 1574): Remounting 10061 as mode default
06-19 07:20:18.713 D/vold    ( 1574): Remounting 10061 as mode default
06-19 07:20:18.713 D/vold    ( 1574): Remounting 10061 as mode default
06-19 07:20:18.722 D/vold    ( 1574): Remounting 10142 as mode default
06-19 07:20:18.724 I/chatty  ( 1574): uid=0(root) Binder:1574_3 identical 2 lines
06-19 07:20:18.725 D/vold    ( 1574): Remounting 10142 as mode default
06-19 07:20:18.748 D/vold    ( 1574): Remounting 10120 as mode default
06-19 07:20:18.750 I/chatty  ( 1574): uid=0(root) Binder:1574_3 identical 2 lines
06-19 07:20:18.750 D/vold    ( 1574): Remounting 10120 as mode default
06-19 07:20:18.754 E/DefaultPermGrantPolicy( 1916): PackageNot found: com.google.android.gms.location.history
06-19 07:20:18.754 E/DefaultPermGrantPolicy( 1916): android.content.pm.PackageManager$NameNotFoundException: com.google.android.gms.location.history
06-19 07:20:18.754 E/DefaultPermGrantPolicy( 1916): 	at android.app.ApplicationPackageManager.getPackageInfoAsUser(ApplicationPackageManager.java:190)
06-19 07:20:18.754 E/DefaultPermGrantPolicy( 1916): 	at android.app.ApplicationPackageManager.getPackageInfo(ApplicationPackageManager.java:159)
06-19 07:20:18.754 E/DefaultPermGrantPolicy( 1916): 	at com.android.server.pm.permission.DefaultPermissionGrantPolicy.getPackageInfo(DefaultPermissionGrantPolicy.java:1302)
06-19 07:20:18.754 E/DefaultPermGrantPolicy( 1916): 	at com.android.server.pm.permission.DefaultPermissionGrantPolicy.getPackageInfo(DefaultPermissionGrantPolicy.java:1293)
06-19 07:20:18.754 E/DefaultPermGrantPolicy( 1916): 	at com.android.server.pm.permission.DefaultPermissionGrantPolicy.isSystemPackage(DefaultPermissionGrantPolicy.java:962)
06-19 07:20:18.754 E/DefaultPermGrantPolicy( 1916): 	at com.android.server.pm.permission.DefaultPermissionGrantPolicy.grantPermissionsToSystemPackage(DefaultPermissionGrantPolicy.java:363)
06-19 07:20:18.754 E/DefaultPermGrantPolicy( 1916): 	at com.android.server.pm.permission.DefaultPermissionGrantPolicy.grantPermissionsToSystemPackage(DefaultPermissionGrantPolicy.java:356)
06-19 07:20:18.754 E/DefaultPermGrantPolicy( 1916): 	at com.android.server.pm.permission.DefaultPermissionGrantPolicy.grantDefaultSystemHandlerPermissions(DefaultPermissionGrantPolicy.java:647)
06-19 07:20:18.754 E/DefaultPermGrantPolicy( 1916): 	at com.android.server.pm.permission.DefaultPermissionGrantPolicy.grantDefaultPermissions(DefaultPermissionGrantPolicy.java:295)
06-19 07:20:18.754 E/DefaultPermGrantPolicy( 1916): 	at com.android.server.pm.PackageManagerService.systemReady(PackageManagerService.java:21619)
06-19 07:20:18.754 E/DefaultPermGrantPolicy( 1916): 	at com.android.server.SystemServer.startOtherServices(SystemServer.java:1977)
06-19 07:20:18.754 E/DefaultPermGrantPolicy( 1916): 	at com.android.server.SystemServer.run(SystemServer.java:512)
06-19 07:20:18.754 E/DefaultPermGrantPolicy( 1916): 	at com.android.server.SystemServer.main(SystemServer.java:349)
06-19 07:20:18.754 E/DefaultPermGrantPolicy( 1916): 	at java.lang.reflect.Method.invoke(Native Method)
06-19 07:20:18.754 E/DefaultPermGrantPolicy( 1916): 	at com.android.internal.os.RuntimeInit$MethodAndArgsCaller.run(RuntimeInit.java:492)
06-19 07:20:18.754 E/DefaultPermGrantPolicy( 1916): 	at com.android.internal.os.ZygoteInit.main(ZygoteInit.java:908)
06-19 07:20:18.755 D/vold    ( 1574): Remounting 10141 as mode default
06-19 07:20:18.756 I/chatty  ( 1574): uid=0(root) Binder:1574_3 identical 2 lines
06-19 07:20:18.757 D/vold    ( 1574): Remounting 10141 as mode default
06-19 07:20:18.761 D/vold    ( 1574): Remounting 10118 as mode default
06-19 07:20:18.763 I/chatty  ( 1574): uid=0(root) Binder:1574_3 identical 2 lines
06-19 07:20:18.763 D/vold    ( 1574): Remounting 10118 as mode default
06-19 07:20:18.765 D/vold    ( 1574): Remounting 10127 as mode default
06-19 07:20:18.767 I/chatty  ( 1574): uid=0(root) Binder:1574_3 identical 2 lines
06-19 07:20:18.768 D/vold    ( 1574): Remounting 10127 as mode default
06-19 07:20:18.768 E/DefaultPermGrantPolicy( 1916): PackageNot found: com.google.android.as
06-19 07:20:18.768 E/DefaultPermGrantPolicy( 1916): android.content.pm.PackageManager$NameNotFoundException: com.google.android.as
06-19 07:20:18.768 E/DefaultPermGrantPolicy( 1916): 	at android.app.ApplicationPackageManager.getPackageInfoAsUser(ApplicationPackageManager.java:190)
06-19 07:20:18.768 E/DefaultPermGrantPolicy( 1916): 	at android.app.ApplicationPackageManager.getPackageInfo(ApplicationPackageManager.java:159)
06-19 07:20:18.768 E/DefaultPermGrantPolicy( 1916): 	at com.android.server.pm.permission.DefaultPermissionGrantPolicy.getPackageInfo(DefaultPermissionGrantPolicy.java:1302)
06-19 07:20:18.768 E/DefaultPermGrantPolicy( 1916): 	at com.android.server.pm.permission.DefaultPermissionGrantPolicy.getPackageInfo(DefaultPermissionGrantPolicy.java:1293)
06-19 07:20:18.768 E/DefaultPermGrantPolicy( 1916): 	at com.android.server.pm.permission.DefaultPermissionGrantPolicy.isSystemPackage(DefaultPermissionGrantPolicy.java:962)
06-19 07:20:18.768 E/DefaultPermGrantPolicy( 1916): 	at com.android.server.pm.permission.DefaultPermissionGrantPolicy.grantPermissionsToSystemPackage(DefaultPermissionGrantPolicy.java:363)
06-19 07:20:18.768 E/DefaultPermGrantPolicy( 1916): 	at com.android.server.pm.permission.DefaultPermissionGrantPolicy.grantPermissionsToSystemPackage(DefaultPermissionGrantPolicy.java:356)
06-19 07:20:18.768 E/DefaultPermGrantPolicy( 1916): 	at com.android.server.pm.permission.DefaultPermissionGrantPolicy.grantDefaultSystemHandlerPermissions(DefaultPermissionGrantPolicy.java:721)
06-19 07:20:18.768 E/DefaultPermGrantPolicy( 1916): 	at com.android.server.pm.permission.DefaultPermissionGrantPolicy.grantDefaultPermissions(DefaultPermissionGrantPolicy.java:295)
06-19 07:20:18.768 E/DefaultPermGrantPolicy( 1916): 	at com.android.server.pm.PackageManagerService.systemReady(PackageManagerService.java:21619)
06-19 07:20:18.768 E/DefaultPermGrantPolicy( 1916): 	at com.android.server.SystemServer.startOtherServices(SystemServer.java:1977)
06-19 07:20:18.768 E/DefaultPermGrantPolicy( 1916): 	at com.android.server.SystemServer.run(SystemServer.java:512)
06-19 07:20:18.768 E/DefaultPermGrantPolicy( 1916): 	at com.android.server.SystemServer.main(SystemServer.java:349)
06-19 07:20:18.768 E/DefaultPermGrantPolicy( 1916): 	at java.lang.reflect.Method.invoke(Native Method)
06-19 07:20:18.768 E/DefaultPermGrantPolicy( 1916): 	at com.android.internal.os.RuntimeInit$MethodAndArgsCaller.run(RuntimeInit.java:492)
06-19 07:20:18.768 E/DefaultPermGrantPolicy( 1916): 	at com.android.internal.os.ZygoteInit.main(ZygoteInit.java:908)
06-19 07:20:18.769 D/vold    ( 1574): Remounting 10067 as mode full
06-19 07:20:18.770 I/chatty  ( 1574): uid=0(root) Binder:1574_3 identical 2 lines
06-19 07:20:18.771 D/vold    ( 1574): Remounting 10067 as mode full
06-19 07:20:18.771 E/DefaultPermGrantPolicy( 1916): PackageNot found: com.google.android.as
06-19 07:20:18.771 E/DefaultPermGrantPolicy( 1916): android.content.pm.PackageManager$NameNotFoundException: com.google.android.as
06-19 07:20:18.771 E/DefaultPermGrantPolicy( 1916): 	at android.app.ApplicationPackageManager.getPackageInfoAsUser(ApplicationPackageManager.java:190)
06-19 07:20:18.771 E/DefaultPermGrantPolicy( 1916): 	at android.app.ApplicationPackageManager.getPackageInfo(ApplicationPackageManager.java:159)
06-19 07:20:18.771 E/DefaultPermGrantPolicy( 1916): 	at com.android.server.pm.permission.DefaultPermissionGrantPolicy.getPackageInfo(DefaultPermissionGrantPolicy.java:1302)
06-19 07:20:18.771 E/DefaultPermGrantPolicy( 1916): 	at com.android.server.pm.permission.DefaultPermissionGrantPolicy.getPackageInfo(DefaultPermissionGrantPolicy.java:1293)
06-19 07:20:18.771 E/DefaultPermGrantPolicy( 1916): 	at com.android.server.pm.permission.DefaultPermissionGrantPolicy.isSystemPackage(DefaultPermissionGrantPolicy.java:962)
06-19 07:20:18.771 E/DefaultPermGrantPolicy( 1916): 	at com.android.server.pm.permission.DefaultPermissionGrantPolicy.grantPermissionsToSystemPackage(DefaultPermissionGrantPolicy.java:363)
06-19 07:20:18.771 E/DefaultPermGrantPolicy( 1916): 	at com.android.server.pm.permission.DefaultPermissionGrantPolicy.grantPermissionsToSystemPackage(DefaultPermissionGrantPolicy.java:356)
06-19 07:20:18.771 E/DefaultPermGrantPolicy( 1916): 	at com.android.server.pm.permission.DefaultPermissionGrantPolicy.grantDefaultSystemHandlerPermissions(DefaultPermissionGrantPolicy.java:743)
06-19 07:20:18.771 E/DefaultPermGrantPolicy( 1916): 	at com.android.server.pm.permission.DefaultPermissionGrantPolicy.grantDefaultPermissions(DefaultPermissionGrantPolicy.java:295)
06-19 07:20:18.771 E/DefaultPermGrantPolicy( 1916): 	at com.android.server.pm.PackageManagerService.systemReady(PackageManagerService.java:21619)
06-19 07:20:18.771 E/DefaultPermGrantPolicy( 1916): 	at com.android.server.SystemServer.startOtherServices(SystemServer.java:1977)
06-19 07:20:18.771 E/DefaultPermGrantPolicy( 1916): 	at com.android.server.SystemServer.run(SystemServer.java:512)
06-19 07:20:18.771 E/DefaultPermGrantPolicy( 1916): 	at com.android.server.SystemServer.main(SystemServer.java:349)
06-19 07:20:18.771 E/DefaultPermGrantPolicy( 1916): 	at java.lang.reflect.Method.invoke(Native Method)
06-19 07:20:18.771 E/DefaultPermGrantPolicy( 1916): 	at com.android.internal.os.RuntimeInit$MethodAndArgsCaller.run(RuntimeInit.java:492)
06-19 07:20:18.771 E/DefaultPermGrantPolicy( 1916): 	at com.android.internal.os.ZygoteInit.main(ZygoteInit.java:908)
06-19 07:20:18.781 I/PackageManager( 1916): Un-granting permission android.permission.MANAGE_DOCUMENTS from package com.google.android.youtube (protectionLevel=262146 flags=0x30dbbe45)
06-19 07:20:18.781 I/PackageManager( 1916): Un-granting permission com.google.android.googleapps.permission.GOOGLE_AUTH from package com.android.providers.calendar (protectionLevel=2 flags=0x30883e45)
06-19 07:20:18.781 I/PackageManager( 1916): Un-granting permission com.google.android.googleapps.permission.GOOGLE_AUTH.cl from package com.android.providers.calendar (protectionLevel=2 flags=0x30883e45)
06-19 07:20:18.782 I/PackageManager( 1916): Un-granting permission android.permission.WRITE_SECURE_SETTINGS from package com.google.android.apps.enterprise.dmagent (protectionLevel=50 flags=0x30883e05)
06-19 07:20:18.782 I/PackageManager( 1916): Un-granting permission android.permission.CONNECTIVITY_INTERNAL from package com.google.android.apps.enterprise.dmagent (protectionLevel=18 flags=0x30883e05)
06-19 07:20:18.782 I/PackageManager( 1916): Un-granting permission android.permission.MANAGE_USB from package com.google.android.apps.enterprise.dmagent (protectionLevel=18 flags=0x30883e05)
06-19 07:20:18.782 I/PackageManager( 1916): Un-granting permission android.permission.CHANGE_COMPONENT_ENABLED_STATE from package com.google.android.apps.enterprise.dmagent (protectionLevel=18 flags=0x30883e05)
06-19 07:20:18.782 I/PackageManager( 1916): Un-granting permission android.permission.MANAGE_CA_CERTIFICATES from package com.google.android.apps.enterprise.dmagent (protectionLevel=18 flags=0x30883e05)
06-19 07:20:18.782 I/PackageManager( 1916): Un-granting permission android.permission.MANAGE_USERS from package com.google.android.apps.enterprise.dmagent (protectionLevel=18 flags=0x30883e05)
06-19 07:20:18.782 I/PackageManager( 1916): Un-granting permission com.google.android.setupwizard.READ_DEVICE_ORIGIN from package com.google.android.apps.messaging (protectionLevel=18 flags=0x38cbbe45)
06-19 07:20:18.782 I/PackageManager( 1916): Un-granting permission android.permission.BIND_WALLPAPER from package com.android.camera2 (protectionLevel=18 flags=0x20d8bc45)
06-19 07:20:18.783 I/PackageManager( 1916): Un-granting permission android.permission.REQUEST_INSTALL_PACKAGES from package com.google.android.gm (protectionLevel=66 flags=0x38cbbe45)
06-19 07:20:18.783 I/PackageManager( 1916): Un-granting permission android.permission.BIND_JOB_SERVICE from package com.google.android.music (protectionLevel=2 flags=0x38cbbe65)
06-19 07:20:18.784 I/PackageManager( 1916): Un-granting permission android.permission.CONNECTIVITY_USE_RESTRICTED_NETWORKS from package com.google.android.captiveportallogin (protectionLevel=18 flags=0x38c8be45)
06-19 07:20:18.784 I/PackageManager( 1916): Un-granting permission android.permission.NETWORK_BYPASS_PRIVATE_DNS from package com.google.android.captiveportallogin (protectionLevel=2 flags=0x38c8be45)
06-19 07:20:18.784 I/PackageManager( 1916): Un-granting permission android.permission.REQUEST_INSTALL_PACKAGES from package com.google.android.apps.docs (protectionLevel=66 flags=0x38cbbe45)
06-19 07:20:18.784 I/PackageManager( 1916): Un-granting permission android.permission.INTERACT_ACROSS_USERS from package com.google.android.syncadapters.contacts (protectionLevel=50 flags=0x20883e45)
06-19 07:20:18.784 I/PackageManager( 1916): Un-granting permission android.permission.REQUEST_INSTALL_PACKAGES from package com.android.chrome (protectionLevel=66 flags=0xa0cbbe45)
06-19 07:20:18.784 I/PackageManager( 1916): Un-granting permission com.google.android.apps.now.CURRENT_ACCOUNT_ACCESS from package com.android.chrome (protectionLevel=2 flags=0xa0cbbe45)
06-19 07:20:18.785 I/PackageManager( 1916): Un-granting permission android.permission.CAPTURE_VIDEO_OUTPUT from package com.google.android.gms (protectionLevel=2 flags=0xb0cabe45)
06-19 07:20:18.785 I/PackageManager( 1916): Un-granting permission android.permission.MANAGE_DEVICE_ADMINS from package com.google.android.gms (protectionLevel=2 flags=0xb0cabe45)
06-19 07:20:18.785 I/PackageManager( 1916): Un-granting permission android.permission.MANAGE_ACTIVITY_STACKS from package com.google.android.gms (protectionLevel=2 flags=0xb0cabe45)
06-19 07:20:18.785 I/PackageManager( 1916): Un-granting permission android.permission.CAPTURE_SECURE_VIDEO_OUTPUT from package com.google.android.gms (protectionLevel=2 flags=0xb0cabe45)
06-19 07:20:18.785 I/PackageManager( 1916): Un-granting permission android.permission.MANAGE_ROLLBACKS from package com.google.android.gms (protectionLevel=514 flags=0xb0cabe45)
06-19 07:20:18.785 I/PackageManager( 1916): Un-granting permission com.google.android.googleapps.permission.GOOGLE_AUTH from package com.google.android.videos (protectionLevel=2 flags=0x30dbbe45)
06-19 07:20:18.786 I/PackageManager( 1916): Un-granting permission android.permission.WRITE_MEDIA_STORAGE from package com.google.android.apps.photos (protectionLevel=18 flags=0x38d9be45)
06-19 07:20:18.790 V/UserDataPreparer( 1916): Found /data/user_de/0 with serial number -1
06-19 07:20:18.790 D/UserDataPreparer( 1916): Serial number missing on /data/user_de/0; assuming current is valid
06-19 07:20:18.791 V/UserDataPreparer( 1916): Found /data/user/0 with serial number -1
06-19 07:20:18.791 D/UserDataPreparer( 1916): Serial number missing on /data/user/0; assuming current is valid
06-19 07:20:18.791 V/UserDataPreparer( 1916): Found /data/system_de/0 with serial number -1
06-19 07:20:18.791 D/UserDataPreparer( 1916): Serial number missing on /data/system_de/0; assuming current is valid
06-19 07:20:18.792 D/SystemServerTiming( 1916): MakePackageManagerServiceReady took to complete: 359ms
06-19 07:20:18.792 I/SystemServer( 1916): MakeDisplayManagerServiceReady
06-19 07:20:18.799 E/DisplayModeDirector( 1916): Asked about unknown display, returning empty allowed set! (id=0)
06-19 07:20:18.799 E/DisplayModeDirector( 1916): Asked about unknown display, returning empty allowed set! (id=0)
06-19 07:20:18.801 D/SystemServerTiming( 1916): MakeDisplayManagerServiceReady took to complete: 9ms
06-19 07:20:18.801 I/SystemServer( 1916): StartDeviceSpecificServices
06-19 07:20:18.801 D/SystemServerTiming( 1916): StartDeviceSpecificServices took to complete: 0ms
06-19 07:20:18.801 I/SystemServer( 1916): StartBootPhaseDeviceSpecificServicesReady
06-19 07:20:18.801 I/SystemServiceManager( 1916): Starting phase 520
06-19 07:20:18.804 D/SystemServerTiming( 1916): StartBootPhaseDeviceSpecificServicesReady took to complete: 3ms
06-19 07:20:18.804 I/SystemServer( 1916): StartPermissionPolicyService
06-19 07:20:18.804 I/SystemServiceManager( 1916): Starting com.android.server.policy.PermissionPolicyService
06-19 07:20:18.805 D/SystemServerTiming( 1916): StartPermissionPolicyService took to complete: 1ms
06-19 07:20:18.805 W/UsageStatsService( 1916): Event reported without a package name, eventType:15
06-19 07:20:18.805 I/AppOps  ( 1916): Pruning old package system/com.android.server.appop.AppOpsService$UidState@e38e6ca: new uid=-1
06-19 07:20:18.806 I/ActivityManager( 1916): System now ready
06-19 07:20:18.808 I/SystemServer( 1916): Making services ready
06-19 07:20:18.808 I/SystemServer( 1916): StartActivityManagerReadyPhase
06-19 07:20:18.808 I/SystemServiceManager( 1916): Starting phase 550
06-19 07:20:18.809 I/android_os_HwBinder( 1916): HwBinder: Starting thread pool for getting: android.hardware.thermal@2.0::IThermal/default
06-19 07:20:18.810 I/android.hardware.thermal@2.0-service-mock( 1704): A callback has been registered to ThermalHAL, isFilter: 0 Type: CPU
06-19 07:20:18.811 W/ActivityManager( 1916): Too early to start/bind service in system_server: Phase=550 ComponentInfo{com.android.server.telecom/com.android.server.telecom.components.TelecomService}
06-19 07:20:18.812 W/ActivityManager( 1916): Too early to start/bind service in system_server: Phase=550 ComponentInfo{com.android.server.telecom/com.android.server.telecom.components.TelecomService}
06-19 07:20:18.824 D/PackageManager( 1916): Instant App installer not found with android.intent.action.INSTALL_INSTANT_APP_PACKAGE
06-19 07:20:18.824 D/PackageManager( 1916): Clear ephemeral installer activity
06-19 07:20:18.824 D/PackageManager( 1916): Instant App installer not found with android.intent.action.INSTALL_INSTANT_APP_PACKAGE
06-19 07:20:18.824 D/PackageManager( 1916): Clear ephemeral installer activity
06-19 07:20:18.824 D/PackageManager( 1916): Instant App installer not found with android.intent.action.INSTALL_INSTANT_APP_PACKAGE
06-19 07:20:18.824 D/PackageManager( 1916): Clear ephemeral installer activity
06-19 07:20:18.832 D/StorageManagerService( 1916): Isolated storage local flag 0 and remote flag 0 resolved to true
06-19 07:20:18.835 D/Zygote  ( 1662): Forked child process 2054
06-19 07:20:18.838 I/LockSettingsService( 1916): Migrated migrated_frp.
06-19 07:20:18.840 I/WallpaperManagerService( 1916): No static wallpaper imagery; defaults will be shown
06-19 07:20:18.840 V/WallpaperManagerService( 1916): bindWallpaperComponentLocked: componentName=ComponentInfo{com.android.systemui/com.android.systemui.ImageWallpaper}
06-19 07:20:18.841 W/WallpaperManagerService( 1916): no current wallpaper -- first boot?
06-19 07:20:18.842 E/BluetoothAdapter( 1916): Bluetooth binder is null
06-19 07:20:18.842 I/ActivityManager( 1916): Start proc 2054:com.google.android.gms.persistent/u0a120 for broadcast {com.google.android.gms/com.google.android.gms.chimera.GmsIntentOperationService$PersistentTrustedReceiver}
06-19 07:20:18.845 I/AppBindingService( 1916): Updating constants with: null
06-19 07:20:18.843 E/BluetoothAdapter( 1916): Bluetooth binder is null
06-19 07:20:18.845 I/AudioFlinger( 1717): systemReady
06-19 07:20:18.847 W/.gms.persisten( 2054): Unexpected CPU variant for X86 using defaults: x86_64
06-19 07:20:18.850 D/Zygote  ( 1662): Forked child process 2073
06-19 07:20:18.859 W/ndroid.systemu( 2073): Unexpected CPU variant for X86 using defaults: x86_64
06-19 07:20:18.860 D/StagefrightPluginLoader( 1778): CCodec is disabled.
06-19 07:20:18.860 D/StagefrightPluginLoader( 1778): Handle or CreateInputSurface symbol is null
06-19 07:20:18.860 D/MediaCodecList( 1778): Allowing all OMX codecs
06-19 07:20:18.860 D/StagefrightPluginLoader( 1778): Handle or CreateBuilder symbol is null
06-19 07:20:18.862 I/ActivityManager( 1916): Start proc 2073:com.android.systemui/u0a115 for service {com.android.systemui/com.android.systemui.ImageWallpaper}
06-19 07:20:18.865 I/OMXClient( 1778): IOmx service obtained
06-19 07:20:18.865 I/OMXMaster( 1782): makeComponentInstance(OMX.google.aac.decoder) in android.hardwar process
06-19 07:20:18.867 D/Zygote  ( 1662): Forked child process 2088
06-19 07:20:18.869 W/ssioncontrolle( 2088): Unexpected CPU variant for X86 using defaults: x86_64
06-19 07:20:18.874 I/ActivityManager( 1916): Start proc 2088:com.google.android.permissioncontroller/u0a74 for service {com.google.android.permissioncontroller/com.android.packageinstaller.permission.service.PermissionControllerServiceImpl}
06-19 07:20:18.876 I/.gms.persisten( 2054): The ClassLoaderContext is a special shared library.
06-19 07:20:18.877 I/OMXClient( 1778): IOmx service obtained
06-19 07:20:18.877 I/OMXMaster( 1782): makeComponentInstance(OMX.google.amrnb.decoder) in android.hardwar process
06-19 07:20:18.878 I/.gms.persisten( 2054): The ClassLoaderContext is a special shared library.
06-19 07:20:18.879 I/chatty  ( 2054): uid=10120 com.google.android.gms.persistent identical 1 line
06-19 07:20:18.880 I/.gms.persisten( 2054): The ClassLoaderContext is a special shared library.
06-19 07:20:18.880 I/OMXClient( 1778): IOmx service obtained
06-19 07:20:18.880 I/OMXMaster( 1782): makeComponentInstance(OMX.google.amrwb.decoder) in android.hardwar process
06-19 07:20:18.881 I/OMXClient( 1778): IOmx service obtained
06-19 07:20:18.881 I/OMXMaster( 1782): makeComponentInstance(OMX.google.flac.decoder) in android.hardwar process
06-19 07:20:18.889 I/ndroid.systemu( 2073): The ClassLoaderContext is a special shared library.
06-19 07:20:18.891 I/OMXClient( 1778): IOmx service obtained
06-19 07:20:18.892 I/OMXMaster( 1782): makeComponentInstance(OMX.google.g711.alaw.decoder) in android.hardwar process
06-19 07:20:18.896 I/ssioncontrolle( 2088): The ClassLoaderContext is a special shared library.
06-19 07:20:18.899 I/OMXClient( 1778): IOmx service obtained
06-19 07:20:18.899 I/OMXMaster( 1782): makeComponentInstance(OMX.google.g711.mlaw.decoder) in android.hardwar process
06-19 07:20:18.905 W/ContextImpl( 2054): Failed to ensure /data/user/0/com.google.android.gms/cache: mkdir failed: ENOENT (No such file or directory)
06-19 07:20:18.905 W/ContextImpl( 2054): Failed to update user.inode_cache: stat failed: ENOENT (No such file or directory)
06-19 07:20:18.909 I/OMXClient( 1778): IOmx service obtained
06-19 07:20:18.909 I/OMXMaster( 1782): makeComponentInstance(OMX.google.gsm.decoder) in android.hardwar process
06-19 07:20:18.912 I/OMXClient( 1778): IOmx service obtained
06-19 07:20:18.912 I/OMXMaster( 1782): makeComponentInstance(OMX.google.mp3.decoder) in android.hardwar process
06-19 07:20:18.915 I/OMXClient( 1778): IOmx service obtained
06-19 07:20:18.915 I/OMXMaster( 1782): makeComponentInstance(OMX.google.opus.decoder) in android.hardwar process
06-19 07:20:18.923 W/StorageManagerService( 1916): No primary storage defined yet; hacking together a stub
06-19 07:20:18.927 D/PackageManager( 1916): Instant App installer not found with android.intent.action.INSTALL_INSTANT_APP_PACKAGE
06-19 07:20:18.928 D/PackageManager( 1916): Clear ephemeral installer activity
06-19 07:20:18.928 I/OMXClient( 1778): IOmx service obtained
06-19 07:20:18.928 I/OMXMaster( 1782): makeComponentInstance(OMX.google.raw.decoder) in android.hardwar process
06-19 07:20:18.930 I/OMXClient( 1778): IOmx service obtained
06-19 07:20:18.930 I/OMXMaster( 1782): makeComponentInstance(OMX.google.vorbis.decoder) in android.hardwar process
06-19 07:20:18.934 I/OMXClient( 1778): IOmx service obtained
06-19 07:20:18.934 I/OMXMaster( 1782): makeComponentInstance(OMX.google.aac.encoder) in android.hardwar process
06-19 07:20:18.938 I/OMXClient( 1778): IOmx service obtained
06-19 07:20:18.938 I/OMXMaster( 1782): makeComponentInstance(OMX.google.amrnb.encoder) in android.hardwar process
