06-19 07:20:16.135 I/PackageManager( 1916): /system/product/overlay/IconShapeRoundedRect changed; collecting certs
06-19 07:20:16.136 I/PackageManager( 1916): /system/product/overlay/EmulationPixel4a changed; collecting certs
06-19 07:20:16.137 I/PackageManager( 1916): /system/product/overlay/PixelConfigOverlayCommon.apk changed; collecting certs
06-19 07:20:16.140 I/PackageManager( 1916): /system/product/overlay/IconPackFilledThemePicker changed; collecting certs
06-19 07:20:16.140 I/PackageManager( 1916): /system/product/overlay/AccentColorGreen changed; collecting certs
06-19 07:20:16.141 I/PackageManager( 1916): /system/product/overlay/IconShapeSquare changed; collecting certs
06-19 07:20:16.142 I/PackageManager( 1916): /system/product/overlay/GoogleConfigOverlay.apk changed; collecting certs
06-19 07:20:16.142 I/PackageManager( 1916): /system/product/overlay/IconPackRoundedSettings changed; collecting certs
06-19 07:20:16.143 I/PackageManager( 1916): /system/product/overlay/IconShapeTeardrop changed; collecting certs
06-19 07:20:16.144 I/PackageManager( 1916): /system/product/overlay/AccentColorOcean changed; collecting certs
06-19 07:20:16.145 I/PackageManager( 1916): /system/product/overlay/NavigationBarModeGestural changed; collecting certs
06-19 07:20:16.149 I/PackageManager( 1916): /system/product/overlay/NavigationBarModeGesturalNarrowBack changed; collecting certs
06-19 07:20:16.150 I/PackageManager( 1916): /system/product/overlay/IconPackFilledSettings changed; collecting certs
06-19 07:20:16.152 I/PackageManager( 1916): /system/product/overlay/AccentColorBlack changed; collecting certs
06-19 07:20:16.152 I/PackageManager( 1916): /system/product/overlay/AccentColorOrchid changed; collecting certs
06-19 07:20:16.153 I/PackageManager( 1916): /system/product/overlay/IconPackCircularSystemUI changed; collecting certs
06-19 07:20:16.154 I/PackageManager( 1916): /system/product/overlay/NavigationBarMode3Button changed; collecting certs
06-19 07:20:16.154 I/PackageManager( 1916): /system/product/overlay/IconPackFilledSystemUI changed; collecting certs
06-19 07:20:16.155 I/PackageManager( 1916): /system/product/overlay/EmulationPixel4XL changed; collecting certs
06-19 07:20:16.155 I/PackageManager( 1916): /system/product/overlay/DisplayCutoutEmulationTall changed; collecting certs
06-19 07:20:16.156 I/PackageManager( 1916): /system/product/overlay/SystemUIEmulationPixel4XL changed; collecting certs
06-19 07:20:16.157 I/PackageManager( 1916): /system/product/overlay/DisplayCutoutEmulationDouble changed; collecting certs
06-19 07:20:16.159 I/PackageManager( 1916): /system/product/overlay/NavigationBarModeGesturalExtraWideBack changed; collecting certs
06-19 07:20:16.163 I/PackageManager( 1916): /system/product/overlay/EmulatorConfigOverlay.apk changed; collecting certs
06-19 07:20:16.164 I/PackageManager( 1916): /system/product/overlay/SystemUIEmulationPixel4 changed; collecting certs
06-19 07:20:16.165 I/PackageManager( 1916): /system/product/overlay/IconPackFilledLauncher changed; collecting certs
06-19 07:20:16.166 I/PackageManager( 1916): /system/product/overlay/SystemUIEmulationPixel3aXL changed; collecting certs
06-19 07:20:16.167 I/PackageManager( 1916): /system/product/overlay/DisplayCutoutEmulationCorner changed; collecting certs
06-19 07:20:16.168 I/PackageManager( 1916): /system/product/overlay/AccentColorCinnamon changed; collecting certs
06-19 07:20:16.170 I/PackageManager( 1916): /system/product/overlay/IconShapeSquircle changed; collecting certs
06-19 07:20:16.170 I/PackageManager( 1916): /system/product/overlay/IconPackRoundedAndroid changed; collecting certs
06-19 07:20:16.209 I/PackageManager( 1916): /system/product/overlay/DisplayCutoutEmulationEmu01 changed; collecting certs
06-19 07:20:16.210 I/PackageManager( 1916): /system/product/overlay/SystemUIEmulationPixel2XL changed; collecting certs
06-19 07:20:16.212 I/PackageManager( 1916): /system/product/overlay/SystemUIEmulationPixel3a changed; collecting certs
06-19 07:20:16.213 I/PackageManager( 1916): /system/product/overlay/SystemUIEmulationPixel4a changed; collecting certs
06-19 07:20:16.214 I/PackageManager( 1916): /system/product/overlay/IconPackRoundedSystemUI changed; collecting certs
06-19 07:20:16.215 I/PackageManager( 1916): /system/product/overlay/IconPackCircularSettings changed; collecting certs
06-19 07:20:16.217 I/PackageManager( 1916): /system/product/overlay/IconPackCircularLauncher changed; collecting certs
06-19 07:20:16.217 I/PackageManager( 1916): /system/product/overlay/GoogleWebViewOverlay.apk changed; collecting certs
06-19 07:20:16.218 I/PackageManager( 1916): /system/product/overlay/NavigationBarModeGesturalWideBack changed; collecting certs
06-19 07:20:16.218 I/PackageManager( 1916): /system/product/overlay/IconPackCircularThemePicker changed; collecting certs
06-19 07:20:16.219 I/PackageManager( 1916): /system/product/overlay/NavigationBarMode2Button changed; collecting certs
06-19 07:20:16.219 I/PackageManager( 1916): /system/product/overlay/IconPackCircularAndroid changed; collecting certs
06-19 07:20:16.220 I/PackageManager( 1916): /system/product/overlay/SystemUIEmulationPixel3 changed; collecting certs
06-19 07:20:16.221 I/PackageManager( 1916): /system/product/overlay/IconPackFilledAndroid changed; collecting certs
06-19 07:20:16.221 I/PackageManager( 1916): /system/product/overlay/AccentColorSpace changed; collecting certs
06-19 07:20:16.222 I/PackageManager( 1916): /system/product/overlay/EmulationPixel3XL changed; collecting certs
06-19 07:20:16.222 I/PackageManager( 1916): /system/product/overlay/SystemUIEmulationPixel3XL changed; collecting certs
06-19 07:20:16.229 I/PackageManager( 1916): /system/product/overlay/IconPackRoundedLauncher changed; collecting certs
06-19 07:20:16.229 I/PackageManager( 1916): /system/product/overlay/GooglePermissionControllerOverlay.apk changed; collecting certs
06-19 07:20:16.230 I/PackageManager( 1916): /system/product/overlay/EmulationPixel2XL changed; collecting certs
06-19 07:20:16.230 I/PackageManager( 1916): /system/product/overlay/AccentColorPurple changed; collecting certs
06-19 07:20:16.231 I/PackageManager( 1916): /system/product/overlay/EmulationPixel4 changed; collecting certs
06-19 07:20:16.231 I/ServiceManager( 1780): Waiting for service 'package_native' on '/dev/binder'...
06-19 07:20:16.232 D/PackageManager( 1916): No files in app dir /product_services/overlay
06-19 07:20:16.232 D/PackageManager( 1916): No files in app dir /odm/overlay
06-19 07:20:16.232 D/PackageManager( 1916): No files in app dir /oem/overlay
06-19 07:20:16.234 W/PackageManager( 1916): Failed to parse /system/framework/x86: Missing base APK in /system/framework/x86
06-19 07:20:16.235 W/PackageManager( 1916): Failed to parse /system/framework/x86_64: Missing base APK in /system/framework/x86_64
06-19 07:20:16.235 W/PackageManager( 1916): Failed to parse /system/framework/oat: Missing base APK in /system/framework/oat
06-19 07:20:16.256 I/PackageManager( 1916): /system/framework/framework-res.apk changed; collecting certs
06-19 07:20:16.257 E/PackageManager( 1916): Adding duplicate shared id: 1000 name=android
06-19 07:20:16.263 I/PackageManager( 1916): /system/priv-app/MultiDisplayProvider changed; collecting certs
06-19 07:20:16.264 E/PackageManager( 1916): Adding duplicate shared id: 1000 name=com.android.emulator.multidisplay
06-19 07:20:16.271 I/PackageManager( 1916): New shared user android.media: id=10054
06-19 07:20:16.271 I/PackageManager( 1916): /system/priv-app/DownloadProvider changed; collecting certs
06-19 07:20:16.271 E/PackageManager( 1916): Adding duplicate app id: 10054 name=com.android.providers.downloads
06-19 07:20:16.272 I/PackageManager( 1916): New shared user android.uid.shared: id=10055
06-19 07:20:16.272 I/PackageManager( 1916): /system/priv-app/UserDictionaryProvider changed; collecting certs
06-19 07:20:16.272 E/PackageManager( 1916): Adding duplicate app id: 10055 name=com.android.providers.userdictionary
06-19 07:20:16.275 I/PackageManager( 1916): /system/priv-app/ProxyHandler changed; collecting certs
06-19 07:20:16.281 I/PackageManager( 1916): /system/priv-app/CtsShimPrivPrebuilt changed; collecting certs
06-19 07:20:16.284 I/PackageManager( 1916): /system/priv-app/DownloadProviderUi changed; collecting certs
06-19 07:20:16.285 E/PackageManager( 1916): Adding duplicate app id: 10054 name=com.android.providers.downloads.ui
06-19 07:20:16.285 I/PackageManager( 1916): /system/priv-app/CellBroadcastReceiver changed; collecting certs
06-19 07:20:16.289 I/PackageManager( 1916): /system/priv-app/ManagedProvisioning changed; collecting certs
06-19 07:20:16.292 I/PackageManager( 1916): /system/priv-app/VpnDialogs changed; collecting certs
06-19 07:20:16.297 I/PackageManager( 1916): New shared user android.uid.calendar: id=10061
06-19 07:20:16.297 I/PackageManager( 1916): /system/priv-app/CalendarProvider changed; collecting certs
06-19 07:20:16.298 E/PackageManager( 1916): Adding duplicate app id: 10061 name=com.android.providers.calendar
06-19 07:20:16.300 W/PackageParser( 1916): Ignoring duplicate uses-permissions/uses-permissions-sdk-m: android.permission.INSTALL_GRANT_RUNTIME_PERMISSIONS in package: com.android.shell at: Binary XML file line #127
06-19 07:20:16.306 I/PackageManager( 1916): /system/priv-app/Shell changed; collecting certs
06-19 07:20:16.306 E/PackageManager( 1916): Adding duplicate shared id: 2000 name=com.android.shell
06-19 07:20:16.307 I/PackageManager( 1916): /system/priv-app/NetworkStack changed; collecting certs
06-19 07:20:16.309 E/PackageManager( 1916): Adding duplicate shared id: 1073 name=com.google.android.networkstack
06-19 07:20:16.312 I/PackageManager( 1916): /system/priv-app/Tag changed; collecting certs
06-19 07:20:16.316 W/PackageParser( 1916): No actions in intent filter at /system/priv-app/GoogleRestorePrebuilt/GoogleRestorePrebuilt.apk Binary XML file line #93
06-19 07:20:16.317 I/PackageManager( 1916): /system/priv-app/MmsService changed; collecting certs
06-19 07:20:16.318 E/PackageManager( 1916): Adding duplicate shared id: 1001 name=com.android.mms.service
06-19 07:20:16.318 I/PackageManager( 1916): /system/priv-app/GoogleRestorePrebuilt changed; collecting certs
06-19 07:20:16.321 I/PackageManager( 1916): /system/priv-app/StatementService changed; collecting certs
06-19 07:20:16.325 I/PackageManager( 1916): /system/priv-app/TimeZoneUpdater changed; collecting certs
06-19 07:20:16.325 I/PackageManager( 1916): /system/priv-app/InputDevices changed; collecting certs
06-19 07:20:16.326 E/PackageManager( 1916): Adding duplicate shared id: 1000 name=com.android.inputdevices
06-19 07:20:16.327 I/PackageManager( 1916): /system/priv-app/DocumentsUI changed; collecting certs
06-19 07:20:16.330 I/PackageManager( 1916): /system/priv-app/SharedStorageBackup changed; collecting certs
06-19 07:20:16.332 I/PackageManager( 1916): /system/priv-app/BackupRestoreConfirmation changed; collecting certs
06-19 07:20:16.332 I/ServiceManager( 1780): Waiting for service 'package_native' on '/dev/binder'...
06-19 07:20:16.333 I/PackageManager( 1916): /system/priv-app/DynamicSystemInstallationService changed; collecting certs
06-19 07:20:16.334 E/PackageManager( 1916): Adding duplicate shared id: 1000 name=com.android.dynsystem
06-19 07:20:16.335 I/PackageManager( 1916): /system/priv-app/NetworkPermissionConfig changed; collecting certs
06-19 07:20:16.341 E/PackageManager( 1916): Adding duplicate shared id: 1073 name=com.google.android.networkstack.permissionconfig
06-19 07:20:16.341 I/PackageManager( 1916): /system/priv-app/TelephonyProvider changed; collecting certs
06-19 07:20:16.343 E/PackageManager( 1916): Adding duplicate shared id: 1001 name=com.android.providers.telephony
06-19 07:20:16.343 I/PackageManager( 1916): /system/priv-app/ONS changed; collecting certs
06-19 07:20:16.344 E/PackageManager( 1916): Adding duplicate shared id: 1001 name=com.android.ons
06-19 07:20:16.344 I/PackageManager( 1916): /system/priv-app/SettingsProvider changed; collecting certs
06-19 07:20:16.345 E/PackageManager( 1916): Adding duplicate shared id: 1000 name=com.android.providers.settings
06-19 07:20:16.346 I/PackageManager( 1916): /system/priv-app/MtpDocumentsProvider changed; collecting certs
06-19 07:20:16.351 E/PackageManager( 1916): Adding duplicate app id: 10054 name=com.android.mtp
06-19 07:20:16.351 I/PackageManager( 1916): /system/priv-app/BlockedNumberProvider changed; collecting certs
06-19 07:20:16.351 E/PackageManager( 1916): Adding duplicate app id: 10055 name=com.android.providers.blockednumber
06-19 07:20:16.352 I/PackageManager( 1916): /system/priv-app/MusicFX changed; collecting certs
06-19 07:20:16.352 I/PackageManager( 1916): /system/priv-app/ContactsProvider changed; collecting certs
06-19 07:20:16.353 E/PackageManager( 1916): Adding duplicate app id: 10055 name=com.android.providers.contacts
06-19 07:20:16.353 I/PackageManager( 1916): /system/priv-app/GoogleExtServices changed; collecting certs
06-19 07:20:16.354 I/PackageManager( 1916): /system/priv-app/TeleService changed; collecting certs
06-19 07:20:16.357 E/PackageManager( 1916): Adding duplicate shared id: 1001 name=com.android.phone
06-19 07:20:16.364 I/PackageManager( 1916): /system/priv-app/ExternalStorageProvider changed; collecting certs
06-19 07:20:16.366 I/PackageManager( 1916): /system/priv-app/FusedLocation changed; collecting certs
06-19 07:20:16.367 E/PackageManager( 1916): Adding duplicate shared id: 1000 name=com.android.location.fused
06-19 07:20:16.369 I/PackageManager( 1916): /system/priv-app/CallLogBackup changed; collecting certs
06-19 07:20:16.374 E/PackageManager( 1916): Adding duplicate app id: 10055 name=com.android.calllogbackup
06-19 07:20:16.374 I/PackageManager( 1916): /system/priv-app/MediaProvider changed; collecting certs
06-19 07:20:16.375 E/PackageManager( 1916): Adding duplicate app id: 10054 name=com.android.providers.media
06-19 07:20:16.376 I/PackageManager( 1916): /system/priv-app/GoogleSdkSetup changed; collecting certs
06-19 07:20:16.377 I/PackageManager( 1916): /system/priv-app/LocalTransport changed; collecting certs
06-19 07:20:16.377 E/PackageManager( 1916): Adding duplicate shared id: 1000 name=com.android.localtransport
06-19 07:20:16.378 I/PackageManager( 1916): /system/priv-app/GooglePackageInstaller changed; collecting certs
06-19 07:20:16.378 I/PackageManager( 1916): /system/priv-app/Telecom changed; collecting certs
06-19 07:20:16.379 E/PackageManager( 1916): Adding duplicate shared id: 1000 name=com.android.server.telecom
06-19 07:20:16.394 E/        ( 1772): idmap failed, status=0x0100
06-19 07:20:16.395 E/PackageManager( 1916): Failed to generate idmap for /system/priv-app/GooglePermissionController/GooglePermissionController.apk and /product/overlay/GooglePermissionControllerOverlay.apk
06-19 07:20:16.397 I/PackageManager( 1916): /system/priv-app/GooglePermissionController changed; collecting certs
06-19 07:20:16.403 I/PackageManager( 1916): /system/app/BasicDreams changed; collecting certs
06-19 07:20:16.405 I/PackageManager( 1916): /system/app/CtsShimPrebuilt changed; collecting certs
06-19 07:20:16.413 I/PackageManager( 1916): /system/app/EasterEgg changed; collecting certs
06-19 07:20:16.414 I/PackageManager( 1916): /system/app/LiveWallpapersPicker changed; collecting certs
06-19 07:20:16.417 I/PackageManager( 1916): /system/app/CompanionDeviceManager changed; collecting certs
06-19 07:20:16.422 I/PackageManager( 1916): /system/app/Traceur changed; collecting certs
06-19 07:20:16.425 I/PackageManager( 1916): /system/app/PrintSpooler changed; collecting certs
06-19 07:20:16.428 I/PackageManager( 1916): /system/app/WallpaperBackup changed; collecting certs
06-19 07:20:16.428 W/PackageParser( 1916): Ignoring duplicate uses-permissions/uses-permissions-sdk-m: android.permission.READ_CONTACTS in package: com.android.bluetooth at: Binary XML file line #67
06-19 07:20:16.429 E/PackageManager( 1916): Adding duplicate shared id: 1000 name=com.android.wallpaperbackup
06-19 07:20:16.430 W/PackageParser( 1916): No actions in intent filter at /system/app/Bluetooth/Bluetooth.apk Binary XML file line #263
06-19 07:20:16.432 I/ServiceManager( 1780): Waiting for service 'package_native' on '/dev/binder'...
06-19 07:20:16.434 I/PackageManager( 1916): /system/app/Bluetooth changed; collecting certs
06-19 07:20:16.435 E/PackageManager( 1916): Adding duplicate shared id: 1002 name=com.android.bluetooth
06-19 07:20:16.436 I/PackageManager( 1916): /system/app/SecureElement changed; collecting certs
06-19 07:20:16.437 E/PackageManager( 1916): Adding duplicate shared id: 1068 name=com.android.se
06-19 07:20:16.440 I/PackageManager( 1916): /system/app/CaptivePortalLogin changed; collecting certs
06-19 07:20:16.441 I/PackageManager( 1916): /system/app/KeyChain changed; collecting certs
06-19 07:20:16.442 E/PackageManager( 1916): Adding duplicate shared id: 1000 name=com.android.keychain
06-19 07:20:16.444 I/PackageManager( 1916): /system/app/BookmarkProvider changed; collecting certs
06-19 07:20:16.451 I/PackageManager( 1916): /system/app/SimAppDialog changed; collecting certs
06-19 07:20:16.452 I/PackageManager( 1916): /system/app/KoreanIME changed; collecting certs
06-19 07:20:16.456 I/PackageManager( 1916): /system/app/CertInstaller changed; collecting certs
06-19 07:20:16.457 I/PackageManager( 1916): /system/app/RcsService changed; collecting certs
06-19 07:20:16.458 E/PackageManager( 1916): Adding duplicate shared id: 1001 name=com.android.service.ims
06-19 07:20:16.458 I/PackageManager( 1916): /system/app/WAPPushManager changed; collecting certs
06-19 07:20:16.460 I/PackageManager( 1916): /system/app/BluetoothMidiService changed; collecting certs
06-19 07:20:16.462 I/PackageManager( 1916): /system/app/LicenseChecker changed; collecting certs
06-19 07:20:16.467 I/PackageManager( 1916): /system/app/OsuLogin changed; collecting certs
06-19 07:20:16.471 W/PackageParser( 1916): Ignoring duplicate uses-permissions/uses-permissions-sdk-m: android.permission.CHANGE_WIFI_STATE in package: com.android.nfc at: Binary XML file line #52
06-19 07:20:16.471 W/PackageParser( 1916): Ignoring duplicate uses-permissions/uses-permissions-sdk-m: android.permission.ACCESS_WIFI_STATE in package: com.android.nfc at: Binary XML file line #53
06-19 07:20:16.471 I/PackageManager( 1916): /system/app/BuiltInPrintService changed; collecting certs
06-19 07:20:16.476 I/PackageManager( 1916): /system/app/PartnerBookmarksProvider changed; collecting certs
06-19 07:20:16.479 I/PackageManager( 1916): /system/app/NfcNci changed; collecting certs
06-19 07:20:16.482 E/PackageManager( 1916): Adding duplicate shared id: 1027 name=com.android.nfc
06-19 07:20:16.483 I/PackageManager( 1916): /system/app/PresencePolling changed; collecting certs
06-19 07:20:16.484 E/PackageManager( 1916): Adding duplicate shared id: 1001 name=com.android.service.ims.presence
06-19 07:20:16.485 I/PackageManager( 1916): /system/app/PacProcessor changed; collecting certs
06-19 07:20:16.487 I/PackageManager( 1916): /system/app/GooglePrintRecommendationService changed; collecting certs
06-19 07:20:16.493 I/PackageManager( 1916): /system/app/Stk changed; collecting certs
06-19 07:20:16.493 E/PackageManager( 1916): Adding duplicate shared id: 1001 name=com.android.stk
06-19 07:20:16.495 I/PackageManager( 1916): /system/app/GoogleHindiIME changed; collecting certs
06-19 07:20:16.500 I/PackageManager( 1916): /system/app/GooglePinyinIME changed; collecting certs
06-19 07:20:16.502 W/PackageParser( 1916): No actions in intent filter at /system/app/CarrierDefaultApp/CarrierDefaultApp.apk Binary XML file line #43
06-19 07:20:16.503 I/PackageManager( 1916): /system/app/SafetyRegulatoryInfo changed; collecting certs
06-19 07:20:16.504 I/PackageManager( 1916): /system/app/HTMLViewer changed; collecting certs
06-19 07:20:16.505 I/PackageManager( 1916): /system/app/WallpapersUsTwo changed; collecting certs
06-19 07:20:16.505 I/PackageManager( 1916): /system/app/GoogleExtShared changed; collecting certs
06-19 07:20:16.506 I/PackageManager( 1916): /system/app/CarrierDefaultApp changed; collecting certs
06-19 07:20:16.507 D/PackageManager( 1916): No files in app dir /vendor/priv-app
06-19 07:20:16.507 D/PackageManager( 1916): No files in app dir /vendor/app
06-19 07:20:16.507 D/PackageManager( 1916): No files in app dir /odm/priv-app
06-19 07:20:16.507 D/PackageManager( 1916): No files in app dir /odm/app
06-19 07:20:16.507 D/PackageManager( 1916): No files in app dir /oem/app
06-19 07:20:16.517 I/PackageManager( 1916): /system/product/priv-app/ConfigUpdater changed; collecting certs
06-19 07:20:16.529 I/PackageManager( 1916): /system/product/priv-app/GoogleFeedback changed; collecting certs
06-19 07:20:16.532 I/ServiceManager( 1780): Waiting for service 'package_native' on '/dev/binder'...
06-19 07:20:16.533 W/PackageParser( 1916): Unknown element under <manifest>: meta-data at /system/product/priv-app/Dialer/Dialer.apk Binary XML file line #115
06-19 07:20:16.534 I/PackageManager( 1916): /system/product/priv-app/SettingsIntelligence changed; collecting certs
06-19 07:20:16.540 I/PackageManager( 1916): /system/product/priv-app/Dialer changed; collecting certs
06-19 07:20:16.549 I/PackageManager( 1916): /system/product/priv-app/WallpaperPickerGooglePrebuilt changed; collecting certs
06-19 07:20:16.560 I/PackageManager( 1916): /system/product/priv-app/GoogleANGLE changed; collecting certs
06-19 07:20:16.571 I/PackageManager( 1916): /system/product/priv-app/NexusLauncherRelease changed; collecting certs
06-19 07:20:16.584 W/PackageParser( 1916): No actions in intent filter at /system/product/priv-app/AndroidAutoFullPrebuilt/AndroidAutoFullPrebuilt.apk Binary XML file line #1276
06-19 07:20:16.588 I/PackageManager( 1916): New shared user com.google.android.projection.gearhead: id=10109
06-19 07:20:16.588 I/PackageManager( 1916): /system/product/priv-app/AndroidAutoFullPrebuilt changed; collecting certs
06-19 07:20:16.589 E/PackageManager( 1916): Adding duplicate app id: 10109 name=com.google.android.projection.gearhead
06-19 07:20:16.595 I/PackageManager( 1916): /system/product/priv-app/SetupWizardPrebuilt changed; collecting certs
06-19 07:20:16.599 I/PackageManager( 1916): /system/product/priv-app/GoogleOneTimeInitializer changed; collecting certs
06-19 07:20:16.601 W/PackageParser( 1916): Ignoring duplicate uses-permissions/uses-permissions-sdk-m: android.permission.CONFIGURE_WIFI_DISPLAY in package: com.android.systemui at: Binary XML file line #158
06-19 07:20:16.603 I/PackageManager( 1916): /system/product/priv-app/CarrierConfig changed; collecting certs
06-19 07:20:16.610 W/PackageParser( 1916): No actions in intent filter at /system/product/priv-app/Contacts/Contacts.apk Binary XML file line #411
06-19 07:20:16.610 I/PackageManager( 1916): New shared user com.android.uid.omadm.service: id=10113
06-19 07:20:16.610 I/PackageManager( 1916): /system/product/priv-app/DMService changed; collecting certs
06-19 07:20:16.613 I/PackageParser( 1916): Parse times for '/system/product/priv-app/SystemUIGoogle': parse=93ms, update_cache=9 ms
06-19 07:20:16.614 E/PackageManager( 1916): Adding duplicate app id: 10113 name=com.android.omadm.service
06-19 07:20:16.615 I/PackageManager( 1916): /system/product/priv-app/Contacts changed; collecting certs
06-19 07:20:16.616 I/PackageManager( 1916): New shared user android.uid.systemui: id=10115
06-19 07:20:16.616 I/PackageManager( 1916): /system/product/priv-app/SystemUIGoogle changed; collecting certs
06-19 07:20:16.617 E/PackageManager( 1916): Adding duplicate app id: 10115 name=com.android.systemui
06-19 07:20:16.622 W/PackageParser( 1916): Ignoring duplicate uses-permissions/uses-permissions-sdk-m: android.permission.READ_PRIVILEGED_PHONE_STATE in package: com.google.android.partnersetup at: Binary XML file line #56
06-19 07:20:16.624 I/PackageManager( 1916): /system/product/priv-app/GooglePartnerSetup changed; collecting certs
06-19 07:20:16.631 I/PackageManager( 1916): /system/product/priv-app/AndroidMigratePrebuilt changed; collecting certs
06-19 07:20:16.633 I/ServiceManager( 1780): Waiting for service 'package_native' on '/dev/binder'...
06-19 07:20:16.640 I/PackageManager( 1916): /system/product/priv-app/StorageManager changed; collecting certs
06-19 07:20:16.641 I/PackageManager( 1916): /system/product/priv-app/CarrierServices changed; collecting certs
06-19 07:20:16.645 I/PackageManager( 1916): New shared user com.google.uid.shared: id=10120
06-19 07:20:16.645 I/PackageManager( 1916): /system/product/priv-app/GoogleServicesFramework changed; collecting certs
06-19 07:20:16.645 E/PackageManager( 1916): Adding duplicate app id: 10120 name=com.google.android.gsf
06-19 07:20:16.667 I/PackageManager( 1916): New shared user com.android.emergency.uid: id=10121
06-19 07:20:16.667 I/PackageManager( 1916): /system/product/priv-app/EmergencyInfo changed; collecting certs
06-19 07:20:16.669 E/PackageManager( 1916): Adding duplicate app id: 10121 name=com.android.emergency
06-19 07:20:16.683 W/PackageParser( 1916): Unknown element under <manifest>: attribution at /system/product/priv-app/PrebuiltGmsCore/PrebuiltGmsCore.apk Binary XML file line #5
06-19 07:20:16.683 W/PackageParser( 1916): Unknown element under <manifest>: attribution at /system/product/priv-app/PrebuiltGmsCore/PrebuiltGmsCore.apk Binary XML file line #6
06-19 07:20:16.683 W/PackageParser( 1916): Unknown element under <manifest>: attribution at /system/product/priv-app/PrebuiltGmsCore/PrebuiltGmsCore.apk Binary XML file line #7
06-19 07:20:16.683 W/PackageParser( 1916): Unknown element under <manifest>: attribution at /system/product/priv-app/PrebuiltGmsCore/PrebuiltGmsCore.apk Binary XML file line #8
06-19 07:20:16.683 W/PackageParser( 1916): Unknown element under <manifest>: attribution at /system/product/priv-app/PrebuiltGmsCore/PrebuiltGmsCore.apk Binary XML file line #9
06-19 07:20:16.683 W/PackageParser( 1916): Unknown element under <manifest>: attribution at /system/product/priv-app/PrebuiltGmsCore/PrebuiltGmsCore.apk Binary XML file line #10
06-19 07:20:16.683 W/PackageParser( 1916): Unknown element under <manifest>: attribution at /system/product/priv-app/PrebuiltGmsCore/PrebuiltGmsCore.apk Binary XML file line #11
06-19 07:20:16.683 W/PackageParser( 1916): Unknown element under <manifest>: attribution at /system/product/priv-app/PrebuiltGmsCore/PrebuiltGmsCore.apk Binary XML file line #12
06-19 07:20:16.683 W/PackageParser( 1916): Unknown element under <manifest>: attribution at /system/product/priv-app/PrebuiltGmsCore/PrebuiltGmsCore.apk Binary XML file line #13
06-19 07:20:16.683 W/PackageParser( 1916): Unknown element under <manifest>: attribution at /system/product/priv-app/PrebuiltGmsCore/PrebuiltGmsCore.apk Binary XML file line #14
06-19 07:20:16.683 W/PackageParser( 1916): Unknown element under <manifest>: attribution at /system/product/priv-app/PrebuiltGmsCore/PrebuiltGmsCore.apk Binary XML file line #15
06-19 07:20:16.683 W/PackageParser( 1916): Unknown element under <manifest>: attribution at /system/product/priv-app/PrebuiltGmsCore/PrebuiltGmsCore.apk Binary XML file line #16
06-19 07:20:16.683 W/PackageParser( 1916): Unknown element under <manifest>: attribution at /system/product/priv-app/PrebuiltGmsCore/PrebuiltGmsCore.apk Binary XML file line #17
06-19 07:20:16.683 W/PackageParser( 1916): Unknown element under <manifest>: attribution at /system/product/priv-app/PrebuiltGmsCore/PrebuiltGmsCore.apk Binary XML file line #18
06-19 07:20:16.683 W/PackageParser( 1916): Unknown element under <manifest>: attribution at /system/product/priv-app/PrebuiltGmsCore/PrebuiltGmsCore.apk Binary XML file line #19
06-19 07:20:16.683 W/PackageParser( 1916): Unknown element under <manifest>: attribution at /system/product/priv-app/PrebuiltGmsCore/PrebuiltGmsCore.apk Binary XML file line #20
06-19 07:20:16.683 W/PackageParser( 1916): Unknown element under <manifest>: attribution at /system/product/priv-app/PrebuiltGmsCore/PrebuiltGmsCore.apk Binary XML file line #21
06-19 07:20:16.683 W/PackageParser( 1916): Unknown element under <manifest>: attribution at /system/product/priv-app/PrebuiltGmsCore/PrebuiltGmsCore.apk Binary XML file line #22
06-19 07:20:16.683 W/PackageParser( 1916): Unknown element under <manifest>: attribution at /system/product/priv-app/PrebuiltGmsCore/PrebuiltGmsCore.apk Binary XML file line #23
06-19 07:20:16.683 W/PackageParser( 1916): Unknown element under <manifest>: attribution at /system/product/priv-app/PrebuiltGmsCore/PrebuiltGmsCore.apk Binary XML file line #24
06-19 07:20:16.683 W/PackageParser( 1916): Unknown element under <manifest>: attribution at /system/product/priv-app/PrebuiltGmsCore/PrebuiltGmsCore.apk Binary XML file line #25
06-19 07:20:16.683 W/PackageParser( 1916): Unknown element under <manifest>: attribution at /system/product/priv-app/PrebuiltGmsCore/PrebuiltGmsCore.apk Binary XML file line #26
06-19 07:20:16.683 W/PackageParser( 1916): Unknown element under <manifest>: attribution at /system/product/priv-app/PrebuiltGmsCore/PrebuiltGmsCore.apk Binary XML file line #27
06-19 07:20:16.683 W/PackageParser( 1916): Unknown element under <manifest>: attribution at /system/product/priv-app/PrebuiltGmsCore/PrebuiltGmsCore.apk Binary XML file line #28
06-19 07:20:16.683 W/PackageParser( 1916): Unknown element under <manifest>: attribution at /system/product/priv-app/PrebuiltGmsCore/PrebuiltGmsCore.apk Binary XML file line #29
06-19 07:20:16.683 W/PackageParser( 1916): Unknown element under <manifest>: attribution at /system/product/priv-app/PrebuiltGmsCore/PrebuiltGmsCore.apk Binary XML file line #30
06-19 07:20:16.683 W/PackageParser( 1916): Unknown element under <manifest>: attribution at /system/product/priv-app/PrebuiltGmsCore/PrebuiltGmsCore.apk Binary XML file line #31
06-19 07:20:16.683 W/PackageParser( 1916): Unknown element under <manifest>: attribution at /system/product/priv-app/PrebuiltGmsCore/PrebuiltGmsCore.apk Binary XML file line #32
06-19 07:20:16.683 W/PackageParser( 1916): Unknown element under <manifest>: attribution at /system/product/priv-app/PrebuiltGmsCore/PrebuiltGmsCore.apk Binary XML file line #33
06-19 07:20:16.683 W/PackageParser( 1916): Unknown element under <manifest>: attribution at /system/product/priv-app/PrebuiltGmsCore/PrebuiltGmsCore.apk Binary XML file line #34
06-19 07:20:16.683 W/PackageParser( 1916): Unknown element under <manifest>: attribution at /system/product/priv-app/PrebuiltGmsCore/PrebuiltGmsCore.apk Binary XML file line #35
06-19 07:20:16.683 W/PackageParser( 1916): Unknown element under <manifest>: attribution at /system/product/priv-app/PrebuiltGmsCore/PrebuiltGmsCore.apk Binary XML file line #36
06-19 07:20:16.683 W/PackageParser( 1916): Unknown element under <manifest>: attribution at /system/product/priv-app/PrebuiltGmsCore/PrebuiltGmsCore.apk Binary XML file line #37
06-19 07:20:16.683 W/PackageParser( 1916): Unknown element under <manifest>: attribution at /system/product/priv-app/PrebuiltGmsCore/PrebuiltGmsCore.apk Binary XML file line #38
06-19 07:20:16.683 W/PackageParser( 1916): Unknown element under <manifest>: attribution at /system/product/priv-app/PrebuiltGmsCore/PrebuiltGmsCore.apk Binary XML file line #39
06-19 07:20:16.683 W/PackageParser( 1916): Unknown element under <manifest>: attribution at /system/product/priv-app/PrebuiltGmsCore/PrebuiltGmsCore.apk Binary XML file line #40
06-19 07:20:16.683 W/PackageParser( 1916): Unknown element under <manifest>: attribution at /system/product/priv-app/PrebuiltGmsCore/PrebuiltGmsCore.apk Binary XML file line #41
06-19 07:20:16.683 W/PackageParser( 1916): Unknown element under <manifest>: attribution at /system/product/priv-app/PrebuiltGmsCore/PrebuiltGmsCore.apk Binary XML file line #42
06-19 07:20:16.683 W/PackageParser( 1916): Unknown element under <manifest>: attribution at /system/product/priv-app/PrebuiltGmsCore/PrebuiltGmsCore.apk Binary XML file line #43
06-19 07:20:16.683 W/PackageParser( 1916): Unknown element under <manifest>: attribution at /system/product/priv-app/PrebuiltGmsCore/PrebuiltGmsCore.apk Binary XML file line #44
06-19 07:20:16.683 W/PackageParser( 1916): Unknown element under <manifest>: attribution at /system/product/priv-app/PrebuiltGmsCore/PrebuiltGmsCore.apk Binary XML file line #45
06-19 07:20:16.683 W/PackageParser( 1916): Unknown element under <manifest>: attribution at /system/product/priv-app/PrebuiltGmsCore/PrebuiltGmsCore.apk Binary XML file line #46
06-19 07:20:16.683 W/PackageParser( 1916): Unknown element under <manifest>: attribution at /system/product/priv-app/PrebuiltGmsCore/PrebuiltGmsCore.apk Binary XML file line #47
06-19 07:20:16.683 W/PackageParser( 1916): Unknown element under <manifest>: attribution at /system/product/priv-app/PrebuiltGmsCore/PrebuiltGmsCore.apk Binary XML file line #48
06-19 07:20:16.683 W/PackageParser( 1916): Unknown element under <manifest>: attribution at /system/product/priv-app/PrebuiltGmsCore/PrebuiltGmsCore.apk Binary XML file line #49
06-19 07:20:16.683 W/PackageParser( 1916): Unknown element under <manifest>: attribution at /system/product/priv-app/PrebuiltGmsCore/PrebuiltGmsCore.apk Binary XML file line #50
06-19 07:20:16.683 W/PackageParser( 1916): Unknown element under <manifest>: attribution at /system/product/priv-app/PrebuiltGmsCore/PrebuiltGmsCore.apk Binary XML file line #51
06-19 07:20:16.683 W/PackageParser( 1916): Unknown element under <manifest>: attribution at /system/product/priv-app/PrebuiltGmsCore/PrebuiltGmsCore.apk Binary XML file line #52
06-19 07:20:16.683 W/PackageParser( 1916): Unknown element under <manifest>: attribution at /system/product/priv-app/PrebuiltGmsCore/PrebuiltGmsCore.apk Binary XML file line #53
06-19 07:20:16.683 W/PackageParser( 1916): Unknown element under <manifest>: attribution at /system/product/priv-app/PrebuiltGmsCore/PrebuiltGmsCore.apk Binary XML file line #54
06-19 07:20:16.683 W/PackageParser( 1916): Unknown element under <manifest>: attribution at /system/product/priv-app/PrebuiltGmsCore/PrebuiltGmsCore.apk Binary XML file line #55
06-19 07:20:16.684 W/PackageParser( 1916): Unknown element under <manifest>: attribution at /system/product/priv-app/PrebuiltGmsCore/PrebuiltGmsCore.apk Binary XML file line #56
06-19 07:20:16.684 W/PackageParser( 1916): Unknown element under <manifest>: attribution at /system/product/priv-app/PrebuiltGmsCore/PrebuiltGmsCore.apk Binary XML file line #57
06-19 07:20:16.684 W/PackageParser( 1916): Unknown element under <manifest>: attribution at /system/product/priv-app/PrebuiltGmsCore/PrebuiltGmsCore.apk Binary XML file line #58
06-19 07:20:16.684 W/PackageParser( 1916): Unknown element under <manifest>: attribution at /system/product/priv-app/PrebuiltGmsCore/PrebuiltGmsCore.apk Binary XML file line #59
06-19 07:20:16.684 W/PackageParser( 1916): Unknown element under <manifest>: attribution at /system/product/priv-app/PrebuiltGmsCore/PrebuiltGmsCore.apk Binary XML file line #60
06-19 07:20:16.684 W/PackageParser( 1916): Unknown element under <manifest>: attribution at /system/product/priv-app/PrebuiltGmsCore/PrebuiltGmsCore.apk Binary XML file line #61
06-19 07:20:16.684 W/PackageParser( 1916): Unknown element under <manifest>: attribution at /system/product/priv-app/PrebuiltGmsCore/PrebuiltGmsCore.apk Binary XML file line #62
06-19 07:20:16.684 W/PackageParser( 1916): Unknown element under <manifest>: attribution at /system/product/priv-app/PrebuiltGmsCore/PrebuiltGmsCore.apk Binary XML file line #63
06-19 07:20:16.684 W/PackageParser( 1916): Unknown element under <manifest>: attribution at /system/product/priv-app/PrebuiltGmsCore/PrebuiltGmsCore.apk Binary XML file line #64
06-19 07:20:16.684 W/PackageParser( 1916): Unknown element under <manifest>: attribution at /system/product/priv-app/PrebuiltGmsCore/PrebuiltGmsCore.apk Binary XML file line #65
06-19 07:20:16.684 W/PackageParser( 1916): Unknown element under <manifest>: attribution at /system/product/priv-app/PrebuiltGmsCore/PrebuiltGmsCore.apk Binary XML file line #66
06-19 07:20:16.684 W/PackageParser( 1916): Unknown element under <manifest>: attribution at /system/product/priv-app/PrebuiltGmsCore/PrebuiltGmsCore.apk Binary XML file line #67
06-19 07:20:16.684 W/PackageParser( 1916): Unknown element under <manifest>: attribution at /system/product/priv-app/PrebuiltGmsCore/PrebuiltGmsCore.apk Binary XML file line #68
06-19 07:20:16.684 W/PackageParser( 1916): Unknown element under <manifest>: attribution at /system/product/priv-app/PrebuiltGmsCore/PrebuiltGmsCore.apk Binary XML file line #69
06-19 07:20:16.684 W/PackageParser( 1916): Unknown element under <manifest>: attribution at /system/product/priv-app/PrebuiltGmsCore/PrebuiltGmsCore.apk Binary XML file line #70
06-19 07:20:16.684 W/PackageParser( 1916): Unknown element under <manifest>: attribution at /system/product/priv-app/PrebuiltGmsCore/PrebuiltGmsCore.apk Binary XML file line #71
06-19 07:20:16.684 W/PackageParser( 1916): Unknown element under <manifest>: attribution at /system/product/priv-app/PrebuiltGmsCore/PrebuiltGmsCore.apk Binary XML file line #72
06-19 07:20:16.684 W/PackageParser( 1916): Unknown element under <manifest>: attribution at /system/product/priv-app/PrebuiltGmsCore/PrebuiltGmsCore.apk Binary XML file line #73
06-19 07:20:16.684 W/PackageParser( 1916): Unknown element under <manifest>: attribution at /system/product/priv-app/PrebuiltGmsCore/PrebuiltGmsCore.apk Binary XML file line #74
06-19 07:20:16.684 W/PackageParser( 1916): Unknown element under <manifest>: attribution at /system/product/priv-app/PrebuiltGmsCore/PrebuiltGmsCore.apk Binary XML file line #75
06-19 07:20:16.684 W/PackageParser( 1916): Unknown element under <manifest>: attribution at /system/product/priv-app/PrebuiltGmsCore/PrebuiltGmsCore.apk Binary XML file line #76
06-19 07:20:16.684 W/PackageParser( 1916): Unknown element under <manifest>: attribution at /system/product/priv-app/PrebuiltGmsCore/PrebuiltGmsCore.apk Binary XML file line #77
06-19 07:20:16.684 W/PackageParser( 1916): Unknown element under <manifest>: attribution at /system/product/priv-app/PrebuiltGmsCore/PrebuiltGmsCore.apk Binary XML file line #78
06-19 07:20:16.684 W/PackageParser( 1916): Unknown element under <manifest>: attribution at /system/product/priv-app/PrebuiltGmsCore/PrebuiltGmsCore.apk Binary XML file line #79
06-19 07:20:16.684 W/PackageParser( 1916): Unknown element under <manifest>: attribution at /system/product/priv-app/PrebuiltGmsCore/PrebuiltGmsCore.apk Binary XML file line #80
06-19 07:20:16.684 W/PackageParser( 1916): Unknown element under <manifest>: attribution at /system/product/priv-app/PrebuiltGmsCore/PrebuiltGmsCore.apk Binary XML file line #81
06-19 07:20:16.684 W/PackageParser( 1916): Unknown element under <manifest>: attribution at /system/product/priv-app/PrebuiltGmsCore/PrebuiltGmsCore.apk Binary XML file line #82
06-19 07:20:16.684 W/PackageParser( 1916): Unknown element under <manifest>: attribution at /system/product/priv-app/PrebuiltGmsCore/PrebuiltGmsCore.apk Binary XML file line #83
06-19 07:20:16.684 W/PackageParser( 1916): Unknown element under <manifest>: attribution at /system/product/priv-app/PrebuiltGmsCore/PrebuiltGmsCore.apk Binary XML file line #84
06-19 07:20:16.684 W/PackageParser( 1916): Unknown element under <manifest>: attribution at /system/product/priv-app/PrebuiltGmsCore/PrebuiltGmsCore.apk Binary XML file line #85
06-19 07:20:16.684 W/PackageParser( 1916): Unknown element under <manifest>: attribution at /system/product/priv-app/PrebuiltGmsCore/PrebuiltGmsCore.apk Binary XML file line #86
06-19 07:20:16.684 W/PackageParser( 1916): Unknown element under <manifest>: attribution at /system/product/priv-app/PrebuiltGmsCore/PrebuiltGmsCore.apk Binary XML file line #87
06-19 07:20:16.684 W/PackageParser( 1916): Unknown element under <manifest>: attribution at /system/product/priv-app/PrebuiltGmsCore/PrebuiltGmsCore.apk Binary XML file line #88
06-19 07:20:16.684 W/PackageParser( 1916): Unknown element under <manifest>: attribution at /system/product/priv-app/PrebuiltGmsCore/PrebuiltGmsCore.apk Binary XML file line #89
06-19 07:20:16.684 W/PackageParser( 1916): Unknown element under <manifest>: attribution at /system/product/priv-app/PrebuiltGmsCore/PrebuiltGmsCore.apk Binary XML file line #90
06-19 07:20:16.684 W/PackageParser( 1916): Unknown element under <manifest>: attribution at /system/product/priv-app/PrebuiltGmsCore/PrebuiltGmsCore.apk Binary XML file line #91
06-19 07:20:16.684 W/PackageParser( 1916): Unknown element under <manifest>: attribution at /system/product/priv-app/PrebuiltGmsCore/PrebuiltGmsCore.apk Binary XML file line #92
06-19 07:20:16.684 W/PackageParser( 1916): Unknown element under <manifest>: attribution at /system/product/priv-app/PrebuiltGmsCore/PrebuiltGmsCore.apk Binary XML file line #93
06-19 07:20:16.684 W/PackageParser( 1916): Unknown element under <manifest>: attribution at /system/product/priv-app/PrebuiltGmsCore/PrebuiltGmsCore.apk Binary XML file line #94
06-19 07:20:16.684 W/PackageParser( 1916): Unknown element under <manifest>: attribution at /system/product/priv-app/PrebuiltGmsCore/PrebuiltGmsCore.apk Binary XML file line #95
06-19 07:20:16.684 W/PackageParser( 1916): Unknown element under <manifest>: attribution at /system/product/priv-app/PrebuiltGmsCore/PrebuiltGmsCore.apk Binary XML file line #96
06-19 07:20:16.684 W/PackageParser( 1916): Unknown element under <manifest>: attribution at /system/product/priv-app/PrebuiltGmsCore/PrebuiltGmsCore.apk Binary XML file line #97
06-19 07:20:16.684 W/PackageParser( 1916): Unknown element under <manifest>: attribution at /system/product/priv-app/PrebuiltGmsCore/PrebuiltGmsCore.apk Binary XML file line #98
06-19 07:20:16.684 W/PackageParser( 1916): Unknown element under <manifest>: attribution at /system/product/priv-app/PrebuiltGmsCore/PrebuiltGmsCore.apk Binary XML file line #99
06-19 07:20:16.684 W/PackageParser( 1916): Unknown element under <manifest>: attribution at /system/product/priv-app/PrebuiltGmsCore/PrebuiltGmsCore.apk Binary XML file line #100
06-19 07:20:16.684 W/PackageParser( 1916): Unknown element under <manifest>: attribution at /system/product/priv-app/PrebuiltGmsCore/PrebuiltGmsCore.apk Binary XML file line #101
06-19 07:20:16.684 W/PackageParser( 1916): Unknown element under <manifest>: attribution at /system/product/priv-app/PrebuiltGmsCore/PrebuiltGmsCore.apk Binary XML file line #102
06-19 07:20:16.684 W/PackageParser( 1916): Unknown element under <manifest>: attribution at /system/product/priv-app/PrebuiltGmsCore/PrebuiltGmsCore.apk Binary XML file line #103
06-19 07:20:16.684 W/PackageParser( 1916): Unknown element under <manifest>: attribution at /system/product/priv-app/PrebuiltGmsCore/PrebuiltGmsCore.apk Binary XML file line #104
06-19 07:20:16.684 W/PackageParser( 1916): Unknown element under <manifest>: attribution at /system/product/priv-app/PrebuiltGmsCore/PrebuiltGmsCore.apk Binary XML file line #105
06-19 07:20:16.684 W/PackageParser( 1916): Unknown element under <manifest>: attribution at /system/product/priv-app/PrebuiltGmsCore/PrebuiltGmsCore.apk Binary XML file line #106
06-19 07:20:16.684 W/PackageParser( 1916): Unknown element under <manifest>: attribution at /system/product/priv-app/PrebuiltGmsCore/PrebuiltGmsCore.apk Binary XML file line #107
06-19 07:20:16.684 W/PackageParser( 1916): Unknown element under <manifest>: attribution at /system/product/priv-app/PrebuiltGmsCore/PrebuiltGmsCore.apk Binary XML file line #108
06-19 07:20:16.684 W/PackageParser( 1916): Unknown element under <manifest>: attribution at /system/product/priv-app/PrebuiltGmsCore/PrebuiltGmsCore.apk Binary XML file line #109
06-19 07:20:16.684 W/PackageParser( 1916): Unknown element under <manifest>: attribution at /system/product/priv-app/PrebuiltGmsCore/PrebuiltGmsCore.apk Binary XML file line #110
06-19 07:20:16.684 W/PackageParser( 1916): Unknown element under <manifest>: attribution at /system/product/priv-app/PrebuiltGmsCore/PrebuiltGmsCore.apk Binary XML file line #111
06-19 07:20:16.684 W/PackageParser( 1916): Unknown element under <manifest>: attribution at /system/product/priv-app/PrebuiltGmsCore/PrebuiltGmsCore.apk Binary XML file line #112
06-19 07:20:16.684 W/PackageParser( 1916): Unknown element under <manifest>: attribution at /system/product/priv-app/PrebuiltGmsCore/PrebuiltGmsCore.apk Binary XML file line #113
06-19 07:20:16.684 W/PackageParser( 1916): Unknown element under <manifest>: attribution at /system/product/priv-app/PrebuiltGmsCore/PrebuiltGmsCore.apk Binary XML file line #114
06-19 07:20:16.684 W/PackageParser( 1916): Unknown element under <manifest>: attribution at /system/product/priv-app/PrebuiltGmsCore/PrebuiltGmsCore.apk Binary XML file line #115
06-19 07:20:16.684 W/PackageParser( 1916): Unknown element under <manifest>: attribution at /system/product/priv-app/PrebuiltGmsCore/PrebuiltGmsCore.apk Binary XML file line #116
06-19 07:20:16.685 W/PackageParser( 1916): Unknown element under <manifest>: attribution at /system/product/priv-app/PrebuiltGmsCore/PrebuiltGmsCore.apk Binary XML file line #117
06-19 07:20:16.685 W/PackageParser( 1916): Unknown element under <manifest>: attribution at /system/product/priv-app/PrebuiltGmsCore/PrebuiltGmsCore.apk Binary XML file line #118
06-19 07:20:16.685 W/PackageParser( 1916): Unknown element under <manifest>: attribution at /system/product/priv-app/PrebuiltGmsCore/PrebuiltGmsCore.apk Binary XML file line #119
06-19 07:20:16.685 W/PackageParser( 1916): Unknown element under <manifest>: attribution at /system/product/priv-app/PrebuiltGmsCore/PrebuiltGmsCore.apk Binary XML file line #120
06-19 07:20:16.685 W/PackageParser( 1916): Unknown element under <manifest>: attribution at /system/product/priv-app/PrebuiltGmsCore/PrebuiltGmsCore.apk Binary XML file line #121
06-19 07:20:16.685 W/PackageParser( 1916): Unknown element under <manifest>: attribution at /system/product/priv-app/PrebuiltGmsCore/PrebuiltGmsCore.apk Binary XML file line #122
06-19 07:20:16.685 W/PackageParser( 1916): Unknown element under <manifest>: attribution at /system/product/priv-app/PrebuiltGmsCore/PrebuiltGmsCore.apk Binary XML file line #123
06-19 07:20:16.685 W/PackageParser( 1916): Unknown element under <manifest>: attribution at /system/product/priv-app/PrebuiltGmsCore/PrebuiltGmsCore.apk Binary XML file line #124
06-19 07:20:16.685 W/PackageParser( 1916): Unknown element under <manifest>: attribution at /system/product/priv-app/PrebuiltGmsCore/PrebuiltGmsCore.apk Binary XML file line #125
06-19 07:20:16.685 W/PackageParser( 1916): Unknown element under <manifest>: attribution at /system/product/priv-app/PrebuiltGmsCore/PrebuiltGmsCore.apk Binary XML file line #126
06-19 07:20:16.685 W/PackageParser( 1916): Unknown element under <manifest>: attribution at /system/product/priv-app/PrebuiltGmsCore/PrebuiltGmsCore.apk Binary XML file line #127
06-19 07:20:16.685 W/PackageParser( 1916): Unknown element under <manifest>: attribution at /system/product/priv-app/PrebuiltGmsCore/PrebuiltGmsCore.apk Binary XML file line #128
06-19 07:20:16.685 W/PackageParser( 1916): Unknown element under <manifest>: attribution at /system/product/priv-app/PrebuiltGmsCore/PrebuiltGmsCore.apk Binary XML file line #129
06-19 07:20:16.685 W/PackageParser( 1916): Unknown element under <manifest>: attribution at /system/product/priv-app/PrebuiltGmsCore/PrebuiltGmsCore.apk Binary XML file line #130
06-19 07:20:16.685 W/PackageParser( 1916): Unknown element under <manifest>: attribution at /system/product/priv-app/PrebuiltGmsCore/PrebuiltGmsCore.apk Binary XML file line #131
06-19 07:20:16.685 W/PackageParser( 1916): Unknown element under <manifest>: attribution at /system/product/priv-app/PrebuiltGmsCore/PrebuiltGmsCore.apk Binary XML file line #132
06-19 07:20:16.685 W/PackageParser( 1916): Unknown element under <manifest>: attribution at /system/product/priv-app/PrebuiltGmsCore/PrebuiltGmsCore.apk Binary XML file line #133
06-19 07:20:16.685 W/PackageParser( 1916): Unknown element under <manifest>: attribution at /system/product/priv-app/PrebuiltGmsCore/PrebuiltGmsCore.apk Binary XML file line #134
06-19 07:20:16.685 W/PackageParser( 1916): Unknown element under <manifest>: attribution at /system/product/priv-app/PrebuiltGmsCore/PrebuiltGmsCore.apk Binary XML file line #135
06-19 07:20:16.685 W/PackageParser( 1916): Unknown element under <manifest>: attribution at /system/product/priv-app/PrebuiltGmsCore/PrebuiltGmsCore.apk Binary XML file line #136
06-19 07:20:16.685 W/PackageParser( 1916): Unknown element under <manifest>: attribution at /system/product/priv-app/PrebuiltGmsCore/PrebuiltGmsCore.apk Binary XML file line #137
06-19 07:20:16.685 W/PackageParser( 1916): Unknown element under <manifest>: attribution at /system/product/priv-app/PrebuiltGmsCore/PrebuiltGmsCore.apk Binary XML file line #138
06-19 07:20:16.685 W/PackageParser( 1916): Unknown element under <manifest>: attribution at /system/product/priv-app/PrebuiltGmsCore/PrebuiltGmsCore.apk Binary XML file line #139
06-19 07:20:16.685 W/PackageParser( 1916): Unknown element under <manifest>: attribution at /system/product/priv-app/PrebuiltGmsCore/PrebuiltGmsCore.apk Binary XML file line #140
06-19 07:20:16.691 W/PackageParser( 1916): Unknown element under <manifest>: queries at /system/product/priv-app/PrebuiltGmsCore/PrebuiltGmsCore.apk Binary XML file line #544
06-19 07:20:16.735 I/ServiceManager( 1780): Waiting for service 'package_native' on '/dev/binder'...
06-19 07:20:16.760 I/PackageParser( 1916): Parse times for '/system/product/priv-app/PrebuiltGmsCore': parse=73ms, update_cache=47 ms
06-19 07:20:16.760 I/PackageManager( 1916): /system/product/priv-app/PrebuiltGmsCore changed; collecting certs
06-19 07:20:16.762 W/PackageParser( 1916): No actions in intent filter at /system/product/priv-app/Velvet/Velvet.apk Binary XML file line #3398
