06-22 12:47:56.389 D/AutofillManagerService( 1920): setLogLevelFromSettings(): level=2, debug=true, verbose=false
06-22 12:47:56.390 D/AutofillManagerService( 1920): setMaxPartitionsFromSettings(): 10
06-22 12:47:56.390 D/AutofillManagerService( 1920): setMaxVisibleDatasetsFromSettings(): 0
06-22 12:47:56.390 E/AutofillManagerServiceImpl( 1920): Bad service name: com.google.android.gms/.autofill.service.AutofillService
06-22 12:47:56.390 D/AutofillUI( 1920): destroySaveUiUiThread(): already destroyed
06-22 12:47:56.391 D/AutofillManagerServiceImpl( 1920): Reset component for user 0:com.google.android.gms/.autofill.service.AutofillService
06-22 12:47:56.391 D/SystemServerTiming( 1920): StartAutoFillService took to complete: 3ms
06-22 12:47:56.391 I/SystemServer( 1920): StartClipboardService
06-22 12:47:56.391 I/SystemServiceManager( 1920): Starting com.android.server.clipboard.ClipboardService
06-22 12:47:56.391 D/SystemServerTiming( 1920): StartClipboardService took to complete: 0ms
06-22 12:47:56.392 I/SystemServer( 1920): AppServiceManager
06-22 12:47:56.392 I/SystemServiceManager( 1920): Starting com.android.server.appbinding.AppBindingService$Lifecycle
06-22 12:47:56.392 D/SystemServerTiming( 1920): AppServiceManager took to complete: 1ms
06-22 12:47:56.392 I/SystemServer( 1920): MakeVibratorServiceReady
06-22 12:47:56.392 D/SystemServerTiming( 1920): MakeVibratorServiceReady took to complete: 0ms
06-22 12:47:56.392 I/SystemServer( 1920): MakeLockSettingsServiceReady
06-22 12:47:56.408 I/LockSettingsService( 1920): Migrated lock settings to new location
06-22 12:47:56.410 I/LockSettingsService( 1920): Migrated per-user lock settings to new location
06-22 12:47:56.414 I/LockSettingsService( 1920): Migrated biometric weak to use the fallback instead
06-22 12:47:56.416 I/LockSettingsService( 1920): Migrated lockscreen disabled flag
06-22 12:47:56.417 I/hwservicemanager( 1567): getTransport: Cannot find entry android.hardware.weaver@1.0::IWeaver/default in either framework or device manifest.
06-22 12:47:56.417 I/SyntheticPasswordManager( 1920): Device does not support weaver
06-22 12:47:56.417 I/hwservicemanager( 1567): getTransport: Cannot find entry android.hardware.authsecret@1.0::IAuthSecret/default in either framework or device manifest.
06-22 12:47:56.417 I/LockSettingsService( 1920): Device doesn't implement AuthSecret HAL
06-22 12:47:56.418 E/LockSettingsStorage( 1920): Cannot read file java.io.FileNotFoundException: /data/system/gatekeeper.password.key: open failed: ENOENT (No such file or directory)
06-22 12:47:56.418 E/LockSettingsStorage( 1920): Cannot read file java.io.FileNotFoundException: /data/system/password.key: open failed: ENOENT (No such file or directory)
06-22 12:47:56.418 E/LockSettingsStorage( 1920): Cannot read file java.io.FileNotFoundException: /data/system/gatekeeper.pattern.key: open failed: ENOENT (No such file or directory)
06-22 12:47:56.418 E/LockSettingsStorage( 1920): Cannot read file java.io.FileNotFoundException: /data/system/gatekeeper.gesture.key: open failed: ENOENT (No such file or directory)
06-22 12:47:56.419 E/LockSettingsStorage( 1920): Cannot read file java.io.FileNotFoundException: /data/system/gesture.key: open failed: ENOENT (No such file or directory)
06-22 12:47:56.419 D/SystemServerTiming( 1920): MakeLockSettingsServiceReady took to complete: 26ms
06-22 12:47:56.419 I/SystemServer( 1920): StartBootPhaseLockSettingsReady
06-22 12:47:56.419 I/SystemServiceManager( 1920): Starting phase 480
06-22 12:47:56.422 D/SystemServerInitThreadPool( 1920): Started executing DevicePolicyManager
06-22 12:47:56.422 D/SystemServerInitThreadPool( 1920): Finished executing DevicePolicyManager
06-22 12:47:56.424 D/SystemServerTiming( 1920): StartBootPhaseLockSettingsReady took to complete: 5ms
06-22 12:47:56.424 I/SystemServer( 1920): StartBootPhaseSystemServicesReady
06-22 12:47:56.424 I/SystemServiceManager( 1920): Starting phase 500
06-22 12:47:56.425 D/AppStandbyController( 1920): Setting app idle enabled state
06-22 12:47:56.425 D/AppStandbyController( 1920): Initializing defaults for system apps on user 0, appIdleEnabled=true
06-22 12:47:56.427 E/AppIdleHistory( 1920): Unable to read app idle file for user 0
06-22 12:47:56.433 D/TestHarnessModeService( 1920): Setting up test harness mode
06-22 12:47:56.433 D/TestHarnessModeService( 1920): Getting PersistentDataBlockManagerInternal from LocalServices
06-22 12:47:56.433 E/TestHarnessModeService( 1920): Failed to start Test Harness Mode; no implementation of PersistentDataBlockManagerInternal was bound!
06-22 12:47:56.435 I/WifiService( 1920): WifiService starting up with Wi-Fi enabled
06-22 12:47:56.443 I/android_os_HwBinder( 1920): HwBinder: Starting thread pool for getting: android.hidl.manager@1.2::IServiceManager/default
06-22 12:47:56.444 D/HalDevMgr( 1920): IWifi registration notification: fqName=android.hardware.wifi@1.0::IWifi, name=default, preexisting=true
06-22 12:47:56.444 I/android_os_HwBinder( 1920): HwBinder: Starting thread pool for getting: android.hardware.wifi@1.0::IWifi/default
06-22 12:47:56.445 D/WificondControl( 1920): tearing down interfaces in wificond
06-22 12:47:56.448 D/WifiController( 1920): isAirplaneModeOn = false, isWifiEnabled = true, isScanningAvailable = true, isLocationModeActive = true
06-22 12:47:56.448 I/WifiService( 1920): setWifiEnabled package=android uid=1000 enable=true
06-22 12:47:56.449 I/WifiScanningService( 1920): Starting wifiscanner
06-22 12:47:56.459 D/PermissionCache( 1727): checking android.permission.CAPTURE_AUDIO_HOTWORD for uid=1000 => granted (175 us)
06-22 12:47:56.459 W/SoundTriggerHelper( 1920): listModules status=0, # of modules=0
06-22 12:47:56.459 D/ContextHubSystemService( 1920): onBootPhase: PHASE_SYSTEM_SERVICES_READY
06-22 12:47:56.460 D/SystemServerTiming( 1920): StartBootPhaseSystemServicesReady took to complete: 36ms
06-22 12:47:56.460 I/SystemServer( 1920): MakeWindowManagerServiceReady
06-22 12:47:56.461 I/android_os_HwBinder( 1920): HwBinder: Starting thread pool for getting: android.hardware.configstore@1.0::ISurfaceFlingerConfigs/default
06-22 12:47:56.462 D/SystemServerTiming( 1920): MakeWindowManagerServiceReady took to complete: 2ms
06-22 12:47:56.461 I/android_os_HwBinder( 1920): HwBinder: Starting thread pool for getting: android.hardware.configstore@1.0::ISurfaceFlingerConfigs/default
06-22 12:47:56.462 W/InputReader( 1920): Device has associated, but no associated display id.
06-22 12:47:56.462 I/SystemServer( 1920): MakePowerManagerServiceReady
06-22 12:47:56.464 E/DisplayPowerController( 1920): failed to set up display white-balance: java.lang.IllegalStateException: cannot find sensor com.google.sensor.color
06-22 12:47:56.472 W/KeyguardServiceDelegate( 1920): onScreenTurningOn(): no keyguard service!
06-22 12:47:56.472 V/DisplayPowerController( 1920): Brightness [102] reason changing to: 'override', previous reason: '0'.
06-22 12:47:56.472 E/KernelCpuUidFreqTimeReader( 1920): Failed to read /proc/uid_time_in_state: java.nio.file.NoSuchFileException: /proc/uid_time_in_state
06-22 12:47:56.472 W/KernelCpuProcStringReader( 1920): File not found. It's normal if not implemented: /proc/uid_time_in_state
06-22 12:47:56.472 W/KernelCpuProcStringReader( 1920): File not found. It's normal if not implemented: /proc/uid_concurrent_active_time
06-22 12:47:56.473 W/KernelCpuProcStringReader( 1920): File not found. It's normal if not implemented: /proc/uid_concurrent_policy_time
06-22 12:47:56.485 D/SystemServerTiming( 1920): MakePowerManagerServiceReady took to complete: 23ms
06-22 12:47:56.485 I/SystemServer( 1920): MakePackageManagerServiceReady
06-22 12:47:56.462 I/chatty  ( 1920): uid=1000 system_server identical 8 lines
06-22 12:47:56.462 W/InputReader( 1920): Device has associated, but no associated display id.
06-22 12:47:56.485 I/DefaultPermGrantPolicy( 1920): Granting permissions to platform components for user 0
06-22 12:47:56.493 D/WifiActiveModeWarden( 1920): received a message in WifiDisabledState: { when=0 what=1 target=com.android.internal.util.StateMachine$SmHandler }
06-22 12:47:56.493 D/WifiActiveModeWarden( 1920): Switching from WifiDisabledState to ScanOnlyMode
06-22 12:47:56.493 D/WifiActiveModeWarden( 1920): Entering ScanOnlyModeActiveState
06-22 12:47:56.493 D/WifiScanOnlyModeManager( 1920): entering IdleState
06-22 12:47:56.494 D/WifiController( 1920): WifiController msg { when=-45ms what=155656 target=com.android.internal.util.StateMachine$SmHandler } deferred for 500ms
06-22 12:47:56.495 I/android.hardware.wifi@1.0-service( 1716): Wifi HAL started
06-22 12:47:56.495 I/WifiVendorHal( 1920): Vendor Hal started successfully
06-22 12:47:56.495 I/WifiP2pNative( 1920): Registering for interface available listener
06-22 12:47:56.497 D/WifiP2pNative( 1920): P2P InterfaceAvailableListener true
06-22 12:47:56.497 D/WifiP2pService( 1920): Wifi enabled=false, P2P Interface availability=true, Number of clients=0
06-22 12:47:56.497 D/WifiP2pService( 1920): Wifi enabled=false, P2P Interface availability=true
06-22 12:47:56.500 I/android.hardware.wifi@1.0-service( 1716): Adding interface handle for wlan0
06-22 12:47:56.500 W/android.hardware.wifi@1.0-service( 1716): No active wlan interfaces in use! Using default
06-22 12:47:56.500 E/android.hardware.wifi@1.0-service( 1716): Failed to register radio mode change callback
06-22 12:47:56.500 W/android.hardware.wifi@1.0-service( 1716): No active wlan interfaces in use! Using default
06-22 12:47:56.502 D/vold    ( 1576): Remounting 1001 as mode default
06-22 12:47:56.503 D/vold    ( 1576): Found matching PID 1786
06-22 12:47:56.503 W/vold    ( 1576): Skipping due to root namespace
06-22 12:47:56.503 D/vold    ( 1576): Remounting 1001 as mode default
06-22 12:47:56.503 D/vold    ( 1576): Found matching PID 1786
06-22 12:47:56.503 W/vold    ( 1576): Skipping due to root namespace
06-22 12:47:56.504 D/vold    ( 1576): Remounting 1001 as mode default
06-22 12:47:56.504 D/vold    ( 1576): Found matching PID 1786
06-22 12:47:56.505 W/vold    ( 1576): Skipping due to root namespace
06-22 12:47:56.505 D/vold    ( 1576): Remounting 1001 as mode default
06-22 12:47:56.505 D/vold    ( 1576): Found matching PID 1786
06-22 12:47:56.505 W/vold    ( 1576): Skipping due to root namespace
06-22 12:47:56.507 D/vold    ( 1576): Remounting 1027 as mode default
06-22 12:47:56.509 I/chatty  ( 1576): uid=0(root) Binder:1576_2 identical 2 lines
06-22 12:47:56.509 D/vold    ( 1576): Remounting 1027 as mode default
06-22 12:47:56.511 D/vold    ( 1576): Remounting 1000 as mode full
06-22 12:47:56.511 D/vold    ( 1576): Found matching PID 1566
06-22 12:47:56.511 W/vold    ( 1576): Skipping due to root namespace
06-22 12:47:56.511 D/vold    ( 1576): Found matching PID 1567
06-22 12:47:56.511 W/vold    ( 1576): Skipping due to root namespace
06-22 12:47:56.511 D/vold    ( 1576): Found matching PID 1568
06-22 12:47:56.511 W/vold    ( 1576): Skipping due to root namespace
06-22 12:47:56.511 D/vold    ( 1576): Found matching PID 1668
06-22 12:47:56.511 W/vold    ( 1576): Skipping due to root namespace
06-22 12:47:56.511 D/vold    ( 1576): Found matching PID 1669
06-22 12:47:56.511 W/vold    ( 1576): Skipping due to root namespace
06-22 12:47:56.511 D/vold    ( 1576): Found matching PID 1675
06-22 12:47:56.511 W/vold    ( 1576): Skipping due to root namespace
06-22 12:47:56.511 D/vold    ( 1576): Found matching PID 1693
06-22 12:47:56.511 W/vold    ( 1576): Skipping due to root namespace
06-22 12:47:56.511 D/vold    ( 1576): Found matching PID 1697
06-22 12:47:56.511 W/vold    ( 1576): Skipping due to root namespace
06-22 12:47:56.511 D/vold    ( 1576): Found matching PID 1701
06-22 12:47:56.511 W/vold    ( 1576): Skipping due to root namespace
06-22 12:47:56.511 D/vold    ( 1576): Found matching PID 1703
06-22 12:47:56.511 W/vold    ( 1576): Skipping due to root namespace
06-22 12:47:56.511 D/vold    ( 1576): Found matching PID 1705
06-22 12:47:56.511 W/vold    ( 1576): Skipping due to root namespace
06-22 12:47:56.511 D/vold    ( 1576): Found matching PID 1707
06-22 12:47:56.511 W/vold    ( 1576): Skipping due to root namespace
06-22 12:47:56.511 D/vold    ( 1576): Found matching PID 1714
06-22 12:47:56.511 W/libc    ( 1716): Unable to set property "vendor.wlan.firmware.version" to "1.0": error code: 0x18
06-22 12:47:56.511 W/vold    ( 1576): Skipping due to root namespace
06-22 12:47:56.512 D/vold    ( 1576): Found matching PID 1738
06-22 12:47:56.512 W/vold    ( 1576): Skipping due to root namespace
06-22 12:47:56.512 D/vold    ( 1576): Found matching PID 1772
06-22 12:47:56.512 W/vold    ( 1576): Skipping due to root namespace
06-22 12:47:56.512 D/vold    ( 1576): Found matching PID 1794
06-22 12:47:56.512 W/vold    ( 1576): Skipping due to root namespace
06-22 12:47:56.512 D/vold    ( 1576): Found matching PID 1803
06-22 12:47:56.512 W/vold    ( 1576): Skipping due to root namespace
06-22 12:47:56.512 D/vold    ( 1576): Found matching PID 1920
06-22 12:47:56.528 W/libc    ( 1716): Unable to set property "vendor.wlan.driver.version" to "1.0": error code: 0x18
06-22 12:47:56.528 I/android.hardware.wifi@1.0-service( 1716): Configured chip in mode 0
06-22 12:47:56.528 W/android.hardware.wifi@1.0-service( 1716): No active wlan interfaces in use! Using default
06-22 12:47:56.529 D/HalDevMgr( 1920): updateRttController: no one is interested in RTT controllers
06-22 12:47:56.529 E/android.hardware.wifi@1.0-service( 1716): Failed to set DFS flag; DFS channels may be unavailable.
06-22 12:47:56.533 D/WificondControl( 1920): Setting up interface for client mode
06-22 12:47:56.535 I/wificond( 1784): create scanner for interface with index: 3
06-22 12:47:56.535 I/wificond( 1784): subscribe scan result for interface with index: 3
06-22 12:47:56.535 I/hwservicemanager( 1567): getTransport: Cannot find entry android.hardware.wifi.offload@1.0::IOffload/default in either framework or device manifest.
06-22 12:47:56.536 E/wificond( 1784): No Offload Service available
06-22 12:47:56.536 I/wificond( 1784): Offload HAL not supported 
06-22 12:47:56.538 I/AccountsDb( 1920): Creating DE database for user 0
06-22 12:47:56.538 I/netd    ( 1663): interfaceGetCfg("wlan0") <0.12ms>
06-22 12:47:56.538 I/WifiNative( 1920): Interface state changed on Iface:{Name=wlan0,Id=0,Type=STA_SCAN}, isUp=true
06-22 12:47:56.538 I/WifiNative( 1920): Successfully setup Iface:{Name=wlan0,Id=0,Type=STA_SCAN}
06-22 12:47:56.538 E/SupplicantStaIfaceHal( 1920): checkHalVersionByInterfaceName: called but mServiceManager is null
06-22 12:47:56.538 E/SupplicantStaIfaceHal( 1920): Method getKeyMgmtCapabilities is not supported in existing HAL
06-22 12:47:56.539 D/WifiScanOnlyModeManager( 1920): entering StartedState
06-22 12:47:56.539 I/netd    ( 1663): interfaceGetCfg("wlan0") <0.09ms>
06-22 12:47:56.539 D/WifiScanOnlyModeManager( 1920): Wifi is ready to use for scanning
06-22 12:47:56.539 D/WakeupController( 1920): start()
06-22 12:47:56.540 D/WakeupController( 1920): Setting active to true
06-22 12:47:56.540 E/WifiConfigManager( 1920): Cannot save to store before store is read!
06-22 12:47:56.540 D/WifiActiveModeWarden( 1920): scan mode active
06-22 12:47:56.541 D/WifiScanRequestProxy( 1920): Sending scan available broadcast: true
06-22 12:47:56.541 I/WifiScanRequestProxy( 1920): Scanning is enabled
06-22 12:47:56.542 I/WifiScanRequestProxy( 1920): Scanning for hidden networks is disabled
06-22 12:47:56.542 E/WifiVendorHal( 1920): getBgScanCapabilities(l.630) failed {.code = ERROR_NOT_SUPPORTED, .description = }
06-22 12:47:56.543 E/WifiNative( 1920): Could not get Iface object for interface null
06-22 12:47:56.546 I/WifiScanningService( 1920): wifi driver loaded with scan capabilities: max buckets=16
06-22 12:47:56.558 I/DropBoxManagerService( 1920): add tag=system_server_strictmode isTagEnabled=true flags=0x2
06-22 12:47:56.563 I/chatty  ( 1920): uid=1000(system) android.io identical 5 lines
06-22 12:47:56.564 I/DropBoxManagerService( 1920): add tag=system_server_strictmode isTagEnabled=true flags=0x2
06-22 12:47:56.564 D/vold    ( 1576): Remounting 1000 as mode full
06-22 12:47:56.565 D/vold    ( 1576): Found matching PID 1566
06-22 12:47:56.565 W/vold    ( 1576): Skipping due to root namespace
06-22 12:47:56.565 D/vold    ( 1576): Found matching PID 1567
06-22 12:47:56.565 W/vold    ( 1576): Skipping due to root namespace
06-22 12:47:56.565 D/vold    ( 1576): Found matching PID 1568
06-22 12:47:56.565 W/vold    ( 1576): Skipping due to root namespace
06-22 12:47:56.565 D/vold    ( 1576): Found matching PID 1668
06-22 12:47:56.565 W/vold    ( 1576): Skipping due to root namespace
06-22 12:47:56.565 D/vold    ( 1576): Found matching PID 1669
06-22 12:47:56.565 W/vold    ( 1576): Skipping due to root namespace
06-22 12:47:56.565 D/vold    ( 1576): Found matching PID 1675
06-22 12:47:56.565 W/vold    ( 1576): Skipping due to root namespace
06-22 12:47:56.565 D/vold    ( 1576): Found matching PID 1693
06-22 12:47:56.565 W/vold    ( 1576): Skipping due to root namespace
06-22 12:47:56.565 D/vold    ( 1576): Found matching PID 1697
06-22 12:47:56.565 W/vold    ( 1576): Skipping due to root namespace
06-22 12:47:56.565 D/vold    ( 1576): Found matching PID 1701
06-22 12:47:56.565 W/vold    ( 1576): Skipping due to root namespace
06-22 12:47:56.565 D/vold    ( 1576): Found matching PID 1703
06-22 12:47:56.565 W/vold    ( 1576): Skipping due to root namespace
06-22 12:47:56.565 D/vold    ( 1576): Found matching PID 1705
06-22 12:47:56.565 W/vold    ( 1576): Skipping due to root namespace
06-22 12:47:56.565 D/vold    ( 1576): Found matching PID 1707
06-22 12:47:56.565 W/vold    ( 1576): Skipping due to root namespace
06-22 12:47:56.565 D/vold    ( 1576): Found matching PID 1714
06-22 12:47:56.565 W/vold    ( 1576): Skipping due to root namespace
06-22 12:47:56.565 D/vold    ( 1576): Found matching PID 1738
06-22 12:47:56.565 W/vold    ( 1576): Skipping due to root namespace
06-22 12:47:56.566 D/vold    ( 1576): Found matching PID 1772
06-22 12:47:56.566 W/vold    ( 1576): Skipping due to root namespace
06-22 12:47:56.566 D/vold    ( 1576): Found matching PID 1794
06-22 12:47:56.566 W/vold    ( 1576): Skipping due to root namespace
06-22 12:47:56.566 D/vold    ( 1576): Found matching PID 1803
06-22 12:47:56.566 W/vold    ( 1576): Skipping due to root namespace
06-22 12:47:56.566 D/vold    ( 1576): Found matching PID 1920
06-22 12:47:56.567 I/DropBoxManagerService( 1920): add tag=system_server_strictmode isTagEnabled=true flags=0x2
06-22 12:47:56.569 I/chatty  ( 1920): uid=1000(system) android.io identical 1 line
06-22 12:47:56.570 I/DropBoxManagerService( 1920): add tag=system_server_strictmode isTagEnabled=true flags=0x2
06-22 12:47:56.607 D/vold    ( 1576): Remounting 1000 as mode full
06-22 12:47:56.607 D/vold    ( 1576): Found matching PID 1566
06-22 12:47:56.607 W/vold    ( 1576): Skipping due to root namespace
06-22 12:47:56.607 D/vold    ( 1576): Found matching PID 1567
06-22 12:47:56.607 W/vold    ( 1576): Skipping due to root namespace
06-22 12:47:56.607 D/vold    ( 1576): Found matching PID 1568
06-22 12:47:56.607 W/vold    ( 1576): Skipping due to root namespace
06-22 12:47:56.607 D/vold    ( 1576): Found matching PID 1668
06-22 12:47:56.607 W/vold    ( 1576): Skipping due to root namespace
06-22 12:47:56.607 D/vold    ( 1576): Found matching PID 1669
06-22 12:47:56.607 W/vold    ( 1576): Skipping due to root namespace
06-22 12:47:56.607 D/vold    ( 1576): Found matching PID 1675
06-22 12:47:56.607 W/vold    ( 1576): Skipping due to root namespace
06-22 12:47:56.607 D/vold    ( 1576): Found matching PID 1693
06-22 12:47:56.607 W/vold    ( 1576): Skipping due to root namespace
06-22 12:47:56.607 D/vold    ( 1576): Found matching PID 1697
06-22 12:47:56.607 W/vold    ( 1576): Skipping due to root namespace
06-22 12:47:56.607 D/vold    ( 1576): Found matching PID 1701
06-22 12:47:56.607 W/vold    ( 1576): Skipping due to root namespace
06-22 12:47:56.607 D/vold    ( 1576): Found matching PID 1703
06-22 12:47:56.607 W/vold    ( 1576): Skipping due to root namespace
06-22 12:47:56.607 D/vold    ( 1576): Found matching PID 1705
06-22 12:47:56.607 W/vold    ( 1576): Skipping due to root namespace
06-22 12:47:56.607 D/vold    ( 1576): Found matching PID 1707
06-22 12:47:56.607 W/vold    ( 1576): Skipping due to root namespace
06-22 12:47:56.607 D/vold    ( 1576): Found matching PID 1714
06-22 12:47:56.608 W/vold    ( 1576): Skipping due to root namespace
06-22 12:47:56.608 D/vold    ( 1576): Found matching PID 1738
06-22 12:47:56.608 W/vold    ( 1576): Skipping due to root namespace
06-22 12:47:56.608 D/vold    ( 1576): Found matching PID 1772
06-22 12:47:56.608 W/vold    ( 1576): Skipping due to root namespace
06-22 12:47:56.608 D/vold    ( 1576): Found matching PID 1794
06-22 12:47:56.608 W/vold    ( 1576): Skipping due to root namespace
06-22 12:47:56.608 D/vold    ( 1576): Found matching PID 1803
06-22 12:47:56.608 W/vold    ( 1576): Skipping due to root namespace
06-22 12:47:56.608 D/vold    ( 1576): Found matching PID 1920
06-22 12:47:56.644 D/vold    ( 1576): Remounting 1000 as mode full
06-22 12:47:56.645 D/vold    ( 1576): Found matching PID 1566
06-22 12:47:56.645 W/vold    ( 1576): Skipping due to root namespace
06-22 12:47:56.645 D/vold    ( 1576): Found matching PID 1567
06-22 12:47:56.645 W/vold    ( 1576): Skipping due to root namespace
06-22 12:47:56.645 D/vold    ( 1576): Found matching PID 1568
06-22 12:47:56.645 W/vold    ( 1576): Skipping due to root namespace
06-22 12:47:56.645 D/vold    ( 1576): Found matching PID 1668
06-22 12:47:56.645 W/vold    ( 1576): Skipping due to root namespace
06-22 12:47:56.645 D/vold    ( 1576): Found matching PID 1669
06-22 12:47:56.645 W/vold    ( 1576): Skipping due to root namespace
06-22 12:47:56.645 D/vold    ( 1576): Found matching PID 1675
06-22 12:47:56.645 W/vold    ( 1576): Skipping due to root namespace
06-22 12:47:56.645 D/vold    ( 1576): Found matching PID 1693
06-22 12:47:56.645 W/vold    ( 1576): Skipping due to root namespace
06-22 12:47:56.645 D/vold    ( 1576): Found matching PID 1697
06-22 12:47:56.645 W/vold    ( 1576): Skipping due to root namespace
06-22 12:47:56.645 D/vold    ( 1576): Found matching PID 1701
06-22 12:47:56.645 W/vold    ( 1576): Skipping due to root namespace
06-22 12:47:56.645 D/vold    ( 1576): Found matching PID 1703
06-22 12:47:56.645 W/vold    ( 1576): Skipping due to root namespace
06-22 12:47:56.645 D/vold    ( 1576): Found matching PID 1705
06-22 12:47:56.645 W/vold    ( 1576): Skipping due to root namespace
06-22 12:47:56.645 D/vold    ( 1576): Found matching PID 1707
06-22 12:47:56.645 W/vold    ( 1576): Skipping due to root namespace
06-22 12:47:56.645 D/vold    ( 1576): Found matching PID 1714
06-22 12:47:56.645 W/vold    ( 1576): Skipping due to root namespace
06-22 12:47:56.645 D/vold    ( 1576): Found matching PID 1738
06-22 12:47:56.645 W/vold    ( 1576): Skipping due to root namespace
06-22 12:47:56.645 D/vold    ( 1576): Found matching PID 1772
06-22 12:47:56.646 W/vold    ( 1576): Skipping due to root namespace
06-22 12:47:56.646 D/vold    ( 1576): Found matching PID 1794
06-22 12:47:56.646 W/vold    ( 1576): Skipping due to root namespace
06-22 12:47:56.646 D/vold    ( 1576): Found matching PID 1803
06-22 12:47:56.646 W/vold    ( 1576): Skipping due to root namespace
06-22 12:47:56.646 D/vold    ( 1576): Found matching PID 1920
06-22 12:47:56.715 D/vold    ( 1576): Remounting 2000 as mode default
06-22 12:47:56.715 D/vold    ( 1576): Found matching PID 1751
06-22 12:47:56.715 W/vold    ( 1576): Skipping due to root namespace
06-22 12:47:56.715 D/vold    ( 1576): Found matching PID 1752
06-22 12:47:56.715 W/vold    ( 1576): Skipping due to root namespace
06-22 12:47:56.716 D/vold    ( 1576): Remounting 2000 as mode default
06-22 12:47:56.716 D/vold    ( 1576): Found matching PID 1751
06-22 12:47:56.716 W/vold    ( 1576): Skipping due to root namespace
06-22 12:47:56.716 D/vold    ( 1576): Found matching PID 1752
06-22 12:47:56.716 W/vold    ( 1576): Skipping due to root namespace
06-22 12:47:56.716 D/vold    ( 1576): Remounting 2000 as mode full
06-22 12:47:56.717 D/vold    ( 1576): Found matching PID 1751
06-22 12:47:56.717 W/vold    ( 1576): Skipping due to root namespace
06-22 12:47:56.717 D/vold    ( 1576): Found matching PID 1752
06-22 12:47:56.717 W/vold    ( 1576): Skipping due to root namespace
06-22 12:47:56.717 D/vold    ( 1576): Remounting 2000 as mode full
06-22 12:47:56.717 D/vold    ( 1576): Found matching PID 1751
06-22 12:47:56.717 W/vold    ( 1576): Skipping due to root namespace
06-22 12:47:56.717 D/vold    ( 1576): Found matching PID 1752
06-22 12:47:56.717 W/vold    ( 1576): Skipping due to root namespace
06-22 12:47:56.719 D/vold    ( 1576): Remounting 10115 as mode default
06-22 12:47:56.720 D/vold    ( 1576): Remounting 10115 as mode default
06-22 12:47:56.724 D/vold    ( 1576): Remounting 1002 as mode default
06-22 12:47:56.729 I/DefaultPermGrantPolicy( 1920): Granting permissions to default platform handlers for user 0
06-22 12:47:56.725 I/chatty  ( 1576): uid=0(root) Binder:1576_3 identical 2 lines
06-22 12:47:56.725 D/vold    ( 1576): Remounting 1002 as mode default
06-22 12:47:56.734 I/SyncManager( 1920): No initial accounts
06-22 12:47:56.734 I/SyncManager( 1920): No initial status
06-22 12:47:56.734 I/SyncManager( 1920): No initial statistics
06-22 12:47:56.766 D/vold    ( 1576): Remounting 10133 as mode default
06-22 12:47:56.768 I/chatty  ( 1576): uid=0(root) Binder:1576_3 identical 2 lines
06-22 12:47:56.770 D/vold    ( 1576): Remounting 10133 as mode default
06-22 12:47:56.771 D/vold    ( 1576): Remounting 10054 as mode full
06-22 12:47:56.773 I/chatty  ( 1576): uid=0(root) Binder:1576_3 identical 2 lines
06-22 12:47:56.774 D/vold    ( 1576): Remounting 10054 as mode full
06-22 12:47:56.775 D/vold    ( 1576): Remounting 10071 as mode default
06-22 12:47:56.776 D/vold    ( 1576): Remounting 10071 as mode default
06-22 12:47:56.777 D/vold    ( 1576): Remounting 10071 as mode full
06-22 12:47:56.777 D/vold    ( 1576): Remounting 10071 as mode full
06-22 12:47:56.789 D/vold    ( 1576): Remounting 10135 as mode default
06-22 12:47:56.790 I/chatty  ( 1576): uid=0(root) Binder:1576_3 identical 2 lines
06-22 12:47:56.790 D/vold    ( 1576): Remounting 10135 as mode default
06-22 12:47:56.796 D/vold    ( 1576): Remounting 10061 as mode default
06-22 12:47:56.797 I/chatty  ( 1576): uid=0(root) Binder:1576_3 identical 2 lines
06-22 12:47:56.797 D/vold    ( 1576): Remounting 10061 as mode default
06-22 12:47:56.806 D/vold    ( 1576): Remounting 10142 as mode default
06-22 12:47:56.807 I/chatty  ( 1576): uid=0(root) Binder:1576_3 identical 2 lines
06-22 12:47:56.808 D/vold    ( 1576): Remounting 10142 as mode default
06-22 12:47:56.830 D/vold    ( 1576): Remounting 10117 as mode default
06-22 12:47:56.831 I/chatty  ( 1576): uid=0(root) Binder:1576_3 identical 2 lines
06-22 12:47:56.832 D/vold    ( 1576): Remounting 10117 as mode default
06-22 12:47:56.836 E/DefaultPermGrantPolicy( 1920): PackageNot found: com.google.android.gms.location.history
06-22 12:47:56.836 E/DefaultPermGrantPolicy( 1920): android.content.pm.PackageManager$NameNotFoundException: com.google.android.gms.location.history
06-22 12:47:56.836 E/DefaultPermGrantPolicy( 1920): 	at android.app.ApplicationPackageManager.getPackageInfoAsUser(ApplicationPackageManager.java:190)
06-22 12:47:56.836 E/DefaultPermGrantPolicy( 1920): 	at android.app.ApplicationPackageManager.getPackageInfo(ApplicationPackageManager.java:159)
06-22 12:47:56.836 E/DefaultPermGrantPolicy( 1920): 	at com.android.server.pm.permission.DefaultPermissionGrantPolicy.getPackageInfo(DefaultPermissionGrantPolicy.java:1302)
06-22 12:47:56.836 E/DefaultPermGrantPolicy( 1920): 	at com.android.server.pm.permission.DefaultPermissionGrantPolicy.getPackageInfo(DefaultPermissionGrantPolicy.java:1293)
06-22 12:47:56.836 E/DefaultPermGrantPolicy( 1920): 	at com.android.server.pm.permission.DefaultPermissionGrantPolicy.isSystemPackage(DefaultPermissionGrantPolicy.java:962)
06-22 12:47:56.836 E/DefaultPermGrantPolicy( 1920): 	at com.android.server.pm.permission.DefaultPermissionGrantPolicy.grantPermissionsToSystemPackage(DefaultPermissionGrantPolicy.java:363)
06-22 12:47:56.836 E/DefaultPermGrantPolicy( 1920): 	at com.android.server.pm.permission.DefaultPermissionGrantPolicy.grantPermissionsToSystemPackage(DefaultPermissionGrantPolicy.java:356)
06-22 12:47:56.836 E/DefaultPermGrantPolicy( 1920): 	at com.android.server.pm.permission.DefaultPermissionGrantPolicy.grantDefaultSystemHandlerPermissions(DefaultPermissionGrantPolicy.java:647)
06-22 12:47:56.836 E/DefaultPermGrantPolicy( 1920): 	at com.android.server.pm.permission.DefaultPermissionGrantPolicy.grantDefaultPermissions(DefaultPermissionGrantPolicy.java:295)
06-22 12:47:56.836 E/DefaultPermGrantPolicy( 1920): 	at com.android.server.pm.PackageManagerService.systemReady(PackageManagerService.java:21619)
06-22 12:47:56.836 E/DefaultPermGrantPolicy( 1920): 	at com.android.server.SystemServer.startOtherServices(SystemServer.java:1977)
06-22 12:47:56.836 E/DefaultPermGrantPolicy( 1920): 	at com.android.server.SystemServer.run(SystemServer.java:512)
06-22 12:47:56.836 E/DefaultPermGrantPolicy( 1920): 	at com.android.server.SystemServer.main(SystemServer.java:349)
06-22 12:47:56.836 E/DefaultPermGrantPolicy( 1920): 	at java.lang.reflect.Method.invoke(Native Method)
06-22 12:47:56.836 E/DefaultPermGrantPolicy( 1920): 	at com.android.internal.os.RuntimeInit$MethodAndArgsCaller.run(RuntimeInit.java:492)
06-22 12:47:56.836 E/DefaultPermGrantPolicy( 1920): 	at com.android.internal.os.ZygoteInit.main(ZygoteInit.java:908)
06-22 12:47:56.836 D/vold    ( 1576): Remounting 10141 as mode default
06-22 12:47:56.838 I/chatty  ( 1576): uid=0(root) Binder:1576_3 identical 2 lines
06-22 12:47:56.838 D/vold    ( 1576): Remounting 10141 as mode default
06-22 12:47:56.843 D/vold    ( 1576): Remounting 10119 as mode default
06-22 12:47:56.844 I/chatty  ( 1576): uid=0(root) Binder:1576_3 identical 2 lines
06-22 12:47:56.845 D/vold    ( 1576): Remounting 10119 as mode default
06-22 12:47:56.847 D/vold    ( 1576): Remounting 10128 as mode default
06-22 12:47:56.848 I/chatty  ( 1576): uid=0(root) Binder:1576_3 identical 2 lines
06-22 12:47:56.849 D/vold    ( 1576): Remounting 10128 as mode default
06-22 12:47:56.849 E/DefaultPermGrantPolicy( 1920): PackageNot found: com.google.android.as
06-22 12:47:56.849 E/DefaultPermGrantPolicy( 1920): android.content.pm.PackageManager$NameNotFoundException: com.google.android.as
06-22 12:47:56.849 E/DefaultPermGrantPolicy( 1920): 	at android.app.ApplicationPackageManager.getPackageInfoAsUser(ApplicationPackageManager.java:190)
06-22 12:47:56.849 E/DefaultPermGrantPolicy( 1920): 	at android.app.ApplicationPackageManager.getPackageInfo(ApplicationPackageManager.java:159)
06-22 12:47:56.849 E/DefaultPermGrantPolicy( 1920): 	at com.android.server.pm.permission.DefaultPermissionGrantPolicy.getPackageInfo(DefaultPermissionGrantPolicy.java:1302)
06-22 12:47:56.849 E/DefaultPermGrantPolicy( 1920): 	at com.android.server.pm.permission.DefaultPermissionGrantPolicy.getPackageInfo(DefaultPermissionGrantPolicy.java:1293)
06-22 12:47:56.849 E/DefaultPermGrantPolicy( 1920): 	at com.android.server.pm.permission.DefaultPermissionGrantPolicy.isSystemPackage(DefaultPermissionGrantPolicy.java:962)
06-22 12:47:56.849 E/DefaultPermGrantPolicy( 1920): 	at com.android.server.pm.permission.DefaultPermissionGrantPolicy.grantPermissionsToSystemPackage(DefaultPermissionGrantPolicy.java:363)
06-22 12:47:56.849 E/DefaultPermGrantPolicy( 1920): 	at com.android.server.pm.permission.DefaultPermissionGrantPolicy.grantPermissionsToSystemPackage(DefaultPermissionGrantPolicy.java:356)
06-22 12:47:56.849 E/DefaultPermGrantPolicy( 1920): 	at com.android.server.pm.permission.DefaultPermissionGrantPolicy.grantDefaultSystemHandlerPermissions(DefaultPermissionGrantPolicy.java:721)
06-22 12:47:56.849 E/DefaultPermGrantPolicy( 1920): 	at com.android.server.pm.permission.DefaultPermissionGrantPolicy.grantDefaultPermissions(DefaultPermissionGrantPolicy.java:295)
06-22 12:47:56.849 E/DefaultPermGrantPolicy( 1920): 	at com.android.server.pm.PackageManagerService.systemReady(PackageManagerService.java:21619)
06-22 12:47:56.849 E/DefaultPermGrantPolicy( 1920): 	at com.android.server.SystemServer.startOtherServices(SystemServer.java:1977)
06-22 12:47:56.849 E/DefaultPermGrantPolicy( 1920): 	at com.android.server.SystemServer.run(SystemServer.java:512)
06-22 12:47:56.849 E/DefaultPermGrantPolicy( 1920): 	at com.android.server.SystemServer.main(SystemServer.java:349)
06-22 12:47:56.849 E/DefaultPermGrantPolicy( 1920): 	at java.lang.reflect.Method.invoke(Native Method)
06-22 12:47:56.849 E/DefaultPermGrantPolicy( 1920): 	at com.android.internal.os.RuntimeInit$MethodAndArgsCaller.run(RuntimeInit.java:492)
06-22 12:47:56.849 E/DefaultPermGrantPolicy( 1920): 	at com.android.internal.os.ZygoteInit.main(ZygoteInit.java:908)
06-22 12:47:56.850 D/vold    ( 1576): Remounting 10068 as mode full
06-22 12:47:56.851 I/chatty  ( 1576): uid=0(root) Binder:1576_3 identical 2 lines
06-22 12:47:56.852 D/vold    ( 1576): Remounting 10068 as mode full
06-22 12:47:56.852 E/DefaultPermGrantPolicy( 1920): PackageNot found: com.google.android.as
06-22 12:47:56.852 E/DefaultPermGrantPolicy( 1920): android.content.pm.PackageManager$NameNotFoundException: com.google.android.as
06-22 12:47:56.852 E/DefaultPermGrantPolicy( 1920): 	at android.app.ApplicationPackageManager.getPackageInfoAsUser(ApplicationPackageManager.java:190)
06-22 12:47:56.852 E/DefaultPermGrantPolicy( 1920): 	at android.app.ApplicationPackageManager.getPackageInfo(ApplicationPackageManager.java:159)
06-22 12:47:56.852 E/DefaultPermGrantPolicy( 1920): 	at com.android.server.pm.permission.DefaultPermissionGrantPolicy.getPackageInfo(DefaultPermissionGrantPolicy.java:1302)
06-22 12:47:56.852 E/DefaultPermGrantPolicy( 1920): 	at com.android.server.pm.permission.DefaultPermissionGrantPolicy.getPackageInfo(DefaultPermissionGrantPolicy.java:1293)
06-22 12:47:56.852 E/DefaultPermGrantPolicy( 1920): 	at com.android.server.pm.permission.DefaultPermissionGrantPolicy.isSystemPackage(DefaultPermissionGrantPolicy.java:962)
06-22 12:47:56.852 E/DefaultPermGrantPolicy( 1920): 	at com.android.server.pm.permission.DefaultPermissionGrantPolicy.grantPermissionsToSystemPackage(DefaultPermissionGrantPolicy.java:363)
06-22 12:47:56.852 E/DefaultPermGrantPolicy( 1920): 	at com.android.server.pm.permission.DefaultPermissionGrantPolicy.grantPermissionsToSystemPackage(DefaultPermissionGrantPolicy.java:356)
06-22 12:47:56.852 E/DefaultPermGrantPolicy( 1920): 	at com.android.server.pm.permission.DefaultPermissionGrantPolicy.grantDefaultSystemHandlerPermissions(DefaultPermissionGrantPolicy.java:743)
06-22 12:47:56.852 E/DefaultPermGrantPolicy( 1920): 	at com.android.server.pm.permission.DefaultPermissionGrantPolicy.grantDefaultPermissions(DefaultPermissionGrantPolicy.java:295)
06-22 12:47:56.852 E/DefaultPermGrantPolicy( 1920): 	at com.android.server.pm.PackageManagerService.systemReady(PackageManagerService.java:21619)
06-22 12:47:56.852 E/DefaultPermGrantPolicy( 1920): 	at com.android.server.SystemServer.startOtherServices(SystemServer.java:1977)
06-22 12:47:56.852 E/DefaultPermGrantPolicy( 1920): 	at com.android.server.SystemServer.run(SystemServer.java:512)
06-22 12:47:56.852 E/DefaultPermGrantPolicy( 1920): 	at com.android.server.SystemServer.main(SystemServer.java:349)
06-22 12:47:56.852 E/DefaultPermGrantPolicy( 1920): 	at java.lang.reflect.Method.invoke(Native Method)
06-22 12:47:56.852 E/DefaultPermGrantPolicy( 1920): 	at com.android.internal.os.RuntimeInit$MethodAndArgsCaller.run(RuntimeInit.java:492)
06-22 12:47:56.852 E/DefaultPermGrantPolicy( 1920): 	at com.android.internal.os.ZygoteInit.main(ZygoteInit.java:908)
06-22 12:47:56.861 I/PackageManager( 1920): Un-granting permission android.permission.MANAGE_DOCUMENTS from package com.google.android.youtube (protectionLevel=262146 flags=0x30dbbe45)
06-22 12:47:56.862 I/PackageManager( 1920): Un-granting permission com.google.android.googleapps.permission.GOOGLE_AUTH from package com.android.providers.calendar (protectionLevel=2 flags=0x30883e45)
06-22 12:47:56.862 I/PackageManager( 1920): Un-granting permission com.google.android.googleapps.permission.GOOGLE_AUTH.cl from package com.android.providers.calendar (protectionLevel=2 flags=0x30883e45)
06-22 12:47:56.862 I/PackageManager( 1920): Un-granting permission android.permission.WRITE_SECURE_SETTINGS from package com.google.android.apps.enterprise.dmagent (protectionLevel=50 flags=0x30883e05)
06-22 12:47:56.862 I/PackageManager( 1920): Un-granting permission android.permission.CONNECTIVITY_INTERNAL from package com.google.android.apps.enterprise.dmagent (protectionLevel=18 flags=0x30883e05)
06-22 12:47:56.862 I/PackageManager( 1920): Un-granting permission android.permission.MANAGE_USB from package com.google.android.apps.enterprise.dmagent (protectionLevel=18 flags=0x30883e05)
06-22 12:47:56.862 I/PackageManager( 1920): Un-granting permission android.permission.CHANGE_COMPONENT_ENABLED_STATE from package com.google.android.apps.enterprise.dmagent (protectionLevel=18 flags=0x30883e05)
06-22 12:47:56.862 I/PackageManager( 1920): Un-granting permission android.permission.MANAGE_CA_CERTIFICATES from package com.google.android.apps.enterprise.dmagent (protectionLevel=18 flags=0x30883e05)
06-22 12:47:56.862 I/PackageManager( 1920): Un-granting permission android.permission.MANAGE_USERS from package com.google.android.apps.enterprise.dmagent (protectionLevel=18 flags=0x30883e05)
06-22 12:47:56.862 I/PackageManager( 1920): Un-granting permission com.google.android.setupwizard.READ_DEVICE_ORIGIN from package com.google.android.apps.messaging (protectionLevel=18 flags=0x38cbbe45)
06-22 12:47:56.863 I/PackageManager( 1920): Un-granting permission android.permission.BIND_WALLPAPER from package com.android.camera2 (protectionLevel=18 flags=0x20d8bc45)
06-22 12:47:56.863 I/PackageManager( 1920): Un-granting permission android.permission.REQUEST_INSTALL_PACKAGES from package com.google.android.gm (protectionLevel=66 flags=0x38cbbe45)
06-22 12:47:56.864 I/PackageManager( 1920): Un-granting permission android.permission.BIND_JOB_SERVICE from package com.google.android.music (protectionLevel=2 flags=0x38cbbe65)
06-22 12:47:56.864 I/PackageManager( 1920): Un-granting permission android.permission.CONNECTIVITY_USE_RESTRICTED_NETWORKS from package com.google.android.captiveportallogin (protectionLevel=18 flags=0x38c8be45)
06-22 12:47:56.864 I/PackageManager( 1920): Un-granting permission android.permission.NETWORK_BYPASS_PRIVATE_DNS from package com.google.android.captiveportallogin (protectionLevel=2 flags=0x38c8be45)
06-22 12:47:56.864 I/PackageManager( 1920): Un-granting permission android.permission.REQUEST_INSTALL_PACKAGES from package com.google.android.apps.docs (protectionLevel=66 flags=0x38cbbe45)
06-22 12:47:56.865 I/PackageManager( 1920): Un-granting permission android.permission.INTERACT_ACROSS_USERS from package com.google.android.syncadapters.contacts (protectionLevel=50 flags=0x20883e45)
06-22 12:47:56.865 I/PackageManager( 1920): Un-granting permission android.permission.REQUEST_INSTALL_PACKAGES from package com.android.chrome (protectionLevel=66 flags=0xa0cbbe45)
06-22 12:47:56.865 I/PackageManager( 1920): Un-granting permission com.google.android.apps.now.CURRENT_ACCOUNT_ACCESS from package com.android.chrome (protectionLevel=2 flags=0xa0cbbe45)
06-22 12:47:56.865 I/PackageManager( 1920): Un-granting permission android.permission.CAPTURE_VIDEO_OUTPUT from package com.google.android.gms (protectionLevel=2 flags=0xb0cabe45)
06-22 12:47:56.865 I/PackageManager( 1920): Un-granting permission android.permission.MANAGE_DEVICE_ADMINS from package com.google.android.gms (protectionLevel=2 flags=0xb0cabe45)
06-22 12:47:56.865 I/PackageManager( 1920): Un-granting permission android.permission.MANAGE_ACTIVITY_STACKS from package com.google.android.gms (protectionLevel=2 flags=0xb0cabe45)
06-22 12:47:56.865 I/PackageManager( 1920): Un-granting permission android.permission.CAPTURE_SECURE_VIDEO_OUTPUT from package com.google.android.gms (protectionLevel=2 flags=0xb0cabe45)
06-22 12:47:56.865 I/PackageManager( 1920): Un-granting permission android.permission.MANAGE_ROLLBACKS from package com.google.android.gms (protectionLevel=514 flags=0xb0cabe45)
06-22 12:47:56.866 I/PackageManager( 1920): Un-granting permission com.google.android.googleapps.permission.GOOGLE_AUTH from package com.google.android.videos (protectionLevel=2 flags=0x30dbbe45)
06-22 12:47:56.866 I/PackageManager( 1920): Un-granting permission android.permission.WRITE_MEDIA_STORAGE from package com.google.android.apps.photos (protectionLevel=18 flags=0x38d9be45)
06-22 12:47:56.872 V/UserDataPreparer( 1920): Found /data/user_de/0 with serial number -1
06-22 12:47:56.872 D/UserDataPreparer( 1920): Serial number missing on /data/user_de/0; assuming current is valid
06-22 12:47:56.872 V/UserDataPreparer( 1920): Found /data/user/0 with serial number -1
06-22 12:47:56.872 D/UserDataPreparer( 1920): Serial number missing on /data/user/0; assuming current is valid
06-22 12:47:56.872 V/UserDataPreparer( 1920): Found /data/system_de/0 with serial number -1
06-22 12:47:56.872 D/UserDataPreparer( 1920): Serial number missing on /data/system_de/0; assuming current is valid
06-22 12:47:56.873 D/SystemServerTiming( 1920): MakePackageManagerServiceReady took to complete: 388ms
06-22 12:47:56.873 I/SystemServer( 1920): MakeDisplayManagerServiceReady
06-22 12:47:56.875 D/SystemServerTiming( 1920): MakeDisplayManagerServiceReady took to complete: 2ms
06-22 12:47:56.875 I/SystemServer( 1920): StartDeviceSpecificServices
06-22 12:47:56.875 D/SystemServerTiming( 1920): StartDeviceSpecificServices took to complete: 0ms
06-22 12:47:56.875 I/SystemServer( 1920): StartBootPhaseDeviceSpecificServicesReady
06-22 12:47:56.875 I/SystemServiceManager( 1920): Starting phase 520
06-22 12:47:56.879 D/SystemServerTiming( 1920): StartBootPhaseDeviceSpecificServicesReady took to complete: 4ms
06-22 12:47:56.879 I/SystemServer( 1920): StartPermissionPolicyService
06-22 12:47:56.879 I/SystemServiceManager( 1920): Starting com.android.server.policy.PermissionPolicyService
06-22 12:47:56.880 D/SystemServerTiming( 1920): StartPermissionPolicyService took to complete: 0ms
06-22 12:47:56.880 W/UsageStatsService( 1920): Event reported without a package name, eventType:15
06-22 12:47:56.880 I/AppOps  ( 1920): Pruning old package system/com.android.server.appop.AppOpsService$UidState@2e15aa2: new uid=-1
06-22 12:47:56.880 I/ActivityManager( 1920): System now ready
06-22 12:47:56.893 I/SystemServer( 1920): Making services ready
06-22 12:47:56.893 I/SystemServer( 1920): StartActivityManagerReadyPhase
06-22 12:47:56.893 I/SystemServiceManager( 1920): Starting phase 550
06-22 12:47:56.894 I/android_os_HwBinder( 1920): HwBinder: Starting thread pool for getting: android.hardware.thermal@2.0::IThermal/default
06-22 12:47:56.894 I/android.hardware.thermal@2.0-service-mock( 1714): A callback has been registered to ThermalHAL, isFilter: 0 Type: CPU
06-22 12:47:56.895 W/ActivityManager( 1920): Too early to start/bind service in system_server: Phase=550 ComponentInfo{com.android.server.telecom/com.android.server.telecom.components.TelecomService}
06-22 12:47:56.896 W/ActivityManager( 1920): Too early to start/bind service in system_server: Phase=550 ComponentInfo{com.android.server.telecom/com.android.server.telecom.components.TelecomService}
06-22 12:47:56.910 D/PackageManager( 1920): Instant App installer not found with android.intent.action.INSTALL_INSTANT_APP_PACKAGE
06-22 12:47:56.910 D/PackageManager( 1920): Clear ephemeral installer activity
06-22 12:47:56.910 D/PackageManager( 1920): Instant App installer not found with android.intent.action.INSTALL_INSTANT_APP_PACKAGE
06-22 12:47:56.910 D/PackageManager( 1920): Clear ephemeral installer activity
06-22 12:47:56.911 D/PackageManager( 1920): Instant App installer not found with android.intent.action.INSTALL_INSTANT_APP_PACKAGE
06-22 12:47:56.911 D/PackageManager( 1920): Clear ephemeral installer activity
06-22 12:47:56.918 D/Zygote  ( 1664): Forked child process 2058
06-22 12:47:56.921 D/StorageManagerService( 1920): Isolated storage local flag 0 and remote flag 0 resolved to true
06-22 12:47:56.922 I/LockSettingsService( 1920): Migrated migrated_frp.
06-22 12:47:56.923 I/WallpaperManagerService( 1920): No static wallpaper imagery; defaults will be shown
06-22 12:47:56.923 V/WallpaperManagerService( 1920): bindWallpaperComponentLocked: componentName=ComponentInfo{com.android.systemui/com.android.systemui.ImageWallpaper}
06-22 12:47:56.924 W/WallpaperManagerService( 1920): no current wallpaper -- first boot?
06-22 12:47:56.926 I/ActivityManager( 1920): Start proc 2058:com.google.android.gms.persistent/u0a117 for broadcast {com.google.android.gms/com.google.android.gms.chimera.GmsIntentOperationService$PersistentTrustedReceiver}
06-22 12:47:56.926 E/BluetoothAdapter( 1920): Bluetooth binder is null
06-22 12:47:56.927 I/AppBindingService( 1920): Updating constants with: null
06-22 12:47:56.927 W/.gms.persisten( 2058): Unexpected CPU variant for X86 using defaults: x86_64
06-22 12:47:56.928 E/BluetoothAdapter( 1920): Bluetooth binder is null
06-22 12:47:56.929 I/AudioFlinger( 1727): systemReady
06-22 12:47:56.931 D/Zygote  ( 1664): Forked child process 2073
06-22 12:47:56.939 I/ActivityManager( 1920): Start proc 2073:com.android.systemui/u0a115 for service {com.android.systemui/com.android.systemui.ImageWallpaper}
06-22 12:47:56.942 W/ndroid.systemu( 2073): Unexpected CPU variant for X86 using defaults: x86_64
06-22 12:47:56.945 I/.gms.persisten( 2058): The ClassLoaderContext is a special shared library.
06-22 12:47:56.948 D/Zygote  ( 1664): Forked child process 2095
06-22 12:47:56.951 I/ActivityManager( 1920): Start proc 2095:com.google.android.permissioncontroller/u0a74 for service {com.google.android.permissioncontroller/com.android.packageinstaller.permission.service.PermissionControllerServiceImpl}
06-22 12:47:56.952 W/ssioncontrolle( 2095): Unexpected CPU variant for X86 using defaults: x86_64
06-22 12:47:56.955 I/.gms.persisten( 2058): The ClassLoaderContext is a special shared library.
06-22 12:47:56.955 I/chatty  ( 2058): uid=10117 com.google.android.gms.persistent identical 1 line
06-22 12:47:56.957 I/.gms.persisten( 2058): The ClassLoaderContext is a special shared library.
06-22 12:47:56.957 I/ndroid.systemu( 2073): The ClassLoaderContext is a special shared library.
06-22 12:47:56.983 D/StagefrightPluginLoader( 1781): CCodec is disabled.
06-22 12:47:56.983 D/StagefrightPluginLoader( 1781): Handle or CreateInputSurface symbol is null
06-22 12:47:56.983 D/MediaCodecList( 1781): Allowing all OMX codecs
06-22 12:47:56.983 D/StagefrightPluginLoader( 1781): Handle or CreateBuilder symbol is null
06-22 12:47:56.985 I/ssioncontrolle( 2095): The ClassLoaderContext is a special shared library.
06-22 12:47:56.985 W/StorageManagerService( 1920): No primary storage defined yet; hacking together a stub
06-22 12:47:56.988 W/ContextImpl( 2058): Failed to ensure /data/user/0/com.google.android.gms/cache: mkdir failed: ENOENT (No such file or directory)
06-22 12:47:56.988 W/ContextImpl( 2058): Failed to update user.inode_cache: stat failed: ENOENT (No such file or directory)
06-22 12:47:56.991 I/OMXClient( 1781): IOmx service obtained
06-22 12:47:56.991 I/OMXMaster( 1785): makeComponentInstance(OMX.google.aac.decoder) in android.hardwar process
06-22 12:47:56.999 W/AlarmManager( 2073): Unrecognized alarm listener com.android.systemui.keyguard.-$$Lambda$KeyguardSliceProvider$IhzByd8TsqFuOrSyuGurVskyPLo@9a3bee9
06-22 12:47:57.000 I/OMXClient( 1781): IOmx service obtained
06-22 12:47:57.000 I/OMXMaster( 1785): makeComponentInstance(OMX.google.amrnb.decoder) in android.hardwar process
06-22 12:47:57.000 D/WifiController( 1920): DEFERRED_TOGGLE handled
06-22 12:47:57.000 D/WifiController( 1920): StaEnabledState.enter()
06-22 12:47:57.000 D/WifiActiveModeWarden( 1920): Switching from ScanOnlyModeActiveState to ClientMode
06-22 12:47:57.000 D/WifiScanOnlyModeManager( 1920):  currentstate: StartedState
06-22 12:47:57.000 D/WifiScanRequestProxy( 1920): Sending scan available broadcast: false
06-22 12:47:57.001 I/WifiScanningService( 1920): wifi driver unloaded
06-22 12:47:57.001 W/wificond( 1784): No pno scan started
06-22 12:47:57.001 E/wificond( 1784): Receive ERROR message in response to 'stop scheduled scan' request: Operation not supported on transport endpoint
06-22 12:47:57.001 I/WifiScanRequestProxy( 1920): Scanning is disabled
06-22 12:47:57.001 D/WifiActiveModeWarden( 1920): Entering ClientModeActiveState
06-22 12:47:57.002 D/WifiClientModeManager( 1920): entering IdleState
06-22 12:47:57.002 D/WakeupController( 1920): stop()
06-22 12:47:57.005 W/android.hardware.wifi@1.0-service( 1716): No active wlan interfaces in use! Using default
06-22 12:47:57.008 I/wificond( 1784): Unsubscribe scan result for interface with index: 3
06-22 12:47:57.010 D/WificondControl( 1920): tearing down interfaces in wificond
06-22 12:47:57.013 I/android.hardware.wifi@1.0-service( 1716): Legacy HAL stop complete callback received
06-22 12:47:57.014 I/OMXClient( 1781): IOmx service obtained
06-22 12:47:57.014 I/OMXMaster( 1785): makeComponentInstance(OMX.google.amrwb.decoder) in android.hardwar process
06-22 12:47:57.015 I/android.hardware.wifi@1.0-service( 1716): Wifi HAL stopped
06-22 12:47:57.015 I/WifiVendorHal( 1920): Vendor Hal stopped
06-22 12:47:57.015 I/WifiNative( 1920): Successfully torn down Iface:{Name=wlan0,Id=0,Type=STA_SCAN}
06-22 12:47:57.015 E/HalDevMgr( 1920): getAllChipInfo: called but mWifi is null!?
