06-22 12:47:57.296 W/PackageManager( 1920): Cannot whitelist unknown permission: com.google.android.gm.exchange.BIND
06-22 12:47:57.296 W/PackageManager( 1920): Cannot whitelist unknown permission: com.android.email.partnerprovider.PARTNER_PROVIDER
06-22 12:47:57.296 I/PackageManager( 1920): Un-granting permission android.permission.REQUEST_INSTALL_PACKAGES from package com.google.android.gm (protectionLevel=66 flags=0x38cbbe45)
06-22 12:47:57.298 W/PackageManager( 1920): Cannot whitelist unknown permission: com.google.android.email.permission.ACCESS_PROVIDER
06-22 12:47:57.298 W/PackageManager( 1920): Cannot whitelist unknown permission: com.google.android.gm.exchange.BIND
06-22 12:47:57.298 W/PackageManager( 1920): Cannot whitelist unknown permission: com.android.email.partnerprovider.PARTNER_PROVIDER
06-22 12:47:57.299 I/PackageManager( 1920): Un-granting permission android.permission.REQUEST_INSTALL_PACKAGES from package com.google.android.gm (protectionLevel=66 flags=0x38cbbe45)
06-22 12:47:57.300 I/OMXClient( 1781): IOmx service obtained
06-22 12:47:57.300 I/OMXMaster( 1785): makeComponentInstance(OMX.google.h263.encoder) in android.hardwar process
06-22 12:47:57.301 I/SoftMPEG4Encoder( 1785): Construct SoftMPEG4Encoder
06-22 12:47:57.301 W/OMXUtils( 1781): do not know color format 0x7f000789 = 2130708361
06-22 12:47:57.301 E/OMXNodeInstance( 1785): getConfig(0xe95bff00:google.h263.encoder, ConfigAndroidIntraRefresh(0x6f60000a)) ERROR: Undefined(0x80001001)
06-22 12:47:57.301 E/OMXNodeInstance( 1785): getParameter(0xe95bff00:google.h263.encoder, ParamVideoIntraRefresh(0x6000006)) ERROR: UnsupportedIndex(0x8000101a)
06-22 12:47:57.301 D/MediaCodecInfo( 1781): detail feature-frame-parsing wasn't present to remove
06-22 12:47:57.309 I/OMXClient( 1781): IOmx service obtained
06-22 12:47:57.309 I/OMXMaster( 1785): makeComponentInstance(OMX.google.mpeg4.encoder) in android.hardwar process
06-22 12:47:57.309 I/SoftMPEG4Encoder( 1785): Construct SoftMPEG4Encoder
06-22 12:47:57.310 W/OMXUtils( 1781): do not know color format 0x7f000789 = 2130708361
06-22 12:47:57.310 E/OMXNodeInstance( 1785): getConfig(0xe95bff00:google.mpeg4.encoder, ConfigAndroidIntraRefresh(0x6f60000a)) ERROR: Undefined(0x80001001)
06-22 12:47:57.310 E/OMXNodeInstance( 1785): getParameter(0xe95bff00:google.mpeg4.encoder, ParamVideoIntraRefresh(0x6000006)) ERROR: UnsupportedIndex(0x8000101a)
06-22 12:47:57.310 D/MediaCodecInfo( 1781): detail feature-frame-parsing wasn't present to remove
06-22 12:47:57.312 W/PackageManager( 1920): Cannot whitelist unknown permission: com.android.vending.TOS_ACKED
06-22 12:47:57.313 W/PackageManager( 1920): Cannot whitelist unknown permission: com.android.vending.setup.PLAY_SETUP_SERVICE
06-22 12:47:57.315 W/PackageManager( 1920): Cannot whitelist unknown permission: com.samsung.android.providers.context.permission.WRITE_USE_APP_FEATURE_SURVEY
06-22 12:47:57.315 I/PackageManager( 1920): Un-granting permission android.permission.BIND_JOB_SERVICE from package com.google.android.music (protectionLevel=2 flags=0x38cbbe65)
06-22 12:47:57.317 I/OMXClient( 1781): IOmx service obtained
06-22 12:47:57.317 I/OMXMaster( 1785): makeComponentInstance(OMX.google.vp8.encoder) in android.hardwar process
06-22 12:47:57.318 W/OMXUtils( 1781): do not know color format 0x7f000789 = 2130708361
06-22 12:47:57.318 E/OMXNodeInstance( 1785): getConfig(0xe95bff00:google.vp8.encoder, ConfigAndroidIntraRefresh(0x6f60000a)) ERROR: Undefined(0x80001001)
06-22 12:47:57.318 E/OMXNodeInstance( 1785): getParameter(0xe95bff00:google.vp8.encoder, ParamVideoIntraRefresh(0x6000006)) ERROR: UnsupportedIndex(0x8000101a)
06-22 12:47:57.318 D/MediaCodecInfo( 1781): detail feature-frame-parsing wasn't present to remove
06-22 12:47:57.319 W/PackageManager( 1920): Cannot whitelist unknown permission: com.samsung.android.providers.context.permission.WRITE_USE_APP_FEATURE_SURVEY
06-22 12:47:57.319 I/PackageManager( 1920): Un-granting permission android.permission.BIND_JOB_SERVICE from package com.google.android.music (protectionLevel=2 flags=0x38cbbe65)
06-22 12:47:57.319 W/PackageManager( 1920): Cannot whitelist unknown permission: com.samsung.android.providers.context.permission.WRITE_USE_APP_FEATURE_SURVEY
06-22 12:47:57.319 I/PackageManager( 1920): Un-granting permission android.permission.BIND_JOB_SERVICE from package com.google.android.music (protectionLevel=2 flags=0x38cbbe65)
06-22 12:47:57.322 W/PackageManager( 1920): Cannot whitelist unknown permission: com.android.vending.BILLING
06-22 12:47:57.322 I/PackageManager( 1920): Un-granting permission android.permission.REQUEST_INSTALL_PACKAGES from package com.google.android.apps.docs (protectionLevel=66 flags=0x38cbbe45)
06-22 12:47:57.323 W/PackageManager( 1920): Cannot whitelist unknown permission: com.android.vending.BILLING
06-22 12:47:57.323 I/PackageManager( 1920): Un-granting permission android.permission.REQUEST_INSTALL_PACKAGES from package com.google.android.apps.docs (protectionLevel=66 flags=0x38cbbe45)
06-22 12:47:57.325 D/MediaCodecList( 1781): ignored a null builder
06-22 12:47:57.327 I/OMXClient( 1920): IOmx service obtained
06-22 12:47:57.327 I/OMXMaster( 1785): makeComponentInstance(OMX.google.vorbis.decoder) in android.hardwar process
06-22 12:47:57.327 E/OMXNodeInstance( 1785): getConfig(0xe95bff00:google.vorbis.decoder, ConfigAndroidVendorExtension(0x6f100004)) ERROR: Undefined(0x80001001)
06-22 12:47:57.352 W/PackageManager( 1920): Cannot whitelist unknown permission: android.permission.READ_MEDIA_IMAGES
06-22 12:47:57.352 W/PackageManager( 1920): Cannot whitelist unknown permission: com.chrome.permission.DEVICE_EXTRAS
06-22 12:47:57.352 W/PackageManager( 1920): Cannot whitelist unknown permission: com.sec.enterprise.knox.MDM_CONTENT_PROVIDER
06-22 12:47:57.352 I/PackageManager( 1920): Un-granting permission android.permission.REQUEST_INSTALL_PACKAGES from package com.android.chrome (protectionLevel=66 flags=0xa0cbbe45)
06-22 12:47:57.353 I/PackageManager( 1920): Un-granting permission com.google.android.apps.now.CURRENT_ACCOUNT_ACCESS from package com.android.chrome (protectionLevel=2 flags=0xa0cbbe45)
06-22 12:47:57.353 W/PackageManager( 1920): Cannot whitelist unknown permission: android.permission.READ_MEDIA_IMAGES
06-22 12:47:57.354 W/PackageManager( 1920): Cannot whitelist unknown permission: com.chrome.permission.DEVICE_EXTRAS
06-22 12:47:57.354 W/PackageManager( 1920): Cannot whitelist unknown permission: com.sec.enterprise.knox.MDM_CONTENT_PROVIDER
06-22 12:47:57.354 I/PackageManager( 1920): Un-granting permission android.permission.REQUEST_INSTALL_PACKAGES from package com.android.chrome (protectionLevel=66 flags=0xa0cbbe45)
06-22 12:47:57.354 I/PackageManager( 1920): Un-granting permission com.google.android.apps.now.CURRENT_ACCOUNT_ACCESS from package com.android.chrome (protectionLevel=2 flags=0xa0cbbe45)
06-22 12:47:57.355 W/PackageManager( 1920): Cannot whitelist unknown permission: com.sec.android.provider.badge.permission.READ
06-22 12:47:57.355 W/PackageManager( 1920): Cannot whitelist unknown permission: com.sec.android.provider.badge.permission.WRITE
06-22 12:47:57.355 W/PackageManager( 1920): Cannot whitelist unknown permission: com.htc.launcher.permission.READ_SETTINGS
06-22 12:47:57.355 W/PackageManager( 1920): Cannot whitelist unknown permission: com.htc.launcher.permission.UPDATE_SHORTCUT
06-22 12:47:57.355 W/PackageManager( 1920): Cannot whitelist unknown permission: com.sonyericsson.home.permission.BROADCAST_BADGE
06-22 12:47:57.355 W/PackageManager( 1920): Cannot whitelist unknown permission: com.sonymobile.home.permission.PROVIDER_INSERT_BADGE
06-22 12:47:57.356 W/PackageManager( 1920): Cannot whitelist unknown permission: com.anddoes.launcher.permission.UPDATE_COUNT
06-22 12:47:57.356 W/PackageManager( 1920): Cannot whitelist unknown permission: com.majeur.launcher.permission.UPDATE_BADGE
06-22 12:47:57.356 W/PackageManager( 1920): Cannot whitelist unknown permission: com.huawei.android.launcher.permission.CHANGE_BADGE
06-22 12:47:57.356 W/PackageManager( 1920): Cannot whitelist unknown permission: com.huawei.android.launcher.permission.READ_SETTINGS
06-22 12:47:57.356 W/PackageManager( 1920): Cannot whitelist unknown permission: com.huawei.android.launcher.permission.WRITE_SETTINGS
06-22 12:47:57.356 W/PackageManager( 1920): Cannot whitelist unknown permission: android.permission.READ_APP_BADGE
06-22 12:47:57.356 W/PackageManager( 1920): Cannot whitelist unknown permission: com.oppo.launcher.permission.READ_SETTINGS
06-22 12:47:57.356 W/PackageManager( 1920): Cannot whitelist unknown permission: com.oppo.launcher.permission.WRITE_SETTINGS
06-22 12:47:57.356 W/PackageManager( 1920): Cannot whitelist unknown permission: com.cequint.ecid.CALLER_ID_LOOKUP
06-22 12:47:57.356 W/PackageManager( 1920): Cannot whitelist unknown permission: com.motorola.incallui.permission.INCOMING_CALL_VISIBILITY_CHANGED
06-22 12:47:57.356 W/PackageManager( 1920): Cannot whitelist unknown permission: com.sec.android.provider.badge.permission.READ
06-22 12:47:57.356 W/PackageManager( 1920): Cannot whitelist unknown permission: com.sec.android.provider.badge.permission.WRITE
06-22 12:47:57.356 W/PackageManager( 1920): Cannot whitelist unknown permission: com.htc.launcher.permission.READ_SETTINGS
06-22 12:47:57.356 W/PackageManager( 1920): Cannot whitelist unknown permission: com.htc.launcher.permission.UPDATE_SHORTCUT
06-22 12:47:57.356 W/PackageManager( 1920): Cannot whitelist unknown permission: com.sonyericsson.home.permission.BROADCAST_BADGE
06-22 12:47:57.356 W/PackageManager( 1920): Cannot whitelist unknown permission: com.sonymobile.home.permission.PROVIDER_INSERT_BADGE
06-22 12:47:57.356 W/PackageManager( 1920): Cannot whitelist unknown permission: com.anddoes.launcher.permission.UPDATE_COUNT
06-22 12:47:57.356 W/PackageManager( 1920): Cannot whitelist unknown permission: com.majeur.launcher.permission.UPDATE_BADGE
06-22 12:47:57.356 W/PackageManager( 1920): Cannot whitelist unknown permission: com.huawei.android.launcher.permission.CHANGE_BADGE
06-22 12:47:57.356 W/PackageManager( 1920): Cannot whitelist unknown permission: com.huawei.android.launcher.permission.READ_SETTINGS
06-22 12:47:57.356 W/PackageManager( 1920): Cannot whitelist unknown permission: com.huawei.android.launcher.permission.WRITE_SETTINGS
06-22 12:47:57.356 W/PackageManager( 1920): Cannot whitelist unknown permission: android.permission.READ_APP_BADGE
06-22 12:47:57.356 W/PackageManager( 1920): Cannot whitelist unknown permission: com.oppo.launcher.permission.READ_SETTINGS
06-22 12:47:57.356 W/PackageManager( 1920): Cannot whitelist unknown permission: com.oppo.launcher.permission.WRITE_SETTINGS
06-22 12:47:57.356 W/PackageManager( 1920): Cannot whitelist unknown permission: com.cequint.ecid.CALLER_ID_LOOKUP
06-22 12:47:57.356 W/PackageManager( 1920): Cannot whitelist unknown permission: com.motorola.incallui.permission.INCOMING_CALL_VISIBILITY_CHANGED
06-22 12:47:57.357 W/PackageManager( 1920): Cannot whitelist unknown permission: com.sec.android.provider.badge.permission.READ
06-22 12:47:57.357 W/PackageManager( 1920): Cannot whitelist unknown permission: com.sec.android.provider.badge.permission.WRITE
06-22 12:47:57.357 W/PackageManager( 1920): Cannot whitelist unknown permission: com.htc.launcher.permission.READ_SETTINGS
06-22 12:47:57.357 W/PackageManager( 1920): Cannot whitelist unknown permission: com.htc.launcher.permission.UPDATE_SHORTCUT
06-22 12:47:57.357 W/PackageManager( 1920): Cannot whitelist unknown permission: com.sonyericsson.home.permission.BROADCAST_BADGE
06-22 12:47:57.357 W/PackageManager( 1920): Cannot whitelist unknown permission: com.sonymobile.home.permission.PROVIDER_INSERT_BADGE
06-22 12:47:57.357 W/PackageManager( 1920): Cannot whitelist unknown permission: com.anddoes.launcher.permission.UPDATE_COUNT
06-22 12:47:57.357 W/PackageManager( 1920): Cannot whitelist unknown permission: com.majeur.launcher.permission.UPDATE_BADGE
06-22 12:47:57.357 W/PackageManager( 1920): Cannot whitelist unknown permission: com.huawei.android.launcher.permission.CHANGE_BADGE
06-22 12:47:57.357 W/PackageManager( 1920): Cannot whitelist unknown permission: com.huawei.android.launcher.permission.READ_SETTINGS
06-22 12:47:57.357 W/PackageManager( 1920): Cannot whitelist unknown permission: com.huawei.android.launcher.permission.WRITE_SETTINGS
06-22 12:47:57.357 W/PackageManager( 1920): Cannot whitelist unknown permission: android.permission.READ_APP_BADGE
06-22 12:47:57.357 W/PackageManager( 1920): Cannot whitelist unknown permission: com.oppo.launcher.permission.READ_SETTINGS
06-22 12:47:57.357 W/PackageManager( 1920): Cannot whitelist unknown permission: com.oppo.launcher.permission.WRITE_SETTINGS
06-22 12:47:57.357 W/PackageManager( 1920): Cannot whitelist unknown permission: com.cequint.ecid.CALLER_ID_LOOKUP
06-22 12:47:57.357 W/PackageManager( 1920): Cannot whitelist unknown permission: com.motorola.incallui.permission.INCOMING_CALL_VISIBILITY_CHANGED
06-22 12:47:57.358 W/PackageManager( 1920): Cannot whitelist unknown permission: com.sec.android.provider.badge.permission.READ
06-22 12:47:57.358 W/PackageManager( 1920): Cannot whitelist unknown permission: com.sec.android.provider.badge.permission.WRITE
06-22 12:47:57.358 W/PackageManager( 1920): Cannot whitelist unknown permission: com.htc.launcher.permission.READ_SETTINGS
06-22 12:47:57.358 W/PackageManager( 1920): Cannot whitelist unknown permission: com.htc.launcher.permission.UPDATE_SHORTCUT
06-22 12:47:57.358 W/PackageManager( 1920): Cannot whitelist unknown permission: com.sonyericsson.home.permission.BROADCAST_BADGE
06-22 12:47:57.358 W/PackageManager( 1920): Cannot whitelist unknown permission: com.sonymobile.home.permission.PROVIDER_INSERT_BADGE
06-22 12:47:57.358 W/PackageManager( 1920): Cannot whitelist unknown permission: com.anddoes.launcher.permission.UPDATE_COUNT
06-22 12:47:57.358 W/PackageManager( 1920): Cannot whitelist unknown permission: com.majeur.launcher.permission.UPDATE_BADGE
06-22 12:47:57.358 W/PackageManager( 1920): Cannot whitelist unknown permission: com.huawei.android.launcher.permission.CHANGE_BADGE
06-22 12:47:57.358 W/PackageManager( 1920): Cannot whitelist unknown permission: com.huawei.android.launcher.permission.READ_SETTINGS
06-22 12:47:57.358 W/PackageManager( 1920): Cannot whitelist unknown permission: com.huawei.android.launcher.permission.WRITE_SETTINGS
06-22 12:47:57.358 W/PackageManager( 1920): Cannot whitelist unknown permission: android.permission.READ_APP_BADGE
06-22 12:47:57.358 W/PackageManager( 1920): Cannot whitelist unknown permission: com.oppo.launcher.permission.READ_SETTINGS
06-22 12:47:57.358 W/PackageManager( 1920): Cannot whitelist unknown permission: com.oppo.launcher.permission.WRITE_SETTINGS
06-22 12:47:57.358 W/PackageManager( 1920): Cannot whitelist unknown permission: com.cequint.ecid.CALLER_ID_LOOKUP
06-22 12:47:57.358 W/PackageManager( 1920): Cannot whitelist unknown permission: com.motorola.incallui.permission.INCOMING_CALL_VISIBILITY_CHANGED
06-22 12:47:57.360 W/PackageManager( 1920): Cannot whitelist unknown permission: com.sec.android.provider.badge.permission.READ
06-22 12:47:57.360 W/PackageManager( 1920): Cannot whitelist unknown permission: com.sec.android.provider.badge.permission.WRITE
06-22 12:47:57.360 W/PackageManager( 1920): Cannot whitelist unknown permission: com.htc.launcher.permission.READ_SETTINGS
06-22 12:47:57.360 W/PackageManager( 1920): Cannot whitelist unknown permission: com.htc.launcher.permission.UPDATE_SHORTCUT
06-22 12:47:57.360 W/PackageManager( 1920): Cannot whitelist unknown permission: com.sonyericsson.home.permission.BROADCAST_BADGE
06-22 12:47:57.360 W/PackageManager( 1920): Cannot whitelist unknown permission: com.sonymobile.home.permission.PROVIDER_INSERT_BADGE
06-22 12:47:57.360 W/PackageManager( 1920): Cannot whitelist unknown permission: com.anddoes.launcher.permission.UPDATE_COUNT
06-22 12:47:57.360 W/PackageManager( 1920): Cannot whitelist unknown permission: com.majeur.launcher.permission.UPDATE_BADGE
06-22 12:47:57.360 W/PackageManager( 1920): Cannot whitelist unknown permission: com.huawei.android.launcher.permission.CHANGE_BADGE
06-22 12:47:57.360 W/PackageManager( 1920): Cannot whitelist unknown permission: com.huawei.android.launcher.permission.READ_SETTINGS
06-22 12:47:57.360 W/PackageManager( 1920): Cannot whitelist unknown permission: com.huawei.android.launcher.permission.WRITE_SETTINGS
06-22 12:47:57.360 W/PackageManager( 1920): Cannot whitelist unknown permission: android.permission.READ_APP_BADGE
06-22 12:47:57.360 W/PackageManager( 1920): Cannot whitelist unknown permission: com.oppo.launcher.permission.READ_SETTINGS
06-22 12:47:57.360 W/PackageManager( 1920): Cannot whitelist unknown permission: com.oppo.launcher.permission.WRITE_SETTINGS
06-22 12:47:57.360 W/PackageManager( 1920): Cannot whitelist unknown permission: com.cequint.ecid.CALLER_ID_LOOKUP
06-22 12:47:57.360 W/PackageManager( 1920): Cannot whitelist unknown permission: com.motorola.incallui.permission.INCOMING_CALL_VISIBILITY_CHANGED
06-22 12:47:57.362 W/PackageManager( 1920): Cannot whitelist unknown permission: com.sec.android.provider.badge.permission.READ
06-22 12:47:57.362 W/PackageManager( 1920): Cannot whitelist unknown permission: com.sec.android.provider.badge.permission.WRITE
06-22 12:47:57.362 W/PackageManager( 1920): Cannot whitelist unknown permission: com.htc.launcher.permission.READ_SETTINGS
06-22 12:47:57.362 W/PackageManager( 1920): Cannot whitelist unknown permission: com.htc.launcher.permission.UPDATE_SHORTCUT
06-22 12:47:57.362 W/PackageManager( 1920): Cannot whitelist unknown permission: com.sonyericsson.home.permission.BROADCAST_BADGE
06-22 12:47:57.362 W/PackageManager( 1920): Cannot whitelist unknown permission: com.sonymobile.home.permission.PROVIDER_INSERT_BADGE
06-22 12:47:57.362 W/PackageManager( 1920): Cannot whitelist unknown permission: com.anddoes.launcher.permission.UPDATE_COUNT
06-22 12:47:57.362 W/PackageManager( 1920): Cannot whitelist unknown permission: com.majeur.launcher.permission.UPDATE_BADGE
06-22 12:47:57.362 W/PackageManager( 1920): Cannot whitelist unknown permission: com.huawei.android.launcher.permission.CHANGE_BADGE
06-22 12:47:57.362 W/PackageManager( 1920): Cannot whitelist unknown permission: com.huawei.android.launcher.permission.READ_SETTINGS
06-22 12:47:57.362 W/PackageManager( 1920): Cannot whitelist unknown permission: com.huawei.android.launcher.permission.WRITE_SETTINGS
06-22 12:47:57.362 W/PackageManager( 1920): Cannot whitelist unknown permission: android.permission.READ_APP_BADGE
06-22 12:47:57.362 W/PackageManager( 1920): Cannot whitelist unknown permission: com.oppo.launcher.permission.READ_SETTINGS
06-22 12:47:57.362 W/PackageManager( 1920): Cannot whitelist unknown permission: com.oppo.launcher.permission.WRITE_SETTINGS
06-22 12:47:57.362 W/PackageManager( 1920): Cannot whitelist unknown permission: com.cequint.ecid.CALLER_ID_LOOKUP
06-22 12:47:57.362 W/PackageManager( 1920): Cannot whitelist unknown permission: com.motorola.incallui.permission.INCOMING_CALL_VISIBILITY_CHANGED
06-22 12:47:57.363 W/PackageManager( 1920): Cannot whitelist unknown permission: com.sec.android.provider.badge.permission.READ
06-22 12:47:57.363 W/PackageManager( 1920): Cannot whitelist unknown permission: com.sec.android.provider.badge.permission.WRITE
06-22 12:47:57.363 W/PackageManager( 1920): Cannot whitelist unknown permission: com.htc.launcher.permission.READ_SETTINGS
06-22 12:47:57.363 W/PackageManager( 1920): Cannot whitelist unknown permission: com.htc.launcher.permission.UPDATE_SHORTCUT
06-22 12:47:57.363 W/PackageManager( 1920): Cannot whitelist unknown permission: com.sonyericsson.home.permission.BROADCAST_BADGE
06-22 12:47:57.363 W/PackageManager( 1920): Cannot whitelist unknown permission: com.sonymobile.home.permission.PROVIDER_INSERT_BADGE
06-22 12:47:57.363 W/PackageManager( 1920): Cannot whitelist unknown permission: com.anddoes.launcher.permission.UPDATE_COUNT
06-22 12:47:57.363 W/PackageManager( 1920): Cannot whitelist unknown permission: com.majeur.launcher.permission.UPDATE_BADGE
06-22 12:47:57.363 W/PackageManager( 1920): Cannot whitelist unknown permission: com.huawei.android.launcher.permission.CHANGE_BADGE
06-22 12:47:57.363 W/PackageManager( 1920): Cannot whitelist unknown permission: com.huawei.android.launcher.permission.READ_SETTINGS
06-22 12:47:57.363 W/PackageManager( 1920): Cannot whitelist unknown permission: com.huawei.android.launcher.permission.WRITE_SETTINGS
06-22 12:47:57.363 W/PackageManager( 1920): Cannot whitelist unknown permission: android.permission.READ_APP_BADGE
06-22 12:47:57.363 W/PackageManager( 1920): Cannot whitelist unknown permission: com.oppo.launcher.permission.READ_SETTINGS
06-22 12:47:57.363 W/PackageManager( 1920): Cannot whitelist unknown permission: com.oppo.launcher.permission.WRITE_SETTINGS
06-22 12:47:57.363 W/PackageManager( 1920): Cannot whitelist unknown permission: com.cequint.ecid.CALLER_ID_LOOKUP
06-22 12:47:57.363 W/PackageManager( 1920): Cannot whitelist unknown permission: com.motorola.incallui.permission.INCOMING_CALL_VISIBILITY_CHANGED
06-22 12:47:57.366 W/PackageManager( 1920): Cannot whitelist unknown permission: android.permission.QUERY_ALL_PACKAGES
06-22 12:47:57.367 W/PackageManager( 1920): Cannot whitelist unknown permission: android.permission.PRE_FACTORY_RESET
06-22 12:47:57.367 W/PackageManager( 1920): Cannot whitelist unknown permission: android.permission.MANAGE_FACTORY_RESET_PROTECTION
06-22 12:47:57.367 W/PackageManager( 1920): Cannot whitelist unknown permission: android.car.permission.CAR_POWER
06-22 12:47:57.367 W/PackageManager( 1920): Cannot whitelist unknown permission: com.google.android.wearable.WRITE_SETTINGS
06-22 12:47:57.367 W/PackageManager( 1920): Cannot whitelist unknown permission: com.felicanetworks.mfc.permission.MFC_ACCESS
06-22 12:47:57.367 W/PackageManager( 1920): Cannot whitelist unknown permission: com.felicanetworks.mfc.mfi.permission.MFI_ACCESS
06-22 12:47:57.367 W/PackageManager( 1920): Cannot whitelist unknown permission: com.google.android.finsky.permission.INSTANT_APP_STATE
06-22 12:47:57.367 W/PackageManager( 1920): Cannot whitelist unknown permission: android.permission.UWB
06-22 12:47:57.367 W/PackageManager( 1920): Cannot whitelist unknown permission: com.google.android.finsky.permission.BIND_GET_INSTALL_REFERRER_SERVICE
06-22 12:47:57.367 W/PackageManager( 1920): Cannot whitelist unknown permission: com.google.android.hangouts.START_HANGOUT
06-22 12:47:57.367 W/PackageManager( 1920): Cannot whitelist unknown permission: android.car.permission.CAR_POWERTRAIN
06-22 12:47:57.367 W/PackageManager( 1920): Cannot whitelist unknown permission: android.car.permission.CAR_ENERGY
06-22 12:47:57.367 W/PackageManager( 1920): Cannot whitelist unknown permission: android.car.permission.CAR_ENERGY_PORTS
06-22 12:47:57.367 W/PackageManager( 1920): Cannot whitelist unknown permission: android.car.permission.CAR_EXTERIOR_LIGHTS
06-22 12:47:57.367 W/PackageManager( 1920): Cannot whitelist unknown permission: android.car.permission.CAR_INFO
06-22 12:47:57.367 W/PackageManager( 1920): Cannot whitelist unknown permission: android.car.permission.CAR_MILEAGE
06-22 12:47:57.367 W/PackageManager( 1920): Cannot whitelist unknown permission: android.car.permission.CAR_TIRES
06-22 12:47:57.367 W/PackageManager( 1920): Cannot whitelist unknown permission: android.car.permission.CONTROL_CAR_CLIMATE
06-22 12:47:57.367 W/PackageManager( 1920): Cannot whitelist unknown permission: android.car.permission.CONTROL_CAR_DOORS
06-22 12:47:57.367 W/PackageManager( 1920): Cannot whitelist unknown permission: android.car.permission.CONTROL_CAR_EXTERIOR_LIGHTS
06-22 12:47:57.367 W/PackageManager( 1920): Cannot whitelist unknown permission: android.car.permission.CONTROL_CAR_MIRRORS
06-22 12:47:57.367 W/PackageManager( 1920): Cannot whitelist unknown permission: android.car.permission.CONTROL_CAR_SEATS
06-22 12:47:57.367 W/PackageManager( 1920): Cannot whitelist unknown permission: android.car.permission.CONTROL_CAR_WINDOWS
06-22 12:47:57.367 W/PackageManager( 1920): Cannot whitelist unknown permission: android.car.permission.READ_CAR_DISPLAY_UNITS
06-22 12:47:57.367 W/PackageManager( 1920): Cannot whitelist unknown permission: com.google.android.finsky.permission.GEARHEAD_SERVICE
06-22 12:47:57.367 W/PackageManager( 1920): Cannot whitelist unknown permission: com.google.android.permission.ACCESSIBILITY_SCAN_SERVICE
06-22 12:47:57.367 W/PackageManager( 1920): Cannot whitelist unknown permission: com.google.android.finsky.permission.ACCESS_INSTANT_APP_NOTIFICATION_ENFORCEMENT
06-22 12:47:57.367 W/PackageManager( 1920): Cannot whitelist unknown permission: com.google.android.clockwork.settings.SHOW_FACTORY_RESET_CONFIRMATION
06-22 12:47:57.367 W/PackageManager( 1920): Cannot whitelist unknown permission: com.google.android.wearable.READ_SETTINGS
06-22 12:47:57.367 W/PackageManager( 1920): Cannot whitelist unknown permission: android.permission.READ_MEDIA_AUDIO
06-22 12:47:57.367 W/PackageManager( 1920): Cannot whitelist unknown permission: android.permission.READ_MEDIA_IMAGES
06-22 12:47:57.367 W/PackageManager( 1920): Cannot whitelist unknown permission: android.permission.READ_MEDIA_VIDEO
06-22 12:47:57.367 W/PackageManager( 1920): Cannot whitelist unknown permission: com.android.vending.setup.PLAY_SETUP_SERVICE
06-22 12:47:57.367 W/PackageManager( 1920): Cannot whitelist unknown permission: com.google.android.gms.game.notifications.permission.WRITE
06-22 12:47:57.367 W/PackageManager( 1920): Cannot whitelist unknown permission: com.google.android.vending.verifier.ACCESS_VERIFIER
06-22 12:47:57.367 I/PackageManager( 1920): Un-granting permission android.permission.CAPTURE_VIDEO_OUTPUT from package com.google.android.gms (protectionLevel=2 flags=0xb0cabe45)
06-22 12:47:57.367 I/PackageManager( 1920): Un-granting permission android.permission.MANAGE_DEVICE_ADMINS from package com.google.android.gms (protectionLevel=2 flags=0xb0cabe45)
06-22 12:47:57.367 I/PackageManager( 1920): Un-granting permission android.permission.MANAGE_ACTIVITY_STACKS from package com.google.android.gms (protectionLevel=2 flags=0xb0cabe45)
06-22 12:47:57.367 I/PackageManager( 1920): Un-granting permission android.permission.CAPTURE_SECURE_VIDEO_OUTPUT from package com.google.android.gms (protectionLevel=2 flags=0xb0cabe45)
06-22 12:47:57.367 I/PackageManager( 1920): Un-granting permission android.permission.MANAGE_ROLLBACKS from package com.google.android.gms (protectionLevel=514 flags=0xb0cabe45)
06-22 12:47:57.369 W/PackageManager( 1920): Cannot whitelist unknown permission: android.permission.QUERY_ALL_PACKAGES
06-22 12:47:57.369 W/PackageManager( 1920): Cannot whitelist unknown permission: android.permission.PRE_FACTORY_RESET
06-22 12:47:57.369 W/PackageManager( 1920): Cannot whitelist unknown permission: android.permission.MANAGE_FACTORY_RESET_PROTECTION
06-22 12:47:57.369 W/PackageManager( 1920): Cannot whitelist unknown permission: android.car.permission.CAR_POWER
06-22 12:47:57.369 W/PackageManager( 1920): Cannot whitelist unknown permission: com.google.android.wearable.WRITE_SETTINGS
06-22 12:47:57.369 W/PackageManager( 1920): Cannot whitelist unknown permission: com.felicanetworks.mfc.permission.MFC_ACCESS
06-22 12:47:57.369 W/PackageManager( 1920): Cannot whitelist unknown permission: com.felicanetworks.mfc.mfi.permission.MFI_ACCESS
06-22 12:47:57.369 W/PackageManager( 1920): Cannot whitelist unknown permission: com.google.android.finsky.permission.INSTANT_APP_STATE
06-22 12:47:57.369 W/PackageManager( 1920): Cannot whitelist unknown permission: android.permission.UWB
06-22 12:47:57.369 W/PackageManager( 1920): Cannot whitelist unknown permission: com.google.android.finsky.permission.BIND_GET_INSTALL_REFERRER_SERVICE
06-22 12:47:57.369 W/PackageManager( 1920): Cannot whitelist unknown permission: com.google.android.hangouts.START_HANGOUT
06-22 12:47:57.369 W/PackageManager( 1920): Cannot whitelist unknown permission: android.car.permission.CAR_POWERTRAIN
06-22 12:47:57.369 W/PackageManager( 1920): Cannot whitelist unknown permission: android.car.permission.CAR_ENERGY
06-22 12:47:57.369 W/PackageManager( 1920): Cannot whitelist unknown permission: android.car.permission.CAR_ENERGY_PORTS
06-22 12:47:57.370 W/PackageManager( 1920): Cannot whitelist unknown permission: android.car.permission.CAR_EXTERIOR_LIGHTS
06-22 12:47:57.370 W/PackageManager( 1920): Cannot whitelist unknown permission: android.car.permission.CAR_INFO
06-22 12:47:57.370 W/PackageManager( 1920): Cannot whitelist unknown permission: android.car.permission.CAR_MILEAGE
06-22 12:47:57.370 W/PackageManager( 1920): Cannot whitelist unknown permission: android.car.permission.CAR_TIRES
06-22 12:47:57.370 W/PackageManager( 1920): Cannot whitelist unknown permission: android.car.permission.CONTROL_CAR_CLIMATE
06-22 12:47:57.370 W/PackageManager( 1920): Cannot whitelist unknown permission: android.car.permission.CONTROL_CAR_DOORS
06-22 12:47:57.370 W/PackageManager( 1920): Cannot whitelist unknown permission: android.car.permission.CONTROL_CAR_EXTERIOR_LIGHTS
06-22 12:47:57.370 W/PackageManager( 1920): Cannot whitelist unknown permission: android.car.permission.CONTROL_CAR_MIRRORS
06-22 12:47:57.370 W/PackageManager( 1920): Cannot whitelist unknown permission: android.car.permission.CONTROL_CAR_SEATS
06-22 12:47:57.370 W/PackageManager( 1920): Cannot whitelist unknown permission: android.car.permission.CONTROL_CAR_WINDOWS
06-22 12:47:57.370 W/PackageManager( 1920): Cannot whitelist unknown permission: android.car.permission.READ_CAR_DISPLAY_UNITS
06-22 12:47:57.370 W/PackageManager( 1920): Cannot whitelist unknown permission: com.google.android.finsky.permission.GEARHEAD_SERVICE
06-22 12:47:57.370 W/PackageManager( 1920): Cannot whitelist unknown permission: com.google.android.permission.ACCESSIBILITY_SCAN_SERVICE
06-22 12:47:57.370 W/PackageManager( 1920): Cannot whitelist unknown permission: com.google.android.finsky.permission.ACCESS_INSTANT_APP_NOTIFICATION_ENFORCEMENT
06-22 12:47:57.370 W/PackageManager( 1920): Cannot whitelist unknown permission: com.google.android.clockwork.settings.SHOW_FACTORY_RESET_CONFIRMATION
06-22 12:47:57.370 W/PackageManager( 1920): Cannot whitelist unknown permission: com.google.android.wearable.READ_SETTINGS
06-22 12:47:57.370 W/PackageManager( 1920): Cannot whitelist unknown permission: android.permission.READ_MEDIA_AUDIO
06-22 12:47:57.370 W/PackageManager( 1920): Cannot whitelist unknown permission: android.permission.READ_MEDIA_IMAGES
06-22 12:47:57.370 W/PackageManager( 1920): Cannot whitelist unknown permission: android.permission.READ_MEDIA_VIDEO
06-22 12:47:57.371 W/PackageManager( 1920): Cannot whitelist unknown permission: com.android.vending.setup.PLAY_SETUP_SERVICE
06-22 12:47:57.371 W/PackageManager( 1920): Cannot whitelist unknown permission: com.google.android.gms.game.notifications.permission.WRITE
06-22 12:47:57.371 W/PackageManager( 1920): Cannot whitelist unknown permission: com.google.android.vending.verifier.ACCESS_VERIFIER
06-22 12:47:57.371 I/PackageManager( 1920): Un-granting permission android.permission.CAPTURE_VIDEO_OUTPUT from package com.google.android.gms (protectionLevel=2 flags=0xb0cabe45)
06-22 12:47:57.371 I/PackageManager( 1920): Un-granting permission android.permission.MANAGE_DEVICE_ADMINS from package com.google.android.gms (protectionLevel=2 flags=0xb0cabe45)
06-22 12:47:57.371 I/PackageManager( 1920): Un-granting permission android.permission.MANAGE_ACTIVITY_STACKS from package com.google.android.gms (protectionLevel=2 flags=0xb0cabe45)
06-22 12:47:57.371 I/PackageManager( 1920): Un-granting permission android.permission.CAPTURE_SECURE_VIDEO_OUTPUT from package com.google.android.gms (protectionLevel=2 flags=0xb0cabe45)
06-22 12:47:57.371 I/PackageManager( 1920): Un-granting permission android.permission.MANAGE_ROLLBACKS from package com.google.android.gms (protectionLevel=514 flags=0xb0cabe45)
06-22 12:47:57.374 W/PackageManager( 1920): Cannot whitelist unknown permission: android.permission.QUERY_ALL_PACKAGES
06-22 12:47:57.374 W/PackageManager( 1920): Cannot whitelist unknown permission: android.permission.PRE_FACTORY_RESET
06-22 12:47:57.374 W/PackageManager( 1920): Cannot whitelist unknown permission: android.permission.MANAGE_FACTORY_RESET_PROTECTION
06-22 12:47:57.374 W/PackageManager( 1920): Cannot whitelist unknown permission: android.car.permission.CAR_POWER
06-22 12:47:57.374 W/PackageManager( 1920): Cannot whitelist unknown permission: com.google.android.wearable.WRITE_SETTINGS
06-22 12:47:57.374 W/PackageManager( 1920): Cannot whitelist unknown permission: com.felicanetworks.mfc.permission.MFC_ACCESS
06-22 12:47:57.374 W/PackageManager( 1920): Cannot whitelist unknown permission: com.felicanetworks.mfc.mfi.permission.MFI_ACCESS
06-22 12:47:57.374 W/PackageManager( 1920): Cannot whitelist unknown permission: com.google.android.finsky.permission.INSTANT_APP_STATE
06-22 12:47:57.374 W/PackageManager( 1920): Cannot whitelist unknown permission: android.permission.UWB
06-22 12:47:57.374 W/PackageManager( 1920): Cannot whitelist unknown permission: com.google.android.finsky.permission.BIND_GET_INSTALL_REFERRER_SERVICE
06-22 12:47:57.374 W/PackageManager( 1920): Cannot whitelist unknown permission: com.google.android.hangouts.START_HANGOUT
06-22 12:47:57.374 W/PackageManager( 1920): Cannot whitelist unknown permission: android.car.permission.CAR_POWERTRAIN
06-22 12:47:57.374 W/PackageManager( 1920): Cannot whitelist unknown permission: android.car.permission.CAR_ENERGY
06-22 12:47:57.374 W/PackageManager( 1920): Cannot whitelist unknown permission: android.car.permission.CAR_ENERGY_PORTS
06-22 12:47:57.374 W/PackageManager( 1920): Cannot whitelist unknown permission: android.car.permission.CAR_EXTERIOR_LIGHTS
06-22 12:47:57.374 W/PackageManager( 1920): Cannot whitelist unknown permission: android.car.permission.CAR_INFO
06-22 12:47:57.374 W/PackageManager( 1920): Cannot whitelist unknown permission: android.car.permission.CAR_MILEAGE
06-22 12:47:57.374 W/PackageManager( 1920): Cannot whitelist unknown permission: android.car.permission.CAR_TIRES
06-22 12:47:57.374 W/PackageManager( 1920): Cannot whitelist unknown permission: android.car.permission.CONTROL_CAR_CLIMATE
06-22 12:47:57.374 W/PackageManager( 1920): Cannot whitelist unknown permission: android.car.permission.CONTROL_CAR_DOORS
06-22 12:47:57.374 W/PackageManager( 1920): Cannot whitelist unknown permission: android.car.permission.CONTROL_CAR_EXTERIOR_LIGHTS
06-22 12:47:57.374 W/PackageManager( 1920): Cannot whitelist unknown permission: android.car.permission.CONTROL_CAR_MIRRORS
06-22 12:47:57.374 W/PackageManager( 1920): Cannot whitelist unknown permission: android.car.permission.CONTROL_CAR_SEATS
06-22 12:47:57.374 W/PackageManager( 1920): Cannot whitelist unknown permission: android.car.permission.CONTROL_CAR_WINDOWS
06-22 12:47:57.374 W/PackageManager( 1920): Cannot whitelist unknown permission: android.car.permission.READ_CAR_DISPLAY_UNITS
06-22 12:47:57.374 W/PackageManager( 1920): Cannot whitelist unknown permission: com.google.android.finsky.permission.GEARHEAD_SERVICE
06-22 12:47:57.374 W/PackageManager( 1920): Cannot whitelist unknown permission: com.google.android.permission.ACCESSIBILITY_SCAN_SERVICE
06-22 12:47:57.374 W/PackageManager( 1920): Cannot whitelist unknown permission: com.google.android.finsky.permission.ACCESS_INSTANT_APP_NOTIFICATION_ENFORCEMENT
06-22 12:47:57.375 W/PackageManager( 1920): Cannot whitelist unknown permission: com.google.android.clockwork.settings.SHOW_FACTORY_RESET_CONFIRMATION
06-22 12:47:57.375 W/PackageManager( 1920): Cannot whitelist unknown permission: com.google.android.wearable.READ_SETTINGS
06-22 12:47:57.375 W/PackageManager( 1920): Cannot whitelist unknown permission: android.permission.READ_MEDIA_AUDIO
06-22 12:47:57.375 W/PackageManager( 1920): Cannot whitelist unknown permission: android.permission.READ_MEDIA_IMAGES
06-22 12:47:57.375 W/PackageManager( 1920): Cannot whitelist unknown permission: android.permission.READ_MEDIA_VIDEO
06-22 12:47:57.375 W/PackageManager( 1920): Cannot whitelist unknown permission: com.android.vending.setup.PLAY_SETUP_SERVICE
06-22 12:47:57.375 W/PackageManager( 1920): Cannot whitelist unknown permission: com.google.android.gms.game.notifications.permission.WRITE
06-22 12:47:57.375 W/PackageManager( 1920): Cannot whitelist unknown permission: com.google.android.vending.verifier.ACCESS_VERIFIER
06-22 12:47:57.375 I/PackageManager( 1920): Un-granting permission android.permission.CAPTURE_VIDEO_OUTPUT from package com.google.android.gms (protectionLevel=2 flags=0xb0cabe45)
06-22 12:47:57.375 I/PackageManager( 1920): Un-granting permission android.permission.MANAGE_DEVICE_ADMINS from package com.google.android.gms (protectionLevel=2 flags=0xb0cabe45)
06-22 12:47:57.375 I/PackageManager( 1920): Un-granting permission android.permission.MANAGE_ACTIVITY_STACKS from package com.google.android.gms (protectionLevel=2 flags=0xb0cabe45)
06-22 12:47:57.375 I/PackageManager( 1920): Un-granting permission android.permission.CAPTURE_SECURE_VIDEO_OUTPUT from package com.google.android.gms (protectionLevel=2 flags=0xb0cabe45)
06-22 12:47:57.375 I/PackageManager( 1920): Un-granting permission android.permission.MANAGE_ROLLBACKS from package com.google.android.gms (protectionLevel=514 flags=0xb0cabe45)
06-22 12:47:57.377 W/PackageManager( 1920): Cannot whitelist unknown permission: android.permission.QUERY_ALL_PACKAGES
06-22 12:47:57.377 W/PackageManager( 1920): Cannot whitelist unknown permission: android.permission.PRE_FACTORY_RESET
06-22 12:47:57.377 W/PackageManager( 1920): Cannot whitelist unknown permission: android.permission.MANAGE_FACTORY_RESET_PROTECTION
06-22 12:47:57.377 W/PackageManager( 1920): Cannot whitelist unknown permission: android.car.permission.CAR_POWER
06-22 12:47:57.377 W/PackageManager( 1920): Cannot whitelist unknown permission: com.google.android.wearable.WRITE_SETTINGS
06-22 12:47:57.377 W/PackageManager( 1920): Cannot whitelist unknown permission: com.felicanetworks.mfc.permission.MFC_ACCESS
06-22 12:47:57.377 W/PackageManager( 1920): Cannot whitelist unknown permission: com.felicanetworks.mfc.mfi.permission.MFI_ACCESS
06-22 12:47:57.377 W/PackageManager( 1920): Cannot whitelist unknown permission: com.google.android.finsky.permission.INSTANT_APP_STATE
06-22 12:47:57.377 W/PackageManager( 1920): Cannot whitelist unknown permission: android.permission.UWB
06-22 12:47:57.377 W/PackageManager( 1920): Cannot whitelist unknown permission: com.google.android.finsky.permission.BIND_GET_INSTALL_REFERRER_SERVICE
06-22 12:47:57.377 W/PackageManager( 1920): Cannot whitelist unknown permission: com.google.android.hangouts.START_HANGOUT
06-22 12:47:57.377 W/PackageManager( 1920): Cannot whitelist unknown permission: android.car.permission.CAR_POWERTRAIN
06-22 12:47:57.377 W/PackageManager( 1920): Cannot whitelist unknown permission: android.car.permission.CAR_ENERGY
06-22 12:47:57.377 W/PackageManager( 1920): Cannot whitelist unknown permission: android.car.permission.CAR_ENERGY_PORTS
06-22 12:47:57.377 W/PackageManager( 1920): Cannot whitelist unknown permission: android.car.permission.CAR_EXTERIOR_LIGHTS
06-22 12:47:57.377 W/PackageManager( 1920): Cannot whitelist unknown permission: android.car.permission.CAR_INFO
06-22 12:47:57.377 W/PackageManager( 1920): Cannot whitelist unknown permission: android.car.permission.CAR_MILEAGE
06-22 12:47:57.377 W/PackageManager( 1920): Cannot whitelist unknown permission: android.car.permission.CAR_TIRES
06-22 12:47:57.377 W/PackageManager( 1920): Cannot whitelist unknown permission: android.car.permission.CONTROL_CAR_CLIMATE
06-22 12:47:57.377 W/PackageManager( 1920): Cannot whitelist unknown permission: android.car.permission.CONTROL_CAR_DOORS
06-22 12:47:57.377 W/PackageManager( 1920): Cannot whitelist unknown permission: android.car.permission.CONTROL_CAR_EXTERIOR_LIGHTS
06-22 12:47:57.377 W/PackageManager( 1920): Cannot whitelist unknown permission: android.car.permission.CONTROL_CAR_MIRRORS
06-22 12:47:57.377 W/PackageManager( 1920): Cannot whitelist unknown permission: android.car.permission.CONTROL_CAR_SEATS
06-22 12:47:57.377 W/PackageManager( 1920): Cannot whitelist unknown permission: android.car.permission.CONTROL_CAR_WINDOWS
06-22 12:47:57.377 W/PackageManager( 1920): Cannot whitelist unknown permission: android.car.permission.READ_CAR_DISPLAY_UNITS
06-22 12:47:57.377 W/PackageManager( 1920): Cannot whitelist unknown permission: com.google.android.finsky.permission.GEARHEAD_SERVICE
06-22 12:47:57.377 W/PackageManager( 1920): Cannot whitelist unknown permission: com.google.android.permission.ACCESSIBILITY_SCAN_SERVICE
06-22 12:47:57.377 W/PackageManager( 1920): Cannot whitelist unknown permission: com.google.android.finsky.permission.ACCESS_INSTANT_APP_NOTIFICATION_ENFORCEMENT
06-22 12:47:57.377 W/PackageManager( 1920): Cannot whitelist unknown permission: com.google.android.clockwork.settings.SHOW_FACTORY_RESET_CONFIRMATION
06-22 12:47:57.377 W/PackageManager( 1920): Cannot whitelist unknown permission: com.google.android.wearable.READ_SETTINGS
06-22 12:47:57.377 W/PackageManager( 1920): Cannot whitelist unknown permission: android.permission.READ_MEDIA_AUDIO
06-22 12:47:57.377 W/PackageManager( 1920): Cannot whitelist unknown permission: android.permission.READ_MEDIA_IMAGES
06-22 12:47:57.378 W/PackageManager( 1920): Cannot whitelist unknown permission: android.permission.READ_MEDIA_VIDEO
06-22 12:47:57.378 W/PackageManager( 1920): Cannot whitelist unknown permission: com.android.vending.setup.PLAY_SETUP_SERVICE
06-22 12:47:57.378 W/PackageManager( 1920): Cannot whitelist unknown permission: com.google.android.gms.game.notifications.permission.WRITE
06-22 12:47:57.378 W/PackageManager( 1920): Cannot whitelist unknown permission: com.google.android.vending.verifier.ACCESS_VERIFIER
06-22 12:47:57.378 I/PackageManager( 1920): Un-granting permission android.permission.CAPTURE_VIDEO_OUTPUT from package com.google.android.gms (protectionLevel=2 flags=0xb0cabe45)
06-22 12:47:57.378 I/PackageManager( 1920): Un-granting permission android.permission.MANAGE_DEVICE_ADMINS from package com.google.android.gms (protectionLevel=2 flags=0xb0cabe45)
06-22 12:47:57.378 I/PackageManager( 1920): Un-granting permission android.permission.MANAGE_ACTIVITY_STACKS from package com.google.android.gms (protectionLevel=2 flags=0xb0cabe45)
06-22 12:47:57.378 I/PackageManager( 1920): Un-granting permission android.permission.CAPTURE_SECURE_VIDEO_OUTPUT from package com.google.android.gms (protectionLevel=2 flags=0xb0cabe45)
06-22 12:47:57.378 I/PackageManager( 1920): Un-granting permission android.permission.MANAGE_ROLLBACKS from package com.google.android.gms (protectionLevel=514 flags=0xb0cabe45)
06-22 12:47:57.378 W/PackageManager( 1920): Cannot whitelist unknown permission: android.permission.QUERY_ALL_PACKAGES
06-22 12:47:57.378 W/PackageManager( 1920): Cannot whitelist unknown permission: android.permission.PRE_FACTORY_RESET
06-22 12:47:57.378 W/PackageManager( 1920): Cannot whitelist unknown permission: android.permission.MANAGE_FACTORY_RESET_PROTECTION
06-22 12:47:57.378 W/PackageManager( 1920): Cannot whitelist unknown permission: android.car.permission.CAR_POWER
06-22 12:47:57.378 W/PackageManager( 1920): Cannot whitelist unknown permission: com.google.android.wearable.WRITE_SETTINGS
06-22 12:47:57.378 W/PackageManager( 1920): Cannot whitelist unknown permission: com.felicanetworks.mfc.permission.MFC_ACCESS
06-22 12:47:57.378 W/PackageManager( 1920): Cannot whitelist unknown permission: com.felicanetworks.mfc.mfi.permission.MFI_ACCESS
06-22 12:47:57.378 W/PackageManager( 1920): Cannot whitelist unknown permission: com.google.android.finsky.permission.INSTANT_APP_STATE
06-22 12:47:57.379 W/PackageManager( 1920): Cannot whitelist unknown permission: android.permission.UWB
06-22 12:47:57.379 W/PackageManager( 1920): Cannot whitelist unknown permission: com.google.android.finsky.permission.BIND_GET_INSTALL_REFERRER_SERVICE
06-22 12:47:57.379 W/PackageManager( 1920): Cannot whitelist unknown permission: com.google.android.hangouts.START_HANGOUT
06-22 12:47:57.379 W/PackageManager( 1920): Cannot whitelist unknown permission: android.car.permission.CAR_POWERTRAIN
06-22 12:47:57.379 W/PackageManager( 1920): Cannot whitelist unknown permission: android.car.permission.CAR_ENERGY
06-22 12:47:57.379 W/PackageManager( 1920): Cannot whitelist unknown permission: android.car.permission.CAR_ENERGY_PORTS
06-22 12:47:57.379 W/PackageManager( 1920): Cannot whitelist unknown permission: android.car.permission.CAR_EXTERIOR_LIGHTS
06-22 12:47:57.379 W/PackageManager( 1920): Cannot whitelist unknown permission: android.car.permission.CAR_INFO
06-22 12:47:57.379 W/PackageManager( 1920): Cannot whitelist unknown permission: android.car.permission.CAR_MILEAGE
06-22 12:47:57.379 W/PackageManager( 1920): Cannot whitelist unknown permission: android.car.permission.CAR_TIRES
06-22 12:47:57.379 W/PackageManager( 1920): Cannot whitelist unknown permission: android.car.permission.CONTROL_CAR_CLIMATE
06-22 12:47:57.379 W/PackageManager( 1920): Cannot whitelist unknown permission: android.car.permission.CONTROL_CAR_DOORS
06-22 12:47:57.379 W/PackageManager( 1920): Cannot whitelist unknown permission: android.car.permission.CONTROL_CAR_EXTERIOR_LIGHTS
06-22 12:47:57.379 W/PackageManager( 1920): Cannot whitelist unknown permission: android.car.permission.CONTROL_CAR_MIRRORS
06-22 12:47:57.379 W/PackageManager( 1920): Cannot whitelist unknown permission: android.car.permission.CONTROL_CAR_SEATS
06-22 12:47:57.379 W/PackageManager( 1920): Cannot whitelist unknown permission: android.car.permission.CONTROL_CAR_WINDOWS
06-22 12:47:57.379 W/PackageManager( 1920): Cannot whitelist unknown permission: android.car.permission.READ_CAR_DISPLAY_UNITS
06-22 12:47:57.379 W/PackageManager( 1920): Cannot whitelist unknown permission: com.google.android.finsky.permission.GEARHEAD_SERVICE
06-22 12:47:57.379 W/PackageManager( 1920): Cannot whitelist unknown permission: com.google.android.permission.ACCESSIBILITY_SCAN_SERVICE
06-22 12:47:57.379 W/PackageManager( 1920): Cannot whitelist unknown permission: com.google.android.finsky.permission.ACCESS_INSTANT_APP_NOTIFICATION_ENFORCEMENT
06-22 12:47:57.379 W/PackageManager( 1920): Cannot whitelist unknown permission: com.google.android.clockwork.settings.SHOW_FACTORY_RESET_CONFIRMATION
06-22 12:47:57.379 W/PackageManager( 1920): Cannot whitelist unknown permission: com.google.android.wearable.READ_SETTINGS
06-22 12:47:57.379 W/PackageManager( 1920): Cannot whitelist unknown permission: android.permission.READ_MEDIA_AUDIO
06-22 12:47:57.379 W/PackageManager( 1920): Cannot whitelist unknown permission: android.permission.READ_MEDIA_IMAGES
06-22 12:47:57.379 W/PackageManager( 1920): Cannot whitelist unknown permission: android.permission.READ_MEDIA_VIDEO
06-22 12:47:57.379 W/PackageManager( 1920): Cannot whitelist unknown permission: com.android.vending.setup.PLAY_SETUP_SERVICE
06-22 12:47:57.379 W/PackageManager( 1920): Cannot whitelist unknown permission: com.google.android.gms.game.notifications.permission.WRITE
06-22 12:47:57.379 W/PackageManager( 1920): Cannot whitelist unknown permission: com.google.android.vending.verifier.ACCESS_VERIFIER
06-22 12:47:57.380 I/PackageManager( 1920): Un-granting permission android.permission.CAPTURE_VIDEO_OUTPUT from package com.google.android.gms (protectionLevel=2 flags=0xb0cabe45)
06-22 12:47:57.380 I/PackageManager( 1920): Un-granting permission android.permission.MANAGE_DEVICE_ADMINS from package com.google.android.gms (protectionLevel=2 flags=0xb0cabe45)
06-22 12:47:57.380 I/PackageManager( 1920): Un-granting permission android.permission.MANAGE_ACTIVITY_STACKS from package com.google.android.gms (protectionLevel=2 flags=0xb0cabe45)
06-22 12:47:57.380 I/PackageManager( 1920): Un-granting permission android.permission.CAPTURE_SECURE_VIDEO_OUTPUT from package com.google.android.gms (protectionLevel=2 flags=0xb0cabe45)
06-22 12:47:57.380 I/PackageManager( 1920): Un-granting permission android.permission.MANAGE_ROLLBACKS from package com.google.android.gms (protectionLevel=514 flags=0xb0cabe45)
06-22 12:47:57.381 W/PackageManager( 1920): Cannot whitelist unknown permission: android.permission.QUERY_ALL_PACKAGES
06-22 12:47:57.381 W/PackageManager( 1920): Cannot whitelist unknown permission: android.permission.PRE_FACTORY_RESET
06-22 12:47:57.381 W/PackageManager( 1920): Cannot whitelist unknown permission: android.permission.MANAGE_FACTORY_RESET_PROTECTION
06-22 12:47:57.381 W/PackageManager( 1920): Cannot whitelist unknown permission: android.car.permission.CAR_POWER
06-22 12:47:57.381 W/PackageManager( 1920): Cannot whitelist unknown permission: com.google.android.wearable.WRITE_SETTINGS
06-22 12:47:57.381 W/PackageManager( 1920): Cannot whitelist unknown permission: com.felicanetworks.mfc.permission.MFC_ACCESS
06-22 12:47:57.381 W/PackageManager( 1920): Cannot whitelist unknown permission: com.felicanetworks.mfc.mfi.permission.MFI_ACCESS
06-22 12:47:57.381 W/PackageManager( 1920): Cannot whitelist unknown permission: com.google.android.finsky.permission.INSTANT_APP_STATE
06-22 12:47:57.381 W/PackageManager( 1920): Cannot whitelist unknown permission: android.permission.UWB
06-22 12:47:57.381 W/PackageManager( 1920): Cannot whitelist unknown permission: com.google.android.finsky.permission.BIND_GET_INSTALL_REFERRER_SERVICE
06-22 12:47:57.381 W/PackageManager( 1920): Cannot whitelist unknown permission: com.google.android.hangouts.START_HANGOUT
06-22 12:47:57.381 W/PackageManager( 1920): Cannot whitelist unknown permission: android.car.permission.CAR_POWERTRAIN
