06-22 12:47:57.015 E/HalDevMgr( 1920): dispatchAvailableForRequestListeners: no chip info found
06-22 12:47:57.015 W/HalDevMgr( 1920): stopWifi called but mWifi is null!?
06-22 12:47:57.015 I/WifiNative( 1920): Successfully initiated teardown for iface=wlan0
06-22 12:47:57.015 D/WifiScanOnlyModeManager( 1920): expected stop, not triggering callbacks: state = 1
06-22 12:47:57.015 D/WifiActiveModeWarden( 1920): State changed from client mode. state = 2
06-22 12:47:57.015 W/HalDevMgr( 1920): isWifiStarted called but mWifi is null!?
06-22 12:47:57.016 I/OMXClient( 1781): IOmx service obtained
06-22 12:47:57.016 I/OMXMaster( 1785): makeComponentInstance(OMX.google.flac.decoder) in android.hardwar process
06-22 12:47:57.018 I/android_os_HwBinder( 1920): HwBinder: Starting thread pool for getting: android.hardware.wifi@1.0::IWifi/default
06-22 12:47:57.020 I/android.hardware.wifi@1.0-service( 1716): Wifi HAL started
06-22 12:47:57.021 I/WifiVendorHal( 1920): Vendor Hal started successfully
06-22 12:47:57.021 I/WifiP2pNative( 1920): Registering for interface available listener
06-22 12:47:57.022 D/WifiP2pNative( 1920): P2P InterfaceAvailableListener true
06-22 12:47:57.022 D/WifiP2pService( 1920): Wifi enabled=false, P2P Interface availability=true, Number of clients=0
06-22 12:47:57.022 D/WifiP2pService( 1920): Wifi enabled=false, P2P Interface availability=true
06-22 12:47:57.022 I/android_os_HwBinder( 1920): HwBinder: Starting thread pool for getting: android.hidl.manager@1.0::IServiceManager/default
06-22 12:47:57.023 I/hwservicemanager( 1567): getTransport: Cannot find entry android.hardware.wifi.supplicant@1.1::ISupplicant/default in either framework or device manifest.
06-22 12:47:57.023 I/SupplicantStaIfaceHal( 1920): Starting supplicant using init
06-22 12:47:57.037 D/PackageManager( 1920): Instant App installer not found with android.intent.action.INSTALL_INSTANT_APP_PACKAGE
06-22 12:47:57.037 D/PackageManager( 1920): Clear ephemeral installer activity
06-22 12:47:57.050 I/OMXClient( 1781): IOmx service obtained
06-22 12:47:57.050 I/OMXMaster( 1785): makeComponentInstance(OMX.google.g711.alaw.decoder) in android.hardwar process
06-22 12:47:57.061 I/OMXClient( 1781): IOmx service obtained
06-22 12:47:57.061 I/OMXMaster( 1785): makeComponentInstance(OMX.google.g711.mlaw.decoder) in android.hardwar process
06-22 12:47:57.063 I/SystemConfig( 2095): Adding association: com.google.android.as <- com.android.providers.contacts
06-22 12:47:57.063 I/SystemConfig( 2095): Adding association: com.google.android.as <- com.android.providers.media
06-22 12:47:57.063 I/SystemConfig( 2095): Adding association: com.google.android.as <- com.android.providers.telephony
06-22 12:47:57.063 I/SystemConfig( 2095): Adding association: com.google.android.as <- com.android.systemui
06-22 12:47:57.063 I/SystemConfig( 2095): Adding association: com.google.android.as <- com.google.android.gms
06-22 12:47:57.063 I/SystemConfig( 2095): Adding association: com.google.android.as <- com.google.android.gsf
06-22 12:47:57.068 W/SystemConfig( 2095): No directory /product_services/etc/sysconfig, skipping
06-22 12:47:57.068 W/SystemConfig( 2095): No directory /product_services/etc/permissions, skipping
06-22 12:47:57.071 D/ProtoStore( 2073): no cached data
06-22 12:47:57.071 D/ProtoStore( 2073): no cached data
06-22 12:47:57.074 I/OMXClient( 1781): IOmx service obtained
06-22 12:47:57.074 I/OMXMaster( 1785): makeComponentInstance(OMX.google.gsm.decoder) in android.hardwar process
06-22 12:47:57.092 E/ActivityThread( 2058): Failed to find provider info for com.google.android.gsf.gservices
06-22 12:47:57.092 I/OMXClient( 1781): IOmx service obtained
06-22 12:47:57.092 I/OMXMaster( 1785): makeComponentInstance(OMX.google.mp3.decoder) in android.hardwar process
06-22 12:47:57.095 I/OMXClient( 1781): IOmx service obtained
06-22 12:47:57.095 I/OMXMaster( 1785): makeComponentInstance(OMX.google.opus.decoder) in android.hardwar process
06-22 12:47:57.104 I/OMXClient( 1781): IOmx service obtained
06-22 12:47:57.104 I/OMXMaster( 1785): makeComponentInstance(OMX.google.raw.decoder) in android.hardwar process
06-22 12:47:57.115 I/wpa_supplicant( 2128): Processing hidl events on FD 3
06-22 12:47:57.116 I/ServiceManagement( 2128): Registered android.hardware.wifi.supplicant@1.2::ISupplicant/default (start delay of 72ms)
06-22 12:47:57.116 I/wpa_supplicant( 2128): Successfully initialized wpa_supplicant
06-22 12:47:57.117 I/wpa_supplicant( 2128): rfkill: Cannot open RFKILL control device
06-22 12:47:57.118 I/OMXClient( 1781): IOmx service obtained
06-22 12:47:57.118 I/OMXMaster( 1785): makeComponentInstance(OMX.google.vorbis.decoder) in android.hardwar process
06-22 12:47:57.124 I/OMXClient( 1781): IOmx service obtained
06-22 12:47:57.124 I/OMXMaster( 1785): makeComponentInstance(OMX.google.aac.encoder) in android.hardwar process
06-22 12:47:57.125 W/DirectBootExitBR( 2058): User is in direct boot mode.
06-22 12:47:57.132 I/OMXClient( 1781): IOmx service obtained
06-22 12:47:57.132 I/OMXMaster( 1785): makeComponentInstance(OMX.google.amrnb.encoder) in android.hardwar process
06-22 12:47:57.147 I/OMXClient( 1781): IOmx service obtained
06-22 12:47:57.147 I/OMXMaster( 1785): makeComponentInstance(OMX.google.amrwb.encoder) in android.hardwar process
06-22 12:47:57.156 I/GmsApplication( 2058): Staging modules and/or updating config
06-22 12:47:57.157 I/OMXClient( 1781): IOmx service obtained
06-22 12:47:57.157 I/OMXMaster( 1785): makeComponentInstance(OMX.google.flac.encoder) in android.hardwar process
06-22 12:47:57.164 E/ChimeraCfgMgr( 2058): Failed to read module config: java.io.FileNotFoundException: /data/user_de/0/com.google.android.gms/app_chimera/current_config.fb: open failed: ENOENT (No such file or directory)
06-22 12:47:57.166 I/GmsApplication( 2058): Staging modules
06-22 12:47:57.166 I/FileApkMgr( 2058): Extracting modules...
06-22 12:47:57.169 E/ConfigFileUtils( 2058): Failed to read config file: /data/user_de/0/com.google.android.gms/app_chimera/current_fileapks.pb: open failed: ENOENT (No such file or directory)
06-22 12:47:57.174 I/OMXClient( 1781): IOmx service obtained
06-22 12:47:57.174 I/OMXMaster( 1785): makeComponentInstance(OMX.android.goldfish.h264.decoder) in android.hardwar process
06-22 12:47:57.174 I/GoldfishOMXPlugin( 1785): makeComponentInstance 'OMX.android.goldfish.h264.decoder'
06-22 12:47:57.174 I/GoldfishOMXPlugin( 1785): Using goldfish codec for 'avcdec'
06-22 12:47:57.182 I/goldfish_avcdec( 1785): created GoldfishAVCDec 98 object 0xe9626600
06-22 12:47:57.183 E/OMXNodeInstance( 1785): getExtensionIndex(0xe95bff00:android.goldfish.h264.decoder, OMX.google.android.index.configureVideoTunnelMode) ERROR: UnsupportedIndex(0x8000101a)
06-22 12:47:57.183 D/MediaCodecInfo( 1781): detail feature-tunneled-playback wasn't present to remove
06-22 12:47:57.183 W/OMXNodeInstance( 1785): [0xe95bff00:android.goldfish.h264.decoder] component does not support metadata mode; using fallback
06-22 12:47:57.184 I/OMXClient( 1781): IOmx service obtained
06-22 12:47:57.184 I/OMXMaster( 1785): makeComponentInstance(OMX.google.h264.decoder) in android.hardwar process
06-22 12:47:57.191 E/OMXNodeInstance( 1785): getExtensionIndex(0xe95bff00:google.h264.decoder, OMX.google.android.index.configureVideoTunnelMode) ERROR: UnsupportedIndex(0x8000101a)
06-22 12:47:57.191 D/MediaCodecInfo( 1781): detail feature-tunneled-playback wasn't present to remove
06-22 12:47:57.191 E/OMXNodeInstance( 1785): getExtensionIndex(0xe95bff00:google.h264.decoder, OMX.google.android.index.enableAndroidNativeBuffers) ERROR: UnsupportedIndex(0x8000101a)
06-22 12:47:57.192 I/OMXClient( 1781): IOmx service obtained
06-22 12:47:57.192 I/OMXMaster( 1785): makeComponentInstance(OMX.google.h263.decoder) in android.hardwar process
06-22 12:47:57.193 E/OMXNodeInstance( 1785): getExtensionIndex(0xe95c00e0:google.h263.decoder, OMX.google.android.index.configureVideoTunnelMode) ERROR: UnsupportedIndex(0x8000101a)
06-22 12:47:57.193 D/MediaCodecInfo( 1781): detail feature-tunneled-playback wasn't present to remove
06-22 12:47:57.193 E/OMXNodeInstance( 1785): getExtensionIndex(0xe95c00e0:google.h263.decoder, OMX.google.android.index.enableAndroidNativeBuffers) ERROR: UnsupportedIndex(0x8000101a)
06-22 12:47:57.192 I/chatty  ( 2058): uid=10117 com.google.android.gms.persistent identical 11 lines
06-22 12:47:57.195 E/ActivityThread( 2058): Failed to find provider info for com.google.android.gsf.gservices
06-22 12:47:57.202 W/PackageManager( 1920): Cannot whitelist unknown permission: com.sec.android.provider.badge.permission.READ
06-22 12:47:57.202 W/PackageManager( 1920): Cannot whitelist unknown permission: com.sec.android.provider.badge.permission.WRITE
06-22 12:47:57.202 W/PackageManager( 1920): Cannot whitelist unknown permission: com.htc.launcher.permission.READ_SETTINGS
06-22 12:47:57.202 W/PackageManager( 1920): Cannot whitelist unknown permission: com.htc.launcher.permission.UPDATE_SHORTCUT
06-22 12:47:57.202 W/PackageManager( 1920): Cannot whitelist unknown permission: com.sonyericsson.home.permission.BROADCAST_BADGE
06-22 12:47:57.202 W/PackageManager( 1920): Cannot whitelist unknown permission: com.sonymobile.home.permission.PROVIDER_INSERT_BADGE
06-22 12:47:57.202 I/PackageManager( 1920): Un-granting permission android.permission.MANAGE_DOCUMENTS from package com.google.android.youtube (protectionLevel=262146 flags=0x30dbbe45)
06-22 12:47:57.203 I/OMXClient( 1781): IOmx service obtained
06-22 12:47:57.203 I/OMXMaster( 1785): makeComponentInstance(OMX.google.hevc.decoder) in android.hardwar process
06-22 12:47:57.208 E/OMXNodeInstance( 1785): getExtensionIndex(0xe95c00e0:google.hevc.decoder, OMX.google.android.index.configureVideoTunnelMode) ERROR: UnsupportedIndex(0x8000101a)
06-22 12:47:57.208 D/MediaCodecInfo( 1781): detail feature-tunneled-playback wasn't present to remove
06-22 12:47:57.208 E/OMXNodeInstance( 1785): getExtensionIndex(0xe95c00e0:google.hevc.decoder, OMX.google.android.index.enableAndroidNativeBuffers) ERROR: UnsupportedIndex(0x8000101a)
06-22 12:47:57.209 W/PackageManager( 1920): Cannot whitelist unknown permission: com.sec.android.provider.badge.permission.READ
06-22 12:47:57.209 W/PackageManager( 1920): Cannot whitelist unknown permission: com.sec.android.provider.badge.permission.WRITE
06-22 12:47:57.209 W/PackageManager( 1920): Cannot whitelist unknown permission: com.htc.launcher.permission.READ_SETTINGS
06-22 12:47:57.209 W/PackageManager( 1920): Cannot whitelist unknown permission: com.htc.launcher.permission.UPDATE_SHORTCUT
06-22 12:47:57.209 W/PackageManager( 1920): Cannot whitelist unknown permission: com.sonyericsson.home.permission.BROADCAST_BADGE
06-22 12:47:57.209 W/PackageManager( 1920): Cannot whitelist unknown permission: com.sonymobile.home.permission.PROVIDER_INSERT_BADGE
06-22 12:47:57.209 I/PackageManager( 1920): Un-granting permission android.permission.MANAGE_DOCUMENTS from package com.google.android.youtube (protectionLevel=262146 flags=0x30dbbe45)
06-22 12:47:57.212 I/OMXClient( 1781): IOmx service obtained
06-22 12:47:57.212 I/OMXMaster( 1785): makeComponentInstance(OMX.google.mpeg4.decoder) in android.hardwar process
06-22 12:47:57.213 E/OMXNodeInstance( 1785): getExtensionIndex(0xe95c00e0:google.mpeg4.decoder, OMX.google.android.index.configureVideoTunnelMode) ERROR: UnsupportedIndex(0x8000101a)
06-22 12:47:57.213 D/MediaCodecInfo( 1781): detail feature-tunneled-playback wasn't present to remove
06-22 12:47:57.213 E/OMXNodeInstance( 1785): getExtensionIndex(0xe95c00e0:google.mpeg4.decoder, OMX.google.android.index.enableAndroidNativeBuffers) ERROR: UnsupportedIndex(0x8000101a)
06-22 12:47:57.216 W/PackageManager( 1920): Cannot whitelist unknown permission: com.google.android.launcher.permission.CONTENT_REDIRECT
06-22 12:47:57.216 W/PackageManager( 1920): Cannot whitelist unknown permission: com.google.android.voicesearch.SHORTCUTS_ACCESS
06-22 12:47:57.216 W/PackageManager( 1920): Cannot whitelist unknown permission: com.google.android.voicesearch.ACCESS_SETTINGS
06-22 12:47:57.216 W/PackageManager( 1920): Cannot whitelist unknown permission: com.android.browser.permission.PRELOAD
06-22 12:47:57.216 W/PackageManager( 1920): Cannot whitelist unknown permission: com.google.android.ears.permission.WRITE
06-22 12:47:57.216 W/PackageManager( 1920): Cannot whitelist unknown permission: com.google.googlenav.friend.permission.OPT_IN
06-22 12:47:57.216 W/PackageManager( 1920): Cannot whitelist unknown permission: com.google.android.apps.googlevoice.permission.AUTO_SEND
06-22 12:47:57.217 W/PackageManager( 1920): Cannot whitelist unknown permission: com.google.android.hangouts.START_HANGOUT
06-22 12:47:57.217 W/PackageManager( 1920): Cannot whitelist unknown permission: com.android.chrome.PRERENDER_URL
06-22 12:47:57.217 W/PackageManager( 1920): Cannot whitelist unknown permission: com.google.android.apps.gsa.nga.permissions.EDIT_PREFERENCES
06-22 12:47:57.218 W/PackageManager( 1920): Cannot whitelist unknown permission: com.google.android.launcher.permission.CONTENT_REDIRECT
06-22 12:47:57.218 W/PackageManager( 1920): Cannot whitelist unknown permission: com.google.android.voicesearch.SHORTCUTS_ACCESS
06-22 12:47:57.218 W/PackageManager( 1920): Cannot whitelist unknown permission: com.google.android.voicesearch.ACCESS_SETTINGS
06-22 12:47:57.218 W/PackageManager( 1920): Cannot whitelist unknown permission: com.android.browser.permission.PRELOAD
06-22 12:47:57.218 W/PackageManager( 1920): Cannot whitelist unknown permission: com.google.android.ears.permission.WRITE
06-22 12:47:57.218 W/PackageManager( 1920): Cannot whitelist unknown permission: com.google.googlenav.friend.permission.OPT_IN
06-22 12:47:57.219 W/PackageManager( 1920): Cannot whitelist unknown permission: com.google.android.apps.googlevoice.permission.AUTO_SEND
06-22 12:47:57.219 W/PackageManager( 1920): Cannot whitelist unknown permission: com.google.android.hangouts.START_HANGOUT
06-22 12:47:57.219 W/PackageManager( 1920): Cannot whitelist unknown permission: com.android.chrome.PRERENDER_URL
06-22 12:47:57.219 W/PackageManager( 1920): Cannot whitelist unknown permission: com.google.android.apps.gsa.nga.permissions.EDIT_PREFERENCES
06-22 12:47:57.219 W/PackageManager( 1920): Cannot whitelist unknown permission: com.google.android.launcher.permission.CONTENT_REDIRECT
06-22 12:47:57.219 W/PackageManager( 1920): Cannot whitelist unknown permission: com.google.android.voicesearch.SHORTCUTS_ACCESS
06-22 12:47:57.219 W/PackageManager( 1920): Cannot whitelist unknown permission: com.google.android.voicesearch.ACCESS_SETTINGS
06-22 12:47:57.219 W/PackageManager( 1920): Cannot whitelist unknown permission: com.android.browser.permission.PRELOAD
06-22 12:47:57.219 W/PackageManager( 1920): Cannot whitelist unknown permission: com.google.android.ears.permission.WRITE
06-22 12:47:57.219 W/PackageManager( 1920): Cannot whitelist unknown permission: com.google.googlenav.friend.permission.OPT_IN
06-22 12:47:57.219 W/PackageManager( 1920): Cannot whitelist unknown permission: com.google.android.apps.googlevoice.permission.AUTO_SEND
06-22 12:47:57.219 W/PackageManager( 1920): Cannot whitelist unknown permission: com.google.android.hangouts.START_HANGOUT
06-22 12:47:57.219 W/PackageManager( 1920): Cannot whitelist unknown permission: com.android.chrome.PRERENDER_URL
06-22 12:47:57.219 W/PackageManager( 1920): Cannot whitelist unknown permission: com.google.android.apps.gsa.nga.permissions.EDIT_PREFERENCES
06-22 12:47:57.220 I/wpa_supplicant( 2128): rfkill: Cannot get wiphy information
06-22 12:47:57.220 I/android_os_HwBinder( 1920): HwBinder: Starting thread pool for getting: android.hardware.wifi.supplicant@1.0::ISupplicant/default
06-22 12:47:57.221 I/SupplicantStaIfaceHal( 1920): Completed initialization of ISupplicant.
06-22 12:47:57.221 W/PackageManager( 1920): Cannot whitelist unknown permission: com.google.android.launcher.permission.CONTENT_REDIRECT
06-22 12:47:57.221 W/PackageManager( 1920): Cannot whitelist unknown permission: com.google.android.voicesearch.SHORTCUTS_ACCESS
06-22 12:47:57.221 W/PackageManager( 1920): Cannot whitelist unknown permission: com.google.android.voicesearch.ACCESS_SETTINGS
06-22 12:47:57.221 W/PackageManager( 1920): Cannot whitelist unknown permission: com.android.browser.permission.PRELOAD
06-22 12:47:57.221 W/PackageManager( 1920): Cannot whitelist unknown permission: com.google.android.ears.permission.WRITE
06-22 12:47:57.221 W/PackageManager( 1920): Cannot whitelist unknown permission: com.google.googlenav.friend.permission.OPT_IN
06-22 12:47:57.221 W/PackageManager( 1920): Cannot whitelist unknown permission: com.google.android.apps.googlevoice.permission.AUTO_SEND
06-22 12:47:57.221 W/PackageManager( 1920): Cannot whitelist unknown permission: com.google.android.hangouts.START_HANGOUT
06-22 12:47:57.221 W/PackageManager( 1920): Cannot whitelist unknown permission: com.android.chrome.PRERENDER_URL
06-22 12:47:57.221 W/PackageManager( 1920): Cannot whitelist unknown permission: com.google.android.apps.gsa.nga.permissions.EDIT_PREFERENCES
06-22 12:47:57.222 W/PackageManager( 1920): Cannot whitelist unknown permission: com.google.android.launcher.permission.CONTENT_REDIRECT
06-22 12:47:57.222 W/PackageManager( 1920): Cannot whitelist unknown permission: com.google.android.voicesearch.SHORTCUTS_ACCESS
06-22 12:47:57.222 W/PackageManager( 1920): Cannot whitelist unknown permission: com.google.android.voicesearch.ACCESS_SETTINGS
06-22 12:47:57.222 W/PackageManager( 1920): Cannot whitelist unknown permission: com.android.browser.permission.PRELOAD
06-22 12:47:57.222 W/PackageManager( 1920): Cannot whitelist unknown permission: com.google.android.ears.permission.WRITE
06-22 12:47:57.222 W/PackageManager( 1920): Cannot whitelist unknown permission: com.google.googlenav.friend.permission.OPT_IN
06-22 12:47:57.223 I/android.hardware.wifi@1.0-service( 1716): Adding interface handle for wlan0
06-22 12:47:57.223 W/android.hardware.wifi@1.0-service( 1716): No active wlan interfaces in use! Using default
06-22 12:47:57.223 E/android.hardware.wifi@1.0-service( 1716): Failed to register radio mode change callback
06-22 12:47:57.223 W/android.hardware.wifi@1.0-service( 1716): No active wlan interfaces in use! Using default
06-22 12:47:57.227 W/PackageManager( 1920): Cannot whitelist unknown permission: com.google.android.apps.googlevoice.permission.AUTO_SEND
06-22 12:47:57.227 W/PackageManager( 1920): Cannot whitelist unknown permission: com.google.android.hangouts.START_HANGOUT
06-22 12:47:57.227 W/PackageManager( 1920): Cannot whitelist unknown permission: com.android.chrome.PRERENDER_URL
06-22 12:47:57.227 W/PackageManager( 1920): Cannot whitelist unknown permission: com.google.android.apps.gsa.nga.permissions.EDIT_PREFERENCES
06-22 12:47:57.234 W/PackageManager( 1920): Cannot whitelist unknown permission: com.google.android.launcher.permission.CONTENT_REDIRECT
06-22 12:47:57.234 W/PackageManager( 1920): Cannot whitelist unknown permission: com.google.android.voicesearch.SHORTCUTS_ACCESS
06-22 12:47:57.234 W/libc    ( 1716): Unable to set property "vendor.wlan.firmware.version" to "1.0": error code: 0x18
06-22 12:47:57.234 W/PackageManager( 1920): Cannot whitelist unknown permission: com.google.android.voicesearch.ACCESS_SETTINGS
06-22 12:47:57.234 W/PackageManager( 1920): Cannot whitelist unknown permission: com.android.browser.permission.PRELOAD
06-22 12:47:57.234 W/PackageManager( 1920): Cannot whitelist unknown permission: com.google.android.ears.permission.WRITE
06-22 12:47:57.235 W/PackageManager( 1920): Cannot whitelist unknown permission: com.google.googlenav.friend.permission.OPT_IN
06-22 12:47:57.235 W/PackageManager( 1920): Cannot whitelist unknown permission: com.google.android.apps.googlevoice.permission.AUTO_SEND
06-22 12:47:57.235 W/PackageManager( 1920): Cannot whitelist unknown permission: com.google.android.hangouts.START_HANGOUT
06-22 12:47:57.235 W/PackageManager( 1920): Cannot whitelist unknown permission: com.android.chrome.PRERENDER_URL
06-22 12:47:57.235 W/PackageManager( 1920): Cannot whitelist unknown permission: com.google.android.apps.gsa.nga.permissions.EDIT_PREFERENCES
06-22 12:47:57.235 I/OMXClient( 1781): IOmx service obtained
06-22 12:47:57.235 I/OMXMaster( 1785): makeComponentInstance(OMX.android.goldfish.vp8.decoder) in android.hardwar process
06-22 12:47:57.235 I/GoldfishOMXPlugin( 1785): makeComponentInstance 'OMX.android.goldfish.vp8.decoder'
06-22 12:47:57.235 I/GoldfishOMXPlugin( 1785): Using goldfish codec for 'vpxdec'
06-22 12:47:57.236 I/goldfish_vpxdec( 1785): calling constructor of GoldfishVPX
06-22 12:47:57.236 E/OMXNodeInstance( 1785): getExtensionIndex(0xe95bff00:android.goldfish.vp8.decoder, OMX.google.android.index.configureVideoTunnelMode) ERROR: UnsupportedIndex(0x8000101a)
06-22 12:47:57.236 D/MediaCodecInfo( 1781): detail feature-tunneled-playback wasn't present to remove
06-22 12:47:57.236 W/OMXNodeInstance( 1785): [0xe95bff00:android.goldfish.vp8.decoder] component does not support metadata mode; using fallback
06-22 12:47:57.237 I/SystemConfig( 2058): Adding association: com.google.android.as <- com.android.providers.contacts
06-22 12:47:57.237 I/SystemConfig( 2058): Adding association: com.google.android.as <- com.android.providers.media
06-22 12:47:57.237 I/SystemConfig( 2058): Adding association: com.google.android.as <- com.android.providers.telephony
06-22 12:47:57.237 I/SystemConfig( 2058): Adding association: com.google.android.as <- com.android.systemui
06-22 12:47:57.237 I/SystemConfig( 2058): Adding association: com.google.android.as <- com.google.android.gms
06-22 12:47:57.237 I/SystemConfig( 2058): Adding association: com.google.android.as <- com.google.android.gsf
06-22 12:47:57.237 I/PackageManager( 1920): Un-granting permission com.google.android.googleapps.permission.GOOGLE_AUTH from package com.android.providers.calendar (protectionLevel=2 flags=0x30883e45)
06-22 12:47:57.237 I/PackageManager( 1920): Un-granting permission com.google.android.googleapps.permission.GOOGLE_AUTH.cl from package com.android.providers.calendar (protectionLevel=2 flags=0x30883e45)
06-22 12:47:57.238 I/PackageManager( 1920): Un-granting permission com.google.android.googleapps.permission.GOOGLE_AUTH from package com.android.providers.calendar (protectionLevel=2 flags=0x30883e45)
06-22 12:47:57.238 I/PackageManager( 1920): Un-granting permission com.google.android.googleapps.permission.GOOGLE_AUTH.cl from package com.android.providers.calendar (protectionLevel=2 flags=0x30883e45)
06-22 12:47:57.239 W/SystemConfig( 2058): No directory /product_services/etc/sysconfig, skipping
06-22 12:47:57.239 W/SystemConfig( 2058): No directory /product_services/etc/permissions, skipping
06-22 12:47:57.244 I/PackageManager( 1920): Un-granting permission android.permission.WRITE_SECURE_SETTINGS from package com.google.android.apps.enterprise.dmagent (protectionLevel=50 flags=0x30883e05)
06-22 12:47:57.244 I/PackageManager( 1920): Un-granting permission android.permission.CONNECTIVITY_INTERNAL from package com.google.android.apps.enterprise.dmagent (protectionLevel=18 flags=0x30883e05)
06-22 12:47:57.244 I/PackageManager( 1920): Un-granting permission android.permission.MANAGE_USB from package com.google.android.apps.enterprise.dmagent (protectionLevel=18 flags=0x30883e05)
06-22 12:47:57.244 I/PackageManager( 1920): Un-granting permission android.permission.CHANGE_COMPONENT_ENABLED_STATE from package com.google.android.apps.enterprise.dmagent (protectionLevel=18 flags=0x30883e05)
06-22 12:47:57.244 I/PackageManager( 1920): Un-granting permission android.permission.MANAGE_CA_CERTIFICATES from package com.google.android.apps.enterprise.dmagent (protectionLevel=18 flags=0x30883e05)
06-22 12:47:57.244 I/PackageManager( 1920): Un-granting permission android.permission.MANAGE_USERS from package com.google.android.apps.enterprise.dmagent (protectionLevel=18 flags=0x30883e05)
06-22 12:47:57.248 W/PackageManager( 1920): Cannot whitelist unknown permission: com.google.android.ims.LOG_ACCESS
06-22 12:47:57.248 W/PackageManager( 1920): Cannot whitelist unknown permission: com.cequint.ecid.CALLER_ID_EXTERNAL_LOOKUP_SMS
06-22 12:47:57.248 W/PackageManager( 1920): Cannot whitelist unknown permission: com.sec.android.provider.badge.permission.READ
06-22 12:47:57.248 W/PackageManager( 1920): Cannot whitelist unknown permission: com.sec.android.provider.badge.permission.WRITE
06-22 12:47:57.248 W/PackageManager( 1920): Cannot whitelist unknown permission: com.htc.launcher.permission.READ_SETTINGS
06-22 12:47:57.248 W/PackageManager( 1920): Cannot whitelist unknown permission: com.htc.launcher.permission.UPDATE_SHORTCUT
06-22 12:47:57.248 W/PackageManager( 1920): Cannot whitelist unknown permission: com.sonyericsson.home.permission.BROADCAST_BADGE
06-22 12:47:57.248 W/PackageManager( 1920): Cannot whitelist unknown permission: com.sonymobile.home.permission.PROVIDER_INSERT_BADGE
06-22 12:47:57.248 W/PackageManager( 1920): Cannot whitelist unknown permission: com.sonymobile.launcher.permission.PROVIDER_INSERT_BADGE
06-22 12:47:57.248 W/PackageManager( 1920): Cannot whitelist unknown permission: com.anddoes.launcher.permission.UPDATE_COUNT
06-22 12:47:57.248 W/PackageManager( 1920): Cannot whitelist unknown permission: com.majeur.launcher.permission.UPDATE_BADGE
06-22 12:47:57.248 W/PackageManager( 1920): Cannot whitelist unknown permission: com.huawei.android.launcher.permission.CHANGE_BADGE
06-22 12:47:57.248 W/PackageManager( 1920): Cannot whitelist unknown permission: com.huawei.android.launcher.permission.READ_SETTINGS
06-22 12:47:57.248 W/PackageManager( 1920): Cannot whitelist unknown permission: com.huawei.android.launcher.permission.WRITE_SETTINGS
06-22 12:47:57.248 W/PackageManager( 1920): Cannot whitelist unknown permission: android.permission.READ_APP_BADGE
06-22 12:47:57.248 W/PackageManager( 1920): Cannot whitelist unknown permission: com.oppo.launcher.permission.READ_SETTINGS
06-22 12:47:57.248 W/PackageManager( 1920): Cannot whitelist unknown permission: com.oppo.launcher.permission.WRITE_SETTINGS
06-22 12:47:57.248 I/PackageManager( 1920): Un-granting permission com.google.android.setupwizard.READ_DEVICE_ORIGIN from package com.google.android.apps.messaging (protectionLevel=18 flags=0x38cbbe45)
06-22 12:47:57.249 I/goldfish_vpxdec( 1785): calling destructor of GoldfishVPX
06-22 12:47:57.249 W/PackageManager( 1920): Cannot whitelist unknown permission: com.google.android.ims.LOG_ACCESS
06-22 12:47:57.249 W/PackageManager( 1920): Cannot whitelist unknown permission: com.cequint.ecid.CALLER_ID_EXTERNAL_LOOKUP_SMS
06-22 12:47:57.249 W/PackageManager( 1920): Cannot whitelist unknown permission: com.sec.android.provider.badge.permission.READ
06-22 12:47:57.249 W/PackageManager( 1920): Cannot whitelist unknown permission: com.sec.android.provider.badge.permission.WRITE
06-22 12:47:57.249 W/PackageManager( 1920): Cannot whitelist unknown permission: com.htc.launcher.permission.READ_SETTINGS
06-22 12:47:57.249 W/PackageManager( 1920): Cannot whitelist unknown permission: com.htc.launcher.permission.UPDATE_SHORTCUT
06-22 12:47:57.249 W/PackageManager( 1920): Cannot whitelist unknown permission: com.sonyericsson.home.permission.BROADCAST_BADGE
06-22 12:47:57.249 W/PackageManager( 1920): Cannot whitelist unknown permission: com.sonymobile.home.permission.PROVIDER_INSERT_BADGE
06-22 12:47:57.249 W/PackageManager( 1920): Cannot whitelist unknown permission: com.sonymobile.launcher.permission.PROVIDER_INSERT_BADGE
06-22 12:47:57.249 W/PackageManager( 1920): Cannot whitelist unknown permission: com.anddoes.launcher.permission.UPDATE_COUNT
06-22 12:47:57.249 W/PackageManager( 1920): Cannot whitelist unknown permission: com.majeur.launcher.permission.UPDATE_BADGE
06-22 12:47:57.249 W/PackageManager( 1920): Cannot whitelist unknown permission: com.huawei.android.launcher.permission.CHANGE_BADGE
06-22 12:47:57.249 W/PackageManager( 1920): Cannot whitelist unknown permission: com.huawei.android.launcher.permission.READ_SETTINGS
06-22 12:47:57.249 W/PackageManager( 1920): Cannot whitelist unknown permission: com.huawei.android.launcher.permission.WRITE_SETTINGS
06-22 12:47:57.249 W/PackageManager( 1920): Cannot whitelist unknown permission: android.permission.READ_APP_BADGE
06-22 12:47:57.249 W/PackageManager( 1920): Cannot whitelist unknown permission: com.oppo.launcher.permission.READ_SETTINGS
06-22 12:47:57.249 W/PackageManager( 1920): Cannot whitelist unknown permission: com.oppo.launcher.permission.WRITE_SETTINGS
06-22 12:47:57.249 I/PackageManager( 1920): Un-granting permission com.google.android.setupwizard.READ_DEVICE_ORIGIN from package com.google.android.apps.messaging (protectionLevel=18 flags=0x38cbbe45)
06-22 12:47:57.250 I/OMXClient( 1781): IOmx service obtained
06-22 12:47:57.250 I/OMXMaster( 1785): makeComponentInstance(OMX.google.vp8.decoder) in android.hardwar process
06-22 12:47:57.250 W/PackageManager( 1920): Cannot whitelist unknown permission: com.google.android.ims.LOG_ACCESS
06-22 12:47:57.250 W/PackageManager( 1920): Cannot whitelist unknown permission: com.cequint.ecid.CALLER_ID_EXTERNAL_LOOKUP_SMS
06-22 12:47:57.250 W/PackageManager( 1920): Cannot whitelist unknown permission: com.sec.android.provider.badge.permission.READ
06-22 12:47:57.250 W/PackageManager( 1920): Cannot whitelist unknown permission: com.sec.android.provider.badge.permission.WRITE
06-22 12:47:57.250 W/PackageManager( 1920): Cannot whitelist unknown permission: com.htc.launcher.permission.READ_SETTINGS
06-22 12:47:57.250 W/PackageManager( 1920): Cannot whitelist unknown permission: com.htc.launcher.permission.UPDATE_SHORTCUT
06-22 12:47:57.250 W/PackageManager( 1920): Cannot whitelist unknown permission: com.sonyericsson.home.permission.BROADCAST_BADGE
06-22 12:47:57.250 W/PackageManager( 1920): Cannot whitelist unknown permission: com.sonymobile.home.permission.PROVIDER_INSERT_BADGE
06-22 12:47:57.250 W/PackageManager( 1920): Cannot whitelist unknown permission: com.sonymobile.launcher.permission.PROVIDER_INSERT_BADGE
06-22 12:47:57.250 W/PackageManager( 1920): Cannot whitelist unknown permission: com.anddoes.launcher.permission.UPDATE_COUNT
06-22 12:47:57.250 W/PackageManager( 1920): Cannot whitelist unknown permission: com.majeur.launcher.permission.UPDATE_BADGE
06-22 12:47:57.250 W/PackageManager( 1920): Cannot whitelist unknown permission: com.huawei.android.launcher.permission.CHANGE_BADGE
06-22 12:47:57.250 W/PackageManager( 1920): Cannot whitelist unknown permission: com.huawei.android.launcher.permission.READ_SETTINGS
06-22 12:47:57.250 W/PackageManager( 1920): Cannot whitelist unknown permission: com.huawei.android.launcher.permission.WRITE_SETTINGS
06-22 12:47:57.250 W/PackageManager( 1920): Cannot whitelist unknown permission: android.permission.READ_APP_BADGE
06-22 12:47:57.250 W/PackageManager( 1920): Cannot whitelist unknown permission: com.oppo.launcher.permission.READ_SETTINGS
06-22 12:47:57.250 W/PackageManager( 1920): Cannot whitelist unknown permission: com.oppo.launcher.permission.WRITE_SETTINGS
06-22 12:47:57.250 I/PackageManager( 1920): Un-granting permission com.google.android.setupwizard.READ_DEVICE_ORIGIN from package com.google.android.apps.messaging (protectionLevel=18 flags=0x38cbbe45)
06-22 12:47:57.251 W/PackageManager( 1920): Cannot whitelist unknown permission: com.google.android.ims.LOG_ACCESS
06-22 12:47:57.251 W/PackageManager( 1920): Cannot whitelist unknown permission: com.cequint.ecid.CALLER_ID_EXTERNAL_LOOKUP_SMS
06-22 12:47:57.251 W/PackageManager( 1920): Cannot whitelist unknown permission: com.sec.android.provider.badge.permission.READ
06-22 12:47:57.251 W/PackageManager( 1920): Cannot whitelist unknown permission: com.sec.android.provider.badge.permission.WRITE
06-22 12:47:57.251 W/PackageManager( 1920): Cannot whitelist unknown permission: com.htc.launcher.permission.READ_SETTINGS
06-22 12:47:57.251 W/PackageManager( 1920): Cannot whitelist unknown permission: com.htc.launcher.permission.UPDATE_SHORTCUT
06-22 12:47:57.251 W/PackageManager( 1920): Cannot whitelist unknown permission: com.sonyericsson.home.permission.BROADCAST_BADGE
06-22 12:47:57.251 W/PackageManager( 1920): Cannot whitelist unknown permission: com.sonymobile.home.permission.PROVIDER_INSERT_BADGE
06-22 12:47:57.251 W/PackageManager( 1920): Cannot whitelist unknown permission: com.sonymobile.launcher.permission.PROVIDER_INSERT_BADGE
06-22 12:47:57.251 W/PackageManager( 1920): Cannot whitelist unknown permission: com.anddoes.launcher.permission.UPDATE_COUNT
06-22 12:47:57.251 W/PackageManager( 1920): Cannot whitelist unknown permission: com.majeur.launcher.permission.UPDATE_BADGE
06-22 12:47:57.251 W/PackageManager( 1920): Cannot whitelist unknown permission: com.huawei.android.launcher.permission.CHANGE_BADGE
06-22 12:47:57.251 W/PackageManager( 1920): Cannot whitelist unknown permission: com.huawei.android.launcher.permission.READ_SETTINGS
06-22 12:47:57.251 W/PackageManager( 1920): Cannot whitelist unknown permission: com.huawei.android.launcher.permission.WRITE_SETTINGS
06-22 12:47:57.251 W/PackageManager( 1920): Cannot whitelist unknown permission: android.permission.READ_APP_BADGE
06-22 12:47:57.251 W/PackageManager( 1920): Cannot whitelist unknown permission: com.oppo.launcher.permission.READ_SETTINGS
06-22 12:47:57.251 W/PackageManager( 1920): Cannot whitelist unknown permission: com.oppo.launcher.permission.WRITE_SETTINGS
06-22 12:47:57.251 I/PackageManager( 1920): Un-granting permission com.google.android.setupwizard.READ_DEVICE_ORIGIN from package com.google.android.apps.messaging (protectionLevel=18 flags=0x38cbbe45)
06-22 12:47:57.252 W/PackageManager( 1920): Cannot whitelist unknown permission: com.google.android.ims.LOG_ACCESS
06-22 12:47:57.252 W/PackageManager( 1920): Cannot whitelist unknown permission: com.cequint.ecid.CALLER_ID_EXTERNAL_LOOKUP_SMS
06-22 12:47:57.252 W/PackageManager( 1920): Cannot whitelist unknown permission: com.sec.android.provider.badge.permission.READ
06-22 12:47:57.252 W/PackageManager( 1920): Cannot whitelist unknown permission: com.sec.android.provider.badge.permission.WRITE
06-22 12:47:57.252 W/PackageManager( 1920): Cannot whitelist unknown permission: com.htc.launcher.permission.READ_SETTINGS
06-22 12:47:57.252 W/PackageManager( 1920): Cannot whitelist unknown permission: com.htc.launcher.permission.UPDATE_SHORTCUT
06-22 12:47:57.252 W/PackageManager( 1920): Cannot whitelist unknown permission: com.sonyericsson.home.permission.BROADCAST_BADGE
06-22 12:47:57.252 W/PackageManager( 1920): Cannot whitelist unknown permission: com.sonymobile.home.permission.PROVIDER_INSERT_BADGE
06-22 12:47:57.252 W/PackageManager( 1920): Cannot whitelist unknown permission: com.sonymobile.launcher.permission.PROVIDER_INSERT_BADGE
06-22 12:47:57.252 W/PackageManager( 1920): Cannot whitelist unknown permission: com.anddoes.launcher.permission.UPDATE_COUNT
06-22 12:47:57.252 W/PackageManager( 1920): Cannot whitelist unknown permission: com.majeur.launcher.permission.UPDATE_BADGE
06-22 12:47:57.252 W/PackageManager( 1920): Cannot whitelist unknown permission: com.huawei.android.launcher.permission.CHANGE_BADGE
06-22 12:47:57.253 W/PackageManager( 1920): Cannot whitelist unknown permission: com.huawei.android.launcher.permission.READ_SETTINGS
06-22 12:47:57.253 W/PackageManager( 1920): Cannot whitelist unknown permission: com.huawei.android.launcher.permission.WRITE_SETTINGS
06-22 12:47:57.253 W/PackageManager( 1920): Cannot whitelist unknown permission: android.permission.READ_APP_BADGE
06-22 12:47:57.253 W/PackageManager( 1920): Cannot whitelist unknown permission: com.oppo.launcher.permission.READ_SETTINGS
06-22 12:47:57.253 W/PackageManager( 1920): Cannot whitelist unknown permission: com.oppo.launcher.permission.WRITE_SETTINGS
06-22 12:47:57.253 I/PackageManager( 1920): Un-granting permission com.google.android.setupwizard.READ_DEVICE_ORIGIN from package com.google.android.apps.messaging (protectionLevel=18 flags=0x38cbbe45)
06-22 12:47:57.254 W/PackageManager( 1920): Cannot whitelist unknown permission: com.google.android.ims.LOG_ACCESS
06-22 12:47:57.254 W/PackageManager( 1920): Cannot whitelist unknown permission: com.cequint.ecid.CALLER_ID_EXTERNAL_LOOKUP_SMS
06-22 12:47:57.254 W/PackageManager( 1920): Cannot whitelist unknown permission: com.sec.android.provider.badge.permission.READ
06-22 12:47:57.254 W/PackageManager( 1920): Cannot whitelist unknown permission: com.sec.android.provider.badge.permission.WRITE
06-22 12:47:57.254 W/PackageManager( 1920): Cannot whitelist unknown permission: com.htc.launcher.permission.READ_SETTINGS
06-22 12:47:57.254 W/PackageManager( 1920): Cannot whitelist unknown permission: com.htc.launcher.permission.UPDATE_SHORTCUT
06-22 12:47:57.254 W/PackageManager( 1920): Cannot whitelist unknown permission: com.sonyericsson.home.permission.BROADCAST_BADGE
06-22 12:47:57.254 W/PackageManager( 1920): Cannot whitelist unknown permission: com.sonymobile.home.permission.PROVIDER_INSERT_BADGE
06-22 12:47:57.254 W/PackageManager( 1920): Cannot whitelist unknown permission: com.sonymobile.launcher.permission.PROVIDER_INSERT_BADGE
06-22 12:47:57.254 W/PackageManager( 1920): Cannot whitelist unknown permission: com.anddoes.launcher.permission.UPDATE_COUNT
06-22 12:47:57.254 W/PackageManager( 1920): Cannot whitelist unknown permission: com.majeur.launcher.permission.UPDATE_BADGE
06-22 12:47:57.254 W/PackageManager( 1920): Cannot whitelist unknown permission: com.huawei.android.launcher.permission.CHANGE_BADGE
06-22 12:47:57.254 W/PackageManager( 1920): Cannot whitelist unknown permission: com.huawei.android.launcher.permission.READ_SETTINGS
06-22 12:47:57.254 W/PackageManager( 1920): Cannot whitelist unknown permission: com.huawei.android.launcher.permission.WRITE_SETTINGS
06-22 12:47:57.254 W/PackageManager( 1920): Cannot whitelist unknown permission: android.permission.READ_APP_BADGE
06-22 12:47:57.254 W/PackageManager( 1920): Cannot whitelist unknown permission: com.oppo.launcher.permission.READ_SETTINGS
06-22 12:47:57.254 W/PackageManager( 1920): Cannot whitelist unknown permission: com.oppo.launcher.permission.WRITE_SETTINGS
06-22 12:47:57.254 I/PackageManager( 1920): Un-granting permission com.google.android.setupwizard.READ_DEVICE_ORIGIN from package com.google.android.apps.messaging (protectionLevel=18 flags=0x38cbbe45)
06-22 12:47:57.256 W/PackageManager( 1920): Cannot whitelist unknown permission: com.google.android.ims.LOG_ACCESS
06-22 12:47:57.257 W/PackageManager( 1920): Cannot whitelist unknown permission: com.cequint.ecid.CALLER_ID_EXTERNAL_LOOKUP_SMS
06-22 12:47:57.257 W/PackageManager( 1920): Cannot whitelist unknown permission: com.sec.android.provider.badge.permission.READ
06-22 12:47:57.257 W/PackageManager( 1920): Cannot whitelist unknown permission: com.sec.android.provider.badge.permission.WRITE
06-22 12:47:57.257 W/PackageManager( 1920): Cannot whitelist unknown permission: com.htc.launcher.permission.READ_SETTINGS
06-22 12:47:57.257 W/PackageManager( 1920): Cannot whitelist unknown permission: com.htc.launcher.permission.UPDATE_SHORTCUT
06-22 12:47:57.257 W/PackageManager( 1920): Cannot whitelist unknown permission: com.sonyericsson.home.permission.BROADCAST_BADGE
06-22 12:47:57.257 E/OMXNodeInstance( 1785): getExtensionIndex(0xe95bff00:google.vp8.decoder, OMX.google.android.index.configureVideoTunnelMode) ERROR: UnsupportedIndex(0x8000101a)
06-22 12:47:57.257 D/MediaCodecInfo( 1781): detail feature-tunneled-playback wasn't present to remove
06-22 12:47:57.257 E/OMXNodeInstance( 1785): getExtensionIndex(0xe95bff00:google.vp8.decoder, OMX.google.android.index.enableAndroidNativeBuffers) ERROR: UnsupportedIndex(0x8000101a)
06-22 12:47:57.257 W/PackageManager( 1920): Cannot whitelist unknown permission: com.sonymobile.home.permission.PROVIDER_INSERT_BADGE
06-22 12:47:57.257 W/PackageManager( 1920): Cannot whitelist unknown permission: com.sonymobile.launcher.permission.PROVIDER_INSERT_BADGE
06-22 12:47:57.257 W/PackageManager( 1920): Cannot whitelist unknown permission: com.anddoes.launcher.permission.UPDATE_COUNT
06-22 12:47:57.257 W/PackageManager( 1920): Cannot whitelist unknown permission: com.majeur.launcher.permission.UPDATE_BADGE
06-22 12:47:57.257 W/PackageManager( 1920): Cannot whitelist unknown permission: com.huawei.android.launcher.permission.CHANGE_BADGE
06-22 12:47:57.257 W/PackageManager( 1920): Cannot whitelist unknown permission: com.huawei.android.launcher.permission.READ_SETTINGS
06-22 12:47:57.257 W/PackageManager( 1920): Cannot whitelist unknown permission: com.huawei.android.launcher.permission.WRITE_SETTINGS
06-22 12:47:57.257 W/PackageManager( 1920): Cannot whitelist unknown permission: android.permission.READ_APP_BADGE
06-22 12:47:57.257 W/PackageManager( 1920): Cannot whitelist unknown permission: com.oppo.launcher.permission.READ_SETTINGS
06-22 12:47:57.257 W/PackageManager( 1920): Cannot whitelist unknown permission: com.oppo.launcher.permission.WRITE_SETTINGS
06-22 12:47:57.257 I/PackageManager( 1920): Un-granting permission com.google.android.setupwizard.READ_DEVICE_ORIGIN from package com.google.android.apps.messaging (protectionLevel=18 flags=0x38cbbe45)
06-22 12:47:57.260 W/PackageManager( 1920): Cannot whitelist unknown permission: com.google.android.ims.LOG_ACCESS
06-22 12:47:57.260 W/PackageManager( 1920): Cannot whitelist unknown permission: com.cequint.ecid.CALLER_ID_EXTERNAL_LOOKUP_SMS
06-22 12:47:57.260 W/PackageManager( 1920): Cannot whitelist unknown permission: com.sec.android.provider.badge.permission.READ
06-22 12:47:57.260 W/PackageManager( 1920): Cannot whitelist unknown permission: com.sec.android.provider.badge.permission.WRITE
06-22 12:47:57.260 W/PackageManager( 1920): Cannot whitelist unknown permission: com.htc.launcher.permission.READ_SETTINGS
06-22 12:47:57.260 W/PackageManager( 1920): Cannot whitelist unknown permission: com.htc.launcher.permission.UPDATE_SHORTCUT
06-22 12:47:57.260 W/PackageManager( 1920): Cannot whitelist unknown permission: com.sonyericsson.home.permission.BROADCAST_BADGE
06-22 12:47:57.260 W/PackageManager( 1920): Cannot whitelist unknown permission: com.sonymobile.home.permission.PROVIDER_INSERT_BADGE
06-22 12:47:57.261 W/PackageManager( 1920): Cannot whitelist unknown permission: com.sonymobile.launcher.permission.PROVIDER_INSERT_BADGE
06-22 12:47:57.261 W/PackageManager( 1920): Cannot whitelist unknown permission: com.anddoes.launcher.permission.UPDATE_COUNT
06-22 12:47:57.261 W/PackageManager( 1920): Cannot whitelist unknown permission: com.majeur.launcher.permission.UPDATE_BADGE
06-22 12:47:57.261 W/PackageManager( 1920): Cannot whitelist unknown permission: com.huawei.android.launcher.permission.CHANGE_BADGE
06-22 12:47:57.261 W/PackageManager( 1920): Cannot whitelist unknown permission: com.huawei.android.launcher.permission.READ_SETTINGS
06-22 12:47:57.261 W/PackageManager( 1920): Cannot whitelist unknown permission: com.huawei.android.launcher.permission.WRITE_SETTINGS
06-22 12:47:57.261 W/PackageManager( 1920): Cannot whitelist unknown permission: android.permission.READ_APP_BADGE
06-22 12:47:57.261 W/PackageManager( 1920): Cannot whitelist unknown permission: com.oppo.launcher.permission.READ_SETTINGS
06-22 12:47:57.261 W/PackageManager( 1920): Cannot whitelist unknown permission: com.oppo.launcher.permission.WRITE_SETTINGS
06-22 12:47:57.261 I/PackageManager( 1920): Un-granting permission com.google.android.setupwizard.READ_DEVICE_ORIGIN from package com.google.android.apps.messaging (protectionLevel=18 flags=0x38cbbe45)
06-22 12:47:57.264 I/OMXClient( 1781): IOmx service obtained
06-22 12:47:57.264 I/OMXMaster( 1785): makeComponentInstance(OMX.android.goldfish.vp9.decoder) in android.hardwar process
06-22 12:47:57.264 I/GoldfishOMXPlugin( 1785): makeComponentInstance 'OMX.android.goldfish.vp9.decoder'
06-22 12:47:57.264 I/GoldfishOMXPlugin( 1785): Using goldfish codec for 'vpxdec'
06-22 12:47:57.264 I/goldfish_vpxdec( 1785): calling constructor of GoldfishVPX
06-22 12:47:57.265 E/OMXNodeInstance( 1785): getExtensionIndex(0xe95bff00:android.goldfish.vp9.decoder, OMX.google.android.index.configureVideoTunnelMode) ERROR: UnsupportedIndex(0x8000101a)
06-22 12:47:57.265 D/MediaCodecInfo( 1781): detail feature-tunneled-playback wasn't present to remove
06-22 12:47:57.265 W/OMXNodeInstance( 1785): [0xe95bff00:android.goldfish.vp9.decoder] component does not support metadata mode; using fallback
06-22 12:47:57.267 W/libc    ( 1716): Unable to set property "vendor.wlan.driver.version" to "1.0": error code: 0x18
06-22 12:47:57.267 I/android.hardware.wifi@1.0-service( 1716): Configured chip in mode 0
06-22 12:47:57.267 W/android.hardware.wifi@1.0-service( 1716): No active wlan interfaces in use! Using default
06-22 12:47:57.268 D/HalDevMgr( 1920): updateRttController: no one is interested in RTT controllers
06-22 12:47:57.268 E/android.hardware.wifi@1.0-service( 1716): Failed to set DFS flag; DFS channels may be unavailable.
06-22 12:47:57.271 D/WificondControl( 1920): Setting up interface for client mode
06-22 12:47:57.272 I/wificond( 1784): create scanner for interface with index: 3
06-22 12:47:57.272 I/wificond( 1784): subscribe scan result for interface with index: 3
06-22 12:47:57.272 I/hwservicemanager( 1567): getTransport: Cannot find entry android.hardware.wifi.offload@1.0::IOffload/default in either framework or device manifest.
06-22 12:47:57.272 E/wificond( 1784): No Offload Service available
06-22 12:47:57.272 I/wificond( 1784): Offload HAL not supported 
06-22 12:47:57.273 E/SupplicantStaIfaceHal( 1920): Can't call setupIface, ISupplicantStaIface is null
06-22 12:47:57.273 I/hwservicemanager( 1567): getTransport: Cannot find entry android.hardware.wifi.supplicant@1.1::ISupplicant/default in either framework or device manifest.
06-22 12:47:57.275 I/hwservicemanager( 1567): getTransport: Cannot find entry android.hardware.wifi.supplicant@1.2::ISupplicant/default in either framework or device manifest.
06-22 12:47:57.275 I/hwservicemanager( 1567): getTransport: Cannot find entry android.hardware.wifi.supplicant@1.1::ISupplicant/default in either framework or device manifest.
06-22 12:47:57.277 I/netd    ( 1663): interfaceGetCfg("wlan0") <0.13ms>
06-22 12:47:57.277 I/WifiNative( 1920): Interface state changed on Iface:{Name=wlan0,Id=1,Type=STA_CONNECTIVITY}, isUp=true
06-22 12:47:57.277 I/netd    ( 1663): interfaceClearAddrs("wlan0") <0.12ms>
06-22 12:47:57.277 I/netd    ( 1663): interfaceSetIPv6PrivacyExtensions("wlan0", "true") <0.05ms>
06-22 12:47:57.277 I/netd    ( 1663): interfaceSetEnableIPv6("wlan0", "false") <0.04ms>
06-22 12:47:57.278 I/WifiNative( 1920): Successfully setup Iface:{Name=wlan0,Id=1,Type=STA_CONNECTIVITY}
06-22 12:47:57.278 I/hwservicemanager( 1567): getTransport: Cannot find entry android.hardware.wifi.supplicant@1.2::ISupplicant/default in either framework or device manifest.
06-22 12:47:57.278 E/SupplicantStaIfaceHal( 1920): Method getKeyMgmtCapabilities is not supported in existing HAL
06-22 12:47:57.278 I/goldfish_vpxdec( 1785): calling destructor of GoldfishVPX
06-22 12:47:57.279 I/OMXClient( 1781): IOmx service obtained
06-22 12:47:57.279 I/OMXMaster( 1785): makeComponentInstance(OMX.google.vp9.decoder) in android.hardwar process
06-22 12:47:57.279 E/OMXNodeInstance( 1785): getExtensionIndex(0xe95bff00:google.vp9.decoder, OMX.google.android.index.configureVideoTunnelMode) ERROR: UnsupportedIndex(0x8000101a)
06-22 12:47:57.279 D/MediaCodecInfo( 1781): detail feature-tunneled-playback wasn't present to remove
06-22 12:47:57.279 E/OMXNodeInstance( 1785): getExtensionIndex(0xe95bff00:google.vp9.decoder, OMX.google.android.index.enableAndroidNativeBuffers) ERROR: UnsupportedIndex(0x8000101a)
06-22 12:47:57.280 D/WifiClientModeManager( 1920): entering StartedState
06-22 12:47:57.280 I/netd    ( 1663): interfaceGetCfg("wlan0") <0.08ms>
06-22 12:47:57.280 D/WifiClientModeManager( 1920): Wifi is ready to use for client mode
06-22 12:47:57.280 D/WifiActiveModeWarden( 1920): State changed from client mode. state = 3
06-22 12:47:57.280 D/WifiActiveModeWarden( 1920): client mode active
06-22 12:47:57.280 E/WifiVendorHal( 1920): getBgScanCapabilities(l.630) failed {.code = ERROR_NOT_SUPPORTED, .description = }
06-22 12:47:57.281 D/WifiScanRequestProxy( 1920): Sending scan available broadcast: true
06-22 12:47:57.281 I/WifiScanRequestProxy( 1920): Scanning is enabled
06-22 12:47:57.281 I/WifiScanRequestProxy( 1920): Scanning for hidden networks is enabled
06-22 12:47:57.281 D/WifiClientModeImpl( 1920): entering ConnectModeState: ifaceName = wlan0
06-22 12:47:57.281 D/WifiClientModeImpl( 1920): setupClientMode() ifacename = wlan0
06-22 12:47:57.282 I/WifiScanningService( 1920): wifi driver loaded with scan capabilities: max buckets=16
06-22 12:47:57.282 I/PackageManager( 1920): Un-granting permission android.permission.BIND_WALLPAPER from package com.android.camera2 (protectionLevel=18 flags=0x20d8bc45)
06-22 12:47:57.282 I/chatty  ( 1920): uid=1000(system) Binder:1920_2 identical 1 line
06-22 12:47:57.283 I/PackageManager( 1920): Un-granting permission android.permission.BIND_WALLPAPER from package com.android.camera2 (protectionLevel=18 flags=0x20d8bc45)
06-22 12:47:57.287 W/PackageManager( 1920): Cannot whitelist unknown permission: android.permission.NFC_UNLOCK
06-22 12:47:57.291 I/OMXClient( 1781): IOmx service obtained
06-22 12:47:57.291 I/OMXMaster( 1785): makeComponentInstance(OMX.google.h264.encoder) in android.hardwar process
06-22 12:47:57.293 W/OMXUtils( 1781): do not know color format 0x7f000789 = 2130708361
06-22 12:47:57.289 W/PackageManager( 1920): Cannot whitelist unknown permission: android.permission.NFC_UNLOCK
06-22 12:47:57.296 W/PackageManager( 1920): Cannot whitelist unknown permission: com.google.android.email.permission.ACCESS_PROVIDER
