06-22 12:47:52.067 I/hwservicemanager( 1567): getTransport: Cannot find entry android.hardware.configstore@1.1::ISurfaceFlingerConfigs/default in either framework or device manifest.
06-22 12:47:52.067 I/SurfaceFlinger( 1738): Treble testing override: 'false'
06-22 12:47:52.067 I/SurfaceFlinger( 1738): SurfaceFlinger's main thread ready to run. Initializing graphics H/W...
06-22 12:47:52.067 I/SurfaceFlinger( 1738): Phase offset NS: 1000000
06-22 12:47:52.068 W/SurfaceFlinger( 1738): Ignoring VSYNC request while display is disconnected
06-22 12:47:52.068 W/SurfaceFlinger( 1738): Ignoring VSYNC request while display is disconnected
06-22 12:47:52.068 W/SurfaceFlinger( 1738): Ignoring VSYNC request while display is disconnected
06-22 12:47:52.068 W/SurfaceFlinger( 1738): Ignoring VSYNC request while display is disconnected
06-22 12:47:52.068 D/RenderEngine( 1738): RenderEngine GLES Backend
06-22 12:47:52.068 D/libEGL  ( 1738): Emulator has host GPU support, qemu.gles is set to 1.
06-22 12:47:52.084 E/netmgr  ( 1755): Failed to open QEMU pipe 'qemud:network': Invalid argument
06-22 12:47:52.091 I/adbd    ( 1752): UsbFfsConnection constructed
06-22 12:47:52.093 I/AndroidRuntime( 1664): Using default boot image
06-22 12:47:52.093 I/AndroidRuntime( 1664): Leaving lock profiling enabled
06-22 12:47:52.103 D/TetherController( 1663): Setting IP forward enable = 0
06-22 12:47:52.103 D/FirewallController( 1663): Could not read /proc/self/uid_map, max uid defaulting to 4294967294
06-22 12:47:52.136 D/libEGL  ( 1738): loaded /vendor/lib64/egl/libEGL_emulation.so
06-22 12:47:52.138 D/libEGL  ( 1738): loaded /vendor/lib64/egl/libGLESv1_CM_emulation.so
06-22 12:47:52.139 D/libEGL  ( 1738): loaded /vendor/lib64/egl/libGLESv2_emulation.so
06-22 12:47:52.145 D/HostConnection( 1738): HostConnection::get() New Host Connection established 0x7e4d031cd5a0, tid 1738
06-22 12:47:52.155 D/HostConnection( 1738): HostComposition ext ANDROID_EMU_CHECKSUM_HELPER_v1 ANDROID_EMU_native_sync_v2 ANDROID_EMU_dma_v1 ANDROID_EMU_direct_mem ANDROID_EMU_host_composition_v1 ANDROID_EMU_host_composition_v2 ANDROID_EMU_vulkan ANDROID_EMU_deferred_vulkan_commands ANDROID_EMU_vulkan_null_optional_strings ANDROID_EMU_vulkan_create_resources_with_requirements ANDROID_EMU_YUV_Cache ANDROID_EMU_vulkan_ignored_handles ANDROID_EMU_vulkan_free_memory_sync ANDROID_EMU_vulkan_shader_float16_int8 ANDROID_EMU_vulkan_async_queue_submit ANDROID_EMU_sync_buffer_data ANDROID_EMU_vulkan_async_qsri ANDROID_EMU_hwc_color_transform GL_OES_EGL_image_external_essl3 GL_OES_vertex_array_object GL_KHR_texture_compression_astc_ldr ANDROID_EMU_host_side_tracing ANDROID_EMU_gles_max_version_3_0 
06-22 12:47:52.179 I/RenderEngine( 1738): EGL information:
06-22 12:47:52.179 I/RenderEngine( 1738): vendor    : Android
06-22 12:47:52.179 I/RenderEngine( 1738): version   : 1.4 Android META-EGL
06-22 12:47:52.179 I/RenderEngine( 1738): extensions: EGL_KHR_get_all_proc_addresses EGL_ANDROID_presentation_time EGL_KHR_swap_buffers_with_damage EGL_ANDROID_get_native_client_buffer EGL_ANDROID_front_buffer_auto_refresh EGL_ANDROID_get_frame_timestamps EGL_EXT_surface_SMPTE2086_metadata EGL_EXT_surface_CTA861_3_metadata EGL_KHR_image EGL_KHR_image_base EGL_KHR_gl_texture_2D_image EGL_KHR_fence_sync EGL_KHR_create_context EGL_ANDROID_image_native_buffer EGL_ANDROID_recordable 
06-22 12:47:52.179 I/RenderEngine( 1738): Client API: OpenGL_ES
06-22 12:47:52.179 I/RenderEngine( 1738): EGLSurface: 8-8-8-8, config=0x5
06-22 12:47:52.180 D/EGL_emulation( 1738): eglCreateContext: 0x7e4d031cd640: maj 3 min 0 rcv 3
06-22 12:47:52.181 D/EGL_emulation( 1738): eglMakeCurrent: 0x7e4d031cd640: ver 3 0 (tinfo 0x7e4d031bcf40)
06-22 12:47:52.184 I/RenderEngine( 1738): OpenGL ES informations:
06-22 12:47:52.184 I/RenderEngine( 1738): vendor    : Google (Google Inc.)
06-22 12:47:52.184 I/RenderEngine( 1738): renderer  : Android Emulator OpenGL ES Translator (Google SwiftShader)
06-22 12:47:52.184 I/RenderEngine( 1738): version   : OpenGL ES 3.0 (OpenGL ES 3.0 SwiftShader 4.0.0.1)
06-22 12:47:52.184 I/RenderEngine( 1738): extensions: GL_EXT_debug_marker GL_EXT_robustness GL_OES_EGL_sync GL_OES_EGL_image GL_OES_EGL_image_external GL_OES_depth24 GL_OES_depth32 GL_OES_element_index_uint GL_OES_texture_float GL_OES_texture_float_linear GL_OES_compressed_paletted_texture GL_OES_compressed_ETC1_RGB8_texture GL_OES_depth_texture GL_OES_texture_half_float GL_OES_texture_half_float_linear GL_OES_packed_depth_stencil GL_OES_vertex_half_float GL_OES_standard_derivatives GL_OES_texture_npot GL_OES_rgb8_rgba8 GL_EXT_color_buffer_float GL_EXT_color_buffer_half_float GL_EXT_texture_format_BGRA8888 GL_APPLE_texture_format_BGRA8888 ANDROID_EMU_CHECKSUM_HELPER_v1 ANDROID_EMU_native_sync_v2 ANDROID_EMU_dma_v1 ANDROID_EMU_direct_mem ANDROID_EMU_host_composition_v1 ANDROID_EMU_host_composition_v2 ANDROID_EMU_vulkan ANDROID_EMU_deferred_vulkan_commands ANDROID_EMU_vulkan_null_optional_strings ANDROID_EMU_vulkan_create_resources_with_requirements ANDROID_EMU_YUV_Cache ANDROID_EMU_vulkan_ignored_handles ANDROID_EMU_vulkan_free_memory_sync ANDROID_EM
06-22 12:47:52.184 I/RenderEngine( 1738): GL_MAX_TEXTURE_SIZE = 8192
06-22 12:47:52.184 I/RenderEngine( 1738): GL_MAX_VIEWPORT_DIMS = 8192
06-22 12:47:52.188 I/hwservicemanager( 1567): getTransport: Cannot find entry android.hardware.usb.gadget@1.0::IUsbGadget/default in either framework or device manifest.
06-22 12:47:52.188 I/usbd    ( 1802): Usb HAL not found
06-22 12:47:52.198 I//system/bin/tombstoned( 1795): tombstoned successfully initialized
06-22 12:47:52.206 I/hwservicemanager( 1567): getTransport: Cannot find entry android.hardware.graphics.mapper@3.0::IMapper/default in either framework or device manifest.
06-22 12:47:52.208 D/ComposerHal( 1701): failed to get mapper 3.0 service, falling back to mapper 2.0
06-22 12:47:52.212 D/android.hardware.biometrics.fingerprint@2.1-service( 1803): Opening fingerprint hal library...
06-22 12:47:52.213 D/FingerprintHal( 1803): ----------------> fingerprint_open ----------------->
06-22 12:47:52.213 D/FingerprintHal( 1803): ----------------> set_notify_callback ----------------->
06-22 12:47:52.213 D/FingerprintHal( 1803): fingerprint callback notification set
06-22 12:47:52.213 I/ServiceManagement( 1803): Registered android.hardware.biometrics.fingerprint@2.1::IBiometricsFingerprint/default (start delay of 149ms)
06-22 12:47:52.213 I/ServiceManagement( 1803): Removing namespace from process name android.hardware.biometrics.fingerprint@2.1-service to fingerprint@2.1-service.
06-22 12:47:52.214 I/HWComposer( 1738): Switching to legacy multi-display mode
06-22 12:47:52.222 D/FingerprintHal( 1803): ----------------> listenerFunction ----------------->
06-22 12:47:52.222 I/livelock( 1810): started
06-22 12:47:52.222 W/livelock( 1810): [khungtaskd] not configurable
06-22 12:47:52.223 I/livelock( 1810): ro.config.low_ram=false
06-22 12:47:52.223 I/livelock( 1810): ro.llk.sysrq_t=true
06-22 12:47:52.223 I/livelock( 1810): ro.llk.enable=true
06-22 12:47:52.223 I/livelock( 1810): ro.khungtask.enable=true
06-22 12:47:52.223 I/livelock( 1810): ro.llk.mlockall=true
06-22 12:47:52.223 I/livelock( 1810): ro.llk.killtest=true
06-22 12:47:52.223 I/livelock( 1810): ro.khungtask.timeout=720s
06-22 12:47:52.223 I/livelock( 1810): ro.llk.timeout_ms=600.000s
06-22 12:47:52.223 I/livelock( 1810): ro.llk.D.timeout_ms=600.000s
06-22 12:47:52.223 I/livelock( 1810): ro.llk.Z.timeout_ms=600.000s
06-22 12:47:52.223 I/livelock( 1810): ro.llk.stack.timeout_ms=600.000s
06-22 12:47:52.223 I/livelock( 1810): ro.llk.check_ms=120.000s
06-22 12:47:52.223 I/livelock( 1810): ro.llk.stack=wait_on_page_bit_killable,bit_wait_io,__get_user_pages,cma_alloc
06-22 12:47:52.223 I/livelock( 1810): ro.llk.blacklist.process.stack=llkd,lmkd.llkd,apexd,ueventd,keystore,init
06-22 12:47:52.223 I/livelock( 1810): ro.llk.blacklist.process=[watchdog/1],watchdogd,llkd,lmkd,[khungtaskd],[kthreadd],init,[watchdogd/0],2,[watchdogd],1810,1,0
06-22 12:47:52.223 I/livelock( 1810): ro.llk.blacklist.parent=[kthreadd],2,0,adbd&[setsid]
06-22 12:47:52.223 I/livelock( 1810): ro.llk.blacklist.uid=
06-22 12:47:52.238 I/wificond( 1784): wificond is starting up...
06-22 12:47:52.243 I/hwservicemanager( 1567): getTransport: Cannot find entry android.hardware.graphics.mapper@3.0::IMapper/default in either framework or device manifest.
06-22 12:47:52.243 W/Gralloc3( 1738): mapper 3.x is not supported
06-22 12:47:52.246 I/hwservicemanager( 1567): getTransport: Cannot find entry android.hardware.graphics.allocator@3.0::IAllocator/default in either framework or device manifest.
06-22 12:47:52.246 W/Gralloc3( 1738): allocator 3.x is not supported
06-22 12:47:52.246 D/gralloc_ranchu( 1697): gralloc_alloc: Creating ashmem region of size 823296
06-22 12:47:52.247 D/HostConnection( 1738): createUnique: call
06-22 12:47:52.247 D/HostConnection( 1738): HostConnection::get() New Host Connection established 0x7e4d031cdbe0, tid 1738
06-22 12:47:52.247 D/HostConnection( 1738): HostComposition ext ANDROID_EMU_CHECKSUM_HELPER_v1 ANDROID_EMU_native_sync_v2 ANDROID_EMU_dma_v1 ANDROID_EMU_direct_mem ANDROID_EMU_host_composition_v1 ANDROID_EMU_host_composition_v2 ANDROID_EMU_vulkan ANDROID_EMU_deferred_vulkan_commands ANDROID_EMU_vulkan_null_optional_strings ANDROID_EMU_vulkan_create_resources_with_requirements ANDROID_EMU_YUV_Cache ANDROID_EMU_vulkan_ignored_handles ANDROID_EMU_vulkan_free_memory_sync ANDROID_EMU_vulkan_shader_float16_int8 ANDROID_EMU_vulkan_async_queue_submit ANDROID_EMU_sync_buffer_data ANDROID_EMU_vulkan_async_qsri ANDROID_EMU_hwc_color_transform GL_OES_EGL_image_external_essl3 GL_OES_vertex_array_object GL_KHR_texture_compression_astc_ldr ANDROID_EMU_host_side_tracing ANDROID_EMU_gles_max_version_3_0 
06-22 12:47:52.248 D/eglCodecCommon( 1738): allocate: Ask for block of size 0x1000
06-22 12:47:52.248 E/wifi_forwarder( 1792): RemoteConnection failed to initialize: RemoteConnection failed to open pipe
06-22 12:47:52.248 D/eglCodecCommon( 1738): allocate: ioctl allocate returned offset 0x3ffffa000 size 0x2000
06-22 12:47:52.248 D/gralloc_ranchu( 1697): gralloc_alloc: Creating ashmem region of size 823296
06-22 12:47:52.249 I/zygote64( 1664): option[0]=-Xzygote
06-22 12:47:52.249 I/zygote64( 1664): option[1]=exit
06-22 12:47:52.249 I/zygote64( 1664): option[2]=vfprintf
06-22 12:47:52.249 I/zygote64( 1664): option[3]=sensitiveThread
06-22 12:47:52.249 I/zygote64( 1664): option[4]=-verbose:gc
06-22 12:47:52.249 I/zygote64( 1664): option[5]=-Xms4m
06-22 12:47:52.249 I/zygote64( 1664): option[6]=-Xmx512m
06-22 12:47:52.249 I/zygote64( 1664): option[7]=-Xusejit:true
06-22 12:47:52.249 I/zygote64( 1664): option[8]=-Xjitsaveprofilinginfo
06-22 12:47:52.249 I/zygote64( 1664): option[9]=-XjdwpOptions:suspend=n,server=y
06-22 12:47:52.249 I/zygote64( 1664): option[10]=-XjdwpProvider:default
06-22 12:47:52.249 I/zygote64( 1664): option[11]=-Xlockprofthreshold:500
06-22 12:47:52.249 I/zygote64( 1664): option[12]=-Ximage-compiler-option
06-22 12:47:52.249 I/zygote64( 1664): option[13]=--runtime-arg
06-22 12:47:52.249 I/zygote64( 1664): option[14]=-Ximage-compiler-option
06-22 12:47:52.249 I/zygote64( 1664): option[15]=-Xms64m
06-22 12:47:52.249 I/zygote64( 1664): option[16]=-Ximage-compiler-option
06-22 12:47:52.249 I/zygote64( 1664): option[17]=--runtime-arg
06-22 12:47:52.249 I/zygote64( 1664): option[18]=-Ximage-compiler-option
06-22 12:47:52.249 I/zygote64( 1664): option[19]=-Xmx64m
06-22 12:47:52.249 I/zygote64( 1664): option[20]=-Ximage-compiler-option
06-22 12:47:52.249 I/zygote64( 1664): option[21]=--profile-file=/system/etc/boot-image.prof
06-22 12:47:52.249 I/zygote64( 1664): option[22]=-Ximage-compiler-option
06-22 12:47:52.249 I/zygote64( 1664): option[23]=--compiler-filter=speed-profile
06-22 12:47:52.249 I/zygote64( 1664): option[24]=-Xcompiler-option
06-22 12:47:52.249 I/zygote64( 1664): option[25]=--runtime-arg
06-22 12:47:52.249 I/zygote64( 1664): option[26]=-Xcompiler-option
06-22 12:47:52.249 I/zygote64( 1664): option[27]=-Xms64m
06-22 12:47:52.249 I/zygote64( 1664): option[28]=-Xcompiler-option
06-22 12:47:52.249 I/zygote64( 1664): option[29]=--runtime-arg
06-22 12:47:52.249 I/zygote64( 1664): option[30]=-Xcompiler-option
06-22 12:47:52.249 I/zygote64( 1664): option[31]=-Xmx512m
06-22 12:47:52.249 I/zygote64( 1664): option[32]=-Ximage-compiler-option
06-22 12:47:52.249 I/zygote64( 1664): option[33]=--instruction-set-variant=x86_64
06-22 12:47:52.249 I/zygote64( 1664): option[34]=-Xcompiler-option
06-22 12:47:52.249 I/zygote64( 1664): option[35]=--instruction-set-variant=x86_64
06-22 12:47:52.249 I/zygote64( 1664): option[36]=-Ximage-compiler-option
06-22 12:47:52.249 I/zygote64( 1664): option[37]=--instruction-set-features=default
06-22 12:47:52.249 I/zygote64( 1664): option[38]=-Xcompiler-option
06-22 12:47:52.249 I/zygote64( 1664): option[39]=--instruction-set-features=default
06-22 12:47:52.249 I/zygote64( 1664): option[40]=-Duser.locale=en-US
06-22 12:47:52.249 I/zygote64( 1664): option[41]=--cpu-abilist=x86_64
06-22 12:47:52.249 I/zygote64( 1664): option[42]=-Xcompiler-option
06-22 12:47:52.249 I/zygote64( 1664): option[43]=--generate-mini-debug-info
06-22 12:47:52.249 I/zygote64( 1664): option[44]=-Xcore-platform-api-policy:just-warn
06-22 12:47:52.249 I/zygote64( 1664): option[45]=-Xfingerprint:google/sdk_gphone_x86_64/generic_x86_64:10/QSR1.211112.011/13135432:userdebug/dev-keys
06-22 12:47:52.250 D/gralloc_ranchu( 1697): gralloc_alloc: Creating ashmem region of size 823296
06-22 12:47:52.251 I/mediametrics( 1780): ServiceManager: 0x72133b3d2280
06-22 12:47:52.251 D/MediaAnalyticsService( 1780): MediaAnalyticsService created
06-22 12:47:52.279 V/MediaUtils( 1779): physMem: 2089566208
06-22 12:47:52.279 V/MediaUtils( 1779): requested limit: 417913240
06-22 12:47:52.280 I/libc    ( 1779): malloc_limit: Allocation limit enabled, max size 417913240 bytes
06-22 12:47:52.282 I/netd    ( 1663): Creating child chains: 175.9ms
06-22 12:47:52.282 I/netd    ( 1663): Setting up OEM hooks: 0.1ms
06-22 12:47:52.282 I/netd    ( 1663): Setting up FirewallController hooks: 0.1ms
06-22 12:47:52.286 I/netd    ( 1663): Setting up TetherController hooks: 4.2ms
06-22 12:47:52.287 I/netd    ( 1663): Setting up BandwidthController hooks: 0.6ms
06-22 12:47:52.287 I/netd    ( 1663): Setting up IdletimerController hooks: 0.1ms
06-22 12:47:52.311 I/ServiceManager( 1783): Waiting for service 'package_native' on '/dev/binder'...
06-22 12:47:52.327 I/ServiceManagement( 1782): Registered android.frameworks.stats@1.0::IStats/default (start delay of 333ms)
06-22 12:47:52.327 W/statsd  ( 1782): statscompanion service unavailable!
06-22 12:47:52.327 I/statsd  ( 1782): Statsd starts to listen to socket.
06-22 12:47:52.341 W//system/bin/mediaextractor( 1779): Could not read additional policy file '/vendor/etc/seccomp_policy/mediaextractor.policy'
06-22 12:47:52.342 W//system/bin/mediaextractor( 1779): libminijail[1779]: failed to get path of fd 4: No such file or directory
06-22 12:47:52.342 W//system/bin/mediaextractor( 1779): libminijail[1779]: allowing syscall: socket
06-22 12:47:52.342 W//system/bin/mediaextractor( 1779): libminijail[1779]: allowing syscall: connect
06-22 12:47:52.342 W//system/bin/mediaextractor( 1779): libminijail[1779]: allowing syscall: fcntl
06-22 12:47:52.342 W//system/bin/mediaextractor( 1779): libminijail[1779]: allowing syscall: writev
06-22 12:47:52.343 I/gatekeeperd( 1794): Starting gatekeeperd...
06-22 12:47:52.350 E/hostapd ( 1819): Configuration file: /data/vendor/wifi/hostapd/hostapd.conf
06-22 12:47:52.354 I/hostapd ( 1819): rfkill: Cannot get wiphy information
06-22 12:47:52.376 W//system/bin/mediaextractor( 1779): libminijail[1779]: logging seccomp filter failures
06-22 12:47:52.378 I/hostapd ( 1819): wlan1: interface state UNINITIALIZED->COUNTRY_UPDATE
06-22 12:47:52.410 I/hwservicemanager( 1567): getTransport: Cannot find entry android.hardware.keymaster@4.0::IKeymasterDevice/default in either framework or device manifest.
06-22 12:47:52.414 I/keystore( 1776): found android.hardware.keymaster@3.0::IKeymasterDevice with interface name default and seclevel SOFTWARE
06-22 12:47:52.414 W/keystore( 1776): No secure Keymaster implementation found, but device offers insecure Keymaster HAL. Using as default.
06-22 12:47:52.415 I/ServiceManager( 1783): Waiting for service 'package_native' on '/dev/binder'...
06-22 12:47:52.417 I/ServiceManagement( 1776): Registered android.system.wifi.keystore@1.0::IKeystore/default (start delay of 443ms)
06-22 12:47:52.423 I/mediaserver( 1778): ServiceManager: 0xf1dbc740
06-22 12:47:52.434 I/zygote64( 1664): Core platform API reporting enabled, enforcing=false
06-22 12:47:52.439 D/RenderEngine( 1738): shader cache generated - 48 shaders in 186.695999 ms
06-22 12:47:52.441 I/ServiceManagement( 1738): Registered android.frameworks.displayservice@1.0::IDisplayService/default (start delay of 757ms)
06-22 12:47:52.441 D/SurfaceFlinger( 1738): Setting power mode 2 on display 0
06-22 12:47:52.442 D/SurfaceFlinger( 1738): Finished setting power mode 2 on display 0
06-22 12:47:52.480 I/ServiceManagement( 1786): Registered android.hardware.radio@1.1::IRadio/slot1 (start delay of 466ms)
06-22 12:47:52.481 I/ServiceManagement( 1786): Registered android.hardware.radio.deprecated@1.0::IOemHook/slot1 (start delay of 467ms)
06-22 12:47:52.519 I/ServiceManager( 1783): Waiting for service 'package_native' on '/dev/binder'...
06-22 12:47:52.532 I/media.codec( 1785): mediacodecservice starting
06-22 12:47:52.543 W/media.codec( 1785): Could not read additional policy file '/vendor/etc/seccomp_policy/mediacodec.policy'
06-22 12:47:52.544 W/media.codec( 1785): libminijail[1785]: failed to get path of fd 4: No such file or directory
06-22 12:47:52.544 W/media.codec( 1785): libminijail[1785]: allowing syscall: socketcall
06-22 12:47:52.545 W/media.codec( 1785): libminijail[1785]: allowing syscall: writev
06-22 12:47:52.545 W/media.codec( 1785): libminijail[1785]: allowing syscall: fcntl64
06-22 12:47:52.545 W/media.codec( 1785): libminijail[1785]: allowing syscall: clock_gettime
06-22 12:47:52.545 W/media.codec( 1785): libminijail[1785]: compile_file: <fd>(34): nonexistent syscall 'newfstatat'
06-22 12:47:52.548 D/AndroidRuntime( 1665): >>>>>> START com.android.internal.os.ZygoteInit uid 0 <<<<<<
06-22 12:47:52.548 W/media.codec( 1785): libminijail[1785]: logging seccomp filter failures
06-22 12:47:52.552 D/GoldfishOMXPlugin( 1785): called createOMXPlugin for Goldfish
06-22 12:47:52.553 D/GoldfishOMXPlugin( 1785): useAndroidGoldfishComponentInstance 73 found prop ro.kernel.qemu.hwcodec.vpxdec val 2
06-22 12:47:52.553 D/GoldfishOMXPlugin( 1785): found and use kComponents[i].name OMX.android.goldfish.vp8.decoder
06-22 12:47:52.553 D/GoldfishOMXPlugin( 1785): useAndroidGoldfishComponentInstance 73 found prop ro.kernel.qemu.hwcodec.vpxdec val 2
06-22 12:47:52.553 D/GoldfishOMXPlugin( 1785): found and use kComponents[i].name OMX.android.goldfish.vp9.decoder
06-22 12:47:52.553 D/GoldfishOMXPlugin( 1785): useAndroidGoldfishComponentInstance 73 found prop ro.kernel.qemu.hwcodec.avcdec val 2
06-22 12:47:52.553 D/GoldfishOMXPlugin( 1785): found and use kComponents[i].name OMX.android.goldfish.h264.decoder
06-22 12:47:52.553 D/GoldfishOMXPlugin( 1785): enumerate OMX.android.goldfish.vp8.decoder component
06-22 12:47:52.553 D/GoldfishOMXPlugin( 1785): enumerate OMX.android.goldfish.vp9.decoder component
06-22 12:47:52.553 D/GoldfishOMXPlugin( 1785): enumerate OMX.android.goldfish.h264.decoder component
06-22 12:47:52.555 I/SoftOMXPlugin( 1785): createOMXPlugin
06-22 12:47:52.555 D/MediaCodecsXmlParser( 1785): parsing /vendor/etc/media_codecs.xml...
06-22 12:47:52.555 D/MediaCodecsXmlParser( 1785): parsing /vendor/etc/media_codecs_google_audio.xml...
06-22 12:47:52.555 I/MediaCodecsXmlParser( 1785): limit: max-channel-count = 2
06-22 12:47:52.555 I/MediaCodecsXmlParser( 1785): limit: sample-rate-ranges = 8000,11025,12000,16000,22050,24000,32000,44100,48000
06-22 12:47:52.555 I/MediaCodecsXmlParser( 1785): limit: bitrate-range = 8000-320000
06-22 12:47:52.555 I/MediaCodecsXmlParser( 1785): limit: max-channel-count = 1
06-22 12:47:52.555 I/MediaCodecsXmlParser( 1785): limit: sample-rate-ranges = 8000
06-22 12:47:52.555 I/MediaCodecsXmlParser( 1785): limit: bitrate-range = 4750-12200
06-22 12:47:52.555 I/MediaCodecsXmlParser( 1785): limit: max-channel-count = 1
06-22 12:47:52.555 I/MediaCodecsXmlParser( 1785): limit: sample-rate-ranges = 16000
06-22 12:47:52.555 I/MediaCodecsXmlParser( 1785): limit: bitrate-range = 6600-23850
06-22 12:47:52.555 I/MediaCodecsXmlParser( 1785): limit: max-channel-count = 8
06-22 12:47:52.555 I/MediaCodecsXmlParser( 1785): limit: sample-rate-ranges = 7350,8000,11025,12000,16000,22050,24000,32000,44100,48000
06-22 12:47:52.555 I/MediaCodecsXmlParser( 1785): limit: bitrate-range = 8000-960000
06-22 12:47:52.555 I/MediaCodecsXmlParser( 1785): limit: max-channel-count = 1
06-22 12:47:52.555 I/MediaCodecsXmlParser( 1785): limit: sample-rate-ranges = 8000-48000
06-22 12:47:52.556 I/MediaCodecsXmlParser( 1785): limit: bitrate-range = 64000
06-22 12:47:52.556 I/MediaCodecsXmlParser( 1785): limit: max-channel-count = 1
06-22 12:47:52.556 I/MediaCodecsXmlParser( 1785): limit: sample-rate-ranges = 8000-48000
06-22 12:47:52.556 I/MediaCodecsXmlParser( 1785): limit: bitrate-range = 64000
06-22 12:47:52.556 I/MediaCodecsXmlParser( 1785): limit: max-channel-count = 8
06-22 12:47:52.556 I/MediaCodecsXmlParser( 1785): limit: sample-rate-ranges = 8000-96000
06-22 12:47:52.556 I/MediaCodecsXmlParser( 1785): limit: bitrate-range = 32000-500000
06-22 12:47:52.556 I/MediaCodecsXmlParser( 1785): limit: max-channel-count = 8
06-22 12:47:52.556 I/MediaCodecsXmlParser( 1785): limit: sample-rate-ranges = 48000
06-22 12:47:52.556 I/MediaCodecsXmlParser( 1785): limit: bitrate-range = 6000-510000
06-22 12:47:52.556 I/MediaCodecsXmlParser( 1785): limit: max-channel-count = 8
06-22 12:47:52.556 I/MediaCodecsXmlParser( 1785): limit: sample-rate-ranges = 8000-192000
06-22 12:47:52.556 I/MediaCodecsXmlParser( 1785): limit: bitrate-range = 1-10000000
06-22 12:47:52.556 I/MediaCodecsXmlParser( 1785): limit: max-channel-count = 8
06-22 12:47:52.556 I/MediaCodecsXmlParser( 1785): limit: sample-rate-ranges = 1-655350
06-22 12:47:52.556 I/MediaCodecsXmlParser( 1785): limit: bitrate-range = 1-21000000
06-22 12:47:52.556 I/MediaCodecsXmlParser( 1785): limit: max-channel-count = 6
06-22 12:47:52.556 I/MediaCodecsXmlParser( 1785): limit: sample-rate-ranges = 8000,11025,12000,16000,22050,24000,32000,44100,48000
06-22 12:47:52.556 I/MediaCodecsXmlParser( 1785): limit: bitrate-range = 8000-960000
06-22 12:47:52.556 I/MediaCodecsXmlParser( 1785): limit: max-channel-count = 1
06-22 12:47:52.556 I/MediaCodecsXmlParser( 1785): limit: sample-rate-ranges = 8000
06-22 12:47:52.556 I/MediaCodecsXmlParser( 1785): limit: bitrate-range = 4750-12200
06-22 12:47:52.556 I/MediaCodecsXmlParser( 1785): limit: feature-bitrate-modes = CBR
06-22 12:47:52.556 I/MediaCodecsXmlParser( 1785): limit: max-channel-count = 1
06-22 12:47:52.556 I/MediaCodecsXmlParser( 1785): limit: sample-rate-ranges = 16000
06-22 12:47:52.556 I/MediaCodecsXmlParser( 1785): limit: bitrate-range = 6600-23850
06-22 12:47:52.556 I/MediaCodecsXmlParser( 1785): limit: feature-bitrate-modes = CBR
06-22 12:47:52.556 I/MediaCodecsXmlParser( 1785): limit: max-channel-count = 2
06-22 12:47:52.556 I/MediaCodecsXmlParser( 1785): limit: sample-rate-ranges = 1-655350
06-22 12:47:52.556 I/MediaCodecsXmlParser( 1785): limit: bitrate-range = 1-21000000
06-22 12:47:52.556 I/MediaCodecsXmlParser( 1785): limit: complexity-default = 5
06-22 12:47:52.556 I/MediaCodecsXmlParser( 1785): limit: complexity-range = 0-8
06-22 12:47:52.556 I/MediaCodecsXmlParser( 1785): limit: feature-bitrate-modes = CQ
06-22 12:47:52.556 D/MediaCodecsXmlParser( 1785): parsing /vendor/etc/media_codecs_google_telephony.xml...
06-22 12:47:52.557 I/MediaCodecsXmlParser( 1785): limit: max-channel-count = 1
06-22 12:47:52.557 I/MediaCodecsXmlParser( 1785): limit: sample-rate-ranges = 8000
06-22 12:47:52.557 I/MediaCodecsXmlParser( 1785): limit: bitrate-range = 13000
06-22 12:47:52.557 D/MediaCodecsXmlParser( 1785): parsing /vendor/etc/media_codecs_google_video.xml...
06-22 12:47:52.558 I/MediaCodecsXmlParser( 1785): limit: size-range = 2x2-352x288
06-22 12:47:52.558 I/MediaCodecsXmlParser( 1785): limit: alignment = 2x2
06-22 12:47:52.558 I/MediaCodecsXmlParser( 1785): limit: block-size = 16x16
06-22 12:47:52.558 I/MediaCodecsXmlParser( 1785): limit: blocks-per-second-range = 12-11880
06-22 12:47:52.558 I/MediaCodecsXmlParser( 1785): limit: bitrate-range = 1-384000
06-22 12:47:52.558 I/MediaCodecsXmlParser( 1785): limit: performance-point-1920x1080-range = 30-30
06-22 12:47:52.558 I/MediaCodecsXmlParser( 1785): limit: feature-adaptive-playback = 0
06-22 12:47:52.558 I/MediaCodecsXmlParser( 1785): limit: size-range = 2x2-352x288
06-22 12:47:52.558 I/MediaCodecsXmlParser( 1785): limit: alignment = 2x2
06-22 12:47:52.558 I/MediaCodecsXmlParser( 1785): limit: bitrate-range = 1-384000
06-22 12:47:52.558 I/MediaCodecsXmlParser( 1785): limit: performance-point-1920x1080-range = 30-30
06-22 12:47:52.558 I/MediaCodecsXmlParser( 1785): limit: feature-adaptive-playback = 0
06-22 12:47:52.558 I/MediaCodecsXmlParser( 1785): limit: size-range = 96x96-3840x2160
06-22 12:47:52.558 I/MediaCodecsXmlParser( 1785): limit: alignment = 2x2
06-22 12:47:52.558 I/MediaCodecsXmlParser( 1785): limit: block-size = 16x16
06-22 12:47:52.558 I/MediaCodecsXmlParser( 1785): limit: blocks-per-second-range = 24-2073600
06-22 12:47:52.558 I/MediaCodecsXmlParser( 1785): limit: bitrate-range = 1-120000000
06-22 12:47:52.558 I/MediaCodecsXmlParser( 1785): limit: frame-rate-range = 1-480
06-22 12:47:52.558 I/MediaCodecsXmlParser( 1785): limit: performance-point-3840x2160-range = 60-60
06-22 12:47:52.558 I/MediaCodecsXmlParser( 1785): limit: measured-frame-rate-320x240-range = 257-266
06-22 12:47:52.558 I/MediaCodecsXmlParser( 1785): limit: measured-frame-rate-720x480-range = 262-264
06-22 12:47:52.558 I/MediaCodecsXmlParser( 1785): limit: measured-frame-rate-1280x720-range = 227-251
06-22 12:47:52.558 I/MediaCodecsXmlParser( 1785): limit: measured-frame-rate-1920x1080-range = 235-247
06-22 12:47:52.558 I/MediaCodecsXmlParser( 1785): limit: measured-frame-rate-3840x2160-range = 235-247
06-22 12:47:52.558 I/MediaCodecsXmlParser( 1785): limit: feature-adaptive-playback = 0
06-22 12:47:52.558 I/MediaCodecsXmlParser( 1785): limit: size-range = 2x2-2560x2560
06-22 12:47:52.558 I/MediaCodecsXmlParser( 1785): limit: alignment = 2x2
06-22 12:47:52.558 I/MediaCodecsXmlParser( 1785): limit: block-size = 16x16
06-22 12:47:52.558 I/MediaCodecsXmlParser( 1785): limit: blocks-per-second-range = 24-2073600
06-22 12:47:52.558 I/MediaCodecsXmlParser( 1785): limit: bitrate-range = 1-120000000
06-22 12:47:52.558 I/MediaCodecsXmlParser( 1785): limit: frame-rate-range = 1-480
06-22 12:47:52.558 I/MediaCodecsXmlParser( 1785): limit: performance-point-1920x1088-range = 30-30
06-22 12:47:52.558 I/MediaCodecsXmlParser( 1785): limit: measured-frame-rate-320x240-range = 183-183
06-22 12:47:52.558 I/MediaCodecsXmlParser( 1785): limit: measured-frame-rate-720x480-range = 181-181
06-22 12:47:52.558 I/MediaCodecsXmlParser( 1785): limit: measured-frame-rate-1280x720-range = 182-184
06-22 12:47:52.558 I/MediaCodecsXmlParser( 1785): limit: measured-frame-rate-1920x1080-range = 30-40
06-22 12:47:52.558 I/MediaCodecsXmlParser( 1785): limit: feature-adaptive-playback = 0
06-22 12:47:52.558 I/MediaCodecsXmlParser( 1785): limit: size-range = 2x2-2048x2048
06-22 12:47:52.558 I/MediaCodecsXmlParser( 1785): limit: alignment = 2x2
06-22 12:47:52.558 I/MediaCodecsXmlParser( 1785): limit: block-size = 8x8
06-22 12:47:52.558 I/MediaCodecsXmlParser( 1785): limit: block-count-range = 1-139264
06-22 12:47:52.559 I/MediaCodecsXmlParser( 1785): limit: blocks-per-second-range = 1-2000000
06-22 12:47:52.559 I/MediaCodecsXmlParser( 1785): limit: bitrate-range = 1-10000000
06-22 12:47:52.559 I/MediaCodecsXmlParser( 1785): limit: performance-point-1920x1080-range = 30-30
06-22 12:47:52.559 I/MediaCodecsXmlParser( 1785): limit: feature-adaptive-playback = 0
06-22 12:47:52.559 I/MediaCodecsXmlParser( 1785): limit: size-range = 144x144-3840x2160
06-22 12:47:52.559 I/MediaCodecsXmlParser( 1785): limit: alignment = 2x2
06-22 12:47:52.559 I/MediaCodecsXmlParser( 1785): limit: block-size = 16x16
06-22 12:47:52.559 I/MediaCodecsXmlParser( 1785): limit: blocks-per-second-range = 24-2073600
06-22 12:47:52.559 I/MediaCodecsXmlParser( 1785): limit: bitrate-range = 1-120000000
06-22 12:47:52.559 I/MediaCodecsXmlParser( 1785): limit: frame-rate-range = 1-480
06-22 12:47:52.559 I/MediaCodecsXmlParser( 1785): limit: performance-point-3840x2160-range = 60-60
06-22 12:47:52.559 I/MediaCodecsXmlParser( 1785): limit: measured-frame-rate-320x180-range = 743-817
06-22 12:47:52.559 I/MediaCodecsXmlParser( 1785): limit: measured-frame-rate-640x360-range = 582-602
06-22 12:47:52.559 I/MediaCodecsXmlParser( 1785): limit: measured-frame-rate-1280x720-range = 237-258
06-22 12:47:52.559 I/MediaCodecsXmlParser( 1785): limit: measured-frame-rate-1920x1080-range = 148-151
06-22 12:47:52.559 I/MediaCodecsXmlParser( 1785): limit: measured-frame-rate-3840x2160-range = 30-90
06-22 12:47:52.559 I/MediaCodecsXmlParser( 1785): limit: feature-adaptive-playback = 0
06-22 12:47:52.559 I/MediaCodecsXmlParser( 1785): limit: size-range = 144x144-3840x2160
06-22 12:47:52.559 I/MediaCodecsXmlParser( 1785): limit: alignment = 2x2
06-22 12:47:52.559 I/MediaCodecsXmlParser( 1785): limit: block-size = 16x16
06-22 12:47:52.559 I/MediaCodecsXmlParser( 1785): limit: blocks-per-second-range = 24-2073600
06-22 12:47:52.559 I/MediaCodecsXmlParser( 1785): limit: bitrate-range = 1-120000000
06-22 12:47:52.559 I/MediaCodecsXmlParser( 1785): limit: frame-rate-range = 1-480
06-22 12:47:52.559 I/MediaCodecsXmlParser( 1785): limit: performance-point-3840x2160-range = 60-60
06-22 12:47:52.559 I/MediaCodecsXmlParser( 1785): limit: measured-frame-rate-320x180-range = 743-817
06-22 12:47:52.559 I/MediaCodecsXmlParser( 1785): limit: measured-frame-rate-640x360-range = 582-602
06-22 12:47:52.559 I/MediaCodecsXmlParser( 1785): limit: measured-frame-rate-1280x720-range = 237-258
06-22 12:47:52.564 I/MediaCodecsXmlParser( 1785): limit: measured-frame-rate-1920x1080-range = 50-60
06-22 12:47:52.564 I/MediaCodecsXmlParser( 1785): limit: measured-frame-rate-3840x2160-range = 30-90
06-22 12:47:52.564 I/MediaCodecsXmlParser( 1785): limit: feature-adaptive-playback = 0
06-22 12:47:52.564 I/MediaCodecsXmlParser( 1785): limit: size-range = 2x2-2560x2560
06-22 12:47:52.564 I/MediaCodecsXmlParser( 1785): limit: alignment = 2x2
06-22 12:47:52.564 I/MediaCodecsXmlParser( 1785): limit: block-size = 16x16
06-22 12:47:52.564 I/MediaCodecsXmlParser( 1785): limit: blocks-per-second-range = 24-2073600
06-22 12:47:52.564 I/MediaCodecsXmlParser( 1785): limit: bitrate-range = 1-120000000
06-22 12:47:52.564 I/MediaCodecsXmlParser( 1785): limit: frame-rate-range = 1-480
06-22 12:47:52.564 I/MediaCodecsXmlParser( 1785): limit: performance-point-1920x1088-range = 60-60
06-22 12:47:52.564 I/MediaCodecsXmlParser( 1785): limit: measured-frame-rate-320x240-range = 183-183
06-22 12:47:52.564 I/MediaCodecsXmlParser( 1785): limit: measured-frame-rate-720x480-range = 181-181
06-22 12:47:52.564 I/MediaCodecsXmlParser( 1785): limit: measured-frame-rate-1280x720-range = 182-184
06-22 12:47:52.564 I/MediaCodecsXmlParser( 1785): limit: measured-frame-rate-1920x1088-range = 50-60
06-22 12:47:52.564 I/MediaCodecsXmlParser( 1785): limit: measured-frame-rate-2560x1440-range = 30-40
06-22 12:47:52.564 I/MediaCodecsXmlParser( 1785): limit: feature-adaptive-playback = 0
06-22 12:47:52.564 I/MediaCodecsXmlParser( 1785): limit: size-range = 2x2-2560x2560
06-22 12:47:52.564 I/MediaCodecsXmlParser( 1785): limit: alignment = 2x2
06-22 12:47:52.564 I/MediaCodecsXmlParser( 1785): limit: block-size = 16x16
06-22 12:47:52.564 I/MediaCodecsXmlParser( 1785): limit: blocks-per-second-range = 24-2073600
06-22 12:47:52.564 I/MediaCodecsXmlParser( 1785): limit: bitrate-range = 1-120000000
06-22 12:47:52.564 I/MediaCodecsXmlParser( 1785): limit: frame-rate-range = 1-480
06-22 12:47:52.564 I/MediaCodecsXmlParser( 1785): limit: performance-point-1920x1088-range = 60-60
06-22 12:47:52.564 I/MediaCodecsXmlParser( 1785): limit: measured-frame-rate-320x240-range = 183-183
06-22 12:47:52.564 I/MediaCodecsXmlParser( 1785): limit: measured-frame-rate-720x480-range = 181-181
06-22 12:47:52.564 I/MediaCodecsXmlParser( 1785): limit: measured-frame-rate-1280x720-range = 121-125
06-22 12:47:52.564 I/MediaCodecsXmlParser( 1785): limit: measured-frame-rate-1920x1088-range = 148-151
06-22 12:47:52.564 I/MediaCodecsXmlParser( 1785): limit: measured-frame-rate-2560x1440-range = 30-40
06-22 12:47:52.564 I/MediaCodecsXmlParser( 1785): limit: feature-adaptive-playback = 0
06-22 12:47:52.564 I/MediaCodecsXmlParser( 1785): limit: size-range = 176x144-176x144
06-22 12:47:52.564 I/MediaCodecsXmlParser( 1785): limit: alignment = 16x16
06-22 12:47:52.564 I/MediaCodecsXmlParser( 1785): limit: bitrate-range = 1-128000
06-22 12:47:52.564 I/MediaCodecsXmlParser( 1785): limit: size-range = 16x16-1920x1088
06-22 12:47:52.564 I/MediaCodecsXmlParser( 1785): limit: alignment = 2x2
06-22 12:47:52.564 I/MediaCodecsXmlParser( 1785): limit: block-size = 16x16
06-22 12:47:52.564 I/MediaCodecsXmlParser( 1785): limit: blocks-per-second-range = 1-244800
06-22 12:47:52.564 I/MediaCodecsXmlParser( 1785): limit: bitrate-range = 1-20000000
06-22 12:47:52.564 I/MediaCodecsXmlParser( 1785): limit: feature-intra-refresh = 0
06-22 12:47:52.564 I/MediaCodecsXmlParser( 1785): limit: size-range = 16x16-176x144
06-22 12:47:52.564 I/MediaCodecsXmlParser( 1785): limit: alignment = 16x16
06-22 12:47:52.564 I/MediaCodecsXmlParser( 1785): limit: block-size = 16x16
06-22 12:47:52.564 I/MediaCodecsXmlParser( 1785): limit: blocks-per-second-range = 12-1485
06-22 12:47:52.564 I/MediaCodecsXmlParser( 1785): limit: bitrate-range = 1-64000
06-22 12:47:52.564 I/MediaCodecsXmlParser( 1785): limit: size-range = 2x2-2048x2048
06-22 12:47:52.564 I/MediaCodecsXmlParser( 1785): limit: alignment = 2x2
06-22 12:47:52.564 I/MediaCodecsXmlParser( 1785): limit: bitrate-range = 1-40000000
06-22 12:47:52.564 I/MediaCodecsXmlParser( 1785): limit: feature-bitrate-modes = VBR,CBR
06-22 12:47:52.565 D/MediaCodecsXmlParser( 1785): parsing /vendor/etc/media_codecs_performance.xml...
06-22 12:47:52.567 I/MediaCodecsXmlParser( 1785): limit: measured-frame-rate-176x144-range = 849-1008
06-22 12:47:52.567 I/MediaCodecsXmlParser( 1785): limit: measured-frame-rate-320x240-range = 496-629
06-22 12:47:52.567 I/MediaCodecsXmlParser( 1785): limit: measured-frame-rate-720x480-range = 197-203
06-22 12:47:52.567 I/MediaCodecsXmlParser( 1785): limit: measured-frame-rate-1280x720-range = 93-97
06-22 12:47:52.567 I/MediaCodecsXmlParser( 1785): limit: measured-frame-rate-1920x1080-range = 45-47
06-22 12:47:52.567 I/MediaCodecsXmlParser( 1785): limit: measured-frame-rate-176x144-range = 881-1142
06-22 12:47:52.567 I/MediaCodecsXmlParser( 1785): limit: measured-frame-rate-320x180-range = 249-285
06-22 12:47:52.567 I/MediaCodecsXmlParser( 1785): limit: measured-frame-rate-640x360-range = 104-115
06-22 12:47:52.567 I/MediaCodecsXmlParser( 1785): limit: measured-frame-rate-1280x720-range = 34-35
06-22 12:47:52.567 I/MediaCodecsXmlParser( 1785): limit: measured-frame-rate-1920x1080-range = 26-29
06-22 12:47:52.567 I/MediaCodecsXmlParser( 1785): limit: measured-frame-rate-176x144-range = 1246-1390
06-22 12:47:52.567 I/MediaCodecsXmlParser( 1785): limit: measured-frame-rate-352x288-range = 1121-1128
06-22 12:47:52.567 I/MediaCodecsXmlParser( 1785): limit: measured-frame-rate-320x240-range = 299-629
06-22 12:47:52.567 I/MediaCodecsXmlParser( 1785): limit: measured-frame-rate-720x480-range = 215-250
06-22 12:47:52.567 I/MediaCodecsXmlParser( 1785): limit: measured-frame-rate-1280x720-range = 75-85
06-22 12:47:52.567 I/MediaCodecsXmlParser( 1785): limit: measured-frame-rate-1920x1080-range = 31-34
06-22 12:47:52.567 I/MediaCodecsXmlParser( 1785): limit: measured-frame-rate-352x288-range = 754-817
06-22 12:47:52.567 I/MediaCodecsXmlParser( 1785): limit: measured-frame-rate-640x360-range = 323-394
06-22 12:47:52.568 I/MediaCodecsXmlParser( 1785): limit: measured-frame-rate-720x480-range = 349-372
06-22 12:47:52.568 I/MediaCodecsXmlParser( 1785): limit: measured-frame-rate-1280x720-range = 144-157
06-22 12:47:52.568 I/MediaCodecsXmlParser( 1785): limit: measured-frame-rate-1920x1080-range = 74-85
06-22 12:47:52.568 I/MediaCodecsXmlParser( 1785): limit: measured-frame-rate-176x144-range = 1439-1625
06-22 12:47:52.568 I/MediaCodecsXmlParser( 1785): limit: measured-frame-rate-320x180-range = 1129-1261
06-22 12:47:52.568 I/MediaCodecsXmlParser( 1785): limit: measured-frame-rate-640x360-range = 471-525
06-22 12:47:52.568 I/MediaCodecsXmlParser( 1785): limit: measured-frame-rate-1280x720-range = 126-145
06-22 12:47:52.569 I/MediaCodecsXmlParser( 1785): limit: measured-frame-rate-1920x1080-range = 48-51
06-22 12:47:52.569 I/MediaCodecsXmlParser( 1785): limit: measured-frame-rate-2160x2160-range = 31-34
06-22 12:47:52.569 I/MediaCodecsXmlParser( 1785): limit: measured-frame-rate-320x180-range = 968-1101
06-22 12:47:52.569 I/MediaCodecsXmlParser( 1785): limit: measured-frame-rate-640x360-range = 291-338
06-22 12:47:52.569 I/MediaCodecsXmlParser( 1785): limit: measured-frame-rate-1280x720-range = 280-400
06-22 12:47:52.569 I/MediaCodecsXmlParser( 1785): limit: measured-frame-rate-1920x1080-range = 178-240
06-22 12:47:52.569 I/MediaCodecsXmlParser( 1785): limit: measured-frame-rate-2560x1440-range = 31-34
06-22 12:47:52.569 D/MediaCodecsXmlParser( 1785): Cannot find /data/misc/media/media_codecs_profiling_results.xml
06-22 12:47:52.572 I/ServiceManagement( 1785): Registered android.hardware.media.omx@1.0::IOmx/default (start delay of 568ms)
06-22 12:47:52.572 I/ServiceManagement( 1785): Removing namespace from process name android.hardware.media.omx@1.0-service to omx@1.0-service.
06-22 12:47:52.572 I/media.codec( 1785): IOmx HAL service created.
06-22 12:47:52.572 D/MediaCodecsXmlParser( 1785): parsing /vendor/etc/media_codecs.xml...
06-22 12:47:52.572 D/MediaCodecsXmlParser( 1785): parsing /vendor/etc/media_codecs_google_audio.xml...
06-22 12:47:52.572 I/MediaCodecsXmlParser( 1785): limit: max-channel-count = 2
06-22 12:47:52.572 I/MediaCodecsXmlParser( 1785): limit: sample-rate-ranges = 8000,11025,12000,16000,22050,24000,32000,44100,48000
06-22 12:47:52.572 I/MediaCodecsXmlParser( 1785): limit: bitrate-range = 8000-320000
06-22 12:47:52.572 I/MediaCodecsXmlParser( 1785): limit: max-channel-count = 1
06-22 12:47:52.572 I/MediaCodecsXmlParser( 1785): limit: sample-rate-ranges = 8000
06-22 12:47:52.572 I/MediaCodecsXmlParser( 1785): limit: bitrate-range = 4750-12200
06-22 12:47:52.572 I/MediaCodecsXmlParser( 1785): limit: max-channel-count = 1
06-22 12:47:52.572 I/MediaCodecsXmlParser( 1785): limit: sample-rate-ranges = 16000
06-22 12:47:52.572 I/MediaCodecsXmlParser( 1785): limit: bitrate-range = 6600-23850
06-22 12:47:52.572 I/MediaCodecsXmlParser( 1785): limit: max-channel-count = 8
06-22 12:47:52.572 I/MediaCodecsXmlParser( 1785): limit: sample-rate-ranges = 7350,8000,11025,12000,16000,22050,24000,32000,44100,48000
06-22 12:47:52.572 I/MediaCodecsXmlParser( 1785): limit: bitrate-range = 8000-960000
06-22 12:47:52.572 I/MediaCodecsXmlParser( 1785): limit: max-channel-count = 1
06-22 12:47:52.572 I/MediaCodecsXmlParser( 1785): limit: sample-rate-ranges = 8000-48000
06-22 12:47:52.572 I/MediaCodecsXmlParser( 1785): limit: bitrate-range = 64000
06-22 12:47:52.572 I/MediaCodecsXmlParser( 1785): limit: max-channel-count = 1
06-22 12:47:52.572 I/MediaCodecsXmlParser( 1785): limit: sample-rate-ranges = 8000-48000
06-22 12:47:52.572 I/MediaCodecsXmlParser( 1785): limit: bitrate-range = 64000
06-22 12:47:52.572 I/MediaCodecsXmlParser( 1785): limit: max-channel-count = 8
06-22 12:47:52.572 I/MediaCodecsXmlParser( 1785): limit: sample-rate-ranges = 8000-96000
06-22 12:47:52.573 I/MediaCodecsXmlParser( 1785): limit: bitrate-range = 32000-500000
06-22 12:47:52.573 I/MediaCodecsXmlParser( 1785): limit: max-channel-count = 8
06-22 12:47:52.573 I/MediaCodecsXmlParser( 1785): limit: sample-rate-ranges = 48000
06-22 12:47:52.573 I/MediaCodecsXmlParser( 1785): limit: bitrate-range = 6000-510000
06-22 12:47:52.573 I/MediaCodecsXmlParser( 1785): limit: max-channel-count = 8
06-22 12:47:52.573 I/MediaCodecsXmlParser( 1785): limit: sample-rate-ranges = 8000-192000
06-22 12:47:52.573 I/MediaCodecsXmlParser( 1785): limit: bitrate-range = 1-10000000
06-22 12:47:52.573 I/MediaCodecsXmlParser( 1785): limit: max-channel-count = 8
06-22 12:47:52.573 I/MediaCodecsXmlParser( 1785): limit: sample-rate-ranges = 1-655350
06-22 12:47:52.573 I/MediaCodecsXmlParser( 1785): limit: bitrate-range = 1-21000000
06-22 12:47:52.573 I/MediaCodecsXmlParser( 1785): limit: max-channel-count = 6
06-22 12:47:52.573 I/MediaCodecsXmlParser( 1785): limit: sample-rate-ranges = 8000,11025,12000,16000,22050,24000,32000,44100,48000
06-22 12:47:52.573 I/MediaCodecsXmlParser( 1785): limit: bitrate-range = 8000-960000
06-22 12:47:52.573 I/MediaCodecsXmlParser( 1785): limit: max-channel-count = 1
06-22 12:47:52.573 I/MediaCodecsXmlParser( 1785): limit: sample-rate-ranges = 8000
06-22 12:47:52.573 I/MediaCodecsXmlParser( 1785): limit: bitrate-range = 4750-12200
06-22 12:47:52.573 I/MediaCodecsXmlParser( 1785): limit: feature-bitrate-modes = CBR
06-22 12:47:52.573 I/MediaCodecsXmlParser( 1785): limit: max-channel-count = 1
06-22 12:47:52.573 I/MediaCodecsXmlParser( 1785): limit: sample-rate-ranges = 16000
06-22 12:47:52.573 I/MediaCodecsXmlParser( 1785): limit: bitrate-range = 6600-23850
06-22 12:47:52.573 I/MediaCodecsXmlParser( 1785): limit: feature-bitrate-modes = CBR
06-22 12:47:52.573 I/MediaCodecsXmlParser( 1785): limit: max-channel-count = 2
06-22 12:47:52.573 I/MediaCodecsXmlParser( 1785): limit: sample-rate-ranges = 1-655350
06-22 12:47:52.573 I/MediaCodecsXmlParser( 1785): limit: bitrate-range = 1-21000000
06-22 12:47:52.573 I/MediaCodecsXmlParser( 1785): limit: complexity-default = 5
06-22 12:47:52.573 I/MediaCodecsXmlParser( 1785): limit: complexity-range = 0-8
06-22 12:47:52.573 I/MediaCodecsXmlParser( 1785): limit: feature-bitrate-modes = CQ
06-22 12:47:52.573 D/MediaCodecsXmlParser( 1785): parsing /vendor/etc/media_codecs_google_telephony.xml...
06-22 12:47:52.573 I/MediaCodecsXmlParser( 1785): limit: max-channel-count = 1
06-22 12:47:52.573 I/MediaCodecsXmlParser( 1785): limit: sample-rate-ranges = 8000
06-22 12:47:52.573 I/MediaCodecsXmlParser( 1785): limit: bitrate-range = 13000
06-22 12:47:52.573 D/MediaCodecsXmlParser( 1785): parsing /vendor/etc/media_codecs_google_video.xml...
06-22 12:47:52.573 I/MediaCodecsXmlParser( 1785): limit: size-range = 2x2-352x288
06-22 12:47:52.573 I/MediaCodecsXmlParser( 1785): limit: alignment = 2x2
06-22 12:47:52.573 I/MediaCodecsXmlParser( 1785): limit: block-size = 16x16
06-22 12:47:52.573 I/MediaCodecsXmlParser( 1785): limit: blocks-per-second-range = 12-11880
06-22 12:47:52.573 I/MediaCodecsXmlParser( 1785): limit: bitrate-range = 1-384000
06-22 12:47:52.573 I/MediaCodecsXmlParser( 1785): limit: performance-point-1920x1080-range = 30-30
06-22 12:47:52.573 I/MediaCodecsXmlParser( 1785): limit: feature-adaptive-playback = 0
06-22 12:47:52.573 I/MediaCodecsXmlParser( 1785): limit: size-range = 2x2-352x288
06-22 12:47:52.573 I/MediaCodecsXmlParser( 1785): limit: alignment = 2x2
06-22 12:47:52.573 I/MediaCodecsXmlParser( 1785): limit: bitrate-range = 1-384000
06-22 12:47:52.573 I/MediaCodecsXmlParser( 1785): limit: performance-point-1920x1080-range = 30-30
06-22 12:47:52.573 I/MediaCodecsXmlParser( 1785): limit: feature-adaptive-playback = 0
06-22 12:47:52.573 I/MediaCodecsXmlParser( 1785): limit: size-range = 96x96-3840x2160
06-22 12:47:52.573 I/MediaCodecsXmlParser( 1785): limit: alignment = 2x2
06-22 12:47:52.573 I/MediaCodecsXmlParser( 1785): limit: block-size = 16x16
06-22 12:47:52.573 I/MediaCodecsXmlParser( 1785): limit: blocks-per-second-range = 24-2073600
06-22 12:47:52.573 I/MediaCodecsXmlParser( 1785): limit: bitrate-range = 1-120000000
06-22 12:47:52.573 I/MediaCodecsXmlParser( 1785): limit: frame-rate-range = 1-480
06-22 12:47:52.573 I/MediaCodecsXmlParser( 1785): limit: performance-point-3840x2160-range = 60-60
06-22 12:47:52.573 I/MediaCodecsXmlParser( 1785): limit: measured-frame-rate-320x240-range = 257-266
06-22 12:47:52.573 I/MediaCodecsXmlParser( 1785): limit: measured-frame-rate-720x480-range = 262-264
06-22 12:47:52.573 I/MediaCodecsXmlParser( 1785): limit: measured-frame-rate-1280x720-range = 227-251
06-22 12:47:52.573 I/MediaCodecsXmlParser( 1785): limit: measured-frame-rate-1920x1080-range = 235-247
06-22 12:47:52.573 I/MediaCodecsXmlParser( 1785): limit: measured-frame-rate-3840x2160-range = 235-247
06-22 12:47:52.573 I/MediaCodecsXmlParser( 1785): limit: feature-adaptive-playback = 0
06-22 12:47:52.573 I/MediaCodecsXmlParser( 1785): limit: size-range = 2x2-2560x2560
06-22 12:47:52.574 I/MediaCodecsXmlParser( 1785): limit: alignment = 2x2
06-22 12:47:52.574 I/MediaCodecsXmlParser( 1785): limit: block-size = 16x16
06-22 12:47:52.574 I/MediaCodecsXmlParser( 1785): limit: blocks-per-second-range = 24-2073600
06-22 12:47:52.574 I/MediaCodecsXmlParser( 1785): limit: bitrate-range = 1-120000000
06-22 12:47:52.574 I/MediaCodecsXmlParser( 1785): limit: frame-rate-range = 1-480
06-22 12:47:52.574 I/MediaCodecsXmlParser( 1785): limit: performance-point-1920x1088-range = 30-30
06-22 12:47:52.574 I/MediaCodecsXmlParser( 1785): limit: measured-frame-rate-320x240-range = 183-183
06-22 12:47:52.574 I/MediaCodecsXmlParser( 1785): limit: measured-frame-rate-720x480-range = 181-181
06-22 12:47:52.574 I/MediaCodecsXmlParser( 1785): limit: measured-frame-rate-1280x720-range = 182-184
06-22 12:47:52.574 I/MediaCodecsXmlParser( 1785): limit: measured-frame-rate-1920x1080-range = 30-40
06-22 12:47:52.574 I/MediaCodecsXmlParser( 1785): limit: feature-adaptive-playback = 0
06-22 12:47:52.574 I/MediaCodecsXmlParser( 1785): limit: size-range = 2x2-2048x2048
06-22 12:47:52.574 I/MediaCodecsXmlParser( 1785): limit: alignment = 2x2
06-22 12:47:52.574 I/MediaCodecsXmlParser( 1785): limit: block-size = 8x8
06-22 12:47:52.574 I/MediaCodecsXmlParser( 1785): limit: block-count-range = 1-139264
06-22 12:47:52.574 I/MediaCodecsXmlParser( 1785): limit: blocks-per-second-range = 1-2000000
06-22 12:47:52.574 I/MediaCodecsXmlParser( 1785): limit: bitrate-range = 1-10000000
06-22 12:47:52.574 I/MediaCodecsXmlParser( 1785): limit: performance-point-1920x1080-range = 30-30
06-22 12:47:52.574 I/MediaCodecsXmlParser( 1785): limit: feature-adaptive-playback = 0
06-22 12:47:52.574 I/MediaCodecsXmlParser( 1785): limit: size-range = 144x144-3840x2160
06-22 12:47:52.574 I/MediaCodecsXmlParser( 1785): limit: alignment = 2x2
06-22 12:47:52.574 I/MediaCodecsXmlParser( 1785): limit: block-size = 16x16
06-22 12:47:52.574 I/MediaCodecsXmlParser( 1785): limit: blocks-per-second-range = 24-2073600
06-22 12:47:52.574 I/MediaCodecsXmlParser( 1785): limit: bitrate-range = 1-120000000
06-22 12:47:52.574 I/MediaCodecsXmlParser( 1785): limit: frame-rate-range = 1-480
06-22 12:47:52.574 I/MediaCodecsXmlParser( 1785): limit: performance-point-3840x2160-range = 60-60
06-22 12:47:52.574 I/MediaCodecsXmlParser( 1785): limit: measured-frame-rate-320x180-range = 743-817
06-22 12:47:52.574 I/MediaCodecsXmlParser( 1785): limit: measured-frame-rate-640x360-range = 582-602
06-22 12:47:52.574 I/MediaCodecsXmlParser( 1785): limit: measured-frame-rate-1280x720-range = 237-258
06-22 12:47:52.574 I/MediaCodecsXmlParser( 1785): limit: measured-frame-rate-1920x1080-range = 148-151
06-22 12:47:52.574 I/MediaCodecsXmlParser( 1785): limit: measured-frame-rate-3840x2160-range = 30-90
06-22 12:47:52.574 I/MediaCodecsXmlParser( 1785): limit: feature-adaptive-playback = 0
06-22 12:47:52.574 I/MediaCodecsXmlParser( 1785): limit: size-range = 144x144-3840x2160
06-22 12:47:52.574 I/MediaCodecsXmlParser( 1785): limit: alignment = 2x2
06-22 12:47:52.574 I/MediaCodecsXmlParser( 1785): limit: block-size = 16x16
06-22 12:47:52.574 I/MediaCodecsXmlParser( 1785): limit: blocks-per-second-range = 24-2073600
06-22 12:47:52.574 I/MediaCodecsXmlParser( 1785): limit: bitrate-range = 1-120000000
06-22 12:47:52.574 I/MediaCodecsXmlParser( 1785): limit: frame-rate-range = 1-480
06-22 12:47:52.574 I/MediaCodecsXmlParser( 1785): limit: performance-point-3840x2160-range = 60-60
06-22 12:47:52.574 I/MediaCodecsXmlParser( 1785): limit: measured-frame-rate-320x180-range = 743-817
06-22 12:47:52.574 I/MediaCodecsXmlParser( 1785): limit: measured-frame-rate-640x360-range = 582-602
06-22 12:47:52.574 I/MediaCodecsXmlParser( 1785): limit: measured-frame-rate-1280x720-range = 237-258
06-22 12:47:52.574 I/MediaCodecsXmlParser( 1785): limit: measured-frame-rate-1920x1080-range = 50-60
06-22 12:47:52.574 I/MediaCodecsXmlParser( 1785): limit: measured-frame-rate-3840x2160-range = 30-90
06-22 12:47:52.574 I/MediaCodecsXmlParser( 1785): limit: feature-adaptive-playback = 0
06-22 12:47:52.574 I/MediaCodecsXmlParser( 1785): limit: size-range = 2x2-2560x2560
06-22 12:47:52.574 I/MediaCodecsXmlParser( 1785): limit: alignment = 2x2
06-22 12:47:52.574 I/MediaCodecsXmlParser( 1785): limit: block-size = 16x16
06-22 12:47:52.574 I/MediaCodecsXmlParser( 1785): limit: blocks-per-second-range = 24-2073600
06-22 12:47:52.574 I/MediaCodecsXmlParser( 1785): limit: bitrate-range = 1-120000000
06-22 12:47:52.574 I/MediaCodecsXmlParser( 1785): limit: frame-rate-range = 1-480
06-22 12:47:52.574 I/MediaCodecsXmlParser( 1785): limit: performance-point-1920x1088-range = 60-60
