06-22 14:59:37.150 I/hwservicemanager( 1567): getTransport: Cannot find entry android.hardware.soundtrigger@2.2::ISoundTriggerHw/default in either framework or device manifest.
06-22 14:59:37.150 E/audiohalservice( 1669): Could not get passthrough implementation for android.hardware.soundtrigger@2.2::ISoundTriggerHw/default.
06-22 14:59:37.150 I/hwservicemanager( 1567): getTransport: Cannot find entry android.hardware.soundtrigger@2.1::ISoundTriggerHw/default in either framework or device manifest.
06-22 14:59:37.150 E/audiohalservice( 1669): Could not get passthrough implementation for android.hardware.soundtrigger@2.1::ISoundTriggerHw/default.
06-22 14:59:37.150 I/hwservicemanager( 1567): getTransport: Cannot find entry android.hardware.soundtrigger@2.0::ISoundTriggerHw/default in either framework or device manifest.
06-22 14:59:37.203 E/SoundTriggerHalImpl( 1669): couldn't load sound trigger module sound_trigger.primary (No such file or directory)
06-22 14:59:37.204 I/ServiceManagement( 1669): Registered android.hardware.soundtrigger@2.0::ISoundTriggerHw/default (start delay of 896ms)
06-22 14:59:37.204 I/audiohalservice( 1669): Registration complete for android.hardware.soundtrigger@2.0::ISoundTriggerHw/default.
06-22 14:59:37.204 I/hwservicemanager( 1567): getTransport: Cannot find entry android.hardware.bluetooth.audio@2.0::IBluetoothAudioProvidersFactory/default in either framework or device manifest.
06-22 14:59:37.204 E/audiohalservice( 1669): Could not get passthrough implementation for android.hardware.bluetooth.audio@2.0::IBluetoothAudioProvidersFactory/default.
06-22 14:59:37.204 W/audiohalservice( 1669): Could not register Bluetooth Audio API 2.0
06-22 14:59:37.204 I/hwservicemanager( 1567): getTransport: Cannot find entry android.hardware.bluetooth.a2dp@1.0::IBluetoothAudioOffload/default in either framework or device manifest.
06-22 14:59:37.204 E/audiohalservice( 1669): Could not get passthrough implementation for android.hardware.bluetooth.a2dp@1.0::IBluetoothAudioOffload/default.
06-22 14:59:37.204 W/audiohalservice( 1669): Could not register Bluetooth audio offload 1.0
06-22 14:59:37.249 I/ServiceManager( 1766): Waiting for service 'package_native' on '/dev/binder'...
06-22 14:59:37.259 I/AndroidRuntime( 1662): Using default boot image
06-22 14:59:37.259 I/AndroidRuntime( 1662): Leaving lock profiling enabled
06-22 14:59:37.261 E/hostapd ( 1833): Configuration file: /data/vendor/wifi/hostapd/hostapd.conf
06-22 14:59:37.262 I/hostapd ( 1833): rfkill: Cannot get wiphy information
06-22 14:59:37.268 D/RenderEngine( 1714): shader cache generated - 48 shaders in 122.206444 ms
06-22 14:59:37.268 I/ServiceManagement( 1714): Registered android.frameworks.displayservice@1.0::IDisplayService/default (start delay of 810ms)
06-22 14:59:37.268 D/SurfaceFlinger( 1714): Setting power mode 2 on display 0
06-22 14:59:37.276 D/SurfaceFlinger( 1714): Finished setting power mode 2 on display 0
06-22 14:59:37.278 I/netd    ( 1661): Setting up StrictController hooks: 412.9ms
06-22 14:59:37.278 I/ClatdController( 1661): 4.9+ kernel and device shipped with P - clat ebpf might work.
06-22 14:59:37.278 I/netd    ( 1661): Initializing ClatdController: 0.1ms
06-22 14:59:37.279 I/zygote64( 1662): option[0]=-Xzygote
06-22 14:59:37.279 I/zygote64( 1662): option[1]=exit
06-22 14:59:37.279 I/zygote64( 1662): option[2]=vfprintf
06-22 14:59:37.279 I/zygote64( 1662): option[3]=sensitiveThread
06-22 14:59:37.279 I/zygote64( 1662): option[4]=-verbose:gc
06-22 14:59:37.279 I/zygote64( 1662): option[5]=-Xms4m
06-22 14:59:37.279 I/zygote64( 1662): option[6]=-Xmx512m
06-22 14:59:37.279 I/zygote64( 1662): option[7]=-Xusejit:true
06-22 14:59:37.279 I/zygote64( 1662): option[8]=-Xjitsaveprofilinginfo
06-22 14:59:37.279 I/zygote64( 1662): option[9]=-XjdwpOptions:suspend=n,server=y
06-22 14:59:37.279 I/zygote64( 1662): option[10]=-XjdwpProvider:default
06-22 14:59:37.279 I/zygote64( 1662): option[11]=-Xlockprofthreshold:500
06-22 14:59:37.279 I/zygote64( 1662): option[12]=-Ximage-compiler-option
06-22 14:59:37.279 I/zygote64( 1662): option[13]=--runtime-arg
06-22 14:59:37.279 I/zygote64( 1662): option[14]=-Ximage-compiler-option
06-22 14:59:37.279 I/zygote64( 1662): option[15]=-Xms64m
06-22 14:59:37.279 I/zygote64( 1662): option[16]=-Ximage-compiler-option
06-22 14:59:37.279 I/zygote64( 1662): option[17]=--runtime-arg
06-22 14:59:37.280 I/zygote64( 1662): option[18]=-Ximage-compiler-option
06-22 14:59:37.280 I/zygote64( 1662): option[19]=-Xmx64m
06-22 14:59:37.280 I/zygote64( 1662): option[20]=-Ximage-compiler-option
06-22 14:59:37.280 I/zygote64( 1662): option[21]=--profile-file=/system/etc/boot-image.prof
06-22 14:59:37.280 I/zygote64( 1662): option[22]=-Ximage-compiler-option
06-22 14:59:37.280 I/zygote64( 1662): option[23]=--compiler-filter=speed-profile
06-22 14:59:37.280 I/zygote64( 1662): option[24]=-Xcompiler-option
06-22 14:59:37.280 I/zygote64( 1662): option[25]=--runtime-arg
06-22 14:59:37.280 I/zygote64( 1662): option[26]=-Xcompiler-option
06-22 14:59:37.280 I/zygote64( 1662): option[27]=-Xms64m
06-22 14:59:37.280 I/zygote64( 1662): option[28]=-Xcompiler-option
06-22 14:59:37.280 I/zygote64( 1662): option[29]=--runtime-arg
06-22 14:59:37.280 I/zygote64( 1662): option[30]=-Xcompiler-option
06-22 14:59:37.280 I/zygote64( 1662): option[31]=-Xmx512m
06-22 14:59:37.280 I/zygote64( 1662): option[32]=-Ximage-compiler-option
06-22 14:59:37.280 I/zygote64( 1662): option[33]=--instruction-set-variant=x86_64
06-22 14:59:37.280 I/zygote64( 1662): option[34]=-Xcompiler-option
06-22 14:59:37.280 I/zygote64( 1662): option[35]=--instruction-set-variant=x86_64
06-22 14:59:37.280 I/zygote64( 1662): option[36]=-Ximage-compiler-option
06-22 14:59:37.280 I/zygote64( 1662): option[37]=--instruction-set-features=default
06-22 14:59:37.280 I/zygote64( 1662): option[38]=-Xcompiler-option
06-22 14:59:37.280 I/zygote64( 1662): option[39]=--instruction-set-features=default
06-22 14:59:37.280 I/zygote64( 1662): option[40]=-Duser.locale=en-US
06-22 14:59:37.280 I/zygote64( 1662): option[41]=--cpu-abilist=x86_64
06-22 14:59:37.280 I/zygote64( 1662): option[42]=-Xcompiler-option
06-22 14:59:37.280 I/zygote64( 1662): option[43]=--generate-mini-debug-info
06-22 14:59:37.280 I/zygote64( 1662): option[44]=-Xcore-platform-api-policy:just-warn
06-22 14:59:37.280 I/zygote64( 1662): option[45]=-Xfingerprint:google/sdk_gphone_x86_64/generic_x86_64:10/QSR1.211112.011/13135432:userdebug/dev-keys
06-22 14:59:37.281 I/netd    ( 1661): Initializing traffic control: 3.3ms
06-22 14:59:37.289 I/zygote64( 1662): Core platform API reporting enabled, enforcing=false
06-22 14:59:37.289 I/netd    ( 1661): Enabling bandwidth control: 7.5ms
06-22 14:59:37.289 E/Netd    ( 1661): cannot find interface dummy0
06-22 14:59:37.289 I/netd    ( 1661): Initializing RouteController: 0.3ms
06-22 14:59:37.289 D/XfrmController( 1661): XfrmController::ipSecAddXfrmInterface, line=1379
06-22 14:59:37.289 D/XfrmController( 1661): XfrmController::ipSecRemoveTunnelInterface, line=1592
06-22 14:59:37.289 D/XfrmController( 1661): deviceName=ipsec_test
06-22 14:59:37.291 I/hostapd ( 1833): wlan1: interface state UNINITIALIZED->COUNTRY_UPDATE
06-22 14:59:37.300 D/AndroidRuntime( 1663): >>>>>> START com.android.internal.os.ZygoteInit uid 0 <<<<<<
06-22 14:59:37.318 I/cameraserver( 1746): ServiceManager: 0x79ecb0b1d100
06-22 14:59:37.319 I/CameraService( 1746): CameraService started (pid=1746)
06-22 14:59:37.319 I/CameraService( 1746): CameraService process starting
06-22 14:59:37.319 W/BatteryNotifier( 1746): batterystats service unavailable!
06-22 14:59:37.319 W/BatteryNotifier( 1746): batterystats service unavailable!
06-22 14:59:37.321 I/CameraProviderManager( 1746): Connecting to new camera provider: legacy/0, isRemote? 1
06-22 14:59:37.321 I/CameraProviderManager( 1746): Camera provider legacy/0 ready with 0 camera devices
06-22 14:59:37.321 I/hwservicemanager( 1567): getTransport: Cannot find entry android.hardware.camera.provider@2.4::ICameraProvider/external/0 in either framework or device manifest.
06-22 14:59:37.322 I/        ( 1746): Waiting for activity service
06-22 14:59:37.328 D/XfrmController( 1661): Sending Netlink XFRM Message: XFRM_MSG_FLUSHSA
06-22 14:59:37.328 D/XfrmController( 1661): Sending Netlink XFRM Message: XFRM_MSG_FLUSHPOLICY
06-22 14:59:37.328 I/netd    ( 1661): Initializing XfrmController: 38.5ms
06-22 14:59:37.328 E/Netd    ( 1661): Unable to create netlink socket for family 5: Protocol not supported
06-22 14:59:37.328 W/Netd    ( 1661): Unable to open qlog quota socket, check if xt_quota2 can send via UeventHandler
06-22 14:59:37.330 I/libnetd_resolv( 1661): resolv_init: Initializing resolver
06-22 14:59:37.331 D/MDnsDS  ( 1661): MDnsSdListener::Hander starting up
06-22 14:59:37.331 I/netd    ( 1661): Registering NetdNativeService: 0.1ms
06-22 14:59:37.332 I/ServiceManagement( 1661): Registered android.system.net.netd@1.1::INetd/default (start delay of 1104ms)
06-22 14:59:37.332 I/netd    ( 1661): Registering NetdHwService: 0.7ms
06-22 14:59:37.332 I/netd    ( 1661): Netd started in 1032ms
06-22 14:59:37.339 I//apex/com.android.media.swcodec/bin/mediaswcodec( 1770): media swcodec service starting
06-22 14:59:37.347 D/MDnsDS  ( 1661): MDnsSdListener starting to monitor
06-22 14:59:37.347 D/MDnsDS  ( 1661): Going to poll with pollCount 1
06-22 14:59:37.349 I/ServiceManager( 1766): Waiting for service 'package_native' on '/dev/binder'...
06-22 14:59:37.349 W//apex/com.android.media.swcodec/bin/mediaswcodec( 1770): Could not read additional policy file '/vendor/etc/seccomp_policy/mediaswcodec.policy'
06-22 14:59:37.349 W//apex/com.android.media.swcodec/bin/mediaswcodec( 1770): libminijail[1770]: failed to get path of fd 4: No such file or directory
06-22 14:59:37.350 W//apex/com.android.media.swcodec/bin/mediaswcodec( 1770): libminijail[1770]: allowing syscall: socket
06-22 14:59:37.350 W//apex/com.android.media.swcodec/bin/mediaswcodec( 1770): libminijail[1770]: allowing syscall: connect
06-22 14:59:37.350 W//apex/com.android.media.swcodec/bin/mediaswcodec( 1770): libminijail[1770]: allowing syscall: fcntl
06-22 14:59:37.350 W//apex/com.android.media.swcodec/bin/mediaswcodec( 1770): libminijail[1770]: allowing syscall: writev
06-22 14:59:37.350 W//apex/com.android.media.swcodec/bin/mediaswcodec( 1770): libminijail[1770]: compile_file: <fd>(20): nonexistent syscall 'getuid32'
06-22 14:59:37.350 W//apex/com.android.media.swcodec/bin/mediaswcodec( 1770): libminijail[1770]: compile_file: <fd>(26): nonexistent syscall 'mmap2'
06-22 14:59:37.350 W//apex/com.android.media.swcodec/bin/mediaswcodec( 1770): libminijail[1770]: compile_file: <fd>(28): nonexistent syscall 'fstat64'
06-22 14:59:37.350 W//apex/com.android.media.swcodec/bin/mediaswcodec( 1770): libminijail[1770]: compile_file: <fd>(30): nonexistent syscall 'stat64'
06-22 14:59:37.350 W//apex/com.android.media.swcodec/bin/mediaswcodec( 1770): libminijail[1770]: compile_file: <fd>(31): nonexistent syscall 'statfs64'
06-22 14:59:37.350 W//apex/com.android.media.swcodec/bin/mediaswcodec( 1770): libminijail[1770]: compile_file: <fd>(33): nonexistent syscall 'fstatat64'
06-22 14:59:37.350 W//apex/com.android.media.swcodec/bin/mediaswcodec( 1770): libminijail[1770]: compile_file: <fd>(38): nonexistent syscall '_llseek'
06-22 14:59:37.350 W//apex/com.android.media.swcodec/bin/mediaswcodec( 1770): libminijail[1770]: compile_file: <fd>(47): nonexistent syscall 'ugetrlimit'
06-22 14:59:37.350 W//apex/com.android.media.swcodec/bin/mediaswcodec( 1770): libminijail[1770]: compile_file: <fd>(50): nonexistent syscall '_llseek'
06-22 14:59:37.350 W//apex/com.android.media.swcodec/bin/mediaswcodec( 1770): libminijail[1770]: compile_file: <fd>(51): nonexistent syscall 'fstatfs64'
06-22 14:59:37.350 W//apex/com.android.media.swcodec/bin/mediaswcodec( 1770): libminijail[1770]: compile_file: <fd>(63): nonexistent syscall 'ftruncate64'
06-22 14:59:37.350 W//apex/com.android.media.swcodec/bin/mediaswcodec( 1770): libminijail[1770]: compile_file: /system/etc/seccomp_policy/crash_dump.x86.policy(5): nonexistent syscall 'sigreturn'
06-22 14:59:37.350 W//apex/com.android.media.swcodec/bin/mediaswcodec( 1770): libminijail[1770]: compile_file: /system/etc/seccomp_policy/crash_dump.x86.policy(31): nonexistent syscall 'getuid32'
06-22 14:59:37.350 W//apex/com.android.media.swcodec/bin/mediaswcodec( 1770): libminijail[1770]: compile_file: /system/etc/seccomp_policy/crash_dump.x86.policy(32): nonexistent syscall 'fstat64'
06-22 14:59:37.350 W//apex/com.android.media.swcodec/bin/mediaswcodec( 1770): libminijail[1770]: compile_file: /system/etc/seccomp_policy/crash_dump.x86.policy(33): nonexistent syscall 'mmap2'
06-22 14:59:37.350 W//apex/com.android.media.swcodec/bin/mediaswcodec( 1770): libminijail[1770]: compile_file: /system/etc/seccomp_policy/crash_dump.x86.policy(34): nonexistent syscall 'geteuid32'
06-22 14:59:37.350 W//apex/com.android.media.swcodec/bin/mediaswcodec( 1770): libminijail[1770]: compile_file: /system/etc/seccomp_policy/crash_dump.x86.policy(35): nonexistent syscall 'getgid32'
06-22 14:59:37.351 W//apex/com.android.media.swcodec/bin/mediaswcodec( 1770): libminijail[1770]: compile_file: /system/etc/seccomp_policy/crash_dump.x86.policy(36): nonexistent syscall 'getegid32'
06-22 14:59:37.351 W//apex/com.android.media.swcodec/bin/mediaswcodec( 1770): libminijail[1770]: compile_file: /system/etc/seccomp_policy/crash_dump.x86.policy(37): nonexistent syscall 'getgroups32'
06-22 14:59:37.351 W//apex/com.android.media.swcodec/bin/mediaswcodec( 1770): libminijail[1770]: logging seccomp filter failures
06-22 14:59:37.351 I/CodecServiceRegistrant( 1770): Creating software Codec2 service...
06-22 14:59:37.355 I/ServiceManagement( 1770): Registered android.hardware.media.c2@1.0::IComponentStore/software (start delay of 627ms)
06-22 14:59:37.355 I/CodecServiceRegistrant( 1770): Software Codec2 service created.
06-22 14:59:37.355 W/CameraProviderManager( 1746): addProviderLocked: Camera provider HAL with name 'legacy/0' already registered
06-22 14:59:37.362 I/AndroidRuntime( 1663): Using default boot image
06-22 14:59:37.362 I/AndroidRuntime( 1663): Leaving lock profiling enabled
06-22 14:59:37.368 I/zygote  ( 1663): option[0]=-Xzygote
06-22 14:59:37.369 I/zygote  ( 1663): option[1]=exit
06-22 14:59:37.369 I/zygote  ( 1663): option[2]=vfprintf
06-22 14:59:37.369 I/zygote  ( 1663): option[3]=sensitiveThread
06-22 14:59:37.369 I/zygote  ( 1663): option[4]=-verbose:gc
06-22 14:59:37.369 I/zygote  ( 1663): option[5]=-Xms4m
06-22 14:59:37.369 I/zygote  ( 1663): option[6]=-Xmx512m
06-22 14:59:37.369 I/zygote  ( 1663): option[7]=-Xusejit:true
06-22 14:59:37.369 I/zygote  ( 1663): option[8]=-Xjitsaveprofilinginfo
06-22 14:59:37.369 I/zygote  ( 1663): option[9]=-XjdwpOptions:suspend=n,server=y
06-22 14:59:37.369 I/zygote  ( 1663): option[10]=-XjdwpProvider:default
06-22 14:59:37.369 I/zygote  ( 1663): option[11]=-Xlockprofthreshold:500
06-22 14:59:37.369 I/zygote  ( 1663): option[12]=-Ximage-compiler-option
06-22 14:59:37.369 I/zygote  ( 1663): option[13]=--runtime-arg
06-22 14:59:37.369 I/zygote  ( 1663): option[14]=-Ximage-compiler-option
06-22 14:59:37.369 I/zygote  ( 1663): option[15]=-Xms64m
06-22 14:59:37.369 I/zygote  ( 1663): option[16]=-Ximage-compiler-option
06-22 14:59:37.369 I/zygote  ( 1663): option[17]=--runtime-arg
06-22 14:59:37.369 I/zygote  ( 1663): option[18]=-Ximage-compiler-option
06-22 14:59:37.369 I/zygote  ( 1663): option[19]=-Xmx64m
06-22 14:59:37.369 I/zygote  ( 1663): option[20]=-Ximage-compiler-option
06-22 14:59:37.369 I/zygote  ( 1663): option[21]=--profile-file=/system/etc/boot-image.prof
06-22 14:59:37.369 I/zygote  ( 1663): option[22]=-Ximage-compiler-option
06-22 14:59:37.369 I/zygote  ( 1663): option[23]=--compiler-filter=speed-profile
06-22 14:59:37.369 I/zygote  ( 1663): option[24]=-Xcompiler-option
06-22 14:59:37.369 I/zygote  ( 1663): option[25]=--runtime-arg
06-22 14:59:37.369 I/zygote  ( 1663): option[26]=-Xcompiler-option
06-22 14:59:37.369 I/zygote  ( 1663): option[27]=-Xms64m
06-22 14:59:37.369 I/zygote  ( 1663): option[28]=-Xcompiler-option
06-22 14:59:37.369 I/zygote  ( 1663): option[29]=--runtime-arg
06-22 14:59:37.369 I/zygote  ( 1663): option[30]=-Xcompiler-option
06-22 14:59:37.369 I/zygote  ( 1663): option[31]=-Xmx512m
06-22 14:59:37.369 I/zygote  ( 1663): option[32]=-Ximage-compiler-option
06-22 14:59:37.369 I/zygote  ( 1663): option[33]=--instruction-set-variant=x86_64
06-22 14:59:37.369 I/zygote  ( 1663): option[34]=-Xcompiler-option
06-22 14:59:37.369 I/zygote  ( 1663): option[35]=--instruction-set-variant=x86_64
06-22 14:59:37.369 I/zygote  ( 1663): option[36]=-Ximage-compiler-option
06-22 14:59:37.369 I/zygote  ( 1663): option[37]=--instruction-set-features=default
06-22 14:59:37.369 I/zygote  ( 1663): option[38]=-Xcompiler-option
06-22 14:59:37.369 I/zygote  ( 1663): option[39]=--instruction-set-features=default
06-22 14:59:37.369 I/zygote  ( 1663): option[40]=-Duser.locale=en-US
06-22 14:59:37.369 I/zygote  ( 1663): option[41]=--cpu-abilist=x86
06-22 14:59:37.369 I/zygote  ( 1663): option[42]=-Xcompiler-option
06-22 14:59:37.369 I/zygote  ( 1663): option[43]=--generate-mini-debug-info
06-22 14:59:37.369 I/zygote  ( 1663): option[44]=-Xcore-platform-api-policy:just-warn
06-22 14:59:37.369 I/zygote  ( 1663): option[45]=-Xfingerprint:google/sdk_gphone_x86_64/generic_x86_64:10/QSR1.211112.011/13135432:userdebug/dev-keys
06-22 14:59:37.386 I/mediaserver( 1764): ServiceManager: 0xf6706ca0
06-22 14:59:37.390 I/zygote  ( 1663): Core platform API reporting enabled, enforcing=false
06-22 14:59:37.399 E/MediaExtractorFactory( 1758): couldn't opendir(/system/lib64/extractors)
06-22 14:59:37.401 I/BootAnimation( 1840): boot animation disabled
06-22 14:59:37.402 W/BatteryNotifier( 1764): batterystats service unavailable!
06-22 14:59:37.443 I/FastMixerState( 1711): sMaxFastTracks = 8
06-22 14:59:37.445 V/MediaUtils( 1711): physMem: 2089566208
06-22 14:59:37.445 V/MediaUtils( 1711): requested limit: 417913240
06-22 14:59:37.445 I/libc    ( 1711): malloc_limit: Allocation limit enabled, max size 417913240 bytes
06-22 14:59:37.445 I/audioserver( 1711): ServiceManager: 0x7d6bd5c28dc0
06-22 14:59:37.445 W/BatteryNotifier( 1711): batterystats service unavailable!
06-22 14:59:37.446 I/hwservicemanager( 1567): getTransport: Cannot find entry android.hardware.audio@5.0::IDevicesFactory/default in either framework or device manifest.
06-22 14:59:37.446 I/hwservicemanager( 1567): getTransport: Cannot find entry android.hardware.audio@4.0::IDevicesFactory/msd in either framework or device manifest.
06-22 14:59:37.447 I/hwservicemanager( 1567): getTransport: Cannot find entry android.hardware.audio.effect@5.0::IEffectsFactory/default in either framework or device manifest.
06-22 14:59:37.447 I/AudioFlinger( 1711): Using default 3000 mSec as standby time.
06-22 14:59:37.450 I/ServiceManager( 1766): Waiting for service 'package_native' on '/dev/binder'...
06-22 14:59:37.458 E/APM::Serializer( 1711): deserialize: Could not parse /odm/etc/audio_policy_configuration.xml document.
06-22 14:59:37.460 E/APM::AudioPolicyEngine/Config( 1711): parse: Could not parse document /vendor/etc/audio_policy_engine_configuration.xml
06-22 14:59:37.460 W/APM::AudioPolicyEngine/Base( 1711): loadAudioPolicyEngineConfig: No configuration found, using default matching phone experience.
06-22 14:59:37.460 E/APM::AudioPolicyEngine/Config( 1711): parseLegacyVolumeFile: Could not parse document /odm/etc/audio_policy_configuration.xml
06-22 14:59:37.464 D/audio_hw_generic( 1669): Emulator host-side ALSA audio emulation detected.
06-22 14:59:37.464 D/audio_hw_generic( 1669): mixer 0 name Master Playback Volume
06-22 14:59:37.464 D/audio_hw_generic( 1669): set ctl 0 to 100
06-22 14:59:37.464 D/audio_hw_generic( 1669): set ctl 1 to 100
06-22 14:59:37.464 D/audio_hw_generic( 1669): mixer 1 name Master Playback Switch
06-22 14:59:37.464 D/audio_hw_generic( 1669): set ctl 0 to 1
06-22 14:59:37.464 D/audio_hw_generic( 1669): set ctl 1 to 1
06-22 14:59:37.464 D/audio_hw_generic( 1669): mixer 2 name Capture Volume
06-22 14:59:37.464 D/audio_hw_generic( 1669): set ctl 0 to 100
06-22 14:59:37.464 D/audio_hw_generic( 1669): set ctl 1 to 100
06-22 14:59:37.464 D/audio_hw_generic( 1669): mixer 3 name Capture Switch
06-22 14:59:37.464 D/audio_hw_generic( 1669): set ctl 0 to 1
06-22 14:59:37.465 D/audio_hw_generic( 1669): set ctl 1 to 1
06-22 14:59:37.465 D/audio_hw_generic( 1669): mixer 4 name Line Phantom Jack
06-22 14:59:37.465 D/audio_hw_generic( 1669): mixer 5 name Line Out Phantom Jack
06-22 14:59:37.465 D/audio_hw_generic( 1669): mixer 6 name Playback Channel Map
06-22 14:59:37.465 D/audio_hw_generic( 1669): mixer 7 name Capture Channel Map
06-22 14:59:37.465 W/DeviceHAL( 1669): Error from HAL Device in function get_master_volume: Function not implemented
06-22 14:59:37.465 W/DeviceHAL( 1669): Error from HAL Device in function get_master_mute: Function not implemented
06-22 14:59:37.465 W/DeviceHAL( 1669): Error from HAL Device in function set_master_volume: Function not implemented
06-22 14:59:37.465 W/DeviceHAL( 1669): Error from HAL Device in function set_master_mute: Function not implemented
06-22 14:59:37.465 I/AudioFlinger( 1711): loadHwModule() Loaded primary audio interface, handle 10
06-22 14:59:37.465 I/AudioFlinger( 1711): openOutput() this 0x7d6bd5c33600, module 10 Device 0x2, SamplingRate 44100, Format 0x000001, Channels 0x3, flags 0x2
06-22 14:59:37.468 W/AudioFlinger( 1711): HAL output buffer size is 661 frames but AudioMixer requires multiples of 16 frames
06-22 14:59:37.468 I/AudioFlinger( 1711): HAL output buffer size 661 frames, normal sink buffer size 1056 frames
06-22 14:59:37.470 I/hwservicemanager( 1567): getTransport: Cannot find entry android.hardware.audio.effect@5.0::IEffectsFactory/default in either framework or device manifest.
06-22 14:59:37.484 I/BufferProvider( 1711): found effect "Multichannel Downmix To Stereo" from The Android Open Source Project
06-22 14:59:37.484 I/AudioFlinger( 1711): Using module 10 as the primary audio interface
06-22 14:59:37.485 V/APM_AudioPolicyManager( 1711): checkAndSetVolume cannot set volume group 3 volume with force use = 0 for comm
06-22 14:59:37.487 W/AudioFlinger( 1711): moveEffects() bad srcOutput 0
06-22 14:59:37.487 V/APM_AudioPolicyManager( 1711): selectOutputForMusicEffects selected output 13
06-22 14:59:37.487 V/APM_AudioPolicyManager( 1711): setOutputDevices device {type:0x2,@:} delayMs 0
06-22 14:59:37.487 V/APM_AudioPolicyManager( 1711): setOutputDevices() prevDevice {type:0x2,@:}
06-22 14:59:37.487 V/APM_AudioPolicyManager( 1711): setOutputDevices changing device to {type:0x2,@:}
06-22 14:59:37.487 I/AudioFlinger( 1711): AudioFlinger's thread 0x7d6bd5cd2a80 tid=1875 ready to run
06-22 14:59:37.488 W/AudioFlinger( 1711): no wake lock to update, system not ready yet
06-22 14:59:37.488 V/APM_AudioPolicyManager( 1711): setOutputDevices() AF::createAudioPatch returned 0 patchHandle 12 num_sources 1 num_sinks 1
06-22 14:59:37.488 V/APM_AudioPolicyManager( 1711): checkAndSetVolume cannot set volume group 3 volume with force use = 0 for comm
06-22 14:59:37.490 W/AudioFlinger( 1711): no wake lock to update, system not ready yet
06-22 14:59:37.493 I/AudioFlinger( 1711): AudioFlinger's thread 0x7d6bd0f8c9c0 tid=1877 ready to run
06-22 14:59:37.494 W/AudioFlinger( 1711): no wake lock to update, system not ready yet
06-22 14:59:37.496 W/AudioFlinger( 1711): no wake lock to update, system not ready yet
06-22 14:59:37.497 I/r_submix( 1669): adev_open(name=audio_hw_if)
06-22 14:59:37.504 I/r_submix( 1669): adev_init_check()
06-22 14:59:37.504 W/DeviceHAL( 1669): Error from HAL Device in function set_master_volume: Function not implemented
06-22 14:59:37.505 W/DeviceHAL( 1669): Error from HAL Device in function set_master_mute: Function not implemented
06-22 14:59:37.505 I/AudioFlinger( 1711): loadHwModule() Loaded r_submix audio interface, handle 18
06-22 14:59:37.505 D/r_submix( 1669): adev_open_input_stream(addr=0)
06-22 14:59:37.505 D/r_submix( 1669): submix_audio_device_create_pipe_l(addr=0, idx=9)
06-22 14:59:37.505 D/r_submix( 1669):   now using address 0 for route 9
06-22 14:59:37.512 I/AudioFlinger( 1711): AudioFlinger's thread 0x7d6bd0f8c640 tid=1881 ready to run
06-22 14:59:37.517 I/        ( 1711): Waiting for activity service
06-22 14:59:37.524 D/r_submix( 1669): adev_close_input_stream()
06-22 14:59:37.524 D/r_submix( 1669): submix_audio_device_release_pipe_l(idx=9) addr=0
06-22 14:59:37.524 D/r_submix( 1669): submix_audio_device_destroy_pipe_l(): pipe destroyed
06-22 14:59:37.552 I/ServiceManager( 1766): Waiting for service 'package_native' on '/dev/binder'...
06-22 14:59:37.588 D/ICU     ( 1662): Time zone APEX file found: /apex/com.android.tzdata/etc/icu/icu_tzdata.dat
06-22 14:59:37.591 D/ICU     ( 1663): Time zone APEX file found: /apex/com.android.tzdata/etc/icu/icu_tzdata.dat
06-22 14:59:37.623 W/zygote64( 1662): Unexpected CPU variant for X86 using defaults: x86_64
06-22 14:59:37.623 W/zygote  ( 1663): Unexpected CPU variant for X86 using defaults: x86_64
06-22 14:59:37.652 I/ServiceManager( 1766): Waiting for service 'package_native' on '/dev/binder'...
06-22 14:59:37.684 W/zygote64( 1662): JNI RegisterNativeMethods: attempt to register 0 native methods for android.media.AudioAttributes
06-22 14:59:37.687 W/zygote  ( 1663): JNI RegisterNativeMethods: attempt to register 0 native methods for android.media.AudioAttributes
06-22 14:59:37.693 D/Zygote  ( 1662): begin preload
06-22 14:59:37.695 I/Zygote  ( 1662): Calling ZygoteHooks.beginPreload()
06-22 14:59:37.698 I/zygote  ( 1663): Explicit concurrent copying GC freed 296(39KB) AllocSpace objects, 0(0B) LOS objects, 98% free, 24KB/1560KB, paused 371us total 3.723ms
06-22 14:59:37.702 I/zygote  ( 1663): Explicit concurrent copying GC freed 5(32KB) AllocSpace objects, 0(0B) LOS objects, 98% free, 24KB/1560KB, paused 467us total 2.379ms
06-22 14:59:37.702 D/Zygote32Timing( 1663): PostZygoteInitGC took to complete: 8ms
06-22 14:59:37.702 D/Zygote32Timing( 1663): ZygoteInit took to complete: 8ms
06-22 14:59:37.709 D/Zygote64Timing( 1662): BeginPreload took to complete: 15ms
06-22 14:59:37.709 I/Zygote  ( 1662): Preloading classes...
06-22 14:59:37.709 W/Zygote  ( 1662): Class not found for preloading: android.app.-$$Lambda$ActivityThread$ZXDWm3IBeFmLnFVblhB-IOZCr9o
06-22 14:59:37.739 I/Zygote  ( 1663): Accepting command socket connections
06-22 14:59:37.743 W/Zygote  ( 1662): Class not found for preloading: android.bluetooth.BluetoothA2dp$2
06-22 14:59:37.749 I/PackageBackwardCompatibility( 1662): Could not find android.content.pm.AndroidTestBaseUpdater, ignoring
06-22 14:59:37.752 I/ServiceManager( 1766): Waiting for service 'package_native' on '/dev/binder'...
06-22 14:59:37.764 I/adbd    ( 1738): adbd listening on port 5555
06-22 14:59:37.765 I/adbd    ( 1738): USB event: FUNCTIONFS_ENABLE
06-22 14:59:37.765 W/adbd    ( 1738): received FUNCTIONFS_ENABLE while not bound?
06-22 14:59:37.765 I/adbd    ( 1738): UsbFfs: connection terminated: monitor thread finished
06-22 14:59:37.765 I/adbd    ( 1738): UsbFfs: already offline
06-22 14:59:37.765 I/adbd    ( 1738): destroying transport UsbFfs
06-22 14:59:37.765 I/adbd    ( 1738): UsbFfsConnection being destroyed
06-22 14:59:37.827 I/adbd    ( 1738): opening control endpoint /dev/usb-ffs/adb/ep0
06-22 14:59:37.837 I/adbd    ( 1738): UsbFfsConnection constructed
06-22 14:59:37.838 I/adbd    ( 1738): USB event: FUNCTIONFS_BIND
06-22 14:59:37.853 I/ServiceManager( 1766): Waiting for service 'package_native' on '/dev/binder'...
06-22 14:59:37.942 E/ActivityRecognitionHardware( 1662): activity_recognition HAL is deprecated. class_init is effectively a no-op
06-22 14:59:37.953 I/ServiceManager( 1766): Waiting for service 'package_native' on '/dev/binder'...
06-22 14:59:37.966 I/zygote64( 1662): Thread[1,tid=1662,Native,Thread*=0x7258b5cec000,peer=0x12c02208,"main"] recursive attempt to load library "libmedia_jni.so"
06-22 14:59:37.966 D/MtpDeviceJNI( 1662): register_android_mtp_MtpDevice
06-22 14:59:37.967 I/zygote64( 1662): Thread[1,tid=1662,Native,Thread*=0x7258b5cec000,peer=0x12c02208,"main"] recursive attempt to load library "libmedia_jni.so"
06-22 14:59:37.967 I/zygote64( 1662): Thread[1,tid=1662,Native,Thread*=0x7258b5cec000,peer=0x12c02208,"main"] recursive attempt to load library "libmedia_jni.so"
06-22 14:59:37.972 W/Zygote  ( 1662): Class not found for preloading: android.media.audiopolicy.AudioProductStrategies
06-22 14:59:37.973 W/Zygote  ( 1662): Class not found for preloading: android.media.audiopolicy.AudioVolumeGroups
06-22 14:59:38.038 W/Zygote  ( 1662): Class not found for preloading: android.view.textclassifier.-$$Lambda$TextClassificationManager$JIaezIJbMig_-kVzN6oArzkTsJE
06-22 14:59:38.042 W/Zygote  ( 1662): Class not found for preloading: com.android.internal.net.NetworkStatsFactory
06-22 14:59:38.045 W/Zygote  ( 1662): Class not found for preloading: com.android.internal.telephony.-$$Lambda$PhoneSubInfoController$8HFbCDJDN1mrLJG980qYH5MGqMk
06-22 14:59:38.045 W/Zygote  ( 1662): Class not found for preloading: com.android.internal.telephony.-$$Lambda$PhoneSubInfoController$U28a_EGx2cvmQhDfRRgonMt5Zrc
06-22 14:59:38.045 W/Zygote  ( 1662): Class not found for preloading: com.android.internal.telephony.-$$Lambda$SubscriptionInfoUpdater$-zZXM9oMRZ3vZz7dJOG19J00Bmw
06-22 14:59:38.045 W/Zygote  ( 1662): Class not found for preloading: com.android.internal.telephony.-$$Lambda$SubscriptionInfoUpdater$D5yF1HbS4cvCyoAj3FESkPtA_0g
06-22 14:59:38.045 W/Zygote  ( 1662): Class not found for preloading: com.android.internal.telephony.-$$Lambda$SubscriptionInfoUpdater$MMx9iQX0JVqqMPLTUZhdBubFSzU
06-22 14:59:38.051 W/Zygote  ( 1662): Class not found for preloading: com.android.internal.telephony.PhoneConfigurationModels
06-22 14:59:38.053 W/Zygote  ( 1662): Class not found for preloading: com.android.internal.telephony.SubscriptionController$ScLocalLog
06-22 14:59:38.054 I/ServiceManager( 1766): Waiting for service 'package_native' on '/dev/binder'...
06-22 14:59:38.054 W/Zygote  ( 1662): Class not found for preloading: com.android.internal.telephony.UiccSmsController
06-22 14:59:38.078 I/Zygote  ( 1662): ...preloaded 7590 classes in 369ms.
06-22 14:59:38.078 I/zygote64( 1662): VMRuntime.preloadDexCaches starting
06-22 14:59:38.088 I/zygote64( 1662): VMRuntime.preloadDexCaches strings total=378948 before=9925 after=9925
06-22 14:59:38.089 I/zygote64( 1662): VMRuntime.preloadDexCaches types total=35812 before=7199 after=7467
06-22 14:59:38.089 I/zygote64( 1662): VMRuntime.preloadDexCaches fields total=160603 before=8020 after=8221
06-22 14:59:38.089 I/zygote64( 1662): VMRuntime.preloadDexCaches methods total=281511 before=10884 after=11316
06-22 14:59:38.089 I/zygote64( 1662): VMRuntime.preloadDexCaches finished
06-22 14:59:38.089 D/Zygote64Timing( 1662): PreloadClasses took to complete: 380ms
06-22 14:59:38.091 I/zygote64( 1662): The ClassLoaderContext is a special shared library.
06-22 14:59:38.091 D/ApplicationLoaders( 1662): Created zygote-cached class loader: /system/framework/android.hidl.base-V1.0-java.jar
06-22 14:59:38.092 I/zygote64( 1662): The ClassLoaderContext is a special shared library.
06-22 14:59:38.093 D/ApplicationLoaders( 1662): Created zygote-cached class loader: /system/framework/android.hidl.manager-V1.0-java.jar
06-22 14:59:38.093 D/Zygote64Timing( 1662): CacheNonBootClasspathClassLoaders took to complete: 4ms
06-22 14:59:38.154 I/ServiceManager( 1766): Waiting for service 'package_native' on '/dev/binder'...
06-22 14:59:38.237 I/Zygote  ( 1662): Preloading resources...
06-22 14:59:38.245 W/Resources( 1662): Preloaded drawable resource #0x108027c (android:drawable/dialog_background_material) that varies with configuration!!
06-22 14:59:38.250 I/Zygote  ( 1662): ...preloaded 64 resources in 13ms.
06-22 14:59:38.252 I/Zygote  ( 1662): ...preloaded 41 resources in 1ms.
06-22 14:59:38.252 D/Zygote64Timing( 1662): PreloadResources took to complete: 159ms
06-22 14:59:38.254 I/ServiceManager( 1766): Waiting for service 'package_native' on '/dev/binder'...
06-22 14:59:38.255 I/Zygote  ( 1662): Preloading shared libraries...
06-22 14:59:38.260 I/Zygote  ( 1662): Called ZygoteHooks.endPreload()
06-22 14:59:38.260 I/Zygote  ( 1662): Installed AndroidKeyStoreProvider in 0ms.
06-22 14:59:38.261 I/Zygote  ( 1662): Warmed up JCA providers in 2ms.
06-22 14:59:38.261 D/Zygote  ( 1662): end preload
06-22 14:59:38.261 D/Zygote64Timing( 1662): ZygotePreload took to complete: 568ms
06-22 14:59:38.262 I/zygote64( 1662): Waiting for a blocking GC Explicit
06-22 14:59:38.267 I/zygote64( 1662): WaitForGcToComplete blocked Explicit on None for 5.059ms
06-22 14:59:38.272 I/zygote64( 1662): Explicit concurrent copying GC freed 1640(80KB) AllocSpace objects, 0(0B) LOS objects, 72% free, 2371KB/8515KB, paused 384us total 4.589ms
06-22 14:59:38.276 I/zygote64( 1662): Explicit concurrent copying GC freed 5(32KB) AllocSpace objects, 0(0B) LOS objects, 72% free, 2371KB/8515KB, paused 364us total 4.119ms
06-22 14:59:38.277 D/Zygote64Timing( 1662): PostZygoteInitGC took to complete: 15ms
06-22 14:59:38.277 D/Zygote64Timing( 1662): ZygoteInit took to complete: 583ms
06-22 14:59:38.333 D/Zygote  ( 1662): Forked child process 1907
06-22 14:59:38.333 I/Zygote  ( 1662): System server process 1907 has been created
06-22 14:59:38.334 I/Zygote  ( 1662): Accepting command socket connections
06-22 14:59:38.339 I/system_server( 1907): The ClassLoaderContext is a special shared library.
06-22 14:59:38.349 I/system_server( 1907): The ClassLoaderContext is a special shared library.
06-22 14:59:38.355 I/ServiceManager( 1766): Waiting for service 'package_native' on '/dev/binder'...
06-22 14:59:38.356 I/system_server( 1907): The ClassLoaderContext is a special shared library.
06-22 14:59:38.360 I/system_server( 1907): The ClassLoaderContext is a special shared library.
06-22 14:59:38.362 W/system_server( 1907): Unexpected CPU variant for X86 using defaults: x86_64
06-22 14:59:38.390 I/SystemServer( 1907): InitBeforeStartServices
06-22 14:59:38.392 W/SystemServer( 1907): Timezone not set; setting to GMT.
06-22 14:59:38.395 I/SystemServer( 1907): Entered the Android system server!
06-22 14:59:38.455 I/ServiceManager( 1766): Waiting for service 'package_native' on '/dev/binder'...
06-22 14:59:38.512 E/UsbAlsaJackDetectorJNI( 1907): Can't register UsbAlsaJackDetector native methods
06-22 14:59:38.519 I/adbd    ( 1738): USB event: FUNCTIONFS_ENABLE
06-22 14:59:38.526 D/SystemServerTiming( 1907): InitBeforeStartServices took to complete: 135ms
06-22 14:59:38.526 I/SystemServer( 1907): StartServices
06-22 14:59:38.526 I/SystemServer( 1907): StartWatchdog
06-22 14:59:38.537 D/SystemServerTiming( 1907): StartWatchdog took to complete: 11ms
06-22 14:59:38.537 I/SystemServer( 1907): Reading configuration...
06-22 14:59:38.537 I/SystemServer( 1907): ReadingSystemConfig
06-22 14:59:38.537 D/SystemServerTiming( 1907): ReadingSystemConfig took to complete: 0ms
06-22 14:59:38.537 I/SystemServer( 1907): StartInstaller
06-22 14:59:38.537 I/SystemServiceManager( 1907): Starting com.android.server.pm.Installer
06-22 14:59:38.538 D/SystemServerInitThreadPool( 1907): Started executing ReadingSystemConfig
06-22 14:59:38.540 D/installd( 1751): Found quota mount /dev/block/vdc at /data
06-22 14:59:38.540 D/SystemServerTiming( 1907): StartInstaller took to complete: 3ms
06-22 14:59:38.540 I/SystemServer( 1907): DeviceIdentifiersPolicyService
06-22 14:59:38.540 I/SystemServiceManager( 1907): Starting com.android.server.os.DeviceIdentifiersPolicyService
06-22 14:59:38.541 D/SystemServerTiming( 1907): DeviceIdentifiersPolicyService took to complete: 1ms
06-22 14:59:38.541 I/SystemServer( 1907): UriGrantsManagerService
06-22 14:59:38.541 I/SystemServiceManager( 1907): Starting com.android.server.uri.UriGrantsManagerService$Lifecycle
06-22 14:59:38.544 D/SystemServerTiming( 1907): UriGrantsManagerService took to complete: 4ms
06-22 14:59:38.544 I/SystemServer( 1907): StartActivityManager
06-22 14:59:38.544 I/SystemServiceManager( 1907): Starting com.android.server.wm.ActivityTaskManagerService$Lifecycle
06-22 14:59:38.550 I/SystemServiceManager( 1907): Starting com.android.server.am.ActivityManagerService$Lifecycle
06-22 14:59:38.555 I/ServiceManager( 1766): Waiting for service 'package_native' on '/dev/binder'...
06-22 14:59:38.561 I/SystemConfig( 1907): Adding association: com.google.android.as <- com.android.providers.contacts
06-22 14:59:38.561 I/SystemConfig( 1907): Adding association: com.google.android.as <- com.android.providers.media
06-22 14:59:38.561 I/SystemConfig( 1907): Adding association: com.google.android.as <- com.android.providers.telephony
06-22 14:59:38.561 I/SystemConfig( 1907): Adding association: com.google.android.as <- com.android.systemui
06-22 14:59:38.561 I/SystemConfig( 1907): Adding association: com.google.android.as <- com.google.android.gms
06-22 14:59:38.561 I/SystemConfig( 1907): Adding association: com.google.android.as <- com.google.android.gsf
06-22 14:59:38.562 I/ActivityManager( 1907): Memory class: 512
06-22 14:59:38.572 W/SystemConfig( 1907): No directory /product_services/etc/sysconfig, skipping
06-22 14:59:38.572 W/SystemConfig( 1907): No directory /product_services/etc/permissions, skipping
06-22 14:59:38.572 D/SystemServerInitThreadPool( 1907): Finished executing ReadingSystemConfig
06-22 14:59:38.575 D/BatteryStatsImpl( 1907): Reading daily items from /data/system/batterystats-daily.xml
06-22 14:59:38.576 E/BatteryStatsImpl( 1907): Error reading battery statistics
06-22 14:59:38.576 E/BatteryStatsImpl( 1907): java.io.FileNotFoundException: /data/system/batterystats.bin: open failed: ENOENT (No such file or directory)
06-22 14:59:38.576 E/BatteryStatsImpl( 1907): 	at libcore.io.IoBridge.open(IoBridge.java:496)
06-22 14:59:38.576 E/BatteryStatsImpl( 1907): 	at java.io.FileInputStream.<init>(FileInputStream.java:159)
06-22 14:59:38.576 E/BatteryStatsImpl( 1907): 	at com.android.internal.os.AtomicFile.openRead(AtomicFile.java:157)
06-22 14:59:38.576 E/BatteryStatsImpl( 1907): 	at com.android.internal.os.AtomicFile.readFully(AtomicFile.java:162)
06-22 14:59:38.576 E/BatteryStatsImpl( 1907): 	at com.android.internal.os.BatteryStatsImpl.readLocked(BatteryStatsImpl.java:13339)
06-22 14:59:38.576 E/BatteryStatsImpl( 1907): 	at com.android.server.am.ActivityManagerService.<init>(ActivityManagerService.java:2501)
06-22 14:59:38.576 E/BatteryStatsImpl( 1907): 	at com.android.server.am.ActivityManagerService$Lifecycle.<init>(ActivityManagerService.java:2215)
06-22 14:59:38.576 E/BatteryStatsImpl( 1907): 	at java.lang.reflect.Constructor.newInstance0(Native Method)
06-22 14:59:38.576 E/BatteryStatsImpl( 1907): 	at java.lang.reflect.Constructor.newInstance(Constructor.java:343)
06-22 14:59:38.576 E/BatteryStatsImpl( 1907): 	at com.android.server.SystemServiceManager.startService(SystemServiceManager.java:101)
06-22 14:59:38.576 E/BatteryStatsImpl( 1907): 	at com.android.server.am.ActivityManagerService$Lifecycle.startService(ActivityManagerService.java:2221)
06-22 14:59:38.576 E/BatteryStatsImpl( 1907): 	at com.android.server.SystemServer.startBootstrapServices(SystemServer.java:660)
06-22 14:59:38.576 E/BatteryStatsImpl( 1907): 	at com.android.server.SystemServer.run(SystemServer.java:510)
06-22 14:59:38.576 E/BatteryStatsImpl( 1907): 	at com.android.server.SystemServer.main(SystemServer.java:349)
06-22 14:59:38.576 E/BatteryStatsImpl( 1907): 	at java.lang.reflect.Method.invoke(Native Method)
06-22 14:59:38.576 E/BatteryStatsImpl( 1907): 	at com.android.internal.os.RuntimeInit$MethodAndArgsCaller.run(RuntimeInit.java:492)
06-22 14:59:38.576 E/BatteryStatsImpl( 1907): 	at com.android.internal.os.ZygoteInit.main(ZygoteInit.java:908)
06-22 14:59:38.576 E/BatteryStatsImpl( 1907): Caused by: android.system.ErrnoException: open failed: ENOENT (No such file or directory)
06-22 14:59:38.576 E/BatteryStatsImpl( 1907): 	at libcore.io.Linux.open(Native Method)
06-22 14:59:38.576 E/BatteryStatsImpl( 1907): 	at libcore.io.ForwardingOs.open(ForwardingOs.java:167)
06-22 14:59:38.576 E/BatteryStatsImpl( 1907): 	at libcore.io.BlockGuardOs.open(BlockGuardOs.java:252)
06-22 14:59:38.576 E/BatteryStatsImpl( 1907): 	at libcore.io.IoBridge.open(IoBridge.java:482)
06-22 14:59:38.576 E/BatteryStatsImpl( 1907): 	... 16 more
06-22 14:59:38.576 E/BatteryStatsImpl( 1907): Error reading battery history
06-22 14:59:38.576 E/BatteryStatsImpl( 1907): java.io.FileNotFoundException: /data/system/battery-history/0.bin: open failed: ENOENT (No such file or directory)
06-22 14:59:38.576 E/BatteryStatsImpl( 1907): 	at libcore.io.IoBridge.open(IoBridge.java:496)
06-22 14:59:38.576 E/BatteryStatsImpl( 1907): 	at java.io.FileInputStream.<init>(FileInputStream.java:159)
06-22 14:59:38.576 E/BatteryStatsImpl( 1907): 	at com.android.internal.os.AtomicFile.openRead(AtomicFile.java:157)
06-22 14:59:38.576 E/BatteryStatsImpl( 1907): 	at com.android.internal.os.AtomicFile.readFully(AtomicFile.java:162)
06-22 14:59:38.576 E/BatteryStatsImpl( 1907): 	at com.android.internal.os.BatteryStatsImpl.readLocked(BatteryStatsImpl.java:13358)
06-22 14:59:38.576 E/BatteryStatsImpl( 1907): 	at com.android.server.am.ActivityManagerService.<init>(ActivityManagerService.java:2501)
06-22 14:59:38.576 E/BatteryStatsImpl( 1907): 	at com.android.server.am.ActivityManagerService$Lifecycle.<init>(ActivityManagerService.java:2215)
06-22 14:59:38.576 E/BatteryStatsImpl( 1907): 	at java.lang.reflect.Constructor.newInstance0(Native Method)
06-22 14:59:38.576 E/BatteryStatsImpl( 1907): 	at java.lang.reflect.Constructor.newInstance(Constructor.java:343)
06-22 14:59:38.576 E/BatteryStatsImpl( 1907): 	at com.android.server.SystemServiceManager.startService(SystemServiceManager.java:101)
06-22 14:59:38.576 E/BatteryStatsImpl( 1907): 	at com.android.server.am.ActivityManagerService$Lifecycle.startService(ActivityManagerService.java:2221)
06-22 14:59:38.576 E/BatteryStatsImpl( 1907): 	at com.android.server.SystemServer.startBootstrapServices(SystemServer.java:660)
06-22 14:59:38.576 E/BatteryStatsImpl( 1907): 	at com.android.server.SystemServer.run(SystemServer.java:510)
06-22 14:59:38.576 E/BatteryStatsImpl( 1907): 	at com.android.server.SystemServer.main(SystemServer.java:349)
06-22 14:59:38.576 E/BatteryStatsImpl( 1907): 	at java.lang.reflect.Method.invoke(Native Method)
06-22 14:59:38.576 E/BatteryStatsImpl( 1907): 	at com.android.internal.os.RuntimeInit$MethodAndArgsCaller.run(RuntimeInit.java:492)
06-22 14:59:38.576 E/BatteryStatsImpl( 1907): 	at com.android.internal.os.ZygoteInit.main(ZygoteInit.java:908)
06-22 14:59:38.576 E/BatteryStatsImpl( 1907): Caused by: android.system.ErrnoException: open failed: ENOENT (No such file or directory)
06-22 14:59:38.576 E/BatteryStatsImpl( 1907): 	at libcore.io.Linux.open(Native Method)
06-22 14:59:38.576 E/BatteryStatsImpl( 1907): 	at libcore.io.ForwardingOs.open(ForwardingOs.java:167)
06-22 14:59:38.576 E/BatteryStatsImpl( 1907): 	at libcore.io.BlockGuardOs.open(BlockGuardOs.java:252)
06-22 14:59:38.576 E/BatteryStatsImpl( 1907): 	at libcore.io.IoBridge.open(IoBridge.java:482)
06-22 14:59:38.576 E/BatteryStatsImpl( 1907): 	... 16 more
06-22 14:59:38.580 I/hwservicemanager( 1567): getTransport: Cannot find entry android.hardware.power.stats@1.0::IPowerStats/default in either framework or device manifest.
06-22 14:59:38.582 I/BatteryStatsService( 1907): Using power HAL
06-22 14:59:38.582 E/BatteryStatsService( 1907): Unable to load Power.Stats.HAL. Setting rail availability to false
06-22 14:59:38.582 E/BluetoothAdapter( 1907): Bluetooth binder is null
06-22 14:59:38.586 E/BatteryExternalStatsWorker( 1907): no controller energy info supplied for telephony
06-22 14:59:38.587 E/KernelCpuUidFreqTimeReader( 1907): Failed to read /proc/uid_time_in_state: java.nio.file.NoSuchFileException: /proc/uid_time_in_state
06-22 14:59:38.588 W/KernelCpuProcStringReader( 1907): File not found. It's normal if not implemented: /proc/uid_time_in_state
06-22 14:59:38.588 W/KernelCpuProcStringReader( 1907): File not found. It's normal if not implemented: /proc/uid_concurrent_active_time
06-22 14:59:38.588 W/KernelCpuProcStringReader( 1907): File not found. It's normal if not implemented: /proc/uid_concurrent_policy_time
06-22 14:59:38.589 W/KernelMemoryBandwidthStats( 1907): No kernel memory bandwidth stats available
06-22 14:59:38.589 I/PowerManagerService-JNI( 1907): Loaded power HAL 1.0 service
06-22 14:59:38.589 I/PowerManagerService-JNI( 1907): Loaded power HAL 1.1 service
06-22 14:59:38.593 I/hwservicemanager( 1567): getTransport: Cannot find entry android.hardware.memtrack@1.0::IMemtrack/default in either framework or device manifest.
06-22 14:59:38.593 E/memtrack( 1907): Couldn't load memtrack module
06-22 14:59:38.593 W/android.os.Debug( 1907): failed to get memory consumption info: -1
06-22 14:59:38.595 I/AppOps  ( 1907): No existing app ops /data/system/appops.xml; starting empty
06-22 14:59:38.598 I/IntentFirewall( 1907): Read new rules (A:0 B:0 S:0)
06-22 14:59:38.609 W/libprocessgroup( 1907): Failed to remove /acct/uid_1003: Permission denied
06-22 14:59:38.613 D/AppOps  ( 1907): AppOpsService published
06-22 14:59:38.616 D/SystemServerTiming( 1907): StartActivityManager took to complete: 71ms
06-22 14:59:38.616 I/SystemServer( 1907): StartPowerManager
06-22 14:59:38.616 I/SystemServiceManager( 1907): Starting com.android.server.power.PowerManagerService
06-22 14:59:38.622 D/SystemServerTiming( 1907): StartPowerManager took to complete: 7ms
06-22 14:59:38.623 I/SystemServer( 1907): StartThermalManager
06-22 14:59:38.623 I/SystemServiceManager( 1907): Starting com.android.server.power.ThermalManagerService
06-22 14:59:38.623 D/SystemServerTiming( 1907): StartThermalManager took to complete: 0ms
06-22 14:59:38.623 I/SystemServer( 1907): InitPowerManagement
06-22 14:59:38.623 D/SystemServerTiming( 1907): InitPowerManagement took to complete: 1ms
06-22 14:59:38.623 I/SystemServer( 1907): StartRecoverySystemService
06-22 14:59:38.623 I/SystemServiceManager( 1907): Starting com.android.server.RecoverySystemService
06-22 14:59:38.624 D/SystemServerTiming( 1907): StartRecoverySystemService took to complete: 0ms
06-22 14:59:38.624 V/RescueParty( 1907): Disabled because of active USB connection
06-22 14:59:38.625 I/SystemServer( 1907): StartLightsService
06-22 14:59:38.625 I/SystemServiceManager( 1907): Starting com.android.server.lights.LightsService
06-22 14:59:38.629 D/SystemServerTiming( 1907): StartLightsService took to complete: 4ms
06-22 14:59:38.629 I/SystemServer( 1907): StartSidekickService
06-22 14:59:38.629 D/SystemServerTiming( 1907): StartSidekickService took to complete: 0ms
06-22 14:59:38.629 I/SystemServer( 1907): StartDisplayManager
06-22 14:59:38.629 I/SystemServiceManager( 1907): Starting com.android.server.display.DisplayManagerService
06-22 14:59:38.631 D/SystemServerTiming( 1907): StartDisplayManager took to complete: 2ms
06-22 14:59:38.631 I/SystemServer( 1907): WaitForDisplay
06-22 14:59:38.631 I/SystemServiceManager( 1907): Starting phase 100
06-22 14:59:38.633 E/SurfaceFlinger( 1714): ro.sf.lcd_density must be defined as a build property
06-22 14:59:38.636 I/DisplayManagerService( 1907): Display device added: DisplayDeviceInfo{"Built-in Screen": uniqueId="local:0", 320 x 640, modeId 1, defaultModeId 1, supportedModes [{id=1, width=320, height=640, fps=60.000004}], colorMode 0, supportedColorModes [0], HdrCapabilities android.view.Display$HdrCapabilities@40f16308, density 160, 160.0 x 160.0 dpi, appVsyncOff 1000000, presDeadline 16666666, touch INTERNAL, rotation 0, type BUILT_IN, address {port=0}, state UNKNOWN, FLAG_DEFAULT_DISPLAY, FLAG_ROTATES_WITH_CONTENT, FLAG_SECURE, FLAG_SUPPORTS_PROTECTED_BUFFERS}
06-22 14:59:38.639 D/SurfaceFlinger( 1714): Setting power mode 2 on display 0
06-22 14:59:38.640 I/hwservicemanager( 1567): getTransport: Cannot find entry android.hardware.light@2.0::ILight/default in either framework or device manifest.
06-22 14:59:38.640 D/SystemServerTiming( 1907): WaitForDisplay took to complete: 10ms
06-22 14:59:38.641 I/SystemServer( 1907): StartPackageManagerService
06-22 14:59:38.641 I/Watchdog( 1907): Pausing HandlerChecker: main thread for reason: packagemanagermain. Pause count: 1
06-22 14:59:38.641 W/StrictMode( 1907): No activity manager; failed to Dropbox violation.
06-22 14:59:38.643 I/DisplayManagerService( 1907): Display device changed state: "Built-in Screen", ON
06-22 14:59:38.643 I/chatty  ( 1907): uid=1000(system) android.display identical 4 lines
06-22 14:59:38.643 W/StrictMode( 1907): No activity manager; failed to Dropbox violation.
06-22 14:59:38.656 I/ServiceManager( 1766): Waiting for service 'package_native' on '/dev/binder'...
06-22 14:59:38.659 W/FileUtils( 1907): Failed to chmod(/data/system/packages.list): android.system.ErrnoException: chmod failed: ENOENT (No such file or directory)
06-22 14:59:38.662 D/SELinuxMMAC( 1907): Using policy file /system/etc/selinux/plat_mac_permissions.xml
06-22 14:59:38.662 D/SELinuxMMAC( 1907): Using policy file /vendor/etc/selinux/vendor_mac_permissions.xml
06-22 14:59:38.663 D/FallbackCategoryProvider( 1907): Found 387 fallback categories
06-22 14:59:38.663 I/PackageManager( 1907): No settings file; creating initial state
06-22 14:59:38.666 D/PackageManager( 1907): No files in app dir /vendor/overlay
06-22 14:59:38.670 I/PackageManager( 1907): /system/product/overlay/FontNotoSerifSource changed; collecting certs
06-22 14:59:38.681 V/apexd   ( 1637): Found bundled key in package /system/apex/com.android.apex.cts.shim.apex
06-22 14:59:38.682 E/apexd   ( 1637): Can't open /product/apex for reading : No such file or directory
06-22 14:59:38.698 I/PackageManager( 1907): /system/product/overlay/IconShapeRoundedRect changed; collecting certs
