06-22 14:59:39.261 I/ServiceManager( 1766): Waiting for service 'package_native' on '/dev/binder'...
06-22 14:59:39.264 I/PackageParser( 1907): Parse times for '/system/product/priv-app/Velvet': parse=121ms, update_cache=10 ms
06-22 14:59:39.265 I/PackageManager( 1907): /system/product/priv-app/Velvet changed; collecting certs
06-22 14:59:39.278 I/PackageParser( 1907): Parse times for '/system/product/priv-app/Settings': parse=138ms, update_cache=9 ms
06-22 14:59:39.281 I/PackageManager( 1907): /system/product/priv-app/Settings changed; collecting certs
06-22 14:59:39.282 E/PackageManager( 1907): Adding duplicate shared id: 1000 name=com.android.settings
06-22 14:59:39.283 W/PackageManager( 1907): Skipping provider name androidx.lifecycle.process.lifecycle-process (in package com.android.settings): name already used by com.android.systemui
06-22 14:59:39.289 I/PackageManager( 1907): /system/product/app/NexusWallpapersStubPrebuilt2018 changed; collecting certs
06-22 14:59:39.294 I/PackageManager( 1907): /system/product/app/TrichromeLibrary changed; collecting certs
06-22 14:59:39.305 I/PackageManager( 1907): /system/product/app/MarkupGoogle changed; collecting certs
06-22 14:59:39.313 I/PackageManager( 1907): /system/product/app/DMAgent changed; collecting certs
06-22 14:59:39.330 I/PackageManager( 1907): /system/product/app/SoundPickerPrebuilt changed; collecting certs
06-22 14:59:39.336 I/PackageManager( 1907): /system/product/app/Videos changed; collecting certs
06-22 14:59:39.344 I/PackageManager( 1907): /system/product/app/GoogleContactsSyncAdapter changed; collecting certs
06-22 14:59:39.356 I/PackageManager( 1907): /system/product/app/WebViewGoogle changed; collecting certs
06-22 14:59:39.381 W/PackageParser( 1907): No actions in intent filter at /system/product/app/PrebuiltBugle/PrebuiltBugle.apk Binary XML file line #1261
06-22 14:59:39.390 I/PackageManager( 1907): /system/product/app/PrebuiltBugle changed; collecting certs
06-22 14:59:39.404 I/PackageParser( 1907): Parse times for '/system/product/app/LatinIMEGooglePrebuilt': parse=112ms, update_cache=4 ms
06-22 14:59:39.409 I/PackageManager( 1907): /system/product/app/Chrome changed; collecting certs
06-22 14:59:39.412 I/PackageManager( 1907): /system/product/app/LatinIMEGooglePrebuilt changed; collecting certs
06-22 14:59:39.419 I/PackageManager( 1907): /system/product/app/ModuleMetadataGoogle changed; collecting certs
06-22 14:59:39.424 I/PackageManager( 1907): /system/product/app/Camera2 changed; collecting certs
06-22 14:59:39.445 W/PackageParser( 1907): No actions in intent filter at /system/product/app/Drive/Drive.apk Binary XML file line #1759
06-22 14:59:39.452 I/PackageParser( 1907): Parse times for '/system/product/app/Drive': parse=108ms, update_cache=7 ms
06-22 14:59:39.452 I/PackageManager( 1907): /system/product/app/Drive changed; collecting certs
06-22 14:59:39.362 I/chatty  ( 1766): uid=0(root) /system/bin/storaged identical 1 line
06-22 14:59:39.465 I/ServiceManager( 1766): Waiting for service 'package_native' on '/dev/binder'...
06-22 14:59:39.473 I/PackageManager( 1907): New shared user com.google.android.apps.maps: id=10137
06-22 14:59:39.473 I/PackageManager( 1907): /system/product/app/Maps changed; collecting certs
06-22 14:59:39.476 E/PackageManager( 1907): Adding duplicate app id: 10137 name=com.google.android.apps.maps
06-22 14:59:39.481 W/PackageParser( 1907): No actions in intent filter at /system/product/app/PrebuiltGmail/PrebuiltGmail.apk Binary XML file line #735
06-22 14:59:39.481 W/PackageParser( 1907): No actions in intent filter at /system/product/app/PrebuiltGmail/PrebuiltGmail.apk Binary XML file line #800
06-22 14:59:39.485 I/PackageManager( 1907): /system/product/app/WallpapersBReel2018 changed; collecting certs
06-22 14:59:39.528 I/PackageParser( 1907): Parse times for '/system/product/app/PrebuiltGmail': parse=80ms, update_cache=46 ms
06-22 14:59:39.528 I/PackageManager( 1907): /system/product/app/PrebuiltGmail changed; collecting certs
06-22 14:59:39.533 W/PackageParser( 1907): No actions in intent filter at /system/product/app/CalendarGooglePrebuilt/CalendarGooglePrebuilt.apk Binary XML file line #500
06-22 14:59:39.535 I/PackageParser( 1907): Parse times for '/system/product/app/CalendarGooglePrebuilt': parse=109ms, update_cache=3 ms
06-22 14:59:39.535 I/PackageManager( 1907): New shared user com.google.android.calendar.uid.shared: id=10140
06-22 14:59:39.536 I/PackageManager( 1907): /system/product/app/CalendarGooglePrebuilt changed; collecting certs
06-22 14:59:39.537 E/PackageManager( 1907): Adding duplicate app id: 10140 name=com.google.android.calendar
06-22 14:59:39.540 W/PackageParser( 1907): No actions in intent filter at /system/product/app/Photos/Photos.apk Binary XML file line #1857
06-22 14:59:39.545 I/PackageManager( 1907): /system/product/app/Music2 changed; collecting certs
06-22 14:59:39.552 I/PackageManager( 1907): /system/product/app/Photos changed; collecting certs
06-22 14:59:39.558 I/PackageManager( 1907): /system/product/app/GoogleTTS changed; collecting certs
06-22 14:59:39.565 I/ServiceManager( 1766): Waiting for service 'package_native' on '/dev/binder'...
06-22 14:59:39.569 I/PackageManager( 1907): /system/product/app/PrebuiltDeskClockGoogle changed; collecting certs
06-22 14:59:39.581 W/PackageParser( 1907): Unknown element under <manifest>: meta-data at /system/product/app/YouTube/YouTube.apk Binary XML file line #113
06-22 14:59:39.581 W/PackageParser( 1907): Unknown element under <manifest>: queries at /system/product/app/YouTube/YouTube.apk Binary XML file line #115
06-22 14:59:39.586 I/PackageManager( 1907): /system/product/app/YouTube changed; collecting certs
06-22 14:59:39.593 D/PackageManager( 1907): No files in app dir /product_services/priv-app
06-22 14:59:39.593 D/PackageManager( 1907): No files in app dir /product_services/app
06-22 14:59:39.593 I/PackageManager( 1907): Finished scanning system apps. Time: 930 ms, packageCount: 177 , timePerPackage: 5 , cached: 0
06-22 14:59:39.594 D/PackageManager( 1907): No files in app dir /data/app
06-22 14:59:39.594 I/PackageManager( 1907): Finished scanning non-system apps. Time: 0 ms, packageCount: 0 , timePerPackage: 0 , cached: 0
06-22 14:59:39.594 E/installd( 1751): Invalid path /system/product/priv-app/GoogleServicesFramework: No such file or directory
06-22 14:59:39.595 E/installd( 1751): Invalid path /system/product/priv-app/Settings: No such file or directory
06-22 14:59:39.596 E/installd( 1751): Invalid path /system/framework/framework-res.apk: No such file or directory
06-22 14:59:39.596 I/PackageManager( 1907): Time to scan packages: 0.933 seconds
06-22 14:59:39.597 I/PackageManager( 1907): Un-granting permission android.permission.MANAGE_DOCUMENTS from package com.google.android.youtube (protectionLevel=262146 flags=0x305bbe45)
06-22 14:59:39.598 I/PackageManager( 1907): Un-granting permission com.google.android.googleapps.permission.GOOGLE_AUTH from package com.android.providers.calendar (protectionLevel=2 flags=0x30083e45)
06-22 14:59:39.598 I/PackageManager( 1907): Un-granting permission com.google.android.googleapps.permission.GOOGLE_AUTH.cl from package com.android.providers.calendar (protectionLevel=2 flags=0x30083e45)
06-22 14:59:39.598 I/PackageManager( 1907): Un-granting permission android.permission.WRITE_SECURE_SETTINGS from package com.google.android.apps.enterprise.dmagent (protectionLevel=50 flags=0x30083e05)
06-22 14:59:39.598 I/PackageManager( 1907): Un-granting permission android.permission.CONNECTIVITY_INTERNAL from package com.google.android.apps.enterprise.dmagent (protectionLevel=18 flags=0x30083e05)
06-22 14:59:39.598 I/PackageManager( 1907): Un-granting permission android.permission.MANAGE_USB from package com.google.android.apps.enterprise.dmagent (protectionLevel=18 flags=0x30083e05)
06-22 14:59:39.598 I/PackageManager( 1907): Un-granting permission android.permission.CHANGE_COMPONENT_ENABLED_STATE from package com.google.android.apps.enterprise.dmagent (protectionLevel=18 flags=0x30083e05)
06-22 14:59:39.598 I/PackageManager( 1907): Un-granting permission android.permission.MANAGE_CA_CERTIFICATES from package com.google.android.apps.enterprise.dmagent (protectionLevel=18 flags=0x30083e05)
06-22 14:59:39.598 I/PackageManager( 1907): Un-granting permission android.permission.MANAGE_USERS from package com.google.android.apps.enterprise.dmagent (protectionLevel=18 flags=0x30083e05)
06-22 14:59:39.598 I/PackageManager( 1907): Un-granting permission com.google.android.setupwizard.READ_DEVICE_ORIGIN from package com.google.android.apps.messaging (protectionLevel=18 flags=0x384bbe45)
06-22 14:59:39.599 I/PackageManager( 1907): Un-granting permission android.permission.BIND_WALLPAPER from package com.android.camera2 (protectionLevel=18 flags=0x2058bc45)
06-22 14:59:39.599 I/PackageManager( 1907): Un-granting permission android.permission.REQUEST_INSTALL_PACKAGES from package com.google.android.gm (protectionLevel=66 flags=0x384bbe45)
06-22 14:59:39.599 I/PackageManager( 1907): Un-granting permission android.permission.GRANT_RUNTIME_PERMISSIONS from package com.google.android.permissioncontroller (protectionLevel=770 flags=0x30483e05)
06-22 14:59:39.599 I/PackageManager( 1907): Un-granting permission android.permission.REVOKE_RUNTIME_PERMISSIONS from package com.google.android.permissioncontroller (protectionLevel=770 flags=0x30483e05)
06-22 14:59:39.599 I/PackageManager( 1907): Un-granting permission android.permission.ADJUST_RUNTIME_PERMISSIONS_POLICY from package com.google.android.permissioncontroller (protectionLevel=258 flags=0x30483e05)
06-22 14:59:39.599 I/PackageManager( 1907): Un-granting permission android.permission.WHITELIST_RESTRICTED_PERMISSIONS from package com.google.android.permissioncontroller (protectionLevel=258 flags=0x30483e05)
06-22 14:59:39.599 I/PackageManager( 1907): Un-granting permission android.permission.INTERACT_ACROSS_USERS_FULL from package com.google.android.permissioncontroller (protectionLevel=258 flags=0x30483e05)
06-22 14:59:39.599 I/PackageManager( 1907): Un-granting permission android.permission.MANAGE_APP_OPS_MODES from package com.google.android.permissioncontroller (protectionLevel=770 flags=0x30483e05)
06-22 14:59:39.599 I/PackageManager( 1907): Un-granting permission android.permission.KILL_UID from package com.google.android.permissioncontroller (protectionLevel=258 flags=0x30483e05)
06-22 14:59:39.599 I/PackageManager( 1907): Un-granting permission android.permission.MANAGE_APP_OPS_RESTRICTIONS from package com.google.android.permissioncontroller (protectionLevel=258 flags=0x30483e05)
06-22 14:59:39.599 I/PackageManager( 1907): Un-granting permission android.permission.HIDE_NON_SYSTEM_OVERLAY_WINDOWS from package com.google.android.permissioncontroller (protectionLevel=258 flags=0x30483e05)
06-22 14:59:39.599 I/PackageManager( 1907): Un-granting permission android.permission.MANAGE_ROLE_HOLDERS from package com.google.android.permissioncontroller (protectionLevel=258 flags=0x30483e05)
06-22 14:59:39.599 I/PackageManager( 1907): Un-granting permission android.permission.OBSERVE_ROLE_HOLDERS from package com.google.android.permissioncontroller (protectionLevel=258 flags=0x30483e05)
06-22 14:59:39.599 I/PackageManager( 1907): Un-granting permission android.permission.SET_PREFERRED_APPLICATIONS from package com.google.android.permissioncontroller (protectionLevel=770 flags=0x30483e05)
06-22 14:59:39.599 I/PackageManager( 1907): Un-granting permission android.permission.ACCESS_SHARED_LIBRARIES from package com.google.android.permissioncontroller (protectionLevel=258 flags=0x30483e05)
06-22 14:59:39.599 I/PackageManager( 1907): Un-granting permission android.permission.ACCESS_INSTANT_APPS from package com.google.android.permissioncontroller (protectionLevel=131842 flags=0x30483e05)
06-22 14:59:39.599 I/PackageManager( 1907): Un-granting permission android.permission.OPEN_ACCESSIBILITY_DETAILS_SETTINGS from package com.google.android.permissioncontroller (protectionLevel=258 flags=0x30483e05)
06-22 14:59:39.600 I/PackageManager( 1907): Un-granting permission android.permission.BIND_JOB_SERVICE from package com.google.android.music (protectionLevel=2 flags=0x384bbe65)
06-22 14:59:39.600 I/PackageManager( 1907): Un-granting permission android.permission.CONNECTIVITY_USE_RESTRICTED_NETWORKS from package com.google.android.captiveportallogin (protectionLevel=18 flags=0x3848be45)
06-22 14:59:39.600 I/PackageManager( 1907): Un-granting permission android.permission.NETWORK_BYPASS_PRIVATE_DNS from package com.google.android.captiveportallogin (protectionLevel=2 flags=0x3848be45)
06-22 14:59:39.600 I/PackageManager( 1907): Un-granting permission android.permission.REQUEST_INSTALL_PACKAGES from package com.google.android.apps.docs (protectionLevel=66 flags=0x384bbe45)
06-22 14:59:39.600 I/PackageManager( 1907): Un-granting permission android.permission.INTERACT_ACROSS_USERS from package com.google.android.syncadapters.contacts (protectionLevel=50 flags=0x20083e45)
06-22 14:59:39.600 I/PackageManager( 1907): Un-granting permission android.permission.REQUEST_INSTALL_PACKAGES from package com.android.chrome (protectionLevel=66 flags=0xa04bbe45)
06-22 14:59:39.601 I/PackageManager( 1907): Un-granting permission com.google.android.apps.now.CURRENT_ACCOUNT_ACCESS from package com.android.chrome (protectionLevel=2 flags=0xa04bbe45)
06-22 14:59:39.601 I/PackageManager( 1907): Un-granting permission android.permission.HIDE_NON_SYSTEM_OVERLAY_WINDOWS from package com.google.android.packageinstaller (protectionLevel=258 flags=0x30483e45)
06-22 14:59:39.601 I/PackageManager( 1907): Un-granting permission android.permission.MANAGE_APP_OPS_MODES from package com.google.android.packageinstaller (protectionLevel=770 flags=0x30483e45)
06-22 14:59:39.601 I/PackageManager( 1907): Un-granting permission android.permission.INTERACT_ACROSS_USERS_FULL from package com.google.android.packageinstaller (protectionLevel=258 flags=0x30483e45)
06-22 14:59:39.601 I/PackageManager( 1907): Un-granting permission android.permission.CAPTURE_VIDEO_OUTPUT from package com.google.android.gms (protectionLevel=2 flags=0xb04abe45)
06-22 14:59:39.601 I/PackageManager( 1907): Un-granting permission android.permission.MANAGE_DEVICE_ADMINS from package com.google.android.gms (protectionLevel=2 flags=0xb04abe45)
06-22 14:59:39.601 I/PackageManager( 1907): Un-granting permission android.permission.MANAGE_ACTIVITY_STACKS from package com.google.android.gms (protectionLevel=2 flags=0xb04abe45)
06-22 14:59:39.601 I/PackageManager( 1907): Un-granting permission android.permission.CAPTURE_SECURE_VIDEO_OUTPUT from package com.google.android.gms (protectionLevel=2 flags=0xb04abe45)
06-22 14:59:39.601 I/PackageManager( 1907): Un-granting permission android.permission.MANAGE_ROLLBACKS from package com.google.android.gms (protectionLevel=514 flags=0xb04abe45)
06-22 14:59:39.602 I/PackageManager( 1907): Un-granting permission com.google.android.googleapps.permission.GOOGLE_AUTH from package com.google.android.videos (protectionLevel=2 flags=0x305bbe45)
06-22 14:59:39.602 I/PackageManager( 1907): Un-granting permission android.permission.WRITE_MEDIA_STORAGE from package com.google.android.apps.photos (protectionLevel=18 flags=0x3859be45)
06-22 14:59:39.605 W/PackageManager( 1907): Unknown package com.google.android.apps.docs.editors.docs in sysconfig <app-link>
06-22 14:59:39.605 W/PackageManager( 1907): Unknown package com.google.android.apps.docs.editors.sheets in sysconfig <app-link>
06-22 14:59:39.605 W/PackageManager( 1907): Unknown package com.google.android.apps.docs.editors.slides in sysconfig <app-link>
06-22 14:59:39.605 W/PackageManager( 1907): Sysconfig <app-link> package 'com.android.vending' does not handle web links
06-22 14:59:39.605 W/PackageManager( 1907): Unknown package com.google.android.apps.plus in sysconfig <app-link>
06-22 14:59:39.605 W/PackageManager( 1907): Unknown package com.google.android.apps.tycho in sysconfig <app-link>
06-22 14:59:39.605 W/PackageManager( 1907): Unknown package com.google.android.talk in sysconfig <app-link>
06-22 14:59:39.605 V/PackageManager( 1907): reconcileAppsData for null u0 0x1 migrateAppData=true
06-22 14:59:39.606 I/SELinux ( 1751): SELinux: Loaded file_contexts
06-22 14:59:39.626 V/PackageManager( 1907): reconcileAppsData finished 20 packages
06-22 14:59:39.626 D/SystemServerInitThreadPool( 1907): Started executing prepareAppData
06-22 14:59:39.626 D/SystemServerTimingAsync( 1907): AppDataFixup took to complete: 1ms
06-22 14:59:39.636 I/SELinux ( 1907): SELinux: Loaded file_contexts
06-22 14:59:39.640 E/PackageManager( 1907): There should probably be a verifier, but, none were found
06-22 14:59:39.641 V/PackageManager( 1907): Ephemeral resolver found; pkg: com.google.android.gms, info:ResolveInfo{d518b5c com.google.android.gms/.chimera.PersistentBoundBrokerService m=0x108000}
06-22 14:59:39.641 D/PackageManager( 1907): Set ephemeral resolver: Pair{ComponentInfo{com.google.android.gms/com.google.android.gms.chimera.PersistentBoundBrokerService} android.intent.action.RESOLVE_INSTANT_APP_PACKAGE}
06-22 14:59:39.641 D/PackageManager( 1907): Instant App installer not found with android.intent.action.INSTALL_INSTANT_APP_PACKAGE
06-22 14:59:39.641 D/PackageManager( 1907): Clear ephemeral installer activity
06-22 14:59:39.660 I/system_server( 1907): Explicit concurrent copying GC freed 201986(16MB) AllocSpace objects, 154(4964KB) LOS objects, 42% free, 6468KB/11MB, paused 469us total 15.553ms
06-22 14:59:39.662 I/Watchdog( 1907): Resuming HandlerChecker: main thread for reason: packagemanagermain. Pause count: 0
06-22 14:59:39.662 D/SystemServerTiming( 1907): StartPackageManagerService took to complete: 1021ms
06-22 14:59:39.662 I/SystemServer( 1907): StartOtaDexOptService
06-22 14:59:39.662 I/Watchdog( 1907): Pausing HandlerChecker: main thread for reason: moveab. Pause count: 1
06-22 14:59:39.669 I/storaged( 1766): storaged: Start
06-22 14:59:39.669 D/OTADexopt( 1907): No upgrade, skipping A/B artifacts check.
06-22 14:59:39.669 I/Watchdog( 1907): Resuming HandlerChecker: main thread for reason: moveab. Pause count: 0
06-22 14:59:39.669 D/SystemServerTiming( 1907): StartOtaDexOptService took to complete: 7ms
06-22 14:59:39.669 I/SystemServer( 1907): StartUserManagerService
06-22 14:59:39.669 I/SystemServiceManager( 1907): Starting com.android.server.pm.UserManagerService$LifeCycle
06-22 14:59:39.669 D/SystemServerTiming( 1907): StartUserManagerService took to complete: 1ms
06-22 14:59:39.669 I/SystemServer( 1907): InitAttributerCache
06-22 14:59:39.670 D/SystemServerTiming( 1907): InitAttributerCache took to complete: 0ms
06-22 14:59:39.670 I/SystemServer( 1907): SetSystemProcess
06-22 14:59:39.672 I/lowmemorykiller( 1713): lmkd data connection established
06-22 14:59:39.672 D/SystemServerTiming( 1907): SetSystemProcess took to complete: 3ms
06-22 14:59:39.672 I/SystemServer( 1907): InitWatchdog
06-22 14:59:39.673 D/SystemServerTiming( 1907): InitWatchdog took to complete: 0ms
06-22 14:59:39.673 I/SystemServer( 1907): StartOverlayManagerService
06-22 14:59:39.682 I/        ( 1711): Waiting for sensor privacy service
06-22 14:59:39.689 I/        ( 1746): Waiting for sensor privacy service
06-22 14:59:39.797 D/SystemServerTimingAsync( 1907): AppDataPrepare took to complete: 171ms
06-22 14:59:39.798 I/PackageManager( 1907): Deferred reconcileAppsData finished 157 packages
06-22 14:59:39.798 D/SystemServerInitThreadPool( 1907): Finished executing prepareAppData
06-22 14:59:39.832 D/SystemServerTiming( 1907): StartOverlayManagerService took to complete: 159ms
06-22 14:59:39.832 I/SystemServer( 1907): StartSensorPrivacyService
06-22 14:59:39.833 D/SystemServerTiming( 1907): StartSensorPrivacyService took to complete: 1ms
06-22 14:59:39.833 D/SystemServerInitThreadPool( 1907): Started executing StartSensorService
06-22 14:59:39.833 D/SensorService( 1907): nuSensorService starting...
06-22 14:59:39.833 I/hwservicemanager( 1567): getTransport: Cannot find entry android.hardware.sensors@2.0::ISensors/default in either framework or device manifest.
06-22 14:59:39.833 I/SystemServer( 1907): StartBatteryService
06-22 14:59:39.833 I/SystemServiceManager( 1907): Starting com.android.server.BatteryService
06-22 14:59:39.834 I/hwservicemanager( 1567): getTransport: Cannot find entry android.hardware.soundtrigger@2.0::ISoundTriggerHw/default in either framework or device manifest.
06-22 14:59:39.834 E/SoundTriggerHwService( 1711): could not read implementation properties
06-22 14:59:39.835 I/SensorService( 1907): Reported power 0.000000 not deemed sane, clamping to 0.001000
06-22 14:59:39.836 I/SensorService( 1907): Generated new HMAC key.
06-22 14:59:39.837 D/SensorService( 1907): nuSensorService thread starting...
06-22 14:59:39.837 D/SensorService( 1907): new thread SensorEventAckReceiver
06-22 14:59:39.837 D/SystemServerTimingAsync( 1907): StartSensorService took to complete: 4ms
06-22 14:59:39.837 D/SystemServerInitThreadPool( 1907): Finished executing StartSensorService
06-22 14:59:39.838 I/android_os_HwBinder( 1907): HwBinder: Starting thread pool for getting: android.hardware.health@2.0::IHealth/default
06-22 14:59:39.846 I/android_os_HwBinder( 1907): HwBinder: Starting thread pool for getting: android.hidl.manager@1.0::IServiceManager/default
06-22 14:59:39.846 I/ServiceManagement( 1746): Registered android.frameworks.cameraservice.service@2.0::ICameraService/default (start delay of 3188ms)
06-22 14:59:39.846 I/HealthServiceWrapper( 1907): health: HealthServiceWrapper listening to instance default
06-22 14:59:39.846 I/BatteryService( 1907): health: Waited 0ms and received the update.
06-22 14:59:39.847 I/android_os_HwBinder( 1907): HwBinder: Starting thread pool for getting: android.hardware.health@2.0::IHealth/default
06-22 14:59:39.847 D/SystemServerTiming( 1907): StartBatteryService took to complete: 13ms
06-22 14:59:39.847 I/SystemServer( 1907): StartUsageService
06-22 14:59:39.847 I/SystemServiceManager( 1907): Starting com.android.server.usage.UsageStatsService
06-22 14:59:39.852 I/UsageStatsDatabase( 1907): Upgrading from version 0 to 4
06-22 14:59:39.852 I/UsageStatsDatabase( 1907): Deleting all usage stats files
06-22 14:59:39.853 I/UsageStatsService( 1907): User[0] Rollover scheduled @ 2026-06-23 14:59:39(1782226779850)
06-22 14:59:39.853 D/SystemServerTiming( 1907): StartUsageService took to complete: 6ms
06-22 14:59:39.853 I/SystemServer( 1907): StartWebViewUpdateService
06-22 14:59:39.853 I/SystemServiceManager( 1907): Starting com.android.server.webkit.WebViewUpdateService
06-22 14:59:39.855 D/SystemServerTiming( 1907): StartWebViewUpdateService took to complete: 2ms
06-22 14:59:39.855 I/SystemServer( 1907): StartCachedDeviceStateService
06-22 14:59:39.855 I/SystemServiceManager( 1907): Starting com.android.server.CachedDeviceStateService
06-22 14:59:39.855 D/SystemServerTiming( 1907): StartCachedDeviceStateService took to complete: 0ms
06-22 14:59:39.855 I/SystemServer( 1907): StartBinderCallsStatsService
06-22 14:59:39.856 I/SystemServiceManager( 1907): Starting com.android.server.BinderCallsStatsService$LifeCycle
06-22 14:59:39.856 D/SystemServerTiming( 1907): StartBinderCallsStatsService took to complete: 0ms
06-22 14:59:39.856 I/SystemServer( 1907): StartLooperStatsService
06-22 14:59:39.856 I/SystemServiceManager( 1907): Starting com.android.server.LooperStatsService$Lifecycle
06-22 14:59:39.856 D/SystemServerTiming( 1907): StartLooperStatsService took to complete: 0ms
06-22 14:59:39.856 I/SystemServer( 1907): StartRollbackManagerService
06-22 14:59:39.856 I/SystemServiceManager( 1907): Starting com.android.server.rollback.RollbackManagerService
06-22 14:59:39.857 D/installd( 1751): Found quota mount /dev/block/vdc at /data
06-22 14:59:39.859 D/SystemServerTiming( 1907): StartRollbackManagerService took to complete: 3ms
06-22 14:59:39.859 I/SystemServer( 1907): StartBugreportManagerService
06-22 14:59:39.859 I/SystemServiceManager( 1907): Starting com.android.server.os.BugreportManagerService
06-22 14:59:39.859 D/SystemServerTiming( 1907): StartBugreportManagerService took to complete: 0ms
06-22 14:59:39.859 I/SystemServer( 1907): GpuService
06-22 14:59:39.859 I/SystemServiceManager( 1907): Starting com.android.server.gpu.GpuService
06-22 14:59:39.859 D/SystemServerTiming( 1907): GpuService took to complete: 0ms
06-22 14:59:39.859 I/SystemServer( 1907): StartKeyAttestationApplicationIdProviderService
06-22 14:59:39.859 D/SystemServerInitThreadPool( 1907): Started executing SecondaryZygotePreload
06-22 14:59:39.859 I/SystemServer( 1907): SecondaryZygotePreload
06-22 14:59:39.859 D/SystemServerTiming( 1907): StartKeyAttestationApplicationIdProviderService took to complete: 1ms
06-22 14:59:39.859 I/SystemServer( 1907): StartKeyChainSystemService
06-22 14:59:39.860 I/SystemServiceManager( 1907): Starting com.android.server.security.KeyChainSystemService
06-22 14:59:39.860 D/SystemServerTiming( 1907): StartKeyChainSystemService took to complete: 0ms
06-22 14:59:39.860 I/SystemServer( 1907): StartSchedulingPolicyService
06-22 14:59:39.860 D/SystemServerInitThreadPool( 1907): Started executing SchedulingPolicyService.<init>
06-22 14:59:39.862 I/SchedulingPolicyService( 1907): Moving 1770 back to group default
06-22 14:59:39.862 D/SystemServerInitThreadPool( 1907): Finished executing SchedulingPolicyService.<init>
06-22 14:59:39.862 D/SystemServerTiming( 1907): StartSchedulingPolicyService took to complete: 2ms
06-22 14:59:39.862 I/SystemServer( 1907): StartTelecomLoaderService
06-22 14:59:39.862 I/SystemServiceManager( 1907): Starting com.android.server.telecom.TelecomLoaderService
06-22 14:59:39.862 D/SystemServerTiming( 1907): StartTelecomLoaderService took to complete: 0ms
06-22 14:59:39.862 I/SystemServer( 1907): StartTelephonyRegistry
06-22 14:59:39.863 D/SystemServerTiming( 1907): StartTelephonyRegistry took to complete: 0ms
06-22 14:59:39.863 I/SystemServer( 1907): StartEntropyMixer
06-22 14:59:39.863 W/EntropyMixer( 1907): No existing entropy file -- first boot?
06-22 14:59:39.873 I/EntropyMixer( 1907): Added HW RNG output to entropy pool
06-22 14:59:39.873 I/EntropyMixer( 1907): Writing entropy...
06-22 14:59:39.876 D/SystemServerTiming( 1907): StartEntropyMixer took to complete: 13ms
06-22 14:59:39.876 I/SystemServer( 1907): StartAccountManagerService
06-22 14:59:39.876 I/SystemServiceManager( 1907): Starting com.android.server.accounts.AccountManagerService$Lifecycle
06-22 14:59:39.878 D/SystemServerTiming( 1907): StartAccountManagerService took to complete: 2ms
06-22 14:59:39.878 I/SystemServer( 1907): StartContentService
06-22 14:59:39.878 I/SystemServiceManager( 1907): Starting com.android.server.content.ContentService$Lifecycle
06-22 14:59:39.880 D/SystemServerTiming( 1907): StartContentService took to complete: 2ms
06-22 14:59:39.880 I/SystemServer( 1907): InstallSystemProviders
06-22 14:59:39.883 I/system_server( 1907): The ClassLoaderContext is a special shared library.
06-22 14:59:39.908 I/SettingsState( 1907): No settings state /data/system/users/0/settings_system.xml
06-22 14:59:39.912 I/SettingsState( 1907): No settings state /data/system/users/0/settings_secure.xml
06-22 14:59:39.915 D/SettingsProvider( 1907): Generated and saved new ANDROID_ID [f9379bc91decc4d2] for user 0
06-22 14:59:39.917 I/SettingsState( 1907): No settings state /data/system/users/0/settings_global.xml
06-22 14:59:39.922 I/Zygote  ( 1663): Lazily preloading resources.
06-22 14:59:39.922 D/Zygote  ( 1663): begin preload
06-22 14:59:39.922 I/Zygote  ( 1663): Calling ZygoteHooks.beginPreload()
06-22 14:59:39.928 D/SettingsProvider( 1907): Setting [com.google.android.gms/.autofill.service.AutofillService] as Autofill Service for user 0
06-22 14:59:39.930 D/ZygoteInitTiming_lazy( 1663): BeginPreload took to complete: 9ms
06-22 14:59:39.931 I/Zygote  ( 1663): Preloading classes...
06-22 14:59:39.932 W/Zygote  ( 1663): Class not found for preloading: android.app.-$$Lambda$ActivityThread$ZXDWm3IBeFmLnFVblhB-IOZCr9o
06-22 14:59:39.937 I/SettingsState( 1907): No settings state /data/system/users/0/settings_config.xml
06-22 14:59:39.938 I/SettingsState( 1907): No settings state /data/system/users/0/settings_ssaid.xml
06-22 14:59:39.942 D/SystemServerTiming( 1907): InstallSystemProviders took to complete: 63ms
06-22 14:59:39.942 I/SystemServer( 1907): StartDropBoxManager
06-22 14:59:39.942 I/SystemServiceManager( 1907): Starting com.android.server.DropBoxManagerService
06-22 14:59:39.943 D/SystemServerTiming( 1907): StartDropBoxManager took to complete: 0ms
06-22 14:59:39.943 I/SystemServer( 1907): StartVibratorService
06-22 14:59:39.943 I/hwservicemanager( 1567): getTransport: Cannot find entry android.hardware.vibrator@1.0::IVibrator/default in either framework or device manifest.
06-22 14:59:39.944 I/hwservicemanager( 1567): getTransport: Cannot find entry android.hardware.vibrator@1.0::IVibrator/default in either framework or device manifest.
06-22 14:59:39.944 E/VibratorService( 1907): vibratorOff command failed (1).
06-22 14:59:39.944 I/hwservicemanager( 1567): getTransport: Cannot find entry android.hardware.vibrator@1.0::IVibrator/default in either framework or device manifest.
06-22 14:59:39.944 I/hwservicemanager( 1567): getTransport: Cannot find entry android.hardware.vibrator@1.3::IVibrator/default in either framework or device manifest.
06-22 14:59:39.945 D/SystemServerTiming( 1907): StartVibratorService took to complete: 2ms
06-22 14:59:39.945 I/SystemServer( 1907): StartDynamicSystemService
06-22 14:59:39.945 D/SystemServerTiming( 1907): StartDynamicSystemService took to complete: 1ms
06-22 14:59:39.945 I/SystemServer( 1907): StartConsumerIrService
06-22 14:59:39.946 I/hwservicemanager( 1567): getTransport: Cannot find entry android.hardware.ir@1.0::IConsumerIr/default in either framework or device manifest.
06-22 14:59:39.946 D/SystemServerTiming( 1907): StartConsumerIrService took to complete: 0ms
06-22 14:59:39.946 I/SystemServer( 1907): StartAlarmManagerService
06-22 14:59:39.947 D/AlarmManagerService( 1907): Kernel timezone updated to 0 minutes west of GMT
06-22 14:59:39.948 D/SystemServerTiming( 1907): StartAlarmManagerService took to complete: 2ms
06-22 14:59:39.948 I/SystemServer( 1907): StartInputManagerService
06-22 14:59:39.948 I/InputManager( 1907): Initializing input manager, mUseDevInputEventForAudioJack=true
06-22 14:59:39.949 I/InputClassifier( 1907): Deep press feature enabled.
06-22 14:59:39.950 D/SystemServerTiming( 1907): StartInputManagerService took to complete: 1ms
06-22 14:59:39.950 I/SystemServer( 1907): StartWindowManagerService
06-22 14:59:39.952 I/WindowManager( 1907): No existing display settings, starting empty
06-22 14:59:39.953 I/hwservicemanager( 1567): getTransport: Cannot find entry android.hardware.input.classifier@1.0::IInputClassifier/default in either framework or device manifest.
06-22 14:59:39.953 I/InputClassifier( 1907): Could not obtain InputClassifier HAL
06-22 14:59:39.954 E/InputClassifier( 1907): InputClassifier HAL has died. Setting mMotionClassifier to null
06-22 14:59:39.954 I/WindowTracing( 1907): Setting window tracing log level to 1
06-22 14:59:39.955 I/WindowTracing( 1907): Setting window tracing buffer capacity to 2097152bytes
06-22 14:59:39.957 D/SystemServerTiming( 1907): StartWindowManagerService took to complete: 6ms
06-22 14:59:39.957 I/SystemServer( 1907): SetWindowManagerService
06-22 14:59:39.962 I/DropBoxManagerService( 1907): add tag=system_server_strictmode isTagEnabled=true flags=0x2
06-22 14:59:39.963 I/DropBoxManagerService( 1907): add tag=system_server_strictmode isTagEnabled=true flags=0x2
06-22 14:59:39.968 D/SystemServerTiming( 1907): SetWindowManagerService took to complete: 11ms
06-22 14:59:39.968 I/SystemServer( 1907): WindowManagerServiceOnInitReady
06-22 14:59:39.971 W/ShortcutManager( 1907): Unable to add bookmark: com.google.android.talk/com.google.android.talk.SigningInActivity
06-22 14:59:39.971 W/ShortcutManager( 1907): android.content.pm.PackageManager$NameNotFoundException: ComponentInfo{com.google.android.talk/com.google.android.talk.SigningInActivity}
06-22 14:59:39.971 W/ShortcutManager( 1907): 	at android.app.ApplicationPackageManager.getActivityInfo(ApplicationPackageManager.java:456)
06-22 14:59:39.971 W/ShortcutManager( 1907): 	at com.android.server.policy.ShortcutManager.loadShortcuts(ShortcutManager.java:142)
06-22 14:59:39.971 W/ShortcutManager( 1907): 	at com.android.server.policy.ShortcutManager.<init>(ShortcutManager.java:62)
06-22 14:59:39.971 W/ShortcutManager( 1907): 	at com.android.server.policy.PhoneWindowManager.init(PhoneWindowManager.java:1797)
06-22 14:59:39.971 W/ShortcutManager( 1907): 	at com.android.server.wm.WindowManagerService$5.run(WindowManagerService.java:988)
06-22 14:59:39.971 W/ShortcutManager( 1907): 	at android.os.Handler$BlockingRunnable.run(Handler.java:906)
06-22 14:59:39.971 W/ShortcutManager( 1907): 	at android.os.Handler.handleCallback(Handler.java:883)
06-22 14:59:39.971 W/ShortcutManager( 1907): 	at android.os.Handler.dispatchMessage(Handler.java:100)
06-22 14:59:39.971 W/ShortcutManager( 1907): 	at android.os.Looper.loop(Looper.java:214)
06-22 14:59:39.971 W/ShortcutManager( 1907): 	at android.os.HandlerThread.run(HandlerThread.java:67)
06-22 14:59:39.971 W/ShortcutManager( 1907): 	at com.android.server.ServiceThread.run(ServiceThread.java:44)
06-22 14:59:39.971 W/ShortcutManager( 1907): 	at com.android.server.UiThread.run(UiThread.java:43)
06-22 14:59:39.973 D/SystemServerTiming( 1907): WindowManagerServiceOnInitReady took to complete: 5ms
06-22 14:59:39.973 D/SystemServerInitThreadPool( 1907): Started executing StartHidlServices
06-22 14:59:39.973 I/SystemServer( 1907): StartInputManager
06-22 14:59:39.973 I/InputManager( 1907): Starting input manager
06-22 14:59:39.973 I/ServiceManagement( 1907): Registered android.frameworks.sensorservice@1.0::ISensorManager/default (start delay of 1646ms)
06-22 14:59:39.974 D/SystemServerTiming( 1907): StartInputManager took to complete: 1ms
06-22 14:59:39.974 I/ServiceManagement( 1907): Registered android.frameworks.schedulerservice@1.0::ISchedulingPolicyService/default (start delay of 1646ms)
06-22 14:59:39.974 D/SystemServerTimingAsync( 1907): StartHidlServices took to complete: 1ms
06-22 14:59:39.974 D/SystemServerInitThreadPool( 1907): Finished executing StartHidlServices
06-22 14:59:39.974 I/SystemServer( 1907): DisplayManagerWindowManagerAndInputReady
06-22 14:59:39.974 D/SystemServerTiming( 1907): DisplayManagerWindowManagerAndInputReady took to complete: 0ms
06-22 14:59:39.974 I/SystemServer( 1907): No Bluetooth Service (Bluetooth Hardware Not Present)
06-22 14:59:39.974 I/SystemServer( 1907): IpConnectivityMetrics
06-22 14:59:39.974 I/SystemServiceManager( 1907): Starting com.android.server.connectivity.IpConnectivityMetrics
06-22 14:59:39.975 D/SystemServerTiming( 1907): IpConnectivityMetrics took to complete: 1ms
06-22 14:59:39.975 I/SystemServer( 1907): NetworkWatchlistService
06-22 14:59:39.975 I/SystemServiceManager( 1907): Starting com.android.server.net.watchlist.NetworkWatchlistService$Lifecycle
06-22 14:59:39.976 D/EventHub( 1907): No input device configuration file found for device 'Power Button'.
06-22 14:59:39.977 W/EventHub( 1907): Unable to disable kernel key repeat for /dev/input/event0: Function not implemented
06-22 14:59:39.977 I/EventHub( 1907): wakeMechanism=EPOLLWAKEUP, usingClockIoctl=true
06-22 14:59:39.977 I/EventHub( 1907): New device: id=1, fd=125, path='/dev/input/event0', name='Power Button', classes=0x1, configuration='', keyLayout='/system/usr/keylayout/Generic.kl', keyCharacterMap='/system/usr/keychars/Generic.kcm', builtinKeyboard=false, 
06-22 14:59:39.978 I/EventHub( 1907): wakeMechanism=EPOLLWAKEUP, usingClockIoctl=true
06-22 14:59:39.978 I/EventHub( 1907): New device: id=2, fd=126, path='/dev/input/event10', name='virtio_input_multi_touch_10', classes=0x94, configuration='/vendor/usr/idc/virtio_input_multi_touch_10.idc', keyLayout='', keyCharacterMap='', builtinKeyboard=false, 
06-22 14:59:39.979 I/EventHub( 1907): wakeMechanism=EPOLLWAKEUP, usingClockIoctl=true
06-22 14:59:39.979 I/EventHub( 1907): New device: id=3, fd=130, path='/dev/input/event7', name='virtio_input_multi_touch_7', classes=0x94, configuration='/vendor/usr/idc/virtio_input_multi_touch_7.idc', keyLayout='', keyCharacterMap='', builtinKeyboard=false, 
06-22 14:59:39.979 D/SystemServerTiming( 1907): NetworkWatchlistService took to complete: 4ms
06-22 14:59:39.979 I/SystemServer( 1907): PinnerService
06-22 14:59:39.979 I/SystemServiceManager( 1907): Starting com.android.server.PinnerService
06-22 14:59:39.980 D/SystemServerTiming( 1907): PinnerService took to complete: 1ms
06-22 14:59:39.980 I/SystemServer( 1907): SignedConfigService
06-22 14:59:39.980 D/SystemServerTiming( 1907): SignedConfigService took to complete: 0ms
06-22 14:59:39.980 I/EventHub( 1907): wakeMechanism=EPOLLWAKEUP, usingClockIoctl=true
06-22 14:59:39.980 I/EventHub( 1907): New device: id=4, fd=131, path='/dev/input/event4', name='virtio_input_multi_touch_4', classes=0x94, configuration='/vendor/usr/idc/virtio_input_multi_touch_4.idc', keyLayout='', keyCharacterMap='', builtinKeyboard=false, 
06-22 14:59:39.980 W/Zygote  ( 1663): Class not found for preloading: android.bluetooth.BluetoothA2dp$2
06-22 14:59:39.980 I/EventHub( 1907): wakeMechanism=EPOLLWAKEUP, usingClockIoctl=true
06-22 14:59:39.980 I/EventHub( 1907): New device: id=5, fd=129, path='/dev/input/event8', name='virtio_input_multi_touch_8', classes=0x94, configuration='/vendor/usr/idc/virtio_input_multi_touch_8.idc', keyLayout='', keyCharacterMap='', builtinKeyboard=false, 
06-22 14:59:39.981 I/WatchlistLoggingHandler( 1907): Start aggregating watchlist records.
06-22 14:59:39.981 I/EventHub( 1907): wakeMechanism=EPOLLWAKEUP, usingClockIoctl=true
06-22 14:59:39.981 I/EventHub( 1907): New device: id=6, fd=132, path='/dev/input/event9', name='virtio_input_multi_touch_9', classes=0x94, configuration='/vendor/usr/idc/virtio_input_multi_touch_9.idc', keyLayout='', keyCharacterMap='', builtinKeyboard=false, 
06-22 14:59:39.981 I/EventHub( 1907): wakeMechanism=EPOLLWAKEUP, usingClockIoctl=true
06-22 14:59:39.981 I/EventHub( 1907): New device: id=7, fd=133, path='/dev/input/event13', name='goldfish_rotary', classes=0x1000, configuration='/vendor/usr/idc/goldfish_rotary.idc', keyLayout='', keyCharacterMap='', builtinKeyboard=false, 
06-22 14:59:39.982 I/EventHub( 1907): wakeMechanism=EPOLLWAKEUP, usingClockIoctl=true
06-22 14:59:39.982 I/EventHub( 1907): New device: id=8, fd=134, path='/dev/input/event1', name='virtio_input_multi_touch_1', classes=0x94, configuration='/vendor/usr/idc/virtio_input_multi_touch_1.idc', keyLayout='', keyCharacterMap='', builtinKeyboard=false, 
06-22 14:59:39.982 I/EventHub( 1907): wakeMechanism=EPOLLWAKEUP, usingClockIoctl=true
06-22 14:59:39.982 I/EventHub( 1907): New device: id=9, fd=136, path='/dev/input/event11', name='virtio_input_multi_touch_11', classes=0x94, configuration='/vendor/usr/idc/virtio_input_multi_touch_11.idc', keyLayout='', keyCharacterMap='', builtinKeyboard=false, 
06-22 14:59:39.983 I/EventHub( 1907): wakeMechanism=EPOLLWAKEUP, usingClockIoctl=true
06-22 14:59:39.983 I/EventHub( 1907): New device: id=10, fd=137, path='/dev/input/event5', name='virtio_input_multi_touch_5', classes=0x94, configuration='/vendor/usr/idc/virtio_input_multi_touch_5.idc', keyLayout='', keyCharacterMap='', builtinKeyboard=false, 
06-22 14:59:39.983 I/EventHub( 1907): wakeMechanism=EPOLLWAKEUP, usingClockIoctl=true
06-22 14:59:39.983 I/EventHub( 1907): New device: id=11, fd=138, path='/dev/input/event2', name='virtio_input_multi_touch_2', classes=0x94, configuration='/vendor/usr/idc/virtio_input_multi_touch_2.idc', keyLayout='', keyCharacterMap='', builtinKeyboard=false, 
06-22 14:59:39.983 I/EventHub( 1907): wakeMechanism=EPOLLWAKEUP, usingClockIoctl=true
06-22 14:59:39.983 I/EventHub( 1907): New device: id=12, fd=139, path='/dev/input/event6', name='virtio_input_multi_touch_6', classes=0x94, configuration='/vendor/usr/idc/virtio_input_multi_touch_6.idc', keyLayout='', keyCharacterMap='', builtinKeyboard=false, 
06-22 14:59:39.984 I/EventHub( 1907): wakeMechanism=EPOLLWAKEUP, usingClockIoctl=true
06-22 14:59:39.984 I/EventHub( 1907): New device: id=13, fd=140, path='/dev/input/event3', name='virtio_input_multi_touch_3', classes=0x94, configuration='/vendor/usr/idc/virtio_input_multi_touch_3.idc', keyLayout='', keyCharacterMap='', builtinKeyboard=false, 
06-22 14:59:39.984 D/EventHub( 1907): No input device configuration file found for device 'AT Translated Set 2 keyboard'.
06-22 14:59:39.985 I/EventHub( 1907): wakeMechanism=EPOLLWAKEUP, usingClockIoctl=true
06-22 14:59:39.985 I/EventHub( 1907): New device: id=14, fd=141, path='/dev/input/event12', name='AT Translated Set 2 keyboard', classes=0x3, configuration='', keyLayout='/system/usr/keylayout/Generic.kl', keyCharacterMap='/system/usr/keychars/Generic.kcm', builtinKeyboard=false, 
06-22 14:59:39.985 I/PackageBackwardCompatibility( 1663): Could not find android.content.pm.AndroidTestBaseUpdater, ignoring
06-22 14:59:39.985 I/InputReader( 1907): Device added: id=-1, name='Virtual', sources=0x00000301
06-22 14:59:39.986 I/InputReader( 1907): Device added: id=14, name='AT Translated Set 2 keyboard', sources=0x00000101
06-22 14:59:39.986 I/InputReader( 1907): Touch device 'virtio_input_multi_touch_3' could not query the properties of its associated display.  The device will be inoperable until the display size becomes available.
06-22 14:59:39.986 I/InputReader( 1907): Device added: id=13, name='virtio_input_multi_touch_3', sources=0x80005002
06-22 14:59:39.986 I/InputReader( 1907): Touch device 'virtio_input_multi_touch_6' could not query the properties of its associated display.  The device will be inoperable until the display size becomes available.
06-22 14:59:39.986 I/InputReader( 1907): Device added: id=12, name='virtio_input_multi_touch_6', sources=0x80005002
06-22 14:59:39.986 I/InputReader( 1907): Touch device 'virtio_input_multi_touch_2' could not query the properties of its associated display.  The device will be inoperable until the display size becomes available.
06-22 14:59:39.986 I/InputReader( 1907): Device added: id=11, name='virtio_input_multi_touch_2', sources=0x80005002
06-22 14:59:39.986 I/InputReader( 1907): Touch device 'virtio_input_multi_touch_5' could not query the properties of its associated display.  The device will be inoperable until the display size becomes available.
06-22 14:59:39.986 I/InputReader( 1907): Device added: id=10, name='virtio_input_multi_touch_5', sources=0x80005002
06-22 14:59:39.986 I/InputReader( 1907): Touch device 'virtio_input_multi_touch_11' could not query the properties of its associated display.  The device will be inoperable until the display size becomes available.
06-22 14:59:39.986 I/InputReader( 1907): Device added: id=9, name='virtio_input_multi_touch_11', sources=0x80005002
06-22 14:59:39.986 I/InputReader( 1907): Touch device 'virtio_input_multi_touch_1' could not query the properties of its associated display.  The device will be inoperable until the display size becomes available.
06-22 14:59:39.986 I/InputReader( 1907): Device added: id=8, name='virtio_input_multi_touch_1', sources=0x80005002
06-22 14:59:39.986 I/InputReader( 1907): Device added: id=7, name='goldfish_rotary', sources=0x00400000
06-22 14:59:39.986 I/InputReader( 1907): Touch device 'virtio_input_multi_touch_9' could not query the properties of its associated display.  The device will be inoperable until the display size becomes available.
06-22 14:59:39.987 I/InputReader( 1907): Device added: id=6, name='virtio_input_multi_touch_9', sources=0x80005002
06-22 14:59:39.987 I/InputReader( 1907): Touch device 'virtio_input_multi_touch_8' could not query the properties of its associated display.  The device will be inoperable until the display size becomes available.
06-22 14:59:39.987 I/InputReader( 1907): Device added: id=5, name='virtio_input_multi_touch_8', sources=0x80005002
06-22 14:59:39.987 I/InputReader( 1907): Touch device 'virtio_input_multi_touch_4' could not query the properties of its associated display.  The device will be inoperable until the display size becomes available.
06-22 14:59:39.987 I/InputReader( 1907): Device added: id=4, name='virtio_input_multi_touch_4', sources=0x80005002
06-22 14:59:39.987 I/InputReader( 1907): Touch device 'virtio_input_multi_touch_7' could not query the properties of its associated display.  The device will be inoperable until the display size becomes available.
06-22 14:59:39.987 I/InputReader( 1907): Device added: id=3, name='virtio_input_multi_touch_7', sources=0x80005002
06-22 14:59:39.987 I/InputReader( 1907): Touch device 'virtio_input_multi_touch_10' could not query the properties of its associated display.  The device will be inoperable until the display size becomes available.
06-22 14:59:39.987 I/InputReader( 1907): Device added: id=2, name='virtio_input_multi_touch_10', sources=0x80005002
06-22 14:59:39.987 I/InputReader( 1907): Device added: id=1, name='Power Button', sources=0x00000101
06-22 14:59:39.995 I/WindowManager( 1907): SAFE MODE not enabled
06-22 14:59:39.995 I/SystemServer( 1907): StartInputMethodManagerLifecycle
06-22 14:59:39.995 I/SystemServiceManager( 1907): Starting com.android.server.inputmethod.InputMethodManagerService$Lifecycle
06-22 14:59:39.998 D/SystemServerTiming( 1907): StartInputMethodManagerLifecycle took to complete: 2ms
06-22 14:59:39.998 I/SystemServer( 1907): StartAccessibilityManagerService
06-22 14:59:39.998 I/SystemServiceManager( 1907): Starting com.android.server.accessibility.AccessibilityManagerService$Lifecycle
06-22 14:59:39.998 D/SystemServerTiming( 1907): StartAccessibilityManagerService took to complete: 1ms
06-22 14:59:39.998 I/SystemServer( 1907): MakeDisplayReady
06-22 14:59:39.999 W/InputReader( 1907): Device has associated, but no associated display id.
06-22 14:59:39.999 I/ActivityTaskManager( 1907): Config changes=20005df8 {1.0 ?mcc?mnc [en_US] ldltr sw320dp w320dp h616dp 160dpi nrml long port ?uimode ?night finger qwerty/v/v -nav/h winConfig={ mBounds=Rect(0, 0 - 320, 640) mAppBounds=Rect(0, 0 - 320, 640) mWindowingMode=fullscreen mDisplayWindowingMode=fullscreen mActivityType=undefined mAlwaysOnTop=undefined mRotation=ROTATION_0} s.2}
06-22 14:59:40.000 I/ActivityTaskManager( 1907): Override config changes=60007dfc {1.0 ?mcc?mnc [en_US] ldltr sw320dp w320dp h616dp 160dpi nrml long port ?uimode ?night finger qwerty/v/v -nav/h winConfig={ mBounds=Rect(0, 0 - 320, 640) mAppBounds=Rect(0, 0 - 320, 640) mWindowingMode=fullscreen mDisplayWindowingMode=fullscreen mActivityType=undefined mAlwaysOnTop=undefined mRotation=ROTATION_0} s.2} for displayId=0
06-22 14:59:39.999 I/chatty  ( 1907): uid=1000 system_server identical 9 lines
06-22 14:59:39.999 W/InputReader( 1907): Device has associated, but no associated display id.
06-22 14:59:40.005 I/InputManager-JNI( 1907): Viewport [0] to add: local:0
06-22 14:59:40.005 D/SystemServerTiming( 1907): MakeDisplayReady took to complete: 7ms
06-22 14:59:40.005 I/SystemServer( 1907): StartStorageManagerService
06-22 14:59:40.005 I/SystemServiceManager( 1907): Starting com.android.server.StorageManagerService$Lifecycle
06-22 14:59:40.006 I/InputReader( 1907): Reconfiguring input devices.  changes=0x00000004
06-22 14:59:40.006 I/InputReader( 1907): Touch device 'virtio_input_multi_touch_10' could not query the properties of its associated display.  The device will be inoperable until the display size becomes available.
06-22 14:59:40.006 I/InputReader( 1907): Touch device 'virtio_input_multi_touch_7' could not query the properties of its associated display.  The device will be inoperable until the display size becomes available.
06-22 14:59:40.006 I/InputReader( 1907): Touch device 'virtio_input_multi_touch_4' could not query the properties of its associated display.  The device will be inoperable until the display size becomes available.
06-22 14:59:40.006 I/InputReader( 1907): Touch device 'virtio_input_multi_touch_8' could not query the properties of its associated display.  The device will be inoperable until the display size becomes available.
06-22 14:59:40.006 I/InputReader( 1907): Touch device 'virtio_input_multi_touch_9' could not query the properties of its associated display.  The device will be inoperable until the display size becomes available.
06-22 14:59:40.006 I/InputReader( 1907): Device reconfigured: id=8, name='virtio_input_multi_touch_1', size 320x640, orientation 0, mode 1, display id 0
06-22 14:59:40.006 I/InputReader( 1907): Touch device 'virtio_input_multi_touch_11' could not query the properties of its associated display.  The device will be inoperable until the display size becomes available.
06-22 14:59:40.006 I/InputReader( 1907): Touch device 'virtio_input_multi_touch_5' could not query the properties of its associated display.  The device will be inoperable until the display size becomes available.
06-22 14:59:40.006 I/InputReader( 1907): Touch device 'virtio_input_multi_touch_2' could not query the properties of its associated display.  The device will be inoperable until the display size becomes available.
06-22 14:59:40.006 I/InputReader( 1907): Touch device 'virtio_input_multi_touch_6' could not query the properties of its associated display.  The device will be inoperable until the display size becomes available.
06-22 14:59:40.006 I/InputReader( 1907): Touch device 'virtio_input_multi_touch_3' could not query the properties of its associated display.  The device will be inoperable until the display size becomes available.
06-22 14:59:40.017 D/StorageManagerService( 1907): Thinking about init, mBootCompleted=false, mDaemonConnected=true
