06-22 14:59:41.505 W/PackageManager( 1907): Cannot whitelist unknown permission: com.samsung.android.providers.context.permission.WRITE_USE_APP_FEATURE_SURVEY
06-22 14:59:41.505 I/PackageManager( 1907): Un-granting permission android.permission.BIND_JOB_SERVICE from package com.google.android.music (protectionLevel=2 flags=0x38cbbe65)
06-22 14:59:41.507 W/PackageManager( 1907): Cannot whitelist unknown permission: com.samsung.android.providers.context.permission.WRITE_USE_APP_FEATURE_SURVEY
06-22 14:59:41.507 I/PackageManager( 1907): Un-granting permission android.permission.BIND_JOB_SERVICE from package com.google.android.music (protectionLevel=2 flags=0x38cbbe65)
06-22 14:59:41.508 W/PackageManager( 1907): Cannot whitelist unknown permission: com.samsung.android.providers.context.permission.WRITE_USE_APP_FEATURE_SURVEY
06-22 14:59:41.508 I/PackageManager( 1907): Un-granting permission android.permission.BIND_JOB_SERVICE from package com.google.android.music (protectionLevel=2 flags=0x38cbbe65)
06-22 14:59:41.510 W/PackageManager( 1907): Cannot whitelist unknown permission: com.android.vending.BILLING
06-22 14:59:41.510 I/PackageManager( 1907): Un-granting permission android.permission.REQUEST_INSTALL_PACKAGES from package com.google.android.apps.docs (protectionLevel=66 flags=0x38cbbe45)
06-22 14:59:41.511 W/libc    ( 1704): Unable to set property "vendor.wlan.firmware.version" to "1.0": error code: 0x18
06-22 14:59:41.511 W/PackageManager( 1907): Cannot whitelist unknown permission: com.android.vending.BILLING
06-22 14:59:41.512 I/PackageManager( 1907): Un-granting permission android.permission.REQUEST_INSTALL_PACKAGES from package com.google.android.apps.docs (protectionLevel=66 flags=0x38cbbe45)
06-22 14:59:41.520 D/MediaCodecList( 1764): ignored a null builder
06-22 14:59:41.528 W/PackageManager( 1907): Cannot whitelist unknown permission: android.permission.READ_MEDIA_IMAGES
06-22 14:59:41.528 W/PackageManager( 1907): Cannot whitelist unknown permission: com.chrome.permission.DEVICE_EXTRAS
06-22 14:59:41.528 W/PackageManager( 1907): Cannot whitelist unknown permission: com.sec.enterprise.knox.MDM_CONTENT_PROVIDER
06-22 14:59:41.528 I/PackageManager( 1907): Un-granting permission android.permission.REQUEST_INSTALL_PACKAGES from package com.android.chrome (protectionLevel=66 flags=0xa0cbbe45)
06-22 14:59:41.528 I/PackageManager( 1907): Un-granting permission com.google.android.apps.now.CURRENT_ACCOUNT_ACCESS from package com.android.chrome (protectionLevel=2 flags=0xa0cbbe45)
06-22 14:59:41.529 W/PackageManager( 1907): Cannot whitelist unknown permission: android.permission.READ_MEDIA_IMAGES
06-22 14:59:41.530 W/PackageManager( 1907): Cannot whitelist unknown permission: com.chrome.permission.DEVICE_EXTRAS
06-22 14:59:41.530 W/PackageManager( 1907): Cannot whitelist unknown permission: com.sec.enterprise.knox.MDM_CONTENT_PROVIDER
06-22 14:59:41.530 I/PackageManager( 1907): Un-granting permission android.permission.REQUEST_INSTALL_PACKAGES from package com.android.chrome (protectionLevel=66 flags=0xa0cbbe45)
06-22 14:59:41.530 I/PackageManager( 1907): Un-granting permission com.google.android.apps.now.CURRENT_ACCOUNT_ACCESS from package com.android.chrome (protectionLevel=2 flags=0xa0cbbe45)
06-22 14:59:41.531 I/OMXClient( 1907): IOmx service obtained
06-22 14:59:41.531 I/OMXMaster( 1768): makeComponentInstance(OMX.google.vorbis.decoder) in android.hardwar process
06-22 14:59:41.532 E/OMXNodeInstance( 1768): getConfig(0xe8d29f00:google.vorbis.decoder, ConfigAndroidVendorExtension(0x6f100004)) ERROR: Undefined(0x80001001)
06-22 14:59:41.533 W/PackageManager( 1907): Cannot whitelist unknown permission: com.sec.android.provider.badge.permission.READ
06-22 14:59:41.533 W/PackageManager( 1907): Cannot whitelist unknown permission: com.sec.android.provider.badge.permission.WRITE
06-22 14:59:41.533 W/PackageManager( 1907): Cannot whitelist unknown permission: com.htc.launcher.permission.READ_SETTINGS
06-22 14:59:41.533 W/PackageManager( 1907): Cannot whitelist unknown permission: com.htc.launcher.permission.UPDATE_SHORTCUT
06-22 14:59:41.533 W/PackageManager( 1907): Cannot whitelist unknown permission: com.sonyericsson.home.permission.BROADCAST_BADGE
06-22 14:59:41.533 W/PackageManager( 1907): Cannot whitelist unknown permission: com.sonymobile.home.permission.PROVIDER_INSERT_BADGE
06-22 14:59:41.533 W/PackageManager( 1907): Cannot whitelist unknown permission: com.anddoes.launcher.permission.UPDATE_COUNT
06-22 14:59:41.533 W/PackageManager( 1907): Cannot whitelist unknown permission: com.majeur.launcher.permission.UPDATE_BADGE
06-22 14:59:41.533 W/PackageManager( 1907): Cannot whitelist unknown permission: com.huawei.android.launcher.permission.CHANGE_BADGE
06-22 14:59:41.533 W/PackageManager( 1907): Cannot whitelist unknown permission: com.huawei.android.launcher.permission.READ_SETTINGS
06-22 14:59:41.533 W/PackageManager( 1907): Cannot whitelist unknown permission: com.huawei.android.launcher.permission.WRITE_SETTINGS
06-22 14:59:41.533 W/PackageManager( 1907): Cannot whitelist unknown permission: android.permission.READ_APP_BADGE
06-22 14:59:41.533 W/PackageManager( 1907): Cannot whitelist unknown permission: com.oppo.launcher.permission.READ_SETTINGS
06-22 14:59:41.533 W/PackageManager( 1907): Cannot whitelist unknown permission: com.oppo.launcher.permission.WRITE_SETTINGS
06-22 14:59:41.533 W/PackageManager( 1907): Cannot whitelist unknown permission: com.cequint.ecid.CALLER_ID_LOOKUP
06-22 14:59:41.533 W/PackageManager( 1907): Cannot whitelist unknown permission: com.motorola.incallui.permission.INCOMING_CALL_VISIBILITY_CHANGED
06-22 14:59:41.534 W/PackageManager( 1907): Cannot whitelist unknown permission: com.sec.android.provider.badge.permission.READ
06-22 14:59:41.534 W/PackageManager( 1907): Cannot whitelist unknown permission: com.sec.android.provider.badge.permission.WRITE
06-22 14:59:41.534 W/PackageManager( 1907): Cannot whitelist unknown permission: com.htc.launcher.permission.READ_SETTINGS
06-22 14:59:41.534 W/PackageManager( 1907): Cannot whitelist unknown permission: com.htc.launcher.permission.UPDATE_SHORTCUT
06-22 14:59:41.534 W/PackageManager( 1907): Cannot whitelist unknown permission: com.sonyericsson.home.permission.BROADCAST_BADGE
06-22 14:59:41.534 W/PackageManager( 1907): Cannot whitelist unknown permission: com.sonymobile.home.permission.PROVIDER_INSERT_BADGE
06-22 14:59:41.534 W/PackageManager( 1907): Cannot whitelist unknown permission: com.anddoes.launcher.permission.UPDATE_COUNT
06-22 14:59:41.534 W/PackageManager( 1907): Cannot whitelist unknown permission: com.majeur.launcher.permission.UPDATE_BADGE
06-22 14:59:41.534 W/PackageManager( 1907): Cannot whitelist unknown permission: com.huawei.android.launcher.permission.CHANGE_BADGE
06-22 14:59:41.534 W/PackageManager( 1907): Cannot whitelist unknown permission: com.huawei.android.launcher.permission.READ_SETTINGS
06-22 14:59:41.534 W/PackageManager( 1907): Cannot whitelist unknown permission: com.huawei.android.launcher.permission.WRITE_SETTINGS
06-22 14:59:41.534 W/PackageManager( 1907): Cannot whitelist unknown permission: android.permission.READ_APP_BADGE
06-22 14:59:41.534 W/PackageManager( 1907): Cannot whitelist unknown permission: com.oppo.launcher.permission.READ_SETTINGS
06-22 14:59:41.534 W/PackageManager( 1907): Cannot whitelist unknown permission: com.oppo.launcher.permission.WRITE_SETTINGS
06-22 14:59:41.534 W/PackageManager( 1907): Cannot whitelist unknown permission: com.cequint.ecid.CALLER_ID_LOOKUP
06-22 14:59:41.534 W/PackageManager( 1907): Cannot whitelist unknown permission: com.motorola.incallui.permission.INCOMING_CALL_VISIBILITY_CHANGED
06-22 14:59:41.536 W/PackageManager( 1907): Cannot whitelist unknown permission: com.sec.android.provider.badge.permission.READ
06-22 14:59:41.536 W/PackageManager( 1907): Cannot whitelist unknown permission: com.sec.android.provider.badge.permission.WRITE
06-22 14:59:41.536 E/ActivityThread( 2054): Failed to find provider info for com.google.android.gsf.gservices
06-22 14:59:41.536 W/PackageManager( 1907): Cannot whitelist unknown permission: com.htc.launcher.permission.READ_SETTINGS
06-22 14:59:41.536 W/PackageManager( 1907): Cannot whitelist unknown permission: com.htc.launcher.permission.UPDATE_SHORTCUT
06-22 14:59:41.537 W/PackageManager( 1907): Cannot whitelist unknown permission: com.sonyericsson.home.permission.BROADCAST_BADGE
06-22 14:59:41.537 W/PackageManager( 1907): Cannot whitelist unknown permission: com.sonymobile.home.permission.PROVIDER_INSERT_BADGE
06-22 14:59:41.537 W/PackageManager( 1907): Cannot whitelist unknown permission: com.anddoes.launcher.permission.UPDATE_COUNT
06-22 14:59:41.537 W/PackageManager( 1907): Cannot whitelist unknown permission: com.majeur.launcher.permission.UPDATE_BADGE
06-22 14:59:41.537 W/PackageManager( 1907): Cannot whitelist unknown permission: com.huawei.android.launcher.permission.CHANGE_BADGE
06-22 14:59:41.537 W/PackageManager( 1907): Cannot whitelist unknown permission: com.huawei.android.launcher.permission.READ_SETTINGS
06-22 14:59:41.537 W/PackageManager( 1907): Cannot whitelist unknown permission: com.huawei.android.launcher.permission.WRITE_SETTINGS
06-22 14:59:41.537 W/PackageManager( 1907): Cannot whitelist unknown permission: android.permission.READ_APP_BADGE
06-22 14:59:41.537 W/PackageManager( 1907): Cannot whitelist unknown permission: com.oppo.launcher.permission.READ_SETTINGS
06-22 14:59:41.537 W/PackageManager( 1907): Cannot whitelist unknown permission: com.oppo.launcher.permission.WRITE_SETTINGS
06-22 14:59:41.537 W/PackageManager( 1907): Cannot whitelist unknown permission: com.cequint.ecid.CALLER_ID_LOOKUP
06-22 14:59:41.537 W/PackageManager( 1907): Cannot whitelist unknown permission: com.motorola.incallui.permission.INCOMING_CALL_VISIBILITY_CHANGED
06-22 14:59:41.539 E/ActivityThread( 2054): Failed to find provider info for com.google.android.gsf.gservices
06-22 14:59:41.541 I/FileApkMgr( 2054): Extracting modules completed
06-22 14:59:41.541 I/GmsApplication( 2054): Staging modules completed
06-22 14:59:41.541 I/GmsApplication( 2054): Updating config
06-22 14:59:41.542 W/PackageManager( 1907): Cannot whitelist unknown permission: com.sec.android.provider.badge.permission.READ
06-22 14:59:41.542 W/PackageManager( 1907): Cannot whitelist unknown permission: com.sec.android.provider.badge.permission.WRITE
06-22 14:59:41.542 W/PackageManager( 1907): Cannot whitelist unknown permission: com.htc.launcher.permission.READ_SETTINGS
06-22 14:59:41.542 W/PackageManager( 1907): Cannot whitelist unknown permission: com.htc.launcher.permission.UPDATE_SHORTCUT
06-22 14:59:41.542 W/PackageManager( 1907): Cannot whitelist unknown permission: com.sonyericsson.home.permission.BROADCAST_BADGE
06-22 14:59:41.542 W/PackageManager( 1907): Cannot whitelist unknown permission: com.sonymobile.home.permission.PROVIDER_INSERT_BADGE
06-22 14:59:41.542 W/PackageManager( 1907): Cannot whitelist unknown permission: com.anddoes.launcher.permission.UPDATE_COUNT
06-22 14:59:41.542 W/PackageManager( 1907): Cannot whitelist unknown permission: com.majeur.launcher.permission.UPDATE_BADGE
06-22 14:59:41.542 W/PackageManager( 1907): Cannot whitelist unknown permission: com.huawei.android.launcher.permission.CHANGE_BADGE
06-22 14:59:41.542 W/PackageManager( 1907): Cannot whitelist unknown permission: com.huawei.android.launcher.permission.READ_SETTINGS
06-22 14:59:41.542 W/PackageManager( 1907): Cannot whitelist unknown permission: com.huawei.android.launcher.permission.WRITE_SETTINGS
06-22 14:59:41.542 W/PackageManager( 1907): Cannot whitelist unknown permission: android.permission.READ_APP_BADGE
06-22 14:59:41.542 W/PackageManager( 1907): Cannot whitelist unknown permission: com.oppo.launcher.permission.READ_SETTINGS
06-22 14:59:41.542 W/PackageManager( 1907): Cannot whitelist unknown permission: com.oppo.launcher.permission.WRITE_SETTINGS
06-22 14:59:41.542 W/PackageManager( 1907): Cannot whitelist unknown permission: com.cequint.ecid.CALLER_ID_LOOKUP
06-22 14:59:41.542 W/PackageManager( 1907): Cannot whitelist unknown permission: com.motorola.incallui.permission.INCOMING_CALL_VISIBILITY_CHANGED
06-22 14:59:41.544 W/PackageManager( 1907): Cannot whitelist unknown permission: com.sec.android.provider.badge.permission.READ
06-22 14:59:41.544 W/PackageManager( 1907): Cannot whitelist unknown permission: com.sec.android.provider.badge.permission.WRITE
06-22 14:59:41.544 W/PackageManager( 1907): Cannot whitelist unknown permission: com.htc.launcher.permission.READ_SETTINGS
06-22 14:59:41.544 W/PackageManager( 1907): Cannot whitelist unknown permission: com.htc.launcher.permission.UPDATE_SHORTCUT
06-22 14:59:41.544 W/PackageManager( 1907): Cannot whitelist unknown permission: com.sonyericsson.home.permission.BROADCAST_BADGE
06-22 14:59:41.544 W/PackageManager( 1907): Cannot whitelist unknown permission: com.sonymobile.home.permission.PROVIDER_INSERT_BADGE
06-22 14:59:41.544 W/PackageManager( 1907): Cannot whitelist unknown permission: com.anddoes.launcher.permission.UPDATE_COUNT
06-22 14:59:41.544 W/PackageManager( 1907): Cannot whitelist unknown permission: com.majeur.launcher.permission.UPDATE_BADGE
06-22 14:59:41.544 W/PackageManager( 1907): Cannot whitelist unknown permission: com.huawei.android.launcher.permission.CHANGE_BADGE
06-22 14:59:41.544 W/PackageManager( 1907): Cannot whitelist unknown permission: com.huawei.android.launcher.permission.READ_SETTINGS
06-22 14:59:41.544 W/PackageManager( 1907): Cannot whitelist unknown permission: com.huawei.android.launcher.permission.WRITE_SETTINGS
06-22 14:59:41.544 W/PackageManager( 1907): Cannot whitelist unknown permission: android.permission.READ_APP_BADGE
06-22 14:59:41.544 W/PackageManager( 1907): Cannot whitelist unknown permission: com.oppo.launcher.permission.READ_SETTINGS
06-22 14:59:41.544 W/PackageManager( 1907): Cannot whitelist unknown permission: com.oppo.launcher.permission.WRITE_SETTINGS
06-22 14:59:41.544 W/PackageManager( 1907): Cannot whitelist unknown permission: com.cequint.ecid.CALLER_ID_LOOKUP
06-22 14:59:41.544 W/PackageManager( 1907): Cannot whitelist unknown permission: com.motorola.incallui.permission.INCOMING_CALL_VISIBILITY_CHANGED
06-22 14:59:41.546 W/PackageManager( 1907): Cannot whitelist unknown permission: com.sec.android.provider.badge.permission.READ
06-22 14:59:41.546 W/PackageManager( 1907): Cannot whitelist unknown permission: com.sec.android.provider.badge.permission.WRITE
06-22 14:59:41.546 W/PackageManager( 1907): Cannot whitelist unknown permission: com.htc.launcher.permission.READ_SETTINGS
06-22 14:59:41.546 W/PackageManager( 1907): Cannot whitelist unknown permission: com.htc.launcher.permission.UPDATE_SHORTCUT
06-22 14:59:41.546 W/PackageManager( 1907): Cannot whitelist unknown permission: com.sonyericsson.home.permission.BROADCAST_BADGE
06-22 14:59:41.546 W/PackageManager( 1907): Cannot whitelist unknown permission: com.sonymobile.home.permission.PROVIDER_INSERT_BADGE
06-22 14:59:41.546 W/PackageManager( 1907): Cannot whitelist unknown permission: com.anddoes.launcher.permission.UPDATE_COUNT
06-22 14:59:41.546 W/PackageManager( 1907): Cannot whitelist unknown permission: com.majeur.launcher.permission.UPDATE_BADGE
06-22 14:59:41.546 W/PackageManager( 1907): Cannot whitelist unknown permission: com.huawei.android.launcher.permission.CHANGE_BADGE
06-22 14:59:41.546 W/PackageManager( 1907): Cannot whitelist unknown permission: com.huawei.android.launcher.permission.READ_SETTINGS
06-22 14:59:41.546 W/PackageManager( 1907): Cannot whitelist unknown permission: com.huawei.android.launcher.permission.WRITE_SETTINGS
06-22 14:59:41.546 W/PackageManager( 1907): Cannot whitelist unknown permission: android.permission.READ_APP_BADGE
06-22 14:59:41.546 W/PackageManager( 1907): Cannot whitelist unknown permission: com.oppo.launcher.permission.READ_SETTINGS
06-22 14:59:41.546 W/PackageManager( 1907): Cannot whitelist unknown permission: com.oppo.launcher.permission.WRITE_SETTINGS
06-22 14:59:41.546 W/PackageManager( 1907): Cannot whitelist unknown permission: com.cequint.ecid.CALLER_ID_LOOKUP
06-22 14:59:41.546 W/PackageManager( 1907): Cannot whitelist unknown permission: com.motorola.incallui.permission.INCOMING_CALL_VISIBILITY_CHANGED
06-22 14:59:41.547 E/ActivityThread( 2054): Failed to find provider info for com.google.android.gsf.gservices
06-22 14:59:41.547 W/libc    ( 1704): Unable to set property "vendor.wlan.driver.version" to "1.0": error code: 0x18
06-22 14:59:41.547 I/android.hardware.wifi@1.0-service( 1704): Configured chip in mode 0
06-22 14:59:41.547 W/android.hardware.wifi@1.0-service( 1704): No active wlan interfaces in use! Using default
06-22 14:59:41.548 E/ActivityThread( 2054): Failed to find provider info for com.google.android.gsf.gservices
06-22 14:59:41.548 W/FileUtils( 2054): Failed to set world readable: /data/user_de/0/com.google.android.gms/app_chimera/current_config.fb
06-22 14:59:41.548 W/PackageManager( 1907): Cannot whitelist unknown permission: com.sec.android.provider.badge.permission.READ
06-22 14:59:41.548 W/PackageManager( 1907): Cannot whitelist unknown permission: com.sec.android.provider.badge.permission.WRITE
06-22 14:59:41.548 W/PackageManager( 1907): Cannot whitelist unknown permission: com.htc.launcher.permission.READ_SETTINGS
06-22 14:59:41.548 W/PackageManager( 1907): Cannot whitelist unknown permission: com.htc.launcher.permission.UPDATE_SHORTCUT
06-22 14:59:41.548 W/PackageManager( 1907): Cannot whitelist unknown permission: com.sonyericsson.home.permission.BROADCAST_BADGE
06-22 14:59:41.548 W/PackageManager( 1907): Cannot whitelist unknown permission: com.sonymobile.home.permission.PROVIDER_INSERT_BADGE
06-22 14:59:41.548 W/PackageManager( 1907): Cannot whitelist unknown permission: com.anddoes.launcher.permission.UPDATE_COUNT
06-22 14:59:41.548 W/PackageManager( 1907): Cannot whitelist unknown permission: com.majeur.launcher.permission.UPDATE_BADGE
06-22 14:59:41.548 W/PackageManager( 1907): Cannot whitelist unknown permission: com.huawei.android.launcher.permission.CHANGE_BADGE
06-22 14:59:41.548 W/PackageManager( 1907): Cannot whitelist unknown permission: com.huawei.android.launcher.permission.READ_SETTINGS
06-22 14:59:41.548 W/PackageManager( 1907): Cannot whitelist unknown permission: com.huawei.android.launcher.permission.WRITE_SETTINGS
06-22 14:59:41.548 W/PackageManager( 1907): Cannot whitelist unknown permission: android.permission.READ_APP_BADGE
06-22 14:59:41.548 W/PackageManager( 1907): Cannot whitelist unknown permission: com.oppo.launcher.permission.READ_SETTINGS
06-22 14:59:41.548 W/PackageManager( 1907): Cannot whitelist unknown permission: com.oppo.launcher.permission.WRITE_SETTINGS
06-22 14:59:41.548 W/PackageManager( 1907): Cannot whitelist unknown permission: com.cequint.ecid.CALLER_ID_LOOKUP
06-22 14:59:41.548 W/PackageManager( 1907): Cannot whitelist unknown permission: com.motorola.incallui.permission.INCOMING_CALL_VISIBILITY_CHANGED
06-22 14:59:41.548 D/HalDevMgr( 1907): updateRttController: no one is interested in RTT controllers
06-22 14:59:41.548 E/android.hardware.wifi@1.0-service( 1704): Failed to set DFS flag; DFS channels may be unavailable.
06-22 14:59:41.552 E/ChimeraCfgMgr( 2054): Failed to read module config: java.io.FileNotFoundException: /data/user_de/0/com.google.android.gms/app_chimera/current_config.fb: open failed: ENOENT (No such file or directory)
06-22 14:59:41.553 E/ActivityThread( 2054): Failed to find provider info for com.google.android.gsf.gservices
06-22 14:59:41.553 D/WificondControl( 1907): Setting up interface for client mode
06-22 14:59:41.554 I/wificond( 1767): create scanner for interface with index: 3
06-22 14:59:41.554 I/wificond( 1767): subscribe scan result for interface with index: 3
06-22 14:59:41.554 E/ActivityThread( 2054): Failed to find provider info for com.google.android.gsf.gservices
06-22 14:59:41.554 I/hwservicemanager( 1567): getTransport: Cannot find entry android.hardware.wifi.offload@1.0::IOffload/default in either framework or device manifest.
06-22 14:59:41.554 E/wificond( 1767): No Offload Service available
06-22 14:59:41.554 I/wificond( 1767): Offload HAL not supported 
06-22 14:59:41.555 E/SupplicantStaIfaceHal( 1907): Can't call setupIface, ISupplicantStaIface is null
06-22 14:59:41.555 I/hwservicemanager( 1567): getTransport: Cannot find entry android.hardware.wifi.supplicant@1.1::ISupplicant/default in either framework or device manifest.
06-22 14:59:41.556 E/GservicesValue( 2054): Gservices key not whitelisted for directboot access: gms:chimera:dev_module_blacklist
06-22 14:59:41.557 I/hwservicemanager( 1567): getTransport: Cannot find entry android.hardware.wifi.supplicant@1.2::ISupplicant/default in either framework or device manifest.
06-22 14:59:41.557 I/hwservicemanager( 1567): getTransport: Cannot find entry android.hardware.wifi.supplicant@1.1::ISupplicant/default in either framework or device manifest.
06-22 14:59:41.559 I/netd    ( 1661): interfaceGetCfg("wlan0") <0.11ms>
06-22 14:59:41.559 I/WifiNative( 1907): Interface state changed on Iface:{Name=wlan0,Id=1,Type=STA_CONNECTIVITY}, isUp=true
06-22 14:59:41.559 I/netd    ( 1661): interfaceClearAddrs("wlan0") <0.21ms>
06-22 14:59:41.560 I/netd    ( 1661): interfaceSetIPv6PrivacyExtensions("wlan0", "true") <0.18ms>
06-22 14:59:41.561 I/netd    ( 1661): interfaceSetEnableIPv6("wlan0", "false") <0.12ms>
06-22 14:59:41.561 W/PackageManager( 1907): Cannot whitelist unknown permission: android.permission.QUERY_ALL_PACKAGES
06-22 14:59:41.561 W/PackageManager( 1907): Cannot whitelist unknown permission: android.permission.PRE_FACTORY_RESET
06-22 14:59:41.561 W/PackageManager( 1907): Cannot whitelist unknown permission: android.permission.MANAGE_FACTORY_RESET_PROTECTION
06-22 14:59:41.561 W/PackageManager( 1907): Cannot whitelist unknown permission: android.car.permission.CAR_POWER
06-22 14:59:41.561 W/PackageManager( 1907): Cannot whitelist unknown permission: com.google.android.wearable.WRITE_SETTINGS
06-22 14:59:41.561 W/PackageManager( 1907): Cannot whitelist unknown permission: com.felicanetworks.mfc.permission.MFC_ACCESS
06-22 14:59:41.561 W/PackageManager( 1907): Cannot whitelist unknown permission: com.felicanetworks.mfc.mfi.permission.MFI_ACCESS
06-22 14:59:41.561 W/PackageManager( 1907): Cannot whitelist unknown permission: com.google.android.finsky.permission.INSTANT_APP_STATE
06-22 14:59:41.561 W/PackageManager( 1907): Cannot whitelist unknown permission: android.permission.UWB
06-22 14:59:41.561 W/PackageManager( 1907): Cannot whitelist unknown permission: com.google.android.finsky.permission.BIND_GET_INSTALL_REFERRER_SERVICE
06-22 14:59:41.561 W/PackageManager( 1907): Cannot whitelist unknown permission: com.google.android.hangouts.START_HANGOUT
06-22 14:59:41.561 W/PackageManager( 1907): Cannot whitelist unknown permission: android.car.permission.CAR_POWERTRAIN
06-22 14:59:41.561 W/PackageManager( 1907): Cannot whitelist unknown permission: android.car.permission.CAR_ENERGY
06-22 14:59:41.561 W/PackageManager( 1907): Cannot whitelist unknown permission: android.car.permission.CAR_ENERGY_PORTS
06-22 14:59:41.561 W/PackageManager( 1907): Cannot whitelist unknown permission: android.car.permission.CAR_EXTERIOR_LIGHTS
06-22 14:59:41.561 W/PackageManager( 1907): Cannot whitelist unknown permission: android.car.permission.CAR_INFO
06-22 14:59:41.561 W/PackageManager( 1907): Cannot whitelist unknown permission: android.car.permission.CAR_MILEAGE
06-22 14:59:41.561 W/PackageManager( 1907): Cannot whitelist unknown permission: android.car.permission.CAR_TIRES
06-22 14:59:41.561 W/PackageManager( 1907): Cannot whitelist unknown permission: android.car.permission.CONTROL_CAR_CLIMATE
06-22 14:59:41.561 W/PackageManager( 1907): Cannot whitelist unknown permission: android.car.permission.CONTROL_CAR_DOORS
06-22 14:59:41.561 W/PackageManager( 1907): Cannot whitelist unknown permission: android.car.permission.CONTROL_CAR_EXTERIOR_LIGHTS
06-22 14:59:41.561 W/PackageManager( 1907): Cannot whitelist unknown permission: android.car.permission.CONTROL_CAR_MIRRORS
06-22 14:59:41.561 W/PackageManager( 1907): Cannot whitelist unknown permission: android.car.permission.CONTROL_CAR_SEATS
06-22 14:59:41.561 W/PackageManager( 1907): Cannot whitelist unknown permission: android.car.permission.CONTROL_CAR_WINDOWS
06-22 14:59:41.561 W/PackageManager( 1907): Cannot whitelist unknown permission: android.car.permission.READ_CAR_DISPLAY_UNITS
06-22 14:59:41.561 W/PackageManager( 1907): Cannot whitelist unknown permission: com.google.android.finsky.permission.GEARHEAD_SERVICE
06-22 14:59:41.561 W/PackageManager( 1907): Cannot whitelist unknown permission: com.google.android.permission.ACCESSIBILITY_SCAN_SERVICE
06-22 14:59:41.561 W/PackageManager( 1907): Cannot whitelist unknown permission: com.google.android.finsky.permission.ACCESS_INSTANT_APP_NOTIFICATION_ENFORCEMENT
06-22 14:59:41.561 W/PackageManager( 1907): Cannot whitelist unknown permission: com.google.android.clockwork.settings.SHOW_FACTORY_RESET_CONFIRMATION
06-22 14:59:41.561 W/PackageManager( 1907): Cannot whitelist unknown permission: com.google.android.wearable.READ_SETTINGS
06-22 14:59:41.561 W/PackageManager( 1907): Cannot whitelist unknown permission: android.permission.READ_MEDIA_AUDIO
06-22 14:59:41.562 W/PackageManager( 1907): Cannot whitelist unknown permission: android.permission.READ_MEDIA_IMAGES
06-22 14:59:41.562 W/PackageManager( 1907): Cannot whitelist unknown permission: android.permission.READ_MEDIA_VIDEO
06-22 14:59:41.562 W/PackageManager( 1907): Cannot whitelist unknown permission: com.android.vending.setup.PLAY_SETUP_SERVICE
06-22 14:59:41.562 W/PackageManager( 1907): Cannot whitelist unknown permission: com.google.android.gms.game.notifications.permission.WRITE
06-22 14:59:41.562 E/ActivityThread( 2054): Failed to find provider info for com.google.android.gsf.gservices
06-22 14:59:41.562 W/PackageManager( 1907): Cannot whitelist unknown permission: com.google.android.vending.verifier.ACCESS_VERIFIER
06-22 14:59:41.562 I/PackageManager( 1907): Un-granting permission android.permission.CAPTURE_VIDEO_OUTPUT from package com.google.android.gms (protectionLevel=2 flags=0xb0cabe45)
06-22 14:59:41.562 I/PackageManager( 1907): Un-granting permission android.permission.MANAGE_DEVICE_ADMINS from package com.google.android.gms (protectionLevel=2 flags=0xb0cabe45)
06-22 14:59:41.562 I/PackageManager( 1907): Un-granting permission android.permission.MANAGE_ACTIVITY_STACKS from package com.google.android.gms (protectionLevel=2 flags=0xb0cabe45)
06-22 14:59:41.562 I/PackageManager( 1907): Un-granting permission android.permission.CAPTURE_SECURE_VIDEO_OUTPUT from package com.google.android.gms (protectionLevel=2 flags=0xb0cabe45)
06-22 14:59:41.562 I/PackageManager( 1907): Un-granting permission android.permission.MANAGE_ROLLBACKS from package com.google.android.gms (protectionLevel=514 flags=0xb0cabe45)
06-22 14:59:41.563 E/ActivityThread( 2054): Failed to find provider info for com.google.android.gsf.gservices
06-22 14:59:41.563 I/WifiNative( 1907): Successfully setup Iface:{Name=wlan0,Id=1,Type=STA_CONNECTIVITY}
06-22 14:59:41.563 I/hwservicemanager( 1567): getTransport: Cannot find entry android.hardware.wifi.supplicant@1.2::ISupplicant/default in either framework or device manifest.
06-22 14:59:41.563 E/SupplicantStaIfaceHal( 1907): Method getKeyMgmtCapabilities is not supported in existing HAL
06-22 14:59:41.565 I/GmsModuleFndr( 2054): Beginning GMS chimera module scan
06-22 14:59:41.567 D/WifiClientModeManager( 1907): entering StartedState
06-22 14:59:41.567 I/netd    ( 1661): interfaceGetCfg("wlan0") <0.09ms>
06-22 14:59:41.567 D/WifiClientModeManager( 1907): Wifi is ready to use for client mode
06-22 14:59:41.567 D/WifiActiveModeWarden( 1907): State changed from client mode. state = 3
06-22 14:59:41.567 D/WifiActiveModeWarden( 1907): client mode active
06-22 14:59:41.567 D/WifiScanRequestProxy( 1907): Sending scan available broadcast: true
06-22 14:59:41.567 I/WifiScanRequestProxy( 1907): Scanning is enabled
06-22 14:59:41.567 I/WifiScanRequestProxy( 1907): Scanning for hidden networks is enabled
06-22 14:59:41.568 E/WifiVendorHal( 1907): getBgScanCapabilities(l.630) failed {.code = ERROR_NOT_SUPPORTED, .description = }
06-22 14:59:41.568 D/WifiClientModeImpl( 1907): entering ConnectModeState: ifaceName = wlan0
06-22 14:59:41.568 D/WifiClientModeImpl( 1907): setupClientMode() ifacename = wlan0
06-22 14:59:41.570 I/WifiScanningService( 1907): wifi driver loaded with scan capabilities: max buckets=16
06-22 14:59:41.563 I/chatty  ( 2054): uid=10116 com.google.android.gms.persistent identical 1 line
06-22 14:59:41.564 E/ActivityThread( 2054): Failed to find provider info for com.google.android.gsf.gservices
06-22 14:59:41.571 W/PackageManager( 1907): Cannot whitelist unknown permission: android.permission.QUERY_ALL_PACKAGES
06-22 14:59:41.571 W/PackageManager( 1907): Cannot whitelist unknown permission: android.permission.PRE_FACTORY_RESET
06-22 14:59:41.571 W/PackageManager( 1907): Cannot whitelist unknown permission: android.permission.MANAGE_FACTORY_RESET_PROTECTION
06-22 14:59:41.571 W/PackageManager( 1907): Cannot whitelist unknown permission: android.car.permission.CAR_POWER
06-22 14:59:41.571 W/PackageManager( 1907): Cannot whitelist unknown permission: com.google.android.wearable.WRITE_SETTINGS
06-22 14:59:41.571 W/PackageManager( 1907): Cannot whitelist unknown permission: com.felicanetworks.mfc.permission.MFC_ACCESS
06-22 14:59:41.571 W/PackageManager( 1907): Cannot whitelist unknown permission: com.felicanetworks.mfc.mfi.permission.MFI_ACCESS
06-22 14:59:41.571 W/PackageManager( 1907): Cannot whitelist unknown permission: com.google.android.finsky.permission.INSTANT_APP_STATE
06-22 14:59:41.571 W/PackageManager( 1907): Cannot whitelist unknown permission: android.permission.UWB
06-22 14:59:41.571 W/PackageManager( 1907): Cannot whitelist unknown permission: com.google.android.finsky.permission.BIND_GET_INSTALL_REFERRER_SERVICE
06-22 14:59:41.571 W/PackageManager( 1907): Cannot whitelist unknown permission: com.google.android.hangouts.START_HANGOUT
06-22 14:59:41.571 W/PackageManager( 1907): Cannot whitelist unknown permission: android.car.permission.CAR_POWERTRAIN
06-22 14:59:41.571 W/PackageManager( 1907): Cannot whitelist unknown permission: android.car.permission.CAR_ENERGY
06-22 14:59:41.571 W/PackageManager( 1907): Cannot whitelist unknown permission: android.car.permission.CAR_ENERGY_PORTS
06-22 14:59:41.571 W/PackageManager( 1907): Cannot whitelist unknown permission: android.car.permission.CAR_EXTERIOR_LIGHTS
06-22 14:59:41.571 W/PackageManager( 1907): Cannot whitelist unknown permission: android.car.permission.CAR_INFO
06-22 14:59:41.571 W/PackageManager( 1907): Cannot whitelist unknown permission: android.car.permission.CAR_MILEAGE
06-22 14:59:41.571 W/PackageManager( 1907): Cannot whitelist unknown permission: android.car.permission.CAR_TIRES
06-22 14:59:41.571 W/PackageManager( 1907): Cannot whitelist unknown permission: android.car.permission.CONTROL_CAR_CLIMATE
06-22 14:59:41.571 W/PackageManager( 1907): Cannot whitelist unknown permission: android.car.permission.CONTROL_CAR_DOORS
06-22 14:59:41.571 W/PackageManager( 1907): Cannot whitelist unknown permission: android.car.permission.CONTROL_CAR_EXTERIOR_LIGHTS
06-22 14:59:41.571 W/PackageManager( 1907): Cannot whitelist unknown permission: android.car.permission.CONTROL_CAR_MIRRORS
06-22 14:59:41.571 W/PackageManager( 1907): Cannot whitelist unknown permission: android.car.permission.CONTROL_CAR_SEATS
06-22 14:59:41.571 W/PackageManager( 1907): Cannot whitelist unknown permission: android.car.permission.CONTROL_CAR_WINDOWS
06-22 14:59:41.571 W/PackageManager( 1907): Cannot whitelist unknown permission: android.car.permission.READ_CAR_DISPLAY_UNITS
06-22 14:59:41.571 W/PackageManager( 1907): Cannot whitelist unknown permission: com.google.android.finsky.permission.GEARHEAD_SERVICE
06-22 14:59:41.571 W/PackageManager( 1907): Cannot whitelist unknown permission: com.google.android.permission.ACCESSIBILITY_SCAN_SERVICE
06-22 14:59:41.571 W/PackageManager( 1907): Cannot whitelist unknown permission: com.google.android.finsky.permission.ACCESS_INSTANT_APP_NOTIFICATION_ENFORCEMENT
06-22 14:59:41.571 W/PackageManager( 1907): Cannot whitelist unknown permission: com.google.android.clockwork.settings.SHOW_FACTORY_RESET_CONFIRMATION
06-22 14:59:41.571 W/PackageManager( 1907): Cannot whitelist unknown permission: com.google.android.wearable.READ_SETTINGS
06-22 14:59:41.571 W/PackageManager( 1907): Cannot whitelist unknown permission: android.permission.READ_MEDIA_AUDIO
06-22 14:59:41.571 W/PackageManager( 1907): Cannot whitelist unknown permission: android.permission.READ_MEDIA_IMAGES
06-22 14:59:41.571 W/PackageManager( 1907): Cannot whitelist unknown permission: android.permission.READ_MEDIA_VIDEO
06-22 14:59:41.571 W/PackageManager( 1907): Cannot whitelist unknown permission: com.android.vending.setup.PLAY_SETUP_SERVICE
06-22 14:59:41.571 W/PackageManager( 1907): Cannot whitelist unknown permission: com.google.android.gms.game.notifications.permission.WRITE
06-22 14:59:41.571 W/PackageManager( 1907): Cannot whitelist unknown permission: com.google.android.vending.verifier.ACCESS_VERIFIER
06-22 14:59:41.571 I/PackageManager( 1907): Un-granting permission android.permission.CAPTURE_VIDEO_OUTPUT from package com.google.android.gms (protectionLevel=2 flags=0xb0cabe45)
06-22 14:59:41.572 I/PackageManager( 1907): Un-granting permission android.permission.MANAGE_DEVICE_ADMINS from package com.google.android.gms (protectionLevel=2 flags=0xb0cabe45)
06-22 14:59:41.572 I/PackageManager( 1907): Un-granting permission android.permission.MANAGE_ACTIVITY_STACKS from package com.google.android.gms (protectionLevel=2 flags=0xb0cabe45)
06-22 14:59:41.572 I/PackageManager( 1907): Un-granting permission android.permission.CAPTURE_SECURE_VIDEO_OUTPUT from package com.google.android.gms (protectionLevel=2 flags=0xb0cabe45)
06-22 14:59:41.572 I/PackageManager( 1907): Un-granting permission android.permission.MANAGE_ROLLBACKS from package com.google.android.gms (protectionLevel=514 flags=0xb0cabe45)
06-22 14:59:41.573 E/ChimeraCfgMgr( 2054): Failed to read module config: java.io.FileNotFoundException: /data/user_de/0/com.google.android.gms/app_chimera/current_config.fb: open failed: ENOENT (No such file or directory)
06-22 14:59:41.574 W/PackageManager( 1907): Cannot whitelist unknown permission: android.permission.QUERY_ALL_PACKAGES
06-22 14:59:41.574 W/PackageManager( 1907): Cannot whitelist unknown permission: android.permission.PRE_FACTORY_RESET
06-22 14:59:41.574 W/PackageManager( 1907): Cannot whitelist unknown permission: android.permission.MANAGE_FACTORY_RESET_PROTECTION
06-22 14:59:41.574 W/PackageManager( 1907): Cannot whitelist unknown permission: android.car.permission.CAR_POWER
06-22 14:59:41.574 W/PackageManager( 1907): Cannot whitelist unknown permission: com.google.android.wearable.WRITE_SETTINGS
06-22 14:59:41.574 W/PackageManager( 1907): Cannot whitelist unknown permission: com.felicanetworks.mfc.permission.MFC_ACCESS
06-22 14:59:41.574 W/PackageManager( 1907): Cannot whitelist unknown permission: com.felicanetworks.mfc.mfi.permission.MFI_ACCESS
06-22 14:59:41.574 W/PackageManager( 1907): Cannot whitelist unknown permission: com.google.android.finsky.permission.INSTANT_APP_STATE
06-22 14:59:41.574 W/PackageManager( 1907): Cannot whitelist unknown permission: android.permission.UWB
06-22 14:59:41.574 W/PackageManager( 1907): Cannot whitelist unknown permission: com.google.android.finsky.permission.BIND_GET_INSTALL_REFERRER_SERVICE
06-22 14:59:41.574 W/PackageManager( 1907): Cannot whitelist unknown permission: com.google.android.hangouts.START_HANGOUT
06-22 14:59:41.574 W/PackageManager( 1907): Cannot whitelist unknown permission: android.car.permission.CAR_POWERTRAIN
06-22 14:59:41.574 W/PackageManager( 1907): Cannot whitelist unknown permission: android.car.permission.CAR_ENERGY
06-22 14:59:41.574 W/PackageManager( 1907): Cannot whitelist unknown permission: android.car.permission.CAR_ENERGY_PORTS
06-22 14:59:41.574 W/PackageManager( 1907): Cannot whitelist unknown permission: android.car.permission.CAR_EXTERIOR_LIGHTS
06-22 14:59:41.574 W/PackageManager( 1907): Cannot whitelist unknown permission: android.car.permission.CAR_INFO
06-22 14:59:41.574 W/PackageManager( 1907): Cannot whitelist unknown permission: android.car.permission.CAR_MILEAGE
06-22 14:59:41.574 W/PackageManager( 1907): Cannot whitelist unknown permission: android.car.permission.CAR_TIRES
06-22 14:59:41.575 W/PackageManager( 1907): Cannot whitelist unknown permission: android.car.permission.CONTROL_CAR_CLIMATE
06-22 14:59:41.575 W/PackageManager( 1907): Cannot whitelist unknown permission: android.car.permission.CONTROL_CAR_DOORS
06-22 14:59:41.575 W/PackageManager( 1907): Cannot whitelist unknown permission: android.car.permission.CONTROL_CAR_EXTERIOR_LIGHTS
06-22 14:59:41.575 W/PackageManager( 1907): Cannot whitelist unknown permission: android.car.permission.CONTROL_CAR_MIRRORS
06-22 14:59:41.575 W/PackageManager( 1907): Cannot whitelist unknown permission: android.car.permission.CONTROL_CAR_SEATS
06-22 14:59:41.575 W/PackageManager( 1907): Cannot whitelist unknown permission: android.car.permission.CONTROL_CAR_WINDOWS
06-22 14:59:41.575 W/PackageManager( 1907): Cannot whitelist unknown permission: android.car.permission.READ_CAR_DISPLAY_UNITS
06-22 14:59:41.575 W/PackageManager( 1907): Cannot whitelist unknown permission: com.google.android.finsky.permission.GEARHEAD_SERVICE
06-22 14:59:41.575 W/PackageManager( 1907): Cannot whitelist unknown permission: com.google.android.permission.ACCESSIBILITY_SCAN_SERVICE
06-22 14:59:41.575 W/PackageManager( 1907): Cannot whitelist unknown permission: com.google.android.finsky.permission.ACCESS_INSTANT_APP_NOTIFICATION_ENFORCEMENT
06-22 14:59:41.575 W/PackageManager( 1907): Cannot whitelist unknown permission: com.google.android.clockwork.settings.SHOW_FACTORY_RESET_CONFIRMATION
06-22 14:59:41.575 W/PackageManager( 1907): Cannot whitelist unknown permission: com.google.android.wearable.READ_SETTINGS
06-22 14:59:41.575 W/PackageManager( 1907): Cannot whitelist unknown permission: android.permission.READ_MEDIA_AUDIO
06-22 14:59:41.575 W/PackageManager( 1907): Cannot whitelist unknown permission: android.permission.READ_MEDIA_IMAGES
06-22 14:59:41.575 W/PackageManager( 1907): Cannot whitelist unknown permission: android.permission.READ_MEDIA_VIDEO
06-22 14:59:41.575 W/PackageManager( 1907): Cannot whitelist unknown permission: com.android.vending.setup.PLAY_SETUP_SERVICE
06-22 14:59:41.575 W/PackageManager( 1907): Cannot whitelist unknown permission: com.google.android.gms.game.notifications.permission.WRITE
06-22 14:59:41.575 W/PackageManager( 1907): Cannot whitelist unknown permission: com.google.android.vending.verifier.ACCESS_VERIFIER
06-22 14:59:41.575 I/PackageManager( 1907): Un-granting permission android.permission.CAPTURE_VIDEO_OUTPUT from package com.google.android.gms (protectionLevel=2 flags=0xb0cabe45)
06-22 14:59:41.575 I/PackageManager( 1907): Un-granting permission android.permission.MANAGE_DEVICE_ADMINS from package com.google.android.gms (protectionLevel=2 flags=0xb0cabe45)
06-22 14:59:41.575 I/PackageManager( 1907): Un-granting permission android.permission.MANAGE_ACTIVITY_STACKS from package com.google.android.gms (protectionLevel=2 flags=0xb0cabe45)
06-22 14:59:41.575 I/PackageManager( 1907): Un-granting permission android.permission.CAPTURE_SECURE_VIDEO_OUTPUT from package com.google.android.gms (protectionLevel=2 flags=0xb0cabe45)
06-22 14:59:41.575 I/PackageManager( 1907): Un-granting permission android.permission.MANAGE_ROLLBACKS from package com.google.android.gms (protectionLevel=514 flags=0xb0cabe45)
06-22 14:59:41.575 I/ModuleSetMgr( 2054): Config file doesn't exist, writing blank config.
06-22 14:59:41.578 W/PackageManager( 1907): Cannot whitelist unknown permission: android.permission.QUERY_ALL_PACKAGES
06-22 14:59:41.578 W/PackageManager( 1907): Cannot whitelist unknown permission: android.permission.PRE_FACTORY_RESET
06-22 14:59:41.578 W/PackageManager( 1907): Cannot whitelist unknown permission: android.permission.MANAGE_FACTORY_RESET_PROTECTION
06-22 14:59:41.578 W/PackageManager( 1907): Cannot whitelist unknown permission: android.car.permission.CAR_POWER
06-22 14:59:41.578 W/PackageManager( 1907): Cannot whitelist unknown permission: com.google.android.wearable.WRITE_SETTINGS
06-22 14:59:41.578 W/PackageManager( 1907): Cannot whitelist unknown permission: com.felicanetworks.mfc.permission.MFC_ACCESS
06-22 14:59:41.578 W/PackageManager( 1907): Cannot whitelist unknown permission: com.felicanetworks.mfc.mfi.permission.MFI_ACCESS
06-22 14:59:41.578 W/PackageManager( 1907): Cannot whitelist unknown permission: com.google.android.finsky.permission.INSTANT_APP_STATE
06-22 14:59:41.578 W/PackageManager( 1907): Cannot whitelist unknown permission: android.permission.UWB
06-22 14:59:41.578 W/PackageManager( 1907): Cannot whitelist unknown permission: com.google.android.finsky.permission.BIND_GET_INSTALL_REFERRER_SERVICE
06-22 14:59:41.578 W/PackageManager( 1907): Cannot whitelist unknown permission: com.google.android.hangouts.START_HANGOUT
06-22 14:59:41.578 W/PackageManager( 1907): Cannot whitelist unknown permission: android.car.permission.CAR_POWERTRAIN
06-22 14:59:41.578 W/PackageManager( 1907): Cannot whitelist unknown permission: android.car.permission.CAR_ENERGY
06-22 14:59:41.578 W/PackageManager( 1907): Cannot whitelist unknown permission: android.car.permission.CAR_ENERGY_PORTS
06-22 14:59:41.578 W/PackageManager( 1907): Cannot whitelist unknown permission: android.car.permission.CAR_EXTERIOR_LIGHTS
06-22 14:59:41.578 W/PackageManager( 1907): Cannot whitelist unknown permission: android.car.permission.CAR_INFO
06-22 14:59:41.578 W/PackageManager( 1907): Cannot whitelist unknown permission: android.car.permission.CAR_MILEAGE
06-22 14:59:41.578 W/PackageManager( 1907): Cannot whitelist unknown permission: android.car.permission.CAR_TIRES
06-22 14:59:41.578 W/PackageManager( 1907): Cannot whitelist unknown permission: android.car.permission.CONTROL_CAR_CLIMATE
06-22 14:59:41.579 W/PackageManager( 1907): Cannot whitelist unknown permission: android.car.permission.CONTROL_CAR_DOORS
06-22 14:59:41.579 W/PackageManager( 1907): Cannot whitelist unknown permission: android.car.permission.CONTROL_CAR_EXTERIOR_LIGHTS
06-22 14:59:41.579 W/PackageManager( 1907): Cannot whitelist unknown permission: android.car.permission.CONTROL_CAR_MIRRORS
06-22 14:59:41.579 W/PackageManager( 1907): Cannot whitelist unknown permission: android.car.permission.CONTROL_CAR_SEATS
06-22 14:59:41.579 W/PackageManager( 1907): Cannot whitelist unknown permission: android.car.permission.CONTROL_CAR_WINDOWS
06-22 14:59:41.579 W/PackageManager( 1907): Cannot whitelist unknown permission: android.car.permission.READ_CAR_DISPLAY_UNITS
06-22 14:59:41.579 W/PackageManager( 1907): Cannot whitelist unknown permission: com.google.android.finsky.permission.GEARHEAD_SERVICE
06-22 14:59:41.579 W/PackageManager( 1907): Cannot whitelist unknown permission: com.google.android.permission.ACCESSIBILITY_SCAN_SERVICE
06-22 14:59:41.579 W/PackageManager( 1907): Cannot whitelist unknown permission: com.google.android.finsky.permission.ACCESS_INSTANT_APP_NOTIFICATION_ENFORCEMENT
06-22 14:59:41.579 W/PackageManager( 1907): Cannot whitelist unknown permission: com.google.android.clockwork.settings.SHOW_FACTORY_RESET_CONFIRMATION
06-22 14:59:41.579 W/PackageManager( 1907): Cannot whitelist unknown permission: com.google.android.wearable.READ_SETTINGS
06-22 14:59:41.579 W/PackageManager( 1907): Cannot whitelist unknown permission: android.permission.READ_MEDIA_AUDIO
06-22 14:59:41.579 W/PackageManager( 1907): Cannot whitelist unknown permission: android.permission.READ_MEDIA_IMAGES
06-22 14:59:41.579 W/PackageManager( 1907): Cannot whitelist unknown permission: android.permission.READ_MEDIA_VIDEO
06-22 14:59:41.579 W/PackageManager( 1907): Cannot whitelist unknown permission: com.android.vending.setup.PLAY_SETUP_SERVICE
06-22 14:59:41.579 W/PackageManager( 1907): Cannot whitelist unknown permission: com.google.android.gms.game.notifications.permission.WRITE
06-22 14:59:41.579 W/PackageManager( 1907): Cannot whitelist unknown permission: com.google.android.vending.verifier.ACCESS_VERIFIER
06-22 14:59:41.579 I/PackageManager( 1907): Un-granting permission android.permission.CAPTURE_VIDEO_OUTPUT from package com.google.android.gms (protectionLevel=2 flags=0xb0cabe45)
06-22 14:59:41.579 I/PackageManager( 1907): Un-granting permission android.permission.MANAGE_DEVICE_ADMINS from package com.google.android.gms (protectionLevel=2 flags=0xb0cabe45)
06-22 14:59:41.579 I/PackageManager( 1907): Un-granting permission android.permission.MANAGE_ACTIVITY_STACKS from package com.google.android.gms (protectionLevel=2 flags=0xb0cabe45)
06-22 14:59:41.579 I/PackageManager( 1907): Un-granting permission android.permission.CAPTURE_SECURE_VIDEO_OUTPUT from package com.google.android.gms (protectionLevel=2 flags=0xb0cabe45)
06-22 14:59:41.579 I/PackageManager( 1907): Un-granting permission android.permission.MANAGE_ROLLBACKS from package com.google.android.gms (protectionLevel=514 flags=0xb0cabe45)
06-22 14:59:41.581 W/PackageManager( 1907): Cannot whitelist unknown permission: android.permission.QUERY_ALL_PACKAGES
06-22 14:59:41.581 W/PackageManager( 1907): Cannot whitelist unknown permission: android.permission.PRE_FACTORY_RESET
06-22 14:59:41.581 W/PackageManager( 1907): Cannot whitelist unknown permission: android.permission.MANAGE_FACTORY_RESET_PROTECTION
06-22 14:59:41.582 I/ModuleSetMgr( 2054): Computing pending module set with APKs: [[AdsFdrDynamite.integ:21460000000], [Cronetdynamite:202414040800], [Dynamiteloader:202414040800], [Dynamitemodulesa:202414040000], [Dynamitemodulesc:202414040000], [Googlecertificates:202414040000], [Mapsdynamite:202414040000], [Measurementdynamite:202414040000]]
06-22 14:59:41.581 W/PackageManager( 1907): Cannot whitelist unknown permission: android.car.permission.CAR_POWER
06-22 14:59:41.583 W/PackageManager( 1907): Cannot whitelist unknown permission: com.google.android.wearable.WRITE_SETTINGS
06-22 14:59:41.583 W/PackageManager( 1907): Cannot whitelist unknown permission: com.felicanetworks.mfc.permission.MFC_ACCESS
06-22 14:59:41.583 W/PackageManager( 1907): Cannot whitelist unknown permission: com.felicanetworks.mfc.mfi.permission.MFI_ACCESS
06-22 14:59:41.583 W/PackageManager( 1907): Cannot whitelist unknown permission: com.google.android.finsky.permission.INSTANT_APP_STATE
06-22 14:59:41.583 W/PackageManager( 1907): Cannot whitelist unknown permission: android.permission.UWB
06-22 14:59:41.583 W/PackageManager( 1907): Cannot whitelist unknown permission: com.google.android.finsky.permission.BIND_GET_INSTALL_REFERRER_SERVICE
06-22 14:59:41.583 W/PackageManager( 1907): Cannot whitelist unknown permission: com.google.android.hangouts.START_HANGOUT
06-22 14:59:41.583 W/PackageManager( 1907): Cannot whitelist unknown permission: android.car.permission.CAR_POWERTRAIN
06-22 14:59:41.583 W/PackageManager( 1907): Cannot whitelist unknown permission: android.car.permission.CAR_ENERGY
06-22 14:59:41.583 W/PackageManager( 1907): Cannot whitelist unknown permission: android.car.permission.CAR_ENERGY_PORTS
06-22 14:59:41.583 W/PackageManager( 1907): Cannot whitelist unknown permission: android.car.permission.CAR_EXTERIOR_LIGHTS
06-22 14:59:41.583 W/PackageManager( 1907): Cannot whitelist unknown permission: android.car.permission.CAR_INFO
06-22 14:59:41.583 W/PackageManager( 1907): Cannot whitelist unknown permission: android.car.permission.CAR_MILEAGE
06-22 14:59:41.583 W/PackageManager( 1907): Cannot whitelist unknown permission: android.car.permission.CAR_TIRES
06-22 14:59:41.583 W/PackageManager( 1907): Cannot whitelist unknown permission: android.car.permission.CONTROL_CAR_CLIMATE
06-22 14:59:41.583 W/PackageManager( 1907): Cannot whitelist unknown permission: android.car.permission.CONTROL_CAR_DOORS
06-22 14:59:41.583 W/PackageManager( 1907): Cannot whitelist unknown permission: android.car.permission.CONTROL_CAR_EXTERIOR_LIGHTS
06-22 14:59:41.583 W/PackageManager( 1907): Cannot whitelist unknown permission: android.car.permission.CONTROL_CAR_MIRRORS
06-22 14:59:41.583 W/PackageManager( 1907): Cannot whitelist unknown permission: android.car.permission.CONTROL_CAR_SEATS
06-22 14:59:41.583 W/PackageManager( 1907): Cannot whitelist unknown permission: android.car.permission.CONTROL_CAR_WINDOWS
06-22 14:59:41.583 W/PackageManager( 1907): Cannot whitelist unknown permission: android.car.permission.READ_CAR_DISPLAY_UNITS
06-22 14:59:41.583 W/PackageManager( 1907): Cannot whitelist unknown permission: com.google.android.finsky.permission.GEARHEAD_SERVICE
06-22 14:59:41.584 W/PackageManager( 1907): Cannot whitelist unknown permission: com.google.android.permission.ACCESSIBILITY_SCAN_SERVICE
06-22 14:59:41.584 W/PackageManager( 1907): Cannot whitelist unknown permission: com.google.android.finsky.permission.ACCESS_INSTANT_APP_NOTIFICATION_ENFORCEMENT
06-22 14:59:41.584 W/PackageManager( 1907): Cannot whitelist unknown permission: com.google.android.clockwork.settings.SHOW_FACTORY_RESET_CONFIRMATION
06-22 14:59:41.584 W/PackageManager( 1907): Cannot whitelist unknown permission: com.google.android.wearable.READ_SETTINGS
06-22 14:59:41.584 W/PackageManager( 1907): Cannot whitelist unknown permission: android.permission.READ_MEDIA_AUDIO
06-22 14:59:41.584 W/PackageManager( 1907): Cannot whitelist unknown permission: android.permission.READ_MEDIA_IMAGES
06-22 14:59:41.584 W/PackageManager( 1907): Cannot whitelist unknown permission: android.permission.READ_MEDIA_VIDEO
