06-22 14:59:40.017 D/StorageManagerService( 1907): Thinking about reset, mBootCompleted=false, mDaemonConnected=true
06-22 14:59:40.017 D/SystemServerTiming( 1907): StartStorageManagerService took to complete: 11ms
06-22 14:59:40.017 I/SystemServer( 1907): StartStorageStatsService
06-22 14:59:40.017 I/SystemServiceManager( 1907): Starting com.android.server.usage.StorageStatsService$Lifecycle
06-22 14:59:40.018 D/installd( 1751): Found quota mount /dev/block/vdc at /data
06-22 14:59:40.019 D/SystemServerTiming( 1907): StartStorageStatsService took to complete: 2ms
06-22 14:59:40.019 I/SystemServer( 1907): StartUiModeManager
06-22 14:59:40.019 I/SystemServiceManager( 1907): Starting com.android.server.UiModeManagerService
06-22 14:59:40.019 D/SystemServerInitThreadPool( 1907): Started executing UiModeManager.onStart
06-22 14:59:40.020 I/ActivityTaskManager( 1907): Config changes=200 {1.0 ?mcc?mnc [en_US] ldltr sw320dp w320dp h616dp 160dpi nrml long port finger qwerty/v/v -nav/h winConfig={ mBounds=Rect(0, 0 - 320, 640) mAppBounds=Rect(0, 0 - 320, 640) mWindowingMode=fullscreen mDisplayWindowingMode=fullscreen mActivityType=undefined mAlwaysOnTop=undefined mRotation=ROTATION_0} s.4}
06-22 14:59:40.021 I/ActivityTaskManager( 1907): Override config changes=200 {1.0 ?mcc?mnc [en_US] ldltr sw320dp w320dp h616dp 160dpi nrml long port finger qwerty/v/v -nav/h winConfig={ mBounds=Rect(0, 0 - 320, 640) mAppBounds=Rect(0, 0 - 320, 640) mWindowingMode=fullscreen mDisplayWindowingMode=fullscreen mActivityType=undefined mAlwaysOnTop=undefined mRotation=ROTATION_0} s.4} for displayId=0
06-22 14:59:40.021 D/SystemServerInitThreadPool( 1907): Finished executing UiModeManager.onStart
06-22 14:59:40.023 D/SystemServerTiming( 1907): StartUiModeManager took to complete: 4ms
06-22 14:59:40.023 I/SystemServer( 1907): UpdatePackagesIfNeeded
06-22 14:59:40.023 I/Watchdog( 1907): Pausing HandlerChecker: main thread for reason: dexopt. Pause count: 1
06-22 14:59:40.018 D/installd( 1751): Found quota mount /dev/block/vdc at /data
06-22 14:59:40.038 I/system_server( 1907): The ClassLoaderContext is a special shared library.
06-22 14:59:40.072 I/chatty  ( 1907): uid=1000 system_server identical 13 lines
06-22 14:59:40.077 I/system_server( 1907): The ClassLoaderContext is a special shared library.
06-22 14:59:40.080 E/ActivityRecognitionHardware( 1663): activity_recognition HAL is deprecated. class_init is effectively a no-op
06-22 14:59:40.083 I/system_server( 1907): The ClassLoaderContext is a special shared library.
06-22 14:59:40.135 I/chatty  ( 1907): uid=1000 system_server identical 11 lines
06-22 14:59:40.139 I/system_server( 1907): The ClassLoaderContext is a special shared library.
06-22 14:59:40.140 I/zygote  ( 1663): Thread[1,tid=1663,Native,Thread*=0xebe34e00,peer=0x12d40000,"main"] recursive attempt to load library "libmedia_jni.so"
06-22 14:59:40.140 D/MtpDeviceJNI( 1663): register_android_mtp_MtpDevice
06-22 14:59:40.140 I/zygote  ( 1663): Thread[1,tid=1663,Native,Thread*=0xebe34e00,peer=0x12d40000,"main"] recursive attempt to load library "libmedia_jni.so"
06-22 14:59:40.140 I/zygote  ( 1663): Thread[1,tid=1663,Native,Thread*=0xebe34e00,peer=0x12d40000,"main"] recursive attempt to load library "libmedia_jni.so"
06-22 14:59:40.143 I/system_server( 1907): The ClassLoaderContext is a special shared library.
06-22 14:59:40.148 I/system_server( 1907): The ClassLoaderContext is a special shared library.
06-22 14:59:40.150 W/Zygote  ( 1663): Class not found for preloading: android.media.audiopolicy.AudioProductStrategies
06-22 14:59:40.150 W/Zygote  ( 1663): Class not found for preloading: android.media.audiopolicy.AudioVolumeGroups
06-22 14:59:40.150 I/system_server( 1907): The ClassLoaderContext is a special shared library.
06-22 14:59:40.223 I/chatty  ( 1907): uid=1000 system_server identical 29 lines
06-22 14:59:40.224 I/system_server( 1907): The ClassLoaderContext is a special shared library.
06-22 14:59:40.225 W/Zygote  ( 1663): Class not found for preloading: android.view.textclassifier.-$$Lambda$TextClassificationManager$JIaezIJbMig_-kVzN6oArzkTsJE
06-22 14:59:40.228 W/Zygote  ( 1663): Class not found for preloading: com.android.internal.net.NetworkStatsFactory
06-22 14:59:40.229 I/system_server( 1907): The ClassLoaderContext is a special shared library.
06-22 14:59:40.234 W/Zygote  ( 1663): Class not found for preloading: com.android.internal.telephony.-$$Lambda$PhoneSubInfoController$8HFbCDJDN1mrLJG980qYH5MGqMk
06-22 14:59:40.234 W/Zygote  ( 1663): Class not found for preloading: com.android.internal.telephony.-$$Lambda$PhoneSubInfoController$U28a_EGx2cvmQhDfRRgonMt5Zrc
06-22 14:59:40.234 W/Zygote  ( 1663): Class not found for preloading: com.android.internal.telephony.-$$Lambda$SubscriptionInfoUpdater$-zZXM9oMRZ3vZz7dJOG19J00Bmw
06-22 14:59:40.235 W/Zygote  ( 1663): Class not found for preloading: com.android.internal.telephony.-$$Lambda$SubscriptionInfoUpdater$D5yF1HbS4cvCyoAj3FESkPtA_0g
06-22 14:59:40.235 W/Zygote  ( 1663): Class not found for preloading: com.android.internal.telephony.-$$Lambda$SubscriptionInfoUpdater$MMx9iQX0JVqqMPLTUZhdBubFSzU
06-22 14:59:40.236 W/Zygote  ( 1663): Class not found for preloading: com.android.internal.telephony.PhoneConfigurationModels
06-22 14:59:40.237 I/system_server( 1907): The ClassLoaderContext is a special shared library.
06-22 14:59:40.238 W/Zygote  ( 1663): Class not found for preloading: com.android.internal.telephony.SubscriptionController$ScLocalLog
06-22 14:59:40.238 I/system_server( 1907): The ClassLoaderContext is a special shared library.
06-22 14:59:40.239 W/Zygote  ( 1663): Class not found for preloading: com.android.internal.telephony.UiccSmsController
06-22 14:59:40.239 I/system_server( 1907): The ClassLoaderContext is a special shared library.
06-22 14:59:40.242 I/chatty  ( 1907): uid=1000 system_server identical 3 lines
06-22 14:59:40.246 I/system_server( 1907): The ClassLoaderContext is a special shared library.
06-22 14:59:40.254 I/Zygote  ( 1663): ...preloaded 7590 classes in 323ms.
06-22 14:59:40.254 I/zygote  ( 1663): VMRuntime.preloadDexCaches starting
06-22 14:59:40.255 I/system_server( 1907): The ClassLoaderContext is a special shared library.
06-22 14:59:40.262 I/chatty  ( 1907): uid=1000 system_server identical 6 lines
06-22 14:59:40.263 I/system_server( 1907): The ClassLoaderContext is a special shared library.
06-22 14:59:40.265 I/zygote  ( 1663): VMRuntime.preloadDexCaches strings total=378948 before=9925 after=9925
06-22 14:59:40.265 I/zygote  ( 1663): VMRuntime.preloadDexCaches types total=35812 before=7199 after=7467
06-22 14:59:40.265 I/zygote  ( 1663): VMRuntime.preloadDexCaches fields total=160603 before=8020 after=8221
06-22 14:59:40.265 I/zygote  ( 1663): VMRuntime.preloadDexCaches methods total=281511 before=10884 after=11316
06-22 14:59:40.265 I/zygote  ( 1663): VMRuntime.preloadDexCaches finished
06-22 14:59:40.265 D/ZygoteInitTiming_lazy( 1663): PreloadClasses took to complete: 334ms
06-22 14:59:40.267 I/system_server( 1907): The ClassLoaderContext is a special shared library.
06-22 14:59:40.271 I/system_server( 1907): The ClassLoaderContext is a special shared library.
06-22 14:59:40.273 I/zygote  ( 1663): The ClassLoaderContext is a special shared library.
06-22 14:59:40.274 I/system_server( 1907): The ClassLoaderContext is a special shared library.
06-22 14:59:40.275 I/system_server( 1907): The ClassLoaderContext is a special shared library.
06-22 14:59:40.278 D/ApplicationLoaders( 1663): Created zygote-cached class loader: /system/framework/android.hidl.base-V1.0-java.jar
06-22 14:59:40.281 I/system_server( 1907): The ClassLoaderContext is a special shared library.
06-22 14:59:40.285 I/zygote  ( 1663): The ClassLoaderContext is a special shared library.
06-22 14:59:40.286 I/system_server( 1907): The ClassLoaderContext is a special shared library.
06-22 14:59:40.288 D/ApplicationLoaders( 1663): Created zygote-cached class loader: /system/framework/android.hidl.manager-V1.0-java.jar
06-22 14:59:40.288 D/ZygoteInitTiming_lazy( 1663): CacheNonBootClasspathClassLoaders took to complete: 24ms
06-22 14:59:40.291 I/system_server( 1907): The ClassLoaderContext is a special shared library.
06-22 14:59:40.343 I/chatty  ( 1907): uid=1000 system_server identical 8 lines
06-22 14:59:40.344 I/system_server( 1907): The ClassLoaderContext is a special shared library.
06-22 14:59:40.346 I/Zygote  ( 1663): Preloading resources...
06-22 14:59:40.348 I/system_server( 1907): The ClassLoaderContext is a special shared library.
06-22 14:59:40.354 I/system_server( 1907): The ClassLoaderContext is a special shared library.
06-22 14:59:40.356 W/Resources( 1663): Preloaded drawable resource #0x108027c (android:drawable/dialog_background_material) that varies with configuration!!
06-22 14:59:40.359 I/Zygote  ( 1663): ...preloaded 64 resources in 13ms.
06-22 14:59:40.360 I/Zygote  ( 1663): ...preloaded 41 resources in 0ms.
06-22 14:59:40.360 D/ZygoteInitTiming_lazy( 1663): PreloadResources took to complete: 71ms
06-22 14:59:40.362 I/system_server( 1907): The ClassLoaderContext is a special shared library.
06-22 14:59:40.368 I/chatty  ( 1907): uid=1000 system_server identical 2 lines
06-22 14:59:40.370 I/system_server( 1907): The ClassLoaderContext is a special shared library.
06-22 14:59:40.373 I/Zygote  ( 1663): Preloading shared libraries...
06-22 14:59:40.375 I/system_server( 1907): The ClassLoaderContext is a special shared library.
06-22 14:59:40.381 I/system_server( 1907): The ClassLoaderContext is a special shared library.
06-22 14:59:40.384 I/Zygote  ( 1663): Called ZygoteHooks.endPreload()
06-22 14:59:40.384 I/system_server( 1907): The ClassLoaderContext is a special shared library.
06-22 14:59:40.385 I/Zygote  ( 1663): Installed AndroidKeyStoreProvider in 1ms.
06-22 14:59:40.387 I/Zygote  ( 1663): Warmed up JCA providers in 2ms.
06-22 14:59:40.387 D/Zygote  ( 1663): end preload
06-22 14:59:40.387 D/SystemServerTimingAsync( 1907): SecondaryZygotePreload took to complete: 527ms
06-22 14:59:40.387 D/SystemServerInitThreadPool( 1907): Finished executing SecondaryZygotePreload
06-22 14:59:40.388 I/system_server( 1907): The ClassLoaderContext is a special shared library.
06-22 14:59:40.455 I/Watchdog( 1907): Resuming HandlerChecker: main thread for reason: dexopt. Pause count: 0
06-22 14:59:40.455 D/SystemServerTiming( 1907): UpdatePackagesIfNeeded took to complete: 433ms
06-22 14:59:40.455 I/SystemServer( 1907): PerformFstrimIfNeeded
06-22 14:59:40.456 W/PackageManager( 1907): No disk maintenance in 1782140380456; running immediately
06-22 14:59:40.456 D/SystemServerTiming( 1907): PerformFstrimIfNeeded took to complete: 0ms
06-22 14:59:40.456 I/SystemServer( 1907): StartLockSettingsService
06-22 14:59:40.456 I/StorageManagerService( 1907): Running fstrim idle maintenance
06-22 14:59:40.456 I/SystemServiceManager( 1907): Starting com.android.server.locksettings.LockSettingsService$Lifecycle
06-22 14:59:40.452 I/chatty  ( 1907): uid=1000 system_server identical 23 lines
06-22 14:59:40.455 I/system_server( 1907): The ClassLoaderContext is a special shared library.
06-22 14:59:40.456 I/hwservicemanager( 1567): getTransport: Cannot find entry android.hardware.boot@1.0::IBootControl/default in either framework or device manifest.
06-22 14:59:40.461 I/vold    ( 1574): Skip mounting partition: /product
06-22 14:59:40.461 I/vold    ( 1574): Skip mounting partition: /product_services
06-22 14:59:40.461 D/vold    ( 1574): Starting trim of /data
06-22 14:59:40.461 W/vold    ( 1574): Trim failed on /data: Operation not supported on transport endpoint
06-22 14:59:40.461 D/vold    ( 1574): Starting trim of none
06-22 14:59:40.461 W/vold    ( 1574): Failed to open none: No such file or directory
06-22 14:59:40.473 D/SystemServerTiming( 1907): StartLockSettingsService took to complete: 17ms
06-22 14:59:40.473 I/SystemServer( 1907): StartTestHarnessMode
06-22 14:59:40.473 I/SystemServiceManager( 1907): Starting com.android.server.testharness.TestHarnessModeService
06-22 14:59:40.473 D/SystemServerTiming( 1907): StartTestHarnessMode took to complete: 1ms
06-22 14:59:40.474 I/hwservicemanager( 1567): getTransport: Cannot find entry android.hardware.oemlock@1.0::IOemLock/default in either framework or device manifest.
06-22 14:59:40.474 I/OemLock ( 1907): OemLock HAL not present on device
06-22 14:59:40.474 I/SystemServer( 1907): StartDeviceIdleController
06-22 14:59:40.474 I/SystemServiceManager( 1907): Starting com.android.server.DeviceIdleController
06-22 14:59:40.477 D/SystemServerTiming( 1907): StartDeviceIdleController took to complete: 3ms
06-22 14:59:40.477 I/SystemServer( 1907): StartDevicePolicyManager
06-22 14:59:40.477 I/SystemServiceManager( 1907): Starting com.android.server.devicepolicy.DevicePolicyManagerService$Lifecycle
06-22 14:59:40.480 D/SystemServerTiming( 1907): StartDevicePolicyManager took to complete: 3ms
06-22 14:59:40.480 I/SystemServer( 1907): StartStatusBarManagerService
06-22 14:59:40.480 D/SystemServerTiming( 1907): StartStatusBarManagerService took to complete: 0ms
06-22 14:59:40.480 D/SystemServer( 1907): ContentCaptureService disabled because resource is not overlaid
06-22 14:59:40.480 D/SystemServer( 1907): AttentionService is not configured on this device
06-22 14:59:40.480 I/SystemServer( 1907): StartSystemCaptionsManagerService
06-22 14:59:40.480 I/SystemServiceManager( 1907): Starting com.android.server.systemcaptions.SystemCaptionsManagerService
06-22 14:59:40.481 D/SystemServerTiming( 1907): StartSystemCaptionsManagerService took to complete: 0ms
06-22 14:59:40.481 I/SystemServer( 1907): StartAppPredictionService
06-22 14:59:40.482 I/SystemServiceManager( 1907): Starting com.android.server.appprediction.AppPredictionManagerService
06-22 14:59:40.482 D/SystemServerTiming( 1907): StartAppPredictionService took to complete: 0ms
06-22 14:59:40.482 I/SystemServer( 1907): StartContentSuggestionsService
06-22 14:59:40.483 I/SystemServiceManager( 1907): Starting com.android.server.contentsuggestions.ContentSuggestionsManagerService
06-22 14:59:40.483 D/SystemServerTiming( 1907): StartContentSuggestionsService took to complete: 1ms
06-22 14:59:40.483 I/SystemServer( 1907): InitNetworkStackClient
06-22 14:59:40.484 D/SystemServerTiming( 1907): InitNetworkStackClient took to complete: 1ms
06-22 14:59:40.484 I/SystemServer( 1907): StartNetworkManagementService
06-22 14:59:40.486 I/netd    ( 1661): registerUnsolicitedEventListener() <0.03ms>
06-22 14:59:40.486 D/SystemServerTiming( 1907): StartNetworkManagementService took to complete: 2ms
06-22 14:59:40.486 I/SystemServer( 1907): StartIpSecService
06-22 14:59:40.487 D/SystemServerTiming( 1907): StartIpSecService took to complete: 1ms
06-22 14:59:40.487 I/SystemServer( 1907): StartTextServicesManager
06-22 14:59:40.487 I/SystemServiceManager( 1907): Starting com.android.server.textservices.TextServicesManagerService$Lifecycle
06-22 14:59:40.488 D/SystemServerTiming( 1907): StartTextServicesManager took to complete: 0ms
06-22 14:59:40.488 I/SystemServer( 1907): StartTextClassificationManagerService
06-22 14:59:40.488 I/SystemServiceManager( 1907): Starting com.android.server.textclassifier.TextClassificationManagerService$Lifecycle
06-22 14:59:40.488 D/SystemServerTiming( 1907): StartTextClassificationManagerService took to complete: 1ms
06-22 14:59:40.489 I/SystemServer( 1907): StartNetworkScoreService
06-22 14:59:40.489 I/SystemServiceManager( 1907): Starting com.android.server.NetworkScoreService$Lifecycle
06-22 14:59:40.489 I/NetworkScoreService( 1907): Registering network_score
06-22 14:59:40.489 D/SystemServerTiming( 1907): StartNetworkScoreService took to complete: 0ms
06-22 14:59:40.489 I/SystemServer( 1907): StartNetworkStatsService
06-22 14:59:40.490 D/SystemServerTiming( 1907): StartNetworkStatsService took to complete: 2ms
06-22 14:59:40.490 I/SystemServer( 1907): StartNetworkPolicyManagerService
06-22 14:59:40.495 D/SystemServerTiming( 1907): StartNetworkPolicyManagerService took to complete: 5ms
06-22 14:59:40.495 I/SystemServer( 1907): StartWifi
06-22 14:59:40.507 I/SystemServiceManager( 1907): Starting com.android.server.wifi.WifiService
06-22 14:59:40.555 E/HostapdHal( 1907): Malformed channel value detected: java.lang.NumberFormatException: For input string: ""
06-22 14:59:40.564 D/WifiCountryCode( 1907): mDefaultCountryCode null mRevertCountryCodeOnCellularLoss false
06-22 14:59:40.564 D/WifiApConfigStore( 1907): 2G band allowed channels are:1,6,11
06-22 14:59:40.565 E/WifiApConfigStore( 1907): Error reading hotspot configuration java.io.FileNotFoundException: /data/misc/wifi/softap.conf: open failed: ENOENT (No such file or directory)
06-22 14:59:40.565 D/WifiApConfigStore( 1907): Fallback to use default AP configuration
06-22 14:59:40.566 I/WifiScoringParams( 1907): rssi2=-83:-80:-73:-60,rssi5=-80:-77:-70:-57,pps=0:1:100,horizon=15,nud=8,expid=0
06-22 14:59:40.591 D/WifiOpenNetworkNotifier( 1907): Settings toggle enabled=true
06-22 14:59:40.591 D/WifiCarrierNetworkNotifier( 1907): Settings toggle enabled=true
06-22 14:59:40.593 D/WifiActiveModeWarden( 1907): Starting Wifi in WifiDisabledState
06-22 14:59:40.593 D/WifiActiveModeWarden( 1907): Entering WifiDisabledState
06-22 14:59:40.594 D/WakeupController( 1907): WifiWake enabled
06-22 14:59:40.595 E/WifiClientModeImpl( 1907): getWifiLinkLayerStats called without an interface
06-22 14:59:40.596 E/SupplicantStaIfaceHal( 1907): Can't call setDebugParams, ISupplicant is null
06-22 14:59:40.597 W/WifiDiags( 1907): no ring buffers found
06-22 14:59:40.597 W/WifiDiags( 1907): Failed to start packet fate monitoring
06-22 14:59:40.597 I/WifiService( 1907): Registering wifi
06-22 14:59:40.597 D/SystemServerTiming( 1907): StartWifi took to complete: 101ms
06-22 14:59:40.597 I/SystemServer( 1907): StartWifiScanning
06-22 14:59:40.598 I/SystemServiceManager( 1907): Starting com.android.server.wifi.scanner.WifiScanningService
06-22 14:59:40.598 I/WifiScanningService( 1907): Creating wifiscanner
06-22 14:59:40.600 I/WifiScanningService( 1907): Publishing wifiscanner
06-22 14:59:40.600 D/SystemServerTiming( 1907): StartWifiScanning took to complete: 3ms
06-22 14:59:40.600 I/SystemServer( 1907): StartWifiP2P
06-22 14:59:40.600 I/SystemServiceManager( 1907): Starting com.android.server.wifi.p2p.WifiP2pService
06-22 14:59:40.604 W/HalDevMgr( 1907): isWifiStarted called but mWifi is null!?
06-22 14:59:40.605 I/WifiP2pService( 1907): Registering wifip2p
06-22 14:59:40.605 D/SystemServerTiming( 1907): StartWifiP2P took to complete: 5ms
06-22 14:59:40.605 I/SystemServer( 1907): StartConnectivityService
06-22 14:59:40.606 D/ConnectivityService( 1907): ConnectivityService starting up
06-22 14:59:40.612 D/ConnectivityService( 1907): wifiOnly=false
06-22 14:59:40.616 D/SystemServerTiming( 1907): StartConnectivityService took to complete: 11ms
06-22 14:59:40.616 I/SystemServer( 1907): StartNsdService
06-22 14:59:40.617 D/NsdService( 1907): Network service discovery is enabled
06-22 14:59:40.618 D/SystemServerTiming( 1907): StartNsdService took to complete: 1ms
06-22 14:59:40.618 I/SystemServer( 1907): StartSystemUpdateManagerService
06-22 14:59:40.618 I/SystemUpdateManagerService( 1907): No existing info file /data/system/system-update-info.xml
06-22 14:59:40.618 D/SystemServerTiming( 1907): StartSystemUpdateManagerService took to complete: 0ms
06-22 14:59:40.618 I/SystemServer( 1907): StartUpdateLockService
06-22 14:59:40.618 D/SystemServerTiming( 1907): StartUpdateLockService took to complete: 0ms
06-22 14:59:40.618 I/SystemServer( 1907): StartNotificationManager
06-22 14:59:40.618 I/SystemServiceManager( 1907): Starting com.android.server.notification.NotificationManagerService
06-22 14:59:40.625 D/ConditionProviders.SCP( 1907): new ScheduleConditionProvider()
06-22 14:59:40.627 I/ConditionProviders( 1907):  Allowing condition provider com.google.android.apps.nexuslauncher/com.android.launcher3.notification.NotificationListener
06-22 14:59:40.628 I/NotificationListeners( 1907):  Allowing notification listener com.google.android.apps.nexuslauncher/com.android.launcher3.notification.NotificationListener
06-22 14:59:40.628 V/NotificationListeners( 1907): enabling notification listener for 0: ComponentInfo{com.google.android.apps.nexuslauncher/com.android.launcher3.notification.NotificationListener}
06-22 14:59:40.628 V/NotificationListeners( 1907): binding: Intent { act=android.service.notification.NotificationListenerService cmp=com.google.android.apps.nexuslauncher/com.android.launcher3.notification.NotificationListener (has extras) }
06-22 14:59:40.628 W/ActivityManager( 1907): Unable to start service Intent { act=android.service.notification.NotificationListenerService cmp=com.google.android.apps.nexuslauncher/com.android.launcher3.notification.NotificationListener } U=0: not found
06-22 14:59:40.628 W/NotificationListeners( 1907): Unable to bind notification listener service: Intent { act=android.service.notification.NotificationListenerService cmp=com.google.android.apps.nexuslauncher/com.android.launcher3.notification.NotificationListener (has extras) } in user 0
06-22 14:59:40.630 I/ConditionProviders( 1907):  Allowing condition provider com.google.android.apps.restore/com.google.android.apps.pixelmigrate.component.NotificationConsolidatorService
06-22 14:59:40.630 I/NotificationListeners( 1907):  Allowing notification listener com.google.android.apps.restore/com.google.android.apps.pixelmigrate.component.NotificationConsolidatorService
06-22 14:59:40.630 V/NotificationListeners( 1907): enabling notification listener for 0: ComponentInfo{com.google.android.apps.restore/com.google.android.apps.pixelmigrate.component.NotificationConsolidatorService}
06-22 14:59:40.630 V/NotificationListeners( 1907): binding: Intent { act=android.service.notification.NotificationListenerService cmp=com.google.android.apps.restore/com.google.android.apps.pixelmigrate.component.NotificationConsolidatorService (has extras) }
06-22 14:59:40.630 W/ActivityManager( 1907): Unable to start service Intent { act=android.service.notification.NotificationListenerService cmp=com.google.android.apps.restore/com.google.android.apps.pixelmigrate.component.NotificationConsolidatorService } U=0: not found
06-22 14:59:40.630 W/NotificationListeners( 1907): Unable to bind notification listener service: Intent { act=android.service.notification.NotificationListenerService cmp=com.google.android.apps.restore/com.google.android.apps.pixelmigrate.component.NotificationConsolidatorService (has extras) } in user 0
06-22 14:59:40.630 V/NotificationListeners( 1907): enabling notification listener for 0: ComponentInfo{com.google.android.apps.nexuslauncher/com.android.launcher3.notification.NotificationListener}
06-22 14:59:40.630 V/NotificationListeners( 1907): binding: Intent { act=android.service.notification.NotificationListenerService cmp=com.google.android.apps.nexuslauncher/com.android.launcher3.notification.NotificationListener (has extras) }
06-22 14:59:40.631 W/ActivityManager( 1907): Unable to start service Intent { act=android.service.notification.NotificationListenerService cmp=com.google.android.apps.nexuslauncher/com.android.launcher3.notification.NotificationListener } U=0: not found
06-22 14:59:40.631 W/NotificationListeners( 1907): Unable to bind notification listener service: Intent { act=android.service.notification.NotificationListenerService cmp=com.google.android.apps.nexuslauncher/com.android.launcher3.notification.NotificationListener (has extras) } in user 0
06-22 14:59:40.631 I/ConditionProviders( 1907):  Allowing condition provider com.google.android.GoogleCamera
06-22 14:59:40.631 I/ConditionProviders( 1907):  Allowing condition provider com.google.android.gms
06-22 14:59:40.631 I/ConditionProviders( 1907):  Allowing condition provider com.google.intelligence.sense
06-22 14:59:40.632 I/ConditionProviders( 1907):  Allowing condition provider com.google.android.settings.intelligence
06-22 14:59:40.632 I/ConditionProviders( 1907):  Allowing condition provider com.google.android.apps.wellbeing
06-22 14:59:40.632 I/ConditionProviders( 1907):  Allowing condition provider com.google.android.apps.safetyhub
06-22 14:59:40.632 I/ConditionProviders( 1907):  Allowing condition provider com.google.android.ext.services/android.ext.services.notification.Assistant
06-22 14:59:40.632 I/NotificationAssistants( 1907):  Allowing notification assistant com.google.android.ext.services/android.ext.services.notification.Assistant
06-22 14:59:40.632 V/NotificationAssistants( 1907): enabling notification assistant for 0: ComponentInfo{com.google.android.ext.services/android.ext.services.notification.Assistant}
06-22 14:59:40.632 V/NotificationAssistants( 1907): binding: Intent { act=android.service.notification.NotificationAssistantService cmp=com.google.android.ext.services/android.ext.services.notification.Assistant (has extras) }
06-22 14:59:40.632 D/NotificationService( 1907): Set default NAS to be com.google.android.ext.services/android.ext.services.notification.Assistant in 0
06-22 14:59:40.643 D/SystemServerTiming( 1907): StartNotificationManager took to complete: 24ms
06-22 14:59:40.643 I/SystemServer( 1907): StartDeviceMonitor
06-22 14:59:40.643 I/SystemServiceManager( 1907): Starting com.android.server.storage.DeviceStorageMonitorService
06-22 14:59:40.648 D/SystemServerTiming( 1907): StartDeviceMonitor took to complete: 5ms
06-22 14:59:40.648 I/SystemServer( 1907): StartLocationManagerService
06-22 14:59:40.649 D/SystemServerTiming( 1907): StartLocationManagerService took to complete: 1ms
06-22 14:59:40.649 I/SystemServer( 1907): StartCountryDetectorService
06-22 14:59:40.649 D/SystemServerTiming( 1907): StartCountryDetectorService took to complete: 1ms
06-22 14:59:40.649 I/SystemServer( 1907): StartTimeDetectorService
06-22 14:59:40.649 I/SystemServiceManager( 1907): Starting com.android.server.timedetector.TimeDetectorService$Lifecycle
06-22 14:59:40.650 D/SystemServerTiming( 1907): StartTimeDetectorService took to complete: 0ms
06-22 14:59:40.650 I/SystemServer( 1907): StartSearchManagerService
06-22 14:59:40.650 I/SystemServiceManager( 1907): Starting com.android.server.search.SearchManagerService$Lifecycle
06-22 14:59:40.650 D/SystemServerTiming( 1907): StartSearchManagerService took to complete: 0ms
06-22 14:59:40.650 I/SystemServer( 1907): StartWallpaperManagerService
06-22 14:59:40.650 I/SystemServiceManager( 1907): Starting com.android.server.wallpaper.WallpaperManagerService$Lifecycle
06-22 14:59:40.651 D/SystemServerTiming( 1907): StartWallpaperManagerService took to complete: 1ms
06-22 14:59:40.651 I/SystemServer( 1907): StartAudioService
06-22 14:59:40.651 I/SystemServiceManager( 1907): Starting com.android.server.audio.AudioService$Lifecycle
06-22 14:59:40.661 W/TelecomManager( 1907): Telecom Service not found.
06-22 14:59:40.661 D/PermissionCache( 1711): checking android.permission.MODIFY_AUDIO_ROUTING for uid=1000 => granted (121 us)
06-22 14:59:40.661 D/PermissionCache( 1711): checking android.permission.MODIFY_AUDIO_SETTINGS for uid=1000 => granted (27 us)
06-22 14:59:40.662 W/AudioFlinger( 1711): no wake lock to update, system not ready yet
06-22 14:59:40.663 W/DeviceHAL( 1669): Error from HAL Device in function set_mic_mute: Function not implemented
06-22 14:59:40.663 E/AudioSystem-JNI( 1907): Command failed for android_media_AudioSystem_muteMicrophone: -38
06-22 14:59:40.673 D/AudioFlinger( 1711): isLowRamDevice:false totalMemory:2089566208 mClientSharedHeapSize:4194304
06-22 14:59:40.674 D/SystemServerTiming( 1907): StartAudioService took to complete: 23ms
06-22 14:59:40.674 I/SystemServer( 1907): StartDockObserver
06-22 14:59:40.674 I/SystemServiceManager( 1907): Starting com.android.server.DockObserver
06-22 14:59:40.674 W/DockObserver( 1907): This kernel does not have dock station support
06-22 14:59:40.675 D/SystemServerTiming( 1907): StartDockObserver took to complete: 1ms
06-22 14:59:40.675 I/SystemServer( 1907): StartWiredAccessoryManager
06-22 14:59:40.675 W/WiredAccessoryManager( 1907): This kernel does not have usb audio support
06-22 14:59:40.675 W/WiredAccessoryManager( 1907): This kernel does not have HDMI audio support
06-22 14:59:40.675 D/SystemServerTiming( 1907): StartWiredAccessoryManager took to complete: 1ms
06-22 14:59:40.675 I/SystemServer( 1907): StartMidiManager
06-22 14:59:40.675 I/SystemServiceManager( 1907): Starting com.android.server.midi.MidiService$Lifecycle
06-22 14:59:40.677 D/SystemServerTiming( 1907): StartMidiManager took to complete: 1ms
06-22 14:59:40.677 I/SystemServer( 1907): StartAdbService
06-22 14:59:40.677 I/SystemServiceManager( 1907): Starting com.android.server.adb.AdbService$Lifecycle
06-22 14:59:40.678 D/SystemServerTiming( 1907): StartAdbService took to complete: 1ms
06-22 14:59:40.678 I/SystemServer( 1907): StartUsbService
06-22 14:59:40.678 I/SystemServiceManager( 1907): Starting com.android.server.usb.UsbService$Lifecycle
06-22 14:59:40.679 E/UsbDeviceManager( 1907): failed to write to /sys/class/android_usb/android0/f_rndis/ethaddr
06-22 14:59:40.679 I/hwservicemanager( 1567): getTransport: Cannot find entry android.hardware.usb.gadget@1.0::IUsbGadget/default in either framework or device manifest.
06-22 14:59:40.681 I/UsbDeviceManager( 1907): USB GADGET HAL not present in the device
06-22 14:59:40.681 I/UsbDeviceManager( 1907): java.util.NoSuchElementException
06-22 14:59:40.681 I/UsbDeviceManager( 1907): 	at android.os.HwBinder.getService(Native Method)
06-22 14:59:40.681 I/UsbDeviceManager( 1907): 	at android.hardware.usb.gadget.V1_0.IUsbGadget.getService(IUsbGadget.java:55)
06-22 14:59:40.681 I/UsbDeviceManager( 1907): 	at android.hardware.usb.gadget.V1_0.IUsbGadget.getService(IUsbGadget.java:62)
06-22 14:59:40.681 I/UsbDeviceManager( 1907): 	at com.android.server.usb.UsbDeviceManager.<init>(UsbDeviceManager.java:262)
06-22 14:59:40.681 I/UsbDeviceManager( 1907): 	at com.android.server.usb.UsbService.<init>(UsbService.java:150)
06-22 14:59:40.681 I/UsbDeviceManager( 1907): 	at com.android.server.usb.UsbService$Lifecycle.onStart(UsbService.java:84)
06-22 14:59:40.681 I/UsbDeviceManager( 1907): 	at com.android.server.SystemServiceManager.startService(SystemServiceManager.java:129)
06-22 14:59:40.681 I/UsbDeviceManager( 1907): 	at com.android.server.SystemServiceManager.startService(SystemServiceManager.java:116)
06-22 14:59:40.681 I/UsbDeviceManager( 1907): 	at com.android.server.SystemServiceManager.startService(SystemServiceManager.java:75)
06-22 14:59:40.681 I/UsbDeviceManager( 1907): 	at com.android.server.SystemServer.startOtherServices(SystemServer.java:1532)
06-22 14:59:40.681 I/UsbDeviceManager( 1907): 	at com.android.server.SystemServer.run(SystemServer.java:512)
06-22 14:59:40.681 I/UsbDeviceManager( 1907): 	at com.android.server.SystemServer.main(SystemServer.java:349)
06-22 14:59:40.681 I/UsbDeviceManager( 1907): 	at java.lang.reflect.Method.invoke(Native Method)
06-22 14:59:40.681 I/UsbDeviceManager( 1907): 	at com.android.internal.os.RuntimeInit$MethodAndArgsCaller.run(RuntimeInit.java:492)
06-22 14:59:40.681 I/UsbDeviceManager( 1907): 	at com.android.internal.os.ZygoteInit.main(ZygoteInit.java:908)
06-22 14:59:40.681 E/UsbDeviceManagerJNI( 1907): could not open control for mtp No such file or directory
06-22 14:59:40.681 E/UsbDeviceManager( 1907): Failed to open control for mtp
06-22 14:59:40.681 E/UsbDeviceManagerJNI( 1907): could not open control for ptp No such file or directory
06-22 14:59:40.681 E/UsbDeviceManager( 1907): Failed to open control for ptp
06-22 14:59:40.685 W/StorageManagerService( 1907): No primary storage defined yet; hacking together a stub
06-22 14:59:40.686 E/UsbDeviceManagerJNI( 1907): could not open /dev/usb_accessory
06-22 14:59:40.687 I/android_os_HwBinder( 1907): HwBinder: Starting thread pool for getting: android.hidl.manager@1.0::IServiceManager/default
06-22 14:59:40.687 I/hwservicemanager( 1567): getTransport: Cannot find entry android.hardware.usb@1.0::IUsb/default in either framework or device manifest.
06-22 14:59:40.688 E/UsbPortManager( 1907): connectToProxy: usb hal service not found. Did the service fail to start?
06-22 14:59:40.688 E/UsbPortManager( 1907): java.util.NoSuchElementException
06-22 14:59:40.688 E/UsbPortManager( 1907): 	at android.os.HwBinder.getService(Native Method)
06-22 14:59:40.688 E/UsbPortManager( 1907): 	at android.os.HwBinder.getService(HwBinder.java:83)
06-22 14:59:40.688 E/UsbPortManager( 1907): 	at android.hardware.usb.V1_0.IUsb.getService(IUsb.java:70)
06-22 14:59:40.688 E/UsbPortManager( 1907): 	at android.hardware.usb.V1_0.IUsb.getService(IUsb.java:77)
06-22 14:59:40.688 E/UsbPortManager( 1907): 	at com.android.server.usb.UsbPortManager.connectToProxy(UsbPortManager.java:780)
06-22 14:59:40.688 E/UsbPortManager( 1907): 	at com.android.server.usb.UsbPortManager.<init>(UsbPortManager.java:175)
06-22 14:59:40.688 E/UsbPortManager( 1907): 	at com.android.server.usb.UsbService.<init>(UsbService.java:153)
06-22 14:59:40.688 E/UsbPortManager( 1907): 	at com.android.server.usb.UsbService$Lifecycle.onStart(UsbService.java:84)
06-22 14:59:40.688 E/UsbPortManager( 1907): 	at com.android.server.SystemServiceManager.startService(SystemServiceManager.java:129)
06-22 14:59:40.688 E/UsbPortManager( 1907): 	at com.android.server.SystemServiceManager.startService(SystemServiceManager.java:116)
06-22 14:59:40.688 E/UsbPortManager( 1907): 	at com.android.server.SystemServiceManager.startService(SystemServiceManager.java:75)
06-22 14:59:40.688 E/UsbPortManager( 1907): 	at com.android.server.SystemServer.startOtherServices(SystemServer.java:1532)
06-22 14:59:40.688 E/UsbPortManager( 1907): 	at com.android.server.SystemServer.run(SystemServer.java:512)
06-22 14:59:40.688 E/UsbPortManager( 1907): 	at com.android.server.SystemServer.main(SystemServer.java:349)
06-22 14:59:40.688 E/UsbPortManager( 1907): 	at java.lang.reflect.Method.invoke(Native Method)
06-22 14:59:40.688 E/UsbPortManager( 1907): 	at com.android.internal.os.RuntimeInit$MethodAndArgsCaller.run(RuntimeInit.java:492)
06-22 14:59:40.688 E/UsbPortManager( 1907): 	at com.android.internal.os.ZygoteInit.main(ZygoteInit.java:908)
06-22 14:59:40.689 D/SystemServerTiming( 1907): StartUsbService took to complete: 11ms
06-22 14:59:40.689 I/SystemServer( 1907): StartSerialService
06-22 14:59:40.689 D/SystemServerTiming( 1907): StartSerialService took to complete: 0ms
06-22 14:59:40.689 I/SystemServer( 1907): StartHardwarePropertiesManagerService
06-22 14:59:40.690 I/hwservicemanager( 1567): getTransport: Cannot find entry android.hardware.thermal@1.0::IThermal/default in either framework or device manifest.
06-22 14:59:40.690 E/HardwarePropertiesManagerService-JNI( 1907): Unable to get Thermal service.
06-22 14:59:40.690 D/SystemServerTiming( 1907): StartHardwarePropertiesManagerService took to complete: 0ms
06-22 14:59:40.690 I/SystemServer( 1907): StartTwilightService
06-22 14:59:40.690 I/SystemServiceManager( 1907): Starting com.android.server.twilight.TwilightService
06-22 14:59:40.690 D/SystemServerTiming( 1907): StartTwilightService took to complete: 0ms
06-22 14:59:40.690 I/SystemServer( 1907): StartColorDisplay
06-22 14:59:40.690 I/SystemServiceManager( 1907): Starting com.android.server.display.color.ColorDisplayService
06-22 14:59:40.691 D/SystemServerTiming( 1907): StartColorDisplay took to complete: 1ms
06-22 14:59:40.691 I/SystemServer( 1907): StartJobScheduler
06-22 14:59:40.691 I/SystemServiceManager( 1907): Starting com.android.server.job.JobSchedulerService
06-22 14:59:40.693 I/JobStore( 1907): Read 0 jobs
06-22 14:59:40.696 D/SystemServerTiming( 1907): StartJobScheduler took to complete: 6ms
06-22 14:59:40.696 I/SystemServer( 1907): StartSoundTrigger
06-22 14:59:40.696 I/SystemServiceManager( 1907): Starting com.android.server.soundtrigger.SoundTriggerService
06-22 14:59:40.697 D/SystemServerTiming( 1907): StartSoundTrigger took to complete: 0ms
06-22 14:59:40.697 I/SystemServer( 1907): StartTrustManager
06-22 14:59:40.697 I/SystemServiceManager( 1907): Starting com.android.server.trust.TrustManagerService
06-22 14:59:40.697 D/SystemServerTiming( 1907): StartTrustManager took to complete: 1ms
06-22 14:59:40.697 I/SystemServer( 1907): StartBackupManager
06-22 14:59:40.697 I/SystemServiceManager( 1907): Starting com.android.server.backup.BackupManagerService$Lifecycle
06-22 14:59:40.699 D/SystemServerTiming( 1907): StartBackupManager took to complete: 2ms
06-22 14:59:40.699 I/SystemServer( 1907): StartAppWidgetService
06-22 14:59:40.699 I/SystemServiceManager( 1907): Starting com.android.server.appwidget.AppWidgetService
06-22 14:59:40.701 D/SystemServerTiming( 1907): StartAppWidgetService took to complete: 1ms
06-22 14:59:40.701 I/SystemServer( 1907): StartRoleManagerService
06-22 14:59:40.702 D/SystemServerTiming( 1907): StartRoleManagerService took to complete: 1ms
06-22 14:59:40.702 I/SystemServer( 1907): StartVoiceRecognitionManager
06-22 14:59:40.702 I/SystemServiceManager( 1907): Starting com.android.server.voiceinteraction.VoiceInteractionManagerService
06-22 14:59:40.703 I/RoleUserState( 1907): roles.xml not found
06-22 14:59:40.703 W/VoiceInteractionManagerService( 1907): Unable to resolve default voice recognition service.
06-22 14:59:40.704 D/SystemServerTiming( 1907): StartVoiceRecognitionManager took to complete: 1ms
06-22 14:59:40.704 I/SystemServer( 1907): StartGestureLauncher
06-22 14:59:40.704 I/SystemServiceManager( 1907): Starting com.android.server.GestureLauncherService
06-22 14:59:40.704 D/SystemServerTiming( 1907): StartGestureLauncher took to complete: 0ms
06-22 14:59:40.704 I/SystemServer( 1907): StartSensorNotification
06-22 14:59:40.704 I/SystemServiceManager( 1907): Starting com.android.server.SensorNotificationService
06-22 14:59:40.704 D/SystemServerTiming( 1907): StartSensorNotification took to complete: 0ms
06-22 14:59:40.704 I/SystemServer( 1907): StartContextHubSystemService
06-22 14:59:40.704 I/SystemServiceManager( 1907): Starting com.android.server.ContextHubSystemService
06-22 14:59:40.704 D/SystemServerInitThreadPool( 1907): Started executing Init ContextHubSystemService
06-22 14:59:40.704 D/SystemServerTiming( 1907): StartContextHubSystemService took to complete: 0ms
06-22 14:59:40.704 I/SystemServer( 1907): StartDiskStatsService
06-22 14:59:40.704 I/hwservicemanager( 1567): getTransport: Cannot find entry android.hardware.contexthub@1.0::IContexthub/default in either framework or device manifest.
06-22 14:59:40.704 I/ContextHubService( 1907): Context Hub HAL service not found
06-22 14:59:40.704 D/SystemServerInitThreadPool( 1907): Finished executing Init ContextHubSystemService
06-22 14:59:40.706 D/SystemServerTiming( 1907): StartDiskStatsService took to complete: 1ms
06-22 14:59:40.706 I/SystemServer( 1907): RuntimeService
06-22 14:59:40.706 D/SystemServerTiming( 1907): RuntimeService took to complete: 0ms
06-22 14:59:40.706 I/SystemServer( 1907): StartNetworkTimeUpdateService
06-22 14:59:40.706 D/SystemServer( 1907): Using networkTimeUpdater class=class com.android.server.NewNetworkTimeUpdateService
06-22 14:59:40.706 D/SystemServerTiming( 1907): StartNetworkTimeUpdateService took to complete: 1ms
06-22 14:59:40.706 I/SystemServer( 1907): CertBlacklister
06-22 14:59:40.707 D/SystemServerTiming( 1907): CertBlacklister took to complete: 0ms
06-22 14:59:40.707 I/SystemServer( 1907): StartEmergencyAffordanceService
06-22 14:59:40.707 I/SystemServiceManager( 1907): Starting com.android.server.emergency.EmergencyAffordanceService
06-22 14:59:40.707 D/SystemServerTiming( 1907): StartEmergencyAffordanceService took to complete: 0ms
06-22 14:59:40.707 I/SystemServer( 1907): StartDreamManager
06-22 14:59:40.707 I/SystemServiceManager( 1907): Starting com.android.server.dreams.DreamManagerService
06-22 14:59:40.707 D/SystemServerTiming( 1907): StartDreamManager took to complete: 0ms
06-22 14:59:40.707 I/SystemServer( 1907): AddGraphicsStatsService
06-22 14:59:40.709 D/SystemServerTiming( 1907): AddGraphicsStatsService took to complete: 2ms
06-22 14:59:40.709 I/SystemServer( 1907): StartPrintManager
06-22 14:59:40.709 I/SystemServiceManager( 1907): Starting com.android.server.print.PrintManagerService
06-22 14:59:40.709 D/SystemServerTiming( 1907): StartPrintManager took to complete: 1ms
06-22 14:59:40.710 I/SystemServer( 1907): StartRestrictionManager
06-22 14:59:40.710 I/SystemServiceManager( 1907): Starting com.android.server.restrictions.RestrictionsManagerService
06-22 14:59:40.710 D/SystemServerTiming( 1907): StartRestrictionManager took to complete: 0ms
06-22 14:59:40.710 I/SystemServer( 1907): StartMediaSessionService
06-22 14:59:40.710 I/SystemServiceManager( 1907): Starting com.android.server.media.MediaSessionService
06-22 14:59:40.716 D/SystemServerTiming( 1907): StartMediaSessionService took to complete: 6ms
06-22 14:59:40.716 I/SystemServer( 1907): StartMediaResourceMonitor
06-22 14:59:40.716 I/SystemServiceManager( 1907): Starting com.android.server.media.MediaResourceMonitorService
06-22 14:59:40.716 D/SystemServerTiming( 1907): StartMediaResourceMonitor took to complete: 1ms
06-22 14:59:40.716 I/SystemServer( 1907): StartMediaRouterService
06-22 14:59:40.717 D/SystemServerTiming( 1907): StartMediaRouterService took to complete: 0ms
06-22 14:59:40.717 I/SystemServer( 1907): StartFingerprintSensor
06-22 14:59:40.717 I/SystemServiceManager( 1907): Starting com.android.server.biometrics.fingerprint.FingerprintService
06-22 14:59:40.718 D/SystemServerTiming( 1907): StartFingerprintSensor took to complete: 2ms
06-22 14:59:40.718 D/SystemServerInitThreadPool( 1907): Started executing FingerprintService.onStart
06-22 14:59:40.718 I/SystemServer( 1907): StartBiometricService
06-22 14:59:40.718 V/FingerprintService( 1907): mDaemon was null, reconnect to fingerprint
06-22 14:59:40.718 I/SystemServiceManager( 1907): Starting com.android.server.biometrics.BiometricService
06-22 14:59:40.719 I/android_os_HwBinder( 1907): HwBinder: Starting thread pool for getting: android.hardware.biometrics.fingerprint@2.1::IBiometricsFingerprint/default
06-22 14:59:40.720 V/FingerprintService( 1907): Fingerprint HAL id: 138210021859328
06-22 14:59:40.720 D/FingerprintHal( 1777): ----------------> fingerprint_set_active_group -----------------> path /data/vendor_de/0/fpdata
06-22 14:59:40.720 D/FingerprintHal( 1777): ----------------> loadFingerprints ----------------->
06-22 14:59:40.720 E/FingerprintHal( 1777): Could not load fingerprints from storage at /data/vendor_de/0/fpdata/emufp.bin; it has not yet been created.
06-22 14:59:40.720 D/FingerprintHal( 1777): ----------------> loadAuthenticatorId ----------------->
06-22 14:59:40.720 E/FingerprintHal( 1777): Could not load authenticator id from storage at /data/vendor_de/0/fpdata/emuauthid.bin; it has not yet been created.
06-22 14:59:40.720 D/FingerprintHal( 1777): ----------------> get_64bit_rand ----------------->
06-22 14:59:40.720 D/FingerprintHal( 1777): ----------------> saveAuthenticatorId ----------------->
06-22 14:59:40.720 D/FingerprintHal( 1777): Save authenticator id (0x6b8b4567327b23c6)
06-22 14:59:40.720 V/FingerprintService( 1907): Enumerating user(0)
06-22 14:59:40.721 D/SystemServerInitThreadPool( 1907): Finished executing FingerprintService.onStart
06-22 14:59:40.721 D/SystemServerTiming( 1907): StartBiometricService took to complete: 2ms
06-22 14:59:40.721 I/SystemServer( 1907): StartBackgroundDexOptService
06-22 14:59:40.721 W/BackgroundDexOptService( 1907): SysProp pm.dexopt.downgrade_after_inactive_days not set
06-22 14:59:40.721 D/SystemServerTiming( 1907): StartBackgroundDexOptService took to complete: 0ms
06-22 14:59:40.721 I/SystemServer( 1907): StartDynamicCodeLoggingService
06-22 14:59:40.722 D/SystemServerTiming( 1907): StartDynamicCodeLoggingService took to complete: 1ms
06-22 14:59:40.722 I/SystemServer( 1907): StartPruneInstantAppsJobService
06-22 14:59:40.722 D/SystemServerTiming( 1907): StartPruneInstantAppsJobService took to complete: 0ms
06-22 14:59:40.722 I/SystemServer( 1907): StartShortcutServiceLifecycle
06-22 14:59:40.722 I/SystemServiceManager( 1907): Starting com.android.server.pm.ShortcutService$Lifecycle
06-22 14:59:40.722 D/SystemServerTiming( 1907): StartShortcutServiceLifecycle took to complete: 1ms
06-22 14:59:40.722 I/SystemServer( 1907): StartLauncherAppsService
06-22 14:59:40.722 I/SystemServiceManager( 1907): Starting com.android.server.pm.LauncherAppsService
06-22 14:59:40.723 D/SystemServerTiming( 1907): StartLauncherAppsService took to complete: 0ms
06-22 14:59:40.723 I/SystemServer( 1907): StartCrossProfileAppsService
06-22 14:59:40.723 I/SystemServiceManager( 1907): Starting com.android.server.pm.CrossProfileAppsService
06-22 14:59:40.723 D/SystemServerTiming( 1907): StartCrossProfileAppsService took to complete: 0ms
06-22 14:59:40.723 I/SystemServer( 1907): StartMediaProjectionManager
06-22 14:59:40.723 I/SystemServiceManager( 1907): Starting com.android.server.media.projection.MediaProjectionManagerService
06-22 14:59:40.725 V/MediaRouter( 1907): Selecting route: RouteInfo{ name=Phone, description=null, status=null, category=RouteCategory{ name=System types=ROUTE_TYPE_LIVE_AUDIO ROUTE_TYPE_LIVE_VIDEO  groupable=false }, supportedTypes=ROUTE_TYPE_LIVE_AUDIO ROUTE_TYPE_LIVE_VIDEO , presentationDisplay=null }
06-22 14:59:40.725 D/SystemServerTiming( 1907): StartMediaProjectionManager took to complete: 2ms
06-22 14:59:40.725 I/SystemServer( 1907): StartSliceManagerService
06-22 14:59:40.725 I/SystemServiceManager( 1907): Starting com.android.server.slice.SliceManagerService$Lifecycle
06-22 14:59:40.727 D/SystemServerTiming( 1907): StartSliceManagerService took to complete: 2ms
06-22 14:59:40.727 I/SystemServer( 1907): StartCameraServiceProxy
06-22 14:59:40.727 I/SystemServiceManager( 1907): Starting com.android.server.camera.CameraServiceProxy
06-22 14:59:40.728 D/SystemServerTiming( 1907): StartCameraServiceProxy took to complete: 1ms
06-22 14:59:40.728 I/SystemServer( 1907): StartStatsCompanionService
06-22 14:59:40.728 I/SystemServiceManager( 1907): Starting com.android.server.stats.StatsCompanionService$Lifecycle
06-22 14:59:40.729 I/StatsCompanionService( 1907): register thermal listener successfully
06-22 14:59:40.732 E/KernelCpuThreadReader( 1907): Failed to initialize KernelCpuThreadReader
06-22 14:59:40.732 E/KernelCpuThreadReader( 1907): java.nio.file.NoSuchFileException: /proc/self/time_in_state
06-22 14:59:40.732 E/KernelCpuThreadReader( 1907): 	at sun.nio.fs.UnixFileSystemProvider.newByteChannel(UnixFileSystemProvider.java:214)
06-22 14:59:40.732 E/KernelCpuThreadReader( 1907): 	at java.nio.file.Files.newByteChannel(Files.java:361)
06-22 14:59:40.732 E/KernelCpuThreadReader( 1907): 	at java.nio.file.Files.newByteChannel(Files.java:407)
06-22 14:59:40.732 E/KernelCpuThreadReader( 1907): 	at java.nio.file.Files.readAllBytes(Files.java:3152)
06-22 14:59:40.732 E/KernelCpuThreadReader( 1907): 	at com.android.internal.os.ProcTimeInStateReader.initializeTimeInStateFormat(ProcTimeInStateReader.java:163)
06-22 14:59:40.732 E/KernelCpuThreadReader( 1907): 	at com.android.internal.os.ProcTimeInStateReader.<init>(ProcTimeInStateReader.java:110)
06-22 14:59:40.732 E/KernelCpuThreadReader( 1907): 	at com.android.internal.os.KernelCpuThreadReader.<init>(KernelCpuThreadReader.java:137)
06-22 14:59:40.732 E/KernelCpuThreadReader( 1907): 	at com.android.internal.os.KernelCpuThreadReader.create(KernelCpuThreadReader.java:150)
06-22 14:59:40.732 E/KernelCpuThreadReader( 1907): 	at com.android.internal.os.KernelCpuThreadReaderSettingsObserver.<init>(KernelCpuThreadReaderSettingsObserver.java:94)
06-22 14:59:40.732 E/KernelCpuThreadReader( 1907): 	at com.android.internal.os.KernelCpuThreadReaderSettingsObserver.getSettingsModifiedReader(KernelCpuThreadReaderSettingsObserver.java:79)
06-22 14:59:40.732 E/KernelCpuThreadReader( 1907): 	at com.android.server.stats.StatsCompanionService.<init>(StatsCompanionService.java:377)
06-22 14:59:40.732 E/KernelCpuThreadReader( 1907): 	at com.android.server.stats.StatsCompanionService$Lifecycle.onStart(StatsCompanionService.java:2539)
06-22 14:59:40.732 E/KernelCpuThreadReader( 1907): 	at com.android.server.SystemServiceManager.startService(SystemServiceManager.java:129)
06-22 14:59:40.732 E/KernelCpuThreadReader( 1907): 	at com.android.server.SystemServiceManager.startService(SystemServiceManager.java:116)
06-22 14:59:40.732 E/KernelCpuThreadReader( 1907): 	at com.android.server.SystemServer.startOtherServices(SystemServer.java:1879)
06-22 14:59:40.732 E/KernelCpuThreadReader( 1907): 	at com.android.server.SystemServer.run(SystemServer.java:512)
06-22 14:59:40.732 E/KernelCpuThreadReader( 1907): 	at com.android.server.SystemServer.main(SystemServer.java:349)
06-22 14:59:40.732 E/KernelCpuThreadReader( 1907): 	at java.lang.reflect.Method.invoke(Native Method)
06-22 14:59:40.732 E/KernelCpuThreadReader( 1907): 	at com.android.internal.os.RuntimeInit$MethodAndArgsCaller.run(RuntimeInit.java:492)
06-22 14:59:40.732 E/KernelCpuThreadReader( 1907): 	at com.android.internal.os.ZygoteInit.main(ZygoteInit.java:908)
06-22 14:59:40.733 D/SystemServerTiming( 1907): StartStatsCompanionService took to complete: 5ms
06-22 14:59:40.733 I/SystemServer( 1907): StartIncidentCompanionService
06-22 14:59:40.733 I/SystemServiceManager( 1907): Starting com.android.server.incident.IncidentCompanionService
06-22 14:59:40.733 D/SystemServerTiming( 1907): StartIncidentCompanionService took to complete: 0ms
06-22 14:59:40.733 I/SystemServer( 1907): StartMmsService
06-22 14:59:40.733 I/SystemServiceManager( 1907): Starting com.android.server.MmsServiceBroker
06-22 14:59:40.733 D/SystemServerTiming( 1907): StartMmsService took to complete: 1ms
06-22 14:59:40.733 I/SystemServer( 1907): StartAutoFillService
06-22 14:59:40.734 I/SystemServiceManager( 1907): Starting com.android.server.autofill.AutofillManagerService
