06-22 10:27:05.422 I/MediaCodecsXmlParser( 1768): limit: measured-frame-rate-1280x720-range = 34-35
06-22 10:27:05.422 I/MediaCodecsXmlParser( 1768): limit: measured-frame-rate-1920x1080-range = 26-29
06-22 10:27:05.422 I/MediaCodecsXmlParser( 1768): limit: measured-frame-rate-176x144-range = 1246-1390
06-22 10:27:05.422 I/MediaCodecsXmlParser( 1768): limit: measured-frame-rate-352x288-range = 1121-1128
06-22 10:27:05.422 I/MediaCodecsXmlParser( 1768): limit: measured-frame-rate-320x240-range = 299-629
06-22 10:27:05.422 I/MediaCodecsXmlParser( 1768): limit: measured-frame-rate-720x480-range = 215-250
06-22 10:27:05.422 I/MediaCodecsXmlParser( 1768): limit: measured-frame-rate-1280x720-range = 75-85
06-22 10:27:05.422 I/MediaCodecsXmlParser( 1768): limit: measured-frame-rate-1920x1080-range = 31-34
06-22 10:27:05.422 I/MediaCodecsXmlParser( 1768): limit: measured-frame-rate-352x288-range = 754-817
06-22 10:27:05.422 I/MediaCodecsXmlParser( 1768): limit: measured-frame-rate-640x360-range = 323-394
06-22 10:27:05.422 I/MediaCodecsXmlParser( 1768): limit: measured-frame-rate-720x480-range = 349-372
06-22 10:27:05.422 I/MediaCodecsXmlParser( 1768): limit: measured-frame-rate-1280x720-range = 144-157
06-22 10:27:05.422 I/MediaCodecsXmlParser( 1768): limit: measured-frame-rate-1920x1080-range = 74-85
06-22 10:27:05.422 I/MediaCodecsXmlParser( 1768): limit: measured-frame-rate-176x144-range = 1439-1625
06-22 10:27:05.422 I/MediaCodecsXmlParser( 1768): limit: measured-frame-rate-320x180-range = 1129-1261
06-22 10:27:05.422 I/MediaCodecsXmlParser( 1768): limit: measured-frame-rate-640x360-range = 471-525
06-22 10:27:05.422 I/MediaCodecsXmlParser( 1768): limit: measured-frame-rate-1280x720-range = 126-145
06-22 10:27:05.422 I/MediaCodecsXmlParser( 1768): limit: measured-frame-rate-1920x1080-range = 48-51
06-22 10:27:05.422 I/MediaCodecsXmlParser( 1768): limit: measured-frame-rate-2160x2160-range = 31-34
06-22 10:27:05.422 I/MediaCodecsXmlParser( 1768): limit: measured-frame-rate-320x180-range = 968-1101
06-22 10:27:05.423 I/MediaCodecsXmlParser( 1768): limit: measured-frame-rate-640x360-range = 291-338
06-22 10:27:05.423 I/MediaCodecsXmlParser( 1768): limit: measured-frame-rate-1280x720-range = 280-400
06-22 10:27:05.423 I/MediaCodecsXmlParser( 1768): limit: measured-frame-rate-1920x1080-range = 178-240
06-22 10:27:05.423 I/MediaCodecsXmlParser( 1768): limit: measured-frame-rate-2560x1440-range = 31-34
06-22 10:27:05.423 D/MediaCodecsXmlParser( 1768): Cannot find /data/misc/media/media_codecs_profiling_results.xml
06-22 10:27:05.431 I/ServiceManagement( 1768): Registered android.hardware.media.omx@1.0::IOmxStore/default (start delay of 590ms)
06-22 10:27:05.431 I/ServiceManagement( 1768): Removing namespace from process name android.hardware.media.omx@1.0-service to omx@1.0-service.
06-22 10:27:05.455 I/AndroidRuntime( 1662): Using default boot image
06-22 10:27:05.455 I/AndroidRuntime( 1662): Leaving lock profiling enabled
06-22 10:27:05.465 I/ServiceManager( 1765): Waiting for service 'package_native' on '/dev/binder'...
06-22 10:27:05.471 I/zygote64( 1662): option[0]=-Xzygote
06-22 10:27:05.471 I/zygote64( 1662): option[1]=exit
06-22 10:27:05.471 I/zygote64( 1662): option[2]=vfprintf
06-22 10:27:05.471 I/zygote64( 1662): option[3]=sensitiveThread
06-22 10:27:05.471 I/zygote64( 1662): option[4]=-verbose:gc
06-22 10:27:05.471 I/zygote64( 1662): option[5]=-Xms4m
06-22 10:27:05.471 I/zygote64( 1662): option[6]=-Xmx512m
06-22 10:27:05.471 I/zygote64( 1662): option[7]=-Xusejit:true
06-22 10:27:05.471 I/zygote64( 1662): option[8]=-Xjitsaveprofilinginfo
06-22 10:27:05.471 I/zygote64( 1662): option[9]=-XjdwpOptions:suspend=n,server=y
06-22 10:27:05.471 I/zygote64( 1662): option[10]=-XjdwpProvider:default
06-22 10:27:05.471 I/zygote64( 1662): option[11]=-Xlockprofthreshold:500
06-22 10:27:05.471 I/zygote64( 1662): option[12]=-Ximage-compiler-option
06-22 10:27:05.471 I/zygote64( 1662): option[13]=--runtime-arg
06-22 10:27:05.471 I/zygote64( 1662): option[14]=-Ximage-compiler-option
06-22 10:27:05.471 I/zygote64( 1662): option[15]=-Xms64m
06-22 10:27:05.471 I/zygote64( 1662): option[16]=-Ximage-compiler-option
06-22 10:27:05.471 I/zygote64( 1662): option[17]=--runtime-arg
06-22 10:27:05.471 I/zygote64( 1662): option[18]=-Ximage-compiler-option
06-22 10:27:05.471 I/zygote64( 1662): option[19]=-Xmx64m
06-22 10:27:05.471 I/zygote64( 1662): option[20]=-Ximage-compiler-option
06-22 10:27:05.471 I/zygote64( 1662): option[21]=--profile-file=/system/etc/boot-image.prof
06-22 10:27:05.471 I/zygote64( 1662): option[22]=-Ximage-compiler-option
06-22 10:27:05.471 I/zygote64( 1662): option[23]=--compiler-filter=speed-profile
06-22 10:27:05.471 I/zygote64( 1662): option[24]=-Xcompiler-option
06-22 10:27:05.471 I/zygote64( 1662): option[25]=--runtime-arg
06-22 10:27:05.471 I/zygote64( 1662): option[26]=-Xcompiler-option
06-22 10:27:05.471 I/zygote64( 1662): option[27]=-Xms64m
06-22 10:27:05.471 I/zygote64( 1662): option[28]=-Xcompiler-option
06-22 10:27:05.471 I/zygote64( 1662): option[29]=--runtime-arg
06-22 10:27:05.471 I/zygote64( 1662): option[30]=-Xcompiler-option
06-22 10:27:05.471 I/zygote64( 1662): option[31]=-Xmx512m
06-22 10:27:05.471 I/zygote64( 1662): option[32]=-Ximage-compiler-option
06-22 10:27:05.471 I/zygote64( 1662): option[33]=--instruction-set-variant=x86_64
06-22 10:27:05.471 I/zygote64( 1662): option[34]=-Xcompiler-option
06-22 10:27:05.471 I/zygote64( 1662): option[35]=--instruction-set-variant=x86_64
06-22 10:27:05.471 I/zygote64( 1662): option[36]=-Ximage-compiler-option
06-22 10:27:05.471 I/zygote64( 1662): option[37]=--instruction-set-features=default
06-22 10:27:05.471 I/zygote64( 1662): option[38]=-Xcompiler-option
06-22 10:27:05.471 I/zygote64( 1662): option[39]=--instruction-set-features=default
06-22 10:27:05.471 I/zygote64( 1662): option[40]=-Duser.locale=en-US
06-22 10:27:05.471 I/zygote64( 1662): option[41]=--cpu-abilist=x86_64
06-22 10:27:05.471 I/zygote64( 1662): option[42]=-Xcompiler-option
06-22 10:27:05.471 I/zygote64( 1662): option[43]=--generate-mini-debug-info
06-22 10:27:05.471 I/zygote64( 1662): option[44]=-Xcore-platform-api-policy:just-warn
06-22 10:27:05.471 I/zygote64( 1662): option[45]=-Xfingerprint:google/sdk_gphone_x86_64/generic_x86_64:10/QSR1.211112.011/13135432:userdebug/dev-keys
06-22 10:27:05.502 I/zygote64( 1662): Core platform API reporting enabled, enforcing=false
06-22 10:27:05.526 D/AndroidRuntime( 1663): >>>>>> START com.android.internal.os.ZygoteInit uid 0 <<<<<<
06-22 10:27:05.528 D/RenderEngine( 1724): shader cache generated - 48 shaders in 210.532684 ms
06-22 10:27:05.529 I/ServiceManagement( 1724): Registered android.frameworks.displayservice@1.0::IDisplayService/default (start delay of 948ms)
06-22 10:27:05.529 D/SurfaceFlinger( 1724): Setting power mode 2 on display 0
06-22 10:27:05.529 D/SurfaceFlinger( 1724): Finished setting power mode 2 on display 0
06-22 10:27:05.549 I/cameraserver( 1752): ServiceManager: 0x70358cbdb100
06-22 10:27:05.550 I/CameraService( 1752): CameraService started (pid=1752)
06-22 10:27:05.550 I/CameraService( 1752): CameraService process starting
06-22 10:27:05.550 W/BatteryNotifier( 1752): batterystats service unavailable!
06-22 10:27:05.550 W/BatteryNotifier( 1752): batterystats service unavailable!
06-22 10:27:05.552 I/CameraProviderManager( 1752): Connecting to new camera provider: legacy/0, isRemote? 1
06-22 10:27:05.552 I/CameraProviderManager( 1752): Camera provider legacy/0 ready with 0 camera devices
06-22 10:27:05.552 I/hwservicemanager( 1567): getTransport: Cannot find entry android.hardware.camera.provider@2.4::ICameraProvider/external/0 in either framework or device manifest.
06-22 10:27:05.553 I/        ( 1752): Waiting for activity service
06-22 10:27:05.564 W/CameraProviderManager( 1752): addProviderLocked: Camera provider HAL with name 'legacy/0' already registered
06-22 10:27:05.566 I/ServiceManager( 1765): Waiting for service 'package_native' on '/dev/binder'...
06-22 10:27:05.606 I/AndroidRuntime( 1663): Using default boot image
06-22 10:27:05.606 I/AndroidRuntime( 1663): Leaving lock profiling enabled
06-22 10:27:05.609 I/mediaserver( 1763): ServiceManager: 0xf0706ca0
06-22 10:27:05.612 I//apex/com.android.media.swcodec/bin/mediaswcodec( 1773): media swcodec service starting
06-22 10:27:05.614 I/zygote  ( 1663): option[0]=-Xzygote
06-22 10:27:05.614 I/zygote  ( 1663): option[1]=exit
06-22 10:27:05.614 I/zygote  ( 1663): option[2]=vfprintf
06-22 10:27:05.614 W//apex/com.android.media.swcodec/bin/mediaswcodec( 1773): Could not read additional policy file '/vendor/etc/seccomp_policy/mediaswcodec.policy'
06-22 10:27:05.614 I/zygote  ( 1663): option[3]=sensitiveThread
06-22 10:27:05.614 I/zygote  ( 1663): option[4]=-verbose:gc
06-22 10:27:05.614 I/zygote  ( 1663): option[5]=-Xms4m
06-22 10:27:05.614 I/zygote  ( 1663): option[6]=-Xmx512m
06-22 10:27:05.614 I/zygote  ( 1663): option[7]=-Xusejit:true
06-22 10:27:05.614 I/zygote  ( 1663): option[8]=-Xjitsaveprofilinginfo
06-22 10:27:05.614 I/zygote  ( 1663): option[9]=-XjdwpOptions:suspend=n,server=y
06-22 10:27:05.614 W//apex/com.android.media.swcodec/bin/mediaswcodec( 1773): libminijail[1773]: failed to get path of fd 4: No such file or directory
06-22 10:27:05.614 I/zygote  ( 1663): option[10]=-XjdwpProvider:default
06-22 10:27:05.614 I/zygote  ( 1663): option[11]=-Xlockprofthreshold:500
06-22 10:27:05.614 I/zygote  ( 1663): option[12]=-Ximage-compiler-option
06-22 10:27:05.614 W//apex/com.android.media.swcodec/bin/mediaswcodec( 1773): libminijail[1773]: allowing syscall: socket
06-22 10:27:05.614 I/zygote  ( 1663): option[13]=--runtime-arg
06-22 10:27:05.614 I/zygote  ( 1663): option[14]=-Ximage-compiler-option
06-22 10:27:05.614 I/zygote  ( 1663): option[15]=-Xms64m
06-22 10:27:05.614 W//apex/com.android.media.swcodec/bin/mediaswcodec( 1773): libminijail[1773]: allowing syscall: connect
06-22 10:27:05.614 I/zygote  ( 1663): option[16]=-Ximage-compiler-option
06-22 10:27:05.614 I/zygote  ( 1663): option[17]=--runtime-arg
06-22 10:27:05.614 I/zygote  ( 1663): option[18]=-Ximage-compiler-option
06-22 10:27:05.614 W//apex/com.android.media.swcodec/bin/mediaswcodec( 1773): libminijail[1773]: allowing syscall: fcntl
06-22 10:27:05.614 I/zygote  ( 1663): option[19]=-Xmx64m
06-22 10:27:05.614 I/zygote  ( 1663): option[20]=-Ximage-compiler-option
06-22 10:27:05.614 I/zygote  ( 1663): option[21]=--profile-file=/system/etc/boot-image.prof
06-22 10:27:05.614 W//apex/com.android.media.swcodec/bin/mediaswcodec( 1773): libminijail[1773]: allowing syscall: writev
06-22 10:27:05.614 I/zygote  ( 1663): option[22]=-Ximage-compiler-option
06-22 10:27:05.614 I/zygote  ( 1663): option[23]=--compiler-filter=speed-profile
06-22 10:27:05.614 I/zygote  ( 1663): option[24]=-Xcompiler-option
06-22 10:27:05.614 I/zygote  ( 1663): option[25]=--runtime-arg
06-22 10:27:05.614 W//apex/com.android.media.swcodec/bin/mediaswcodec( 1773): libminijail[1773]: compile_file: <fd>(20): nonexistent syscall 'getuid32'
06-22 10:27:05.614 I/zygote  ( 1663): option[26]=-Xcompiler-option
06-22 10:27:05.614 I/zygote  ( 1663): option[27]=-Xms64m
06-22 10:27:05.615 I/zygote  ( 1663): option[28]=-Xcompiler-option
06-22 10:27:05.615 W//apex/com.android.media.swcodec/bin/mediaswcodec( 1773): libminijail[1773]: compile_file: <fd>(26): nonexistent syscall 'mmap2'
06-22 10:27:05.615 I/zygote  ( 1663): option[29]=--runtime-arg
06-22 10:27:05.615 I/zygote  ( 1663): option[30]=-Xcompiler-option
06-22 10:27:05.615 I/zygote  ( 1663): option[31]=-Xmx512m
06-22 10:27:05.615 W//apex/com.android.media.swcodec/bin/mediaswcodec( 1773): libminijail[1773]: compile_file: <fd>(28): nonexistent syscall 'fstat64'
06-22 10:27:05.615 I/zygote  ( 1663): option[32]=-Ximage-compiler-option
06-22 10:27:05.615 I/zygote  ( 1663): option[33]=--instruction-set-variant=x86_64
06-22 10:27:05.615 I/zygote  ( 1663): option[34]=-Xcompiler-option
06-22 10:27:05.615 W//apex/com.android.media.swcodec/bin/mediaswcodec( 1773): libminijail[1773]: compile_file: <fd>(30): nonexistent syscall 'stat64'
06-22 10:27:05.615 I/zygote  ( 1663): option[35]=--instruction-set-variant=x86_64
06-22 10:27:05.615 I/zygote  ( 1663): option[36]=-Ximage-compiler-option
06-22 10:27:05.615 W//apex/com.android.media.swcodec/bin/mediaswcodec( 1773): libminijail[1773]: compile_file: <fd>(31): nonexistent syscall 'statfs64'
06-22 10:27:05.615 I/zygote  ( 1663): option[37]=--instruction-set-features=default
06-22 10:27:05.615 I/zygote  ( 1663): option[38]=-Xcompiler-option
06-22 10:27:05.615 I/zygote  ( 1663): option[39]=--instruction-set-features=default
06-22 10:27:05.615 I/zygote  ( 1663): option[40]=-Duser.locale=en-US
06-22 10:27:05.615 W//apex/com.android.media.swcodec/bin/mediaswcodec( 1773): libminijail[1773]: compile_file: <fd>(33): nonexistent syscall 'fstatat64'
06-22 10:27:05.615 I/zygote  ( 1663): option[41]=--cpu-abilist=x86
06-22 10:27:05.615 I/zygote  ( 1663): option[42]=-Xcompiler-option
06-22 10:27:05.615 I/zygote  ( 1663): option[43]=--generate-mini-debug-info
06-22 10:27:05.615 W//apex/com.android.media.swcodec/bin/mediaswcodec( 1773): libminijail[1773]: compile_file: <fd>(38): nonexistent syscall '_llseek'
06-22 10:27:05.615 I/zygote  ( 1663): option[44]=-Xcore-platform-api-policy:just-warn
06-22 10:27:05.615 I/zygote  ( 1663): option[45]=-Xfingerprint:google/sdk_gphone_x86_64/generic_x86_64:10/QSR1.211112.011/13135432:userdebug/dev-keys
06-22 10:27:05.615 W//apex/com.android.media.swcodec/bin/mediaswcodec( 1773): libminijail[1773]: compile_file: <fd>(47): nonexistent syscall 'ugetrlimit'
06-22 10:27:05.615 W//apex/com.android.media.swcodec/bin/mediaswcodec( 1773): libminijail[1773]: compile_file: <fd>(50): nonexistent syscall '_llseek'
06-22 10:27:05.615 W//apex/com.android.media.swcodec/bin/mediaswcodec( 1773): libminijail[1773]: compile_file: <fd>(51): nonexistent syscall 'fstatfs64'
06-22 10:27:05.615 W//apex/com.android.media.swcodec/bin/mediaswcodec( 1773): libminijail[1773]: compile_file: <fd>(63): nonexistent syscall 'ftruncate64'
06-22 10:27:05.615 W//apex/com.android.media.swcodec/bin/mediaswcodec( 1773): libminijail[1773]: compile_file: /system/etc/seccomp_policy/crash_dump.x86.policy(5): nonexistent syscall 'sigreturn'
06-22 10:27:05.615 W//apex/com.android.media.swcodec/bin/mediaswcodec( 1773): libminijail[1773]: compile_file: /system/etc/seccomp_policy/crash_dump.x86.policy(31): nonexistent syscall 'getuid32'
06-22 10:27:05.615 W//apex/com.android.media.swcodec/bin/mediaswcodec( 1773): libminijail[1773]: compile_file: /system/etc/seccomp_policy/crash_dump.x86.policy(32): nonexistent syscall 'fstat64'
06-22 10:27:05.615 W//apex/com.android.media.swcodec/bin/mediaswcodec( 1773): libminijail[1773]: compile_file: /system/etc/seccomp_policy/crash_dump.x86.policy(33): nonexistent syscall 'mmap2'
06-22 10:27:05.615 W//apex/com.android.media.swcodec/bin/mediaswcodec( 1773): libminijail[1773]: compile_file: /system/etc/seccomp_policy/crash_dump.x86.policy(34): nonexistent syscall 'geteuid32'
06-22 10:27:05.615 W//apex/com.android.media.swcodec/bin/mediaswcodec( 1773): libminijail[1773]: compile_file: /system/etc/seccomp_policy/crash_dump.x86.policy(35): nonexistent syscall 'getgid32'
06-22 10:27:05.615 W//apex/com.android.media.swcodec/bin/mediaswcodec( 1773): libminijail[1773]: compile_file: /system/etc/seccomp_policy/crash_dump.x86.policy(36): nonexistent syscall 'getegid32'
06-22 10:27:05.615 W//apex/com.android.media.swcodec/bin/mediaswcodec( 1773): libminijail[1773]: compile_file: /system/etc/seccomp_policy/crash_dump.x86.policy(37): nonexistent syscall 'getgroups32'
06-22 10:27:05.616 W//apex/com.android.media.swcodec/bin/mediaswcodec( 1773): libminijail[1773]: logging seccomp filter failures
06-22 10:27:05.616 I/CodecServiceRegistrant( 1773): Creating software Codec2 service...
06-22 10:27:05.622 I/ServiceManagement( 1773): Registered android.hardware.media.c2@1.0::IComponentStore/software (start delay of 761ms)
06-22 10:27:05.622 I/CodecServiceRegistrant( 1773): Software Codec2 service created.
06-22 10:27:05.629 E/MediaExtractorFactory( 1761): couldn't opendir(/system/lib64/extractors)
06-22 10:27:05.629 W/BatteryNotifier( 1763): batterystats service unavailable!
06-22 10:27:05.632 I/zygote  ( 1663): Core platform API reporting enabled, enforcing=false
06-22 10:27:05.655 I/BootAnimation( 1840): boot animation disabled
06-22 10:27:05.667 I/ServiceManager( 1765): Waiting for service 'package_native' on '/dev/binder'...
06-22 10:27:05.690 I/netd    ( 1661): Setting up StrictController hooks: 633.3ms
06-22 10:27:05.691 I/ClatdController( 1661): 4.9+ kernel and device shipped with P - clat ebpf might work.
06-22 10:27:05.691 I/netd    ( 1661): Initializing ClatdController: 0.1ms
06-22 10:27:05.694 I/netd    ( 1661): Initializing traffic control: 3.4ms
06-22 10:27:05.696 I/netd    ( 1661): Enabling bandwidth control: 2.2ms
06-22 10:27:05.697 E/Netd    ( 1661): cannot find interface dummy0
06-22 10:27:05.697 I/netd    ( 1661): Initializing RouteController: 0.5ms
06-22 10:27:05.697 D/XfrmController( 1661): XfrmController::ipSecAddXfrmInterface, line=1379
06-22 10:27:05.698 D/XfrmController( 1661): XfrmController::ipSecRemoveTunnelInterface, line=1592
06-22 10:27:05.698 D/XfrmController( 1661): deviceName=ipsec_test
06-22 10:27:05.722 I/FastMixerState( 1718): sMaxFastTracks = 8
06-22 10:27:05.724 V/MediaUtils( 1718): physMem: 2089566208
06-22 10:27:05.724 V/MediaUtils( 1718): requested limit: 417913240
06-22 10:27:05.724 I/libc    ( 1718): malloc_limit: Allocation limit enabled, max size 417913240 bytes
06-22 10:27:05.725 I/audioserver( 1718): ServiceManager: 0x7bdd1b0cbdc0
06-22 10:27:05.725 W/BatteryNotifier( 1718): batterystats service unavailable!
06-22 10:27:05.725 I/hwservicemanager( 1567): getTransport: Cannot find entry android.hardware.audio@5.0::IDevicesFactory/default in either framework or device manifest.
06-22 10:27:05.726 I/hwservicemanager( 1567): getTransport: Cannot find entry android.hardware.audio@4.0::IDevicesFactory/msd in either framework or device manifest.
06-22 10:27:05.726 I/hwservicemanager( 1567): getTransport: Cannot find entry android.hardware.audio.effect@5.0::IEffectsFactory/default in either framework or device manifest.
06-22 10:27:05.727 I/AudioFlinger( 1718): Using default 3000 mSec as standby time.
06-22 10:27:05.735 E/APM::Serializer( 1718): deserialize: Could not parse /odm/etc/audio_policy_configuration.xml document.
06-22 10:27:05.738 E/APM::AudioPolicyEngine/Config( 1718): parse: Could not parse document /vendor/etc/audio_policy_engine_configuration.xml
06-22 10:27:05.738 W/APM::AudioPolicyEngine/Base( 1718): loadAudioPolicyEngineConfig: No configuration found, using default matching phone experience.
06-22 10:27:05.738 E/APM::AudioPolicyEngine/Config( 1718): parseLegacyVolumeFile: Could not parse document /odm/etc/audio_policy_configuration.xml
06-22 10:27:05.740 D/XfrmController( 1661): Sending Netlink XFRM Message: XFRM_MSG_FLUSHSA
06-22 10:27:05.740 D/XfrmController( 1661): Sending Netlink XFRM Message: XFRM_MSG_FLUSHPOLICY
06-22 10:27:05.741 I/netd    ( 1661): Initializing XfrmController: 43.8ms
06-22 10:27:05.741 E/Netd    ( 1661): Unable to create netlink socket for family 5: Protocol not supported
06-22 10:27:05.741 W/Netd    ( 1661): Unable to open qlog quota socket, check if xt_quota2 can send via UeventHandler
06-22 10:27:05.743 I/libnetd_resolv( 1661): resolv_init: Initializing resolver
06-22 10:27:05.744 D/audio_hw_generic( 1682): Emulator host-side ALSA audio emulation detected.
06-22 10:27:05.744 D/audio_hw_generic( 1682): mixer 0 name Master Playback Volume
06-22 10:27:05.744 D/audio_hw_generic( 1682): set ctl 0 to 100
06-22 10:27:05.744 D/audio_hw_generic( 1682): set ctl 1 to 100
06-22 10:27:05.744 D/audio_hw_generic( 1682): mixer 1 name Master Playback Switch
06-22 10:27:05.744 D/audio_hw_generic( 1682): set ctl 0 to 1
06-22 10:27:05.744 D/audio_hw_generic( 1682): set ctl 1 to 1
06-22 10:27:05.744 D/audio_hw_generic( 1682): mixer 2 name Capture Volume
06-22 10:27:05.744 D/audio_hw_generic( 1682): set ctl 0 to 100
06-22 10:27:05.744 D/audio_hw_generic( 1682): set ctl 1 to 100
06-22 10:27:05.745 D/audio_hw_generic( 1682): mixer 3 name Capture Switch
06-22 10:27:05.745 D/audio_hw_generic( 1682): set ctl 0 to 1
06-22 10:27:05.745 D/audio_hw_generic( 1682): set ctl 1 to 1
06-22 10:27:05.745 D/audio_hw_generic( 1682): mixer 4 name Line Phantom Jack
06-22 10:27:05.745 D/audio_hw_generic( 1682): mixer 5 name Line Out Phantom Jack
06-22 10:27:05.745 D/audio_hw_generic( 1682): mixer 6 name Playback Channel Map
06-22 10:27:05.745 D/audio_hw_generic( 1682): mixer 7 name Capture Channel Map
06-22 10:27:05.745 D/MDnsDS  ( 1661): MDnsSdListener::Hander starting up
06-22 10:27:05.745 I/netd    ( 1661): Registering NetdNativeService: 0.2ms
06-22 10:27:05.746 I/ServiceManagement( 1661): Registered android.system.net.netd@1.1::INetd/default (start delay of 1396ms)
06-22 10:27:05.746 I/netd    ( 1661): Registering NetdHwService: 1.0ms
06-22 10:27:05.746 I/netd    ( 1661): Netd started in 1339ms
06-22 10:27:05.747 W/DeviceHAL( 1682): Error from HAL Device in function get_master_volume: Function not implemented
06-22 10:27:05.747 W/DeviceHAL( 1682): Error from HAL Device in function get_master_mute: Function not implemented
06-22 10:27:05.747 W/DeviceHAL( 1682): Error from HAL Device in function set_master_volume: Function not implemented
06-22 10:27:05.747 W/DeviceHAL( 1682): Error from HAL Device in function set_master_mute: Function not implemented
06-22 10:27:05.747 I/AudioFlinger( 1718): loadHwModule() Loaded primary audio interface, handle 10
06-22 10:27:05.747 I/AudioFlinger( 1718): openOutput() this 0x7bdd1b0d6600, module 10 Device 0x2, SamplingRate 44100, Format 0x000001, Channels 0x3, flags 0x2
06-22 10:27:05.747 D/MDnsDS  ( 1661): MDnsSdListener starting to monitor
06-22 10:27:05.747 D/MDnsDS  ( 1661): Going to poll with pollCount 1
06-22 10:27:05.750 W/AudioFlinger( 1718): HAL output buffer size is 661 frames but AudioMixer requires multiples of 16 frames
06-22 10:27:05.750 I/AudioFlinger( 1718): HAL output buffer size 661 frames, normal sink buffer size 1056 frames
06-22 10:27:05.751 I/hwservicemanager( 1567): getTransport: Cannot find entry android.hardware.audio.effect@5.0::IEffectsFactory/default in either framework or device manifest.
06-22 10:27:05.761 I/BufferProvider( 1718): found effect "Multichannel Downmix To Stereo" from The Android Open Source Project
06-22 10:27:05.761 I/AudioFlinger( 1718): Using module 10 as the primary audio interface
06-22 10:27:05.762 V/APM_AudioPolicyManager( 1718): checkAndSetVolume cannot set volume group 3 volume with force use = 0 for comm
06-22 10:27:05.764 W/AudioFlinger( 1718): moveEffects() bad srcOutput 0
06-22 10:27:05.764 V/APM_AudioPolicyManager( 1718): selectOutputForMusicEffects selected output 13
06-22 10:27:05.764 V/APM_AudioPolicyManager( 1718): setOutputDevices device {type:0x2,@:} delayMs 0
06-22 10:27:05.764 V/APM_AudioPolicyManager( 1718): setOutputDevices() prevDevice {type:0x2,@:}
06-22 10:27:05.764 V/APM_AudioPolicyManager( 1718): setOutputDevices changing device to {type:0x2,@:}
06-22 10:27:05.765 I/AudioFlinger( 1718): AudioFlinger's thread 0x7bdd1b171ec0 tid=1878 ready to run
06-22 10:27:05.765 W/AudioFlinger( 1718): no wake lock to update, system not ready yet
06-22 10:27:05.766 V/APM_AudioPolicyManager( 1718): setOutputDevices() AF::createAudioPatch returned 0 patchHandle 12 num_sources 1 num_sinks 1
06-22 10:27:05.766 V/APM_AudioPolicyManager( 1718): checkAndSetVolume cannot set volume group 3 volume with force use = 0 for comm
06-22 10:27:05.767 I/ServiceManager( 1765): Waiting for service 'package_native' on '/dev/binder'...
06-22 10:27:05.771 W/AudioFlinger( 1718): no wake lock to update, system not ready yet
06-22 10:27:05.772 I/AudioFlinger( 1718): AudioFlinger's thread 0x7bdd1b25c340 tid=1880 ready to run
06-22 10:27:05.773 W/AudioFlinger( 1718): no wake lock to update, system not ready yet
06-22 10:27:05.783 W/AudioFlinger( 1718): no wake lock to update, system not ready yet
06-22 10:27:05.784 I/r_submix( 1682): adev_open(name=audio_hw_if)
06-22 10:27:05.784 I/r_submix( 1682): adev_init_check()
06-22 10:27:05.784 W/DeviceHAL( 1682): Error from HAL Device in function set_master_volume: Function not implemented
06-22 10:27:05.784 W/DeviceHAL( 1682): Error from HAL Device in function set_master_mute: Function not implemented
06-22 10:27:05.784 I/AudioFlinger( 1718): loadHwModule() Loaded r_submix audio interface, handle 18
06-22 10:27:05.784 D/r_submix( 1682): adev_open_input_stream(addr=0)
06-22 10:27:05.784 D/r_submix( 1682): submix_audio_device_create_pipe_l(addr=0, idx=9)
06-22 10:27:05.784 D/r_submix( 1682):   now using address 0 for route 9
06-22 10:27:05.789 I/AudioFlinger( 1718): AudioFlinger's thread 0x7bdd160e5640 tid=1884 ready to run
06-22 10:27:05.789 I/r_submix( 1682): in_standby()
06-22 10:27:05.789 W/AudioFlinger( 1718): no wake lock to update, system not ready yet
06-22 10:27:05.789 I/r_submix( 1682): in_standby()
06-22 10:27:05.790 D/r_submix( 1682): adev_close_input_stream()
06-22 10:27:05.790 D/r_submix( 1682): submix_audio_device_release_pipe_l(idx=9) addr=0
06-22 10:27:05.790 D/r_submix( 1682): submix_audio_device_destroy_pipe_l(): pipe destroyed
06-22 10:27:05.791 I/        ( 1718): Waiting for activity service
06-22 10:27:05.868 I/ServiceManager( 1765): Waiting for service 'package_native' on '/dev/binder'...
06-22 10:27:05.871 I/adbd    ( 1743): adbd listening on port 5555
06-22 10:27:05.872 I/adbd    ( 1743): USB event: FUNCTIONFS_ENABLE
06-22 10:27:05.872 W/adbd    ( 1743): received FUNCTIONFS_ENABLE while not bound?
06-22 10:27:05.872 I/adbd    ( 1743): UsbFfs: connection terminated: monitor thread finished
06-22 10:27:05.872 I/adbd    ( 1743): UsbFfs: already offline
06-22 10:27:05.872 I/adbd    ( 1743): destroying transport UsbFfs
06-22 10:27:05.872 I/adbd    ( 1743): UsbFfsConnection being destroyed
06-22 10:27:05.874 D/ICU     ( 1662): Time zone APEX file found: /apex/com.android.tzdata/etc/icu/icu_tzdata.dat
06-22 10:27:05.874 D/ICU     ( 1663): Time zone APEX file found: /apex/com.android.tzdata/etc/icu/icu_tzdata.dat
06-22 10:27:05.915 W/zygote  ( 1663): Unexpected CPU variant for X86 using defaults: x86_64
06-22 10:27:05.916 W/zygote64( 1662): Unexpected CPU variant for X86 using defaults: x86_64
06-22 10:27:05.930 I/adbd    ( 1743): opening control endpoint /dev/usb-ffs/adb/ep0
06-22 10:27:05.941 I/adbd    ( 1743): UsbFfsConnection constructed
06-22 10:27:05.942 I/adbd    ( 1743): USB event: FUNCTIONFS_BIND
06-22 10:27:05.968 I/ServiceManager( 1765): Waiting for service 'package_native' on '/dev/binder'...
06-22 10:27:05.999 W/zygote  ( 1663): JNI RegisterNativeMethods: attempt to register 0 native methods for android.media.AudioAttributes
06-22 10:27:05.999 W/zygote64( 1662): JNI RegisterNativeMethods: attempt to register 0 native methods for android.media.AudioAttributes
06-22 10:27:06.010 D/Zygote  ( 1662): begin preload
06-22 10:27:06.011 I/Zygote  ( 1662): Calling ZygoteHooks.beginPreload()
06-22 10:27:06.016 I/zygote  ( 1663): Explicit concurrent copying GC freed 296(39KB) AllocSpace objects, 0(0B) LOS objects, 98% free, 24KB/1560KB, paused 476us total 4.576ms
06-22 10:27:06.021 I/zygote  ( 1663): Explicit concurrent copying GC freed 5(32KB) AllocSpace objects, 0(0B) LOS objects, 98% free, 24KB/1560KB, paused 402us total 2.425ms
06-22 10:27:06.021 D/Zygote32Timing( 1663): PostZygoteInitGC took to complete: 10ms
06-22 10:27:06.021 D/Zygote32Timing( 1663): ZygoteInit took to complete: 10ms
06-22 10:27:06.036 D/Zygote64Timing( 1662): BeginPreload took to complete: 26ms
06-22 10:27:06.036 I/Zygote  ( 1662): Preloading classes...
06-22 10:27:06.037 W/Zygote  ( 1662): Class not found for preloading: android.app.-$$Lambda$ActivityThread$ZXDWm3IBeFmLnFVblhB-IOZCr9o
06-22 10:27:06.072 I/Zygote  ( 1663): Accepting command socket connections
06-22 10:27:06.080 W/Zygote  ( 1662): Class not found for preloading: android.bluetooth.BluetoothA2dp$2
06-22 10:27:06.081 I/ServiceManager( 1765): Waiting for service 'package_native' on '/dev/binder'...
06-22 10:27:06.087 I/PackageBackwardCompatibility( 1662): Could not find android.content.pm.AndroidTestBaseUpdater, ignoring
06-22 10:27:06.181 I/ServiceManager( 1765): Waiting for service 'package_native' on '/dev/binder'...
06-22 10:27:06.282 I/ServiceManager( 1765): Waiting for service 'package_native' on '/dev/binder'...
06-22 10:27:06.314 E/ActivityRecognitionHardware( 1662): activity_recognition HAL is deprecated. class_init is effectively a no-op
06-22 10:27:06.346 I/zygote64( 1662): Thread[1,tid=1662,Native,Thread*=0x7e09e42f3000,peer=0x12c02208,"main"] recursive attempt to load library "libmedia_jni.so"
06-22 10:27:06.346 D/MtpDeviceJNI( 1662): register_android_mtp_MtpDevice
06-22 10:27:06.346 I/zygote64( 1662): Thread[1,tid=1662,Native,Thread*=0x7e09e42f3000,peer=0x12c02208,"main"] recursive attempt to load library "libmedia_jni.so"
06-22 10:27:06.346 I/zygote64( 1662): Thread[1,tid=1662,Native,Thread*=0x7e09e42f3000,peer=0x12c02208,"main"] recursive attempt to load library "libmedia_jni.so"
06-22 10:27:06.353 W/Zygote  ( 1662): Class not found for preloading: android.media.audiopolicy.AudioProductStrategies
06-22 10:27:06.353 W/Zygote  ( 1662): Class not found for preloading: android.media.audiopolicy.AudioVolumeGroups
06-22 10:27:06.387 I/ServiceManager( 1765): Waiting for service 'package_native' on '/dev/binder'...
06-22 10:27:06.426 W/Zygote  ( 1662): Class not found for preloading: android.view.textclassifier.-$$Lambda$TextClassificationManager$JIaezIJbMig_-kVzN6oArzkTsJE
06-22 10:27:06.431 W/Zygote  ( 1662): Class not found for preloading: com.android.internal.net.NetworkStatsFactory
06-22 10:27:06.435 W/Zygote  ( 1662): Class not found for preloading: com.android.internal.telephony.-$$Lambda$PhoneSubInfoController$8HFbCDJDN1mrLJG980qYH5MGqMk
06-22 10:27:06.435 W/Zygote  ( 1662): Class not found for preloading: com.android.internal.telephony.-$$Lambda$PhoneSubInfoController$U28a_EGx2cvmQhDfRRgonMt5Zrc
06-22 10:27:06.435 W/Zygote  ( 1662): Class not found for preloading: com.android.internal.telephony.-$$Lambda$SubscriptionInfoUpdater$-zZXM9oMRZ3vZz7dJOG19J00Bmw
06-22 10:27:06.435 W/Zygote  ( 1662): Class not found for preloading: com.android.internal.telephony.-$$Lambda$SubscriptionInfoUpdater$D5yF1HbS4cvCyoAj3FESkPtA_0g
06-22 10:27:06.435 W/Zygote  ( 1662): Class not found for preloading: com.android.internal.telephony.-$$Lambda$SubscriptionInfoUpdater$MMx9iQX0JVqqMPLTUZhdBubFSzU
06-22 10:27:06.442 W/Zygote  ( 1662): Class not found for preloading: com.android.internal.telephony.PhoneConfigurationModels
06-22 10:27:06.444 W/Zygote  ( 1662): Class not found for preloading: com.android.internal.telephony.SubscriptionController$ScLocalLog
06-22 10:27:06.445 W/Zygote  ( 1662): Class not found for preloading: com.android.internal.telephony.UiccSmsController
06-22 10:27:06.466 I/Zygote  ( 1662): ...preloaded 7590 classes in 430ms.
06-22 10:27:06.466 I/zygote64( 1662): VMRuntime.preloadDexCaches starting
06-22 10:27:06.478 I/zygote64( 1662): VMRuntime.preloadDexCaches strings total=378948 before=9925 after=9925
06-22 10:27:06.478 I/zygote64( 1662): VMRuntime.preloadDexCaches types total=35812 before=7199 after=7467
06-22 10:27:06.478 I/zygote64( 1662): VMRuntime.preloadDexCaches fields total=160603 before=8020 after=8221
06-22 10:27:06.478 I/zygote64( 1662): VMRuntime.preloadDexCaches methods total=281511 before=10884 after=11316
06-22 10:27:06.478 I/zygote64( 1662): VMRuntime.preloadDexCaches finished
06-22 10:27:06.478 D/Zygote64Timing( 1662): PreloadClasses took to complete: 442ms
06-22 10:27:06.480 I/zygote64( 1662): The ClassLoaderContext is a special shared library.
06-22 10:27:06.481 D/ApplicationLoaders( 1662): Created zygote-cached class loader: /system/framework/android.hidl.base-V1.0-java.jar
06-22 10:27:06.482 I/zygote64( 1662): The ClassLoaderContext is a special shared library.
06-22 10:27:06.483 D/ApplicationLoaders( 1662): Created zygote-cached class loader: /system/framework/android.hidl.manager-V1.0-java.jar
06-22 10:27:06.483 D/Zygote64Timing( 1662): CacheNonBootClasspathClassLoaders took to complete: 5ms
06-22 10:27:06.488 I/ServiceManager( 1765): Waiting for service 'package_native' on '/dev/binder'...
06-22 10:27:06.588 I/ServiceManager( 1765): Waiting for service 'package_native' on '/dev/binder'...
06-22 10:27:06.602 I/adbd    ( 1743): USB event: FUNCTIONFS_ENABLE
06-22 10:27:06.612 I/adbd    ( 1743): host-11: write thread spawning
06-22 10:27:06.612 I/adbd    ( 1743): host-11: read thread spawning
06-22 10:27:06.656 I/adbd    ( 1743): host-11: already offline
06-22 10:27:06.674 I/Zygote  ( 1662): Preloading resources...
06-22 10:27:06.685 W/Resources( 1662): Preloaded drawable resource #0x108027c (android:drawable/dialog_background_material) that varies with configuration!!
06-22 10:27:06.691 I/ServiceManager( 1765): Waiting for service 'package_native' on '/dev/binder'...
06-22 10:27:06.697 I/Zygote  ( 1662): ...preloaded 64 resources in 23ms.
06-22 10:27:06.698 I/Zygote  ( 1662): ...preloaded 41 resources in 1ms.
06-22 10:27:06.698 D/Zygote64Timing( 1662): PreloadResources took to complete: 215ms
06-22 10:27:06.702 I/Zygote  ( 1662): Preloading shared libraries...
06-22 10:27:06.708 I/Zygote  ( 1662): Called ZygoteHooks.endPreload()
06-22 10:27:06.708 I/Zygote  ( 1662): Installed AndroidKeyStoreProvider in 0ms.
06-22 10:27:06.710 I/Zygote  ( 1662): Warmed up JCA providers in 2ms.
06-22 10:27:06.710 D/Zygote  ( 1662): end preload
06-22 10:27:06.710 D/Zygote64Timing( 1662): ZygotePreload took to complete: 700ms
06-22 10:27:06.715 I/zygote64( 1662): Explicit concurrent copying GC freed 12275(524KB) AllocSpace objects, 0(0B) LOS objects, 71% free, 2421KB/8565KB, paused 447us total 5.240ms
06-22 10:27:06.721 I/zygote64( 1662): Explicit concurrent copying GC freed 1331(82KB) AllocSpace objects, 0(0B) LOS objects, 72% free, 2371KB/8515KB, paused 323us total 4.720ms
06-22 10:27:06.721 D/Zygote64Timing( 1662): PostZygoteInitGC took to complete: 11ms
06-22 10:27:06.721 D/Zygote64Timing( 1662): ZygoteInit took to complete: 711ms
06-22 10:27:06.776 D/Zygote  ( 1662): Forked child process 1916
06-22 10:27:06.776 I/Zygote  ( 1662): System server process 1916 has been created
06-22 10:27:06.777 I/Zygote  ( 1662): Accepting command socket connections
06-22 10:27:06.782 I/system_server( 1916): The ClassLoaderContext is a special shared library.
06-22 10:27:06.791 I/ServiceManager( 1765): Waiting for service 'package_native' on '/dev/binder'...
06-22 10:27:06.793 I/system_server( 1916): The ClassLoaderContext is a special shared library.
06-22 10:27:06.802 I/chatty  ( 1916): uid=1000 system_server identical 1 line
06-22 10:27:06.806 I/system_server( 1916): The ClassLoaderContext is a special shared library.
06-22 10:27:06.808 W/system_server( 1916): Unexpected CPU variant for X86 using defaults: x86_64
06-22 10:27:06.835 I/SystemServer( 1916): InitBeforeStartServices
06-22 10:27:06.837 W/SystemServer( 1916): Timezone not set; setting to GMT.
06-22 10:27:06.840 I/SystemServer( 1916): Entered the Android system server!
06-22 10:27:06.892 I/ServiceManager( 1765): Waiting for service 'package_native' on '/dev/binder'...
06-22 10:27:06.938 E/UsbAlsaJackDetectorJNI( 1916): Can't register UsbAlsaJackDetector native methods
06-22 10:27:06.952 D/SystemServerTiming( 1916): InitBeforeStartServices took to complete: 118ms
06-22 10:27:06.953 I/SystemServer( 1916): StartServices
06-22 10:27:06.953 I/SystemServer( 1916): StartWatchdog
06-22 10:27:06.962 D/SystemServerTiming( 1916): StartWatchdog took to complete: 9ms
06-22 10:27:06.962 I/SystemServer( 1916): Reading configuration...
06-22 10:27:06.962 I/SystemServer( 1916): ReadingSystemConfig
06-22 10:27:06.965 D/SystemServerTiming( 1916): ReadingSystemConfig took to complete: 3ms
06-22 10:27:06.966 I/SystemServer( 1916): StartInstaller
06-22 10:27:06.966 I/SystemServiceManager( 1916): Starting com.android.server.pm.Installer
06-22 10:27:06.966 D/SystemServerInitThreadPool( 1916): Started executing ReadingSystemConfig
06-22 10:27:06.968 D/installd( 1756): Found quota mount /dev/block/vdc at /data
06-22 10:27:06.969 D/SystemServerTiming( 1916): StartInstaller took to complete: 3ms
06-22 10:27:06.969 I/SystemServer( 1916): DeviceIdentifiersPolicyService
06-22 10:27:06.969 I/SystemServiceManager( 1916): Starting com.android.server.os.DeviceIdentifiersPolicyService
06-22 10:27:06.969 D/SystemServerTiming( 1916): DeviceIdentifiersPolicyService took to complete: 0ms
06-22 10:27:06.969 I/SystemServer( 1916): UriGrantsManagerService
06-22 10:27:06.969 I/SystemServiceManager( 1916): Starting com.android.server.uri.UriGrantsManagerService$Lifecycle
06-22 10:27:06.972 D/SystemServerTiming( 1916): UriGrantsManagerService took to complete: 3ms
06-22 10:27:06.972 I/SystemServer( 1916): StartActivityManager
06-22 10:27:06.972 I/SystemServiceManager( 1916): Starting com.android.server.wm.ActivityTaskManagerService$Lifecycle
06-22 10:27:06.978 I/SystemServiceManager( 1916): Starting com.android.server.am.ActivityManagerService$Lifecycle
06-22 10:27:06.992 I/ServiceManager( 1765): Waiting for service 'package_native' on '/dev/binder'...
06-22 10:27:06.992 I/ActivityManager( 1916): Memory class: 512
06-22 10:27:06.997 I/SystemConfig( 1916): Adding association: com.google.android.as <- com.android.providers.contacts
06-22 10:27:06.997 I/SystemConfig( 1916): Adding association: com.google.android.as <- com.android.providers.media
06-22 10:27:06.997 I/SystemConfig( 1916): Adding association: com.google.android.as <- com.android.providers.telephony
06-22 10:27:06.997 I/SystemConfig( 1916): Adding association: com.google.android.as <- com.android.systemui
06-22 10:27:06.997 I/SystemConfig( 1916): Adding association: com.google.android.as <- com.google.android.gms
06-22 10:27:06.997 I/SystemConfig( 1916): Adding association: com.google.android.as <- com.google.android.gsf
06-22 10:27:07.007 D/BatteryStatsImpl( 1916): Reading daily items from /data/system/batterystats-daily.xml
06-22 10:27:07.010 E/BatteryStatsImpl( 1916): Error reading battery statistics
06-22 10:27:07.010 E/BatteryStatsImpl( 1916): java.io.FileNotFoundException: /data/system/batterystats.bin: open failed: ENOENT (No such file or directory)
06-22 10:27:07.010 E/BatteryStatsImpl( 1916): 	at libcore.io.IoBridge.open(IoBridge.java:496)
06-22 10:27:07.010 E/BatteryStatsImpl( 1916): 	at java.io.FileInputStream.<init>(FileInputStream.java:159)
06-22 10:27:07.010 E/BatteryStatsImpl( 1916): 	at com.android.internal.os.AtomicFile.openRead(AtomicFile.java:157)
06-22 10:27:07.010 E/BatteryStatsImpl( 1916): 	at com.android.internal.os.AtomicFile.readFully(AtomicFile.java:162)
06-22 10:27:07.010 E/BatteryStatsImpl( 1916): 	at com.android.internal.os.BatteryStatsImpl.readLocked(BatteryStatsImpl.java:13339)
06-22 10:27:07.010 E/BatteryStatsImpl( 1916): 	at com.android.server.am.ActivityManagerService.<init>(ActivityManagerService.java:2501)
06-22 10:27:07.010 E/BatteryStatsImpl( 1916): 	at com.android.server.am.ActivityManagerService$Lifecycle.<init>(ActivityManagerService.java:2215)
06-22 10:27:07.010 E/BatteryStatsImpl( 1916): 	at java.lang.reflect.Constructor.newInstance0(Native Method)
06-22 10:27:07.010 E/BatteryStatsImpl( 1916): 	at java.lang.reflect.Constructor.newInstance(Constructor.java:343)
06-22 10:27:07.010 E/BatteryStatsImpl( 1916): 	at com.android.server.SystemServiceManager.startService(SystemServiceManager.java:101)
06-22 10:27:07.010 E/BatteryStatsImpl( 1916): 	at com.android.server.am.ActivityManagerService$Lifecycle.startService(ActivityManagerService.java:2221)
06-22 10:27:07.010 E/BatteryStatsImpl( 1916): 	at com.android.server.SystemServer.startBootstrapServices(SystemServer.java:660)
06-22 10:27:07.010 E/BatteryStatsImpl( 1916): 	at com.android.server.SystemServer.run(SystemServer.java:510)
06-22 10:27:07.010 E/BatteryStatsImpl( 1916): 	at com.android.server.SystemServer.main(SystemServer.java:349)
06-22 10:27:07.010 E/BatteryStatsImpl( 1916): 	at java.lang.reflect.Method.invoke(Native Method)
06-22 10:27:07.010 E/BatteryStatsImpl( 1916): 	at com.android.internal.os.RuntimeInit$MethodAndArgsCaller.run(RuntimeInit.java:492)
06-22 10:27:07.010 E/BatteryStatsImpl( 1916): 	at com.android.internal.os.ZygoteInit.main(ZygoteInit.java:908)
06-22 10:27:07.010 E/BatteryStatsImpl( 1916): Caused by: android.system.ErrnoException: open failed: ENOENT (No such file or directory)
06-22 10:27:07.010 E/BatteryStatsImpl( 1916): 	at libcore.io.Linux.open(Native Method)
06-22 10:27:07.010 E/BatteryStatsImpl( 1916): 	at libcore.io.ForwardingOs.open(ForwardingOs.java:167)
06-22 10:27:07.010 E/BatteryStatsImpl( 1916): 	at libcore.io.BlockGuardOs.open(BlockGuardOs.java:252)
06-22 10:27:07.010 E/BatteryStatsImpl( 1916): 	at libcore.io.IoBridge.open(IoBridge.java:482)
06-22 10:27:07.010 E/BatteryStatsImpl( 1916): 	... 16 more
06-22 10:27:07.010 E/BatteryStatsImpl( 1916): Error reading battery history
06-22 10:27:07.010 E/BatteryStatsImpl( 1916): java.io.FileNotFoundException: /data/system/battery-history/0.bin: open failed: ENOENT (No such file or directory)
06-22 10:27:07.010 E/BatteryStatsImpl( 1916): 	at libcore.io.IoBridge.open(IoBridge.java:496)
06-22 10:27:07.010 E/BatteryStatsImpl( 1916): 	at java.io.FileInputStream.<init>(FileInputStream.java:159)
06-22 10:27:07.010 E/BatteryStatsImpl( 1916): 	at com.android.internal.os.AtomicFile.openRead(AtomicFile.java:157)
06-22 10:27:07.010 E/BatteryStatsImpl( 1916): 	at com.android.internal.os.AtomicFile.readFully(AtomicFile.java:162)
06-22 10:27:07.010 E/BatteryStatsImpl( 1916): 	at com.android.internal.os.BatteryStatsImpl.readLocked(BatteryStatsImpl.java:13358)
06-22 10:27:07.010 E/BatteryStatsImpl( 1916): 	at com.android.server.am.ActivityManagerService.<init>(ActivityManagerService.java:2501)
06-22 10:27:07.010 E/BatteryStatsImpl( 1916): 	at com.android.server.am.ActivityManagerService$Lifecycle.<init>(ActivityManagerService.java:2215)
06-22 10:27:07.010 E/BatteryStatsImpl( 1916): 	at java.lang.reflect.Constructor.newInstance0(Native Method)
06-22 10:27:07.010 E/BatteryStatsImpl( 1916): 	at java.lang.reflect.Constructor.newInstance(Constructor.java:343)
06-22 10:27:07.010 E/BatteryStatsImpl( 1916): 	at com.android.server.SystemServiceManager.startService(SystemServiceManager.java:101)
06-22 10:27:07.010 E/BatteryStatsImpl( 1916): 	at com.android.server.am.ActivityManagerService$Lifecycle.startService(ActivityManagerService.java:2221)
06-22 10:27:07.010 E/BatteryStatsImpl( 1916): 	at com.android.server.SystemServer.startBootstrapServices(SystemServer.java:660)
06-22 10:27:07.010 E/BatteryStatsImpl( 1916): 	at com.android.server.SystemServer.run(SystemServer.java:510)
06-22 10:27:07.010 E/BatteryStatsImpl( 1916): 	at com.android.server.SystemServer.main(SystemServer.java:349)
06-22 10:27:07.010 E/BatteryStatsImpl( 1916): 	at java.lang.reflect.Method.invoke(Native Method)
06-22 10:27:07.010 E/BatteryStatsImpl( 1916): 	at com.android.internal.os.RuntimeInit$MethodAndArgsCaller.run(RuntimeInit.java:492)
06-22 10:27:07.010 E/BatteryStatsImpl( 1916): 	at com.android.internal.os.ZygoteInit.main(ZygoteInit.java:908)
06-22 10:27:07.010 E/BatteryStatsImpl( 1916): Caused by: android.system.ErrnoException: open failed: ENOENT (No such file or directory)
06-22 10:27:07.010 E/BatteryStatsImpl( 1916): 	at libcore.io.Linux.open(Native Method)
06-22 10:27:07.010 E/BatteryStatsImpl( 1916): 	at libcore.io.ForwardingOs.open(ForwardingOs.java:167)
06-22 10:27:07.010 E/BatteryStatsImpl( 1916): 	at libcore.io.BlockGuardOs.open(BlockGuardOs.java:252)
06-22 10:27:07.010 E/BatteryStatsImpl( 1916): 	at libcore.io.IoBridge.open(IoBridge.java:482)
06-22 10:27:07.010 E/BatteryStatsImpl( 1916): 	... 16 more
06-22 10:27:07.015 W/SystemConfig( 1916): No directory /product_services/etc/sysconfig, skipping
06-22 10:27:07.015 W/SystemConfig( 1916): No directory /product_services/etc/permissions, skipping
06-22 10:27:07.015 D/SystemServerInitThreadPool( 1916): Finished executing ReadingSystemConfig
06-22 10:27:07.021 I/hwservicemanager( 1567): getTransport: Cannot find entry android.hardware.power.stats@1.0::IPowerStats/default in either framework or device manifest.
06-22 10:27:07.021 I/BatteryStatsService( 1916): Using power HAL
06-22 10:27:07.021 E/BatteryStatsService( 1916): Unable to load Power.Stats.HAL. Setting rail availability to false
06-22 10:27:07.021 E/BluetoothAdapter( 1916): Bluetooth binder is null
06-22 10:27:07.022 E/BatteryExternalStatsWorker( 1916): no controller energy info supplied for telephony
06-22 10:27:07.023 E/KernelCpuUidFreqTimeReader( 1916): Failed to read /proc/uid_time_in_state: java.nio.file.NoSuchFileException: /proc/uid_time_in_state
06-22 10:27:07.024 W/KernelCpuProcStringReader( 1916): File not found. It's normal if not implemented: /proc/uid_time_in_state
06-22 10:27:07.024 W/KernelCpuProcStringReader( 1916): File not found. It's normal if not implemented: /proc/uid_concurrent_active_time
06-22 10:27:07.025 W/KernelCpuProcStringReader( 1916): File not found. It's normal if not implemented: /proc/uid_concurrent_policy_time
06-22 10:27:07.025 W/KernelMemoryBandwidthStats( 1916): No kernel memory bandwidth stats available
06-22 10:27:07.025 I/PowerManagerService-JNI( 1916): Loaded power HAL 1.0 service
06-22 10:27:07.025 I/PowerManagerService-JNI( 1916): Loaded power HAL 1.1 service
06-22 10:27:07.027 I/hwservicemanager( 1567): getTransport: Cannot find entry android.hardware.memtrack@1.0::IMemtrack/default in either framework or device manifest.
06-22 10:27:07.028 E/memtrack( 1916): Couldn't load memtrack module
06-22 10:27:07.028 W/android.os.Debug( 1916): failed to get memory consumption info: -1
06-22 10:27:07.031 I/AppOps  ( 1916): No existing app ops /data/system/appops.xml; starting empty
06-22 10:27:07.034 I/IntentFirewall( 1916): Read new rules (A:0 B:0 S:0)
06-22 10:27:07.047 W/libprocessgroup( 1916): Failed to remove /acct/uid_1003: Permission denied
06-22 10:27:07.051 D/AppOps  ( 1916): AppOpsService published
06-22 10:27:07.055 D/SystemServerTiming( 1916): StartActivityManager took to complete: 83ms
06-22 10:27:07.055 I/SystemServer( 1916): StartPowerManager
06-22 10:27:07.055 I/SystemServiceManager( 1916): Starting com.android.server.power.PowerManagerService
06-22 10:27:07.062 D/SystemServerTiming( 1916): StartPowerManager took to complete: 8ms
06-22 10:27:07.062 I/SystemServer( 1916): StartThermalManager
06-22 10:27:07.062 I/SystemServiceManager( 1916): Starting com.android.server.power.ThermalManagerService
06-22 10:27:07.063 D/SystemServerTiming( 1916): StartThermalManager took to complete: 0ms
06-22 10:27:07.063 I/SystemServer( 1916): InitPowerManagement
06-22 10:27:07.063 D/SystemServerTiming( 1916): InitPowerManagement took to complete: 0ms
06-22 10:27:07.063 I/SystemServer( 1916): StartRecoverySystemService
06-22 10:27:07.063 I/SystemServiceManager( 1916): Starting com.android.server.RecoverySystemService
06-22 10:27:07.064 D/SystemServerTiming( 1916): StartRecoverySystemService took to complete: 0ms
06-22 10:27:07.064 V/RescueParty( 1916): Disabled because of active USB connection
06-22 10:27:07.064 I/SystemServer( 1916): StartLightsService
06-22 10:27:07.064 I/SystemServiceManager( 1916): Starting com.android.server.lights.LightsService
06-22 10:27:07.066 D/SystemServerTiming( 1916): StartLightsService took to complete: 2ms
06-22 10:27:07.066 I/SystemServer( 1916): StartSidekickService
06-22 10:27:07.066 D/SystemServerTiming( 1916): StartSidekickService took to complete: 0ms
06-22 10:27:07.066 I/SystemServer( 1916): StartDisplayManager
06-22 10:27:07.066 I/SystemServiceManager( 1916): Starting com.android.server.display.DisplayManagerService
06-22 10:27:07.068 D/SystemServerTiming( 1916): StartDisplayManager took to complete: 2ms
06-22 10:27:07.068 I/SystemServer( 1916): WaitForDisplay
06-22 10:27:07.069 I/SystemServiceManager( 1916): Starting phase 100
06-22 10:27:07.070 E/SurfaceFlinger( 1724): ro.sf.lcd_density must be defined as a build property
06-22 10:27:07.074 I/DisplayManagerService( 1916): Display device added: DisplayDeviceInfo{"Built-in Screen": uniqueId="local:0", 320 x 640, modeId 1, defaultModeId 1, supportedModes [{id=1, width=320, height=640, fps=60.000004}], colorMode 0, supportedColorModes [0], HdrCapabilities android.view.Display$HdrCapabilities@40f16308, density 160, 160.0 x 160.0 dpi, appVsyncOff 1000000, presDeadline 16666666, touch INTERNAL, rotation 0, type BUILT_IN, address {port=0}, state UNKNOWN, FLAG_DEFAULT_DISPLAY, FLAG_ROTATES_WITH_CONTENT, FLAG_SECURE, FLAG_SUPPORTS_PROTECTED_BUFFERS}
06-22 10:27:07.077 D/SurfaceFlinger( 1724): Setting power mode 2 on display 0
06-22 10:27:07.079 I/hwservicemanager( 1567): getTransport: Cannot find entry android.hardware.light@2.0::ILight/default in either framework or device manifest.
06-22 10:27:07.079 D/SystemServerTiming( 1916): WaitForDisplay took to complete: 10ms
06-22 10:27:07.079 I/SystemServer( 1916): StartPackageManagerService
06-22 10:27:07.079 I/Watchdog( 1916): Pausing HandlerChecker: main thread for reason: packagemanagermain. Pause count: 1
06-22 10:27:07.079 W/StrictMode( 1916): No activity manager; failed to Dropbox violation.
06-22 10:27:07.081 I/DisplayManagerService( 1916): Display device changed state: "Built-in Screen", ON
06-22 10:27:07.080 I/chatty  ( 1916): uid=1000(system) android.display identical 4 lines
06-22 10:27:07.080 W/StrictMode( 1916): No activity manager; failed to Dropbox violation.
06-22 10:27:07.092 I/ServiceManager( 1765): Waiting for service 'package_native' on '/dev/binder'...
06-22 10:27:07.099 W/FileUtils( 1916): Failed to chmod(/data/system/packages.list): android.system.ErrnoException: chmod failed: ENOENT (No such file or directory)
