06-22 10:27:10.443 W/PackageManager( 1916): Cannot whitelist unknown permission: android.permission.MANAGE_FACTORY_RESET_PROTECTION
06-22 10:27:10.443 W/PackageManager( 1916): Cannot whitelist unknown permission: android.car.permission.CAR_POWER
06-22 10:27:10.443 W/PackageManager( 1916): Cannot whitelist unknown permission: com.google.android.wearable.WRITE_SETTINGS
06-22 10:27:10.443 W/PackageManager( 1916): Cannot whitelist unknown permission: com.felicanetworks.mfc.permission.MFC_ACCESS
06-22 10:27:10.444 W/PackageManager( 1916): Cannot whitelist unknown permission: com.felicanetworks.mfc.mfi.permission.MFI_ACCESS
06-22 10:27:10.444 W/PackageManager( 1916): Cannot whitelist unknown permission: com.google.android.finsky.permission.INSTANT_APP_STATE
06-22 10:27:10.444 W/PackageManager( 1916): Cannot whitelist unknown permission: android.permission.UWB
06-22 10:27:10.444 W/PackageManager( 1916): Cannot whitelist unknown permission: com.google.android.finsky.permission.BIND_GET_INSTALL_REFERRER_SERVICE
06-22 10:27:10.444 W/PackageManager( 1916): Cannot whitelist unknown permission: com.google.android.hangouts.START_HANGOUT
06-22 10:27:10.444 W/PackageManager( 1916): Cannot whitelist unknown permission: android.car.permission.CAR_POWERTRAIN
06-22 10:27:10.444 W/PackageManager( 1916): Cannot whitelist unknown permission: android.car.permission.CAR_ENERGY
06-22 10:27:10.444 W/PackageManager( 1916): Cannot whitelist unknown permission: android.car.permission.CAR_ENERGY_PORTS
06-22 10:27:10.444 W/PackageManager( 1916): Cannot whitelist unknown permission: android.car.permission.CAR_EXTERIOR_LIGHTS
06-22 10:27:10.444 W/PackageManager( 1916): Cannot whitelist unknown permission: android.car.permission.CAR_INFO
06-22 10:27:10.444 W/PackageManager( 1916): Cannot whitelist unknown permission: android.car.permission.CAR_MILEAGE
06-22 10:27:10.444 W/PackageManager( 1916): Cannot whitelist unknown permission: android.car.permission.CAR_TIRES
06-22 10:27:10.444 W/PackageManager( 1916): Cannot whitelist unknown permission: android.car.permission.CONTROL_CAR_CLIMATE
06-22 10:27:10.444 W/PackageManager( 1916): Cannot whitelist unknown permission: android.car.permission.CONTROL_CAR_DOORS
06-22 10:27:10.444 W/PackageManager( 1916): Cannot whitelist unknown permission: android.car.permission.CONTROL_CAR_EXTERIOR_LIGHTS
06-22 10:27:10.444 W/PackageManager( 1916): Cannot whitelist unknown permission: android.car.permission.CONTROL_CAR_MIRRORS
06-22 10:27:10.444 W/PackageManager( 1916): Cannot whitelist unknown permission: android.car.permission.CONTROL_CAR_SEATS
06-22 10:27:10.444 W/PackageManager( 1916): Cannot whitelist unknown permission: android.car.permission.CONTROL_CAR_WINDOWS
06-22 10:27:10.444 W/PackageManager( 1916): Cannot whitelist unknown permission: android.car.permission.READ_CAR_DISPLAY_UNITS
06-22 10:27:10.444 W/PackageManager( 1916): Cannot whitelist unknown permission: com.google.android.finsky.permission.GEARHEAD_SERVICE
06-22 10:27:10.444 W/PackageManager( 1916): Cannot whitelist unknown permission: com.google.android.permission.ACCESSIBILITY_SCAN_SERVICE
06-22 10:27:10.444 W/PackageManager( 1916): Cannot whitelist unknown permission: com.google.android.finsky.permission.ACCESS_INSTANT_APP_NOTIFICATION_ENFORCEMENT
06-22 10:27:10.444 W/PackageManager( 1916): Cannot whitelist unknown permission: com.google.android.clockwork.settings.SHOW_FACTORY_RESET_CONFIRMATION
06-22 10:27:10.444 W/PackageManager( 1916): Cannot whitelist unknown permission: com.google.android.wearable.READ_SETTINGS
06-22 10:27:10.444 W/PackageManager( 1916): Cannot whitelist unknown permission: android.permission.READ_MEDIA_AUDIO
06-22 10:27:10.444 W/PackageManager( 1916): Cannot whitelist unknown permission: android.permission.READ_MEDIA_IMAGES
06-22 10:27:10.444 W/PackageManager( 1916): Cannot whitelist unknown permission: android.permission.READ_MEDIA_VIDEO
06-22 10:27:10.444 W/PackageManager( 1916): Cannot whitelist unknown permission: com.android.vending.setup.PLAY_SETUP_SERVICE
06-22 10:27:10.444 W/PackageManager( 1916): Cannot whitelist unknown permission: com.google.android.gms.game.notifications.permission.WRITE
06-22 10:27:10.444 W/PackageManager( 1916): Cannot whitelist unknown permission: com.google.android.vending.verifier.ACCESS_VERIFIER
06-22 10:27:10.444 I/PackageManager( 1916): Un-granting permission android.permission.CAPTURE_VIDEO_OUTPUT from package com.google.android.gms (protectionLevel=2 flags=0xb0cabe45)
06-22 10:27:10.444 I/PackageManager( 1916): Un-granting permission android.permission.MANAGE_DEVICE_ADMINS from package com.google.android.gms (protectionLevel=2 flags=0xb0cabe45)
06-22 10:27:10.444 I/PackageManager( 1916): Un-granting permission android.permission.MANAGE_ACTIVITY_STACKS from package com.google.android.gms (protectionLevel=2 flags=0xb0cabe45)
06-22 10:27:10.444 I/PackageManager( 1916): Un-granting permission android.permission.CAPTURE_SECURE_VIDEO_OUTPUT from package com.google.android.gms (protectionLevel=2 flags=0xb0cabe45)
06-22 10:27:10.444 I/PackageManager( 1916): Un-granting permission android.permission.MANAGE_ROLLBACKS from package com.google.android.gms (protectionLevel=514 flags=0xb0cabe45)
06-22 10:27:10.445 W/PackageManager( 1916): Cannot whitelist unknown permission: android.permission.QUERY_ALL_PACKAGES
06-22 10:27:10.445 W/PackageManager( 1916): Cannot whitelist unknown permission: android.permission.PRE_FACTORY_RESET
06-22 10:27:10.445 W/PackageManager( 1916): Cannot whitelist unknown permission: android.permission.MANAGE_FACTORY_RESET_PROTECTION
06-22 10:27:10.445 W/PackageManager( 1916): Cannot whitelist unknown permission: android.car.permission.CAR_POWER
06-22 10:27:10.445 W/PackageManager( 1916): Cannot whitelist unknown permission: com.google.android.wearable.WRITE_SETTINGS
06-22 10:27:10.445 W/PackageManager( 1916): Cannot whitelist unknown permission: com.felicanetworks.mfc.permission.MFC_ACCESS
06-22 10:27:10.445 W/PackageManager( 1916): Cannot whitelist unknown permission: com.felicanetworks.mfc.mfi.permission.MFI_ACCESS
06-22 10:27:10.445 W/PackageManager( 1916): Cannot whitelist unknown permission: com.google.android.finsky.permission.INSTANT_APP_STATE
06-22 10:27:10.445 W/PackageManager( 1916): Cannot whitelist unknown permission: android.permission.UWB
06-22 10:27:10.445 W/PackageManager( 1916): Cannot whitelist unknown permission: com.google.android.finsky.permission.BIND_GET_INSTALL_REFERRER_SERVICE
06-22 10:27:10.445 W/PackageManager( 1916): Cannot whitelist unknown permission: com.google.android.hangouts.START_HANGOUT
06-22 10:27:10.445 W/PackageManager( 1916): Cannot whitelist unknown permission: android.car.permission.CAR_POWERTRAIN
06-22 10:27:10.445 W/PackageManager( 1916): Cannot whitelist unknown permission: android.car.permission.CAR_ENERGY
06-22 10:27:10.445 W/PackageManager( 1916): Cannot whitelist unknown permission: android.car.permission.CAR_ENERGY_PORTS
06-22 10:27:10.445 W/PackageManager( 1916): Cannot whitelist unknown permission: android.car.permission.CAR_EXTERIOR_LIGHTS
06-22 10:27:10.446 W/PackageManager( 1916): Cannot whitelist unknown permission: android.car.permission.CAR_INFO
06-22 10:27:10.446 W/PackageManager( 1916): Cannot whitelist unknown permission: android.car.permission.CAR_MILEAGE
06-22 10:27:10.446 W/PackageManager( 1916): Cannot whitelist unknown permission: android.car.permission.CAR_TIRES
06-22 10:27:10.446 W/PackageManager( 1916): Cannot whitelist unknown permission: android.car.permission.CONTROL_CAR_CLIMATE
06-22 10:27:10.446 W/PackageManager( 1916): Cannot whitelist unknown permission: android.car.permission.CONTROL_CAR_DOORS
06-22 10:27:10.446 W/PackageManager( 1916): Cannot whitelist unknown permission: android.car.permission.CONTROL_CAR_EXTERIOR_LIGHTS
06-22 10:27:10.446 W/PackageManager( 1916): Cannot whitelist unknown permission: android.car.permission.CONTROL_CAR_MIRRORS
06-22 10:27:10.446 W/PackageManager( 1916): Cannot whitelist unknown permission: android.car.permission.CONTROL_CAR_SEATS
06-22 10:27:10.446 W/PackageManager( 1916): Cannot whitelist unknown permission: android.car.permission.CONTROL_CAR_WINDOWS
06-22 10:27:10.446 W/PackageManager( 1916): Cannot whitelist unknown permission: android.car.permission.READ_CAR_DISPLAY_UNITS
06-22 10:27:10.446 W/PackageManager( 1916): Cannot whitelist unknown permission: com.google.android.finsky.permission.GEARHEAD_SERVICE
06-22 10:27:10.446 W/PackageManager( 1916): Cannot whitelist unknown permission: com.google.android.permission.ACCESSIBILITY_SCAN_SERVICE
06-22 10:27:10.446 W/PackageManager( 1916): Cannot whitelist unknown permission: com.google.android.finsky.permission.ACCESS_INSTANT_APP_NOTIFICATION_ENFORCEMENT
06-22 10:27:10.446 W/PackageManager( 1916): Cannot whitelist unknown permission: com.google.android.clockwork.settings.SHOW_FACTORY_RESET_CONFIRMATION
06-22 10:27:10.446 W/PackageManager( 1916): Cannot whitelist unknown permission: com.google.android.wearable.READ_SETTINGS
06-22 10:27:10.446 W/PackageManager( 1916): Cannot whitelist unknown permission: android.permission.READ_MEDIA_AUDIO
06-22 10:27:10.446 W/PackageManager( 1916): Cannot whitelist unknown permission: android.permission.READ_MEDIA_IMAGES
06-22 10:27:10.446 W/PackageManager( 1916): Cannot whitelist unknown permission: android.permission.READ_MEDIA_VIDEO
06-22 10:27:10.446 W/PackageManager( 1916): Cannot whitelist unknown permission: com.android.vending.setup.PLAY_SETUP_SERVICE
06-22 10:27:10.446 W/PackageManager( 1916): Cannot whitelist unknown permission: com.google.android.gms.game.notifications.permission.WRITE
06-22 10:27:10.446 W/PackageManager( 1916): Cannot whitelist unknown permission: com.google.android.vending.verifier.ACCESS_VERIFIER
06-22 10:27:10.446 I/PackageManager( 1916): Un-granting permission android.permission.CAPTURE_VIDEO_OUTPUT from package com.google.android.gms (protectionLevel=2 flags=0xb0cabe45)
06-22 10:27:10.446 I/PackageManager( 1916): Un-granting permission android.permission.MANAGE_DEVICE_ADMINS from package com.google.android.gms (protectionLevel=2 flags=0xb0cabe45)
06-22 10:27:10.446 I/PackageManager( 1916): Un-granting permission android.permission.MANAGE_ACTIVITY_STACKS from package com.google.android.gms (protectionLevel=2 flags=0xb0cabe45)
06-22 10:27:10.446 I/PackageManager( 1916): Un-granting permission android.permission.CAPTURE_SECURE_VIDEO_OUTPUT from package com.google.android.gms (protectionLevel=2 flags=0xb0cabe45)
06-22 10:27:10.446 I/PackageManager( 1916): Un-granting permission android.permission.MANAGE_ROLLBACKS from package com.google.android.gms (protectionLevel=514 flags=0xb0cabe45)
06-22 10:27:10.449 W/PackageManager( 1916): Cannot whitelist unknown permission: android.permission.QUERY_ALL_PACKAGES
06-22 10:27:10.449 W/PackageManager( 1916): Cannot whitelist unknown permission: android.permission.PRE_FACTORY_RESET
06-22 10:27:10.449 W/PackageManager( 1916): Cannot whitelist unknown permission: android.permission.MANAGE_FACTORY_RESET_PROTECTION
06-22 10:27:10.449 W/PackageManager( 1916): Cannot whitelist unknown permission: android.car.permission.CAR_POWER
06-22 10:27:10.449 W/PackageManager( 1916): Cannot whitelist unknown permission: com.google.android.wearable.WRITE_SETTINGS
06-22 10:27:10.449 W/PackageManager( 1916): Cannot whitelist unknown permission: com.felicanetworks.mfc.permission.MFC_ACCESS
06-22 10:27:10.449 W/PackageManager( 1916): Cannot whitelist unknown permission: com.felicanetworks.mfc.mfi.permission.MFI_ACCESS
06-22 10:27:10.449 W/PackageManager( 1916): Cannot whitelist unknown permission: com.google.android.finsky.permission.INSTANT_APP_STATE
06-22 10:27:10.449 W/PackageManager( 1916): Cannot whitelist unknown permission: android.permission.UWB
06-22 10:27:10.449 W/PackageManager( 1916): Cannot whitelist unknown permission: com.google.android.finsky.permission.BIND_GET_INSTALL_REFERRER_SERVICE
06-22 10:27:10.449 W/PackageManager( 1916): Cannot whitelist unknown permission: com.google.android.hangouts.START_HANGOUT
06-22 10:27:10.449 W/PackageManager( 1916): Cannot whitelist unknown permission: android.car.permission.CAR_POWERTRAIN
06-22 10:27:10.449 W/PackageManager( 1916): Cannot whitelist unknown permission: android.car.permission.CAR_ENERGY
06-22 10:27:10.449 W/PackageManager( 1916): Cannot whitelist unknown permission: android.car.permission.CAR_ENERGY_PORTS
06-22 10:27:10.449 W/PackageManager( 1916): Cannot whitelist unknown permission: android.car.permission.CAR_EXTERIOR_LIGHTS
06-22 10:27:10.449 W/PackageManager( 1916): Cannot whitelist unknown permission: android.car.permission.CAR_INFO
06-22 10:27:10.449 W/PackageManager( 1916): Cannot whitelist unknown permission: android.car.permission.CAR_MILEAGE
06-22 10:27:10.449 W/PackageManager( 1916): Cannot whitelist unknown permission: android.car.permission.CAR_TIRES
06-22 10:27:10.449 W/PackageManager( 1916): Cannot whitelist unknown permission: android.car.permission.CONTROL_CAR_CLIMATE
06-22 10:27:10.449 W/PackageManager( 1916): Cannot whitelist unknown permission: android.car.permission.CONTROL_CAR_DOORS
06-22 10:27:10.449 W/PackageManager( 1916): Cannot whitelist unknown permission: android.car.permission.CONTROL_CAR_EXTERIOR_LIGHTS
06-22 10:27:10.449 W/PackageManager( 1916): Cannot whitelist unknown permission: android.car.permission.CONTROL_CAR_MIRRORS
06-22 10:27:10.449 W/PackageManager( 1916): Cannot whitelist unknown permission: android.car.permission.CONTROL_CAR_SEATS
06-22 10:27:10.449 W/PackageManager( 1916): Cannot whitelist unknown permission: android.car.permission.CONTROL_CAR_WINDOWS
06-22 10:27:10.450 W/PackageManager( 1916): Cannot whitelist unknown permission: android.car.permission.READ_CAR_DISPLAY_UNITS
06-22 10:27:10.450 W/PackageManager( 1916): Cannot whitelist unknown permission: com.google.android.finsky.permission.GEARHEAD_SERVICE
06-22 10:27:10.450 W/PackageManager( 1916): Cannot whitelist unknown permission: com.google.android.permission.ACCESSIBILITY_SCAN_SERVICE
06-22 10:27:10.450 W/PackageManager( 1916): Cannot whitelist unknown permission: com.google.android.finsky.permission.ACCESS_INSTANT_APP_NOTIFICATION_ENFORCEMENT
06-22 10:27:10.450 W/PackageManager( 1916): Cannot whitelist unknown permission: com.google.android.clockwork.settings.SHOW_FACTORY_RESET_CONFIRMATION
06-22 10:27:10.450 W/PackageManager( 1916): Cannot whitelist unknown permission: com.google.android.wearable.READ_SETTINGS
06-22 10:27:10.450 W/PackageManager( 1916): Cannot whitelist unknown permission: android.permission.READ_MEDIA_AUDIO
06-22 10:27:10.450 W/PackageManager( 1916): Cannot whitelist unknown permission: android.permission.READ_MEDIA_IMAGES
06-22 10:27:10.450 W/PackageManager( 1916): Cannot whitelist unknown permission: android.permission.READ_MEDIA_VIDEO
06-22 10:27:10.450 W/PackageManager( 1916): Cannot whitelist unknown permission: com.android.vending.setup.PLAY_SETUP_SERVICE
06-22 10:27:10.450 W/PackageManager( 1916): Cannot whitelist unknown permission: com.google.android.gms.game.notifications.permission.WRITE
06-22 10:27:10.450 W/PackageManager( 1916): Cannot whitelist unknown permission: com.google.android.vending.verifier.ACCESS_VERIFIER
06-22 10:27:10.450 I/PackageManager( 1916): Un-granting permission android.permission.CAPTURE_VIDEO_OUTPUT from package com.google.android.gms (protectionLevel=2 flags=0xb0cabe45)
06-22 10:27:10.450 I/PackageManager( 1916): Un-granting permission android.permission.MANAGE_DEVICE_ADMINS from package com.google.android.gms (protectionLevel=2 flags=0xb0cabe45)
06-22 10:27:10.450 I/PackageManager( 1916): Un-granting permission android.permission.MANAGE_ACTIVITY_STACKS from package com.google.android.gms (protectionLevel=2 flags=0xb0cabe45)
06-22 10:27:10.450 I/PackageManager( 1916): Un-granting permission android.permission.CAPTURE_SECURE_VIDEO_OUTPUT from package com.google.android.gms (protectionLevel=2 flags=0xb0cabe45)
06-22 10:27:10.450 I/PackageManager( 1916): Un-granting permission android.permission.MANAGE_ROLLBACKS from package com.google.android.gms (protectionLevel=514 flags=0xb0cabe45)
06-22 10:27:10.450 W/PackageManager( 1916): Cannot whitelist unknown permission: android.permission.QUERY_ALL_PACKAGES
06-22 10:27:10.451 W/PackageManager( 1916): Cannot whitelist unknown permission: android.permission.PRE_FACTORY_RESET
06-22 10:27:10.451 W/PackageManager( 1916): Cannot whitelist unknown permission: android.permission.MANAGE_FACTORY_RESET_PROTECTION
06-22 10:27:10.451 W/PackageManager( 1916): Cannot whitelist unknown permission: android.car.permission.CAR_POWER
06-22 10:27:10.451 W/PackageManager( 1916): Cannot whitelist unknown permission: com.google.android.wearable.WRITE_SETTINGS
06-22 10:27:10.451 W/PackageManager( 1916): Cannot whitelist unknown permission: com.felicanetworks.mfc.permission.MFC_ACCESS
06-22 10:27:10.451 W/PackageManager( 1916): Cannot whitelist unknown permission: com.felicanetworks.mfc.mfi.permission.MFI_ACCESS
06-22 10:27:10.451 W/PackageManager( 1916): Cannot whitelist unknown permission: com.google.android.finsky.permission.INSTANT_APP_STATE
06-22 10:27:10.451 W/PackageManager( 1916): Cannot whitelist unknown permission: android.permission.UWB
06-22 10:27:10.451 W/PackageManager( 1916): Cannot whitelist unknown permission: com.google.android.finsky.permission.BIND_GET_INSTALL_REFERRER_SERVICE
06-22 10:27:10.451 W/PackageManager( 1916): Cannot whitelist unknown permission: com.google.android.hangouts.START_HANGOUT
06-22 10:27:10.451 W/PackageManager( 1916): Cannot whitelist unknown permission: android.car.permission.CAR_POWERTRAIN
06-22 10:27:10.451 W/PackageManager( 1916): Cannot whitelist unknown permission: android.car.permission.CAR_ENERGY
06-22 10:27:10.451 W/PackageManager( 1916): Cannot whitelist unknown permission: android.car.permission.CAR_ENERGY_PORTS
06-22 10:27:10.451 W/PackageManager( 1916): Cannot whitelist unknown permission: android.car.permission.CAR_EXTERIOR_LIGHTS
06-22 10:27:10.451 W/PackageManager( 1916): Cannot whitelist unknown permission: android.car.permission.CAR_INFO
06-22 10:27:10.451 W/PackageManager( 1916): Cannot whitelist unknown permission: android.car.permission.CAR_MILEAGE
06-22 10:27:10.451 W/PackageManager( 1916): Cannot whitelist unknown permission: android.car.permission.CAR_TIRES
06-22 10:27:10.451 W/PackageManager( 1916): Cannot whitelist unknown permission: android.car.permission.CONTROL_CAR_CLIMATE
06-22 10:27:10.451 W/PackageManager( 1916): Cannot whitelist unknown permission: android.car.permission.CONTROL_CAR_DOORS
06-22 10:27:10.451 W/PackageManager( 1916): Cannot whitelist unknown permission: android.car.permission.CONTROL_CAR_EXTERIOR_LIGHTS
06-22 10:27:10.451 W/PackageManager( 1916): Cannot whitelist unknown permission: android.car.permission.CONTROL_CAR_MIRRORS
06-22 10:27:10.451 W/PackageManager( 1916): Cannot whitelist unknown permission: android.car.permission.CONTROL_CAR_SEATS
06-22 10:27:10.451 W/PackageManager( 1916): Cannot whitelist unknown permission: android.car.permission.CONTROL_CAR_WINDOWS
06-22 10:27:10.451 W/PackageManager( 1916): Cannot whitelist unknown permission: android.car.permission.READ_CAR_DISPLAY_UNITS
06-22 10:27:10.451 W/PackageManager( 1916): Cannot whitelist unknown permission: com.google.android.finsky.permission.GEARHEAD_SERVICE
06-22 10:27:10.451 W/PackageManager( 1916): Cannot whitelist unknown permission: com.google.android.permission.ACCESSIBILITY_SCAN_SERVICE
06-22 10:27:10.451 W/PackageManager( 1916): Cannot whitelist unknown permission: com.google.android.finsky.permission.ACCESS_INSTANT_APP_NOTIFICATION_ENFORCEMENT
06-22 10:27:10.451 W/PackageManager( 1916): Cannot whitelist unknown permission: com.google.android.clockwork.settings.SHOW_FACTORY_RESET_CONFIRMATION
06-22 10:27:10.451 W/PackageManager( 1916): Cannot whitelist unknown permission: com.google.android.wearable.READ_SETTINGS
06-22 10:27:10.451 W/PackageManager( 1916): Cannot whitelist unknown permission: android.permission.READ_MEDIA_AUDIO
06-22 10:27:10.451 W/PackageManager( 1916): Cannot whitelist unknown permission: android.permission.READ_MEDIA_IMAGES
06-22 10:27:10.451 W/PackageManager( 1916): Cannot whitelist unknown permission: android.permission.READ_MEDIA_VIDEO
06-22 10:27:10.451 W/PackageManager( 1916): Cannot whitelist unknown permission: com.android.vending.setup.PLAY_SETUP_SERVICE
06-22 10:27:10.451 W/PackageManager( 1916): Cannot whitelist unknown permission: com.google.android.gms.game.notifications.permission.WRITE
06-22 10:27:10.451 W/PackageManager( 1916): Cannot whitelist unknown permission: com.google.android.vending.verifier.ACCESS_VERIFIER
06-22 10:27:10.451 I/PackageManager( 1916): Un-granting permission android.permission.CAPTURE_VIDEO_OUTPUT from package com.google.android.gms (protectionLevel=2 flags=0xb0cabe45)
06-22 10:27:10.451 I/PackageManager( 1916): Un-granting permission android.permission.MANAGE_DEVICE_ADMINS from package com.google.android.gms (protectionLevel=2 flags=0xb0cabe45)
06-22 10:27:10.451 I/PackageManager( 1916): Un-granting permission android.permission.MANAGE_ACTIVITY_STACKS from package com.google.android.gms (protectionLevel=2 flags=0xb0cabe45)
06-22 10:27:10.451 I/PackageManager( 1916): Un-granting permission android.permission.CAPTURE_SECURE_VIDEO_OUTPUT from package com.google.android.gms (protectionLevel=2 flags=0xb0cabe45)
06-22 10:27:10.451 I/PackageManager( 1916): Un-granting permission android.permission.MANAGE_ROLLBACKS from package com.google.android.gms (protectionLevel=514 flags=0xb0cabe45)
06-22 10:27:10.456 I/OMXClient( 1916): IOmx service obtained
06-22 10:27:10.456 I/OMXMaster( 1768): makeComponentInstance(OMX.google.vorbis.decoder) in android.hardwar process
06-22 10:27:10.457 E/OMXNodeInstance( 1768): getConfig(0xf4919140:google.vorbis.decoder, ConfigAndroidVendorExtension(0x6f100004)) ERROR: Undefined(0x80001001)
06-22 10:27:10.461 W/PackageManager( 1916): Cannot whitelist unknown permission: android.permission.QUERY_ALL_PACKAGES
06-22 10:27:10.461 W/PackageManager( 1916): Cannot whitelist unknown permission: android.permission.PRE_FACTORY_RESET
06-22 10:27:10.461 W/PackageManager( 1916): Cannot whitelist unknown permission: android.permission.MANAGE_FACTORY_RESET_PROTECTION
06-22 10:27:10.461 W/PackageManager( 1916): Cannot whitelist unknown permission: android.car.permission.CAR_POWER
06-22 10:27:10.461 W/PackageManager( 1916): Cannot whitelist unknown permission: com.google.android.wearable.WRITE_SETTINGS
06-22 10:27:10.462 W/PackageManager( 1916): Cannot whitelist unknown permission: com.felicanetworks.mfc.permission.MFC_ACCESS
06-22 10:27:10.462 W/PackageManager( 1916): Cannot whitelist unknown permission: com.felicanetworks.mfc.mfi.permission.MFI_ACCESS
06-22 10:27:10.462 W/PackageManager( 1916): Cannot whitelist unknown permission: com.google.android.finsky.permission.INSTANT_APP_STATE
06-22 10:27:10.462 W/PackageManager( 1916): Cannot whitelist unknown permission: android.permission.UWB
06-22 10:27:10.462 W/PackageManager( 1916): Cannot whitelist unknown permission: com.google.android.finsky.permission.BIND_GET_INSTALL_REFERRER_SERVICE
06-22 10:27:10.462 W/PackageManager( 1916): Cannot whitelist unknown permission: com.google.android.hangouts.START_HANGOUT
06-22 10:27:10.462 W/PackageManager( 1916): Cannot whitelist unknown permission: android.car.permission.CAR_POWERTRAIN
06-22 10:27:10.462 W/PackageManager( 1916): Cannot whitelist unknown permission: android.car.permission.CAR_ENERGY
06-22 10:27:10.462 W/PackageManager( 1916): Cannot whitelist unknown permission: android.car.permission.CAR_ENERGY_PORTS
06-22 10:27:10.462 W/PackageManager( 1916): Cannot whitelist unknown permission: android.car.permission.CAR_EXTERIOR_LIGHTS
06-22 10:27:10.462 W/PackageManager( 1916): Cannot whitelist unknown permission: android.car.permission.CAR_INFO
06-22 10:27:10.462 W/PackageManager( 1916): Cannot whitelist unknown permission: android.car.permission.CAR_MILEAGE
06-22 10:27:10.462 W/PackageManager( 1916): Cannot whitelist unknown permission: android.car.permission.CAR_TIRES
06-22 10:27:10.462 W/PackageManager( 1916): Cannot whitelist unknown permission: android.car.permission.CONTROL_CAR_CLIMATE
06-22 10:27:10.462 W/PackageManager( 1916): Cannot whitelist unknown permission: android.car.permission.CONTROL_CAR_DOORS
06-22 10:27:10.462 W/PackageManager( 1916): Cannot whitelist unknown permission: android.car.permission.CONTROL_CAR_EXTERIOR_LIGHTS
06-22 10:27:10.462 W/PackageManager( 1916): Cannot whitelist unknown permission: android.car.permission.CONTROL_CAR_MIRRORS
06-22 10:27:10.462 W/PackageManager( 1916): Cannot whitelist unknown permission: android.car.permission.CONTROL_CAR_SEATS
06-22 10:27:10.462 W/PackageManager( 1916): Cannot whitelist unknown permission: android.car.permission.CONTROL_CAR_WINDOWS
06-22 10:27:10.462 W/PackageManager( 1916): Cannot whitelist unknown permission: android.car.permission.READ_CAR_DISPLAY_UNITS
06-22 10:27:10.462 W/PackageManager( 1916): Cannot whitelist unknown permission: com.google.android.finsky.permission.GEARHEAD_SERVICE
06-22 10:27:10.462 W/PackageManager( 1916): Cannot whitelist unknown permission: com.google.android.permission.ACCESSIBILITY_SCAN_SERVICE
06-22 10:27:10.462 W/PackageManager( 1916): Cannot whitelist unknown permission: com.google.android.finsky.permission.ACCESS_INSTANT_APP_NOTIFICATION_ENFORCEMENT
06-22 10:27:10.462 W/PackageManager( 1916): Cannot whitelist unknown permission: com.google.android.clockwork.settings.SHOW_FACTORY_RESET_CONFIRMATION
06-22 10:27:10.462 W/PackageManager( 1916): Cannot whitelist unknown permission: com.google.android.wearable.READ_SETTINGS
06-22 10:27:10.462 W/PackageManager( 1916): Cannot whitelist unknown permission: android.permission.READ_MEDIA_AUDIO
06-22 10:27:10.462 W/PackageManager( 1916): Cannot whitelist unknown permission: android.permission.READ_MEDIA_IMAGES
06-22 10:27:10.462 W/PackageManager( 1916): Cannot whitelist unknown permission: android.permission.READ_MEDIA_VIDEO
06-22 10:27:10.462 W/PackageManager( 1916): Cannot whitelist unknown permission: com.android.vending.setup.PLAY_SETUP_SERVICE
06-22 10:27:10.462 W/PackageManager( 1916): Cannot whitelist unknown permission: com.google.android.gms.game.notifications.permission.WRITE
06-22 10:27:10.462 W/PackageManager( 1916): Cannot whitelist unknown permission: com.google.android.vending.verifier.ACCESS_VERIFIER
06-22 10:27:10.462 I/PackageManager( 1916): Un-granting permission android.permission.CAPTURE_VIDEO_OUTPUT from package com.google.android.gms (protectionLevel=2 flags=0xb0cabe45)
06-22 10:27:10.463 I/PackageManager( 1916): Un-granting permission android.permission.MANAGE_DEVICE_ADMINS from package com.google.android.gms (protectionLevel=2 flags=0xb0cabe45)
06-22 10:27:10.463 I/PackageManager( 1916): Un-granting permission android.permission.MANAGE_ACTIVITY_STACKS from package com.google.android.gms (protectionLevel=2 flags=0xb0cabe45)
06-22 10:27:10.463 I/PackageManager( 1916): Un-granting permission android.permission.CAPTURE_SECURE_VIDEO_OUTPUT from package com.google.android.gms (protectionLevel=2 flags=0xb0cabe45)
06-22 10:27:10.463 I/PackageManager( 1916): Un-granting permission android.permission.MANAGE_ROLLBACKS from package com.google.android.gms (protectionLevel=514 flags=0xb0cabe45)
06-22 10:27:10.498 W/PackageManager( 1916): Cannot whitelist unknown permission: android.permission.ADD_VOICEMAIL
06-22 10:27:10.498 W/PackageManager( 1916): Cannot whitelist unknown permission: com.google.android.apps.messaging.services.ACCESS_JIBESERVICE
06-22 10:27:10.499 W/PackageManager( 1916): Cannot whitelist unknown permission: android.permission.ADD_VOICEMAIL
06-22 10:27:10.499 W/PackageManager( 1916): Cannot whitelist unknown permission: com.google.android.apps.messaging.services.ACCESS_JIBESERVICE
06-22 10:27:10.501 W/PackageManager( 1916): Cannot whitelist unknown permission: android.permission.ADD_VOICEMAIL
06-22 10:27:10.501 W/PackageManager( 1916): Cannot whitelist unknown permission: com.google.android.apps.messaging.services.ACCESS_JIBESERVICE
06-22 10:27:10.504 W/PackageManager( 1916): Cannot whitelist unknown permission: android.permission.ADD_VOICEMAIL
06-22 10:27:10.504 W/PackageManager( 1916): Cannot whitelist unknown permission: com.google.android.apps.messaging.services.ACCESS_JIBESERVICE
06-22 10:27:10.504 W/PackageManager( 1916): Cannot whitelist unknown permission: android.permission.ADD_VOICEMAIL
06-22 10:27:10.504 W/PackageManager( 1916): Cannot whitelist unknown permission: com.google.android.apps.messaging.services.ACCESS_JIBESERVICE
06-22 10:27:10.508 I/PackageManager( 1916): Un-granting permission com.google.android.googleapps.permission.GOOGLE_AUTH from package com.google.android.videos (protectionLevel=2 flags=0x30dbbe45)
06-22 10:27:10.511 I/OMXClient( 1916): IOmx service obtained
06-22 10:27:10.511 I/OMXMaster( 1768): makeComponentInstance(OMX.google.vorbis.decoder) in android.hardwar process
06-22 10:27:10.511 E/OMXNodeInstance( 1768): getConfig(0xf4919140:google.vorbis.decoder, ConfigAndroidVendorExtension(0x6f100004)) ERROR: Undefined(0x80001001)
06-22 10:27:10.509 I/chatty  ( 1916): uid=1000(system) Binder:1916_3 identical 1 line
06-22 10:27:10.510 I/PackageManager( 1916): Un-granting permission com.google.android.googleapps.permission.GOOGLE_AUTH from package com.google.android.videos (protectionLevel=2 flags=0x30dbbe45)
06-22 10:27:10.511 W/PackageManager( 1916): Cannot whitelist unknown permission: com.google.android.apps.miphone.aiai.matchmaker.overview.service.BIND_SERVICE
06-22 10:27:10.511 W/PackageManager( 1916): Cannot whitelist unknown permission: com.google.android.as.allapps.SUGGESTION_CONSUMER
06-22 10:27:10.512 W/PackageManager( 1916): Cannot whitelist unknown permission: com.google.android.apps.miphone.aiai.matchmaker.overview.service.BIND_SERVICE
06-22 10:27:10.512 W/PackageManager( 1916): Cannot whitelist unknown permission: com.google.android.as.allapps.SUGGESTION_CONSUMER
06-22 10:27:10.517 E/ActivityThread( 2060): Failed to find provider info for com.google.android.gsf.gservices
06-22 10:27:10.517 E/ActivityThread( 2060): Failed to find provider info for com.google.android.gsf.gservices
06-22 10:27:10.517 W/PackageManager( 1916): Cannot whitelist unknown permission: com.android.vending.BILLING
06-22 10:27:10.517 I/PackageManager( 1916): Un-granting permission android.permission.WRITE_MEDIA_STORAGE from package com.google.android.apps.photos (protectionLevel=18 flags=0x38d9be45)
06-22 10:27:10.521 W/PackageManager( 1916): Cannot whitelist unknown permission: com.android.vending.BILLING
06-22 10:27:10.521 I/PackageManager( 1916): Un-granting permission android.permission.WRITE_MEDIA_STORAGE from package com.google.android.apps.photos (protectionLevel=18 flags=0x38d9be45)
06-22 10:27:10.533 I/FileApkMgr( 2060): Extracting modules completed
06-22 10:27:10.533 I/GmsApplication( 2060): Staging modules completed
06-22 10:27:10.533 I/GmsApplication( 2060): Updating config
06-22 10:27:10.534 E/ActivityThread( 2060): Failed to find provider info for com.google.android.gsf.gservices
06-22 10:27:10.537 W/FileUtils( 2060): Failed to set world readable: /data/user_de/0/com.google.android.gms/app_chimera/current_config.fb
06-22 10:27:10.537 E/ActivityThread( 2060): Failed to find provider info for com.google.android.gsf.gservices
06-22 10:27:10.539 W/PackageManager( 1916): Cannot whitelist unknown permission: com.android.launcher.permission.READ_SETTINGS
06-22 10:27:10.539 W/PackageManager( 1916): Cannot whitelist unknown permission: com.android.launcher.permission.WRITE_SETTINGS
06-22 10:27:10.541 I/OMXClient( 1916): IOmx service obtained
06-22 10:27:10.541 I/OMXMaster( 1768): makeComponentInstance(OMX.google.vorbis.decoder) in android.hardwar process
06-22 10:27:10.542 E/OMXNodeInstance( 1768): getConfig(0xf4919140:google.vorbis.decoder, ConfigAndroidVendorExtension(0x6f100004)) ERROR: Undefined(0x80001001)
06-22 10:27:10.556 I/.gms.persisten( 2060): Compiler allocated 5803KB to compile boolean cuf.a(cyl, boolean, caau, caau, int, java.util.List, java.io.File, cyh)
06-22 10:27:10.565 W/PackageManager( 1916): Cannot whitelist unknown permission: com.android.vending.setup.PLAY_SETUP_SERVICE
06-22 10:27:10.566 E/ChimeraCfgMgr( 2060): Failed to read module config: java.io.FileNotFoundException: /data/user_de/0/com.google.android.gms/app_chimera/current_config.fb: open failed: ENOENT (No such file or directory)
06-22 10:27:10.566 W/PackageManager( 1916): Cannot whitelist unknown permission: com.android.vending.setup.PLAY_SETUP_SERVICE
06-22 10:27:10.567 E/ActivityThread( 2060): Failed to find provider info for com.google.android.gsf.gservices
06-22 10:27:10.567 W/PackageManager( 1916): Cannot whitelist unknown permission: com.android.vending.setup.PLAY_SETUP_SERVICE
06-22 10:27:10.567 E/ActivityThread( 2060): Failed to find provider info for com.google.android.gsf.gservices
06-22 10:27:10.567 E/GservicesValue( 2060): Gservices key not whitelisted for directboot access: gms:chimera:dev_module_blacklist
06-22 10:27:10.568 W/PackageManager( 1916): Cannot whitelist unknown permission: com.android.vending.setup.PLAY_SETUP_SERVICE
06-22 10:27:10.570 E/ActivityThread( 2060): Failed to find provider info for com.google.android.gsf.gservices
06-22 10:27:10.573 I/GmsModuleFndr( 2060): Beginning GMS chimera module scan
06-22 10:27:10.576 E/ChimeraCfgMgr( 2060): Failed to read module config: java.io.FileNotFoundException: /data/user_de/0/com.google.android.gms/app_chimera/current_config.fb: open failed: ENOENT (No such file or directory)
06-22 10:27:10.578 I/ModuleSetMgr( 2060): Config file doesn't exist, writing blank config.
06-22 10:27:10.572 I/chatty  ( 2060): uid=10119 com.google.android.gms.persistent identical 2 lines
06-22 10:27:10.573 E/ActivityThread( 2060): Failed to find provider info for com.google.android.gsf.gservices
06-22 10:27:10.582 W/PackageManager( 1916): Cannot whitelist unknown permission: com.android.permission.CONNMO_SETTINGS
06-22 10:27:10.582 W/PackageManager( 1916): Cannot whitelist unknown permission: com.android.permission.DCMO_SETTINGS
06-22 10:27:10.583 W/PackageManager( 1916): Cannot whitelist unknown permission: com.android.permission.CONNMO_SETTINGS
06-22 10:27:10.583 W/PackageManager( 1916): Cannot whitelist unknown permission: com.android.permission.DCMO_SETTINGS
06-22 10:27:10.583 I/ModuleSetMgr( 2060): Computing pending module set with APKs: [[AdsFdrDynamite.integ:21460000000], [Cronetdynamite:202414040800], [Dynamiteloader:202414040800], [Dynamitemodulesa:202414040000], [Dynamitemodulesc:202414040000], [Googlecertificates:202414040000], [Mapsdynamite:202414040000], [Measurementdynamite:202414040000]]
06-22 10:27:10.584 E/ActivityThread( 2060): Failed to find provider info for com.google.android.gsf.gservices
06-22 10:27:10.587 I/chatty  ( 2060): uid=10119 com.google.android.gms.persistent identical 6 lines
06-22 10:27:10.588 E/ActivityThread( 2060): Failed to find provider info for com.google.android.gsf.gservices
06-22 10:27:10.590 W/PackageManager( 1916): Cannot whitelist unknown permission: com.android.permission.BIND_TELEPHONY_NETWORK_SERVICE
06-22 10:27:10.597 I/ModuleSetMgr( 2060): Pending container module APKs: []
06-22 10:27:10.597 I/ModuleSetMgr( 2060): Pending non-container module APKs: []
06-22 10:27:10.593 I/chatty  ( 1916): uid=1000(system) Binder:1916_6 identical 2 lines
06-22 10:27:10.595 W/PackageManager( 1916): Cannot whitelist unknown permission: com.android.permission.BIND_TELEPHONY_NETWORK_SERVICE
06-22 10:27:10.598 E/ActivityThread( 2060): Failed to find provider info for com.google.android.gsf.gservices
06-22 10:27:10.604 E/ChimeraCfgMgr( 2060): Failed to read module config: java.io.FileNotFoundException: /data/user_de/0/com.google.android.gms/app_chimera/current_config.fb: open failed: ENOENT (No such file or directory)
06-22 10:27:10.604 W/IntentOperation( 2060): Failed to get Chimera config:com.google.android.chimera.config.InvalidConfigException: java.io.FileNotFoundException: /data/user_de/0/com.google.android.gms/app_chimera/current_config.fb: open failed: ENOENT (No such file or directory)
06-22 10:27:10.636 I/chatty  ( 2060): uid=10119 com.google.android.gms.persistent identical 6 lines
06-22 10:27:10.637 E/ActivityThread( 2060): Failed to find provider info for com.google.android.gsf.gservices
06-22 10:27:10.638 W/PackageManager( 1916): Cannot whitelist unknown permission: com.google.restricted_assist_gesture.permission.RESTRICTED_ASSIST_GESTURE_PROVIDER
06-22 10:27:10.638 W/PackageManager( 1916): Cannot whitelist unknown permission: com.google.android.apps.dreamliner.permission.DREAMLINER_SERVICE
06-22 10:27:10.639 W/PackageManager( 1916): Cannot whitelist unknown permission: android.car.permission.CONTROL_CAR_CLIMATE
06-22 10:27:10.639 W/PackageManager( 1916): Cannot whitelist unknown permission: android.car.permission.CAR_DRIVING_STATE
06-22 10:27:10.639 W/PackageManager( 1916): Cannot whitelist unknown permission: android.car.permission.CAR_CONTROL_AUDIO_VOLUME
06-22 10:27:10.649 W/PackageManager( 1916): Cannot whitelist unknown permission: com.google.restricted_assist_gesture.permission.RESTRICTED_ASSIST_GESTURE_PROVIDER
06-22 10:27:10.649 W/PackageManager( 1916): Cannot whitelist unknown permission: com.google.android.apps.dreamliner.permission.DREAMLINER_SERVICE
06-22 10:27:10.649 W/PackageManager( 1916): Cannot whitelist unknown permission: android.car.permission.CONTROL_CAR_CLIMATE
06-22 10:27:10.649 W/PackageManager( 1916): Cannot whitelist unknown permission: android.car.permission.CAR_DRIVING_STATE
06-22 10:27:10.649 W/PackageManager( 1916): Cannot whitelist unknown permission: android.car.permission.CAR_CONTROL_AUDIO_VOLUME
06-22 10:27:10.652 W/PackageManager( 1916): Cannot whitelist unknown permission: com.google.android.gallery3d.permission.GALLERY_PROVIDER
06-22 10:27:10.652 W/PackageManager( 1916): Cannot whitelist unknown permission: com.android.gallery3d.permission.GALLERY_PROVIDER
06-22 10:27:10.653 W/PackageManager( 1916): Cannot whitelist unknown permission: com.google.android.gallery3d.permission.GALLERY_PROVIDER
06-22 10:27:10.653 W/PackageManager( 1916): Cannot whitelist unknown permission: com.android.gallery3d.permission.GALLERY_PROVIDER
06-22 10:27:10.653 W/PackageManager( 1916): Cannot whitelist unknown permission: com.google.android.gallery3d.permission.GALLERY_PROVIDER
06-22 10:27:10.653 W/PackageManager( 1916): Cannot whitelist unknown permission: com.android.gallery3d.permission.GALLERY_PROVIDER
06-22 10:27:10.654 W/PackageManager( 1916): Cannot whitelist unknown permission: com.google.android.gallery3d.permission.GALLERY_PROVIDER
06-22 10:27:10.654 W/PackageManager( 1916): Cannot whitelist unknown permission: com.android.gallery3d.permission.GALLERY_PROVIDER
06-22 10:27:10.656 W/PackageManager( 1916): Cannot whitelist unknown permission: com.google.android.gallery3d.permission.GALLERY_PROVIDER
06-22 10:27:10.656 W/PackageManager( 1916): Cannot whitelist unknown permission: com.android.gallery3d.permission.GALLERY_PROVIDER
06-22 10:27:10.656 W/PackageManager( 1916): Cannot whitelist unknown permission: com.google.android.gallery3d.permission.GALLERY_PROVIDER
06-22 10:27:10.656 W/PackageManager( 1916): Cannot whitelist unknown permission: com.android.gallery3d.permission.GALLERY_PROVIDER
06-22 10:27:10.657 W/PackageManager( 1916): Cannot whitelist unknown permission: com.google.android.gallery3d.permission.GALLERY_PROVIDER
06-22 10:27:10.657 W/PackageManager( 1916): Cannot whitelist unknown permission: com.android.gallery3d.permission.GALLERY_PROVIDER
06-22 10:27:10.663 W/PackageManager( 1916): Cannot whitelist unknown permission: com.android.vending.setup.PLAY_SETUP_SERVICE
06-22 10:27:10.791 I/RuntimePermissionsUpgradeController( 2098): Grandfathering SMS and CallLog permissions
06-22 10:27:10.811 I/RuntimePermissionsUpgradeController( 2098): Grandfathering location background permissions
06-22 10:27:10.813 I/RuntimePermissionsUpgradeController( 2098): Grandfathering Storage permissions
06-22 10:27:10.664 W/PackageManager( 1916): Cannot whitelist unknown permission: com.android.vending.setup.PLAY_SETUP_SERVICE
06-22 10:27:10.817 W/PackageManager( 1916): Cannot whitelist unknown permission: com.android.vending.BILLING
06-22 10:27:10.819 I/RuntimePermissionsUpgradeController( 2098): Not expanding location permissions as this is not an upgrade from Android P
06-22 10:27:10.822 D/vold    ( 1574): Remounting 10144 as mode default
06-22 10:27:10.824 D/vold    ( 1574): Remounting 10122 as mode default
06-22 10:27:10.825 D/vold    ( 1574): Remounting 10133 as mode write
06-22 10:27:10.826 D/vold    ( 1574): Remounting 10127 as mode write
06-22 10:27:10.826 D/vold    ( 1574): Remounting 10111 as mode default
06-22 10:27:10.827 D/vold    ( 1574): Remounting 10135 as mode write
06-22 10:27:10.828 D/vold    ( 1574): Remounting 10097 as mode default
06-22 10:27:10.828 D/vold    ( 1574): Remounting 10143 as mode default
06-22 10:27:10.830 D/vold    ( 1574): Remounting 10138 as mode default
06-22 10:27:10.832 D/vold    ( 1574): Remounting 10141 as mode write
06-22 10:27:10.841 D/vold    ( 1574): Remounting 10107 as mode default
06-22 10:27:10.842 D/vold    ( 1574): Remounting 10119 as mode write
06-22 10:27:10.842 D/vold    ( 1574): Found matching PID 2060
06-22 10:27:10.844 W/SystemServiceManager( 1916): Service com.android.server.policy.PermissionPolicyService took 870 ms in onBootPhase
06-22 10:27:10.844 D/SystemServerTiming( 1916): StartActivityManagerReadyPhase took to complete: 908ms
06-22 10:27:10.844 I/SystemServer( 1916): StartObservingNativeCrashes
06-22 10:27:10.845 D/SystemServerTiming( 1916): StartObservingNativeCrashes took to complete: 0ms
06-22 10:27:10.845 I/SystemServer( 1916): StartSystemUI
06-22 10:27:10.845 D/SystemServerInitThreadPool( 1916): Started executing WebViewFactoryPreparation
06-22 10:27:10.845 I/SystemServer( 1916): WebViewFactoryPreparation
06-22 10:27:10.845 I/WebViewUpdateServiceImpl( 1916): One-time migration: enabling com.google.android.webview
06-22 10:27:10.847 V/SystemUIService( 2070): Starting SystemUI services for user 0.
06-22 10:27:10.848 D/SystemServerTiming( 1916): StartSystemUI took to complete: 3ms
06-22 10:27:10.848 I/SystemServer( 1916): MakeNetworkManagementServiceReady
06-22 10:27:10.849 W/NetworkManagement( 1916): setDataSaverMode(): already false
06-22 10:27:10.850 I/netd    ( 1661): firewallSetFirewallType(1) <0.02ms>
06-22 10:27:10.851 D/SystemServerTimingAsync( 1916): WebViewFactoryPreparation took to complete: 7ms
06-22 10:27:10.851 D/SystemServerInitThreadPool( 1916): Finished executing WebViewFactoryPreparation
06-22 10:27:10.852 D/SystemServerTiming( 1916): MakeNetworkManagementServiceReady took to complete: 4ms
06-22 10:27:10.852 I/SystemServer( 1916): MakeIpSecServiceReady
06-22 10:27:10.853 I/netd    ( 1661): isAlive() -> {"true"} <0.02ms>
06-22 10:27:10.853 D/IpSecService( 1916): IpSecService is ready
06-22 10:27:10.853 D/SystemServerTiming( 1916): MakeIpSecServiceReady took to complete: 1ms
06-22 10:27:10.853 I/SystemServer( 1916): MakeNetworkStatsServiceReady
06-22 10:27:10.855 W/BestClock( 1916): java.time.DateTimeException: Missing NTP fix
06-22 10:27:10.856 D/SystemUIBootTiming( 2070): StartServicescom.android.systemui.Dependency$DependencyCreator took to complete: 9ms
06-22 10:27:10.857 W/NetworkPolicy( 1916): setRestrictBackgroundUL: already false
06-22 10:27:10.859 D/SystemUIBootTiming( 2070): StartServicescom.android.systemui.util.NotificationChannels took to complete: 3ms
06-22 10:27:10.867 D/SystemUIBootTiming( 2070): StartServicescom.android.systemui.statusbar.CommandQueue$CommandQueueStart took to complete: 7ms
06-22 10:27:10.881 D/vold    ( 1574): Remounting 10119 as mode write
06-22 10:27:10.882 D/vold    ( 1574): Found matching PID 2060
06-22 10:27:10.884 V/MediaRouter( 2070): Selecting route: RouteInfo{ name=Phone, description=null, status=null, category=RouteCategory{ name=System types=ROUTE_TYPE_LIVE_AUDIO ROUTE_TYPE_LIVE_VIDEO  groupable=false }, supportedTypes=ROUTE_TYPE_LIVE_AUDIO ROUTE_TYPE_LIVE_VIDEO , presentationDisplay=null }
06-22 10:27:10.890 I/netd    ( 1661): trafficSwapActiveStatsMap() <34.23ms>
06-22 10:27:10.891 I/netd    ( 1661): firewallReplaceUidChain("fw_standby", "false", []) -> {"true"} <31.90ms>
06-22 10:27:10.893 D/Zygote  ( 1663): Forked child process 2221
06-22 10:27:10.894 I/netd    ( 1661): tetherGetStats() <2.44ms>
06-22 10:27:10.894 I/ActivityManager( 1916): Start proc 2221:WebViewLoader-x86/1037 [android.webkit.WebViewLibraryLoader$RelroFileCreator] for null
06-22 10:27:10.896 W/WebViewLoader-( 2221): Unexpected CPU variant for X86 using defaults: x86_64
06-22 10:27:10.897 D/Zygote  ( 1662): Forked child process 2228
06-22 10:27:10.898 I/netd    ( 1661): bandwidthSetGlobalAlert(2097152) <0.48ms>
06-22 10:27:10.898 D/SystemServerTiming( 1916): MakeNetworkStatsServiceReady took to complete: 45ms
06-22 10:27:10.898 I/SystemServer( 1916): MakeConnectivityServiceReady
06-22 10:27:10.898 D/ConnectivityService( 1916): requestNetwork for uid/pid:1000/1916 NetworkRequest [ REQUEST id=6, [ Capabilities: INTERNET&NOT_RESTRICTED&TRUSTED&NOT_VPN] ]
06-22 10:27:10.899 W/BestClock( 1916): java.time.DateTimeException: Missing NTP fix
06-22 10:27:10.899 D/PermissionMonitor( 1916): Monitoring
06-22 10:27:10.899 I/netd    ( 1661): firewallEnableChildChain(2, "true") <0.02ms>
06-22 10:27:10.899 I/netd    ( 1661): socketDestroy([]) <0.12ms>
06-22 10:27:10.901 D/PermissionMonitor( 1916): Users: 1, Apps: 34
06-22 10:27:10.902 I/netd    ( 1661): networkSetPermissionForUser(1, [10145]) <0.01ms>
06-22 10:27:10.902 I/netd    ( 1661): networkSetPermissionForUser(2, [10112,10114,1027,10115,10055,10119,10120,10122,10123,10059,10126,10062,10127,10128,2000,10129,10132,10133,10135,10141,10142,10143,10082,1000,1001,1002,1073,10101,10104,10105,10107,10109,10111]) <0.02ms>
06-22 10:27:10.902 I/netd    ( 1661): trafficSetNetPermForUids(12, [1001,1002,1013,10055,10114,10119]) <0.02ms>
06-22 10:27:10.903 I/netd    ( 1661): trafficSetNetPermForUids(4, [1000,1027,1073,2000,10056,10060,10061,10062,10064,10082,10087,10089,10090,10091,10093,10094,10095,10097,10100,10101,10102,10104,10105,10107,10109,10111,10112,10117,10118,10120,10122,10126,10127,10128,10129,10130,10131,10132,10133,10135,10136,10137,10138,10139,10140,10141,10142,10143,10144,10145]) <0.05ms>
06-22 10:27:10.903 I/netd    ( 1661): trafficSetNetPermForUids(8, [1041,1047]) <0.02ms>
06-22 10:27:10.903 I/netd    ( 1661): trafficSetNetPermForUids(0, [1003,1063,1066,1067,1068,10000,10001,10002,10003,10004,10005,10006,10007,10008,10009,10010,10011,10012,10013,10014,10015,10016,10017,10018,10019,10020,10021,10022,10023,10024,10025,10026,10027,10028,10029,10030,10031,10032,10033,10034,10035,10036,10037,10038,10039,10040,10041,10042,10043,10044,10045,10046,10047,10048,10049,10050,10051,10052,10053,10054,10057,10058,10059,10063,10065,10066,10067,10068,10069,10070,10071,10072,10073,10074,10075,10076,10077,10078,10079,10080,10081,10083,10084,10085,10086,10088,10092,10096,10098,10099,10103,10106,10108,10110,10113,10115,10116,10121,10123,10125,10134]) <0.06ms>
06-22 10:27:10.903 D/SystemServerTiming( 1916): MakeConnectivityServiceReady took to complete: 5ms
06-22 10:27:10.903 I/SystemServer( 1916): MakeNetworkPolicyServiceReady
06-22 10:27:10.903 D/SystemServerTiming( 1916): MakeNetworkPolicyServiceReady took to complete: 0ms
06-22 10:27:10.903 I/SystemServer( 1916): PhaseThirdPartyAppsCanStart
06-22 10:27:10.903 I/SystemServiceManager( 1916): Starting phase 600
06-22 10:27:10.904 I/ExplicitHealthCheckController( 1916): Explicit health checks enabled.
06-22 10:27:10.904 I/PackageWatchdog( 1916): Syncing state, reason: health check state enabled
06-22 10:27:10.904 I/PackageWatchdog( 1916): Not pruning observers, elapsed time: 0ms
06-22 10:27:10.904 I/PackageWatchdog( 1916): Cancelling state sync, nothing to sync
06-22 10:27:10.904 W/ActivityManager( 1916): Slow operation: 53ms so far, now at startProcess: returned from zygote!
06-22 10:27:10.904 W/ActivityManager( 1916): Slow operation: 54ms so far, now at startProcess: done updating battery stats
06-22 10:27:10.904 W/ActivityManager( 1916): Slow operation: 54ms so far, now at startProcess: building log message
06-22 10:27:10.904 I/ActivityManager( 1916): Start proc 2228:WebViewLoader-x86_64/1037 [android.webkit.WebViewLibraryLoader$RelroFileCreator] for null
06-22 10:27:10.904 W/ActivityManager( 1916): Slow operation: 54ms so far, now at startProcess: starting to update pids map
06-22 10:27:10.906 I/PackageWatchdog( 1916): Saving observer state to file
06-22 10:27:10.906 W/ActivityManager( 1916): Slow operation: 55ms so far, now at startProcess: done updating pids map
06-22 10:27:10.907 V/WallpaperManagerService( 1916): bindWallpaperComponentLocked: componentName=null
06-22 10:27:10.907 V/WallpaperManagerService( 1916): No default component; using image wallpaper
06-22 10:27:10.921 W/WebViewLoader-( 2228): Unexpected CPU variant for X86 using defaults: x86_64
06-22 10:27:10.929 V/WebViewLibraryLoader( 2221): RelroFileCreator (64bit = false), package: com.google.android.webview library: libmonochrome.so
06-22 10:27:10.929 I/StatsCompanionService( 1916): Told statsd that StatsCompanionService is alive.
06-22 10:27:10.930 D/SystemServerTiming( 1916): PhaseThirdPartyAppsCanStart took to complete: 26ms
06-22 10:27:10.930 I/SystemServer( 1916): StartNetworkStack
06-22 10:27:10.931 I/WebViewLoader-( 2221): The ClassLoaderContext is a special shared library.
06-22 10:27:10.931 D/SystemServerTiming( 1916): StartNetworkStack took to complete: 1ms
06-22 10:27:10.931 I/SystemServer( 1916): MakeLocationServiceReady
06-22 10:27:10.932 I/WebViewLoader-( 2221): The ClassLoaderContext is a special shared library.
06-22 10:27:10.932 I/hwservicemanager( 1567): getTransport: Cannot find entry android.hardware.gnss@2.0::IGnss/default in either framework or device manifest.
