--------- beginning of main
06-22 10:26:58.120 W/auditd  ( 1565): type=2000 audit(0.0:1): state=initialized audit_enabled=0 res=1
06-22 10:27:01.830 I/auditd  ( 1565): type=1403 audit(0.0:2): policy loaded auid=4294967295 ses=4294967295
06-22 10:27:01.830 W/auditd  ( 1565): type=1404 audit(0.0:3): enforcing=1 old_enforcing=0 auid=4294967295 ses=4294967295
06-22 10:27:03.508 I/SELinux ( 1566): SELinux: Loaded service_contexts from:
06-22 10:27:03.508 I/SELinux ( 1566):     /system/etc/selinux/plat_service_contexts
06-22 10:27:03.536 I/SELinux ( 1568): SELinux: Loaded service_contexts from:
06-22 10:27:03.536 I/SELinux ( 1568):     /vendor/etc/selinux/vndservice_contexts
06-22 10:27:03.537 I/hwservicemanager( 1567): hwservicemanager is ready now.
--------- beginning of system
06-22 10:27:03.584 I/vold    ( 1574): Vold 3.0 (the awakening) firing up
06-22 10:27:03.585 D/vold    ( 1574): Detected support for: ext4 f2fs vfat
06-22 10:27:03.588 D/vold    ( 1574): Found unmanaged dm device named vendor
06-22 10:27:03.588 D/vold    ( 1574): Found unmanaged dm device named system
06-22 10:27:03.588 D/vold    ( 1574): Found unmanaged dm device named system-verity
06-22 10:27:03.588 W/vold    ( 1574): Failed to LOOP_GET_STATUS64 /dev/block/loop5: No such device or address
06-22 10:27:03.588 W/vold    ( 1574): Failed to LOOP_GET_STATUS64 /dev/block/loop7: No such device or address
06-22 10:27:03.588 W/vold    ( 1574): Failed to LOOP_GET_STATUS64 /dev/block/loop4: No such device or address
06-22 10:27:03.588 W/vold    ( 1574): Failed to LOOP_GET_STATUS64 /dev/block/loop1: No such device or address
06-22 10:27:03.588 W/vold    ( 1574): Failed to LOOP_GET_STATUS64 /dev/block/loop3: No such device or address
06-22 10:27:03.588 W/vold    ( 1574): Failed to LOOP_GET_STATUS64 /dev/block/loop0: No such device or address
06-22 10:27:03.588 W/vold    ( 1574): Failed to LOOP_GET_STATUS64 /dev/block/loop2: No such device or address
06-22 10:27:03.589 W/vold    ( 1574): Failed to LOOP_GET_STATUS64 /dev/block/loop6: No such device or address
06-22 10:27:03.589 I/vold    ( 1574): Skip mounting partition: /product
06-22 10:27:03.589 I/vold    ( 1574): Skip mounting partition: /product_services
06-22 10:27:03.589 D/vold    ( 1574): VoldNativeService::start() completed OK
06-22 10:27:03.875 I/android.hardware.keymaster@3.0-impl( 1628): Fetching keymaster device name default
06-22 10:27:03.875 I/android.hardware.keymaster@3.0-impl( 1628): Could not find any keystore module, using software-only implementation.
06-22 10:27:03.876 I/ServiceManagement( 1628): Registered android.hardware.keymaster@3.0::IKeymasterDevice/default (start delay of 25ms)
06-22 10:27:03.876 I/ServiceManagement( 1628): Removing namespace from process name android.hardware.keymaster@3.0-service to keymaster@3.0-service.
06-22 10:27:03.876 I/android.hardware.keymaster@3.0-service( 1628): Registration complete for android.hardware.keymaster@3.0::IKeymasterDevice/default.
06-22 10:27:03.886 I/vold    ( 1574): fscrypt_initialize_global_de
06-22 10:27:03.886 I/vold    ( 1574): Creating new key in /data/unencrypted/key
06-22 10:27:03.891 I/hwservicemanager( 1567): getTransport: Cannot find entry android.hardware.keymaster@4.0::IKeymasterDevice/default in either framework or device manifest.
06-22 10:27:03.891 I/vold    ( 1574): List of Keymaster HALs found:
06-22 10:27:03.891 I/vold    ( 1574): Keymaster HAL #1: SoftwareKeymasterDevice from Google SecurityLevel: SOFTWARE HAL: android.hardware.keymaster@3.0::IKeymasterDevice/default
06-22 10:27:03.891 I/vold    ( 1574): Using SoftwareKeymasterDevice from Google for encryption.  Security level: SOFTWARE, HAL: android.hardware.keymaster@3.0::IKeymasterDevice/default
06-22 10:27:03.891 D/vold    ( 1574): Creating key that doesn't need auth token
06-22 10:27:03.894 D/RefBase ( 1574): RefBase: Explicit destruction, weak count = 0 (in 0x797f4c41e1f0)
06-22 10:27:03.894 W/RefBase ( 1574): CallStack::getCurrentInternal not linked, returning null
06-22 10:27:03.894 W/RefBase ( 1574): CallStack::logStackInternal not linked
06-22 10:27:03.895 D/vold    ( 1574): Created key: /data/unencrypted/key
06-22 10:27:03.895 D/vold    ( 1574): Added key 22604467 (ext4:2882812f0bb07c52) to keyring 429116446 in process 1574
06-22 10:27:03.895 D/vold    ( 1574): Added key 5834895 (f2fs:2882812f0bb07c52) to keyring 429116446 in process 1574
06-22 10:27:03.895 D/vold    ( 1574): Added key 904077520 (fscrypt:2882812f0bb07c52) to keyring 429116446 in process 1574
06-22 10:27:03.898 I/vold    ( 1574): Wrote system DE key reference to:/data/unencrypted/ref
06-22 10:27:03.920 E/fsverity_init( 1634): Failed to load /product/etc/security/fsverity/*.der
06-22 10:27:03.923 E//system/bin/mini-keyctl( 1635): Cannot find keyring id
06-22 10:27:03.927 E/fsverity_init( 1636): Failed to restrict .fs-verity keyring
06-22 10:27:03.930 W/init    (    1): type=1400 audit(0.0:4): avc: denied { ioctl } for path="/data/misc" dev="vdc" ino=13 ioctlcmd=0x6615 scontext=u:r:init:s0 tcontext=u:object_r:unlabeled:s0 tclass=dir permissive=0
06-22 10:27:03.940 W/ls      ( 1638): type=1400 audit(0.0:5): avc: denied { getattr } for path="/data/misc" dev="vdc" ino=13 scontext=u:r:toolbox:s0 tcontext=u:object_r:unlabeled:s0 tclass=dir permissive=0
06-22 10:27:03.947 I/ls      (    1): ls: /data/misc: Permission denied
06-22 10:27:03.947 I/ls      (    1): ls terminated by exit(1)
06-22 10:27:03.951 I/apexd   ( 1637): Marking APEXd as starting
06-22 10:27:03.972 I/apexd   ( 1637): Scanning /system/apex for embedded keys
06-22 10:27:03.973 V/apexd   ( 1637): Found bundled key in package /system/apex/com.android.apex.cts.shim.apex
06-22 10:27:03.974 I/apexd   ( 1637): Scanning /product/apex for embedded keys
06-22 10:27:03.975 I/apexd   ( 1637): ... does not exist. Skipping
06-22 10:27:03.976 I/apexd   ( 1637): Populating APEX database from mounts...
06-22 10:27:03.979 E/apexd   ( 1637): Failed to walk /product/apex : Can't open /product/apex for reading : No such file or directory
06-22 10:27:03.984 I/apexd   ( 1637): Found "/apex/com.android.runtime@1"
06-22 10:27:03.987 I/apexd   ( 1637): Found "/apex/com.android.tzdata@290000000"
06-22 10:27:03.990 I/apexd   ( 1637): 2 packages restored.
06-22 10:27:03.993 I/apexd   ( 1637): Scanning /data/apex/sessions looking for sessions to be activated.
06-22 10:27:03.997 I/apexd   ( 1637): Scanning /data/apex/active looking for APEX packages.
06-22 10:27:04.000 I/apexd   ( 1637): Activated 0 packages. Skipped: 0
06-22 10:27:04.003 I/apexd   ( 1637): Scanning /system/apex looking for APEX packages.
06-22 10:27:04.006 I/apexd   ( 1637): Found /system/apex/com.android.resolv
06-22 10:27:04.009 V/apexd   ( 1637): Creating mount point: /apex/com.android.resolv@290000000
06-22 10:27:04.011 I/apexd   ( 1637): Successfully bind-mounted flattened package /system/apex/com.android.resolv on /apex/com.android.resolv@290000000
06-22 10:27:04.016 V/apexd   ( 1637): Creating bind-mount for /apex/com.android.resolv for /apex/com.android.resolv@290000000
06-22 10:27:04.018 V/apexd   ( 1637): Creating mountpoint /apex/com.android.resolv
06-22 10:27:04.018 V/apexd   ( 1637): Bind-mounting /apex/com.android.resolv@290000000 to /apex/com.android.resolv
06-22 10:27:04.020 D/apexd   ( 1637): Successfully activated /system/apex/com.android.resolv package_name: com.android.resolv version: 290000000
06-22 10:27:04.020 I/apexd   ( 1637): Found /system/apex/com.android.media.swcodec
06-22 10:27:04.022 V/apexd   ( 1637): Creating mount point: /apex/com.android.media.swcodec@290000000
06-22 10:27:04.023 I/apexd   ( 1637): Successfully bind-mounted flattened package /system/apex/com.android.media.swcodec on /apex/com.android.media.swcodec@290000000
06-22 10:27:04.028 V/apexd   ( 1637): Creating bind-mount for /apex/com.android.media.swcodec for /apex/com.android.media.swcodec@290000000
06-22 10:27:04.030 V/apexd   ( 1637): Creating mountpoint /apex/com.android.media.swcodec
06-22 10:27:04.030 V/apexd   ( 1637): Bind-mounting /apex/com.android.media.swcodec@290000000 to /apex/com.android.media.swcodec
06-22 10:27:04.032 D/apexd   ( 1637): Successfully activated /system/apex/com.android.media.swcodec package_name: com.android.media.swcodec version: 290000000
06-22 10:27:04.032 I/apexd   ( 1637): Found /system/apex/com.android.apex.cts.shim.apex
06-22 10:27:04.034 V/apexd   ( 1637): Found bundled key in package /system/apex/com.android.apex.cts.shim.apex
06-22 10:27:04.035 I/apexd   ( 1637): Skipping activation of non-flattened apex package /system/apex/com.android.apex.cts.shim.apex because device doesn't support it
06-22 10:27:04.041 I/apexd   ( 1637): Found /system/apex/com.android.conscrypt
06-22 10:27:04.044 V/apexd   ( 1637): Creating mount point: /apex/com.android.conscrypt@290000000
06-22 10:27:04.046 I/apexd   ( 1637): Successfully bind-mounted flattened package /system/apex/com.android.conscrypt on /apex/com.android.conscrypt@290000000
06-22 10:27:04.049 V/apexd   ( 1637): Creating bind-mount for /apex/com.android.conscrypt for /apex/com.android.conscrypt@290000000
06-22 10:27:04.051 V/apexd   ( 1637): Creating mountpoint /apex/com.android.conscrypt
06-22 10:27:04.053 V/apexd   ( 1637): Bind-mounting /apex/com.android.conscrypt@290000000 to /apex/com.android.conscrypt
06-22 10:27:04.053 D/apexd   ( 1637): Successfully activated /system/apex/com.android.conscrypt package_name: com.android.conscrypt version: 290000000
06-22 10:27:04.053 I/apexd   ( 1637): Found /system/apex/com.android.runtime.debug
06-22 10:27:04.054 I/apexd   ( 1637): Skipping activation of /system/apex/com.android.runtime.debug same package with higher version 1 is already active
06-22 10:27:04.059 I/apexd   ( 1637): Found /system/apex/com.android.tzdata
06-22 10:27:04.062 I/apexd   ( 1637): Skipping activation of /system/apex/com.android.tzdata same package with higher version 290000000 is already active
06-22 10:27:04.067 I/apexd   ( 1637): Found /system/apex/com.android.media
06-22 10:27:04.071 V/apexd   ( 1637): Creating mount point: /apex/com.android.media@290000000
06-22 10:27:04.072 I/apexd   ( 1637): Successfully bind-mounted flattened package /system/apex/com.android.media on /apex/com.android.media@290000000
06-22 10:27:04.077 V/apexd   ( 1637): Creating bind-mount for /apex/com.android.media for /apex/com.android.media@290000000
06-22 10:27:04.079 V/apexd   ( 1637): Creating mountpoint /apex/com.android.media
06-22 10:27:04.079 V/apexd   ( 1637): Bind-mounting /apex/com.android.media@290000000 to /apex/com.android.media
06-22 10:27:04.079 D/apexd   ( 1637): Successfully activated /system/apex/com.android.media package_name: com.android.media version: 290000000
06-22 10:27:04.079 I/apexd   ( 1637): Activated 4 packages. Skipped: 3
06-22 10:27:04.080 I/apexd   ( 1637): Scanning /product/apex looking for APEX packages.
06-22 10:27:04.083 E/apexd   ( 1637): Failed to activate packages from /product/apex : Failed to scan /product/apex : Can't open /product/apex for reading : No such file or directory
06-22 10:27:04.089 I/apexd   ( 1637): Marking APEXd as ready
06-22 10:27:04.144 D/vold    ( 1574): fscrypt_init_user0
06-22 10:27:04.144 D/vold    ( 1574): Preparing: /data/misc/vold/user_keys
06-22 10:27:04.144 D/vold    ( 1574): Preparing: /data/misc/vold/user_keys/ce
06-22 10:27:04.145 D/vold    ( 1574): Preparing: /data/misc/vold/user_keys/de
06-22 10:27:04.145 D/vold    ( 1574): Preparing: /data/misc/vold/user_keys/ce/0
06-22 10:27:04.145 D/vold    ( 1574): Skipping non-key .
06-22 10:27:04.145 D/vold    ( 1574): Skipping non-key ..
06-22 10:27:04.149 I/hwservicemanager( 1567): getTransport: Cannot find entry android.hardware.keymaster@4.0::IKeymasterDevice/default in either framework or device manifest.
06-22 10:27:04.150 I/vold    ( 1574): List of Keymaster HALs found:
06-22 10:27:04.150 I/vold    ( 1574): Keymaster HAL #1: SoftwareKeymasterDevice from Google SecurityLevel: SOFTWARE HAL: android.hardware.keymaster@3.0::IKeymasterDevice/default
06-22 10:27:04.150 I/vold    ( 1574): Using SoftwareKeymasterDevice from Google for encryption.  Security level: SOFTWARE, HAL: android.hardware.keymaster@3.0::IKeymasterDevice/default
06-22 10:27:04.150 D/vold    ( 1574): Creating key that doesn't need auth token
06-22 10:27:04.152 D/RefBase ( 1574): RefBase: Explicit destruction, weak count = 0 (in 0x797f4c41e170)
06-22 10:27:04.152 W/RefBase ( 1574): CallStack::getCurrentInternal not linked, returning null
06-22 10:27:04.152 W/RefBase ( 1574): CallStack::logStackInternal not linked
06-22 10:27:04.153 D/vold    ( 1574): Created key: /data/misc/vold/user_keys/ce/0/current
06-22 10:27:04.157 I/hwservicemanager( 1567): getTransport: Cannot find entry android.hardware.keymaster@4.0::IKeymasterDevice/default in either framework or device manifest.
06-22 10:27:04.158 I/vold    ( 1574): List of Keymaster HALs found:
06-22 10:27:04.158 I/vold    ( 1574): Keymaster HAL #1: SoftwareKeymasterDevice from Google SecurityLevel: SOFTWARE HAL: android.hardware.keymaster@3.0::IKeymasterDevice/default
06-22 10:27:04.158 I/vold    ( 1574): Using SoftwareKeymasterDevice from Google for encryption.  Security level: SOFTWARE, HAL: android.hardware.keymaster@3.0::IKeymasterDevice/default
06-22 10:27:04.158 D/vold    ( 1574): Creating key that doesn't need auth token
06-22 10:27:04.159 D/RefBase ( 1574): RefBase: Explicit destruction, weak count = 0 (in 0x797f4c41e1f0)
06-22 10:27:04.159 W/RefBase ( 1574): CallStack::getCurrentInternal not linked, returning null
06-22 10:27:04.159 W/RefBase ( 1574): CallStack::logStackInternal not linked
06-22 10:27:04.160 D/vold    ( 1574): Created key: /data/misc/vold/user_keys/de/0
06-22 10:27:04.160 D/vold    ( 1574): Added key 156056366 (ext4:3f3b6acb01db0354) to keyring 429116446 in process 1574
06-22 10:27:04.160 D/vold    ( 1574): Added key 211841302 (f2fs:3f3b6acb01db0354) to keyring 429116446 in process 1574
06-22 10:27:04.160 D/vold    ( 1574): Added key 661125494 (fscrypt:3f3b6acb01db0354) to keyring 429116446 in process 1574
06-22 10:27:04.161 D/vold    ( 1574): Added key 219435023 (ext4:de81c47373e577eb) to keyring 429116446 in process 1574
06-22 10:27:04.161 D/vold    ( 1574): Added key 368885110 (f2fs:de81c47373e577eb) to keyring 429116446 in process 1574
06-22 10:27:04.161 D/vold    ( 1574): Added key 257969407 (fscrypt:de81c47373e577eb) to keyring 429116446 in process 1574
06-22 10:27:04.161 D/vold    ( 1574): Created keys for user 0
06-22 10:27:04.161 D/vold    ( 1574): Skipping non-de-key .
06-22 10:27:04.161 D/vold    ( 1574): Skipping non-de-key ..
06-22 10:27:04.161 D/vold    ( 1574): fscrypt_prepare_user_storage for volume null, user 0, serial 0, flags 1
06-22 10:27:04.161 D/vold    ( 1574): Preparing: /data/system/users/0
06-22 10:27:04.161 D/vold    ( 1574): Preparing: /data/misc/profiles/cur/0
06-22 10:27:04.161 D/vold    ( 1574): Preparing: /data/system_de/0
06-22 10:27:04.161 D/vold    ( 1574): Preparing: /data/misc_de/0
06-22 10:27:04.161 D/vold    ( 1574): Preparing: /data/vendor_de/0
06-22 10:27:04.161 D/vold    ( 1574): Preparing: /data/user_de/0
06-22 10:27:04.161 I/vold    ( 1574): Policy for /data/system_de/0 set to 3f3b6acb01db0354 modes 1/4
06-22 10:27:04.161 I/vold    ( 1574): Policy for /data/misc_de/0 set to 3f3b6acb01db0354 modes 1/4
06-22 10:27:04.161 I/vold    ( 1574): Policy for /data/vendor_de/0 set to 3f3b6acb01db0354 modes 1/4
06-22 10:27:04.161 I/vold    ( 1574): Policy for /data/user_de/0 set to 3f3b6acb01db0354 modes 1/4
06-22 10:27:04.161 D/vold    ( 1574): /system/bin/vold_prepare_subdirs
06-22 10:27:04.161 D/vold    ( 1574):     prepare
06-22 10:27:04.161 D/vold    ( 1574):     
06-22 10:27:04.161 D/vold    ( 1574):     0
06-22 10:27:04.161 D/vold    ( 1574):     1
06-22 10:27:04.167 D/vold_prepare_subdirs( 1642): Setting up mode 700 uid 0 gid 0 context u:object_r:vold_data_file:s0 on path: /data/misc_de/0/vold
06-22 10:27:04.167 D/vold_prepare_subdirs( 1642): Setting up mode 700 uid 0 gid 0 context u:object_r:storaged_data_file:s0 on path: /data/misc_de/0/storaged
06-22 10:27:04.167 D/vold_prepare_subdirs( 1642): Setting up mode 700 uid 0 gid 0 context u:object_r:rollback_data_file:s0 on path: /data/misc_de/0/rollback
06-22 10:27:04.167 D/vold_prepare_subdirs( 1642): Setting up mode 700 uid 1000 gid 1000 context u:object_r:fingerprint_vendor_data_file:s0 on path: /data/vendor_de/0/fpdata
06-22 10:27:04.168 D/vold_prepare_subdirs( 1642): Setting up mode 700 uid 1000 gid 1000 context u:object_r:face_vendor_data_file:s0 on path: /data/vendor_de/0/facedata
06-22 10:27:04.191 I//system/bin/tzdatacheck( 1644): timezone distro dir /data/misc/zoneinfo/current does not exist. No action required.
06-22 10:27:04.224 I/art_apex( 1649): === ART pre-boot integrity checks ===
06-22 10:27:04.231 F/art_apex( 1652): Device is not fsverity-enabled.
06-22 10:27:04.266 W/otapreopt_slot( 1656): Slot property empty.
06-22 10:27:04.329 I//system/bin/flags_health_check( 1659): ServerConfigurableFlagsReset reset_mode value: 0
06-22 10:27:04.329 I//system/bin/flags_health_check( 1659): ServerConfigurableFlagsReset attempted boot count is under threshold, skipping reset.
06-22 10:27:04.395 I/netdClient( 1661): Skipping libnetd_client init since *we* are netd
06-22 10:27:04.405 I/bootstat( 1664): Service started: /system/bin/bootstat --set_system_boot_reason 
06-22 10:27:04.405 I/bootstat( 1664): Canonical boot reason: reboot
06-22 10:27:04.405 I/bootstat( 1664): Canonical boot reason: reboot
06-22 10:27:04.407 I/netd    ( 1661): netd 1.0 starting
06-22 10:27:04.421 I/Netd    ( 1661): Loaded resolver library from /apex/com.android.resolv/lib64/libnetd_resolv.so
06-22 10:27:04.445 I/ServiceManagement( 1678): Registered android.hidl.allocator@1.0::IAllocator/ashmem (start delay of 24ms)
06-22 10:27:04.445 I/ServiceManagement( 1678): Removing namespace from process name android.hidl.allocator@1.0-service to allocator@1.0-service.
06-22 10:27:04.457 I/health@2.0/( 1681): health@2.0/backup: Hal starting main loop...
06-22 10:27:04.458 I/health@2.0/( 1681): health@2.0/backup Hal is starting up...
06-22 10:27:04.458 I/hwservicemanager( 1567): getTransport: Cannot find entry android.hardware.health@1.0::IHealth/default in either framework or device manifest.
06-22 10:27:04.458 I/ServiceManagement( 1681): Registered android.hardware.health@2.0::IHealth/backup (start delay of 38ms)
06-22 10:27:04.458 I/health@2.0/( 1681): health@2.0/backup: Hal init done
06-22 10:27:04.476 I/ServiceManagement( 1679): Registered android.system.suspend@1.0::ISystemSuspend/default (start delay of 55ms)
06-22 10:27:04.476 I/ServiceManagement( 1679): Removing namespace from process name android.system.suspend@1.0-service to suspend@1.0-service.
06-22 10:27:04.484 I/ServiceManagement( 1683): Registered android.hardware.broadcastradio@1.1::IBroadcastRadioFactory/default (start delay of 43ms)
06-22 10:27:04.484 I/ServiceManagement( 1683): Removing namespace from process name android.hardware.broadcastradio@1.1-service to broadcastradio@1.1-service.
06-22 10:27:04.503 W//vendor/bin/hw/android.hardware.configstore@1.1-service( 1686): Could not find seccomp policy file at: /vendor/etc/seccomp_policy/configstore@1.1.policy
06-22 10:27:04.504 I/ServiceManagement( 1686): Registered android.hardware.configstore@1.1::ISurfaceFlingerConfigs/default (start delay of 53ms)
06-22 10:27:04.504 I/ServiceManagement( 1686): Removing namespace from process name android.hardware.configstore@1.1-service to configstore@1.1-service.
06-22 10:27:04.578 I/qemu-props( 1715): connected to 'boot-properties' qemud service.
06-22 10:27:04.578 I/qemu-props( 1715): receiving..
06-22 10:27:04.578 I/qemu-props( 1715): received: qemu.cmdline=androidboot.logcat=*:V androidboot.consolepipe=qemu_pipe,pipe:logcat
06-22 10:27:04.583 I/ServiceManagement( 1688): Registered android.hardware.drm@1.2::IDrmFactory/clearkey (start delay of 112ms)
06-22 10:27:04.583 I/ServiceManagement( 1688): Removing namespace from process name android.hardware.drm@1.2-service.clearkey to drm@1.2-service.clearkey.
06-22 10:27:04.583 I/ServiceManagement( 1688): Registered android.hardware.drm@1.2::ICryptoFactory/clearkey (start delay of 112ms)
06-22 10:27:04.583 I/ServiceManagement( 1688): Removing namespace from process name android.hardware.drm@1.2-service.clearkey to drm@1.2-service.clearkey.
06-22 10:27:04.608 I/qemu-props( 1715): successfully set property 'qemu.cmdline' to 'androidboot.logcat=*:V androidboot.consolepipe=qemu_pipe,pipe:logcat'
06-22 10:27:04.608 I/qemu-props( 1715): receiving..
06-22 10:27:04.608 I/qemu-props( 1715): received: qemu.logcat=start
06-22 10:27:04.614 E/GoldfishGatekeeper( 1695): called goldfish_gatekeeper_open with gate keeper 0x70fdfac09050 device 0x70fdfab3b000
06-22 10:27:04.615 I/ServiceManagement( 1695): Registered android.hardware.gatekeeper@1.0::IGatekeeper/default (start delay of 134ms)
06-22 10:27:04.615 I/ServiceManagement( 1695): Removing namespace from process name android.hardware.gatekeeper@1.0-service to gatekeeper@1.0-service.
06-22 10:27:04.615 I/android.hardware.gatekeeper@1.0-service( 1695): Registration complete for android.hardware.gatekeeper@1.0::IGatekeeper/default.
06-22 10:27:04.623 I/qemu-props( 1715): successfully set property 'vendor.qemu.logcat' to 'start'
06-22 10:27:04.623 I/qemu-props( 1715): receiving..
06-22 10:27:04.623 I/qemu-props( 1715): received: ro.opengles.version=196608
06-22 10:27:04.623 I/qemu-props( 1715): receiving..
06-22 10:27:04.623 I/qemu-props( 1715): received: qemu.sf.fake_camera=none
06-22 10:27:04.630 I/qemu-props( 1715): successfully set property 'vendor.qemu.sf.fake_camera' to 'none'
06-22 10:27:04.630 I/qemu-props( 1715): receiving..
06-22 10:27:04.631 I/qemu-props( 1715): received: dalvik.vm.heapsize=512m
06-22 10:27:04.631 I/qemu-props( 1715): receiving..
06-22 10:27:04.631 I/qemu-props( 1715): received: qemu.hw.mainkeys=1
06-22 10:27:04.631 I/qemu-props( 1715): successfully set property 'qemu.hw.mainkeys' to '1'
06-22 10:27:04.631 I/qemu-props( 1715): receiving..
06-22 10:27:04.631 I/qemu-props( 1715): received: qemu.sf.lcd_density=160
06-22 10:27:04.633 I/qemu-props( 1715): successfully set property 'vendor.qemu.sf.lcd_density' to '160'
06-22 10:27:04.633 I/qemu-props( 1715): receiving..
06-22 10:27:04.633 I/qemu-props( 1715): received: qemu.timezone=Etc/UTC
06-22 10:27:04.633 I/qemu-props( 1715): successfully set property 'vendor.qemu.timezone' to 'Etc/UTC'
06-22 10:27:04.633 I/qemu-props( 1715): receiving..
06-22 10:27:04.643 I/health@2.0/( 1708): health@2.0/default: Hal starting main loop...
06-22 10:27:04.643 I/health@2.0/( 1708): health@2.0/default Hal is starting up...
06-22 10:27:04.644 I/ServiceManagement( 1708): Registered android.hardware.health@2.0::IHealth/default (start delay of 123ms)
06-22 10:27:04.644 I/ServiceManagement( 1708): Removing namespace from process name android.hardware.health@2.0-service.goldfish to health@2.0-service.goldfish.
06-22 10:27:04.644 I/health@2.0/( 1708): health@2.0/default: Hal init done
06-22 10:27:04.654 I/android.hardware.thermal@2.0-service-mock( 1711): Thermal HAL Service Mock 2.0 starting...
06-22 10:27:04.654 I/ServiceManagement( 1711): Registered android.hardware.thermal@2.0::IThermal/default (start delay of 124ms)
06-22 10:27:04.655 I/ServiceManagement( 1711): Removing namespace from process name android.hardware.thermal@2.0-service.mock to thermal@2.0-service.mock.
06-22 10:27:04.655 I/android.hardware.thermal@2.0-service-mock( 1711): Thermal Service started successfully.
06-22 10:27:04.659 I/android.hardware.power@1.1-service.ranchu( 1709): Power HAL Service 1.1 for Ranchu is starting.
06-22 10:27:04.660 I/ServiceManagement( 1709): Registered android.hardware.power@1.1::IPower/default (start delay of 139ms)
06-22 10:27:04.660 I/ServiceManagement( 1709): Removing namespace from process name android.hardware.power@1.1-service.ranchu to power@1.1-service.ranchu.
06-22 10:27:04.660 I/android.hardware.power@1.1-service.ranchu( 1709): Power Service is ready
06-22 10:27:04.669 D/HostConnection( 1706): createUnique: call
06-22 10:27:04.669 D/HostConnection( 1706): HostConnection::get() New Host Connection established 0x76fee781c0a0, tid 1706
06-22 10:27:04.670 I/ServiceManagement( 1706): Registered android.hardware.graphics.allocator@2.0::IAllocator/default (start delay of 159ms)
06-22 10:27:04.670 I/ServiceManagement( 1706): Removing namespace from process name android.hardware.graphics.allocator@2.0-service to allocator@2.0-service.
06-22 10:27:04.670 I/android.hardware.graphics.allocator@2.0-service( 1706): Registration complete for android.hardware.graphics.allocator@2.0::IAllocator/default.
06-22 10:27:04.690 I/ServiceManagement( 1710): Registered android.hardware.sensors@1.0::ISensors/default (start delay of 169ms)
06-22 10:27:04.690 I/ServiceManagement( 1710): Removing namespace from process name android.hardware.sensors@1.0-service to sensors@1.0-service.
06-22 10:27:04.690 I/android.hardware.sensors@1.0-service( 1710): Registration complete for android.hardware.sensors@1.0::ISensors/default.
06-22 10:27:04.702 I/lowmemorykiller( 1723): Using psi monitors for memory pressure detection
06-22 10:27:04.726 I/ServiceManagement( 1696): Registered android.hardware.gnss@1.0::IGnss/default (start delay of 235ms)
06-22 10:27:04.726 I/ServiceManagement( 1696): Removing namespace from process name android.hardware.gnss@1.0-service to gnss@1.0-service.
06-22 10:27:04.726 I/android.hardware.gnss@1.0-service( 1696): Registration complete for android.hardware.gnss@1.0::IGnss/default.
06-22 10:27:04.760 D/HostConnection( 1707): createUnique: call
06-22 10:27:04.760 D/HostConnection( 1707): HostConnection::get() New Host Connection established 0x7238ad021140, tid 1707
06-22 10:27:04.766 D/HostConnection( 1707): HostComposition ext ANDROID_EMU_CHECKSUM_HELPER_v1 ANDROID_EMU_native_sync_v2 ANDROID_EMU_dma_v1 ANDROID_EMU_direct_mem ANDROID_EMU_host_composition_v1 ANDROID_EMU_host_composition_v2 ANDROID_EMU_vulkan ANDROID_EMU_deferred_vulkan_commands ANDROID_EMU_vulkan_null_optional_strings ANDROID_EMU_vulkan_create_resources_with_requirements ANDROID_EMU_YUV_Cache ANDROID_EMU_vulkan_ignored_handles ANDROID_EMU_vulkan_free_memory_sync ANDROID_EMU_vulkan_shader_float16_int8 ANDROID_EMU_vulkan_async_queue_submit ANDROID_EMU_sync_buffer_data ANDROID_EMU_vulkan_async_qsri ANDROID_EMU_hwc_color_transform GL_OES_EGL_image_external_essl3 GL_OES_vertex_array_object GL_KHR_texture_compression_astc_ldr ANDROID_EMU_host_side_tracing ANDROID_EMU_gles_max_version_3_0 
06-22 10:27:04.767 I/hwservicemanager( 1567): getTransport: Cannot find entry android.hardware.graphics.mapper@3.0::IMapper/default in either framework or device manifest.
06-22 10:27:04.767 W/Gralloc3( 1707): mapper 3.x is not supported
06-22 10:27:04.768 I/hwservicemanager( 1567): getTransport: Cannot find entry android.hardware.graphics.allocator@3.0::IAllocator/default in either framework or device manifest.
06-22 10:27:04.768 W/Gralloc3( 1707): allocator 3.x is not supported
06-22 10:27:04.770 D/HostConnection( 1706): HostComposition ext ANDROID_EMU_CHECKSUM_HELPER_v1 ANDROID_EMU_native_sync_v2 ANDROID_EMU_dma_v1 ANDROID_EMU_direct_mem ANDROID_EMU_host_composition_v1 ANDROID_EMU_host_composition_v2 ANDROID_EMU_vulkan ANDROID_EMU_deferred_vulkan_commands ANDROID_EMU_vulkan_null_optional_strings ANDROID_EMU_vulkan_create_resources_with_requirements ANDROID_EMU_YUV_Cache ANDROID_EMU_vulkan_ignored_handles ANDROID_EMU_vulkan_free_memory_sync ANDROID_EMU_vulkan_shader_float16_int8 ANDROID_EMU_vulkan_async_queue_submit ANDROID_EMU_sync_buffer_data ANDROID_EMU_vulkan_async_qsri ANDROID_EMU_hwc_color_transform GL_OES_EGL_image_external_essl3 GL_OES_vertex_array_object GL_KHR_texture_compression_astc_ldr ANDROID_EMU_host_side_tracing ANDROID_EMU_gles_max_version_3_0 
06-22 10:27:04.770 D/gralloc_ranchu( 1706): gralloc_alloc: Creating ashmem region of size 823296
06-22 10:27:04.771 D/eglCodecCommon( 1706): allocate: Ask for block of size 0x1000
06-22 10:27:04.771 D/eglCodecCommon( 1706): allocate: ioctl allocate returned offset 0x3ffffe000 size 0x2000
06-22 10:27:04.771 D/HostConnection( 1707): createUnique: call
06-22 10:27:04.772 D/HostConnection( 1707): HostConnection::get() New Host Connection established 0x7238ad0213c0, tid 1707
06-22 10:27:04.772 D/HostConnection( 1707): HostComposition ext ANDROID_EMU_CHECKSUM_HELPER_v1 ANDROID_EMU_native_sync_v2 ANDROID_EMU_dma_v1 ANDROID_EMU_direct_mem ANDROID_EMU_host_composition_v1 ANDROID_EMU_host_composition_v2 ANDROID_EMU_vulkan ANDROID_EMU_deferred_vulkan_commands ANDROID_EMU_vulkan_null_optional_strings ANDROID_EMU_vulkan_create_resources_with_requirements ANDROID_EMU_YUV_Cache ANDROID_EMU_vulkan_ignored_handles ANDROID_EMU_vulkan_free_memory_sync ANDROID_EMU_vulkan_shader_float16_int8 ANDROID_EMU_vulkan_async_queue_submit ANDROID_EMU_sync_buffer_data ANDROID_EMU_vulkan_async_qsri ANDROID_EMU_hwc_color_transform GL_OES_EGL_image_external_essl3 GL_OES_vertex_array_object GL_KHR_texture_compression_astc_ldr ANDROID_EMU_host_side_tracing ANDROID_EMU_gles_max_version_3_0 
06-22 10:27:04.772 D/eglCodecCommon( 1707): allocate: Ask for block of size 0x1000
06-22 10:27:04.772 D/eglCodecCommon( 1707): allocate: ioctl allocate returned offset 0x3ffffc000 size 0x2000
06-22 10:27:04.773 I/ServiceManagement( 1707): Registered android.hardware.graphics.composer@2.1::IComposer/default (start delay of 252ms)
06-22 10:27:04.773 I/ServiceManagement( 1707): Removing namespace from process name android.hardware.graphics.composer@2.1-service to composer@2.1-service.
06-22 10:27:04.773 I/android.hardware.graphics.composer@2.1-service( 1707): Registration complete for android.hardware.graphics.composer@2.1::IComposer/default.
06-22 10:27:04.817 I/android.hardware.camera.provider@2.4-service( 1684): CameraProvider@2.4 legacy service is starting.
06-22 10:27:04.818 I/ServiceManagement( 1685): Registered android.hardware.cas@1.1::IMediaCasService/default (start delay of 367ms)
06-22 10:27:04.818 I/ServiceManagement( 1685): Removing namespace from process name android.hardware.cas@1.1-service to cas@1.1-service.
06-22 10:27:04.842 I/perfetto( 1745): probes.cc:56 Starting /system/bin/traced_probes service
06-22 10:27:04.854 I/ServiceManagement( 1692): Registered android.hardware.drm@1.2::IDrmFactory/widevine (start delay of 373ms)
06-22 10:27:04.855 I/ServiceManagement( 1692): Removing namespace from process name android.hardware.drm@1.2-service.widevine to drm@1.2-service.widevine.
06-22 10:27:04.855 I/ServiceManagement( 1692): Registered android.hardware.drm@1.2::ICryptoFactory/widevine (start delay of 374ms)
06-22 10:27:04.855 I/ServiceManagement( 1692): Removing namespace from process name android.hardware.drm@1.2-service.widevine to drm@1.2-service.widevine.
06-22 10:27:04.858 D/LibBpfLoader( 1748): Loading ELF object /system/etc/bpf/clatd.o with license Apache 2.0
06-22 10:27:04.858 D/LibBpfLoader( 1748): Loaded code section 3 (schedcls_ingress_clat_ether)
06-22 10:27:04.858 D/LibBpfLoader( 1748): Loaded relo section 3 (.relschedcls/ingress/clat_ether)
06-22 10:27:04.858 D/LibBpfLoader( 1748): Adding section 3 to cs list
06-22 10:27:04.858 D/LibBpfLoader( 1748): Loaded code section 5 (schedcls_ingress_clat_rawip)
06-22 10:27:04.858 D/LibBpfLoader( 1748): Loaded relo section 5 (.relschedcls/ingress/clat_rawip)
06-22 10:27:04.858 D/LibBpfLoader( 1748): Adding section 5 to cs list
06-22 10:27:04.859 D/LibBpfLoader( 1748): bpf_create_map name clat_ingress_map, ret: 6
06-22 10:27:04.859 D/LibBpfLoader( 1748): map_fd found at 0 is 6 in /system/etc/bpf/clatd.o
06-22 10:27:04.859 D/LibBpfLoader( 1748): applying relo to instruction at byte offset: 400, 	       insn offset 50 , insn 118
06-22 10:27:04.859 D/LibBpfLoader( 1748): applying relo to instruction at byte offset: 360, 	       insn offset 45 , insn 118
06-22 10:27:04.859 D/LibBpfLoader( 1748): New bpf core prog_load for /system/etc/bpf/clatd.o (schedcls_ingress_clat_ether) returned: 7
06-22 10:27:04.860 D/LibBpfLoader( 1748): New bpf core prog_load for /system/etc/bpf/clatd.o (schedcls_ingress_clat_rawip) returned: 8
06-22 10:27:04.860 I/bpfloader( 1748): Attempted load object: /system/etc/bpf/clatd.o, ret: Success
06-22 10:27:04.863 I/installd( 1756): installd firing up
06-22 10:27:04.863 E/cutils  ( 1756): Failed to read /data/.layout_version: No such file or directory
06-22 10:27:04.863 D/installd( 1756): Assuming that device has multi-user storage layout; upgrade no longer supported
06-22 10:27:04.863 D/installd( 1756): Upgrading to /data/misc/user directories
06-22 10:27:04.876 D/LibBpfLoader( 1748): Loading ELF object /system/etc/bpf/netd.o with license Apache 2.0
06-22 10:27:04.876 D/LibBpfLoader( 1748): Loaded code section 3 (cgroupskb_ingress_stats)
06-22 10:27:04.876 D/LibBpfLoader( 1748): Loaded relo section 3 (.relcgroupskb/ingress/stats)
06-22 10:27:04.876 D/LibBpfLoader( 1748): Adding section 3 to cs list
06-22 10:27:04.876 D/LibBpfLoader( 1748): Loaded code section 5 (cgroupskb_egress_stats)
06-22 10:27:04.876 D/LibBpfLoader( 1748): Loaded relo section 5 (.relcgroupskb/egress/stats)
06-22 10:27:04.876 D/LibBpfLoader( 1748): Adding section 5 to cs list
06-22 10:27:04.876 D/LibBpfLoader( 1748): Loaded code section 7 (skfilter_egress_xtbpf)
06-22 10:27:04.876 D/LibBpfLoader( 1748): Loaded relo section 7 (.relskfilter/egress/xtbpf)
06-22 10:27:04.876 D/LibBpfLoader( 1748): Adding section 7 to cs list
06-22 10:27:04.876 D/LibBpfLoader( 1748): Loaded code section 9 (skfilter_ingress_xtbpf)
06-22 10:27:04.876 D/LibBpfLoader( 1748): Loaded relo section 9 (.relskfilter/ingress/xtbpf)
06-22 10:27:04.876 D/LibBpfLoader( 1748): Adding section 9 to cs list
06-22 10:27:04.876 D/LibBpfLoader( 1748): Loaded code section 11 (skfilter_whitelist_xtbpf)
06-22 10:27:04.876 D/LibBpfLoader( 1748): Loaded relo section 11 (.relskfilter/whitelist/xtbpf)
06-22 10:27:04.876 D/LibBpfLoader( 1748): Adding section 11 to cs list
06-22 10:27:04.876 D/LibBpfLoader( 1748): Loaded code section 13 (skfilter_blacklist_xtbpf)
06-22 10:27:04.876 D/LibBpfLoader( 1748): Loaded relo section 13 (.relskfilter/blacklist/xtbpf)
06-22 10:27:04.876 D/LibBpfLoader( 1748): Adding section 13 to cs list
06-22 10:27:04.876 D/LibBpfLoader( 1748): Loaded code section 15 (cgroupsock_inet_create)
06-22 10:27:04.876 D/LibBpfLoader( 1748): Loaded relo section 15 (.relcgroupsock/inet/create)
06-22 10:27:04.876 D/LibBpfLoader( 1748): Adding section 15 to cs list
06-22 10:27:04.876 D/LibBpfLoader( 1748): bpf_create_map name cookie_tag_map, ret: 9
06-22 10:27:04.877 D/LibBpfLoader( 1748): bpf_create_map name uid_counterset_map, ret: 10
06-22 10:27:04.877 D/LibBpfLoader( 1748): bpf_create_map name app_uid_stats_map, ret: 11
06-22 10:27:04.877 D/LibBpfLoader( 1748): bpf_create_map name stats_map_A, ret: 12
06-22 10:27:04.877 D/LibBpfLoader( 1748): bpf_create_map name stats_map_B, ret: 13
06-22 10:27:04.877 D/LibBpfLoader( 1748): bpf_create_map name iface_stats_map, ret: 14
06-22 10:27:04.877 D/LibBpfLoader( 1748): bpf_create_map name configuration_map, ret: 15
06-22 10:27:04.877 D/LibBpfLoader( 1748): bpf_create_map name uid_owner_map, ret: 16
06-22 10:27:04.877 D/LibBpfLoader( 1748): bpf_create_map name iface_index_name_map, ret: 17
06-22 10:27:04.877 D/LibBpfLoader( 1748): bpf_create_map name uid_permission_map, ret: 18
06-22 10:27:04.878 D/LibBpfLoader( 1748): map_fd found at 0 is 9 in /system/etc/bpf/netd.o
06-22 10:27:04.878 D/LibBpfLoader( 1748): map_fd found at 1 is 10 in /system/etc/bpf/netd.o
06-22 10:27:04.878 D/LibBpfLoader( 1748): map_fd found at 2 is 11 in /system/etc/bpf/netd.o
06-22 10:27:04.878 D/LibBpfLoader( 1748): map_fd found at 3 is 12 in /system/etc/bpf/netd.o
06-22 10:27:04.878 D/LibBpfLoader( 1748): map_fd found at 4 is 13 in /system/etc/bpf/netd.o
06-22 10:27:04.878 D/LibBpfLoader( 1748): map_fd found at 5 is 14 in /system/etc/bpf/netd.o
06-22 10:27:04.878 D/LibBpfLoader( 1748): map_fd found at 6 is 15 in /system/etc/bpf/netd.o
06-22 10:27:04.878 D/LibBpfLoader( 1748): map_fd found at 7 is 16 in /system/etc/bpf/netd.o
06-22 10:27:04.878 D/LibBpfLoader( 1748): map_fd found at 8 is 17 in /system/etc/bpf/netd.o
06-22 10:27:04.878 D/LibBpfLoader( 1748): map_fd found at 9 is 18 in /system/etc/bpf/netd.o
06-22 10:27:04.878 D/LibBpfLoader( 1748): applying relo to instruction at byte offset: 616, 	       insn offset 77 , insn 118
06-22 10:27:04.878 D/LibBpfLoader( 1748): applying relo to instruction at byte offset: 688, 	       insn offset 86 , insn 118
06-22 10:27:04.878 D/LibBpfLoader( 1748): applying relo to instruction at byte offset: 1040, 	       insn offset 130 , insn 118
06-22 10:27:04.878 D/LibBpfLoader( 1748): applying relo to instruction at byte offset: 1184, 	       insn offset 148 , insn 118
06-22 10:27:04.878 D/LibBpfLoader( 1748): applying relo to instruction at byte offset: 1264, 	       insn offset 158 , insn 118
06-22 10:27:04.878 D/LibBpfLoader( 1748): applying relo to instruction at byte offset: 1368, 	       insn offset 171 , insn 118
06-22 10:27:04.878 D/LibBpfLoader( 1748): applying relo to instruction at byte offset: 1472, 	       insn offset 184 , insn 118
06-22 10:27:04.878 D/LibBpfLoader( 1748): applying relo to instruction at byte offset: 1512, 	       insn offset 189 , insn 118
06-22 10:27:04.878 D/LibBpfLoader( 1748): applying relo to instruction at byte offset: 1576, 	       insn offset 197 , insn 118
06-22 10:27:04.878 D/LibBpfLoader( 1748): applying relo to instruction at byte offset: 1680, 	       insn offset 210 , insn 118
06-22 10:27:04.878 D/LibBpfLoader( 1748): applying relo to instruction at byte offset: 1720, 	       insn offset 215 , insn 118
06-22 10:27:04.878 D/LibBpfLoader( 1748): applying relo to instruction at byte offset: 1848, 	       insn offset 231 , insn 118
06-22 10:27:04.878 D/LibBpfLoader( 1748): applying relo to instruction at byte offset: 1952, 	       insn offset 244 , insn 118
06-22 10:27:04.878 D/LibBpfLoader( 1748): applying relo to instruction at byte offset: 1992, 	       insn offset 249 , insn 118
06-22 10:27:04.878 D/LibBpfLoader( 1748): applying relo to instruction at byte offset: 2056, 	       insn offset 257 , insn 118
06-22 10:27:04.878 D/LibBpfLoader( 1748): applying relo to instruction at byte offset: 2160, 	       insn offset 270 , insn 118
06-22 10:27:04.878 D/LibBpfLoader( 1748): applying relo to instruction at byte offset: 2200, 	       insn offset 275 , insn 118
06-22 10:27:04.878 D/LibBpfLoader( 1748): applying relo to instruction at byte offset: 2288, 	       insn offset 286 , insn 118
06-22 10:27:04.878 D/LibBpfLoader( 1748): applying relo to instruction at byte offset: 2392, 	       insn offset 299 , insn 118
06-22 10:27:04.878 D/LibBpfLoader( 1748): applying relo to instruction at byte offset: 2432, 	       insn offset 304 , insn 118
06-22 10:27:04.878 D/LibBpfLoader( 1748): applying relo to instruction at byte offset: 608, 	       insn offset 76 , insn 118
06-22 10:27:04.878 D/LibBpfLoader( 1748): applying relo to instruction at byte offset: 680, 	       insn offset 85 , insn 118
06-22 10:27:04.878 D/LibBpfLoader( 1748): applying relo to instruction at byte offset: 904, 	       insn offset 113 , insn 118
06-22 10:27:04.878 D/LibBpfLoader( 1748): applying relo to instruction at byte offset: 1048, 	       insn offset 131 , insn 118
06-22 10:27:04.878 D/LibBpfLoader( 1748): applying relo to instruction at byte offset: 1128, 	       insn offset 141 , insn 118
06-22 10:27:04.878 D/LibBpfLoader( 1748): applying relo to instruction at byte offset: 1232, 	       insn offset 154 , insn 118
06-22 10:27:04.878 D/LibBpfLoader( 1748): applying relo to instruction at byte offset: 1336, 	       insn offset 167 , insn 118
06-22 10:27:04.878 D/LibBpfLoader( 1748): applying relo to instruction at byte offset: 1376, 	       insn offset 172 , insn 118
06-22 10:27:04.878 D/LibBpfLoader( 1748): applying relo to instruction at byte offset: 1440, 	       insn offset 180 , insn 118
06-22 10:27:04.878 D/LibBpfLoader( 1748): applying relo to instruction at byte offset: 1544, 	       insn offset 193 , insn 118
06-22 10:27:04.878 D/LibBpfLoader( 1748): applying relo to instruction at byte offset: 1584, 	       insn offset 198 , insn 118
06-22 10:27:04.879 D/LibBpfLoader( 1748): applying relo to instruction at byte offset: 1712, 	       insn offset 214 , insn 118
06-22 10:27:04.879 D/LibBpfLoader( 1748): applying relo to instruction at byte offset: 1816, 	       insn offset 227 , insn 118
06-22 10:27:04.879 D/LibBpfLoader( 1748): applying relo to instruction at byte offset: 1856, 	       insn offset 232 , insn 118
06-22 10:27:04.879 D/LibBpfLoader( 1748): applying relo to instruction at byte offset: 1920, 	       insn offset 240 , insn 118
06-22 10:27:04.879 D/LibBpfLoader( 1748): applying relo to instruction at byte offset: 2024, 	       insn offset 253 , insn 118
06-22 10:27:04.879 D/LibBpfLoader( 1748): applying relo to instruction at byte offset: 2064, 	       insn offset 258 , insn 118
06-22 10:27:04.879 D/LibBpfLoader( 1748): applying relo to instruction at byte offset: 2152, 	       insn offset 269 , insn 118
06-22 10:27:04.879 D/LibBpfLoader( 1748): applying relo to instruction at byte offset: 2256, 	       insn offset 282 , insn 118
06-22 10:27:04.879 D/LibBpfLoader( 1748): applying relo to instruction at byte offset: 2296, 	       insn offset 287 , insn 118
06-22 10:27:04.879 D/LibBpfLoader( 1748): applying relo to instruction at byte offset: 40, 	       insn offset 5 , insn 118
06-22 10:27:04.879 D/LibBpfLoader( 1748): applying relo to instruction at byte offset: 144, 	       insn offset 18 , insn 118
06-22 10:27:04.879 D/LibBpfLoader( 1748): applying relo to instruction at byte offset: 184, 	       insn offset 23 , insn 118
06-22 10:27:04.879 D/LibBpfLoader( 1748): applying relo to instruction at byte offset: 40, 	       insn offset 5 , insn 118
06-22 10:27:04.879 D/LibBpfLoader( 1748): applying relo to instruction at byte offset: 144, 	       insn offset 18 , insn 118
06-22 10:27:04.879 D/LibBpfLoader( 1748): applying relo to instruction at byte offset: 184, 	       insn offset 23 , insn 118
06-22 10:27:04.879 D/LibBpfLoader( 1748): applying relo to instruction at byte offset: 80, 	       insn offset 10 , insn 118
06-22 10:27:04.879 D/LibBpfLoader( 1748): applying relo to instruction at byte offset: 32, 	       insn offset 4 , insn 118
06-22 10:27:04.879 D/LibBpfLoader( 1748): applying relo to instruction at byte offset: 80, 	       insn offset 10 , insn 118
06-22 10:27:04.880 D/LibBpfLoader( 1748): New bpf core prog_load for /system/etc/bpf/netd.o (cgroupskb_ingress_stats) returned: 19
06-22 10:27:04.880 D/LibBpfLoader( 1748): New bpf core prog_load for /system/etc/bpf/netd.o (cgroupskb_egress_stats) returned: 20
06-22 10:27:04.882 D/LibBpfLoader( 1748): New bpf core prog_load for /system/etc/bpf/netd.o (skfilter_egress_xtbpf) returned: 21
06-22 10:27:04.882 D/LibBpfLoader( 1748): New bpf core prog_load for /system/etc/bpf/netd.o (skfilter_ingress_xtbpf) returned: 22
06-22 10:27:04.882 D/LibBpfLoader( 1748): New bpf core prog_load for /system/etc/bpf/netd.o (skfilter_whitelist_xtbpf) returned: 23
06-22 10:27:04.882 D/LibBpfLoader( 1748): New bpf core prog_load for /system/etc/bpf/netd.o (skfilter_blacklist_xtbpf) returned: 24
06-22 10:27:04.884 D/LibBpfLoader( 1748): New bpf core prog_load for /system/etc/bpf/netd.o (cgroupsock_inet_create) returned: 25
06-22 10:27:04.884 I/bpfloader( 1748): Attempted load object: /system/etc/bpf/netd.o, ret: Success
06-22 10:27:04.886 W/perfetto( 1744): service.cc:65 Started traced, listening on /dev/socket/traced_producer /dev/socket/traced_consumer
06-22 10:27:04.887 I/perfetto( 1745): probes_producer.cc:88 Connected to the service
06-22 10:27:04.892 D/TetherController( 1661): Setting IP forward enable = 0
06-22 10:27:04.893 D/FirewallController( 1661): Could not read /proc/self/uid_map, max uid defaulting to 4294967294
06-22 10:27:04.921 I/adbd    ( 1743): opening control endpoint /dev/usb-ffs/adb/ep0
06-22 10:27:04.970 I/adbd    ( 1743): UsbFfsConnection constructed
06-22 10:27:04.983 I/ServiceManagement( 1687): Registered android.hardware.drm@1.0::IDrmFactory/default (start delay of 522ms)
06-22 10:27:04.983 I/ServiceManagement( 1687): Removing namespace from process name android.hardware.drm@1.0-service to drm@1.0-service.
06-22 10:27:04.983 I/        ( 1687): Registration complete for android.hardware.drm@1.0::IDrmFactory/default.
06-22 10:27:04.984 I/ServiceManagement( 1687): Registered android.hardware.drm@1.0::ICryptoFactory/default (start delay of 523ms)
06-22 10:27:04.984 I/ServiceManagement( 1687): Removing namespace from process name android.hardware.drm@1.0-service to drm@1.0-service.
06-22 10:27:04.984 I/        ( 1687): Registration complete for android.hardware.drm@1.0::ICryptoFactory/default.
06-22 10:27:04.987 I/wificond( 1766): wificond is starting up...
06-22 10:27:04.993 I//system/bin/tombstoned( 1778): tombstoned successfully initialized
06-22 10:27:05.011 I/hwservicemanager( 1567): getTransport: Cannot find entry android.hardware.usb.gadget@1.0::IUsbGadget/default in either framework or device manifest.
06-22 10:27:05.011 I/usbd    ( 1780): Usb HAL not found
06-22 10:27:05.028 D/android.hardware.biometrics.fingerprint@2.1-service( 1781): Opening fingerprint hal library...
06-22 10:27:05.029 D/FingerprintHal( 1781): ----------------> fingerprint_open ----------------->
06-22 10:27:05.029 D/FingerprintHal( 1781): ----------------> set_notify_callback ----------------->
06-22 10:27:05.029 D/FingerprintHal( 1781): fingerprint callback notification set
06-22 10:27:05.030 I/ServiceManagement( 1781): Registered android.hardware.biometrics.fingerprint@2.1::IBiometricsFingerprint/default (start delay of 139ms)
06-22 10:27:05.030 I/ServiceManagement( 1781): Removing namespace from process name android.hardware.biometrics.fingerprint@2.1-service to fingerprint@2.1-service.
06-22 10:27:05.033 D/FingerprintHal( 1781): ----------------> listenerFunction ----------------->
06-22 10:27:05.035 I/android.hardware.wifi@1.0-service( 1712): Wifi Hal is booting up...
06-22 10:27:05.035 I/ServiceManagement( 1712): Registered android.hardware.wifi@1.3::IWifi/default (start delay of 495ms)
06-22 10:27:05.035 I/ServiceManagement( 1712): Removing namespace from process name android.hardware.wifi@1.0-service to wifi@1.0-service.
06-22 10:27:05.052 I/ServiceManager( 1765): Waiting for service 'package_native' on '/dev/binder'...
06-22 10:27:05.056 I/netd    ( 1661): Creating child chains: 161.0ms
06-22 10:27:05.056 I/netd    ( 1661): Setting up OEM hooks: 0.1ms
06-22 10:27:05.056 I/netd    ( 1661): Setting up FirewallController hooks: 0.0ms
06-22 10:27:05.057 I/netd    ( 1661): Setting up TetherController hooks: 0.9ms
06-22 10:27:05.057 I/netd    ( 1661): Setting up BandwidthController hooks: 0.5ms
06-22 10:27:05.057 I/netd    ( 1661): Setting up IdletimerController hooks: 0.1ms
06-22 10:27:05.077 I/gatekeeperd( 1777): Starting gatekeeperd...
06-22 10:27:05.077 E/netmgr  ( 1775): Failed to open QEMU pipe 'qemud:network': Invalid argument
06-22 10:27:05.084 I/livelock( 1795): started
06-22 10:27:05.084 W/livelock( 1795): [khungtaskd] not configurable
06-22 10:27:05.085 I/livelock( 1795): ro.config.low_ram=false
06-22 10:27:05.085 I/livelock( 1795): ro.llk.sysrq_t=true
06-22 10:27:05.085 I/livelock( 1795): ro.llk.enable=true
06-22 10:27:05.085 I/livelock( 1795): ro.khungtask.enable=true
06-22 10:27:05.085 I/livelock( 1795): ro.llk.mlockall=true
06-22 10:27:05.085 I/livelock( 1795): ro.llk.killtest=true
06-22 10:27:05.085 I/livelock( 1795): ro.khungtask.timeout=720s
06-22 10:27:05.085 I/livelock( 1795): ro.llk.timeout_ms=600.000s
06-22 10:27:05.085 I/livelock( 1795): ro.llk.D.timeout_ms=600.000s
06-22 10:27:05.085 I/livelock( 1795): ro.llk.Z.timeout_ms=600.000s
06-22 10:27:05.085 I/livelock( 1795): ro.llk.stack.timeout_ms=600.000s
06-22 10:27:05.085 I/livelock( 1795): ro.llk.check_ms=120.000s
06-22 10:27:05.085 I/livelock( 1795): ro.llk.stack=wait_on_page_bit_killable,bit_wait_io,__get_user_pages,cma_alloc
06-22 10:27:05.085 I/livelock( 1795): ro.llk.blacklist.process.stack=llkd,lmkd.llkd,apexd,ueventd,keystore,init
06-22 10:27:05.085 I/livelock( 1795): ro.llk.blacklist.process=[watchdog/1],[watchdogd/0],2,[watchdogd],watchdogd,llkd,lmkd,[khungtaskd],[kthreadd],init,1795,1,0
06-22 10:27:05.085 I/livelock( 1795): ro.llk.blacklist.parent=[kthreadd],2,0,adbd&[setsid]
06-22 10:27:05.085 I/livelock( 1795): ro.llk.blacklist.uid=
06-22 10:27:05.098 E/wifi_forwarder( 1787): RemoteConnection failed to initialize: RemoteConnection failed to open pipe
06-22 10:27:05.101 E/hostapd ( 1800): Configuration file: /data/vendor/wifi/hostapd/hostapd.conf
06-22 10:27:05.103 I/hostapd ( 1800): rfkill: Cannot get wiphy information
06-22 10:27:05.115 I/hostapd ( 1800): wlan1: interface state UNINITIALIZED->COUNTRY_UPDATE
06-22 10:27:05.129 I/ServiceManagement( 1764): Registered android.frameworks.stats@1.0::IStats/default (start delay of 299ms)
06-22 10:27:05.130 W/statsd  ( 1764): statscompanion service unavailable!
06-22 10:27:05.130 I/statsd  ( 1764): Statsd starts to listen to socket.
06-22 10:27:05.152 I/ServiceManager( 1765): Waiting for service 'package_native' on '/dev/binder'...
06-22 10:27:05.157 I/mediametrics( 1762): ServiceManager: 0x71cf35c22280
06-22 10:27:05.157 D/MediaAnalyticsService( 1762): MediaAnalyticsService created
06-22 10:27:05.170 I/hwservicemanager( 1567): getTransport: Cannot find entry android.hardware.keymaster@4.0::IKeymasterDevice/default in either framework or device manifest.
06-22 10:27:05.170 I/keystore( 1757): found android.hardware.keymaster@3.0::IKeymasterDevice with interface name default and seclevel SOFTWARE
06-22 10:27:05.170 W/keystore( 1757): No secure Keymaster implementation found, but device offers insecure Keymaster HAL. Using as default.
