06-22 10:27:09.479 I/SystemServiceManager( 1916): Starting com.android.server.MmsServiceBroker
06-22 10:27:09.480 D/SystemServerTiming( 1916): StartMmsService took to complete: 0ms
06-22 10:27:09.480 I/SystemServer( 1916): StartAutoFillService
06-22 10:27:09.480 I/SystemServiceManager( 1916): Starting com.android.server.autofill.AutofillManagerService
06-22 10:27:09.481 D/AutofillManagerService( 1916): setLogLevelFromSettings(): level=2, debug=true, verbose=false
06-22 10:27:09.481 D/AutofillManagerService( 1916): setMaxPartitionsFromSettings(): 10
06-22 10:27:09.481 D/AutofillManagerService( 1916): setMaxVisibleDatasetsFromSettings(): 0
06-22 10:27:09.482 D/AutofillUI( 1916): destroySaveUiUiThread(): already destroyed
06-22 10:27:09.482 E/AutofillManagerServiceImpl( 1916): Bad service name: com.google.android.gms/.autofill.service.AutofillService
06-22 10:27:09.482 D/AutofillManagerServiceImpl( 1916): Reset component for user 0:com.google.android.gms/.autofill.service.AutofillService
06-22 10:27:09.483 D/SystemServerTiming( 1916): StartAutoFillService took to complete: 3ms
06-22 10:27:09.483 I/SystemServer( 1916): StartClipboardService
06-22 10:27:09.483 I/SystemServiceManager( 1916): Starting com.android.server.clipboard.ClipboardService
06-22 10:27:09.483 D/SystemServerTiming( 1916): StartClipboardService took to complete: 1ms
06-22 10:27:09.483 I/SystemServer( 1916): AppServiceManager
06-22 10:27:09.483 I/SystemServiceManager( 1916): Starting com.android.server.appbinding.AppBindingService$Lifecycle
06-22 10:27:09.484 D/SystemServerTiming( 1916): AppServiceManager took to complete: 0ms
06-22 10:27:09.484 I/SystemServer( 1916): MakeVibratorServiceReady
06-22 10:27:09.484 D/SystemServerTiming( 1916): MakeVibratorServiceReady took to complete: 0ms
06-22 10:27:09.484 I/SystemServer( 1916): MakeLockSettingsServiceReady
06-22 10:27:09.497 I/LockSettingsService( 1916): Migrated lock settings to new location
06-22 10:27:09.499 I/LockSettingsService( 1916): Migrated per-user lock settings to new location
06-22 10:27:09.502 I/LockSettingsService( 1916): Migrated biometric weak to use the fallback instead
06-22 10:27:09.504 I/LockSettingsService( 1916): Migrated lockscreen disabled flag
06-22 10:27:09.505 I/hwservicemanager( 1567): getTransport: Cannot find entry android.hardware.weaver@1.0::IWeaver/default in either framework or device manifest.
06-22 10:27:09.505 I/SyntheticPasswordManager( 1916): Device does not support weaver
06-22 10:27:09.505 I/hwservicemanager( 1567): getTransport: Cannot find entry android.hardware.authsecret@1.0::IAuthSecret/default in either framework or device manifest.
06-22 10:27:09.505 I/LockSettingsService( 1916): Device doesn't implement AuthSecret HAL
06-22 10:27:09.506 E/LockSettingsStorage( 1916): Cannot read file java.io.FileNotFoundException: /data/system/gatekeeper.password.key: open failed: ENOENT (No such file or directory)
06-22 10:27:09.506 E/LockSettingsStorage( 1916): Cannot read file java.io.FileNotFoundException: /data/system/password.key: open failed: ENOENT (No such file or directory)
06-22 10:27:09.506 E/LockSettingsStorage( 1916): Cannot read file java.io.FileNotFoundException: /data/system/gatekeeper.pattern.key: open failed: ENOENT (No such file or directory)
06-22 10:27:09.506 E/LockSettingsStorage( 1916): Cannot read file java.io.FileNotFoundException: /data/system/gatekeeper.gesture.key: open failed: ENOENT (No such file or directory)
06-22 10:27:09.506 E/LockSettingsStorage( 1916): Cannot read file java.io.FileNotFoundException: /data/system/gesture.key: open failed: ENOENT (No such file or directory)
06-22 10:27:09.506 D/SystemServerTiming( 1916): MakeLockSettingsServiceReady took to complete: 22ms
06-22 10:27:09.506 I/SystemServer( 1916): StartBootPhaseLockSettingsReady
06-22 10:27:09.506 I/SystemServiceManager( 1916): Starting phase 480
06-22 10:27:09.509 D/SystemServerInitThreadPool( 1916): Started executing DevicePolicyManager
06-22 10:27:09.509 D/SystemServerInitThreadPool( 1916): Finished executing DevicePolicyManager
06-22 10:27:09.511 D/SystemServerTiming( 1916): StartBootPhaseLockSettingsReady took to complete: 4ms
06-22 10:27:09.511 I/SystemServer( 1916): StartBootPhaseSystemServicesReady
06-22 10:27:09.511 I/SystemServiceManager( 1916): Starting phase 500
06-22 10:27:09.512 D/AppStandbyController( 1916): Setting app idle enabled state
06-22 10:27:09.512 D/AppStandbyController( 1916): Initializing defaults for system apps on user 0, appIdleEnabled=true
06-22 10:27:09.513 E/AppIdleHistory( 1916): Unable to read app idle file for user 0
06-22 10:27:09.521 D/TestHarnessModeService( 1916): Setting up test harness mode
06-22 10:27:09.521 D/TestHarnessModeService( 1916): Getting PersistentDataBlockManagerInternal from LocalServices
06-22 10:27:09.521 E/TestHarnessModeService( 1916): Failed to start Test Harness Mode; no implementation of PersistentDataBlockManagerInternal was bound!
06-22 10:27:09.522 I/WifiService( 1916): WifiService starting up with Wi-Fi enabled
06-22 10:27:09.529 I/android_os_HwBinder( 1916): HwBinder: Starting thread pool for getting: android.hidl.manager@1.2::IServiceManager/default
06-22 10:27:09.530 D/HalDevMgr( 1916): IWifi registration notification: fqName=android.hardware.wifi@1.0::IWifi, name=default, preexisting=true
06-22 10:27:09.530 I/android_os_HwBinder( 1916): HwBinder: Starting thread pool for getting: android.hardware.wifi@1.0::IWifi/default
06-22 10:27:09.532 D/WificondControl( 1916): tearing down interfaces in wificond
06-22 10:27:09.534 D/WifiController( 1916): isAirplaneModeOn = false, isWifiEnabled = true, isScanningAvailable = true, isLocationModeActive = true
06-22 10:27:09.534 I/WifiService( 1916): setWifiEnabled package=android uid=1000 enable=true
06-22 10:27:09.534 I/WifiScanningService( 1916): Starting wifiscanner
06-22 10:27:09.539 D/PermissionCache( 1718): checking android.permission.CAPTURE_AUDIO_HOTWORD for uid=1000 => granted (42 us)
06-22 10:27:09.539 W/SoundTriggerHelper( 1916): listModules status=0, # of modules=0
06-22 10:27:09.540 D/ContextHubSystemService( 1916): onBootPhase: PHASE_SYSTEM_SERVICES_READY
06-22 10:27:09.540 D/SystemServerTiming( 1916): StartBootPhaseSystemServicesReady took to complete: 29ms
06-22 10:27:09.540 I/SystemServer( 1916): MakeWindowManagerServiceReady
06-22 10:27:09.542 I/android_os_HwBinder( 1916): HwBinder: Starting thread pool for getting: android.hardware.configstore@1.0::ISurfaceFlingerConfigs/default
06-22 10:27:09.543 D/SystemServerTiming( 1916): MakeWindowManagerServiceReady took to complete: 3ms
06-22 10:27:09.543 I/android_os_HwBinder( 1916): HwBinder: Starting thread pool for getting: android.hardware.configstore@1.0::ISurfaceFlingerConfigs/default
06-22 10:27:09.543 W/InputReader( 1916): Device has associated, but no associated display id.
06-22 10:27:09.544 I/SystemServer( 1916): MakePowerManagerServiceReady
06-22 10:27:09.546 E/DisplayPowerController( 1916): failed to set up display white-balance: java.lang.IllegalStateException: cannot find sensor com.google.sensor.color
06-22 10:27:09.548 D/SystemServerTiming( 1916): MakePowerManagerServiceReady took to complete: 3ms
06-22 10:27:09.548 I/SystemServer( 1916): MakePackageManagerServiceReady
06-22 10:27:09.544 I/chatty  ( 1916): uid=1000 system_server identical 8 lines
06-22 10:27:09.544 W/InputReader( 1916): Device has associated, but no associated display id.
06-22 10:27:09.548 I/DefaultPermGrantPolicy( 1916): Granting permissions to platform components for user 0
06-22 10:27:09.551 W/KeyguardServiceDelegate( 1916): onScreenTurningOn(): no keyguard service!
06-22 10:27:09.552 V/DisplayPowerController( 1916): Brightness [102] reason changing to: 'override', previous reason: '0'.
06-22 10:27:09.552 E/KernelCpuUidFreqTimeReader( 1916): Failed to read /proc/uid_time_in_state: java.nio.file.NoSuchFileException: /proc/uid_time_in_state
06-22 10:27:09.552 W/KernelCpuProcStringReader( 1916): File not found. It's normal if not implemented: /proc/uid_time_in_state
06-22 10:27:09.552 W/KernelCpuProcStringReader( 1916): File not found. It's normal if not implemented: /proc/uid_concurrent_active_time
06-22 10:27:09.552 W/KernelCpuProcStringReader( 1916): File not found. It's normal if not implemented: /proc/uid_concurrent_policy_time
06-22 10:27:09.557 D/vold    ( 1574): Remounting 1001 as mode default
06-22 10:27:09.558 D/vold    ( 1574): Found matching PID 1769
06-22 10:27:09.558 W/vold    ( 1574): Skipping due to root namespace
06-22 10:27:09.558 D/vold    ( 1574): Remounting 1001 as mode default
06-22 10:27:09.559 D/vold    ( 1574): Found matching PID 1769
06-22 10:27:09.559 W/vold    ( 1574): Skipping due to root namespace
06-22 10:27:09.559 D/vold    ( 1574): Remounting 1001 as mode default
06-22 10:27:09.560 D/vold    ( 1574): Found matching PID 1769
06-22 10:27:09.560 W/vold    ( 1574): Skipping due to root namespace
06-22 10:27:09.560 D/vold    ( 1574): Remounting 1001 as mode default
06-22 10:27:09.560 D/vold    ( 1574): Found matching PID 1769
06-22 10:27:09.560 W/vold    ( 1574): Skipping due to root namespace
06-22 10:27:09.562 D/vold    ( 1574): Remounting 1027 as mode default
06-22 10:27:09.566 D/vold    ( 1574): Remounting 1027 as mode default
06-22 10:27:09.567 D/vold    ( 1574): Remounting 1027 as mode default
06-22 10:27:09.568 D/vold    ( 1574): Remounting 1027 as mode default
06-22 10:27:09.569 D/vold    ( 1574): Remounting 1000 as mode full
06-22 10:27:09.569 D/vold    ( 1574): Found matching PID 1566
06-22 10:27:09.570 W/vold    ( 1574): Skipping due to root namespace
06-22 10:27:09.570 D/vold    ( 1574): Found matching PID 1567
06-22 10:27:09.570 W/vold    ( 1574): Skipping due to root namespace
06-22 10:27:09.570 D/vold    ( 1574): Found matching PID 1568
06-22 10:27:09.570 W/vold    ( 1574): Skipping due to root namespace
06-22 10:27:09.570 D/vold    ( 1574): Found matching PID 1678
06-22 10:27:09.570 W/vold    ( 1574): Skipping due to root namespace
06-22 10:27:09.570 D/vold    ( 1574): Found matching PID 1679
06-22 10:27:09.570 W/vold    ( 1574): Skipping due to root namespace
06-22 10:27:09.570 D/vold    ( 1574): Found matching PID 1686
06-22 10:27:09.570 W/vold    ( 1574): Skipping due to root namespace
06-22 10:27:09.570 D/vold    ( 1574): Found matching PID 1695
06-22 10:27:09.570 W/vold    ( 1574): Skipping due to root namespace
06-22 10:27:09.570 D/vold    ( 1574): Found matching PID 1706
06-22 10:27:09.570 W/vold    ( 1574): Skipping due to root namespace
06-22 10:27:09.570 D/vold    ( 1574): Found matching PID 1707
06-22 10:27:09.570 W/vold    ( 1574): Skipping due to root namespace
06-22 10:27:09.570 D/vold    ( 1574): Found matching PID 1708
06-22 10:27:09.570 W/vold    ( 1574): Skipping due to root namespace
06-22 10:27:09.570 D/vold    ( 1574): Found matching PID 1709
06-22 10:27:09.570 W/vold    ( 1574): Skipping due to root namespace
06-22 10:27:09.570 D/vold    ( 1574): Found matching PID 1710
06-22 10:27:09.570 W/vold    ( 1574): Skipping due to root namespace
06-22 10:27:09.570 D/vold    ( 1574): Found matching PID 1711
06-22 10:27:09.570 W/vold    ( 1574): Skipping due to root namespace
06-22 10:27:09.570 D/vold    ( 1574): Found matching PID 1724
06-22 10:27:09.570 W/vold    ( 1574): Skipping due to root namespace
06-22 10:27:09.571 D/vold    ( 1574): Found matching PID 1754
06-22 10:27:09.571 W/vold    ( 1574): Skipping due to root namespace
06-22 10:27:09.571 D/vold    ( 1574): Found matching PID 1777
06-22 10:27:09.571 W/vold    ( 1574): Skipping due to root namespace
06-22 10:27:09.571 D/vold    ( 1574): Found matching PID 1781
06-22 10:27:09.571 W/vold    ( 1574): Skipping due to root namespace
06-22 10:27:09.571 D/vold    ( 1574): Found matching PID 1916
06-22 10:27:09.578 D/WifiController( 1916): WifiController msg { when=-43ms what=155656 target=com.android.internal.util.StateMachine$SmHandler } deferred for 500ms
06-22 10:27:09.578 D/WifiActiveModeWarden( 1916): received a message in WifiDisabledState: { when=-1ms what=1 target=com.android.internal.util.StateMachine$SmHandler }
06-22 10:27:09.578 D/WifiActiveModeWarden( 1916): Switching from WifiDisabledState to ScanOnlyMode
06-22 10:27:09.578 D/WifiActiveModeWarden( 1916): Entering ScanOnlyModeActiveState
06-22 10:27:09.579 D/WifiScanOnlyModeManager( 1916): entering IdleState
06-22 10:27:09.580 I/AccountsDb( 1916): Creating DE database for user 0
06-22 10:27:09.581 I/android.hardware.wifi@1.0-service( 1712): Wifi HAL started
06-22 10:27:09.581 I/WifiVendorHal( 1916): Vendor Hal started successfully
06-22 10:27:09.585 I/android.hardware.wifi@1.0-service( 1712): Adding interface handle for wlan0
06-22 10:27:09.585 W/android.hardware.wifi@1.0-service( 1712): No active wlan interfaces in use! Using default
06-22 10:27:09.585 E/android.hardware.wifi@1.0-service( 1712): Failed to register radio mode change callback
06-22 10:27:09.585 W/android.hardware.wifi@1.0-service( 1712): No active wlan interfaces in use! Using default
06-22 10:27:09.595 W/libc    ( 1712): Unable to set property "vendor.wlan.firmware.version" to "1.0": error code: 0x18
06-22 10:27:09.605 D/vold    ( 1574): Remounting 1000 as mode full
06-22 10:27:09.605 D/vold    ( 1574): Found matching PID 1566
06-22 10:27:09.605 W/vold    ( 1574): Skipping due to root namespace
06-22 10:27:09.605 D/vold    ( 1574): Found matching PID 1567
06-22 10:27:09.605 W/vold    ( 1574): Skipping due to root namespace
06-22 10:27:09.605 D/vold    ( 1574): Found matching PID 1568
06-22 10:27:09.605 W/vold    ( 1574): Skipping due to root namespace
06-22 10:27:09.605 D/vold    ( 1574): Found matching PID 1678
06-22 10:27:09.605 W/vold    ( 1574): Skipping due to root namespace
06-22 10:27:09.605 D/vold    ( 1574): Found matching PID 1679
06-22 10:27:09.605 W/vold    ( 1574): Skipping due to root namespace
06-22 10:27:09.605 D/vold    ( 1574): Found matching PID 1686
06-22 10:27:09.605 W/vold    ( 1574): Skipping due to root namespace
06-22 10:27:09.605 D/vold    ( 1574): Found matching PID 1695
06-22 10:27:09.605 W/vold    ( 1574): Skipping due to root namespace
06-22 10:27:09.605 D/vold    ( 1574): Found matching PID 1706
06-22 10:27:09.605 W/vold    ( 1574): Skipping due to root namespace
06-22 10:27:09.605 D/vold    ( 1574): Found matching PID 1707
06-22 10:27:09.605 W/vold    ( 1574): Skipping due to root namespace
06-22 10:27:09.605 D/vold    ( 1574): Found matching PID 1708
06-22 10:27:09.605 W/vold    ( 1574): Skipping due to root namespace
06-22 10:27:09.605 D/vold    ( 1574): Found matching PID 1709
06-22 10:27:09.605 W/vold    ( 1574): Skipping due to root namespace
06-22 10:27:09.605 D/vold    ( 1574): Found matching PID 1710
06-22 10:27:09.605 W/vold    ( 1574): Skipping due to root namespace
06-22 10:27:09.606 D/vold    ( 1574): Found matching PID 1711
06-22 10:27:09.606 W/vold    ( 1574): Skipping due to root namespace
06-22 10:27:09.606 D/vold    ( 1574): Found matching PID 1724
06-22 10:27:09.606 W/vold    ( 1574): Skipping due to root namespace
06-22 10:27:09.606 D/vold    ( 1574): Found matching PID 1754
06-22 10:27:09.606 W/vold    ( 1574): Skipping due to root namespace
06-22 10:27:09.606 D/vold    ( 1574): Found matching PID 1777
06-22 10:27:09.606 W/vold    ( 1574): Skipping due to root namespace
06-22 10:27:09.606 D/vold    ( 1574): Found matching PID 1781
06-22 10:27:09.606 W/vold    ( 1574): Skipping due to root namespace
06-22 10:27:09.606 D/vold    ( 1574): Found matching PID 1916
06-22 10:27:09.607 W/libc    ( 1712): Unable to set property "vendor.wlan.driver.version" to "1.0": error code: 0x18
06-22 10:27:09.607 I/android.hardware.wifi@1.0-service( 1712): Configured chip in mode 0
06-22 10:27:09.607 W/android.hardware.wifi@1.0-service( 1712): No active wlan interfaces in use! Using default
06-22 10:27:09.607 D/HalDevMgr( 1916): updateRttController: no one is interested in RTT controllers
06-22 10:27:09.608 E/android.hardware.wifi@1.0-service( 1712): Failed to set DFS flag; DFS channels may be unavailable.
06-22 10:27:09.611 I/WifiP2pNative( 1916): Registering for interface available listener
06-22 10:27:09.613 D/WifiP2pNative( 1916): P2P InterfaceAvailableListener true
06-22 10:27:09.613 D/WifiP2pService( 1916): Wifi enabled=false, P2P Interface availability=true, Number of clients=0
06-22 10:27:09.613 D/WifiP2pService( 1916): Wifi enabled=false, P2P Interface availability=true
06-22 10:27:09.615 D/WificondControl( 1916): Setting up interface for client mode
06-22 10:27:09.616 I/wificond( 1766): create scanner for interface with index: 3
06-22 10:27:09.616 I/wificond( 1766): subscribe scan result for interface with index: 3
06-22 10:27:09.616 I/hwservicemanager( 1567): getTransport: Cannot find entry android.hardware.wifi.offload@1.0::IOffload/default in either framework or device manifest.
06-22 10:27:09.616 E/wificond( 1766): No Offload Service available
06-22 10:27:09.617 I/wificond( 1766): Offload HAL not supported 
06-22 10:27:09.619 I/netd    ( 1661): interfaceGetCfg("wlan0") <0.18ms>
06-22 10:27:09.619 I/WifiNative( 1916): Interface state changed on Iface:{Name=wlan0,Id=0,Type=STA_SCAN}, isUp=true
06-22 10:27:09.619 I/WifiNative( 1916): Successfully setup Iface:{Name=wlan0,Id=0,Type=STA_SCAN}
06-22 10:27:09.619 E/SupplicantStaIfaceHal( 1916): checkHalVersionByInterfaceName: called but mServiceManager is null
06-22 10:27:09.619 E/SupplicantStaIfaceHal( 1916): Method getKeyMgmtCapabilities is not supported in existing HAL
06-22 10:27:09.620 D/WifiScanOnlyModeManager( 1916): entering StartedState
06-22 10:27:09.621 I/netd    ( 1661): interfaceGetCfg("wlan0") <0.11ms>
06-22 10:27:09.621 D/WifiScanOnlyModeManager( 1916): Wifi is ready to use for scanning
06-22 10:27:09.621 D/WakeupController( 1916): start()
06-22 10:27:09.623 I/DropBoxManagerService( 1916): add tag=system_server_strictmode isTagEnabled=true flags=0x2
06-22 10:27:09.623 D/WakeupController( 1916): Setting active to true
06-22 10:27:09.623 E/WifiConfigManager( 1916): Cannot save to store before store is read!
06-22 10:27:09.623 D/WifiActiveModeWarden( 1916): scan mode active
06-22 10:27:09.625 D/WifiScanRequestProxy( 1916): Sending scan available broadcast: true
06-22 10:27:09.626 I/WifiScanRequestProxy( 1916): Scanning is enabled
06-22 10:27:09.626 I/WifiScanRequestProxy( 1916): Scanning for hidden networks is disabled
06-22 10:27:09.626 E/WifiVendorHal( 1916): getBgScanCapabilities(l.630) failed {.code = ERROR_NOT_SUPPORTED, .description = }
06-22 10:27:09.629 I/WifiScanningService( 1916): wifi driver loaded with scan capabilities: max buckets=16
06-22 10:27:09.626 E/WifiNative( 1916): Could not get Iface object for interface null
06-22 10:27:09.633 I/chatty  ( 1916): uid=1000(system) android.io identical 8 lines
06-22 10:27:09.634 I/DropBoxManagerService( 1916): add tag=system_server_strictmode isTagEnabled=true flags=0x2
06-22 10:27:09.654 D/vold    ( 1574): Remounting 1000 as mode full
06-22 10:27:09.655 D/vold    ( 1574): Found matching PID 1566
06-22 10:27:09.655 W/vold    ( 1574): Skipping due to root namespace
06-22 10:27:09.655 D/vold    ( 1574): Found matching PID 1567
06-22 10:27:09.655 W/vold    ( 1574): Skipping due to root namespace
06-22 10:27:09.655 D/vold    ( 1574): Found matching PID 1568
06-22 10:27:09.655 W/vold    ( 1574): Skipping due to root namespace
06-22 10:27:09.655 D/vold    ( 1574): Found matching PID 1678
06-22 10:27:09.655 W/vold    ( 1574): Skipping due to root namespace
06-22 10:27:09.655 D/vold    ( 1574): Found matching PID 1679
06-22 10:27:09.655 W/vold    ( 1574): Skipping due to root namespace
06-22 10:27:09.655 D/vold    ( 1574): Found matching PID 1686
06-22 10:27:09.655 W/vold    ( 1574): Skipping due to root namespace
06-22 10:27:09.655 D/vold    ( 1574): Found matching PID 1695
06-22 10:27:09.655 W/vold    ( 1574): Skipping due to root namespace
06-22 10:27:09.655 D/vold    ( 1574): Found matching PID 1706
06-22 10:27:09.655 W/vold    ( 1574): Skipping due to root namespace
06-22 10:27:09.655 D/vold    ( 1574): Found matching PID 1707
06-22 10:27:09.655 W/vold    ( 1574): Skipping due to root namespace
06-22 10:27:09.655 D/vold    ( 1574): Found matching PID 1708
06-22 10:27:09.655 W/vold    ( 1574): Skipping due to root namespace
06-22 10:27:09.655 D/vold    ( 1574): Found matching PID 1709
06-22 10:27:09.655 W/vold    ( 1574): Skipping due to root namespace
06-22 10:27:09.655 D/vold    ( 1574): Found matching PID 1710
06-22 10:27:09.655 W/vold    ( 1574): Skipping due to root namespace
06-22 10:27:09.655 D/vold    ( 1574): Found matching PID 1711
06-22 10:27:09.655 W/vold    ( 1574): Skipping due to root namespace
06-22 10:27:09.655 D/vold    ( 1574): Found matching PID 1724
06-22 10:27:09.655 W/vold    ( 1574): Skipping due to root namespace
06-22 10:27:09.655 D/vold    ( 1574): Found matching PID 1754
06-22 10:27:09.655 W/vold    ( 1574): Skipping due to root namespace
06-22 10:27:09.655 D/vold    ( 1574): Found matching PID 1777
06-22 10:27:09.656 W/vold    ( 1574): Skipping due to root namespace
06-22 10:27:09.656 D/vold    ( 1574): Found matching PID 1781
06-22 10:27:09.656 W/vold    ( 1574): Skipping due to root namespace
06-22 10:27:09.656 D/vold    ( 1574): Found matching PID 1916
06-22 10:27:09.691 D/vold    ( 1574): Remounting 1000 as mode full
06-22 10:27:09.691 D/vold    ( 1574): Found matching PID 1566
06-22 10:27:09.691 W/vold    ( 1574): Skipping due to root namespace
06-22 10:27:09.691 D/vold    ( 1574): Found matching PID 1567
06-22 10:27:09.691 W/vold    ( 1574): Skipping due to root namespace
06-22 10:27:09.691 D/vold    ( 1574): Found matching PID 1568
06-22 10:27:09.691 W/vold    ( 1574): Skipping due to root namespace
06-22 10:27:09.691 D/vold    ( 1574): Found matching PID 1678
06-22 10:27:09.691 W/vold    ( 1574): Skipping due to root namespace
06-22 10:27:09.691 D/vold    ( 1574): Found matching PID 1679
06-22 10:27:09.691 W/vold    ( 1574): Skipping due to root namespace
06-22 10:27:09.691 D/vold    ( 1574): Found matching PID 1686
06-22 10:27:09.691 W/vold    ( 1574): Skipping due to root namespace
06-22 10:27:09.692 D/vold    ( 1574): Found matching PID 1695
06-22 10:27:09.692 W/vold    ( 1574): Skipping due to root namespace
06-22 10:27:09.692 D/vold    ( 1574): Found matching PID 1706
06-22 10:27:09.692 W/vold    ( 1574): Skipping due to root namespace
06-22 10:27:09.692 D/vold    ( 1574): Found matching PID 1707
06-22 10:27:09.692 W/vold    ( 1574): Skipping due to root namespace
06-22 10:27:09.692 D/vold    ( 1574): Found matching PID 1708
06-22 10:27:09.692 W/vold    ( 1574): Skipping due to root namespace
06-22 10:27:09.692 D/vold    ( 1574): Found matching PID 1709
06-22 10:27:09.692 W/vold    ( 1574): Skipping due to root namespace
06-22 10:27:09.692 D/vold    ( 1574): Found matching PID 1710
06-22 10:27:09.692 W/vold    ( 1574): Skipping due to root namespace
06-22 10:27:09.692 D/vold    ( 1574): Found matching PID 1711
06-22 10:27:09.692 W/vold    ( 1574): Skipping due to root namespace
06-22 10:27:09.692 D/vold    ( 1574): Found matching PID 1724
06-22 10:27:09.692 W/vold    ( 1574): Skipping due to root namespace
06-22 10:27:09.692 D/vold    ( 1574): Found matching PID 1754
06-22 10:27:09.692 W/vold    ( 1574): Skipping due to root namespace
06-22 10:27:09.692 D/vold    ( 1574): Found matching PID 1777
06-22 10:27:09.692 W/vold    ( 1574): Skipping due to root namespace
06-22 10:27:09.692 D/vold    ( 1574): Found matching PID 1781
06-22 10:27:09.692 W/vold    ( 1574): Skipping due to root namespace
06-22 10:27:09.692 D/vold    ( 1574): Found matching PID 1916
06-22 10:27:09.742 D/vold    ( 1574): Remounting 2000 as mode default
06-22 10:27:09.743 D/vold    ( 1574): Found matching PID 1738
06-22 10:27:09.743 W/vold    ( 1574): Skipping due to root namespace
06-22 10:27:09.743 D/vold    ( 1574): Found matching PID 1743
06-22 10:27:09.743 W/vold    ( 1574): Skipping due to root namespace
06-22 10:27:09.743 D/vold    ( 1574): Remounting 2000 as mode default
06-22 10:27:09.744 D/vold    ( 1574): Found matching PID 1738
06-22 10:27:09.744 W/vold    ( 1574): Skipping due to root namespace
06-22 10:27:09.744 D/vold    ( 1574): Found matching PID 1743
06-22 10:27:09.744 W/vold    ( 1574): Skipping due to root namespace
06-22 10:27:09.744 D/vold    ( 1574): Remounting 2000 as mode full
06-22 10:27:09.745 D/vold    ( 1574): Found matching PID 1738
06-22 10:27:09.745 W/vold    ( 1574): Skipping due to root namespace
06-22 10:27:09.745 D/vold    ( 1574): Found matching PID 1743
06-22 10:27:09.745 W/vold    ( 1574): Skipping due to root namespace
06-22 10:27:09.745 D/vold    ( 1574): Remounting 2000 as mode full
06-22 10:27:09.746 D/vold    ( 1574): Found matching PID 1738
06-22 10:27:09.746 W/vold    ( 1574): Skipping due to root namespace
06-22 10:27:09.746 D/vold    ( 1574): Found matching PID 1743
06-22 10:27:09.746 W/vold    ( 1574): Skipping due to root namespace
06-22 10:27:09.747 D/vold    ( 1574): Remounting 10115 as mode default
06-22 10:27:09.748 D/vold    ( 1574): Remounting 10115 as mode default
06-22 10:27:09.752 D/vold    ( 1574): Remounting 1002 as mode default
06-22 10:27:09.759 I/DefaultPermGrantPolicy( 1916): Granting permissions to default platform handlers for user 0
06-22 10:27:09.754 I/chatty  ( 1574): uid=0(root) Binder:1574_3 identical 2 lines
06-22 10:27:09.754 D/vold    ( 1574): Remounting 1002 as mode default
06-22 10:27:09.764 I/SyncManager( 1916): No initial accounts
06-22 10:27:09.764 I/SyncManager( 1916): No initial status
06-22 10:27:09.764 I/SyncManager( 1916): No initial statistics
06-22 10:27:09.791 D/vold    ( 1574): Remounting 10135 as mode default
06-22 10:27:09.793 I/chatty  ( 1574): uid=0(root) Binder:1574_3 identical 2 lines
06-22 10:27:09.794 D/vold    ( 1574): Remounting 10135 as mode default
06-22 10:27:09.795 D/vold    ( 1574): Remounting 10055 as mode full
06-22 10:27:09.797 I/chatty  ( 1574): uid=0(root) Binder:1574_3 identical 2 lines
06-22 10:27:09.798 D/vold    ( 1574): Remounting 10055 as mode full
06-22 10:27:09.799 D/vold    ( 1574): Remounting 10071 as mode default
06-22 10:27:09.800 D/vold    ( 1574): Remounting 10071 as mode default
06-22 10:27:09.801 D/vold    ( 1574): Remounting 10071 as mode full
06-22 10:27:09.802 D/vold    ( 1574): Remounting 10071 as mode full
06-22 10:27:09.817 D/vold    ( 1574): Remounting 10133 as mode default
06-22 10:27:09.818 I/chatty  ( 1574): uid=0(root) Binder:1574_3 identical 2 lines
06-22 10:27:09.819 D/vold    ( 1574): Remounting 10133 as mode default
06-22 10:27:09.826 D/vold    ( 1574): Remounting 10060 as mode default
06-22 10:27:09.827 I/chatty  ( 1574): uid=0(root) Binder:1574_3 identical 2 lines
06-22 10:27:09.828 D/vold    ( 1574): Remounting 10060 as mode default
06-22 10:27:09.837 D/vold    ( 1574): Remounting 10145 as mode default
06-22 10:27:09.839 I/chatty  ( 1574): uid=0(root) Binder:1574_3 identical 2 lines
06-22 10:27:09.840 D/vold    ( 1574): Remounting 10145 as mode default
06-22 10:27:09.871 D/vold    ( 1574): Remounting 10119 as mode default
06-22 10:27:09.872 I/chatty  ( 1574): uid=0(root) Binder:1574_3 identical 2 lines
06-22 10:27:09.873 D/vold    ( 1574): Remounting 10119 as mode default
06-22 10:27:09.877 E/DefaultPermGrantPolicy( 1916): PackageNot found: com.google.android.gms.location.history
06-22 10:27:09.877 E/DefaultPermGrantPolicy( 1916): android.content.pm.PackageManager$NameNotFoundException: com.google.android.gms.location.history
06-22 10:27:09.877 E/DefaultPermGrantPolicy( 1916): 	at android.app.ApplicationPackageManager.getPackageInfoAsUser(ApplicationPackageManager.java:190)
06-22 10:27:09.877 E/DefaultPermGrantPolicy( 1916): 	at android.app.ApplicationPackageManager.getPackageInfo(ApplicationPackageManager.java:159)
06-22 10:27:09.877 E/DefaultPermGrantPolicy( 1916): 	at com.android.server.pm.permission.DefaultPermissionGrantPolicy.getPackageInfo(DefaultPermissionGrantPolicy.java:1302)
06-22 10:27:09.877 E/DefaultPermGrantPolicy( 1916): 	at com.android.server.pm.permission.DefaultPermissionGrantPolicy.getPackageInfo(DefaultPermissionGrantPolicy.java:1293)
06-22 10:27:09.877 E/DefaultPermGrantPolicy( 1916): 	at com.android.server.pm.permission.DefaultPermissionGrantPolicy.isSystemPackage(DefaultPermissionGrantPolicy.java:962)
06-22 10:27:09.877 E/DefaultPermGrantPolicy( 1916): 	at com.android.server.pm.permission.DefaultPermissionGrantPolicy.grantPermissionsToSystemPackage(DefaultPermissionGrantPolicy.java:363)
06-22 10:27:09.877 E/DefaultPermGrantPolicy( 1916): 	at com.android.server.pm.permission.DefaultPermissionGrantPolicy.grantPermissionsToSystemPackage(DefaultPermissionGrantPolicy.java:356)
06-22 10:27:09.877 E/DefaultPermGrantPolicy( 1916): 	at com.android.server.pm.permission.DefaultPermissionGrantPolicy.grantDefaultSystemHandlerPermissions(DefaultPermissionGrantPolicy.java:647)
06-22 10:27:09.877 E/DefaultPermGrantPolicy( 1916): 	at com.android.server.pm.permission.DefaultPermissionGrantPolicy.grantDefaultPermissions(DefaultPermissionGrantPolicy.java:295)
06-22 10:27:09.877 E/DefaultPermGrantPolicy( 1916): 	at com.android.server.pm.PackageManagerService.systemReady(PackageManagerService.java:21619)
06-22 10:27:09.877 E/DefaultPermGrantPolicy( 1916): 	at com.android.server.SystemServer.startOtherServices(SystemServer.java:1977)
06-22 10:27:09.877 E/DefaultPermGrantPolicy( 1916): 	at com.android.server.SystemServer.run(SystemServer.java:512)
06-22 10:27:09.877 E/DefaultPermGrantPolicy( 1916): 	at com.android.server.SystemServer.main(SystemServer.java:349)
06-22 10:27:09.877 E/DefaultPermGrantPolicy( 1916): 	at java.lang.reflect.Method.invoke(Native Method)
06-22 10:27:09.877 E/DefaultPermGrantPolicy( 1916): 	at com.android.internal.os.RuntimeInit$MethodAndArgsCaller.run(RuntimeInit.java:492)
06-22 10:27:09.877 E/DefaultPermGrantPolicy( 1916): 	at com.android.internal.os.ZygoteInit.main(ZygoteInit.java:908)
06-22 10:27:09.878 D/vold    ( 1574): Remounting 10141 as mode default
06-22 10:27:09.880 I/chatty  ( 1574): uid=0(root) Binder:1574_3 identical 2 lines
06-22 10:27:09.881 D/vold    ( 1574): Remounting 10141 as mode default
06-22 10:27:09.887 D/vold    ( 1574): Remounting 10116 as mode default
06-22 10:27:09.888 I/chatty  ( 1574): uid=0(root) Binder:1574_3 identical 2 lines
06-22 10:27:09.889 D/vold    ( 1574): Remounting 10116 as mode default
06-22 10:27:09.891 D/vold    ( 1574): Remounting 10127 as mode default
06-22 10:27:09.893 I/chatty  ( 1574): uid=0(root) Binder:1574_3 identical 2 lines
06-22 10:27:09.893 D/vold    ( 1574): Remounting 10127 as mode default
06-22 10:27:09.894 E/DefaultPermGrantPolicy( 1916): PackageNot found: com.google.android.as
06-22 10:27:09.894 E/DefaultPermGrantPolicy( 1916): android.content.pm.PackageManager$NameNotFoundException: com.google.android.as
06-22 10:27:09.894 E/DefaultPermGrantPolicy( 1916): 	at android.app.ApplicationPackageManager.getPackageInfoAsUser(ApplicationPackageManager.java:190)
06-22 10:27:09.894 E/DefaultPermGrantPolicy( 1916): 	at android.app.ApplicationPackageManager.getPackageInfo(ApplicationPackageManager.java:159)
06-22 10:27:09.894 E/DefaultPermGrantPolicy( 1916): 	at com.android.server.pm.permission.DefaultPermissionGrantPolicy.getPackageInfo(DefaultPermissionGrantPolicy.java:1302)
06-22 10:27:09.894 E/DefaultPermGrantPolicy( 1916): 	at com.android.server.pm.permission.DefaultPermissionGrantPolicy.getPackageInfo(DefaultPermissionGrantPolicy.java:1293)
06-22 10:27:09.894 E/DefaultPermGrantPolicy( 1916): 	at com.android.server.pm.permission.DefaultPermissionGrantPolicy.isSystemPackage(DefaultPermissionGrantPolicy.java:962)
06-22 10:27:09.894 E/DefaultPermGrantPolicy( 1916): 	at com.android.server.pm.permission.DefaultPermissionGrantPolicy.grantPermissionsToSystemPackage(DefaultPermissionGrantPolicy.java:363)
06-22 10:27:09.894 E/DefaultPermGrantPolicy( 1916): 	at com.android.server.pm.permission.DefaultPermissionGrantPolicy.grantPermissionsToSystemPackage(DefaultPermissionGrantPolicy.java:356)
06-22 10:27:09.894 E/DefaultPermGrantPolicy( 1916): 	at com.android.server.pm.permission.DefaultPermissionGrantPolicy.grantDefaultSystemHandlerPermissions(DefaultPermissionGrantPolicy.java:721)
06-22 10:27:09.894 E/DefaultPermGrantPolicy( 1916): 	at com.android.server.pm.permission.DefaultPermissionGrantPolicy.grantDefaultPermissions(DefaultPermissionGrantPolicy.java:295)
06-22 10:27:09.894 E/DefaultPermGrantPolicy( 1916): 	at com.android.server.pm.PackageManagerService.systemReady(PackageManagerService.java:21619)
06-22 10:27:09.894 E/DefaultPermGrantPolicy( 1916): 	at com.android.server.SystemServer.startOtherServices(SystemServer.java:1977)
06-22 10:27:09.894 E/DefaultPermGrantPolicy( 1916): 	at com.android.server.SystemServer.run(SystemServer.java:512)
06-22 10:27:09.894 E/DefaultPermGrantPolicy( 1916): 	at com.android.server.SystemServer.main(SystemServer.java:349)
06-22 10:27:09.894 E/DefaultPermGrantPolicy( 1916): 	at java.lang.reflect.Method.invoke(Native Method)
06-22 10:27:09.894 E/DefaultPermGrantPolicy( 1916): 	at com.android.internal.os.RuntimeInit$MethodAndArgsCaller.run(RuntimeInit.java:492)
06-22 10:27:09.894 E/DefaultPermGrantPolicy( 1916): 	at com.android.internal.os.ZygoteInit.main(ZygoteInit.java:908)
06-22 10:27:09.894 D/vold    ( 1574): Remounting 10067 as mode full
06-22 10:27:09.896 I/chatty  ( 1574): uid=0(root) Binder:1574_3 identical 2 lines
06-22 10:27:09.897 D/vold    ( 1574): Remounting 10067 as mode full
06-22 10:27:09.897 E/DefaultPermGrantPolicy( 1916): PackageNot found: com.google.android.as
06-22 10:27:09.897 E/DefaultPermGrantPolicy( 1916): android.content.pm.PackageManager$NameNotFoundException: com.google.android.as
06-22 10:27:09.897 E/DefaultPermGrantPolicy( 1916): 	at android.app.ApplicationPackageManager.getPackageInfoAsUser(ApplicationPackageManager.java:190)
06-22 10:27:09.897 E/DefaultPermGrantPolicy( 1916): 	at android.app.ApplicationPackageManager.getPackageInfo(ApplicationPackageManager.java:159)
06-22 10:27:09.897 E/DefaultPermGrantPolicy( 1916): 	at com.android.server.pm.permission.DefaultPermissionGrantPolicy.getPackageInfo(DefaultPermissionGrantPolicy.java:1302)
06-22 10:27:09.897 E/DefaultPermGrantPolicy( 1916): 	at com.android.server.pm.permission.DefaultPermissionGrantPolicy.getPackageInfo(DefaultPermissionGrantPolicy.java:1293)
06-22 10:27:09.897 E/DefaultPermGrantPolicy( 1916): 	at com.android.server.pm.permission.DefaultPermissionGrantPolicy.isSystemPackage(DefaultPermissionGrantPolicy.java:962)
06-22 10:27:09.897 E/DefaultPermGrantPolicy( 1916): 	at com.android.server.pm.permission.DefaultPermissionGrantPolicy.grantPermissionsToSystemPackage(DefaultPermissionGrantPolicy.java:363)
06-22 10:27:09.897 E/DefaultPermGrantPolicy( 1916): 	at com.android.server.pm.permission.DefaultPermissionGrantPolicy.grantPermissionsToSystemPackage(DefaultPermissionGrantPolicy.java:356)
06-22 10:27:09.897 E/DefaultPermGrantPolicy( 1916): 	at com.android.server.pm.permission.DefaultPermissionGrantPolicy.grantDefaultSystemHandlerPermissions(DefaultPermissionGrantPolicy.java:743)
06-22 10:27:09.897 E/DefaultPermGrantPolicy( 1916): 	at com.android.server.pm.permission.DefaultPermissionGrantPolicy.grantDefaultPermissions(DefaultPermissionGrantPolicy.java:295)
06-22 10:27:09.897 E/DefaultPermGrantPolicy( 1916): 	at com.android.server.pm.PackageManagerService.systemReady(PackageManagerService.java:21619)
06-22 10:27:09.897 E/DefaultPermGrantPolicy( 1916): 	at com.android.server.SystemServer.startOtherServices(SystemServer.java:1977)
06-22 10:27:09.897 E/DefaultPermGrantPolicy( 1916): 	at com.android.server.SystemServer.run(SystemServer.java:512)
06-22 10:27:09.897 E/DefaultPermGrantPolicy( 1916): 	at com.android.server.SystemServer.main(SystemServer.java:349)
06-22 10:27:09.897 E/DefaultPermGrantPolicy( 1916): 	at java.lang.reflect.Method.invoke(Native Method)
06-22 10:27:09.897 E/DefaultPermGrantPolicy( 1916): 	at com.android.internal.os.RuntimeInit$MethodAndArgsCaller.run(RuntimeInit.java:492)
06-22 10:27:09.897 E/DefaultPermGrantPolicy( 1916): 	at com.android.internal.os.ZygoteInit.main(ZygoteInit.java:908)
06-22 10:27:09.908 I/PackageManager( 1916): Un-granting permission android.permission.MANAGE_DOCUMENTS from package com.google.android.youtube (protectionLevel=262146 flags=0x30dbbe45)
06-22 10:27:09.908 I/PackageManager( 1916): Un-granting permission com.google.android.googleapps.permission.GOOGLE_AUTH from package com.android.providers.calendar (protectionLevel=2 flags=0x30883e45)
06-22 10:27:09.909 I/PackageManager( 1916): Un-granting permission com.google.android.googleapps.permission.GOOGLE_AUTH.cl from package com.android.providers.calendar (protectionLevel=2 flags=0x30883e45)
06-22 10:27:09.909 I/PackageManager( 1916): Un-granting permission android.permission.WRITE_SECURE_SETTINGS from package com.google.android.apps.enterprise.dmagent (protectionLevel=50 flags=0x30883e05)
06-22 10:27:09.909 I/PackageManager( 1916): Un-granting permission android.permission.CONNECTIVITY_INTERNAL from package com.google.android.apps.enterprise.dmagent (protectionLevel=18 flags=0x30883e05)
06-22 10:27:09.909 I/PackageManager( 1916): Un-granting permission android.permission.MANAGE_USB from package com.google.android.apps.enterprise.dmagent (protectionLevel=18 flags=0x30883e05)
06-22 10:27:09.909 I/PackageManager( 1916): Un-granting permission android.permission.CHANGE_COMPONENT_ENABLED_STATE from package com.google.android.apps.enterprise.dmagent (protectionLevel=18 flags=0x30883e05)
06-22 10:27:09.909 I/PackageManager( 1916): Un-granting permission android.permission.MANAGE_CA_CERTIFICATES from package com.google.android.apps.enterprise.dmagent (protectionLevel=18 flags=0x30883e05)
06-22 10:27:09.909 I/PackageManager( 1916): Un-granting permission android.permission.MANAGE_USERS from package com.google.android.apps.enterprise.dmagent (protectionLevel=18 flags=0x30883e05)
06-22 10:27:09.909 I/PackageManager( 1916): Un-granting permission com.google.android.setupwizard.READ_DEVICE_ORIGIN from package com.google.android.apps.messaging (protectionLevel=18 flags=0x38cbbe45)
06-22 10:27:09.910 I/PackageManager( 1916): Un-granting permission android.permission.BIND_WALLPAPER from package com.android.camera2 (protectionLevel=18 flags=0x20d8bc45)
06-22 10:27:09.911 I/PackageManager( 1916): Un-granting permission android.permission.REQUEST_INSTALL_PACKAGES from package com.google.android.gm (protectionLevel=66 flags=0x38cbbe45)
06-22 10:27:09.911 I/PackageManager( 1916): Un-granting permission android.permission.BIND_JOB_SERVICE from package com.google.android.music (protectionLevel=2 flags=0x38cbbe65)
06-22 10:27:09.911 I/PackageManager( 1916): Un-granting permission android.permission.CONNECTIVITY_USE_RESTRICTED_NETWORKS from package com.google.android.captiveportallogin (protectionLevel=18 flags=0x38c8be45)
06-22 10:27:09.911 I/PackageManager( 1916): Un-granting permission android.permission.NETWORK_BYPASS_PRIVATE_DNS from package com.google.android.captiveportallogin (protectionLevel=2 flags=0x38c8be45)
06-22 10:27:09.911 I/PackageManager( 1916): Un-granting permission android.permission.REQUEST_INSTALL_PACKAGES from package com.google.android.apps.docs (protectionLevel=66 flags=0x38cbbe45)
06-22 10:27:09.912 I/PackageManager( 1916): Un-granting permission android.permission.INTERACT_ACROSS_USERS from package com.google.android.syncadapters.contacts (protectionLevel=50 flags=0x20883e45)
06-22 10:27:09.912 I/PackageManager( 1916): Un-granting permission android.permission.REQUEST_INSTALL_PACKAGES from package com.android.chrome (protectionLevel=66 flags=0xa0cbbe45)
06-22 10:27:09.912 I/PackageManager( 1916): Un-granting permission com.google.android.apps.now.CURRENT_ACCOUNT_ACCESS from package com.android.chrome (protectionLevel=2 flags=0xa0cbbe45)
06-22 10:27:09.912 I/PackageManager( 1916): Un-granting permission android.permission.CAPTURE_VIDEO_OUTPUT from package com.google.android.gms (protectionLevel=2 flags=0xb0cabe45)
06-22 10:27:09.913 I/PackageManager( 1916): Un-granting permission android.permission.MANAGE_DEVICE_ADMINS from package com.google.android.gms (protectionLevel=2 flags=0xb0cabe45)
06-22 10:27:09.913 I/PackageManager( 1916): Un-granting permission android.permission.MANAGE_ACTIVITY_STACKS from package com.google.android.gms (protectionLevel=2 flags=0xb0cabe45)
06-22 10:27:09.913 I/PackageManager( 1916): Un-granting permission android.permission.CAPTURE_SECURE_VIDEO_OUTPUT from package com.google.android.gms (protectionLevel=2 flags=0xb0cabe45)
06-22 10:27:09.913 I/PackageManager( 1916): Un-granting permission android.permission.MANAGE_ROLLBACKS from package com.google.android.gms (protectionLevel=514 flags=0xb0cabe45)
06-22 10:27:09.914 I/PackageManager( 1916): Un-granting permission com.google.android.googleapps.permission.GOOGLE_AUTH from package com.google.android.videos (protectionLevel=2 flags=0x30dbbe45)
06-22 10:27:09.914 I/PackageManager( 1916): Un-granting permission android.permission.WRITE_MEDIA_STORAGE from package com.google.android.apps.photos (protectionLevel=18 flags=0x38d9be45)
06-22 10:27:09.919 V/UserDataPreparer( 1916): Found /data/user_de/0 with serial number -1
06-22 10:27:09.919 D/UserDataPreparer( 1916): Serial number missing on /data/user_de/0; assuming current is valid
06-22 10:27:09.920 V/UserDataPreparer( 1916): Found /data/user/0 with serial number -1
06-22 10:27:09.920 D/UserDataPreparer( 1916): Serial number missing on /data/user/0; assuming current is valid
06-22 10:27:09.920 V/UserDataPreparer( 1916): Found /data/system_de/0 with serial number -1
06-22 10:27:09.920 D/UserDataPreparer( 1916): Serial number missing on /data/system_de/0; assuming current is valid
06-22 10:27:09.921 D/SystemServerTiming( 1916): MakePackageManagerServiceReady took to complete: 373ms
06-22 10:27:09.921 I/SystemServer( 1916): MakeDisplayManagerServiceReady
06-22 10:27:09.928 E/DisplayModeDirector( 1916): Asked about unknown display, returning empty allowed set! (id=0)
06-22 10:27:09.928 E/DisplayModeDirector( 1916): Asked about unknown display, returning empty allowed set! (id=0)
06-22 10:27:09.929 D/SystemServerTiming( 1916): MakeDisplayManagerServiceReady took to complete: 9ms
06-22 10:27:09.929 I/SystemServer( 1916): StartDeviceSpecificServices
06-22 10:27:09.930 D/SystemServerTiming( 1916): StartDeviceSpecificServices took to complete: 0ms
06-22 10:27:09.930 I/SystemServer( 1916): StartBootPhaseDeviceSpecificServicesReady
06-22 10:27:09.930 I/SystemServiceManager( 1916): Starting phase 520
06-22 10:27:09.933 D/SystemServerTiming( 1916): StartBootPhaseDeviceSpecificServicesReady took to complete: 3ms
06-22 10:27:09.933 I/SystemServer( 1916): StartPermissionPolicyService
06-22 10:27:09.933 I/SystemServiceManager( 1916): Starting com.android.server.policy.PermissionPolicyService
06-22 10:27:09.934 D/SystemServerTiming( 1916): StartPermissionPolicyService took to complete: 1ms
06-22 10:27:09.934 W/UsageStatsService( 1916): Event reported without a package name, eventType:15
06-22 10:27:09.934 I/AppOps  ( 1916): Pruning old package system/com.android.server.appop.AppOpsService$UidState@dcc250c: new uid=-1
06-22 10:27:09.934 I/ActivityManager( 1916): System now ready
06-22 10:27:09.937 I/SystemServer( 1916): Making services ready
06-22 10:27:09.937 I/SystemServer( 1916): StartActivityManagerReadyPhase
06-22 10:27:09.937 I/SystemServiceManager( 1916): Starting phase 550
06-22 10:27:09.938 I/android_os_HwBinder( 1916): HwBinder: Starting thread pool for getting: android.hardware.thermal@2.0::IThermal/default
06-22 10:27:09.938 I/android.hardware.thermal@2.0-service-mock( 1711): A callback has been registered to ThermalHAL, isFilter: 0 Type: CPU
06-22 10:27:09.940 W/ActivityManager( 1916): Too early to start/bind service in system_server: Phase=550 ComponentInfo{com.android.server.telecom/com.android.server.telecom.components.TelecomService}
06-22 10:27:09.940 W/ActivityManager( 1916): Too early to start/bind service in system_server: Phase=550 ComponentInfo{com.android.server.telecom/com.android.server.telecom.components.TelecomService}
06-22 10:27:09.951 D/PackageManager( 1916): Instant App installer not found with android.intent.action.INSTALL_INSTANT_APP_PACKAGE
06-22 10:27:09.952 D/PackageManager( 1916): Clear ephemeral installer activity
06-22 10:27:09.952 D/PackageManager( 1916): Instant App installer not found with android.intent.action.INSTALL_INSTANT_APP_PACKAGE
06-22 10:27:09.952 D/PackageManager( 1916): Clear ephemeral installer activity
06-22 10:27:09.952 D/PackageManager( 1916): Instant App installer not found with android.intent.action.INSTALL_INSTANT_APP_PACKAGE
06-22 10:27:09.952 D/PackageManager( 1916): Clear ephemeral installer activity
06-22 10:27:09.961 D/StorageManagerService( 1916): Isolated storage local flag 0 and remote flag 0 resolved to true
06-22 10:27:09.965 D/Zygote  ( 1662): Forked child process 2060
06-22 10:27:09.968 I/LockSettingsService( 1916): Migrated migrated_frp.
06-22 10:27:09.969 I/WallpaperManagerService( 1916): No static wallpaper imagery; defaults will be shown
06-22 10:27:09.969 V/WallpaperManagerService( 1916): bindWallpaperComponentLocked: componentName=ComponentInfo{com.android.systemui/com.android.systemui.ImageWallpaper}
06-22 10:27:09.969 W/.gms.persisten( 2060): Unexpected CPU variant for X86 using defaults: x86_64
06-22 10:27:09.970 W/WallpaperManagerService( 1916): no current wallpaper -- first boot?
06-22 10:27:09.971 I/ActivityManager( 1916): Start proc 2060:com.google.android.gms.persistent/u0a119 for broadcast {com.google.android.gms/com.google.android.gms.chimera.GmsIntentOperationService$PersistentTrustedReceiver}
06-22 10:27:09.971 E/BluetoothAdapter( 1916): Bluetooth binder is null
06-22 10:27:09.971 E/BluetoothAdapter( 1916): Bluetooth binder is null
06-22 10:27:09.973 D/Zygote  ( 1662): Forked child process 2070
06-22 10:27:09.974 I/AudioFlinger( 1718): systemReady
06-22 10:27:09.975 I/AppBindingService( 1916): Updating constants with: null
06-22 10:27:09.977 W/ndroid.systemu( 2070): Unexpected CPU variant for X86 using defaults: x86_64
06-22 10:27:09.981 I/ActivityManager( 1916): Start proc 2070:com.android.systemui/u0a115 for service {com.android.systemui/com.android.systemui.ImageWallpaper}
06-22 10:27:09.989 D/Zygote  ( 1662): Forked child process 2098
06-22 10:27:09.991 W/ssioncontrolle( 2098): Unexpected CPU variant for X86 using defaults: x86_64
06-22 10:27:09.994 D/StagefrightPluginLoader( 1763): CCodec is disabled.
06-22 10:27:09.994 D/StagefrightPluginLoader( 1763): Handle or CreateInputSurface symbol is null
06-22 10:27:09.994 D/MediaCodecList( 1763): Allowing all OMX codecs
06-22 10:27:09.994 D/StagefrightPluginLoader( 1763): Handle or CreateBuilder symbol is null
06-22 10:27:09.994 I/ActivityManager( 1916): Start proc 2098:com.google.android.permissioncontroller/u0a74 for service {com.google.android.permissioncontroller/com.android.packageinstaller.permission.service.PermissionControllerServiceImpl}
06-22 10:27:09.996 I/OMXClient( 1763): IOmx service obtained
06-22 10:27:09.996 I/OMXMaster( 1768): makeComponentInstance(OMX.google.aac.decoder) in android.hardwar process
06-22 10:27:10.002 I/OMXClient( 1763): IOmx service obtained
06-22 10:27:10.002 I/OMXMaster( 1768): makeComponentInstance(OMX.google.amrnb.decoder) in android.hardwar process
06-22 10:27:10.007 I/OMXClient( 1763): IOmx service obtained
06-22 10:27:10.007 I/OMXMaster( 1768): makeComponentInstance(OMX.google.amrwb.decoder) in android.hardwar process
06-22 10:27:10.013 I/.gms.persisten( 2060): The ClassLoaderContext is a special shared library.
06-22 10:27:10.016 I/ndroid.systemu( 2070): The ClassLoaderContext is a special shared library.
06-22 10:27:10.018 I/.gms.persisten( 2060): The ClassLoaderContext is a special shared library.
06-22 10:27:10.019 I/ssioncontrolle( 2098): The ClassLoaderContext is a special shared library.
06-22 10:27:10.019 I/.gms.persisten( 2060): The ClassLoaderContext is a special shared library.
06-22 10:27:10.021 I/OMXClient( 1763): IOmx service obtained
06-22 10:27:10.021 I/OMXMaster( 1768): makeComponentInstance(OMX.google.flac.decoder) in android.hardwar process
06-22 10:27:10.022 I/.gms.persisten( 2060): The ClassLoaderContext is a special shared library.
06-22 10:27:10.031 I/OMXClient( 1763): IOmx service obtained
06-22 10:27:10.032 I/OMXMaster( 1768): makeComponentInstance(OMX.google.g711.alaw.decoder) in android.hardwar process
06-22 10:27:10.040 I/OMXClient( 1763): IOmx service obtained
06-22 10:27:10.040 I/OMXMaster( 1768): makeComponentInstance(OMX.google.g711.mlaw.decoder) in android.hardwar process
06-22 10:27:10.043 I/OMXClient( 1763): IOmx service obtained
06-22 10:27:10.043 I/OMXMaster( 1768): makeComponentInstance(OMX.google.gsm.decoder) in android.hardwar process
06-22 10:27:10.043 W/StorageManagerService( 1916): No primary storage defined yet; hacking together a stub
06-22 10:27:10.045 W/ContextImpl( 2060): Failed to ensure /data/user/0/com.google.android.gms/cache: mkdir failed: ENOENT (No such file or directory)
06-22 10:27:10.045 W/ContextImpl( 2060): Failed to update user.inode_cache: stat failed: ENOENT (No such file or directory)
06-22 10:27:10.052 D/PackageManager( 1916): Instant App installer not found with android.intent.action.INSTALL_INSTANT_APP_PACKAGE
06-22 10:27:10.052 D/PackageManager( 1916): Clear ephemeral installer activity
06-22 10:27:10.053 I/OMXClient( 1763): IOmx service obtained
06-22 10:27:10.053 I/OMXMaster( 1768): makeComponentInstance(OMX.google.mp3.decoder) in android.hardwar process
06-22 10:27:10.060 I/OMXClient( 1763): IOmx service obtained
06-22 10:27:10.060 W/AlarmManager( 2070): Unrecognized alarm listener com.android.systemui.keyguard.-$$Lambda$KeyguardSliceProvider$IhzByd8TsqFuOrSyuGurVskyPLo@d6c20ea
06-22 10:27:10.060 I/OMXMaster( 1768): makeComponentInstance(OMX.google.opus.decoder) in android.hardwar process
06-22 10:27:10.065 I/OMXClient( 1763): IOmx service obtained
06-22 10:27:10.065 I/OMXMaster( 1768): makeComponentInstance(OMX.google.raw.decoder) in android.hardwar process
