--------- beginning of main
06-22 17:07:54.130 W/auditd  ( 1565): type=2000 audit(0.0:1): state=initialized audit_enabled=0 res=1
06-22 17:07:57.810 I/auditd  ( 1565): type=1403 audit(0.0:2): policy loaded auid=4294967295 ses=4294967295
06-22 17:07:57.810 W/auditd  ( 1565): type=1404 audit(0.0:3): enforcing=1 old_enforcing=0 auid=4294967295 ses=4294967295
06-22 17:07:59.500 I/SELinux ( 1566): SELinux: Loaded service_contexts from:
06-22 17:07:59.501 I/SELinux ( 1566):     /system/etc/selinux/plat_service_contexts
06-22 17:07:59.507 I/SELinux ( 1568): SELinux: Loaded service_contexts from:
06-22 17:07:59.507 I/SELinux ( 1568):     /vendor/etc/selinux/vndservice_contexts
06-22 17:07:59.512 I/hwservicemanager( 1567): hwservicemanager is ready now.
--------- beginning of system
06-22 17:07:59.552 I/vold    ( 1574): Vold 3.0 (the awakening) firing up
06-22 17:07:59.552 D/vold    ( 1574): Detected support for: ext4 f2fs vfat
06-22 17:07:59.553 D/vold    ( 1574): Found unmanaged dm device named vendor
06-22 17:07:59.553 D/vold    ( 1574): Found unmanaged dm device named system
06-22 17:07:59.553 D/vold    ( 1574): Found unmanaged dm device named system-verity
06-22 17:07:59.553 W/vold    ( 1574): Failed to LOOP_GET_STATUS64 /dev/block/loop5: No such device or address
06-22 17:07:59.553 W/vold    ( 1574): Failed to LOOP_GET_STATUS64 /dev/block/loop7: No such device or address
06-22 17:07:59.553 W/vold    ( 1574): Failed to LOOP_GET_STATUS64 /dev/block/loop4: No such device or address
06-22 17:07:59.553 W/vold    ( 1574): Failed to LOOP_GET_STATUS64 /dev/block/loop1: No such device or address
06-22 17:07:59.553 W/vold    ( 1574): Failed to LOOP_GET_STATUS64 /dev/block/loop3: No such device or address
06-22 17:07:59.553 W/vold    ( 1574): Failed to LOOP_GET_STATUS64 /dev/block/loop0: No such device or address
06-22 17:07:59.553 W/vold    ( 1574): Failed to LOOP_GET_STATUS64 /dev/block/loop2: No such device or address
06-22 17:07:59.553 W/vold    ( 1574): Failed to LOOP_GET_STATUS64 /dev/block/loop6: No such device or address
06-22 17:07:59.553 I/vold    ( 1574): Skip mounting partition: /product
06-22 17:07:59.553 I/vold    ( 1574): Skip mounting partition: /product_services
06-22 17:07:59.555 D/vold    ( 1574): VoldNativeService::start() completed OK
06-22 17:07:59.847 I/vold    ( 1574): fscrypt_initialize_global_de
06-22 17:07:59.847 I/vold    ( 1574): Creating new key in /data/unencrypted/key
06-22 17:07:59.858 I/hwservicemanager( 1567): getTransport: Cannot find entry android.hardware.keymaster@4.0::IKeymasterDevice/default in either framework or device manifest.
06-22 17:07:59.859 I/ServiceManagement( 1574): getService: Trying again for android.hardware.keymaster@3.0::IKeymasterDevice/default...
06-22 17:07:59.880 I/android.hardware.keymaster@3.0-impl( 1628): Fetching keymaster device name default
06-22 17:07:59.880 I/android.hardware.keymaster@3.0-impl( 1628): Could not find any keystore module, using software-only implementation.
06-22 17:07:59.880 I/ServiceManagement( 1628): Registered android.hardware.keymaster@3.0::IKeymasterDevice/default (start delay of 61ms)
06-22 17:07:59.880 I/ServiceManagement( 1628): Removing namespace from process name android.hardware.keymaster@3.0-service to keymaster@3.0-service.
06-22 17:07:59.880 I/android.hardware.keymaster@3.0-service( 1628): Registration complete for android.hardware.keymaster@3.0::IKeymasterDevice/default.
06-22 17:07:59.881 I/vold    ( 1574): List of Keymaster HALs found:
06-22 17:07:59.881 I/vold    ( 1574): Keymaster HAL #1: SoftwareKeymasterDevice from Google SecurityLevel: SOFTWARE HAL: android.hardware.keymaster@3.0::IKeymasterDevice/default
06-22 17:07:59.881 I/vold    ( 1574): Using SoftwareKeymasterDevice from Google for encryption.  Security level: SOFTWARE, HAL: android.hardware.keymaster@3.0::IKeymasterDevice/default
06-22 17:07:59.881 D/vold    ( 1574): Creating key that doesn't need auth token
06-22 17:07:59.886 D/RefBase ( 1574): RefBase: Explicit destruction, weak count = 0 (in 0x7fb27c21e170)
06-22 17:07:59.886 W/RefBase ( 1574): CallStack::getCurrentInternal not linked, returning null
06-22 17:07:59.886 W/RefBase ( 1574): CallStack::logStackInternal not linked
06-22 17:07:59.887 D/vold    ( 1574): Created key: /data/unencrypted/key
06-22 17:07:59.887 D/vold    ( 1574): Added key 288498820 (ext4:6f82610f69120b6b) to keyring 545699094 in process 1574
06-22 17:07:59.887 D/vold    ( 1574): Added key 406908695 (f2fs:6f82610f69120b6b) to keyring 545699094 in process 1574
06-22 17:07:59.887 D/vold    ( 1574): Added key 580400755 (fscrypt:6f82610f69120b6b) to keyring 545699094 in process 1574
06-22 17:07:59.889 I/vold    ( 1574): Wrote system DE key reference to:/data/unencrypted/ref
06-22 17:07:59.915 E/fsverity_init( 1637): Failed to load /product/etc/security/fsverity/*.der
06-22 17:07:59.919 E//system/bin/mini-keyctl( 1638): Cannot find keyring id
06-22 17:07:59.920 W/init    (    1): type=1400 audit(0.0:4): avc: denied { ioctl } for path="/data/misc" dev="vdc" ino=13 ioctlcmd=0x6615 scontext=u:r:init:s0 tcontext=u:object_r:unlabeled:s0 tclass=dir permissive=0
06-22 17:07:59.923 E/fsverity_init( 1639): Failed to restrict .fs-verity keyring
06-22 17:07:59.930 W/ls      ( 1641): type=1400 audit(0.0:5): avc: denied { getattr } for path="/data/misc" dev="vdc" ino=13 scontext=u:r:toolbox:s0 tcontext=u:object_r:unlabeled:s0 tclass=dir permissive=0
06-22 17:07:59.944 I/apexd   ( 1640): Marking APEXd as starting
06-22 17:07:59.945 I/ls      (    1): ls: /data/misc: Permission denied
06-22 17:07:59.946 I/ls      (    1): ls terminated by exit(1)
06-22 17:07:59.966 I/apexd   ( 1640): Scanning /system/apex for embedded keys
06-22 17:07:59.968 V/apexd   ( 1640): Found bundled key in package /system/apex/com.android.apex.cts.shim.apex
06-22 17:07:59.968 I/apexd   ( 1640): Scanning /product/apex for embedded keys
06-22 17:07:59.970 I/apexd   ( 1640): ... does not exist. Skipping
06-22 17:07:59.971 I/apexd   ( 1640): Populating APEX database from mounts...
06-22 17:07:59.973 E/apexd   ( 1640): Failed to walk /product/apex : Can't open /product/apex for reading : No such file or directory
06-22 17:07:59.976 I/apexd   ( 1640): Found "/apex/com.android.runtime@1"
06-22 17:07:59.978 I/apexd   ( 1640): Found "/apex/com.android.tzdata@290000000"
06-22 17:07:59.982 I/apexd   ( 1640): 2 packages restored.
06-22 17:07:59.984 I/apexd   ( 1640): Scanning /data/apex/sessions looking for sessions to be activated.
06-22 17:07:59.987 I/apexd   ( 1640): Scanning /data/apex/active looking for APEX packages.
06-22 17:07:59.990 I/apexd   ( 1640): Activated 0 packages. Skipped: 0
06-22 17:07:59.993 I/apexd   ( 1640): Scanning /system/apex looking for APEX packages.
06-22 17:07:59.994 I/apexd   ( 1640): Found /system/apex/com.android.resolv
06-22 17:07:59.997 V/apexd   ( 1640): Creating mount point: /apex/com.android.resolv@290000000
06-22 17:07:59.997 I/apexd   ( 1640): Successfully bind-mounted flattened package /system/apex/com.android.resolv on /apex/com.android.resolv@290000000
06-22 17:08:00.002 V/apexd   ( 1640): Creating bind-mount for /apex/com.android.resolv for /apex/com.android.resolv@290000000
06-22 17:08:00.003 V/apexd   ( 1640): Creating mountpoint /apex/com.android.resolv
06-22 17:08:00.003 V/apexd   ( 1640): Bind-mounting /apex/com.android.resolv@290000000 to /apex/com.android.resolv
06-22 17:08:00.003 D/apexd   ( 1640): Successfully activated /system/apex/com.android.resolv package_name: com.android.resolv version: 290000000
06-22 17:08:00.003 I/apexd   ( 1640): Found /system/apex/com.android.media.swcodec
06-22 17:08:00.005 V/apexd   ( 1640): Creating mount point: /apex/com.android.media.swcodec@290000000
06-22 17:08:00.005 I/apexd   ( 1640): Successfully bind-mounted flattened package /system/apex/com.android.media.swcodec on /apex/com.android.media.swcodec@290000000
06-22 17:08:00.010 V/apexd   ( 1640): Creating bind-mount for /apex/com.android.media.swcodec for /apex/com.android.media.swcodec@290000000
06-22 17:08:00.012 V/apexd   ( 1640): Creating mountpoint /apex/com.android.media.swcodec
06-22 17:08:00.012 V/apexd   ( 1640): Bind-mounting /apex/com.android.media.swcodec@290000000 to /apex/com.android.media.swcodec
06-22 17:08:00.012 D/apexd   ( 1640): Successfully activated /system/apex/com.android.media.swcodec package_name: com.android.media.swcodec version: 290000000
06-22 17:08:00.012 I/apexd   ( 1640): Found /system/apex/com.android.apex.cts.shim.apex
06-22 17:08:00.014 V/apexd   ( 1640): Found bundled key in package /system/apex/com.android.apex.cts.shim.apex
06-22 17:08:00.014 I/apexd   ( 1640): Skipping activation of non-flattened apex package /system/apex/com.android.apex.cts.shim.apex because device doesn't support it
06-22 17:08:00.019 I/apexd   ( 1640): Found /system/apex/com.android.conscrypt
06-22 17:08:00.022 V/apexd   ( 1640): Creating mount point: /apex/com.android.conscrypt@290000000
06-22 17:08:00.022 I/apexd   ( 1640): Successfully bind-mounted flattened package /system/apex/com.android.conscrypt on /apex/com.android.conscrypt@290000000
06-22 17:08:00.027 V/apexd   ( 1640): Creating bind-mount for /apex/com.android.conscrypt for /apex/com.android.conscrypt@290000000
06-22 17:08:00.028 V/apexd   ( 1640): Creating mountpoint /apex/com.android.conscrypt
06-22 17:08:00.028 V/apexd   ( 1640): Bind-mounting /apex/com.android.conscrypt@290000000 to /apex/com.android.conscrypt
06-22 17:08:00.028 D/apexd   ( 1640): Successfully activated /system/apex/com.android.conscrypt package_name: com.android.conscrypt version: 290000000
06-22 17:08:00.028 I/apexd   ( 1640): Found /system/apex/com.android.runtime.debug
06-22 17:08:00.030 I/apexd   ( 1640): Skipping activation of /system/apex/com.android.runtime.debug same package with higher version 1 is already active
06-22 17:08:00.034 I/apexd   ( 1640): Found /system/apex/com.android.tzdata
06-22 17:08:00.036 I/apexd   ( 1640): Skipping activation of /system/apex/com.android.tzdata same package with higher version 290000000 is already active
06-22 17:08:00.041 I/apexd   ( 1640): Found /system/apex/com.android.media
06-22 17:08:00.043 V/apexd   ( 1640): Creating mount point: /apex/com.android.media@290000000
06-22 17:08:00.044 I/apexd   ( 1640): Successfully bind-mounted flattened package /system/apex/com.android.media on /apex/com.android.media@290000000
06-22 17:08:00.049 V/apexd   ( 1640): Creating bind-mount for /apex/com.android.media for /apex/com.android.media@290000000
06-22 17:08:00.049 V/apexd   ( 1640): Creating mountpoint /apex/com.android.media
06-22 17:08:00.049 V/apexd   ( 1640): Bind-mounting /apex/com.android.media@290000000 to /apex/com.android.media
06-22 17:08:00.049 D/apexd   ( 1640): Successfully activated /system/apex/com.android.media package_name: com.android.media version: 290000000
06-22 17:08:00.049 I/apexd   ( 1640): Activated 4 packages. Skipped: 3
06-22 17:08:00.050 I/apexd   ( 1640): Scanning /product/apex looking for APEX packages.
06-22 17:08:00.053 E/apexd   ( 1640): Failed to activate packages from /product/apex : Failed to scan /product/apex : Can't open /product/apex for reading : No such file or directory
06-22 17:08:00.059 I/apexd   ( 1640): Marking APEXd as ready
06-22 17:08:00.129 D/vold    ( 1574): fscrypt_init_user0
06-22 17:08:00.129 D/vold    ( 1574): Preparing: /data/misc/vold/user_keys
06-22 17:08:00.129 D/vold    ( 1574): Preparing: /data/misc/vold/user_keys/ce
06-22 17:08:00.129 D/vold    ( 1574): Preparing: /data/misc/vold/user_keys/de
06-22 17:08:00.129 D/vold    ( 1574): Preparing: /data/misc/vold/user_keys/ce/0
06-22 17:08:00.129 D/vold    ( 1574): Skipping non-key .
06-22 17:08:00.129 D/vold    ( 1574): Skipping non-key ..
06-22 17:08:00.133 I/hwservicemanager( 1567): getTransport: Cannot find entry android.hardware.keymaster@4.0::IKeymasterDevice/default in either framework or device manifest.
06-22 17:08:00.133 I/vold    ( 1574): List of Keymaster HALs found:
06-22 17:08:00.133 I/vold    ( 1574): Keymaster HAL #1: SoftwareKeymasterDevice from Google SecurityLevel: SOFTWARE HAL: android.hardware.keymaster@3.0::IKeymasterDevice/default
06-22 17:08:00.133 I/vold    ( 1574): Using SoftwareKeymasterDevice from Google for encryption.  Security level: SOFTWARE, HAL: android.hardware.keymaster@3.0::IKeymasterDevice/default
06-22 17:08:00.133 D/vold    ( 1574): Creating key that doesn't need auth token
06-22 17:08:00.134 D/RefBase ( 1574): RefBase: Explicit destruction, weak count = 0 (in 0x7fb27c21e1f0)
06-22 17:08:00.135 W/RefBase ( 1574): CallStack::getCurrentInternal not linked, returning null
06-22 17:08:00.135 W/RefBase ( 1574): CallStack::logStackInternal not linked
06-22 17:08:00.135 D/vold    ( 1574): Created key: /data/misc/vold/user_keys/ce/0/current
06-22 17:08:00.139 I/hwservicemanager( 1567): getTransport: Cannot find entry android.hardware.keymaster@4.0::IKeymasterDevice/default in either framework or device manifest.
06-22 17:08:00.139 I/vold    ( 1574): List of Keymaster HALs found:
06-22 17:08:00.139 I/vold    ( 1574): Keymaster HAL #1: SoftwareKeymasterDevice from Google SecurityLevel: SOFTWARE HAL: android.hardware.keymaster@3.0::IKeymasterDevice/default
06-22 17:08:00.139 I/vold    ( 1574): Using SoftwareKeymasterDevice from Google for encryption.  Security level: SOFTWARE, HAL: android.hardware.keymaster@3.0::IKeymasterDevice/default
06-22 17:08:00.139 D/vold    ( 1574): Creating key that doesn't need auth token
06-22 17:08:00.140 D/RefBase ( 1574): RefBase: Explicit destruction, weak count = 0 (in 0x7fb27c21e170)
06-22 17:08:00.140 W/RefBase ( 1574): CallStack::getCurrentInternal not linked, returning null
06-22 17:08:00.140 W/RefBase ( 1574): CallStack::logStackInternal not linked
06-22 17:08:00.141 D/vold    ( 1574): Created key: /data/misc/vold/user_keys/de/0
06-22 17:08:00.141 D/vold    ( 1574): Added key 146618096 (ext4:05929c3e87d65dad) to keyring 545699094 in process 1574
06-22 17:08:00.141 D/vold    ( 1574): Added key 887357271 (f2fs:05929c3e87d65dad) to keyring 545699094 in process 1574
06-22 17:08:00.141 D/vold    ( 1574): Added key 786609635 (fscrypt:05929c3e87d65dad) to keyring 545699094 in process 1574
06-22 17:08:00.141 D/vold    ( 1574): Added key 832427981 (ext4:cb0c2f5454ae0493) to keyring 545699094 in process 1574
06-22 17:08:00.141 D/vold    ( 1574): Added key 763633264 (f2fs:cb0c2f5454ae0493) to keyring 545699094 in process 1574
06-22 17:08:00.141 D/vold    ( 1574): Added key 966058775 (fscrypt:cb0c2f5454ae0493) to keyring 545699094 in process 1574
06-22 17:08:00.141 D/vold    ( 1574): Created keys for user 0
06-22 17:08:00.141 D/vold    ( 1574): Skipping non-de-key .
06-22 17:08:00.141 D/vold    ( 1574): Skipping non-de-key ..
06-22 17:08:00.141 D/vold    ( 1574): fscrypt_prepare_user_storage for volume null, user 0, serial 0, flags 1
06-22 17:08:00.141 D/vold    ( 1574): Preparing: /data/system/users/0
06-22 17:08:00.142 D/vold    ( 1574): Preparing: /data/misc/profiles/cur/0
06-22 17:08:00.142 D/vold    ( 1574): Preparing: /data/system_de/0
06-22 17:08:00.142 D/vold    ( 1574): Preparing: /data/misc_de/0
06-22 17:08:00.142 D/vold    ( 1574): Preparing: /data/vendor_de/0
06-22 17:08:00.142 D/vold    ( 1574): Preparing: /data/user_de/0
06-22 17:08:00.142 I/vold    ( 1574): Policy for /data/system_de/0 set to 05929c3e87d65dad modes 1/4
06-22 17:08:00.142 I/vold    ( 1574): Policy for /data/misc_de/0 set to 05929c3e87d65dad modes 1/4
06-22 17:08:00.142 I/vold    ( 1574): Policy for /data/vendor_de/0 set to 05929c3e87d65dad modes 1/4
06-22 17:08:00.142 I/vold    ( 1574): Policy for /data/user_de/0 set to 05929c3e87d65dad modes 1/4
06-22 17:08:00.142 D/vold    ( 1574): /system/bin/vold_prepare_subdirs
06-22 17:08:00.142 D/vold    ( 1574):     prepare
06-22 17:08:00.142 D/vold    ( 1574):     
06-22 17:08:00.142 D/vold    ( 1574):     0
06-22 17:08:00.142 D/vold    ( 1574):     1
06-22 17:08:00.148 D/vold_prepare_subdirs( 1645): Setting up mode 700 uid 0 gid 0 context u:object_r:vold_data_file:s0 on path: /data/misc_de/0/vold
06-22 17:08:00.148 D/vold_prepare_subdirs( 1645): Setting up mode 700 uid 0 gid 0 context u:object_r:storaged_data_file:s0 on path: /data/misc_de/0/storaged
06-22 17:08:00.148 D/vold_prepare_subdirs( 1645): Setting up mode 700 uid 0 gid 0 context u:object_r:rollback_data_file:s0 on path: /data/misc_de/0/rollback
06-22 17:08:00.148 D/vold_prepare_subdirs( 1645): Setting up mode 700 uid 1000 gid 1000 context u:object_r:fingerprint_vendor_data_file:s0 on path: /data/vendor_de/0/fpdata
06-22 17:08:00.148 D/vold_prepare_subdirs( 1645): Setting up mode 700 uid 1000 gid 1000 context u:object_r:face_vendor_data_file:s0 on path: /data/vendor_de/0/facedata
06-22 17:08:00.175 I//system/bin/tzdatacheck( 1646): timezone distro dir /data/misc/zoneinfo/current does not exist. No action required.
06-22 17:08:00.203 I/art_apex( 1650): === ART pre-boot integrity checks ===
06-22 17:08:00.213 F/art_apex( 1653): Device is not fsverity-enabled.
06-22 17:08:00.248 W/otapreopt_slot( 1658): Slot property empty.
06-22 17:08:00.306 I//system/bin/flags_health_check( 1661): ServerConfigurableFlagsReset reset_mode value: 0
06-22 17:08:00.306 I//system/bin/flags_health_check( 1661): ServerConfigurableFlagsReset attempted boot count is under threshold, skipping reset.
06-22 17:08:00.379 I/netdClient( 1663): Skipping libnetd_client init since *we* are netd
06-22 17:08:00.387 I/netd    ( 1663): netd 1.0 starting
06-22 17:08:00.398 I/bootstat( 1666): Service started: /system/bin/bootstat --set_system_boot_reason 
06-22 17:08:00.398 I/bootstat( 1666): Canonical boot reason: reboot
06-22 17:08:00.398 I/bootstat( 1666): Canonical boot reason: reboot
06-22 17:08:00.423 I/Netd    ( 1663): Loaded resolver library from /apex/com.android.resolv/lib64/libnetd_resolv.so
06-22 17:08:00.438 I/health@2.0/( 1670): health@2.0/backup: Hal starting main loop...
06-22 17:08:00.438 I/health@2.0/( 1670): health@2.0/backup Hal is starting up...
06-22 17:08:00.439 I/hwservicemanager( 1567): getTransport: Cannot find entry android.hardware.health@1.0::IHealth/default in either framework or device manifest.
06-22 17:08:00.439 I/ServiceManagement( 1670): Registered android.hardware.health@2.0::IHealth/backup (start delay of 49ms)
06-22 17:08:00.440 I/ServiceManagement( 1668): Registered android.hidl.allocator@1.0::IAllocator/ashmem (start delay of 60ms)
06-22 17:08:00.440 I/ServiceManagement( 1668): Removing namespace from process name android.hidl.allocator@1.0-service to allocator@1.0-service.
06-22 17:08:00.440 I/health@2.0/( 1670): health@2.0/backup: Hal init done
06-22 17:08:00.443 I/ServiceManagement( 1669): Registered android.system.suspend@1.0::ISystemSuspend/default (start delay of 63ms)
06-22 17:08:00.443 I/ServiceManagement( 1669): Removing namespace from process name android.system.suspend@1.0-service to suspend@1.0-service.
06-22 17:08:00.456 I/ServiceManagement( 1672): Registered android.hardware.broadcastradio@1.1::IBroadcastRadioFactory/default (start delay of 56ms)
06-22 17:08:00.456 I/ServiceManagement( 1672): Removing namespace from process name android.hardware.broadcastradio@1.1-service to broadcastradio@1.1-service.
06-22 17:08:00.474 W//vendor/bin/hw/android.hardware.configstore@1.1-service( 1675): Could not find seccomp policy file at: /vendor/etc/seccomp_policy/configstore@1.1.policy
06-22 17:08:00.498 I/ServiceManagement( 1675): Registered android.hardware.configstore@1.1::ISurfaceFlingerConfigs/default (start delay of 88ms)
06-22 17:08:00.498 I/ServiceManagement( 1675): Removing namespace from process name android.hardware.configstore@1.1-service to configstore@1.1-service.
06-22 17:08:00.534 I/health@2.0/( 1700): health@2.0/default: Hal starting main loop...
06-22 17:08:00.534 I/health@2.0/( 1700): health@2.0/default Hal is starting up...
06-22 17:08:00.535 E/GoldfishGatekeeper( 1695): called goldfish_gatekeeper_open with gate keeper 0x78ea33209050 device 0x78ea32e8c000
06-22 17:08:00.535 I/ServiceManagement( 1695): Registered android.hardware.gatekeeper@1.0::IGatekeeper/default (start delay of 85ms)
06-22 17:08:00.535 I/ServiceManagement( 1695): Removing namespace from process name android.hardware.gatekeeper@1.0-service to gatekeeper@1.0-service.
06-22 17:08:00.535 I/android.hardware.gatekeeper@1.0-service( 1695): Registration complete for android.hardware.gatekeeper@1.0::IGatekeeper/default.
06-22 17:08:00.537 I/ServiceManagement( 1700): Registered android.hardware.health@2.0::IHealth/default (start delay of 78ms)
06-22 17:08:00.537 I/ServiceManagement( 1700): Removing namespace from process name android.hardware.health@2.0-service.goldfish to health@2.0-service.goldfish.
06-22 17:08:00.537 I/health@2.0/( 1700): health@2.0/default: Hal init done
06-22 17:08:00.548 D/HostConnection( 1698): createUnique: call
06-22 17:08:00.548 D/HostConnection( 1698): HostConnection::get() New Host Connection established 0x772ff4c1c0a0, tid 1698
06-22 17:08:00.563 I/ServiceManagement( 1698): Registered android.hardware.graphics.allocator@2.0::IAllocator/default (start delay of 103ms)
06-22 17:08:00.563 I/ServiceManagement( 1698): Removing namespace from process name android.hardware.graphics.allocator@2.0-service to allocator@2.0-service.
06-22 17:08:00.563 I/android.hardware.graphics.allocator@2.0-service( 1698): Registration complete for android.hardware.graphics.allocator@2.0::IAllocator/default.
06-22 17:08:00.578 I/ServiceManagement( 1697): Registered android.hardware.gnss@1.0::IGnss/default (start delay of 128ms)
06-22 17:08:00.578 I/ServiceManagement( 1697): Removing namespace from process name android.hardware.gnss@1.0-service to gnss@1.0-service.
06-22 17:08:00.578 I/android.hardware.gnss@1.0-service( 1697): Registration complete for android.hardware.gnss@1.0::IGnss/default.
06-22 17:08:00.582 I/qemu-props( 1720): connected to 'boot-properties' qemud service.
06-22 17:08:00.582 I/qemu-props( 1720): receiving..
06-22 17:08:00.582 I/qemu-props( 1720): received: qemu.cmdline=androidboot.logcat=*:V androidboot.consolepipe=qemu_pipe,pipe:logcat
06-22 17:08:00.584 I/android.hardware.power@1.1-service.ranchu( 1703): Power HAL Service 1.1 for Ranchu is starting.
06-22 17:08:00.584 I/ServiceManagement( 1703): Registered android.hardware.power@1.1::IPower/default (start delay of 95ms)
06-22 17:08:00.584 I/ServiceManagement( 1703): Removing namespace from process name android.hardware.power@1.1-service.ranchu to power@1.1-service.ranchu.
06-22 17:08:00.584 I/android.hardware.power@1.1-service.ranchu( 1703): Power Service is ready
06-22 17:08:00.606 I/ServiceManagement( 1704): Registered android.hardware.sensors@1.0::ISensors/default (start delay of 106ms)
06-22 17:08:00.606 I/ServiceManagement( 1704): Removing namespace from process name android.hardware.sensors@1.0-service to sensors@1.0-service.
06-22 17:08:00.606 I/android.hardware.sensors@1.0-service( 1704): Registration complete for android.hardware.sensors@1.0::ISensors/default.
06-22 17:08:00.615 I/android.hardware.thermal@2.0-service-mock( 1705): Thermal HAL Service Mock 2.0 starting...
06-22 17:08:00.616 I/ServiceManagement( 1705): Registered android.hardware.thermal@2.0::IThermal/default (start delay of 107ms)
06-22 17:08:00.616 I/ServiceManagement( 1705): Removing namespace from process name android.hardware.thermal@2.0-service.mock to thermal@2.0-service.mock.
06-22 17:08:00.616 I/android.hardware.thermal@2.0-service-mock( 1705): Thermal Service started successfully.
06-22 17:08:00.620 I/qemu-props( 1720): successfully set property 'qemu.cmdline' to 'androidboot.logcat=*:V androidboot.consolepipe=qemu_pipe,pipe:logcat'
06-22 17:08:00.620 I/qemu-props( 1720): receiving..
06-22 17:08:00.620 I/qemu-props( 1720): received: qemu.logcat=start
06-22 17:08:00.626 I/qemu-props( 1720): successfully set property 'vendor.qemu.logcat' to 'start'
06-22 17:08:00.626 I/qemu-props( 1720): receiving..
06-22 17:08:00.626 I/qemu-props( 1720): received: ro.opengles.version=196608
06-22 17:08:00.626 I/qemu-props( 1720): receiving..
06-22 17:08:00.626 I/qemu-props( 1720): received: qemu.sf.fake_camera=none
06-22 17:08:00.631 I/qemu-props( 1720): successfully set property 'vendor.qemu.sf.fake_camera' to 'none'
06-22 17:08:00.631 I/qemu-props( 1720): receiving..
06-22 17:08:00.631 I/qemu-props( 1720): received: dalvik.vm.heapsize=512m
06-22 17:08:00.631 I/qemu-props( 1720): receiving..
06-22 17:08:00.631 I/qemu-props( 1720): received: qemu.hw.mainkeys=1
06-22 17:08:00.634 I/ServiceManagement( 1677): Registered android.hardware.drm@1.2::IDrmFactory/clearkey (start delay of 204ms)
06-22 17:08:00.634 I/ServiceManagement( 1677): Removing namespace from process name android.hardware.drm@1.2-service.clearkey to drm@1.2-service.clearkey.
06-22 17:08:00.634 I/ServiceManagement( 1677): Registered android.hardware.drm@1.2::ICryptoFactory/clearkey (start delay of 205ms)
06-22 17:08:00.634 I/ServiceManagement( 1677): Removing namespace from process name android.hardware.drm@1.2-service.clearkey to drm@1.2-service.clearkey.
06-22 17:08:00.636 I/lowmemorykiller( 1726): Using psi monitors for memory pressure detection
06-22 17:08:00.647 D/HostConnection( 1699): createUnique: call
06-22 17:08:00.648 D/HostConnection( 1699): HostConnection::get() New Host Connection established 0x7224c0821140, tid 1699
06-22 17:08:00.651 I/qemu-props( 1720): successfully set property 'qemu.hw.mainkeys' to '1'
06-22 17:08:00.651 I/qemu-props( 1720): receiving..
06-22 17:08:00.651 I/qemu-props( 1720): received: qemu.sf.lcd_density=160
06-22 17:08:00.651 I/qemu-props( 1720): successfully set property 'vendor.qemu.sf.lcd_density' to '160'
06-22 17:08:00.651 I/qemu-props( 1720): receiving..
06-22 17:08:00.652 I/qemu-props( 1720): received: qemu.timezone=Etc/UTC
06-22 17:08:00.652 I/qemu-props( 1720): successfully set property 'vendor.qemu.timezone' to 'Etc/UTC'
06-22 17:08:00.652 I/qemu-props( 1720): receiving..
06-22 17:08:00.654 D/HostConnection( 1699): HostComposition ext ANDROID_EMU_CHECKSUM_HELPER_v1 ANDROID_EMU_native_sync_v2 ANDROID_EMU_dma_v1 ANDROID_EMU_direct_mem ANDROID_EMU_host_composition_v1 ANDROID_EMU_host_composition_v2 ANDROID_EMU_vulkan ANDROID_EMU_deferred_vulkan_commands ANDROID_EMU_vulkan_null_optional_strings ANDROID_EMU_vulkan_create_resources_with_requirements ANDROID_EMU_YUV_Cache ANDROID_EMU_vulkan_ignored_handles ANDROID_EMU_vulkan_free_memory_sync ANDROID_EMU_vulkan_shader_float16_int8 ANDROID_EMU_vulkan_async_queue_submit ANDROID_EMU_sync_buffer_data ANDROID_EMU_vulkan_async_qsri ANDROID_EMU_hwc_color_transform GL_OES_EGL_image_external_essl3 GL_OES_vertex_array_object GL_KHR_texture_compression_astc_ldr ANDROID_EMU_host_side_tracing ANDROID_EMU_gles_max_version_3_0 
06-22 17:08:00.655 I/hwservicemanager( 1567): getTransport: Cannot find entry android.hardware.graphics.mapper@3.0::IMapper/default in either framework or device manifest.
06-22 17:08:00.655 W/Gralloc3( 1699): mapper 3.x is not supported
06-22 17:08:00.656 I/hwservicemanager( 1567): getTransport: Cannot find entry android.hardware.graphics.allocator@3.0::IAllocator/default in either framework or device manifest.
06-22 17:08:00.656 W/Gralloc3( 1699): allocator 3.x is not supported
06-22 17:08:00.660 D/HostConnection( 1698): HostComposition ext ANDROID_EMU_CHECKSUM_HELPER_v1 ANDROID_EMU_native_sync_v2 ANDROID_EMU_dma_v1 ANDROID_EMU_direct_mem ANDROID_EMU_host_composition_v1 ANDROID_EMU_host_composition_v2 ANDROID_EMU_vulkan ANDROID_EMU_deferred_vulkan_commands ANDROID_EMU_vulkan_null_optional_strings ANDROID_EMU_vulkan_create_resources_with_requirements ANDROID_EMU_YUV_Cache ANDROID_EMU_vulkan_ignored_handles ANDROID_EMU_vulkan_free_memory_sync ANDROID_EMU_vulkan_shader_float16_int8 ANDROID_EMU_vulkan_async_queue_submit ANDROID_EMU_sync_buffer_data ANDROID_EMU_vulkan_async_qsri ANDROID_EMU_hwc_color_transform GL_OES_EGL_image_external_essl3 GL_OES_vertex_array_object GL_KHR_texture_compression_astc_ldr ANDROID_EMU_host_side_tracing ANDROID_EMU_gles_max_version_3_0 
06-22 17:08:00.660 D/gralloc_ranchu( 1698): gralloc_alloc: Creating ashmem region of size 823296
06-22 17:08:00.660 D/eglCodecCommon( 1698): allocate: Ask for block of size 0x1000
06-22 17:08:00.661 D/eglCodecCommon( 1698): allocate: ioctl allocate returned offset 0x3ffffe000 size 0x2000
06-22 17:08:00.661 D/HostConnection( 1699): createUnique: call
06-22 17:08:00.661 D/HostConnection( 1699): HostConnection::get() New Host Connection established 0x7224c08213c0, tid 1699
06-22 17:08:00.662 D/HostConnection( 1699): HostComposition ext ANDROID_EMU_CHECKSUM_HELPER_v1 ANDROID_EMU_native_sync_v2 ANDROID_EMU_dma_v1 ANDROID_EMU_direct_mem ANDROID_EMU_host_composition_v1 ANDROID_EMU_host_composition_v2 ANDROID_EMU_vulkan ANDROID_EMU_deferred_vulkan_commands ANDROID_EMU_vulkan_null_optional_strings ANDROID_EMU_vulkan_create_resources_with_requirements ANDROID_EMU_YUV_Cache ANDROID_EMU_vulkan_ignored_handles ANDROID_EMU_vulkan_free_memory_sync ANDROID_EMU_vulkan_shader_float16_int8 ANDROID_EMU_vulkan_async_queue_submit ANDROID_EMU_sync_buffer_data ANDROID_EMU_vulkan_async_qsri ANDROID_EMU_hwc_color_transform GL_OES_EGL_image_external_essl3 GL_OES_vertex_array_object GL_KHR_texture_compression_astc_ldr ANDROID_EMU_host_side_tracing ANDROID_EMU_gles_max_version_3_0 
06-22 17:08:00.662 D/eglCodecCommon( 1699): allocate: Ask for block of size 0x1000
06-22 17:08:00.662 D/eglCodecCommon( 1699): allocate: ioctl allocate returned offset 0x3ffffc000 size 0x2000
06-22 17:08:00.662 I/ServiceManagement( 1699): Registered android.hardware.graphics.composer@2.1::IComposer/default (start delay of 203ms)
06-22 17:08:00.663 I/ServiceManagement( 1699): Removing namespace from process name android.hardware.graphics.composer@2.1-service to composer@2.1-service.
06-22 17:08:00.663 I/android.hardware.graphics.composer@2.1-service( 1699): Registration complete for android.hardware.graphics.composer@2.1::IComposer/default.
06-22 17:08:00.684 I/android.hardware.camera.provider@2.4-service( 1673): CameraProvider@2.4 legacy service is starting.
06-22 17:08:00.685 I/ServiceManagement( 1674): Registered android.hardware.cas@1.1::IMediaCasService/default (start delay of 285ms)
06-22 17:08:00.685 I/ServiceManagement( 1674): Removing namespace from process name android.hardware.cas@1.1-service to cas@1.1-service.
06-22 17:08:00.713 I/ServiceManagement( 1678): Registered android.hardware.drm@1.2::IDrmFactory/widevine (start delay of 283ms)
06-22 17:08:00.713 I/ServiceManagement( 1678): Removing namespace from process name android.hardware.drm@1.2-service.widevine to drm@1.2-service.widevine.
06-22 17:08:00.713 I/ServiceManagement( 1678): Registered android.hardware.drm@1.2::ICryptoFactory/widevine (start delay of 284ms)
06-22 17:08:00.713 I/ServiceManagement( 1678): Removing namespace from process name android.hardware.drm@1.2-service.widevine to drm@1.2-service.widevine.
06-22 17:08:00.756 I/ServiceManagement( 1676): Registered android.hardware.drm@1.0::IDrmFactory/default (start delay of 346ms)
06-22 17:08:00.756 I/ServiceManagement( 1676): Removing namespace from process name android.hardware.drm@1.0-service to drm@1.0-service.
06-22 17:08:00.756 I/        ( 1676): Registration complete for android.hardware.drm@1.0::IDrmFactory/default.
06-22 17:08:00.757 I/ServiceManagement( 1676): Registered android.hardware.drm@1.0::ICryptoFactory/default (start delay of 347ms)
06-22 17:08:00.757 I/ServiceManagement( 1676): Removing namespace from process name android.hardware.drm@1.0-service to drm@1.0-service.
06-22 17:08:00.757 I/        ( 1676): Registration complete for android.hardware.drm@1.0::ICryptoFactory/default.
06-22 17:08:00.789 I/android.hardware.wifi@1.0-service( 1710): Wifi Hal is booting up...
06-22 17:08:00.790 I/ServiceManagement( 1710): Registered android.hardware.wifi@1.3::IWifi/default (start delay of 250ms)
06-22 17:08:00.790 I/ServiceManagement( 1710): Removing namespace from process name android.hardware.wifi@1.0-service to wifi@1.0-service.
06-22 17:08:00.857 D/LibBpfLoader( 1756): Loading ELF object /system/etc/bpf/clatd.o with license Apache 2.0
06-22 17:08:00.857 D/LibBpfLoader( 1756): Loaded code section 3 (schedcls_ingress_clat_ether)
06-22 17:08:00.857 D/LibBpfLoader( 1756): Loaded relo section 3 (.relschedcls/ingress/clat_ether)
06-22 17:08:00.857 D/LibBpfLoader( 1756): Adding section 3 to cs list
06-22 17:08:00.857 D/LibBpfLoader( 1756): Loaded code section 5 (schedcls_ingress_clat_rawip)
06-22 17:08:00.857 D/LibBpfLoader( 1756): Loaded relo section 5 (.relschedcls/ingress/clat_rawip)
06-22 17:08:00.857 D/LibBpfLoader( 1756): Adding section 5 to cs list
06-22 17:08:00.858 D/LibBpfLoader( 1756): bpf_create_map name clat_ingress_map, ret: 6
06-22 17:08:00.858 D/LibBpfLoader( 1756): map_fd found at 0 is 6 in /system/etc/bpf/clatd.o
06-22 17:08:00.858 D/LibBpfLoader( 1756): applying relo to instruction at byte offset: 400, 	       insn offset 50 , insn 118
06-22 17:08:00.858 D/LibBpfLoader( 1756): applying relo to instruction at byte offset: 360, 	       insn offset 45 , insn 118
06-22 17:08:00.858 D/LibBpfLoader( 1756): New bpf core prog_load for /system/etc/bpf/clatd.o (schedcls_ingress_clat_ether) returned: 7
06-22 17:08:00.859 D/LibBpfLoader( 1756): New bpf core prog_load for /system/etc/bpf/clatd.o (schedcls_ingress_clat_rawip) returned: 8
06-22 17:08:00.859 I/bpfloader( 1756): Attempted load object: /system/etc/bpf/clatd.o, ret: Success
06-22 17:08:00.877 D/LibBpfLoader( 1756): Loading ELF object /system/etc/bpf/netd.o with license Apache 2.0
06-22 17:08:00.877 D/LibBpfLoader( 1756): Loaded code section 3 (cgroupskb_ingress_stats)
06-22 17:08:00.877 D/LibBpfLoader( 1756): Loaded relo section 3 (.relcgroupskb/ingress/stats)
06-22 17:08:00.877 D/LibBpfLoader( 1756): Adding section 3 to cs list
06-22 17:08:00.877 D/LibBpfLoader( 1756): Loaded code section 5 (cgroupskb_egress_stats)
06-22 17:08:00.877 D/LibBpfLoader( 1756): Loaded relo section 5 (.relcgroupskb/egress/stats)
06-22 17:08:00.877 D/LibBpfLoader( 1756): Adding section 5 to cs list
06-22 17:08:00.877 D/LibBpfLoader( 1756): Loaded code section 7 (skfilter_egress_xtbpf)
06-22 17:08:00.877 D/LibBpfLoader( 1756): Loaded relo section 7 (.relskfilter/egress/xtbpf)
06-22 17:08:00.877 D/LibBpfLoader( 1756): Adding section 7 to cs list
06-22 17:08:00.877 D/LibBpfLoader( 1756): Loaded code section 9 (skfilter_ingress_xtbpf)
06-22 17:08:00.877 D/LibBpfLoader( 1756): Loaded relo section 9 (.relskfilter/ingress/xtbpf)
06-22 17:08:00.877 D/LibBpfLoader( 1756): Adding section 9 to cs list
06-22 17:08:00.877 D/LibBpfLoader( 1756): Loaded code section 11 (skfilter_whitelist_xtbpf)
06-22 17:08:00.877 D/LibBpfLoader( 1756): Loaded relo section 11 (.relskfilter/whitelist/xtbpf)
06-22 17:08:00.877 D/LibBpfLoader( 1756): Adding section 11 to cs list
06-22 17:08:00.877 D/LibBpfLoader( 1756): Loaded code section 13 (skfilter_blacklist_xtbpf)
06-22 17:08:00.877 D/LibBpfLoader( 1756): Loaded relo section 13 (.relskfilter/blacklist/xtbpf)
06-22 17:08:00.878 D/LibBpfLoader( 1756): Adding section 13 to cs list
06-22 17:08:00.878 D/LibBpfLoader( 1756): Loaded code section 15 (cgroupsock_inet_create)
06-22 17:08:00.878 D/LibBpfLoader( 1756): Loaded relo section 15 (.relcgroupsock/inet/create)
06-22 17:08:00.878 D/LibBpfLoader( 1756): Adding section 15 to cs list
06-22 17:08:00.878 D/LibBpfLoader( 1756): bpf_create_map name cookie_tag_map, ret: 9
06-22 17:08:00.878 D/LibBpfLoader( 1756): bpf_create_map name uid_counterset_map, ret: 10
06-22 17:08:00.878 D/LibBpfLoader( 1756): bpf_create_map name app_uid_stats_map, ret: 11
06-22 17:08:00.878 D/LibBpfLoader( 1756): bpf_create_map name stats_map_A, ret: 12
06-22 17:08:00.879 D/LibBpfLoader( 1756): bpf_create_map name stats_map_B, ret: 13
06-22 17:08:00.879 D/LibBpfLoader( 1756): bpf_create_map name iface_stats_map, ret: 14
06-22 17:08:00.879 D/LibBpfLoader( 1756): bpf_create_map name configuration_map, ret: 15
06-22 17:08:00.879 D/LibBpfLoader( 1756): bpf_create_map name uid_owner_map, ret: 16
06-22 17:08:00.879 D/LibBpfLoader( 1756): bpf_create_map name iface_index_name_map, ret: 17
06-22 17:08:00.879 D/LibBpfLoader( 1756): bpf_create_map name uid_permission_map, ret: 18
06-22 17:08:00.879 D/LibBpfLoader( 1756): map_fd found at 0 is 9 in /system/etc/bpf/netd.o
06-22 17:08:00.879 D/LibBpfLoader( 1756): map_fd found at 1 is 10 in /system/etc/bpf/netd.o
06-22 17:08:00.879 D/LibBpfLoader( 1756): map_fd found at 2 is 11 in /system/etc/bpf/netd.o
06-22 17:08:00.879 D/LibBpfLoader( 1756): map_fd found at 3 is 12 in /system/etc/bpf/netd.o
06-22 17:08:00.879 D/LibBpfLoader( 1756): map_fd found at 4 is 13 in /system/etc/bpf/netd.o
06-22 17:08:00.879 D/LibBpfLoader( 1756): map_fd found at 5 is 14 in /system/etc/bpf/netd.o
06-22 17:08:00.879 D/LibBpfLoader( 1756): map_fd found at 6 is 15 in /system/etc/bpf/netd.o
06-22 17:08:00.879 D/LibBpfLoader( 1756): map_fd found at 7 is 16 in /system/etc/bpf/netd.o
06-22 17:08:00.879 D/LibBpfLoader( 1756): map_fd found at 8 is 17 in /system/etc/bpf/netd.o
06-22 17:08:00.879 D/LibBpfLoader( 1756): map_fd found at 9 is 18 in /system/etc/bpf/netd.o
06-22 17:08:00.879 D/LibBpfLoader( 1756): applying relo to instruction at byte offset: 616, 	       insn offset 77 , insn 118
06-22 17:08:00.879 D/LibBpfLoader( 1756): applying relo to instruction at byte offset: 688, 	       insn offset 86 , insn 118
06-22 17:08:00.879 D/LibBpfLoader( 1756): applying relo to instruction at byte offset: 1040, 	       insn offset 130 , insn 118
06-22 17:08:00.879 D/LibBpfLoader( 1756): applying relo to instruction at byte offset: 1184, 	       insn offset 148 , insn 118
06-22 17:08:00.879 D/LibBpfLoader( 1756): applying relo to instruction at byte offset: 1264, 	       insn offset 158 , insn 118
06-22 17:08:00.879 D/LibBpfLoader( 1756): applying relo to instruction at byte offset: 1368, 	       insn offset 171 , insn 118
06-22 17:08:00.879 D/LibBpfLoader( 1756): applying relo to instruction at byte offset: 1472, 	       insn offset 184 , insn 118
06-22 17:08:00.879 D/LibBpfLoader( 1756): applying relo to instruction at byte offset: 1512, 	       insn offset 189 , insn 118
06-22 17:08:00.879 D/LibBpfLoader( 1756): applying relo to instruction at byte offset: 1576, 	       insn offset 197 , insn 118
06-22 17:08:00.879 D/LibBpfLoader( 1756): applying relo to instruction at byte offset: 1680, 	       insn offset 210 , insn 118
06-22 17:08:00.880 D/LibBpfLoader( 1756): applying relo to instruction at byte offset: 1720, 	       insn offset 215 , insn 118
06-22 17:08:00.880 D/LibBpfLoader( 1756): applying relo to instruction at byte offset: 1848, 	       insn offset 231 , insn 118
06-22 17:08:00.880 D/LibBpfLoader( 1756): applying relo to instruction at byte offset: 1952, 	       insn offset 244 , insn 118
06-22 17:08:00.880 D/LibBpfLoader( 1756): applying relo to instruction at byte offset: 1992, 	       insn offset 249 , insn 118
06-22 17:08:00.880 D/LibBpfLoader( 1756): applying relo to instruction at byte offset: 2056, 	       insn offset 257 , insn 118
06-22 17:08:00.880 D/LibBpfLoader( 1756): applying relo to instruction at byte offset: 2160, 	       insn offset 270 , insn 118
06-22 17:08:00.880 D/LibBpfLoader( 1756): applying relo to instruction at byte offset: 2200, 	       insn offset 275 , insn 118
06-22 17:08:00.880 D/LibBpfLoader( 1756): applying relo to instruction at byte offset: 2288, 	       insn offset 286 , insn 118
06-22 17:08:00.880 D/LibBpfLoader( 1756): applying relo to instruction at byte offset: 2392, 	       insn offset 299 , insn 118
06-22 17:08:00.880 D/LibBpfLoader( 1756): applying relo to instruction at byte offset: 2432, 	       insn offset 304 , insn 118
06-22 17:08:00.880 D/LibBpfLoader( 1756): applying relo to instruction at byte offset: 608, 	       insn offset 76 , insn 118
06-22 17:08:00.880 D/LibBpfLoader( 1756): applying relo to instruction at byte offset: 680, 	       insn offset 85 , insn 118
06-22 17:08:00.880 D/LibBpfLoader( 1756): applying relo to instruction at byte offset: 904, 	       insn offset 113 , insn 118
06-22 17:08:00.880 D/LibBpfLoader( 1756): applying relo to instruction at byte offset: 1048, 	       insn offset 131 , insn 118
06-22 17:08:00.880 D/LibBpfLoader( 1756): applying relo to instruction at byte offset: 1128, 	       insn offset 141 , insn 118
06-22 17:08:00.880 D/LibBpfLoader( 1756): applying relo to instruction at byte offset: 1232, 	       insn offset 154 , insn 118
06-22 17:08:00.880 D/LibBpfLoader( 1756): applying relo to instruction at byte offset: 1336, 	       insn offset 167 , insn 118
06-22 17:08:00.880 D/LibBpfLoader( 1756): applying relo to instruction at byte offset: 1376, 	       insn offset 172 , insn 118
06-22 17:08:00.880 D/LibBpfLoader( 1756): applying relo to instruction at byte offset: 1440, 	       insn offset 180 , insn 118
06-22 17:08:00.880 D/LibBpfLoader( 1756): applying relo to instruction at byte offset: 1544, 	       insn offset 193 , insn 118
06-22 17:08:00.880 D/LibBpfLoader( 1756): applying relo to instruction at byte offset: 1584, 	       insn offset 198 , insn 118
06-22 17:08:00.880 D/LibBpfLoader( 1756): applying relo to instruction at byte offset: 1712, 	       insn offset 214 , insn 118
06-22 17:08:00.880 D/LibBpfLoader( 1756): applying relo to instruction at byte offset: 1816, 	       insn offset 227 , insn 118
06-22 17:08:00.880 D/LibBpfLoader( 1756): applying relo to instruction at byte offset: 1856, 	       insn offset 232 , insn 118
06-22 17:08:00.880 D/LibBpfLoader( 1756): applying relo to instruction at byte offset: 1920, 	       insn offset 240 , insn 118
06-22 17:08:00.880 D/LibBpfLoader( 1756): applying relo to instruction at byte offset: 2024, 	       insn offset 253 , insn 118
06-22 17:08:00.880 D/LibBpfLoader( 1756): applying relo to instruction at byte offset: 2064, 	       insn offset 258 , insn 118
06-22 17:08:00.880 D/LibBpfLoader( 1756): applying relo to instruction at byte offset: 2152, 	       insn offset 269 , insn 118
06-22 17:08:00.880 D/LibBpfLoader( 1756): applying relo to instruction at byte offset: 2256, 	       insn offset 282 , insn 118
06-22 17:08:00.880 D/LibBpfLoader( 1756): applying relo to instruction at byte offset: 2296, 	       insn offset 287 , insn 118
06-22 17:08:00.880 D/LibBpfLoader( 1756): applying relo to instruction at byte offset: 40, 	       insn offset 5 , insn 118
06-22 17:08:00.880 D/LibBpfLoader( 1756): applying relo to instruction at byte offset: 144, 	       insn offset 18 , insn 118
06-22 17:08:00.880 D/LibBpfLoader( 1756): applying relo to instruction at byte offset: 184, 	       insn offset 23 , insn 118
06-22 17:08:00.880 D/LibBpfLoader( 1756): applying relo to instruction at byte offset: 40, 	       insn offset 5 , insn 118
06-22 17:08:00.880 D/LibBpfLoader( 1756): applying relo to instruction at byte offset: 144, 	       insn offset 18 , insn 118
06-22 17:08:00.880 D/LibBpfLoader( 1756): applying relo to instruction at byte offset: 184, 	       insn offset 23 , insn 118
06-22 17:08:00.880 D/LibBpfLoader( 1756): applying relo to instruction at byte offset: 80, 	       insn offset 10 , insn 118
06-22 17:08:00.880 D/LibBpfLoader( 1756): applying relo to instruction at byte offset: 32, 	       insn offset 4 , insn 118
06-22 17:08:00.880 D/LibBpfLoader( 1756): applying relo to instruction at byte offset: 80, 	       insn offset 10 , insn 118
06-22 17:08:00.881 D/LibBpfLoader( 1756): New bpf core prog_load for /system/etc/bpf/netd.o (cgroupskb_ingress_stats) returned: 19
06-22 17:08:00.882 D/LibBpfLoader( 1756): New bpf core prog_load for /system/etc/bpf/netd.o (cgroupskb_egress_stats) returned: 20
06-22 17:08:00.882 D/LibBpfLoader( 1756): New bpf core prog_load for /system/etc/bpf/netd.o (skfilter_egress_xtbpf) returned: 21
06-22 17:08:00.882 D/LibBpfLoader( 1756): New bpf core prog_load for /system/etc/bpf/netd.o (skfilter_ingress_xtbpf) returned: 22
06-22 17:08:00.882 D/LibBpfLoader( 1756): New bpf core prog_load for /system/etc/bpf/netd.o (skfilter_whitelist_xtbpf) returned: 23
06-22 17:08:00.882 D/LibBpfLoader( 1756): New bpf core prog_load for /system/etc/bpf/netd.o (skfilter_blacklist_xtbpf) returned: 24
06-22 17:08:00.883 D/LibBpfLoader( 1756): New bpf core prog_load for /system/etc/bpf/netd.o (cgroupsock_inet_create) returned: 25
06-22 17:08:00.883 I/bpfloader( 1756): Attempted load object: /system/etc/bpf/netd.o, ret: Success
06-22 17:08:00.885 I/perfetto( 1755): probes.cc:56 Starting /system/bin/traced_probes service
06-22 17:08:00.903 I/installd( 1761): installd firing up
06-22 17:08:00.903 E/cutils  ( 1761): Failed to read /data/.layout_version: No such file or directory
06-22 17:08:00.903 D/installd( 1761): Assuming that device has multi-user storage layout; upgrade no longer supported
06-22 17:08:00.903 D/installd( 1761): Upgrading to /data/misc/user directories
06-22 17:08:00.904 D/TetherController( 1663): Setting IP forward enable = 0
06-22 17:08:00.904 D/FirewallController( 1663): Could not read /proc/self/uid_map, max uid defaulting to 4294967294
06-22 17:08:00.919 I/adbd    ( 1751): opening control endpoint /dev/usb-ffs/adb/ep0
06-22 17:08:00.928 W/perfetto( 1754): service.cc:65 Started traced, listening on /dev/socket/traced_producer /dev/socket/traced_consumer
06-22 17:08:00.929 I/perfetto( 1755): probes_producer.cc:88 Connected to the service
06-22 17:08:00.979 I/adbd    ( 1751): UsbFfsConnection constructed
06-22 17:08:00.990 E/netmgr  ( 1777): Failed to open QEMU pipe 'qemud:network': Invalid argument
06-22 17:08:01.002 I/netd    ( 1663): Creating child chains: 96.1ms
06-22 17:08:01.002 I/netd    ( 1663): Setting up OEM hooks: 0.1ms
06-22 17:08:01.002 I/netd    ( 1663): Setting up FirewallController hooks: 0.0ms
06-22 17:08:01.009 I/netd    ( 1663): Setting up TetherController hooks: 6.8ms
06-22 17:08:01.010 I/netd    ( 1663): Setting up BandwidthController hooks: 0.6ms
06-22 17:08:01.010 I/netd    ( 1663): Setting up IdletimerController hooks: 0.1ms
06-22 17:08:01.014 I/hwservicemanager( 1567): getTransport: Cannot find entry android.hardware.usb.gadget@1.0::IUsbGadget/default in either framework or device manifest.
06-22 17:08:01.015 I/usbd    ( 1780): Usb HAL not found
06-22 17:08:01.017 I/wificond( 1772): wificond is starting up...
06-22 17:08:01.021 D/android.hardware.biometrics.fingerprint@2.1-service( 1781): Opening fingerprint hal library...
06-22 17:08:01.022 D/FingerprintHal( 1781): ----------------> fingerprint_open ----------------->
06-22 17:08:01.022 D/FingerprintHal( 1781): ----------------> set_notify_callback ----------------->
06-22 17:08:01.022 D/FingerprintHal( 1781): fingerprint callback notification set
06-22 17:08:01.022 I/ServiceManagement( 1781): Registered android.hardware.biometrics.fingerprint@2.1::IBiometricsFingerprint/default (start delay of 132ms)
06-22 17:08:01.022 I/ServiceManagement( 1781): Removing namespace from process name android.hardware.biometrics.fingerprint@2.1-service to fingerprint@2.1-service.
06-22 17:08:01.032 D/FingerprintHal( 1781): ----------------> listenerFunction ----------------->
06-22 17:08:01.040 I//system/bin/tombstoned( 1779): tombstoned successfully initialized
06-22 17:08:01.060 E/wifi_forwarder( 1789): RemoteConnection failed to initialize: RemoteConnection failed to open pipe
06-22 17:08:01.063 I/SurfaceFlinger( 1729): Using HWComposer service: 'default'
06-22 17:08:01.063 I/SurfaceFlinger( 1729): SurfaceFlinger is starting
06-22 17:08:01.063 I/hwservicemanager( 1567): getTransport: Cannot find entry android.hardware.configstore@1.1::ISurfaceFlingerConfigs/default in either framework or device manifest.
06-22 17:08:01.066 I/SurfaceFlinger( 1729): Treble testing override: 'false'
06-22 17:08:01.067 I/SurfaceFlinger( 1729): SurfaceFlinger's main thread ready to run. Initializing graphics H/W...
06-22 17:08:01.067 I/SurfaceFlinger( 1729): Phase offset NS: 1000000
06-22 17:08:01.067 W/SurfaceFlinger( 1729): Ignoring VSYNC request while display is disconnected
06-22 17:08:01.067 W/SurfaceFlinger( 1729): Ignoring VSYNC request while display is disconnected
06-22 17:08:01.067 W/SurfaceFlinger( 1729): Ignoring VSYNC request while display is disconnected
06-22 17:08:01.067 W/SurfaceFlinger( 1729): Ignoring VSYNC request while display is disconnected
06-22 17:08:01.068 D/RenderEngine( 1729): RenderEngine GLES Backend
06-22 17:08:01.068 D/libEGL  ( 1729): Emulator has host GPU support, qemu.gles is set to 1.
06-22 17:08:01.074 I/ServiceManagement( 1770): Registered android.frameworks.stats@1.0::IStats/default (start delay of 235ms)
06-22 17:08:01.074 W/statsd  ( 1770): statscompanion service unavailable!
06-22 17:08:01.075 I/statsd  ( 1770): Statsd starts to listen to socket.
06-22 17:08:01.077 I/gatekeeperd( 1778): Starting gatekeeperd...
06-22 17:08:01.108 D/libEGL  ( 1729): loaded /vendor/lib64/egl/libEGL_emulation.so
06-22 17:08:01.109 D/libEGL  ( 1729): loaded /vendor/lib64/egl/libGLESv1_CM_emulation.so
06-22 17:08:01.110 D/libEGL  ( 1729): loaded /vendor/lib64/egl/libGLESv2_emulation.so
06-22 17:08:01.115 I/livelock( 1800): started
06-22 17:08:01.115 W/livelock( 1800): [khungtaskd] not configurable
06-22 17:08:01.117 D/HostConnection( 1729): HostConnection::get() New Host Connection established 0x70504ce005a0, tid 1729
06-22 17:08:01.118 D/HostConnection( 1729): HostComposition ext ANDROID_EMU_CHECKSUM_HELPER_v1 ANDROID_EMU_native_sync_v2 ANDROID_EMU_dma_v1 ANDROID_EMU_direct_mem ANDROID_EMU_host_composition_v1 ANDROID_EMU_host_composition_v2 ANDROID_EMU_vulkan ANDROID_EMU_deferred_vulkan_commands ANDROID_EMU_vulkan_null_optional_strings ANDROID_EMU_vulkan_create_resources_with_requirements ANDROID_EMU_YUV_Cache ANDROID_EMU_vulkan_ignored_handles ANDROID_EMU_vulkan_free_memory_sync ANDROID_EMU_vulkan_shader_float16_int8 ANDROID_EMU_vulkan_async_queue_submit ANDROID_EMU_sync_buffer_data ANDROID_EMU_vulkan_async_qsri ANDROID_EMU_hwc_color_transform GL_OES_EGL_image_external_essl3 GL_OES_vertex_array_object GL_KHR_texture_compression_astc_ldr ANDROID_EMU_host_side_tracing ANDROID_EMU_gles_max_version_3_0 
