06-22 17:08:01.439 I/MediaCodecsXmlParser( 1773): limit: measured-frame-rate-320x180-range = 249-285
06-22 17:08:01.439 I/MediaCodecsXmlParser( 1773): limit: measured-frame-rate-640x360-range = 104-115
06-22 17:08:01.439 I/MediaCodecsXmlParser( 1773): limit: measured-frame-rate-1280x720-range = 34-35
06-22 17:08:01.439 I/MediaCodecsXmlParser( 1773): limit: measured-frame-rate-1920x1080-range = 26-29
06-22 17:08:01.439 I/MediaCodecsXmlParser( 1773): limit: measured-frame-rate-176x144-range = 1246-1390
06-22 17:08:01.439 I/MediaCodecsXmlParser( 1773): limit: measured-frame-rate-352x288-range = 1121-1128
06-22 17:08:01.439 I/MediaCodecsXmlParser( 1773): limit: measured-frame-rate-320x240-range = 299-629
06-22 17:08:01.439 I/MediaCodecsXmlParser( 1773): limit: measured-frame-rate-720x480-range = 215-250
06-22 17:08:01.439 I/MediaCodecsXmlParser( 1773): limit: measured-frame-rate-1280x720-range = 75-85
06-22 17:08:01.439 I/MediaCodecsXmlParser( 1773): limit: measured-frame-rate-1920x1080-range = 31-34
06-22 17:08:01.439 I/MediaCodecsXmlParser( 1773): limit: measured-frame-rate-352x288-range = 754-817
06-22 17:08:01.439 I/MediaCodecsXmlParser( 1773): limit: measured-frame-rate-640x360-range = 323-394
06-22 17:08:01.439 I/MediaCodecsXmlParser( 1773): limit: measured-frame-rate-720x480-range = 349-372
06-22 17:08:01.439 I/MediaCodecsXmlParser( 1773): limit: measured-frame-rate-1280x720-range = 144-157
06-22 17:08:01.439 I/MediaCodecsXmlParser( 1773): limit: measured-frame-rate-1920x1080-range = 74-85
06-22 17:08:01.439 I/MediaCodecsXmlParser( 1773): limit: measured-frame-rate-176x144-range = 1439-1625
06-22 17:08:01.440 I/MediaCodecsXmlParser( 1773): limit: measured-frame-rate-320x180-range = 1129-1261
06-22 17:08:01.440 I/MediaCodecsXmlParser( 1773): limit: measured-frame-rate-640x360-range = 471-525
06-22 17:08:01.440 I/MediaCodecsXmlParser( 1773): limit: measured-frame-rate-1280x720-range = 126-145
06-22 17:08:01.440 I/MediaCodecsXmlParser( 1773): limit: measured-frame-rate-1920x1080-range = 48-51
06-22 17:08:01.440 I/MediaCodecsXmlParser( 1773): limit: measured-frame-rate-2160x2160-range = 31-34
06-22 17:08:01.440 I/MediaCodecsXmlParser( 1773): limit: measured-frame-rate-320x180-range = 968-1101
06-22 17:08:01.440 I/MediaCodecsXmlParser( 1773): limit: measured-frame-rate-640x360-range = 291-338
06-22 17:08:01.440 I/MediaCodecsXmlParser( 1773): limit: measured-frame-rate-1280x720-range = 280-400
06-22 17:08:01.440 I/MediaCodecsXmlParser( 1773): limit: measured-frame-rate-1920x1080-range = 178-240
06-22 17:08:01.440 I/MediaCodecsXmlParser( 1773): limit: measured-frame-rate-2560x1440-range = 31-34
06-22 17:08:01.440 D/MediaCodecsXmlParser( 1773): Cannot find /data/misc/media/media_codecs_profiling_results.xml
06-22 17:08:01.451 I/AndroidRuntime( 1664): Using default boot image
06-22 17:08:01.451 I/AndroidRuntime( 1664): Leaving lock profiling enabled
06-22 17:08:01.459 I/ServiceManagement( 1773): Registered android.hardware.media.omx@1.0::IOmxStore/default (start delay of 619ms)
06-22 17:08:01.459 I/ServiceManagement( 1773): Removing namespace from process name android.hardware.media.omx@1.0-service to omx@1.0-service.
06-22 17:08:01.479 I/zygote64( 1664): option[0]=-Xzygote
06-22 17:08:01.479 I/zygote64( 1664): option[1]=exit
06-22 17:08:01.479 I/zygote64( 1664): option[2]=vfprintf
06-22 17:08:01.479 I/zygote64( 1664): option[3]=sensitiveThread
06-22 17:08:01.479 I/zygote64( 1664): option[4]=-verbose:gc
06-22 17:08:01.479 I/zygote64( 1664): option[5]=-Xms4m
06-22 17:08:01.479 I/zygote64( 1664): option[6]=-Xmx512m
06-22 17:08:01.479 I/zygote64( 1664): option[7]=-Xusejit:true
06-22 17:08:01.479 I/zygote64( 1664): option[8]=-Xjitsaveprofilinginfo
06-22 17:08:01.479 I/zygote64( 1664): option[9]=-XjdwpOptions:suspend=n,server=y
06-22 17:08:01.479 I/zygote64( 1664): option[10]=-XjdwpProvider:default
06-22 17:08:01.479 I/zygote64( 1664): option[11]=-Xlockprofthreshold:500
06-22 17:08:01.479 I/zygote64( 1664): option[12]=-Ximage-compiler-option
06-22 17:08:01.479 I/zygote64( 1664): option[13]=--runtime-arg
06-22 17:08:01.479 I/zygote64( 1664): option[14]=-Ximage-compiler-option
06-22 17:08:01.479 I/zygote64( 1664): option[15]=-Xms64m
06-22 17:08:01.479 I/zygote64( 1664): option[16]=-Ximage-compiler-option
06-22 17:08:01.479 I/zygote64( 1664): option[17]=--runtime-arg
06-22 17:08:01.479 I/zygote64( 1664): option[18]=-Ximage-compiler-option
06-22 17:08:01.479 I/zygote64( 1664): option[19]=-Xmx64m
06-22 17:08:01.479 I/zygote64( 1664): option[20]=-Ximage-compiler-option
06-22 17:08:01.479 I/zygote64( 1664): option[21]=--profile-file=/system/etc/boot-image.prof
06-22 17:08:01.479 I/zygote64( 1664): option[22]=-Ximage-compiler-option
06-22 17:08:01.479 I/zygote64( 1664): option[23]=--compiler-filter=speed-profile
06-22 17:08:01.479 I/zygote64( 1664): option[24]=-Xcompiler-option
06-22 17:08:01.479 I/zygote64( 1664): option[25]=--runtime-arg
06-22 17:08:01.479 I/zygote64( 1664): option[26]=-Xcompiler-option
06-22 17:08:01.479 I/zygote64( 1664): option[27]=-Xms64m
06-22 17:08:01.479 I/zygote64( 1664): option[28]=-Xcompiler-option
06-22 17:08:01.480 I/zygote64( 1664): option[29]=--runtime-arg
06-22 17:08:01.480 I/zygote64( 1664): option[30]=-Xcompiler-option
06-22 17:08:01.480 I/zygote64( 1664): option[31]=-Xmx512m
06-22 17:08:01.480 I/zygote64( 1664): option[32]=-Ximage-compiler-option
06-22 17:08:01.480 I/zygote64( 1664): option[33]=--instruction-set-variant=x86_64
06-22 17:08:01.480 I/zygote64( 1664): option[34]=-Xcompiler-option
06-22 17:08:01.480 I/zygote64( 1664): option[35]=--instruction-set-variant=x86_64
06-22 17:08:01.480 I/zygote64( 1664): option[36]=-Ximage-compiler-option
06-22 17:08:01.480 I/zygote64( 1664): option[37]=--instruction-set-features=default
06-22 17:08:01.480 I/zygote64( 1664): option[38]=-Xcompiler-option
06-22 17:08:01.480 I/zygote64( 1664): option[39]=--instruction-set-features=default
06-22 17:08:01.480 I/zygote64( 1664): option[40]=-Duser.locale=en-US
06-22 17:08:01.480 I/zygote64( 1664): option[41]=--cpu-abilist=x86_64
06-22 17:08:01.480 I/zygote64( 1664): option[42]=-Xcompiler-option
06-22 17:08:01.480 I/zygote64( 1664): option[43]=--generate-mini-debug-info
06-22 17:08:01.480 I/zygote64( 1664): option[44]=-Xcore-platform-api-policy:just-warn
06-22 17:08:01.480 I/zygote64( 1664): option[45]=-Xfingerprint:google/sdk_gphone_x86_64/generic_x86_64:10/QSR1.211112.011/13135432:userdebug/dev-keys
06-22 17:08:01.495 I/cameraserver( 1757): ServiceManager: 0x720ad00b7100
06-22 17:08:01.510 I/CameraService( 1757): CameraService started (pid=1757)
06-22 17:08:01.510 I/CameraService( 1757): CameraService process starting
06-22 17:08:01.511 W/BatteryNotifier( 1757): batterystats service unavailable!
06-22 17:08:01.512 W/BatteryNotifier( 1757): batterystats service unavailable!
06-22 17:08:01.513 I/zygote64( 1664): Core platform API reporting enabled, enforcing=false
06-22 17:08:01.515 I/CameraProviderManager( 1757): Connecting to new camera provider: legacy/0, isRemote? 1
06-22 17:08:01.515 I/CameraProviderManager( 1757): Camera provider legacy/0 ready with 0 camera devices
06-22 17:08:01.515 I/hwservicemanager( 1567): getTransport: Cannot find entry android.hardware.camera.provider@2.4::ICameraProvider/external/0 in either framework or device manifest.
06-22 17:08:01.515 I/        ( 1757): Waiting for activity service
06-22 17:08:01.524 I/ServiceManager( 1771): Waiting for service 'package_native' on '/dev/binder'...
06-22 17:08:01.525 W/CameraProviderManager( 1757): addProviderLocked: Camera provider HAL with name 'legacy/0' already registered
06-22 17:08:01.541 D/AndroidRuntime( 1665): >>>>>> START com.android.internal.os.ZygoteInit uid 0 <<<<<<
06-22 17:08:01.577 I/BootAnimation( 1837): boot animation disabled
06-22 17:08:01.581 I/AndroidRuntime( 1665): Using default boot image
06-22 17:08:01.581 I/AndroidRuntime( 1665): Leaving lock profiling enabled
06-22 17:08:01.592 I/zygote  ( 1665): option[0]=-Xzygote
06-22 17:08:01.592 I/zygote  ( 1665): option[1]=exit
06-22 17:08:01.592 I/zygote  ( 1665): option[2]=vfprintf
06-22 17:08:01.592 I/zygote  ( 1665): option[3]=sensitiveThread
06-22 17:08:01.592 I/zygote  ( 1665): option[4]=-verbose:gc
06-22 17:08:01.592 I/zygote  ( 1665): option[5]=-Xms4m
06-22 17:08:01.592 I/zygote  ( 1665): option[6]=-Xmx512m
06-22 17:08:01.592 I/zygote  ( 1665): option[7]=-Xusejit:true
06-22 17:08:01.592 I/zygote  ( 1665): option[8]=-Xjitsaveprofilinginfo
06-22 17:08:01.592 I/zygote  ( 1665): option[9]=-XjdwpOptions:suspend=n,server=y
06-22 17:08:01.592 I/zygote  ( 1665): option[10]=-XjdwpProvider:default
06-22 17:08:01.592 I/zygote  ( 1665): option[11]=-Xlockprofthreshold:500
06-22 17:08:01.592 I/zygote  ( 1665): option[12]=-Ximage-compiler-option
06-22 17:08:01.592 I/zygote  ( 1665): option[13]=--runtime-arg
06-22 17:08:01.592 I/zygote  ( 1665): option[14]=-Ximage-compiler-option
06-22 17:08:01.592 I/zygote  ( 1665): option[15]=-Xms64m
06-22 17:08:01.592 I/zygote  ( 1665): option[16]=-Ximage-compiler-option
06-22 17:08:01.592 I/zygote  ( 1665): option[17]=--runtime-arg
06-22 17:08:01.592 I/zygote  ( 1665): option[18]=-Ximage-compiler-option
06-22 17:08:01.592 I/zygote  ( 1665): option[19]=-Xmx64m
06-22 17:08:01.592 I/zygote  ( 1665): option[20]=-Ximage-compiler-option
06-22 17:08:01.592 I/zygote  ( 1665): option[21]=--profile-file=/system/etc/boot-image.prof
06-22 17:08:01.592 I/zygote  ( 1665): option[22]=-Ximage-compiler-option
06-22 17:08:01.592 I/zygote  ( 1665): option[23]=--compiler-filter=speed-profile
06-22 17:08:01.592 I/zygote  ( 1665): option[24]=-Xcompiler-option
06-22 17:08:01.592 I/zygote  ( 1665): option[25]=--runtime-arg
06-22 17:08:01.592 I/zygote  ( 1665): option[26]=-Xcompiler-option
06-22 17:08:01.592 I/zygote  ( 1665): option[27]=-Xms64m
06-22 17:08:01.592 I/zygote  ( 1665): option[28]=-Xcompiler-option
06-22 17:08:01.592 I/zygote  ( 1665): option[29]=--runtime-arg
06-22 17:08:01.592 I/zygote  ( 1665): option[30]=-Xcompiler-option
06-22 17:08:01.592 I/zygote  ( 1665): option[31]=-Xmx512m
06-22 17:08:01.592 I/zygote  ( 1665): option[32]=-Ximage-compiler-option
06-22 17:08:01.592 I/zygote  ( 1665): option[33]=--instruction-set-variant=x86_64
06-22 17:08:01.592 I/zygote  ( 1665): option[34]=-Xcompiler-option
06-22 17:08:01.592 I/zygote  ( 1665): option[35]=--instruction-set-variant=x86_64
06-22 17:08:01.592 I/zygote  ( 1665): option[36]=-Ximage-compiler-option
06-22 17:08:01.592 I/zygote  ( 1665): option[37]=--instruction-set-features=default
06-22 17:08:01.592 I/zygote  ( 1665): option[38]=-Xcompiler-option
06-22 17:08:01.592 I/zygote  ( 1665): option[39]=--instruction-set-features=default
06-22 17:08:01.592 I/zygote  ( 1665): option[40]=-Duser.locale=en-US
06-22 17:08:01.592 I/zygote  ( 1665): option[41]=--cpu-abilist=x86
06-22 17:08:01.592 I/zygote  ( 1665): option[42]=-Xcompiler-option
06-22 17:08:01.592 I/zygote  ( 1665): option[43]=--generate-mini-debug-info
06-22 17:08:01.592 I/zygote  ( 1665): option[44]=-Xcore-platform-api-policy:just-warn
06-22 17:08:01.592 I/zygote  ( 1665): option[45]=-Xfingerprint:google/sdk_gphone_x86_64/generic_x86_64:10/QSR1.211112.011/13135432:userdebug/dev-keys
06-22 17:08:01.594 I/mediaserver( 1769): ServiceManager: 0xf1b06ca0
06-22 17:08:01.608 I/zygote  ( 1665): Core platform API reporting enabled, enforcing=false
06-22 17:08:01.609 E/MediaExtractorFactory( 1767): couldn't opendir(/system/lib64/extractors)
06-22 17:08:01.612 I//apex/com.android.media.swcodec/bin/mediaswcodec( 1775): media swcodec service starting
06-22 17:08:01.615 W//apex/com.android.media.swcodec/bin/mediaswcodec( 1775): Could not read additional policy file '/vendor/etc/seccomp_policy/mediaswcodec.policy'
06-22 17:08:01.615 W//apex/com.android.media.swcodec/bin/mediaswcodec( 1775): libminijail[1775]: failed to get path of fd 4: No such file or directory
06-22 17:08:01.615 W//apex/com.android.media.swcodec/bin/mediaswcodec( 1775): libminijail[1775]: allowing syscall: socket
06-22 17:08:01.615 W//apex/com.android.media.swcodec/bin/mediaswcodec( 1775): libminijail[1775]: allowing syscall: connect
06-22 17:08:01.615 W//apex/com.android.media.swcodec/bin/mediaswcodec( 1775): libminijail[1775]: allowing syscall: fcntl
06-22 17:08:01.615 W//apex/com.android.media.swcodec/bin/mediaswcodec( 1775): libminijail[1775]: allowing syscall: writev
06-22 17:08:01.615 W//apex/com.android.media.swcodec/bin/mediaswcodec( 1775): libminijail[1775]: compile_file: <fd>(20): nonexistent syscall 'getuid32'
06-22 17:08:01.615 W//apex/com.android.media.swcodec/bin/mediaswcodec( 1775): libminijail[1775]: compile_file: <fd>(26): nonexistent syscall 'mmap2'
06-22 17:08:01.615 W//apex/com.android.media.swcodec/bin/mediaswcodec( 1775): libminijail[1775]: compile_file: <fd>(28): nonexistent syscall 'fstat64'
06-22 17:08:01.616 W//apex/com.android.media.swcodec/bin/mediaswcodec( 1775): libminijail[1775]: compile_file: <fd>(30): nonexistent syscall 'stat64'
06-22 17:08:01.616 W//apex/com.android.media.swcodec/bin/mediaswcodec( 1775): libminijail[1775]: compile_file: <fd>(31): nonexistent syscall 'statfs64'
06-22 17:08:01.617 W//apex/com.android.media.swcodec/bin/mediaswcodec( 1775): libminijail[1775]: compile_file: <fd>(33): nonexistent syscall 'fstatat64'
06-22 17:08:01.617 W//apex/com.android.media.swcodec/bin/mediaswcodec( 1775): libminijail[1775]: compile_file: <fd>(38): nonexistent syscall '_llseek'
06-22 17:08:01.617 W//apex/com.android.media.swcodec/bin/mediaswcodec( 1775): libminijail[1775]: compile_file: <fd>(47): nonexistent syscall 'ugetrlimit'
06-22 17:08:01.617 W//apex/com.android.media.swcodec/bin/mediaswcodec( 1775): libminijail[1775]: compile_file: <fd>(50): nonexistent syscall '_llseek'
06-22 17:08:01.617 W//apex/com.android.media.swcodec/bin/mediaswcodec( 1775): libminijail[1775]: compile_file: <fd>(51): nonexistent syscall 'fstatfs64'
06-22 17:08:01.617 W//apex/com.android.media.swcodec/bin/mediaswcodec( 1775): libminijail[1775]: compile_file: <fd>(63): nonexistent syscall 'ftruncate64'
06-22 17:08:01.618 W/BatteryNotifier( 1769): batterystats service unavailable!
06-22 17:08:01.619 W//apex/com.android.media.swcodec/bin/mediaswcodec( 1775): libminijail[1775]: compile_file: /system/etc/seccomp_policy/crash_dump.x86.policy(5): nonexistent syscall 'sigreturn'
06-22 17:08:01.619 W//apex/com.android.media.swcodec/bin/mediaswcodec( 1775): libminijail[1775]: compile_file: /system/etc/seccomp_policy/crash_dump.x86.policy(31): nonexistent syscall 'getuid32'
06-22 17:08:01.619 I/netd    ( 1663): Setting up StrictController hooks: 609.7ms
06-22 17:08:01.619 W//apex/com.android.media.swcodec/bin/mediaswcodec( 1775): libminijail[1775]: compile_file: /system/etc/seccomp_policy/crash_dump.x86.policy(32): nonexistent syscall 'fstat64'
06-22 17:08:01.619 I/ClatdController( 1663): 4.9+ kernel and device shipped with P - clat ebpf might work.
06-22 17:08:01.619 W//apex/com.android.media.swcodec/bin/mediaswcodec( 1775): libminijail[1775]: compile_file: /system/etc/seccomp_policy/crash_dump.x86.policy(33): nonexistent syscall 'mmap2'
06-22 17:08:01.619 W//apex/com.android.media.swcodec/bin/mediaswcodec( 1775): libminijail[1775]: compile_file: /system/etc/seccomp_policy/crash_dump.x86.policy(34): nonexistent syscall 'geteuid32'
06-22 17:08:01.620 I/netd    ( 1663): Initializing ClatdController: 0.1ms
06-22 17:08:01.620 W//apex/com.android.media.swcodec/bin/mediaswcodec( 1775): libminijail[1775]: compile_file: /system/etc/seccomp_policy/crash_dump.x86.policy(35): nonexistent syscall 'getgid32'
06-22 17:08:01.620 W//apex/com.android.media.swcodec/bin/mediaswcodec( 1775): libminijail[1775]: compile_file: /system/etc/seccomp_policy/crash_dump.x86.policy(36): nonexistent syscall 'getegid32'
06-22 17:08:01.620 W//apex/com.android.media.swcodec/bin/mediaswcodec( 1775): libminijail[1775]: compile_file: /system/etc/seccomp_policy/crash_dump.x86.policy(37): nonexistent syscall 'getgroups32'
06-22 17:08:01.620 W//apex/com.android.media.swcodec/bin/mediaswcodec( 1775): libminijail[1775]: logging seccomp filter failures
06-22 17:08:01.620 I/CodecServiceRegistrant( 1775): Creating software Codec2 service...
06-22 17:08:01.622 I/netd    ( 1663): Initializing traffic control: 2.4ms
06-22 17:08:01.623 I/netd    ( 1663): Enabling bandwidth control: 1.3ms
06-22 17:08:01.623 E/Netd    ( 1663): cannot find interface dummy0
06-22 17:08:01.624 I/netd    ( 1663): Initializing RouteController: 0.3ms
06-22 17:08:01.624 D/XfrmController( 1663): XfrmController::ipSecAddXfrmInterface, line=1379
06-22 17:08:01.625 D/XfrmController( 1663): XfrmController::ipSecRemoveTunnelInterface, line=1592
06-22 17:08:01.625 D/XfrmController( 1663): deviceName=ipsec_test
06-22 17:08:01.625 I/ServiceManager( 1771): Waiting for service 'package_native' on '/dev/binder'...
06-22 17:08:01.629 I/ServiceManagement( 1775): Registered android.hardware.media.c2@1.0::IComponentStore/software (start delay of 760ms)
06-22 17:08:01.629 I/CodecServiceRegistrant( 1775): Software Codec2 service created.
06-22 17:08:01.659 D/XfrmController( 1663): Sending Netlink XFRM Message: XFRM_MSG_FLUSHSA
06-22 17:08:01.659 D/XfrmController( 1663): Sending Netlink XFRM Message: XFRM_MSG_FLUSHPOLICY
06-22 17:08:01.659 I/netd    ( 1663): Initializing XfrmController: 36.0ms
06-22 17:08:01.660 E/Netd    ( 1663): Unable to create netlink socket for family 5: Protocol not supported
06-22 17:08:01.660 W/Netd    ( 1663): Unable to open qlog quota socket, check if xt_quota2 can send via UeventHandler
06-22 17:08:01.662 I/libnetd_resolv( 1663): resolv_init: Initializing resolver
06-22 17:08:01.663 D/MDnsDS  ( 1663): MDnsSdListener::Hander starting up
06-22 17:08:01.663 I/netd    ( 1663): Registering NetdNativeService: 0.2ms
06-22 17:08:01.664 I/ServiceManagement( 1663): Registered android.system.net.netd@1.1::INetd/default (start delay of 1335ms)
06-22 17:08:01.664 I/netd    ( 1663): Registering NetdHwService: 1.3ms
06-22 17:08:01.664 I/netd    ( 1663): Netd started in 1277ms
06-22 17:08:01.665 I/FastMixerState( 1723): sMaxFastTracks = 8
06-22 17:08:01.665 D/MDnsDS  ( 1663): MDnsSdListener starting to monitor
06-22 17:08:01.665 D/MDnsDS  ( 1663): Going to poll with pollCount 1
06-22 17:08:01.667 V/MediaUtils( 1723): physMem: 2089566208
06-22 17:08:01.667 V/MediaUtils( 1723): requested limit: 417913240
06-22 17:08:01.667 I/libc    ( 1723): malloc_limit: Allocation limit enabled, max size 417913240 bytes
06-22 17:08:01.667 I/audioserver( 1723): ServiceManager: 0x72698ee11dc0
06-22 17:08:01.667 W/BatteryNotifier( 1723): batterystats service unavailable!
06-22 17:08:01.668 I/hwservicemanager( 1567): getTransport: Cannot find entry android.hardware.audio@5.0::IDevicesFactory/default in either framework or device manifest.
06-22 17:08:01.669 I/hwservicemanager( 1567): getTransport: Cannot find entry android.hardware.audio@4.0::IDevicesFactory/msd in either framework or device manifest.
06-22 17:08:01.671 I/hwservicemanager( 1567): getTransport: Cannot find entry android.hardware.audio.effect@5.0::IEffectsFactory/default in either framework or device manifest.
06-22 17:08:01.673 I/AudioFlinger( 1723): Using default 3000 mSec as standby time.
06-22 17:08:01.683 E/APM::Serializer( 1723): deserialize: Could not parse /odm/etc/audio_policy_configuration.xml document.
06-22 17:08:01.688 E/APM::AudioPolicyEngine/Config( 1723): parse: Could not parse document /vendor/etc/audio_policy_engine_configuration.xml
06-22 17:08:01.689 W/APM::AudioPolicyEngine/Base( 1723): loadAudioPolicyEngineConfig: No configuration found, using default matching phone experience.
06-22 17:08:01.689 E/APM::AudioPolicyEngine/Config( 1723): parseLegacyVolumeFile: Could not parse document /odm/etc/audio_policy_configuration.xml
06-22 17:08:01.696 D/audio_hw_generic( 1671): Emulator host-side ALSA audio emulation detected.
06-22 17:08:01.696 D/audio_hw_generic( 1671): mixer 0 name Master Playback Volume
06-22 17:08:01.696 D/audio_hw_generic( 1671): set ctl 0 to 100
06-22 17:08:01.696 D/audio_hw_generic( 1671): set ctl 1 to 100
06-22 17:08:01.696 D/audio_hw_generic( 1671): mixer 1 name Master Playback Switch
06-22 17:08:01.696 D/audio_hw_generic( 1671): set ctl 0 to 1
06-22 17:08:01.697 D/audio_hw_generic( 1671): set ctl 1 to 1
06-22 17:08:01.697 D/audio_hw_generic( 1671): mixer 2 name Capture Volume
06-22 17:08:01.697 D/audio_hw_generic( 1671): set ctl 0 to 100
06-22 17:08:01.697 D/audio_hw_generic( 1671): set ctl 1 to 100
06-22 17:08:01.697 D/audio_hw_generic( 1671): mixer 3 name Capture Switch
06-22 17:08:01.697 D/audio_hw_generic( 1671): set ctl 0 to 1
06-22 17:08:01.697 D/audio_hw_generic( 1671): set ctl 1 to 1
06-22 17:08:01.697 D/audio_hw_generic( 1671): mixer 4 name Line Phantom Jack
06-22 17:08:01.697 D/audio_hw_generic( 1671): mixer 5 name Line Out Phantom Jack
06-22 17:08:01.697 D/audio_hw_generic( 1671): mixer 6 name Playback Channel Map
06-22 17:08:01.697 D/audio_hw_generic( 1671): mixer 7 name Capture Channel Map
06-22 17:08:01.698 W/DeviceHAL( 1671): Error from HAL Device in function get_master_volume: Function not implemented
06-22 17:08:01.698 W/DeviceHAL( 1671): Error from HAL Device in function get_master_mute: Function not implemented
06-22 17:08:01.698 W/DeviceHAL( 1671): Error from HAL Device in function set_master_volume: Function not implemented
06-22 17:08:01.698 W/DeviceHAL( 1671): Error from HAL Device in function set_master_mute: Function not implemented
06-22 17:08:01.699 I/AudioFlinger( 1723): loadHwModule() Loaded primary audio interface, handle 10
06-22 17:08:01.699 I/AudioFlinger( 1723): openOutput() this 0x72698ee1c600, module 10 Device 0x2, SamplingRate 44100, Format 0x000001, Channels 0x3, flags 0x2
06-22 17:08:01.701 W/AudioFlinger( 1723): HAL output buffer size is 661 frames but AudioMixer requires multiples of 16 frames
06-22 17:08:01.701 I/AudioFlinger( 1723): HAL output buffer size 661 frames, normal sink buffer size 1056 frames
06-22 17:08:01.702 I/hwservicemanager( 1567): getTransport: Cannot find entry android.hardware.audio.effect@5.0::IEffectsFactory/default in either framework or device manifest.
06-22 17:08:01.709 I/BufferProvider( 1723): found effect "Multichannel Downmix To Stereo" from The Android Open Source Project
06-22 17:08:01.710 I/AudioFlinger( 1723): Using module 10 as the primary audio interface
06-22 17:08:01.710 I/AudioFlinger( 1723): AudioFlinger's thread 0x72698eeba300 tid=1879 ready to run
06-22 17:08:01.711 W/AudioFlinger( 1723): no wake lock to update, system not ready yet
06-22 17:08:01.711 V/APM_AudioPolicyManager( 1723): checkAndSetVolume cannot set volume group 3 volume with force use = 0 for comm
06-22 17:08:01.714 W/AudioFlinger( 1723): moveEffects() bad srcOutput 0
06-22 17:08:01.714 V/APM_AudioPolicyManager( 1723): selectOutputForMusicEffects selected output 13
06-22 17:08:01.714 V/APM_AudioPolicyManager( 1723): setOutputDevices device {type:0x2,@:} delayMs 0
06-22 17:08:01.714 V/APM_AudioPolicyManager( 1723): setOutputDevices() prevDevice {type:0x2,@:}
06-22 17:08:01.714 V/APM_AudioPolicyManager( 1723): setOutputDevices changing device to {type:0x2,@:}
06-22 17:08:01.715 V/APM_AudioPolicyManager( 1723): setOutputDevices() AF::createAudioPatch returned 0 patchHandle 12 num_sources 1 num_sinks 1
06-22 17:08:01.716 V/APM_AudioPolicyManager( 1723): checkAndSetVolume cannot set volume group 3 volume with force use = 0 for comm
06-22 17:08:01.721 W/AudioFlinger( 1723): no wake lock to update, system not ready yet
06-22 17:08:01.726 I/ServiceManager( 1771): Waiting for service 'package_native' on '/dev/binder'...
06-22 17:08:01.727 I/AudioFlinger( 1723): AudioFlinger's thread 0x72698a0952c0 tid=1881 ready to run
06-22 17:08:01.730 I/r_submix( 1671): adev_open(name=audio_hw_if)
06-22 17:08:01.730 I/r_submix( 1671): adev_init_check()
06-22 17:08:01.730 W/DeviceHAL( 1671): Error from HAL Device in function set_master_volume: Function not implemented
06-22 17:08:01.730 W/DeviceHAL( 1671): Error from HAL Device in function set_master_mute: Function not implemented
06-22 17:08:01.730 I/AudioFlinger( 1723): loadHwModule() Loaded r_submix audio interface, handle 18
06-22 17:08:01.731 D/r_submix( 1671): adev_open_input_stream(addr=0)
06-22 17:08:01.731 D/r_submix( 1671): submix_audio_device_create_pipe_l(addr=0, idx=9)
06-22 17:08:01.731 D/r_submix( 1671):   now using address 0 for route 9
06-22 17:08:01.734 I/AudioFlinger( 1723): AudioFlinger's thread 0x72698a095f00 tid=1884 ready to run
06-22 17:08:01.734 I/r_submix( 1671): in_standby()
06-22 17:08:01.735 W/AudioFlinger( 1723): no wake lock to update, system not ready yet
06-22 17:08:01.735 I/r_submix( 1671): in_standby()
06-22 17:08:01.735 W/AudioFlinger( 1723): no wake lock to update, system not ready yet
06-22 17:08:01.735 D/r_submix( 1671): adev_close_input_stream()
06-22 17:08:01.735 D/r_submix( 1671): submix_audio_device_release_pipe_l(idx=9) addr=0
06-22 17:08:01.735 D/r_submix( 1671): submix_audio_device_destroy_pipe_l(): pipe destroyed
06-22 17:08:01.736 I/        ( 1723): Waiting for activity service
06-22 17:08:01.826 I/ServiceManager( 1771): Waiting for service 'package_native' on '/dev/binder'...
06-22 17:08:01.844 D/ICU     ( 1664): Time zone APEX file found: /apex/com.android.tzdata/etc/icu/icu_tzdata.dat
06-22 17:08:01.844 D/ICU     ( 1665): Time zone APEX file found: /apex/com.android.tzdata/etc/icu/icu_tzdata.dat
06-22 17:08:01.880 W/zygote  ( 1665): Unexpected CPU variant for X86 using defaults: x86_64
06-22 17:08:01.881 W/zygote64( 1664): Unexpected CPU variant for X86 using defaults: x86_64
06-22 17:08:01.907 I/adbd    ( 1751): adbd listening on port 5555
06-22 17:08:01.908 I/adbd    ( 1751): USB event: FUNCTIONFS_ENABLE
06-22 17:08:01.908 W/adbd    ( 1751): received FUNCTIONFS_ENABLE while not bound?
06-22 17:08:01.908 I/adbd    ( 1751): UsbFfs: connection terminated: monitor thread finished
06-22 17:08:01.908 I/adbd    ( 1751): UsbFfs: already offline
06-22 17:08:01.909 I/adbd    ( 1751): destroying transport UsbFfs
06-22 17:08:01.909 I/adbd    ( 1751): UsbFfsConnection being destroyed
06-22 17:08:01.927 I/ServiceManager( 1771): Waiting for service 'package_native' on '/dev/binder'...
06-22 17:08:01.954 W/zygote  ( 1665): JNI RegisterNativeMethods: attempt to register 0 native methods for android.media.AudioAttributes
06-22 17:08:01.955 W/zygote64( 1664): JNI RegisterNativeMethods: attempt to register 0 native methods for android.media.AudioAttributes
06-22 17:08:01.959 I/adbd    ( 1751): opening control endpoint /dev/usb-ffs/adb/ep0
06-22 17:08:01.965 D/Zygote  ( 1664): begin preload
06-22 17:08:01.966 I/Zygote  ( 1664): Calling ZygoteHooks.beginPreload()
06-22 17:08:01.973 I/adbd    ( 1751): UsbFfsConnection constructed
06-22 17:08:01.974 I/adbd    ( 1751): USB event: FUNCTIONFS_BIND
06-22 17:08:01.976 I/zygote  ( 1665): Explicit concurrent copying GC freed 296(39KB) AllocSpace objects, 0(0B) LOS objects, 98% free, 24KB/1560KB, paused 430us total 5.965ms
06-22 17:08:01.980 I/zygote  ( 1665): Explicit concurrent copying GC freed 5(32KB) AllocSpace objects, 0(0B) LOS objects, 98% free, 24KB/1560KB, paused 444us total 2.524ms
06-22 17:08:01.980 D/Zygote32Timing( 1665): PostZygoteInitGC took to complete: 11ms
06-22 17:08:01.980 D/Zygote32Timing( 1665): ZygoteInit took to complete: 11ms
06-22 17:08:01.986 D/Zygote64Timing( 1664): BeginPreload took to complete: 20ms
06-22 17:08:01.986 I/Zygote  ( 1664): Preloading classes...
06-22 17:08:01.987 W/Zygote  ( 1664): Class not found for preloading: android.app.-$$Lambda$ActivityThread$ZXDWm3IBeFmLnFVblhB-IOZCr9o
06-22 17:08:02.023 I/Zygote  ( 1665): Accepting command socket connections
06-22 17:08:02.027 I/ServiceManager( 1771): Waiting for service 'package_native' on '/dev/binder'...
06-22 17:08:02.031 W/Zygote  ( 1664): Class not found for preloading: android.bluetooth.BluetoothA2dp$2
06-22 17:08:02.038 I/PackageBackwardCompatibility( 1664): Could not find android.content.pm.AndroidTestBaseUpdater, ignoring
06-22 17:08:02.128 I/ServiceManager( 1771): Waiting for service 'package_native' on '/dev/binder'...
06-22 17:08:02.228 I/ServiceManager( 1771): Waiting for service 'package_native' on '/dev/binder'...
06-22 17:08:02.283 E/ActivityRecognitionHardware( 1664): activity_recognition HAL is deprecated. class_init is effectively a no-op
06-22 17:08:02.318 I/zygote64( 1664): Thread[1,tid=1664,Native,Thread*=0x7ae07ecba000,peer=0x12c02208,"main"] recursive attempt to load library "libmedia_jni.so"
06-22 17:08:02.318 D/MtpDeviceJNI( 1664): register_android_mtp_MtpDevice
06-22 17:08:02.318 I/zygote64( 1664): Thread[1,tid=1664,Native,Thread*=0x7ae07ecba000,peer=0x12c02208,"main"] recursive attempt to load library "libmedia_jni.so"
06-22 17:08:02.318 I/zygote64( 1664): Thread[1,tid=1664,Native,Thread*=0x7ae07ecba000,peer=0x12c02208,"main"] recursive attempt to load library "libmedia_jni.so"
06-22 17:08:02.327 W/Zygote  ( 1664): Class not found for preloading: android.media.audiopolicy.AudioProductStrategies
06-22 17:08:02.327 W/Zygote  ( 1664): Class not found for preloading: android.media.audiopolicy.AudioVolumeGroups
06-22 17:08:02.328 I/ServiceManager( 1771): Waiting for service 'package_native' on '/dev/binder'...
06-22 17:08:02.380 I/adbd    ( 1751): host-12: read thread spawning
06-22 17:08:02.381 I/adbd    ( 1751): host-12: write thread spawning
06-22 17:08:02.418 W/Zygote  ( 1664): Class not found for preloading: android.view.textclassifier.-$$Lambda$TextClassificationManager$JIaezIJbMig_-kVzN6oArzkTsJE
06-22 17:08:02.424 W/Zygote  ( 1664): Class not found for preloading: com.android.internal.net.NetworkStatsFactory
06-22 17:08:02.428 I/ServiceManager( 1771): Waiting for service 'package_native' on '/dev/binder'...
06-22 17:08:02.429 W/Zygote  ( 1664): Class not found for preloading: com.android.internal.telephony.-$$Lambda$PhoneSubInfoController$8HFbCDJDN1mrLJG980qYH5MGqMk
06-22 17:08:02.429 W/Zygote  ( 1664): Class not found for preloading: com.android.internal.telephony.-$$Lambda$PhoneSubInfoController$U28a_EGx2cvmQhDfRRgonMt5Zrc
06-22 17:08:02.429 W/Zygote  ( 1664): Class not found for preloading: com.android.internal.telephony.-$$Lambda$SubscriptionInfoUpdater$-zZXM9oMRZ3vZz7dJOG19J00Bmw
06-22 17:08:02.429 W/Zygote  ( 1664): Class not found for preloading: com.android.internal.telephony.-$$Lambda$SubscriptionInfoUpdater$D5yF1HbS4cvCyoAj3FESkPtA_0g
06-22 17:08:02.429 W/Zygote  ( 1664): Class not found for preloading: com.android.internal.telephony.-$$Lambda$SubscriptionInfoUpdater$MMx9iQX0JVqqMPLTUZhdBubFSzU
06-22 17:08:02.437 W/Zygote  ( 1664): Class not found for preloading: com.android.internal.telephony.PhoneConfigurationModels
06-22 17:08:02.440 W/Zygote  ( 1664): Class not found for preloading: com.android.internal.telephony.SubscriptionController$ScLocalLog
06-22 17:08:02.442 W/Zygote  ( 1664): Class not found for preloading: com.android.internal.telephony.UiccSmsController
06-22 17:08:02.465 I/Zygote  ( 1664): ...preloaded 7590 classes in 478ms.
06-22 17:08:02.465 I/zygote64( 1664): VMRuntime.preloadDexCaches starting
06-22 17:08:02.478 I/zygote64( 1664): VMRuntime.preloadDexCaches strings total=378948 before=9925 after=9925
06-22 17:08:02.478 I/zygote64( 1664): VMRuntime.preloadDexCaches types total=35812 before=7199 after=7467
06-22 17:08:02.478 I/zygote64( 1664): VMRuntime.preloadDexCaches fields total=160603 before=8020 after=8221
06-22 17:08:02.478 I/zygote64( 1664): VMRuntime.preloadDexCaches methods total=281511 before=10884 after=11316
06-22 17:08:02.478 I/zygote64( 1664): VMRuntime.preloadDexCaches finished
06-22 17:08:02.479 D/Zygote64Timing( 1664): PreloadClasses took to complete: 493ms
06-22 17:08:02.482 I/zygote64( 1664): Background young concurrent copying GC freed 23790(1231KB) AllocSpace objects, 0(0B) LOS objects, 42% free, 2294KB/3986KB, paused 13.821ms total 18.067ms
06-22 17:08:02.485 I/zygote64( 1664): The ClassLoaderContext is a special shared library.
06-22 17:08:02.485 D/ApplicationLoaders( 1664): Created zygote-cached class loader: /system/framework/android.hidl.base-V1.0-java.jar
06-22 17:08:02.487 I/zygote64( 1664): The ClassLoaderContext is a special shared library.
06-22 17:08:02.488 D/ApplicationLoaders( 1664): Created zygote-cached class loader: /system/framework/android.hidl.manager-V1.0-java.jar
06-22 17:08:02.488 D/Zygote64Timing( 1664): CacheNonBootClasspathClassLoaders took to complete: 9ms
06-22 17:08:02.529 I/ServiceManager( 1771): Waiting for service 'package_native' on '/dev/binder'...
06-22 17:08:02.561 I/adbd    ( 1751): host-12: already offline
06-22 17:08:02.629 I/ServiceManager( 1771): Waiting for service 'package_native' on '/dev/binder'...
06-22 17:08:02.641 I/adbd    ( 1751): USB event: FUNCTIONFS_ENABLE
06-22 17:08:02.718 I/Zygote  ( 1664): Preloading resources...
06-22 17:08:02.729 I/ServiceManager( 1771): Waiting for service 'package_native' on '/dev/binder'...
06-22 17:08:02.733 W/Resources( 1664): Preloaded drawable resource #0x108027c (android:drawable/dialog_background_material) that varies with configuration!!
06-22 17:08:02.742 I/Zygote  ( 1664): ...preloaded 64 resources in 23ms.
06-22 17:08:02.743 I/Zygote  ( 1664): ...preloaded 41 resources in 2ms.
06-22 17:08:02.743 D/Zygote64Timing( 1664): PreloadResources took to complete: 256ms
06-22 17:08:02.747 I/Zygote  ( 1664): Preloading shared libraries...
06-22 17:08:02.755 I/Zygote  ( 1664): Called ZygoteHooks.endPreload()
06-22 17:08:02.755 I/Zygote  ( 1664): Installed AndroidKeyStoreProvider in 0ms.
06-22 17:08:02.757 I/Zygote  ( 1664): Warmed up JCA providers in 2ms.
06-22 17:08:02.757 D/Zygote  ( 1664): end preload
06-22 17:08:02.758 D/Zygote64Timing( 1664): ZygotePreload took to complete: 792ms
06-22 17:08:02.764 I/zygote64( 1664): Explicit concurrent copying GC freed 12405(538KB) AllocSpace objects, 0(0B) LOS objects, 71% free, 2435KB/8579KB, paused 390us total 5.869ms
06-22 17:08:02.770 I/zygote64( 1664): Explicit concurrent copying GC freed 1631(96KB) AllocSpace objects, 0(0B) LOS objects, 72% free, 2371KB/8515KB, paused 404us total 5.239ms
06-22 17:08:02.770 D/Zygote64Timing( 1664): PostZygoteInitGC took to complete: 12ms
06-22 17:08:02.770 D/Zygote64Timing( 1664): ZygoteInit took to complete: 805ms
06-22 17:08:02.829 D/Zygote  ( 1664): Forked child process 1918
06-22 17:08:02.829 I/Zygote  ( 1664): System server process 1918 has been created
06-22 17:08:02.830 I/Zygote  ( 1664): Accepting command socket connections
06-22 17:08:02.831 I/ServiceManager( 1771): Waiting for service 'package_native' on '/dev/binder'...
06-22 17:08:02.837 I/system_server( 1918): The ClassLoaderContext is a special shared library.
06-22 17:08:02.863 I/chatty  ( 1918): uid=1000 system_server identical 2 lines
06-22 17:08:02.869 I/system_server( 1918): The ClassLoaderContext is a special shared library.
06-22 17:08:02.872 W/system_server( 1918): Unexpected CPU variant for X86 using defaults: x86_64
06-22 17:08:02.907 I/SystemServer( 1918): InitBeforeStartServices
06-22 17:08:02.909 W/SystemServer( 1918): Timezone not set; setting to GMT.
06-22 17:08:02.912 I/SystemServer( 1918): Entered the Android system server!
06-22 17:08:02.931 I/ServiceManager( 1771): Waiting for service 'package_native' on '/dev/binder'...
06-22 17:08:03.030 E/UsbAlsaJackDetectorJNI( 1918): Can't register UsbAlsaJackDetector native methods
06-22 17:08:03.032 I/ServiceManager( 1771): Waiting for service 'package_native' on '/dev/binder'...
06-22 17:08:03.045 D/SystemServerTiming( 1918): InitBeforeStartServices took to complete: 138ms
06-22 17:08:03.045 I/SystemServer( 1918): StartServices
06-22 17:08:03.045 I/SystemServer( 1918): StartWatchdog
06-22 17:08:03.060 D/SystemServerTiming( 1918): StartWatchdog took to complete: 14ms
06-22 17:08:03.060 I/SystemServer( 1918): Reading configuration...
06-22 17:08:03.060 I/SystemServer( 1918): ReadingSystemConfig
06-22 17:08:03.060 D/SystemServerTiming( 1918): ReadingSystemConfig took to complete: 1ms
06-22 17:08:03.060 I/SystemServer( 1918): StartInstaller
06-22 17:08:03.061 I/SystemServiceManager( 1918): Starting com.android.server.pm.Installer
06-22 17:08:03.061 D/SystemServerInitThreadPool( 1918): Started executing ReadingSystemConfig
06-22 17:08:03.064 D/installd( 1761): Found quota mount /dev/block/vdc at /data
06-22 17:08:03.065 D/SystemServerTiming( 1918): StartInstaller took to complete: 4ms
06-22 17:08:03.065 I/SystemServer( 1918): DeviceIdentifiersPolicyService
06-22 17:08:03.065 I/SystemServiceManager( 1918): Starting com.android.server.os.DeviceIdentifiersPolicyService
06-22 17:08:03.065 D/SystemServerTiming( 1918): DeviceIdentifiersPolicyService took to complete: 1ms
06-22 17:08:03.065 I/SystemServer( 1918): UriGrantsManagerService
06-22 17:08:03.065 I/SystemServiceManager( 1918): Starting com.android.server.uri.UriGrantsManagerService$Lifecycle
06-22 17:08:03.070 D/SystemServerTiming( 1918): UriGrantsManagerService took to complete: 4ms
06-22 17:08:03.070 I/SystemServer( 1918): StartActivityManager
06-22 17:08:03.070 I/SystemServiceManager( 1918): Starting com.android.server.wm.ActivityTaskManagerService$Lifecycle
06-22 17:08:03.078 I/SystemServiceManager( 1918): Starting com.android.server.am.ActivityManagerService$Lifecycle
06-22 17:08:03.095 I/ActivityManager( 1918): Memory class: 512
06-22 17:08:03.096 I/SystemConfig( 1918): Adding association: com.google.android.as <- com.android.providers.contacts
06-22 17:08:03.096 I/SystemConfig( 1918): Adding association: com.google.android.as <- com.android.providers.media
06-22 17:08:03.096 I/SystemConfig( 1918): Adding association: com.google.android.as <- com.android.providers.telephony
06-22 17:08:03.096 I/SystemConfig( 1918): Adding association: com.google.android.as <- com.android.systemui
06-22 17:08:03.096 I/SystemConfig( 1918): Adding association: com.google.android.as <- com.google.android.gms
06-22 17:08:03.096 I/SystemConfig( 1918): Adding association: com.google.android.as <- com.google.android.gsf
06-22 17:08:03.111 D/BatteryStatsImpl( 1918): Reading daily items from /data/system/batterystats-daily.xml
06-22 17:08:03.113 E/BatteryStatsImpl( 1918): Error reading battery statistics
06-22 17:08:03.113 E/BatteryStatsImpl( 1918): java.io.FileNotFoundException: /data/system/batterystats.bin: open failed: ENOENT (No such file or directory)
06-22 17:08:03.113 E/BatteryStatsImpl( 1918): 	at libcore.io.IoBridge.open(IoBridge.java:496)
06-22 17:08:03.113 E/BatteryStatsImpl( 1918): 	at java.io.FileInputStream.<init>(FileInputStream.java:159)
06-22 17:08:03.113 E/BatteryStatsImpl( 1918): 	at com.android.internal.os.AtomicFile.openRead(AtomicFile.java:157)
06-22 17:08:03.113 E/BatteryStatsImpl( 1918): 	at com.android.internal.os.AtomicFile.readFully(AtomicFile.java:162)
06-22 17:08:03.113 E/BatteryStatsImpl( 1918): 	at com.android.internal.os.BatteryStatsImpl.readLocked(BatteryStatsImpl.java:13339)
06-22 17:08:03.113 E/BatteryStatsImpl( 1918): 	at com.android.server.am.ActivityManagerService.<init>(ActivityManagerService.java:2501)
06-22 17:08:03.113 E/BatteryStatsImpl( 1918): 	at com.android.server.am.ActivityManagerService$Lifecycle.<init>(ActivityManagerService.java:2215)
06-22 17:08:03.113 E/BatteryStatsImpl( 1918): 	at java.lang.reflect.Constructor.newInstance0(Native Method)
06-22 17:08:03.113 E/BatteryStatsImpl( 1918): 	at java.lang.reflect.Constructor.newInstance(Constructor.java:343)
06-22 17:08:03.113 E/BatteryStatsImpl( 1918): 	at com.android.server.SystemServiceManager.startService(SystemServiceManager.java:101)
06-22 17:08:03.113 E/BatteryStatsImpl( 1918): 	at com.android.server.am.ActivityManagerService$Lifecycle.startService(ActivityManagerService.java:2221)
06-22 17:08:03.113 E/BatteryStatsImpl( 1918): 	at com.android.server.SystemServer.startBootstrapServices(SystemServer.java:660)
06-22 17:08:03.113 E/BatteryStatsImpl( 1918): 	at com.android.server.SystemServer.run(SystemServer.java:510)
06-22 17:08:03.113 E/BatteryStatsImpl( 1918): 	at com.android.server.SystemServer.main(SystemServer.java:349)
06-22 17:08:03.113 E/BatteryStatsImpl( 1918): 	at java.lang.reflect.Method.invoke(Native Method)
06-22 17:08:03.113 E/BatteryStatsImpl( 1918): 	at com.android.internal.os.RuntimeInit$MethodAndArgsCaller.run(RuntimeInit.java:492)
06-22 17:08:03.113 E/BatteryStatsImpl( 1918): 	at com.android.internal.os.ZygoteInit.main(ZygoteInit.java:908)
06-22 17:08:03.113 E/BatteryStatsImpl( 1918): Caused by: android.system.ErrnoException: open failed: ENOENT (No such file or directory)
06-22 17:08:03.113 E/BatteryStatsImpl( 1918): 	at libcore.io.Linux.open(Native Method)
06-22 17:08:03.113 E/BatteryStatsImpl( 1918): 	at libcore.io.ForwardingOs.open(ForwardingOs.java:167)
06-22 17:08:03.113 E/BatteryStatsImpl( 1918): 	at libcore.io.BlockGuardOs.open(BlockGuardOs.java:252)
06-22 17:08:03.113 E/BatteryStatsImpl( 1918): 	at libcore.io.IoBridge.open(IoBridge.java:482)
06-22 17:08:03.113 E/BatteryStatsImpl( 1918): 	... 16 more
06-22 17:08:03.113 E/BatteryStatsImpl( 1918): Error reading battery history
06-22 17:08:03.113 E/BatteryStatsImpl( 1918): java.io.FileNotFoundException: /data/system/battery-history/0.bin: open failed: ENOENT (No such file or directory)
06-22 17:08:03.113 E/BatteryStatsImpl( 1918): 	at libcore.io.IoBridge.open(IoBridge.java:496)
06-22 17:08:03.113 E/BatteryStatsImpl( 1918): 	at java.io.FileInputStream.<init>(FileInputStream.java:159)
06-22 17:08:03.113 E/BatteryStatsImpl( 1918): 	at com.android.internal.os.AtomicFile.openRead(AtomicFile.java:157)
06-22 17:08:03.113 E/BatteryStatsImpl( 1918): 	at com.android.internal.os.AtomicFile.readFully(AtomicFile.java:162)
06-22 17:08:03.113 E/BatteryStatsImpl( 1918): 	at com.android.internal.os.BatteryStatsImpl.readLocked(BatteryStatsImpl.java:13358)
06-22 17:08:03.113 E/BatteryStatsImpl( 1918): 	at com.android.server.am.ActivityManagerService.<init>(ActivityManagerService.java:2501)
06-22 17:08:03.113 E/BatteryStatsImpl( 1918): 	at com.android.server.am.ActivityManagerService$Lifecycle.<init>(ActivityManagerService.java:2215)
06-22 17:08:03.113 E/BatteryStatsImpl( 1918): 	at java.lang.reflect.Constructor.newInstance0(Native Method)
06-22 17:08:03.113 E/BatteryStatsImpl( 1918): 	at java.lang.reflect.Constructor.newInstance(Constructor.java:343)
06-22 17:08:03.113 E/BatteryStatsImpl( 1918): 	at com.android.server.SystemServiceManager.startService(SystemServiceManager.java:101)
06-22 17:08:03.113 E/BatteryStatsImpl( 1918): 	at com.android.server.am.ActivityManagerService$Lifecycle.startService(ActivityManagerService.java:2221)
06-22 17:08:03.113 E/BatteryStatsImpl( 1918): 	at com.android.server.SystemServer.startBootstrapServices(SystemServer.java:660)
06-22 17:08:03.113 E/BatteryStatsImpl( 1918): 	at com.android.server.SystemServer.run(SystemServer.java:510)
06-22 17:08:03.113 E/BatteryStatsImpl( 1918): 	at com.android.server.SystemServer.main(SystemServer.java:349)
06-22 17:08:03.113 E/BatteryStatsImpl( 1918): 	at java.lang.reflect.Method.invoke(Native Method)
06-22 17:08:03.113 E/BatteryStatsImpl( 1918): 	at com.android.internal.os.RuntimeInit$MethodAndArgsCaller.run(RuntimeInit.java:492)
06-22 17:08:03.113 E/BatteryStatsImpl( 1918): 	at com.android.internal.os.ZygoteInit.main(ZygoteInit.java:908)
06-22 17:08:03.113 E/BatteryStatsImpl( 1918): Caused by: android.system.ErrnoException: open failed: ENOENT (No such file or directory)
06-22 17:08:03.113 E/BatteryStatsImpl( 1918): 	at libcore.io.Linux.open(Native Method)
06-22 17:08:03.113 E/BatteryStatsImpl( 1918): 	at libcore.io.ForwardingOs.open(ForwardingOs.java:167)
06-22 17:08:03.113 E/BatteryStatsImpl( 1918): 	at libcore.io.BlockGuardOs.open(BlockGuardOs.java:252)
06-22 17:08:03.113 E/BatteryStatsImpl( 1918): 	at libcore.io.IoBridge.open(IoBridge.java:482)
06-22 17:08:03.113 E/BatteryStatsImpl( 1918): 	... 16 more
06-22 17:08:03.115 I/hwservicemanager( 1567): getTransport: Cannot find entry android.hardware.power.stats@1.0::IPowerStats/default in either framework or device manifest.
06-22 17:08:03.118 I/BatteryStatsService( 1918): Using power HAL
06-22 17:08:03.118 E/BatteryStatsService( 1918): Unable to load Power.Stats.HAL. Setting rail availability to false
06-22 17:08:03.118 E/BluetoothAdapter( 1918): Bluetooth binder is null
06-22 17:08:03.119 E/BatteryExternalStatsWorker( 1918): no controller energy info supplied for telephony
06-22 17:08:03.120 E/KernelCpuUidFreqTimeReader( 1918): Failed to read /proc/uid_time_in_state: java.nio.file.NoSuchFileException: /proc/uid_time_in_state
06-22 17:08:03.124 W/KernelCpuProcStringReader( 1918): File not found. It's normal if not implemented: /proc/uid_time_in_state
06-22 17:08:03.124 W/KernelCpuProcStringReader( 1918): File not found. It's normal if not implemented: /proc/uid_concurrent_active_time
06-22 17:08:03.124 W/KernelCpuProcStringReader( 1918): File not found. It's normal if not implemented: /proc/uid_concurrent_policy_time
06-22 17:08:03.125 W/KernelMemoryBandwidthStats( 1918): No kernel memory bandwidth stats available
06-22 17:08:03.126 I/PowerManagerService-JNI( 1918): Loaded power HAL 1.0 service
06-22 17:08:03.126 I/PowerManagerService-JNI( 1918): Loaded power HAL 1.1 service
06-22 17:08:03.131 W/SystemConfig( 1918): No directory /product_services/etc/sysconfig, skipping
06-22 17:08:03.131 W/SystemConfig( 1918): No directory /product_services/etc/permissions, skipping
06-22 17:08:03.131 D/SystemServerInitThreadPool( 1918): Finished executing ReadingSystemConfig
06-22 17:08:03.132 I/ServiceManager( 1771): Waiting for service 'package_native' on '/dev/binder'...
06-22 17:08:03.138 I/hwservicemanager( 1567): getTransport: Cannot find entry android.hardware.memtrack@1.0::IMemtrack/default in either framework or device manifest.
06-22 17:08:03.138 E/memtrack( 1918): Couldn't load memtrack module
06-22 17:08:03.138 W/android.os.Debug( 1918): failed to get memory consumption info: -1
06-22 17:08:03.140 I/AppOps  ( 1918): No existing app ops /data/system/appops.xml; starting empty
06-22 17:08:03.144 I/IntentFirewall( 1918): Read new rules (A:0 B:0 S:0)
06-22 17:08:03.157 W/libprocessgroup( 1918): Failed to remove /acct/uid_1003: Permission denied
06-22 17:08:03.163 D/AppOps  ( 1918): AppOpsService published
06-22 17:08:03.168 D/SystemServerTiming( 1918): StartActivityManager took to complete: 99ms
06-22 17:08:03.168 I/SystemServer( 1918): StartPowerManager
06-22 17:08:03.168 I/SystemServiceManager( 1918): Starting com.android.server.power.PowerManagerService
06-22 17:08:03.178 D/SystemServerTiming( 1918): StartPowerManager took to complete: 10ms
06-22 17:08:03.179 I/SystemServer( 1918): StartThermalManager
06-22 17:08:03.179 I/SystemServiceManager( 1918): Starting com.android.server.power.ThermalManagerService
06-22 17:08:03.179 D/SystemServerTiming( 1918): StartThermalManager took to complete: 1ms
06-22 17:08:03.179 I/SystemServer( 1918): InitPowerManagement
06-22 17:08:03.180 D/SystemServerTiming( 1918): InitPowerManagement took to complete: 0ms
06-22 17:08:03.180 I/SystemServer( 1918): StartRecoverySystemService
06-22 17:08:03.180 I/SystemServiceManager( 1918): Starting com.android.server.RecoverySystemService
06-22 17:08:03.181 D/SystemServerTiming( 1918): StartRecoverySystemService took to complete: 1ms
06-22 17:08:03.181 V/RescueParty( 1918): Disabled because of active USB connection
06-22 17:08:03.182 I/SystemServer( 1918): StartLightsService
06-22 17:08:03.182 I/SystemServiceManager( 1918): Starting com.android.server.lights.LightsService
06-22 17:08:03.187 D/SystemServerTiming( 1918): StartLightsService took to complete: 6ms
06-22 17:08:03.188 I/SystemServer( 1918): StartSidekickService
06-22 17:08:03.188 D/SystemServerTiming( 1918): StartSidekickService took to complete: 0ms
06-22 17:08:03.188 I/SystemServer( 1918): StartDisplayManager
06-22 17:08:03.188 I/SystemServiceManager( 1918): Starting com.android.server.display.DisplayManagerService
06-22 17:08:03.190 D/SystemServerTiming( 1918): StartDisplayManager took to complete: 3ms
06-22 17:08:03.190 I/SystemServer( 1918): WaitForDisplay
06-22 17:08:03.190 I/SystemServiceManager( 1918): Starting phase 100
06-22 17:08:03.192 E/SurfaceFlinger( 1729): ro.sf.lcd_density must be defined as a build property
06-22 17:08:03.197 I/DisplayManagerService( 1918): Display device added: DisplayDeviceInfo{"Built-in Screen": uniqueId="local:0", 320 x 640, modeId 1, defaultModeId 1, supportedModes [{id=1, width=320, height=640, fps=60.000004}], colorMode 0, supportedColorModes [0], HdrCapabilities android.view.Display$HdrCapabilities@40f16308, density 160, 160.0 x 160.0 dpi, appVsyncOff 1000000, presDeadline 16666666, touch INTERNAL, rotation 0, type BUILT_IN, address {port=0}, state UNKNOWN, FLAG_DEFAULT_DISPLAY, FLAG_ROTATES_WITH_CONTENT, FLAG_SECURE, FLAG_SUPPORTS_PROTECTED_BUFFERS}
06-22 17:08:03.201 D/SurfaceFlinger( 1729): Setting power mode 2 on display 0
06-22 17:08:03.202 I/hwservicemanager( 1567): getTransport: Cannot find entry android.hardware.light@2.0::ILight/default in either framework or device manifest.
06-22 17:08:03.202 D/SystemServerTiming( 1918): WaitForDisplay took to complete: 12ms
06-22 17:08:03.203 W/StrictMode( 1918): No activity manager; failed to Dropbox violation.
06-22 17:08:03.203 I/SystemServer( 1918): StartPackageManagerService
06-22 17:08:03.203 I/Watchdog( 1918): Pausing HandlerChecker: main thread for reason: packagemanagermain. Pause count: 1
06-22 17:08:03.204 I/DisplayManagerService( 1918): Display device changed state: "Built-in Screen", ON
06-22 17:08:03.221 W/FileUtils( 1918): Failed to chmod(/data/system/packages.list): android.system.ErrnoException: chmod failed: ENOENT (No such file or directory)
06-22 17:08:03.225 D/SELinuxMMAC( 1918): Using policy file /system/etc/selinux/plat_mac_permissions.xml
06-22 17:08:03.226 D/SELinuxMMAC( 1918): Using policy file /vendor/etc/selinux/vendor_mac_permissions.xml
06-22 17:08:03.203 I/chatty  ( 1918): uid=1000(system) android.display identical 4 lines
06-22 17:08:03.203 W/StrictMode( 1918): No activity manager; failed to Dropbox violation.
