06-22 17:08:05.621 E/KernelCpuThreadReader( 1918): 	at com.android.internal.os.ZygoteInit.main(ZygoteInit.java:908)
06-22 17:08:05.622 D/SystemServerTiming( 1918): StartStatsCompanionService took to complete: 4ms
06-22 17:08:05.622 I/SystemServer( 1918): StartIncidentCompanionService
06-22 17:08:05.622 I/SystemServiceManager( 1918): Starting com.android.server.incident.IncidentCompanionService
06-22 17:08:05.622 D/SystemServerTiming( 1918): StartIncidentCompanionService took to complete: 1ms
06-22 17:08:05.622 I/SystemServer( 1918): StartMmsService
06-22 17:08:05.622 I/SystemServiceManager( 1918): Starting com.android.server.MmsServiceBroker
06-22 17:08:05.623 D/SystemServerTiming( 1918): StartMmsService took to complete: 0ms
06-22 17:08:05.623 I/SystemServer( 1918): StartAutoFillService
06-22 17:08:05.623 I/SystemServiceManager( 1918): Starting com.android.server.autofill.AutofillManagerService
06-22 17:08:05.624 D/AutofillManagerService( 1918): setLogLevelFromSettings(): level=2, debug=true, verbose=false
06-22 17:08:05.625 D/AutofillManagerService( 1918): setMaxPartitionsFromSettings(): 10
06-22 17:08:05.625 D/AutofillManagerService( 1918): setMaxVisibleDatasetsFromSettings(): 0
06-22 17:08:05.625 E/AutofillManagerServiceImpl( 1918): Bad service name: com.google.android.gms/.autofill.service.AutofillService
06-22 17:08:05.625 D/AutofillManagerServiceImpl( 1918): Reset component for user 0:com.google.android.gms/.autofill.service.AutofillService
06-22 17:08:05.625 D/AutofillUI( 1918): destroySaveUiUiThread(): already destroyed
06-22 17:08:05.626 D/SystemServerTiming( 1918): StartAutoFillService took to complete: 3ms
06-22 17:08:05.626 I/SystemServer( 1918): StartClipboardService
06-22 17:08:05.626 I/SystemServiceManager( 1918): Starting com.android.server.clipboard.ClipboardService
06-22 17:08:05.627 D/SystemServerTiming( 1918): StartClipboardService took to complete: 1ms
06-22 17:08:05.627 I/SystemServer( 1918): AppServiceManager
06-22 17:08:05.627 I/SystemServiceManager( 1918): Starting com.android.server.appbinding.AppBindingService$Lifecycle
06-22 17:08:05.628 D/SystemServerTiming( 1918): AppServiceManager took to complete: 2ms
06-22 17:08:05.628 I/SystemServer( 1918): MakeVibratorServiceReady
06-22 17:08:05.629 D/SystemServerTiming( 1918): MakeVibratorServiceReady took to complete: 0ms
06-22 17:08:05.629 I/SystemServer( 1918): MakeLockSettingsServiceReady
06-22 17:08:05.644 I/LockSettingsService( 1918): Migrated lock settings to new location
06-22 17:08:05.646 I/LockSettingsService( 1918): Migrated per-user lock settings to new location
06-22 17:08:05.650 I/LockSettingsService( 1918): Migrated biometric weak to use the fallback instead
06-22 17:08:05.652 I/LockSettingsService( 1918): Migrated lockscreen disabled flag
06-22 17:08:05.654 I/hwservicemanager( 1567): getTransport: Cannot find entry android.hardware.weaver@1.0::IWeaver/default in either framework or device manifest.
06-22 17:08:05.654 I/SyntheticPasswordManager( 1918): Device does not support weaver
06-22 17:08:05.654 I/hwservicemanager( 1567): getTransport: Cannot find entry android.hardware.authsecret@1.0::IAuthSecret/default in either framework or device manifest.
06-22 17:08:05.655 I/LockSettingsService( 1918): Device doesn't implement AuthSecret HAL
06-22 17:08:05.655 E/LockSettingsStorage( 1918): Cannot read file java.io.FileNotFoundException: /data/system/gatekeeper.password.key: open failed: ENOENT (No such file or directory)
06-22 17:08:05.655 E/LockSettingsStorage( 1918): Cannot read file java.io.FileNotFoundException: /data/system/password.key: open failed: ENOENT (No such file or directory)
06-22 17:08:05.656 E/LockSettingsStorage( 1918): Cannot read file java.io.FileNotFoundException: /data/system/gatekeeper.pattern.key: open failed: ENOENT (No such file or directory)
06-22 17:08:05.656 E/LockSettingsStorage( 1918): Cannot read file java.io.FileNotFoundException: /data/system/gatekeeper.gesture.key: open failed: ENOENT (No such file or directory)
06-22 17:08:05.656 E/LockSettingsStorage( 1918): Cannot read file java.io.FileNotFoundException: /data/system/gesture.key: open failed: ENOENT (No such file or directory)
06-22 17:08:05.656 D/SystemServerTiming( 1918): MakeLockSettingsServiceReady took to complete: 26ms
06-22 17:08:05.656 I/SystemServer( 1918): StartBootPhaseLockSettingsReady
06-22 17:08:05.656 I/SystemServiceManager( 1918): Starting phase 480
06-22 17:08:05.661 D/SystemServerInitThreadPool( 1918): Started executing DevicePolicyManager
06-22 17:08:05.661 D/SystemServerInitThreadPool( 1918): Finished executing DevicePolicyManager
06-22 17:08:05.663 D/SystemServerTiming( 1918): StartBootPhaseLockSettingsReady took to complete: 8ms
06-22 17:08:05.663 I/SystemServer( 1918): StartBootPhaseSystemServicesReady
06-22 17:08:05.663 I/SystemServiceManager( 1918): Starting phase 500
06-22 17:08:05.664 D/AppStandbyController( 1918): Setting app idle enabled state
06-22 17:08:05.665 D/AppStandbyController( 1918): Initializing defaults for system apps on user 0, appIdleEnabled=true
06-22 17:08:05.666 E/AppIdleHistory( 1918): Unable to read app idle file for user 0
06-22 17:08:05.672 D/TestHarnessModeService( 1918): Setting up test harness mode
06-22 17:08:05.672 D/TestHarnessModeService( 1918): Getting PersistentDataBlockManagerInternal from LocalServices
06-22 17:08:05.672 E/TestHarnessModeService( 1918): Failed to start Test Harness Mode; no implementation of PersistentDataBlockManagerInternal was bound!
06-22 17:08:05.674 I/WifiService( 1918): WifiService starting up with Wi-Fi enabled
06-22 17:08:05.675 I/android_os_HwBinder( 1918): HwBinder: Starting thread pool for getting: android.hidl.manager@1.2::IServiceManager/default
06-22 17:08:05.676 D/HalDevMgr( 1918): IWifi registration notification: fqName=android.hardware.wifi@1.0::IWifi, name=default, preexisting=true
06-22 17:08:05.676 I/android_os_HwBinder( 1918): HwBinder: Starting thread pool for getting: android.hardware.wifi@1.0::IWifi/default
06-22 17:08:05.677 D/WificondControl( 1918): tearing down interfaces in wificond
06-22 17:08:05.681 D/WifiController( 1918): isAirplaneModeOn = false, isWifiEnabled = true, isScanningAvailable = true, isLocationModeActive = true
06-22 17:08:05.681 I/WifiService( 1918): setWifiEnabled package=android uid=1000 enable=true
06-22 17:08:05.681 I/WifiScanningService( 1918): Starting wifiscanner
06-22 17:08:05.690 D/PermissionCache( 1723): checking android.permission.CAPTURE_AUDIO_HOTWORD for uid=1000 => granted (117 us)
06-22 17:08:05.690 W/SoundTriggerHelper( 1918): listModules status=0, # of modules=0
06-22 17:08:05.691 D/ContextHubSystemService( 1918): onBootPhase: PHASE_SYSTEM_SERVICES_READY
06-22 17:08:05.692 D/SystemServerTiming( 1918): StartBootPhaseSystemServicesReady took to complete: 28ms
06-22 17:08:05.692 I/SystemServer( 1918): MakeWindowManagerServiceReady
06-22 17:08:05.692 I/android_os_HwBinder( 1918): HwBinder: Starting thread pool for getting: android.hardware.configstore@1.0::ISurfaceFlingerConfigs/default
06-22 17:08:05.693 D/SystemServerTiming( 1918): MakeWindowManagerServiceReady took to complete: 2ms
06-22 17:08:05.693 I/android_os_HwBinder( 1918): HwBinder: Starting thread pool for getting: android.hardware.configstore@1.0::ISurfaceFlingerConfigs/default
06-22 17:08:05.693 W/InputReader( 1918): Device has associated, but no associated display id.
06-22 17:08:05.694 I/SystemServer( 1918): MakePowerManagerServiceReady
06-22 17:08:05.696 E/DisplayPowerController( 1918): failed to set up display white-balance: java.lang.IllegalStateException: cannot find sensor com.google.sensor.color
06-22 17:08:05.703 W/KeyguardServiceDelegate( 1918): onScreenTurningOn(): no keyguard service!
06-22 17:08:05.703 E/KernelCpuUidFreqTimeReader( 1918): Failed to read /proc/uid_time_in_state: java.nio.file.NoSuchFileException: /proc/uid_time_in_state
06-22 17:08:05.704 W/KernelCpuProcStringReader( 1918): File not found. It's normal if not implemented: /proc/uid_time_in_state
06-22 17:08:05.704 W/KernelCpuProcStringReader( 1918): File not found. It's normal if not implemented: /proc/uid_concurrent_active_time
06-22 17:08:05.704 W/KernelCpuProcStringReader( 1918): File not found. It's normal if not implemented: /proc/uid_concurrent_policy_time
06-22 17:08:05.705 V/DisplayPowerController( 1918): Brightness [102] reason changing to: 'override', previous reason: '0'.
06-22 17:08:05.715 D/SystemServerTiming( 1918): MakePowerManagerServiceReady took to complete: 22ms
06-22 17:08:05.715 I/SystemServer( 1918): MakePackageManagerServiceReady
06-22 17:08:05.693 I/chatty  ( 1918): uid=1000 system_server identical 8 lines
06-22 17:08:05.693 W/InputReader( 1918): Device has associated, but no associated display id.
06-22 17:08:05.716 I/DefaultPermGrantPolicy( 1918): Granting permissions to platform components for user 0
06-22 17:08:05.721 D/vold    ( 1574): Remounting 1001 as mode default
06-22 17:08:05.721 D/vold    ( 1574): Found matching PID 1774
06-22 17:08:05.721 W/vold    ( 1574): Skipping due to root namespace
06-22 17:08:05.722 D/vold    ( 1574): Remounting 1001 as mode default
06-22 17:08:05.722 D/vold    ( 1574): Found matching PID 1774
06-22 17:08:05.722 W/vold    ( 1574): Skipping due to root namespace
06-22 17:08:05.723 D/vold    ( 1574): Remounting 1001 as mode default
06-22 17:08:05.723 D/vold    ( 1574): Found matching PID 1774
06-22 17:08:05.723 W/vold    ( 1574): Skipping due to root namespace
06-22 17:08:05.724 D/vold    ( 1574): Remounting 1001 as mode default
06-22 17:08:05.724 D/vold    ( 1574): Found matching PID 1774
06-22 17:08:05.724 W/vold    ( 1574): Skipping due to root namespace
06-22 17:08:05.728 D/vold    ( 1574): Remounting 1027 as mode default
06-22 17:08:05.729 I/chatty  ( 1574): uid=0(root) Binder:1574_2 identical 1 line
06-22 17:08:05.730 D/vold    ( 1574): Remounting 1027 as mode default
06-22 17:08:05.731 D/vold    ( 1574): Remounting 1027 as mode default
06-22 17:08:05.734 D/vold    ( 1574): Remounting 1000 as mode full
06-22 17:08:05.734 D/vold    ( 1574): Found matching PID 1566
06-22 17:08:05.734 W/vold    ( 1574): Skipping due to root namespace
06-22 17:08:05.734 D/vold    ( 1574): Found matching PID 1567
06-22 17:08:05.734 W/vold    ( 1574): Skipping due to root namespace
06-22 17:08:05.734 D/vold    ( 1574): Found matching PID 1568
06-22 17:08:05.734 W/vold    ( 1574): Skipping due to root namespace
06-22 17:08:05.734 D/vold    ( 1574): Found matching PID 1668
06-22 17:08:05.734 W/vold    ( 1574): Skipping due to root namespace
06-22 17:08:05.734 D/vold    ( 1574): Found matching PID 1669
06-22 17:08:05.734 W/vold    ( 1574): Skipping due to root namespace
06-22 17:08:05.734 D/vold    ( 1574): Found matching PID 1675
06-22 17:08:05.734 W/vold    ( 1574): Skipping due to root namespace
06-22 17:08:05.734 D/vold    ( 1574): Found matching PID 1695
06-22 17:08:05.734 W/vold    ( 1574): Skipping due to root namespace
06-22 17:08:05.734 D/vold    ( 1574): Found matching PID 1698
06-22 17:08:05.734 W/vold    ( 1574): Skipping due to root namespace
06-22 17:08:05.734 D/vold    ( 1574): Found matching PID 1699
06-22 17:08:05.735 W/vold    ( 1574): Skipping due to root namespace
06-22 17:08:05.735 D/vold    ( 1574): Found matching PID 1700
06-22 17:08:05.735 W/vold    ( 1574): Skipping due to root namespace
06-22 17:08:05.735 D/vold    ( 1574): Found matching PID 1703
06-22 17:08:05.735 W/vold    ( 1574): Skipping due to root namespace
06-22 17:08:05.735 D/vold    ( 1574): Found matching PID 1704
06-22 17:08:05.735 W/vold    ( 1574): Skipping due to root namespace
06-22 17:08:05.735 D/vold    ( 1574): Found matching PID 1705
06-22 17:08:05.735 W/vold    ( 1574): Skipping due to root namespace
06-22 17:08:05.735 D/vold    ( 1574): Found matching PID 1729
06-22 17:08:05.735 W/vold    ( 1574): Skipping due to root namespace
06-22 17:08:05.735 D/vold    ( 1574): Found matching PID 1759
06-22 17:08:05.735 W/vold    ( 1574): Skipping due to root namespace
06-22 17:08:05.735 D/vold    ( 1574): Found matching PID 1778
06-22 17:08:05.735 W/vold    ( 1574): Skipping due to root namespace
06-22 17:08:05.735 D/vold    ( 1574): Found matching PID 1781
06-22 17:08:05.735 W/vold    ( 1574): Skipping due to root namespace
06-22 17:08:05.735 D/vold    ( 1574): Found matching PID 1918
06-22 17:08:05.741 D/WifiController( 1918): WifiController msg { when=-60ms what=155656 target=com.android.internal.util.StateMachine$SmHandler } deferred for 500ms
06-22 17:08:05.741 D/WifiActiveModeWarden( 1918): received a message in WifiDisabledState: { when=0 what=1 target=com.android.internal.util.StateMachine$SmHandler }
06-22 17:08:05.742 D/WifiActiveModeWarden( 1918): Switching from WifiDisabledState to ScanOnlyMode
06-22 17:08:05.742 D/WifiActiveModeWarden( 1918): Entering ScanOnlyModeActiveState
06-22 17:08:05.742 D/WifiScanOnlyModeManager( 1918): entering IdleState
06-22 17:08:05.743 I/android.hardware.wifi@1.0-service( 1710): Wifi HAL started
06-22 17:08:05.744 I/WifiVendorHal( 1918): Vendor Hal started successfully
06-22 17:08:05.749 I/android.hardware.wifi@1.0-service( 1710): Adding interface handle for wlan0
06-22 17:08:05.749 W/android.hardware.wifi@1.0-service( 1710): No active wlan interfaces in use! Using default
06-22 17:08:05.749 E/android.hardware.wifi@1.0-service( 1710): Failed to register radio mode change callback
06-22 17:08:05.749 W/android.hardware.wifi@1.0-service( 1710): No active wlan interfaces in use! Using default
06-22 17:08:05.762 D/vold    ( 1574): Remounting 1000 as mode full
06-22 17:08:05.762 D/vold    ( 1574): Found matching PID 1566
06-22 17:08:05.762 W/vold    ( 1574): Skipping due to root namespace
06-22 17:08:05.762 D/vold    ( 1574): Found matching PID 1567
06-22 17:08:05.762 W/vold    ( 1574): Skipping due to root namespace
06-22 17:08:05.762 D/vold    ( 1574): Found matching PID 1568
06-22 17:08:05.762 W/vold    ( 1574): Skipping due to root namespace
06-22 17:08:05.762 D/vold    ( 1574): Found matching PID 1668
06-22 17:08:05.762 W/vold    ( 1574): Skipping due to root namespace
06-22 17:08:05.762 D/vold    ( 1574): Found matching PID 1669
06-22 17:08:05.762 W/vold    ( 1574): Skipping due to root namespace
06-22 17:08:05.762 D/vold    ( 1574): Found matching PID 1675
06-22 17:08:05.762 W/vold    ( 1574): Skipping due to root namespace
06-22 17:08:05.762 D/vold    ( 1574): Found matching PID 1695
06-22 17:08:05.762 W/vold    ( 1574): Skipping due to root namespace
06-22 17:08:05.762 D/vold    ( 1574): Found matching PID 1698
06-22 17:08:05.763 W/vold    ( 1574): Skipping due to root namespace
06-22 17:08:05.763 D/vold    ( 1574): Found matching PID 1699
06-22 17:08:05.763 W/vold    ( 1574): Skipping due to root namespace
06-22 17:08:05.763 D/vold    ( 1574): Found matching PID 1700
06-22 17:08:05.763 W/vold    ( 1574): Skipping due to root namespace
06-22 17:08:05.763 D/vold    ( 1574): Found matching PID 1703
06-22 17:08:05.763 W/vold    ( 1574): Skipping due to root namespace
06-22 17:08:05.763 D/vold    ( 1574): Found matching PID 1704
06-22 17:08:05.763 W/vold    ( 1574): Skipping due to root namespace
06-22 17:08:05.763 D/vold    ( 1574): Found matching PID 1705
06-22 17:08:05.763 W/vold    ( 1574): Skipping due to root namespace
06-22 17:08:05.763 D/vold    ( 1574): Found matching PID 1729
06-22 17:08:05.763 W/vold    ( 1574): Skipping due to root namespace
06-22 17:08:05.763 D/vold    ( 1574): Found matching PID 1759
06-22 17:08:05.763 W/vold    ( 1574): Skipping due to root namespace
06-22 17:08:05.763 D/vold    ( 1574): Found matching PID 1778
06-22 17:08:05.763 W/vold    ( 1574): Skipping due to root namespace
06-22 17:08:05.763 D/vold    ( 1574): Found matching PID 1781
06-22 17:08:05.763 W/vold    ( 1574): Skipping due to root namespace
06-22 17:08:05.763 D/vold    ( 1574): Found matching PID 1918
06-22 17:08:05.764 W/libc    ( 1710): Unable to set property "vendor.wlan.firmware.version" to "1.0": error code: 0x18
06-22 17:08:05.770 I/AccountsDb( 1918): Creating DE database for user 0
06-22 17:08:05.775 W/libc    ( 1710): Unable to set property "vendor.wlan.driver.version" to "1.0": error code: 0x18
06-22 17:08:05.775 I/android.hardware.wifi@1.0-service( 1710): Configured chip in mode 0
06-22 17:08:05.775 W/android.hardware.wifi@1.0-service( 1710): No active wlan interfaces in use! Using default
06-22 17:08:05.776 D/HalDevMgr( 1918): updateRttController: no one is interested in RTT controllers
06-22 17:08:05.776 E/android.hardware.wifi@1.0-service( 1710): Failed to set DFS flag; DFS channels may be unavailable.
06-22 17:08:05.778 I/WifiP2pNative( 1918): Registering for interface available listener
06-22 17:08:05.779 D/WifiP2pNative( 1918): P2P InterfaceAvailableListener true
06-22 17:08:05.779 D/WifiP2pService( 1918): Wifi enabled=false, P2P Interface availability=true, Number of clients=0
06-22 17:08:05.779 D/WifiP2pService( 1918): Wifi enabled=false, P2P Interface availability=true
06-22 17:08:05.781 D/WificondControl( 1918): Setting up interface for client mode
06-22 17:08:05.782 I/wificond( 1772): create scanner for interface with index: 3
06-22 17:08:05.782 I/wificond( 1772): subscribe scan result for interface with index: 3
06-22 17:08:05.783 I/hwservicemanager( 1567): getTransport: Cannot find entry android.hardware.wifi.offload@1.0::IOffload/default in either framework or device manifest.
06-22 17:08:05.783 E/wificond( 1772): No Offload Service available
06-22 17:08:05.783 I/wificond( 1772): Offload HAL not supported 
06-22 17:08:05.785 I/netd    ( 1663): interfaceGetCfg("wlan0") <0.19ms>
06-22 17:08:05.785 I/WifiNative( 1918): Interface state changed on Iface:{Name=wlan0,Id=0,Type=STA_SCAN}, isUp=true
06-22 17:08:05.785 I/WifiNative( 1918): Successfully setup Iface:{Name=wlan0,Id=0,Type=STA_SCAN}
06-22 17:08:05.785 E/SupplicantStaIfaceHal( 1918): checkHalVersionByInterfaceName: called but mServiceManager is null
06-22 17:08:05.785 E/SupplicantStaIfaceHal( 1918): Method getKeyMgmtCapabilities is not supported in existing HAL
06-22 17:08:05.787 D/WifiScanOnlyModeManager( 1918): entering StartedState
06-22 17:08:05.787 I/netd    ( 1663): interfaceGetCfg("wlan0") <0.10ms>
06-22 17:08:05.788 D/WifiScanOnlyModeManager( 1918): Wifi is ready to use for scanning
06-22 17:08:05.788 D/WakeupController( 1918): start()
06-22 17:08:05.788 D/WakeupController( 1918): Setting active to true
06-22 17:08:05.788 E/WifiConfigManager( 1918): Cannot save to store before store is read!
06-22 17:08:05.788 D/WifiActiveModeWarden( 1918): scan mode active
06-22 17:08:05.789 D/WifiScanRequestProxy( 1918): Sending scan available broadcast: true
06-22 17:08:05.789 I/WifiScanRequestProxy( 1918): Scanning is enabled
06-22 17:08:05.789 I/WifiScanRequestProxy( 1918): Scanning for hidden networks is disabled
06-22 17:08:05.789 E/WifiNative( 1918): Could not get Iface object for interface null
06-22 17:08:05.790 E/WifiNative( 1918): Could not get Iface object for interface null
06-22 17:08:05.792 E/WifiVendorHal( 1918): getBgScanCapabilities(l.630) failed {.code = ERROR_NOT_SUPPORTED, .description = }
06-22 17:08:05.794 I/WifiScanningService( 1918): wifi driver loaded with scan capabilities: max buckets=16
06-22 17:08:05.798 I/DropBoxManagerService( 1918): add tag=system_server_strictmode isTagEnabled=true flags=0x2
06-22 17:08:05.803 I/chatty  ( 1918): uid=1000(system) android.io identical 5 lines
06-22 17:08:05.805 I/DropBoxManagerService( 1918): add tag=system_server_strictmode isTagEnabled=true flags=0x2
06-22 17:08:05.805 D/vold    ( 1574): Remounting 1000 as mode full
06-22 17:08:05.805 D/vold    ( 1574): Found matching PID 1566
06-22 17:08:05.805 W/vold    ( 1574): Skipping due to root namespace
06-22 17:08:05.805 D/vold    ( 1574): Found matching PID 1567
06-22 17:08:05.805 W/vold    ( 1574): Skipping due to root namespace
06-22 17:08:05.805 D/vold    ( 1574): Found matching PID 1568
06-22 17:08:05.805 W/vold    ( 1574): Skipping due to root namespace
06-22 17:08:05.805 D/vold    ( 1574): Found matching PID 1668
06-22 17:08:05.805 W/vold    ( 1574): Skipping due to root namespace
06-22 17:08:05.805 D/vold    ( 1574): Found matching PID 1669
06-22 17:08:05.805 W/vold    ( 1574): Skipping due to root namespace
06-22 17:08:05.805 D/vold    ( 1574): Found matching PID 1675
06-22 17:08:05.805 W/vold    ( 1574): Skipping due to root namespace
06-22 17:08:05.805 D/vold    ( 1574): Found matching PID 1695
06-22 17:08:05.805 W/vold    ( 1574): Skipping due to root namespace
06-22 17:08:05.805 D/vold    ( 1574): Found matching PID 1698
06-22 17:08:05.805 W/vold    ( 1574): Skipping due to root namespace
06-22 17:08:05.805 D/vold    ( 1574): Found matching PID 1699
06-22 17:08:05.805 W/vold    ( 1574): Skipping due to root namespace
06-22 17:08:05.805 D/vold    ( 1574): Found matching PID 1700
06-22 17:08:05.805 W/vold    ( 1574): Skipping due to root namespace
06-22 17:08:05.806 D/vold    ( 1574): Found matching PID 1703
06-22 17:08:05.806 W/vold    ( 1574): Skipping due to root namespace
06-22 17:08:05.806 D/vold    ( 1574): Found matching PID 1704
06-22 17:08:05.806 W/vold    ( 1574): Skipping due to root namespace
06-22 17:08:05.806 D/vold    ( 1574): Found matching PID 1705
06-22 17:08:05.806 W/vold    ( 1574): Skipping due to root namespace
06-22 17:08:05.806 D/vold    ( 1574): Found matching PID 1729
06-22 17:08:05.806 W/vold    ( 1574): Skipping due to root namespace
06-22 17:08:05.806 D/vold    ( 1574): Found matching PID 1759
06-22 17:08:05.806 W/vold    ( 1574): Skipping due to root namespace
06-22 17:08:05.806 D/vold    ( 1574): Found matching PID 1778
06-22 17:08:05.806 W/vold    ( 1574): Skipping due to root namespace
06-22 17:08:05.806 D/vold    ( 1574): Found matching PID 1781
06-22 17:08:05.806 W/vold    ( 1574): Skipping due to root namespace
06-22 17:08:05.806 D/vold    ( 1574): Found matching PID 1918
06-22 17:08:05.808 I/DropBoxManagerService( 1918): add tag=system_server_strictmode isTagEnabled=true flags=0x2
06-22 17:08:05.808 I/chatty  ( 1918): uid=1000(system) android.io identical 1 line
06-22 17:08:05.809 I/DropBoxManagerService( 1918): add tag=system_server_strictmode isTagEnabled=true flags=0x2
06-22 17:08:05.830 D/vold    ( 1574): Remounting 1000 as mode full
06-22 17:08:05.830 D/vold    ( 1574): Found matching PID 1566
06-22 17:08:05.830 W/vold    ( 1574): Skipping due to root namespace
06-22 17:08:05.830 D/vold    ( 1574): Found matching PID 1567
06-22 17:08:05.830 W/vold    ( 1574): Skipping due to root namespace
06-22 17:08:05.830 D/vold    ( 1574): Found matching PID 1568
06-22 17:08:05.830 W/vold    ( 1574): Skipping due to root namespace
06-22 17:08:05.830 D/vold    ( 1574): Found matching PID 1668
06-22 17:08:05.831 W/vold    ( 1574): Skipping due to root namespace
06-22 17:08:05.831 D/vold    ( 1574): Found matching PID 1669
06-22 17:08:05.831 W/vold    ( 1574): Skipping due to root namespace
06-22 17:08:05.831 D/vold    ( 1574): Found matching PID 1675
06-22 17:08:05.831 W/vold    ( 1574): Skipping due to root namespace
06-22 17:08:05.831 D/vold    ( 1574): Found matching PID 1695
06-22 17:08:05.831 W/vold    ( 1574): Skipping due to root namespace
06-22 17:08:05.831 D/vold    ( 1574): Found matching PID 1698
06-22 17:08:05.831 W/vold    ( 1574): Skipping due to root namespace
06-22 17:08:05.831 D/vold    ( 1574): Found matching PID 1699
06-22 17:08:05.831 W/vold    ( 1574): Skipping due to root namespace
06-22 17:08:05.831 D/vold    ( 1574): Found matching PID 1700
06-22 17:08:05.831 W/vold    ( 1574): Skipping due to root namespace
06-22 17:08:05.831 D/vold    ( 1574): Found matching PID 1703
06-22 17:08:05.831 W/vold    ( 1574): Skipping due to root namespace
06-22 17:08:05.831 D/vold    ( 1574): Found matching PID 1704
06-22 17:08:05.831 W/vold    ( 1574): Skipping due to root namespace
06-22 17:08:05.831 D/vold    ( 1574): Found matching PID 1705
06-22 17:08:05.831 W/vold    ( 1574): Skipping due to root namespace
06-22 17:08:05.831 D/vold    ( 1574): Found matching PID 1729
06-22 17:08:05.831 W/vold    ( 1574): Skipping due to root namespace
06-22 17:08:05.831 D/vold    ( 1574): Found matching PID 1759
06-22 17:08:05.831 W/vold    ( 1574): Skipping due to root namespace
06-22 17:08:05.831 D/vold    ( 1574): Found matching PID 1778
06-22 17:08:05.831 W/vold    ( 1574): Skipping due to root namespace
06-22 17:08:05.831 D/vold    ( 1574): Found matching PID 1781
06-22 17:08:05.831 W/vold    ( 1574): Skipping due to root namespace
06-22 17:08:05.831 D/vold    ( 1574): Found matching PID 1918
06-22 17:08:05.876 D/vold    ( 1574): Remounting 2000 as mode default
06-22 17:08:05.877 D/vold    ( 1574): Found matching PID 1743
06-22 17:08:05.877 W/vold    ( 1574): Skipping due to root namespace
06-22 17:08:05.877 D/vold    ( 1574): Found matching PID 1751
06-22 17:08:05.877 W/vold    ( 1574): Skipping due to root namespace
06-22 17:08:05.877 D/vold    ( 1574): Remounting 2000 as mode default
06-22 17:08:05.877 D/vold    ( 1574): Found matching PID 1743
06-22 17:08:05.877 W/vold    ( 1574): Skipping due to root namespace
06-22 17:08:05.877 D/vold    ( 1574): Found matching PID 1751
06-22 17:08:05.878 W/vold    ( 1574): Skipping due to root namespace
06-22 17:08:05.880 D/vold    ( 1574): Remounting 2000 as mode full
06-22 17:08:05.880 D/vold    ( 1574): Found matching PID 1743
06-22 17:08:05.880 W/vold    ( 1574): Skipping due to root namespace
06-22 17:08:05.880 D/vold    ( 1574): Found matching PID 1751
06-22 17:08:05.880 W/vold    ( 1574): Skipping due to root namespace
06-22 17:08:05.881 D/vold    ( 1574): Remounting 2000 as mode full
06-22 17:08:05.881 D/vold    ( 1574): Found matching PID 1743
06-22 17:08:05.881 W/vold    ( 1574): Skipping due to root namespace
06-22 17:08:05.881 D/vold    ( 1574): Found matching PID 1751
06-22 17:08:05.881 W/vold    ( 1574): Skipping due to root namespace
06-22 17:08:05.885 D/vold    ( 1574): Remounting 10117 as mode default
06-22 17:08:05.886 D/vold    ( 1574): Remounting 10117 as mode default
06-22 17:08:05.890 D/vold    ( 1574): Remounting 1002 as mode default
06-22 17:08:05.896 I/DefaultPermGrantPolicy( 1918): Granting permissions to default platform handlers for user 0
06-22 17:08:05.892 I/chatty  ( 1574): uid=0(root) Binder:1574_1 identical 2 lines
06-22 17:08:05.892 D/vold    ( 1574): Remounting 1002 as mode default
06-22 17:08:05.905 I/SyncManager( 1918): No initial accounts
06-22 17:08:05.905 I/SyncManager( 1918): No initial status
06-22 17:08:05.905 I/SyncManager( 1918): No initial statistics
06-22 17:08:05.931 D/vold    ( 1574): Remounting 10133 as mode default
06-22 17:08:05.933 I/chatty  ( 1574): uid=0(root) Binder:1574_1 identical 2 lines
06-22 17:08:05.933 D/vold    ( 1574): Remounting 10133 as mode default
06-22 17:08:05.934 D/vold    ( 1574): Remounting 10056 as mode full
06-22 17:08:05.936 I/chatty  ( 1574): uid=0(root) Binder:1574_1 identical 2 lines
06-22 17:08:05.937 D/vold    ( 1574): Remounting 10056 as mode full
06-22 17:08:05.938 D/vold    ( 1574): Remounting 10071 as mode default
06-22 17:08:05.938 D/vold    ( 1574): Remounting 10071 as mode default
06-22 17:08:05.939 D/vold    ( 1574): Remounting 10071 as mode full
06-22 17:08:05.940 D/vold    ( 1574): Remounting 10071 as mode full
06-22 17:08:05.950 D/vold    ( 1574): Remounting 10132 as mode default
06-22 17:08:05.951 I/chatty  ( 1574): uid=0(root) Binder:1574_1 identical 2 lines
06-22 17:08:05.952 D/vold    ( 1574): Remounting 10132 as mode default
06-22 17:08:05.957 D/vold    ( 1574): Remounting 10061 as mode default
06-22 17:08:05.958 I/chatty  ( 1574): uid=0(root) Binder:1574_1 identical 2 lines
06-22 17:08:05.959 D/vold    ( 1574): Remounting 10061 as mode default
06-22 17:08:05.967 D/vold    ( 1574): Remounting 10144 as mode default
06-22 17:08:05.969 I/chatty  ( 1574): uid=0(root) Binder:1574_1 identical 2 lines
06-22 17:08:05.970 D/vold    ( 1574): Remounting 10144 as mode default
06-22 17:08:05.993 D/vold    ( 1574): Remounting 10118 as mode default
06-22 17:08:05.995 I/chatty  ( 1574): uid=0(root) Binder:1574_1 identical 2 lines
06-22 17:08:05.995 D/vold    ( 1574): Remounting 10118 as mode default
06-22 17:08:05.998 E/DefaultPermGrantPolicy( 1918): PackageNot found: com.google.android.gms.location.history
06-22 17:08:05.998 E/DefaultPermGrantPolicy( 1918): android.content.pm.PackageManager$NameNotFoundException: com.google.android.gms.location.history
06-22 17:08:05.998 E/DefaultPermGrantPolicy( 1918): 	at android.app.ApplicationPackageManager.getPackageInfoAsUser(ApplicationPackageManager.java:190)
06-22 17:08:05.998 E/DefaultPermGrantPolicy( 1918): 	at android.app.ApplicationPackageManager.getPackageInfo(ApplicationPackageManager.java:159)
06-22 17:08:05.998 E/DefaultPermGrantPolicy( 1918): 	at com.android.server.pm.permission.DefaultPermissionGrantPolicy.getPackageInfo(DefaultPermissionGrantPolicy.java:1302)
06-22 17:08:05.998 E/DefaultPermGrantPolicy( 1918): 	at com.android.server.pm.permission.DefaultPermissionGrantPolicy.getPackageInfo(DefaultPermissionGrantPolicy.java:1293)
06-22 17:08:05.998 E/DefaultPermGrantPolicy( 1918): 	at com.android.server.pm.permission.DefaultPermissionGrantPolicy.isSystemPackage(DefaultPermissionGrantPolicy.java:962)
06-22 17:08:05.998 E/DefaultPermGrantPolicy( 1918): 	at com.android.server.pm.permission.DefaultPermissionGrantPolicy.grantPermissionsToSystemPackage(DefaultPermissionGrantPolicy.java:363)
06-22 17:08:05.998 E/DefaultPermGrantPolicy( 1918): 	at com.android.server.pm.permission.DefaultPermissionGrantPolicy.grantPermissionsToSystemPackage(DefaultPermissionGrantPolicy.java:356)
06-22 17:08:05.998 E/DefaultPermGrantPolicy( 1918): 	at com.android.server.pm.permission.DefaultPermissionGrantPolicy.grantDefaultSystemHandlerPermissions(DefaultPermissionGrantPolicy.java:647)
06-22 17:08:05.998 E/DefaultPermGrantPolicy( 1918): 	at com.android.server.pm.permission.DefaultPermissionGrantPolicy.grantDefaultPermissions(DefaultPermissionGrantPolicy.java:295)
06-22 17:08:05.998 E/DefaultPermGrantPolicy( 1918): 	at com.android.server.pm.PackageManagerService.systemReady(PackageManagerService.java:21619)
06-22 17:08:05.998 E/DefaultPermGrantPolicy( 1918): 	at com.android.server.SystemServer.startOtherServices(SystemServer.java:1977)
06-22 17:08:05.998 E/DefaultPermGrantPolicy( 1918): 	at com.android.server.SystemServer.run(SystemServer.java:512)
06-22 17:08:05.998 E/DefaultPermGrantPolicy( 1918): 	at com.android.server.SystemServer.main(SystemServer.java:349)
06-22 17:08:05.998 E/DefaultPermGrantPolicy( 1918): 	at java.lang.reflect.Method.invoke(Native Method)
06-22 17:08:05.998 E/DefaultPermGrantPolicy( 1918): 	at com.android.internal.os.RuntimeInit$MethodAndArgsCaller.run(RuntimeInit.java:492)
06-22 17:08:05.998 E/DefaultPermGrantPolicy( 1918): 	at com.android.internal.os.ZygoteInit.main(ZygoteInit.java:908)
06-22 17:08:05.999 D/vold    ( 1574): Remounting 10140 as mode default
06-22 17:08:06.001 I/chatty  ( 1574): uid=0(root) Binder:1574_1 identical 2 lines
06-22 17:08:06.001 D/vold    ( 1574): Remounting 10140 as mode default
06-22 17:08:06.005 D/vold    ( 1574): Remounting 10116 as mode default
06-22 17:08:06.006 I/chatty  ( 1574): uid=0(root) Binder:1574_1 identical 2 lines
06-22 17:08:06.007 D/vold    ( 1574): Remounting 10116 as mode default
06-22 17:08:06.008 D/vold    ( 1574): Remounting 10128 as mode default
06-22 17:08:06.010 I/chatty  ( 1574): uid=0(root) Binder:1574_1 identical 2 lines
06-22 17:08:06.011 D/vold    ( 1574): Remounting 10128 as mode default
06-22 17:08:06.011 E/DefaultPermGrantPolicy( 1918): PackageNot found: com.google.android.as
06-22 17:08:06.011 E/DefaultPermGrantPolicy( 1918): android.content.pm.PackageManager$NameNotFoundException: com.google.android.as
06-22 17:08:06.011 E/DefaultPermGrantPolicy( 1918): 	at android.app.ApplicationPackageManager.getPackageInfoAsUser(ApplicationPackageManager.java:190)
06-22 17:08:06.011 E/DefaultPermGrantPolicy( 1918): 	at android.app.ApplicationPackageManager.getPackageInfo(ApplicationPackageManager.java:159)
06-22 17:08:06.011 E/DefaultPermGrantPolicy( 1918): 	at com.android.server.pm.permission.DefaultPermissionGrantPolicy.getPackageInfo(DefaultPermissionGrantPolicy.java:1302)
06-22 17:08:06.011 E/DefaultPermGrantPolicy( 1918): 	at com.android.server.pm.permission.DefaultPermissionGrantPolicy.getPackageInfo(DefaultPermissionGrantPolicy.java:1293)
06-22 17:08:06.011 E/DefaultPermGrantPolicy( 1918): 	at com.android.server.pm.permission.DefaultPermissionGrantPolicy.isSystemPackage(DefaultPermissionGrantPolicy.java:962)
06-22 17:08:06.011 E/DefaultPermGrantPolicy( 1918): 	at com.android.server.pm.permission.DefaultPermissionGrantPolicy.grantPermissionsToSystemPackage(DefaultPermissionGrantPolicy.java:363)
06-22 17:08:06.011 E/DefaultPermGrantPolicy( 1918): 	at com.android.server.pm.permission.DefaultPermissionGrantPolicy.grantPermissionsToSystemPackage(DefaultPermissionGrantPolicy.java:356)
06-22 17:08:06.011 E/DefaultPermGrantPolicy( 1918): 	at com.android.server.pm.permission.DefaultPermissionGrantPolicy.grantDefaultSystemHandlerPermissions(DefaultPermissionGrantPolicy.java:721)
06-22 17:08:06.011 E/DefaultPermGrantPolicy( 1918): 	at com.android.server.pm.permission.DefaultPermissionGrantPolicy.grantDefaultPermissions(DefaultPermissionGrantPolicy.java:295)
06-22 17:08:06.011 E/DefaultPermGrantPolicy( 1918): 	at com.android.server.pm.PackageManagerService.systemReady(PackageManagerService.java:21619)
06-22 17:08:06.011 E/DefaultPermGrantPolicy( 1918): 	at com.android.server.SystemServer.startOtherServices(SystemServer.java:1977)
06-22 17:08:06.011 E/DefaultPermGrantPolicy( 1918): 	at com.android.server.SystemServer.run(SystemServer.java:512)
06-22 17:08:06.011 E/DefaultPermGrantPolicy( 1918): 	at com.android.server.SystemServer.main(SystemServer.java:349)
06-22 17:08:06.011 E/DefaultPermGrantPolicy( 1918): 	at java.lang.reflect.Method.invoke(Native Method)
06-22 17:08:06.011 E/DefaultPermGrantPolicy( 1918): 	at com.android.internal.os.RuntimeInit$MethodAndArgsCaller.run(RuntimeInit.java:492)
06-22 17:08:06.011 E/DefaultPermGrantPolicy( 1918): 	at com.android.internal.os.ZygoteInit.main(ZygoteInit.java:908)
06-22 17:08:06.012 D/vold    ( 1574): Remounting 10068 as mode full
06-22 17:08:06.013 I/chatty  ( 1574): uid=0(root) Binder:1574_1 identical 2 lines
06-22 17:08:06.014 D/vold    ( 1574): Remounting 10068 as mode full
06-22 17:08:06.014 E/DefaultPermGrantPolicy( 1918): PackageNot found: com.google.android.as
06-22 17:08:06.014 E/DefaultPermGrantPolicy( 1918): android.content.pm.PackageManager$NameNotFoundException: com.google.android.as
06-22 17:08:06.014 E/DefaultPermGrantPolicy( 1918): 	at android.app.ApplicationPackageManager.getPackageInfoAsUser(ApplicationPackageManager.java:190)
06-22 17:08:06.014 E/DefaultPermGrantPolicy( 1918): 	at android.app.ApplicationPackageManager.getPackageInfo(ApplicationPackageManager.java:159)
06-22 17:08:06.014 E/DefaultPermGrantPolicy( 1918): 	at com.android.server.pm.permission.DefaultPermissionGrantPolicy.getPackageInfo(DefaultPermissionGrantPolicy.java:1302)
06-22 17:08:06.014 E/DefaultPermGrantPolicy( 1918): 	at com.android.server.pm.permission.DefaultPermissionGrantPolicy.getPackageInfo(DefaultPermissionGrantPolicy.java:1293)
06-22 17:08:06.014 E/DefaultPermGrantPolicy( 1918): 	at com.android.server.pm.permission.DefaultPermissionGrantPolicy.isSystemPackage(DefaultPermissionGrantPolicy.java:962)
06-22 17:08:06.014 E/DefaultPermGrantPolicy( 1918): 	at com.android.server.pm.permission.DefaultPermissionGrantPolicy.grantPermissionsToSystemPackage(DefaultPermissionGrantPolicy.java:363)
06-22 17:08:06.014 E/DefaultPermGrantPolicy( 1918): 	at com.android.server.pm.permission.DefaultPermissionGrantPolicy.grantPermissionsToSystemPackage(DefaultPermissionGrantPolicy.java:356)
06-22 17:08:06.014 E/DefaultPermGrantPolicy( 1918): 	at com.android.server.pm.permission.DefaultPermissionGrantPolicy.grantDefaultSystemHandlerPermissions(DefaultPermissionGrantPolicy.java:743)
06-22 17:08:06.014 E/DefaultPermGrantPolicy( 1918): 	at com.android.server.pm.permission.DefaultPermissionGrantPolicy.grantDefaultPermissions(DefaultPermissionGrantPolicy.java:295)
06-22 17:08:06.014 E/DefaultPermGrantPolicy( 1918): 	at com.android.server.pm.PackageManagerService.systemReady(PackageManagerService.java:21619)
06-22 17:08:06.014 E/DefaultPermGrantPolicy( 1918): 	at com.android.server.SystemServer.startOtherServices(SystemServer.java:1977)
06-22 17:08:06.014 E/DefaultPermGrantPolicy( 1918): 	at com.android.server.SystemServer.run(SystemServer.java:512)
06-22 17:08:06.014 E/DefaultPermGrantPolicy( 1918): 	at com.android.server.SystemServer.main(SystemServer.java:349)
06-22 17:08:06.014 E/DefaultPermGrantPolicy( 1918): 	at java.lang.reflect.Method.invoke(Native Method)
06-22 17:08:06.014 E/DefaultPermGrantPolicy( 1918): 	at com.android.internal.os.RuntimeInit$MethodAndArgsCaller.run(RuntimeInit.java:492)
06-22 17:08:06.014 E/DefaultPermGrantPolicy( 1918): 	at com.android.internal.os.ZygoteInit.main(ZygoteInit.java:908)
06-22 17:08:06.024 I/PackageManager( 1918): Un-granting permission android.permission.MANAGE_DOCUMENTS from package com.google.android.youtube (protectionLevel=262146 flags=0x30dbbe45)
06-22 17:08:06.024 I/PackageManager( 1918): Un-granting permission com.google.android.googleapps.permission.GOOGLE_AUTH from package com.android.providers.calendar (protectionLevel=2 flags=0x30883e45)
06-22 17:08:06.024 I/PackageManager( 1918): Un-granting permission com.google.android.googleapps.permission.GOOGLE_AUTH.cl from package com.android.providers.calendar (protectionLevel=2 flags=0x30883e45)
06-22 17:08:06.025 I/PackageManager( 1918): Un-granting permission android.permission.WRITE_SECURE_SETTINGS from package com.google.android.apps.enterprise.dmagent (protectionLevel=50 flags=0x30883e05)
06-22 17:08:06.025 I/PackageManager( 1918): Un-granting permission android.permission.CONNECTIVITY_INTERNAL from package com.google.android.apps.enterprise.dmagent (protectionLevel=18 flags=0x30883e05)
06-22 17:08:06.025 I/PackageManager( 1918): Un-granting permission android.permission.MANAGE_USB from package com.google.android.apps.enterprise.dmagent (protectionLevel=18 flags=0x30883e05)
06-22 17:08:06.025 I/PackageManager( 1918): Un-granting permission android.permission.CHANGE_COMPONENT_ENABLED_STATE from package com.google.android.apps.enterprise.dmagent (protectionLevel=18 flags=0x30883e05)
06-22 17:08:06.025 I/PackageManager( 1918): Un-granting permission android.permission.MANAGE_CA_CERTIFICATES from package com.google.android.apps.enterprise.dmagent (protectionLevel=18 flags=0x30883e05)
06-22 17:08:06.025 I/PackageManager( 1918): Un-granting permission android.permission.MANAGE_USERS from package com.google.android.apps.enterprise.dmagent (protectionLevel=18 flags=0x30883e05)
06-22 17:08:06.025 I/PackageManager( 1918): Un-granting permission com.google.android.setupwizard.READ_DEVICE_ORIGIN from package com.google.android.apps.messaging (protectionLevel=18 flags=0x38cbbe45)
06-22 17:08:06.025 I/PackageManager( 1918): Un-granting permission android.permission.BIND_WALLPAPER from package com.android.camera2 (protectionLevel=18 flags=0x20d8bc45)
06-22 17:08:06.026 I/PackageManager( 1918): Un-granting permission android.permission.REQUEST_INSTALL_PACKAGES from package com.google.android.gm (protectionLevel=66 flags=0x38cbbe45)
06-22 17:08:06.026 I/PackageManager( 1918): Un-granting permission android.permission.BIND_JOB_SERVICE from package com.google.android.music (protectionLevel=2 flags=0x38cbbe65)
06-22 17:08:06.027 I/PackageManager( 1918): Un-granting permission android.permission.CONNECTIVITY_USE_RESTRICTED_NETWORKS from package com.google.android.captiveportallogin (protectionLevel=18 flags=0x38c8be45)
06-22 17:08:06.027 I/PackageManager( 1918): Un-granting permission android.permission.NETWORK_BYPASS_PRIVATE_DNS from package com.google.android.captiveportallogin (protectionLevel=2 flags=0x38c8be45)
06-22 17:08:06.027 I/PackageManager( 1918): Un-granting permission android.permission.REQUEST_INSTALL_PACKAGES from package com.google.android.apps.docs (protectionLevel=66 flags=0x38cbbe45)
06-22 17:08:06.027 I/PackageManager( 1918): Un-granting permission android.permission.INTERACT_ACROSS_USERS from package com.google.android.syncadapters.contacts (protectionLevel=50 flags=0x20883e45)
06-22 17:08:06.027 I/PackageManager( 1918): Un-granting permission android.permission.REQUEST_INSTALL_PACKAGES from package com.android.chrome (protectionLevel=66 flags=0xa0cbbe45)
06-22 17:08:06.027 I/PackageManager( 1918): Un-granting permission com.google.android.apps.now.CURRENT_ACCOUNT_ACCESS from package com.android.chrome (protectionLevel=2 flags=0xa0cbbe45)
06-22 17:08:06.027 I/PackageManager( 1918): Un-granting permission android.permission.CAPTURE_VIDEO_OUTPUT from package com.google.android.gms (protectionLevel=2 flags=0xb0cabe45)
06-22 17:08:06.028 I/PackageManager( 1918): Un-granting permission android.permission.MANAGE_DEVICE_ADMINS from package com.google.android.gms (protectionLevel=2 flags=0xb0cabe45)
06-22 17:08:06.028 I/PackageManager( 1918): Un-granting permission android.permission.MANAGE_ACTIVITY_STACKS from package com.google.android.gms (protectionLevel=2 flags=0xb0cabe45)
06-22 17:08:06.028 I/PackageManager( 1918): Un-granting permission android.permission.CAPTURE_SECURE_VIDEO_OUTPUT from package com.google.android.gms (protectionLevel=2 flags=0xb0cabe45)
06-22 17:08:06.028 I/PackageManager( 1918): Un-granting permission android.permission.MANAGE_ROLLBACKS from package com.google.android.gms (protectionLevel=514 flags=0xb0cabe45)
06-22 17:08:06.028 I/PackageManager( 1918): Un-granting permission com.google.android.googleapps.permission.GOOGLE_AUTH from package com.google.android.videos (protectionLevel=2 flags=0x30dbbe45)
06-22 17:08:06.028 I/PackageManager( 1918): Un-granting permission android.permission.WRITE_MEDIA_STORAGE from package com.google.android.apps.photos (protectionLevel=18 flags=0x38d9be45)
06-22 17:08:06.033 V/UserDataPreparer( 1918): Found /data/user_de/0 with serial number -1
06-22 17:08:06.033 D/UserDataPreparer( 1918): Serial number missing on /data/user_de/0; assuming current is valid
06-22 17:08:06.033 V/UserDataPreparer( 1918): Found /data/user/0 with serial number -1
06-22 17:08:06.033 D/UserDataPreparer( 1918): Serial number missing on /data/user/0; assuming current is valid
06-22 17:08:06.033 V/UserDataPreparer( 1918): Found /data/system_de/0 with serial number -1
06-22 17:08:06.033 D/UserDataPreparer( 1918): Serial number missing on /data/system_de/0; assuming current is valid
06-22 17:08:06.034 D/SystemServerTiming( 1918): MakePackageManagerServiceReady took to complete: 318ms
06-22 17:08:06.034 I/SystemServer( 1918): MakeDisplayManagerServiceReady
06-22 17:08:06.041 E/DisplayModeDirector( 1918): Asked about unknown display, returning empty allowed set! (id=0)
06-22 17:08:06.041 E/DisplayModeDirector( 1918): Asked about unknown display, returning empty allowed set! (id=0)
06-22 17:08:06.043 D/SystemServerTiming( 1918): MakeDisplayManagerServiceReady took to complete: 8ms
06-22 17:08:06.043 I/SystemServer( 1918): StartDeviceSpecificServices
06-22 17:08:06.043 D/SystemServerTiming( 1918): StartDeviceSpecificServices took to complete: 0ms
06-22 17:08:06.043 I/SystemServer( 1918): StartBootPhaseDeviceSpecificServicesReady
06-22 17:08:06.043 I/SystemServiceManager( 1918): Starting phase 520
06-22 17:08:06.045 D/SystemServerTiming( 1918): StartBootPhaseDeviceSpecificServicesReady took to complete: 3ms
06-22 17:08:06.045 I/SystemServer( 1918): StartPermissionPolicyService
06-22 17:08:06.046 I/SystemServiceManager( 1918): Starting com.android.server.policy.PermissionPolicyService
06-22 17:08:06.046 D/SystemServerTiming( 1918): StartPermissionPolicyService took to complete: 1ms
06-22 17:08:06.047 W/UsageStatsService( 1918): Event reported without a package name, eventType:15
06-22 17:08:06.047 I/AppOps  ( 1918): Pruning old package system/com.android.server.appop.AppOpsService$UidState@10696ae: new uid=-1
06-22 17:08:06.047 I/ActivityManager( 1918): System now ready
06-22 17:08:06.080 I/SystemServer( 1918): Making services ready
06-22 17:08:06.080 I/SystemServer( 1918): StartActivityManagerReadyPhase
06-22 17:08:06.080 I/SystemServiceManager( 1918): Starting phase 550
06-22 17:08:06.081 I/android_os_HwBinder( 1918): HwBinder: Starting thread pool for getting: android.hardware.thermal@2.0::IThermal/default
06-22 17:08:06.081 I/android.hardware.thermal@2.0-service-mock( 1705): A callback has been registered to ThermalHAL, isFilter: 0 Type: CPU
06-22 17:08:06.083 W/ActivityManager( 1918): Too early to start/bind service in system_server: Phase=550 ComponentInfo{com.android.server.telecom/com.android.server.telecom.components.TelecomService}
06-22 17:08:06.083 W/ActivityManager( 1918): Too early to start/bind service in system_server: Phase=550 ComponentInfo{com.android.server.telecom/com.android.server.telecom.components.TelecomService}
06-22 17:08:06.100 D/PackageManager( 1918): Instant App installer not found with android.intent.action.INSTALL_INSTANT_APP_PACKAGE
06-22 17:08:06.100 D/PackageManager( 1918): Clear ephemeral installer activity
06-22 17:08:06.100 D/PackageManager( 1918): Instant App installer not found with android.intent.action.INSTALL_INSTANT_APP_PACKAGE
06-22 17:08:06.100 D/PackageManager( 1918): Clear ephemeral installer activity
06-22 17:08:06.100 D/PackageManager( 1918): Instant App installer not found with android.intent.action.INSTALL_INSTANT_APP_PACKAGE
06-22 17:08:06.100 D/PackageManager( 1918): Clear ephemeral installer activity
06-22 17:08:06.112 D/Zygote  ( 1664): Forked child process 2059
06-22 17:08:06.114 W/.gms.persisten( 2059): Unexpected CPU variant for X86 using defaults: x86_64
06-22 17:08:06.117 D/StorageManagerService( 1918): Isolated storage local flag 0 and remote flag 0 resolved to true
06-22 17:08:06.119 I/ActivityManager( 1918): Start proc 2059:com.google.android.gms.persistent/u0a118 for broadcast {com.google.android.gms/com.google.android.gms.chimera.GmsIntentOperationService$PersistentTrustedReceiver}
06-22 17:08:06.123 I/LockSettingsService( 1918): Migrated migrated_frp.
06-22 17:08:06.125 I/WallpaperManagerService( 1918): No static wallpaper imagery; defaults will be shown
06-22 17:08:06.125 V/WallpaperManagerService( 1918): bindWallpaperComponentLocked: componentName=ComponentInfo{com.android.systemui/com.android.systemui.ImageWallpaper}
06-22 17:08:06.126 W/WallpaperManagerService( 1918): no current wallpaper -- first boot?
06-22 17:08:06.130 I/AppBindingService( 1918): Updating constants with: null
06-22 17:08:06.130 D/Zygote  ( 1664): Forked child process 2076
06-22 17:08:06.131 E/BluetoothAdapter( 1918): Bluetooth binder is null
06-22 17:08:06.131 E/BluetoothAdapter( 1918): Bluetooth binder is null
06-22 17:08:06.132 I/.gms.persisten( 2059): The ClassLoaderContext is a special shared library.
06-22 17:08:06.133 I/AudioFlinger( 1723): systemReady
06-22 17:08:06.134 I/.gms.persisten( 2059): The ClassLoaderContext is a special shared library.
06-22 17:08:06.137 I/ActivityManager( 1918): Start proc 2076:com.android.systemui/u0a117 for service {com.android.systemui/com.android.systemui.ImageWallpaper}
06-22 17:08:06.135 I/chatty  ( 2059): uid=10118 com.google.android.gms.persistent identical 1 line
06-22 17:08:06.136 I/.gms.persisten( 2059): The ClassLoaderContext is a special shared library.
06-22 17:08:06.139 W/ndroid.systemu( 2076): Unexpected CPU variant for X86 using defaults: x86_64
06-22 17:08:06.141 D/Zygote  ( 1664): Forked child process 2089
06-22 17:08:06.148 I/ActivityManager( 1918): Start proc 2089:com.google.android.permissioncontroller/u0a74 for service {com.google.android.permissioncontroller/com.android.packageinstaller.permission.service.PermissionControllerServiceImpl}
06-22 17:08:06.150 D/StagefrightPluginLoader( 1769): CCodec is disabled.
06-22 17:08:06.150 D/StagefrightPluginLoader( 1769): Handle or CreateInputSurface symbol is null
06-22 17:08:06.150 D/MediaCodecList( 1769): Allowing all OMX codecs
06-22 17:08:06.150 D/StagefrightPluginLoader( 1769): Handle or CreateBuilder symbol is null
06-22 17:08:06.153 I/OMXClient( 1769): IOmx service obtained
06-22 17:08:06.153 I/OMXMaster( 1773): makeComponentInstance(OMX.google.aac.decoder) in android.hardwar process
06-22 17:08:06.155 W/ssioncontrolle( 2089): Unexpected CPU variant for X86 using defaults: x86_64
06-22 17:08:06.161 I/ndroid.systemu( 2076): The ClassLoaderContext is a special shared library.
06-22 17:08:06.162 I/OMXClient( 1769): IOmx service obtained
06-22 17:08:06.162 I/OMXMaster( 1773): makeComponentInstance(OMX.google.amrnb.decoder) in android.hardwar process
06-22 17:08:06.168 W/ContextImpl( 2059): Failed to ensure /data/user/0/com.google.android.gms/cache: mkdir failed: ENOENT (No such file or directory)
06-22 17:08:06.168 W/ContextImpl( 2059): Failed to update user.inode_cache: stat failed: ENOENT (No such file or directory)
06-22 17:08:06.174 I/OMXClient( 1769): IOmx service obtained
06-22 17:08:06.174 I/OMXMaster( 1773): makeComponentInstance(OMX.google.amrwb.decoder) in android.hardwar process
06-22 17:08:06.175 I/OMXClient( 1769): IOmx service obtained
06-22 17:08:06.175 I/OMXMaster( 1773): makeComponentInstance(OMX.google.flac.decoder) in android.hardwar process
06-22 17:08:06.177 I/ssioncontrolle( 2089): The ClassLoaderContext is a special shared library.
06-22 17:08:06.183 I/OMXClient( 1769): IOmx service obtained
06-22 17:08:06.183 I/OMXMaster( 1773): makeComponentInstance(OMX.google.g711.alaw.decoder) in android.hardwar process
06-22 17:08:06.189 I/OMXClient( 1769): IOmx service obtained
06-22 17:08:06.190 I/OMXMaster( 1773): makeComponentInstance(OMX.google.g711.mlaw.decoder) in android.hardwar process
06-22 17:08:06.195 I/OMXClient( 1769): IOmx service obtained
06-22 17:08:06.195 I/OMXMaster( 1773): makeComponentInstance(OMX.google.gsm.decoder) in android.hardwar process
