06-22 17:08:04.813 I/InputReader( 1918): Touch device 'virtio_input_multi_touch_7' could not query the properties of its associated display.  The device will be inoperable until the display size becomes available.
06-22 17:08:04.813 I/InputReader( 1918): Touch device 'virtio_input_multi_touch_4' could not query the properties of its associated display.  The device will be inoperable until the display size becomes available.
06-22 17:08:04.813 I/InputReader( 1918): Touch device 'virtio_input_multi_touch_8' could not query the properties of its associated display.  The device will be inoperable until the display size becomes available.
06-22 17:08:04.813 I/InputReader( 1918): Touch device 'virtio_input_multi_touch_9' could not query the properties of its associated display.  The device will be inoperable until the display size becomes available.
06-22 17:08:04.821 D/StorageManagerService( 1918): Thinking about init, mBootCompleted=false, mDaemonConnected=true
06-22 17:08:04.821 D/StorageManagerService( 1918): Thinking about reset, mBootCompleted=false, mDaemonConnected=true
06-22 17:08:04.822 D/SystemServerTiming( 1918): StartStorageManagerService took to complete: 10ms
06-22 17:08:04.822 I/SystemServer( 1918): StartStorageStatsService
06-22 17:08:04.822 I/SystemServiceManager( 1918): Starting com.android.server.usage.StorageStatsService$Lifecycle
06-22 17:08:04.822 D/installd( 1761): Found quota mount /dev/block/vdc at /data
06-22 17:08:04.823 D/installd( 1761): Found quota mount /dev/block/vdc at /data
06-22 17:08:04.823 D/SystemServerTiming( 1918): StartStorageStatsService took to complete: 2ms
06-22 17:08:04.823 I/SystemServer( 1918): StartUiModeManager
06-22 17:08:04.823 I/SystemServiceManager( 1918): Starting com.android.server.UiModeManagerService
06-22 17:08:04.824 D/SystemServerInitThreadPool( 1918): Started executing UiModeManager.onStart
06-22 17:08:04.825 I/ActivityTaskManager( 1918): Config changes=200 {1.0 ?mcc?mnc [en_US] ldltr sw320dp w320dp h616dp 160dpi nrml long port finger qwerty/v/v -nav/h winConfig={ mBounds=Rect(0, 0 - 320, 640) mAppBounds=Rect(0, 0 - 320, 640) mWindowingMode=fullscreen mDisplayWindowingMode=fullscreen mActivityType=undefined mAlwaysOnTop=undefined mRotation=ROTATION_0} s.4}
06-22 17:08:04.826 I/ActivityTaskManager( 1918): Override config changes=200 {1.0 ?mcc?mnc [en_US] ldltr sw320dp w320dp h616dp 160dpi nrml long port finger qwerty/v/v -nav/h winConfig={ mBounds=Rect(0, 0 - 320, 640) mAppBounds=Rect(0, 0 - 320, 640) mWindowingMode=fullscreen mDisplayWindowingMode=fullscreen mActivityType=undefined mAlwaysOnTop=undefined mRotation=ROTATION_0} s.4} for displayId=0
06-22 17:08:04.826 D/SystemServerTiming( 1918): StartUiModeManager took to complete: 3ms
06-22 17:08:04.826 I/SystemServer( 1918): UpdatePackagesIfNeeded
06-22 17:08:04.827 I/Watchdog( 1918): Pausing HandlerChecker: main thread for reason: dexopt. Pause count: 1
06-22 17:08:04.830 D/SystemServerInitThreadPool( 1918): Finished executing UiModeManager.onStart
06-22 17:08:04.831 I/system_server( 1918): The ClassLoaderContext is a special shared library.
06-22 17:08:04.890 I/chatty  ( 1918): uid=1000 system_server identical 16 lines
06-22 17:08:04.893 I/system_server( 1918): The ClassLoaderContext is a special shared library.
06-22 17:08:04.893 E/ActivityRecognitionHardware( 1665): activity_recognition HAL is deprecated. class_init is effectively a no-op
06-22 17:08:04.898 I/system_server( 1918): The ClassLoaderContext is a special shared library.
06-22 17:08:04.914 I/chatty  ( 1918): uid=1000 system_server identical 2 lines
06-22 17:08:04.925 I/system_server( 1918): The ClassLoaderContext is a special shared library.
06-22 17:08:04.926 I/zygote  ( 1665): Thread[1,tid=1665,Native,Thread*=0xf4d34e00,peer=0x12d40000,"main"] recursive attempt to load library "libmedia_jni.so"
06-22 17:08:04.926 D/MtpDeviceJNI( 1665): register_android_mtp_MtpDevice
06-22 17:08:04.926 I/zygote  ( 1665): Thread[1,tid=1665,Native,Thread*=0xf4d34e00,peer=0x12d40000,"main"] recursive attempt to load library "libmedia_jni.so"
06-22 17:08:04.926 I/zygote  ( 1665): Thread[1,tid=1665,Native,Thread*=0xf4d34e00,peer=0x12d40000,"main"] recursive attempt to load library "libmedia_jni.so"
06-22 17:08:04.930 I/system_server( 1918): The ClassLoaderContext is a special shared library.
06-22 17:08:04.932 I/system_server( 1918): The ClassLoaderContext is a special shared library.
06-22 17:08:04.933 W/Zygote  ( 1665): Class not found for preloading: android.media.audiopolicy.AudioProductStrategies
06-22 17:08:04.933 W/Zygote  ( 1665): Class not found for preloading: android.media.audiopolicy.AudioVolumeGroups
06-22 17:08:04.933 I/system_server( 1918): The ClassLoaderContext is a special shared library.
06-22 17:08:05.014 I/chatty  ( 1918): uid=1000 system_server identical 28 lines
06-22 17:08:05.019 I/system_server( 1918): The ClassLoaderContext is a special shared library.
06-22 17:08:05.020 W/Zygote  ( 1665): Class not found for preloading: android.view.textclassifier.-$$Lambda$TextClassificationManager$JIaezIJbMig_-kVzN6oArzkTsJE
06-22 17:08:05.020 I/system_server( 1918): The ClassLoaderContext is a special shared library.
06-22 17:08:05.023 W/Zygote  ( 1665): Class not found for preloading: com.android.internal.net.NetworkStatsFactory
06-22 17:08:05.027 I/system_server( 1918): The ClassLoaderContext is a special shared library.
06-22 17:08:05.028 W/Zygote  ( 1665): Class not found for preloading: com.android.internal.telephony.-$$Lambda$PhoneSubInfoController$8HFbCDJDN1mrLJG980qYH5MGqMk
06-22 17:08:05.028 W/Zygote  ( 1665): Class not found for preloading: com.android.internal.telephony.-$$Lambda$PhoneSubInfoController$U28a_EGx2cvmQhDfRRgonMt5Zrc
06-22 17:08:05.028 W/Zygote  ( 1665): Class not found for preloading: com.android.internal.telephony.-$$Lambda$SubscriptionInfoUpdater$-zZXM9oMRZ3vZz7dJOG19J00Bmw
06-22 17:08:05.028 W/Zygote  ( 1665): Class not found for preloading: com.android.internal.telephony.-$$Lambda$SubscriptionInfoUpdater$D5yF1HbS4cvCyoAj3FESkPtA_0g
06-22 17:08:05.028 W/Zygote  ( 1665): Class not found for preloading: com.android.internal.telephony.-$$Lambda$SubscriptionInfoUpdater$MMx9iQX0JVqqMPLTUZhdBubFSzU
06-22 17:08:05.030 I/system_server( 1918): The ClassLoaderContext is a special shared library.
06-22 17:08:05.030 W/Zygote  ( 1665): Class not found for preloading: com.android.internal.telephony.PhoneConfigurationModels
06-22 17:08:05.032 W/Zygote  ( 1665): Class not found for preloading: com.android.internal.telephony.SubscriptionController$ScLocalLog
06-22 17:08:05.034 I/system_server( 1918): The ClassLoaderContext is a special shared library.
06-22 17:08:05.034 W/Zygote  ( 1665): Class not found for preloading: com.android.internal.telephony.UiccSmsController
06-22 17:08:05.035 I/system_server( 1918): The ClassLoaderContext is a special shared library.
06-22 17:08:05.050 I/chatty  ( 1918): uid=1000 system_server identical 8 lines
06-22 17:08:05.051 I/system_server( 1918): The ClassLoaderContext is a special shared library.
06-22 17:08:05.056 I/Zygote  ( 1665): ...preloaded 7590 classes in 339ms.
06-22 17:08:05.056 I/zygote  ( 1665): VMRuntime.preloadDexCaches starting
06-22 17:08:05.057 I/system_server( 1918): The ClassLoaderContext is a special shared library.
06-22 17:08:05.064 I/system_server( 1918): The ClassLoaderContext is a special shared library.
06-22 17:08:05.067 I/zygote  ( 1665): VMRuntime.preloadDexCaches strings total=378948 before=9925 after=9925
06-22 17:08:05.067 I/zygote  ( 1665): VMRuntime.preloadDexCaches types total=35812 before=7199 after=7467
06-22 17:08:05.067 I/zygote  ( 1665): VMRuntime.preloadDexCaches fields total=160603 before=8020 after=8221
06-22 17:08:05.067 I/zygote  ( 1665): VMRuntime.preloadDexCaches methods total=281511 before=10884 after=11316
06-22 17:08:05.067 I/zygote  ( 1665): VMRuntime.preloadDexCaches finished
06-22 17:08:05.067 D/ZygoteInitTiming_lazy( 1665): PreloadClasses took to complete: 350ms
06-22 17:08:05.067 I/system_server( 1918): The ClassLoaderContext is a special shared library.
06-22 17:08:05.069 I/zygote  ( 1665): The ClassLoaderContext is a special shared library.
06-22 17:08:05.070 D/ApplicationLoaders( 1665): Created zygote-cached class loader: /system/framework/android.hidl.base-V1.0-java.jar
06-22 17:08:05.071 I/zygote  ( 1665): The ClassLoaderContext is a special shared library.
06-22 17:08:05.071 I/system_server( 1918): The ClassLoaderContext is a special shared library.
06-22 17:08:05.072 D/ApplicationLoaders( 1665): Created zygote-cached class loader: /system/framework/android.hidl.manager-V1.0-java.jar
06-22 17:08:05.072 D/ZygoteInitTiming_lazy( 1665): CacheNonBootClasspathClassLoaders took to complete: 5ms
06-22 17:08:05.072 I/system_server( 1918): The ClassLoaderContext is a special shared library.
06-22 17:08:05.128 I/chatty  ( 1918): uid=1000 system_server identical 13 lines
06-22 17:08:05.139 I/system_server( 1918): The ClassLoaderContext is a special shared library.
06-22 17:08:05.143 I/Zygote  ( 1665): Preloading resources...
06-22 17:08:05.147 I/system_server( 1918): The ClassLoaderContext is a special shared library.
06-22 17:08:05.151 I/system_server( 1918): The ClassLoaderContext is a special shared library.
06-22 17:08:05.154 W/Resources( 1665): Preloaded drawable resource #0x108027c (android:drawable/dialog_background_material) that varies with configuration!!
06-22 17:08:05.156 I/system_server( 1918): The ClassLoaderContext is a special shared library.
06-22 17:08:05.160 I/system_server( 1918): The ClassLoaderContext is a special shared library.
06-22 17:08:05.162 I/Zygote  ( 1665): ...preloaded 64 resources in 18ms.
06-22 17:08:05.166 I/Zygote  ( 1665): ...preloaded 41 resources in 4ms.
06-22 17:08:05.166 D/ZygoteInitTiming_lazy( 1665): PreloadResources took to complete: 94ms
06-22 17:08:05.168 I/system_server( 1918): The ClassLoaderContext is a special shared library.
06-22 17:08:05.175 I/chatty  ( 1918): uid=1000 system_server identical 2 lines
06-22 17:08:05.181 I/system_server( 1918): The ClassLoaderContext is a special shared library.
06-22 17:08:05.182 I/Zygote  ( 1665): Preloading shared libraries...
06-22 17:08:05.184 I/system_server( 1918): The ClassLoaderContext is a special shared library.
06-22 17:08:05.185 I/system_server( 1918): The ClassLoaderContext is a special shared library.
06-22 17:08:05.190 I/Zygote  ( 1665): Called ZygoteHooks.endPreload()
06-22 17:08:05.190 I/system_server( 1918): The ClassLoaderContext is a special shared library.
06-22 17:08:05.190 I/Zygote  ( 1665): Installed AndroidKeyStoreProvider in 0ms.
06-22 17:08:05.191 I/system_server( 1918): The ClassLoaderContext is a special shared library.
06-22 17:08:05.195 I/Zygote  ( 1665): Warmed up JCA providers in 6ms.
06-22 17:08:05.195 D/Zygote  ( 1665): end preload
06-22 17:08:05.195 D/SystemServerTimingAsync( 1918): SecondaryZygotePreload took to complete: 553ms
06-22 17:08:05.195 D/SystemServerInitThreadPool( 1918): Finished executing SecondaryZygotePreload
06-22 17:08:05.201 I/system_server( 1918): The ClassLoaderContext is a special shared library.
06-22 17:08:05.288 I/Watchdog( 1918): Resuming HandlerChecker: main thread for reason: dexopt. Pause count: 0
06-22 17:08:05.288 D/SystemServerTiming( 1918): UpdatePackagesIfNeeded took to complete: 461ms
06-22 17:08:05.288 I/SystemServer( 1918): PerformFstrimIfNeeded
06-22 17:08:05.288 W/PackageManager( 1918): No disk maintenance in 1782148085288; running immediately
06-22 17:08:05.288 D/SystemServerTiming( 1918): PerformFstrimIfNeeded took to complete: 1ms
06-22 17:08:05.288 I/StorageManagerService( 1918): Running fstrim idle maintenance
06-22 17:08:05.288 I/SystemServer( 1918): StartLockSettingsService
06-22 17:08:05.288 I/SystemServiceManager( 1918): Starting com.android.server.locksettings.LockSettingsService$Lifecycle
06-22 17:08:05.283 I/chatty  ( 1918): uid=1000 system_server identical 26 lines
06-22 17:08:05.287 I/system_server( 1918): The ClassLoaderContext is a special shared library.
06-22 17:08:05.289 I/hwservicemanager( 1567): getTransport: Cannot find entry android.hardware.boot@1.0::IBootControl/default in either framework or device manifest.
06-22 17:08:05.292 I/vold    ( 1574): Skip mounting partition: /product
06-22 17:08:05.292 I/vold    ( 1574): Skip mounting partition: /product_services
06-22 17:08:05.292 D/vold    ( 1574): Starting trim of /data
06-22 17:08:05.292 W/vold    ( 1574): Trim failed on /data: Operation not supported on transport endpoint
06-22 17:08:05.292 D/vold    ( 1574): Starting trim of none
06-22 17:08:05.292 W/vold    ( 1574): Failed to open none: No such file or directory
06-22 17:08:05.309 D/SystemServerTiming( 1918): StartLockSettingsService took to complete: 21ms
06-22 17:08:05.309 I/SystemServer( 1918): StartTestHarnessMode
06-22 17:08:05.309 I/SystemServiceManager( 1918): Starting com.android.server.testharness.TestHarnessModeService
06-22 17:08:05.310 D/SystemServerTiming( 1918): StartTestHarnessMode took to complete: 0ms
06-22 17:08:05.310 I/hwservicemanager( 1567): getTransport: Cannot find entry android.hardware.oemlock@1.0::IOemLock/default in either framework or device manifest.
06-22 17:08:05.310 I/OemLock ( 1918): OemLock HAL not present on device
06-22 17:08:05.310 I/SystemServer( 1918): StartDeviceIdleController
06-22 17:08:05.310 I/SystemServiceManager( 1918): Starting com.android.server.DeviceIdleController
06-22 17:08:05.311 D/SystemServerTiming( 1918): StartDeviceIdleController took to complete: 1ms
06-22 17:08:05.311 I/SystemServer( 1918): StartDevicePolicyManager
06-22 17:08:05.311 I/SystemServiceManager( 1918): Starting com.android.server.devicepolicy.DevicePolicyManagerService$Lifecycle
06-22 17:08:05.315 D/SystemServerTiming( 1918): StartDevicePolicyManager took to complete: 3ms
06-22 17:08:05.315 I/SystemServer( 1918): StartStatusBarManagerService
06-22 17:08:05.315 D/SystemServerTiming( 1918): StartStatusBarManagerService took to complete: 1ms
06-22 17:08:05.315 D/SystemServer( 1918): ContentCaptureService disabled because resource is not overlaid
06-22 17:08:05.315 D/SystemServer( 1918): AttentionService is not configured on this device
06-22 17:08:05.315 I/SystemServer( 1918): StartSystemCaptionsManagerService
06-22 17:08:05.316 I/SystemServiceManager( 1918): Starting com.android.server.systemcaptions.SystemCaptionsManagerService
06-22 17:08:05.316 D/SystemServerTiming( 1918): StartSystemCaptionsManagerService took to complete: 1ms
06-22 17:08:05.316 I/SystemServer( 1918): StartAppPredictionService
06-22 17:08:05.317 I/SystemServiceManager( 1918): Starting com.android.server.appprediction.AppPredictionManagerService
06-22 17:08:05.317 D/SystemServerTiming( 1918): StartAppPredictionService took to complete: 1ms
06-22 17:08:05.317 I/SystemServer( 1918): StartContentSuggestionsService
06-22 17:08:05.318 I/SystemServiceManager( 1918): Starting com.android.server.contentsuggestions.ContentSuggestionsManagerService
06-22 17:08:05.319 D/SystemServerTiming( 1918): StartContentSuggestionsService took to complete: 1ms
06-22 17:08:05.319 I/SystemServer( 1918): InitNetworkStackClient
06-22 17:08:05.319 D/SystemServerTiming( 1918): InitNetworkStackClient took to complete: 0ms
06-22 17:08:05.319 I/SystemServer( 1918): StartNetworkManagementService
06-22 17:08:05.322 I/netd    ( 1663): registerUnsolicitedEventListener() <0.03ms>
06-22 17:08:05.323 D/SystemServerTiming( 1918): StartNetworkManagementService took to complete: 3ms
06-22 17:08:05.323 I/SystemServer( 1918): StartIpSecService
06-22 17:08:05.323 D/SystemServerTiming( 1918): StartIpSecService took to complete: 1ms
06-22 17:08:05.323 I/SystemServer( 1918): StartTextServicesManager
06-22 17:08:05.323 I/SystemServiceManager( 1918): Starting com.android.server.textservices.TextServicesManagerService$Lifecycle
06-22 17:08:05.325 D/SystemServerTiming( 1918): StartTextServicesManager took to complete: 1ms
06-22 17:08:05.325 I/SystemServer( 1918): StartTextClassificationManagerService
06-22 17:08:05.325 I/SystemServiceManager( 1918): Starting com.android.server.textclassifier.TextClassificationManagerService$Lifecycle
06-22 17:08:05.325 D/SystemServerTiming( 1918): StartTextClassificationManagerService took to complete: 1ms
06-22 17:08:05.326 I/SystemServer( 1918): StartNetworkScoreService
06-22 17:08:05.326 I/SystemServiceManager( 1918): Starting com.android.server.NetworkScoreService$Lifecycle
06-22 17:08:05.326 I/NetworkScoreService( 1918): Registering network_score
06-22 17:08:05.326 D/SystemServerTiming( 1918): StartNetworkScoreService took to complete: 1ms
06-22 17:08:05.326 I/SystemServer( 1918): StartNetworkStatsService
06-22 17:08:05.328 D/SystemServerTiming( 1918): StartNetworkStatsService took to complete: 1ms
06-22 17:08:05.328 I/SystemServer( 1918): StartNetworkPolicyManagerService
06-22 17:08:05.331 D/SystemServerTiming( 1918): StartNetworkPolicyManagerService took to complete: 3ms
06-22 17:08:05.331 I/SystemServer( 1918): StartWifi
06-22 17:08:05.343 I/SystemServiceManager( 1918): Starting com.android.server.wifi.WifiService
06-22 17:08:05.403 E/HostapdHal( 1918): Malformed channel value detected: java.lang.NumberFormatException: For input string: ""
06-22 17:08:05.413 D/WifiCountryCode( 1918): mDefaultCountryCode null mRevertCountryCodeOnCellularLoss false
06-22 17:08:05.413 D/WifiApConfigStore( 1918): 2G band allowed channels are:1,6,11
06-22 17:08:05.414 E/WifiApConfigStore( 1918): Error reading hotspot configuration java.io.FileNotFoundException: /data/misc/wifi/softap.conf: open failed: ENOENT (No such file or directory)
06-22 17:08:05.414 D/WifiApConfigStore( 1918): Fallback to use default AP configuration
06-22 17:08:05.415 I/WifiScoringParams( 1918): rssi2=-83:-80:-73:-60,rssi5=-80:-77:-70:-57,pps=0:1:100,horizon=15,nud=8,expid=0
06-22 17:08:05.444 D/WifiOpenNetworkNotifier( 1918): Settings toggle enabled=true
06-22 17:08:05.444 D/WifiCarrierNetworkNotifier( 1918): Settings toggle enabled=true
06-22 17:08:05.446 D/WifiActiveModeWarden( 1918): Starting Wifi in WifiDisabledState
06-22 17:08:05.447 D/WifiActiveModeWarden( 1918): Entering WifiDisabledState
06-22 17:08:05.447 D/WakeupController( 1918): WifiWake enabled
06-22 17:08:05.449 E/WifiClientModeImpl( 1918): getWifiLinkLayerStats called without an interface
06-22 17:08:05.451 E/SupplicantStaIfaceHal( 1918): Can't call setDebugParams, ISupplicant is null
06-22 17:08:05.451 W/WifiDiags( 1918): no ring buffers found
06-22 17:08:05.451 W/WifiDiags( 1918): Failed to start packet fate monitoring
06-22 17:08:05.451 I/WifiService( 1918): Registering wifi
06-22 17:08:05.452 D/SystemServerTiming( 1918): StartWifi took to complete: 121ms
06-22 17:08:05.452 I/SystemServer( 1918): StartWifiScanning
06-22 17:08:05.452 I/SystemServiceManager( 1918): Starting com.android.server.wifi.scanner.WifiScanningService
06-22 17:08:05.452 I/WifiScanningService( 1918): Creating wifiscanner
06-22 17:08:05.454 I/WifiScanningService( 1918): Publishing wifiscanner
06-22 17:08:05.455 D/SystemServerTiming( 1918): StartWifiScanning took to complete: 3ms
06-22 17:08:05.455 I/SystemServer( 1918): StartWifiP2P
06-22 17:08:05.455 I/SystemServiceManager( 1918): Starting com.android.server.wifi.p2p.WifiP2pService
06-22 17:08:05.460 W/HalDevMgr( 1918): isWifiStarted called but mWifi is null!?
06-22 17:08:05.460 I/WifiP2pService( 1918): Registering wifip2p
06-22 17:08:05.461 D/SystemServerTiming( 1918): StartWifiP2P took to complete: 6ms
06-22 17:08:05.461 I/SystemServer( 1918): StartConnectivityService
06-22 17:08:05.463 D/ConnectivityService( 1918): ConnectivityService starting up
06-22 17:08:05.468 D/ConnectivityService( 1918): wifiOnly=false
06-22 17:08:05.474 D/SystemServerTiming( 1918): StartConnectivityService took to complete: 14ms
06-22 17:08:05.474 I/SystemServer( 1918): StartNsdService
06-22 17:08:05.475 D/NsdService( 1918): Network service discovery is enabled
06-22 17:08:05.476 D/SystemServerTiming( 1918): StartNsdService took to complete: 2ms
06-22 17:08:05.476 I/SystemServer( 1918): StartSystemUpdateManagerService
06-22 17:08:05.476 I/SystemUpdateManagerService( 1918): No existing info file /data/system/system-update-info.xml
06-22 17:08:05.477 D/SystemServerTiming( 1918): StartSystemUpdateManagerService took to complete: 0ms
06-22 17:08:05.477 I/SystemServer( 1918): StartUpdateLockService
06-22 17:08:05.477 D/SystemServerTiming( 1918): StartUpdateLockService took to complete: 1ms
06-22 17:08:05.477 I/SystemServer( 1918): StartNotificationManager
06-22 17:08:05.477 I/SystemServiceManager( 1918): Starting com.android.server.notification.NotificationManagerService
06-22 17:08:05.485 D/ConditionProviders.SCP( 1918): new ScheduleConditionProvider()
06-22 17:08:05.488 I/ConditionProviders( 1918):  Allowing condition provider com.google.android.apps.nexuslauncher/com.android.launcher3.notification.NotificationListener
06-22 17:08:05.489 I/NotificationListeners( 1918):  Allowing notification listener com.google.android.apps.nexuslauncher/com.android.launcher3.notification.NotificationListener
06-22 17:08:05.489 V/NotificationListeners( 1918): enabling notification listener for 0: ComponentInfo{com.google.android.apps.nexuslauncher/com.android.launcher3.notification.NotificationListener}
06-22 17:08:05.489 V/NotificationListeners( 1918): binding: Intent { act=android.service.notification.NotificationListenerService cmp=com.google.android.apps.nexuslauncher/com.android.launcher3.notification.NotificationListener (has extras) }
06-22 17:08:05.489 W/ActivityManager( 1918): Unable to start service Intent { act=android.service.notification.NotificationListenerService cmp=com.google.android.apps.nexuslauncher/com.android.launcher3.notification.NotificationListener } U=0: not found
06-22 17:08:05.489 W/NotificationListeners( 1918): Unable to bind notification listener service: Intent { act=android.service.notification.NotificationListenerService cmp=com.google.android.apps.nexuslauncher/com.android.launcher3.notification.NotificationListener (has extras) } in user 0
06-22 17:08:05.492 I/ConditionProviders( 1918):  Allowing condition provider com.google.android.apps.restore/com.google.android.apps.pixelmigrate.component.NotificationConsolidatorService
06-22 17:08:05.492 I/NotificationListeners( 1918):  Allowing notification listener com.google.android.apps.restore/com.google.android.apps.pixelmigrate.component.NotificationConsolidatorService
06-22 17:08:05.492 V/NotificationListeners( 1918): enabling notification listener for 0: ComponentInfo{com.google.android.apps.restore/com.google.android.apps.pixelmigrate.component.NotificationConsolidatorService}
06-22 17:08:05.493 V/NotificationListeners( 1918): binding: Intent { act=android.service.notification.NotificationListenerService cmp=com.google.android.apps.restore/com.google.android.apps.pixelmigrate.component.NotificationConsolidatorService (has extras) }
06-22 17:08:05.493 W/ActivityManager( 1918): Unable to start service Intent { act=android.service.notification.NotificationListenerService cmp=com.google.android.apps.restore/com.google.android.apps.pixelmigrate.component.NotificationConsolidatorService } U=0: not found
06-22 17:08:05.493 W/NotificationListeners( 1918): Unable to bind notification listener service: Intent { act=android.service.notification.NotificationListenerService cmp=com.google.android.apps.restore/com.google.android.apps.pixelmigrate.component.NotificationConsolidatorService (has extras) } in user 0
06-22 17:08:05.493 V/NotificationListeners( 1918): enabling notification listener for 0: ComponentInfo{com.google.android.apps.nexuslauncher/com.android.launcher3.notification.NotificationListener}
06-22 17:08:05.493 V/NotificationListeners( 1918): binding: Intent { act=android.service.notification.NotificationListenerService cmp=com.google.android.apps.nexuslauncher/com.android.launcher3.notification.NotificationListener (has extras) }
06-22 17:08:05.493 W/ActivityManager( 1918): Unable to start service Intent { act=android.service.notification.NotificationListenerService cmp=com.google.android.apps.nexuslauncher/com.android.launcher3.notification.NotificationListener } U=0: not found
06-22 17:08:05.493 W/NotificationListeners( 1918): Unable to bind notification listener service: Intent { act=android.service.notification.NotificationListenerService cmp=com.google.android.apps.nexuslauncher/com.android.launcher3.notification.NotificationListener (has extras) } in user 0
06-22 17:08:05.493 I/ConditionProviders( 1918):  Allowing condition provider com.google.android.GoogleCamera
06-22 17:08:05.493 I/ConditionProviders( 1918):  Allowing condition provider com.google.android.gms
06-22 17:08:05.493 I/ConditionProviders( 1918):  Allowing condition provider com.google.intelligence.sense
06-22 17:08:05.493 I/ConditionProviders( 1918):  Allowing condition provider com.google.android.settings.intelligence
06-22 17:08:05.493 I/ConditionProviders( 1918):  Allowing condition provider com.google.android.apps.wellbeing
06-22 17:08:05.494 I/ConditionProviders( 1918):  Allowing condition provider com.google.android.apps.safetyhub
06-22 17:08:05.494 I/ConditionProviders( 1918):  Allowing condition provider com.google.android.ext.services/android.ext.services.notification.Assistant
06-22 17:08:05.494 I/NotificationAssistants( 1918):  Allowing notification assistant com.google.android.ext.services/android.ext.services.notification.Assistant
06-22 17:08:05.494 V/NotificationAssistants( 1918): enabling notification assistant for 0: ComponentInfo{com.google.android.ext.services/android.ext.services.notification.Assistant}
06-22 17:08:05.494 V/NotificationAssistants( 1918): binding: Intent { act=android.service.notification.NotificationAssistantService cmp=com.google.android.ext.services/android.ext.services.notification.Assistant (has extras) }
06-22 17:08:05.494 D/NotificationService( 1918): Set default NAS to be com.google.android.ext.services/android.ext.services.notification.Assistant in 0
06-22 17:08:05.504 D/SystemServerTiming( 1918): StartNotificationManager took to complete: 27ms
06-22 17:08:05.504 I/SystemServer( 1918): StartDeviceMonitor
06-22 17:08:05.504 I/SystemServiceManager( 1918): Starting com.android.server.storage.DeviceStorageMonitorService
06-22 17:08:05.509 D/SystemServerTiming( 1918): StartDeviceMonitor took to complete: 5ms
06-22 17:08:05.509 I/SystemServer( 1918): StartLocationManagerService
06-22 17:08:05.511 D/SystemServerTiming( 1918): StartLocationManagerService took to complete: 2ms
06-22 17:08:05.512 I/SystemServer( 1918): StartCountryDetectorService
06-22 17:08:05.513 D/SystemServerTiming( 1918): StartCountryDetectorService took to complete: 1ms
06-22 17:08:05.513 I/SystemServer( 1918): StartTimeDetectorService
06-22 17:08:05.513 I/SystemServiceManager( 1918): Starting com.android.server.timedetector.TimeDetectorService$Lifecycle
06-22 17:08:05.514 D/SystemServerTiming( 1918): StartTimeDetectorService took to complete: 1ms
06-22 17:08:05.514 I/SystemServer( 1918): StartSearchManagerService
06-22 17:08:05.514 I/SystemServiceManager( 1918): Starting com.android.server.search.SearchManagerService$Lifecycle
06-22 17:08:05.515 D/SystemServerTiming( 1918): StartSearchManagerService took to complete: 1ms
06-22 17:08:05.515 I/SystemServer( 1918): StartWallpaperManagerService
06-22 17:08:05.515 I/SystemServiceManager( 1918): Starting com.android.server.wallpaper.WallpaperManagerService$Lifecycle
06-22 17:08:05.516 D/SystemServerTiming( 1918): StartWallpaperManagerService took to complete: 1ms
06-22 17:08:05.516 I/SystemServer( 1918): StartAudioService
06-22 17:08:05.516 I/SystemServiceManager( 1918): Starting com.android.server.audio.AudioService$Lifecycle
06-22 17:08:05.526 D/PermissionCache( 1723): checking android.permission.MODIFY_AUDIO_ROUTING for uid=1000 => granted (287 us)
06-22 17:08:05.527 W/TelecomManager( 1918): Telecom Service not found.
06-22 17:08:05.528 D/PermissionCache( 1723): checking android.permission.MODIFY_AUDIO_SETTINGS for uid=1000 => granted (46 us)
06-22 17:08:05.529 W/AudioFlinger( 1723): no wake lock to update, system not ready yet
06-22 17:08:05.530 W/DeviceHAL( 1671): Error from HAL Device in function set_mic_mute: Function not implemented
06-22 17:08:05.530 E/AudioSystem-JNI( 1918): Command failed for android_media_AudioSystem_muteMicrophone: -38
06-22 17:08:05.544 D/AudioFlinger( 1723): isLowRamDevice:false totalMemory:2089566208 mClientSharedHeapSize:4194304
06-22 17:08:05.545 D/SystemServerTiming( 1918): StartAudioService took to complete: 29ms
06-22 17:08:05.545 I/SystemServer( 1918): StartDockObserver
06-22 17:08:05.545 I/SystemServiceManager( 1918): Starting com.android.server.DockObserver
06-22 17:08:05.545 W/DockObserver( 1918): This kernel does not have dock station support
06-22 17:08:05.545 D/SystemServerTiming( 1918): StartDockObserver took to complete: 1ms
06-22 17:08:05.545 I/SystemServer( 1918): StartWiredAccessoryManager
06-22 17:08:05.546 W/WiredAccessoryManager( 1918): This kernel does not have usb audio support
06-22 17:08:05.546 W/WiredAccessoryManager( 1918): This kernel does not have HDMI audio support
06-22 17:08:05.546 D/SystemServerTiming( 1918): StartWiredAccessoryManager took to complete: 0ms
06-22 17:08:05.546 I/SystemServer( 1918): StartMidiManager
06-22 17:08:05.546 I/SystemServiceManager( 1918): Starting com.android.server.midi.MidiService$Lifecycle
06-22 17:08:05.547 D/SystemServerTiming( 1918): StartMidiManager took to complete: 2ms
06-22 17:08:05.547 I/SystemServer( 1918): StartAdbService
06-22 17:08:05.547 I/SystemServiceManager( 1918): Starting com.android.server.adb.AdbService$Lifecycle
06-22 17:08:05.548 D/SystemServerTiming( 1918): StartAdbService took to complete: 1ms
06-22 17:08:05.548 I/SystemServer( 1918): StartUsbService
06-22 17:08:05.549 I/SystemServiceManager( 1918): Starting com.android.server.usb.UsbService$Lifecycle
06-22 17:08:05.550 E/UsbDeviceManager( 1918): failed to write to /sys/class/android_usb/android0/f_rndis/ethaddr
06-22 17:08:05.550 I/hwservicemanager( 1567): getTransport: Cannot find entry android.hardware.usb.gadget@1.0::IUsbGadget/default in either framework or device manifest.
06-22 17:08:05.552 I/UsbDeviceManager( 1918): USB GADGET HAL not present in the device
06-22 17:08:05.552 I/UsbDeviceManager( 1918): java.util.NoSuchElementException
06-22 17:08:05.552 I/UsbDeviceManager( 1918): 	at android.os.HwBinder.getService(Native Method)
06-22 17:08:05.552 I/UsbDeviceManager( 1918): 	at android.hardware.usb.gadget.V1_0.IUsbGadget.getService(IUsbGadget.java:55)
06-22 17:08:05.552 I/UsbDeviceManager( 1918): 	at android.hardware.usb.gadget.V1_0.IUsbGadget.getService(IUsbGadget.java:62)
06-22 17:08:05.552 I/UsbDeviceManager( 1918): 	at com.android.server.usb.UsbDeviceManager.<init>(UsbDeviceManager.java:262)
06-22 17:08:05.552 I/UsbDeviceManager( 1918): 	at com.android.server.usb.UsbService.<init>(UsbService.java:150)
06-22 17:08:05.552 I/UsbDeviceManager( 1918): 	at com.android.server.usb.UsbService$Lifecycle.onStart(UsbService.java:84)
06-22 17:08:05.552 I/UsbDeviceManager( 1918): 	at com.android.server.SystemServiceManager.startService(SystemServiceManager.java:129)
06-22 17:08:05.552 I/UsbDeviceManager( 1918): 	at com.android.server.SystemServiceManager.startService(SystemServiceManager.java:116)
06-22 17:08:05.552 I/UsbDeviceManager( 1918): 	at com.android.server.SystemServiceManager.startService(SystemServiceManager.java:75)
06-22 17:08:05.552 I/UsbDeviceManager( 1918): 	at com.android.server.SystemServer.startOtherServices(SystemServer.java:1532)
06-22 17:08:05.552 I/UsbDeviceManager( 1918): 	at com.android.server.SystemServer.run(SystemServer.java:512)
06-22 17:08:05.552 I/UsbDeviceManager( 1918): 	at com.android.server.SystemServer.main(SystemServer.java:349)
06-22 17:08:05.552 I/UsbDeviceManager( 1918): 	at java.lang.reflect.Method.invoke(Native Method)
06-22 17:08:05.552 I/UsbDeviceManager( 1918): 	at com.android.internal.os.RuntimeInit$MethodAndArgsCaller.run(RuntimeInit.java:492)
06-22 17:08:05.552 I/UsbDeviceManager( 1918): 	at com.android.internal.os.ZygoteInit.main(ZygoteInit.java:908)
06-22 17:08:05.552 E/UsbDeviceManagerJNI( 1918): could not open control for mtp No such file or directory
06-22 17:08:05.552 E/UsbDeviceManager( 1918): Failed to open control for mtp
06-22 17:08:05.552 E/UsbDeviceManagerJNI( 1918): could not open control for ptp No such file or directory
06-22 17:08:05.552 E/UsbDeviceManager( 1918): Failed to open control for ptp
06-22 17:08:05.559 W/StorageManagerService( 1918): No primary storage defined yet; hacking together a stub
06-22 17:08:05.559 E/UsbDeviceManagerJNI( 1918): could not open /dev/usb_accessory
06-22 17:08:05.560 I/android_os_HwBinder( 1918): HwBinder: Starting thread pool for getting: android.hidl.manager@1.0::IServiceManager/default
06-22 17:08:05.560 I/hwservicemanager( 1567): getTransport: Cannot find entry android.hardware.usb@1.0::IUsb/default in either framework or device manifest.
06-22 17:08:05.561 E/UsbPortManager( 1918): connectToProxy: usb hal service not found. Did the service fail to start?
06-22 17:08:05.561 E/UsbPortManager( 1918): java.util.NoSuchElementException
06-22 17:08:05.561 E/UsbPortManager( 1918): 	at android.os.HwBinder.getService(Native Method)
06-22 17:08:05.561 E/UsbPortManager( 1918): 	at android.os.HwBinder.getService(HwBinder.java:83)
06-22 17:08:05.561 E/UsbPortManager( 1918): 	at android.hardware.usb.V1_0.IUsb.getService(IUsb.java:70)
06-22 17:08:05.561 E/UsbPortManager( 1918): 	at android.hardware.usb.V1_0.IUsb.getService(IUsb.java:77)
06-22 17:08:05.561 E/UsbPortManager( 1918): 	at com.android.server.usb.UsbPortManager.connectToProxy(UsbPortManager.java:780)
06-22 17:08:05.561 E/UsbPortManager( 1918): 	at com.android.server.usb.UsbPortManager.<init>(UsbPortManager.java:175)
06-22 17:08:05.561 E/UsbPortManager( 1918): 	at com.android.server.usb.UsbService.<init>(UsbService.java:153)
06-22 17:08:05.561 E/UsbPortManager( 1918): 	at com.android.server.usb.UsbService$Lifecycle.onStart(UsbService.java:84)
06-22 17:08:05.561 E/UsbPortManager( 1918): 	at com.android.server.SystemServiceManager.startService(SystemServiceManager.java:129)
06-22 17:08:05.561 E/UsbPortManager( 1918): 	at com.android.server.SystemServiceManager.startService(SystemServiceManager.java:116)
06-22 17:08:05.561 E/UsbPortManager( 1918): 	at com.android.server.SystemServiceManager.startService(SystemServiceManager.java:75)
06-22 17:08:05.561 E/UsbPortManager( 1918): 	at com.android.server.SystemServer.startOtherServices(SystemServer.java:1532)
06-22 17:08:05.561 E/UsbPortManager( 1918): 	at com.android.server.SystemServer.run(SystemServer.java:512)
06-22 17:08:05.561 E/UsbPortManager( 1918): 	at com.android.server.SystemServer.main(SystemServer.java:349)
06-22 17:08:05.561 E/UsbPortManager( 1918): 	at java.lang.reflect.Method.invoke(Native Method)
06-22 17:08:05.561 E/UsbPortManager( 1918): 	at com.android.internal.os.RuntimeInit$MethodAndArgsCaller.run(RuntimeInit.java:492)
06-22 17:08:05.561 E/UsbPortManager( 1918): 	at com.android.internal.os.ZygoteInit.main(ZygoteInit.java:908)
06-22 17:08:05.562 D/SystemServerTiming( 1918): StartUsbService took to complete: 13ms
06-22 17:08:05.562 I/SystemServer( 1918): StartSerialService
06-22 17:08:05.562 D/SystemServerTiming( 1918): StartSerialService took to complete: 0ms
06-22 17:08:05.562 I/SystemServer( 1918): StartHardwarePropertiesManagerService
06-22 17:08:05.562 I/hwservicemanager( 1567): getTransport: Cannot find entry android.hardware.thermal@1.0::IThermal/default in either framework or device manifest.
06-22 17:08:05.562 E/HardwarePropertiesManagerService-JNI( 1918): Unable to get Thermal service.
06-22 17:08:05.562 D/SystemServerTiming( 1918): StartHardwarePropertiesManagerService took to complete: 1ms
06-22 17:08:05.563 I/SystemServer( 1918): StartTwilightService
06-22 17:08:05.563 I/SystemServiceManager( 1918): Starting com.android.server.twilight.TwilightService
06-22 17:08:05.563 D/SystemServerTiming( 1918): StartTwilightService took to complete: 0ms
06-22 17:08:05.563 I/SystemServer( 1918): StartColorDisplay
06-22 17:08:05.563 I/SystemServiceManager( 1918): Starting com.android.server.display.color.ColorDisplayService
06-22 17:08:05.563 D/SystemServerTiming( 1918): StartColorDisplay took to complete: 1ms
06-22 17:08:05.563 I/SystemServer( 1918): StartJobScheduler
06-22 17:08:05.563 I/SystemServiceManager( 1918): Starting com.android.server.job.JobSchedulerService
06-22 17:08:05.566 I/JobStore( 1918): Read 0 jobs
06-22 17:08:05.570 D/SystemServerTiming( 1918): StartJobScheduler took to complete: 7ms
06-22 17:08:05.570 I/SystemServer( 1918): StartSoundTrigger
06-22 17:08:05.570 I/SystemServiceManager( 1918): Starting com.android.server.soundtrigger.SoundTriggerService
06-22 17:08:05.571 D/SystemServerTiming( 1918): StartSoundTrigger took to complete: 0ms
06-22 17:08:05.571 I/SystemServer( 1918): StartTrustManager
06-22 17:08:05.571 I/SystemServiceManager( 1918): Starting com.android.server.trust.TrustManagerService
06-22 17:08:05.571 D/SystemServerTiming( 1918): StartTrustManager took to complete: 1ms
06-22 17:08:05.571 I/SystemServer( 1918): StartBackupManager
06-22 17:08:05.571 I/SystemServiceManager( 1918): Starting com.android.server.backup.BackupManagerService$Lifecycle
06-22 17:08:05.573 D/SystemServerTiming( 1918): StartBackupManager took to complete: 2ms
06-22 17:08:05.573 I/SystemServer( 1918): StartAppWidgetService
06-22 17:08:05.573 I/SystemServiceManager( 1918): Starting com.android.server.appwidget.AppWidgetService
06-22 17:08:05.575 D/SystemServerTiming( 1918): StartAppWidgetService took to complete: 2ms
06-22 17:08:05.575 I/SystemServer( 1918): StartRoleManagerService
06-22 17:08:05.577 D/SystemServerTiming( 1918): StartRoleManagerService took to complete: 1ms
06-22 17:08:05.577 I/SystemServer( 1918): StartVoiceRecognitionManager
06-22 17:08:05.577 I/SystemServiceManager( 1918): Starting com.android.server.voiceinteraction.VoiceInteractionManagerService
06-22 17:08:05.577 I/RoleUserState( 1918): roles.xml not found
06-22 17:08:05.578 W/VoiceInteractionManagerService( 1918): Unable to resolve default voice recognition service.
06-22 17:08:05.578 D/SystemServerTiming( 1918): StartVoiceRecognitionManager took to complete: 2ms
06-22 17:08:05.578 I/SystemServer( 1918): StartGestureLauncher
06-22 17:08:05.578 I/SystemServiceManager( 1918): Starting com.android.server.GestureLauncherService
06-22 17:08:05.578 D/SystemServerTiming( 1918): StartGestureLauncher took to complete: 0ms
06-22 17:08:05.578 I/SystemServer( 1918): StartSensorNotification
06-22 17:08:05.579 I/SystemServiceManager( 1918): Starting com.android.server.SensorNotificationService
06-22 17:08:05.579 D/SystemServerTiming( 1918): StartSensorNotification took to complete: 0ms
06-22 17:08:05.579 I/SystemServer( 1918): StartContextHubSystemService
06-22 17:08:05.579 I/SystemServiceManager( 1918): Starting com.android.server.ContextHubSystemService
06-22 17:08:05.579 D/SystemServerInitThreadPool( 1918): Started executing Init ContextHubSystemService
06-22 17:08:05.579 I/hwservicemanager( 1567): getTransport: Cannot find entry android.hardware.contexthub@1.0::IContexthub/default in either framework or device manifest.
06-22 17:08:05.579 I/ContextHubService( 1918): Context Hub HAL service not found
06-22 17:08:05.579 D/SystemServerInitThreadPool( 1918): Finished executing Init ContextHubSystemService
06-22 17:08:05.580 D/SystemServerTiming( 1918): StartContextHubSystemService took to complete: 1ms
06-22 17:08:05.580 I/SystemServer( 1918): StartDiskStatsService
06-22 17:08:05.582 D/SystemServerTiming( 1918): StartDiskStatsService took to complete: 2ms
06-22 17:08:05.582 I/SystemServer( 1918): RuntimeService
06-22 17:08:05.582 D/SystemServerTiming( 1918): RuntimeService took to complete: 1ms
06-22 17:08:05.582 I/SystemServer( 1918): StartNetworkTimeUpdateService
06-22 17:08:05.582 D/SystemServer( 1918): Using networkTimeUpdater class=class com.android.server.NewNetworkTimeUpdateService
06-22 17:08:05.583 D/SystemServerTiming( 1918): StartNetworkTimeUpdateService took to complete: 0ms
06-22 17:08:05.583 I/SystemServer( 1918): CertBlacklister
06-22 17:08:05.583 D/SystemServerTiming( 1918): CertBlacklister took to complete: 0ms
06-22 17:08:05.583 I/SystemServer( 1918): StartEmergencyAffordanceService
06-22 17:08:05.583 I/SystemServiceManager( 1918): Starting com.android.server.emergency.EmergencyAffordanceService
06-22 17:08:05.583 D/SystemServerTiming( 1918): StartEmergencyAffordanceService took to complete: 0ms
06-22 17:08:05.583 I/SystemServer( 1918): StartDreamManager
06-22 17:08:05.583 I/SystemServiceManager( 1918): Starting com.android.server.dreams.DreamManagerService
06-22 17:08:05.583 D/SystemServerTiming( 1918): StartDreamManager took to complete: 1ms
06-22 17:08:05.584 I/SystemServer( 1918): AddGraphicsStatsService
06-22 17:08:05.585 D/SystemServerTiming( 1918): AddGraphicsStatsService took to complete: 2ms
06-22 17:08:05.585 I/SystemServer( 1918): StartPrintManager
06-22 17:08:05.585 I/SystemServiceManager( 1918): Starting com.android.server.print.PrintManagerService
06-22 17:08:05.586 D/SystemServerTiming( 1918): StartPrintManager took to complete: 0ms
06-22 17:08:05.586 I/SystemServer( 1918): StartRestrictionManager
06-22 17:08:05.586 I/SystemServiceManager( 1918): Starting com.android.server.restrictions.RestrictionsManagerService
06-22 17:08:05.587 D/SystemServerTiming( 1918): StartRestrictionManager took to complete: 1ms
06-22 17:08:05.587 I/SystemServer( 1918): StartMediaSessionService
06-22 17:08:05.587 I/SystemServiceManager( 1918): Starting com.android.server.media.MediaSessionService
06-22 17:08:05.594 D/SystemServerTiming( 1918): StartMediaSessionService took to complete: 8ms
06-22 17:08:05.594 I/SystemServer( 1918): StartMediaResourceMonitor
06-22 17:08:05.594 I/SystemServiceManager( 1918): Starting com.android.server.media.MediaResourceMonitorService
06-22 17:08:05.595 D/SystemServerTiming( 1918): StartMediaResourceMonitor took to complete: 0ms
06-22 17:08:05.595 I/SystemServer( 1918): StartMediaRouterService
06-22 17:08:05.595 D/SystemServerTiming( 1918): StartMediaRouterService took to complete: 1ms
06-22 17:08:05.595 I/SystemServer( 1918): StartFingerprintSensor
06-22 17:08:05.595 I/SystemServiceManager( 1918): Starting com.android.server.biometrics.fingerprint.FingerprintService
06-22 17:08:05.597 D/SystemServerInitThreadPool( 1918): Started executing FingerprintService.onStart
06-22 17:08:05.597 V/FingerprintService( 1918): mDaemon was null, reconnect to fingerprint
06-22 17:08:05.597 I/android_os_HwBinder( 1918): HwBinder: Starting thread pool for getting: android.hardware.biometrics.fingerprint@2.1::IBiometricsFingerprint/default
06-22 17:08:05.597 V/FingerprintService( 1918): Fingerprint HAL id: 133890480136192
06-22 17:08:05.597 D/FingerprintHal( 1781): ----------------> fingerprint_set_active_group -----------------> path /data/vendor_de/0/fpdata
06-22 17:08:05.597 D/FingerprintHal( 1781): ----------------> loadFingerprints ----------------->
06-22 17:08:05.597 E/FingerprintHal( 1781): Could not load fingerprints from storage at /data/vendor_de/0/fpdata/emufp.bin; it has not yet been created.
06-22 17:08:05.598 D/FingerprintHal( 1781): ----------------> loadAuthenticatorId ----------------->
06-22 17:08:05.598 E/FingerprintHal( 1781): Could not load authenticator id from storage at /data/vendor_de/0/fpdata/emuauthid.bin; it has not yet been created.
06-22 17:08:05.598 D/FingerprintHal( 1781): ----------------> get_64bit_rand ----------------->
06-22 17:08:05.598 D/FingerprintHal( 1781): ----------------> saveAuthenticatorId ----------------->
06-22 17:08:05.598 D/FingerprintHal( 1781): Save authenticator id (0x6b8b4567327b23c6)
06-22 17:08:05.598 V/FingerprintService( 1918): Enumerating user(0)
06-22 17:08:05.598 D/SystemServerInitThreadPool( 1918): Finished executing FingerprintService.onStart
06-22 17:08:05.599 D/SystemServerTiming( 1918): StartFingerprintSensor took to complete: 3ms
06-22 17:08:05.599 I/SystemServer( 1918): StartBiometricService
06-22 17:08:05.599 I/SystemServiceManager( 1918): Starting com.android.server.biometrics.BiometricService
06-22 17:08:05.600 D/SystemServerTiming( 1918): StartBiometricService took to complete: 2ms
06-22 17:08:05.600 I/SystemServer( 1918): StartBackgroundDexOptService
06-22 17:08:05.600 W/BackgroundDexOptService( 1918): SysProp pm.dexopt.downgrade_after_inactive_days not set
06-22 17:08:05.601 D/SystemServerTiming( 1918): StartBackgroundDexOptService took to complete: 0ms
06-22 17:08:05.601 I/SystemServer( 1918): StartDynamicCodeLoggingService
06-22 17:08:05.602 D/SystemServerTiming( 1918): StartDynamicCodeLoggingService took to complete: 1ms
06-22 17:08:05.602 I/SystemServer( 1918): StartPruneInstantAppsJobService
06-22 17:08:05.602 D/SystemServerTiming( 1918): StartPruneInstantAppsJobService took to complete: 0ms
06-22 17:08:05.602 I/SystemServer( 1918): StartShortcutServiceLifecycle
06-22 17:08:05.602 I/SystemServiceManager( 1918): Starting com.android.server.pm.ShortcutService$Lifecycle
06-22 17:08:05.603 D/SystemServerTiming( 1918): StartShortcutServiceLifecycle took to complete: 1ms
06-22 17:08:05.603 I/SystemServer( 1918): StartLauncherAppsService
06-22 17:08:05.603 I/SystemServiceManager( 1918): Starting com.android.server.pm.LauncherAppsService
06-22 17:08:05.603 D/SystemServerTiming( 1918): StartLauncherAppsService took to complete: 1ms
06-22 17:08:05.603 I/SystemServer( 1918): StartCrossProfileAppsService
06-22 17:08:05.603 I/SystemServiceManager( 1918): Starting com.android.server.pm.CrossProfileAppsService
06-22 17:08:05.604 D/SystemServerTiming( 1918): StartCrossProfileAppsService took to complete: 0ms
06-22 17:08:05.604 I/SystemServer( 1918): StartMediaProjectionManager
06-22 17:08:05.604 I/SystemServiceManager( 1918): Starting com.android.server.media.projection.MediaProjectionManagerService
06-22 17:08:05.605 V/MediaRouter( 1918): Selecting route: RouteInfo{ name=Phone, description=null, status=null, category=RouteCategory{ name=System types=ROUTE_TYPE_LIVE_AUDIO ROUTE_TYPE_LIVE_VIDEO  groupable=false }, supportedTypes=ROUTE_TYPE_LIVE_AUDIO ROUTE_TYPE_LIVE_VIDEO , presentationDisplay=null }
06-22 17:08:05.605 D/SystemServerTiming( 1918): StartMediaProjectionManager took to complete: 2ms
06-22 17:08:05.605 I/SystemServer( 1918): StartSliceManagerService
06-22 17:08:05.605 I/SystemServiceManager( 1918): Starting com.android.server.slice.SliceManagerService$Lifecycle
06-22 17:08:05.610 D/SystemServerTiming( 1918): StartSliceManagerService took to complete: 4ms
06-22 17:08:05.610 I/SystemServer( 1918): StartCameraServiceProxy
06-22 17:08:05.610 I/SystemServiceManager( 1918): Starting com.android.server.camera.CameraServiceProxy
06-22 17:08:05.617 D/SystemServerTiming( 1918): StartCameraServiceProxy took to complete: 8ms
06-22 17:08:05.617 I/SystemServer( 1918): StartStatsCompanionService
06-22 17:08:05.617 I/SystemServiceManager( 1918): Starting com.android.server.stats.StatsCompanionService$Lifecycle
06-22 17:08:05.618 I/StatsCompanionService( 1918): register thermal listener successfully
06-22 17:08:05.621 E/KernelCpuThreadReader( 1918): Failed to initialize KernelCpuThreadReader
06-22 17:08:05.621 E/KernelCpuThreadReader( 1918): java.nio.file.NoSuchFileException: /proc/self/time_in_state
06-22 17:08:05.621 E/KernelCpuThreadReader( 1918): 	at sun.nio.fs.UnixFileSystemProvider.newByteChannel(UnixFileSystemProvider.java:214)
06-22 17:08:05.621 E/KernelCpuThreadReader( 1918): 	at java.nio.file.Files.newByteChannel(Files.java:361)
06-22 17:08:05.621 E/KernelCpuThreadReader( 1918): 	at java.nio.file.Files.newByteChannel(Files.java:407)
06-22 17:08:05.621 E/KernelCpuThreadReader( 1918): 	at java.nio.file.Files.readAllBytes(Files.java:3152)
06-22 17:08:05.621 E/KernelCpuThreadReader( 1918): 	at com.android.internal.os.ProcTimeInStateReader.initializeTimeInStateFormat(ProcTimeInStateReader.java:163)
06-22 17:08:05.621 E/KernelCpuThreadReader( 1918): 	at com.android.internal.os.ProcTimeInStateReader.<init>(ProcTimeInStateReader.java:110)
06-22 17:08:05.621 E/KernelCpuThreadReader( 1918): 	at com.android.internal.os.KernelCpuThreadReader.<init>(KernelCpuThreadReader.java:137)
06-22 17:08:05.621 E/KernelCpuThreadReader( 1918): 	at com.android.internal.os.KernelCpuThreadReader.create(KernelCpuThreadReader.java:150)
06-22 17:08:05.621 E/KernelCpuThreadReader( 1918): 	at com.android.internal.os.KernelCpuThreadReaderSettingsObserver.<init>(KernelCpuThreadReaderSettingsObserver.java:94)
06-22 17:08:05.621 E/KernelCpuThreadReader( 1918): 	at com.android.internal.os.KernelCpuThreadReaderSettingsObserver.getSettingsModifiedReader(KernelCpuThreadReaderSettingsObserver.java:79)
06-22 17:08:05.621 E/KernelCpuThreadReader( 1918): 	at com.android.server.stats.StatsCompanionService.<init>(StatsCompanionService.java:377)
06-22 17:08:05.621 E/KernelCpuThreadReader( 1918): 	at com.android.server.stats.StatsCompanionService$Lifecycle.onStart(StatsCompanionService.java:2539)
06-22 17:08:05.621 E/KernelCpuThreadReader( 1918): 	at com.android.server.SystemServiceManager.startService(SystemServiceManager.java:129)
06-22 17:08:05.621 E/KernelCpuThreadReader( 1918): 	at com.android.server.SystemServiceManager.startService(SystemServiceManager.java:116)
06-22 17:08:05.621 E/KernelCpuThreadReader( 1918): 	at com.android.server.SystemServer.startOtherServices(SystemServer.java:1879)
06-22 17:08:05.621 E/KernelCpuThreadReader( 1918): 	at com.android.server.SystemServer.run(SystemServer.java:512)
06-22 17:08:05.621 E/KernelCpuThreadReader( 1918): 	at com.android.server.SystemServer.main(SystemServer.java:349)
06-22 17:08:05.621 E/KernelCpuThreadReader( 1918): 	at java.lang.reflect.Method.invoke(Native Method)
06-22 17:08:05.621 E/KernelCpuThreadReader( 1918): 	at com.android.internal.os.RuntimeInit$MethodAndArgsCaller.run(RuntimeInit.java:492)
