06-22 09:33:22.282 W/PackageManager( 1920): Cannot whitelist unknown permission: com.google.android.gms.game.notifications.permission.WRITE
06-22 09:33:22.282 W/PackageManager( 1920): Cannot whitelist unknown permission: com.google.android.vending.verifier.ACCESS_VERIFIER
06-22 09:33:22.283 I/PackageManager( 1920): Un-granting permission android.permission.CAPTURE_VIDEO_OUTPUT from package com.google.android.gms (protectionLevel=2 flags=0xb0cabe45)
06-22 09:33:22.283 I/PackageManager( 1920): Un-granting permission android.permission.MANAGE_DEVICE_ADMINS from package com.google.android.gms (protectionLevel=2 flags=0xb0cabe45)
06-22 09:33:22.283 I/PackageManager( 1920): Un-granting permission android.permission.MANAGE_ACTIVITY_STACKS from package com.google.android.gms (protectionLevel=2 flags=0xb0cabe45)
06-22 09:33:22.283 I/PackageManager( 1920): Un-granting permission android.permission.CAPTURE_SECURE_VIDEO_OUTPUT from package com.google.android.gms (protectionLevel=2 flags=0xb0cabe45)
06-22 09:33:22.283 I/PackageManager( 1920): Un-granting permission android.permission.MANAGE_ROLLBACKS from package com.google.android.gms (protectionLevel=514 flags=0xb0cabe45)
06-22 09:33:22.284 W/PackageManager( 1920): Cannot whitelist unknown permission: android.permission.QUERY_ALL_PACKAGES
06-22 09:33:22.284 W/PackageManager( 1920): Cannot whitelist unknown permission: android.permission.PRE_FACTORY_RESET
06-22 09:33:22.284 W/PackageManager( 1920): Cannot whitelist unknown permission: android.permission.MANAGE_FACTORY_RESET_PROTECTION
06-22 09:33:22.284 W/PackageManager( 1920): Cannot whitelist unknown permission: android.car.permission.CAR_POWER
06-22 09:33:22.284 W/PackageManager( 1920): Cannot whitelist unknown permission: com.google.android.wearable.WRITE_SETTINGS
06-22 09:33:22.284 W/PackageManager( 1920): Cannot whitelist unknown permission: com.felicanetworks.mfc.permission.MFC_ACCESS
06-22 09:33:22.284 W/PackageManager( 1920): Cannot whitelist unknown permission: com.felicanetworks.mfc.mfi.permission.MFI_ACCESS
06-22 09:33:22.284 W/PackageManager( 1920): Cannot whitelist unknown permission: com.google.android.finsky.permission.INSTANT_APP_STATE
06-22 09:33:22.284 W/PackageManager( 1920): Cannot whitelist unknown permission: android.permission.UWB
06-22 09:33:22.284 W/PackageManager( 1920): Cannot whitelist unknown permission: com.google.android.finsky.permission.BIND_GET_INSTALL_REFERRER_SERVICE
06-22 09:33:22.284 W/PackageManager( 1920): Cannot whitelist unknown permission: com.google.android.hangouts.START_HANGOUT
06-22 09:33:22.284 W/PackageManager( 1920): Cannot whitelist unknown permission: android.car.permission.CAR_POWERTRAIN
06-22 09:33:22.284 W/PackageManager( 1920): Cannot whitelist unknown permission: android.car.permission.CAR_ENERGY
06-22 09:33:22.284 W/PackageManager( 1920): Cannot whitelist unknown permission: android.car.permission.CAR_ENERGY_PORTS
06-22 09:33:22.284 W/PackageManager( 1920): Cannot whitelist unknown permission: android.car.permission.CAR_EXTERIOR_LIGHTS
06-22 09:33:22.284 W/PackageManager( 1920): Cannot whitelist unknown permission: android.car.permission.CAR_INFO
06-22 09:33:22.284 W/PackageManager( 1920): Cannot whitelist unknown permission: android.car.permission.CAR_MILEAGE
06-22 09:33:22.284 W/PackageManager( 1920): Cannot whitelist unknown permission: android.car.permission.CAR_TIRES
06-22 09:33:22.285 W/PackageManager( 1920): Cannot whitelist unknown permission: android.car.permission.CONTROL_CAR_CLIMATE
06-22 09:33:22.285 W/PackageManager( 1920): Cannot whitelist unknown permission: android.car.permission.CONTROL_CAR_DOORS
06-22 09:33:22.285 W/PackageManager( 1920): Cannot whitelist unknown permission: android.car.permission.CONTROL_CAR_EXTERIOR_LIGHTS
06-22 09:33:22.285 W/PackageManager( 1920): Cannot whitelist unknown permission: android.car.permission.CONTROL_CAR_MIRRORS
06-22 09:33:22.285 W/PackageManager( 1920): Cannot whitelist unknown permission: android.car.permission.CONTROL_CAR_SEATS
06-22 09:33:22.285 W/PackageManager( 1920): Cannot whitelist unknown permission: android.car.permission.CONTROL_CAR_WINDOWS
06-22 09:33:22.285 W/PackageManager( 1920): Cannot whitelist unknown permission: android.car.permission.READ_CAR_DISPLAY_UNITS
06-22 09:33:22.285 W/PackageManager( 1920): Cannot whitelist unknown permission: com.google.android.finsky.permission.GEARHEAD_SERVICE
06-22 09:33:22.285 W/PackageManager( 1920): Cannot whitelist unknown permission: com.google.android.permission.ACCESSIBILITY_SCAN_SERVICE
06-22 09:33:22.285 W/PackageManager( 1920): Cannot whitelist unknown permission: com.google.android.finsky.permission.ACCESS_INSTANT_APP_NOTIFICATION_ENFORCEMENT
06-22 09:33:22.285 W/PackageManager( 1920): Cannot whitelist unknown permission: com.google.android.clockwork.settings.SHOW_FACTORY_RESET_CONFIRMATION
06-22 09:33:22.285 W/PackageManager( 1920): Cannot whitelist unknown permission: com.google.android.wearable.READ_SETTINGS
06-22 09:33:22.285 W/PackageManager( 1920): Cannot whitelist unknown permission: android.permission.READ_MEDIA_AUDIO
06-22 09:33:22.285 W/PackageManager( 1920): Cannot whitelist unknown permission: android.permission.READ_MEDIA_IMAGES
06-22 09:33:22.285 W/PackageManager( 1920): Cannot whitelist unknown permission: android.permission.READ_MEDIA_VIDEO
06-22 09:33:22.285 W/PackageManager( 1920): Cannot whitelist unknown permission: com.android.vending.setup.PLAY_SETUP_SERVICE
06-22 09:33:22.285 W/PackageManager( 1920): Cannot whitelist unknown permission: com.google.android.gms.game.notifications.permission.WRITE
06-22 09:33:22.285 W/PackageManager( 1920): Cannot whitelist unknown permission: com.google.android.vending.verifier.ACCESS_VERIFIER
06-22 09:33:22.285 I/PackageManager( 1920): Un-granting permission android.permission.CAPTURE_VIDEO_OUTPUT from package com.google.android.gms (protectionLevel=2 flags=0xb0cabe45)
06-22 09:33:22.285 I/PackageManager( 1920): Un-granting permission android.permission.MANAGE_DEVICE_ADMINS from package com.google.android.gms (protectionLevel=2 flags=0xb0cabe45)
06-22 09:33:22.285 I/PackageManager( 1920): Un-granting permission android.permission.MANAGE_ACTIVITY_STACKS from package com.google.android.gms (protectionLevel=2 flags=0xb0cabe45)
06-22 09:33:22.285 I/PackageManager( 1920): Un-granting permission android.permission.CAPTURE_SECURE_VIDEO_OUTPUT from package com.google.android.gms (protectionLevel=2 flags=0xb0cabe45)
06-22 09:33:22.285 I/PackageManager( 1920): Un-granting permission android.permission.MANAGE_ROLLBACKS from package com.google.android.gms (protectionLevel=514 flags=0xb0cabe45)
06-22 09:33:22.286 W/PackageManager( 1920): Cannot whitelist unknown permission: android.permission.QUERY_ALL_PACKAGES
06-22 09:33:22.286 W/PackageManager( 1920): Cannot whitelist unknown permission: android.permission.PRE_FACTORY_RESET
06-22 09:33:22.286 W/PackageManager( 1920): Cannot whitelist unknown permission: android.permission.MANAGE_FACTORY_RESET_PROTECTION
06-22 09:33:22.286 W/PackageManager( 1920): Cannot whitelist unknown permission: android.car.permission.CAR_POWER
06-22 09:33:22.286 W/PackageManager( 1920): Cannot whitelist unknown permission: com.google.android.wearable.WRITE_SETTINGS
06-22 09:33:22.286 W/PackageManager( 1920): Cannot whitelist unknown permission: com.felicanetworks.mfc.permission.MFC_ACCESS
06-22 09:33:22.286 W/PackageManager( 1920): Cannot whitelist unknown permission: com.felicanetworks.mfc.mfi.permission.MFI_ACCESS
06-22 09:33:22.286 W/PackageManager( 1920): Cannot whitelist unknown permission: com.google.android.finsky.permission.INSTANT_APP_STATE
06-22 09:33:22.286 W/PackageManager( 1920): Cannot whitelist unknown permission: android.permission.UWB
06-22 09:33:22.286 W/PackageManager( 1920): Cannot whitelist unknown permission: com.google.android.finsky.permission.BIND_GET_INSTALL_REFERRER_SERVICE
06-22 09:33:22.286 W/PackageManager( 1920): Cannot whitelist unknown permission: com.google.android.hangouts.START_HANGOUT
06-22 09:33:22.286 W/PackageManager( 1920): Cannot whitelist unknown permission: android.car.permission.CAR_POWERTRAIN
06-22 09:33:22.286 W/PackageManager( 1920): Cannot whitelist unknown permission: android.car.permission.CAR_ENERGY
06-22 09:33:22.286 W/PackageManager( 1920): Cannot whitelist unknown permission: android.car.permission.CAR_ENERGY_PORTS
06-22 09:33:22.286 W/PackageManager( 1920): Cannot whitelist unknown permission: android.car.permission.CAR_EXTERIOR_LIGHTS
06-22 09:33:22.286 W/PackageManager( 1920): Cannot whitelist unknown permission: android.car.permission.CAR_INFO
06-22 09:33:22.286 W/PackageManager( 1920): Cannot whitelist unknown permission: android.car.permission.CAR_MILEAGE
06-22 09:33:22.286 W/PackageManager( 1920): Cannot whitelist unknown permission: android.car.permission.CAR_TIRES
06-22 09:33:22.286 W/PackageManager( 1920): Cannot whitelist unknown permission: android.car.permission.CONTROL_CAR_CLIMATE
06-22 09:33:22.286 W/PackageManager( 1920): Cannot whitelist unknown permission: android.car.permission.CONTROL_CAR_DOORS
06-22 09:33:22.286 W/PackageManager( 1920): Cannot whitelist unknown permission: android.car.permission.CONTROL_CAR_EXTERIOR_LIGHTS
06-22 09:33:22.286 W/PackageManager( 1920): Cannot whitelist unknown permission: android.car.permission.CONTROL_CAR_MIRRORS
06-22 09:33:22.286 W/PackageManager( 1920): Cannot whitelist unknown permission: android.car.permission.CONTROL_CAR_SEATS
06-22 09:33:22.286 W/PackageManager( 1920): Cannot whitelist unknown permission: android.car.permission.CONTROL_CAR_WINDOWS
06-22 09:33:22.286 W/PackageManager( 1920): Cannot whitelist unknown permission: android.car.permission.READ_CAR_DISPLAY_UNITS
06-22 09:33:22.286 W/PackageManager( 1920): Cannot whitelist unknown permission: com.google.android.finsky.permission.GEARHEAD_SERVICE
06-22 09:33:22.286 W/PackageManager( 1920): Cannot whitelist unknown permission: com.google.android.permission.ACCESSIBILITY_SCAN_SERVICE
06-22 09:33:22.286 W/PackageManager( 1920): Cannot whitelist unknown permission: com.google.android.finsky.permission.ACCESS_INSTANT_APP_NOTIFICATION_ENFORCEMENT
06-22 09:33:22.286 W/PackageManager( 1920): Cannot whitelist unknown permission: com.google.android.clockwork.settings.SHOW_FACTORY_RESET_CONFIRMATION
06-22 09:33:22.286 W/PackageManager( 1920): Cannot whitelist unknown permission: com.google.android.wearable.READ_SETTINGS
06-22 09:33:22.286 W/PackageManager( 1920): Cannot whitelist unknown permission: android.permission.READ_MEDIA_AUDIO
06-22 09:33:22.286 W/PackageManager( 1920): Cannot whitelist unknown permission: android.permission.READ_MEDIA_IMAGES
06-22 09:33:22.286 W/PackageManager( 1920): Cannot whitelist unknown permission: android.permission.READ_MEDIA_VIDEO
06-22 09:33:22.286 W/PackageManager( 1920): Cannot whitelist unknown permission: com.android.vending.setup.PLAY_SETUP_SERVICE
06-22 09:33:22.286 W/PackageManager( 1920): Cannot whitelist unknown permission: com.google.android.gms.game.notifications.permission.WRITE
06-22 09:33:22.286 W/PackageManager( 1920): Cannot whitelist unknown permission: com.google.android.vending.verifier.ACCESS_VERIFIER
06-22 09:33:22.287 I/PackageManager( 1920): Un-granting permission android.permission.CAPTURE_VIDEO_OUTPUT from package com.google.android.gms (protectionLevel=2 flags=0xb0cabe45)
06-22 09:33:22.287 I/PackageManager( 1920): Un-granting permission android.permission.MANAGE_DEVICE_ADMINS from package com.google.android.gms (protectionLevel=2 flags=0xb0cabe45)
06-22 09:33:22.287 I/PackageManager( 1920): Un-granting permission android.permission.MANAGE_ACTIVITY_STACKS from package com.google.android.gms (protectionLevel=2 flags=0xb0cabe45)
06-22 09:33:22.287 I/PackageManager( 1920): Un-granting permission android.permission.CAPTURE_SECURE_VIDEO_OUTPUT from package com.google.android.gms (protectionLevel=2 flags=0xb0cabe45)
06-22 09:33:22.287 I/PackageManager( 1920): Un-granting permission android.permission.MANAGE_ROLLBACKS from package com.google.android.gms (protectionLevel=514 flags=0xb0cabe45)
06-22 09:33:22.292 W/PackageManager( 1920): Cannot whitelist unknown permission: android.permission.QUERY_ALL_PACKAGES
06-22 09:33:22.292 W/PackageManager( 1920): Cannot whitelist unknown permission: android.permission.PRE_FACTORY_RESET
06-22 09:33:22.292 W/PackageManager( 1920): Cannot whitelist unknown permission: android.permission.MANAGE_FACTORY_RESET_PROTECTION
06-22 09:33:22.292 W/PackageManager( 1920): Cannot whitelist unknown permission: android.car.permission.CAR_POWER
06-22 09:33:22.292 W/PackageManager( 1920): Cannot whitelist unknown permission: com.google.android.wearable.WRITE_SETTINGS
06-22 09:33:22.292 W/PackageManager( 1920): Cannot whitelist unknown permission: com.felicanetworks.mfc.permission.MFC_ACCESS
06-22 09:33:22.292 W/PackageManager( 1920): Cannot whitelist unknown permission: com.felicanetworks.mfc.mfi.permission.MFI_ACCESS
06-22 09:33:22.292 W/PackageManager( 1920): Cannot whitelist unknown permission: com.google.android.finsky.permission.INSTANT_APP_STATE
06-22 09:33:22.292 W/PackageManager( 1920): Cannot whitelist unknown permission: android.permission.UWB
06-22 09:33:22.292 W/PackageManager( 1920): Cannot whitelist unknown permission: com.google.android.finsky.permission.BIND_GET_INSTALL_REFERRER_SERVICE
06-22 09:33:22.293 W/PackageManager( 1920): Cannot whitelist unknown permission: com.google.android.hangouts.START_HANGOUT
06-22 09:33:22.293 W/PackageManager( 1920): Cannot whitelist unknown permission: android.car.permission.CAR_POWERTRAIN
06-22 09:33:22.293 W/PackageManager( 1920): Cannot whitelist unknown permission: android.car.permission.CAR_ENERGY
06-22 09:33:22.293 W/PackageManager( 1920): Cannot whitelist unknown permission: android.car.permission.CAR_ENERGY_PORTS
06-22 09:33:22.293 W/PackageManager( 1920): Cannot whitelist unknown permission: android.car.permission.CAR_EXTERIOR_LIGHTS
06-22 09:33:22.293 W/PackageManager( 1920): Cannot whitelist unknown permission: android.car.permission.CAR_INFO
06-22 09:33:22.293 W/PackageManager( 1920): Cannot whitelist unknown permission: android.car.permission.CAR_MILEAGE
06-22 09:33:22.293 W/PackageManager( 1920): Cannot whitelist unknown permission: android.car.permission.CAR_TIRES
06-22 09:33:22.293 W/PackageManager( 1920): Cannot whitelist unknown permission: android.car.permission.CONTROL_CAR_CLIMATE
06-22 09:33:22.293 W/PackageManager( 1920): Cannot whitelist unknown permission: android.car.permission.CONTROL_CAR_DOORS
06-22 09:33:22.293 W/PackageManager( 1920): Cannot whitelist unknown permission: android.car.permission.CONTROL_CAR_EXTERIOR_LIGHTS
06-22 09:33:22.293 W/PackageManager( 1920): Cannot whitelist unknown permission: android.car.permission.CONTROL_CAR_MIRRORS
06-22 09:33:22.293 W/PackageManager( 1920): Cannot whitelist unknown permission: android.car.permission.CONTROL_CAR_SEATS
06-22 09:33:22.293 W/PackageManager( 1920): Cannot whitelist unknown permission: android.car.permission.CONTROL_CAR_WINDOWS
06-22 09:33:22.293 W/PackageManager( 1920): Cannot whitelist unknown permission: android.car.permission.READ_CAR_DISPLAY_UNITS
06-22 09:33:22.293 W/PackageManager( 1920): Cannot whitelist unknown permission: com.google.android.finsky.permission.GEARHEAD_SERVICE
06-22 09:33:22.293 W/PackageManager( 1920): Cannot whitelist unknown permission: com.google.android.permission.ACCESSIBILITY_SCAN_SERVICE
06-22 09:33:22.293 W/PackageManager( 1920): Cannot whitelist unknown permission: com.google.android.finsky.permission.ACCESS_INSTANT_APP_NOTIFICATION_ENFORCEMENT
06-22 09:33:22.293 W/PackageManager( 1920): Cannot whitelist unknown permission: com.google.android.clockwork.settings.SHOW_FACTORY_RESET_CONFIRMATION
06-22 09:33:22.293 W/PackageManager( 1920): Cannot whitelist unknown permission: com.google.android.wearable.READ_SETTINGS
06-22 09:33:22.293 W/PackageManager( 1920): Cannot whitelist unknown permission: android.permission.READ_MEDIA_AUDIO
06-22 09:33:22.293 W/PackageManager( 1920): Cannot whitelist unknown permission: android.permission.READ_MEDIA_IMAGES
06-22 09:33:22.293 W/PackageManager( 1920): Cannot whitelist unknown permission: android.permission.READ_MEDIA_VIDEO
06-22 09:33:22.293 W/PackageManager( 1920): Cannot whitelist unknown permission: com.android.vending.setup.PLAY_SETUP_SERVICE
06-22 09:33:22.293 W/PackageManager( 1920): Cannot whitelist unknown permission: com.google.android.gms.game.notifications.permission.WRITE
06-22 09:33:22.293 W/PackageManager( 1920): Cannot whitelist unknown permission: com.google.android.vending.verifier.ACCESS_VERIFIER
06-22 09:33:22.293 I/PackageManager( 1920): Un-granting permission android.permission.CAPTURE_VIDEO_OUTPUT from package com.google.android.gms (protectionLevel=2 flags=0xb0cabe45)
06-22 09:33:22.294 I/PackageManager( 1920): Un-granting permission android.permission.MANAGE_DEVICE_ADMINS from package com.google.android.gms (protectionLevel=2 flags=0xb0cabe45)
06-22 09:33:22.294 I/PackageManager( 1920): Un-granting permission android.permission.MANAGE_ACTIVITY_STACKS from package com.google.android.gms (protectionLevel=2 flags=0xb0cabe45)
06-22 09:33:22.294 I/PackageManager( 1920): Un-granting permission android.permission.CAPTURE_SECURE_VIDEO_OUTPUT from package com.google.android.gms (protectionLevel=2 flags=0xb0cabe45)
06-22 09:33:22.294 I/PackageManager( 1920): Un-granting permission android.permission.MANAGE_ROLLBACKS from package com.google.android.gms (protectionLevel=514 flags=0xb0cabe45)
06-22 09:33:22.294 W/PackageManager( 1920): Cannot whitelist unknown permission: android.permission.QUERY_ALL_PACKAGES
06-22 09:33:22.294 W/PackageManager( 1920): Cannot whitelist unknown permission: android.permission.PRE_FACTORY_RESET
06-22 09:33:22.294 W/PackageManager( 1920): Cannot whitelist unknown permission: android.permission.MANAGE_FACTORY_RESET_PROTECTION
06-22 09:33:22.294 W/PackageManager( 1920): Cannot whitelist unknown permission: android.car.permission.CAR_POWER
06-22 09:33:22.294 W/PackageManager( 1920): Cannot whitelist unknown permission: com.google.android.wearable.WRITE_SETTINGS
06-22 09:33:22.294 W/PackageManager( 1920): Cannot whitelist unknown permission: com.felicanetworks.mfc.permission.MFC_ACCESS
06-22 09:33:22.294 W/PackageManager( 1920): Cannot whitelist unknown permission: com.felicanetworks.mfc.mfi.permission.MFI_ACCESS
06-22 09:33:22.294 W/PackageManager( 1920): Cannot whitelist unknown permission: com.google.android.finsky.permission.INSTANT_APP_STATE
06-22 09:33:22.294 W/PackageManager( 1920): Cannot whitelist unknown permission: android.permission.UWB
06-22 09:33:22.295 W/PackageManager( 1920): Cannot whitelist unknown permission: com.google.android.finsky.permission.BIND_GET_INSTALL_REFERRER_SERVICE
06-22 09:33:22.295 W/PackageManager( 1920): Cannot whitelist unknown permission: com.google.android.hangouts.START_HANGOUT
06-22 09:33:22.295 W/PackageManager( 1920): Cannot whitelist unknown permission: android.car.permission.CAR_POWERTRAIN
06-22 09:33:22.295 W/PackageManager( 1920): Cannot whitelist unknown permission: android.car.permission.CAR_ENERGY
06-22 09:33:22.295 W/PackageManager( 1920): Cannot whitelist unknown permission: android.car.permission.CAR_ENERGY_PORTS
06-22 09:33:22.295 W/PackageManager( 1920): Cannot whitelist unknown permission: android.car.permission.CAR_EXTERIOR_LIGHTS
06-22 09:33:22.295 W/PackageManager( 1920): Cannot whitelist unknown permission: android.car.permission.CAR_INFO
06-22 09:33:22.295 W/PackageManager( 1920): Cannot whitelist unknown permission: android.car.permission.CAR_MILEAGE
06-22 09:33:22.295 W/PackageManager( 1920): Cannot whitelist unknown permission: android.car.permission.CAR_TIRES
06-22 09:33:22.295 W/PackageManager( 1920): Cannot whitelist unknown permission: android.car.permission.CONTROL_CAR_CLIMATE
06-22 09:33:22.295 W/PackageManager( 1920): Cannot whitelist unknown permission: android.car.permission.CONTROL_CAR_DOORS
06-22 09:33:22.295 W/PackageManager( 1920): Cannot whitelist unknown permission: android.car.permission.CONTROL_CAR_EXTERIOR_LIGHTS
06-22 09:33:22.295 W/PackageManager( 1920): Cannot whitelist unknown permission: android.car.permission.CONTROL_CAR_MIRRORS
06-22 09:33:22.295 W/PackageManager( 1920): Cannot whitelist unknown permission: android.car.permission.CONTROL_CAR_SEATS
06-22 09:33:22.295 W/PackageManager( 1920): Cannot whitelist unknown permission: android.car.permission.CONTROL_CAR_WINDOWS
06-22 09:33:22.295 W/PackageManager( 1920): Cannot whitelist unknown permission: android.car.permission.READ_CAR_DISPLAY_UNITS
06-22 09:33:22.295 W/PackageManager( 1920): Cannot whitelist unknown permission: com.google.android.finsky.permission.GEARHEAD_SERVICE
06-22 09:33:22.295 W/PackageManager( 1920): Cannot whitelist unknown permission: com.google.android.permission.ACCESSIBILITY_SCAN_SERVICE
06-22 09:33:22.295 W/PackageManager( 1920): Cannot whitelist unknown permission: com.google.android.finsky.permission.ACCESS_INSTANT_APP_NOTIFICATION_ENFORCEMENT
06-22 09:33:22.295 W/PackageManager( 1920): Cannot whitelist unknown permission: com.google.android.clockwork.settings.SHOW_FACTORY_RESET_CONFIRMATION
06-22 09:33:22.295 W/PackageManager( 1920): Cannot whitelist unknown permission: com.google.android.wearable.READ_SETTINGS
06-22 09:33:22.295 W/PackageManager( 1920): Cannot whitelist unknown permission: android.permission.READ_MEDIA_AUDIO
06-22 09:33:22.295 W/PackageManager( 1920): Cannot whitelist unknown permission: android.permission.READ_MEDIA_IMAGES
06-22 09:33:22.295 W/PackageManager( 1920): Cannot whitelist unknown permission: android.permission.READ_MEDIA_VIDEO
06-22 09:33:22.296 W/PackageManager( 1920): Cannot whitelist unknown permission: com.android.vending.setup.PLAY_SETUP_SERVICE
06-22 09:33:22.296 W/PackageManager( 1920): Cannot whitelist unknown permission: com.google.android.gms.game.notifications.permission.WRITE
06-22 09:33:22.296 W/PackageManager( 1920): Cannot whitelist unknown permission: com.google.android.vending.verifier.ACCESS_VERIFIER
06-22 09:33:22.296 I/PackageManager( 1920): Un-granting permission android.permission.CAPTURE_VIDEO_OUTPUT from package com.google.android.gms (protectionLevel=2 flags=0xb0cabe45)
06-22 09:33:22.296 I/PackageManager( 1920): Un-granting permission android.permission.MANAGE_DEVICE_ADMINS from package com.google.android.gms (protectionLevel=2 flags=0xb0cabe45)
06-22 09:33:22.296 I/PackageManager( 1920): Un-granting permission android.permission.MANAGE_ACTIVITY_STACKS from package com.google.android.gms (protectionLevel=2 flags=0xb0cabe45)
06-22 09:33:22.296 I/PackageManager( 1920): Un-granting permission android.permission.CAPTURE_SECURE_VIDEO_OUTPUT from package com.google.android.gms (protectionLevel=2 flags=0xb0cabe45)
06-22 09:33:22.296 I/PackageManager( 1920): Un-granting permission android.permission.MANAGE_ROLLBACKS from package com.google.android.gms (protectionLevel=514 flags=0xb0cabe45)
06-22 09:33:22.287 I/.gms.persisten( 2057): Compiler allocated 5328KB to compile boolean cuf.a(cyl, boolean, caau, caau, int, java.util.List, java.io.File, cyh)
06-22 09:33:22.304 W/PackageManager( 1920): Cannot whitelist unknown permission: android.permission.QUERY_ALL_PACKAGES
06-22 09:33:22.304 W/PackageManager( 1920): Cannot whitelist unknown permission: android.permission.PRE_FACTORY_RESET
06-22 09:33:22.304 W/PackageManager( 1920): Cannot whitelist unknown permission: android.permission.MANAGE_FACTORY_RESET_PROTECTION
06-22 09:33:22.304 W/PackageManager( 1920): Cannot whitelist unknown permission: android.car.permission.CAR_POWER
06-22 09:33:22.304 W/PackageManager( 1920): Cannot whitelist unknown permission: com.google.android.wearable.WRITE_SETTINGS
06-22 09:33:22.304 W/PackageManager( 1920): Cannot whitelist unknown permission: com.felicanetworks.mfc.permission.MFC_ACCESS
06-22 09:33:22.304 W/PackageManager( 1920): Cannot whitelist unknown permission: com.felicanetworks.mfc.mfi.permission.MFI_ACCESS
06-22 09:33:22.304 W/PackageManager( 1920): Cannot whitelist unknown permission: com.google.android.finsky.permission.INSTANT_APP_STATE
06-22 09:33:22.304 W/PackageManager( 1920): Cannot whitelist unknown permission: android.permission.UWB
06-22 09:33:22.304 W/PackageManager( 1920): Cannot whitelist unknown permission: com.google.android.finsky.permission.BIND_GET_INSTALL_REFERRER_SERVICE
06-22 09:33:22.304 W/PackageManager( 1920): Cannot whitelist unknown permission: com.google.android.hangouts.START_HANGOUT
06-22 09:33:22.304 W/PackageManager( 1920): Cannot whitelist unknown permission: android.car.permission.CAR_POWERTRAIN
06-22 09:33:22.304 W/PackageManager( 1920): Cannot whitelist unknown permission: android.car.permission.CAR_ENERGY
06-22 09:33:22.304 W/PackageManager( 1920): Cannot whitelist unknown permission: android.car.permission.CAR_ENERGY_PORTS
06-22 09:33:22.304 W/PackageManager( 1920): Cannot whitelist unknown permission: android.car.permission.CAR_EXTERIOR_LIGHTS
06-22 09:33:22.304 W/PackageManager( 1920): Cannot whitelist unknown permission: android.car.permission.CAR_INFO
06-22 09:33:22.304 W/PackageManager( 1920): Cannot whitelist unknown permission: android.car.permission.CAR_MILEAGE
06-22 09:33:22.304 W/PackageManager( 1920): Cannot whitelist unknown permission: android.car.permission.CAR_TIRES
06-22 09:33:22.304 W/PackageManager( 1920): Cannot whitelist unknown permission: android.car.permission.CONTROL_CAR_CLIMATE
06-22 09:33:22.304 W/PackageManager( 1920): Cannot whitelist unknown permission: android.car.permission.CONTROL_CAR_DOORS
06-22 09:33:22.304 W/PackageManager( 1920): Cannot whitelist unknown permission: android.car.permission.CONTROL_CAR_EXTERIOR_LIGHTS
06-22 09:33:22.304 W/PackageManager( 1920): Cannot whitelist unknown permission: android.car.permission.CONTROL_CAR_MIRRORS
06-22 09:33:22.304 W/PackageManager( 1920): Cannot whitelist unknown permission: android.car.permission.CONTROL_CAR_SEATS
06-22 09:33:22.304 W/PackageManager( 1920): Cannot whitelist unknown permission: android.car.permission.CONTROL_CAR_WINDOWS
06-22 09:33:22.304 W/PackageManager( 1920): Cannot whitelist unknown permission: android.car.permission.READ_CAR_DISPLAY_UNITS
06-22 09:33:22.304 W/PackageManager( 1920): Cannot whitelist unknown permission: com.google.android.finsky.permission.GEARHEAD_SERVICE
06-22 09:33:22.304 W/PackageManager( 1920): Cannot whitelist unknown permission: com.google.android.permission.ACCESSIBILITY_SCAN_SERVICE
06-22 09:33:22.304 W/PackageManager( 1920): Cannot whitelist unknown permission: com.google.android.finsky.permission.ACCESS_INSTANT_APP_NOTIFICATION_ENFORCEMENT
06-22 09:33:22.304 W/PackageManager( 1920): Cannot whitelist unknown permission: com.google.android.clockwork.settings.SHOW_FACTORY_RESET_CONFIRMATION
06-22 09:33:22.304 W/PackageManager( 1920): Cannot whitelist unknown permission: com.google.android.wearable.READ_SETTINGS
06-22 09:33:22.304 W/PackageManager( 1920): Cannot whitelist unknown permission: android.permission.READ_MEDIA_AUDIO
06-22 09:33:22.304 W/PackageManager( 1920): Cannot whitelist unknown permission: android.permission.READ_MEDIA_IMAGES
06-22 09:33:22.304 W/PackageManager( 1920): Cannot whitelist unknown permission: android.permission.READ_MEDIA_VIDEO
06-22 09:33:22.304 W/PackageManager( 1920): Cannot whitelist unknown permission: com.android.vending.setup.PLAY_SETUP_SERVICE
06-22 09:33:22.304 W/PackageManager( 1920): Cannot whitelist unknown permission: com.google.android.gms.game.notifications.permission.WRITE
06-22 09:33:22.305 W/PackageManager( 1920): Cannot whitelist unknown permission: com.google.android.vending.verifier.ACCESS_VERIFIER
06-22 09:33:22.305 I/PackageManager( 1920): Un-granting permission android.permission.CAPTURE_VIDEO_OUTPUT from package com.google.android.gms (protectionLevel=2 flags=0xb0cabe45)
06-22 09:33:22.305 I/PackageManager( 1920): Un-granting permission android.permission.MANAGE_DEVICE_ADMINS from package com.google.android.gms (protectionLevel=2 flags=0xb0cabe45)
06-22 09:33:22.305 I/PackageManager( 1920): Un-granting permission android.permission.MANAGE_ACTIVITY_STACKS from package com.google.android.gms (protectionLevel=2 flags=0xb0cabe45)
06-22 09:33:22.305 I/PackageManager( 1920): Un-granting permission android.permission.CAPTURE_SECURE_VIDEO_OUTPUT from package com.google.android.gms (protectionLevel=2 flags=0xb0cabe45)
06-22 09:33:22.305 I/PackageManager( 1920): Un-granting permission android.permission.MANAGE_ROLLBACKS from package com.google.android.gms (protectionLevel=514 flags=0xb0cabe45)
06-22 09:33:22.318 I/OMXClient( 1920): IOmx service obtained
06-22 09:33:22.318 I/OMXMaster( 1771): makeComponentInstance(OMX.google.vorbis.decoder) in android.hardwar process
06-22 09:33:22.319 E/OMXNodeInstance( 1771): getConfig(0xeb8190e0:google.vorbis.decoder, ConfigAndroidVendorExtension(0x6f100004)) ERROR: Undefined(0x80001001)
06-22 09:33:22.320 W/PackageManager( 1920): Cannot whitelist unknown permission: android.permission.ADD_VOICEMAIL
06-22 09:33:22.320 W/PackageManager( 1920): Cannot whitelist unknown permission: com.google.android.apps.messaging.services.ACCESS_JIBESERVICE
06-22 09:33:22.321 W/PackageManager( 1920): Cannot whitelist unknown permission: android.permission.ADD_VOICEMAIL
06-22 09:33:22.321 W/PackageManager( 1920): Cannot whitelist unknown permission: com.google.android.apps.messaging.services.ACCESS_JIBESERVICE
06-22 09:33:22.323 W/PackageManager( 1920): Cannot whitelist unknown permission: android.permission.ADD_VOICEMAIL
06-22 09:33:22.323 W/PackageManager( 1920): Cannot whitelist unknown permission: com.google.android.apps.messaging.services.ACCESS_JIBESERVICE
06-22 09:33:22.325 W/PackageManager( 1920): Cannot whitelist unknown permission: android.permission.ADD_VOICEMAIL
06-22 09:33:22.325 W/PackageManager( 1920): Cannot whitelist unknown permission: com.google.android.apps.messaging.services.ACCESS_JIBESERVICE
06-22 09:33:22.327 W/PackageManager( 1920): Cannot whitelist unknown permission: android.permission.ADD_VOICEMAIL
06-22 09:33:22.327 W/PackageManager( 1920): Cannot whitelist unknown permission: com.google.android.apps.messaging.services.ACCESS_JIBESERVICE
06-22 09:33:22.333 I/PackageManager( 1920): Un-granting permission com.google.android.googleapps.permission.GOOGLE_AUTH from package com.google.android.videos (protectionLevel=2 flags=0x30dbbe45)
06-22 09:33:22.334 I/PackageManager( 1920): Un-granting permission com.google.android.googleapps.permission.GOOGLE_AUTH from package com.google.android.videos (protectionLevel=2 flags=0x30dbbe45)
06-22 09:33:22.336 I/PackageManager( 1920): Un-granting permission com.google.android.googleapps.permission.GOOGLE_AUTH from package com.google.android.videos (protectionLevel=2 flags=0x30dbbe45)
06-22 09:33:22.338 W/PackageManager( 1920): Cannot whitelist unknown permission: com.google.android.apps.miphone.aiai.matchmaker.overview.service.BIND_SERVICE
06-22 09:33:22.338 W/PackageManager( 1920): Cannot whitelist unknown permission: com.google.android.as.allapps.SUGGESTION_CONSUMER
06-22 09:33:22.339 W/PackageManager( 1920): Cannot whitelist unknown permission: com.google.android.apps.miphone.aiai.matchmaker.overview.service.BIND_SERVICE
06-22 09:33:22.339 W/PackageManager( 1920): Cannot whitelist unknown permission: com.google.android.as.allapps.SUGGESTION_CONSUMER
06-22 09:33:22.347 W/PackageManager( 1920): Cannot whitelist unknown permission: com.android.vending.BILLING
06-22 09:33:22.347 I/PackageManager( 1920): Un-granting permission android.permission.WRITE_MEDIA_STORAGE from package com.google.android.apps.photos (protectionLevel=18 flags=0x38d9be45)
06-22 09:33:22.349 W/PackageManager( 1920): Cannot whitelist unknown permission: com.android.vending.BILLING
06-22 09:33:22.349 I/PackageManager( 1920): Un-granting permission android.permission.WRITE_MEDIA_STORAGE from package com.google.android.apps.photos (protectionLevel=18 flags=0x38d9be45)
06-22 09:33:22.364 W/PackageManager( 1920): Cannot whitelist unknown permission: com.android.launcher.permission.READ_SETTINGS
06-22 09:33:22.364 W/PackageManager( 1920): Cannot whitelist unknown permission: com.android.launcher.permission.WRITE_SETTINGS
06-22 09:33:22.377 W/PackageManager( 1920): Cannot whitelist unknown permission: com.android.vending.setup.PLAY_SETUP_SERVICE
06-22 09:33:22.379 I/chatty  ( 1920): uid=1000(system) Binder:1920_2 identical 2 lines
06-22 09:33:22.380 W/PackageManager( 1920): Cannot whitelist unknown permission: com.android.vending.setup.PLAY_SETUP_SERVICE
06-22 09:33:22.389 W/PackageManager( 1920): Cannot whitelist unknown permission: com.android.permission.CONNMO_SETTINGS
06-22 09:33:22.389 W/PackageManager( 1920): Cannot whitelist unknown permission: com.android.permission.DCMO_SETTINGS
06-22 09:33:22.390 W/PackageManager( 1920): Cannot whitelist unknown permission: com.android.permission.CONNMO_SETTINGS
06-22 09:33:22.390 W/PackageManager( 1920): Cannot whitelist unknown permission: com.android.permission.DCMO_SETTINGS
06-22 09:33:22.395 W/PackageManager( 1920): Cannot whitelist unknown permission: com.android.permission.BIND_TELEPHONY_NETWORK_SERVICE
06-22 09:33:22.397 I/chatty  ( 1920): uid=1000(system) Binder:1920_2 identical 2 lines
06-22 09:33:22.399 W/PackageManager( 1920): Cannot whitelist unknown permission: com.android.permission.BIND_TELEPHONY_NETWORK_SERVICE
06-22 09:33:22.400 E/ActivityThread( 2057): Failed to find provider info for com.google.android.gsf.gservices
06-22 09:33:22.402 I/FileApkMgr( 2057): Extracting modules completed
06-22 09:33:22.402 I/GmsApplication( 2057): Staging modules completed
06-22 09:33:22.402 I/GmsApplication( 2057): Updating config
06-22 09:33:22.403 W/FileUtils( 2057): Failed to set world readable: /data/user_de/0/com.google.android.gms/app_chimera/current_config.fb
06-22 09:33:22.421 E/ChimeraCfgMgr( 2057): Failed to read module config: java.io.FileNotFoundException: /data/user_de/0/com.google.android.gms/app_chimera/current_config.fb: open failed: ENOENT (No such file or directory)
06-22 09:33:22.422 E/GservicesValue( 2057): Gservices key not whitelisted for directboot access: gms:chimera:dev_module_blacklist
06-22 09:33:22.424 I/GmsModuleFndr( 2057): Beginning GMS chimera module scan
06-22 09:33:22.427 E/ChimeraCfgMgr( 2057): Failed to read module config: java.io.FileNotFoundException: /data/user_de/0/com.google.android.gms/app_chimera/current_config.fb: open failed: ENOENT (No such file or directory)
06-22 09:33:22.431 I/ModuleSetMgr( 2057): Config file doesn't exist, writing blank config.
06-22 09:33:22.434 I/.gms.persisten( 2057): Compiler allocated 5776KB to compile boolean cuf.a(cyl, boolean, caau, caau, int, java.util.List, java.io.File, cyh)
06-22 09:33:22.424 I/chatty  ( 2057): uid=10116 com.google.android.gms.persistent identical 8 lines
06-22 09:33:22.424 E/ActivityThread( 2057): Failed to find provider info for com.google.android.gsf.gservices
06-22 09:33:22.438 W/PackageManager( 1920): Cannot whitelist unknown permission: com.google.restricted_assist_gesture.permission.RESTRICTED_ASSIST_GESTURE_PROVIDER
06-22 09:33:22.438 W/PackageManager( 1920): Cannot whitelist unknown permission: com.google.android.apps.dreamliner.permission.DREAMLINER_SERVICE
06-22 09:33:22.438 I/ModuleSetMgr( 2057): Computing pending module set with APKs: [[AdsFdrDynamite.integ:21460000000], [Cronetdynamite:202414040800], [Dynamiteloader:202414040800], [Dynamitemodulesa:202414040000], [Dynamitemodulesc:202414040000], [Googlecertificates:202414040000], [Mapsdynamite:202414040000], [Measurementdynamite:202414040000]]
06-22 09:33:22.438 W/PackageManager( 1920): Cannot whitelist unknown permission: android.car.permission.CONTROL_CAR_CLIMATE
06-22 09:33:22.439 W/PackageManager( 1920): Cannot whitelist unknown permission: android.car.permission.CAR_DRIVING_STATE
06-22 09:33:22.439 W/PackageManager( 1920): Cannot whitelist unknown permission: android.car.permission.CAR_CONTROL_AUDIO_VOLUME
06-22 09:33:22.440 E/ActivityThread( 2057): Failed to find provider info for com.google.android.gsf.gservices
06-22 09:33:22.453 I/ModuleSetMgr( 2057): Pending container module APKs: []
06-22 09:33:22.453 I/ModuleSetMgr( 2057): Pending non-container module APKs: []
06-22 09:33:22.457 E/ChimeraCfgMgr( 2057): Failed to read module config: java.io.FileNotFoundException: /data/user_de/0/com.google.android.gms/app_chimera/current_config.fb: open failed: ENOENT (No such file or directory)
06-22 09:33:22.457 W/IntentOperation( 2057): Failed to get Chimera config:com.google.android.chimera.config.InvalidConfigException: java.io.FileNotFoundException: /data/user_de/0/com.google.android.gms/app_chimera/current_config.fb: open failed: ENOENT (No such file or directory)
06-22 09:33:22.458 I/chatty  ( 2057): uid=10116 com.google.android.gms.persistent identical 12 lines
06-22 09:33:22.458 E/ActivityThread( 2057): Failed to find provider info for com.google.android.gsf.gservices
06-22 09:33:22.460 W/PackageManager( 1920): Cannot whitelist unknown permission: com.google.restricted_assist_gesture.permission.RESTRICTED_ASSIST_GESTURE_PROVIDER
06-22 09:33:22.460 W/PackageManager( 1920): Cannot whitelist unknown permission: com.google.android.apps.dreamliner.permission.DREAMLINER_SERVICE
06-22 09:33:22.460 W/PackageManager( 1920): Cannot whitelist unknown permission: android.car.permission.CONTROL_CAR_CLIMATE
06-22 09:33:22.460 W/PackageManager( 1920): Cannot whitelist unknown permission: android.car.permission.CAR_DRIVING_STATE
06-22 09:33:22.460 W/PackageManager( 1920): Cannot whitelist unknown permission: android.car.permission.CAR_CONTROL_AUDIO_VOLUME
06-22 09:33:22.462 W/PackageManager( 1920): Cannot whitelist unknown permission: com.google.android.gallery3d.permission.GALLERY_PROVIDER
06-22 09:33:22.462 W/PackageManager( 1920): Cannot whitelist unknown permission: com.android.gallery3d.permission.GALLERY_PROVIDER
06-22 09:33:22.463 W/PackageManager( 1920): Cannot whitelist unknown permission: com.google.android.gallery3d.permission.GALLERY_PROVIDER
06-22 09:33:22.463 W/PackageManager( 1920): Cannot whitelist unknown permission: com.android.gallery3d.permission.GALLERY_PROVIDER
06-22 09:33:22.464 W/PackageManager( 1920): Cannot whitelist unknown permission: com.google.android.gallery3d.permission.GALLERY_PROVIDER
06-22 09:33:22.464 W/PackageManager( 1920): Cannot whitelist unknown permission: com.android.gallery3d.permission.GALLERY_PROVIDER
06-22 09:33:22.464 W/PackageManager( 1920): Cannot whitelist unknown permission: com.google.android.gallery3d.permission.GALLERY_PROVIDER
06-22 09:33:22.465 W/PackageManager( 1920): Cannot whitelist unknown permission: com.android.gallery3d.permission.GALLERY_PROVIDER
06-22 09:33:22.467 W/PackageManager( 1920): Cannot whitelist unknown permission: com.google.android.gallery3d.permission.GALLERY_PROVIDER
06-22 09:33:22.467 W/PackageManager( 1920): Cannot whitelist unknown permission: com.android.gallery3d.permission.GALLERY_PROVIDER
06-22 09:33:22.467 W/PackageManager( 1920): Cannot whitelist unknown permission: com.google.android.gallery3d.permission.GALLERY_PROVIDER
06-22 09:33:22.467 W/PackageManager( 1920): Cannot whitelist unknown permission: com.android.gallery3d.permission.GALLERY_PROVIDER
06-22 09:33:22.468 W/PackageManager( 1920): Cannot whitelist unknown permission: com.google.android.gallery3d.permission.GALLERY_PROVIDER
06-22 09:33:22.468 W/PackageManager( 1920): Cannot whitelist unknown permission: com.android.gallery3d.permission.GALLERY_PROVIDER
06-22 09:33:22.482 W/PackageManager( 1920): Cannot whitelist unknown permission: com.android.vending.setup.PLAY_SETUP_SERVICE
06-22 09:33:22.484 W/PackageManager( 1920): Cannot whitelist unknown permission: com.android.vending.setup.PLAY_SETUP_SERVICE
06-22 09:33:22.506 E/ActivityThread( 2057): Failed to find provider info for com.google.android.gsf.gservices
06-22 09:33:22.584 I/RuntimePermissionsUpgradeController( 2098): Grandfathering SMS and CallLog permissions
06-22 09:33:22.592 I/RuntimePermissionsUpgradeController( 2098): Grandfathering location background permissions
06-22 09:33:22.593 I/RuntimePermissionsUpgradeController( 2098): Grandfathering Storage permissions
06-22 09:33:22.506 E/ActivityThread( 2057): Failed to find provider info for com.google.android.gsf.gservices
06-22 09:33:22.600 W/PackageManager( 1920): Cannot whitelist unknown permission: com.android.vending.BILLING
06-22 09:33:22.602 I/RuntimePermissionsUpgradeController( 2098): Not expanding location permissions as this is not an upgrade from Android P
06-22 09:33:22.605 D/vold    ( 1573): Remounting 10144 as mode default
06-22 09:33:22.607 D/vold    ( 1573): Remounting 10122 as mode default
06-22 09:33:22.610 D/vold    ( 1573): Remounting 10131 as mode write
06-22 09:33:22.610 D/vold    ( 1573): Remounting 10128 as mode write
06-22 09:33:22.611 D/vold    ( 1573): Remounting 10114 as mode default
06-22 09:33:22.612 D/vold    ( 1573): Remounting 10133 as mode write
06-22 09:33:22.612 D/vold    ( 1573): Remounting 10096 as mode default
06-22 09:33:22.612 D/vold    ( 1573): Remounting 10143 as mode default
06-22 09:33:22.613 D/vold    ( 1573): Remounting 10137 as mode default
06-22 09:33:22.614 D/vold    ( 1573): Remounting 10141 as mode write
06-22 09:33:22.615 D/vold    ( 1573): Remounting 10107 as mode default
06-22 09:33:22.615 D/vold    ( 1573): Remounting 10116 as mode write
06-22 09:33:22.615 D/vold    ( 1573): Found matching PID 2057
06-22 09:33:22.617 W/SystemServiceManager( 1920): Service com.android.server.policy.PermissionPolicyService took 811 ms in onBootPhase
06-22 09:33:22.618 D/SystemServerTiming( 1920): StartActivityManagerReadyPhase took to complete: 844ms
06-22 09:33:22.618 I/SystemServer( 1920): StartObservingNativeCrashes
06-22 09:33:22.618 D/SystemServerTiming( 1920): StartObservingNativeCrashes took to complete: 0ms
06-22 09:33:22.618 I/SystemServer( 1920): StartSystemUI
06-22 09:33:22.618 D/SystemServerInitThreadPool( 1920): Started executing WebViewFactoryPreparation
06-22 09:33:22.618 I/SystemServer( 1920): WebViewFactoryPreparation
06-22 09:33:22.618 I/WebViewUpdateServiceImpl( 1920): One-time migration: enabling com.google.android.webview
06-22 09:33:22.621 V/SystemUIService( 2070): Starting SystemUI services for user 0.
06-22 09:33:22.621 D/SystemServerTiming( 1920): StartSystemUI took to complete: 3ms
06-22 09:33:22.621 I/SystemServer( 1920): MakeNetworkManagementServiceReady
06-22 09:33:22.622 W/NetworkManagement( 1920): setDataSaverMode(): already false
06-22 09:33:22.622 I/netd    ( 1663): firewallSetFirewallType(1) <0.02ms>
06-22 09:33:22.624 D/SystemServerTimingAsync( 1920): WebViewFactoryPreparation took to complete: 6ms
06-22 09:33:22.624 D/SystemServerInitThreadPool( 1920): Finished executing WebViewFactoryPreparation
06-22 09:33:22.625 D/SystemServerTiming( 1920): MakeNetworkManagementServiceReady took to complete: 4ms
06-22 09:33:22.625 I/SystemServer( 1920): MakeIpSecServiceReady
06-22 09:33:22.626 W/NetworkPolicy( 1920): setRestrictBackgroundUL: already false
06-22 09:33:22.626 I/netd    ( 1663): isAlive() -> {"true"} <0.02ms>
06-22 09:33:22.626 D/IpSecService( 1920): IpSecService is ready
06-22 09:33:22.626 D/SystemServerTiming( 1920): MakeIpSecServiceReady took to complete: 1ms
06-22 09:33:22.627 I/SystemServer( 1920): MakeNetworkStatsServiceReady
06-22 09:33:22.630 W/BestClock( 1920): java.time.DateTimeException: Missing NTP fix
06-22 09:33:22.631 I/netd    ( 1663): firewallReplaceUidChain("fw_standby", "false", []) -> {"true"} <0.01ms>
06-22 09:33:22.631 D/SystemUIBootTiming( 2070): StartServicescom.android.systemui.Dependency$DependencyCreator took to complete: 10ms
06-22 09:33:22.633 W/BestClock( 1920): java.time.DateTimeException: Missing NTP fix
06-22 09:33:22.634 D/SystemUIBootTiming( 2070): StartServicescom.android.systemui.util.NotificationChannels took to complete: 3ms
06-22 09:33:22.635 D/SystemUIBootTiming( 2070): StartServicescom.android.systemui.statusbar.CommandQueue$CommandQueueStart took to complete: 0ms
06-22 09:33:22.642 V/MediaRouter( 2070): Selecting route: RouteInfo{ name=Phone, description=null, status=null, category=RouteCategory{ name=System types=ROUTE_TYPE_LIVE_AUDIO ROUTE_TYPE_LIVE_VIDEO  groupable=false }, supportedTypes=ROUTE_TYPE_LIVE_AUDIO ROUTE_TYPE_LIVE_VIDEO , presentationDisplay=null }
06-22 09:33:22.660 D/vold    ( 1573): Remounting 10116 as mode write
06-22 09:33:22.661 D/vold    ( 1573): Found matching PID 2057
06-22 09:33:22.670 I/netd    ( 1663): trafficSwapActiveStatsMap() <38.96ms>
06-22 09:33:22.670 I/netd    ( 1663): firewallEnableChildChain(2, "true") <36.49ms>
06-22 09:33:22.671 I/netd    ( 1663): socketDestroy([]) <0.15ms>
06-22 09:33:22.671 I/netd    ( 1663): tetherGetStats() <0.75ms>
06-22 09:33:22.673 D/Zygote  ( 1665): Forked child process 2221
06-22 09:33:22.673 W/ActivityManager( 1920): Slow operation: 51ms so far, now at startProcess: returned from zygote!
06-22 09:33:22.673 W/ActivityManager( 1920): Slow operation: 51ms so far, now at startProcess: done updating battery stats
06-22 09:33:22.673 W/ActivityManager( 1920): Slow operation: 51ms so far, now at startProcess: building log message
06-22 09:33:22.673 I/ActivityManager( 1920): Start proc 2221:WebViewLoader-x86/1037 [android.webkit.WebViewLibraryLoader$RelroFileCreator] for null
06-22 09:33:22.673 W/ActivityManager( 1920): Slow operation: 51ms so far, now at startProcess: starting to update pids map
06-22 09:33:22.674 W/ActivityManager( 1920): Slow operation: 52ms so far, now at startProcess: done updating pids map
06-22 09:33:22.674 W/ActivityManager( 1920): Slow operation: 51ms so far, now at startProcess: asking zygote to start proc
06-22 09:33:22.678 D/Zygote  ( 1664): Forked child process 2227
06-22 09:33:22.684 W/ActivityManager( 1920): Slow operation: 61ms so far, now at startProcess: returned from zygote!
06-22 09:33:22.684 W/ActivityManager( 1920): Slow operation: 61ms so far, now at startProcess: done updating battery stats
06-22 09:33:22.684 W/ActivityManager( 1920): Slow operation: 61ms so far, now at startProcess: building log message
06-22 09:33:22.684 I/ActivityManager( 1920): Start proc 2227:WebViewLoader-x86_64/1037 [android.webkit.WebViewLibraryLoader$RelroFileCreator] for null
06-22 09:33:22.684 W/ActivityManager( 1920): Slow operation: 61ms so far, now at startProcess: starting to update pids map
06-22 09:33:22.684 W/ActivityManager( 1920): Slow operation: 61ms so far, now at startProcess: done updating pids map
06-22 09:33:22.690 D/vold    ( 1573): Remounting 10119 as mode default
06-22 09:33:22.691 D/vold    ( 1573): Remounting 10127 as mode default
06-22 09:33:22.692 D/vold    ( 1573): Remounting 10145 as mode write
06-22 09:33:22.693 D/vold    ( 1573): Remounting 10085 as mode default
06-22 09:33:22.693 D/vold    ( 1573): Remounting 10095 as mode default
06-22 09:33:22.694 D/vold    ( 1573): Remounting 10117 as mode default
06-22 09:33:22.694 W/WebViewLoader-( 2227): Unexpected CPU variant for X86 using defaults: x86_64
06-22 09:33:22.694 D/vold    ( 1573): Remounting 10105 as mode default
06-22 09:33:22.695 D/vold    ( 1573): Remounting 1002 as mode write
06-22 09:33:22.695 D/vold    ( 1573): Remounting 10135 as mode default
06-22 09:33:22.696 D/vold    ( 1573): Remounting 10062 as mode default
06-22 09:33:22.696 I/netd    ( 1663): bandwidthSetGlobalAlert(2097152) <0.45ms>
06-22 09:33:22.696 D/SystemServerTiming( 1920): MakeNetworkStatsServiceReady took to complete: 69ms
06-22 09:33:22.696 I/SystemServer( 1920): MakeConnectivityServiceReady
06-22 09:33:22.696 D/vold    ( 1573): Remounting 1001 as mode default
06-22 09:33:22.697 D/ConnectivityService( 1920): requestNetwork for uid/pid:1000/1920 NetworkRequest [ REQUEST id=7, [ Capabilities: INTERNET&NOT_RESTRICTED&TRUSTED&NOT_VPN] ]
06-22 09:33:22.697 D/vold    ( 1573): Found matching PID 1773
06-22 09:33:22.697 W/vold    ( 1573): Skipping due to root namespace
06-22 09:33:22.697 D/vold    ( 1573): Remounting 1001 as mode default
06-22 09:33:22.697 D/vold    ( 1573): Found matching PID 1773
06-22 09:33:22.697 W/vold    ( 1573): Skipping due to root namespace
06-22 09:33:22.697 D/PermissionMonitor( 1920): Monitoring
06-22 09:33:22.697 D/vold    ( 1573): Remounting 1001 as mode default
06-22 09:33:22.698 D/vold    ( 1573): Found matching PID 1773
06-22 09:33:22.698 W/vold    ( 1573): Skipping due to root namespace
06-22 09:33:22.698 D/vold    ( 1573): Remounting 1001 as mode default
06-22 09:33:22.699 D/vold    ( 1573): Found matching PID 1773
06-22 09:33:22.699 W/vold    ( 1573): Skipping due to root namespace
06-22 09:33:22.700 D/vold    ( 1573): Remounting 1001 as mode default
06-22 09:33:22.700 D/PermissionMonitor( 1920): Users: 1, Apps: 34
06-22 09:33:22.700 I/netd    ( 1663): networkSetPermissionForUser(1, [10145]) <0.02ms>
06-22 09:33:22.700 D/vold    ( 1573): Found matching PID 1773
06-22 09:33:22.700 W/vold    ( 1573): Skipping due to root namespace
06-22 09:33:22.700 I/netd    ( 1663): networkSetPermissionForUser(2, [10113,10114,1027,10115,10116,10054,10119,10122,10123,10059,10060,10126,10127,10128,2000,10129,10131,10133,10135,10141,10142,10143,10082,1000,1001,1002,1073,10101,10103,10105,10107,10109,10111]) <0.02ms>
06-22 09:33:22.700 D/vold    ( 1573): Remounting 1001 as mode default
06-22 09:33:22.700 I/netd    ( 1663): trafficSetNetPermForUids(12, [1001,1002,1013,10054,10111,10116]) <0.02ms>
06-22 09:33:22.701 D/vold    ( 1573): Found matching PID 1773
06-22 09:33:22.701 W/vold    ( 1573): Skipping due to root namespace
06-22 09:33:22.701 I/netd    ( 1663): trafficSetNetPermForUids(4, [1000,1027,1073,2000,10056,10060,10061,10062,10064,10082,10085,10089,10090,10091,10093,10094,10095,10096,10098,10101,10102,10103,10105,10107,10109,10113,10114,10117,10119,10120,10122,10126,10127,10128,10129,10130,10131,10132,10133,10135,10136,10137,10138,10139,10140,10141,10142,10143,10144,10145]) <0.05ms>
06-22 09:33:22.701 D/vold    ( 1573): Remounting 1001 as mode default
