--------- beginning of main
06-22 09:33:10.120 W/auditd  ( 1564): type=2000 audit(0.0:1): state=initialized audit_enabled=0 res=1
06-22 09:33:13.850 I/auditd  ( 1564): type=1403 audit(0.0:2): policy loaded auid=4294967295 ses=4294967295
06-22 09:33:13.850 W/auditd  ( 1564): type=1404 audit(0.0:3): enforcing=1 old_enforcing=0 auid=4294967295 ses=4294967295
06-22 09:33:15.457 I/SELinux ( 1565): SELinux: Loaded service_contexts from:
06-22 09:33:15.457 I/SELinux ( 1565):     /system/etc/selinux/plat_service_contexts
06-22 09:33:15.477 I/hwservicemanager( 1566): hwservicemanager is ready now.
06-22 09:33:15.482 I/SELinux ( 1567): SELinux: Loaded service_contexts from:
06-22 09:33:15.482 I/SELinux ( 1567):     /vendor/etc/selinux/vndservice_contexts
--------- beginning of system
06-22 09:33:15.522 I/vold    ( 1573): Vold 3.0 (the awakening) firing up
06-22 09:33:15.522 D/vold    ( 1573): Detected support for: ext4 f2fs vfat
06-22 09:33:15.522 D/vold    ( 1573): Found unmanaged dm device named vendor
06-22 09:33:15.522 D/vold    ( 1573): Found unmanaged dm device named system
06-22 09:33:15.523 D/vold    ( 1573): Found unmanaged dm device named system-verity
06-22 09:33:15.523 W/vold    ( 1573): Failed to LOOP_GET_STATUS64 /dev/block/loop3: No such device or address
06-22 09:33:15.523 W/vold    ( 1573): Failed to LOOP_GET_STATUS64 /dev/block/loop0: No such device or address
06-22 09:33:15.523 W/vold    ( 1573): Failed to LOOP_GET_STATUS64 /dev/block/loop2: No such device or address
06-22 09:33:15.523 W/vold    ( 1573): Failed to LOOP_GET_STATUS64 /dev/block/loop6: No such device or address
06-22 09:33:15.523 W/vold    ( 1573): Failed to LOOP_GET_STATUS64 /dev/block/loop5: No such device or address
06-22 09:33:15.523 W/vold    ( 1573): Failed to LOOP_GET_STATUS64 /dev/block/loop7: No such device or address
06-22 09:33:15.523 W/vold    ( 1573): Failed to LOOP_GET_STATUS64 /dev/block/loop4: No such device or address
06-22 09:33:15.523 W/vold    ( 1573): Failed to LOOP_GET_STATUS64 /dev/block/loop1: No such device or address
06-22 09:33:15.523 I/vold    ( 1573): Skip mounting partition: /product
06-22 09:33:15.523 I/vold    ( 1573): Skip mounting partition: /product_services
06-22 09:33:15.523 D/vold    ( 1573): VoldNativeService::start() completed OK
06-22 09:33:15.806 I/vold    ( 1573): fscrypt_initialize_global_de
06-22 09:33:15.806 I/vold    ( 1573): Creating new key in /data/unencrypted/key
06-22 09:33:15.815 I/hwservicemanager( 1566): getTransport: Cannot find entry android.hardware.keymaster@4.0::IKeymasterDevice/default in either framework or device manifest.
06-22 09:33:15.816 I/ServiceManagement( 1573): getService: Trying again for android.hardware.keymaster@3.0::IKeymasterDevice/default...
06-22 09:33:15.834 I/android.hardware.keymaster@3.0-impl( 1627): Fetching keymaster device name default
06-22 09:33:15.834 I/android.hardware.keymaster@3.0-impl( 1627): Could not find any keystore module, using software-only implementation.
06-22 09:33:15.835 I/ServiceManagement( 1627): Registered android.hardware.keymaster@3.0::IKeymasterDevice/default (start delay of 55ms)
06-22 09:33:15.835 I/ServiceManagement( 1627): Removing namespace from process name android.hardware.keymaster@3.0-service to keymaster@3.0-service.
06-22 09:33:15.835 I/android.hardware.keymaster@3.0-service( 1627): Registration complete for android.hardware.keymaster@3.0::IKeymasterDevice/default.
06-22 09:33:15.835 I/vold    ( 1573): List of Keymaster HALs found:
06-22 09:33:15.835 I/vold    ( 1573): Keymaster HAL #1: SoftwareKeymasterDevice from Google SecurityLevel: SOFTWARE HAL: android.hardware.keymaster@3.0::IKeymasterDevice/default
06-22 09:33:15.835 I/vold    ( 1573): Using SoftwareKeymasterDevice from Google for encryption.  Security level: SOFTWARE, HAL: android.hardware.keymaster@3.0::IKeymasterDevice/default
06-22 09:33:15.835 D/vold    ( 1573): Creating key that doesn't need auth token
06-22 09:33:15.839 D/RefBase ( 1573): RefBase: Explicit destruction, weak count = 0 (in 0x7163b221e170)
06-22 09:33:15.839 W/RefBase ( 1573): CallStack::getCurrentInternal not linked, returning null
06-22 09:33:15.839 W/RefBase ( 1573): CallStack::logStackInternal not linked
06-22 09:33:15.840 D/vold    ( 1573): Created key: /data/unencrypted/key
06-22 09:33:15.840 D/vold    ( 1573): Added key 200801571 (ext4:ad0413fdd90208df) to keyring 1072226444 in process 1573
06-22 09:33:15.840 D/vold    ( 1573): Added key 1038416496 (f2fs:ad0413fdd90208df) to keyring 1072226444 in process 1573
06-22 09:33:15.840 D/vold    ( 1573): Added key 512433036 (fscrypt:ad0413fdd90208df) to keyring 1072226444 in process 1573
06-22 09:33:15.841 I/vold    ( 1573): Wrote system DE key reference to:/data/unencrypted/ref
06-22 09:33:15.866 E/fsverity_init( 1637): Failed to load /product/etc/security/fsverity/*.der
06-22 09:33:15.870 E//system/bin/mini-keyctl( 1638): Cannot find keyring id
06-22 09:33:15.873 E/fsverity_init( 1639): Failed to restrict .fs-verity keyring
06-22 09:33:15.880 W/init    (    1): type=1400 audit(0.0:4): avc: denied { ioctl } for path="/data/misc" dev="vdc" ino=13 ioctlcmd=0x6615 scontext=u:r:init:s0 tcontext=u:object_r:unlabeled:s0 tclass=dir permissive=0
06-22 09:33:15.896 I/apexd   ( 1640): Marking APEXd as starting
06-22 09:33:15.900 W/ls      ( 1641): type=1400 audit(0.0:5): avc: denied { getattr } for path="/data/misc" dev="vdc" ino=13 scontext=u:r:toolbox:s0 tcontext=u:object_r:unlabeled:s0 tclass=dir permissive=0
06-22 09:33:15.901 I/ls      (    1): ls: /data/misc: Permission denied
06-22 09:33:15.902 I/ls      (    1): ls terminated by exit(1)
06-22 09:33:15.924 I/apexd   ( 1640): Scanning /system/apex for embedded keys
06-22 09:33:15.926 V/apexd   ( 1640): Found bundled key in package /system/apex/com.android.apex.cts.shim.apex
06-22 09:33:15.926 I/apexd   ( 1640): Scanning /product/apex for embedded keys
06-22 09:33:15.928 I/apexd   ( 1640): ... does not exist. Skipping
06-22 09:33:15.929 I/apexd   ( 1640): Populating APEX database from mounts...
06-22 09:33:15.931 E/apexd   ( 1640): Failed to walk /product/apex : Can't open /product/apex for reading : No such file or directory
06-22 09:33:15.935 I/apexd   ( 1640): Found "/apex/com.android.runtime@1"
06-22 09:33:15.939 I/apexd   ( 1640): Found "/apex/com.android.tzdata@290000000"
06-22 09:33:15.940 I/apexd   ( 1640): 2 packages restored.
06-22 09:33:15.943 I/apexd   ( 1640): Scanning /data/apex/sessions looking for sessions to be activated.
06-22 09:33:15.946 I/apexd   ( 1640): Scanning /data/apex/active looking for APEX packages.
06-22 09:33:15.951 I/apexd   ( 1640): Activated 0 packages. Skipped: 0
06-22 09:33:15.953 I/apexd   ( 1640): Scanning /system/apex looking for APEX packages.
06-22 09:33:15.957 I/apexd   ( 1640): Found /system/apex/com.android.resolv
06-22 09:33:15.959 V/apexd   ( 1640): Creating mount point: /apex/com.android.resolv@290000000
06-22 09:33:15.961 I/apexd   ( 1640): Successfully bind-mounted flattened package /system/apex/com.android.resolv on /apex/com.android.resolv@290000000
06-22 09:33:15.964 V/apexd   ( 1640): Creating bind-mount for /apex/com.android.resolv for /apex/com.android.resolv@290000000
06-22 09:33:15.966 V/apexd   ( 1640): Creating mountpoint /apex/com.android.resolv
06-22 09:33:15.966 V/apexd   ( 1640): Bind-mounting /apex/com.android.resolv@290000000 to /apex/com.android.resolv
06-22 09:33:15.966 D/apexd   ( 1640): Successfully activated /system/apex/com.android.resolv package_name: com.android.resolv version: 290000000
06-22 09:33:15.966 I/apexd   ( 1640): Found /system/apex/com.android.media.swcodec
06-22 09:33:15.968 V/apexd   ( 1640): Creating mount point: /apex/com.android.media.swcodec@290000000
06-22 09:33:15.970 I/apexd   ( 1640): Successfully bind-mounted flattened package /system/apex/com.android.media.swcodec on /apex/com.android.media.swcodec@290000000
06-22 09:33:15.973 V/apexd   ( 1640): Creating bind-mount for /apex/com.android.media.swcodec for /apex/com.android.media.swcodec@290000000
06-22 09:33:15.975 V/apexd   ( 1640): Creating mountpoint /apex/com.android.media.swcodec
06-22 09:33:15.975 V/apexd   ( 1640): Bind-mounting /apex/com.android.media.swcodec@290000000 to /apex/com.android.media.swcodec
06-22 09:33:15.975 D/apexd   ( 1640): Successfully activated /system/apex/com.android.media.swcodec package_name: com.android.media.swcodec version: 290000000
06-22 09:33:15.976 I/apexd   ( 1640): Found /system/apex/com.android.apex.cts.shim.apex
06-22 09:33:15.977 V/apexd   ( 1640): Found bundled key in package /system/apex/com.android.apex.cts.shim.apex
06-22 09:33:15.979 I/apexd   ( 1640): Skipping activation of non-flattened apex package /system/apex/com.android.apex.cts.shim.apex because device doesn't support it
06-22 09:33:15.985 I/apexd   ( 1640): Found /system/apex/com.android.conscrypt
06-22 09:33:15.987 V/apexd   ( 1640): Creating mount point: /apex/com.android.conscrypt@290000000
06-22 09:33:15.989 I/apexd   ( 1640): Successfully bind-mounted flattened package /system/apex/com.android.conscrypt on /apex/com.android.conscrypt@290000000
06-22 09:33:15.993 V/apexd   ( 1640): Creating bind-mount for /apex/com.android.conscrypt for /apex/com.android.conscrypt@290000000
06-22 09:33:15.994 V/apexd   ( 1640): Creating mountpoint /apex/com.android.conscrypt
06-22 09:33:15.994 V/apexd   ( 1640): Bind-mounting /apex/com.android.conscrypt@290000000 to /apex/com.android.conscrypt
06-22 09:33:15.996 D/apexd   ( 1640): Successfully activated /system/apex/com.android.conscrypt package_name: com.android.conscrypt version: 290000000
06-22 09:33:15.996 I/apexd   ( 1640): Found /system/apex/com.android.runtime.debug
06-22 09:33:15.998 I/apexd   ( 1640): Skipping activation of /system/apex/com.android.runtime.debug same package with higher version 1 is already active
06-22 09:33:16.002 I/apexd   ( 1640): Found /system/apex/com.android.tzdata
06-22 09:33:16.006 I/apexd   ( 1640): Skipping activation of /system/apex/com.android.tzdata same package with higher version 290000000 is already active
06-22 09:33:16.011 I/apexd   ( 1640): Found /system/apex/com.android.media
06-22 09:33:16.014 V/apexd   ( 1640): Creating mount point: /apex/com.android.media@290000000
06-22 09:33:16.016 I/apexd   ( 1640): Successfully bind-mounted flattened package /system/apex/com.android.media on /apex/com.android.media@290000000
06-22 09:33:16.021 V/apexd   ( 1640): Creating bind-mount for /apex/com.android.media for /apex/com.android.media@290000000
06-22 09:33:16.023 V/apexd   ( 1640): Creating mountpoint /apex/com.android.media
06-22 09:33:16.023 V/apexd   ( 1640): Bind-mounting /apex/com.android.media@290000000 to /apex/com.android.media
06-22 09:33:16.024 D/apexd   ( 1640): Successfully activated /system/apex/com.android.media package_name: com.android.media version: 290000000
06-22 09:33:16.024 I/apexd   ( 1640): Activated 4 packages. Skipped: 3
06-22 09:33:16.026 I/apexd   ( 1640): Scanning /product/apex looking for APEX packages.
06-22 09:33:16.029 E/apexd   ( 1640): Failed to activate packages from /product/apex : Failed to scan /product/apex : Can't open /product/apex for reading : No such file or directory
06-22 09:33:16.035 I/apexd   ( 1640): Marking APEXd as ready
06-22 09:33:16.101 D/vold    ( 1573): fscrypt_init_user0
06-22 09:33:16.101 D/vold    ( 1573): Preparing: /data/misc/vold/user_keys
06-22 09:33:16.101 D/vold    ( 1573): Preparing: /data/misc/vold/user_keys/ce
06-22 09:33:16.101 D/vold    ( 1573): Preparing: /data/misc/vold/user_keys/de
06-22 09:33:16.101 D/vold    ( 1573): Preparing: /data/misc/vold/user_keys/ce/0
06-22 09:33:16.101 D/vold    ( 1573): Skipping non-key .
06-22 09:33:16.101 D/vold    ( 1573): Skipping non-key ..
06-22 09:33:16.105 I/hwservicemanager( 1566): getTransport: Cannot find entry android.hardware.keymaster@4.0::IKeymasterDevice/default in either framework or device manifest.
06-22 09:33:16.105 I/vold    ( 1573): List of Keymaster HALs found:
06-22 09:33:16.105 I/vold    ( 1573): Keymaster HAL #1: SoftwareKeymasterDevice from Google SecurityLevel: SOFTWARE HAL: android.hardware.keymaster@3.0::IKeymasterDevice/default
06-22 09:33:16.105 I/vold    ( 1573): Using SoftwareKeymasterDevice from Google for encryption.  Security level: SOFTWARE, HAL: android.hardware.keymaster@3.0::IKeymasterDevice/default
06-22 09:33:16.105 D/vold    ( 1573): Creating key that doesn't need auth token
06-22 09:33:16.106 D/RefBase ( 1573): RefBase: Explicit destruction, weak count = 0 (in 0x7163b221e1f0)
06-22 09:33:16.106 W/RefBase ( 1573): CallStack::getCurrentInternal not linked, returning null
06-22 09:33:16.106 W/RefBase ( 1573): CallStack::logStackInternal not linked
06-22 09:33:16.107 D/vold    ( 1573): Created key: /data/misc/vold/user_keys/ce/0/current
06-22 09:33:16.111 I/hwservicemanager( 1566): getTransport: Cannot find entry android.hardware.keymaster@4.0::IKeymasterDevice/default in either framework or device manifest.
06-22 09:33:16.111 I/vold    ( 1573): List of Keymaster HALs found:
06-22 09:33:16.111 I/vold    ( 1573): Keymaster HAL #1: SoftwareKeymasterDevice from Google SecurityLevel: SOFTWARE HAL: android.hardware.keymaster@3.0::IKeymasterDevice/default
06-22 09:33:16.111 I/vold    ( 1573): Using SoftwareKeymasterDevice from Google for encryption.  Security level: SOFTWARE, HAL: android.hardware.keymaster@3.0::IKeymasterDevice/default
06-22 09:33:16.111 D/vold    ( 1573): Creating key that doesn't need auth token
06-22 09:33:16.112 D/RefBase ( 1573): RefBase: Explicit destruction, weak count = 0 (in 0x7163b221e170)
06-22 09:33:16.112 W/RefBase ( 1573): CallStack::getCurrentInternal not linked, returning null
06-22 09:33:16.112 W/RefBase ( 1573): CallStack::logStackInternal not linked
06-22 09:33:16.113 D/vold    ( 1573): Created key: /data/misc/vold/user_keys/de/0
06-22 09:33:16.113 D/vold    ( 1573): Added key 584486771 (ext4:8ece89007d933aa0) to keyring 1072226444 in process 1573
06-22 09:33:16.113 D/vold    ( 1573): Added key 188445469 (f2fs:8ece89007d933aa0) to keyring 1072226444 in process 1573
06-22 09:33:16.113 D/vold    ( 1573): Added key 345818637 (fscrypt:8ece89007d933aa0) to keyring 1072226444 in process 1573
06-22 09:33:16.113 D/vold    ( 1573): Added key 58627219 (ext4:18dc1b55a8434bb2) to keyring 1072226444 in process 1573
06-22 09:33:16.113 D/vold    ( 1573): Added key 906224147 (f2fs:18dc1b55a8434bb2) to keyring 1072226444 in process 1573
06-22 09:33:16.113 D/vold    ( 1573): Added key 1008712036 (fscrypt:18dc1b55a8434bb2) to keyring 1072226444 in process 1573
06-22 09:33:16.113 D/vold    ( 1573): Created keys for user 0
06-22 09:33:16.113 D/vold    ( 1573): Skipping non-de-key .
06-22 09:33:16.113 D/vold    ( 1573): Skipping non-de-key ..
06-22 09:33:16.113 D/vold    ( 1573): fscrypt_prepare_user_storage for volume null, user 0, serial 0, flags 1
06-22 09:33:16.113 D/vold    ( 1573): Preparing: /data/system/users/0
06-22 09:33:16.113 D/vold    ( 1573): Preparing: /data/misc/profiles/cur/0
06-22 09:33:16.113 D/vold    ( 1573): Preparing: /data/system_de/0
06-22 09:33:16.113 D/vold    ( 1573): Preparing: /data/misc_de/0
06-22 09:33:16.113 D/vold    ( 1573): Preparing: /data/vendor_de/0
06-22 09:33:16.113 D/vold    ( 1573): Preparing: /data/user_de/0
06-22 09:33:16.113 I/vold    ( 1573): Policy for /data/system_de/0 set to 8ece89007d933aa0 modes 1/4
06-22 09:33:16.113 I/vold    ( 1573): Policy for /data/misc_de/0 set to 8ece89007d933aa0 modes 1/4
06-22 09:33:16.114 I/vold    ( 1573): Policy for /data/vendor_de/0 set to 8ece89007d933aa0 modes 1/4
06-22 09:33:16.114 I/vold    ( 1573): Policy for /data/user_de/0 set to 8ece89007d933aa0 modes 1/4
06-22 09:33:16.114 D/vold    ( 1573): /system/bin/vold_prepare_subdirs
06-22 09:33:16.114 D/vold    ( 1573):     prepare
06-22 09:33:16.114 D/vold    ( 1573):     
06-22 09:33:16.114 D/vold    ( 1573):     0
06-22 09:33:16.114 D/vold    ( 1573):     1
06-22 09:33:16.119 D/vold_prepare_subdirs( 1645): Setting up mode 700 uid 0 gid 0 context u:object_r:vold_data_file:s0 on path: /data/misc_de/0/vold
06-22 09:33:16.119 D/vold_prepare_subdirs( 1645): Setting up mode 700 uid 0 gid 0 context u:object_r:storaged_data_file:s0 on path: /data/misc_de/0/storaged
06-22 09:33:16.120 D/vold_prepare_subdirs( 1645): Setting up mode 700 uid 0 gid 0 context u:object_r:rollback_data_file:s0 on path: /data/misc_de/0/rollback
06-22 09:33:16.120 D/vold_prepare_subdirs( 1645): Setting up mode 700 uid 1000 gid 1000 context u:object_r:fingerprint_vendor_data_file:s0 on path: /data/vendor_de/0/fpdata
06-22 09:33:16.120 D/vold_prepare_subdirs( 1645): Setting up mode 700 uid 1000 gid 1000 context u:object_r:face_vendor_data_file:s0 on path: /data/vendor_de/0/facedata
06-22 09:33:16.143 I//system/bin/tzdatacheck( 1646): timezone distro dir /data/misc/zoneinfo/current does not exist. No action required.
06-22 09:33:16.177 I/art_apex( 1652): === ART pre-boot integrity checks ===
06-22 09:33:16.184 F/art_apex( 1654): Device is not fsverity-enabled.
06-22 09:33:16.220 W/otapreopt_slot( 1658): Slot property empty.
06-22 09:33:16.283 I//system/bin/flags_health_check( 1661): ServerConfigurableFlagsReset reset_mode value: 0
06-22 09:33:16.283 I//system/bin/flags_health_check( 1661): ServerConfigurableFlagsReset attempted boot count is under threshold, skipping reset.
06-22 09:33:16.361 I/bootstat( 1666): Service started: /system/bin/bootstat --set_system_boot_reason 
06-22 09:33:16.361 I/bootstat( 1666): Canonical boot reason: reboot
06-22 09:33:16.361 I/bootstat( 1666): Canonical boot reason: reboot
06-22 09:33:16.367 I/netdClient( 1663): Skipping libnetd_client init since *we* are netd
06-22 09:33:16.377 I/netd    ( 1663): netd 1.0 starting
06-22 09:33:16.396 I/Netd    ( 1663): Loaded resolver library from /apex/com.android.resolv/lib64/libnetd_resolv.so
06-22 09:33:16.426 I/health@2.0/( 1670): health@2.0/backup: Hal starting main loop...
06-22 09:33:16.426 I/health@2.0/( 1670): health@2.0/backup Hal is starting up...
06-22 09:33:16.427 I/hwservicemanager( 1566): getTransport: Cannot find entry android.hardware.health@1.0::IHealth/default in either framework or device manifest.
06-22 09:33:16.428 I/ServiceManagement( 1669): Registered android.system.suspend@1.0::ISystemSuspend/default (start delay of 48ms)
06-22 09:33:16.428 I/ServiceManagement( 1669): Removing namespace from process name android.system.suspend@1.0-service to suspend@1.0-service.
06-22 09:33:16.429 I/ServiceManagement( 1670): Registered android.hardware.health@2.0::IHealth/backup (start delay of 49ms)
06-22 09:33:16.429 I/health@2.0/( 1670): health@2.0/backup: Hal init done
06-22 09:33:16.444 I/ServiceManagement( 1668): Registered android.hidl.allocator@1.0::IAllocator/ashmem (start delay of 64ms)
06-22 09:33:16.444 I/ServiceManagement( 1668): Removing namespace from process name android.hidl.allocator@1.0-service to allocator@1.0-service.
06-22 09:33:16.444 I/ServiceManagement( 1683): Registered android.hardware.broadcastradio@1.1::IBroadcastRadioFactory/default (start delay of 54ms)
06-22 09:33:16.444 I/ServiceManagement( 1683): Removing namespace from process name android.hardware.broadcastradio@1.1-service to broadcastradio@1.1-service.
06-22 09:33:16.452 W//vendor/bin/hw/android.hardware.configstore@1.1-service( 1687): Could not find seccomp policy file at: /vendor/etc/seccomp_policy/configstore@1.1.policy
06-22 09:33:16.452 I/ServiceManagement( 1687): Registered android.hardware.configstore@1.1::ISurfaceFlingerConfigs/default (start delay of 52ms)
06-22 09:33:16.453 I/ServiceManagement( 1687): Removing namespace from process name android.hardware.configstore@1.1-service to configstore@1.1-service.
06-22 09:33:16.519 I/ServiceManagement( 1694): Registered android.hardware.gnss@1.0::IGnss/default (start delay of 89ms)
06-22 09:33:16.519 I/ServiceManagement( 1694): Removing namespace from process name android.hardware.gnss@1.0-service to gnss@1.0-service.
06-22 09:33:16.519 I/android.hardware.gnss@1.0-service( 1694): Registration complete for android.hardware.gnss@1.0::IGnss/default.
06-22 09:33:16.531 E/GoldfishGatekeeper( 1693): called goldfish_gatekeeper_open with gate keeper 0x71785f409050 device 0x71785f2b1000
06-22 09:33:16.532 I/ServiceManagement( 1693): Registered android.hardware.gatekeeper@1.0::IGatekeeper/default (start delay of 112ms)
06-22 09:33:16.532 I/ServiceManagement( 1693): Removing namespace from process name android.hardware.gatekeeper@1.0-service to gatekeeper@1.0-service.
06-22 09:33:16.532 I/android.hardware.gatekeeper@1.0-service( 1693): Registration complete for android.hardware.gatekeeper@1.0::IGatekeeper/default.
06-22 09:33:16.541 I/qemu-props( 1716): connected to 'boot-properties' qemud service.
06-22 09:33:16.541 I/qemu-props( 1716): receiving..
06-22 09:33:16.541 I/qemu-props( 1716): received: qemu.cmdline=androidboot.logcat=*:V androidboot.consolepipe=qemu_pipe,pipe:logcat
06-22 09:33:16.549 I/health@2.0/( 1700): health@2.0/default: Hal starting main loop...
06-22 09:33:16.549 I/health@2.0/( 1700): health@2.0/default Hal is starting up...
06-22 09:33:16.550 I/ServiceManagement( 1700): Registered android.hardware.health@2.0::IHealth/default (start delay of 80ms)
06-22 09:33:16.551 I/ServiceManagement( 1700): Removing namespace from process name android.hardware.health@2.0-service.goldfish to health@2.0-service.goldfish.
06-22 09:33:16.551 I/health@2.0/( 1700): health@2.0/default: Hal init done
06-22 09:33:16.556 D/HostConnection( 1695): createUnique: call
06-22 09:33:16.557 D/HostConnection( 1695): HostConnection::get() New Host Connection established 0x74612d41c0a0, tid 1695
06-22 09:33:16.564 I/ServiceManagement( 1689): Registered android.hardware.drm@1.2::IDrmFactory/clearkey (start delay of 164ms)
06-22 09:33:16.564 I/ServiceManagement( 1689): Removing namespace from process name android.hardware.drm@1.2-service.clearkey to drm@1.2-service.clearkey.
06-22 09:33:16.565 I/ServiceManagement( 1689): Registered android.hardware.drm@1.2::ICryptoFactory/clearkey (start delay of 165ms)
06-22 09:33:16.565 I/ServiceManagement( 1689): Removing namespace from process name android.hardware.drm@1.2-service.clearkey to drm@1.2-service.clearkey.
06-22 09:33:16.566 I/ServiceManagement( 1695): Registered android.hardware.graphics.allocator@2.0::IAllocator/default (start delay of 136ms)
06-22 09:33:16.567 I/ServiceManagement( 1695): Removing namespace from process name android.hardware.graphics.allocator@2.0-service to allocator@2.0-service.
06-22 09:33:16.567 I/android.hardware.graphics.allocator@2.0-service( 1695): Registration complete for android.hardware.graphics.allocator@2.0::IAllocator/default.
06-22 09:33:16.582 I/android.hardware.power@1.1-service.ranchu( 1701): Power HAL Service 1.1 for Ranchu is starting.
06-22 09:33:16.583 I/ServiceManagement( 1701): Registered android.hardware.power@1.1::IPower/default (start delay of 102ms)
06-22 09:33:16.583 I/ServiceManagement( 1701): Removing namespace from process name android.hardware.power@1.1-service.ranchu to power@1.1-service.ranchu.
06-22 09:33:16.583 I/android.hardware.power@1.1-service.ranchu( 1701): Power Service is ready
06-22 09:33:16.583 I/android.hardware.thermal@2.0-service-mock( 1706): Thermal HAL Service Mock 2.0 starting...
06-22 09:33:16.586 I/ServiceManagement( 1706): Registered android.hardware.thermal@2.0::IThermal/default (start delay of 86ms)
06-22 09:33:16.586 I/ServiceManagement( 1706): Removing namespace from process name android.hardware.thermal@2.0-service.mock to thermal@2.0-service.mock.
06-22 09:33:16.586 I/android.hardware.thermal@2.0-service-mock( 1706): Thermal Service started successfully.
06-22 09:33:16.594 I/ServiceManagement( 1702): Registered android.hardware.sensors@1.0::ISensors/default (start delay of 103ms)
06-22 09:33:16.594 I/ServiceManagement( 1702): Removing namespace from process name android.hardware.sensors@1.0-service to sensors@1.0-service.
06-22 09:33:16.594 I/android.hardware.sensors@1.0-service( 1702): Registration complete for android.hardware.sensors@1.0::ISensors/default.
06-22 09:33:16.618 I/qemu-props( 1716): successfully set property 'qemu.cmdline' to 'androidboot.logcat=*:V androidboot.consolepipe=qemu_pipe,pipe:logcat'
06-22 09:33:16.618 I/qemu-props( 1716): receiving..
06-22 09:33:16.618 I/qemu-props( 1716): received: qemu.logcat=start
06-22 09:33:16.635 D/HostConnection( 1699): createUnique: call
06-22 09:33:16.636 D/HostConnection( 1699): HostConnection::get() New Host Connection established 0x79c9aaa21140, tid 1699
06-22 09:33:16.643 D/HostConnection( 1699): HostComposition ext ANDROID_EMU_CHECKSUM_HELPER_v1 ANDROID_EMU_native_sync_v2 ANDROID_EMU_dma_v1 ANDROID_EMU_direct_mem ANDROID_EMU_host_composition_v1 ANDROID_EMU_host_composition_v2 ANDROID_EMU_vulkan ANDROID_EMU_deferred_vulkan_commands ANDROID_EMU_vulkan_null_optional_strings ANDROID_EMU_vulkan_create_resources_with_requirements ANDROID_EMU_YUV_Cache ANDROID_EMU_vulkan_ignored_handles ANDROID_EMU_vulkan_free_memory_sync ANDROID_EMU_vulkan_shader_float16_int8 ANDROID_EMU_vulkan_async_queue_submit ANDROID_EMU_sync_buffer_data ANDROID_EMU_vulkan_async_qsri ANDROID_EMU_hwc_color_transform GL_OES_EGL_image_external_essl3 GL_OES_vertex_array_object GL_KHR_texture_compression_astc_ldr ANDROID_EMU_host_side_tracing ANDROID_EMU_gles_max_version_3_0 
06-22 09:33:16.643 I/hwservicemanager( 1566): getTransport: Cannot find entry android.hardware.graphics.mapper@3.0::IMapper/default in either framework or device manifest.
06-22 09:33:16.643 W/Gralloc3( 1699): mapper 3.x is not supported
06-22 09:33:16.644 I/hwservicemanager( 1566): getTransport: Cannot find entry android.hardware.graphics.allocator@3.0::IAllocator/default in either framework or device manifest.
06-22 09:33:16.644 W/Gralloc3( 1699): allocator 3.x is not supported
06-22 09:33:16.646 D/HostConnection( 1695): HostComposition ext ANDROID_EMU_CHECKSUM_HELPER_v1 ANDROID_EMU_native_sync_v2 ANDROID_EMU_dma_v1 ANDROID_EMU_direct_mem ANDROID_EMU_host_composition_v1 ANDROID_EMU_host_composition_v2 ANDROID_EMU_vulkan ANDROID_EMU_deferred_vulkan_commands ANDROID_EMU_vulkan_null_optional_strings ANDROID_EMU_vulkan_create_resources_with_requirements ANDROID_EMU_YUV_Cache ANDROID_EMU_vulkan_ignored_handles ANDROID_EMU_vulkan_free_memory_sync ANDROID_EMU_vulkan_shader_float16_int8 ANDROID_EMU_vulkan_async_queue_submit ANDROID_EMU_sync_buffer_data ANDROID_EMU_vulkan_async_qsri ANDROID_EMU_hwc_color_transform GL_OES_EGL_image_external_essl3 GL_OES_vertex_array_object GL_KHR_texture_compression_astc_ldr ANDROID_EMU_host_side_tracing ANDROID_EMU_gles_max_version_3_0 
06-22 09:33:16.646 D/gralloc_ranchu( 1695): gralloc_alloc: Creating ashmem region of size 823296
06-22 09:33:16.647 D/eglCodecCommon( 1695): allocate: Ask for block of size 0x1000
06-22 09:33:16.647 D/eglCodecCommon( 1695): allocate: ioctl allocate returned offset 0x3ffffe000 size 0x2000
06-22 09:33:16.648 D/HostConnection( 1699): createUnique: call
06-22 09:33:16.649 D/HostConnection( 1699): HostConnection::get() New Host Connection established 0x79c9aaa213c0, tid 1699
06-22 09:33:16.649 D/HostConnection( 1699): HostComposition ext ANDROID_EMU_CHECKSUM_HELPER_v1 ANDROID_EMU_native_sync_v2 ANDROID_EMU_dma_v1 ANDROID_EMU_direct_mem ANDROID_EMU_host_composition_v1 ANDROID_EMU_host_composition_v2 ANDROID_EMU_vulkan ANDROID_EMU_deferred_vulkan_commands ANDROID_EMU_vulkan_null_optional_strings ANDROID_EMU_vulkan_create_resources_with_requirements ANDROID_EMU_YUV_Cache ANDROID_EMU_vulkan_ignored_handles ANDROID_EMU_vulkan_free_memory_sync ANDROID_EMU_vulkan_shader_float16_int8 ANDROID_EMU_vulkan_async_queue_submit ANDROID_EMU_sync_buffer_data ANDROID_EMU_vulkan_async_qsri ANDROID_EMU_hwc_color_transform GL_OES_EGL_image_external_essl3 GL_OES_vertex_array_object GL_KHR_texture_compression_astc_ldr ANDROID_EMU_host_side_tracing ANDROID_EMU_gles_max_version_3_0 
06-22 09:33:16.649 D/eglCodecCommon( 1699): allocate: Ask for block of size 0x1000
06-22 09:33:16.649 D/eglCodecCommon( 1699): allocate: ioctl allocate returned offset 0x3ffffc000 size 0x2000
06-22 09:33:16.650 I/ServiceManagement( 1699): Registered android.hardware.graphics.composer@2.1::IComposer/default (start delay of 180ms)
06-22 09:33:16.650 I/ServiceManagement( 1699): Removing namespace from process name android.hardware.graphics.composer@2.1-service to composer@2.1-service.
06-22 09:33:16.650 I/android.hardware.graphics.composer@2.1-service( 1699): Registration complete for android.hardware.graphics.composer@2.1::IComposer/default.
06-22 09:33:16.652 I/qemu-props( 1716): successfully set property 'vendor.qemu.logcat' to 'start'
06-22 09:33:16.652 I/qemu-props( 1716): receiving..
06-22 09:33:16.652 I/qemu-props( 1716): received: ro.opengles.version=196608
06-22 09:33:16.652 I/qemu-props( 1716): receiving..
06-22 09:33:16.652 I/qemu-props( 1716): received: qemu.sf.fake_camera=none
06-22 09:33:16.656 I/qemu-props( 1716): successfully set property 'vendor.qemu.sf.fake_camera' to 'none'
06-22 09:33:16.656 I/qemu-props( 1716): receiving..
06-22 09:33:16.656 I/qemu-props( 1716): received: dalvik.vm.heapsize=512m
06-22 09:33:16.656 I/qemu-props( 1716): receiving..
06-22 09:33:16.656 I/qemu-props( 1716): received: qemu.hw.mainkeys=1
06-22 09:33:16.657 I/qemu-props( 1716): successfully set property 'qemu.hw.mainkeys' to '1'
06-22 09:33:16.657 I/qemu-props( 1716): receiving..
06-22 09:33:16.657 I/qemu-props( 1716): received: qemu.sf.lcd_density=160
06-22 09:33:16.657 I/qemu-props( 1716): successfully set property 'vendor.qemu.sf.lcd_density' to '160'
06-22 09:33:16.657 I/qemu-props( 1716): receiving..
06-22 09:33:16.657 I/qemu-props( 1716): received: qemu.timezone=Etc/UTC
06-22 09:33:16.658 I/qemu-props( 1716): successfully set property 'vendor.qemu.timezone' to 'Etc/UTC'
06-22 09:33:16.658 I/qemu-props( 1716): receiving..
06-22 09:33:16.659 I/lowmemorykiller( 1727): Using psi monitors for memory pressure detection
06-22 09:33:16.660 I/android.hardware.camera.provider@2.4-service( 1684): CameraProvider@2.4 legacy service is starting.
06-22 09:33:16.662 I/ServiceManagement( 1686): Registered android.hardware.cas@1.1::IMediaCasService/default (start delay of 261ms)
06-22 09:33:16.662 I/ServiceManagement( 1686): Removing namespace from process name android.hardware.cas@1.1-service to cas@1.1-service.
06-22 09:33:16.676 I/ServiceManagement( 1690): Registered android.hardware.drm@1.2::IDrmFactory/widevine (start delay of 266ms)
06-22 09:33:16.676 I/ServiceManagement( 1690): Removing namespace from process name android.hardware.drm@1.2-service.widevine to drm@1.2-service.widevine.
06-22 09:33:16.677 I/ServiceManagement( 1690): Registered android.hardware.drm@1.2::ICryptoFactory/widevine (start delay of 267ms)
06-22 09:33:16.677 I/ServiceManagement( 1690): Removing namespace from process name android.hardware.drm@1.2-service.widevine to drm@1.2-service.widevine.
06-22 09:33:16.704 I/ServiceManagement( 1688): Registered android.hardware.drm@1.0::IDrmFactory/default (start delay of 304ms)
06-22 09:33:16.704 I/ServiceManagement( 1688): Removing namespace from process name android.hardware.drm@1.0-service to drm@1.0-service.
06-22 09:33:16.704 I/        ( 1688): Registration complete for android.hardware.drm@1.0::IDrmFactory/default.
06-22 09:33:16.704 I/ServiceManagement( 1688): Registered android.hardware.drm@1.0::ICryptoFactory/default (start delay of 304ms)
06-22 09:33:16.704 I/ServiceManagement( 1688): Removing namespace from process name android.hardware.drm@1.0-service to drm@1.0-service.
06-22 09:33:16.704 I/        ( 1688): Registration complete for android.hardware.drm@1.0::ICryptoFactory/default.
06-22 09:33:16.725 I/android.hardware.wifi@1.0-service( 1707): Wifi Hal is booting up...
06-22 09:33:16.726 I/ServiceManagement( 1707): Registered android.hardware.wifi@1.3::IWifi/default (start delay of 216ms)
06-22 09:33:16.726 I/ServiceManagement( 1707): Removing namespace from process name android.hardware.wifi@1.0-service to wifi@1.0-service.
06-22 09:33:16.828 D/LibBpfLoader( 1753): Loading ELF object /system/etc/bpf/clatd.o with license Apache 2.0
06-22 09:33:16.828 D/LibBpfLoader( 1753): Loaded code section 3 (schedcls_ingress_clat_ether)
06-22 09:33:16.828 D/LibBpfLoader( 1753): Loaded relo section 3 (.relschedcls/ingress/clat_ether)
06-22 09:33:16.828 D/LibBpfLoader( 1753): Adding section 3 to cs list
06-22 09:33:16.829 D/LibBpfLoader( 1753): Loaded code section 5 (schedcls_ingress_clat_rawip)
06-22 09:33:16.829 D/LibBpfLoader( 1753): Loaded relo section 5 (.relschedcls/ingress/clat_rawip)
06-22 09:33:16.829 D/LibBpfLoader( 1753): Adding section 5 to cs list
06-22 09:33:16.829 D/LibBpfLoader( 1753): bpf_create_map name clat_ingress_map, ret: 6
06-22 09:33:16.829 D/LibBpfLoader( 1753): map_fd found at 0 is 6 in /system/etc/bpf/clatd.o
06-22 09:33:16.829 D/LibBpfLoader( 1753): applying relo to instruction at byte offset: 400, 	       insn offset 50 , insn 118
06-22 09:33:16.829 D/LibBpfLoader( 1753): applying relo to instruction at byte offset: 360, 	       insn offset 45 , insn 118
06-22 09:33:16.829 D/LibBpfLoader( 1753): New bpf core prog_load for /system/etc/bpf/clatd.o (schedcls_ingress_clat_ether) returned: 7
06-22 09:33:16.829 D/LibBpfLoader( 1753): New bpf core prog_load for /system/etc/bpf/clatd.o (schedcls_ingress_clat_rawip) returned: 8
06-22 09:33:16.829 I/bpfloader( 1753): Attempted load object: /system/etc/bpf/clatd.o, ret: Success
06-22 09:33:16.851 I/adbd    ( 1748): opening control endpoint /dev/usb-ffs/adb/ep0
06-22 09:33:16.852 D/LibBpfLoader( 1753): Loading ELF object /system/etc/bpf/netd.o with license Apache 2.0
06-22 09:33:16.852 D/LibBpfLoader( 1753): Loaded code section 3 (cgroupskb_ingress_stats)
06-22 09:33:16.852 D/LibBpfLoader( 1753): Loaded relo section 3 (.relcgroupskb/ingress/stats)
06-22 09:33:16.852 D/LibBpfLoader( 1753): Adding section 3 to cs list
06-22 09:33:16.852 D/LibBpfLoader( 1753): Loaded code section 5 (cgroupskb_egress_stats)
06-22 09:33:16.852 D/LibBpfLoader( 1753): Loaded relo section 5 (.relcgroupskb/egress/stats)
06-22 09:33:16.852 D/LibBpfLoader( 1753): Adding section 5 to cs list
06-22 09:33:16.852 D/LibBpfLoader( 1753): Loaded code section 7 (skfilter_egress_xtbpf)
06-22 09:33:16.852 D/LibBpfLoader( 1753): Loaded relo section 7 (.relskfilter/egress/xtbpf)
06-22 09:33:16.852 D/LibBpfLoader( 1753): Adding section 7 to cs list
06-22 09:33:16.852 D/LibBpfLoader( 1753): Loaded code section 9 (skfilter_ingress_xtbpf)
06-22 09:33:16.852 D/LibBpfLoader( 1753): Loaded relo section 9 (.relskfilter/ingress/xtbpf)
06-22 09:33:16.852 D/LibBpfLoader( 1753): Adding section 9 to cs list
06-22 09:33:16.852 D/LibBpfLoader( 1753): Loaded code section 11 (skfilter_whitelist_xtbpf)
06-22 09:33:16.852 D/LibBpfLoader( 1753): Loaded relo section 11 (.relskfilter/whitelist/xtbpf)
06-22 09:33:16.852 D/LibBpfLoader( 1753): Adding section 11 to cs list
06-22 09:33:16.852 D/LibBpfLoader( 1753): Loaded code section 13 (skfilter_blacklist_xtbpf)
06-22 09:33:16.852 D/LibBpfLoader( 1753): Loaded relo section 13 (.relskfilter/blacklist/xtbpf)
06-22 09:33:16.852 D/LibBpfLoader( 1753): Adding section 13 to cs list
06-22 09:33:16.852 D/LibBpfLoader( 1753): Loaded code section 15 (cgroupsock_inet_create)
06-22 09:33:16.852 D/LibBpfLoader( 1753): Loaded relo section 15 (.relcgroupsock/inet/create)
06-22 09:33:16.852 D/LibBpfLoader( 1753): Adding section 15 to cs list
06-22 09:33:16.853 D/LibBpfLoader( 1753): bpf_create_map name cookie_tag_map, ret: 9
06-22 09:33:16.853 D/LibBpfLoader( 1753): bpf_create_map name uid_counterset_map, ret: 10
06-22 09:33:16.853 D/LibBpfLoader( 1753): bpf_create_map name app_uid_stats_map, ret: 11
06-22 09:33:16.853 D/LibBpfLoader( 1753): bpf_create_map name stats_map_A, ret: 12
06-22 09:33:16.853 D/LibBpfLoader( 1753): bpf_create_map name stats_map_B, ret: 13
06-22 09:33:16.853 D/LibBpfLoader( 1753): bpf_create_map name iface_stats_map, ret: 14
06-22 09:33:16.853 D/LibBpfLoader( 1753): bpf_create_map name configuration_map, ret: 15
06-22 09:33:16.853 D/LibBpfLoader( 1753): bpf_create_map name uid_owner_map, ret: 16
06-22 09:33:16.854 D/LibBpfLoader( 1753): bpf_create_map name iface_index_name_map, ret: 17
06-22 09:33:16.854 D/LibBpfLoader( 1753): bpf_create_map name uid_permission_map, ret: 18
06-22 09:33:16.854 D/LibBpfLoader( 1753): map_fd found at 0 is 9 in /system/etc/bpf/netd.o
06-22 09:33:16.854 D/LibBpfLoader( 1753): map_fd found at 1 is 10 in /system/etc/bpf/netd.o
06-22 09:33:16.854 D/LibBpfLoader( 1753): map_fd found at 2 is 11 in /system/etc/bpf/netd.o
06-22 09:33:16.854 D/LibBpfLoader( 1753): map_fd found at 3 is 12 in /system/etc/bpf/netd.o
06-22 09:33:16.854 D/LibBpfLoader( 1753): map_fd found at 4 is 13 in /system/etc/bpf/netd.o
06-22 09:33:16.854 D/LibBpfLoader( 1753): map_fd found at 5 is 14 in /system/etc/bpf/netd.o
06-22 09:33:16.854 D/LibBpfLoader( 1753): map_fd found at 6 is 15 in /system/etc/bpf/netd.o
06-22 09:33:16.854 D/LibBpfLoader( 1753): map_fd found at 7 is 16 in /system/etc/bpf/netd.o
06-22 09:33:16.854 D/LibBpfLoader( 1753): map_fd found at 8 is 17 in /system/etc/bpf/netd.o
06-22 09:33:16.854 D/LibBpfLoader( 1753): map_fd found at 9 is 18 in /system/etc/bpf/netd.o
06-22 09:33:16.854 D/LibBpfLoader( 1753): applying relo to instruction at byte offset: 616, 	       insn offset 77 , insn 118
06-22 09:33:16.854 D/LibBpfLoader( 1753): applying relo to instruction at byte offset: 688, 	       insn offset 86 , insn 118
06-22 09:33:16.854 D/LibBpfLoader( 1753): applying relo to instruction at byte offset: 1040, 	       insn offset 130 , insn 118
06-22 09:33:16.854 D/LibBpfLoader( 1753): applying relo to instruction at byte offset: 1184, 	       insn offset 148 , insn 118
06-22 09:33:16.854 D/LibBpfLoader( 1753): applying relo to instruction at byte offset: 1264, 	       insn offset 158 , insn 118
06-22 09:33:16.854 D/LibBpfLoader( 1753): applying relo to instruction at byte offset: 1368, 	       insn offset 171 , insn 118
06-22 09:33:16.854 D/LibBpfLoader( 1753): applying relo to instruction at byte offset: 1472, 	       insn offset 184 , insn 118
06-22 09:33:16.854 D/LibBpfLoader( 1753): applying relo to instruction at byte offset: 1512, 	       insn offset 189 , insn 118
06-22 09:33:16.854 D/LibBpfLoader( 1753): applying relo to instruction at byte offset: 1576, 	       insn offset 197 , insn 118
06-22 09:33:16.854 D/LibBpfLoader( 1753): applying relo to instruction at byte offset: 1680, 	       insn offset 210 , insn 118
06-22 09:33:16.854 D/LibBpfLoader( 1753): applying relo to instruction at byte offset: 1720, 	       insn offset 215 , insn 118
06-22 09:33:16.854 D/LibBpfLoader( 1753): applying relo to instruction at byte offset: 1848, 	       insn offset 231 , insn 118
06-22 09:33:16.854 D/LibBpfLoader( 1753): applying relo to instruction at byte offset: 1952, 	       insn offset 244 , insn 118
06-22 09:33:16.854 D/LibBpfLoader( 1753): applying relo to instruction at byte offset: 1992, 	       insn offset 249 , insn 118
06-22 09:33:16.854 D/LibBpfLoader( 1753): applying relo to instruction at byte offset: 2056, 	       insn offset 257 , insn 118
06-22 09:33:16.854 D/LibBpfLoader( 1753): applying relo to instruction at byte offset: 2160, 	       insn offset 270 , insn 118
06-22 09:33:16.854 D/LibBpfLoader( 1753): applying relo to instruction at byte offset: 2200, 	       insn offset 275 , insn 118
06-22 09:33:16.854 D/LibBpfLoader( 1753): applying relo to instruction at byte offset: 2288, 	       insn offset 286 , insn 118
06-22 09:33:16.854 D/LibBpfLoader( 1753): applying relo to instruction at byte offset: 2392, 	       insn offset 299 , insn 118
06-22 09:33:16.854 D/LibBpfLoader( 1753): applying relo to instruction at byte offset: 2432, 	       insn offset 304 , insn 118
06-22 09:33:16.854 D/LibBpfLoader( 1753): applying relo to instruction at byte offset: 608, 	       insn offset 76 , insn 118
06-22 09:33:16.854 D/LibBpfLoader( 1753): applying relo to instruction at byte offset: 680, 	       insn offset 85 , insn 118
06-22 09:33:16.854 D/LibBpfLoader( 1753): applying relo to instruction at byte offset: 904, 	       insn offset 113 , insn 118
06-22 09:33:16.854 D/LibBpfLoader( 1753): applying relo to instruction at byte offset: 1048, 	       insn offset 131 , insn 118
06-22 09:33:16.854 D/LibBpfLoader( 1753): applying relo to instruction at byte offset: 1128, 	       insn offset 141 , insn 118
06-22 09:33:16.854 D/LibBpfLoader( 1753): applying relo to instruction at byte offset: 1232, 	       insn offset 154 , insn 118
06-22 09:33:16.854 D/LibBpfLoader( 1753): applying relo to instruction at byte offset: 1336, 	       insn offset 167 , insn 118
06-22 09:33:16.854 D/LibBpfLoader( 1753): applying relo to instruction at byte offset: 1376, 	       insn offset 172 , insn 118
06-22 09:33:16.854 D/LibBpfLoader( 1753): applying relo to instruction at byte offset: 1440, 	       insn offset 180 , insn 118
06-22 09:33:16.855 D/LibBpfLoader( 1753): applying relo to instruction at byte offset: 1544, 	       insn offset 193 , insn 118
06-22 09:33:16.855 D/LibBpfLoader( 1753): applying relo to instruction at byte offset: 1584, 	       insn offset 198 , insn 118
06-22 09:33:16.855 D/LibBpfLoader( 1753): applying relo to instruction at byte offset: 1712, 	       insn offset 214 , insn 118
06-22 09:33:16.855 D/LibBpfLoader( 1753): applying relo to instruction at byte offset: 1816, 	       insn offset 227 , insn 118
06-22 09:33:16.855 D/LibBpfLoader( 1753): applying relo to instruction at byte offset: 1856, 	       insn offset 232 , insn 118
06-22 09:33:16.855 D/LibBpfLoader( 1753): applying relo to instruction at byte offset: 1920, 	       insn offset 240 , insn 118
06-22 09:33:16.855 D/LibBpfLoader( 1753): applying relo to instruction at byte offset: 2024, 	       insn offset 253 , insn 118
06-22 09:33:16.855 D/LibBpfLoader( 1753): applying relo to instruction at byte offset: 2064, 	       insn offset 258 , insn 118
06-22 09:33:16.855 D/LibBpfLoader( 1753): applying relo to instruction at byte offset: 2152, 	       insn offset 269 , insn 118
06-22 09:33:16.855 D/LibBpfLoader( 1753): applying relo to instruction at byte offset: 2256, 	       insn offset 282 , insn 118
06-22 09:33:16.855 D/LibBpfLoader( 1753): applying relo to instruction at byte offset: 2296, 	       insn offset 287 , insn 118
06-22 09:33:16.855 D/LibBpfLoader( 1753): applying relo to instruction at byte offset: 40, 	       insn offset 5 , insn 118
06-22 09:33:16.855 D/LibBpfLoader( 1753): applying relo to instruction at byte offset: 144, 	       insn offset 18 , insn 118
06-22 09:33:16.855 D/LibBpfLoader( 1753): applying relo to instruction at byte offset: 184, 	       insn offset 23 , insn 118
06-22 09:33:16.855 D/LibBpfLoader( 1753): applying relo to instruction at byte offset: 40, 	       insn offset 5 , insn 118
06-22 09:33:16.855 D/LibBpfLoader( 1753): applying relo to instruction at byte offset: 144, 	       insn offset 18 , insn 118
06-22 09:33:16.855 D/LibBpfLoader( 1753): applying relo to instruction at byte offset: 184, 	       insn offset 23 , insn 118
06-22 09:33:16.855 D/LibBpfLoader( 1753): applying relo to instruction at byte offset: 80, 	       insn offset 10 , insn 118
06-22 09:33:16.855 D/LibBpfLoader( 1753): applying relo to instruction at byte offset: 32, 	       insn offset 4 , insn 118
06-22 09:33:16.855 D/LibBpfLoader( 1753): applying relo to instruction at byte offset: 80, 	       insn offset 10 , insn 118
06-22 09:33:16.856 D/LibBpfLoader( 1753): New bpf core prog_load for /system/etc/bpf/netd.o (cgroupskb_ingress_stats) returned: 19
06-22 09:33:16.856 D/LibBpfLoader( 1753): New bpf core prog_load for /system/etc/bpf/netd.o (cgroupskb_egress_stats) returned: 20
06-22 09:33:16.856 D/LibBpfLoader( 1753): New bpf core prog_load for /system/etc/bpf/netd.o (skfilter_egress_xtbpf) returned: 21
06-22 09:33:16.856 D/LibBpfLoader( 1753): New bpf core prog_load for /system/etc/bpf/netd.o (skfilter_ingress_xtbpf) returned: 22
06-22 09:33:16.858 D/LibBpfLoader( 1753): New bpf core prog_load for /system/etc/bpf/netd.o (skfilter_whitelist_xtbpf) returned: 23
06-22 09:33:16.859 D/LibBpfLoader( 1753): New bpf core prog_load for /system/etc/bpf/netd.o (skfilter_blacklist_xtbpf) returned: 24
06-22 09:33:16.859 D/LibBpfLoader( 1753): New bpf core prog_load for /system/etc/bpf/netd.o (cgroupsock_inet_create) returned: 25
06-22 09:33:16.859 I/bpfloader( 1753): Attempted load object: /system/etc/bpf/netd.o, ret: Success
06-22 09:33:16.859 I/perfetto( 1752): probes.cc:56 Starting /system/bin/traced_probes service
06-22 09:33:16.874 W/perfetto( 1751): service.cc:65 Started traced, listening on /dev/socket/traced_producer /dev/socket/traced_consumer
06-22 09:33:16.875 I/perfetto( 1752): probes_producer.cc:88 Connected to the service
06-22 09:33:16.878 I/installd( 1758): installd firing up
06-22 09:33:16.878 E/cutils  ( 1758): Failed to read /data/.layout_version: No such file or directory
06-22 09:33:16.878 D/installd( 1758): Assuming that device has multi-user storage layout; upgrade no longer supported
06-22 09:33:16.878 D/installd( 1758): Upgrading to /data/misc/user directories
06-22 09:33:16.886 I/adbd    ( 1748): UsbFfsConnection constructed
06-22 09:33:16.904 D/EmulatedCamera_QemuClient( 1684): Emulated camera list: 
06-22 09:33:16.904 E/EmulatedCamera_Factory( 1684): 0 cameras are being emulated. 0 of them are fake cameras.
06-22 09:33:16.906 I/CamPrvdr@2.4-legacy( 1684): Loaded "Emulated Camera Module" camera module
06-22 09:33:16.906 E/CamPrvdr@2.4-legacy( 1684): setUpVendorTags: Vendor tag operations not fully defined. Ignoring definitions.
06-22 09:33:16.906 E/CamPrvdr@2.4-legacy( 1684): initialize: Vendor tag setup failed, will not be available.
06-22 09:33:16.906 I/ServiceManagement( 1684): Registered android.hardware.camera.provider@2.4::ICameraProvider/legacy/0 (start delay of 516ms)
06-22 09:33:16.906 I/ServiceManagement( 1684): Removing namespace from process name android.hardware.camera.provider@2.4-service to provider@2.4-service.
06-22 09:33:16.907 I/android.hardware.camera.provider@2.4-service( 1684): Registration complete for android.hardware.camera.provider@2.4::ICameraProvider/legacy/0.
06-22 09:33:16.916 D/TetherController( 1663): Setting IP forward enable = 0
06-22 09:33:16.916 D/FirewallController( 1663): Could not read /proc/self/uid_map, max uid defaulting to 4294967294
06-22 09:33:16.961 I/hwservicemanager( 1566): getTransport: Cannot find entry android.hardware.usb.gadget@1.0::IUsbGadget/default in either framework or device manifest.
06-22 09:33:16.961 I/usbd    ( 1779): Usb HAL not found
06-22 09:33:16.965 I//system/bin/tombstoned( 1778): tombstoned successfully initialized
06-22 09:33:16.970 I/netd    ( 1663): Creating child chains: 52.1ms
06-22 09:33:16.970 I/netd    ( 1663): Setting up OEM hooks: 0.1ms
06-22 09:33:16.970 I/netd    ( 1663): Setting up FirewallController hooks: 0.0ms
06-22 09:33:16.971 I/netd    ( 1663): Setting up TetherController hooks: 0.6ms
06-22 09:33:16.971 I/netd    ( 1663): Setting up BandwidthController hooks: 0.5ms
06-22 09:33:16.972 I/netd    ( 1663): Setting up IdletimerController hooks: 0.1ms
06-22 09:33:17.001 I/wificond( 1768): wificond is starting up...
06-22 09:33:17.008 I/gatekeeperd( 1777): Starting gatekeeperd...
06-22 09:33:17.043 D/android.hardware.biometrics.fingerprint@2.1-service( 1780): Opening fingerprint hal library...
06-22 09:33:17.044 D/FingerprintHal( 1780): ----------------> fingerprint_open ----------------->
06-22 09:33:17.044 D/FingerprintHal( 1780): ----------------> set_notify_callback ----------------->
06-22 09:33:17.044 D/FingerprintHal( 1780): fingerprint callback notification set
06-22 09:33:17.044 I/ServiceManagement( 1780): Registered android.hardware.biometrics.fingerprint@2.1::IBiometricsFingerprint/default (start delay of 154ms)
06-22 09:33:17.044 I/ServiceManagement( 1780): Removing namespace from process name android.hardware.biometrics.fingerprint@2.1-service to fingerprint@2.1-service.
06-22 09:33:17.045 I/SurfaceFlinger( 1729): Using HWComposer service: 'default'
06-22 09:33:17.045 I/SurfaceFlinger( 1729): SurfaceFlinger is starting
06-22 09:33:17.045 I/hwservicemanager( 1566): getTransport: Cannot find entry android.hardware.configstore@1.1::ISurfaceFlingerConfigs/default in either framework or device manifest.
06-22 09:33:17.045 I/SurfaceFlinger( 1729): Treble testing override: 'false'
06-22 09:33:17.045 I/SurfaceFlinger( 1729): SurfaceFlinger's main thread ready to run. Initializing graphics H/W...
06-22 09:33:17.045 I/SurfaceFlinger( 1729): Phase offset NS: 1000000
06-22 09:33:17.046 W/SurfaceFlinger( 1729): Ignoring VSYNC request while display is disconnected
06-22 09:33:17.046 W/SurfaceFlinger( 1729): Ignoring VSYNC request while display is disconnected
06-22 09:33:17.046 W/SurfaceFlinger( 1729): Ignoring VSYNC request while display is disconnected
06-22 09:33:17.046 W/SurfaceFlinger( 1729): Ignoring VSYNC request while display is disconnected
06-22 09:33:17.046 D/RenderEngine( 1729): RenderEngine GLES Backend
06-22 09:33:17.046 D/libEGL  ( 1729): Emulator has host GPU support, qemu.gles is set to 1.
06-22 09:33:17.064 D/libEGL  ( 1729): loaded /vendor/lib64/egl/libEGL_emulation.so
06-22 09:33:17.065 D/libEGL  ( 1729): loaded /vendor/lib64/egl/libGLESv1_CM_emulation.so
06-22 09:33:17.066 D/libEGL  ( 1729): loaded /vendor/lib64/egl/libGLESv2_emulation.so
06-22 09:33:17.067 I/ServiceManager( 1767): Waiting for service 'package_native' on '/dev/binder'...
06-22 09:33:17.072 D/HostConnection( 1729): HostConnection::get() New Host Connection established 0x7b15339275a0, tid 1729
