06-22 09:33:21.310 I/SystemServer( 1920): StartMmsService
06-22 09:33:21.310 I/SystemServiceManager( 1920): Starting com.android.server.MmsServiceBroker
06-22 09:33:21.311 D/SystemServerTiming( 1920): StartMmsService took to complete: 0ms
06-22 09:33:21.311 I/SystemServer( 1920): StartAutoFillService
06-22 09:33:21.311 I/SystemServiceManager( 1920): Starting com.android.server.autofill.AutofillManagerService
06-22 09:33:21.312 D/AutofillManagerService( 1920): setLogLevelFromSettings(): level=2, debug=true, verbose=false
06-22 09:33:21.312 D/AutofillManagerService( 1920): setMaxPartitionsFromSettings(): 10
06-22 09:33:21.312 D/AutofillManagerService( 1920): setMaxVisibleDatasetsFromSettings(): 0
06-22 09:33:21.313 E/AutofillManagerServiceImpl( 1920): Bad service name: com.google.android.gms/.autofill.service.AutofillService
06-22 09:33:21.313 D/AutofillManagerServiceImpl( 1920): Reset component for user 0:com.google.android.gms/.autofill.service.AutofillService
06-22 09:33:21.313 D/AutofillUI( 1920): destroySaveUiUiThread(): already destroyed
06-22 09:33:21.313 D/SystemServerTiming( 1920): StartAutoFillService took to complete: 2ms
06-22 09:33:21.313 I/SystemServer( 1920): StartClipboardService
06-22 09:33:21.313 I/SystemServiceManager( 1920): Starting com.android.server.clipboard.ClipboardService
06-22 09:33:21.314 D/SystemServerTiming( 1920): StartClipboardService took to complete: 1ms
06-22 09:33:21.314 I/SystemServer( 1920): AppServiceManager
06-22 09:33:21.314 I/SystemServiceManager( 1920): Starting com.android.server.appbinding.AppBindingService$Lifecycle
06-22 09:33:21.315 D/SystemServerTiming( 1920): AppServiceManager took to complete: 0ms
06-22 09:33:21.315 I/SystemServer( 1920): MakeVibratorServiceReady
06-22 09:33:21.315 D/SystemServerTiming( 1920): MakeVibratorServiceReady took to complete: 0ms
06-22 09:33:21.315 I/SystemServer( 1920): MakeLockSettingsServiceReady
06-22 09:33:21.329 I/LockSettingsService( 1920): Migrated lock settings to new location
06-22 09:33:21.331 I/LockSettingsService( 1920): Migrated per-user lock settings to new location
06-22 09:33:21.334 I/LockSettingsService( 1920): Migrated biometric weak to use the fallback instead
06-22 09:33:21.336 I/LockSettingsService( 1920): Migrated lockscreen disabled flag
06-22 09:33:21.338 I/hwservicemanager( 1566): getTransport: Cannot find entry android.hardware.weaver@1.0::IWeaver/default in either framework or device manifest.
06-22 09:33:21.338 I/SyntheticPasswordManager( 1920): Device does not support weaver
06-22 09:33:21.338 I/hwservicemanager( 1566): getTransport: Cannot find entry android.hardware.authsecret@1.0::IAuthSecret/default in either framework or device manifest.
06-22 09:33:21.338 I/LockSettingsService( 1920): Device doesn't implement AuthSecret HAL
06-22 09:33:21.339 E/LockSettingsStorage( 1920): Cannot read file java.io.FileNotFoundException: /data/system/gatekeeper.password.key: open failed: ENOENT (No such file or directory)
06-22 09:33:21.339 E/LockSettingsStorage( 1920): Cannot read file java.io.FileNotFoundException: /data/system/password.key: open failed: ENOENT (No such file or directory)
06-22 09:33:21.339 E/LockSettingsStorage( 1920): Cannot read file java.io.FileNotFoundException: /data/system/gatekeeper.pattern.key: open failed: ENOENT (No such file or directory)
06-22 09:33:21.339 E/LockSettingsStorage( 1920): Cannot read file java.io.FileNotFoundException: /data/system/gatekeeper.gesture.key: open failed: ENOENT (No such file or directory)
06-22 09:33:21.340 E/LockSettingsStorage( 1920): Cannot read file java.io.FileNotFoundException: /data/system/gesture.key: open failed: ENOENT (No such file or directory)
06-22 09:33:21.340 D/SystemServerTiming( 1920): MakeLockSettingsServiceReady took to complete: 25ms
06-22 09:33:21.340 I/SystemServer( 1920): StartBootPhaseLockSettingsReady
06-22 09:33:21.340 I/SystemServiceManager( 1920): Starting phase 480
06-22 09:33:21.343 D/SystemServerInitThreadPool( 1920): Started executing DevicePolicyManager
06-22 09:33:21.343 D/SystemServerInitThreadPool( 1920): Finished executing DevicePolicyManager
06-22 09:33:21.345 D/SystemServerTiming( 1920): StartBootPhaseLockSettingsReady took to complete: 5ms
06-22 09:33:21.345 I/SystemServer( 1920): StartBootPhaseSystemServicesReady
06-22 09:33:21.345 I/SystemServiceManager( 1920): Starting phase 500
06-22 09:33:21.346 D/AppStandbyController( 1920): Setting app idle enabled state
06-22 09:33:21.347 D/AppStandbyController( 1920): Initializing defaults for system apps on user 0, appIdleEnabled=true
06-22 09:33:21.348 E/AppIdleHistory( 1920): Unable to read app idle file for user 0
06-22 09:33:21.352 D/TestHarnessModeService( 1920): Setting up test harness mode
06-22 09:33:21.352 D/TestHarnessModeService( 1920): Getting PersistentDataBlockManagerInternal from LocalServices
06-22 09:33:21.352 E/TestHarnessModeService( 1920): Failed to start Test Harness Mode; no implementation of PersistentDataBlockManagerInternal was bound!
06-22 09:33:21.353 I/WifiService( 1920): WifiService starting up with Wi-Fi enabled
06-22 09:33:21.360 I/android_os_HwBinder( 1920): HwBinder: Starting thread pool for getting: android.hidl.manager@1.2::IServiceManager/default
06-22 09:33:21.360 D/HalDevMgr( 1920): IWifi registration notification: fqName=android.hardware.wifi@1.0::IWifi, name=default, preexisting=true
06-22 09:33:21.361 I/android_os_HwBinder( 1920): HwBinder: Starting thread pool for getting: android.hardware.wifi@1.0::IWifi/default
06-22 09:33:21.363 D/WificondControl( 1920): tearing down interfaces in wificond
06-22 09:33:21.369 D/WifiController( 1920): isAirplaneModeOn = false, isWifiEnabled = true, isScanningAvailable = true, isLocationModeActive = true
06-22 09:33:21.369 I/WifiService( 1920): setWifiEnabled package=android uid=1000 enable=true
06-22 09:33:21.369 I/WifiScanningService( 1920): Starting wifiscanner
06-22 09:33:21.378 D/PermissionCache( 1721): checking android.permission.CAPTURE_AUDIO_HOTWORD for uid=1000 => granted (43 us)
06-22 09:33:21.378 W/SoundTriggerHelper( 1920): listModules status=0, # of modules=0
06-22 09:33:21.379 D/ContextHubSystemService( 1920): onBootPhase: PHASE_SYSTEM_SERVICES_READY
06-22 09:33:21.380 D/SystemServerTiming( 1920): StartBootPhaseSystemServicesReady took to complete: 35ms
06-22 09:33:21.380 I/SystemServer( 1920): MakeWindowManagerServiceReady
06-22 09:33:21.381 I/android_os_HwBinder( 1920): HwBinder: Starting thread pool for getting: android.hardware.configstore@1.0::ISurfaceFlingerConfigs/default
06-22 09:33:21.381 D/SystemServerTiming( 1920): MakeWindowManagerServiceReady took to complete: 1ms
06-22 09:33:21.381 I/android_os_HwBinder( 1920): HwBinder: Starting thread pool for getting: android.hardware.configstore@1.0::ISurfaceFlingerConfigs/default
06-22 09:33:21.381 W/InputReader( 1920): Device has associated, but no associated display id.
06-22 09:33:21.382 I/SystemServer( 1920): MakePowerManagerServiceReady
06-22 09:33:21.383 E/DisplayPowerController( 1920): failed to set up display white-balance: java.lang.IllegalStateException: cannot find sensor com.google.sensor.color
06-22 09:33:21.385 E/KernelCpuUidFreqTimeReader( 1920): Failed to read /proc/uid_time_in_state: java.nio.file.NoSuchFileException: /proc/uid_time_in_state
06-22 09:33:21.386 W/KernelCpuProcStringReader( 1920): File not found. It's normal if not implemented: /proc/uid_time_in_state
06-22 09:33:21.386 W/KernelCpuProcStringReader( 1920): File not found. It's normal if not implemented: /proc/uid_concurrent_active_time
06-22 09:33:21.386 W/KernelCpuProcStringReader( 1920): File not found. It's normal if not implemented: /proc/uid_concurrent_policy_time
06-22 09:33:21.387 D/SystemServerTiming( 1920): MakePowerManagerServiceReady took to complete: 5ms
06-22 09:33:21.387 W/KeyguardServiceDelegate( 1920): onScreenTurningOn(): no keyguard service!
06-22 09:33:21.387 I/SystemServer( 1920): MakePackageManagerServiceReady
06-22 09:33:21.387 V/DisplayPowerController( 1920): Brightness [102] reason changing to: 'override', previous reason: '0'.
06-22 09:33:21.381 I/chatty  ( 1920): uid=1000 system_server identical 8 lines
06-22 09:33:21.381 W/InputReader( 1920): Device has associated, but no associated display id.
06-22 09:33:21.388 I/DefaultPermGrantPolicy( 1920): Granting permissions to platform components for user 0
06-22 09:33:21.395 D/vold    ( 1573): Remounting 1001 as mode default
06-22 09:33:21.396 D/vold    ( 1573): Found matching PID 1773
06-22 09:33:21.396 W/vold    ( 1573): Skipping due to root namespace
06-22 09:33:21.397 D/vold    ( 1573): Remounting 1001 as mode default
06-22 09:33:21.397 D/vold    ( 1573): Found matching PID 1773
06-22 09:33:21.397 W/vold    ( 1573): Skipping due to root namespace
06-22 09:33:21.398 D/vold    ( 1573): Remounting 1001 as mode default
06-22 09:33:21.398 D/vold    ( 1573): Found matching PID 1773
06-22 09:33:21.398 W/vold    ( 1573): Skipping due to root namespace
06-22 09:33:21.399 D/vold    ( 1573): Remounting 1001 as mode default
06-22 09:33:21.399 D/vold    ( 1573): Found matching PID 1773
06-22 09:33:21.399 W/vold    ( 1573): Skipping due to root namespace
06-22 09:33:21.411 D/vold    ( 1573): Remounting 1027 as mode default
06-22 09:33:21.412 I/chatty  ( 1573): uid=0(root) Binder:1573_2 identical 2 lines
06-22 09:33:21.413 D/vold    ( 1573): Remounting 1027 as mode default
06-22 09:33:21.416 D/vold    ( 1573): Remounting 1000 as mode full
06-22 09:33:21.416 D/vold    ( 1573): Found matching PID 1565
06-22 09:33:21.416 W/vold    ( 1573): Skipping due to root namespace
06-22 09:33:21.416 D/vold    ( 1573): Found matching PID 1566
06-22 09:33:21.416 W/vold    ( 1573): Skipping due to root namespace
06-22 09:33:21.416 D/vold    ( 1573): Found matching PID 1567
06-22 09:33:21.416 W/vold    ( 1573): Skipping due to root namespace
06-22 09:33:21.416 D/vold    ( 1573): Found matching PID 1668
06-22 09:33:21.416 W/vold    ( 1573): Skipping due to root namespace
06-22 09:33:21.416 D/vold    ( 1573): Found matching PID 1669
06-22 09:33:21.416 W/vold    ( 1573): Skipping due to root namespace
06-22 09:33:21.416 D/vold    ( 1573): Found matching PID 1687
06-22 09:33:21.416 W/vold    ( 1573): Skipping due to root namespace
06-22 09:33:21.417 D/vold    ( 1573): Found matching PID 1693
06-22 09:33:21.417 W/vold    ( 1573): Skipping due to root namespace
06-22 09:33:21.417 D/vold    ( 1573): Found matching PID 1695
06-22 09:33:21.417 W/vold    ( 1573): Skipping due to root namespace
06-22 09:33:21.417 D/vold    ( 1573): Found matching PID 1699
06-22 09:33:21.417 W/vold    ( 1573): Skipping due to root namespace
06-22 09:33:21.417 D/vold    ( 1573): Found matching PID 1700
06-22 09:33:21.417 W/vold    ( 1573): Skipping due to root namespace
06-22 09:33:21.417 D/vold    ( 1573): Found matching PID 1701
06-22 09:33:21.417 W/vold    ( 1573): Skipping due to root namespace
06-22 09:33:21.417 D/vold    ( 1573): Found matching PID 1702
06-22 09:33:21.417 W/vold    ( 1573): Skipping due to root namespace
06-22 09:33:21.417 D/vold    ( 1573): Found matching PID 1706
06-22 09:33:21.417 W/vold    ( 1573): Skipping due to root namespace
06-22 09:33:21.417 D/vold    ( 1573): Found matching PID 1729
06-22 09:33:21.417 W/vold    ( 1573): Skipping due to root namespace
06-22 09:33:21.419 D/vold    ( 1573): Found matching PID 1756
06-22 09:33:21.419 W/vold    ( 1573): Skipping due to root namespace
06-22 09:33:21.419 D/vold    ( 1573): Found matching PID 1777
06-22 09:33:21.419 W/vold    ( 1573): Skipping due to root namespace
06-22 09:33:21.419 D/vold    ( 1573): Found matching PID 1780
06-22 09:33:21.419 W/vold    ( 1573): Skipping due to root namespace
06-22 09:33:21.419 D/vold    ( 1573): Found matching PID 1920
06-22 09:33:21.433 I/AccountsDb( 1920): Creating DE database for user 0
06-22 09:33:21.434 D/WifiActiveModeWarden( 1920): received a message in WifiDisabledState: { when=0 what=1 target=com.android.internal.util.StateMachine$SmHandler }
06-22 09:33:21.434 D/WifiActiveModeWarden( 1920): Switching from WifiDisabledState to ScanOnlyMode
06-22 09:33:21.434 D/WifiActiveModeWarden( 1920): Entering ScanOnlyModeActiveState
06-22 09:33:21.435 D/WifiScanOnlyModeManager( 1920): entering IdleState
06-22 09:33:21.435 D/WifiController( 1920): WifiController msg { when=-66ms what=155656 target=com.android.internal.util.StateMachine$SmHandler } deferred for 500ms
06-22 09:33:21.436 I/android.hardware.wifi@1.0-service( 1707): Wifi HAL started
06-22 09:33:21.437 I/WifiVendorHal( 1920): Vendor Hal started successfully
06-22 09:33:21.437 I/WifiP2pNative( 1920): Registering for interface available listener
06-22 09:33:21.439 D/WifiP2pNative( 1920): P2P InterfaceAvailableListener true
06-22 09:33:21.439 D/WifiP2pService( 1920): Wifi enabled=false, P2P Interface availability=true, Number of clients=0
06-22 09:33:21.439 D/WifiP2pService( 1920): Wifi enabled=false, P2P Interface availability=true
06-22 09:33:21.442 I/android.hardware.wifi@1.0-service( 1707): Adding interface handle for wlan0
06-22 09:33:21.442 W/android.hardware.wifi@1.0-service( 1707): No active wlan interfaces in use! Using default
06-22 09:33:21.442 E/android.hardware.wifi@1.0-service( 1707): Failed to register radio mode change callback
06-22 09:33:21.442 W/android.hardware.wifi@1.0-service( 1707): No active wlan interfaces in use! Using default
06-22 09:33:21.451 D/vold    ( 1573): Remounting 1000 as mode full
06-22 09:33:21.451 D/vold    ( 1573): Found matching PID 1565
06-22 09:33:21.451 W/vold    ( 1573): Skipping due to root namespace
06-22 09:33:21.451 D/vold    ( 1573): Found matching PID 1566
06-22 09:33:21.451 W/vold    ( 1573): Skipping due to root namespace
06-22 09:33:21.451 D/vold    ( 1573): Found matching PID 1567
06-22 09:33:21.451 W/vold    ( 1573): Skipping due to root namespace
06-22 09:33:21.451 D/vold    ( 1573): Found matching PID 1668
06-22 09:33:21.451 W/vold    ( 1573): Skipping due to root namespace
06-22 09:33:21.452 D/vold    ( 1573): Found matching PID 1669
06-22 09:33:21.452 W/vold    ( 1573): Skipping due to root namespace
06-22 09:33:21.452 D/vold    ( 1573): Found matching PID 1687
06-22 09:33:21.452 W/vold    ( 1573): Skipping due to root namespace
06-22 09:33:21.452 D/vold    ( 1573): Found matching PID 1693
06-22 09:33:21.452 W/vold    ( 1573): Skipping due to root namespace
06-22 09:33:21.452 D/vold    ( 1573): Found matching PID 1695
06-22 09:33:21.452 W/vold    ( 1573): Skipping due to root namespace
06-22 09:33:21.452 D/vold    ( 1573): Found matching PID 1699
06-22 09:33:21.452 W/vold    ( 1573): Skipping due to root namespace
06-22 09:33:21.452 D/vold    ( 1573): Found matching PID 1700
06-22 09:33:21.452 W/vold    ( 1573): Skipping due to root namespace
06-22 09:33:21.452 D/vold    ( 1573): Found matching PID 1701
06-22 09:33:21.452 W/vold    ( 1573): Skipping due to root namespace
06-22 09:33:21.452 D/vold    ( 1573): Found matching PID 1702
06-22 09:33:21.452 W/vold    ( 1573): Skipping due to root namespace
06-22 09:33:21.452 D/vold    ( 1573): Found matching PID 1706
06-22 09:33:21.452 W/vold    ( 1573): Skipping due to root namespace
06-22 09:33:21.452 D/vold    ( 1573): Found matching PID 1729
06-22 09:33:21.452 W/vold    ( 1573): Skipping due to root namespace
06-22 09:33:21.452 D/vold    ( 1573): Found matching PID 1756
06-22 09:33:21.452 W/vold    ( 1573): Skipping due to root namespace
06-22 09:33:21.453 D/vold    ( 1573): Found matching PID 1777
06-22 09:33:21.453 W/vold    ( 1573): Skipping due to root namespace
06-22 09:33:21.453 D/vold    ( 1573): Found matching PID 1780
06-22 09:33:21.453 W/vold    ( 1573): Skipping due to root namespace
06-22 09:33:21.453 D/vold    ( 1573): Found matching PID 1920
06-22 09:33:21.459 W/libc    ( 1707): Unable to set property "vendor.wlan.firmware.version" to "1.0": error code: 0x18
06-22 09:33:21.460 I/DropBoxManagerService( 1920): add tag=system_server_strictmode isTagEnabled=true flags=0x2
06-22 09:33:21.469 W/libc    ( 1707): Unable to set property "vendor.wlan.driver.version" to "1.0": error code: 0x18
06-22 09:33:21.468 I/chatty  ( 1920): uid=1000(system) android.io identical 2 lines
06-22 09:33:21.469 I/DropBoxManagerService( 1920): add tag=system_server_strictmode isTagEnabled=true flags=0x2
06-22 09:33:21.469 I/android.hardware.wifi@1.0-service( 1707): Configured chip in mode 0
06-22 09:33:21.469 W/android.hardware.wifi@1.0-service( 1707): No active wlan interfaces in use! Using default
06-22 09:33:21.469 I/DropBoxManagerService( 1920): add tag=system_server_strictmode isTagEnabled=true flags=0x2
06-22 09:33:21.470 D/HalDevMgr( 1920): updateRttController: no one is interested in RTT controllers
06-22 09:33:21.470 I/DropBoxManagerService( 1920): add tag=system_server_strictmode isTagEnabled=true flags=0x2
06-22 09:33:21.470 E/android.hardware.wifi@1.0-service( 1707): Failed to set DFS flag; DFS channels may be unavailable.
06-22 09:33:21.471 I/DropBoxManagerService( 1920): add tag=system_server_strictmode isTagEnabled=true flags=0x2
06-22 09:33:21.474 D/WificondControl( 1920): Setting up interface for client mode
06-22 09:33:21.472 I/chatty  ( 1920): uid=1000(system) android.io identical 1 line
06-22 09:33:21.474 I/DropBoxManagerService( 1920): add tag=system_server_strictmode isTagEnabled=true flags=0x2
06-22 09:33:21.475 I/wificond( 1768): create scanner for interface with index: 3
06-22 09:33:21.475 I/wificond( 1768): subscribe scan result for interface with index: 3
06-22 09:33:21.476 I/hwservicemanager( 1566): getTransport: Cannot find entry android.hardware.wifi.offload@1.0::IOffload/default in either framework or device manifest.
06-22 09:33:21.476 E/wificond( 1768): No Offload Service available
06-22 09:33:21.476 I/wificond( 1768): Offload HAL not supported 
06-22 09:33:21.476 I/DropBoxManagerService( 1920): add tag=system_server_strictmode isTagEnabled=true flags=0x2
06-22 09:33:21.478 I/netd    ( 1663): interfaceGetCfg("wlan0") <0.17ms>
06-22 09:33:21.479 I/WifiNative( 1920): Interface state changed on Iface:{Name=wlan0,Id=0,Type=STA_SCAN}, isUp=true
06-22 09:33:21.479 I/WifiNative( 1920): Successfully setup Iface:{Name=wlan0,Id=0,Type=STA_SCAN}
06-22 09:33:21.479 E/SupplicantStaIfaceHal( 1920): checkHalVersionByInterfaceName: called but mServiceManager is null
06-22 09:33:21.479 E/SupplicantStaIfaceHal( 1920): Method getKeyMgmtCapabilities is not supported in existing HAL
06-22 09:33:21.481 D/WifiScanOnlyModeManager( 1920): entering StartedState
06-22 09:33:21.481 I/netd    ( 1663): interfaceGetCfg("wlan0") <0.10ms>
06-22 09:33:21.481 D/WifiScanOnlyModeManager( 1920): Wifi is ready to use for scanning
06-22 09:33:21.481 D/WakeupController( 1920): start()
06-22 09:33:21.482 D/WakeupController( 1920): Setting active to true
06-22 09:33:21.482 E/WifiConfigManager( 1920): Cannot save to store before store is read!
06-22 09:33:21.482 D/WifiActiveModeWarden( 1920): scan mode active
06-22 09:33:21.483 D/WifiScanRequestProxy( 1920): Sending scan available broadcast: true
06-22 09:33:21.484 I/WifiScanRequestProxy( 1920): Scanning is enabled
06-22 09:33:21.484 I/WifiScanRequestProxy( 1920): Scanning for hidden networks is disabled
06-22 09:33:21.484 E/WifiNative( 1920): Could not get Iface object for interface null
06-22 09:33:21.485 E/WifiVendorHal( 1920): getBgScanCapabilities(l.630) failed {.code = ERROR_NOT_SUPPORTED, .description = }
06-22 09:33:21.487 I/WifiScanningService( 1920): wifi driver loaded with scan capabilities: max buckets=16
06-22 09:33:21.493 D/vold    ( 1573): Remounting 1000 as mode full
06-22 09:33:21.494 D/vold    ( 1573): Found matching PID 1565
06-22 09:33:21.494 W/vold    ( 1573): Skipping due to root namespace
06-22 09:33:21.494 D/vold    ( 1573): Found matching PID 1566
06-22 09:33:21.494 W/vold    ( 1573): Skipping due to root namespace
06-22 09:33:21.494 D/vold    ( 1573): Found matching PID 1567
06-22 09:33:21.494 W/vold    ( 1573): Skipping due to root namespace
06-22 09:33:21.494 D/vold    ( 1573): Found matching PID 1668
06-22 09:33:21.494 W/vold    ( 1573): Skipping due to root namespace
06-22 09:33:21.494 D/vold    ( 1573): Found matching PID 1669
06-22 09:33:21.494 W/vold    ( 1573): Skipping due to root namespace
06-22 09:33:21.494 D/vold    ( 1573): Found matching PID 1687
06-22 09:33:21.494 W/vold    ( 1573): Skipping due to root namespace
06-22 09:33:21.494 D/vold    ( 1573): Found matching PID 1693
06-22 09:33:21.494 W/vold    ( 1573): Skipping due to root namespace
06-22 09:33:21.494 D/vold    ( 1573): Found matching PID 1695
06-22 09:33:21.494 W/vold    ( 1573): Skipping due to root namespace
06-22 09:33:21.494 D/vold    ( 1573): Found matching PID 1699
06-22 09:33:21.494 W/vold    ( 1573): Skipping due to root namespace
06-22 09:33:21.494 D/vold    ( 1573): Found matching PID 1700
06-22 09:33:21.494 W/vold    ( 1573): Skipping due to root namespace
06-22 09:33:21.494 D/vold    ( 1573): Found matching PID 1701
06-22 09:33:21.494 W/vold    ( 1573): Skipping due to root namespace
06-22 09:33:21.494 D/vold    ( 1573): Found matching PID 1702
06-22 09:33:21.494 W/vold    ( 1573): Skipping due to root namespace
06-22 09:33:21.494 D/vold    ( 1573): Found matching PID 1706
06-22 09:33:21.494 W/vold    ( 1573): Skipping due to root namespace
06-22 09:33:21.494 D/vold    ( 1573): Found matching PID 1729
06-22 09:33:21.494 W/vold    ( 1573): Skipping due to root namespace
06-22 09:33:21.495 D/vold    ( 1573): Found matching PID 1756
06-22 09:33:21.495 W/vold    ( 1573): Skipping due to root namespace
06-22 09:33:21.495 D/vold    ( 1573): Found matching PID 1777
06-22 09:33:21.495 W/vold    ( 1573): Skipping due to root namespace
06-22 09:33:21.495 D/vold    ( 1573): Found matching PID 1780
06-22 09:33:21.495 W/vold    ( 1573): Skipping due to root namespace
06-22 09:33:21.495 D/vold    ( 1573): Found matching PID 1920
06-22 09:33:21.530 D/vold    ( 1573): Remounting 1000 as mode full
06-22 09:33:21.531 D/vold    ( 1573): Found matching PID 1565
06-22 09:33:21.531 W/vold    ( 1573): Skipping due to root namespace
06-22 09:33:21.531 D/vold    ( 1573): Found matching PID 1566
06-22 09:33:21.531 W/vold    ( 1573): Skipping due to root namespace
06-22 09:33:21.531 D/vold    ( 1573): Found matching PID 1567
06-22 09:33:21.531 W/vold    ( 1573): Skipping due to root namespace
06-22 09:33:21.531 D/vold    ( 1573): Found matching PID 1668
06-22 09:33:21.531 W/vold    ( 1573): Skipping due to root namespace
06-22 09:33:21.531 D/vold    ( 1573): Found matching PID 1669
06-22 09:33:21.531 W/vold    ( 1573): Skipping due to root namespace
06-22 09:33:21.531 D/vold    ( 1573): Found matching PID 1687
06-22 09:33:21.531 W/vold    ( 1573): Skipping due to root namespace
06-22 09:33:21.531 D/vold    ( 1573): Found matching PID 1693
06-22 09:33:21.531 W/vold    ( 1573): Skipping due to root namespace
06-22 09:33:21.531 D/vold    ( 1573): Found matching PID 1695
06-22 09:33:21.531 W/vold    ( 1573): Skipping due to root namespace
06-22 09:33:21.531 D/vold    ( 1573): Found matching PID 1699
06-22 09:33:21.531 W/vold    ( 1573): Skipping due to root namespace
06-22 09:33:21.531 D/vold    ( 1573): Found matching PID 1700
06-22 09:33:21.531 W/vold    ( 1573): Skipping due to root namespace
06-22 09:33:21.531 D/vold    ( 1573): Found matching PID 1701
06-22 09:33:21.531 W/vold    ( 1573): Skipping due to root namespace
06-22 09:33:21.531 D/vold    ( 1573): Found matching PID 1702
06-22 09:33:21.531 W/vold    ( 1573): Skipping due to root namespace
06-22 09:33:21.531 D/vold    ( 1573): Found matching PID 1706
06-22 09:33:21.531 W/vold    ( 1573): Skipping due to root namespace
06-22 09:33:21.531 D/vold    ( 1573): Found matching PID 1729
06-22 09:33:21.531 W/vold    ( 1573): Skipping due to root namespace
06-22 09:33:21.531 D/vold    ( 1573): Found matching PID 1756
06-22 09:33:21.531 W/vold    ( 1573): Skipping due to root namespace
06-22 09:33:21.531 D/vold    ( 1573): Found matching PID 1777
06-22 09:33:21.531 W/vold    ( 1573): Skipping due to root namespace
06-22 09:33:21.531 D/vold    ( 1573): Found matching PID 1780
06-22 09:33:21.531 W/vold    ( 1573): Skipping due to root namespace
06-22 09:33:21.532 D/vold    ( 1573): Found matching PID 1920
06-22 09:33:21.590 D/vold    ( 1573): Remounting 2000 as mode default
06-22 09:33:21.591 D/vold    ( 1573): Found matching PID 1744
06-22 09:33:21.591 W/vold    ( 1573): Skipping due to root namespace
06-22 09:33:21.591 D/vold    ( 1573): Found matching PID 1748
06-22 09:33:21.591 W/vold    ( 1573): Skipping due to root namespace
06-22 09:33:21.591 D/vold    ( 1573): Remounting 2000 as mode default
06-22 09:33:21.592 D/vold    ( 1573): Found matching PID 1744
06-22 09:33:21.592 W/vold    ( 1573): Skipping due to root namespace
06-22 09:33:21.592 D/vold    ( 1573): Found matching PID 1748
06-22 09:33:21.592 W/vold    ( 1573): Skipping due to root namespace
06-22 09:33:21.593 D/vold    ( 1573): Remounting 2000 as mode full
06-22 09:33:21.593 D/vold    ( 1573): Found matching PID 1744
06-22 09:33:21.593 W/vold    ( 1573): Skipping due to root namespace
06-22 09:33:21.593 D/vold    ( 1573): Found matching PID 1748
06-22 09:33:21.593 W/vold    ( 1573): Skipping due to root namespace
06-22 09:33:21.593 D/vold    ( 1573): Remounting 2000 as mode full
06-22 09:33:21.594 D/vold    ( 1573): Found matching PID 1744
06-22 09:33:21.594 W/vold    ( 1573): Skipping due to root namespace
06-22 09:33:21.594 D/vold    ( 1573): Found matching PID 1748
06-22 09:33:21.594 W/vold    ( 1573): Skipping due to root namespace
06-22 09:33:21.595 D/vold    ( 1573): Remounting 10115 as mode default
06-22 09:33:21.596 D/vold    ( 1573): Remounting 10115 as mode default
06-22 09:33:21.599 D/vold    ( 1573): Remounting 1002 as mode default
06-22 09:33:21.605 I/DefaultPermGrantPolicy( 1920): Granting permissions to default platform handlers for user 0
06-22 09:33:21.600 I/chatty  ( 1573): uid=0(root) Binder:1573_3 identical 2 lines
06-22 09:33:21.601 D/vold    ( 1573): Remounting 1002 as mode default
06-22 09:33:21.611 I/SyncManager( 1920): No initial accounts
06-22 09:33:21.611 I/SyncManager( 1920): No initial status
06-22 09:33:21.611 I/SyncManager( 1920): No initial statistics
06-22 09:33:21.636 D/vold    ( 1573): Remounting 10133 as mode default
06-22 09:33:21.638 I/chatty  ( 1573): uid=0(root) Binder:1573_3 identical 2 lines
06-22 09:33:21.639 D/vold    ( 1573): Remounting 10133 as mode default
06-22 09:33:21.640 D/vold    ( 1573): Remounting 10054 as mode full
06-22 09:33:21.641 I/chatty  ( 1573): uid=0(root) Binder:1573_3 identical 2 lines
06-22 09:33:21.642 D/vold    ( 1573): Remounting 10054 as mode full
06-22 09:33:21.643 D/vold    ( 1573): Remounting 10071 as mode default
06-22 09:33:21.643 D/vold    ( 1573): Remounting 10071 as mode default
06-22 09:33:21.644 D/vold    ( 1573): Remounting 10071 as mode full
06-22 09:33:21.645 D/vold    ( 1573): Remounting 10071 as mode full
06-22 09:33:21.656 D/vold    ( 1573): Remounting 10131 as mode default
06-22 09:33:21.657 I/chatty  ( 1573): uid=0(root) Binder:1573_3 identical 2 lines
06-22 09:33:21.658 D/vold    ( 1573): Remounting 10131 as mode default
06-22 09:33:21.663 D/vold    ( 1573): Remounting 10061 as mode default
06-22 09:33:21.665 I/chatty  ( 1573): uid=0(root) Binder:1573_3 identical 2 lines
06-22 09:33:21.665 D/vold    ( 1573): Remounting 10061 as mode default
06-22 09:33:21.671 D/vold    ( 1573): Remounting 10145 as mode default
06-22 09:33:21.672 I/chatty  ( 1573): uid=0(root) Binder:1573_3 identical 2 lines
06-22 09:33:21.673 D/vold    ( 1573): Remounting 10145 as mode default
06-22 09:33:21.696 D/vold    ( 1573): Remounting 10116 as mode default
06-22 09:33:21.697 I/chatty  ( 1573): uid=0(root) Binder:1573_3 identical 2 lines
06-22 09:33:21.698 D/vold    ( 1573): Remounting 10116 as mode default
06-22 09:33:21.701 E/DefaultPermGrantPolicy( 1920): PackageNot found: com.google.android.gms.location.history
06-22 09:33:21.701 E/DefaultPermGrantPolicy( 1920): android.content.pm.PackageManager$NameNotFoundException: com.google.android.gms.location.history
06-22 09:33:21.701 E/DefaultPermGrantPolicy( 1920): 	at android.app.ApplicationPackageManager.getPackageInfoAsUser(ApplicationPackageManager.java:190)
06-22 09:33:21.701 E/DefaultPermGrantPolicy( 1920): 	at android.app.ApplicationPackageManager.getPackageInfo(ApplicationPackageManager.java:159)
06-22 09:33:21.701 E/DefaultPermGrantPolicy( 1920): 	at com.android.server.pm.permission.DefaultPermissionGrantPolicy.getPackageInfo(DefaultPermissionGrantPolicy.java:1302)
06-22 09:33:21.701 E/DefaultPermGrantPolicy( 1920): 	at com.android.server.pm.permission.DefaultPermissionGrantPolicy.getPackageInfo(DefaultPermissionGrantPolicy.java:1293)
06-22 09:33:21.701 E/DefaultPermGrantPolicy( 1920): 	at com.android.server.pm.permission.DefaultPermissionGrantPolicy.isSystemPackage(DefaultPermissionGrantPolicy.java:962)
06-22 09:33:21.701 E/DefaultPermGrantPolicy( 1920): 	at com.android.server.pm.permission.DefaultPermissionGrantPolicy.grantPermissionsToSystemPackage(DefaultPermissionGrantPolicy.java:363)
06-22 09:33:21.701 E/DefaultPermGrantPolicy( 1920): 	at com.android.server.pm.permission.DefaultPermissionGrantPolicy.grantPermissionsToSystemPackage(DefaultPermissionGrantPolicy.java:356)
06-22 09:33:21.701 E/DefaultPermGrantPolicy( 1920): 	at com.android.server.pm.permission.DefaultPermissionGrantPolicy.grantDefaultSystemHandlerPermissions(DefaultPermissionGrantPolicy.java:647)
06-22 09:33:21.701 E/DefaultPermGrantPolicy( 1920): 	at com.android.server.pm.permission.DefaultPermissionGrantPolicy.grantDefaultPermissions(DefaultPermissionGrantPolicy.java:295)
06-22 09:33:21.701 E/DefaultPermGrantPolicy( 1920): 	at com.android.server.pm.PackageManagerService.systemReady(PackageManagerService.java:21619)
06-22 09:33:21.701 E/DefaultPermGrantPolicy( 1920): 	at com.android.server.SystemServer.startOtherServices(SystemServer.java:1977)
06-22 09:33:21.701 E/DefaultPermGrantPolicy( 1920): 	at com.android.server.SystemServer.run(SystemServer.java:512)
06-22 09:33:21.701 E/DefaultPermGrantPolicy( 1920): 	at com.android.server.SystemServer.main(SystemServer.java:349)
06-22 09:33:21.701 E/DefaultPermGrantPolicy( 1920): 	at java.lang.reflect.Method.invoke(Native Method)
06-22 09:33:21.701 E/DefaultPermGrantPolicy( 1920): 	at com.android.internal.os.RuntimeInit$MethodAndArgsCaller.run(RuntimeInit.java:492)
06-22 09:33:21.701 E/DefaultPermGrantPolicy( 1920): 	at com.android.internal.os.ZygoteInit.main(ZygoteInit.java:908)
06-22 09:33:21.702 D/vold    ( 1573): Remounting 10141 as mode default
06-22 09:33:21.703 I/chatty  ( 1573): uid=0(root) Binder:1573_3 identical 2 lines
06-22 09:33:21.704 D/vold    ( 1573): Remounting 10141 as mode default
06-22 09:33:21.707 D/vold    ( 1573): Remounting 10118 as mode default
06-22 09:33:21.708 I/chatty  ( 1573): uid=0(root) Binder:1573_3 identical 2 lines
06-22 09:33:21.708 D/vold    ( 1573): Remounting 10118 as mode default
06-22 09:33:21.710 D/vold    ( 1573): Remounting 10128 as mode default
06-22 09:33:21.712 I/chatty  ( 1573): uid=0(root) Binder:1573_3 identical 2 lines
06-22 09:33:21.713 D/vold    ( 1573): Remounting 10128 as mode default
06-22 09:33:21.713 E/DefaultPermGrantPolicy( 1920): PackageNot found: com.google.android.as
06-22 09:33:21.713 E/DefaultPermGrantPolicy( 1920): android.content.pm.PackageManager$NameNotFoundException: com.google.android.as
06-22 09:33:21.713 E/DefaultPermGrantPolicy( 1920): 	at android.app.ApplicationPackageManager.getPackageInfoAsUser(ApplicationPackageManager.java:190)
06-22 09:33:21.713 E/DefaultPermGrantPolicy( 1920): 	at android.app.ApplicationPackageManager.getPackageInfo(ApplicationPackageManager.java:159)
06-22 09:33:21.713 E/DefaultPermGrantPolicy( 1920): 	at com.android.server.pm.permission.DefaultPermissionGrantPolicy.getPackageInfo(DefaultPermissionGrantPolicy.java:1302)
06-22 09:33:21.713 E/DefaultPermGrantPolicy( 1920): 	at com.android.server.pm.permission.DefaultPermissionGrantPolicy.getPackageInfo(DefaultPermissionGrantPolicy.java:1293)
06-22 09:33:21.713 E/DefaultPermGrantPolicy( 1920): 	at com.android.server.pm.permission.DefaultPermissionGrantPolicy.isSystemPackage(DefaultPermissionGrantPolicy.java:962)
06-22 09:33:21.713 E/DefaultPermGrantPolicy( 1920): 	at com.android.server.pm.permission.DefaultPermissionGrantPolicy.grantPermissionsToSystemPackage(DefaultPermissionGrantPolicy.java:363)
06-22 09:33:21.713 E/DefaultPermGrantPolicy( 1920): 	at com.android.server.pm.permission.DefaultPermissionGrantPolicy.grantPermissionsToSystemPackage(DefaultPermissionGrantPolicy.java:356)
06-22 09:33:21.713 E/DefaultPermGrantPolicy( 1920): 	at com.android.server.pm.permission.DefaultPermissionGrantPolicy.grantDefaultSystemHandlerPermissions(DefaultPermissionGrantPolicy.java:721)
06-22 09:33:21.713 E/DefaultPermGrantPolicy( 1920): 	at com.android.server.pm.permission.DefaultPermissionGrantPolicy.grantDefaultPermissions(DefaultPermissionGrantPolicy.java:295)
06-22 09:33:21.713 E/DefaultPermGrantPolicy( 1920): 	at com.android.server.pm.PackageManagerService.systemReady(PackageManagerService.java:21619)
06-22 09:33:21.713 E/DefaultPermGrantPolicy( 1920): 	at com.android.server.SystemServer.startOtherServices(SystemServer.java:1977)
06-22 09:33:21.713 E/DefaultPermGrantPolicy( 1920): 	at com.android.server.SystemServer.run(SystemServer.java:512)
06-22 09:33:21.713 E/DefaultPermGrantPolicy( 1920): 	at com.android.server.SystemServer.main(SystemServer.java:349)
06-22 09:33:21.713 E/DefaultPermGrantPolicy( 1920): 	at java.lang.reflect.Method.invoke(Native Method)
06-22 09:33:21.713 E/DefaultPermGrantPolicy( 1920): 	at com.android.internal.os.RuntimeInit$MethodAndArgsCaller.run(RuntimeInit.java:492)
06-22 09:33:21.713 E/DefaultPermGrantPolicy( 1920): 	at com.android.internal.os.ZygoteInit.main(ZygoteInit.java:908)
06-22 09:33:21.714 D/vold    ( 1573): Remounting 10067 as mode full
06-22 09:33:21.715 I/chatty  ( 1573): uid=0(root) Binder:1573_3 identical 2 lines
06-22 09:33:21.715 D/vold    ( 1573): Remounting 10067 as mode full
06-22 09:33:21.716 E/DefaultPermGrantPolicy( 1920): PackageNot found: com.google.android.as
06-22 09:33:21.716 E/DefaultPermGrantPolicy( 1920): android.content.pm.PackageManager$NameNotFoundException: com.google.android.as
06-22 09:33:21.716 E/DefaultPermGrantPolicy( 1920): 	at android.app.ApplicationPackageManager.getPackageInfoAsUser(ApplicationPackageManager.java:190)
06-22 09:33:21.716 E/DefaultPermGrantPolicy( 1920): 	at android.app.ApplicationPackageManager.getPackageInfo(ApplicationPackageManager.java:159)
06-22 09:33:21.716 E/DefaultPermGrantPolicy( 1920): 	at com.android.server.pm.permission.DefaultPermissionGrantPolicy.getPackageInfo(DefaultPermissionGrantPolicy.java:1302)
06-22 09:33:21.716 E/DefaultPermGrantPolicy( 1920): 	at com.android.server.pm.permission.DefaultPermissionGrantPolicy.getPackageInfo(DefaultPermissionGrantPolicy.java:1293)
06-22 09:33:21.716 E/DefaultPermGrantPolicy( 1920): 	at com.android.server.pm.permission.DefaultPermissionGrantPolicy.isSystemPackage(DefaultPermissionGrantPolicy.java:962)
06-22 09:33:21.716 E/DefaultPermGrantPolicy( 1920): 	at com.android.server.pm.permission.DefaultPermissionGrantPolicy.grantPermissionsToSystemPackage(DefaultPermissionGrantPolicy.java:363)
06-22 09:33:21.716 E/DefaultPermGrantPolicy( 1920): 	at com.android.server.pm.permission.DefaultPermissionGrantPolicy.grantPermissionsToSystemPackage(DefaultPermissionGrantPolicy.java:356)
06-22 09:33:21.716 E/DefaultPermGrantPolicy( 1920): 	at com.android.server.pm.permission.DefaultPermissionGrantPolicy.grantDefaultSystemHandlerPermissions(DefaultPermissionGrantPolicy.java:743)
06-22 09:33:21.716 E/DefaultPermGrantPolicy( 1920): 	at com.android.server.pm.permission.DefaultPermissionGrantPolicy.grantDefaultPermissions(DefaultPermissionGrantPolicy.java:295)
06-22 09:33:21.716 E/DefaultPermGrantPolicy( 1920): 	at com.android.server.pm.PackageManagerService.systemReady(PackageManagerService.java:21619)
06-22 09:33:21.716 E/DefaultPermGrantPolicy( 1920): 	at com.android.server.SystemServer.startOtherServices(SystemServer.java:1977)
06-22 09:33:21.716 E/DefaultPermGrantPolicy( 1920): 	at com.android.server.SystemServer.run(SystemServer.java:512)
06-22 09:33:21.716 E/DefaultPermGrantPolicy( 1920): 	at com.android.server.SystemServer.main(SystemServer.java:349)
06-22 09:33:21.716 E/DefaultPermGrantPolicy( 1920): 	at java.lang.reflect.Method.invoke(Native Method)
06-22 09:33:21.716 E/DefaultPermGrantPolicy( 1920): 	at com.android.internal.os.RuntimeInit$MethodAndArgsCaller.run(RuntimeInit.java:492)
06-22 09:33:21.716 E/DefaultPermGrantPolicy( 1920): 	at com.android.internal.os.ZygoteInit.main(ZygoteInit.java:908)
06-22 09:33:21.725 I/PackageManager( 1920): Un-granting permission android.permission.MANAGE_DOCUMENTS from package com.google.android.youtube (protectionLevel=262146 flags=0x30dbbe45)
06-22 09:33:21.725 I/PackageManager( 1920): Un-granting permission com.google.android.googleapps.permission.GOOGLE_AUTH from package com.android.providers.calendar (protectionLevel=2 flags=0x30883e45)
06-22 09:33:21.725 I/PackageManager( 1920): Un-granting permission com.google.android.googleapps.permission.GOOGLE_AUTH.cl from package com.android.providers.calendar (protectionLevel=2 flags=0x30883e45)
06-22 09:33:21.726 I/PackageManager( 1920): Un-granting permission android.permission.WRITE_SECURE_SETTINGS from package com.google.android.apps.enterprise.dmagent (protectionLevel=50 flags=0x30883e05)
06-22 09:33:21.726 I/PackageManager( 1920): Un-granting permission android.permission.CONNECTIVITY_INTERNAL from package com.google.android.apps.enterprise.dmagent (protectionLevel=18 flags=0x30883e05)
06-22 09:33:21.726 I/PackageManager( 1920): Un-granting permission android.permission.MANAGE_USB from package com.google.android.apps.enterprise.dmagent (protectionLevel=18 flags=0x30883e05)
06-22 09:33:21.726 I/PackageManager( 1920): Un-granting permission android.permission.CHANGE_COMPONENT_ENABLED_STATE from package com.google.android.apps.enterprise.dmagent (protectionLevel=18 flags=0x30883e05)
06-22 09:33:21.726 I/PackageManager( 1920): Un-granting permission android.permission.MANAGE_CA_CERTIFICATES from package com.google.android.apps.enterprise.dmagent (protectionLevel=18 flags=0x30883e05)
06-22 09:33:21.726 I/PackageManager( 1920): Un-granting permission android.permission.MANAGE_USERS from package com.google.android.apps.enterprise.dmagent (protectionLevel=18 flags=0x30883e05)
06-22 09:33:21.726 I/PackageManager( 1920): Un-granting permission com.google.android.setupwizard.READ_DEVICE_ORIGIN from package com.google.android.apps.messaging (protectionLevel=18 flags=0x38cbbe45)
06-22 09:33:21.727 I/PackageManager( 1920): Un-granting permission android.permission.BIND_WALLPAPER from package com.android.camera2 (protectionLevel=18 flags=0x20d8bc45)
06-22 09:33:21.727 I/PackageManager( 1920): Un-granting permission android.permission.REQUEST_INSTALL_PACKAGES from package com.google.android.gm (protectionLevel=66 flags=0x38cbbe45)
06-22 09:33:21.728 I/PackageManager( 1920): Un-granting permission android.permission.BIND_JOB_SERVICE from package com.google.android.music (protectionLevel=2 flags=0x38cbbe65)
06-22 09:33:21.728 I/PackageManager( 1920): Un-granting permission android.permission.CONNECTIVITY_USE_RESTRICTED_NETWORKS from package com.google.android.captiveportallogin (protectionLevel=18 flags=0x38c8be45)
06-22 09:33:21.728 I/PackageManager( 1920): Un-granting permission android.permission.NETWORK_BYPASS_PRIVATE_DNS from package com.google.android.captiveportallogin (protectionLevel=2 flags=0x38c8be45)
06-22 09:33:21.728 I/PackageManager( 1920): Un-granting permission android.permission.REQUEST_INSTALL_PACKAGES from package com.google.android.apps.docs (protectionLevel=66 flags=0x38cbbe45)
06-22 09:33:21.729 I/PackageManager( 1920): Un-granting permission android.permission.INTERACT_ACROSS_USERS from package com.google.android.syncadapters.contacts (protectionLevel=50 flags=0x20883e45)
06-22 09:33:21.729 I/PackageManager( 1920): Un-granting permission android.permission.REQUEST_INSTALL_PACKAGES from package com.android.chrome (protectionLevel=66 flags=0xa0cbbe45)
06-22 09:33:21.729 I/PackageManager( 1920): Un-granting permission com.google.android.apps.now.CURRENT_ACCOUNT_ACCESS from package com.android.chrome (protectionLevel=2 flags=0xa0cbbe45)
06-22 09:33:21.729 I/PackageManager( 1920): Un-granting permission android.permission.CAPTURE_VIDEO_OUTPUT from package com.google.android.gms (protectionLevel=2 flags=0xb0cabe45)
06-22 09:33:21.729 I/PackageManager( 1920): Un-granting permission android.permission.MANAGE_DEVICE_ADMINS from package com.google.android.gms (protectionLevel=2 flags=0xb0cabe45)
06-22 09:33:21.729 I/PackageManager( 1920): Un-granting permission android.permission.MANAGE_ACTIVITY_STACKS from package com.google.android.gms (protectionLevel=2 flags=0xb0cabe45)
06-22 09:33:21.729 I/PackageManager( 1920): Un-granting permission android.permission.CAPTURE_SECURE_VIDEO_OUTPUT from package com.google.android.gms (protectionLevel=2 flags=0xb0cabe45)
06-22 09:33:21.729 I/PackageManager( 1920): Un-granting permission android.permission.MANAGE_ROLLBACKS from package com.google.android.gms (protectionLevel=514 flags=0xb0cabe45)
06-22 09:33:21.730 I/PackageManager( 1920): Un-granting permission com.google.android.googleapps.permission.GOOGLE_AUTH from package com.google.android.videos (protectionLevel=2 flags=0x30dbbe45)
06-22 09:33:21.730 I/PackageManager( 1920): Un-granting permission android.permission.WRITE_MEDIA_STORAGE from package com.google.android.apps.photos (protectionLevel=18 flags=0x38d9be45)
06-22 09:33:21.736 V/UserDataPreparer( 1920): Found /data/user_de/0 with serial number -1
06-22 09:33:21.736 D/UserDataPreparer( 1920): Serial number missing on /data/user_de/0; assuming current is valid
06-22 09:33:21.736 V/UserDataPreparer( 1920): Found /data/user/0 with serial number -1
06-22 09:33:21.736 D/UserDataPreparer( 1920): Serial number missing on /data/user/0; assuming current is valid
06-22 09:33:21.736 V/UserDataPreparer( 1920): Found /data/system_de/0 with serial number -1
06-22 09:33:21.736 D/UserDataPreparer( 1920): Serial number missing on /data/system_de/0; assuming current is valid
06-22 09:33:21.737 D/SystemServerTiming( 1920): MakePackageManagerServiceReady took to complete: 350ms
06-22 09:33:21.737 I/SystemServer( 1920): MakeDisplayManagerServiceReady
06-22 09:33:21.745 E/DisplayModeDirector( 1920): Asked about unknown display, returning empty allowed set! (id=0)
06-22 09:33:21.745 E/DisplayModeDirector( 1920): Asked about unknown display, returning empty allowed set! (id=0)
06-22 09:33:21.746 D/SystemServerTiming( 1920): MakeDisplayManagerServiceReady took to complete: 9ms
06-22 09:33:21.746 I/SystemServer( 1920): StartDeviceSpecificServices
06-22 09:33:21.746 D/SystemServerTiming( 1920): StartDeviceSpecificServices took to complete: 0ms
06-22 09:33:21.746 I/SystemServer( 1920): StartBootPhaseDeviceSpecificServicesReady
06-22 09:33:21.746 I/SystemServiceManager( 1920): Starting phase 520
06-22 09:33:21.748 D/SystemServerTiming( 1920): StartBootPhaseDeviceSpecificServicesReady took to complete: 2ms
06-22 09:33:21.749 I/SystemServer( 1920): StartPermissionPolicyService
06-22 09:33:21.749 I/SystemServiceManager( 1920): Starting com.android.server.policy.PermissionPolicyService
06-22 09:33:21.749 D/SystemServerTiming( 1920): StartPermissionPolicyService took to complete: 0ms
06-22 09:33:21.750 W/UsageStatsService( 1920): Event reported without a package name, eventType:15
06-22 09:33:21.750 I/AppOps  ( 1920): Pruning old package system/com.android.server.appop.AppOpsService$UidState@f4607ce: new uid=-1
06-22 09:33:21.751 I/ActivityManager( 1920): System now ready
06-22 09:33:21.774 I/SystemServer( 1920): Making services ready
06-22 09:33:21.774 I/SystemServer( 1920): StartActivityManagerReadyPhase
06-22 09:33:21.774 I/SystemServiceManager( 1920): Starting phase 550
06-22 09:33:21.775 I/android_os_HwBinder( 1920): HwBinder: Starting thread pool for getting: android.hardware.thermal@2.0::IThermal/default
06-22 09:33:21.775 I/android.hardware.thermal@2.0-service-mock( 1706): A callback has been registered to ThermalHAL, isFilter: 0 Type: CPU
06-22 09:33:21.777 W/ActivityManager( 1920): Too early to start/bind service in system_server: Phase=550 ComponentInfo{com.android.server.telecom/com.android.server.telecom.components.TelecomService}
06-22 09:33:21.778 W/ActivityManager( 1920): Too early to start/bind service in system_server: Phase=550 ComponentInfo{com.android.server.telecom/com.android.server.telecom.components.TelecomService}
06-22 09:33:21.789 D/PackageManager( 1920): Instant App installer not found with android.intent.action.INSTALL_INSTANT_APP_PACKAGE
06-22 09:33:21.789 D/PackageManager( 1920): Clear ephemeral installer activity
06-22 09:33:21.789 D/PackageManager( 1920): Instant App installer not found with android.intent.action.INSTALL_INSTANT_APP_PACKAGE
06-22 09:33:21.789 D/PackageManager( 1920): Clear ephemeral installer activity
06-22 09:33:21.789 D/PackageManager( 1920): Instant App installer not found with android.intent.action.INSTALL_INSTANT_APP_PACKAGE
06-22 09:33:21.789 D/PackageManager( 1920): Clear ephemeral installer activity
06-22 09:33:21.793 D/StorageManagerService( 1920): Isolated storage local flag 0 and remote flag 0 resolved to true
06-22 09:33:21.797 D/Zygote  ( 1664): Forked child process 2057
06-22 09:33:21.799 I/LockSettingsService( 1920): Migrated migrated_frp.
06-22 09:33:21.799 I/WallpaperManagerService( 1920): No static wallpaper imagery; defaults will be shown
06-22 09:33:21.799 V/WallpaperManagerService( 1920): bindWallpaperComponentLocked: componentName=ComponentInfo{com.android.systemui/com.android.systemui.ImageWallpaper}
06-22 09:33:21.801 W/WallpaperManagerService( 1920): no current wallpaper -- first boot?
06-22 09:33:21.802 E/BluetoothAdapter( 1920): Bluetooth binder is null
06-22 09:33:21.802 E/BluetoothAdapter( 1920): Bluetooth binder is null
06-22 09:33:21.803 I/AudioFlinger( 1721): systemReady
06-22 09:33:21.805 I/ActivityManager( 1920): Start proc 2057:com.google.android.gms.persistent/u0a116 for broadcast {com.google.android.gms/com.google.android.gms.chimera.GmsIntentOperationService$PersistentTrustedReceiver}
06-22 09:33:21.806 I/AppBindingService( 1920): Updating constants with: null
06-22 09:33:21.808 W/.gms.persisten( 2057): Unexpected CPU variant for X86 using defaults: x86_64
06-22 09:33:21.813 D/Zygote  ( 1664): Forked child process 2070
06-22 09:33:21.816 I/ActivityManager( 1920): Start proc 2070:com.android.systemui/u0a115 for service {com.android.systemui/com.android.systemui.ImageWallpaper}
06-22 09:33:21.817 W/ndroid.systemu( 2070): Unexpected CPU variant for X86 using defaults: x86_64
06-22 09:33:21.821 D/StagefrightPluginLoader( 1765): CCodec is disabled.
06-22 09:33:21.821 D/StagefrightPluginLoader( 1765): Handle or CreateInputSurface symbol is null
06-22 09:33:21.821 D/MediaCodecList( 1765): Allowing all OMX codecs
06-22 09:33:21.821 D/StagefrightPluginLoader( 1765): Handle or CreateBuilder symbol is null
06-22 09:33:21.823 I/OMXClient( 1765): IOmx service obtained
06-22 09:33:21.823 I/OMXMaster( 1771): makeComponentInstance(OMX.google.aac.decoder) in android.hardwar process
06-22 09:33:21.827 I/OMXClient( 1765): IOmx service obtained
06-22 09:33:21.827 I/OMXMaster( 1771): makeComponentInstance(OMX.google.amrnb.decoder) in android.hardwar process
06-22 09:33:21.828 D/Zygote  ( 1664): Forked child process 2098
06-22 09:33:21.831 I/OMXClient( 1765): IOmx service obtained
06-22 09:33:21.831 I/OMXMaster( 1771): makeComponentInstance(OMX.google.amrwb.decoder) in android.hardwar process
06-22 09:33:21.832 I/OMXClient( 1765): IOmx service obtained
06-22 09:33:21.832 I/OMXMaster( 1771): makeComponentInstance(OMX.google.flac.decoder) in android.hardwar process
06-22 09:33:21.834 I/OMXClient( 1765): IOmx service obtained
06-22 09:33:21.834 I/OMXMaster( 1771): makeComponentInstance(OMX.google.g711.alaw.decoder) in android.hardwar process
06-22 09:33:21.838 I/ActivityManager( 1920): Start proc 2098:com.google.android.permissioncontroller/u0a74 for service {com.google.android.permissioncontroller/com.android.packageinstaller.permission.service.PermissionControllerServiceImpl}
06-22 09:33:21.841 I/ndroid.systemu( 2070): The ClassLoaderContext is a special shared library.
06-22 09:33:21.846 W/ssioncontrolle( 2098): Unexpected CPU variant for X86 using defaults: x86_64
06-22 09:33:21.849 I/.gms.persisten( 2057): The ClassLoaderContext is a special shared library.
06-22 09:33:21.856 I/ssioncontrolle( 2098): The ClassLoaderContext is a special shared library.
06-22 09:33:21.856 I/.gms.persisten( 2057): The ClassLoaderContext is a special shared library.
06-22 09:33:21.856 I/chatty  ( 2057): uid=10116 com.google.android.gms.persistent identical 1 line
06-22 09:33:21.859 I/.gms.persisten( 2057): The ClassLoaderContext is a special shared library.
06-22 09:33:21.860 I/OMXClient( 1765): IOmx service obtained
06-22 09:33:21.860 I/OMXMaster( 1771): makeComponentInstance(OMX.google.g711.mlaw.decoder) in android.hardwar process
06-22 09:33:21.866 I/OMXClient( 1765): IOmx service obtained
06-22 09:33:21.866 I/OMXMaster( 1771): makeComponentInstance(OMX.google.gsm.decoder) in android.hardwar process
06-22 09:33:21.868 I/OMXClient( 1765): IOmx service obtained
06-22 09:33:21.868 I/OMXMaster( 1771): makeComponentInstance(OMX.google.mp3.decoder) in android.hardwar process
06-22 09:33:21.875 I/OMXClient( 1765): IOmx service obtained
06-22 09:33:21.875 I/OMXMaster( 1771): makeComponentInstance(OMX.google.opus.decoder) in android.hardwar process
06-22 09:33:21.877 W/StorageManagerService( 1920): No primary storage defined yet; hacking together a stub
06-22 09:33:21.881 W/ContextImpl( 2057): Failed to ensure /data/user/0/com.google.android.gms/cache: mkdir failed: ENOENT (No such file or directory)
