06-22 09:33:21.881 W/ContextImpl( 2057): Failed to update user.inode_cache: stat failed: ENOENT (No such file or directory)
06-22 09:33:21.890 D/PackageManager( 1920): Instant App installer not found with android.intent.action.INSTALL_INSTANT_APP_PACKAGE
06-22 09:33:21.890 D/PackageManager( 1920): Clear ephemeral installer activity
06-22 09:33:21.893 I/OMXClient( 1765): IOmx service obtained
06-22 09:33:21.893 I/OMXMaster( 1771): makeComponentInstance(OMX.google.raw.decoder) in android.hardwar process
06-22 09:33:21.896 I/OMXClient( 1765): IOmx service obtained
06-22 09:33:21.897 I/OMXMaster( 1771): makeComponentInstance(OMX.google.vorbis.decoder) in android.hardwar process
06-22 09:33:21.900 W/AlarmManager( 2070): Unrecognized alarm listener com.android.systemui.keyguard.-$$Lambda$KeyguardSliceProvider$IhzByd8TsqFuOrSyuGurVskyPLo@6c4404e
06-22 09:33:21.902 I/OMXClient( 1765): IOmx service obtained
06-22 09:33:21.902 I/OMXMaster( 1771): makeComponentInstance(OMX.google.aac.encoder) in android.hardwar process
06-22 09:33:21.912 I/OMXClient( 1765): IOmx service obtained
06-22 09:33:21.912 I/OMXMaster( 1771): makeComponentInstance(OMX.google.amrnb.encoder) in android.hardwar process
06-22 09:33:21.917 I/SystemConfig( 2098): Adding association: com.google.android.as <- com.android.providers.contacts
06-22 09:33:21.917 I/SystemConfig( 2098): Adding association: com.google.android.as <- com.android.providers.media
06-22 09:33:21.917 I/SystemConfig( 2098): Adding association: com.google.android.as <- com.android.providers.telephony
06-22 09:33:21.917 I/SystemConfig( 2098): Adding association: com.google.android.as <- com.android.systemui
06-22 09:33:21.917 I/SystemConfig( 2098): Adding association: com.google.android.as <- com.google.android.gms
06-22 09:33:21.917 I/SystemConfig( 2098): Adding association: com.google.android.as <- com.google.android.gsf
06-22 09:33:21.920 I/OMXClient( 1765): IOmx service obtained
06-22 09:33:21.920 I/OMXMaster( 1771): makeComponentInstance(OMX.google.amrwb.encoder) in android.hardwar process
06-22 09:33:21.921 W/SystemConfig( 2098): No directory /product_services/etc/sysconfig, skipping
06-22 09:33:21.921 W/SystemConfig( 2098): No directory /product_services/etc/permissions, skipping
06-22 09:33:21.926 D/ProtoStore( 2070): no cached data
06-22 09:33:21.926 D/ProtoStore( 2070): no cached data
06-22 09:33:21.930 I/OMXClient( 1765): IOmx service obtained
06-22 09:33:21.930 I/OMXMaster( 1771): makeComponentInstance(OMX.google.flac.encoder) in android.hardwar process
06-22 09:33:21.933 I/OMXClient( 1765): IOmx service obtained
06-22 09:33:21.933 I/OMXMaster( 1771): makeComponentInstance(OMX.android.goldfish.h264.decoder) in android.hardwar process
06-22 09:33:21.933 I/GoldfishOMXPlugin( 1771): makeComponentInstance 'OMX.android.goldfish.h264.decoder'
06-22 09:33:21.933 I/GoldfishOMXPlugin( 1771): Using goldfish codec for 'avcdec'
06-22 09:33:21.941 I/goldfish_avcdec( 1771): created GoldfishAVCDec 98 object 0xe96f0000
06-22 09:33:21.941 D/WifiController( 1920): DEFERRED_TOGGLE handled
06-22 09:33:21.941 D/WifiController( 1920): StaEnabledState.enter()
06-22 09:33:21.941 D/WifiActiveModeWarden( 1920): Switching from ScanOnlyModeActiveState to ClientMode
06-22 09:33:21.941 D/WifiScanOnlyModeManager( 1920):  currentstate: StartedState
06-22 09:33:21.941 D/WifiScanRequestProxy( 1920): Sending scan available broadcast: false
06-22 09:33:21.941 I/WifiScanRequestProxy( 1920): Scanning is disabled
06-22 09:33:21.941 I/WifiScanningService( 1920): wifi driver unloaded
06-22 09:33:21.941 D/WifiActiveModeWarden( 1920): Entering ClientModeActiveState
06-22 09:33:21.942 D/WifiClientModeManager( 1920): entering IdleState
06-22 09:33:21.942 D/WakeupController( 1920): stop()
06-22 09:33:21.942 E/OMXNodeInstance( 1771): getExtensionIndex(0xe963c1e0:android.goldfish.h264.decoder, OMX.google.android.index.configureVideoTunnelMode) ERROR: UnsupportedIndex(0x8000101a)
06-22 09:33:21.942 D/MediaCodecInfo( 1765): detail feature-tunneled-playback wasn't present to remove
06-22 09:33:21.943 W/OMXNodeInstance( 1771): [0xe963c1e0:android.goldfish.h264.decoder] component does not support metadata mode; using fallback
06-22 09:33:21.947 I/OMXClient( 1765): IOmx service obtained
06-22 09:33:21.947 I/OMXMaster( 1771): makeComponentInstance(OMX.google.h264.decoder) in android.hardwar process
06-22 09:33:21.947 W/wificond( 1768): No pno scan started
06-22 09:33:21.947 E/wificond( 1768): Receive ERROR message in response to 'stop scheduled scan' request: Operation not supported on transport endpoint
06-22 09:33:21.950 W/android.hardware.wifi@1.0-service( 1707): No active wlan interfaces in use! Using default
06-22 09:33:21.952 E/OMXNodeInstance( 1771): getExtensionIndex(0xe963c1e0:google.h264.decoder, OMX.google.android.index.configureVideoTunnelMode) ERROR: UnsupportedIndex(0x8000101a)
06-22 09:33:21.952 D/MediaCodecInfo( 1765): detail feature-tunneled-playback wasn't present to remove
06-22 09:33:21.952 E/OMXNodeInstance( 1771): getExtensionIndex(0xe963c1e0:google.h264.decoder, OMX.google.android.index.enableAndroidNativeBuffers) ERROR: UnsupportedIndex(0x8000101a)
06-22 09:33:21.954 I/wificond( 1768): Unsubscribe scan result for interface with index: 3
06-22 09:33:21.955 D/WificondControl( 1920): tearing down interfaces in wificond
06-22 09:33:21.956 I/android.hardware.wifi@1.0-service( 1707): Legacy HAL stop complete callback received
06-22 09:33:21.959 I/android.hardware.wifi@1.0-service( 1707): Wifi HAL stopped
06-22 09:33:21.959 I/WifiVendorHal( 1920): Vendor Hal stopped
06-22 09:33:21.959 I/WifiNative( 1920): Successfully torn down Iface:{Name=wlan0,Id=0,Type=STA_SCAN}
06-22 09:33:21.959 E/HalDevMgr( 1920): getAllChipInfo: called but mWifi is null!?
06-22 09:33:21.959 E/HalDevMgr( 1920): dispatchAvailableForRequestListeners: no chip info found
06-22 09:33:21.959 W/HalDevMgr( 1920): stopWifi called but mWifi is null!?
06-22 09:33:21.959 I/WifiNative( 1920): Successfully initiated teardown for iface=wlan0
06-22 09:33:21.959 D/WifiScanOnlyModeManager( 1920): expected stop, not triggering callbacks: state = 1
06-22 09:33:21.959 E/WifiNative( 1920): Could not get Iface object for interface null
06-22 09:33:21.959 D/WifiActiveModeWarden( 1920): State changed from client mode. state = 2
06-22 09:33:21.960 W/HalDevMgr( 1920): isWifiStarted called but mWifi is null!?
06-22 09:33:21.961 I/android_os_HwBinder( 1920): HwBinder: Starting thread pool for getting: android.hardware.wifi@1.0::IWifi/default
06-22 09:33:21.961 I/android.hardware.wifi@1.0-service( 1707): Wifi HAL started
06-22 09:33:21.962 I/WifiVendorHal( 1920): Vendor Hal started successfully
06-22 09:33:21.962 I/WifiP2pNative( 1920): Registering for interface available listener
06-22 09:33:21.962 I/android_os_HwBinder( 1920): HwBinder: Starting thread pool for getting: android.hidl.manager@1.0::IServiceManager/default
06-22 09:33:21.963 I/hwservicemanager( 1566): getTransport: Cannot find entry android.hardware.wifi.supplicant@1.1::ISupplicant/default in either framework or device manifest.
06-22 09:33:21.963 I/SupplicantStaIfaceHal( 1920): Starting supplicant using init
06-22 09:33:21.970 I/OMXClient( 1765): IOmx service obtained
06-22 09:33:21.970 I/OMXMaster( 1771): makeComponentInstance(OMX.google.h263.decoder) in android.hardwar process
06-22 09:33:21.972 E/OMXNodeInstance( 1771): getExtensionIndex(0xe963c1e0:google.h263.decoder, OMX.google.android.index.configureVideoTunnelMode) ERROR: UnsupportedIndex(0x8000101a)
06-22 09:33:21.972 E/ActivityThread( 2057): Failed to find provider info for com.google.android.gsf.gservices
06-22 09:33:21.972 D/MediaCodecInfo( 1765): detail feature-tunneled-playback wasn't present to remove
06-22 09:33:21.972 E/OMXNodeInstance( 1771): getExtensionIndex(0xe963c1e0:google.h263.decoder, OMX.google.android.index.enableAndroidNativeBuffers) ERROR: UnsupportedIndex(0x8000101a)
06-22 09:33:21.972 I/WifiP2pNative( 1920): Registering for interface available listener
06-22 09:33:21.972 D/WifiP2pNative( 1920): P2P InterfaceAvailableListener true
06-22 09:33:21.972 D/WifiP2pService( 1920): Wifi enabled=false, P2P Interface availability=true, Number of clients=0
06-22 09:33:21.972 D/WifiP2pService( 1920): Wifi enabled=false, P2P Interface availability=true
06-22 09:33:21.974 I/OMXClient( 1765): IOmx service obtained
06-22 09:33:21.974 I/OMXMaster( 1771): makeComponentInstance(OMX.google.hevc.decoder) in android.hardwar process
06-22 09:33:21.976 E/OMXNodeInstance( 1771): getExtensionIndex(0xe963c1e0:google.hevc.decoder, OMX.google.android.index.configureVideoTunnelMode) ERROR: UnsupportedIndex(0x8000101a)
06-22 09:33:21.977 D/MediaCodecInfo( 1765): detail feature-tunneled-playback wasn't present to remove
06-22 09:33:21.977 E/OMXNodeInstance( 1771): getExtensionIndex(0xe963c1e0:google.hevc.decoder, OMX.google.android.index.enableAndroidNativeBuffers) ERROR: UnsupportedIndex(0x8000101a)
06-22 09:33:21.978 I/OMXClient( 1765): IOmx service obtained
06-22 09:33:21.978 I/OMXMaster( 1771): makeComponentInstance(OMX.google.mpeg4.decoder) in android.hardwar process
06-22 09:33:21.978 E/OMXNodeInstance( 1771): getExtensionIndex(0xe963c1e0:google.mpeg4.decoder, OMX.google.android.index.configureVideoTunnelMode) ERROR: UnsupportedIndex(0x8000101a)
06-22 09:33:21.978 D/MediaCodecInfo( 1765): detail feature-tunneled-playback wasn't present to remove
06-22 09:33:21.978 E/OMXNodeInstance( 1771): getExtensionIndex(0xe963c1e0:google.mpeg4.decoder, OMX.google.android.index.enableAndroidNativeBuffers) ERROR: UnsupportedIndex(0x8000101a)
06-22 09:33:21.979 I/OMXClient( 1765): IOmx service obtained
06-22 09:33:21.979 I/OMXMaster( 1771): makeComponentInstance(OMX.android.goldfish.vp8.decoder) in android.hardwar process
06-22 09:33:21.979 I/GoldfishOMXPlugin( 1771): makeComponentInstance 'OMX.android.goldfish.vp8.decoder'
06-22 09:33:21.979 I/GoldfishOMXPlugin( 1771): Using goldfish codec for 'vpxdec'
06-22 09:33:21.980 I/goldfish_vpxdec( 1771): calling constructor of GoldfishVPX
06-22 09:33:21.981 E/OMXNodeInstance( 1771): getExtensionIndex(0xe963c1e0:android.goldfish.vp8.decoder, OMX.google.android.index.configureVideoTunnelMode) ERROR: UnsupportedIndex(0x8000101a)
06-22 09:33:21.981 D/MediaCodecInfo( 1765): detail feature-tunneled-playback wasn't present to remove
06-22 09:33:21.982 W/OMXNodeInstance( 1771): [0xe963c1e0:android.goldfish.vp8.decoder] component does not support metadata mode; using fallback
06-22 09:33:21.985 I/goldfish_vpxdec( 1771): calling destructor of GoldfishVPX
06-22 09:33:21.987 I/OMXClient( 1765): IOmx service obtained
06-22 09:33:21.988 I/OMXMaster( 1771): makeComponentInstance(OMX.google.vp8.decoder) in android.hardwar process
06-22 09:33:21.990 W/DirectBootExitBR( 2057): User is in direct boot mode.
06-22 09:33:21.991 E/OMXNodeInstance( 1771): getExtensionIndex(0xe963c1e0:google.vp8.decoder, OMX.google.android.index.configureVideoTunnelMode) ERROR: UnsupportedIndex(0x8000101a)
06-22 09:33:21.991 D/MediaCodecInfo( 1765): detail feature-tunneled-playback wasn't present to remove
06-22 09:33:21.992 E/OMXNodeInstance( 1771): getExtensionIndex(0xe963c1e0:google.vp8.decoder, OMX.google.android.index.enableAndroidNativeBuffers) ERROR: UnsupportedIndex(0x8000101a)
06-22 09:33:22.011 I/OMXClient( 1765): IOmx service obtained
06-22 09:33:22.011 I/OMXMaster( 1771): makeComponentInstance(OMX.android.goldfish.vp9.decoder) in android.hardwar process
06-22 09:33:22.011 I/GoldfishOMXPlugin( 1771): makeComponentInstance 'OMX.android.goldfish.vp9.decoder'
06-22 09:33:22.011 I/GoldfishOMXPlugin( 1771): Using goldfish codec for 'vpxdec'
06-22 09:33:22.011 I/goldfish_vpxdec( 1771): calling constructor of GoldfishVPX
06-22 09:33:22.011 E/OMXNodeInstance( 1771): getExtensionIndex(0xe963c060:android.goldfish.vp9.decoder, OMX.google.android.index.configureVideoTunnelMode) ERROR: UnsupportedIndex(0x8000101a)
06-22 09:33:22.011 D/MediaCodecInfo( 1765): detail feature-tunneled-playback wasn't present to remove
06-22 09:33:22.011 W/OMXNodeInstance( 1771): [0xe963c060:android.goldfish.vp9.decoder] component does not support metadata mode; using fallback
06-22 09:33:22.013 I/wpa_supplicant( 2160): Processing hidl events on FD 3
06-22 09:33:22.015 I/ServiceManagement( 2160): Registered android.hardware.wifi.supplicant@1.2::ISupplicant/default (start delay of 55ms)
06-22 09:33:22.015 I/wpa_supplicant( 2160): Successfully initialized wpa_supplicant
06-22 09:33:22.015 I/GmsApplication( 2057): Staging modules and/or updating config
06-22 09:33:22.017 I/wpa_supplicant( 2160): rfkill: Cannot open RFKILL control device
06-22 09:33:22.020 E/ChimeraCfgMgr( 2057): Failed to read module config: java.io.FileNotFoundException: /data/user_de/0/com.google.android.gms/app_chimera/current_config.fb: open failed: ENOENT (No such file or directory)
06-22 09:33:22.021 I/GmsApplication( 2057): Staging modules
06-22 09:33:22.022 I/FileApkMgr( 2057): Extracting modules...
06-22 09:33:22.024 E/ConfigFileUtils( 2057): Failed to read config file: /data/user_de/0/com.google.android.gms/app_chimera/current_fileapks.pb: open failed: ENOENT (No such file or directory)
06-22 09:33:22.026 I/goldfish_vpxdec( 1771): calling destructor of GoldfishVPX
06-22 09:33:22.028 I/OMXClient( 1765): IOmx service obtained
06-22 09:33:22.028 I/OMXMaster( 1771): makeComponentInstance(OMX.google.vp9.decoder) in android.hardwar process
06-22 09:33:22.028 E/OMXNodeInstance( 1771): getExtensionIndex(0xe963c060:google.vp9.decoder, OMX.google.android.index.configureVideoTunnelMode) ERROR: UnsupportedIndex(0x8000101a)
06-22 09:33:22.029 D/MediaCodecInfo( 1765): detail feature-tunneled-playback wasn't present to remove
06-22 09:33:22.029 E/OMXNodeInstance( 1771): getExtensionIndex(0xe963c060:google.vp9.decoder, OMX.google.android.index.enableAndroidNativeBuffers) ERROR: UnsupportedIndex(0x8000101a)
06-22 09:33:22.038 I/OMXClient( 1765): IOmx service obtained
06-22 09:33:22.038 I/OMXMaster( 1771): makeComponentInstance(OMX.google.h264.encoder) in android.hardwar process
06-22 09:33:22.040 W/OMXUtils( 1765): do not know color format 0x7f000789 = 2130708361
06-22 09:33:22.049 I/OMXClient( 1765): IOmx service obtained
06-22 09:33:22.050 I/OMXMaster( 1771): makeComponentInstance(OMX.google.h263.encoder) in android.hardwar process
06-22 09:33:22.051 I/SoftMPEG4Encoder( 1771): Construct SoftMPEG4Encoder
06-22 09:33:22.052 W/OMXUtils( 1765): do not know color format 0x7f000789 = 2130708361
06-22 09:33:22.052 E/OMXNodeInstance( 1771): getConfig(0xeb818cc0:google.h263.encoder, ConfigAndroidIntraRefresh(0x6f60000a)) ERROR: Undefined(0x80001001)
06-22 09:33:22.052 E/OMXNodeInstance( 1771): getParameter(0xeb818cc0:google.h263.encoder, ParamVideoIntraRefresh(0x6000006)) ERROR: UnsupportedIndex(0x8000101a)
06-22 09:33:22.052 D/MediaCodecInfo( 1765): detail feature-frame-parsing wasn't present to remove
06-22 09:33:22.031 I/chatty  ( 2057): uid=10116 com.google.android.gms.persistent identical 11 lines
06-22 09:33:22.032 E/ActivityThread( 2057): Failed to find provider info for com.google.android.gsf.gservices
06-22 09:33:22.058 I/SystemConfig( 2057): Adding association: com.google.android.as <- com.android.providers.contacts
06-22 09:33:22.058 I/SystemConfig( 2057): Adding association: com.google.android.as <- com.android.providers.media
06-22 09:33:22.058 I/SystemConfig( 2057): Adding association: com.google.android.as <- com.android.providers.telephony
06-22 09:33:22.058 I/SystemConfig( 2057): Adding association: com.google.android.as <- com.android.systemui
06-22 09:33:22.058 I/SystemConfig( 2057): Adding association: com.google.android.as <- com.google.android.gms
06-22 09:33:22.058 I/SystemConfig( 2057): Adding association: com.google.android.as <- com.google.android.gsf
06-22 09:33:22.059 W/PackageManager( 1920): Cannot whitelist unknown permission: com.sec.android.provider.badge.permission.READ
06-22 09:33:22.059 W/PackageManager( 1920): Cannot whitelist unknown permission: com.sec.android.provider.badge.permission.WRITE
06-22 09:33:22.059 W/PackageManager( 1920): Cannot whitelist unknown permission: com.htc.launcher.permission.READ_SETTINGS
06-22 09:33:22.059 W/PackageManager( 1920): Cannot whitelist unknown permission: com.htc.launcher.permission.UPDATE_SHORTCUT
06-22 09:33:22.059 W/PackageManager( 1920): Cannot whitelist unknown permission: com.sonyericsson.home.permission.BROADCAST_BADGE
06-22 09:33:22.059 W/PackageManager( 1920): Cannot whitelist unknown permission: com.sonymobile.home.permission.PROVIDER_INSERT_BADGE
06-22 09:33:22.059 I/PackageManager( 1920): Un-granting permission android.permission.MANAGE_DOCUMENTS from package com.google.android.youtube (protectionLevel=262146 flags=0x30dbbe45)
06-22 09:33:22.062 I/OMXClient( 1765): IOmx service obtained
06-22 09:33:22.063 I/OMXMaster( 1771): makeComponentInstance(OMX.google.mpeg4.encoder) in android.hardwar process
06-22 09:33:22.063 I/SoftMPEG4Encoder( 1771): Construct SoftMPEG4Encoder
06-22 09:33:22.063 W/PackageManager( 1920): Cannot whitelist unknown permission: com.sec.android.provider.badge.permission.READ
06-22 09:33:22.063 W/PackageManager( 1920): Cannot whitelist unknown permission: com.sec.android.provider.badge.permission.WRITE
06-22 09:33:22.063 W/PackageManager( 1920): Cannot whitelist unknown permission: com.htc.launcher.permission.READ_SETTINGS
06-22 09:33:22.063 W/PackageManager( 1920): Cannot whitelist unknown permission: com.htc.launcher.permission.UPDATE_SHORTCUT
06-22 09:33:22.063 W/PackageManager( 1920): Cannot whitelist unknown permission: com.sonyericsson.home.permission.BROADCAST_BADGE
06-22 09:33:22.063 W/PackageManager( 1920): Cannot whitelist unknown permission: com.sonymobile.home.permission.PROVIDER_INSERT_BADGE
06-22 09:33:22.063 I/PackageManager( 1920): Un-granting permission android.permission.MANAGE_DOCUMENTS from package com.google.android.youtube (protectionLevel=262146 flags=0x30dbbe45)
06-22 09:33:22.064 W/SystemConfig( 2057): No directory /product_services/etc/sysconfig, skipping
06-22 09:33:22.064 W/SystemConfig( 2057): No directory /product_services/etc/permissions, skipping
06-22 09:33:22.064 W/OMXUtils( 1765): do not know color format 0x7f000789 = 2130708361
06-22 09:33:22.064 E/OMXNodeInstance( 1771): getConfig(0xeb8190e0:google.mpeg4.encoder, ConfigAndroidIntraRefresh(0x6f60000a)) ERROR: Undefined(0x80001001)
06-22 09:33:22.064 E/OMXNodeInstance( 1771): getParameter(0xeb8190e0:google.mpeg4.encoder, ParamVideoIntraRefresh(0x6000006)) ERROR: UnsupportedIndex(0x8000101a)
06-22 09:33:22.064 D/MediaCodecInfo( 1765): detail feature-frame-parsing wasn't present to remove
06-22 09:33:22.071 W/PackageManager( 1920): Cannot whitelist unknown permission: com.google.android.launcher.permission.CONTENT_REDIRECT
06-22 09:33:22.071 W/PackageManager( 1920): Cannot whitelist unknown permission: com.google.android.voicesearch.SHORTCUTS_ACCESS
06-22 09:33:22.071 W/PackageManager( 1920): Cannot whitelist unknown permission: com.google.android.voicesearch.ACCESS_SETTINGS
06-22 09:33:22.071 W/PackageManager( 1920): Cannot whitelist unknown permission: com.android.browser.permission.PRELOAD
06-22 09:33:22.071 W/PackageManager( 1920): Cannot whitelist unknown permission: com.google.android.ears.permission.WRITE
06-22 09:33:22.072 W/PackageManager( 1920): Cannot whitelist unknown permission: com.google.googlenav.friend.permission.OPT_IN
06-22 09:33:22.072 W/PackageManager( 1920): Cannot whitelist unknown permission: com.google.android.apps.googlevoice.permission.AUTO_SEND
06-22 09:33:22.072 W/PackageManager( 1920): Cannot whitelist unknown permission: com.google.android.hangouts.START_HANGOUT
06-22 09:33:22.072 W/PackageManager( 1920): Cannot whitelist unknown permission: com.android.chrome.PRERENDER_URL
06-22 09:33:22.072 W/PackageManager( 1920): Cannot whitelist unknown permission: com.google.android.apps.gsa.nga.permissions.EDIT_PREFERENCES
06-22 09:33:22.074 W/PackageManager( 1920): Cannot whitelist unknown permission: com.google.android.launcher.permission.CONTENT_REDIRECT
06-22 09:33:22.074 W/PackageManager( 1920): Cannot whitelist unknown permission: com.google.android.voicesearch.SHORTCUTS_ACCESS
06-22 09:33:22.074 W/PackageManager( 1920): Cannot whitelist unknown permission: com.google.android.voicesearch.ACCESS_SETTINGS
06-22 09:33:22.074 W/PackageManager( 1920): Cannot whitelist unknown permission: com.android.browser.permission.PRELOAD
06-22 09:33:22.074 W/PackageManager( 1920): Cannot whitelist unknown permission: com.google.android.ears.permission.WRITE
06-22 09:33:22.074 W/PackageManager( 1920): Cannot whitelist unknown permission: com.google.googlenav.friend.permission.OPT_IN
06-22 09:33:22.074 W/PackageManager( 1920): Cannot whitelist unknown permission: com.google.android.apps.googlevoice.permission.AUTO_SEND
06-22 09:33:22.074 W/PackageManager( 1920): Cannot whitelist unknown permission: com.google.android.hangouts.START_HANGOUT
06-22 09:33:22.074 W/PackageManager( 1920): Cannot whitelist unknown permission: com.android.chrome.PRERENDER_URL
06-22 09:33:22.074 W/PackageManager( 1920): Cannot whitelist unknown permission: com.google.android.apps.gsa.nga.permissions.EDIT_PREFERENCES
06-22 09:33:22.075 W/PackageManager( 1920): Cannot whitelist unknown permission: com.google.android.launcher.permission.CONTENT_REDIRECT
06-22 09:33:22.075 W/PackageManager( 1920): Cannot whitelist unknown permission: com.google.android.voicesearch.SHORTCUTS_ACCESS
06-22 09:33:22.075 W/PackageManager( 1920): Cannot whitelist unknown permission: com.google.android.voicesearch.ACCESS_SETTINGS
06-22 09:33:22.075 W/PackageManager( 1920): Cannot whitelist unknown permission: com.android.browser.permission.PRELOAD
06-22 09:33:22.075 W/PackageManager( 1920): Cannot whitelist unknown permission: com.google.android.ears.permission.WRITE
06-22 09:33:22.075 W/PackageManager( 1920): Cannot whitelist unknown permission: com.google.googlenav.friend.permission.OPT_IN
06-22 09:33:22.075 W/PackageManager( 1920): Cannot whitelist unknown permission: com.google.android.apps.googlevoice.permission.AUTO_SEND
06-22 09:33:22.075 W/PackageManager( 1920): Cannot whitelist unknown permission: com.google.android.hangouts.START_HANGOUT
06-22 09:33:22.075 W/PackageManager( 1920): Cannot whitelist unknown permission: com.android.chrome.PRERENDER_URL
06-22 09:33:22.075 I/OMXClient( 1765): IOmx service obtained
06-22 09:33:22.075 I/OMXMaster( 1771): makeComponentInstance(OMX.google.vp8.encoder) in android.hardwar process
06-22 09:33:22.075 W/PackageManager( 1920): Cannot whitelist unknown permission: com.google.android.apps.gsa.nga.permissions.EDIT_PREFERENCES
06-22 09:33:22.077 W/OMXUtils( 1765): do not know color format 0x7f000789 = 2130708361
06-22 09:33:22.077 E/OMXNodeInstance( 1771): getConfig(0xeb8190e0:google.vp8.encoder, ConfigAndroidIntraRefresh(0x6f60000a)) ERROR: Undefined(0x80001001)
06-22 09:33:22.077 E/OMXNodeInstance( 1771): getParameter(0xeb8190e0:google.vp8.encoder, ParamVideoIntraRefresh(0x6000006)) ERROR: UnsupportedIndex(0x8000101a)
06-22 09:33:22.077 D/MediaCodecInfo( 1765): detail feature-frame-parsing wasn't present to remove
06-22 09:33:22.077 W/PackageManager( 1920): Cannot whitelist unknown permission: com.google.android.launcher.permission.CONTENT_REDIRECT
06-22 09:33:22.077 W/PackageManager( 1920): Cannot whitelist unknown permission: com.google.android.voicesearch.SHORTCUTS_ACCESS
06-22 09:33:22.077 W/PackageManager( 1920): Cannot whitelist unknown permission: com.google.android.voicesearch.ACCESS_SETTINGS
06-22 09:33:22.078 W/PackageManager( 1920): Cannot whitelist unknown permission: com.android.browser.permission.PRELOAD
06-22 09:33:22.078 W/PackageManager( 1920): Cannot whitelist unknown permission: com.google.android.ears.permission.WRITE
06-22 09:33:22.078 W/PackageManager( 1920): Cannot whitelist unknown permission: com.google.googlenav.friend.permission.OPT_IN
06-22 09:33:22.078 W/PackageManager( 1920): Cannot whitelist unknown permission: com.google.android.apps.googlevoice.permission.AUTO_SEND
06-22 09:33:22.078 W/PackageManager( 1920): Cannot whitelist unknown permission: com.google.android.hangouts.START_HANGOUT
06-22 09:33:22.078 W/PackageManager( 1920): Cannot whitelist unknown permission: com.android.chrome.PRERENDER_URL
06-22 09:33:22.078 W/PackageManager( 1920): Cannot whitelist unknown permission: com.google.android.apps.gsa.nga.permissions.EDIT_PREFERENCES
06-22 09:33:22.079 W/PackageManager( 1920): Cannot whitelist unknown permission: com.google.android.launcher.permission.CONTENT_REDIRECT
06-22 09:33:22.079 W/PackageManager( 1920): Cannot whitelist unknown permission: com.google.android.voicesearch.SHORTCUTS_ACCESS
06-22 09:33:22.079 W/PackageManager( 1920): Cannot whitelist unknown permission: com.google.android.voicesearch.ACCESS_SETTINGS
06-22 09:33:22.079 W/PackageManager( 1920): Cannot whitelist unknown permission: com.android.browser.permission.PRELOAD
06-22 09:33:22.079 W/PackageManager( 1920): Cannot whitelist unknown permission: com.google.android.ears.permission.WRITE
06-22 09:33:22.079 W/PackageManager( 1920): Cannot whitelist unknown permission: com.google.googlenav.friend.permission.OPT_IN
06-22 09:33:22.079 W/PackageManager( 1920): Cannot whitelist unknown permission: com.google.android.apps.googlevoice.permission.AUTO_SEND
06-22 09:33:22.079 W/PackageManager( 1920): Cannot whitelist unknown permission: com.google.android.hangouts.START_HANGOUT
06-22 09:33:22.079 W/PackageManager( 1920): Cannot whitelist unknown permission: com.android.chrome.PRERENDER_URL
06-22 09:33:22.079 W/PackageManager( 1920): Cannot whitelist unknown permission: com.google.android.apps.gsa.nga.permissions.EDIT_PREFERENCES
06-22 09:33:22.083 W/PackageManager( 1920): Cannot whitelist unknown permission: com.google.android.launcher.permission.CONTENT_REDIRECT
06-22 09:33:22.083 W/PackageManager( 1920): Cannot whitelist unknown permission: com.google.android.voicesearch.SHORTCUTS_ACCESS
06-22 09:33:22.083 W/PackageManager( 1920): Cannot whitelist unknown permission: com.google.android.voicesearch.ACCESS_SETTINGS
06-22 09:33:22.083 W/PackageManager( 1920): Cannot whitelist unknown permission: com.android.browser.permission.PRELOAD
06-22 09:33:22.083 W/PackageManager( 1920): Cannot whitelist unknown permission: com.google.android.ears.permission.WRITE
06-22 09:33:22.083 W/PackageManager( 1920): Cannot whitelist unknown permission: com.google.googlenav.friend.permission.OPT_IN
06-22 09:33:22.083 W/PackageManager( 1920): Cannot whitelist unknown permission: com.google.android.apps.googlevoice.permission.AUTO_SEND
06-22 09:33:22.083 W/PackageManager( 1920): Cannot whitelist unknown permission: com.google.android.hangouts.START_HANGOUT
06-22 09:33:22.083 W/PackageManager( 1920): Cannot whitelist unknown permission: com.android.chrome.PRERENDER_URL
06-22 09:33:22.083 W/PackageManager( 1920): Cannot whitelist unknown permission: com.google.android.apps.gsa.nga.permissions.EDIT_PREFERENCES
06-22 09:33:22.085 D/MediaCodecList( 1765): ignored a null builder
06-22 09:33:22.086 I/OMXClient( 1920): IOmx service obtained
06-22 09:33:22.086 I/OMXMaster( 1771): makeComponentInstance(OMX.google.vorbis.decoder) in android.hardwar process
06-22 09:33:22.087 I/PackageManager( 1920): Un-granting permission com.google.android.googleapps.permission.GOOGLE_AUTH from package com.android.providers.calendar (protectionLevel=2 flags=0x30883e45)
06-22 09:33:22.087 I/PackageManager( 1920): Un-granting permission com.google.android.googleapps.permission.GOOGLE_AUTH.cl from package com.android.providers.calendar (protectionLevel=2 flags=0x30883e45)
06-22 09:33:22.087 E/OMXNodeInstance( 1771): getConfig(0xeb8190e0:google.vorbis.decoder, ConfigAndroidVendorExtension(0x6f100004)) ERROR: Undefined(0x80001001)
06-22 09:33:22.089 I/PackageManager( 1920): Un-granting permission com.google.android.googleapps.permission.GOOGLE_AUTH from package com.android.providers.calendar (protectionLevel=2 flags=0x30883e45)
06-22 09:33:22.089 I/PackageManager( 1920): Un-granting permission com.google.android.googleapps.permission.GOOGLE_AUTH.cl from package com.android.providers.calendar (protectionLevel=2 flags=0x30883e45)
06-22 09:33:22.099 I/wpa_supplicant( 2160): rfkill: Cannot get wiphy information
06-22 09:33:22.100 I/android_os_HwBinder( 1920): HwBinder: Starting thread pool for getting: android.hardware.wifi.supplicant@1.0::ISupplicant/default
06-22 09:33:22.100 I/SupplicantStaIfaceHal( 1920): Completed initialization of ISupplicant.
06-22 09:33:22.102 I/PackageManager( 1920): Un-granting permission android.permission.WRITE_SECURE_SETTINGS from package com.google.android.apps.enterprise.dmagent (protectionLevel=50 flags=0x30883e05)
06-22 09:33:22.102 I/PackageManager( 1920): Un-granting permission android.permission.CONNECTIVITY_INTERNAL from package com.google.android.apps.enterprise.dmagent (protectionLevel=18 flags=0x30883e05)
06-22 09:33:22.102 I/PackageManager( 1920): Un-granting permission android.permission.MANAGE_USB from package com.google.android.apps.enterprise.dmagent (protectionLevel=18 flags=0x30883e05)
06-22 09:33:22.102 I/PackageManager( 1920): Un-granting permission android.permission.CHANGE_COMPONENT_ENABLED_STATE from package com.google.android.apps.enterprise.dmagent (protectionLevel=18 flags=0x30883e05)
06-22 09:33:22.102 I/PackageManager( 1920): Un-granting permission android.permission.MANAGE_CA_CERTIFICATES from package com.google.android.apps.enterprise.dmagent (protectionLevel=18 flags=0x30883e05)
06-22 09:33:22.102 I/PackageManager( 1920): Un-granting permission android.permission.MANAGE_USERS from package com.google.android.apps.enterprise.dmagent (protectionLevel=18 flags=0x30883e05)
06-22 09:33:22.103 I/android.hardware.wifi@1.0-service( 1707): Adding interface handle for wlan0
06-22 09:33:22.103 W/android.hardware.wifi@1.0-service( 1707): No active wlan interfaces in use! Using default
06-22 09:33:22.103 E/android.hardware.wifi@1.0-service( 1707): Failed to register radio mode change callback
06-22 09:33:22.103 W/android.hardware.wifi@1.0-service( 1707): No active wlan interfaces in use! Using default
06-22 09:33:22.110 W/PackageManager( 1920): Cannot whitelist unknown permission: com.google.android.ims.LOG_ACCESS
06-22 09:33:22.110 W/PackageManager( 1920): Cannot whitelist unknown permission: com.cequint.ecid.CALLER_ID_EXTERNAL_LOOKUP_SMS
06-22 09:33:22.110 W/PackageManager( 1920): Cannot whitelist unknown permission: com.sec.android.provider.badge.permission.READ
06-22 09:33:22.110 W/PackageManager( 1920): Cannot whitelist unknown permission: com.sec.android.provider.badge.permission.WRITE
06-22 09:33:22.110 W/PackageManager( 1920): Cannot whitelist unknown permission: com.htc.launcher.permission.READ_SETTINGS
06-22 09:33:22.111 W/PackageManager( 1920): Cannot whitelist unknown permission: com.htc.launcher.permission.UPDATE_SHORTCUT
06-22 09:33:22.111 W/PackageManager( 1920): Cannot whitelist unknown permission: com.sonyericsson.home.permission.BROADCAST_BADGE
06-22 09:33:22.111 W/PackageManager( 1920): Cannot whitelist unknown permission: com.sonymobile.home.permission.PROVIDER_INSERT_BADGE
06-22 09:33:22.111 W/PackageManager( 1920): Cannot whitelist unknown permission: com.sonymobile.launcher.permission.PROVIDER_INSERT_BADGE
06-22 09:33:22.111 W/PackageManager( 1920): Cannot whitelist unknown permission: com.anddoes.launcher.permission.UPDATE_COUNT
06-22 09:33:22.111 W/PackageManager( 1920): Cannot whitelist unknown permission: com.majeur.launcher.permission.UPDATE_BADGE
06-22 09:33:22.111 W/PackageManager( 1920): Cannot whitelist unknown permission: com.huawei.android.launcher.permission.CHANGE_BADGE
06-22 09:33:22.111 W/PackageManager( 1920): Cannot whitelist unknown permission: com.huawei.android.launcher.permission.READ_SETTINGS
06-22 09:33:22.111 W/PackageManager( 1920): Cannot whitelist unknown permission: com.huawei.android.launcher.permission.WRITE_SETTINGS
06-22 09:33:22.111 W/PackageManager( 1920): Cannot whitelist unknown permission: android.permission.READ_APP_BADGE
06-22 09:33:22.111 W/PackageManager( 1920): Cannot whitelist unknown permission: com.oppo.launcher.permission.READ_SETTINGS
06-22 09:33:22.111 W/PackageManager( 1920): Cannot whitelist unknown permission: com.oppo.launcher.permission.WRITE_SETTINGS
06-22 09:33:22.111 I/PackageManager( 1920): Un-granting permission com.google.android.setupwizard.READ_DEVICE_ORIGIN from package com.google.android.apps.messaging (protectionLevel=18 flags=0x38cbbe45)
06-22 09:33:22.112 W/PackageManager( 1920): Cannot whitelist unknown permission: com.google.android.ims.LOG_ACCESS
06-22 09:33:22.112 W/PackageManager( 1920): Cannot whitelist unknown permission: com.cequint.ecid.CALLER_ID_EXTERNAL_LOOKUP_SMS
06-22 09:33:22.112 W/PackageManager( 1920): Cannot whitelist unknown permission: com.sec.android.provider.badge.permission.READ
06-22 09:33:22.112 W/PackageManager( 1920): Cannot whitelist unknown permission: com.sec.android.provider.badge.permission.WRITE
06-22 09:33:22.112 W/PackageManager( 1920): Cannot whitelist unknown permission: com.htc.launcher.permission.READ_SETTINGS
06-22 09:33:22.112 W/PackageManager( 1920): Cannot whitelist unknown permission: com.htc.launcher.permission.UPDATE_SHORTCUT
06-22 09:33:22.112 W/PackageManager( 1920): Cannot whitelist unknown permission: com.sonyericsson.home.permission.BROADCAST_BADGE
06-22 09:33:22.112 W/PackageManager( 1920): Cannot whitelist unknown permission: com.sonymobile.home.permission.PROVIDER_INSERT_BADGE
06-22 09:33:22.112 W/PackageManager( 1920): Cannot whitelist unknown permission: com.sonymobile.launcher.permission.PROVIDER_INSERT_BADGE
06-22 09:33:22.112 W/PackageManager( 1920): Cannot whitelist unknown permission: com.anddoes.launcher.permission.UPDATE_COUNT
06-22 09:33:22.112 W/PackageManager( 1920): Cannot whitelist unknown permission: com.majeur.launcher.permission.UPDATE_BADGE
06-22 09:33:22.112 W/PackageManager( 1920): Cannot whitelist unknown permission: com.huawei.android.launcher.permission.CHANGE_BADGE
06-22 09:33:22.112 W/PackageManager( 1920): Cannot whitelist unknown permission: com.huawei.android.launcher.permission.READ_SETTINGS
06-22 09:33:22.112 W/PackageManager( 1920): Cannot whitelist unknown permission: com.huawei.android.launcher.permission.WRITE_SETTINGS
06-22 09:33:22.112 W/PackageManager( 1920): Cannot whitelist unknown permission: android.permission.READ_APP_BADGE
06-22 09:33:22.112 W/PackageManager( 1920): Cannot whitelist unknown permission: com.oppo.launcher.permission.READ_SETTINGS
06-22 09:33:22.112 W/PackageManager( 1920): Cannot whitelist unknown permission: com.oppo.launcher.permission.WRITE_SETTINGS
06-22 09:33:22.112 I/PackageManager( 1920): Un-granting permission com.google.android.setupwizard.READ_DEVICE_ORIGIN from package com.google.android.apps.messaging (protectionLevel=18 flags=0x38cbbe45)
06-22 09:33:22.113 W/PackageManager( 1920): Cannot whitelist unknown permission: com.google.android.ims.LOG_ACCESS
06-22 09:33:22.113 W/PackageManager( 1920): Cannot whitelist unknown permission: com.cequint.ecid.CALLER_ID_EXTERNAL_LOOKUP_SMS
06-22 09:33:22.113 W/PackageManager( 1920): Cannot whitelist unknown permission: com.sec.android.provider.badge.permission.READ
06-22 09:33:22.113 W/PackageManager( 1920): Cannot whitelist unknown permission: com.sec.android.provider.badge.permission.WRITE
06-22 09:33:22.113 W/PackageManager( 1920): Cannot whitelist unknown permission: com.htc.launcher.permission.READ_SETTINGS
06-22 09:33:22.113 W/PackageManager( 1920): Cannot whitelist unknown permission: com.htc.launcher.permission.UPDATE_SHORTCUT
06-22 09:33:22.113 W/PackageManager( 1920): Cannot whitelist unknown permission: com.sonyericsson.home.permission.BROADCAST_BADGE
06-22 09:33:22.113 W/PackageManager( 1920): Cannot whitelist unknown permission: com.sonymobile.home.permission.PROVIDER_INSERT_BADGE
06-22 09:33:22.113 W/PackageManager( 1920): Cannot whitelist unknown permission: com.sonymobile.launcher.permission.PROVIDER_INSERT_BADGE
06-22 09:33:22.113 W/PackageManager( 1920): Cannot whitelist unknown permission: com.anddoes.launcher.permission.UPDATE_COUNT
06-22 09:33:22.113 W/PackageManager( 1920): Cannot whitelist unknown permission: com.majeur.launcher.permission.UPDATE_BADGE
06-22 09:33:22.113 W/PackageManager( 1920): Cannot whitelist unknown permission: com.huawei.android.launcher.permission.CHANGE_BADGE
06-22 09:33:22.113 W/PackageManager( 1920): Cannot whitelist unknown permission: com.huawei.android.launcher.permission.READ_SETTINGS
06-22 09:33:22.113 W/PackageManager( 1920): Cannot whitelist unknown permission: com.huawei.android.launcher.permission.WRITE_SETTINGS
06-22 09:33:22.113 W/PackageManager( 1920): Cannot whitelist unknown permission: android.permission.READ_APP_BADGE
06-22 09:33:22.113 W/PackageManager( 1920): Cannot whitelist unknown permission: com.oppo.launcher.permission.READ_SETTINGS
06-22 09:33:22.113 W/PackageManager( 1920): Cannot whitelist unknown permission: com.oppo.launcher.permission.WRITE_SETTINGS
06-22 09:33:22.113 I/PackageManager( 1920): Un-granting permission com.google.android.setupwizard.READ_DEVICE_ORIGIN from package com.google.android.apps.messaging (protectionLevel=18 flags=0x38cbbe45)
06-22 09:33:22.114 W/PackageManager( 1920): Cannot whitelist unknown permission: com.google.android.ims.LOG_ACCESS
06-22 09:33:22.114 W/PackageManager( 1920): Cannot whitelist unknown permission: com.cequint.ecid.CALLER_ID_EXTERNAL_LOOKUP_SMS
06-22 09:33:22.116 W/PackageManager( 1920): Cannot whitelist unknown permission: com.sec.android.provider.badge.permission.READ
06-22 09:33:22.116 W/PackageManager( 1920): Cannot whitelist unknown permission: com.sec.android.provider.badge.permission.WRITE
06-22 09:33:22.116 W/PackageManager( 1920): Cannot whitelist unknown permission: com.htc.launcher.permission.READ_SETTINGS
06-22 09:33:22.116 W/PackageManager( 1920): Cannot whitelist unknown permission: com.htc.launcher.permission.UPDATE_SHORTCUT
06-22 09:33:22.119 W/PackageManager( 1920): Cannot whitelist unknown permission: com.sonyericsson.home.permission.BROADCAST_BADGE
06-22 09:33:22.119 W/PackageManager( 1920): Cannot whitelist unknown permission: com.sonymobile.home.permission.PROVIDER_INSERT_BADGE
06-22 09:33:22.119 W/PackageManager( 1920): Cannot whitelist unknown permission: com.sonymobile.launcher.permission.PROVIDER_INSERT_BADGE
06-22 09:33:22.119 W/PackageManager( 1920): Cannot whitelist unknown permission: com.anddoes.launcher.permission.UPDATE_COUNT
06-22 09:33:22.119 W/PackageManager( 1920): Cannot whitelist unknown permission: com.majeur.launcher.permission.UPDATE_BADGE
06-22 09:33:22.119 W/PackageManager( 1920): Cannot whitelist unknown permission: com.huawei.android.launcher.permission.CHANGE_BADGE
06-22 09:33:22.119 W/PackageManager( 1920): Cannot whitelist unknown permission: com.huawei.android.launcher.permission.READ_SETTINGS
06-22 09:33:22.119 W/PackageManager( 1920): Cannot whitelist unknown permission: com.huawei.android.launcher.permission.WRITE_SETTINGS
06-22 09:33:22.119 W/PackageManager( 1920): Cannot whitelist unknown permission: android.permission.READ_APP_BADGE
06-22 09:33:22.119 W/PackageManager( 1920): Cannot whitelist unknown permission: com.oppo.launcher.permission.READ_SETTINGS
06-22 09:33:22.119 W/PackageManager( 1920): Cannot whitelist unknown permission: com.oppo.launcher.permission.WRITE_SETTINGS
06-22 09:33:22.119 I/PackageManager( 1920): Un-granting permission com.google.android.setupwizard.READ_DEVICE_ORIGIN from package com.google.android.apps.messaging (protectionLevel=18 flags=0x38cbbe45)
06-22 09:33:22.121 W/PackageManager( 1920): Cannot whitelist unknown permission: com.google.android.ims.LOG_ACCESS
06-22 09:33:22.121 W/PackageManager( 1920): Cannot whitelist unknown permission: com.cequint.ecid.CALLER_ID_EXTERNAL_LOOKUP_SMS
06-22 09:33:22.121 W/PackageManager( 1920): Cannot whitelist unknown permission: com.sec.android.provider.badge.permission.READ
06-22 09:33:22.121 W/PackageManager( 1920): Cannot whitelist unknown permission: com.sec.android.provider.badge.permission.WRITE
06-22 09:33:22.121 W/PackageManager( 1920): Cannot whitelist unknown permission: com.htc.launcher.permission.READ_SETTINGS
06-22 09:33:22.121 W/PackageManager( 1920): Cannot whitelist unknown permission: com.htc.launcher.permission.UPDATE_SHORTCUT
06-22 09:33:22.121 W/PackageManager( 1920): Cannot whitelist unknown permission: com.sonyericsson.home.permission.BROADCAST_BADGE
06-22 09:33:22.121 W/PackageManager( 1920): Cannot whitelist unknown permission: com.sonymobile.home.permission.PROVIDER_INSERT_BADGE
06-22 09:33:22.121 W/PackageManager( 1920): Cannot whitelist unknown permission: com.sonymobile.launcher.permission.PROVIDER_INSERT_BADGE
06-22 09:33:22.121 W/PackageManager( 1920): Cannot whitelist unknown permission: com.anddoes.launcher.permission.UPDATE_COUNT
06-22 09:33:22.121 W/PackageManager( 1920): Cannot whitelist unknown permission: com.majeur.launcher.permission.UPDATE_BADGE
06-22 09:33:22.121 W/PackageManager( 1920): Cannot whitelist unknown permission: com.huawei.android.launcher.permission.CHANGE_BADGE
06-22 09:33:22.121 W/PackageManager( 1920): Cannot whitelist unknown permission: com.huawei.android.launcher.permission.READ_SETTINGS
06-22 09:33:22.122 W/PackageManager( 1920): Cannot whitelist unknown permission: com.huawei.android.launcher.permission.WRITE_SETTINGS
06-22 09:33:22.122 W/PackageManager( 1920): Cannot whitelist unknown permission: android.permission.READ_APP_BADGE
06-22 09:33:22.122 W/PackageManager( 1920): Cannot whitelist unknown permission: com.oppo.launcher.permission.READ_SETTINGS
06-22 09:33:22.122 W/PackageManager( 1920): Cannot whitelist unknown permission: com.oppo.launcher.permission.WRITE_SETTINGS
06-22 09:33:22.122 I/PackageManager( 1920): Un-granting permission com.google.android.setupwizard.READ_DEVICE_ORIGIN from package com.google.android.apps.messaging (protectionLevel=18 flags=0x38cbbe45)
06-22 09:33:22.131 W/PackageManager( 1920): Cannot whitelist unknown permission: com.google.android.ims.LOG_ACCESS
06-22 09:33:22.131 W/PackageManager( 1920): Cannot whitelist unknown permission: com.cequint.ecid.CALLER_ID_EXTERNAL_LOOKUP_SMS
06-22 09:33:22.131 W/PackageManager( 1920): Cannot whitelist unknown permission: com.sec.android.provider.badge.permission.READ
06-22 09:33:22.131 W/PackageManager( 1920): Cannot whitelist unknown permission: com.sec.android.provider.badge.permission.WRITE
06-22 09:33:22.131 W/PackageManager( 1920): Cannot whitelist unknown permission: com.htc.launcher.permission.READ_SETTINGS
06-22 09:33:22.131 W/PackageManager( 1920): Cannot whitelist unknown permission: com.htc.launcher.permission.UPDATE_SHORTCUT
06-22 09:33:22.131 W/PackageManager( 1920): Cannot whitelist unknown permission: com.sonyericsson.home.permission.BROADCAST_BADGE
06-22 09:33:22.131 W/PackageManager( 1920): Cannot whitelist unknown permission: com.sonymobile.home.permission.PROVIDER_INSERT_BADGE
06-22 09:33:22.131 W/PackageManager( 1920): Cannot whitelist unknown permission: com.sonymobile.launcher.permission.PROVIDER_INSERT_BADGE
06-22 09:33:22.131 W/PackageManager( 1920): Cannot whitelist unknown permission: com.anddoes.launcher.permission.UPDATE_COUNT
06-22 09:33:22.131 W/PackageManager( 1920): Cannot whitelist unknown permission: com.majeur.launcher.permission.UPDATE_BADGE
06-22 09:33:22.131 W/PackageManager( 1920): Cannot whitelist unknown permission: com.huawei.android.launcher.permission.CHANGE_BADGE
06-22 09:33:22.131 W/PackageManager( 1920): Cannot whitelist unknown permission: com.huawei.android.launcher.permission.READ_SETTINGS
06-22 09:33:22.131 W/PackageManager( 1920): Cannot whitelist unknown permission: com.huawei.android.launcher.permission.WRITE_SETTINGS
06-22 09:33:22.131 W/PackageManager( 1920): Cannot whitelist unknown permission: android.permission.READ_APP_BADGE
06-22 09:33:22.131 W/PackageManager( 1920): Cannot whitelist unknown permission: com.oppo.launcher.permission.READ_SETTINGS
06-22 09:33:22.131 W/PackageManager( 1920): Cannot whitelist unknown permission: com.oppo.launcher.permission.WRITE_SETTINGS
06-22 09:33:22.132 I/PackageManager( 1920): Un-granting permission com.google.android.setupwizard.READ_DEVICE_ORIGIN from package com.google.android.apps.messaging (protectionLevel=18 flags=0x38cbbe45)
06-22 09:33:22.132 W/PackageManager( 1920): Cannot whitelist unknown permission: com.google.android.ims.LOG_ACCESS
06-22 09:33:22.132 W/PackageManager( 1920): Cannot whitelist unknown permission: com.cequint.ecid.CALLER_ID_EXTERNAL_LOOKUP_SMS
06-22 09:33:22.132 W/PackageManager( 1920): Cannot whitelist unknown permission: com.sec.android.provider.badge.permission.READ
06-22 09:33:22.132 W/PackageManager( 1920): Cannot whitelist unknown permission: com.sec.android.provider.badge.permission.WRITE
06-22 09:33:22.132 W/PackageManager( 1920): Cannot whitelist unknown permission: com.htc.launcher.permission.READ_SETTINGS
06-22 09:33:22.132 W/PackageManager( 1920): Cannot whitelist unknown permission: com.htc.launcher.permission.UPDATE_SHORTCUT
06-22 09:33:22.132 W/PackageManager( 1920): Cannot whitelist unknown permission: com.sonyericsson.home.permission.BROADCAST_BADGE
06-22 09:33:22.132 W/PackageManager( 1920): Cannot whitelist unknown permission: com.sonymobile.home.permission.PROVIDER_INSERT_BADGE
06-22 09:33:22.132 W/PackageManager( 1920): Cannot whitelist unknown permission: com.sonymobile.launcher.permission.PROVIDER_INSERT_BADGE
06-22 09:33:22.132 W/PackageManager( 1920): Cannot whitelist unknown permission: com.anddoes.launcher.permission.UPDATE_COUNT
06-22 09:33:22.132 W/PackageManager( 1920): Cannot whitelist unknown permission: com.majeur.launcher.permission.UPDATE_BADGE
06-22 09:33:22.132 W/PackageManager( 1920): Cannot whitelist unknown permission: com.huawei.android.launcher.permission.CHANGE_BADGE
06-22 09:33:22.132 W/PackageManager( 1920): Cannot whitelist unknown permission: com.huawei.android.launcher.permission.READ_SETTINGS
06-22 09:33:22.132 W/PackageManager( 1920): Cannot whitelist unknown permission: com.huawei.android.launcher.permission.WRITE_SETTINGS
06-22 09:33:22.132 W/PackageManager( 1920): Cannot whitelist unknown permission: android.permission.READ_APP_BADGE
06-22 09:33:22.132 W/PackageManager( 1920): Cannot whitelist unknown permission: com.oppo.launcher.permission.READ_SETTINGS
06-22 09:33:22.132 W/PackageManager( 1920): Cannot whitelist unknown permission: com.oppo.launcher.permission.WRITE_SETTINGS
06-22 09:33:22.132 I/PackageManager( 1920): Un-granting permission com.google.android.setupwizard.READ_DEVICE_ORIGIN from package com.google.android.apps.messaging (protectionLevel=18 flags=0x38cbbe45)
06-22 09:33:22.138 W/PackageManager( 1920): Cannot whitelist unknown permission: com.google.android.ims.LOG_ACCESS
06-22 09:33:22.138 W/PackageManager( 1920): Cannot whitelist unknown permission: com.cequint.ecid.CALLER_ID_EXTERNAL_LOOKUP_SMS
06-22 09:33:22.138 W/PackageManager( 1920): Cannot whitelist unknown permission: com.sec.android.provider.badge.permission.READ
06-22 09:33:22.138 W/PackageManager( 1920): Cannot whitelist unknown permission: com.sec.android.provider.badge.permission.WRITE
06-22 09:33:22.138 W/PackageManager( 1920): Cannot whitelist unknown permission: com.htc.launcher.permission.READ_SETTINGS
06-22 09:33:22.138 W/PackageManager( 1920): Cannot whitelist unknown permission: com.htc.launcher.permission.UPDATE_SHORTCUT
06-22 09:33:22.138 W/PackageManager( 1920): Cannot whitelist unknown permission: com.sonyericsson.home.permission.BROADCAST_BADGE
06-22 09:33:22.138 W/PackageManager( 1920): Cannot whitelist unknown permission: com.sonymobile.home.permission.PROVIDER_INSERT_BADGE
06-22 09:33:22.138 W/PackageManager( 1920): Cannot whitelist unknown permission: com.sonymobile.launcher.permission.PROVIDER_INSERT_BADGE
06-22 09:33:22.138 W/PackageManager( 1920): Cannot whitelist unknown permission: com.anddoes.launcher.permission.UPDATE_COUNT
06-22 09:33:22.138 W/PackageManager( 1920): Cannot whitelist unknown permission: com.majeur.launcher.permission.UPDATE_BADGE
06-22 09:33:22.138 W/PackageManager( 1920): Cannot whitelist unknown permission: com.huawei.android.launcher.permission.CHANGE_BADGE
06-22 09:33:22.138 W/PackageManager( 1920): Cannot whitelist unknown permission: com.huawei.android.launcher.permission.READ_SETTINGS
06-22 09:33:22.138 W/PackageManager( 1920): Cannot whitelist unknown permission: com.huawei.android.launcher.permission.WRITE_SETTINGS
06-22 09:33:22.138 W/PackageManager( 1920): Cannot whitelist unknown permission: android.permission.READ_APP_BADGE
06-22 09:33:22.138 W/PackageManager( 1920): Cannot whitelist unknown permission: com.oppo.launcher.permission.READ_SETTINGS
06-22 09:33:22.138 W/PackageManager( 1920): Cannot whitelist unknown permission: com.oppo.launcher.permission.WRITE_SETTINGS
06-22 09:33:22.139 I/PackageManager( 1920): Un-granting permission com.google.android.setupwizard.READ_DEVICE_ORIGIN from package com.google.android.apps.messaging (protectionLevel=18 flags=0x38cbbe45)
06-22 09:33:22.142 W/libc    ( 1707): Unable to set property "vendor.wlan.firmware.version" to "1.0": error code: 0x18
06-22 09:33:22.153 I/OMXClient( 1920): IOmx service obtained
06-22 09:33:22.153 I/OMXMaster( 1771): makeComponentInstance(OMX.google.vorbis.decoder) in android.hardwar process
06-22 09:33:22.154 E/OMXNodeInstance( 1771): getConfig(0xeb8190e0:google.vorbis.decoder, ConfigAndroidVendorExtension(0x6f100004)) ERROR: Undefined(0x80001001)
06-22 09:33:22.157 I/PackageManager( 1920): Un-granting permission android.permission.BIND_WALLPAPER from package com.android.camera2 (protectionLevel=18 flags=0x20d8bc45)
06-22 09:33:22.159 I/PackageManager( 1920): Un-granting permission android.permission.BIND_WALLPAPER from package com.android.camera2 (protectionLevel=18 flags=0x20d8bc45)
