06-19 06:54:06.254 I/PackageManager( 1918): No settings file; creating initial state
06-19 06:54:06.257 D/PackageManager( 1918): No files in app dir /vendor/overlay
06-19 06:54:06.263 I/PackageManager( 1918): /system/product/overlay/FontNotoSerifSource changed; collecting certs
06-19 06:54:06.287 V/apexd   ( 1640): Found bundled key in package /system/apex/com.android.apex.cts.shim.apex
06-19 06:54:06.287 E/apexd   ( 1640): Can't open /product/apex for reading : No such file or directory
06-19 06:54:06.299 I/PackageManager( 1918): /system/product/overlay/IconShapeSquare changed; collecting certs
06-19 06:54:06.300 I/PackageManager( 1918): /system/product/overlay/IconShapeRoundedRect changed; collecting certs
06-19 06:54:06.300 I/PackageManager( 1918): /system/product/overlay/EmulationPixel4a changed; collecting certs
06-19 06:54:06.303 I/PackageManager( 1918): /system/product/overlay/IconPackFilledThemePicker changed; collecting certs
06-19 06:54:06.304 I/PackageManager( 1918): /system/product/overlay/PixelConfigOverlayCommon.apk changed; collecting certs
06-19 06:54:06.305 I/PackageManager( 1918): /system/product/overlay/AccentColorGreen changed; collecting certs
06-19 06:54:06.306 I/PackageManager( 1918): /system/product/overlay/GoogleConfigOverlay.apk changed; collecting certs
06-19 06:54:06.307 I/PackageManager( 1918): /system/product/overlay/IconShapeTeardrop changed; collecting certs
06-19 06:54:06.309 I/PackageManager( 1918): /system/product/overlay/IconPackRoundedSettings changed; collecting certs
06-19 06:54:06.310 I/PackageManager( 1918): /system/product/overlay/NavigationBarModeGestural changed; collecting certs
06-19 06:54:06.312 I/ServiceManager( 1767): Waiting for service 'package_native' on '/dev/binder'...
06-19 06:54:06.312 I/PackageManager( 1918): /system/product/overlay/AccentColorOrchid changed; collecting certs
06-19 06:54:06.313 I/PackageManager( 1918): /system/product/overlay/NavigationBarModeGesturalNarrowBack changed; collecting certs
06-19 06:54:06.314 I/PackageManager( 1918): /system/product/overlay/AccentColorBlack changed; collecting certs
06-19 06:54:06.314 I/PackageManager( 1918): /system/product/overlay/IconPackFilledSettings changed; collecting certs
06-19 06:54:06.315 I/PackageManager( 1918): /system/product/overlay/AccentColorOcean changed; collecting certs
06-19 06:54:06.315 I/PackageManager( 1918): /system/product/overlay/IconPackFilledSystemUI changed; collecting certs
06-19 06:54:06.316 I/PackageManager( 1918): /system/product/overlay/EmulationPixel4XL changed; collecting certs
06-19 06:54:06.318 I/PackageManager( 1918): /system/product/overlay/DisplayCutoutEmulationTall changed; collecting certs
06-19 06:54:06.320 I/PackageManager( 1918): /system/product/overlay/SystemUIEmulationPixel4XL changed; collecting certs
06-19 06:54:06.320 I/PackageManager( 1918): /system/product/overlay/NavigationBarMode3Button changed; collecting certs
06-19 06:54:06.321 I/PackageManager( 1918): /system/product/overlay/SystemUIEmulationPixel4 changed; collecting certs
06-19 06:54:06.323 I/PackageManager( 1918): /system/product/overlay/EmulatorConfigOverlay.apk changed; collecting certs
06-19 06:54:06.324 I/PackageManager( 1918): /system/product/overlay/IconShapeSquircle changed; collecting certs
06-19 06:54:06.325 I/PackageManager( 1918): /system/product/overlay/IconPackRoundedAndroid changed; collecting certs
06-19 06:54:06.325 I/PackageManager( 1918): /system/product/overlay/DisplayCutoutEmulationEmu01 changed; collecting certs
06-19 06:54:06.326 I/PackageManager( 1918): /system/product/overlay/IconPackCircularSystemUI changed; collecting certs
06-19 06:54:06.327 I/PackageManager( 1918): /system/product/overlay/NavigationBarModeGesturalExtraWideBack changed; collecting certs
06-19 06:54:06.327 I/PackageManager( 1918): /system/product/overlay/DisplayCutoutEmulationDouble changed; collecting certs
06-19 06:54:06.328 I/PackageManager( 1918): /system/product/overlay/SystemUIEmulationPixel3aXL changed; collecting certs
06-19 06:54:06.330 I/PackageManager( 1918): /system/product/overlay/SystemUIEmulationPixel2XL changed; collecting certs
06-19 06:54:06.331 I/PackageManager( 1918): /system/product/overlay/AccentColorCinnamon changed; collecting certs
06-19 06:54:06.369 I/PackageManager( 1918): /system/product/overlay/DisplayCutoutEmulationCorner changed; collecting certs
06-19 06:54:06.370 I/PackageManager( 1918): /system/product/overlay/SystemUIEmulationPixel3a changed; collecting certs
06-19 06:54:06.371 I/PackageManager( 1918): /system/product/overlay/IconPackCircularSettings changed; collecting certs
06-19 06:54:06.372 I/PackageManager( 1918): /system/product/overlay/IconPackCircularLauncher changed; collecting certs
06-19 06:54:06.373 I/PackageManager( 1918): /system/product/overlay/GoogleWebViewOverlay.apk changed; collecting certs
06-19 06:54:06.373 I/PackageManager( 1918): /system/product/overlay/IconPackFilledLauncher changed; collecting certs
06-19 06:54:06.374 I/PackageManager( 1918): /system/product/overlay/SystemUIEmulationPixel4a changed; collecting certs
06-19 06:54:06.375 I/PackageManager( 1918): /system/product/overlay/IconPackRoundedSystemUI changed; collecting certs
06-19 06:54:06.376 I/PackageManager( 1918): /system/product/overlay/NavigationBarModeGesturalWideBack changed; collecting certs
06-19 06:54:06.376 I/PackageManager( 1918): /system/product/overlay/NavigationBarMode2Button changed; collecting certs
06-19 06:54:06.377 I/PackageManager( 1918): /system/product/overlay/IconPackCircularAndroid changed; collecting certs
06-19 06:54:06.378 I/PackageManager( 1918): /system/product/overlay/IconPackCircularThemePicker changed; collecting certs
06-19 06:54:06.378 I/PackageManager( 1918): /system/product/overlay/EmulationPixel3XL changed; collecting certs
06-19 06:54:06.379 I/PackageManager( 1918): /system/product/overlay/SystemUIEmulationPixel3XL changed; collecting certs
06-19 06:54:06.380 I/PackageManager( 1918): /system/product/overlay/IconPackRoundedLauncher changed; collecting certs
06-19 06:54:06.380 I/PackageManager( 1918): /system/product/overlay/IconPackFilledAndroid changed; collecting certs
06-19 06:54:06.381 I/PackageManager( 1918): /system/product/overlay/EmulationPixel2XL changed; collecting certs
06-19 06:54:06.382 I/PackageManager( 1918): /system/product/overlay/AccentColorPurple changed; collecting certs
06-19 06:54:06.384 I/PackageManager( 1918): /system/product/overlay/EmulationPixel4 changed; collecting certs
06-19 06:54:06.386 I/PackageManager( 1918): /system/product/overlay/SystemUIEmulationPixel3 changed; collecting certs
06-19 06:54:06.387 I/PackageManager( 1918): /system/product/overlay/AccentColorSpace changed; collecting certs
06-19 06:54:06.388 I/PackageManager( 1918): /system/product/overlay/GooglePermissionControllerOverlay.apk changed; collecting certs
06-19 06:54:06.389 D/PackageManager( 1918): No files in app dir /product_services/overlay
06-19 06:54:06.389 D/PackageManager( 1918): No files in app dir /odm/overlay
06-19 06:54:06.389 D/PackageManager( 1918): No files in app dir /oem/overlay
06-19 06:54:06.391 W/PackageManager( 1918): Failed to parse /system/framework/x86: Missing base APK in /system/framework/x86
06-19 06:54:06.392 W/PackageManager( 1918): Failed to parse /system/framework/x86_64: Missing base APK in /system/framework/x86_64
06-19 06:54:06.397 W/PackageManager( 1918): Failed to parse /system/framework/oat: Missing base APK in /system/framework/oat
06-19 06:54:06.412 I/ServiceManager( 1767): Waiting for service 'package_native' on '/dev/binder'...
06-19 06:54:06.413 I/PackageManager( 1918): /system/framework/framework-res.apk changed; collecting certs
06-19 06:54:06.415 E/PackageManager( 1918): Adding duplicate shared id: 1000 name=android
06-19 06:54:06.423 I/PackageManager( 1918): /system/priv-app/MultiDisplayProvider changed; collecting certs
06-19 06:54:06.424 E/PackageManager( 1918): Adding duplicate shared id: 1000 name=com.android.emulator.multidisplay
06-19 06:54:06.428 I/PackageManager( 1918): New shared user android.uid.shared: id=10054
06-19 06:54:06.428 I/PackageManager( 1918): /system/priv-app/UserDictionaryProvider changed; collecting certs
06-19 06:54:06.429 E/PackageManager( 1918): Adding duplicate app id: 10054 name=com.android.providers.userdictionary
06-19 06:54:06.432 I/PackageManager( 1918): /system/priv-app/ProxyHandler changed; collecting certs
06-19 06:54:06.435 I/PackageManager( 1918): /system/priv-app/ManagedProvisioning changed; collecting certs
06-19 06:54:06.438 I/PackageManager( 1918): New shared user android.media: id=10057
06-19 06:54:06.438 I/PackageManager( 1918): /system/priv-app/DownloadProvider changed; collecting certs
06-19 06:54:06.439 E/PackageManager( 1918): Adding duplicate app id: 10057 name=com.android.providers.downloads
06-19 06:54:06.441 I/PackageManager( 1918): /system/priv-app/CtsShimPrivPrebuilt changed; collecting certs
06-19 06:54:06.446 I/PackageManager( 1918): /system/priv-app/DownloadProviderUi changed; collecting certs
06-19 06:54:06.447 E/PackageManager( 1918): Adding duplicate app id: 10057 name=com.android.providers.downloads.ui
06-19 06:54:06.452 I/PackageManager( 1918): /system/priv-app/VpnDialogs changed; collecting certs
06-19 06:54:06.462 I/PackageManager( 1918): /system/priv-app/CellBroadcastReceiver changed; collecting certs
06-19 06:54:06.463 I/PackageManager( 1918): New shared user android.uid.calendar: id=10061
06-19 06:54:06.463 I/PackageManager( 1918): /system/priv-app/CalendarProvider changed; collecting certs
06-19 06:54:06.464 E/PackageManager( 1918): Adding duplicate app id: 10061 name=com.android.providers.calendar
06-19 06:54:06.467 W/PackageParser( 1918): Ignoring duplicate uses-permissions/uses-permissions-sdk-m: android.permission.INSTALL_GRANT_RUNTIME_PERMISSIONS in package: com.android.shell at: Binary XML file line #127
06-19 06:54:06.470 W/PackageParser( 1918): No actions in intent filter at /system/priv-app/GoogleRestorePrebuilt/GoogleRestorePrebuilt.apk Binary XML file line #93
06-19 06:54:06.473 I/PackageManager( 1918): /system/priv-app/Shell changed; collecting certs
06-19 06:54:06.474 E/PackageManager( 1918): Adding duplicate shared id: 2000 name=com.android.shell
06-19 06:54:06.475 I/PackageManager( 1918): /system/priv-app/GoogleRestorePrebuilt changed; collecting certs
06-19 06:54:06.476 I/PackageManager( 1918): /system/priv-app/NetworkStack changed; collecting certs
06-19 06:54:06.479 E/PackageManager( 1918): Adding duplicate shared id: 1073 name=com.google.android.networkstack
06-19 06:54:06.479 I/PackageManager( 1918): /system/priv-app/Tag changed; collecting certs
06-19 06:54:06.483 I/PackageManager( 1918): /system/priv-app/MmsService changed; collecting certs
06-19 06:54:06.484 E/PackageManager( 1918): Adding duplicate shared id: 1001 name=com.android.mms.service
06-19 06:54:06.484 I/PackageManager( 1918): /system/priv-app/StatementService changed; collecting certs
06-19 06:54:06.488 I/PackageManager( 1918): /system/priv-app/TimeZoneUpdater changed; collecting certs
06-19 06:54:06.495 I/PackageManager( 1918): /system/priv-app/InputDevices changed; collecting certs
06-19 06:54:06.496 E/PackageManager( 1918): Adding duplicate shared id: 1000 name=com.android.inputdevices
06-19 06:54:06.497 I/PackageManager( 1918): /system/priv-app/BackupRestoreConfirmation changed; collecting certs
06-19 06:54:06.501 I/PackageManager( 1918): /system/priv-app/SharedStorageBackup changed; collecting certs
06-19 06:54:06.502 I/PackageManager( 1918): /system/priv-app/DynamicSystemInstallationService changed; collecting certs
06-19 06:54:06.502 E/PackageManager( 1918): Adding duplicate shared id: 1000 name=com.android.dynsystem
06-19 06:54:06.505 I/PackageManager( 1918): /system/priv-app/TeleService changed; collecting certs
06-19 06:54:06.506 E/PackageManager( 1918): Adding duplicate shared id: 1001 name=com.android.phone
06-19 06:54:06.506 I/PackageManager( 1918): /system/priv-app/DocumentsUI changed; collecting certs
06-19 06:54:06.507 I/PackageManager( 1918): /system/priv-app/NetworkPermissionConfig changed; collecting certs
06-19 06:54:06.512 E/PackageManager( 1918): Adding duplicate shared id: 1073 name=com.google.android.networkstack.permissionconfig
06-19 06:54:06.512 I/PackageManager( 1918): /system/priv-app/ONS changed; collecting certs
06-19 06:54:06.513 E/PackageManager( 1918): Adding duplicate shared id: 1001 name=com.android.ons
06-19 06:54:06.513 I/PackageManager( 1918): /system/priv-app/MtpDocumentsProvider changed; collecting certs
06-19 06:54:06.514 I/ServiceManager( 1767): Waiting for service 'package_native' on '/dev/binder'...
06-19 06:54:06.516 E/PackageManager( 1918): Adding duplicate app id: 10057 name=com.android.mtp
06-19 06:54:06.516 I/PackageManager( 1918): /system/priv-app/SettingsProvider changed; collecting certs
06-19 06:54:06.518 E/PackageManager( 1918): Adding duplicate shared id: 1000 name=com.android.providers.settings
06-19 06:54:06.518 I/PackageManager( 1918): /system/priv-app/TelephonyProvider changed; collecting certs
06-19 06:54:06.519 E/PackageManager( 1918): Adding duplicate shared id: 1001 name=com.android.providers.telephony
06-19 06:54:06.520 I/PackageManager( 1918): /system/priv-app/MusicFX changed; collecting certs
06-19 06:54:06.520 I/PackageManager( 1918): /system/priv-app/BlockedNumberProvider changed; collecting certs
06-19 06:54:06.528 E/PackageManager( 1918): Adding duplicate app id: 10054 name=com.android.providers.blockednumber
06-19 06:54:06.532 I/PackageManager( 1918): /system/priv-app/ContactsProvider changed; collecting certs
06-19 06:54:06.533 E/PackageManager( 1918): Adding duplicate app id: 10054 name=com.android.providers.contacts
06-19 06:54:06.533 I/PackageManager( 1918): /system/priv-app/GoogleExtServices changed; collecting certs
06-19 06:54:06.536 I/PackageManager( 1918): /system/priv-app/ExternalStorageProvider changed; collecting certs
06-19 06:54:06.537 I/PackageManager( 1918): /system/priv-app/FusedLocation changed; collecting certs
06-19 06:54:06.538 E/PackageManager( 1918): Adding duplicate shared id: 1000 name=com.android.location.fused
06-19 06:54:06.538 I/PackageManager( 1918): /system/priv-app/MediaProvider changed; collecting certs
06-19 06:54:06.539 E/PackageManager( 1918): Adding duplicate app id: 10057 name=com.android.providers.media
06-19 06:54:06.541 I/PackageManager( 1918): /system/priv-app/CallLogBackup changed; collecting certs
06-19 06:54:06.541 E/PackageManager( 1918): Adding duplicate app id: 10054 name=com.android.calllogbackup
06-19 06:54:06.541 I/PackageManager( 1918): /system/priv-app/GoogleSdkSetup changed; collecting certs
06-19 06:54:06.542 I/PackageManager( 1918): /system/priv-app/LocalTransport changed; collecting certs
06-19 06:54:06.543 E/PackageManager( 1918): Adding duplicate shared id: 1000 name=com.android.localtransport
06-19 06:54:06.543 I/PackageManager( 1918): /system/priv-app/GooglePackageInstaller changed; collecting certs
06-19 06:54:06.563 E/        ( 1756): idmap failed, status=0x0100
06-19 06:54:06.564 E/PackageManager( 1918): Failed to generate idmap for /system/priv-app/GooglePermissionController/GooglePermissionController.apk and /product/overlay/GooglePermissionControllerOverlay.apk
06-19 06:54:06.569 I/PackageManager( 1918): /system/priv-app/Telecom changed; collecting certs
06-19 06:54:06.570 E/PackageManager( 1918): Adding duplicate shared id: 1000 name=com.android.server.telecom
06-19 06:54:06.571 I/PackageManager( 1918): /system/priv-app/GooglePermissionController changed; collecting certs
06-19 06:54:06.578 I/PackageManager( 1918): /system/app/BasicDreams changed; collecting certs
06-19 06:54:06.583 I/PackageManager( 1918): /system/app/CtsShimPrebuilt changed; collecting certs
06-19 06:54:06.589 I/PackageManager( 1918): /system/app/LiveWallpapersPicker changed; collecting certs
06-19 06:54:06.591 I/PackageManager( 1918): /system/app/PrintSpooler changed; collecting certs
06-19 06:54:06.594 I/PackageManager( 1918): /system/app/EasterEgg changed; collecting certs
06-19 06:54:06.595 I/PackageManager( 1918): /system/app/CompanionDeviceManager changed; collecting certs
06-19 06:54:06.596 I/PackageManager( 1918): /system/app/Traceur changed; collecting certs
06-19 06:54:06.603 I/PackageManager( 1918): /system/app/WallpaperBackup changed; collecting certs
06-19 06:54:06.603 E/PackageManager( 1918): Adding duplicate shared id: 1000 name=com.android.wallpaperbackup
06-19 06:54:06.604 I/PackageManager( 1918): /system/app/CaptivePortalLogin changed; collecting certs
06-19 06:54:06.606 W/PackageParser( 1918): Ignoring duplicate uses-permissions/uses-permissions-sdk-m: android.permission.READ_CONTACTS in package: com.android.bluetooth at: Binary XML file line #67
06-19 06:54:06.606 W/PackageParser( 1918): No actions in intent filter at /system/app/Bluetooth/Bluetooth.apk Binary XML file line #263
06-19 06:54:06.610 I/PackageManager( 1918): /system/app/SecureElement changed; collecting certs
06-19 06:54:06.611 E/PackageManager( 1918): Adding duplicate shared id: 1068 name=com.android.se
06-19 06:54:06.611 I/PackageManager( 1918): /system/app/Bluetooth changed; collecting certs
06-19 06:54:06.613 E/PackageManager( 1918): Adding duplicate shared id: 1002 name=com.android.bluetooth
06-19 06:54:06.614 I/ServiceManager( 1767): Waiting for service 'package_native' on '/dev/binder'...
06-19 06:54:06.616 I/PackageManager( 1918): /system/app/KeyChain changed; collecting certs
06-19 06:54:06.618 E/PackageManager( 1918): Adding duplicate shared id: 1000 name=com.android.keychain
06-19 06:54:06.618 I/PackageManager( 1918): /system/app/BookmarkProvider changed; collecting certs
06-19 06:54:06.619 I/PackageManager( 1918): /system/app/CertInstaller changed; collecting certs
06-19 06:54:06.622 I/PackageManager( 1918): /system/app/WAPPushManager changed; collecting certs
06-19 06:54:06.623 I/PackageManager( 1918): /system/app/RcsService changed; collecting certs
06-19 06:54:06.628 E/PackageManager( 1918): Adding duplicate shared id: 1001 name=com.android.service.ims
06-19 06:54:06.629 I/PackageManager( 1918): /system/app/KoreanIME changed; collecting certs
06-19 06:54:06.633 I/PackageManager( 1918): /system/app/SimAppDialog changed; collecting certs
06-19 06:54:06.635 I/PackageManager( 1918): /system/app/BuiltInPrintService changed; collecting certs
06-19 06:54:06.639 W/PackageParser( 1918): Ignoring duplicate uses-permissions/uses-permissions-sdk-m: android.permission.CHANGE_WIFI_STATE in package: com.android.nfc at: Binary XML file line #52
06-19 06:54:06.639 W/PackageParser( 1918): Ignoring duplicate uses-permissions/uses-permissions-sdk-m: android.permission.ACCESS_WIFI_STATE in package: com.android.nfc at: Binary XML file line #53
06-19 06:54:06.639 I/PackageManager( 1918): /system/app/LicenseChecker changed; collecting certs
06-19 06:54:06.640 I/PackageManager( 1918): /system/app/BluetoothMidiService changed; collecting certs
06-19 06:54:06.641 I/PackageManager( 1918): /system/app/OsuLogin changed; collecting certs
06-19 06:54:06.645 I/PackageManager( 1918): /system/app/PartnerBookmarksProvider changed; collecting certs
06-19 06:54:06.645 I/PackageManager( 1918): /system/app/NfcNci changed; collecting certs
06-19 06:54:06.649 E/PackageManager( 1918): Adding duplicate shared id: 1027 name=com.android.nfc
06-19 06:54:06.649 I/PackageManager( 1918): /system/app/PresencePolling changed; collecting certs
06-19 06:54:06.650 E/PackageManager( 1918): Adding duplicate shared id: 1001 name=com.android.service.ims.presence
06-19 06:54:06.650 I/PackageManager( 1918): /system/app/PacProcessor changed; collecting certs
06-19 06:54:06.652 I/PackageManager( 1918): /system/app/GooglePrintRecommendationService changed; collecting certs
06-19 06:54:06.659 I/PackageManager( 1918): /system/app/GoogleHindiIME changed; collecting certs
06-19 06:54:06.663 I/PackageManager( 1918): /system/app/GooglePinyinIME changed; collecting certs
06-19 06:54:06.667 I/PackageManager( 1918): /system/app/WallpapersUsTwo changed; collecting certs
06-19 06:54:06.668 I/PackageManager( 1918): /system/app/SafetyRegulatoryInfo changed; collecting certs
06-19 06:54:06.669 I/PackageManager( 1918): /system/app/GoogleExtShared changed; collecting certs
06-19 06:54:06.670 I/PackageManager( 1918): /system/app/HTMLViewer changed; collecting certs
06-19 06:54:06.670 I/PackageManager( 1918): /system/app/Stk changed; collecting certs
06-19 06:54:06.671 E/PackageManager( 1918): Adding duplicate shared id: 1001 name=com.android.stk
06-19 06:54:06.673 W/PackageParser( 1918): No actions in intent filter at /system/app/CarrierDefaultApp/CarrierDefaultApp.apk Binary XML file line #43
06-19 06:54:06.674 I/PackageManager( 1918): /system/app/CarrierDefaultApp changed; collecting certs
06-19 06:54:06.675 D/PackageManager( 1918): No files in app dir /vendor/priv-app
06-19 06:54:06.675 D/PackageManager( 1918): No files in app dir /vendor/app
06-19 06:54:06.675 D/PackageManager( 1918): No files in app dir /odm/priv-app
06-19 06:54:06.675 D/PackageManager( 1918): No files in app dir /odm/app
06-19 06:54:06.675 D/PackageManager( 1918): No files in app dir /oem/app
06-19 06:54:06.681 I/PackageManager( 1918): /system/product/priv-app/GoogleFeedback changed; collecting certs
06-19 06:54:06.689 I/PackageManager( 1918): /system/product/priv-app/SettingsIntelligence changed; collecting certs
06-19 06:54:06.694 I/PackageManager( 1918): /system/product/priv-app/ConfigUpdater changed; collecting certs
06-19 06:54:06.706 I/PackageManager( 1918): /system/product/priv-app/WallpaperPickerGooglePrebuilt changed; collecting certs
06-19 06:54:06.712 W/PackageParser( 1918): Unknown element under <manifest>: meta-data at /system/product/priv-app/Dialer/Dialer.apk Binary XML file line #115
06-19 06:54:06.714 I/ServiceManager( 1767): Waiting for service 'package_native' on '/dev/binder'...
06-19 06:54:06.715 I/PackageManager( 1918): /system/product/priv-app/GoogleANGLE changed; collecting certs
06-19 06:54:06.724 I/PackageManager( 1918): /system/product/priv-app/Dialer changed; collecting certs
06-19 06:54:06.737 I/PackageManager( 1918): /system/product/priv-app/NexusLauncherRelease changed; collecting certs
06-19 06:54:06.759 I/PackageManager( 1918): /system/product/priv-app/SetupWizardPrebuilt changed; collecting certs
06-19 06:54:06.768 I/PackageManager( 1918): /system/product/priv-app/GoogleOneTimeInitializer changed; collecting certs
06-19 06:54:06.770 W/PackageParser( 1918): No actions in intent filter at /system/product/priv-app/Contacts/Contacts.apk Binary XML file line #411
06-19 06:54:06.773 I/PackageManager( 1918): /system/product/priv-app/CarrierConfig changed; collecting certs
06-19 06:54:06.774 I/PackageManager( 1918): /system/product/priv-app/Contacts changed; collecting certs
06-19 06:54:06.777 W/PackageParser( 1918): No actions in intent filter at /system/product/priv-app/AndroidAutoFullPrebuilt/AndroidAutoFullPrebuilt.apk Binary XML file line #1276
06-19 06:54:06.779 W/PackageParser( 1918): Ignoring duplicate uses-permissions/uses-permissions-sdk-m: android.permission.CONFIGURE_WIFI_DISPLAY in package: com.android.systemui at: Binary XML file line #158
06-19 06:54:06.781 I/PackageManager( 1918): New shared user com.google.android.projection.gearhead: id=10113
06-19 06:54:06.781 I/PackageManager( 1918): /system/product/priv-app/AndroidAutoFullPrebuilt changed; collecting certs
06-19 06:54:06.784 E/PackageManager( 1918): Adding duplicate app id: 10113 name=com.google.android.projection.gearhead
06-19 06:54:06.785 I/PackageManager( 1918): New shared user com.android.uid.omadm.service: id=10114
06-19 06:54:06.785 I/PackageManager( 1918): /system/product/priv-app/DMService changed; collecting certs
06-19 06:54:06.785 I/PackageParser( 1918): Parse times for '/system/product/priv-app/SystemUIGoogle': parse=102ms, update_cache=5 ms
06-19 06:54:06.786 E/PackageManager( 1918): Adding duplicate app id: 10114 name=com.android.omadm.service
06-19 06:54:06.786 I/PackageManager( 1918): New shared user android.uid.systemui: id=10115
06-19 06:54:06.786 I/PackageManager( 1918): /system/product/priv-app/SystemUIGoogle changed; collecting certs
06-19 06:54:06.788 E/PackageManager( 1918): Adding duplicate app id: 10115 name=com.android.systemui
06-19 06:54:06.792 W/PackageParser( 1918): Ignoring duplicate uses-permissions/uses-permissions-sdk-m: android.permission.READ_PRIVILEGED_PHONE_STATE in package: com.google.android.partnersetup at: Binary XML file line #56
06-19 06:54:06.794 I/PackageManager( 1918): /system/product/priv-app/GooglePartnerSetup changed; collecting certs
06-19 06:54:06.807 I/PackageManager( 1918): /system/product/priv-app/StorageManager changed; collecting certs
06-19 06:54:06.811 I/PackageManager( 1918): New shared user com.google.uid.shared: id=10118
06-19 06:54:06.811 I/PackageManager( 1918): /system/product/priv-app/GoogleServicesFramework changed; collecting certs
06-19 06:54:06.812 E/PackageManager( 1918): Adding duplicate app id: 10118 name=com.google.android.gsf
06-19 06:54:06.814 I/ServiceManager( 1767): Waiting for service 'package_native' on '/dev/binder'...
06-19 06:54:06.815 I/PackageManager( 1918): /system/product/priv-app/CarrierServices changed; collecting certs
06-19 06:54:06.817 I/PackageManager( 1918): /system/product/priv-app/AndroidMigratePrebuilt changed; collecting certs
06-19 06:54:06.845 I/PackageManager( 1918): New shared user com.android.emergency.uid: id=10121
06-19 06:54:06.845 I/PackageManager( 1918): /system/product/priv-app/EmergencyInfo changed; collecting certs
06-19 06:54:06.848 E/PackageManager( 1918): Adding duplicate app id: 10121 name=com.android.emergency
06-19 06:54:06.864 W/PackageParser( 1918): Unknown element under <manifest>: attribution at /system/product/priv-app/PrebuiltGmsCore/PrebuiltGmsCore.apk Binary XML file line #5
06-19 06:54:06.864 W/PackageParser( 1918): Unknown element under <manifest>: attribution at /system/product/priv-app/PrebuiltGmsCore/PrebuiltGmsCore.apk Binary XML file line #6
06-19 06:54:06.864 W/PackageParser( 1918): Unknown element under <manifest>: attribution at /system/product/priv-app/PrebuiltGmsCore/PrebuiltGmsCore.apk Binary XML file line #7
06-19 06:54:06.864 W/PackageParser( 1918): Unknown element under <manifest>: attribution at /system/product/priv-app/PrebuiltGmsCore/PrebuiltGmsCore.apk Binary XML file line #8
06-19 06:54:06.864 W/PackageParser( 1918): Unknown element under <manifest>: attribution at /system/product/priv-app/PrebuiltGmsCore/PrebuiltGmsCore.apk Binary XML file line #9
06-19 06:54:06.864 W/PackageParser( 1918): Unknown element under <manifest>: attribution at /system/product/priv-app/PrebuiltGmsCore/PrebuiltGmsCore.apk Binary XML file line #10
06-19 06:54:06.864 W/PackageParser( 1918): Unknown element under <manifest>: attribution at /system/product/priv-app/PrebuiltGmsCore/PrebuiltGmsCore.apk Binary XML file line #11
06-19 06:54:06.864 W/PackageParser( 1918): Unknown element under <manifest>: attribution at /system/product/priv-app/PrebuiltGmsCore/PrebuiltGmsCore.apk Binary XML file line #12
06-19 06:54:06.864 W/PackageParser( 1918): Unknown element under <manifest>: attribution at /system/product/priv-app/PrebuiltGmsCore/PrebuiltGmsCore.apk Binary XML file line #13
06-19 06:54:06.864 W/PackageParser( 1918): Unknown element under <manifest>: attribution at /system/product/priv-app/PrebuiltGmsCore/PrebuiltGmsCore.apk Binary XML file line #14
06-19 06:54:06.864 W/PackageParser( 1918): Unknown element under <manifest>: attribution at /system/product/priv-app/PrebuiltGmsCore/PrebuiltGmsCore.apk Binary XML file line #15
06-19 06:54:06.864 W/PackageParser( 1918): Unknown element under <manifest>: attribution at /system/product/priv-app/PrebuiltGmsCore/PrebuiltGmsCore.apk Binary XML file line #16
06-19 06:54:06.864 W/PackageParser( 1918): Unknown element under <manifest>: attribution at /system/product/priv-app/PrebuiltGmsCore/PrebuiltGmsCore.apk Binary XML file line #17
06-19 06:54:06.864 W/PackageParser( 1918): Unknown element under <manifest>: attribution at /system/product/priv-app/PrebuiltGmsCore/PrebuiltGmsCore.apk Binary XML file line #18
06-19 06:54:06.864 W/PackageParser( 1918): Unknown element under <manifest>: attribution at /system/product/priv-app/PrebuiltGmsCore/PrebuiltGmsCore.apk Binary XML file line #19
06-19 06:54:06.865 W/PackageParser( 1918): Unknown element under <manifest>: attribution at /system/product/priv-app/PrebuiltGmsCore/PrebuiltGmsCore.apk Binary XML file line #20
06-19 06:54:06.865 W/PackageParser( 1918): Unknown element under <manifest>: attribution at /system/product/priv-app/PrebuiltGmsCore/PrebuiltGmsCore.apk Binary XML file line #21
06-19 06:54:06.865 W/PackageParser( 1918): Unknown element under <manifest>: attribution at /system/product/priv-app/PrebuiltGmsCore/PrebuiltGmsCore.apk Binary XML file line #22
06-19 06:54:06.865 W/PackageParser( 1918): Unknown element under <manifest>: attribution at /system/product/priv-app/PrebuiltGmsCore/PrebuiltGmsCore.apk Binary XML file line #23
06-19 06:54:06.865 W/PackageParser( 1918): Unknown element under <manifest>: attribution at /system/product/priv-app/PrebuiltGmsCore/PrebuiltGmsCore.apk Binary XML file line #24
06-19 06:54:06.865 W/PackageParser( 1918): Unknown element under <manifest>: attribution at /system/product/priv-app/PrebuiltGmsCore/PrebuiltGmsCore.apk Binary XML file line #25
06-19 06:54:06.865 W/PackageParser( 1918): Unknown element under <manifest>: attribution at /system/product/priv-app/PrebuiltGmsCore/PrebuiltGmsCore.apk Binary XML file line #26
06-19 06:54:06.865 W/PackageParser( 1918): Unknown element under <manifest>: attribution at /system/product/priv-app/PrebuiltGmsCore/PrebuiltGmsCore.apk Binary XML file line #27
06-19 06:54:06.865 W/PackageParser( 1918): Unknown element under <manifest>: attribution at /system/product/priv-app/PrebuiltGmsCore/PrebuiltGmsCore.apk Binary XML file line #28
06-19 06:54:06.865 W/PackageParser( 1918): Unknown element under <manifest>: attribution at /system/product/priv-app/PrebuiltGmsCore/PrebuiltGmsCore.apk Binary XML file line #29
06-19 06:54:06.865 W/PackageParser( 1918): Unknown element under <manifest>: attribution at /system/product/priv-app/PrebuiltGmsCore/PrebuiltGmsCore.apk Binary XML file line #30
06-19 06:54:06.865 W/PackageParser( 1918): Unknown element under <manifest>: attribution at /system/product/priv-app/PrebuiltGmsCore/PrebuiltGmsCore.apk Binary XML file line #31
06-19 06:54:06.865 W/PackageParser( 1918): Unknown element under <manifest>: attribution at /system/product/priv-app/PrebuiltGmsCore/PrebuiltGmsCore.apk Binary XML file line #32
06-19 06:54:06.865 W/PackageParser( 1918): Unknown element under <manifest>: attribution at /system/product/priv-app/PrebuiltGmsCore/PrebuiltGmsCore.apk Binary XML file line #33
06-19 06:54:06.865 W/PackageParser( 1918): Unknown element under <manifest>: attribution at /system/product/priv-app/PrebuiltGmsCore/PrebuiltGmsCore.apk Binary XML file line #34
06-19 06:54:06.865 W/PackageParser( 1918): Unknown element under <manifest>: attribution at /system/product/priv-app/PrebuiltGmsCore/PrebuiltGmsCore.apk Binary XML file line #35
06-19 06:54:06.865 W/PackageParser( 1918): Unknown element under <manifest>: attribution at /system/product/priv-app/PrebuiltGmsCore/PrebuiltGmsCore.apk Binary XML file line #36
06-19 06:54:06.865 W/PackageParser( 1918): Unknown element under <manifest>: attribution at /system/product/priv-app/PrebuiltGmsCore/PrebuiltGmsCore.apk Binary XML file line #37
06-19 06:54:06.865 W/PackageParser( 1918): Unknown element under <manifest>: attribution at /system/product/priv-app/PrebuiltGmsCore/PrebuiltGmsCore.apk Binary XML file line #38
06-19 06:54:06.865 W/PackageParser( 1918): Unknown element under <manifest>: attribution at /system/product/priv-app/PrebuiltGmsCore/PrebuiltGmsCore.apk Binary XML file line #39
06-19 06:54:06.865 W/PackageParser( 1918): Unknown element under <manifest>: attribution at /system/product/priv-app/PrebuiltGmsCore/PrebuiltGmsCore.apk Binary XML file line #40
06-19 06:54:06.865 W/PackageParser( 1918): Unknown element under <manifest>: attribution at /system/product/priv-app/PrebuiltGmsCore/PrebuiltGmsCore.apk Binary XML file line #41
06-19 06:54:06.865 W/PackageParser( 1918): Unknown element under <manifest>: attribution at /system/product/priv-app/PrebuiltGmsCore/PrebuiltGmsCore.apk Binary XML file line #42
06-19 06:54:06.865 W/PackageParser( 1918): Unknown element under <manifest>: attribution at /system/product/priv-app/PrebuiltGmsCore/PrebuiltGmsCore.apk Binary XML file line #43
06-19 06:54:06.865 W/PackageParser( 1918): Unknown element under <manifest>: attribution at /system/product/priv-app/PrebuiltGmsCore/PrebuiltGmsCore.apk Binary XML file line #44
06-19 06:54:06.865 W/PackageParser( 1918): Unknown element under <manifest>: attribution at /system/product/priv-app/PrebuiltGmsCore/PrebuiltGmsCore.apk Binary XML file line #45
06-19 06:54:06.865 W/PackageParser( 1918): Unknown element under <manifest>: attribution at /system/product/priv-app/PrebuiltGmsCore/PrebuiltGmsCore.apk Binary XML file line #46
06-19 06:54:06.865 W/PackageParser( 1918): Unknown element under <manifest>: attribution at /system/product/priv-app/PrebuiltGmsCore/PrebuiltGmsCore.apk Binary XML file line #47
06-19 06:54:06.865 W/PackageParser( 1918): Unknown element under <manifest>: attribution at /system/product/priv-app/PrebuiltGmsCore/PrebuiltGmsCore.apk Binary XML file line #48
06-19 06:54:06.865 W/PackageParser( 1918): Unknown element under <manifest>: attribution at /system/product/priv-app/PrebuiltGmsCore/PrebuiltGmsCore.apk Binary XML file line #49
06-19 06:54:06.865 W/PackageParser( 1918): Unknown element under <manifest>: attribution at /system/product/priv-app/PrebuiltGmsCore/PrebuiltGmsCore.apk Binary XML file line #50
06-19 06:54:06.865 W/PackageParser( 1918): Unknown element under <manifest>: attribution at /system/product/priv-app/PrebuiltGmsCore/PrebuiltGmsCore.apk Binary XML file line #51
06-19 06:54:06.865 W/PackageParser( 1918): Unknown element under <manifest>: attribution at /system/product/priv-app/PrebuiltGmsCore/PrebuiltGmsCore.apk Binary XML file line #52
06-19 06:54:06.865 W/PackageParser( 1918): Unknown element under <manifest>: attribution at /system/product/priv-app/PrebuiltGmsCore/PrebuiltGmsCore.apk Binary XML file line #53
06-19 06:54:06.865 W/PackageParser( 1918): Unknown element under <manifest>: attribution at /system/product/priv-app/PrebuiltGmsCore/PrebuiltGmsCore.apk Binary XML file line #54
06-19 06:54:06.865 W/PackageParser( 1918): Unknown element under <manifest>: attribution at /system/product/priv-app/PrebuiltGmsCore/PrebuiltGmsCore.apk Binary XML file line #55
06-19 06:54:06.865 W/PackageParser( 1918): Unknown element under <manifest>: attribution at /system/product/priv-app/PrebuiltGmsCore/PrebuiltGmsCore.apk Binary XML file line #56
06-19 06:54:06.865 W/PackageParser( 1918): Unknown element under <manifest>: attribution at /system/product/priv-app/PrebuiltGmsCore/PrebuiltGmsCore.apk Binary XML file line #57
06-19 06:54:06.865 W/PackageParser( 1918): Unknown element under <manifest>: attribution at /system/product/priv-app/PrebuiltGmsCore/PrebuiltGmsCore.apk Binary XML file line #58
06-19 06:54:06.865 W/PackageParser( 1918): Unknown element under <manifest>: attribution at /system/product/priv-app/PrebuiltGmsCore/PrebuiltGmsCore.apk Binary XML file line #59
06-19 06:54:06.865 W/PackageParser( 1918): Unknown element under <manifest>: attribution at /system/product/priv-app/PrebuiltGmsCore/PrebuiltGmsCore.apk Binary XML file line #60
06-19 06:54:06.865 W/PackageParser( 1918): Unknown element under <manifest>: attribution at /system/product/priv-app/PrebuiltGmsCore/PrebuiltGmsCore.apk Binary XML file line #61
06-19 06:54:06.865 W/PackageParser( 1918): Unknown element under <manifest>: attribution at /system/product/priv-app/PrebuiltGmsCore/PrebuiltGmsCore.apk Binary XML file line #62
06-19 06:54:06.865 W/PackageParser( 1918): Unknown element under <manifest>: attribution at /system/product/priv-app/PrebuiltGmsCore/PrebuiltGmsCore.apk Binary XML file line #63
06-19 06:54:06.865 W/PackageParser( 1918): Unknown element under <manifest>: attribution at /system/product/priv-app/PrebuiltGmsCore/PrebuiltGmsCore.apk Binary XML file line #64
06-19 06:54:06.865 W/PackageParser( 1918): Unknown element under <manifest>: attribution at /system/product/priv-app/PrebuiltGmsCore/PrebuiltGmsCore.apk Binary XML file line #65
06-19 06:54:06.865 W/PackageParser( 1918): Unknown element under <manifest>: attribution at /system/product/priv-app/PrebuiltGmsCore/PrebuiltGmsCore.apk Binary XML file line #66
06-19 06:54:06.865 W/PackageParser( 1918): Unknown element under <manifest>: attribution at /system/product/priv-app/PrebuiltGmsCore/PrebuiltGmsCore.apk Binary XML file line #67
06-19 06:54:06.865 W/PackageParser( 1918): Unknown element under <manifest>: attribution at /system/product/priv-app/PrebuiltGmsCore/PrebuiltGmsCore.apk Binary XML file line #68
06-19 06:54:06.865 W/PackageParser( 1918): Unknown element under <manifest>: attribution at /system/product/priv-app/PrebuiltGmsCore/PrebuiltGmsCore.apk Binary XML file line #69
06-19 06:54:06.865 W/PackageParser( 1918): Unknown element under <manifest>: attribution at /system/product/priv-app/PrebuiltGmsCore/PrebuiltGmsCore.apk Binary XML file line #70
06-19 06:54:06.865 W/PackageParser( 1918): Unknown element under <manifest>: attribution at /system/product/priv-app/PrebuiltGmsCore/PrebuiltGmsCore.apk Binary XML file line #71
06-19 06:54:06.865 W/PackageParser( 1918): Unknown element under <manifest>: attribution at /system/product/priv-app/PrebuiltGmsCore/PrebuiltGmsCore.apk Binary XML file line #72
06-19 06:54:06.865 W/PackageParser( 1918): Unknown element under <manifest>: attribution at /system/product/priv-app/PrebuiltGmsCore/PrebuiltGmsCore.apk Binary XML file line #73
06-19 06:54:06.865 W/PackageParser( 1918): Unknown element under <manifest>: attribution at /system/product/priv-app/PrebuiltGmsCore/PrebuiltGmsCore.apk Binary XML file line #74
06-19 06:54:06.865 W/PackageParser( 1918): Unknown element under <manifest>: attribution at /system/product/priv-app/PrebuiltGmsCore/PrebuiltGmsCore.apk Binary XML file line #75
06-19 06:54:06.865 W/PackageParser( 1918): Unknown element under <manifest>: attribution at /system/product/priv-app/PrebuiltGmsCore/PrebuiltGmsCore.apk Binary XML file line #76
06-19 06:54:06.865 W/PackageParser( 1918): Unknown element under <manifest>: attribution at /system/product/priv-app/PrebuiltGmsCore/PrebuiltGmsCore.apk Binary XML file line #77
06-19 06:54:06.865 W/PackageParser( 1918): Unknown element under <manifest>: attribution at /system/product/priv-app/PrebuiltGmsCore/PrebuiltGmsCore.apk Binary XML file line #78
06-19 06:54:06.865 W/PackageParser( 1918): Unknown element under <manifest>: attribution at /system/product/priv-app/PrebuiltGmsCore/PrebuiltGmsCore.apk Binary XML file line #79
06-19 06:54:06.865 W/PackageParser( 1918): Unknown element under <manifest>: attribution at /system/product/priv-app/PrebuiltGmsCore/PrebuiltGmsCore.apk Binary XML file line #80
06-19 06:54:06.865 W/PackageParser( 1918): Unknown element under <manifest>: attribution at /system/product/priv-app/PrebuiltGmsCore/PrebuiltGmsCore.apk Binary XML file line #81
06-19 06:54:06.866 W/PackageParser( 1918): Unknown element under <manifest>: attribution at /system/product/priv-app/PrebuiltGmsCore/PrebuiltGmsCore.apk Binary XML file line #82
06-19 06:54:06.866 W/PackageParser( 1918): Unknown element under <manifest>: attribution at /system/product/priv-app/PrebuiltGmsCore/PrebuiltGmsCore.apk Binary XML file line #83
06-19 06:54:06.866 W/PackageParser( 1918): Unknown element under <manifest>: attribution at /system/product/priv-app/PrebuiltGmsCore/PrebuiltGmsCore.apk Binary XML file line #84
06-19 06:54:06.866 W/PackageParser( 1918): Unknown element under <manifest>: attribution at /system/product/priv-app/PrebuiltGmsCore/PrebuiltGmsCore.apk Binary XML file line #85
06-19 06:54:06.866 W/PackageParser( 1918): Unknown element under <manifest>: attribution at /system/product/priv-app/PrebuiltGmsCore/PrebuiltGmsCore.apk Binary XML file line #86
06-19 06:54:06.866 W/PackageParser( 1918): Unknown element under <manifest>: attribution at /system/product/priv-app/PrebuiltGmsCore/PrebuiltGmsCore.apk Binary XML file line #87
06-19 06:54:06.866 W/PackageParser( 1918): Unknown element under <manifest>: attribution at /system/product/priv-app/PrebuiltGmsCore/PrebuiltGmsCore.apk Binary XML file line #88
06-19 06:54:06.866 W/PackageParser( 1918): Unknown element under <manifest>: attribution at /system/product/priv-app/PrebuiltGmsCore/PrebuiltGmsCore.apk Binary XML file line #89
06-19 06:54:06.866 W/PackageParser( 1918): Unknown element under <manifest>: attribution at /system/product/priv-app/PrebuiltGmsCore/PrebuiltGmsCore.apk Binary XML file line #90
06-19 06:54:06.866 W/PackageParser( 1918): Unknown element under <manifest>: attribution at /system/product/priv-app/PrebuiltGmsCore/PrebuiltGmsCore.apk Binary XML file line #91
06-19 06:54:06.866 W/PackageParser( 1918): Unknown element under <manifest>: attribution at /system/product/priv-app/PrebuiltGmsCore/PrebuiltGmsCore.apk Binary XML file line #92
06-19 06:54:06.866 W/PackageParser( 1918): Unknown element under <manifest>: attribution at /system/product/priv-app/PrebuiltGmsCore/PrebuiltGmsCore.apk Binary XML file line #93
06-19 06:54:06.866 W/PackageParser( 1918): Unknown element under <manifest>: attribution at /system/product/priv-app/PrebuiltGmsCore/PrebuiltGmsCore.apk Binary XML file line #94
06-19 06:54:06.866 W/PackageParser( 1918): Unknown element under <manifest>: attribution at /system/product/priv-app/PrebuiltGmsCore/PrebuiltGmsCore.apk Binary XML file line #95
06-19 06:54:06.866 W/PackageParser( 1918): Unknown element under <manifest>: attribution at /system/product/priv-app/PrebuiltGmsCore/PrebuiltGmsCore.apk Binary XML file line #96
06-19 06:54:06.866 W/PackageParser( 1918): Unknown element under <manifest>: attribution at /system/product/priv-app/PrebuiltGmsCore/PrebuiltGmsCore.apk Binary XML file line #97
06-19 06:54:06.866 W/PackageParser( 1918): Unknown element under <manifest>: attribution at /system/product/priv-app/PrebuiltGmsCore/PrebuiltGmsCore.apk Binary XML file line #98
06-19 06:54:06.866 W/PackageParser( 1918): Unknown element under <manifest>: attribution at /system/product/priv-app/PrebuiltGmsCore/PrebuiltGmsCore.apk Binary XML file line #99
06-19 06:54:06.866 W/PackageParser( 1918): Unknown element under <manifest>: attribution at /system/product/priv-app/PrebuiltGmsCore/PrebuiltGmsCore.apk Binary XML file line #100
06-19 06:54:06.866 W/PackageParser( 1918): Unknown element under <manifest>: attribution at /system/product/priv-app/PrebuiltGmsCore/PrebuiltGmsCore.apk Binary XML file line #101
06-19 06:54:06.866 W/PackageParser( 1918): Unknown element under <manifest>: attribution at /system/product/priv-app/PrebuiltGmsCore/PrebuiltGmsCore.apk Binary XML file line #102
06-19 06:54:06.866 W/PackageParser( 1918): Unknown element under <manifest>: attribution at /system/product/priv-app/PrebuiltGmsCore/PrebuiltGmsCore.apk Binary XML file line #103
06-19 06:54:06.866 W/PackageParser( 1918): Unknown element under <manifest>: attribution at /system/product/priv-app/PrebuiltGmsCore/PrebuiltGmsCore.apk Binary XML file line #104
06-19 06:54:06.866 W/PackageParser( 1918): Unknown element under <manifest>: attribution at /system/product/priv-app/PrebuiltGmsCore/PrebuiltGmsCore.apk Binary XML file line #105
06-19 06:54:06.866 W/PackageParser( 1918): Unknown element under <manifest>: attribution at /system/product/priv-app/PrebuiltGmsCore/PrebuiltGmsCore.apk Binary XML file line #106
06-19 06:54:06.866 W/PackageParser( 1918): Unknown element under <manifest>: attribution at /system/product/priv-app/PrebuiltGmsCore/PrebuiltGmsCore.apk Binary XML file line #107
06-19 06:54:06.866 W/PackageParser( 1918): Unknown element under <manifest>: attribution at /system/product/priv-app/PrebuiltGmsCore/PrebuiltGmsCore.apk Binary XML file line #108
06-19 06:54:06.866 W/PackageParser( 1918): Unknown element under <manifest>: attribution at /system/product/priv-app/PrebuiltGmsCore/PrebuiltGmsCore.apk Binary XML file line #109
06-19 06:54:06.866 W/PackageParser( 1918): Unknown element under <manifest>: attribution at /system/product/priv-app/PrebuiltGmsCore/PrebuiltGmsCore.apk Binary XML file line #110
06-19 06:54:06.866 W/PackageParser( 1918): Unknown element under <manifest>: attribution at /system/product/priv-app/PrebuiltGmsCore/PrebuiltGmsCore.apk Binary XML file line #111
06-19 06:54:06.866 W/PackageParser( 1918): Unknown element under <manifest>: attribution at /system/product/priv-app/PrebuiltGmsCore/PrebuiltGmsCore.apk Binary XML file line #112
06-19 06:54:06.866 W/PackageParser( 1918): Unknown element under <manifest>: attribution at /system/product/priv-app/PrebuiltGmsCore/PrebuiltGmsCore.apk Binary XML file line #113
06-19 06:54:06.866 W/PackageParser( 1918): Unknown element under <manifest>: attribution at /system/product/priv-app/PrebuiltGmsCore/PrebuiltGmsCore.apk Binary XML file line #114
06-19 06:54:06.866 W/PackageParser( 1918): Unknown element under <manifest>: attribution at /system/product/priv-app/PrebuiltGmsCore/PrebuiltGmsCore.apk Binary XML file line #115
06-19 06:54:06.866 W/PackageParser( 1918): Unknown element under <manifest>: attribution at /system/product/priv-app/PrebuiltGmsCore/PrebuiltGmsCore.apk Binary XML file line #116
06-19 06:54:06.866 W/PackageParser( 1918): Unknown element under <manifest>: attribution at /system/product/priv-app/PrebuiltGmsCore/PrebuiltGmsCore.apk Binary XML file line #117
06-19 06:54:06.866 W/PackageParser( 1918): Unknown element under <manifest>: attribution at /system/product/priv-app/PrebuiltGmsCore/PrebuiltGmsCore.apk Binary XML file line #118
06-19 06:54:06.866 W/PackageParser( 1918): Unknown element under <manifest>: attribution at /system/product/priv-app/PrebuiltGmsCore/PrebuiltGmsCore.apk Binary XML file line #119
06-19 06:54:06.866 W/PackageParser( 1918): Unknown element under <manifest>: attribution at /system/product/priv-app/PrebuiltGmsCore/PrebuiltGmsCore.apk Binary XML file line #120
06-19 06:54:06.866 W/PackageParser( 1918): Unknown element under <manifest>: attribution at /system/product/priv-app/PrebuiltGmsCore/PrebuiltGmsCore.apk Binary XML file line #121
06-19 06:54:06.866 W/PackageParser( 1918): Unknown element under <manifest>: attribution at /system/product/priv-app/PrebuiltGmsCore/PrebuiltGmsCore.apk Binary XML file line #122
06-19 06:54:06.866 W/PackageParser( 1918): Unknown element under <manifest>: attribution at /system/product/priv-app/PrebuiltGmsCore/PrebuiltGmsCore.apk Binary XML file line #123
06-19 06:54:06.866 W/PackageParser( 1918): Unknown element under <manifest>: attribution at /system/product/priv-app/PrebuiltGmsCore/PrebuiltGmsCore.apk Binary XML file line #124
06-19 06:54:06.866 W/PackageParser( 1918): Unknown element under <manifest>: attribution at /system/product/priv-app/PrebuiltGmsCore/PrebuiltGmsCore.apk Binary XML file line #125
06-19 06:54:06.866 W/PackageParser( 1918): Unknown element under <manifest>: attribution at /system/product/priv-app/PrebuiltGmsCore/PrebuiltGmsCore.apk Binary XML file line #126
06-19 06:54:06.866 W/PackageParser( 1918): Unknown element under <manifest>: attribution at /system/product/priv-app/PrebuiltGmsCore/PrebuiltGmsCore.apk Binary XML file line #127
06-19 06:54:06.866 W/PackageParser( 1918): Unknown element under <manifest>: attribution at /system/product/priv-app/PrebuiltGmsCore/PrebuiltGmsCore.apk Binary XML file line #128
06-19 06:54:06.866 W/PackageParser( 1918): Unknown element under <manifest>: attribution at /system/product/priv-app/PrebuiltGmsCore/PrebuiltGmsCore.apk Binary XML file line #129
06-19 06:54:06.866 W/PackageParser( 1918): Unknown element under <manifest>: attribution at /system/product/priv-app/PrebuiltGmsCore/PrebuiltGmsCore.apk Binary XML file line #130
06-19 06:54:06.866 W/PackageParser( 1918): Unknown element under <manifest>: attribution at /system/product/priv-app/PrebuiltGmsCore/PrebuiltGmsCore.apk Binary XML file line #131
06-19 06:54:06.866 W/PackageParser( 1918): Unknown element under <manifest>: attribution at /system/product/priv-app/PrebuiltGmsCore/PrebuiltGmsCore.apk Binary XML file line #132
06-19 06:54:06.866 W/PackageParser( 1918): Unknown element under <manifest>: attribution at /system/product/priv-app/PrebuiltGmsCore/PrebuiltGmsCore.apk Binary XML file line #133
06-19 06:54:06.866 W/PackageParser( 1918): Unknown element under <manifest>: attribution at /system/product/priv-app/PrebuiltGmsCore/PrebuiltGmsCore.apk Binary XML file line #134
06-19 06:54:06.866 W/PackageParser( 1918): Unknown element under <manifest>: attribution at /system/product/priv-app/PrebuiltGmsCore/PrebuiltGmsCore.apk Binary XML file line #135
06-19 06:54:06.866 W/PackageParser( 1918): Unknown element under <manifest>: attribution at /system/product/priv-app/PrebuiltGmsCore/PrebuiltGmsCore.apk Binary XML file line #136
06-19 06:54:06.866 W/PackageParser( 1918): Unknown element under <manifest>: attribution at /system/product/priv-app/PrebuiltGmsCore/PrebuiltGmsCore.apk Binary XML file line #137
06-19 06:54:06.866 W/PackageParser( 1918): Unknown element under <manifest>: attribution at /system/product/priv-app/PrebuiltGmsCore/PrebuiltGmsCore.apk Binary XML file line #138
06-19 06:54:06.866 W/PackageParser( 1918): Unknown element under <manifest>: attribution at /system/product/priv-app/PrebuiltGmsCore/PrebuiltGmsCore.apk Binary XML file line #139
06-19 06:54:06.866 W/PackageParser( 1918): Unknown element under <manifest>: attribution at /system/product/priv-app/PrebuiltGmsCore/PrebuiltGmsCore.apk Binary XML file line #140
