06-19 06:54:06.871 W/PackageParser( 1918): Unknown element under <manifest>: queries at /system/product/priv-app/PrebuiltGmsCore/PrebuiltGmsCore.apk Binary XML file line #544
06-19 06:54:06.916 I/PackageParser( 1918): Parse times for '/system/product/priv-app/PrebuiltGmsCore': parse=66ms, update_cache=37 ms
06-19 06:54:06.916 I/PackageManager( 1918): /system/product/priv-app/PrebuiltGmsCore changed; collecting certs
06-19 06:54:06.917 I/ServiceManager( 1767): Waiting for service 'package_native' on '/dev/binder'...
06-19 06:54:06.934 E/PackageManager( 1918): Adding duplicate app id: 10118 name=com.google.android.gms
06-19 06:54:06.953 W/PackageParser( 1918): No actions in intent filter at /system/product/priv-app/Velvet/Velvet.apk Binary XML file line #3398
06-19 06:54:06.961 I/PackageParser( 1918): Parse times for '/system/product/priv-app/Velvet': parse=138ms, update_cache=8 ms
06-19 06:54:06.961 I/PackageManager( 1918): /system/product/priv-app/Velvet changed; collecting certs
06-19 06:54:06.974 I/PackageParser( 1918): Parse times for '/system/product/priv-app/Settings': parse=158ms, update_cache=10 ms
06-19 06:54:06.974 I/PackageManager( 1918): /system/product/priv-app/Settings changed; collecting certs
06-19 06:54:06.975 E/PackageManager( 1918): Adding duplicate shared id: 1000 name=com.android.settings
06-19 06:54:06.976 W/PackageManager( 1918): Skipping provider name androidx.lifecycle.process.lifecycle-process (in package com.android.settings): name already used by com.android.systemui
06-19 06:54:06.982 I/PackageManager( 1918): /system/product/app/NexusWallpapersStubPrebuilt2018 changed; collecting certs
06-19 06:54:06.987 I/PackageManager( 1918): /system/product/app/TrichromeLibrary changed; collecting certs
06-19 06:54:06.996 I/PackageManager( 1918): /system/product/app/MarkupGoogle changed; collecting certs
06-19 06:54:07.005 I/PackageManager( 1918): /system/product/app/DMAgent changed; collecting certs
06-19 06:54:07.023 I/PackageManager( 1918): /system/product/app/SoundPickerPrebuilt changed; collecting certs
06-19 06:54:07.038 I/PackageManager( 1918): /system/product/app/GoogleContactsSyncAdapter changed; collecting certs
06-19 06:54:07.039 I/PackageManager( 1918): /system/product/app/Videos changed; collecting certs
06-19 06:54:07.055 I/PackageManager( 1918): /system/product/app/WebViewGoogle changed; collecting certs
06-19 06:54:07.073 W/PackageParser( 1918): No actions in intent filter at /system/product/app/PrebuiltBugle/PrebuiltBugle.apk Binary XML file line #1261
06-19 06:54:07.080 I/PackageManager( 1918): /system/product/app/PrebuiltBugle changed; collecting certs
06-19 06:54:07.086 I/PackageParser( 1918): Parse times for '/system/product/app/LatinIMEGooglePrebuilt': parse=103ms, update_cache=3 ms
06-19 06:54:07.095 I/PackageManager( 1918): /system/product/app/LatinIMEGooglePrebuilt changed; collecting certs
06-19 06:54:07.109 I/PackageManager( 1918): /system/product/app/Camera2 changed; collecting certs
06-19 06:54:07.112 I/PackageManager( 1918): /system/product/app/ModuleMetadataGoogle changed; collecting certs
06-19 06:54:07.121 I/PackageManager( 1918): /system/product/app/Chrome changed; collecting certs
06-19 06:54:07.129 W/PackageParser( 1918): No actions in intent filter at /system/product/app/Drive/Drive.apk Binary XML file line #1759
06-19 06:54:07.134 I/PackageManager( 1918): /system/product/app/Drive changed; collecting certs
06-19 06:54:07.164 W/PackageParser( 1918): No actions in intent filter at /system/product/app/PrebuiltGmail/PrebuiltGmail.apk Binary XML file line #735
06-19 06:54:07.164 W/PackageParser( 1918): No actions in intent filter at /system/product/app/PrebuiltGmail/PrebuiltGmail.apk Binary XML file line #800
06-19 06:54:07.172 I/PackageManager( 1918): /system/product/app/PrebuiltGmail changed; collecting certs
06-19 06:54:07.184 I/PackageManager( 1918): /system/product/app/Music2 changed; collecting certs
06-19 06:54:07.219 I/PackageParser( 1918): Parse times for '/system/product/app/Maps': parse=45ms, update_cache=63 ms
06-19 06:54:07.118 I/chatty  ( 1767): uid=0(root) /system/bin/storaged identical 2 lines
06-19 06:54:07.219 I/ServiceManager( 1767): Waiting for service 'package_native' on '/dev/binder'...
06-19 06:54:07.219 I/PackageManager( 1918): New shared user com.google.android.apps.maps: id=10139
06-19 06:54:07.219 I/PackageManager( 1918): /system/product/app/Maps changed; collecting certs
06-19 06:54:07.223 W/PackageParser( 1918): No actions in intent filter at /system/product/app/CalendarGooglePrebuilt/CalendarGooglePrebuilt.apk Binary XML file line #500
06-19 06:54:07.223 E/PackageManager( 1918): Adding duplicate app id: 10139 name=com.google.android.apps.maps
06-19 06:54:07.224 I/PackageManager( 1918): /system/product/app/WallpapersBReel2018 changed; collecting certs
06-19 06:54:07.226 I/PackageParser( 1918): Parse times for '/system/product/app/CalendarGooglePrebuilt': parse=100ms, update_cache=4 ms
06-19 06:54:07.227 I/PackageManager( 1918): New shared user com.google.android.calendar.uid.shared: id=10141
06-19 06:54:07.227 I/PackageManager( 1918): /system/product/app/CalendarGooglePrebuilt changed; collecting certs
06-19 06:54:07.229 E/PackageManager( 1918): Adding duplicate app id: 10141 name=com.google.android.calendar
06-19 06:54:07.241 I/PackageManager( 1918): /system/product/app/GoogleTTS changed; collecting certs
06-19 06:54:07.257 I/PackageManager( 1918): /system/product/app/PrebuiltDeskClockGoogle changed; collecting certs
06-19 06:54:07.279 W/PackageParser( 1918): Unknown element under <manifest>: meta-data at /system/product/app/YouTube/YouTube.apk Binary XML file line #113
06-19 06:54:07.279 W/PackageParser( 1918): Unknown element under <manifest>: queries at /system/product/app/YouTube/YouTube.apk Binary XML file line #115
06-19 06:54:07.285 I/PackageManager( 1918): /system/product/app/YouTube changed; collecting certs
06-19 06:54:07.290 W/PackageParser( 1918): No actions in intent filter at /system/product/app/Photos/Photos.apk Binary XML file line #1857
06-19 06:54:07.296 I/PackageParser( 1918): Parse times for '/system/product/app/Photos': parse=106ms, update_cache=6 ms
06-19 06:54:07.301 I/PackageManager( 1918): /system/product/app/Photos changed; collecting certs
06-19 06:54:07.305 D/PackageManager( 1918): No files in app dir /product_services/priv-app
06-19 06:54:07.305 D/PackageManager( 1918): No files in app dir /product_services/app
06-19 06:54:07.306 I/PackageManager( 1918): Finished scanning system apps. Time: 1051 ms, packageCount: 177 , timePerPackage: 5 , cached: 0
06-19 06:54:07.306 D/PackageManager( 1918): No files in app dir /data/app
06-19 06:54:07.306 I/PackageManager( 1918): Finished scanning non-system apps. Time: 0 ms, packageCount: 0 , timePerPackage: 0 , cached: 0
06-19 06:54:07.307 E/installd( 1756): Invalid path /system/product/priv-app/GoogleServicesFramework: No such file or directory
06-19 06:54:07.308 E/installd( 1756): Invalid path /system/framework/framework-res.apk: No such file or directory
06-19 06:54:07.309 E/installd( 1756): Invalid path /system/product/priv-app/Settings: No such file or directory
06-19 06:54:07.310 I/PackageManager( 1918): Time to scan packages: 1.055 seconds
06-19 06:54:07.310 I/PackageManager( 1918): Un-granting permission android.permission.MANAGE_DOCUMENTS from package com.google.android.youtube (protectionLevel=262146 flags=0x305bbe45)
06-19 06:54:07.311 I/PackageManager( 1918): Un-granting permission com.google.android.googleapps.permission.GOOGLE_AUTH from package com.android.providers.calendar (protectionLevel=2 flags=0x30083e45)
06-19 06:54:07.311 I/PackageManager( 1918): Un-granting permission com.google.android.googleapps.permission.GOOGLE_AUTH.cl from package com.android.providers.calendar (protectionLevel=2 flags=0x30083e45)
06-19 06:54:07.312 I/PackageManager( 1918): Un-granting permission android.permission.WRITE_SECURE_SETTINGS from package com.google.android.apps.enterprise.dmagent (protectionLevel=50 flags=0x30083e05)
06-19 06:54:07.312 I/PackageManager( 1918): Un-granting permission android.permission.CONNECTIVITY_INTERNAL from package com.google.android.apps.enterprise.dmagent (protectionLevel=18 flags=0x30083e05)
06-19 06:54:07.312 I/PackageManager( 1918): Un-granting permission android.permission.MANAGE_USB from package com.google.android.apps.enterprise.dmagent (protectionLevel=18 flags=0x30083e05)
06-19 06:54:07.312 I/PackageManager( 1918): Un-granting permission android.permission.CHANGE_COMPONENT_ENABLED_STATE from package com.google.android.apps.enterprise.dmagent (protectionLevel=18 flags=0x30083e05)
06-19 06:54:07.312 I/PackageManager( 1918): Un-granting permission android.permission.MANAGE_CA_CERTIFICATES from package com.google.android.apps.enterprise.dmagent (protectionLevel=18 flags=0x30083e05)
06-19 06:54:07.312 I/PackageManager( 1918): Un-granting permission android.permission.MANAGE_USERS from package com.google.android.apps.enterprise.dmagent (protectionLevel=18 flags=0x30083e05)
06-19 06:54:07.312 I/PackageManager( 1918): Un-granting permission com.google.android.setupwizard.READ_DEVICE_ORIGIN from package com.google.android.apps.messaging (protectionLevel=18 flags=0x384bbe45)
06-19 06:54:07.313 I/PackageManager( 1918): Un-granting permission android.permission.BIND_WALLPAPER from package com.android.camera2 (protectionLevel=18 flags=0x2058bc45)
06-19 06:54:07.314 I/PackageManager( 1918): Un-granting permission android.permission.REQUEST_INSTALL_PACKAGES from package com.google.android.gm (protectionLevel=66 flags=0x384bbe45)
06-19 06:54:07.314 I/PackageManager( 1918): Un-granting permission android.permission.GRANT_RUNTIME_PERMISSIONS from package com.google.android.permissioncontroller (protectionLevel=770 flags=0x30483e05)
06-19 06:54:07.314 I/PackageManager( 1918): Un-granting permission android.permission.REVOKE_RUNTIME_PERMISSIONS from package com.google.android.permissioncontroller (protectionLevel=770 flags=0x30483e05)
06-19 06:54:07.314 I/PackageManager( 1918): Un-granting permission android.permission.ADJUST_RUNTIME_PERMISSIONS_POLICY from package com.google.android.permissioncontroller (protectionLevel=258 flags=0x30483e05)
06-19 06:54:07.314 I/PackageManager( 1918): Un-granting permission android.permission.WHITELIST_RESTRICTED_PERMISSIONS from package com.google.android.permissioncontroller (protectionLevel=258 flags=0x30483e05)
06-19 06:54:07.314 I/PackageManager( 1918): Un-granting permission android.permission.INTERACT_ACROSS_USERS_FULL from package com.google.android.permissioncontroller (protectionLevel=258 flags=0x30483e05)
06-19 06:54:07.314 I/PackageManager( 1918): Un-granting permission android.permission.MANAGE_APP_OPS_MODES from package com.google.android.permissioncontroller (protectionLevel=770 flags=0x30483e05)
06-19 06:54:07.314 I/PackageManager( 1918): Un-granting permission android.permission.KILL_UID from package com.google.android.permissioncontroller (protectionLevel=258 flags=0x30483e05)
06-19 06:54:07.314 I/PackageManager( 1918): Un-granting permission android.permission.MANAGE_APP_OPS_RESTRICTIONS from package com.google.android.permissioncontroller (protectionLevel=258 flags=0x30483e05)
06-19 06:54:07.314 I/PackageManager( 1918): Un-granting permission android.permission.HIDE_NON_SYSTEM_OVERLAY_WINDOWS from package com.google.android.permissioncontroller (protectionLevel=258 flags=0x30483e05)
06-19 06:54:07.314 I/PackageManager( 1918): Un-granting permission android.permission.MANAGE_ROLE_HOLDERS from package com.google.android.permissioncontroller (protectionLevel=258 flags=0x30483e05)
06-19 06:54:07.314 I/PackageManager( 1918): Un-granting permission android.permission.OBSERVE_ROLE_HOLDERS from package com.google.android.permissioncontroller (protectionLevel=258 flags=0x30483e05)
06-19 06:54:07.314 I/PackageManager( 1918): Un-granting permission android.permission.SET_PREFERRED_APPLICATIONS from package com.google.android.permissioncontroller (protectionLevel=770 flags=0x30483e05)
06-19 06:54:07.314 I/PackageManager( 1918): Un-granting permission android.permission.ACCESS_SHARED_LIBRARIES from package com.google.android.permissioncontroller (protectionLevel=258 flags=0x30483e05)
06-19 06:54:07.314 I/PackageManager( 1918): Un-granting permission android.permission.ACCESS_INSTANT_APPS from package com.google.android.permissioncontroller (protectionLevel=131842 flags=0x30483e05)
06-19 06:54:07.314 I/PackageManager( 1918): Un-granting permission android.permission.OPEN_ACCESSIBILITY_DETAILS_SETTINGS from package com.google.android.permissioncontroller (protectionLevel=258 flags=0x30483e05)
06-19 06:54:07.315 I/PackageManager( 1918): Un-granting permission android.permission.BIND_JOB_SERVICE from package com.google.android.music (protectionLevel=2 flags=0x384bbe65)
06-19 06:54:07.315 I/PackageManager( 1918): Un-granting permission android.permission.CONNECTIVITY_USE_RESTRICTED_NETWORKS from package com.google.android.captiveportallogin (protectionLevel=18 flags=0x3848be45)
06-19 06:54:07.315 I/PackageManager( 1918): Un-granting permission android.permission.NETWORK_BYPASS_PRIVATE_DNS from package com.google.android.captiveportallogin (protectionLevel=2 flags=0x3848be45)
06-19 06:54:07.316 I/PackageManager( 1918): Un-granting permission android.permission.REQUEST_INSTALL_PACKAGES from package com.google.android.apps.docs (protectionLevel=66 flags=0x384bbe45)
06-19 06:54:07.317 I/PackageManager( 1918): Un-granting permission android.permission.INTERACT_ACROSS_USERS from package com.google.android.syncadapters.contacts (protectionLevel=50 flags=0x20083e45)
06-19 06:54:07.317 I/PackageManager( 1918): Un-granting permission android.permission.REQUEST_INSTALL_PACKAGES from package com.android.chrome (protectionLevel=66 flags=0xa04bbe45)
06-19 06:54:07.317 I/PackageManager( 1918): Un-granting permission com.google.android.apps.now.CURRENT_ACCOUNT_ACCESS from package com.android.chrome (protectionLevel=2 flags=0xa04bbe45)
06-19 06:54:07.318 I/PackageManager( 1918): Un-granting permission android.permission.HIDE_NON_SYSTEM_OVERLAY_WINDOWS from package com.google.android.packageinstaller (protectionLevel=258 flags=0x30483e45)
06-19 06:54:07.318 I/PackageManager( 1918): Un-granting permission android.permission.MANAGE_APP_OPS_MODES from package com.google.android.packageinstaller (protectionLevel=770 flags=0x30483e45)
06-19 06:54:07.318 I/PackageManager( 1918): Un-granting permission android.permission.INTERACT_ACROSS_USERS_FULL from package com.google.android.packageinstaller (protectionLevel=258 flags=0x30483e45)
06-19 06:54:07.318 I/PackageManager( 1918): Un-granting permission android.permission.CAPTURE_VIDEO_OUTPUT from package com.google.android.gms (protectionLevel=2 flags=0xb04abe45)
06-19 06:54:07.318 I/PackageManager( 1918): Un-granting permission android.permission.MANAGE_DEVICE_ADMINS from package com.google.android.gms (protectionLevel=2 flags=0xb04abe45)
06-19 06:54:07.318 I/PackageManager( 1918): Un-granting permission android.permission.MANAGE_ACTIVITY_STACKS from package com.google.android.gms (protectionLevel=2 flags=0xb04abe45)
06-19 06:54:07.318 I/PackageManager( 1918): Un-granting permission android.permission.CAPTURE_SECURE_VIDEO_OUTPUT from package com.google.android.gms (protectionLevel=2 flags=0xb04abe45)
06-19 06:54:07.319 I/PackageManager( 1918): Un-granting permission android.permission.MANAGE_ROLLBACKS from package com.google.android.gms (protectionLevel=514 flags=0xb04abe45)
06-19 06:54:07.319 I/ServiceManager( 1767): Waiting for service 'package_native' on '/dev/binder'...
06-19 06:54:07.320 I/PackageManager( 1918): Un-granting permission com.google.android.googleapps.permission.GOOGLE_AUTH from package com.google.android.videos (protectionLevel=2 flags=0x305bbe45)
06-19 06:54:07.320 I/PackageManager( 1918): Un-granting permission android.permission.WRITE_MEDIA_STORAGE from package com.google.android.apps.photos (protectionLevel=18 flags=0x3859be45)
06-19 06:54:07.324 W/PackageManager( 1918): Unknown package com.google.android.apps.docs.editors.docs in sysconfig <app-link>
06-19 06:54:07.324 W/PackageManager( 1918): Unknown package com.google.android.apps.docs.editors.sheets in sysconfig <app-link>
06-19 06:54:07.324 W/PackageManager( 1918): Unknown package com.google.android.apps.docs.editors.slides in sysconfig <app-link>
06-19 06:54:07.324 W/PackageManager( 1918): Sysconfig <app-link> package 'com.android.vending' does not handle web links
06-19 06:54:07.324 W/PackageManager( 1918): Unknown package com.google.android.apps.plus in sysconfig <app-link>
06-19 06:54:07.324 W/PackageManager( 1918): Unknown package com.google.android.apps.tycho in sysconfig <app-link>
06-19 06:54:07.324 W/PackageManager( 1918): Unknown package com.google.android.talk in sysconfig <app-link>
06-19 06:54:07.325 V/PackageManager( 1918): reconcileAppsData for null u0 0x1 migrateAppData=true
06-19 06:54:07.326 I/SELinux ( 1756): SELinux: Loaded file_contexts
06-19 06:54:07.350 V/PackageManager( 1918): reconcileAppsData finished 20 packages
06-19 06:54:07.351 D/SystemServerInitThreadPool( 1918): Started executing prepareAppData
06-19 06:54:07.351 D/SystemServerTimingAsync( 1918): AppDataFixup took to complete: 1ms
06-19 06:54:07.363 I/SELinux ( 1918): SELinux: Loaded file_contexts
06-19 06:54:07.368 E/PackageManager( 1918): There should probably be a verifier, but, none were found
06-19 06:54:07.369 V/PackageManager( 1918): Ephemeral resolver found; pkg: com.google.android.gms, info:ResolveInfo{755bcc4 com.google.android.gms/.chimera.PersistentBoundBrokerService m=0x108000}
06-19 06:54:07.369 D/PackageManager( 1918): Set ephemeral resolver: Pair{ComponentInfo{com.google.android.gms/com.google.android.gms.chimera.PersistentBoundBrokerService} android.intent.action.RESOLVE_INSTANT_APP_PACKAGE}
06-19 06:54:07.371 D/PackageManager( 1918): Instant App installer not found with android.intent.action.INSTALL_INSTANT_APP_PACKAGE
06-19 06:54:07.371 D/PackageManager( 1918): Clear ephemeral installer activity
06-19 06:54:07.398 I/system_server( 1918): Explicit concurrent copying GC freed 202047(16MB) AllocSpace objects, 154(4964KB) LOS objects, 42% free, 6471KB/11MB, paused 569us total 22.649ms
06-19 06:54:07.403 I/Watchdog( 1918): Resuming HandlerChecker: main thread for reason: packagemanagermain. Pause count: 0
06-19 06:54:07.403 D/SystemServerTiming( 1918): StartPackageManagerService took to complete: 1177ms
06-19 06:54:07.404 I/SystemServer( 1918): StartOtaDexOptService
06-19 06:54:07.404 I/Watchdog( 1918): Pausing HandlerChecker: main thread for reason: moveab. Pause count: 1
06-19 06:54:07.405 D/OTADexopt( 1918): No upgrade, skipping A/B artifacts check.
06-19 06:54:07.405 I/Watchdog( 1918): Resuming HandlerChecker: main thread for reason: moveab. Pause count: 0
06-19 06:54:07.405 D/SystemServerTiming( 1918): StartOtaDexOptService took to complete: 1ms
06-19 06:54:07.405 I/SystemServer( 1918): StartUserManagerService
06-19 06:54:07.405 I/SystemServiceManager( 1918): Starting com.android.server.pm.UserManagerService$LifeCycle
06-19 06:54:07.405 D/SystemServerTiming( 1918): StartUserManagerService took to complete: 0ms
06-19 06:54:07.405 I/SystemServer( 1918): InitAttributerCache
06-19 06:54:07.406 D/SystemServerTiming( 1918): InitAttributerCache took to complete: 1ms
06-19 06:54:07.406 I/SystemServer( 1918): SetSystemProcess
06-19 06:54:07.410 I/lowmemorykiller( 1725): lmkd data connection established
06-19 06:54:07.411 D/SystemServerTiming( 1918): SetSystemProcess took to complete: 4ms
06-19 06:54:07.411 I/SystemServer( 1918): InitWatchdog
06-19 06:54:07.411 D/SystemServerTiming( 1918): InitWatchdog took to complete: 1ms
06-19 06:54:07.411 I/SystemServer( 1918): StartOverlayManagerService
06-19 06:54:07.424 I/storaged( 1767): storaged: Start
06-19 06:54:07.432 I/        ( 1722): Waiting for sensor privacy service
06-19 06:54:07.432 I/        ( 1751): Waiting for sensor privacy service
06-19 06:54:07.599 D/SystemServerTimingAsync( 1918): AppDataPrepare took to complete: 248ms
06-19 06:54:07.599 I/PackageManager( 1918): Deferred reconcileAppsData finished 157 packages
06-19 06:54:07.599 D/SystemServerInitThreadPool( 1918): Finished executing prepareAppData
06-19 06:54:07.607 D/SystemServerTiming( 1918): StartOverlayManagerService took to complete: 196ms
06-19 06:54:07.607 I/SystemServer( 1918): StartSensorPrivacyService
06-19 06:54:07.608 D/SystemServerTiming( 1918): StartSensorPrivacyService took to complete: 1ms
06-19 06:54:07.608 I/SystemServer( 1918): StartBatteryService
06-19 06:54:07.608 I/SystemServiceManager( 1918): Starting com.android.server.BatteryService
06-19 06:54:07.608 D/SystemServerInitThreadPool( 1918): Started executing StartSensorService
06-19 06:54:07.608 D/SensorService( 1918): nuSensorService starting...
06-19 06:54:07.609 I/hwservicemanager( 1566): getTransport: Cannot find entry android.hardware.sensors@2.0::ISensors/default in either framework or device manifest.
06-19 06:54:07.610 I/hwservicemanager( 1566): getTransport: Cannot find entry android.hardware.soundtrigger@2.0::ISoundTriggerHw/default in either framework or device manifest.
06-19 06:54:07.610 E/SoundTriggerHwService( 1722): could not read implementation properties
06-19 06:54:07.611 I/ServiceManagement( 1751): Registered android.frameworks.cameraservice.service@2.0::ICameraService/default (start delay of 3803ms)
06-19 06:54:07.611 I/SensorService( 1918): Reported power 0.000000 not deemed sane, clamping to 0.001000
06-19 06:54:07.612 I/android_os_HwBinder( 1918): HwBinder: Starting thread pool for getting: android.hardware.health@2.0::IHealth/default
06-19 06:54:07.613 I/SensorService( 1918): Generated new HMAC key.
06-19 06:54:07.613 D/SensorService( 1918): nuSensorService thread starting...
06-19 06:54:07.613 D/SystemServerTimingAsync( 1918): StartSensorService took to complete: 5ms
06-19 06:54:07.613 D/SystemServerInitThreadPool( 1918): Finished executing StartSensorService
06-19 06:54:07.619 D/SensorService( 1918): new thread SensorEventAckReceiver
06-19 06:54:07.620 I/android_os_HwBinder( 1918): HwBinder: Starting thread pool for getting: android.hidl.manager@1.0::IServiceManager/default
06-19 06:54:07.621 I/HealthServiceWrapper( 1918): health: HealthServiceWrapper listening to instance default
06-19 06:54:07.621 I/BatteryService( 1918): health: Waited 0ms and received the update.
06-19 06:54:07.622 D/SystemServerTiming( 1918): StartBatteryService took to complete: 13ms
06-19 06:54:07.622 I/SystemServer( 1918): StartUsageService
06-19 06:54:07.622 I/android_os_HwBinder( 1918): HwBinder: Starting thread pool for getting: android.hardware.health@2.0::IHealth/default
06-19 06:54:07.622 I/SystemServiceManager( 1918): Starting com.android.server.usage.UsageStatsService
06-19 06:54:07.629 I/UsageStatsDatabase( 1918): Upgrading from version 0 to 4
06-19 06:54:07.629 I/UsageStatsDatabase( 1918): Deleting all usage stats files
06-19 06:54:07.630 I/UsageStatsService( 1918): User[0] Rollover scheduled @ 2026-06-20 06:54:07(1781938447626)
06-19 06:54:07.630 D/SystemServerTiming( 1918): StartUsageService took to complete: 9ms
06-19 06:54:07.630 I/SystemServer( 1918): StartWebViewUpdateService
06-19 06:54:07.630 I/SystemServiceManager( 1918): Starting com.android.server.webkit.WebViewUpdateService
06-19 06:54:07.633 D/SystemServerTiming( 1918): StartWebViewUpdateService took to complete: 3ms
06-19 06:54:07.633 I/SystemServer( 1918): StartCachedDeviceStateService
06-19 06:54:07.633 I/SystemServiceManager( 1918): Starting com.android.server.CachedDeviceStateService
06-19 06:54:07.633 D/SystemServerTiming( 1918): StartCachedDeviceStateService took to complete: 0ms
06-19 06:54:07.633 I/SystemServer( 1918): StartBinderCallsStatsService
06-19 06:54:07.633 I/SystemServiceManager( 1918): Starting com.android.server.BinderCallsStatsService$LifeCycle
06-19 06:54:07.634 D/SystemServerTiming( 1918): StartBinderCallsStatsService took to complete: 0ms
06-19 06:54:07.634 I/SystemServer( 1918): StartLooperStatsService
06-19 06:54:07.634 I/SystemServiceManager( 1918): Starting com.android.server.LooperStatsService$Lifecycle
06-19 06:54:07.634 D/SystemServerTiming( 1918): StartLooperStatsService took to complete: 1ms
06-19 06:54:07.634 I/SystemServer( 1918): StartRollbackManagerService
06-19 06:54:07.634 I/SystemServiceManager( 1918): Starting com.android.server.rollback.RollbackManagerService
06-19 06:54:07.635 D/installd( 1756): Found quota mount /dev/block/vdc at /data
06-19 06:54:07.638 D/SystemServerTiming( 1918): StartRollbackManagerService took to complete: 4ms
06-19 06:54:07.638 I/SystemServer( 1918): StartBugreportManagerService
06-19 06:54:07.639 I/SystemServiceManager( 1918): Starting com.android.server.os.BugreportManagerService
06-19 06:54:07.639 D/SystemServerTiming( 1918): StartBugreportManagerService took to complete: 0ms
06-19 06:54:07.639 I/SystemServer( 1918): GpuService
06-19 06:54:07.639 I/SystemServiceManager( 1918): Starting com.android.server.gpu.GpuService
06-19 06:54:07.639 D/SystemServerTiming( 1918): GpuService took to complete: 0ms
06-19 06:54:07.639 D/SystemServerInitThreadPool( 1918): Started executing SecondaryZygotePreload
06-19 06:54:07.639 I/SystemServer( 1918): SecondaryZygotePreload
06-19 06:54:07.640 I/SystemServer( 1918): StartKeyAttestationApplicationIdProviderService
06-19 06:54:07.640 D/SystemServerTiming( 1918): StartKeyAttestationApplicationIdProviderService took to complete: 1ms
06-19 06:54:07.640 I/SystemServer( 1918): StartKeyChainSystemService
06-19 06:54:07.640 I/SystemServiceManager( 1918): Starting com.android.server.security.KeyChainSystemService
06-19 06:54:07.640 D/SystemServerTiming( 1918): StartKeyChainSystemService took to complete: 0ms
06-19 06:54:07.640 I/SystemServer( 1918): StartSchedulingPolicyService
06-19 06:54:07.640 D/SystemServerInitThreadPool( 1918): Started executing SchedulingPolicyService.<init>
06-19 06:54:07.641 D/SystemServerTiming( 1918): StartSchedulingPolicyService took to complete: 1ms
06-19 06:54:07.641 I/SystemServer( 1918): StartTelecomLoaderService
06-19 06:54:07.641 I/SystemServiceManager( 1918): Starting com.android.server.telecom.TelecomLoaderService
06-19 06:54:07.642 D/SystemServerTiming( 1918): StartTelecomLoaderService took to complete: 0ms
06-19 06:54:07.642 I/SystemServer( 1918): StartTelephonyRegistry
06-19 06:54:07.643 I/SchedulingPolicyService( 1918): Moving 1773 back to group default
06-19 06:54:07.643 D/SystemServerInitThreadPool( 1918): Finished executing SchedulingPolicyService.<init>
06-19 06:54:07.643 D/SystemServerTiming( 1918): StartTelephonyRegistry took to complete: 2ms
06-19 06:54:07.643 I/SystemServer( 1918): StartEntropyMixer
06-19 06:54:07.644 W/EntropyMixer( 1918): No existing entropy file -- first boot?
06-19 06:54:07.654 I/EntropyMixer( 1918): Added HW RNG output to entropy pool
06-19 06:54:07.654 I/EntropyMixer( 1918): Writing entropy...
06-19 06:54:07.658 D/SystemServerTiming( 1918): StartEntropyMixer took to complete: 15ms
06-19 06:54:07.658 I/SystemServer( 1918): StartAccountManagerService
06-19 06:54:07.658 I/SystemServiceManager( 1918): Starting com.android.server.accounts.AccountManagerService$Lifecycle
06-19 06:54:07.661 D/SystemServerTiming( 1918): StartAccountManagerService took to complete: 2ms
06-19 06:54:07.661 I/SystemServer( 1918): StartContentService
06-19 06:54:07.661 I/SystemServiceManager( 1918): Starting com.android.server.content.ContentService$Lifecycle
06-19 06:54:07.663 D/SystemServerTiming( 1918): StartContentService took to complete: 3ms
06-19 06:54:07.663 I/SystemServer( 1918): InstallSystemProviders
06-19 06:54:07.667 I/system_server( 1918): The ClassLoaderContext is a special shared library.
06-19 06:54:07.701 I/SettingsState( 1918): No settings state /data/system/users/0/settings_system.xml
06-19 06:54:07.701 I/Zygote  ( 1665): Lazily preloading resources.
06-19 06:54:07.701 D/Zygote  ( 1665): begin preload
06-19 06:54:07.701 I/Zygote  ( 1665): Calling ZygoteHooks.beginPreload()
06-19 06:54:07.709 I/SettingsState( 1918): No settings state /data/system/users/0/settings_secure.xml
06-19 06:54:07.710 D/ZygoteInitTiming_lazy( 1665): BeginPreload took to complete: 9ms
06-19 06:54:07.710 I/Zygote  ( 1665): Preloading classes...
06-19 06:54:07.711 W/Zygote  ( 1665): Class not found for preloading: android.app.-$$Lambda$ActivityThread$ZXDWm3IBeFmLnFVblhB-IOZCr9o
06-19 06:54:07.713 D/SettingsProvider( 1918): Generated and saved new ANDROID_ID [2327546222216096] for user 0
06-19 06:54:07.714 I/SettingsState( 1918): No settings state /data/system/users/0/settings_global.xml
06-19 06:54:07.721 D/SettingsProvider( 1918): Setting [com.google.android.gms/.autofill.service.AutofillService] as Autofill Service for user 0
06-19 06:54:07.729 I/SettingsState( 1918): No settings state /data/system/users/0/settings_config.xml
06-19 06:54:07.729 I/SettingsState( 1918): No settings state /data/system/users/0/settings_ssaid.xml
06-19 06:54:07.733 D/SystemServerTiming( 1918): InstallSystemProviders took to complete: 70ms
06-19 06:54:07.733 I/SystemServer( 1918): StartDropBoxManager
06-19 06:54:07.733 I/SystemServiceManager( 1918): Starting com.android.server.DropBoxManagerService
06-19 06:54:07.734 D/SystemServerTiming( 1918): StartDropBoxManager took to complete: 0ms
06-19 06:54:07.734 I/SystemServer( 1918): StartVibratorService
06-19 06:54:07.734 I/hwservicemanager( 1566): getTransport: Cannot find entry android.hardware.vibrator@1.0::IVibrator/default in either framework or device manifest.
06-19 06:54:07.734 I/hwservicemanager( 1566): getTransport: Cannot find entry android.hardware.vibrator@1.0::IVibrator/default in either framework or device manifest.
06-19 06:54:07.735 E/VibratorService( 1918): vibratorOff command failed (1).
06-19 06:54:07.735 I/hwservicemanager( 1566): getTransport: Cannot find entry android.hardware.vibrator@1.0::IVibrator/default in either framework or device manifest.
06-19 06:54:07.735 I/hwservicemanager( 1566): getTransport: Cannot find entry android.hardware.vibrator@1.3::IVibrator/default in either framework or device manifest.
06-19 06:54:07.736 D/SystemServerTiming( 1918): StartVibratorService took to complete: 2ms
06-19 06:54:07.736 I/SystemServer( 1918): StartDynamicSystemService
06-19 06:54:07.736 D/SystemServerTiming( 1918): StartDynamicSystemService took to complete: 1ms
06-19 06:54:07.736 I/SystemServer( 1918): StartConsumerIrService
06-19 06:54:07.737 I/hwservicemanager( 1566): getTransport: Cannot find entry android.hardware.ir@1.0::IConsumerIr/default in either framework or device manifest.
06-19 06:54:07.737 D/SystemServerTiming( 1918): StartConsumerIrService took to complete: 1ms
06-19 06:54:07.737 I/SystemServer( 1918): StartAlarmManagerService
06-19 06:54:07.738 D/AlarmManagerService( 1918): Kernel timezone updated to 0 minutes west of GMT
06-19 06:54:07.739 D/SystemServerTiming( 1918): StartAlarmManagerService took to complete: 2ms
06-19 06:54:07.739 I/SystemServer( 1918): StartInputManagerService
06-19 06:54:07.739 I/InputManager( 1918): Initializing input manager, mUseDevInputEventForAudioJack=true
06-19 06:54:07.740 I/InputClassifier( 1918): Deep press feature enabled.
06-19 06:54:07.740 I/hwservicemanager( 1566): getTransport: Cannot find entry android.hardware.input.classifier@1.0::IInputClassifier/default in either framework or device manifest.
06-19 06:54:07.740 D/SystemServerTiming( 1918): StartInputManagerService took to complete: 1ms
06-19 06:54:07.740 I/SystemServer( 1918): StartWindowManagerService
06-19 06:54:07.744 I/WindowManager( 1918): No existing display settings, starting empty
06-19 06:54:07.742 I/InputClassifier( 1918): Could not obtain InputClassifier HAL
06-19 06:54:07.746 I/WindowTracing( 1918): Setting window tracing log level to 1
06-19 06:54:07.746 I/WindowTracing( 1918): Setting window tracing buffer capacity to 2097152bytes
06-19 06:54:07.750 E/InputClassifier( 1918): InputClassifier HAL has died. Setting mMotionClassifier to null
06-19 06:54:07.750 D/SystemServerTiming( 1918): StartWindowManagerService took to complete: 10ms
06-19 06:54:07.750 I/SystemServer( 1918): SetWindowManagerService
06-19 06:54:07.750 I/DropBoxManagerService( 1918): add tag=system_server_strictmode isTagEnabled=true flags=0x2
06-19 06:54:07.762 W/Zygote  ( 1665): Class not found for preloading: android.bluetooth.BluetoothA2dp$2
06-19 06:54:07.767 I/PackageBackwardCompatibility( 1665): Could not find android.content.pm.AndroidTestBaseUpdater, ignoring
06-19 06:54:07.752 I/DropBoxManagerService( 1918): add tag=system_server_strictmode isTagEnabled=true flags=0x2
06-19 06:54:07.768 D/SystemServerTiming( 1918): SetWindowManagerService took to complete: 17ms
06-19 06:54:07.768 I/SystemServer( 1918): WindowManagerServiceOnInitReady
06-19 06:54:07.770 W/ShortcutManager( 1918): Unable to add bookmark: com.google.android.talk/com.google.android.talk.SigningInActivity
06-19 06:54:07.770 W/ShortcutManager( 1918): android.content.pm.PackageManager$NameNotFoundException: ComponentInfo{com.google.android.talk/com.google.android.talk.SigningInActivity}
06-19 06:54:07.770 W/ShortcutManager( 1918): 	at android.app.ApplicationPackageManager.getActivityInfo(ApplicationPackageManager.java:456)
06-19 06:54:07.770 W/ShortcutManager( 1918): 	at com.android.server.policy.ShortcutManager.loadShortcuts(ShortcutManager.java:142)
06-19 06:54:07.770 W/ShortcutManager( 1918): 	at com.android.server.policy.ShortcutManager.<init>(ShortcutManager.java:62)
06-19 06:54:07.770 W/ShortcutManager( 1918): 	at com.android.server.policy.PhoneWindowManager.init(PhoneWindowManager.java:1797)
06-19 06:54:07.770 W/ShortcutManager( 1918): 	at com.android.server.wm.WindowManagerService$5.run(WindowManagerService.java:988)
06-19 06:54:07.770 W/ShortcutManager( 1918): 	at android.os.Handler$BlockingRunnable.run(Handler.java:906)
06-19 06:54:07.770 W/ShortcutManager( 1918): 	at android.os.Handler.handleCallback(Handler.java:883)
06-19 06:54:07.770 W/ShortcutManager( 1918): 	at android.os.Handler.dispatchMessage(Handler.java:100)
06-19 06:54:07.770 W/ShortcutManager( 1918): 	at android.os.Looper.loop(Looper.java:214)
06-19 06:54:07.770 W/ShortcutManager( 1918): 	at android.os.HandlerThread.run(HandlerThread.java:67)
06-19 06:54:07.770 W/ShortcutManager( 1918): 	at com.android.server.ServiceThread.run(ServiceThread.java:44)
06-19 06:54:07.770 W/ShortcutManager( 1918): 	at com.android.server.UiThread.run(UiThread.java:43)
06-19 06:54:07.774 D/SystemServerTiming( 1918): WindowManagerServiceOnInitReady took to complete: 6ms
06-19 06:54:07.774 I/SystemServer( 1918): StartInputManager
06-19 06:54:07.774 D/SystemServerInitThreadPool( 1918): Started executing StartHidlServices
06-19 06:54:07.774 I/InputManager( 1918): Starting input manager
06-19 06:54:07.775 I/ServiceManagement( 1918): Registered android.frameworks.sensorservice@1.0::ISensorManager/default (start delay of 1867ms)
06-19 06:54:07.775 D/SystemServerTiming( 1918): StartInputManager took to complete: 0ms
06-19 06:54:07.775 I/SystemServer( 1918): DisplayManagerWindowManagerAndInputReady
06-19 06:54:07.775 D/SystemServerTiming( 1918): DisplayManagerWindowManagerAndInputReady took to complete: 0ms
06-19 06:54:07.775 I/SystemServer( 1918): No Bluetooth Service (Bluetooth Hardware Not Present)
06-19 06:54:07.775 I/SystemServer( 1918): IpConnectivityMetrics
06-19 06:54:07.775 I/SystemServiceManager( 1918): Starting com.android.server.connectivity.IpConnectivityMetrics
06-19 06:54:07.775 I/ServiceManagement( 1918): Registered android.frameworks.schedulerservice@1.0::ISchedulingPolicyService/default (start delay of 1868ms)
06-19 06:54:07.775 D/SystemServerTimingAsync( 1918): StartHidlServices took to complete: 1ms
06-19 06:54:07.775 D/SystemServerInitThreadPool( 1918): Finished executing StartHidlServices
06-19 06:54:07.776 D/SystemServerTiming( 1918): IpConnectivityMetrics took to complete: 1ms
06-19 06:54:07.776 I/SystemServer( 1918): NetworkWatchlistService
06-19 06:54:07.776 I/SystemServiceManager( 1918): Starting com.android.server.net.watchlist.NetworkWatchlistService$Lifecycle
06-19 06:54:07.779 I/EventHub( 1918): wakeMechanism=EPOLLWAKEUP, usingClockIoctl=true
06-19 06:54:07.779 I/EventHub( 1918): New device: id=1, fd=125, path='/dev/input/event1', name='virtio_input_multi_touch_1', classes=0x94, configuration='/vendor/usr/idc/virtio_input_multi_touch_1.idc', keyLayout='', keyCharacterMap='', builtinKeyboard=false, 
06-19 06:54:07.779 I/EventHub( 1918): wakeMechanism=EPOLLWAKEUP, usingClockIoctl=true
06-19 06:54:07.779 I/EventHub( 1918): New device: id=2, fd=126, path='/dev/input/event11', name='virtio_input_multi_touch_11', classes=0x94, configuration='/vendor/usr/idc/virtio_input_multi_touch_11.idc', keyLayout='', keyCharacterMap='', builtinKeyboard=false, 
06-19 06:54:07.779 I/EventHub( 1918): wakeMechanism=EPOLLWAKEUP, usingClockIoctl=true
06-19 06:54:07.779 I/EventHub( 1918): New device: id=3, fd=127, path='/dev/input/event5', name='virtio_input_multi_touch_5', classes=0x94, configuration='/vendor/usr/idc/virtio_input_multi_touch_5.idc', keyLayout='', keyCharacterMap='', builtinKeyboard=false, 
06-19 06:54:07.780 I/EventHub( 1918): wakeMechanism=EPOLLWAKEUP, usingClockIoctl=true
06-19 06:54:07.780 I/EventHub( 1918): New device: id=4, fd=128, path='/dev/input/event2', name='virtio_input_multi_touch_2', classes=0x94, configuration='/vendor/usr/idc/virtio_input_multi_touch_2.idc', keyLayout='', keyCharacterMap='', builtinKeyboard=false, 
06-19 06:54:07.780 I/EventHub( 1918): wakeMechanism=EPOLLWAKEUP, usingClockIoctl=true
06-19 06:54:07.780 I/EventHub( 1918): New device: id=5, fd=129, path='/dev/input/event6', name='virtio_input_multi_touch_6', classes=0x94, configuration='/vendor/usr/idc/virtio_input_multi_touch_6.idc', keyLayout='', keyCharacterMap='', builtinKeyboard=false, 
06-19 06:54:07.780 I/EventHub( 1918): wakeMechanism=EPOLLWAKEUP, usingClockIoctl=true
06-19 06:54:07.780 I/EventHub( 1918): New device: id=6, fd=130, path='/dev/input/event3', name='virtio_input_multi_touch_3', classes=0x94, configuration='/vendor/usr/idc/virtio_input_multi_touch_3.idc', keyLayout='', keyCharacterMap='', builtinKeyboard=false, 
06-19 06:54:07.781 D/EventHub( 1918): No input device configuration file found for device 'AT Translated Set 2 keyboard'.
06-19 06:54:07.784 I/WatchlistLoggingHandler( 1918): Start aggregating watchlist records.
06-19 06:54:07.785 D/SystemServerTiming( 1918): NetworkWatchlistService took to complete: 8ms
06-19 06:54:07.785 I/SystemServer( 1918): PinnerService
06-19 06:54:07.785 I/SystemServiceManager( 1918): Starting com.android.server.PinnerService
06-19 06:54:07.786 D/SystemServerTiming( 1918): PinnerService took to complete: 2ms
06-19 06:54:07.786 I/SystemServer( 1918): SignedConfigService
06-19 06:54:07.787 D/SystemServerTiming( 1918): SignedConfigService took to complete: 0ms
06-19 06:54:07.789 I/EventHub( 1918): wakeMechanism=EPOLLWAKEUP, usingClockIoctl=true
06-19 06:54:07.789 I/EventHub( 1918): New device: id=7, fd=131, path='/dev/input/event12', name='AT Translated Set 2 keyboard', classes=0x3, configuration='', keyLayout='/system/usr/keylayout/Generic.kl', keyCharacterMap='/system/usr/keychars/Generic.kcm', builtinKeyboard=false, 
06-19 06:54:07.789 D/EventHub( 1918): No input device configuration file found for device 'Power Button'.
06-19 06:54:07.789 W/EventHub( 1918): Unable to disable kernel key repeat for /dev/input/event0: Function not implemented
06-19 06:54:07.789 I/EventHub( 1918): wakeMechanism=EPOLLWAKEUP, usingClockIoctl=true
06-19 06:54:07.790 I/EventHub( 1918): New device: id=8, fd=136, path='/dev/input/event0', name='Power Button', classes=0x1, configuration='', keyLayout='/system/usr/keylayout/Generic.kl', keyCharacterMap='/system/usr/keychars/Generic.kcm', builtinKeyboard=false, 
06-19 06:54:07.790 I/EventHub( 1918): wakeMechanism=EPOLLWAKEUP, usingClockIoctl=true
06-19 06:54:07.790 I/EventHub( 1918): New device: id=9, fd=137, path='/dev/input/event10', name='virtio_input_multi_touch_10', classes=0x94, configuration='/vendor/usr/idc/virtio_input_multi_touch_10.idc', keyLayout='', keyCharacterMap='', builtinKeyboard=false, 
06-19 06:54:07.790 I/EventHub( 1918): wakeMechanism=EPOLLWAKEUP, usingClockIoctl=true
06-19 06:54:07.790 I/EventHub( 1918): New device: id=10, fd=138, path='/dev/input/event7', name='virtio_input_multi_touch_7', classes=0x94, configuration='/vendor/usr/idc/virtio_input_multi_touch_7.idc', keyLayout='', keyCharacterMap='', builtinKeyboard=false, 
06-19 06:54:07.790 I/EventHub( 1918): wakeMechanism=EPOLLWAKEUP, usingClockIoctl=true
06-19 06:54:07.790 I/EventHub( 1918): New device: id=11, fd=139, path='/dev/input/event4', name='virtio_input_multi_touch_4', classes=0x94, configuration='/vendor/usr/idc/virtio_input_multi_touch_4.idc', keyLayout='', keyCharacterMap='', builtinKeyboard=false, 
06-19 06:54:07.791 I/EventHub( 1918): wakeMechanism=EPOLLWAKEUP, usingClockIoctl=true
06-19 06:54:07.791 I/EventHub( 1918): New device: id=12, fd=140, path='/dev/input/event8', name='virtio_input_multi_touch_8', classes=0x94, configuration='/vendor/usr/idc/virtio_input_multi_touch_8.idc', keyLayout='', keyCharacterMap='', builtinKeyboard=false, 
06-19 06:54:07.791 I/EventHub( 1918): wakeMechanism=EPOLLWAKEUP, usingClockIoctl=true
06-19 06:54:07.791 I/EventHub( 1918): New device: id=13, fd=141, path='/dev/input/event9', name='virtio_input_multi_touch_9', classes=0x94, configuration='/vendor/usr/idc/virtio_input_multi_touch_9.idc', keyLayout='', keyCharacterMap='', builtinKeyboard=false, 
06-19 06:54:07.791 I/EventHub( 1918): wakeMechanism=EPOLLWAKEUP, usingClockIoctl=true
06-19 06:54:07.791 I/EventHub( 1918): New device: id=14, fd=142, path='/dev/input/event13', name='goldfish_rotary', classes=0x1000, configuration='/vendor/usr/idc/goldfish_rotary.idc', keyLayout='', keyCharacterMap='', builtinKeyboard=false, 
06-19 06:54:07.792 I/InputReader( 1918): Device added: id=-1, name='Virtual', sources=0x00000301
06-19 06:54:07.792 I/InputReader( 1918): Device added: id=14, name='goldfish_rotary', sources=0x00400000
06-19 06:54:07.792 I/InputReader( 1918): Touch device 'virtio_input_multi_touch_9' could not query the properties of its associated display.  The device will be inoperable until the display size becomes available.
06-19 06:54:07.792 I/InputReader( 1918): Device added: id=13, name='virtio_input_multi_touch_9', sources=0x80005002
06-19 06:54:07.793 I/InputReader( 1918): Touch device 'virtio_input_multi_touch_8' could not query the properties of its associated display.  The device will be inoperable until the display size becomes available.
06-19 06:54:07.793 I/InputReader( 1918): Device added: id=12, name='virtio_input_multi_touch_8', sources=0x80005002
06-19 06:54:07.793 I/InputReader( 1918): Touch device 'virtio_input_multi_touch_4' could not query the properties of its associated display.  The device will be inoperable until the display size becomes available.
06-19 06:54:07.793 I/InputReader( 1918): Device added: id=11, name='virtio_input_multi_touch_4', sources=0x80005002
06-19 06:54:07.793 I/InputReader( 1918): Touch device 'virtio_input_multi_touch_7' could not query the properties of its associated display.  The device will be inoperable until the display size becomes available.
06-19 06:54:07.793 I/InputReader( 1918): Device added: id=10, name='virtio_input_multi_touch_7', sources=0x80005002
06-19 06:54:07.793 I/InputReader( 1918): Touch device 'virtio_input_multi_touch_10' could not query the properties of its associated display.  The device will be inoperable until the display size becomes available.
06-19 06:54:07.793 I/InputReader( 1918): Device added: id=9, name='virtio_input_multi_touch_10', sources=0x80005002
06-19 06:54:07.793 I/InputReader( 1918): Device added: id=8, name='Power Button', sources=0x00000101
06-19 06:54:07.793 I/InputReader( 1918): Device added: id=7, name='AT Translated Set 2 keyboard', sources=0x00000101
06-19 06:54:07.793 I/InputReader( 1918): Touch device 'virtio_input_multi_touch_3' could not query the properties of its associated display.  The device will be inoperable until the display size becomes available.
06-19 06:54:07.793 I/InputReader( 1918): Device added: id=6, name='virtio_input_multi_touch_3', sources=0x80005002
06-19 06:54:07.793 I/InputReader( 1918): Touch device 'virtio_input_multi_touch_6' could not query the properties of its associated display.  The device will be inoperable until the display size becomes available.
06-19 06:54:07.793 I/InputReader( 1918): Device added: id=5, name='virtio_input_multi_touch_6', sources=0x80005002
06-19 06:54:07.793 I/InputReader( 1918): Touch device 'virtio_input_multi_touch_2' could not query the properties of its associated display.  The device will be inoperable until the display size becomes available.
06-19 06:54:07.793 I/InputReader( 1918): Device added: id=4, name='virtio_input_multi_touch_2', sources=0x80005002
06-19 06:54:07.793 I/InputReader( 1918): Touch device 'virtio_input_multi_touch_5' could not query the properties of its associated display.  The device will be inoperable until the display size becomes available.
06-19 06:54:07.793 I/InputReader( 1918): Device added: id=3, name='virtio_input_multi_touch_5', sources=0x80005002
06-19 06:54:07.793 I/InputReader( 1918): Touch device 'virtio_input_multi_touch_11' could not query the properties of its associated display.  The device will be inoperable until the display size becomes available.
06-19 06:54:07.793 I/InputReader( 1918): Device added: id=2, name='virtio_input_multi_touch_11', sources=0x80005002
06-19 06:54:07.793 I/InputReader( 1918): Touch device 'virtio_input_multi_touch_1' could not query the properties of its associated display.  The device will be inoperable until the display size becomes available.
06-19 06:54:07.793 I/InputReader( 1918): Device added: id=1, name='virtio_input_multi_touch_1', sources=0x80005002
06-19 06:54:07.802 I/WindowManager( 1918): SAFE MODE not enabled
06-19 06:54:07.802 I/SystemServer( 1918): StartInputMethodManagerLifecycle
06-19 06:54:07.802 I/SystemServiceManager( 1918): Starting com.android.server.inputmethod.InputMethodManagerService$Lifecycle
06-19 06:54:07.804 D/SystemServerTiming( 1918): StartInputMethodManagerLifecycle took to complete: 2ms
06-19 06:54:07.804 I/SystemServer( 1918): StartAccessibilityManagerService
06-19 06:54:07.804 I/SystemServiceManager( 1918): Starting com.android.server.accessibility.AccessibilityManagerService$Lifecycle
06-19 06:54:07.805 D/SystemServerTiming( 1918): StartAccessibilityManagerService took to complete: 1ms
06-19 06:54:07.805 I/SystemServer( 1918): MakeDisplayReady
06-19 06:54:07.805 W/InputReader( 1918): Device has associated, but no associated display id.
06-19 06:54:07.806 I/ActivityTaskManager( 1918): Config changes=20005df8 {1.0 ?mcc?mnc [en_US] ldltr sw320dp w320dp h616dp 160dpi nrml long port ?uimode ?night finger qwerty/v/v -nav/h winConfig={ mBounds=Rect(0, 0 - 320, 640) mAppBounds=Rect(0, 0 - 320, 640) mWindowingMode=fullscreen mDisplayWindowingMode=fullscreen mActivityType=undefined mAlwaysOnTop=undefined mRotation=ROTATION_0} s.2}
06-19 06:54:07.808 I/ActivityTaskManager( 1918): Override config changes=60007dfc {1.0 ?mcc?mnc [en_US] ldltr sw320dp w320dp h616dp 160dpi nrml long port ?uimode ?night finger qwerty/v/v -nav/h winConfig={ mBounds=Rect(0, 0 - 320, 640) mAppBounds=Rect(0, 0 - 320, 640) mWindowingMode=fullscreen mDisplayWindowingMode=fullscreen mActivityType=undefined mAlwaysOnTop=undefined mRotation=ROTATION_0} s.2} for displayId=0
06-19 06:54:07.805 I/chatty  ( 1918): uid=1000 system_server identical 9 lines
06-19 06:54:07.805 W/InputReader( 1918): Device has associated, but no associated display id.
06-19 06:54:07.811 I/InputManager-JNI( 1918): Viewport [0] to add: local:0
06-19 06:54:07.811 D/SystemServerTiming( 1918): MakeDisplayReady took to complete: 7ms
06-19 06:54:07.811 I/SystemServer( 1918): StartStorageManagerService
06-19 06:54:07.811 I/InputReader( 1918): Reconfiguring input devices.  changes=0x00000004
06-19 06:54:07.811 I/InputReader( 1918): Device reconfigured: id=1, name='virtio_input_multi_touch_1', size 320x640, orientation 0, mode 1, display id 0
06-19 06:54:07.811 I/InputReader( 1918): Touch device 'virtio_input_multi_touch_11' could not query the properties of its associated display.  The device will be inoperable until the display size becomes available.
06-19 06:54:07.812 I/InputReader( 1918): Touch device 'virtio_input_multi_touch_5' could not query the properties of its associated display.  The device will be inoperable until the display size becomes available.
06-19 06:54:07.812 I/InputReader( 1918): Touch device 'virtio_input_multi_touch_2' could not query the properties of its associated display.  The device will be inoperable until the display size becomes available.
06-19 06:54:07.812 I/InputReader( 1918): Touch device 'virtio_input_multi_touch_6' could not query the properties of its associated display.  The device will be inoperable until the display size becomes available.
06-19 06:54:07.812 I/InputReader( 1918): Touch device 'virtio_input_multi_touch_3' could not query the properties of its associated display.  The device will be inoperable until the display size becomes available.
06-19 06:54:07.812 I/InputReader( 1918): Touch device 'virtio_input_multi_touch_10' could not query the properties of its associated display.  The device will be inoperable until the display size becomes available.
06-19 06:54:07.812 I/InputReader( 1918): Touch device 'virtio_input_multi_touch_7' could not query the properties of its associated display.  The device will be inoperable until the display size becomes available.
06-19 06:54:07.812 I/InputReader( 1918): Touch device 'virtio_input_multi_touch_4' could not query the properties of its associated display.  The device will be inoperable until the display size becomes available.
