06-19 06:54:09.822 W/PackageManager( 1918): Cannot whitelist unknown permission: android.permission.READ_MEDIA_VIDEO
06-19 06:54:09.822 W/PackageManager( 1918): Cannot whitelist unknown permission: com.android.vending.setup.PLAY_SETUP_SERVICE
06-19 06:54:09.822 W/PackageManager( 1918): Cannot whitelist unknown permission: com.google.android.gms.game.notifications.permission.WRITE
06-19 06:54:09.822 W/PackageManager( 1918): Cannot whitelist unknown permission: com.google.android.vending.verifier.ACCESS_VERIFIER
06-19 06:54:09.822 I/PackageManager( 1918): Un-granting permission android.permission.CAPTURE_VIDEO_OUTPUT from package com.google.android.gms (protectionLevel=2 flags=0xb0cabe45)
06-19 06:54:09.822 I/PackageManager( 1918): Un-granting permission android.permission.MANAGE_DEVICE_ADMINS from package com.google.android.gms (protectionLevel=2 flags=0xb0cabe45)
06-19 06:54:09.822 I/PackageManager( 1918): Un-granting permission android.permission.MANAGE_ACTIVITY_STACKS from package com.google.android.gms (protectionLevel=2 flags=0xb0cabe45)
06-19 06:54:09.822 I/PackageManager( 1918): Un-granting permission android.permission.CAPTURE_SECURE_VIDEO_OUTPUT from package com.google.android.gms (protectionLevel=2 flags=0xb0cabe45)
06-19 06:54:09.823 I/PackageManager( 1918): Un-granting permission android.permission.MANAGE_ROLLBACKS from package com.google.android.gms (protectionLevel=514 flags=0xb0cabe45)
06-19 06:54:09.824 W/PackageManager( 1918): Cannot whitelist unknown permission: android.permission.QUERY_ALL_PACKAGES
06-19 06:54:09.824 W/PackageManager( 1918): Cannot whitelist unknown permission: android.permission.PRE_FACTORY_RESET
06-19 06:54:09.824 W/PackageManager( 1918): Cannot whitelist unknown permission: android.permission.MANAGE_FACTORY_RESET_PROTECTION
06-19 06:54:09.824 W/PackageManager( 1918): Cannot whitelist unknown permission: android.car.permission.CAR_POWER
06-19 06:54:09.824 W/PackageManager( 1918): Cannot whitelist unknown permission: com.google.android.wearable.WRITE_SETTINGS
06-19 06:54:09.824 W/PackageManager( 1918): Cannot whitelist unknown permission: com.felicanetworks.mfc.permission.MFC_ACCESS
06-19 06:54:09.824 W/PackageManager( 1918): Cannot whitelist unknown permission: com.felicanetworks.mfc.mfi.permission.MFI_ACCESS
06-19 06:54:09.824 W/PackageManager( 1918): Cannot whitelist unknown permission: com.google.android.finsky.permission.INSTANT_APP_STATE
06-19 06:54:09.825 W/PackageManager( 1918): Cannot whitelist unknown permission: android.permission.UWB
06-19 06:54:09.825 W/PackageManager( 1918): Cannot whitelist unknown permission: com.google.android.finsky.permission.BIND_GET_INSTALL_REFERRER_SERVICE
06-19 06:54:09.825 W/PackageManager( 1918): Cannot whitelist unknown permission: com.google.android.hangouts.START_HANGOUT
06-19 06:54:09.825 W/PackageManager( 1918): Cannot whitelist unknown permission: android.car.permission.CAR_POWERTRAIN
06-19 06:54:09.825 W/PackageManager( 1918): Cannot whitelist unknown permission: android.car.permission.CAR_ENERGY
06-19 06:54:09.825 W/PackageManager( 1918): Cannot whitelist unknown permission: android.car.permission.CAR_ENERGY_PORTS
06-19 06:54:09.825 W/PackageManager( 1918): Cannot whitelist unknown permission: android.car.permission.CAR_EXTERIOR_LIGHTS
06-19 06:54:09.825 W/PackageManager( 1918): Cannot whitelist unknown permission: android.car.permission.CAR_INFO
06-19 06:54:09.825 W/PackageManager( 1918): Cannot whitelist unknown permission: android.car.permission.CAR_MILEAGE
06-19 06:54:09.825 W/PackageManager( 1918): Cannot whitelist unknown permission: android.car.permission.CAR_TIRES
06-19 06:54:09.825 W/PackageManager( 1918): Cannot whitelist unknown permission: android.car.permission.CONTROL_CAR_CLIMATE
06-19 06:54:09.825 W/PackageManager( 1918): Cannot whitelist unknown permission: android.car.permission.CONTROL_CAR_DOORS
06-19 06:54:09.825 W/PackageManager( 1918): Cannot whitelist unknown permission: android.car.permission.CONTROL_CAR_EXTERIOR_LIGHTS
06-19 06:54:09.825 W/PackageManager( 1918): Cannot whitelist unknown permission: android.car.permission.CONTROL_CAR_MIRRORS
06-19 06:54:09.825 W/PackageManager( 1918): Cannot whitelist unknown permission: android.car.permission.CONTROL_CAR_SEATS
06-19 06:54:09.825 W/PackageManager( 1918): Cannot whitelist unknown permission: android.car.permission.CONTROL_CAR_WINDOWS
06-19 06:54:09.825 W/PackageManager( 1918): Cannot whitelist unknown permission: android.car.permission.READ_CAR_DISPLAY_UNITS
06-19 06:54:09.825 W/PackageManager( 1918): Cannot whitelist unknown permission: com.google.android.finsky.permission.GEARHEAD_SERVICE
06-19 06:54:09.825 W/PackageManager( 1918): Cannot whitelist unknown permission: com.google.android.permission.ACCESSIBILITY_SCAN_SERVICE
06-19 06:54:09.825 W/PackageManager( 1918): Cannot whitelist unknown permission: com.google.android.finsky.permission.ACCESS_INSTANT_APP_NOTIFICATION_ENFORCEMENT
06-19 06:54:09.825 W/PackageManager( 1918): Cannot whitelist unknown permission: com.google.android.clockwork.settings.SHOW_FACTORY_RESET_CONFIRMATION
06-19 06:54:09.825 W/PackageManager( 1918): Cannot whitelist unknown permission: com.google.android.wearable.READ_SETTINGS
06-19 06:54:09.825 W/PackageManager( 1918): Cannot whitelist unknown permission: android.permission.READ_MEDIA_AUDIO
06-19 06:54:09.825 W/PackageManager( 1918): Cannot whitelist unknown permission: android.permission.READ_MEDIA_IMAGES
06-19 06:54:09.825 W/PackageManager( 1918): Cannot whitelist unknown permission: android.permission.READ_MEDIA_VIDEO
06-19 06:54:09.825 W/PackageManager( 1918): Cannot whitelist unknown permission: com.android.vending.setup.PLAY_SETUP_SERVICE
06-19 06:54:09.825 W/PackageManager( 1918): Cannot whitelist unknown permission: com.google.android.gms.game.notifications.permission.WRITE
06-19 06:54:09.825 W/PackageManager( 1918): Cannot whitelist unknown permission: com.google.android.vending.verifier.ACCESS_VERIFIER
06-19 06:54:09.825 I/PackageManager( 1918): Un-granting permission android.permission.CAPTURE_VIDEO_OUTPUT from package com.google.android.gms (protectionLevel=2 flags=0xb0cabe45)
06-19 06:54:09.825 I/PackageManager( 1918): Un-granting permission android.permission.MANAGE_DEVICE_ADMINS from package com.google.android.gms (protectionLevel=2 flags=0xb0cabe45)
06-19 06:54:09.825 I/PackageManager( 1918): Un-granting permission android.permission.MANAGE_ACTIVITY_STACKS from package com.google.android.gms (protectionLevel=2 flags=0xb0cabe45)
06-19 06:54:09.825 I/PackageManager( 1918): Un-granting permission android.permission.CAPTURE_SECURE_VIDEO_OUTPUT from package com.google.android.gms (protectionLevel=2 flags=0xb0cabe45)
06-19 06:54:09.825 I/PackageManager( 1918): Un-granting permission android.permission.MANAGE_ROLLBACKS from package com.google.android.gms (protectionLevel=514 flags=0xb0cabe45)
06-19 06:54:09.826 W/PackageManager( 1918): Cannot whitelist unknown permission: android.permission.QUERY_ALL_PACKAGES
06-19 06:54:09.826 W/PackageManager( 1918): Cannot whitelist unknown permission: android.permission.PRE_FACTORY_RESET
06-19 06:54:09.826 W/PackageManager( 1918): Cannot whitelist unknown permission: android.permission.MANAGE_FACTORY_RESET_PROTECTION
06-19 06:54:09.826 W/PackageManager( 1918): Cannot whitelist unknown permission: android.car.permission.CAR_POWER
06-19 06:54:09.826 W/PackageManager( 1918): Cannot whitelist unknown permission: com.google.android.wearable.WRITE_SETTINGS
06-19 06:54:09.826 W/PackageManager( 1918): Cannot whitelist unknown permission: com.felicanetworks.mfc.permission.MFC_ACCESS
06-19 06:54:09.826 W/PackageManager( 1918): Cannot whitelist unknown permission: com.felicanetworks.mfc.mfi.permission.MFI_ACCESS
06-19 06:54:09.826 W/PackageManager( 1918): Cannot whitelist unknown permission: com.google.android.finsky.permission.INSTANT_APP_STATE
06-19 06:54:09.827 W/PackageManager( 1918): Cannot whitelist unknown permission: android.permission.UWB
06-19 06:54:09.827 W/PackageManager( 1918): Cannot whitelist unknown permission: com.google.android.finsky.permission.BIND_GET_INSTALL_REFERRER_SERVICE
06-19 06:54:09.827 W/PackageManager( 1918): Cannot whitelist unknown permission: com.google.android.hangouts.START_HANGOUT
06-19 06:54:09.827 W/PackageManager( 1918): Cannot whitelist unknown permission: android.car.permission.CAR_POWERTRAIN
06-19 06:54:09.827 W/PackageManager( 1918): Cannot whitelist unknown permission: android.car.permission.CAR_ENERGY
06-19 06:54:09.827 W/PackageManager( 1918): Cannot whitelist unknown permission: android.car.permission.CAR_ENERGY_PORTS
06-19 06:54:09.827 W/PackageManager( 1918): Cannot whitelist unknown permission: android.car.permission.CAR_EXTERIOR_LIGHTS
06-19 06:54:09.827 W/PackageManager( 1918): Cannot whitelist unknown permission: android.car.permission.CAR_INFO
06-19 06:54:09.827 W/PackageManager( 1918): Cannot whitelist unknown permission: android.car.permission.CAR_MILEAGE
06-19 06:54:09.827 W/PackageManager( 1918): Cannot whitelist unknown permission: android.car.permission.CAR_TIRES
06-19 06:54:09.827 W/PackageManager( 1918): Cannot whitelist unknown permission: android.car.permission.CONTROL_CAR_CLIMATE
06-19 06:54:09.827 W/PackageManager( 1918): Cannot whitelist unknown permission: android.car.permission.CONTROL_CAR_DOORS
06-19 06:54:09.827 W/PackageManager( 1918): Cannot whitelist unknown permission: android.car.permission.CONTROL_CAR_EXTERIOR_LIGHTS
06-19 06:54:09.827 W/PackageManager( 1918): Cannot whitelist unknown permission: android.car.permission.CONTROL_CAR_MIRRORS
06-19 06:54:09.827 W/PackageManager( 1918): Cannot whitelist unknown permission: android.car.permission.CONTROL_CAR_SEATS
06-19 06:54:09.827 W/PackageManager( 1918): Cannot whitelist unknown permission: android.car.permission.CONTROL_CAR_WINDOWS
06-19 06:54:09.827 W/PackageManager( 1918): Cannot whitelist unknown permission: android.car.permission.READ_CAR_DISPLAY_UNITS
06-19 06:54:09.827 W/PackageManager( 1918): Cannot whitelist unknown permission: com.google.android.finsky.permission.GEARHEAD_SERVICE
06-19 06:54:09.827 W/PackageManager( 1918): Cannot whitelist unknown permission: com.google.android.permission.ACCESSIBILITY_SCAN_SERVICE
06-19 06:54:09.827 W/PackageManager( 1918): Cannot whitelist unknown permission: com.google.android.finsky.permission.ACCESS_INSTANT_APP_NOTIFICATION_ENFORCEMENT
06-19 06:54:09.827 W/PackageManager( 1918): Cannot whitelist unknown permission: com.google.android.clockwork.settings.SHOW_FACTORY_RESET_CONFIRMATION
06-19 06:54:09.827 W/PackageManager( 1918): Cannot whitelist unknown permission: com.google.android.wearable.READ_SETTINGS
06-19 06:54:09.827 W/PackageManager( 1918): Cannot whitelist unknown permission: android.permission.READ_MEDIA_AUDIO
06-19 06:54:09.827 W/PackageManager( 1918): Cannot whitelist unknown permission: android.permission.READ_MEDIA_IMAGES
06-19 06:54:09.827 W/PackageManager( 1918): Cannot whitelist unknown permission: android.permission.READ_MEDIA_VIDEO
06-19 06:54:09.827 W/PackageManager( 1918): Cannot whitelist unknown permission: com.android.vending.setup.PLAY_SETUP_SERVICE
06-19 06:54:09.827 W/PackageManager( 1918): Cannot whitelist unknown permission: com.google.android.gms.game.notifications.permission.WRITE
06-19 06:54:09.827 W/PackageManager( 1918): Cannot whitelist unknown permission: com.google.android.vending.verifier.ACCESS_VERIFIER
06-19 06:54:09.827 I/PackageManager( 1918): Un-granting permission android.permission.CAPTURE_VIDEO_OUTPUT from package com.google.android.gms (protectionLevel=2 flags=0xb0cabe45)
06-19 06:54:09.827 I/PackageManager( 1918): Un-granting permission android.permission.MANAGE_DEVICE_ADMINS from package com.google.android.gms (protectionLevel=2 flags=0xb0cabe45)
06-19 06:54:09.827 I/PackageManager( 1918): Un-granting permission android.permission.MANAGE_ACTIVITY_STACKS from package com.google.android.gms (protectionLevel=2 flags=0xb0cabe45)
06-19 06:54:09.827 I/PackageManager( 1918): Un-granting permission android.permission.CAPTURE_SECURE_VIDEO_OUTPUT from package com.google.android.gms (protectionLevel=2 flags=0xb0cabe45)
06-19 06:54:09.827 I/PackageManager( 1918): Un-granting permission android.permission.MANAGE_ROLLBACKS from package com.google.android.gms (protectionLevel=514 flags=0xb0cabe45)
06-19 06:54:09.832 W/PackageManager( 1918): Cannot whitelist unknown permission: android.permission.QUERY_ALL_PACKAGES
06-19 06:54:09.832 W/PackageManager( 1918): Cannot whitelist unknown permission: android.permission.PRE_FACTORY_RESET
06-19 06:54:09.832 W/PackageManager( 1918): Cannot whitelist unknown permission: android.permission.MANAGE_FACTORY_RESET_PROTECTION
06-19 06:54:09.832 W/PackageManager( 1918): Cannot whitelist unknown permission: android.car.permission.CAR_POWER
06-19 06:54:09.832 W/PackageManager( 1918): Cannot whitelist unknown permission: com.google.android.wearable.WRITE_SETTINGS
06-19 06:54:09.832 W/PackageManager( 1918): Cannot whitelist unknown permission: com.felicanetworks.mfc.permission.MFC_ACCESS
06-19 06:54:09.832 W/PackageManager( 1918): Cannot whitelist unknown permission: com.felicanetworks.mfc.mfi.permission.MFI_ACCESS
06-19 06:54:09.832 W/PackageManager( 1918): Cannot whitelist unknown permission: com.google.android.finsky.permission.INSTANT_APP_STATE
06-19 06:54:09.832 W/PackageManager( 1918): Cannot whitelist unknown permission: android.permission.UWB
06-19 06:54:09.832 W/PackageManager( 1918): Cannot whitelist unknown permission: com.google.android.finsky.permission.BIND_GET_INSTALL_REFERRER_SERVICE
06-19 06:54:09.832 W/PackageManager( 1918): Cannot whitelist unknown permission: com.google.android.hangouts.START_HANGOUT
06-19 06:54:09.832 W/PackageManager( 1918): Cannot whitelist unknown permission: android.car.permission.CAR_POWERTRAIN
06-19 06:54:09.832 W/PackageManager( 1918): Cannot whitelist unknown permission: android.car.permission.CAR_ENERGY
06-19 06:54:09.832 W/PackageManager( 1918): Cannot whitelist unknown permission: android.car.permission.CAR_ENERGY_PORTS
06-19 06:54:09.832 W/PackageManager( 1918): Cannot whitelist unknown permission: android.car.permission.CAR_EXTERIOR_LIGHTS
06-19 06:54:09.833 W/PackageManager( 1918): Cannot whitelist unknown permission: android.car.permission.CAR_INFO
06-19 06:54:09.833 W/PackageManager( 1918): Cannot whitelist unknown permission: android.car.permission.CAR_MILEAGE
06-19 06:54:09.833 W/PackageManager( 1918): Cannot whitelist unknown permission: android.car.permission.CAR_TIRES
06-19 06:54:09.833 W/PackageManager( 1918): Cannot whitelist unknown permission: android.car.permission.CONTROL_CAR_CLIMATE
06-19 06:54:09.833 W/PackageManager( 1918): Cannot whitelist unknown permission: android.car.permission.CONTROL_CAR_DOORS
06-19 06:54:09.833 W/PackageManager( 1918): Cannot whitelist unknown permission: android.car.permission.CONTROL_CAR_EXTERIOR_LIGHTS
06-19 06:54:09.833 W/PackageManager( 1918): Cannot whitelist unknown permission: android.car.permission.CONTROL_CAR_MIRRORS
06-19 06:54:09.833 W/PackageManager( 1918): Cannot whitelist unknown permission: android.car.permission.CONTROL_CAR_SEATS
06-19 06:54:09.833 W/PackageManager( 1918): Cannot whitelist unknown permission: android.car.permission.CONTROL_CAR_WINDOWS
06-19 06:54:09.833 W/PackageManager( 1918): Cannot whitelist unknown permission: android.car.permission.READ_CAR_DISPLAY_UNITS
06-19 06:54:09.833 W/PackageManager( 1918): Cannot whitelist unknown permission: com.google.android.finsky.permission.GEARHEAD_SERVICE
06-19 06:54:09.833 W/PackageManager( 1918): Cannot whitelist unknown permission: com.google.android.permission.ACCESSIBILITY_SCAN_SERVICE
06-19 06:54:09.833 W/PackageManager( 1918): Cannot whitelist unknown permission: com.google.android.finsky.permission.ACCESS_INSTANT_APP_NOTIFICATION_ENFORCEMENT
06-19 06:54:09.833 W/PackageManager( 1918): Cannot whitelist unknown permission: com.google.android.clockwork.settings.SHOW_FACTORY_RESET_CONFIRMATION
06-19 06:54:09.833 W/PackageManager( 1918): Cannot whitelist unknown permission: com.google.android.wearable.READ_SETTINGS
06-19 06:54:09.833 W/PackageManager( 1918): Cannot whitelist unknown permission: android.permission.READ_MEDIA_AUDIO
06-19 06:54:09.833 W/PackageManager( 1918): Cannot whitelist unknown permission: android.permission.READ_MEDIA_IMAGES
06-19 06:54:09.833 W/PackageManager( 1918): Cannot whitelist unknown permission: android.permission.READ_MEDIA_VIDEO
06-19 06:54:09.833 W/PackageManager( 1918): Cannot whitelist unknown permission: com.android.vending.setup.PLAY_SETUP_SERVICE
06-19 06:54:09.833 W/PackageManager( 1918): Cannot whitelist unknown permission: com.google.android.gms.game.notifications.permission.WRITE
06-19 06:54:09.833 W/PackageManager( 1918): Cannot whitelist unknown permission: com.google.android.vending.verifier.ACCESS_VERIFIER
06-19 06:54:09.833 I/PackageManager( 1918): Un-granting permission android.permission.CAPTURE_VIDEO_OUTPUT from package com.google.android.gms (protectionLevel=2 flags=0xb0cabe45)
06-19 06:54:09.833 I/PackageManager( 1918): Un-granting permission android.permission.MANAGE_DEVICE_ADMINS from package com.google.android.gms (protectionLevel=2 flags=0xb0cabe45)
06-19 06:54:09.833 I/PackageManager( 1918): Un-granting permission android.permission.MANAGE_ACTIVITY_STACKS from package com.google.android.gms (protectionLevel=2 flags=0xb0cabe45)
06-19 06:54:09.833 I/PackageManager( 1918): Un-granting permission android.permission.CAPTURE_SECURE_VIDEO_OUTPUT from package com.google.android.gms (protectionLevel=2 flags=0xb0cabe45)
06-19 06:54:09.833 I/PackageManager( 1918): Un-granting permission android.permission.MANAGE_ROLLBACKS from package com.google.android.gms (protectionLevel=514 flags=0xb0cabe45)
06-19 06:54:09.834 W/PackageManager( 1918): Cannot whitelist unknown permission: android.permission.QUERY_ALL_PACKAGES
06-19 06:54:09.834 W/PackageManager( 1918): Cannot whitelist unknown permission: android.permission.PRE_FACTORY_RESET
06-19 06:54:09.834 W/PackageManager( 1918): Cannot whitelist unknown permission: android.permission.MANAGE_FACTORY_RESET_PROTECTION
06-19 06:54:09.834 W/PackageManager( 1918): Cannot whitelist unknown permission: android.car.permission.CAR_POWER
06-19 06:54:09.834 W/PackageManager( 1918): Cannot whitelist unknown permission: com.google.android.wearable.WRITE_SETTINGS
06-19 06:54:09.834 W/PackageManager( 1918): Cannot whitelist unknown permission: com.felicanetworks.mfc.permission.MFC_ACCESS
06-19 06:54:09.834 W/PackageManager( 1918): Cannot whitelist unknown permission: com.felicanetworks.mfc.mfi.permission.MFI_ACCESS
06-19 06:54:09.834 W/PackageManager( 1918): Cannot whitelist unknown permission: com.google.android.finsky.permission.INSTANT_APP_STATE
06-19 06:54:09.834 W/PackageManager( 1918): Cannot whitelist unknown permission: android.permission.UWB
06-19 06:54:09.835 W/PackageManager( 1918): Cannot whitelist unknown permission: com.google.android.finsky.permission.BIND_GET_INSTALL_REFERRER_SERVICE
06-19 06:54:09.835 W/PackageManager( 1918): Cannot whitelist unknown permission: com.google.android.hangouts.START_HANGOUT
06-19 06:54:09.835 W/PackageManager( 1918): Cannot whitelist unknown permission: android.car.permission.CAR_POWERTRAIN
06-19 06:54:09.835 W/PackageManager( 1918): Cannot whitelist unknown permission: android.car.permission.CAR_ENERGY
06-19 06:54:09.835 W/PackageManager( 1918): Cannot whitelist unknown permission: android.car.permission.CAR_ENERGY_PORTS
06-19 06:54:09.835 W/PackageManager( 1918): Cannot whitelist unknown permission: android.car.permission.CAR_EXTERIOR_LIGHTS
06-19 06:54:09.835 W/PackageManager( 1918): Cannot whitelist unknown permission: android.car.permission.CAR_INFO
06-19 06:54:09.835 W/PackageManager( 1918): Cannot whitelist unknown permission: android.car.permission.CAR_MILEAGE
06-19 06:54:09.835 W/PackageManager( 1918): Cannot whitelist unknown permission: android.car.permission.CAR_TIRES
06-19 06:54:09.835 W/PackageManager( 1918): Cannot whitelist unknown permission: android.car.permission.CONTROL_CAR_CLIMATE
06-19 06:54:09.835 W/PackageManager( 1918): Cannot whitelist unknown permission: android.car.permission.CONTROL_CAR_DOORS
06-19 06:54:09.835 W/PackageManager( 1918): Cannot whitelist unknown permission: android.car.permission.CONTROL_CAR_EXTERIOR_LIGHTS
06-19 06:54:09.835 W/PackageManager( 1918): Cannot whitelist unknown permission: android.car.permission.CONTROL_CAR_MIRRORS
06-19 06:54:09.835 W/PackageManager( 1918): Cannot whitelist unknown permission: android.car.permission.CONTROL_CAR_SEATS
06-19 06:54:09.835 W/PackageManager( 1918): Cannot whitelist unknown permission: android.car.permission.CONTROL_CAR_WINDOWS
06-19 06:54:09.835 W/PackageManager( 1918): Cannot whitelist unknown permission: android.car.permission.READ_CAR_DISPLAY_UNITS
06-19 06:54:09.836 W/PackageManager( 1918): Cannot whitelist unknown permission: com.google.android.finsky.permission.GEARHEAD_SERVICE
06-19 06:54:09.836 W/PackageManager( 1918): Cannot whitelist unknown permission: com.google.android.permission.ACCESSIBILITY_SCAN_SERVICE
06-19 06:54:09.836 W/PackageManager( 1918): Cannot whitelist unknown permission: com.google.android.finsky.permission.ACCESS_INSTANT_APP_NOTIFICATION_ENFORCEMENT
06-19 06:54:09.836 W/PackageManager( 1918): Cannot whitelist unknown permission: com.google.android.clockwork.settings.SHOW_FACTORY_RESET_CONFIRMATION
06-19 06:54:09.836 W/PackageManager( 1918): Cannot whitelist unknown permission: com.google.android.wearable.READ_SETTINGS
06-19 06:54:09.836 W/PackageManager( 1918): Cannot whitelist unknown permission: android.permission.READ_MEDIA_AUDIO
06-19 06:54:09.836 W/PackageManager( 1918): Cannot whitelist unknown permission: android.permission.READ_MEDIA_IMAGES
06-19 06:54:09.836 W/PackageManager( 1918): Cannot whitelist unknown permission: android.permission.READ_MEDIA_VIDEO
06-19 06:54:09.836 W/PackageManager( 1918): Cannot whitelist unknown permission: com.android.vending.setup.PLAY_SETUP_SERVICE
06-19 06:54:09.836 W/PackageManager( 1918): Cannot whitelist unknown permission: com.google.android.gms.game.notifications.permission.WRITE
06-19 06:54:09.836 W/PackageManager( 1918): Cannot whitelist unknown permission: com.google.android.vending.verifier.ACCESS_VERIFIER
06-19 06:54:09.836 I/PackageManager( 1918): Un-granting permission android.permission.CAPTURE_VIDEO_OUTPUT from package com.google.android.gms (protectionLevel=2 flags=0xb0cabe45)
06-19 06:54:09.836 I/PackageManager( 1918): Un-granting permission android.permission.MANAGE_DEVICE_ADMINS from package com.google.android.gms (protectionLevel=2 flags=0xb0cabe45)
06-19 06:54:09.836 I/PackageManager( 1918): Un-granting permission android.permission.MANAGE_ACTIVITY_STACKS from package com.google.android.gms (protectionLevel=2 flags=0xb0cabe45)
06-19 06:54:09.836 I/PackageManager( 1918): Un-granting permission android.permission.CAPTURE_SECURE_VIDEO_OUTPUT from package com.google.android.gms (protectionLevel=2 flags=0xb0cabe45)
06-19 06:54:09.836 I/PackageManager( 1918): Un-granting permission android.permission.MANAGE_ROLLBACKS from package com.google.android.gms (protectionLevel=514 flags=0xb0cabe45)
06-19 06:54:09.842 W/PackageManager( 1918): Cannot whitelist unknown permission: android.permission.QUERY_ALL_PACKAGES
06-19 06:54:09.842 W/PackageManager( 1918): Cannot whitelist unknown permission: android.permission.PRE_FACTORY_RESET
06-19 06:54:09.842 W/PackageManager( 1918): Cannot whitelist unknown permission: android.permission.MANAGE_FACTORY_RESET_PROTECTION
06-19 06:54:09.842 W/PackageManager( 1918): Cannot whitelist unknown permission: android.car.permission.CAR_POWER
06-19 06:54:09.842 W/PackageManager( 1918): Cannot whitelist unknown permission: com.google.android.wearable.WRITE_SETTINGS
06-19 06:54:09.842 W/PackageManager( 1918): Cannot whitelist unknown permission: com.felicanetworks.mfc.permission.MFC_ACCESS
06-19 06:54:09.842 W/PackageManager( 1918): Cannot whitelist unknown permission: com.felicanetworks.mfc.mfi.permission.MFI_ACCESS
06-19 06:54:09.842 W/PackageManager( 1918): Cannot whitelist unknown permission: com.google.android.finsky.permission.INSTANT_APP_STATE
06-19 06:54:09.842 W/PackageManager( 1918): Cannot whitelist unknown permission: android.permission.UWB
06-19 06:54:09.842 W/PackageManager( 1918): Cannot whitelist unknown permission: com.google.android.finsky.permission.BIND_GET_INSTALL_REFERRER_SERVICE
06-19 06:54:09.842 W/PackageManager( 1918): Cannot whitelist unknown permission: com.google.android.hangouts.START_HANGOUT
06-19 06:54:09.842 W/PackageManager( 1918): Cannot whitelist unknown permission: android.car.permission.CAR_POWERTRAIN
06-19 06:54:09.842 W/PackageManager( 1918): Cannot whitelist unknown permission: android.car.permission.CAR_ENERGY
06-19 06:54:09.842 W/PackageManager( 1918): Cannot whitelist unknown permission: android.car.permission.CAR_ENERGY_PORTS
06-19 06:54:09.842 W/PackageManager( 1918): Cannot whitelist unknown permission: android.car.permission.CAR_EXTERIOR_LIGHTS
06-19 06:54:09.842 W/PackageManager( 1918): Cannot whitelist unknown permission: android.car.permission.CAR_INFO
06-19 06:54:09.842 W/PackageManager( 1918): Cannot whitelist unknown permission: android.car.permission.CAR_MILEAGE
06-19 06:54:09.842 W/PackageManager( 1918): Cannot whitelist unknown permission: android.car.permission.CAR_TIRES
06-19 06:54:09.842 W/PackageManager( 1918): Cannot whitelist unknown permission: android.car.permission.CONTROL_CAR_CLIMATE
06-19 06:54:09.842 W/PackageManager( 1918): Cannot whitelist unknown permission: android.car.permission.CONTROL_CAR_DOORS
06-19 06:54:09.842 W/PackageManager( 1918): Cannot whitelist unknown permission: android.car.permission.CONTROL_CAR_EXTERIOR_LIGHTS
06-19 06:54:09.842 W/PackageManager( 1918): Cannot whitelist unknown permission: android.car.permission.CONTROL_CAR_MIRRORS
06-19 06:54:09.843 W/PackageManager( 1918): Cannot whitelist unknown permission: android.car.permission.CONTROL_CAR_SEATS
06-19 06:54:09.843 W/PackageManager( 1918): Cannot whitelist unknown permission: android.car.permission.CONTROL_CAR_WINDOWS
06-19 06:54:09.843 W/PackageManager( 1918): Cannot whitelist unknown permission: android.car.permission.READ_CAR_DISPLAY_UNITS
06-19 06:54:09.843 W/PackageManager( 1918): Cannot whitelist unknown permission: com.google.android.finsky.permission.GEARHEAD_SERVICE
06-19 06:54:09.843 W/PackageManager( 1918): Cannot whitelist unknown permission: com.google.android.permission.ACCESSIBILITY_SCAN_SERVICE
06-19 06:54:09.843 W/PackageManager( 1918): Cannot whitelist unknown permission: com.google.android.finsky.permission.ACCESS_INSTANT_APP_NOTIFICATION_ENFORCEMENT
06-19 06:54:09.843 W/PackageManager( 1918): Cannot whitelist unknown permission: com.google.android.clockwork.settings.SHOW_FACTORY_RESET_CONFIRMATION
06-19 06:54:09.843 W/PackageManager( 1918): Cannot whitelist unknown permission: com.google.android.wearable.READ_SETTINGS
06-19 06:54:09.843 W/PackageManager( 1918): Cannot whitelist unknown permission: android.permission.READ_MEDIA_AUDIO
06-19 06:54:09.843 W/PackageManager( 1918): Cannot whitelist unknown permission: android.permission.READ_MEDIA_IMAGES
06-19 06:54:09.843 W/PackageManager( 1918): Cannot whitelist unknown permission: android.permission.READ_MEDIA_VIDEO
06-19 06:54:09.843 W/PackageManager( 1918): Cannot whitelist unknown permission: com.android.vending.setup.PLAY_SETUP_SERVICE
06-19 06:54:09.843 W/PackageManager( 1918): Cannot whitelist unknown permission: com.google.android.gms.game.notifications.permission.WRITE
06-19 06:54:09.843 W/PackageManager( 1918): Cannot whitelist unknown permission: com.google.android.vending.verifier.ACCESS_VERIFIER
06-19 06:54:09.843 I/PackageManager( 1918): Un-granting permission android.permission.CAPTURE_VIDEO_OUTPUT from package com.google.android.gms (protectionLevel=2 flags=0xb0cabe45)
06-19 06:54:09.844 I/PackageManager( 1918): Un-granting permission android.permission.MANAGE_DEVICE_ADMINS from package com.google.android.gms (protectionLevel=2 flags=0xb0cabe45)
06-19 06:54:09.844 I/PackageManager( 1918): Un-granting permission android.permission.MANAGE_ACTIVITY_STACKS from package com.google.android.gms (protectionLevel=2 flags=0xb0cabe45)
06-19 06:54:09.844 I/PackageManager( 1918): Un-granting permission android.permission.CAPTURE_SECURE_VIDEO_OUTPUT from package com.google.android.gms (protectionLevel=2 flags=0xb0cabe45)
06-19 06:54:09.844 I/PackageManager( 1918): Un-granting permission android.permission.MANAGE_ROLLBACKS from package com.google.android.gms (protectionLevel=514 flags=0xb0cabe45)
06-19 06:54:09.857 W/PackageManager( 1918): Cannot whitelist unknown permission: android.permission.ADD_VOICEMAIL
06-19 06:54:09.857 W/PackageManager( 1918): Cannot whitelist unknown permission: com.google.android.apps.messaging.services.ACCESS_JIBESERVICE
06-19 06:54:09.858 E/ActivityThread( 2059): Failed to find provider info for com.google.android.gsf.gservices
06-19 06:54:09.858 W/PackageManager( 1918): Cannot whitelist unknown permission: android.permission.ADD_VOICEMAIL
06-19 06:54:09.858 W/PackageManager( 1918): Cannot whitelist unknown permission: com.google.android.apps.messaging.services.ACCESS_JIBESERVICE
06-19 06:54:09.860 E/ActivityThread( 2059): Failed to find provider info for com.google.android.gsf.gservices
06-19 06:54:09.860 W/PackageManager( 1918): Cannot whitelist unknown permission: android.permission.ADD_VOICEMAIL
06-19 06:54:09.860 W/PackageManager( 1918): Cannot whitelist unknown permission: com.google.android.apps.messaging.services.ACCESS_JIBESERVICE
06-19 06:54:09.861 I/FileApkMgr( 2059): Extracting modules completed
06-19 06:54:09.861 I/GmsApplication( 2059): Staging modules completed
06-19 06:54:09.861 I/GmsApplication( 2059): Updating config
06-19 06:54:09.862 E/ActivityThread( 2059): Failed to find provider info for com.google.android.gsf.gservices
06-19 06:54:09.862 W/FileUtils( 2059): Failed to set world readable: /data/user_de/0/com.google.android.gms/app_chimera/current_config.fb
06-19 06:54:09.862 E/ActivityThread( 2059): Failed to find provider info for com.google.android.gsf.gservices
06-19 06:54:09.863 W/PackageManager( 1918): Cannot whitelist unknown permission: android.permission.ADD_VOICEMAIL
06-19 06:54:09.863 W/PackageManager( 1918): Cannot whitelist unknown permission: com.google.android.apps.messaging.services.ACCESS_JIBESERVICE
06-19 06:54:09.864 W/PackageManager( 1918): Cannot whitelist unknown permission: android.permission.ADD_VOICEMAIL
06-19 06:54:09.864 W/PackageManager( 1918): Cannot whitelist unknown permission: com.google.android.apps.messaging.services.ACCESS_JIBESERVICE
06-19 06:54:09.868 I/PackageManager( 1918): Un-granting permission com.google.android.googleapps.permission.GOOGLE_AUTH from package com.google.android.videos (protectionLevel=2 flags=0x30dbbe45)
06-19 06:54:09.871 I/.gms.persisten( 2059): Compiler allocated 5776KB to compile boolean cuf.a(cyl, boolean, caau, caau, int, java.util.List, java.io.File, cyh)
06-19 06:54:09.869 I/chatty  ( 1918): uid=1000(system) Binder:1918_5 identical 1 line
06-19 06:54:09.871 I/PackageManager( 1918): Un-granting permission com.google.android.googleapps.permission.GOOGLE_AUTH from package com.google.android.videos (protectionLevel=2 flags=0x30dbbe45)
06-19 06:54:09.873 W/PackageManager( 1918): Cannot whitelist unknown permission: com.google.android.apps.miphone.aiai.matchmaker.overview.service.BIND_SERVICE
06-19 06:54:09.873 W/PackageManager( 1918): Cannot whitelist unknown permission: com.google.android.as.allapps.SUGGESTION_CONSUMER
06-19 06:54:09.874 E/ChimeraCfgMgr( 2059): Failed to read module config: java.io.FileNotFoundException: /data/user_de/0/com.google.android.gms/app_chimera/current_config.fb: open failed: ENOENT (No such file or directory)
06-19 06:54:09.874 W/PackageManager( 1918): Cannot whitelist unknown permission: com.google.android.apps.miphone.aiai.matchmaker.overview.service.BIND_SERVICE
06-19 06:54:09.874 W/PackageManager( 1918): Cannot whitelist unknown permission: com.google.android.as.allapps.SUGGESTION_CONSUMER
06-19 06:54:09.875 E/ActivityThread( 2059): Failed to find provider info for com.google.android.gsf.gservices
06-19 06:54:09.877 E/GservicesValue( 2059): Gservices key not whitelisted for directboot access: gms:chimera:dev_module_blacklist
06-19 06:54:09.879 I/GmsModuleFndr( 2059): Beginning GMS chimera module scan
06-19 06:54:09.879 I/chatty  ( 2059): uid=10118 com.google.android.gms.persistent identical 4 lines
06-19 06:54:09.879 E/ActivityThread( 2059): Failed to find provider info for com.google.android.gsf.gservices
06-19 06:54:09.880 W/PackageManager( 1918): Cannot whitelist unknown permission: com.android.vending.BILLING
06-19 06:54:09.880 I/PackageManager( 1918): Un-granting permission android.permission.WRITE_MEDIA_STORAGE from package com.google.android.apps.photos (protectionLevel=18 flags=0x38d9be45)
06-19 06:54:09.882 W/PackageManager( 1918): Cannot whitelist unknown permission: com.android.vending.BILLING
06-19 06:54:09.882 I/PackageManager( 1918): Un-granting permission android.permission.WRITE_MEDIA_STORAGE from package com.google.android.apps.photos (protectionLevel=18 flags=0x38d9be45)
06-19 06:54:09.882 E/ChimeraCfgMgr( 2059): Failed to read module config: java.io.FileNotFoundException: /data/user_de/0/com.google.android.gms/app_chimera/current_config.fb: open failed: ENOENT (No such file or directory)
06-19 06:54:09.883 I/ModuleSetMgr( 2059): Config file doesn't exist, writing blank config.
06-19 06:54:09.888 I/ModuleSetMgr( 2059): Computing pending module set with APKs: [[AdsFdrDynamite.integ:21460000000], [Cronetdynamite:202414040800], [Dynamiteloader:202414040800], [Dynamitemodulesa:202414040000], [Dynamitemodulesc:202414040000], [Googlecertificates:202414040000], [Mapsdynamite:202414040000], [Measurementdynamite:202414040000]]
06-19 06:54:09.889 E/ActivityThread( 2059): Failed to find provider info for com.google.android.gsf.gservices
06-19 06:54:09.892 I/chatty  ( 2059): uid=10118 com.google.android.gms.persistent identical 6 lines
06-19 06:54:09.892 E/ActivityThread( 2059): Failed to find provider info for com.google.android.gsf.gservices
06-19 06:54:09.895 W/PackageManager( 1918): Cannot whitelist unknown permission: com.android.launcher.permission.READ_SETTINGS
06-19 06:54:09.895 W/PackageManager( 1918): Cannot whitelist unknown permission: com.android.launcher.permission.WRITE_SETTINGS
06-19 06:54:09.902 I/ModuleSetMgr( 2059): Pending container module APKs: []
06-19 06:54:09.902 I/ModuleSetMgr( 2059): Pending non-container module APKs: []
06-19 06:54:09.902 E/ActivityThread( 2059): Failed to find provider info for com.google.android.gsf.gservices
06-19 06:54:09.905 E/ChimeraCfgMgr( 2059): Failed to read module config: java.io.FileNotFoundException: /data/user_de/0/com.google.android.gms/app_chimera/current_config.fb: open failed: ENOENT (No such file or directory)
06-19 06:54:09.905 W/IntentOperation( 2059): Failed to get Chimera config:com.google.android.chimera.config.InvalidConfigException: java.io.FileNotFoundException: /data/user_de/0/com.google.android.gms/app_chimera/current_config.fb: open failed: ENOENT (No such file or directory)
06-19 06:54:09.906 I/chatty  ( 2059): uid=10118 com.google.android.gms.persistent identical 4 lines
06-19 06:54:09.906 E/ActivityThread( 2059): Failed to find provider info for com.google.android.gsf.gservices
06-19 06:54:09.909 W/PackageManager( 1918): Cannot whitelist unknown permission: com.android.vending.setup.PLAY_SETUP_SERVICE
06-19 06:54:09.911 I/chatty  ( 1918): uid=1000(system) Binder:1918_5 identical 2 lines
06-19 06:54:09.912 W/PackageManager( 1918): Cannot whitelist unknown permission: com.android.vending.setup.PLAY_SETUP_SERVICE
06-19 06:54:09.921 W/PackageManager( 1918): Cannot whitelist unknown permission: com.android.permission.CONNMO_SETTINGS
06-19 06:54:09.921 W/PackageManager( 1918): Cannot whitelist unknown permission: com.android.permission.DCMO_SETTINGS
06-19 06:54:09.922 W/PackageManager( 1918): Cannot whitelist unknown permission: com.android.permission.CONNMO_SETTINGS
06-19 06:54:09.922 W/PackageManager( 1918): Cannot whitelist unknown permission: com.android.permission.DCMO_SETTINGS
06-19 06:54:09.926 W/PackageManager( 1918): Cannot whitelist unknown permission: com.android.permission.BIND_TELEPHONY_NETWORK_SERVICE
06-19 06:54:09.929 I/chatty  ( 1918): uid=1000(system) Binder:1918_5 identical 2 lines
06-19 06:54:09.930 W/PackageManager( 1918): Cannot whitelist unknown permission: com.android.permission.BIND_TELEPHONY_NETWORK_SERVICE
06-19 06:54:09.942 E/ActivityThread( 2059): Failed to find provider info for com.google.android.gsf.gservices
06-19 06:54:09.942 E/ActivityThread( 2059): Failed to find provider info for com.google.android.gsf.gservices
06-19 06:54:09.953 W/PackageManager( 1918): Cannot whitelist unknown permission: com.google.restricted_assist_gesture.permission.RESTRICTED_ASSIST_GESTURE_PROVIDER
06-19 06:54:09.953 W/PackageManager( 1918): Cannot whitelist unknown permission: com.google.android.apps.dreamliner.permission.DREAMLINER_SERVICE
06-19 06:54:09.953 W/PackageManager( 1918): Cannot whitelist unknown permission: android.car.permission.CONTROL_CAR_CLIMATE
06-19 06:54:09.953 W/PackageManager( 1918): Cannot whitelist unknown permission: android.car.permission.CAR_DRIVING_STATE
06-19 06:54:09.953 W/PackageManager( 1918): Cannot whitelist unknown permission: android.car.permission.CAR_CONTROL_AUDIO_VOLUME
06-19 06:54:09.964 W/PackageManager( 1918): Cannot whitelist unknown permission: com.google.restricted_assist_gesture.permission.RESTRICTED_ASSIST_GESTURE_PROVIDER
06-19 06:54:09.964 W/PackageManager( 1918): Cannot whitelist unknown permission: com.google.android.apps.dreamliner.permission.DREAMLINER_SERVICE
06-19 06:54:09.964 W/PackageManager( 1918): Cannot whitelist unknown permission: android.car.permission.CONTROL_CAR_CLIMATE
06-19 06:54:09.964 W/PackageManager( 1918): Cannot whitelist unknown permission: android.car.permission.CAR_DRIVING_STATE
06-19 06:54:09.964 W/PackageManager( 1918): Cannot whitelist unknown permission: android.car.permission.CAR_CONTROL_AUDIO_VOLUME
06-19 06:54:09.966 W/PackageManager( 1918): Cannot whitelist unknown permission: com.google.android.gallery3d.permission.GALLERY_PROVIDER
06-19 06:54:09.966 W/PackageManager( 1918): Cannot whitelist unknown permission: com.android.gallery3d.permission.GALLERY_PROVIDER
06-19 06:54:09.967 W/PackageManager( 1918): Cannot whitelist unknown permission: com.google.android.gallery3d.permission.GALLERY_PROVIDER
06-19 06:54:09.967 W/PackageManager( 1918): Cannot whitelist unknown permission: com.android.gallery3d.permission.GALLERY_PROVIDER
06-19 06:54:09.968 W/PackageManager( 1918): Cannot whitelist unknown permission: com.google.android.gallery3d.permission.GALLERY_PROVIDER
06-19 06:54:09.968 W/PackageManager( 1918): Cannot whitelist unknown permission: com.android.gallery3d.permission.GALLERY_PROVIDER
06-19 06:54:09.968 W/PackageManager( 1918): Cannot whitelist unknown permission: com.google.android.gallery3d.permission.GALLERY_PROVIDER
06-19 06:54:09.968 W/PackageManager( 1918): Cannot whitelist unknown permission: com.android.gallery3d.permission.GALLERY_PROVIDER
06-19 06:54:09.970 W/PackageManager( 1918): Cannot whitelist unknown permission: com.google.android.gallery3d.permission.GALLERY_PROVIDER
06-19 06:54:09.970 W/PackageManager( 1918): Cannot whitelist unknown permission: com.android.gallery3d.permission.GALLERY_PROVIDER
06-19 06:54:09.971 W/PackageManager( 1918): Cannot whitelist unknown permission: com.google.android.gallery3d.permission.GALLERY_PROVIDER
06-19 06:54:09.971 W/PackageManager( 1918): Cannot whitelist unknown permission: com.android.gallery3d.permission.GALLERY_PROVIDER
06-19 06:54:09.971 W/PackageManager( 1918): Cannot whitelist unknown permission: com.google.android.gallery3d.permission.GALLERY_PROVIDER
06-19 06:54:09.971 W/PackageManager( 1918): Cannot whitelist unknown permission: com.android.gallery3d.permission.GALLERY_PROVIDER
06-19 06:54:09.977 W/PackageManager( 1918): Cannot whitelist unknown permission: com.android.vending.setup.PLAY_SETUP_SERVICE
06-19 06:54:10.083 I/RuntimePermissionsUpgradeController( 2093): Grandfathering SMS and CallLog permissions
06-19 06:54:10.092 I/RuntimePermissionsUpgradeController( 2093): Grandfathering location background permissions
06-19 06:54:10.093 I/RuntimePermissionsUpgradeController( 2093): Grandfathering Storage permissions
06-19 06:54:09.978 W/PackageManager( 1918): Cannot whitelist unknown permission: com.android.vending.setup.PLAY_SETUP_SERVICE
06-19 06:54:10.102 W/PackageManager( 1918): Cannot whitelist unknown permission: com.android.vending.BILLING
06-19 06:54:10.107 I/RuntimePermissionsUpgradeController( 2093): Not expanding location permissions as this is not an upgrade from Android P
06-19 06:54:10.113 W/SystemServiceManager( 1918): Service com.android.server.policy.PermissionPolicyService took 899 ms in onBootPhase
06-19 06:54:10.113 D/SystemServerTiming( 1918): StartActivityManagerReadyPhase took to complete: 937ms
06-19 06:54:10.113 I/SystemServer( 1918): StartObservingNativeCrashes
06-19 06:54:10.113 D/SystemServerTiming( 1918): StartObservingNativeCrashes took to complete: 0ms
06-19 06:54:10.113 I/SystemServer( 1918): StartSystemUI
06-19 06:54:10.113 D/SystemServerInitThreadPool( 1918): Started executing WebViewFactoryPreparation
06-19 06:54:10.113 I/SystemServer( 1918): WebViewFactoryPreparation
06-19 06:54:10.113 I/WebViewUpdateServiceImpl( 1918): One-time migration: enabling com.google.android.webview
06-19 06:54:10.114 D/vold    ( 1573): Remounting 10144 as mode default
06-19 06:54:10.115 D/vold    ( 1573): Remounting 10122 as mode default
06-19 06:54:10.116 V/SystemUIService( 2069): Starting SystemUI services for user 0.
06-19 06:54:10.119 D/SystemUIBootTiming( 2069): StartServicescom.android.systemui.Dependency$DependencyCreator took to complete: 2ms
06-19 06:54:10.119 D/vold    ( 1573): Remounting 10131 as mode write
06-19 06:54:10.120 D/vold    ( 1573): Remounting 10127 as mode write
06-19 06:54:10.120 D/vold    ( 1573): Remounting 10112 as mode default
06-19 06:54:10.122 D/vold    ( 1573): Remounting 10133 as mode write
06-19 06:54:10.123 D/vold    ( 1573): Remounting 10095 as mode default
06-19 06:54:10.124 D/SystemServerTiming( 1918): StartSystemUI took to complete: 11ms
06-19 06:54:10.124 I/SystemServer( 1918): MakeNetworkManagementServiceReady
06-19 06:54:10.125 D/SystemUIBootTiming( 2069): StartServicescom.android.systemui.util.NotificationChannels took to complete: 7ms
06-19 06:54:10.126 W/NetworkManagement( 1918): setDataSaverMode(): already false
06-19 06:54:10.126 I/netd    ( 1663): firewallSetFirewallType(1) <0.03ms>
06-19 06:54:10.128 D/SystemServerTiming( 1918): MakeNetworkManagementServiceReady took to complete: 3ms
06-19 06:54:10.128 I/SystemServer( 1918): MakeIpSecServiceReady
06-19 06:54:10.128 W/NetworkPolicy( 1918): setRestrictBackgroundUL: already false
06-19 06:54:10.129 D/SystemUIBootTiming( 2069): StartServicescom.android.systemui.statusbar.CommandQueue$CommandQueueStart took to complete: 4ms
06-19 06:54:10.131 D/SystemServerTimingAsync( 1918): WebViewFactoryPreparation took to complete: 17ms
06-19 06:54:10.131 D/SystemServerInitThreadPool( 1918): Finished executing WebViewFactoryPreparation
06-19 06:54:10.131 D/vold    ( 1573): Remounting 10143 as mode default
06-19 06:54:10.132 I/netd    ( 1663): firewallReplaceUidChain("fw_standby", "false", []) -> {"true"} <0.03ms>
06-19 06:54:10.135 W/BestClock( 1918): java.time.DateTimeException: Missing NTP fix
06-19 06:54:10.136 D/vold    ( 1573): Remounting 10137 as mode default
06-19 06:54:10.136 D/vold    ( 1573): Remounting 10138 as mode write
06-19 06:54:10.137 I/netd    ( 1663): isAlive() -> {"true"} <0.01ms>
06-19 06:54:10.138 I/netd    ( 1663): firewallEnableChildChain(2, "true") <0.02ms>
06-19 06:54:10.138 D/IpSecService( 1918): IpSecService is ready
06-19 06:54:10.138 D/SystemServerTiming( 1918): MakeIpSecServiceReady took to complete: 10ms
06-19 06:54:10.138 I/SystemServer( 1918): MakeNetworkStatsServiceReady
06-19 06:54:10.138 I/netd    ( 1663): socketDestroy([]) <0.12ms>
06-19 06:54:10.138 D/vold    ( 1573): Remounting 10107 as mode default
06-19 06:54:10.139 W/BestClock( 1918): java.time.DateTimeException: Missing NTP fix
06-19 06:54:10.139 D/vold    ( 1573): Remounting 10118 as mode write
06-19 06:54:10.139 D/vold    ( 1573): Found matching PID 2059
06-19 06:54:10.152 V/MediaRouter( 2069): Selecting route: RouteInfo{ name=Phone, description=null, status=null, category=RouteCategory{ name=System types=ROUTE_TYPE_LIVE_AUDIO ROUTE_TYPE_LIVE_VIDEO  groupable=false }, supportedTypes=ROUTE_TYPE_LIVE_AUDIO ROUTE_TYPE_LIVE_VIDEO , presentationDisplay=null }
06-19 06:54:10.157 I/netd    ( 1663): trafficSwapActiveStatsMap() <16.69ms>
06-19 06:54:10.158 I/netd    ( 1663): tetherGetStats() <0.67ms>
06-19 06:54:10.168 D/Zygote  ( 1665): Forked child process 2221
06-19 06:54:10.169 I/ActivityManager( 1918): Start proc 2221:WebViewLoader-x86/1037 [android.webkit.WebViewLibraryLoader$RelroFileCreator] for null
06-19 06:54:10.172 D/Zygote  ( 1664): Forked child process 2228
06-19 06:54:10.173 W/WebViewLoader-( 2221): Unexpected CPU variant for X86 using defaults: x86_64
06-19 06:54:10.174 I/netd    ( 1663): bandwidthSetGlobalAlert(2097152) <0.53ms>
06-19 06:54:10.174 D/SystemServerTiming( 1918): MakeNetworkStatsServiceReady took to complete: 37ms
06-19 06:54:10.174 I/SystemServer( 1918): MakeConnectivityServiceReady
06-19 06:54:10.174 D/ConnectivityService( 1918): requestNetwork for uid/pid:1000/1918 NetworkRequest [ REQUEST id=7, [ Capabilities: INTERNET&NOT_RESTRICTED&TRUSTED&NOT_VPN] ]
06-19 06:54:10.175 D/PermissionMonitor( 1918): Monitoring
06-19 06:54:10.178 D/PermissionMonitor( 1918): Users: 1, Apps: 34
06-19 06:54:10.178 I/netd    ( 1663): networkSetPermissionForUser(1, [10145]) <0.02ms>
06-19 06:54:10.178 I/netd    ( 1663): networkSetPermissionForUser(2, [10112,10113,10114,1027,10115,10118,10119,10056,10057,10122,10123,10059,10126,10127,10128,2000,10129,10131,10132,10133,10138,10142,10143,10082,1000,1001,1002,1073,10101,10104,10105,10107,10109]) <0.02ms>
06-19 06:54:10.178 D/vold    ( 1573): Remounting 10118 as mode write
06-19 06:54:10.179 I/netd    ( 1663): trafficSetNetPermForUids(12, [1001,1002,1013,10057,10113,10118]) <0.02ms>
06-19 06:54:10.179 D/vold    ( 1573): Found matching PID 2059
06-19 06:54:10.179 I/netd    ( 1663): trafficSetNetPermForUids(4, [1000,1027,1073,2000,10055,10056,10061,10062,10064,10082,10086,10088,10089,10091,10093,10094,10095,10096,10097,10101,10102,10104,10105,10107,10109,10112,10114,10116,10119,10120,10122,10126,10127,10128,10129,10130,10131,10132,10133,10135,10136,10137,10138,10139,10140,10141,10142,10143,10144,10145]) <0.05ms>
06-19 06:54:10.179 I/netd    ( 1663): trafficSetNetPermForUids(8, [1041,1047]) <0.02ms>
06-19 06:54:10.179 I/netd    ( 1663): trafficSetNetPermForUids(0, [1003,1063,1066,1067,1068,10000,10001,10002,10003,10004,10005,10006,10007,10008,10009,10010,10011,10012,10013,10014,10015,10016,10017,10018,10019,10020,10021,10022,10023,10024,10025,10026,10027,10028,10029,10030,10031,10032,10033,10034,10035,10036,10037,10038,10039,10040,10041,10042,10043,10044,10045,10046,10047,10048,10049,10050,10051,10052,10053,10054,10058,10059,10060,10063,10065,10066,10067,10068,10069,10070,10071,10072,10073,10074,10075,10076,10077,10078,10079,10080,10081,10083,10084,10085,10087,10090,10092,10098,10099,10100,10103,10106,10108,10110,10111,10115,10117,10121,10123,10125,10134]) <0.13ms>
06-19 06:54:10.180 W/ActivityManager( 1918): Slow operation: 58ms so far, now at startProcess: returned from zygote!
06-19 06:54:10.180 W/ActivityManager( 1918): Slow operation: 58ms so far, now at startProcess: done updating battery stats
06-19 06:54:10.180 W/ActivityManager( 1918): Slow operation: 59ms so far, now at startProcess: building log message
06-19 06:54:10.180 I/ActivityManager( 1918): Start proc 2228:WebViewLoader-x86_64/1037 [android.webkit.WebViewLibraryLoader$RelroFileCreator] for null
06-19 06:54:10.180 W/ActivityManager( 1918): Slow operation: 59ms so far, now at startProcess: starting to update pids map
06-19 06:54:10.180 W/ActivityManager( 1918): Slow operation: 59ms so far, now at startProcess: done updating pids map
06-19 06:54:10.180 D/SystemServerTiming( 1918): MakeConnectivityServiceReady took to complete: 6ms
06-19 06:54:10.180 I/SystemServer( 1918): MakeNetworkPolicyServiceReady
06-19 06:54:10.180 D/SystemServerTiming( 1918): MakeNetworkPolicyServiceReady took to complete: 0ms
06-19 06:54:10.180 I/SystemServer( 1918): PhaseThirdPartyAppsCanStart
06-19 06:54:10.180 I/SystemServiceManager( 1918): Starting phase 600
06-19 06:54:10.181 I/ExplicitHealthCheckController( 1918): Explicit health checks enabled.
06-19 06:54:10.181 I/PackageWatchdog( 1918): Syncing state, reason: health check state enabled
06-19 06:54:10.181 I/PackageWatchdog( 1918): Not pruning observers, elapsed time: 0ms
06-19 06:54:10.181 D/PackageManager( 1918): Instant App installer not found with android.intent.action.INSTALL_INSTANT_APP_PACKAGE
06-19 06:54:10.181 D/PackageManager( 1918): Clear ephemeral installer activity
06-19 06:54:10.181 I/PackageWatchdog( 1918): Cancelling state sync, nothing to sync
06-19 06:54:10.184 V/WallpaperManagerService( 1918): bindWallpaperComponentLocked: componentName=null
06-19 06:54:10.184 V/WallpaperManagerService( 1918): No default component; using image wallpaper
06-19 06:54:10.184 I/PackageWatchdog( 1918): Saving observer state to file
06-19 06:54:10.209 D/SystemUIBootTiming( 2069): StartServicescom.android.systemui.keyguard.KeyguardViewMediator took to complete: 79ms
06-19 06:54:10.209 W/WebViewLoader-( 2228): Unexpected CPU variant for X86 using defaults: x86_64
