06-19 06:54:09.290 W/android.hardware.wifi@1.0-service( 1710): No active wlan interfaces in use! Using default
06-19 06:54:09.293 I/wificond( 1768): Unsubscribe scan result for interface with index: 3
06-19 06:54:09.294 W/ContextImpl( 2059): Failed to ensure /data/user/0/com.google.android.gms/cache: mkdir failed: ENOENT (No such file or directory)
06-19 06:54:09.294 W/ContextImpl( 2059): Failed to update user.inode_cache: stat failed: ENOENT (No such file or directory)
06-19 06:54:09.294 I/OMXClient( 1765): IOmx service obtained
06-19 06:54:09.295 I/OMXMaster( 1769): makeComponentInstance(OMX.google.gsm.decoder) in android.hardwar process
06-19 06:54:09.301 I/OMXClient( 1765): IOmx service obtained
06-19 06:54:09.301 I/OMXMaster( 1769): makeComponentInstance(OMX.google.mp3.decoder) in android.hardwar process
06-19 06:54:09.302 I/OMXClient( 1765): IOmx service obtained
06-19 06:54:09.303 I/OMXMaster( 1769): makeComponentInstance(OMX.google.opus.decoder) in android.hardwar process
06-19 06:54:09.305 I/OMXClient( 1765): IOmx service obtained
06-19 06:54:09.305 I/OMXMaster( 1769): makeComponentInstance(OMX.google.raw.decoder) in android.hardwar process
06-19 06:54:09.306 I/OMXClient( 1765): IOmx service obtained
06-19 06:54:09.306 I/OMXMaster( 1769): makeComponentInstance(OMX.google.vorbis.decoder) in android.hardwar process
06-19 06:54:09.309 D/WificondControl( 1918): tearing down interfaces in wificond
06-19 06:54:09.312 I/android.hardware.wifi@1.0-service( 1710): Legacy HAL stop complete callback received
06-19 06:54:09.313 I/android.hardware.wifi@1.0-service( 1710): Wifi HAL stopped
06-19 06:54:09.313 I/WifiVendorHal( 1918): Vendor Hal stopped
06-19 06:54:09.313 I/WifiNative( 1918): Successfully torn down Iface:{Name=wlan0,Id=0,Type=STA_SCAN}
06-19 06:54:09.313 E/HalDevMgr( 1918): getAllChipInfo: called but mWifi is null!?
06-19 06:54:09.313 E/HalDevMgr( 1918): dispatchAvailableForRequestListeners: no chip info found
06-19 06:54:09.313 W/HalDevMgr( 1918): stopWifi called but mWifi is null!?
06-19 06:54:09.313 I/WifiNative( 1918): Successfully initiated teardown for iface=wlan0
06-19 06:54:09.313 D/WifiScanOnlyModeManager( 1918): expected stop, not triggering callbacks: state = 1
06-19 06:54:09.313 D/WifiActiveModeWarden( 1918): State changed from client mode. state = 2
06-19 06:54:09.313 W/HalDevMgr( 1918): isWifiStarted called but mWifi is null!?
06-19 06:54:09.315 W/StorageManagerService( 1918): No primary storage defined yet; hacking together a stub
06-19 06:54:09.315 I/android_os_HwBinder( 1918): HwBinder: Starting thread pool for getting: android.hardware.wifi@1.0::IWifi/default
06-19 06:54:09.318 I/android.hardware.wifi@1.0-service( 1710): Wifi HAL started
06-19 06:54:09.318 I/WifiVendorHal( 1918): Vendor Hal started successfully
06-19 06:54:09.319 I/WifiP2pNative( 1918): Registering for interface available listener
06-19 06:54:09.319 I/android_os_HwBinder( 1918): HwBinder: Starting thread pool for getting: android.hidl.manager@1.0::IServiceManager/default
06-19 06:54:09.319 I/hwservicemanager( 1566): getTransport: Cannot find entry android.hardware.wifi.supplicant@1.1::ISupplicant/default in either framework or device manifest.
06-19 06:54:09.320 I/SupplicantStaIfaceHal( 1918): Starting supplicant using init
06-19 06:54:09.325 I/WifiP2pNative( 1918): Registering for interface available listener
06-19 06:54:09.325 D/WifiP2pNative( 1918): P2P InterfaceAvailableListener true
06-19 06:54:09.325 D/WifiP2pService( 1918): Wifi enabled=false, P2P Interface availability=true, Number of clients=0
06-19 06:54:09.325 D/WifiP2pService( 1918): Wifi enabled=false, P2P Interface availability=true
06-19 06:54:09.329 D/PackageManager( 1918): Instant App installer not found with android.intent.action.INSTALL_INSTANT_APP_PACKAGE
06-19 06:54:09.329 D/PackageManager( 1918): Clear ephemeral installer activity
06-19 06:54:09.337 I/OMXClient( 1765): IOmx service obtained
06-19 06:54:09.337 I/OMXMaster( 1769): makeComponentInstance(OMX.google.aac.encoder) in android.hardwar process
06-19 06:54:09.349 W/AlarmManager( 2069): Unrecognized alarm listener com.android.systemui.keyguard.-$$Lambda$KeyguardSliceProvider$IhzByd8TsqFuOrSyuGurVskyPLo@fef337d
06-19 06:54:09.352 I/SystemConfig( 2093): Adding association: com.google.android.as <- com.android.providers.contacts
06-19 06:54:09.352 I/SystemConfig( 2093): Adding association: com.google.android.as <- com.android.providers.media
06-19 06:54:09.352 I/SystemConfig( 2093): Adding association: com.google.android.as <- com.android.providers.telephony
06-19 06:54:09.352 I/SystemConfig( 2093): Adding association: com.google.android.as <- com.android.systemui
06-19 06:54:09.352 I/SystemConfig( 2093): Adding association: com.google.android.as <- com.google.android.gms
06-19 06:54:09.352 I/SystemConfig( 2093): Adding association: com.google.android.as <- com.google.android.gsf
06-19 06:54:09.356 W/SystemConfig( 2093): No directory /product_services/etc/sysconfig, skipping
06-19 06:54:09.356 W/SystemConfig( 2093): No directory /product_services/etc/permissions, skipping
06-19 06:54:09.370 I/OMXClient( 1765): IOmx service obtained
06-19 06:54:09.370 I/OMXMaster( 1769): makeComponentInstance(OMX.google.amrnb.encoder) in android.hardwar process
06-19 06:54:09.378 I/OMXClient( 1765): IOmx service obtained
06-19 06:54:09.379 I/OMXMaster( 1769): makeComponentInstance(OMX.google.amrwb.encoder) in android.hardwar process
06-19 06:54:09.382 I/wpa_supplicant( 2146): Processing hidl events on FD 3
06-19 06:54:09.383 I/ServiceManagement( 2146): Registered android.hardware.wifi.supplicant@1.2::ISupplicant/default (start delay of 66ms)
06-19 06:54:09.383 I/wpa_supplicant( 2146): Successfully initialized wpa_supplicant
06-19 06:54:09.385 I/wpa_supplicant( 2146): rfkill: Cannot open RFKILL control device
06-19 06:54:09.390 I/OMXClient( 1765): IOmx service obtained
06-19 06:54:09.390 I/OMXMaster( 1769): makeComponentInstance(OMX.google.flac.encoder) in android.hardwar process
06-19 06:54:09.403 I/OMXClient( 1765): IOmx service obtained
06-19 06:54:09.403 I/OMXMaster( 1769): makeComponentInstance(OMX.android.goldfish.h264.decoder) in android.hardwar process
06-19 06:54:09.403 I/GoldfishOMXPlugin( 1769): makeComponentInstance 'OMX.android.goldfish.h264.decoder'
06-19 06:54:09.403 I/GoldfishOMXPlugin( 1769): Using goldfish codec for 'avcdec'
06-19 06:54:09.410 D/ProtoStore( 2069): no cached data
06-19 06:54:09.415 E/ActivityThread( 2059): Failed to find provider info for com.google.android.gsf.gservices
06-19 06:54:09.410 D/ProtoStore( 2069): no cached data
06-19 06:54:09.417 I/goldfish_avcdec( 1769): created GoldfishAVCDec 98 object 0xec17f600
06-19 06:54:09.419 E/OMXNodeInstance( 1769): getExtensionIndex(0xec118f00:android.goldfish.h264.decoder, OMX.google.android.index.configureVideoTunnelMode) ERROR: UnsupportedIndex(0x8000101a)
06-19 06:54:09.419 D/MediaCodecInfo( 1765): detail feature-tunneled-playback wasn't present to remove
06-19 06:54:09.419 W/OMXNodeInstance( 1769): [0xec118f00:android.goldfish.h264.decoder] component does not support metadata mode; using fallback
06-19 06:54:09.429 I/OMXClient( 1765): IOmx service obtained
06-19 06:54:09.429 I/OMXMaster( 1769): makeComponentInstance(OMX.google.h264.decoder) in android.hardwar process
06-19 06:54:09.432 E/OMXNodeInstance( 1769): getExtensionIndex(0xec118f00:google.h264.decoder, OMX.google.android.index.configureVideoTunnelMode) ERROR: UnsupportedIndex(0x8000101a)
06-19 06:54:09.432 D/MediaCodecInfo( 1765): detail feature-tunneled-playback wasn't present to remove
06-19 06:54:09.432 E/OMXNodeInstance( 1769): getExtensionIndex(0xec118f00:google.h264.decoder, OMX.google.android.index.enableAndroidNativeBuffers) ERROR: UnsupportedIndex(0x8000101a)
06-19 06:54:09.438 I/OMXClient( 1765): IOmx service obtained
06-19 06:54:09.438 I/OMXMaster( 1769): makeComponentInstance(OMX.google.h263.decoder) in android.hardwar process
06-19 06:54:09.439 E/OMXNodeInstance( 1769): getExtensionIndex(0xec118f00:google.h263.decoder, OMX.google.android.index.configureVideoTunnelMode) ERROR: UnsupportedIndex(0x8000101a)
06-19 06:54:09.439 D/MediaCodecInfo( 1765): detail feature-tunneled-playback wasn't present to remove
06-19 06:54:09.439 E/OMXNodeInstance( 1769): getExtensionIndex(0xec118f00:google.h263.decoder, OMX.google.android.index.enableAndroidNativeBuffers) ERROR: UnsupportedIndex(0x8000101a)
06-19 06:54:09.442 W/DirectBootExitBR( 2059): User is in direct boot mode.
06-19 06:54:09.452 I/OMXClient( 1765): IOmx service obtained
06-19 06:54:09.452 I/OMXMaster( 1769): makeComponentInstance(OMX.google.hevc.decoder) in android.hardwar process
06-19 06:54:09.457 E/OMXNodeInstance( 1769): getExtensionIndex(0xec118f00:google.hevc.decoder, OMX.google.android.index.configureVideoTunnelMode) ERROR: UnsupportedIndex(0x8000101a)
06-19 06:54:09.457 D/MediaCodecInfo( 1765): detail feature-tunneled-playback wasn't present to remove
06-19 06:54:09.457 E/OMXNodeInstance( 1769): getExtensionIndex(0xec118f00:google.hevc.decoder, OMX.google.android.index.enableAndroidNativeBuffers) ERROR: UnsupportedIndex(0x8000101a)
06-19 06:54:09.458 I/OMXClient( 1765): IOmx service obtained
06-19 06:54:09.458 I/OMXMaster( 1769): makeComponentInstance(OMX.google.mpeg4.decoder) in android.hardwar process
06-19 06:54:09.459 E/OMXNodeInstance( 1769): getExtensionIndex(0xec118f00:google.mpeg4.decoder, OMX.google.android.index.configureVideoTunnelMode) ERROR: UnsupportedIndex(0x8000101a)
06-19 06:54:09.459 D/MediaCodecInfo( 1765): detail feature-tunneled-playback wasn't present to remove
06-19 06:54:09.459 E/OMXNodeInstance( 1769): getExtensionIndex(0xec118f00:google.mpeg4.decoder, OMX.google.android.index.enableAndroidNativeBuffers) ERROR: UnsupportedIndex(0x8000101a)
06-19 06:54:09.459 I/OMXClient( 1765): IOmx service obtained
06-19 06:54:09.459 I/OMXMaster( 1769): makeComponentInstance(OMX.android.goldfish.vp8.decoder) in android.hardwar process
06-19 06:54:09.459 I/GoldfishOMXPlugin( 1769): makeComponentInstance 'OMX.android.goldfish.vp8.decoder'
06-19 06:54:09.459 I/GoldfishOMXPlugin( 1769): Using goldfish codec for 'vpxdec'
06-19 06:54:09.460 I/goldfish_vpxdec( 1769): calling constructor of GoldfishVPX
06-19 06:54:09.460 E/OMXNodeInstance( 1769): getExtensionIndex(0xec118fc0:android.goldfish.vp8.decoder, OMX.google.android.index.configureVideoTunnelMode) ERROR: UnsupportedIndex(0x8000101a)
06-19 06:54:09.460 D/MediaCodecInfo( 1765): detail feature-tunneled-playback wasn't present to remove
06-19 06:54:09.461 W/OMXNodeInstance( 1769): [0xec118fc0:android.goldfish.vp8.decoder] component does not support metadata mode; using fallback
06-19 06:54:09.461 I/goldfish_vpxdec( 1769): calling destructor of GoldfishVPX
06-19 06:54:09.461 I/OMXClient( 1765): IOmx service obtained
06-19 06:54:09.461 I/OMXMaster( 1769): makeComponentInstance(OMX.google.vp8.decoder) in android.hardwar process
06-19 06:54:09.463 I/hostapd ( 1826): wlan1: interface state COUNTRY_UPDATE->HT_SCAN
06-19 06:54:09.464 E/OMXNodeInstance( 1769): getExtensionIndex(0xec118fc0:google.vp8.decoder, OMX.google.android.index.configureVideoTunnelMode) ERROR: UnsupportedIndex(0x8000101a)
06-19 06:54:09.464 D/MediaCodecInfo( 1765): detail feature-tunneled-playback wasn't present to remove
06-19 06:54:09.464 E/OMXNodeInstance( 1769): getExtensionIndex(0xec118fc0:google.vp8.decoder, OMX.google.android.index.enableAndroidNativeBuffers) ERROR: UnsupportedIndex(0x8000101a)
06-19 06:54:09.465 I/OMXClient( 1765): IOmx service obtained
06-19 06:54:09.465 I/OMXMaster( 1769): makeComponentInstance(OMX.android.goldfish.vp9.decoder) in android.hardwar process
06-19 06:54:09.465 I/GoldfishOMXPlugin( 1769): makeComponentInstance 'OMX.android.goldfish.vp9.decoder'
06-19 06:54:09.465 I/GoldfishOMXPlugin( 1769): Using goldfish codec for 'vpxdec'
06-19 06:54:09.465 I/goldfish_vpxdec( 1769): calling constructor of GoldfishVPX
06-19 06:54:09.465 E/OMXNodeInstance( 1769): getExtensionIndex(0xec118d80:android.goldfish.vp9.decoder, OMX.google.android.index.configureVideoTunnelMode) ERROR: UnsupportedIndex(0x8000101a)
06-19 06:54:09.465 D/MediaCodecInfo( 1765): detail feature-tunneled-playback wasn't present to remove
06-19 06:54:09.465 W/OMXNodeInstance( 1769): [0xec118d80:android.goldfish.vp9.decoder] component does not support metadata mode; using fallback
06-19 06:54:09.465 I/goldfish_vpxdec( 1769): calling destructor of GoldfishVPX
06-19 06:54:09.468 I/GmsApplication( 2059): Staging modules and/or updating config
06-19 06:54:09.470 E/ChimeraCfgMgr( 2059): Failed to read module config: java.io.FileNotFoundException: /data/user_de/0/com.google.android.gms/app_chimera/current_config.fb: open failed: ENOENT (No such file or directory)
06-19 06:54:09.470 I/OMXClient( 1765): IOmx service obtained
06-19 06:54:09.470 I/OMXMaster( 1769): makeComponentInstance(OMX.google.vp9.decoder) in android.hardwar process
06-19 06:54:09.471 E/OMXNodeInstance( 1769): getExtensionIndex(0xec118d80:google.vp9.decoder, OMX.google.android.index.configureVideoTunnelMode) ERROR: UnsupportedIndex(0x8000101a)
06-19 06:54:09.471 D/MediaCodecInfo( 1765): detail feature-tunneled-playback wasn't present to remove
06-19 06:54:09.471 E/OMXNodeInstance( 1769): getExtensionIndex(0xec118d80:google.vp9.decoder, OMX.google.android.index.enableAndroidNativeBuffers) ERROR: UnsupportedIndex(0x8000101a)
06-19 06:54:09.472 I/GmsApplication( 2059): Staging modules
06-19 06:54:09.472 I/FileApkMgr( 2059): Extracting modules...
06-19 06:54:09.474 E/ConfigFileUtils( 2059): Failed to read config file: /data/user_de/0/com.google.android.gms/app_chimera/current_fileapks.pb: open failed: ENOENT (No such file or directory)
06-19 06:54:09.475 I/wpa_supplicant( 2146): rfkill: Cannot get wiphy information
06-19 06:54:09.475 I/OMXClient( 1765): IOmx service obtained
06-19 06:54:09.475 I/OMXMaster( 1769): makeComponentInstance(OMX.google.h264.encoder) in android.hardwar process
06-19 06:54:09.476 I/android_os_HwBinder( 1918): HwBinder: Starting thread pool for getting: android.hardware.wifi.supplicant@1.0::ISupplicant/default
06-19 06:54:09.477 W/OMXUtils( 1765): do not know color format 0x7f000789 = 2130708361
06-19 06:54:09.477 I/SupplicantStaIfaceHal( 1918): Completed initialization of ISupplicant.
06-19 06:54:09.488 I/OMXClient( 1765): IOmx service obtained
06-19 06:54:09.488 I/OMXMaster( 1769): makeComponentInstance(OMX.google.h263.encoder) in android.hardwar process
06-19 06:54:09.489 I/SoftMPEG4Encoder( 1769): Construct SoftMPEG4Encoder
06-19 06:54:09.489 W/OMXUtils( 1765): do not know color format 0x7f000789 = 2130708361
06-19 06:54:09.490 E/OMXNodeInstance( 1769): getConfig(0xec118d80:google.h263.encoder, ConfigAndroidIntraRefresh(0x6f60000a)) ERROR: Undefined(0x80001001)
06-19 06:54:09.490 E/OMXNodeInstance( 1769): getParameter(0xec118d80:google.h263.encoder, ParamVideoIntraRefresh(0x6000006)) ERROR: UnsupportedIndex(0x8000101a)
06-19 06:54:09.490 D/MediaCodecInfo( 1765): detail feature-frame-parsing wasn't present to remove
06-19 06:54:09.450 I/chatty  ( 2059): uid=10118 com.google.android.gms.persistent identical 9 lines
06-19 06:54:09.469 E/ActivityThread( 2059): Failed to find provider info for com.google.android.gsf.gservices
06-19 06:54:09.491 I/android.hardware.wifi@1.0-service( 1710): Adding interface handle for wlan0
06-19 06:54:09.491 W/android.hardware.wifi@1.0-service( 1710): No active wlan interfaces in use! Using default
06-19 06:54:09.491 E/android.hardware.wifi@1.0-service( 1710): Failed to register radio mode change callback
06-19 06:54:09.491 W/android.hardware.wifi@1.0-service( 1710): No active wlan interfaces in use! Using default
06-19 06:54:09.491 E/ActivityThread( 2059): Failed to find provider info for com.google.android.gsf.gservices
06-19 06:54:09.498 E/ActivityThread( 2059): Failed to find provider info for com.google.android.gsf.gservices
06-19 06:54:09.518 W/PackageManager( 1918): Cannot whitelist unknown permission: com.sec.android.provider.badge.permission.READ
06-19 06:54:09.518 W/PackageManager( 1918): Cannot whitelist unknown permission: com.sec.android.provider.badge.permission.WRITE
06-19 06:54:09.518 W/PackageManager( 1918): Cannot whitelist unknown permission: com.htc.launcher.permission.READ_SETTINGS
06-19 06:54:09.518 W/PackageManager( 1918): Cannot whitelist unknown permission: com.htc.launcher.permission.UPDATE_SHORTCUT
06-19 06:54:09.518 W/PackageManager( 1918): Cannot whitelist unknown permission: com.sonyericsson.home.permission.BROADCAST_BADGE
06-19 06:54:09.518 W/PackageManager( 1918): Cannot whitelist unknown permission: com.sonymobile.home.permission.PROVIDER_INSERT_BADGE
06-19 06:54:09.518 I/PackageManager( 1918): Un-granting permission android.permission.MANAGE_DOCUMENTS from package com.google.android.youtube (protectionLevel=262146 flags=0x30dbbe45)
06-19 06:54:09.520 I/OMXClient( 1765): IOmx service obtained
06-19 06:54:09.520 I/OMXMaster( 1769): makeComponentInstance(OMX.google.mpeg4.encoder) in android.hardwar process
06-19 06:54:09.520 I/SoftMPEG4Encoder( 1769): Construct SoftMPEG4Encoder
06-19 06:54:09.520 W/OMXUtils( 1765): do not know color format 0x7f000789 = 2130708361
06-19 06:54:09.520 E/OMXNodeInstance( 1769): getConfig(0xec118d80:google.mpeg4.encoder, ConfigAndroidIntraRefresh(0x6f60000a)) ERROR: Undefined(0x80001001)
06-19 06:54:09.520 E/OMXNodeInstance( 1769): getParameter(0xec118d80:google.mpeg4.encoder, ParamVideoIntraRefresh(0x6000006)) ERROR: UnsupportedIndex(0x8000101a)
06-19 06:54:09.520 D/MediaCodecInfo( 1765): detail feature-frame-parsing wasn't present to remove
06-19 06:54:09.523 W/PackageManager( 1918): Cannot whitelist unknown permission: com.sec.android.provider.badge.permission.READ
06-19 06:54:09.523 W/PackageManager( 1918): Cannot whitelist unknown permission: com.sec.android.provider.badge.permission.WRITE
06-19 06:54:09.523 W/PackageManager( 1918): Cannot whitelist unknown permission: com.htc.launcher.permission.READ_SETTINGS
06-19 06:54:09.523 W/PackageManager( 1918): Cannot whitelist unknown permission: com.htc.launcher.permission.UPDATE_SHORTCUT
06-19 06:54:09.523 W/PackageManager( 1918): Cannot whitelist unknown permission: com.sonyericsson.home.permission.BROADCAST_BADGE
06-19 06:54:09.523 W/PackageManager( 1918): Cannot whitelist unknown permission: com.sonymobile.home.permission.PROVIDER_INSERT_BADGE
06-19 06:54:09.523 I/PackageManager( 1918): Un-granting permission android.permission.MANAGE_DOCUMENTS from package com.google.android.youtube (protectionLevel=262146 flags=0x30dbbe45)
06-19 06:54:09.524 W/libc    ( 1710): Unable to set property "vendor.wlan.firmware.version" to "1.0": error code: 0x18
06-19 06:54:09.530 W/PackageManager( 1918): Cannot whitelist unknown permission: com.google.android.launcher.permission.CONTENT_REDIRECT
06-19 06:54:09.530 W/PackageManager( 1918): Cannot whitelist unknown permission: com.google.android.voicesearch.SHORTCUTS_ACCESS
06-19 06:54:09.530 W/PackageManager( 1918): Cannot whitelist unknown permission: com.google.android.voicesearch.ACCESS_SETTINGS
06-19 06:54:09.530 W/PackageManager( 1918): Cannot whitelist unknown permission: com.android.browser.permission.PRELOAD
06-19 06:54:09.530 W/PackageManager( 1918): Cannot whitelist unknown permission: com.google.android.ears.permission.WRITE
06-19 06:54:09.530 W/PackageManager( 1918): Cannot whitelist unknown permission: com.google.googlenav.friend.permission.OPT_IN
06-19 06:54:09.530 W/PackageManager( 1918): Cannot whitelist unknown permission: com.google.android.apps.googlevoice.permission.AUTO_SEND
06-19 06:54:09.530 W/PackageManager( 1918): Cannot whitelist unknown permission: com.google.android.hangouts.START_HANGOUT
06-19 06:54:09.530 W/PackageManager( 1918): Cannot whitelist unknown permission: com.android.chrome.PRERENDER_URL
06-19 06:54:09.530 W/PackageManager( 1918): Cannot whitelist unknown permission: com.google.android.apps.gsa.nga.permissions.EDIT_PREFERENCES
06-19 06:54:09.532 W/PackageManager( 1918): Cannot whitelist unknown permission: com.google.android.launcher.permission.CONTENT_REDIRECT
06-19 06:54:09.532 W/PackageManager( 1918): Cannot whitelist unknown permission: com.google.android.voicesearch.SHORTCUTS_ACCESS
06-19 06:54:09.532 W/PackageManager( 1918): Cannot whitelist unknown permission: com.google.android.voicesearch.ACCESS_SETTINGS
06-19 06:54:09.532 W/PackageManager( 1918): Cannot whitelist unknown permission: com.android.browser.permission.PRELOAD
06-19 06:54:09.532 W/PackageManager( 1918): Cannot whitelist unknown permission: com.google.android.ears.permission.WRITE
06-19 06:54:09.532 W/PackageManager( 1918): Cannot whitelist unknown permission: com.google.googlenav.friend.permission.OPT_IN
06-19 06:54:09.533 I/OMXClient( 1765): IOmx service obtained
06-19 06:54:09.533 I/OMXMaster( 1769): makeComponentInstance(OMX.google.vp8.encoder) in android.hardwar process
06-19 06:54:09.533 W/PackageManager( 1918): Cannot whitelist unknown permission: com.google.android.apps.googlevoice.permission.AUTO_SEND
06-19 06:54:09.534 W/PackageManager( 1918): Cannot whitelist unknown permission: com.google.android.hangouts.START_HANGOUT
06-19 06:54:09.534 W/OMXUtils( 1765): do not know color format 0x7f000789 = 2130708361
06-19 06:54:09.534 E/OMXNodeInstance( 1769): getConfig(0xec118d80:google.vp8.encoder, ConfigAndroidIntraRefresh(0x6f60000a)) ERROR: Undefined(0x80001001)
06-19 06:54:09.534 E/OMXNodeInstance( 1769): getParameter(0xec118d80:google.vp8.encoder, ParamVideoIntraRefresh(0x6000006)) ERROR: UnsupportedIndex(0x8000101a)
06-19 06:54:09.534 D/MediaCodecInfo( 1765): detail feature-frame-parsing wasn't present to remove
06-19 06:54:09.534 W/PackageManager( 1918): Cannot whitelist unknown permission: com.android.chrome.PRERENDER_URL
06-19 06:54:09.534 W/PackageManager( 1918): Cannot whitelist unknown permission: com.google.android.apps.gsa.nga.permissions.EDIT_PREFERENCES
06-19 06:54:09.535 W/PackageManager( 1918): Cannot whitelist unknown permission: com.google.android.launcher.permission.CONTENT_REDIRECT
06-19 06:54:09.535 W/PackageManager( 1918): Cannot whitelist unknown permission: com.google.android.voicesearch.SHORTCUTS_ACCESS
06-19 06:54:09.535 W/PackageManager( 1918): Cannot whitelist unknown permission: com.google.android.voicesearch.ACCESS_SETTINGS
06-19 06:54:09.535 W/PackageManager( 1918): Cannot whitelist unknown permission: com.android.browser.permission.PRELOAD
06-19 06:54:09.535 W/PackageManager( 1918): Cannot whitelist unknown permission: com.google.android.ears.permission.WRITE
06-19 06:54:09.535 W/PackageManager( 1918): Cannot whitelist unknown permission: com.google.googlenav.friend.permission.OPT_IN
06-19 06:54:09.535 W/PackageManager( 1918): Cannot whitelist unknown permission: com.google.android.apps.googlevoice.permission.AUTO_SEND
06-19 06:54:09.535 W/PackageManager( 1918): Cannot whitelist unknown permission: com.google.android.hangouts.START_HANGOUT
06-19 06:54:09.535 W/PackageManager( 1918): Cannot whitelist unknown permission: com.android.chrome.PRERENDER_URL
06-19 06:54:09.535 W/PackageManager( 1918): Cannot whitelist unknown permission: com.google.android.apps.gsa.nga.permissions.EDIT_PREFERENCES
06-19 06:54:09.536 W/PackageManager( 1918): Cannot whitelist unknown permission: com.google.android.launcher.permission.CONTENT_REDIRECT
06-19 06:54:09.536 W/PackageManager( 1918): Cannot whitelist unknown permission: com.google.android.voicesearch.SHORTCUTS_ACCESS
06-19 06:54:09.536 W/PackageManager( 1918): Cannot whitelist unknown permission: com.google.android.voicesearch.ACCESS_SETTINGS
06-19 06:54:09.536 W/PackageManager( 1918): Cannot whitelist unknown permission: com.android.browser.permission.PRELOAD
06-19 06:54:09.536 W/PackageManager( 1918): Cannot whitelist unknown permission: com.google.android.ears.permission.WRITE
06-19 06:54:09.536 W/PackageManager( 1918): Cannot whitelist unknown permission: com.google.googlenav.friend.permission.OPT_IN
06-19 06:54:09.536 W/PackageManager( 1918): Cannot whitelist unknown permission: com.google.android.apps.googlevoice.permission.AUTO_SEND
06-19 06:54:09.536 W/PackageManager( 1918): Cannot whitelist unknown permission: com.google.android.hangouts.START_HANGOUT
06-19 06:54:09.536 W/PackageManager( 1918): Cannot whitelist unknown permission: com.android.chrome.PRERENDER_URL
06-19 06:54:09.536 W/PackageManager( 1918): Cannot whitelist unknown permission: com.google.android.apps.gsa.nga.permissions.EDIT_PREFERENCES
06-19 06:54:09.537 W/PackageManager( 1918): Cannot whitelist unknown permission: com.google.android.launcher.permission.CONTENT_REDIRECT
06-19 06:54:09.537 W/PackageManager( 1918): Cannot whitelist unknown permission: com.google.android.voicesearch.SHORTCUTS_ACCESS
06-19 06:54:09.537 W/PackageManager( 1918): Cannot whitelist unknown permission: com.google.android.voicesearch.ACCESS_SETTINGS
06-19 06:54:09.537 W/PackageManager( 1918): Cannot whitelist unknown permission: com.android.browser.permission.PRELOAD
06-19 06:54:09.537 W/PackageManager( 1918): Cannot whitelist unknown permission: com.google.android.ears.permission.WRITE
06-19 06:54:09.537 W/PackageManager( 1918): Cannot whitelist unknown permission: com.google.googlenav.friend.permission.OPT_IN
06-19 06:54:09.537 W/PackageManager( 1918): Cannot whitelist unknown permission: com.google.android.apps.googlevoice.permission.AUTO_SEND
06-19 06:54:09.537 W/PackageManager( 1918): Cannot whitelist unknown permission: com.google.android.hangouts.START_HANGOUT
06-19 06:54:09.537 W/PackageManager( 1918): Cannot whitelist unknown permission: com.android.chrome.PRERENDER_URL
06-19 06:54:09.537 W/PackageManager( 1918): Cannot whitelist unknown permission: com.google.android.apps.gsa.nga.permissions.EDIT_PREFERENCES
06-19 06:54:09.540 W/PackageManager( 1918): Cannot whitelist unknown permission: com.google.android.launcher.permission.CONTENT_REDIRECT
06-19 06:54:09.540 W/PackageManager( 1918): Cannot whitelist unknown permission: com.google.android.voicesearch.SHORTCUTS_ACCESS
06-19 06:54:09.540 W/PackageManager( 1918): Cannot whitelist unknown permission: com.google.android.voicesearch.ACCESS_SETTINGS
06-19 06:54:09.540 W/PackageManager( 1918): Cannot whitelist unknown permission: com.android.browser.permission.PRELOAD
06-19 06:54:09.540 W/PackageManager( 1918): Cannot whitelist unknown permission: com.google.android.ears.permission.WRITE
06-19 06:54:09.540 W/PackageManager( 1918): Cannot whitelist unknown permission: com.google.googlenav.friend.permission.OPT_IN
06-19 06:54:09.541 W/PackageManager( 1918): Cannot whitelist unknown permission: com.google.android.apps.googlevoice.permission.AUTO_SEND
06-19 06:54:09.541 W/PackageManager( 1918): Cannot whitelist unknown permission: com.google.android.hangouts.START_HANGOUT
06-19 06:54:09.541 W/PackageManager( 1918): Cannot whitelist unknown permission: com.android.chrome.PRERENDER_URL
06-19 06:54:09.541 W/PackageManager( 1918): Cannot whitelist unknown permission: com.google.android.apps.gsa.nga.permissions.EDIT_PREFERENCES
06-19 06:54:09.542 I/SystemConfig( 2059): Adding association: com.google.android.as <- com.android.providers.contacts
06-19 06:54:09.542 I/SystemConfig( 2059): Adding association: com.google.android.as <- com.android.providers.media
06-19 06:54:09.542 I/SystemConfig( 2059): Adding association: com.google.android.as <- com.android.providers.telephony
06-19 06:54:09.542 I/SystemConfig( 2059): Adding association: com.google.android.as <- com.android.systemui
06-19 06:54:09.542 I/SystemConfig( 2059): Adding association: com.google.android.as <- com.google.android.gms
06-19 06:54:09.542 I/SystemConfig( 2059): Adding association: com.google.android.as <- com.google.android.gsf
06-19 06:54:09.543 I/PackageManager( 1918): Un-granting permission com.google.android.googleapps.permission.GOOGLE_AUTH from package com.android.providers.calendar (protectionLevel=2 flags=0x30883e45)
06-19 06:54:09.543 I/PackageManager( 1918): Un-granting permission com.google.android.googleapps.permission.GOOGLE_AUTH.cl from package com.android.providers.calendar (protectionLevel=2 flags=0x30883e45)
06-19 06:54:09.543 I/PackageManager( 1918): Un-granting permission com.google.android.googleapps.permission.GOOGLE_AUTH from package com.android.providers.calendar (protectionLevel=2 flags=0x30883e45)
06-19 06:54:09.543 I/PackageManager( 1918): Un-granting permission com.google.android.googleapps.permission.GOOGLE_AUTH.cl from package com.android.providers.calendar (protectionLevel=2 flags=0x30883e45)
06-19 06:54:09.545 W/SystemConfig( 2059): No directory /product_services/etc/sysconfig, skipping
06-19 06:54:09.545 W/SystemConfig( 2059): No directory /product_services/etc/permissions, skipping
06-19 06:54:09.548 D/MediaCodecList( 1765): ignored a null builder
06-19 06:54:09.551 I/PackageManager( 1918): Un-granting permission android.permission.WRITE_SECURE_SETTINGS from package com.google.android.apps.enterprise.dmagent (protectionLevel=50 flags=0x30883e05)
06-19 06:54:09.551 I/PackageManager( 1918): Un-granting permission android.permission.CONNECTIVITY_INTERNAL from package com.google.android.apps.enterprise.dmagent (protectionLevel=18 flags=0x30883e05)
06-19 06:54:09.551 I/PackageManager( 1918): Un-granting permission android.permission.MANAGE_USB from package com.google.android.apps.enterprise.dmagent (protectionLevel=18 flags=0x30883e05)
06-19 06:54:09.551 I/PackageManager( 1918): Un-granting permission android.permission.CHANGE_COMPONENT_ENABLED_STATE from package com.google.android.apps.enterprise.dmagent (protectionLevel=18 flags=0x30883e05)
06-19 06:54:09.551 W/libc    ( 1710): Unable to set property "vendor.wlan.driver.version" to "1.0": error code: 0x18
06-19 06:54:09.552 I/android.hardware.wifi@1.0-service( 1710): Configured chip in mode 0
06-19 06:54:09.552 W/android.hardware.wifi@1.0-service( 1710): No active wlan interfaces in use! Using default
06-19 06:54:09.553 D/HalDevMgr( 1918): updateRttController: no one is interested in RTT controllers
06-19 06:54:09.553 E/android.hardware.wifi@1.0-service( 1710): Failed to set DFS flag; DFS channels may be unavailable.
06-19 06:54:09.555 I/OMXClient( 1918): IOmx service obtained
06-19 06:54:09.555 I/OMXMaster( 1769): makeComponentInstance(OMX.google.vorbis.decoder) in android.hardwar process
06-19 06:54:09.556 E/OMXNodeInstance( 1769): getConfig(0xec118d80:google.vorbis.decoder, ConfigAndroidVendorExtension(0x6f100004)) ERROR: Undefined(0x80001001)
06-19 06:54:09.557 I/PackageManager( 1918): Un-granting permission android.permission.MANAGE_CA_CERTIFICATES from package com.google.android.apps.enterprise.dmagent (protectionLevel=18 flags=0x30883e05)
06-19 06:54:09.557 I/PackageManager( 1918): Un-granting permission android.permission.MANAGE_USERS from package com.google.android.apps.enterprise.dmagent (protectionLevel=18 flags=0x30883e05)
06-19 06:54:09.564 D/WificondControl( 1918): Setting up interface for client mode
06-19 06:54:09.565 I/wificond( 1768): create scanner for interface with index: 3
06-19 06:54:09.565 I/wificond( 1768): subscribe scan result for interface with index: 3
06-19 06:54:09.565 I/hwservicemanager( 1566): getTransport: Cannot find entry android.hardware.wifi.offload@1.0::IOffload/default in either framework or device manifest.
06-19 06:54:09.565 E/wificond( 1768): No Offload Service available
06-19 06:54:09.565 I/wificond( 1768): Offload HAL not supported 
06-19 06:54:09.566 E/SupplicantStaIfaceHal( 1918): Can't call setupIface, ISupplicantStaIface is null
06-19 06:54:09.566 I/hwservicemanager( 1566): getTransport: Cannot find entry android.hardware.wifi.supplicant@1.1::ISupplicant/default in either framework or device manifest.
06-19 06:54:09.569 W/PackageManager( 1918): Cannot whitelist unknown permission: com.google.android.ims.LOG_ACCESS
06-19 06:54:09.569 W/PackageManager( 1918): Cannot whitelist unknown permission: com.cequint.ecid.CALLER_ID_EXTERNAL_LOOKUP_SMS
06-19 06:54:09.569 W/PackageManager( 1918): Cannot whitelist unknown permission: com.sec.android.provider.badge.permission.READ
06-19 06:54:09.569 W/PackageManager( 1918): Cannot whitelist unknown permission: com.sec.android.provider.badge.permission.WRITE
06-19 06:54:09.569 W/PackageManager( 1918): Cannot whitelist unknown permission: com.htc.launcher.permission.READ_SETTINGS
06-19 06:54:09.569 W/PackageManager( 1918): Cannot whitelist unknown permission: com.htc.launcher.permission.UPDATE_SHORTCUT
06-19 06:54:09.569 W/PackageManager( 1918): Cannot whitelist unknown permission: com.sonyericsson.home.permission.BROADCAST_BADGE
06-19 06:54:09.570 W/PackageManager( 1918): Cannot whitelist unknown permission: com.sonymobile.home.permission.PROVIDER_INSERT_BADGE
06-19 06:54:09.570 W/PackageManager( 1918): Cannot whitelist unknown permission: com.sonymobile.launcher.permission.PROVIDER_INSERT_BADGE
06-19 06:54:09.570 W/PackageManager( 1918): Cannot whitelist unknown permission: com.anddoes.launcher.permission.UPDATE_COUNT
06-19 06:54:09.570 W/PackageManager( 1918): Cannot whitelist unknown permission: com.majeur.launcher.permission.UPDATE_BADGE
06-19 06:54:09.570 W/PackageManager( 1918): Cannot whitelist unknown permission: com.huawei.android.launcher.permission.CHANGE_BADGE
06-19 06:54:09.570 W/PackageManager( 1918): Cannot whitelist unknown permission: com.huawei.android.launcher.permission.READ_SETTINGS
06-19 06:54:09.570 W/PackageManager( 1918): Cannot whitelist unknown permission: com.huawei.android.launcher.permission.WRITE_SETTINGS
06-19 06:54:09.570 W/PackageManager( 1918): Cannot whitelist unknown permission: android.permission.READ_APP_BADGE
06-19 06:54:09.570 W/PackageManager( 1918): Cannot whitelist unknown permission: com.oppo.launcher.permission.READ_SETTINGS
06-19 06:54:09.570 W/PackageManager( 1918): Cannot whitelist unknown permission: com.oppo.launcher.permission.WRITE_SETTINGS
06-19 06:54:09.570 I/PackageManager( 1918): Un-granting permission com.google.android.setupwizard.READ_DEVICE_ORIGIN from package com.google.android.apps.messaging (protectionLevel=18 flags=0x38cbbe45)
06-19 06:54:09.570 W/PackageManager( 1918): Cannot whitelist unknown permission: com.google.android.ims.LOG_ACCESS
06-19 06:54:09.570 W/PackageManager( 1918): Cannot whitelist unknown permission: com.cequint.ecid.CALLER_ID_EXTERNAL_LOOKUP_SMS
06-19 06:54:09.570 W/PackageManager( 1918): Cannot whitelist unknown permission: com.sec.android.provider.badge.permission.READ
06-19 06:54:09.570 W/PackageManager( 1918): Cannot whitelist unknown permission: com.sec.android.provider.badge.permission.WRITE
06-19 06:54:09.570 W/PackageManager( 1918): Cannot whitelist unknown permission: com.htc.launcher.permission.READ_SETTINGS
06-19 06:54:09.570 W/PackageManager( 1918): Cannot whitelist unknown permission: com.htc.launcher.permission.UPDATE_SHORTCUT
06-19 06:54:09.570 W/PackageManager( 1918): Cannot whitelist unknown permission: com.sonyericsson.home.permission.BROADCAST_BADGE
06-19 06:54:09.570 W/PackageManager( 1918): Cannot whitelist unknown permission: com.sonymobile.home.permission.PROVIDER_INSERT_BADGE
06-19 06:54:09.570 W/PackageManager( 1918): Cannot whitelist unknown permission: com.sonymobile.launcher.permission.PROVIDER_INSERT_BADGE
06-19 06:54:09.570 W/PackageManager( 1918): Cannot whitelist unknown permission: com.anddoes.launcher.permission.UPDATE_COUNT
06-19 06:54:09.570 W/PackageManager( 1918): Cannot whitelist unknown permission: com.majeur.launcher.permission.UPDATE_BADGE
06-19 06:54:09.570 W/PackageManager( 1918): Cannot whitelist unknown permission: com.huawei.android.launcher.permission.CHANGE_BADGE
06-19 06:54:09.570 W/PackageManager( 1918): Cannot whitelist unknown permission: com.huawei.android.launcher.permission.READ_SETTINGS
06-19 06:54:09.570 W/PackageManager( 1918): Cannot whitelist unknown permission: com.huawei.android.launcher.permission.WRITE_SETTINGS
06-19 06:54:09.571 W/PackageManager( 1918): Cannot whitelist unknown permission: android.permission.READ_APP_BADGE
06-19 06:54:09.571 W/PackageManager( 1918): Cannot whitelist unknown permission: com.oppo.launcher.permission.READ_SETTINGS
06-19 06:54:09.571 W/PackageManager( 1918): Cannot whitelist unknown permission: com.oppo.launcher.permission.WRITE_SETTINGS
06-19 06:54:09.571 I/PackageManager( 1918): Un-granting permission com.google.android.setupwizard.READ_DEVICE_ORIGIN from package com.google.android.apps.messaging (protectionLevel=18 flags=0x38cbbe45)
06-19 06:54:09.571 W/PackageManager( 1918): Cannot whitelist unknown permission: com.google.android.ims.LOG_ACCESS
06-19 06:54:09.571 W/PackageManager( 1918): Cannot whitelist unknown permission: com.cequint.ecid.CALLER_ID_EXTERNAL_LOOKUP_SMS
06-19 06:54:09.571 W/PackageManager( 1918): Cannot whitelist unknown permission: com.sec.android.provider.badge.permission.READ
06-19 06:54:09.571 W/PackageManager( 1918): Cannot whitelist unknown permission: com.sec.android.provider.badge.permission.WRITE
06-19 06:54:09.571 W/PackageManager( 1918): Cannot whitelist unknown permission: com.htc.launcher.permission.READ_SETTINGS
06-19 06:54:09.571 W/PackageManager( 1918): Cannot whitelist unknown permission: com.htc.launcher.permission.UPDATE_SHORTCUT
06-19 06:54:09.571 W/PackageManager( 1918): Cannot whitelist unknown permission: com.sonyericsson.home.permission.BROADCAST_BADGE
06-19 06:54:09.571 W/PackageManager( 1918): Cannot whitelist unknown permission: com.sonymobile.home.permission.PROVIDER_INSERT_BADGE
06-19 06:54:09.571 W/PackageManager( 1918): Cannot whitelist unknown permission: com.sonymobile.launcher.permission.PROVIDER_INSERT_BADGE
06-19 06:54:09.571 W/PackageManager( 1918): Cannot whitelist unknown permission: com.anddoes.launcher.permission.UPDATE_COUNT
06-19 06:54:09.571 W/PackageManager( 1918): Cannot whitelist unknown permission: com.majeur.launcher.permission.UPDATE_BADGE
06-19 06:54:09.571 W/PackageManager( 1918): Cannot whitelist unknown permission: com.huawei.android.launcher.permission.CHANGE_BADGE
06-19 06:54:09.571 W/PackageManager( 1918): Cannot whitelist unknown permission: com.huawei.android.launcher.permission.READ_SETTINGS
06-19 06:54:09.571 W/PackageManager( 1918): Cannot whitelist unknown permission: com.huawei.android.launcher.permission.WRITE_SETTINGS
06-19 06:54:09.571 W/PackageManager( 1918): Cannot whitelist unknown permission: android.permission.READ_APP_BADGE
06-19 06:54:09.571 W/PackageManager( 1918): Cannot whitelist unknown permission: com.oppo.launcher.permission.READ_SETTINGS
06-19 06:54:09.571 W/PackageManager( 1918): Cannot whitelist unknown permission: com.oppo.launcher.permission.WRITE_SETTINGS
06-19 06:54:09.572 I/PackageManager( 1918): Un-granting permission com.google.android.setupwizard.READ_DEVICE_ORIGIN from package com.google.android.apps.messaging (protectionLevel=18 flags=0x38cbbe45)
06-19 06:54:09.572 I/hwservicemanager( 1566): getTransport: Cannot find entry android.hardware.wifi.supplicant@1.2::ISupplicant/default in either framework or device manifest.
06-19 06:54:09.572 I/hwservicemanager( 1566): getTransport: Cannot find entry android.hardware.wifi.supplicant@1.1::ISupplicant/default in either framework or device manifest.
06-19 06:54:09.574 W/PackageManager( 1918): Cannot whitelist unknown permission: com.google.android.ims.LOG_ACCESS
06-19 06:54:09.574 W/PackageManager( 1918): Cannot whitelist unknown permission: com.cequint.ecid.CALLER_ID_EXTERNAL_LOOKUP_SMS
06-19 06:54:09.574 W/PackageManager( 1918): Cannot whitelist unknown permission: com.sec.android.provider.badge.permission.READ
06-19 06:54:09.574 W/PackageManager( 1918): Cannot whitelist unknown permission: com.sec.android.provider.badge.permission.WRITE
06-19 06:54:09.574 W/PackageManager( 1918): Cannot whitelist unknown permission: com.htc.launcher.permission.READ_SETTINGS
06-19 06:54:09.574 W/PackageManager( 1918): Cannot whitelist unknown permission: com.htc.launcher.permission.UPDATE_SHORTCUT
06-19 06:54:09.574 W/PackageManager( 1918): Cannot whitelist unknown permission: com.sonyericsson.home.permission.BROADCAST_BADGE
06-19 06:54:09.574 W/PackageManager( 1918): Cannot whitelist unknown permission: com.sonymobile.home.permission.PROVIDER_INSERT_BADGE
06-19 06:54:09.574 W/PackageManager( 1918): Cannot whitelist unknown permission: com.sonymobile.launcher.permission.PROVIDER_INSERT_BADGE
06-19 06:54:09.574 W/PackageManager( 1918): Cannot whitelist unknown permission: com.anddoes.launcher.permission.UPDATE_COUNT
06-19 06:54:09.574 W/PackageManager( 1918): Cannot whitelist unknown permission: com.majeur.launcher.permission.UPDATE_BADGE
06-19 06:54:09.574 W/PackageManager( 1918): Cannot whitelist unknown permission: com.huawei.android.launcher.permission.CHANGE_BADGE
06-19 06:54:09.574 W/PackageManager( 1918): Cannot whitelist unknown permission: com.huawei.android.launcher.permission.READ_SETTINGS
06-19 06:54:09.574 W/PackageManager( 1918): Cannot whitelist unknown permission: com.huawei.android.launcher.permission.WRITE_SETTINGS
06-19 06:54:09.574 W/PackageManager( 1918): Cannot whitelist unknown permission: android.permission.READ_APP_BADGE
06-19 06:54:09.574 W/PackageManager( 1918): Cannot whitelist unknown permission: com.oppo.launcher.permission.READ_SETTINGS
06-19 06:54:09.574 I/netd    ( 1663): interfaceGetCfg("wlan0") <0.11ms>
06-19 06:54:09.574 W/PackageManager( 1918): Cannot whitelist unknown permission: com.oppo.launcher.permission.WRITE_SETTINGS
06-19 06:54:09.574 I/WifiNative( 1918): Interface state changed on Iface:{Name=wlan0,Id=1,Type=STA_CONNECTIVITY}, isUp=true
06-19 06:54:09.575 I/PackageManager( 1918): Un-granting permission com.google.android.setupwizard.READ_DEVICE_ORIGIN from package com.google.android.apps.messaging (protectionLevel=18 flags=0x38cbbe45)
06-19 06:54:09.575 I/netd    ( 1663): interfaceClearAddrs("wlan0") <0.13ms>
06-19 06:54:09.576 W/PackageManager( 1918): Cannot whitelist unknown permission: com.google.android.ims.LOG_ACCESS
06-19 06:54:09.576 W/PackageManager( 1918): Cannot whitelist unknown permission: com.cequint.ecid.CALLER_ID_EXTERNAL_LOOKUP_SMS
06-19 06:54:09.576 W/PackageManager( 1918): Cannot whitelist unknown permission: com.sec.android.provider.badge.permission.READ
06-19 06:54:09.576 W/PackageManager( 1918): Cannot whitelist unknown permission: com.sec.android.provider.badge.permission.WRITE
06-19 06:54:09.576 W/PackageManager( 1918): Cannot whitelist unknown permission: com.htc.launcher.permission.READ_SETTINGS
06-19 06:54:09.576 W/PackageManager( 1918): Cannot whitelist unknown permission: com.htc.launcher.permission.UPDATE_SHORTCUT
06-19 06:54:09.576 W/PackageManager( 1918): Cannot whitelist unknown permission: com.sonyericsson.home.permission.BROADCAST_BADGE
06-19 06:54:09.576 W/PackageManager( 1918): Cannot whitelist unknown permission: com.sonymobile.home.permission.PROVIDER_INSERT_BADGE
06-19 06:54:09.576 W/PackageManager( 1918): Cannot whitelist unknown permission: com.sonymobile.launcher.permission.PROVIDER_INSERT_BADGE
06-19 06:54:09.576 W/PackageManager( 1918): Cannot whitelist unknown permission: com.anddoes.launcher.permission.UPDATE_COUNT
06-19 06:54:09.576 W/PackageManager( 1918): Cannot whitelist unknown permission: com.majeur.launcher.permission.UPDATE_BADGE
06-19 06:54:09.576 W/PackageManager( 1918): Cannot whitelist unknown permission: com.huawei.android.launcher.permission.CHANGE_BADGE
06-19 06:54:09.576 W/PackageManager( 1918): Cannot whitelist unknown permission: com.huawei.android.launcher.permission.READ_SETTINGS
06-19 06:54:09.576 I/netd    ( 1663): interfaceSetIPv6PrivacyExtensions("wlan0", "true") <0.12ms>
06-19 06:54:09.576 W/PackageManager( 1918): Cannot whitelist unknown permission: com.huawei.android.launcher.permission.WRITE_SETTINGS
06-19 06:54:09.577 W/PackageManager( 1918): Cannot whitelist unknown permission: android.permission.READ_APP_BADGE
06-19 06:54:09.577 W/PackageManager( 1918): Cannot whitelist unknown permission: com.oppo.launcher.permission.READ_SETTINGS
06-19 06:54:09.577 W/PackageManager( 1918): Cannot whitelist unknown permission: com.oppo.launcher.permission.WRITE_SETTINGS
06-19 06:54:09.577 I/PackageManager( 1918): Un-granting permission com.google.android.setupwizard.READ_DEVICE_ORIGIN from package com.google.android.apps.messaging (protectionLevel=18 flags=0x38cbbe45)
06-19 06:54:09.578 I/netd    ( 1663): interfaceSetEnableIPv6("wlan0", "false") <0.44ms>
06-19 06:54:09.578 I/WifiNative( 1918): Successfully setup Iface:{Name=wlan0,Id=1,Type=STA_CONNECTIVITY}
06-19 06:54:09.578 I/hwservicemanager( 1566): getTransport: Cannot find entry android.hardware.wifi.supplicant@1.2::ISupplicant/default in either framework or device manifest.
06-19 06:54:09.578 E/SupplicantStaIfaceHal( 1918): Method getKeyMgmtCapabilities is not supported in existing HAL
06-19 06:54:09.582 D/WifiClientModeManager( 1918): entering StartedState
06-19 06:54:09.583 I/netd    ( 1663): interfaceGetCfg("wlan0") <0.42ms>
06-19 06:54:09.583 D/WifiClientModeManager( 1918): Wifi is ready to use for client mode
06-19 06:54:09.583 D/WifiActiveModeWarden( 1918): State changed from client mode. state = 3
06-19 06:54:09.583 D/WifiActiveModeWarden( 1918): client mode active
06-19 06:54:09.583 D/WifiScanRequestProxy( 1918): Sending scan available broadcast: true
06-19 06:54:09.584 I/WifiScanRequestProxy( 1918): Scanning is enabled
06-19 06:54:09.584 I/WifiScanRequestProxy( 1918): Scanning for hidden networks is enabled
06-19 06:54:09.584 E/WifiVendorHal( 1918): getBgScanCapabilities(l.630) failed {.code = ERROR_NOT_SUPPORTED, .description = }
06-19 06:54:09.585 I/WifiScanningService( 1918): wifi driver loaded with scan capabilities: max buckets=16
06-19 06:54:09.585 D/WifiClientModeImpl( 1918): entering ConnectModeState: ifaceName = wlan0
06-19 06:54:09.585 D/WifiClientModeImpl( 1918): setupClientMode() ifacename = wlan0
06-19 06:54:09.588 W/PackageManager( 1918): Cannot whitelist unknown permission: com.google.android.ims.LOG_ACCESS
06-19 06:54:09.588 W/PackageManager( 1918): Cannot whitelist unknown permission: com.cequint.ecid.CALLER_ID_EXTERNAL_LOOKUP_SMS
06-19 06:54:09.588 W/PackageManager( 1918): Cannot whitelist unknown permission: com.sec.android.provider.badge.permission.READ
06-19 06:54:09.588 W/PackageManager( 1918): Cannot whitelist unknown permission: com.sec.android.provider.badge.permission.WRITE
06-19 06:54:09.588 W/PackageManager( 1918): Cannot whitelist unknown permission: com.htc.launcher.permission.READ_SETTINGS
06-19 06:54:09.588 W/PackageManager( 1918): Cannot whitelist unknown permission: com.htc.launcher.permission.UPDATE_SHORTCUT
06-19 06:54:09.588 W/PackageManager( 1918): Cannot whitelist unknown permission: com.sonyericsson.home.permission.BROADCAST_BADGE
06-19 06:54:09.588 W/PackageManager( 1918): Cannot whitelist unknown permission: com.sonymobile.home.permission.PROVIDER_INSERT_BADGE
06-19 06:54:09.588 W/PackageManager( 1918): Cannot whitelist unknown permission: com.sonymobile.launcher.permission.PROVIDER_INSERT_BADGE
06-19 06:54:09.588 W/PackageManager( 1918): Cannot whitelist unknown permission: com.anddoes.launcher.permission.UPDATE_COUNT
06-19 06:54:09.588 W/PackageManager( 1918): Cannot whitelist unknown permission: com.majeur.launcher.permission.UPDATE_BADGE
06-19 06:54:09.588 W/PackageManager( 1918): Cannot whitelist unknown permission: com.huawei.android.launcher.permission.CHANGE_BADGE
06-19 06:54:09.588 W/PackageManager( 1918): Cannot whitelist unknown permission: com.huawei.android.launcher.permission.READ_SETTINGS
06-19 06:54:09.588 W/PackageManager( 1918): Cannot whitelist unknown permission: com.huawei.android.launcher.permission.WRITE_SETTINGS
06-19 06:54:09.588 W/PackageManager( 1918): Cannot whitelist unknown permission: android.permission.READ_APP_BADGE
06-19 06:54:09.588 W/PackageManager( 1918): Cannot whitelist unknown permission: com.oppo.launcher.permission.READ_SETTINGS
06-19 06:54:09.588 W/PackageManager( 1918): Cannot whitelist unknown permission: com.oppo.launcher.permission.WRITE_SETTINGS
06-19 06:54:09.588 I/PackageManager( 1918): Un-granting permission com.google.android.setupwizard.READ_DEVICE_ORIGIN from package com.google.android.apps.messaging (protectionLevel=18 flags=0x38cbbe45)
06-19 06:54:09.589 W/PackageManager( 1918): Cannot whitelist unknown permission: com.google.android.ims.LOG_ACCESS
06-19 06:54:09.589 W/PackageManager( 1918): Cannot whitelist unknown permission: com.cequint.ecid.CALLER_ID_EXTERNAL_LOOKUP_SMS
06-19 06:54:09.589 W/PackageManager( 1918): Cannot whitelist unknown permission: com.sec.android.provider.badge.permission.READ
06-19 06:54:09.589 W/PackageManager( 1918): Cannot whitelist unknown permission: com.sec.android.provider.badge.permission.WRITE
06-19 06:54:09.589 W/PackageManager( 1918): Cannot whitelist unknown permission: com.htc.launcher.permission.READ_SETTINGS
06-19 06:54:09.589 W/PackageManager( 1918): Cannot whitelist unknown permission: com.htc.launcher.permission.UPDATE_SHORTCUT
06-19 06:54:09.589 W/PackageManager( 1918): Cannot whitelist unknown permission: com.sonyericsson.home.permission.BROADCAST_BADGE
06-19 06:54:09.589 W/PackageManager( 1918): Cannot whitelist unknown permission: com.sonymobile.home.permission.PROVIDER_INSERT_BADGE
06-19 06:54:09.589 W/PackageManager( 1918): Cannot whitelist unknown permission: com.sonymobile.launcher.permission.PROVIDER_INSERT_BADGE
06-19 06:54:09.589 W/PackageManager( 1918): Cannot whitelist unknown permission: com.anddoes.launcher.permission.UPDATE_COUNT
06-19 06:54:09.589 W/PackageManager( 1918): Cannot whitelist unknown permission: com.majeur.launcher.permission.UPDATE_BADGE
06-19 06:54:09.589 W/PackageManager( 1918): Cannot whitelist unknown permission: com.huawei.android.launcher.permission.CHANGE_BADGE
06-19 06:54:09.589 W/PackageManager( 1918): Cannot whitelist unknown permission: com.huawei.android.launcher.permission.READ_SETTINGS
06-19 06:54:09.589 W/PackageManager( 1918): Cannot whitelist unknown permission: com.huawei.android.launcher.permission.WRITE_SETTINGS
