--------- beginning of main
06-18 07:19:39.130 W/auditd  ( 1563): type=2000 audit(0.0:1): state=initialized audit_enabled=0 res=1
06-18 07:19:42.860 I/auditd  ( 1563): type=1403 audit(0.0:2): policy loaded auid=4294967295 ses=4294967295
06-18 07:19:42.860 W/auditd  ( 1563): type=1404 audit(0.0:3): enforcing=1 old_enforcing=0 auid=4294967295 ses=4294967295
06-18 07:19:44.536 I/SELinux ( 1564): SELinux: Loaded service_contexts from:
06-18 07:19:44.537 I/SELinux ( 1564):     /system/etc/selinux/plat_service_contexts
06-18 07:19:44.540 I/hwservicemanager( 1565): hwservicemanager is ready now.
06-18 07:19:44.545 I/SELinux ( 1566): SELinux: Loaded service_contexts from:
06-18 07:19:44.546 I/SELinux ( 1566):     /vendor/etc/selinux/vndservice_contexts
--------- beginning of system
06-18 07:19:44.602 I/vold    ( 1574): Vold 3.0 (the awakening) firing up
06-18 07:19:44.602 D/vold    ( 1574): Detected support for: ext4 f2fs vfat
06-18 07:19:44.603 D/vold    ( 1574): Found unmanaged dm device named vendor
06-18 07:19:44.603 D/vold    ( 1574): Found unmanaged dm device named system
06-18 07:19:44.603 D/vold    ( 1574): Found unmanaged dm device named system-verity
06-18 07:19:44.603 W/vold    ( 1574): Failed to LOOP_GET_STATUS64 /dev/block/loop5: No such device or address
06-18 07:19:44.603 W/vold    ( 1574): Failed to LOOP_GET_STATUS64 /dev/block/loop7: No such device or address
06-18 07:19:44.603 W/vold    ( 1574): Failed to LOOP_GET_STATUS64 /dev/block/loop4: No such device or address
06-18 07:19:44.603 W/vold    ( 1574): Failed to LOOP_GET_STATUS64 /dev/block/loop1: No such device or address
06-18 07:19:44.603 W/vold    ( 1574): Failed to LOOP_GET_STATUS64 /dev/block/loop3: No such device or address
06-18 07:19:44.603 W/vold    ( 1574): Failed to LOOP_GET_STATUS64 /dev/block/loop0: No such device or address
06-18 07:19:44.603 W/vold    ( 1574): Failed to LOOP_GET_STATUS64 /dev/block/loop2: No such device or address
06-18 07:19:44.603 W/vold    ( 1574): Failed to LOOP_GET_STATUS64 /dev/block/loop6: No such device or address
06-18 07:19:44.604 I/vold    ( 1574): Skip mounting partition: /product
06-18 07:19:44.604 I/vold    ( 1574): Skip mounting partition: /product_services
06-18 07:19:44.604 D/vold    ( 1574): VoldNativeService::start() completed OK
06-18 07:19:44.909 I/vold    ( 1574): fscrypt_initialize_global_de
06-18 07:19:44.909 I/vold    ( 1574): Creating new key in /data/unencrypted/key
06-18 07:19:44.918 I/hwservicemanager( 1565): getTransport: Cannot find entry android.hardware.keymaster@4.0::IKeymasterDevice/default in either framework or device manifest.
06-18 07:19:44.919 I/ServiceManagement( 1574): getService: Trying again for android.hardware.keymaster@3.0::IKeymasterDevice/default...
06-18 07:19:44.940 I/android.hardware.keymaster@3.0-impl( 1626): Fetching keymaster device name default
06-18 07:19:44.940 I/android.hardware.keymaster@3.0-impl( 1626): Could not find any keystore module, using software-only implementation.
06-18 07:19:44.940 I/ServiceManagement( 1626): Registered android.hardware.keymaster@3.0::IKeymasterDevice/default (start delay of 59ms)
06-18 07:19:44.941 I/ServiceManagement( 1626): Removing namespace from process name android.hardware.keymaster@3.0-service to keymaster@3.0-service.
06-18 07:19:44.941 I/android.hardware.keymaster@3.0-service( 1626): Registration complete for android.hardware.keymaster@3.0::IKeymasterDevice/default.
06-18 07:19:44.941 I/vold    ( 1574): List of Keymaster HALs found:
06-18 07:19:44.941 I/vold    ( 1574): Keymaster HAL #1: SoftwareKeymasterDevice from Google SecurityLevel: SOFTWARE HAL: android.hardware.keymaster@3.0::IKeymasterDevice/default
06-18 07:19:44.941 I/vold    ( 1574): Using SoftwareKeymasterDevice from Google for encryption.  Security level: SOFTWARE, HAL: android.hardware.keymaster@3.0::IKeymasterDevice/default
06-18 07:19:44.941 D/vold    ( 1574): Creating key that doesn't need auth token
06-18 07:19:44.944 D/RefBase ( 1574): RefBase: Explicit destruction, weak count = 0 (in 0x7d4bb821e170)
06-18 07:19:44.944 W/RefBase ( 1574): CallStack::getCurrentInternal not linked, returning null
06-18 07:19:44.944 W/RefBase ( 1574): CallStack::logStackInternal not linked
06-18 07:19:44.945 D/vold    ( 1574): Created key: /data/unencrypted/key
06-18 07:19:44.945 D/vold    ( 1574): Added key 407935084 (ext4:42633c93cd5d51da) to keyring 644164050 in process 1574
06-18 07:19:44.945 D/vold    ( 1574): Added key 548402812 (f2fs:42633c93cd5d51da) to keyring 644164050 in process 1574
06-18 07:19:44.946 D/vold    ( 1574): Added key 295268085 (fscrypt:42633c93cd5d51da) to keyring 644164050 in process 1574
06-18 07:19:44.947 I/vold    ( 1574): Wrote system DE key reference to:/data/unencrypted/ref
06-18 07:19:44.974 E/fsverity_init( 1635): Failed to load /product/etc/security/fsverity/*.der
06-18 07:19:44.978 E//system/bin/mini-keyctl( 1637): Cannot find keyring id
06-18 07:19:44.981 E/fsverity_init( 1638): Failed to restrict .fs-verity keyring
06-18 07:19:44.990 W/init    (    1): type=1400 audit(0.0:4): avc: denied { ioctl } for path="/data/misc" dev="vdc" ino=13 ioctlcmd=0x6615 scontext=u:r:init:s0 tcontext=u:object_r:unlabeled:s0 tclass=dir permissive=0
06-18 07:19:45.000 W/ls      ( 1640): type=1400 audit(0.0:5): avc: denied { getattr } for path="/data/misc" dev="vdc" ino=13 scontext=u:r:toolbox:s0 tcontext=u:object_r:unlabeled:s0 tclass=dir permissive=0
06-18 07:19:45.004 I/apexd   ( 1639): Marking APEXd as starting
06-18 07:19:45.006 I/ls      (    1): ls: /data/misc: Permission denied
06-18 07:19:45.006 I/ls      (    1): ls terminated by exit(1)
06-18 07:19:45.028 I/apexd   ( 1639): Scanning /system/apex for embedded keys
06-18 07:19:45.030 V/apexd   ( 1639): Found bundled key in package /system/apex/com.android.apex.cts.shim.apex
06-18 07:19:45.030 I/apexd   ( 1639): Scanning /product/apex for embedded keys
06-18 07:19:45.031 I/apexd   ( 1639): ... does not exist. Skipping
06-18 07:19:45.032 I/apexd   ( 1639): Populating APEX database from mounts...
06-18 07:19:45.034 E/apexd   ( 1639): Failed to walk /product/apex : Can't open /product/apex for reading : No such file or directory
06-18 07:19:45.037 I/apexd   ( 1639): Found "/apex/com.android.runtime@1"
06-18 07:19:45.039 I/apexd   ( 1639): Found "/apex/com.android.tzdata@290000000"
06-18 07:19:45.043 I/apexd   ( 1639): 2 packages restored.
06-18 07:19:45.045 I/apexd   ( 1639): Scanning /data/apex/sessions looking for sessions to be activated.
06-18 07:19:45.047 I/apexd   ( 1639): Scanning /data/apex/active looking for APEX packages.
06-18 07:19:45.050 I/apexd   ( 1639): Activated 0 packages. Skipped: 0
06-18 07:19:45.054 I/apexd   ( 1639): Scanning /system/apex looking for APEX packages.
06-18 07:19:45.055 I/apexd   ( 1639): Found /system/apex/com.android.resolv
06-18 07:19:45.058 V/apexd   ( 1639): Creating mount point: /apex/com.android.resolv@290000000
06-18 07:19:45.058 I/apexd   ( 1639): Successfully bind-mounted flattened package /system/apex/com.android.resolv on /apex/com.android.resolv@290000000
06-18 07:19:45.063 V/apexd   ( 1639): Creating bind-mount for /apex/com.android.resolv for /apex/com.android.resolv@290000000
06-18 07:19:45.063 V/apexd   ( 1639): Creating mountpoint /apex/com.android.resolv
06-18 07:19:45.063 V/apexd   ( 1639): Bind-mounting /apex/com.android.resolv@290000000 to /apex/com.android.resolv
06-18 07:19:45.063 D/apexd   ( 1639): Successfully activated /system/apex/com.android.resolv package_name: com.android.resolv version: 290000000
06-18 07:19:45.064 I/apexd   ( 1639): Found /system/apex/com.android.media.swcodec
06-18 07:19:45.066 V/apexd   ( 1639): Creating mount point: /apex/com.android.media.swcodec@290000000
06-18 07:19:45.066 I/apexd   ( 1639): Successfully bind-mounted flattened package /system/apex/com.android.media.swcodec on /apex/com.android.media.swcodec@290000000
06-18 07:19:45.071 V/apexd   ( 1639): Creating bind-mount for /apex/com.android.media.swcodec for /apex/com.android.media.swcodec@290000000
06-18 07:19:45.073 V/apexd   ( 1639): Creating mountpoint /apex/com.android.media.swcodec
06-18 07:19:45.073 V/apexd   ( 1639): Bind-mounting /apex/com.android.media.swcodec@290000000 to /apex/com.android.media.swcodec
06-18 07:19:45.073 D/apexd   ( 1639): Successfully activated /system/apex/com.android.media.swcodec package_name: com.android.media.swcodec version: 290000000
06-18 07:19:45.073 I/apexd   ( 1639): Found /system/apex/com.android.apex.cts.shim.apex
06-18 07:19:45.075 V/apexd   ( 1639): Found bundled key in package /system/apex/com.android.apex.cts.shim.apex
06-18 07:19:45.076 I/apexd   ( 1639): Skipping activation of non-flattened apex package /system/apex/com.android.apex.cts.shim.apex because device doesn't support it
06-18 07:19:45.082 I/apexd   ( 1639): Found /system/apex/com.android.conscrypt
06-18 07:19:45.083 V/apexd   ( 1639): Creating mount point: /apex/com.android.conscrypt@290000000
06-18 07:19:45.085 I/apexd   ( 1639): Successfully bind-mounted flattened package /system/apex/com.android.conscrypt on /apex/com.android.conscrypt@290000000
06-18 07:19:45.090 V/apexd   ( 1639): Creating bind-mount for /apex/com.android.conscrypt for /apex/com.android.conscrypt@290000000
06-18 07:19:45.090 V/apexd   ( 1639): Creating mountpoint /apex/com.android.conscrypt
06-18 07:19:45.090 V/apexd   ( 1639): Bind-mounting /apex/com.android.conscrypt@290000000 to /apex/com.android.conscrypt
06-18 07:19:45.090 D/apexd   ( 1639): Successfully activated /system/apex/com.android.conscrypt package_name: com.android.conscrypt version: 290000000
06-18 07:19:45.090 I/apexd   ( 1639): Found /system/apex/com.android.runtime.debug
06-18 07:19:45.093 I/apexd   ( 1639): Skipping activation of /system/apex/com.android.runtime.debug same package with higher version 1 is already active
06-18 07:19:45.098 I/apexd   ( 1639): Found /system/apex/com.android.tzdata
06-18 07:19:45.099 I/apexd   ( 1639): Skipping activation of /system/apex/com.android.tzdata same package with higher version 290000000 is already active
06-18 07:19:45.104 I/apexd   ( 1639): Found /system/apex/com.android.media
06-18 07:19:45.107 V/apexd   ( 1639): Creating mount point: /apex/com.android.media@290000000
06-18 07:19:45.107 I/apexd   ( 1639): Successfully bind-mounted flattened package /system/apex/com.android.media on /apex/com.android.media@290000000
06-18 07:19:45.111 V/apexd   ( 1639): Creating bind-mount for /apex/com.android.media for /apex/com.android.media@290000000
06-18 07:19:45.113 V/apexd   ( 1639): Creating mountpoint /apex/com.android.media
06-18 07:19:45.113 V/apexd   ( 1639): Bind-mounting /apex/com.android.media@290000000 to /apex/com.android.media
06-18 07:19:45.113 D/apexd   ( 1639): Successfully activated /system/apex/com.android.media package_name: com.android.media version: 290000000
06-18 07:19:45.113 I/apexd   ( 1639): Activated 4 packages. Skipped: 3
06-18 07:19:45.115 I/apexd   ( 1639): Scanning /product/apex looking for APEX packages.
06-18 07:19:45.116 E/apexd   ( 1639): Failed to activate packages from /product/apex : Failed to scan /product/apex : Can't open /product/apex for reading : No such file or directory
06-18 07:19:45.122 I/apexd   ( 1639): Marking APEXd as ready
06-18 07:19:45.202 D/vold    ( 1574): fscrypt_init_user0
06-18 07:19:45.202 D/vold    ( 1574): Preparing: /data/misc/vold/user_keys
06-18 07:19:45.202 D/vold    ( 1574): Preparing: /data/misc/vold/user_keys/ce
06-18 07:19:45.203 D/vold    ( 1574): Preparing: /data/misc/vold/user_keys/de
06-18 07:19:45.203 D/vold    ( 1574): Preparing: /data/misc/vold/user_keys/ce/0
06-18 07:19:45.203 D/vold    ( 1574): Skipping non-key .
06-18 07:19:45.203 D/vold    ( 1574): Skipping non-key ..
06-18 07:19:45.206 I/hwservicemanager( 1565): getTransport: Cannot find entry android.hardware.keymaster@4.0::IKeymasterDevice/default in either framework or device manifest.
06-18 07:19:45.207 I/vold    ( 1574): List of Keymaster HALs found:
06-18 07:19:45.207 I/vold    ( 1574): Keymaster HAL #1: SoftwareKeymasterDevice from Google SecurityLevel: SOFTWARE HAL: android.hardware.keymaster@3.0::IKeymasterDevice/default
06-18 07:19:45.207 I/vold    ( 1574): Using SoftwareKeymasterDevice from Google for encryption.  Security level: SOFTWARE, HAL: android.hardware.keymaster@3.0::IKeymasterDevice/default
06-18 07:19:45.207 D/vold    ( 1574): Creating key that doesn't need auth token
06-18 07:19:45.208 D/RefBase ( 1574): RefBase: Explicit destruction, weak count = 0 (in 0x7d4bb821e1f0)
06-18 07:19:45.208 W/RefBase ( 1574): CallStack::getCurrentInternal not linked, returning null
06-18 07:19:45.208 W/RefBase ( 1574): CallStack::logStackInternal not linked
06-18 07:19:45.209 D/vold    ( 1574): Created key: /data/misc/vold/user_keys/ce/0/current
06-18 07:19:45.212 I/hwservicemanager( 1565): getTransport: Cannot find entry android.hardware.keymaster@4.0::IKeymasterDevice/default in either framework or device manifest.
06-18 07:19:45.212 I/vold    ( 1574): List of Keymaster HALs found:
06-18 07:19:45.212 I/vold    ( 1574): Keymaster HAL #1: SoftwareKeymasterDevice from Google SecurityLevel: SOFTWARE HAL: android.hardware.keymaster@3.0::IKeymasterDevice/default
06-18 07:19:45.212 I/vold    ( 1574): Using SoftwareKeymasterDevice from Google for encryption.  Security level: SOFTWARE, HAL: android.hardware.keymaster@3.0::IKeymasterDevice/default
06-18 07:19:45.212 D/vold    ( 1574): Creating key that doesn't need auth token
06-18 07:19:45.213 D/RefBase ( 1574): RefBase: Explicit destruction, weak count = 0 (in 0x7d4bb821e170)
06-18 07:19:45.213 W/RefBase ( 1574): CallStack::getCurrentInternal not linked, returning null
06-18 07:19:45.213 W/RefBase ( 1574): CallStack::logStackInternal not linked
06-18 07:19:45.214 D/vold    ( 1574): Created key: /data/misc/vold/user_keys/de/0
06-18 07:19:45.214 D/vold    ( 1574): Added key 609864290 (ext4:d32f6c1214a23b91) to keyring 644164050 in process 1574
06-18 07:19:45.214 D/vold    ( 1574): Added key 527974092 (f2fs:d32f6c1214a23b91) to keyring 644164050 in process 1574
06-18 07:19:45.214 D/vold    ( 1574): Added key 895071111 (fscrypt:d32f6c1214a23b91) to keyring 644164050 in process 1574
06-18 07:19:45.214 D/vold    ( 1574): Added key 182275607 (ext4:4bd62d0a1c2b788c) to keyring 644164050 in process 1574
06-18 07:19:45.214 D/vold    ( 1574): Added key 117694946 (f2fs:4bd62d0a1c2b788c) to keyring 644164050 in process 1574
06-18 07:19:45.214 D/vold    ( 1574): Added key 615724296 (fscrypt:4bd62d0a1c2b788c) to keyring 644164050 in process 1574
06-18 07:19:45.214 D/vold    ( 1574): Created keys for user 0
06-18 07:19:45.214 D/vold    ( 1574): Skipping non-de-key .
06-18 07:19:45.214 D/vold    ( 1574): Skipping non-de-key ..
06-18 07:19:45.214 D/vold    ( 1574): fscrypt_prepare_user_storage for volume null, user 0, serial 0, flags 1
06-18 07:19:45.214 D/vold    ( 1574): Preparing: /data/system/users/0
06-18 07:19:45.214 D/vold    ( 1574): Preparing: /data/misc/profiles/cur/0
06-18 07:19:45.214 D/vold    ( 1574): Preparing: /data/system_de/0
06-18 07:19:45.214 D/vold    ( 1574): Preparing: /data/misc_de/0
06-18 07:19:45.214 D/vold    ( 1574): Preparing: /data/vendor_de/0
06-18 07:19:45.214 D/vold    ( 1574): Preparing: /data/user_de/0
06-18 07:19:45.215 I/vold    ( 1574): Policy for /data/system_de/0 set to d32f6c1214a23b91 modes 1/4
06-18 07:19:45.215 I/vold    ( 1574): Policy for /data/misc_de/0 set to d32f6c1214a23b91 modes 1/4
06-18 07:19:45.215 I/vold    ( 1574): Policy for /data/vendor_de/0 set to d32f6c1214a23b91 modes 1/4
06-18 07:19:45.215 I/vold    ( 1574): Policy for /data/user_de/0 set to d32f6c1214a23b91 modes 1/4
06-18 07:19:45.215 D/vold    ( 1574): /system/bin/vold_prepare_subdirs
06-18 07:19:45.215 D/vold    ( 1574):     prepare
06-18 07:19:45.215 D/vold    ( 1574):     
06-18 07:19:45.215 D/vold    ( 1574):     0
06-18 07:19:45.215 D/vold    ( 1574):     1
06-18 07:19:45.221 D/vold_prepare_subdirs( 1644): Setting up mode 700 uid 0 gid 0 context u:object_r:vold_data_file:s0 on path: /data/misc_de/0/vold
06-18 07:19:45.221 D/vold_prepare_subdirs( 1644): Setting up mode 700 uid 0 gid 0 context u:object_r:storaged_data_file:s0 on path: /data/misc_de/0/storaged
06-18 07:19:45.221 D/vold_prepare_subdirs( 1644): Setting up mode 700 uid 0 gid 0 context u:object_r:rollback_data_file:s0 on path: /data/misc_de/0/rollback
06-18 07:19:45.221 D/vold_prepare_subdirs( 1644): Setting up mode 700 uid 1000 gid 1000 context u:object_r:fingerprint_vendor_data_file:s0 on path: /data/vendor_de/0/fpdata
06-18 07:19:45.221 D/vold_prepare_subdirs( 1644): Setting up mode 700 uid 1000 gid 1000 context u:object_r:face_vendor_data_file:s0 on path: /data/vendor_de/0/facedata
06-18 07:19:45.245 I//system/bin/tzdatacheck( 1645): timezone distro dir /data/misc/zoneinfo/current does not exist. No action required.
06-18 07:19:45.275 I/art_apex( 1651): === ART pre-boot integrity checks ===
06-18 07:19:45.282 F/art_apex( 1653): Device is not fsverity-enabled.
06-18 07:19:45.319 W/otapreopt_slot( 1657): Slot property empty.
06-18 07:19:45.377 I//system/bin/flags_health_check( 1660): ServerConfigurableFlagsReset reset_mode value: 0
06-18 07:19:45.377 I//system/bin/flags_health_check( 1660): ServerConfigurableFlagsReset attempted boot count is under threshold, skipping reset.
06-18 07:19:45.440 I/netdClient( 1662): Skipping libnetd_client init since *we* are netd
06-18 07:19:45.453 I/bootstat( 1665): Service started: /system/bin/bootstat --set_system_boot_reason 
06-18 07:19:45.453 I/bootstat( 1665): Canonical boot reason: reboot
06-18 07:19:45.453 I/bootstat( 1665): Canonical boot reason: reboot
06-18 07:19:45.460 I/netd    ( 1662): netd 1.0 starting
06-18 07:19:45.486 I/ServiceManagement( 1668): Registered android.hidl.allocator@1.0::IAllocator/ashmem (start delay of 34ms)
06-18 07:19:45.486 I/ServiceManagement( 1668): Removing namespace from process name android.hidl.allocator@1.0-service to allocator@1.0-service.
06-18 07:19:45.500 I/health@2.0/( 1670): health@2.0/backup: Hal starting main loop...
06-18 07:19:45.500 I/health@2.0/( 1670): health@2.0/backup Hal is starting up...
06-18 07:19:45.501 I/hwservicemanager( 1565): getTransport: Cannot find entry android.hardware.health@1.0::IHealth/default in either framework or device manifest.
06-18 07:19:45.501 I/Netd    ( 1662): Loaded resolver library from /apex/com.android.resolv/lib64/libnetd_resolv.so
06-18 07:19:45.513 I/ServiceManagement( 1670): Registered android.hardware.health@2.0::IHealth/backup (start delay of 62ms)
06-18 07:19:45.513 I/health@2.0/( 1670): health@2.0/backup: Hal init done
06-18 07:19:45.553 I/ServiceManagement( 1669): Registered android.system.suspend@1.0::ISystemSuspend/default (start delay of 101ms)
06-18 07:19:45.553 I/ServiceManagement( 1669): Removing namespace from process name android.system.suspend@1.0-service to suspend@1.0-service.
06-18 07:19:45.557 I/qemu-props( 1702): connected to 'boot-properties' qemud service.
06-18 07:19:45.557 I/qemu-props( 1702): receiving..
06-18 07:19:45.557 I/qemu-props( 1702): received: qemu.cmdline=androidboot.logcat=*:V androidboot.consolepipe=qemu_pipe,pipe:logcat
06-18 07:19:45.561 I/ServiceManagement( 1672): Registered android.hardware.broadcastradio@1.1::IBroadcastRadioFactory/default (start delay of 99ms)
06-18 07:19:45.561 I/ServiceManagement( 1672): Removing namespace from process name android.hardware.broadcastradio@1.1-service to broadcastradio@1.1-service.
06-18 07:19:45.564 I/android.hardware.power@1.1-service.ranchu( 1696): Power HAL Service 1.1 for Ranchu is starting.
06-18 07:19:45.581 I/android.hardware.thermal@2.0-service-mock( 1699): Thermal HAL Service Mock 2.0 starting...
06-18 07:19:45.581 I/ServiceManagement( 1699): Registered android.hardware.thermal@2.0::IThermal/default (start delay of 69ms)
06-18 07:19:45.581 I/ServiceManagement( 1699): Removing namespace from process name android.hardware.thermal@2.0-service.mock to thermal@2.0-service.mock.
06-18 07:19:45.581 I/android.hardware.thermal@2.0-service-mock( 1699): Thermal Service started successfully.
06-18 07:19:45.582 W//vendor/bin/hw/android.hardware.configstore@1.1-service( 1675): Could not find seccomp policy file at: /vendor/etc/seccomp_policy/configstore@1.1.policy
06-18 07:19:45.582 I/ServiceManagement( 1675): Registered android.hardware.configstore@1.1::ISurfaceFlingerConfigs/default (start delay of 120ms)
06-18 07:19:45.582 I/ServiceManagement( 1675): Removing namespace from process name android.hardware.configstore@1.1-service to configstore@1.1-service.
06-18 07:19:45.582 I/qemu-props( 1702): successfully set property 'qemu.cmdline' to 'androidboot.logcat=*:V androidboot.consolepipe=qemu_pipe,pipe:logcat'
06-18 07:19:45.582 I/qemu-props( 1702): receiving..
06-18 07:19:45.582 I/qemu-props( 1702): received: qemu.logcat=start
06-18 07:19:45.585 I/qemu-props( 1702): successfully set property 'vendor.qemu.logcat' to 'start'
06-18 07:19:45.585 I/qemu-props( 1702): receiving..
06-18 07:19:45.585 I/qemu-props( 1702): received: ro.opengles.version=196608
06-18 07:19:45.585 I/qemu-props( 1702): receiving..
06-18 07:19:45.585 I/qemu-props( 1702): received: qemu.sf.fake_camera=none
06-18 07:19:45.589 I/qemu-props( 1702): successfully set property 'vendor.qemu.sf.fake_camera' to 'none'
06-18 07:19:45.589 I/qemu-props( 1702): receiving..
06-18 07:19:45.589 I/qemu-props( 1702): received: dalvik.vm.heapsize=512m
06-18 07:19:45.589 I/qemu-props( 1702): receiving..
06-18 07:19:45.589 I/qemu-props( 1702): received: qemu.hw.mainkeys=1
06-18 07:19:45.590 E/GoldfishGatekeeper( 1679): called goldfish_gatekeeper_open with gate keeper 0x7eb660609050 device 0x7eb6601e2000
06-18 07:19:45.592 I/ServiceManagement( 1679): Registered android.hardware.gatekeeper@1.0::IGatekeeper/default (start delay of 121ms)
06-18 07:19:45.592 I/ServiceManagement( 1679): Removing namespace from process name android.hardware.gatekeeper@1.0-service to gatekeeper@1.0-service.
06-18 07:19:45.592 I/android.hardware.gatekeeper@1.0-service( 1679): Registration complete for android.hardware.gatekeeper@1.0::IGatekeeper/default.
06-18 07:19:45.593 I/qemu-props( 1702): successfully set property 'qemu.hw.mainkeys' to '1'
06-18 07:19:45.593 I/qemu-props( 1702): receiving..
06-18 07:19:45.593 I/qemu-props( 1702): received: qemu.sf.lcd_density=160
06-18 07:19:45.594 I/qemu-props( 1702): successfully set property 'vendor.qemu.sf.lcd_density' to '160'
06-18 07:19:45.594 I/qemu-props( 1702): receiving..
06-18 07:19:45.594 I/ServiceManagement( 1696): Registered android.hardware.power@1.1::IPower/default (start delay of 102ms)
06-18 07:19:45.594 I/qemu-props( 1702): received: qemu.timezone=Etc/UTC
06-18 07:19:45.594 I/ServiceManagement( 1696): Removing namespace from process name android.hardware.power@1.1-service.ranchu to power@1.1-service.ranchu.
06-18 07:19:45.594 I/android.hardware.power@1.1-service.ranchu( 1696): Power Service is ready
06-18 07:19:45.594 I/qemu-props( 1702): successfully set property 'vendor.qemu.timezone' to 'Etc/UTC'
06-18 07:19:45.594 I/qemu-props( 1702): receiving..
06-18 07:19:45.600 I/ServiceManagement( 1697): Registered android.hardware.sensors@1.0::ISensors/default (start delay of 109ms)
06-18 07:19:45.600 I/ServiceManagement( 1697): Removing namespace from process name android.hardware.sensors@1.0-service to sensors@1.0-service.
06-18 07:19:45.600 I/android.hardware.sensors@1.0-service( 1697): Registration complete for android.hardware.sensors@1.0::ISensors/default.
06-18 07:19:45.607 I/health@2.0/( 1694): health@2.0/default: Hal starting main loop...
06-18 07:19:45.607 I/health@2.0/( 1694): health@2.0/default Hal is starting up...
06-18 07:19:45.608 I/ServiceManagement( 1694): Registered android.hardware.health@2.0::IHealth/default (start delay of 117ms)
06-18 07:19:45.609 I/ServiceManagement( 1694): Removing namespace from process name android.hardware.health@2.0-service.goldfish to health@2.0-service.goldfish.
06-18 07:19:45.609 I/health@2.0/( 1694): health@2.0/default: Hal init done
06-18 07:19:45.639 I/lowmemorykiller( 1706): Using psi monitors for memory pressure detection
06-18 07:19:45.691 I/ServiceManagement( 1680): Registered android.hardware.gnss@1.0::IGnss/default (start delay of 209ms)
06-18 07:19:45.691 I/ServiceManagement( 1680): Removing namespace from process name android.hardware.gnss@1.0-service to gnss@1.0-service.
06-18 07:19:45.691 I/android.hardware.gnss@1.0-service( 1680): Registration complete for android.hardware.gnss@1.0::IGnss/default.
06-18 07:19:45.703 I/ServiceManagement( 1677): Registered android.hardware.drm@1.2::IDrmFactory/clearkey (start delay of 232ms)
06-18 07:19:45.703 I/ServiceManagement( 1677): Removing namespace from process name android.hardware.drm@1.2-service.clearkey to drm@1.2-service.clearkey.
06-18 07:19:45.704 I/ServiceManagement( 1677): Registered android.hardware.drm@1.2::ICryptoFactory/clearkey (start delay of 232ms)
06-18 07:19:45.704 I/ServiceManagement( 1677): Removing namespace from process name android.hardware.drm@1.2-service.clearkey to drm@1.2-service.clearkey.
06-18 07:19:45.765 D/HostConnection( 1683): createUnique: call
06-18 07:19:45.766 D/HostConnection( 1683): HostConnection::get() New Host Connection established 0x709555c21140, tid 1683
06-18 07:19:45.772 D/HostConnection( 1683): HostComposition ext ANDROID_EMU_CHECKSUM_HELPER_v1 ANDROID_EMU_native_sync_v2 ANDROID_EMU_dma_v1 ANDROID_EMU_direct_mem ANDROID_EMU_host_composition_v1 ANDROID_EMU_host_composition_v2 ANDROID_EMU_vulkan ANDROID_EMU_deferred_vulkan_commands ANDROID_EMU_vulkan_null_optional_strings ANDROID_EMU_vulkan_create_resources_with_requirements ANDROID_EMU_YUV_Cache ANDROID_EMU_vulkan_ignored_handles ANDROID_EMU_vulkan_free_memory_sync ANDROID_EMU_vulkan_shader_float16_int8 ANDROID_EMU_vulkan_async_queue_submit ANDROID_EMU_sync_buffer_data ANDROID_EMU_vulkan_async_qsri ANDROID_EMU_hwc_color_transform GL_OES_EGL_image_external_essl3 GL_OES_vertex_array_object GL_KHR_texture_compression_astc_ldr ANDROID_EMU_host_side_tracing ANDROID_EMU_gles_max_version_3_0 
06-18 07:19:45.777 I/hwservicemanager( 1565): getTransport: Cannot find entry android.hardware.graphics.mapper@3.0::IMapper/default in either framework or device manifest.
06-18 07:19:45.777 W/Gralloc3( 1683): mapper 3.x is not supported
06-18 07:19:45.778 I/hwservicemanager( 1565): getTransport: Cannot find entry android.hardware.graphics.allocator@3.0::IAllocator/default in either framework or device manifest.
06-18 07:19:45.778 W/Gralloc3( 1683): allocator 3.x is not supported
06-18 07:19:45.778 I/ServiceManagement( 1683): getService: Trying again for android.hardware.graphics.allocator@2.0::IAllocator/default...
06-18 07:19:45.779 D/HostConnection( 1681): createUnique: call
06-18 07:19:45.779 D/HostConnection( 1681): HostConnection::get() New Host Connection established 0x7ac7c701c0a0, tid 1681
06-18 07:19:45.779 I/ServiceManagement( 1681): Registered android.hardware.graphics.allocator@2.0::IAllocator/default (start delay of 298ms)
06-18 07:19:45.780 I/ServiceManagement( 1681): Removing namespace from process name android.hardware.graphics.allocator@2.0-service to allocator@2.0-service.
06-18 07:19:45.780 I/android.hardware.graphics.allocator@2.0-service( 1681): Registration complete for android.hardware.graphics.allocator@2.0::IAllocator/default.
06-18 07:19:45.791 D/HostConnection( 1681): HostComposition ext ANDROID_EMU_CHECKSUM_HELPER_v1 ANDROID_EMU_native_sync_v2 ANDROID_EMU_dma_v1 ANDROID_EMU_direct_mem ANDROID_EMU_host_composition_v1 ANDROID_EMU_host_composition_v2 ANDROID_EMU_vulkan ANDROID_EMU_deferred_vulkan_commands ANDROID_EMU_vulkan_null_optional_strings ANDROID_EMU_vulkan_create_resources_with_requirements ANDROID_EMU_YUV_Cache ANDROID_EMU_vulkan_ignored_handles ANDROID_EMU_vulkan_free_memory_sync ANDROID_EMU_vulkan_shader_float16_int8 ANDROID_EMU_vulkan_async_queue_submit ANDROID_EMU_sync_buffer_data ANDROID_EMU_vulkan_async_qsri ANDROID_EMU_hwc_color_transform GL_OES_EGL_image_external_essl3 GL_OES_vertex_array_object GL_KHR_texture_compression_astc_ldr ANDROID_EMU_host_side_tracing ANDROID_EMU_gles_max_version_3_0 
06-18 07:19:45.791 D/gralloc_ranchu( 1681): gralloc_alloc: Creating ashmem region of size 823296
06-18 07:19:45.792 D/eglCodecCommon( 1681): allocate: Ask for block of size 0x1000
06-18 07:19:45.792 D/eglCodecCommon( 1681): allocate: ioctl allocate returned offset 0x3ffffe000 size 0x2000
06-18 07:19:45.792 D/HostConnection( 1683): createUnique: call
06-18 07:19:45.792 D/HostConnection( 1683): HostConnection::get() New Host Connection established 0x709555c21780, tid 1683
06-18 07:19:45.793 D/HostConnection( 1683): HostComposition ext ANDROID_EMU_CHECKSUM_HELPER_v1 ANDROID_EMU_native_sync_v2 ANDROID_EMU_dma_v1 ANDROID_EMU_direct_mem ANDROID_EMU_host_composition_v1 ANDROID_EMU_host_composition_v2 ANDROID_EMU_vulkan ANDROID_EMU_deferred_vulkan_commands ANDROID_EMU_vulkan_null_optional_strings ANDROID_EMU_vulkan_create_resources_with_requirements ANDROID_EMU_YUV_Cache ANDROID_EMU_vulkan_ignored_handles ANDROID_EMU_vulkan_free_memory_sync ANDROID_EMU_vulkan_shader_float16_int8 ANDROID_EMU_vulkan_async_queue_submit ANDROID_EMU_sync_buffer_data ANDROID_EMU_vulkan_async_qsri ANDROID_EMU_hwc_color_transform GL_OES_EGL_image_external_essl3 GL_OES_vertex_array_object GL_KHR_texture_compression_astc_ldr ANDROID_EMU_host_side_tracing ANDROID_EMU_gles_max_version_3_0 
06-18 07:19:45.793 D/eglCodecCommon( 1683): allocate: Ask for block of size 0x1000
06-18 07:19:45.793 D/eglCodecCommon( 1683): allocate: ioctl allocate returned offset 0x3ffffc000 size 0x2000
06-18 07:19:45.794 I/ServiceManagement( 1683): Registered android.hardware.graphics.composer@2.1::IComposer/default (start delay of 302ms)
06-18 07:19:45.794 I/ServiceManagement( 1683): Removing namespace from process name android.hardware.graphics.composer@2.1-service to composer@2.1-service.
06-18 07:19:45.794 I/android.hardware.graphics.composer@2.1-service( 1683): Registration complete for android.hardware.graphics.composer@2.1::IComposer/default.
06-18 07:19:45.800 D/LibBpfLoader( 1741): Loading ELF object /system/etc/bpf/clatd.o with license Apache 2.0
06-18 07:19:45.800 D/LibBpfLoader( 1741): Loaded code section 3 (schedcls_ingress_clat_ether)
06-18 07:19:45.800 D/LibBpfLoader( 1741): Loaded relo section 3 (.relschedcls/ingress/clat_ether)
06-18 07:19:45.800 D/LibBpfLoader( 1741): Adding section 3 to cs list
06-18 07:19:45.801 D/LibBpfLoader( 1741): Loaded code section 5 (schedcls_ingress_clat_rawip)
06-18 07:19:45.801 D/LibBpfLoader( 1741): Loaded relo section 5 (.relschedcls/ingress/clat_rawip)
06-18 07:19:45.801 D/LibBpfLoader( 1741): Adding section 5 to cs list
06-18 07:19:45.801 D/LibBpfLoader( 1741): bpf_create_map name clat_ingress_map, ret: 6
06-18 07:19:45.801 D/LibBpfLoader( 1741): map_fd found at 0 is 6 in /system/etc/bpf/clatd.o
06-18 07:19:45.801 D/LibBpfLoader( 1741): applying relo to instruction at byte offset: 400, 	       insn offset 50 , insn 118
06-18 07:19:45.801 D/LibBpfLoader( 1741): applying relo to instruction at byte offset: 360, 	       insn offset 45 , insn 118
06-18 07:19:45.801 D/LibBpfLoader( 1741): New bpf core prog_load for /system/etc/bpf/clatd.o (schedcls_ingress_clat_ether) returned: 7
06-18 07:19:45.802 D/LibBpfLoader( 1741): New bpf core prog_load for /system/etc/bpf/clatd.o (schedcls_ingress_clat_rawip) returned: 8
06-18 07:19:45.802 I/bpfloader( 1741): Attempted load object: /system/etc/bpf/clatd.o, ret: Success
06-18 07:19:45.811 D/LibBpfLoader( 1741): Loading ELF object /system/etc/bpf/netd.o with license Apache 2.0
06-18 07:19:45.811 D/LibBpfLoader( 1741): Loaded code section 3 (cgroupskb_ingress_stats)
06-18 07:19:45.811 D/LibBpfLoader( 1741): Loaded relo section 3 (.relcgroupskb/ingress/stats)
06-18 07:19:45.811 D/LibBpfLoader( 1741): Adding section 3 to cs list
06-18 07:19:45.811 D/LibBpfLoader( 1741): Loaded code section 5 (cgroupskb_egress_stats)
06-18 07:19:45.811 D/LibBpfLoader( 1741): Loaded relo section 5 (.relcgroupskb/egress/stats)
06-18 07:19:45.811 D/LibBpfLoader( 1741): Adding section 5 to cs list
06-18 07:19:45.811 D/LibBpfLoader( 1741): Loaded code section 7 (skfilter_egress_xtbpf)
06-18 07:19:45.811 D/LibBpfLoader( 1741): Loaded relo section 7 (.relskfilter/egress/xtbpf)
06-18 07:19:45.811 D/LibBpfLoader( 1741): Adding section 7 to cs list
06-18 07:19:45.811 D/LibBpfLoader( 1741): Loaded code section 9 (skfilter_ingress_xtbpf)
06-18 07:19:45.811 D/LibBpfLoader( 1741): Loaded relo section 9 (.relskfilter/ingress/xtbpf)
06-18 07:19:45.811 D/LibBpfLoader( 1741): Adding section 9 to cs list
06-18 07:19:45.811 D/LibBpfLoader( 1741): Loaded code section 11 (skfilter_whitelist_xtbpf)
06-18 07:19:45.811 D/LibBpfLoader( 1741): Loaded relo section 11 (.relskfilter/whitelist/xtbpf)
06-18 07:19:45.811 D/LibBpfLoader( 1741): Adding section 11 to cs list
06-18 07:19:45.811 D/LibBpfLoader( 1741): Loaded code section 13 (skfilter_blacklist_xtbpf)
06-18 07:19:45.811 D/LibBpfLoader( 1741): Loaded relo section 13 (.relskfilter/blacklist/xtbpf)
06-18 07:19:45.811 D/LibBpfLoader( 1741): Adding section 13 to cs list
06-18 07:19:45.811 D/LibBpfLoader( 1741): Loaded code section 15 (cgroupsock_inet_create)
06-18 07:19:45.811 D/LibBpfLoader( 1741): Loaded relo section 15 (.relcgroupsock/inet/create)
06-18 07:19:45.811 D/LibBpfLoader( 1741): Adding section 15 to cs list
06-18 07:19:45.812 D/LibBpfLoader( 1741): bpf_create_map name cookie_tag_map, ret: 9
06-18 07:19:45.812 D/LibBpfLoader( 1741): bpf_create_map name uid_counterset_map, ret: 10
06-18 07:19:45.812 D/LibBpfLoader( 1741): bpf_create_map name app_uid_stats_map, ret: 11
06-18 07:19:45.812 D/LibBpfLoader( 1741): bpf_create_map name stats_map_A, ret: 12
06-18 07:19:45.812 D/LibBpfLoader( 1741): bpf_create_map name stats_map_B, ret: 13
06-18 07:19:45.812 D/LibBpfLoader( 1741): bpf_create_map name iface_stats_map, ret: 14
06-18 07:19:45.812 D/LibBpfLoader( 1741): bpf_create_map name configuration_map, ret: 15
06-18 07:19:45.812 D/LibBpfLoader( 1741): bpf_create_map name uid_owner_map, ret: 16
06-18 07:19:45.813 D/LibBpfLoader( 1741): bpf_create_map name iface_index_name_map, ret: 17
06-18 07:19:45.813 D/LibBpfLoader( 1741): bpf_create_map name uid_permission_map, ret: 18
06-18 07:19:45.813 D/LibBpfLoader( 1741): map_fd found at 0 is 9 in /system/etc/bpf/netd.o
06-18 07:19:45.813 D/LibBpfLoader( 1741): map_fd found at 1 is 10 in /system/etc/bpf/netd.o
06-18 07:19:45.813 D/LibBpfLoader( 1741): map_fd found at 2 is 11 in /system/etc/bpf/netd.o
06-18 07:19:45.813 D/LibBpfLoader( 1741): map_fd found at 3 is 12 in /system/etc/bpf/netd.o
06-18 07:19:45.813 D/LibBpfLoader( 1741): map_fd found at 4 is 13 in /system/etc/bpf/netd.o
06-18 07:19:45.813 D/LibBpfLoader( 1741): map_fd found at 5 is 14 in /system/etc/bpf/netd.o
06-18 07:19:45.813 D/LibBpfLoader( 1741): map_fd found at 6 is 15 in /system/etc/bpf/netd.o
06-18 07:19:45.813 D/LibBpfLoader( 1741): map_fd found at 7 is 16 in /system/etc/bpf/netd.o
06-18 07:19:45.813 D/LibBpfLoader( 1741): map_fd found at 8 is 17 in /system/etc/bpf/netd.o
06-18 07:19:45.813 D/LibBpfLoader( 1741): map_fd found at 9 is 18 in /system/etc/bpf/netd.o
06-18 07:19:45.813 D/LibBpfLoader( 1741): applying relo to instruction at byte offset: 616, 	       insn offset 77 , insn 118
06-18 07:19:45.813 D/LibBpfLoader( 1741): applying relo to instruction at byte offset: 688, 	       insn offset 86 , insn 118
06-18 07:19:45.813 D/LibBpfLoader( 1741): applying relo to instruction at byte offset: 1040, 	       insn offset 130 , insn 118
06-18 07:19:45.813 D/LibBpfLoader( 1741): applying relo to instruction at byte offset: 1184, 	       insn offset 148 , insn 118
06-18 07:19:45.813 D/LibBpfLoader( 1741): applying relo to instruction at byte offset: 1264, 	       insn offset 158 , insn 118
06-18 07:19:45.813 D/LibBpfLoader( 1741): applying relo to instruction at byte offset: 1368, 	       insn offset 171 , insn 118
06-18 07:19:45.813 D/LibBpfLoader( 1741): applying relo to instruction at byte offset: 1472, 	       insn offset 184 , insn 118
06-18 07:19:45.813 D/LibBpfLoader( 1741): applying relo to instruction at byte offset: 1512, 	       insn offset 189 , insn 118
06-18 07:19:45.813 D/LibBpfLoader( 1741): applying relo to instruction at byte offset: 1576, 	       insn offset 197 , insn 118
06-18 07:19:45.813 D/LibBpfLoader( 1741): applying relo to instruction at byte offset: 1680, 	       insn offset 210 , insn 118
06-18 07:19:45.813 D/LibBpfLoader( 1741): applying relo to instruction at byte offset: 1720, 	       insn offset 215 , insn 118
06-18 07:19:45.813 D/LibBpfLoader( 1741): applying relo to instruction at byte offset: 1848, 	       insn offset 231 , insn 118
06-18 07:19:45.813 D/LibBpfLoader( 1741): applying relo to instruction at byte offset: 1952, 	       insn offset 244 , insn 118
06-18 07:19:45.813 D/LibBpfLoader( 1741): applying relo to instruction at byte offset: 1992, 	       insn offset 249 , insn 118
06-18 07:19:45.813 D/LibBpfLoader( 1741): applying relo to instruction at byte offset: 2056, 	       insn offset 257 , insn 118
06-18 07:19:45.813 D/LibBpfLoader( 1741): applying relo to instruction at byte offset: 2160, 	       insn offset 270 , insn 118
06-18 07:19:45.813 D/LibBpfLoader( 1741): applying relo to instruction at byte offset: 2200, 	       insn offset 275 , insn 118
06-18 07:19:45.813 D/LibBpfLoader( 1741): applying relo to instruction at byte offset: 2288, 	       insn offset 286 , insn 118
06-18 07:19:45.813 D/LibBpfLoader( 1741): applying relo to instruction at byte offset: 2392, 	       insn offset 299 , insn 118
06-18 07:19:45.813 D/LibBpfLoader( 1741): applying relo to instruction at byte offset: 2432, 	       insn offset 304 , insn 118
06-18 07:19:45.813 D/LibBpfLoader( 1741): applying relo to instruction at byte offset: 608, 	       insn offset 76 , insn 118
06-18 07:19:45.813 D/LibBpfLoader( 1741): applying relo to instruction at byte offset: 680, 	       insn offset 85 , insn 118
06-18 07:19:45.813 D/LibBpfLoader( 1741): applying relo to instruction at byte offset: 904, 	       insn offset 113 , insn 118
06-18 07:19:45.813 D/LibBpfLoader( 1741): applying relo to instruction at byte offset: 1048, 	       insn offset 131 , insn 118
06-18 07:19:45.813 D/LibBpfLoader( 1741): applying relo to instruction at byte offset: 1128, 	       insn offset 141 , insn 118
06-18 07:19:45.813 D/LibBpfLoader( 1741): applying relo to instruction at byte offset: 1232, 	       insn offset 154 , insn 118
06-18 07:19:45.813 D/LibBpfLoader( 1741): applying relo to instruction at byte offset: 1336, 	       insn offset 167 , insn 118
06-18 07:19:45.813 D/LibBpfLoader( 1741): applying relo to instruction at byte offset: 1376, 	       insn offset 172 , insn 118
06-18 07:19:45.813 D/LibBpfLoader( 1741): applying relo to instruction at byte offset: 1440, 	       insn offset 180 , insn 118
06-18 07:19:45.814 D/LibBpfLoader( 1741): applying relo to instruction at byte offset: 1544, 	       insn offset 193 , insn 118
06-18 07:19:45.814 D/LibBpfLoader( 1741): applying relo to instruction at byte offset: 1584, 	       insn offset 198 , insn 118
06-18 07:19:45.814 D/LibBpfLoader( 1741): applying relo to instruction at byte offset: 1712, 	       insn offset 214 , insn 118
06-18 07:19:45.814 D/LibBpfLoader( 1741): applying relo to instruction at byte offset: 1816, 	       insn offset 227 , insn 118
06-18 07:19:45.814 D/LibBpfLoader( 1741): applying relo to instruction at byte offset: 1856, 	       insn offset 232 , insn 118
06-18 07:19:45.814 D/LibBpfLoader( 1741): applying relo to instruction at byte offset: 1920, 	       insn offset 240 , insn 118
06-18 07:19:45.814 D/LibBpfLoader( 1741): applying relo to instruction at byte offset: 2024, 	       insn offset 253 , insn 118
06-18 07:19:45.814 D/LibBpfLoader( 1741): applying relo to instruction at byte offset: 2064, 	       insn offset 258 , insn 118
06-18 07:19:45.814 D/LibBpfLoader( 1741): applying relo to instruction at byte offset: 2152, 	       insn offset 269 , insn 118
06-18 07:19:45.814 D/LibBpfLoader( 1741): applying relo to instruction at byte offset: 2256, 	       insn offset 282 , insn 118
06-18 07:19:45.814 D/LibBpfLoader( 1741): applying relo to instruction at byte offset: 2296, 	       insn offset 287 , insn 118
06-18 07:19:45.814 D/LibBpfLoader( 1741): applying relo to instruction at byte offset: 40, 	       insn offset 5 , insn 118
06-18 07:19:45.814 D/LibBpfLoader( 1741): applying relo to instruction at byte offset: 144, 	       insn offset 18 , insn 118
06-18 07:19:45.814 D/LibBpfLoader( 1741): applying relo to instruction at byte offset: 184, 	       insn offset 23 , insn 118
06-18 07:19:45.814 D/LibBpfLoader( 1741): applying relo to instruction at byte offset: 40, 	       insn offset 5 , insn 118
06-18 07:19:45.814 D/LibBpfLoader( 1741): applying relo to instruction at byte offset: 144, 	       insn offset 18 , insn 118
06-18 07:19:45.814 D/LibBpfLoader( 1741): applying relo to instruction at byte offset: 184, 	       insn offset 23 , insn 118
06-18 07:19:45.814 D/LibBpfLoader( 1741): applying relo to instruction at byte offset: 80, 	       insn offset 10 , insn 118
06-18 07:19:45.814 D/LibBpfLoader( 1741): applying relo to instruction at byte offset: 32, 	       insn offset 4 , insn 118
06-18 07:19:45.814 D/LibBpfLoader( 1741): applying relo to instruction at byte offset: 80, 	       insn offset 10 , insn 118
06-18 07:19:45.815 D/LibBpfLoader( 1741): New bpf core prog_load for /system/etc/bpf/netd.o (cgroupskb_ingress_stats) returned: 19
06-18 07:19:45.816 D/LibBpfLoader( 1741): New bpf core prog_load for /system/etc/bpf/netd.o (cgroupskb_egress_stats) returned: 20
06-18 07:19:45.816 D/LibBpfLoader( 1741): New bpf core prog_load for /system/etc/bpf/netd.o (skfilter_egress_xtbpf) returned: 21
06-18 07:19:45.816 D/LibBpfLoader( 1741): New bpf core prog_load for /system/etc/bpf/netd.o (skfilter_ingress_xtbpf) returned: 22
06-18 07:19:45.816 D/LibBpfLoader( 1741): New bpf core prog_load for /system/etc/bpf/netd.o (skfilter_whitelist_xtbpf) returned: 23
06-18 07:19:45.817 D/LibBpfLoader( 1741): New bpf core prog_load for /system/etc/bpf/netd.o (skfilter_blacklist_xtbpf) returned: 24
06-18 07:19:45.817 D/LibBpfLoader( 1741): New bpf core prog_load for /system/etc/bpf/netd.o (cgroupsock_inet_create) returned: 25
06-18 07:19:45.817 I/bpfloader( 1741): Attempted load object: /system/etc/bpf/netd.o, ret: Success
06-18 07:19:45.825 I/perfetto( 1739): probes.cc:56 Starting /system/bin/traced_probes service
06-18 07:19:45.839 I/installd( 1746): installd firing up
06-18 07:19:45.839 E/cutils  ( 1746): Failed to read /data/.layout_version: No such file or directory
06-18 07:19:45.839 D/installd( 1746): Assuming that device has multi-user storage layout; upgrade no longer supported
06-18 07:19:45.839 D/installd( 1746): Upgrading to /data/misc/user directories
06-18 07:19:45.843 W/perfetto( 1738): service.cc:65 Started traced, listening on /dev/socket/traced_producer /dev/socket/traced_consumer
06-18 07:19:45.844 I/perfetto( 1739): probes_producer.cc:88 Connected to the service
06-18 07:19:45.852 D/TetherController( 1662): Setting IP forward enable = 0
06-18 07:19:45.881 I/adbd    ( 1735): opening control endpoint /dev/usb-ffs/adb/ep0
06-18 07:19:45.893 D/FirewallController( 1662): Could not read /proc/self/uid_map, max uid defaulting to 4294967294
06-18 07:19:45.894 I/hwservicemanager( 1565): getTransport: Cannot find entry android.hardware.usb.gadget@1.0::IUsbGadget/default in either framework or device manifest.
06-18 07:19:45.895 I/usbd    ( 1775): Usb HAL not found
06-18 07:19:45.898 I/wificond( 1757): wificond is starting up...
06-18 07:19:45.928 I/android.hardware.wifi@1.0-service( 1700): Wifi Hal is booting up...
06-18 07:19:45.928 I/ServiceManagement( 1700): Registered android.hardware.wifi@1.3::IWifi/default (start delay of 417ms)
06-18 07:19:45.928 I/ServiceManagement( 1700): Removing namespace from process name android.hardware.wifi@1.0-service to wifi@1.0-service.
06-18 07:19:45.934 D/android.hardware.biometrics.fingerprint@2.1-service( 1776): Opening fingerprint hal library...
06-18 07:19:45.936 I//system/bin/tombstoned( 1774): tombstoned successfully initialized
06-18 07:19:45.936 D/FingerprintHal( 1776): ----------------> fingerprint_open ----------------->
06-18 07:19:45.936 D/FingerprintHal( 1776): ----------------> set_notify_callback ----------------->
06-18 07:19:45.936 D/FingerprintHal( 1776): fingerprint callback notification set
06-18 07:19:45.940 I/ServiceManagement( 1776): Registered android.hardware.biometrics.fingerprint@2.1::IBiometricsFingerprint/default (start delay of 105ms)
06-18 07:19:45.940 I/ServiceManagement( 1776): Removing namespace from process name android.hardware.biometrics.fingerprint@2.1-service to fingerprint@2.1-service.
06-18 07:19:45.946 D/FingerprintHal( 1776): ----------------> listenerFunction ----------------->
06-18 07:19:45.958 I/adbd    ( 1735): UsbFfsConnection constructed
06-18 07:19:45.965 I/gatekeeperd( 1772): Starting gatekeeperd...
06-18 07:19:45.998 I/netd    ( 1662): Creating child chains: 102.6ms
06-18 07:19:45.998 I/netd    ( 1662): Setting up OEM hooks: 0.2ms
06-18 07:19:45.998 I/netd    ( 1662): Setting up FirewallController hooks: 0.0ms
06-18 07:19:45.999 I/netd    ( 1662): Setting up TetherController hooks: 1.4ms
06-18 07:19:46.000 I/netd    ( 1662): Setting up BandwidthController hooks: 0.9ms
06-18 07:19:46.000 I/netd    ( 1662): Setting up IdletimerController hooks: 0.1ms
06-18 07:19:46.006 I/hwservicemanager( 1565): getTransport: Cannot find entry android.hardware.keymaster@4.0::IKeymasterDevice/default in either framework or device manifest.
06-18 07:19:46.006 I/keystore( 1748): found android.hardware.keymaster@3.0::IKeymasterDevice with interface name default and seclevel SOFTWARE
06-18 07:19:46.006 W/keystore( 1748): No secure Keymaster implementation found, but device offers insecure Keymaster HAL. Using as default.
06-18 07:19:46.010 I/ServiceManagement( 1748): Registered android.system.wifi.keystore@1.0::IKeystore/default (start delay of 258ms)
06-18 07:19:46.021 I/android.hardware.camera.provider@2.4-service( 1673): CameraProvider@2.4 legacy service is starting.
06-18 07:19:46.028 I/ServiceManagement( 1674): Registered android.hardware.cas@1.1::IMediaCasService/default (start delay of 566ms)
06-18 07:19:46.028 I/ServiceManagement( 1674): Removing namespace from process name android.hardware.cas@1.1-service to cas@1.1-service.
06-18 07:19:46.036 I/ServiceManagement( 1754): Registered android.frameworks.stats@1.0::IStats/default (start delay of 264ms)
06-18 07:19:46.036 I/livelock( 1790): started
06-18 07:19:46.036 W/livelock( 1790): [khungtaskd] not configurable
06-18 07:19:46.036 W/statsd  ( 1754): statscompanion service unavailable!
06-18 07:19:46.036 I/statsd  ( 1754): Statsd starts to listen to socket.
06-18 07:19:46.037 I/livelock( 1790): ro.config.low_ram=false
06-18 07:19:46.037 I/livelock( 1790): ro.llk.sysrq_t=true
06-18 07:19:46.037 I/livelock( 1790): ro.llk.enable=true
06-18 07:19:46.037 I/livelock( 1790): ro.khungtask.enable=true
06-18 07:19:46.037 I/livelock( 1790): ro.llk.mlockall=true
06-18 07:19:46.037 I/livelock( 1790): ro.llk.killtest=true
06-18 07:19:46.037 I/livelock( 1790): ro.khungtask.timeout=720s
06-18 07:19:46.037 I/livelock( 1790): ro.llk.timeout_ms=600.000s
06-18 07:19:46.037 I/livelock( 1790): ro.llk.D.timeout_ms=600.000s
06-18 07:19:46.037 I/livelock( 1790): ro.llk.Z.timeout_ms=600.000s
06-18 07:19:46.037 I/livelock( 1790): ro.llk.stack.timeout_ms=600.000s
06-18 07:19:46.037 I/livelock( 1790): ro.llk.check_ms=120.000s
06-18 07:19:46.037 I/livelock( 1790): ro.llk.stack=wait_on_page_bit_killable,bit_wait_io,__get_user_pages,cma_alloc
06-18 07:19:46.037 I/livelock( 1790): ro.llk.blacklist.process.stack=llkd,lmkd.llkd,apexd,ueventd,keystore,init
06-18 07:19:46.037 I/livelock( 1790): ro.llk.blacklist.process=[watchdog/1],[watchdogd/0],2,[watchdogd],llkd,lmkd,[khungtaskd],[kthreadd],1790,init,1,watchdogd,0
06-18 07:19:46.037 I/livelock( 1790): ro.llk.blacklist.parent=[kthreadd],2,0,adbd&[setsid]
06-18 07:19:46.037 I/livelock( 1790): ro.llk.blacklist.uid=
06-18 07:19:46.060 I/ServiceManagement( 1678): Registered android.hardware.drm@1.2::IDrmFactory/widevine (start delay of 588ms)
06-18 07:19:46.060 I/ServiceManagement( 1678): Removing namespace from process name android.hardware.drm@1.2-service.widevine to drm@1.2-service.widevine.
06-18 07:19:46.060 I/ServiceManagement( 1678): Registered android.hardware.drm@1.2::ICryptoFactory/widevine (start delay of 589ms)
06-18 07:19:46.060 I/ServiceManagement( 1678): Removing namespace from process name android.hardware.drm@1.2-service.widevine to drm@1.2-service.widevine.
06-18 07:19:46.094 I/ServiceManager( 1756): Waiting for service 'package_native' on '/dev/binder'...
06-18 07:19:46.105 E/wifi_forwarder( 1792): RemoteConnection failed to initialize: RemoteConnection failed to open pipe
06-18 07:19:46.112 E/netmgr  ( 1787): Failed to open QEMU pipe 'qemud:network': Invalid argument
06-18 07:19:46.114 I/ServiceManagement( 1765): Registered android.hardware.radio@1.1::IRadio/slot1 (start delay of 332ms)
06-18 07:19:46.114 I/ServiceManagement( 1765): Registered android.hardware.radio.deprecated@1.0::IOemHook/slot1 (start delay of 332ms)
06-18 07:19:46.125 I/SurfaceFlinger( 1708): Using HWComposer service: 'default'
06-18 07:19:46.125 I/SurfaceFlinger( 1708): SurfaceFlinger is starting
06-18 07:19:46.131 I/hwservicemanager( 1565): getTransport: Cannot find entry android.hardware.configstore@1.1::ISurfaceFlingerConfigs/default in either framework or device manifest.
06-18 07:19:46.132 I/SurfaceFlinger( 1708): Treble testing override: 'false'
06-18 07:19:46.133 I/SurfaceFlinger( 1708): SurfaceFlinger's main thread ready to run. Initializing graphics H/W...
06-18 07:19:46.133 I/SurfaceFlinger( 1708): Phase offset NS: 1000000
06-18 07:19:46.133 W/SurfaceFlinger( 1708): Ignoring VSYNC request while display is disconnected
