06-18 07:19:49.836 I/chatty  ( 1921): uid=1000 system_server identical 3 lines
06-18 07:19:49.838 I/system_server( 1921): The ClassLoaderContext is a special shared library.
06-18 07:19:49.838 W/Zygote  ( 1664): Class not found for preloading: android.media.audiopolicy.AudioProductStrategies
06-18 07:19:49.839 W/Zygote  ( 1664): Class not found for preloading: android.media.audiopolicy.AudioVolumeGroups
06-18 07:19:49.842 I/system_server( 1921): The ClassLoaderContext is a special shared library.
06-18 07:19:49.973 I/chatty  ( 1921): uid=1000 system_server identical 29 lines
06-18 07:19:49.976 I/system_server( 1921): The ClassLoaderContext is a special shared library.
06-18 07:19:49.978 W/Zygote  ( 1664): Class not found for preloading: android.view.textclassifier.-$$Lambda$TextClassificationManager$JIaezIJbMig_-kVzN6oArzkTsJE
06-18 07:19:49.979 I/system_server( 1921): The ClassLoaderContext is a special shared library.
06-18 07:19:49.981 I/system_server( 1921): The ClassLoaderContext is a special shared library.
06-18 07:19:49.984 W/Zygote  ( 1664): Class not found for preloading: com.android.internal.net.NetworkStatsFactory
06-18 07:19:49.986 I/system_server( 1921): The ClassLoaderContext is a special shared library.
06-18 07:19:49.988 W/Zygote  ( 1664): Class not found for preloading: com.android.internal.telephony.-$$Lambda$PhoneSubInfoController$8HFbCDJDN1mrLJG980qYH5MGqMk
06-18 07:19:49.988 W/Zygote  ( 1664): Class not found for preloading: com.android.internal.telephony.-$$Lambda$PhoneSubInfoController$U28a_EGx2cvmQhDfRRgonMt5Zrc
06-18 07:19:49.988 W/Zygote  ( 1664): Class not found for preloading: com.android.internal.telephony.-$$Lambda$SubscriptionInfoUpdater$-zZXM9oMRZ3vZz7dJOG19J00Bmw
06-18 07:19:49.988 W/Zygote  ( 1664): Class not found for preloading: com.android.internal.telephony.-$$Lambda$SubscriptionInfoUpdater$D5yF1HbS4cvCyoAj3FESkPtA_0g
06-18 07:19:49.988 I/system_server( 1921): The ClassLoaderContext is a special shared library.
06-18 07:19:49.988 W/Zygote  ( 1664): Class not found for preloading: com.android.internal.telephony.-$$Lambda$SubscriptionInfoUpdater$MMx9iQX0JVqqMPLTUZhdBubFSzU
06-18 07:19:49.989 I/system_server( 1921): The ClassLoaderContext is a special shared library.
06-18 07:19:49.989 I/system_server( 1921): The ClassLoaderContext is a special shared library.
06-18 07:19:49.992 W/Zygote  ( 1664): Class not found for preloading: com.android.internal.telephony.PhoneConfigurationModels
06-18 07:19:49.993 W/Zygote  ( 1664): Class not found for preloading: com.android.internal.telephony.SubscriptionController$ScLocalLog
06-18 07:19:49.994 I/system_server( 1921): The ClassLoaderContext is a special shared library.
06-18 07:19:49.995 W/Zygote  ( 1664): Class not found for preloading: com.android.internal.telephony.UiccSmsController
06-18 07:19:49.998 I/system_server( 1921): The ClassLoaderContext is a special shared library.
06-18 07:19:49.999 I/chatty  ( 1921): uid=1000 system_server identical 1 line
06-18 07:19:50.010 I/system_server( 1921): The ClassLoaderContext is a special shared library.
06-18 07:19:50.017 I/Zygote  ( 1664): ...preloaded 7590 classes in 483ms.
06-18 07:19:50.017 I/zygote  ( 1664): VMRuntime.preloadDexCaches starting
06-18 07:19:50.020 I/system_server( 1921): The ClassLoaderContext is a special shared library.
06-18 07:19:50.025 I/system_server( 1921): The ClassLoaderContext is a special shared library.
06-18 07:19:50.029 I/zygote  ( 1664): VMRuntime.preloadDexCaches strings total=378948 before=9925 after=9925
06-18 07:19:50.029 I/zygote  ( 1664): VMRuntime.preloadDexCaches types total=35812 before=7199 after=7467
06-18 07:19:50.029 I/zygote  ( 1664): VMRuntime.preloadDexCaches fields total=160603 before=8020 after=8221
06-18 07:19:50.029 I/zygote  ( 1664): VMRuntime.preloadDexCaches methods total=281511 before=10884 after=11316
06-18 07:19:50.029 I/zygote  ( 1664): VMRuntime.preloadDexCaches finished
06-18 07:19:50.029 D/ZygoteInitTiming_lazy( 1664): PreloadClasses took to complete: 495ms
06-18 07:19:50.033 I/system_server( 1921): The ClassLoaderContext is a special shared library.
06-18 07:19:50.033 I/zygote  ( 1664): The ClassLoaderContext is a special shared library.
06-18 07:19:50.033 D/ApplicationLoaders( 1664): Created zygote-cached class loader: /system/framework/android.hidl.base-V1.0-java.jar
06-18 07:19:50.035 I/zygote  ( 1664): The ClassLoaderContext is a special shared library.
06-18 07:19:50.035 D/ApplicationLoaders( 1664): Created zygote-cached class loader: /system/framework/android.hidl.manager-V1.0-java.jar
06-18 07:19:50.035 D/ZygoteInitTiming_lazy( 1664): CacheNonBootClasspathClassLoaders took to complete: 6ms
06-18 07:19:50.036 I/system_server( 1921): The ClassLoaderContext is a special shared library.
06-18 07:19:50.075 I/chatty  ( 1921): uid=1000 system_server identical 8 lines
06-18 07:19:50.079 I/system_server( 1921): The ClassLoaderContext is a special shared library.
06-18 07:19:50.088 I/Zygote  ( 1664): Preloading resources...
06-18 07:19:50.090 I/system_server( 1921): The ClassLoaderContext is a special shared library.
06-18 07:19:50.096 W/Resources( 1664): Preloaded drawable resource #0x108027c (android:drawable/dialog_background_material) that varies with configuration!!
06-18 07:19:50.105 I/system_server( 1921): The ClassLoaderContext is a special shared library.
06-18 07:19:50.108 I/Zygote  ( 1664): ...preloaded 64 resources in 19ms.
06-18 07:19:50.114 I/system_server( 1921): The ClassLoaderContext is a special shared library.
06-18 07:19:50.120 I/system_server( 1921): The ClassLoaderContext is a special shared library.
06-18 07:19:50.121 I/Zygote  ( 1664): ...preloaded 41 resources in 13ms.
06-18 07:19:50.121 D/ZygoteInitTiming_lazy( 1664): PreloadResources took to complete: 85ms
06-18 07:19:50.123 I/system_server( 1921): The ClassLoaderContext is a special shared library.
06-18 07:19:50.194 I/chatty  ( 1921): uid=1000 system_server identical 15 lines
06-18 07:19:50.196 I/system_server( 1921): The ClassLoaderContext is a special shared library.
06-18 07:19:50.200 I/Zygote  ( 1664): Preloading shared libraries...
06-18 07:19:50.201 I/system_server( 1921): The ClassLoaderContext is a special shared library.
06-18 07:19:50.207 I/chatty  ( 1921): uid=1000 system_server identical 2 lines
06-18 07:19:50.209 I/system_server( 1921): The ClassLoaderContext is a special shared library.
06-18 07:19:50.210 I/Zygote  ( 1664): Called ZygoteHooks.endPreload()
06-18 07:19:50.210 I/Zygote  ( 1664): Installed AndroidKeyStoreProvider in 1ms.
06-18 07:19:50.213 I/system_server( 1921): The ClassLoaderContext is a special shared library.
06-18 07:19:50.216 I/chatty  ( 1921): uid=1000 system_server identical 1 line
06-18 07:19:50.218 I/system_server( 1921): The ClassLoaderContext is a special shared library.
06-18 07:19:50.219 I/Zygote  ( 1664): Warmed up JCA providers in 8ms.
06-18 07:19:50.219 D/Zygote  ( 1664): end preload
06-18 07:19:50.219 D/SystemServerTimingAsync( 1921): SecondaryZygotePreload took to complete: 754ms
06-18 07:19:50.219 D/SystemServerInitThreadPool( 1921): Finished executing SecondaryZygotePreload
06-18 07:19:50.221 I/system_server( 1921): The ClassLoaderContext is a special shared library.
06-18 07:19:50.222 I/Watchdog( 1921): Resuming HandlerChecker: main thread for reason: dexopt. Pause count: 0
06-18 07:19:50.222 D/SystemServerTiming( 1921): UpdatePackagesIfNeeded took to complete: 577ms
06-18 07:19:50.222 I/SystemServer( 1921): PerformFstrimIfNeeded
06-18 07:19:50.223 W/PackageManager( 1921): No disk maintenance in 1781767190223; running immediately
06-18 07:19:50.223 I/StorageManagerService( 1921): Running fstrim idle maintenance
06-18 07:19:50.223 I/hwservicemanager( 1565): getTransport: Cannot find entry android.hardware.boot@1.0::IBootControl/default in either framework or device manifest.
06-18 07:19:50.224 D/SystemServerTiming( 1921): PerformFstrimIfNeeded took to complete: 1ms
06-18 07:19:50.224 I/SystemServer( 1921): StartLockSettingsService
06-18 07:19:50.224 I/SystemServiceManager( 1921): Starting com.android.server.locksettings.LockSettingsService$Lifecycle
06-18 07:19:50.227 I/vold    ( 1574): Skip mounting partition: /product
06-18 07:19:50.227 I/vold    ( 1574): Skip mounting partition: /product_services
06-18 07:19:50.227 D/vold    ( 1574): Starting trim of /data
06-18 07:19:50.227 W/vold    ( 1574): Trim failed on /data: Operation not supported on transport endpoint
06-18 07:19:50.227 D/vold    ( 1574): Starting trim of none
06-18 07:19:50.227 W/vold    ( 1574): Failed to open none: No such file or directory
06-18 07:19:50.243 D/SystemServerTiming( 1921): StartLockSettingsService took to complete: 19ms
06-18 07:19:50.243 I/SystemServer( 1921): StartTestHarnessMode
06-18 07:19:50.243 I/SystemServiceManager( 1921): Starting com.android.server.testharness.TestHarnessModeService
06-18 07:19:50.243 D/SystemServerTiming( 1921): StartTestHarnessMode took to complete: 1ms
06-18 07:19:50.243 I/hwservicemanager( 1565): getTransport: Cannot find entry android.hardware.oemlock@1.0::IOemLock/default in either framework or device manifest.
06-18 07:19:50.243 I/OemLock ( 1921): OemLock HAL not present on device
06-18 07:19:50.243 I/SystemServer( 1921): StartDeviceIdleController
06-18 07:19:50.244 I/SystemServiceManager( 1921): Starting com.android.server.DeviceIdleController
06-18 07:19:50.248 D/SystemServerTiming( 1921): StartDeviceIdleController took to complete: 4ms
06-18 07:19:50.248 I/SystemServer( 1921): StartDevicePolicyManager
06-18 07:19:50.248 I/SystemServiceManager( 1921): Starting com.android.server.devicepolicy.DevicePolicyManagerService$Lifecycle
06-18 07:19:50.251 D/SystemServerTiming( 1921): StartDevicePolicyManager took to complete: 3ms
06-18 07:19:50.251 I/SystemServer( 1921): StartStatusBarManagerService
06-18 07:19:50.251 D/SystemServerTiming( 1921): StartStatusBarManagerService took to complete: 0ms
06-18 07:19:50.251 D/SystemServer( 1921): ContentCaptureService disabled because resource is not overlaid
06-18 07:19:50.251 D/SystemServer( 1921): AttentionService is not configured on this device
06-18 07:19:50.251 I/SystemServer( 1921): StartSystemCaptionsManagerService
06-18 07:19:50.251 I/SystemServiceManager( 1921): Starting com.android.server.systemcaptions.SystemCaptionsManagerService
06-18 07:19:50.252 D/SystemServerTiming( 1921): StartSystemCaptionsManagerService took to complete: 1ms
06-18 07:19:50.252 I/SystemServer( 1921): StartAppPredictionService
06-18 07:19:50.253 I/SystemServiceManager( 1921): Starting com.android.server.appprediction.AppPredictionManagerService
06-18 07:19:50.253 D/SystemServerTiming( 1921): StartAppPredictionService took to complete: 0ms
06-18 07:19:50.253 I/SystemServer( 1921): StartContentSuggestionsService
06-18 07:19:50.254 I/SystemServiceManager( 1921): Starting com.android.server.contentsuggestions.ContentSuggestionsManagerService
06-18 07:19:50.254 D/SystemServerTiming( 1921): StartContentSuggestionsService took to complete: 1ms
06-18 07:19:50.254 I/SystemServer( 1921): InitNetworkStackClient
06-18 07:19:50.254 D/SystemServerTiming( 1921): InitNetworkStackClient took to complete: 1ms
06-18 07:19:50.254 I/SystemServer( 1921): StartNetworkManagementService
06-18 07:19:50.257 I/netd    ( 1662): registerUnsolicitedEventListener() <0.03ms>
06-18 07:19:50.257 D/SystemServerTiming( 1921): StartNetworkManagementService took to complete: 2ms
06-18 07:19:50.257 I/SystemServer( 1921): StartIpSecService
06-18 07:19:50.257 D/SystemServerTiming( 1921): StartIpSecService took to complete: 1ms
06-18 07:19:50.257 I/SystemServer( 1921): StartTextServicesManager
06-18 07:19:50.257 I/SystemServiceManager( 1921): Starting com.android.server.textservices.TextServicesManagerService$Lifecycle
06-18 07:19:50.258 D/SystemServerTiming( 1921): StartTextServicesManager took to complete: 0ms
06-18 07:19:50.258 I/SystemServer( 1921): StartTextClassificationManagerService
06-18 07:19:50.258 I/SystemServiceManager( 1921): Starting com.android.server.textclassifier.TextClassificationManagerService$Lifecycle
06-18 07:19:50.258 D/SystemServerTiming( 1921): StartTextClassificationManagerService took to complete: 1ms
06-18 07:19:50.258 I/SystemServer( 1921): StartNetworkScoreService
06-18 07:19:50.258 I/SystemServiceManager( 1921): Starting com.android.server.NetworkScoreService$Lifecycle
06-18 07:19:50.259 I/NetworkScoreService( 1921): Registering network_score
06-18 07:19:50.259 D/SystemServerTiming( 1921): StartNetworkScoreService took to complete: 0ms
06-18 07:19:50.259 I/SystemServer( 1921): StartNetworkStatsService
06-18 07:19:50.261 D/SystemServerTiming( 1921): StartNetworkStatsService took to complete: 2ms
06-18 07:19:50.261 I/SystemServer( 1921): StartNetworkPolicyManagerService
06-18 07:19:50.264 D/SystemServerTiming( 1921): StartNetworkPolicyManagerService took to complete: 3ms
06-18 07:19:50.264 I/SystemServer( 1921): StartWifi
06-18 07:19:50.274 I/SystemServiceManager( 1921): Starting com.android.server.wifi.WifiService
06-18 07:19:50.328 E/HostapdHal( 1921): Malformed channel value detected: java.lang.NumberFormatException: For input string: ""
06-18 07:19:50.338 D/WifiCountryCode( 1921): mDefaultCountryCode null mRevertCountryCodeOnCellularLoss false
06-18 07:19:50.338 D/WifiApConfigStore( 1921): 2G band allowed channels are:1,6,11
06-18 07:19:50.338 E/WifiApConfigStore( 1921): Error reading hotspot configuration java.io.FileNotFoundException: /data/misc/wifi/softap.conf: open failed: ENOENT (No such file or directory)
06-18 07:19:50.338 D/WifiApConfigStore( 1921): Fallback to use default AP configuration
06-18 07:19:50.340 I/WifiScoringParams( 1921): rssi2=-83:-80:-73:-60,rssi5=-80:-77:-70:-57,pps=0:1:100,horizon=15,nud=8,expid=0
06-18 07:19:50.362 D/WifiOpenNetworkNotifier( 1921): Settings toggle enabled=true
06-18 07:19:50.362 D/WifiCarrierNetworkNotifier( 1921): Settings toggle enabled=true
06-18 07:19:50.363 D/WifiActiveModeWarden( 1921): Starting Wifi in WifiDisabledState
06-18 07:19:50.363 D/WifiActiveModeWarden( 1921): Entering WifiDisabledState
06-18 07:19:50.364 D/WakeupController( 1921): WifiWake enabled
06-18 07:19:50.365 E/WifiClientModeImpl( 1921): getWifiLinkLayerStats called without an interface
06-18 07:19:50.366 E/SupplicantStaIfaceHal( 1921): Can't call setDebugParams, ISupplicant is null
06-18 07:19:50.366 W/WifiDiags( 1921): no ring buffers found
06-18 07:19:50.366 W/WifiDiags( 1921): Failed to start packet fate monitoring
06-18 07:19:50.366 I/WifiService( 1921): Registering wifi
06-18 07:19:50.367 D/SystemServerTiming( 1921): StartWifi took to complete: 103ms
06-18 07:19:50.367 I/SystemServer( 1921): StartWifiScanning
06-18 07:19:50.367 I/SystemServiceManager( 1921): Starting com.android.server.wifi.scanner.WifiScanningService
06-18 07:19:50.367 I/WifiScanningService( 1921): Creating wifiscanner
06-18 07:19:50.369 I/WifiScanningService( 1921): Publishing wifiscanner
06-18 07:19:50.369 D/SystemServerTiming( 1921): StartWifiScanning took to complete: 3ms
06-18 07:19:50.369 I/SystemServer( 1921): StartWifiP2P
06-18 07:19:50.370 I/SystemServiceManager( 1921): Starting com.android.server.wifi.p2p.WifiP2pService
06-18 07:19:50.373 W/HalDevMgr( 1921): isWifiStarted called but mWifi is null!?
06-18 07:19:50.374 I/WifiP2pService( 1921): Registering wifip2p
06-18 07:19:50.374 D/SystemServerTiming( 1921): StartWifiP2P took to complete: 4ms
06-18 07:19:50.374 I/SystemServer( 1921): StartConnectivityService
06-18 07:19:50.376 D/ConnectivityService( 1921): ConnectivityService starting up
06-18 07:19:50.378 D/ConnectivityService( 1921): wifiOnly=false
06-18 07:19:50.382 D/SystemServerTiming( 1921): StartConnectivityService took to complete: 9ms
06-18 07:19:50.382 I/SystemServer( 1921): StartNsdService
06-18 07:19:50.383 D/NsdService( 1921): Network service discovery is enabled
06-18 07:19:50.384 D/SystemServerTiming( 1921): StartNsdService took to complete: 1ms
06-18 07:19:50.384 I/SystemServer( 1921): StartSystemUpdateManagerService
06-18 07:19:50.384 I/SystemUpdateManagerService( 1921): No existing info file /data/system/system-update-info.xml
06-18 07:19:50.384 D/SystemServerTiming( 1921): StartSystemUpdateManagerService took to complete: 1ms
06-18 07:19:50.384 I/SystemServer( 1921): StartUpdateLockService
06-18 07:19:50.384 D/SystemServerTiming( 1921): StartUpdateLockService took to complete: 0ms
06-18 07:19:50.384 I/SystemServer( 1921): StartNotificationManager
06-18 07:19:50.384 I/SystemServiceManager( 1921): Starting com.android.server.notification.NotificationManagerService
06-18 07:19:50.391 D/ConditionProviders.SCP( 1921): new ScheduleConditionProvider()
06-18 07:19:50.393 I/ConditionProviders( 1921):  Allowing condition provider com.google.android.apps.nexuslauncher/com.android.launcher3.notification.NotificationListener
06-18 07:19:50.394 I/NotificationListeners( 1921):  Allowing notification listener com.google.android.apps.nexuslauncher/com.android.launcher3.notification.NotificationListener
06-18 07:19:50.394 V/NotificationListeners( 1921): enabling notification listener for 0: ComponentInfo{com.google.android.apps.nexuslauncher/com.android.launcher3.notification.NotificationListener}
06-18 07:19:50.394 V/NotificationListeners( 1921): binding: Intent { act=android.service.notification.NotificationListenerService cmp=com.google.android.apps.nexuslauncher/com.android.launcher3.notification.NotificationListener (has extras) }
06-18 07:19:50.394 W/ActivityManager( 1921): Unable to start service Intent { act=android.service.notification.NotificationListenerService cmp=com.google.android.apps.nexuslauncher/com.android.launcher3.notification.NotificationListener } U=0: not found
06-18 07:19:50.394 W/NotificationListeners( 1921): Unable to bind notification listener service: Intent { act=android.service.notification.NotificationListenerService cmp=com.google.android.apps.nexuslauncher/com.android.launcher3.notification.NotificationListener (has extras) } in user 0
06-18 07:19:50.397 I/ConditionProviders( 1921):  Allowing condition provider com.google.android.apps.restore/com.google.android.apps.pixelmigrate.component.NotificationConsolidatorService
06-18 07:19:50.397 I/NotificationListeners( 1921):  Allowing notification listener com.google.android.apps.restore/com.google.android.apps.pixelmigrate.component.NotificationConsolidatorService
06-18 07:19:50.397 V/NotificationListeners( 1921): enabling notification listener for 0: ComponentInfo{com.google.android.apps.restore/com.google.android.apps.pixelmigrate.component.NotificationConsolidatorService}
06-18 07:19:50.397 V/NotificationListeners( 1921): binding: Intent { act=android.service.notification.NotificationListenerService cmp=com.google.android.apps.restore/com.google.android.apps.pixelmigrate.component.NotificationConsolidatorService (has extras) }
06-18 07:19:50.397 W/ActivityManager( 1921): Unable to start service Intent { act=android.service.notification.NotificationListenerService cmp=com.google.android.apps.restore/com.google.android.apps.pixelmigrate.component.NotificationConsolidatorService } U=0: not found
06-18 07:19:50.397 W/NotificationListeners( 1921): Unable to bind notification listener service: Intent { act=android.service.notification.NotificationListenerService cmp=com.google.android.apps.restore/com.google.android.apps.pixelmigrate.component.NotificationConsolidatorService (has extras) } in user 0
06-18 07:19:50.397 V/NotificationListeners( 1921): enabling notification listener for 0: ComponentInfo{com.google.android.apps.nexuslauncher/com.android.launcher3.notification.NotificationListener}
06-18 07:19:50.397 V/NotificationListeners( 1921): binding: Intent { act=android.service.notification.NotificationListenerService cmp=com.google.android.apps.nexuslauncher/com.android.launcher3.notification.NotificationListener (has extras) }
06-18 07:19:50.397 W/ActivityManager( 1921): Unable to start service Intent { act=android.service.notification.NotificationListenerService cmp=com.google.android.apps.nexuslauncher/com.android.launcher3.notification.NotificationListener } U=0: not found
06-18 07:19:50.397 W/NotificationListeners( 1921): Unable to bind notification listener service: Intent { act=android.service.notification.NotificationListenerService cmp=com.google.android.apps.nexuslauncher/com.android.launcher3.notification.NotificationListener (has extras) } in user 0
06-18 07:19:50.397 I/ConditionProviders( 1921):  Allowing condition provider com.google.android.GoogleCamera
06-18 07:19:50.397 I/ConditionProviders( 1921):  Allowing condition provider com.google.android.gms
06-18 07:19:50.398 I/ConditionProviders( 1921):  Allowing condition provider com.google.intelligence.sense
06-18 07:19:50.398 I/ConditionProviders( 1921):  Allowing condition provider com.google.android.settings.intelligence
06-18 07:19:50.398 I/ConditionProviders( 1921):  Allowing condition provider com.google.android.apps.wellbeing
06-18 07:19:50.398 I/ConditionProviders( 1921):  Allowing condition provider com.google.android.apps.safetyhub
06-18 07:19:50.398 I/ConditionProviders( 1921):  Allowing condition provider com.google.android.ext.services/android.ext.services.notification.Assistant
06-18 07:19:50.398 I/NotificationAssistants( 1921):  Allowing notification assistant com.google.android.ext.services/android.ext.services.notification.Assistant
06-18 07:19:50.398 V/NotificationAssistants( 1921): enabling notification assistant for 0: ComponentInfo{com.google.android.ext.services/android.ext.services.notification.Assistant}
06-18 07:19:50.398 V/NotificationAssistants( 1921): binding: Intent { act=android.service.notification.NotificationAssistantService cmp=com.google.android.ext.services/android.ext.services.notification.Assistant (has extras) }
06-18 07:19:50.398 D/NotificationService( 1921): Set default NAS to be com.google.android.ext.services/android.ext.services.notification.Assistant in 0
06-18 07:19:50.406 D/SystemServerTiming( 1921): StartNotificationManager took to complete: 22ms
06-18 07:19:50.406 I/SystemServer( 1921): StartDeviceMonitor
06-18 07:19:50.407 I/SystemServiceManager( 1921): Starting com.android.server.storage.DeviceStorageMonitorService
06-18 07:19:50.412 D/SystemServerTiming( 1921): StartDeviceMonitor took to complete: 6ms
06-18 07:19:50.412 I/SystemServer( 1921): StartLocationManagerService
06-18 07:19:50.413 D/SystemServerTiming( 1921): StartLocationManagerService took to complete: 1ms
06-18 07:19:50.413 I/SystemServer( 1921): StartCountryDetectorService
06-18 07:19:50.414 D/SystemServerTiming( 1921): StartCountryDetectorService took to complete: 0ms
06-18 07:19:50.414 I/SystemServer( 1921): StartTimeDetectorService
06-18 07:19:50.414 I/SystemServiceManager( 1921): Starting com.android.server.timedetector.TimeDetectorService$Lifecycle
06-18 07:19:50.414 D/SystemServerTiming( 1921): StartTimeDetectorService took to complete: 0ms
06-18 07:19:50.414 I/SystemServer( 1921): StartSearchManagerService
06-18 07:19:50.414 I/SystemServiceManager( 1921): Starting com.android.server.search.SearchManagerService$Lifecycle
06-18 07:19:50.414 D/SystemServerTiming( 1921): StartSearchManagerService took to complete: 0ms
06-18 07:19:50.414 I/SystemServer( 1921): StartWallpaperManagerService
06-18 07:19:50.415 I/SystemServiceManager( 1921): Starting com.android.server.wallpaper.WallpaperManagerService$Lifecycle
06-18 07:19:50.415 D/SystemServerTiming( 1921): StartWallpaperManagerService took to complete: 1ms
06-18 07:19:50.415 I/SystemServer( 1921): StartAudioService
06-18 07:19:50.416 I/SystemServiceManager( 1921): Starting com.android.server.audio.AudioService$Lifecycle
06-18 07:19:50.427 W/TelecomManager( 1921): Telecom Service not found.
06-18 07:19:50.427 D/PermissionCache( 1704): checking android.permission.MODIFY_AUDIO_ROUTING for uid=1000 => granted (235 us)
06-18 07:19:50.428 D/PermissionCache( 1704): checking android.permission.MODIFY_AUDIO_SETTINGS for uid=1000 => granted (42 us)
06-18 07:19:50.429 W/AudioFlinger( 1704): no wake lock to update, system not ready yet
06-18 07:19:50.430 W/DeviceHAL( 1671): Error from HAL Device in function set_mic_mute: Function not implemented
06-18 07:19:50.430 E/AudioSystem-JNI( 1921): Command failed for android_media_AudioSystem_muteMicrophone: -38
06-18 07:19:50.444 D/AudioFlinger( 1704): isLowRamDevice:false totalMemory:2089566208 mClientSharedHeapSize:4194304
06-18 07:19:50.445 D/SystemServerTiming( 1921): StartAudioService took to complete: 29ms
06-18 07:19:50.445 I/SystemServer( 1921): StartDockObserver
06-18 07:19:50.445 I/SystemServiceManager( 1921): Starting com.android.server.DockObserver
06-18 07:19:50.445 W/DockObserver( 1921): This kernel does not have dock station support
06-18 07:19:50.445 D/SystemServerTiming( 1921): StartDockObserver took to complete: 1ms
06-18 07:19:50.445 I/SystemServer( 1921): StartWiredAccessoryManager
06-18 07:19:50.446 W/WiredAccessoryManager( 1921): This kernel does not have usb audio support
06-18 07:19:50.446 W/WiredAccessoryManager( 1921): This kernel does not have HDMI audio support
06-18 07:19:50.446 D/SystemServerTiming( 1921): StartWiredAccessoryManager took to complete: 0ms
06-18 07:19:50.446 I/SystemServer( 1921): StartMidiManager
06-18 07:19:50.446 I/SystemServiceManager( 1921): Starting com.android.server.midi.MidiService$Lifecycle
06-18 07:19:50.446 D/SystemServerTiming( 1921): StartMidiManager took to complete: 1ms
06-18 07:19:50.446 I/SystemServer( 1921): StartAdbService
06-18 07:19:50.446 I/SystemServiceManager( 1921): Starting com.android.server.adb.AdbService$Lifecycle
06-18 07:19:50.447 D/SystemServerTiming( 1921): StartAdbService took to complete: 0ms
06-18 07:19:50.447 I/SystemServer( 1921): StartUsbService
06-18 07:19:50.447 I/SystemServiceManager( 1921): Starting com.android.server.usb.UsbService$Lifecycle
06-18 07:19:50.448 E/UsbDeviceManager( 1921): failed to write to /sys/class/android_usb/android0/f_rndis/ethaddr
06-18 07:19:50.448 I/hwservicemanager( 1565): getTransport: Cannot find entry android.hardware.usb.gadget@1.0::IUsbGadget/default in either framework or device manifest.
06-18 07:19:50.449 I/UsbDeviceManager( 1921): USB GADGET HAL not present in the device
06-18 07:19:50.449 I/UsbDeviceManager( 1921): java.util.NoSuchElementException
06-18 07:19:50.449 I/UsbDeviceManager( 1921): 	at android.os.HwBinder.getService(Native Method)
06-18 07:19:50.449 I/UsbDeviceManager( 1921): 	at android.hardware.usb.gadget.V1_0.IUsbGadget.getService(IUsbGadget.java:55)
06-18 07:19:50.449 I/UsbDeviceManager( 1921): 	at android.hardware.usb.gadget.V1_0.IUsbGadget.getService(IUsbGadget.java:62)
06-18 07:19:50.449 I/UsbDeviceManager( 1921): 	at com.android.server.usb.UsbDeviceManager.<init>(UsbDeviceManager.java:262)
06-18 07:19:50.449 I/UsbDeviceManager( 1921): 	at com.android.server.usb.UsbService.<init>(UsbService.java:150)
06-18 07:19:50.449 I/UsbDeviceManager( 1921): 	at com.android.server.usb.UsbService$Lifecycle.onStart(UsbService.java:84)
06-18 07:19:50.449 I/UsbDeviceManager( 1921): 	at com.android.server.SystemServiceManager.startService(SystemServiceManager.java:129)
06-18 07:19:50.449 I/UsbDeviceManager( 1921): 	at com.android.server.SystemServiceManager.startService(SystemServiceManager.java:116)
06-18 07:19:50.449 I/UsbDeviceManager( 1921): 	at com.android.server.SystemServiceManager.startService(SystemServiceManager.java:75)
06-18 07:19:50.449 I/UsbDeviceManager( 1921): 	at com.android.server.SystemServer.startOtherServices(SystemServer.java:1532)
06-18 07:19:50.449 I/UsbDeviceManager( 1921): 	at com.android.server.SystemServer.run(SystemServer.java:512)
06-18 07:19:50.449 I/UsbDeviceManager( 1921): 	at com.android.server.SystemServer.main(SystemServer.java:349)
06-18 07:19:50.449 I/UsbDeviceManager( 1921): 	at java.lang.reflect.Method.invoke(Native Method)
06-18 07:19:50.449 I/UsbDeviceManager( 1921): 	at com.android.internal.os.RuntimeInit$MethodAndArgsCaller.run(RuntimeInit.java:492)
06-18 07:19:50.449 I/UsbDeviceManager( 1921): 	at com.android.internal.os.ZygoteInit.main(ZygoteInit.java:908)
06-18 07:19:50.449 E/UsbDeviceManagerJNI( 1921): could not open control for mtp No such file or directory
06-18 07:19:50.449 E/UsbDeviceManager( 1921): Failed to open control for mtp
06-18 07:19:50.449 E/UsbDeviceManagerJNI( 1921): could not open control for ptp No such file or directory
06-18 07:19:50.449 E/UsbDeviceManager( 1921): Failed to open control for ptp
06-18 07:19:50.452 W/StorageManagerService( 1921): No primary storage defined yet; hacking together a stub
06-18 07:19:50.453 E/UsbDeviceManagerJNI( 1921): could not open /dev/usb_accessory
06-18 07:19:50.453 I/android_os_HwBinder( 1921): HwBinder: Starting thread pool for getting: android.hidl.manager@1.0::IServiceManager/default
06-18 07:19:50.454 I/hwservicemanager( 1565): getTransport: Cannot find entry android.hardware.usb@1.0::IUsb/default in either framework or device manifest.
06-18 07:19:50.454 E/UsbPortManager( 1921): connectToProxy: usb hal service not found. Did the service fail to start?
06-18 07:19:50.454 E/UsbPortManager( 1921): java.util.NoSuchElementException
06-18 07:19:50.454 E/UsbPortManager( 1921): 	at android.os.HwBinder.getService(Native Method)
06-18 07:19:50.454 E/UsbPortManager( 1921): 	at android.os.HwBinder.getService(HwBinder.java:83)
06-18 07:19:50.454 E/UsbPortManager( 1921): 	at android.hardware.usb.V1_0.IUsb.getService(IUsb.java:70)
06-18 07:19:50.454 E/UsbPortManager( 1921): 	at android.hardware.usb.V1_0.IUsb.getService(IUsb.java:77)
06-18 07:19:50.454 E/UsbPortManager( 1921): 	at com.android.server.usb.UsbPortManager.connectToProxy(UsbPortManager.java:780)
06-18 07:19:50.454 E/UsbPortManager( 1921): 	at com.android.server.usb.UsbPortManager.<init>(UsbPortManager.java:175)
06-18 07:19:50.454 E/UsbPortManager( 1921): 	at com.android.server.usb.UsbService.<init>(UsbService.java:153)
06-18 07:19:50.454 E/UsbPortManager( 1921): 	at com.android.server.usb.UsbService$Lifecycle.onStart(UsbService.java:84)
06-18 07:19:50.454 E/UsbPortManager( 1921): 	at com.android.server.SystemServiceManager.startService(SystemServiceManager.java:129)
06-18 07:19:50.454 E/UsbPortManager( 1921): 	at com.android.server.SystemServiceManager.startService(SystemServiceManager.java:116)
06-18 07:19:50.454 E/UsbPortManager( 1921): 	at com.android.server.SystemServiceManager.startService(SystemServiceManager.java:75)
06-18 07:19:50.454 E/UsbPortManager( 1921): 	at com.android.server.SystemServer.startOtherServices(SystemServer.java:1532)
06-18 07:19:50.454 E/UsbPortManager( 1921): 	at com.android.server.SystemServer.run(SystemServer.java:512)
06-18 07:19:50.454 E/UsbPortManager( 1921): 	at com.android.server.SystemServer.main(SystemServer.java:349)
06-18 07:19:50.454 E/UsbPortManager( 1921): 	at java.lang.reflect.Method.invoke(Native Method)
06-18 07:19:50.454 E/UsbPortManager( 1921): 	at com.android.internal.os.RuntimeInit$MethodAndArgsCaller.run(RuntimeInit.java:492)
06-18 07:19:50.454 E/UsbPortManager( 1921): 	at com.android.internal.os.ZygoteInit.main(ZygoteInit.java:908)
06-18 07:19:50.455 D/SystemServerTiming( 1921): StartUsbService took to complete: 8ms
06-18 07:19:50.455 I/SystemServer( 1921): StartSerialService
06-18 07:19:50.455 D/SystemServerTiming( 1921): StartSerialService took to complete: 0ms
06-18 07:19:50.455 I/SystemServer( 1921): StartHardwarePropertiesManagerService
06-18 07:19:50.455 I/hwservicemanager( 1565): getTransport: Cannot find entry android.hardware.thermal@1.0::IThermal/default in either framework or device manifest.
06-18 07:19:50.455 E/HardwarePropertiesManagerService-JNI( 1921): Unable to get Thermal service.
06-18 07:19:50.455 D/SystemServerTiming( 1921): StartHardwarePropertiesManagerService took to complete: 0ms
06-18 07:19:50.455 I/SystemServer( 1921): StartTwilightService
06-18 07:19:50.455 I/SystemServiceManager( 1921): Starting com.android.server.twilight.TwilightService
06-18 07:19:50.456 D/SystemServerTiming( 1921): StartTwilightService took to complete: 0ms
06-18 07:19:50.456 I/SystemServer( 1921): StartColorDisplay
06-18 07:19:50.456 I/SystemServiceManager( 1921): Starting com.android.server.display.color.ColorDisplayService
06-18 07:19:50.456 D/SystemServerTiming( 1921): StartColorDisplay took to complete: 0ms
06-18 07:19:50.456 I/SystemServer( 1921): StartJobScheduler
06-18 07:19:50.456 I/SystemServiceManager( 1921): Starting com.android.server.job.JobSchedulerService
06-18 07:19:50.458 I/JobStore( 1921): Read 0 jobs
06-18 07:19:50.461 D/SystemServerTiming( 1921): StartJobScheduler took to complete: 5ms
06-18 07:19:50.461 I/SystemServer( 1921): StartSoundTrigger
06-18 07:19:50.461 I/SystemServiceManager( 1921): Starting com.android.server.soundtrigger.SoundTriggerService
06-18 07:19:50.461 D/SystemServerTiming( 1921): StartSoundTrigger took to complete: 0ms
06-18 07:19:50.461 I/SystemServer( 1921): StartTrustManager
06-18 07:19:50.461 I/SystemServiceManager( 1921): Starting com.android.server.trust.TrustManagerService
06-18 07:19:50.461 D/SystemServerTiming( 1921): StartTrustManager took to complete: 1ms
06-18 07:19:50.461 I/SystemServer( 1921): StartBackupManager
06-18 07:19:50.462 I/SystemServiceManager( 1921): Starting com.android.server.backup.BackupManagerService$Lifecycle
06-18 07:19:50.463 D/SystemServerTiming( 1921): StartBackupManager took to complete: 2ms
06-18 07:19:50.463 I/SystemServer( 1921): StartAppWidgetService
06-18 07:19:50.463 I/SystemServiceManager( 1921): Starting com.android.server.appwidget.AppWidgetService
06-18 07:19:50.465 D/SystemServerTiming( 1921): StartAppWidgetService took to complete: 1ms
06-18 07:19:50.465 I/SystemServer( 1921): StartRoleManagerService
06-18 07:19:50.466 D/SystemServerTiming( 1921): StartRoleManagerService took to complete: 1ms
06-18 07:19:50.466 I/SystemServer( 1921): StartVoiceRecognitionManager
06-18 07:19:50.466 I/SystemServiceManager( 1921): Starting com.android.server.voiceinteraction.VoiceInteractionManagerService
06-18 07:19:50.466 I/RoleUserState( 1921): roles.xml not found
06-18 07:19:50.467 W/VoiceInteractionManagerService( 1921): Unable to resolve default voice recognition service.
06-18 07:19:50.467 D/SystemServerTiming( 1921): StartVoiceRecognitionManager took to complete: 1ms
06-18 07:19:50.467 I/SystemServer( 1921): StartGestureLauncher
06-18 07:19:50.467 I/SystemServiceManager( 1921): Starting com.android.server.GestureLauncherService
06-18 07:19:50.467 D/SystemServerTiming( 1921): StartGestureLauncher took to complete: 0ms
06-18 07:19:50.467 I/SystemServer( 1921): StartSensorNotification
06-18 07:19:50.467 I/SystemServiceManager( 1921): Starting com.android.server.SensorNotificationService
06-18 07:19:50.467 D/SystemServerTiming( 1921): StartSensorNotification took to complete: 1ms
06-18 07:19:50.467 I/SystemServer( 1921): StartContextHubSystemService
06-18 07:19:50.467 I/SystemServiceManager( 1921): Starting com.android.server.ContextHubSystemService
06-18 07:19:50.467 D/SystemServerInitThreadPool( 1921): Started executing Init ContextHubSystemService
06-18 07:19:50.467 I/hwservicemanager( 1565): getTransport: Cannot find entry android.hardware.contexthub@1.0::IContexthub/default in either framework or device manifest.
06-18 07:19:50.468 I/ContextHubService( 1921): Context Hub HAL service not found
06-18 07:19:50.468 D/SystemServerInitThreadPool( 1921): Finished executing Init ContextHubSystemService
06-18 07:19:50.468 D/SystemServerTiming( 1921): StartContextHubSystemService took to complete: 0ms
06-18 07:19:50.468 I/SystemServer( 1921): StartDiskStatsService
06-18 07:19:50.469 D/SystemServerTiming( 1921): StartDiskStatsService took to complete: 1ms
06-18 07:19:50.469 I/SystemServer( 1921): RuntimeService
06-18 07:19:50.469 D/SystemServerTiming( 1921): RuntimeService took to complete: 1ms
06-18 07:19:50.469 I/SystemServer( 1921): StartNetworkTimeUpdateService
06-18 07:19:50.469 D/SystemServer( 1921): Using networkTimeUpdater class=class com.android.server.NewNetworkTimeUpdateService
06-18 07:19:50.469 D/SystemServerTiming( 1921): StartNetworkTimeUpdateService took to complete: 0ms
06-18 07:19:50.469 I/SystemServer( 1921): CertBlacklister
06-18 07:19:50.470 D/SystemServerTiming( 1921): CertBlacklister took to complete: 0ms
06-18 07:19:50.470 I/SystemServer( 1921): StartEmergencyAffordanceService
06-18 07:19:50.470 I/SystemServiceManager( 1921): Starting com.android.server.emergency.EmergencyAffordanceService
06-18 07:19:50.470 D/SystemServerTiming( 1921): StartEmergencyAffordanceService took to complete: 0ms
06-18 07:19:50.470 I/SystemServer( 1921): StartDreamManager
06-18 07:19:50.470 I/SystemServiceManager( 1921): Starting com.android.server.dreams.DreamManagerService
06-18 07:19:50.470 D/SystemServerTiming( 1921): StartDreamManager took to complete: 1ms
06-18 07:19:50.470 I/SystemServer( 1921): AddGraphicsStatsService
06-18 07:19:50.471 D/SystemServerTiming( 1921): AddGraphicsStatsService took to complete: 1ms
06-18 07:19:50.472 I/SystemServer( 1921): StartPrintManager
06-18 07:19:50.472 I/SystemServiceManager( 1921): Starting com.android.server.print.PrintManagerService
06-18 07:19:50.472 D/SystemServerTiming( 1921): StartPrintManager took to complete: 0ms
06-18 07:19:50.472 I/SystemServer( 1921): StartRestrictionManager
06-18 07:19:50.472 I/SystemServiceManager( 1921): Starting com.android.server.restrictions.RestrictionsManagerService
06-18 07:19:50.472 D/SystemServerTiming( 1921): StartRestrictionManager took to complete: 1ms
06-18 07:19:50.472 I/SystemServer( 1921): StartMediaSessionService
06-18 07:19:50.472 I/SystemServiceManager( 1921): Starting com.android.server.media.MediaSessionService
06-18 07:19:50.477 D/SystemServerTiming( 1921): StartMediaSessionService took to complete: 5ms
06-18 07:19:50.477 I/SystemServer( 1921): StartMediaResourceMonitor
06-18 07:19:50.477 I/SystemServiceManager( 1921): Starting com.android.server.media.MediaResourceMonitorService
06-18 07:19:50.478 D/SystemServerTiming( 1921): StartMediaResourceMonitor took to complete: 0ms
06-18 07:19:50.478 I/SystemServer( 1921): StartMediaRouterService
06-18 07:19:50.478 D/SystemServerTiming( 1921): StartMediaRouterService took to complete: 0ms
06-18 07:19:50.478 I/SystemServer( 1921): StartFingerprintSensor
06-18 07:19:50.478 I/SystemServiceManager( 1921): Starting com.android.server.biometrics.fingerprint.FingerprintService
06-18 07:19:50.479 D/SystemServerInitThreadPool( 1921): Started executing FingerprintService.onStart
06-18 07:19:50.479 V/FingerprintService( 1921): mDaemon was null, reconnect to fingerprint
06-18 07:19:50.480 D/SystemServerTiming( 1921): StartFingerprintSensor took to complete: 2ms
06-18 07:19:50.480 I/SystemServer( 1921): StartBiometricService
06-18 07:19:50.480 I/SystemServiceManager( 1921): Starting com.android.server.biometrics.BiometricService
06-18 07:19:50.480 I/android_os_HwBinder( 1921): HwBinder: Starting thread pool for getting: android.hardware.biometrics.fingerprint@2.1::IBiometricsFingerprint/default
06-18 07:19:50.480 V/FingerprintService( 1921): Fingerprint HAL id: 132215726006272
06-18 07:19:50.480 D/FingerprintHal( 1776): ----------------> fingerprint_set_active_group -----------------> path /data/vendor_de/0/fpdata
06-18 07:19:50.480 D/FingerprintHal( 1776): ----------------> loadFingerprints ----------------->
06-18 07:19:50.480 E/FingerprintHal( 1776): Could not load fingerprints from storage at /data/vendor_de/0/fpdata/emufp.bin; it has not yet been created.
06-18 07:19:50.480 D/FingerprintHal( 1776): ----------------> loadAuthenticatorId ----------------->
06-18 07:19:50.480 E/FingerprintHal( 1776): Could not load authenticator id from storage at /data/vendor_de/0/fpdata/emuauthid.bin; it has not yet been created.
06-18 07:19:50.480 D/FingerprintHal( 1776): ----------------> get_64bit_rand ----------------->
06-18 07:19:50.480 D/FingerprintHal( 1776): ----------------> saveAuthenticatorId ----------------->
06-18 07:19:50.481 D/FingerprintHal( 1776): Save authenticator id (0x6b8b4567327b23c6)
06-18 07:19:50.481 D/SystemServerTiming( 1921): StartBiometricService took to complete: 1ms
06-18 07:19:50.481 I/SystemServer( 1921): StartBackgroundDexOptService
06-18 07:19:50.481 W/BackgroundDexOptService( 1921): SysProp pm.dexopt.downgrade_after_inactive_days not set
06-18 07:19:50.481 V/FingerprintService( 1921): Enumerating user(0)
06-18 07:19:50.481 D/SystemServerInitThreadPool( 1921): Finished executing FingerprintService.onStart
06-18 07:19:50.481 D/SystemServerTiming( 1921): StartBackgroundDexOptService took to complete: 1ms
06-18 07:19:50.481 I/SystemServer( 1921): StartDynamicCodeLoggingService
06-18 07:19:50.482 D/SystemServerTiming( 1921): StartDynamicCodeLoggingService took to complete: 0ms
06-18 07:19:50.482 I/SystemServer( 1921): StartPruneInstantAppsJobService
06-18 07:19:50.482 D/SystemServerTiming( 1921): StartPruneInstantAppsJobService took to complete: 0ms
06-18 07:19:50.482 I/SystemServer( 1921): StartShortcutServiceLifecycle
06-18 07:19:50.482 I/SystemServiceManager( 1921): Starting com.android.server.pm.ShortcutService$Lifecycle
06-18 07:19:50.482 D/SystemServerTiming( 1921): StartShortcutServiceLifecycle took to complete: 1ms
06-18 07:19:50.482 I/SystemServer( 1921): StartLauncherAppsService
06-18 07:19:50.482 I/SystemServiceManager( 1921): Starting com.android.server.pm.LauncherAppsService
06-18 07:19:50.483 D/SystemServerTiming( 1921): StartLauncherAppsService took to complete: 0ms
06-18 07:19:50.483 I/SystemServer( 1921): StartCrossProfileAppsService
06-18 07:19:50.483 I/SystemServiceManager( 1921): Starting com.android.server.pm.CrossProfileAppsService
06-18 07:19:50.483 D/SystemServerTiming( 1921): StartCrossProfileAppsService took to complete: 0ms
06-18 07:19:50.483 I/SystemServer( 1921): StartMediaProjectionManager
06-18 07:19:50.483 I/SystemServiceManager( 1921): Starting com.android.server.media.projection.MediaProjectionManagerService
06-18 07:19:50.484 V/MediaRouter( 1921): Selecting route: RouteInfo{ name=Phone, description=null, status=null, category=RouteCategory{ name=System types=ROUTE_TYPE_LIVE_AUDIO ROUTE_TYPE_LIVE_VIDEO  groupable=false }, supportedTypes=ROUTE_TYPE_LIVE_AUDIO ROUTE_TYPE_LIVE_VIDEO , presentationDisplay=null }
06-18 07:19:50.484 D/SystemServerTiming( 1921): StartMediaProjectionManager took to complete: 1ms
06-18 07:19:50.484 I/SystemServer( 1921): StartSliceManagerService
06-18 07:19:50.484 I/SystemServiceManager( 1921): Starting com.android.server.slice.SliceManagerService$Lifecycle
06-18 07:19:50.485 D/SystemServerTiming( 1921): StartSliceManagerService took to complete: 1ms
06-18 07:19:50.485 I/SystemServer( 1921): StartCameraServiceProxy
06-18 07:19:50.486 I/SystemServiceManager( 1921): Starting com.android.server.camera.CameraServiceProxy
06-18 07:19:50.487 D/SystemServerTiming( 1921): StartCameraServiceProxy took to complete: 2ms
06-18 07:19:50.487 I/SystemServer( 1921): StartStatsCompanionService
06-18 07:19:50.487 I/SystemServiceManager( 1921): Starting com.android.server.stats.StatsCompanionService$Lifecycle
06-18 07:19:50.488 I/StatsCompanionService( 1921): register thermal listener successfully
06-18 07:19:50.491 E/KernelCpuThreadReader( 1921): Failed to initialize KernelCpuThreadReader
06-18 07:19:50.491 E/KernelCpuThreadReader( 1921): java.nio.file.NoSuchFileException: /proc/self/time_in_state
06-18 07:19:50.491 E/KernelCpuThreadReader( 1921): 	at sun.nio.fs.UnixFileSystemProvider.newByteChannel(UnixFileSystemProvider.java:214)
06-18 07:19:50.491 E/KernelCpuThreadReader( 1921): 	at java.nio.file.Files.newByteChannel(Files.java:361)
06-18 07:19:50.491 E/KernelCpuThreadReader( 1921): 	at java.nio.file.Files.newByteChannel(Files.java:407)
06-18 07:19:50.491 E/KernelCpuThreadReader( 1921): 	at java.nio.file.Files.readAllBytes(Files.java:3152)
06-18 07:19:50.491 E/KernelCpuThreadReader( 1921): 	at com.android.internal.os.ProcTimeInStateReader.initializeTimeInStateFormat(ProcTimeInStateReader.java:163)
06-18 07:19:50.491 E/KernelCpuThreadReader( 1921): 	at com.android.internal.os.ProcTimeInStateReader.<init>(ProcTimeInStateReader.java:110)
06-18 07:19:50.491 E/KernelCpuThreadReader( 1921): 	at com.android.internal.os.KernelCpuThreadReader.<init>(KernelCpuThreadReader.java:137)
06-18 07:19:50.491 E/KernelCpuThreadReader( 1921): 	at com.android.internal.os.KernelCpuThreadReader.create(KernelCpuThreadReader.java:150)
06-18 07:19:50.491 E/KernelCpuThreadReader( 1921): 	at com.android.internal.os.KernelCpuThreadReaderSettingsObserver.<init>(KernelCpuThreadReaderSettingsObserver.java:94)
06-18 07:19:50.491 E/KernelCpuThreadReader( 1921): 	at com.android.internal.os.KernelCpuThreadReaderSettingsObserver.getSettingsModifiedReader(KernelCpuThreadReaderSettingsObserver.java:79)
06-18 07:19:50.491 E/KernelCpuThreadReader( 1921): 	at com.android.server.stats.StatsCompanionService.<init>(StatsCompanionService.java:377)
06-18 07:19:50.491 E/KernelCpuThreadReader( 1921): 	at com.android.server.stats.StatsCompanionService$Lifecycle.onStart(StatsCompanionService.java:2539)
06-18 07:19:50.491 E/KernelCpuThreadReader( 1921): 	at com.android.server.SystemServiceManager.startService(SystemServiceManager.java:129)
06-18 07:19:50.491 E/KernelCpuThreadReader( 1921): 	at com.android.server.SystemServiceManager.startService(SystemServiceManager.java:116)
06-18 07:19:50.491 E/KernelCpuThreadReader( 1921): 	at com.android.server.SystemServer.startOtherServices(SystemServer.java:1879)
06-18 07:19:50.491 E/KernelCpuThreadReader( 1921): 	at com.android.server.SystemServer.run(SystemServer.java:512)
06-18 07:19:50.491 E/KernelCpuThreadReader( 1921): 	at com.android.server.SystemServer.main(SystemServer.java:349)
06-18 07:19:50.491 E/KernelCpuThreadReader( 1921): 	at java.lang.reflect.Method.invoke(Native Method)
06-18 07:19:50.491 E/KernelCpuThreadReader( 1921): 	at com.android.internal.os.RuntimeInit$MethodAndArgsCaller.run(RuntimeInit.java:492)
06-18 07:19:50.491 E/KernelCpuThreadReader( 1921): 	at com.android.internal.os.ZygoteInit.main(ZygoteInit.java:908)
06-18 07:19:50.491 D/SystemServerTiming( 1921): StartStatsCompanionService took to complete: 3ms
06-18 07:19:50.491 I/SystemServer( 1921): StartIncidentCompanionService
06-18 07:19:50.491 I/SystemServiceManager( 1921): Starting com.android.server.incident.IncidentCompanionService
06-18 07:19:50.491 D/SystemServerTiming( 1921): StartIncidentCompanionService took to complete: 0ms
06-18 07:19:50.492 I/SystemServer( 1921): StartMmsService
06-18 07:19:50.492 I/SystemServiceManager( 1921): Starting com.android.server.MmsServiceBroker
06-18 07:19:50.492 D/SystemServerTiming( 1921): StartMmsService took to complete: 0ms
06-18 07:19:50.492 I/SystemServer( 1921): StartAutoFillService
06-18 07:19:50.492 I/SystemServiceManager( 1921): Starting com.android.server.autofill.AutofillManagerService
06-18 07:19:50.493 D/AutofillManagerService( 1921): setLogLevelFromSettings(): level=2, debug=true, verbose=false
06-18 07:19:50.494 D/AutofillManagerService( 1921): setMaxPartitionsFromSettings(): 10
06-18 07:19:50.494 D/AutofillManagerService( 1921): setMaxVisibleDatasetsFromSettings(): 0
06-18 07:19:50.495 D/AutofillUI( 1921): destroySaveUiUiThread(): already destroyed
06-18 07:19:50.495 E/AutofillManagerServiceImpl( 1921): Bad service name: com.google.android.gms/.autofill.service.AutofillService
06-18 07:19:50.495 D/AutofillManagerServiceImpl( 1921): Reset component for user 0:com.google.android.gms/.autofill.service.AutofillService
06-18 07:19:50.495 D/SystemServerTiming( 1921): StartAutoFillService took to complete: 4ms
06-18 07:19:50.495 I/SystemServer( 1921): StartClipboardService
06-18 07:19:50.495 I/SystemServiceManager( 1921): Starting com.android.server.clipboard.ClipboardService
06-18 07:19:50.496 D/SystemServerTiming( 1921): StartClipboardService took to complete: 0ms
06-18 07:19:50.496 I/SystemServer( 1921): AppServiceManager
06-18 07:19:50.496 I/SystemServiceManager( 1921): Starting com.android.server.appbinding.AppBindingService$Lifecycle
06-18 07:19:50.496 D/SystemServerTiming( 1921): AppServiceManager took to complete: 0ms
06-18 07:19:50.496 I/SystemServer( 1921): MakeVibratorServiceReady
06-18 07:19:50.496 D/SystemServerTiming( 1921): MakeVibratorServiceReady took to complete: 0ms
06-18 07:19:50.496 I/SystemServer( 1921): MakeLockSettingsServiceReady
06-18 07:19:50.510 I/LockSettingsService( 1921): Migrated lock settings to new location
06-18 07:19:50.511 I/LockSettingsService( 1921): Migrated per-user lock settings to new location
06-18 07:19:50.515 I/LockSettingsService( 1921): Migrated biometric weak to use the fallback instead
06-18 07:19:50.516 I/LockSettingsService( 1921): Migrated lockscreen disabled flag
06-18 07:19:50.517 I/hwservicemanager( 1565): getTransport: Cannot find entry android.hardware.weaver@1.0::IWeaver/default in either framework or device manifest.
06-18 07:19:50.517 I/SyntheticPasswordManager( 1921): Device does not support weaver
06-18 07:19:50.518 I/hwservicemanager( 1565): getTransport: Cannot find entry android.hardware.authsecret@1.0::IAuthSecret/default in either framework or device manifest.
06-18 07:19:50.518 I/LockSettingsService( 1921): Device doesn't implement AuthSecret HAL
06-18 07:19:50.518 E/LockSettingsStorage( 1921): Cannot read file java.io.FileNotFoundException: /data/system/gatekeeper.password.key: open failed: ENOENT (No such file or directory)
06-18 07:19:50.518 E/LockSettingsStorage( 1921): Cannot read file java.io.FileNotFoundException: /data/system/password.key: open failed: ENOENT (No such file or directory)
06-18 07:19:50.518 E/LockSettingsStorage( 1921): Cannot read file java.io.FileNotFoundException: /data/system/gatekeeper.pattern.key: open failed: ENOENT (No such file or directory)
06-18 07:19:50.518 E/LockSettingsStorage( 1921): Cannot read file java.io.FileNotFoundException: /data/system/gatekeeper.gesture.key: open failed: ENOENT (No such file or directory)
