06-22 07:04:49.568 I/SystemServiceManager( 1912): Starting com.android.server.usage.StorageStatsService$Lifecycle
06-22 07:04:49.569 D/installd( 1765): Found quota mount /dev/block/vdc at /data
06-22 07:04:49.569 D/installd( 1765): Found quota mount /dev/block/vdc at /data
06-22 07:04:49.570 D/SystemServerTiming( 1912): StartStorageStatsService took to complete: 2ms
06-22 07:04:49.570 I/SystemServer( 1912): StartUiModeManager
06-22 07:04:49.570 I/SystemServiceManager( 1912): Starting com.android.server.UiModeManagerService
06-22 07:04:49.571 D/SystemServerInitThreadPool( 1912): Started executing UiModeManager.onStart
06-22 07:04:49.571 I/ActivityTaskManager( 1912): Config changes=200 {1.0 ?mcc?mnc [en_US] ldltr sw320dp w320dp h616dp 160dpi nrml long port finger qwerty/v/v -nav/h winConfig={ mBounds=Rect(0, 0 - 320, 640) mAppBounds=Rect(0, 0 - 320, 640) mWindowingMode=fullscreen mDisplayWindowingMode=fullscreen mActivityType=undefined mAlwaysOnTop=undefined mRotation=ROTATION_0} s.4}
06-22 07:04:49.572 I/ActivityTaskManager( 1912): Override config changes=200 {1.0 ?mcc?mnc [en_US] ldltr sw320dp w320dp h616dp 160dpi nrml long port finger qwerty/v/v -nav/h winConfig={ mBounds=Rect(0, 0 - 320, 640) mAppBounds=Rect(0, 0 - 320, 640) mWindowingMode=fullscreen mDisplayWindowingMode=fullscreen mActivityType=undefined mAlwaysOnTop=undefined mRotation=ROTATION_0} s.4} for displayId=0
06-22 07:04:49.573 D/SystemServerTiming( 1912): StartUiModeManager took to complete: 3ms
06-22 07:04:49.573 I/SystemServer( 1912): UpdatePackagesIfNeeded
06-22 07:04:49.573 I/Watchdog( 1912): Pausing HandlerChecker: main thread for reason: dexopt. Pause count: 1
06-22 07:04:49.573 D/SystemServerInitThreadPool( 1912): Finished executing UiModeManager.onStart
06-22 07:04:49.578 I/system_server( 1912): The ClassLoaderContext is a special shared library.
06-22 07:04:49.682 I/chatty  ( 1912): uid=1000 system_server identical 25 lines
06-22 07:04:49.685 I/system_server( 1912): The ClassLoaderContext is a special shared library.
06-22 07:04:49.685 E/ActivityRecognitionHardware( 1666): activity_recognition HAL is deprecated. class_init is effectively a no-op
06-22 07:04:49.687 I/system_server( 1912): The ClassLoaderContext is a special shared library.
06-22 07:04:49.718 I/chatty  ( 1912): uid=1000 system_server identical 8 lines
06-22 07:04:49.722 I/system_server( 1912): The ClassLoaderContext is a special shared library.
06-22 07:04:49.723 I/zygote  ( 1666): Thread[1,tid=1666,Native,Thread*=0xf5434e00,peer=0x12d40000,"main"] recursive attempt to load library "libmedia_jni.so"
06-22 07:04:49.723 I/system_server( 1912): The ClassLoaderContext is a special shared library.
06-22 07:04:49.723 D/MtpDeviceJNI( 1666): register_android_mtp_MtpDevice
06-22 07:04:49.723 I/zygote  ( 1666): Thread[1,tid=1666,Native,Thread*=0xf5434e00,peer=0x12d40000,"main"] recursive attempt to load library "libmedia_jni.so"
06-22 07:04:49.723 I/zygote  ( 1666): Thread[1,tid=1666,Native,Thread*=0xf5434e00,peer=0x12d40000,"main"] recursive attempt to load library "libmedia_jni.so"
06-22 07:04:49.724 I/system_server( 1912): The ClassLoaderContext is a special shared library.
06-22 07:04:49.729 W/Zygote  ( 1666): Class not found for preloading: android.media.audiopolicy.AudioProductStrategies
06-22 07:04:49.729 I/system_server( 1912): The ClassLoaderContext is a special shared library.
06-22 07:04:49.729 W/Zygote  ( 1666): Class not found for preloading: android.media.audiopolicy.AudioVolumeGroups
06-22 07:04:49.735 I/system_server( 1912): The ClassLoaderContext is a special shared library.
06-22 07:04:49.829 I/chatty  ( 1912): uid=1000 system_server identical 26 lines
06-22 07:04:49.832 I/system_server( 1912): The ClassLoaderContext is a special shared library.
06-22 07:04:49.832 W/Zygote  ( 1666): Class not found for preloading: android.view.textclassifier.-$$Lambda$TextClassificationManager$JIaezIJbMig_-kVzN6oArzkTsJE
06-22 07:04:49.839 I/system_server( 1912): The ClassLoaderContext is a special shared library.
06-22 07:04:49.841 W/Zygote  ( 1666): Class not found for preloading: com.android.internal.net.NetworkStatsFactory
06-22 07:04:49.846 W/Zygote  ( 1666): Class not found for preloading: com.android.internal.telephony.-$$Lambda$PhoneSubInfoController$8HFbCDJDN1mrLJG980qYH5MGqMk
06-22 07:04:49.846 W/Zygote  ( 1666): Class not found for preloading: com.android.internal.telephony.-$$Lambda$PhoneSubInfoController$U28a_EGx2cvmQhDfRRgonMt5Zrc
06-22 07:04:49.846 W/Zygote  ( 1666): Class not found for preloading: com.android.internal.telephony.-$$Lambda$SubscriptionInfoUpdater$-zZXM9oMRZ3vZz7dJOG19J00Bmw
06-22 07:04:49.847 W/Zygote  ( 1666): Class not found for preloading: com.android.internal.telephony.-$$Lambda$SubscriptionInfoUpdater$D5yF1HbS4cvCyoAj3FESkPtA_0g
06-22 07:04:49.847 W/Zygote  ( 1666): Class not found for preloading: com.android.internal.telephony.-$$Lambda$SubscriptionInfoUpdater$MMx9iQX0JVqqMPLTUZhdBubFSzU
06-22 07:04:49.851 I/system_server( 1912): The ClassLoaderContext is a special shared library.
06-22 07:04:49.854 W/Zygote  ( 1666): Class not found for preloading: com.android.internal.telephony.PhoneConfigurationModels
06-22 07:04:49.856 W/Zygote  ( 1666): Class not found for preloading: com.android.internal.telephony.SubscriptionController$ScLocalLog
06-22 07:04:49.857 W/Zygote  ( 1666): Class not found for preloading: com.android.internal.telephony.UiccSmsController
06-22 07:04:49.857 I/system_server( 1912): The ClassLoaderContext is a special shared library.
06-22 07:04:49.876 I/chatty  ( 1912): uid=1000 system_server identical 12 lines
06-22 07:04:49.877 I/system_server( 1912): The ClassLoaderContext is a special shared library.
06-22 07:04:49.883 I/Zygote  ( 1666): ...preloaded 7590 classes in 413ms.
06-22 07:04:49.884 I/zygote  ( 1666): VMRuntime.preloadDexCaches starting
06-22 07:04:49.887 I/system_server( 1912): The ClassLoaderContext is a special shared library.
06-22 07:04:49.892 I/system_server( 1912): The ClassLoaderContext is a special shared library.
06-22 07:04:49.894 I/zygote  ( 1666): VMRuntime.preloadDexCaches strings total=378948 before=9925 after=9925
06-22 07:04:49.894 I/zygote  ( 1666): VMRuntime.preloadDexCaches types total=35812 before=7199 after=7467
06-22 07:04:49.894 I/zygote  ( 1666): VMRuntime.preloadDexCaches fields total=160603 before=8020 after=8221
06-22 07:04:49.894 I/zygote  ( 1666): VMRuntime.preloadDexCaches methods total=281511 before=10884 after=11316
06-22 07:04:49.894 I/zygote  ( 1666): VMRuntime.preloadDexCaches finished
06-22 07:04:49.894 D/ZygoteInitTiming_lazy( 1666): PreloadClasses took to complete: 424ms
06-22 07:04:49.896 I/system_server( 1912): The ClassLoaderContext is a special shared library.
06-22 07:04:49.899 I/zygote  ( 1666): The ClassLoaderContext is a special shared library.
06-22 07:04:49.899 D/ApplicationLoaders( 1666): Created zygote-cached class loader: /system/framework/android.hidl.base-V1.0-java.jar
06-22 07:04:49.903 I/system_server( 1912): The ClassLoaderContext is a special shared library.
06-22 07:04:49.904 I/zygote  ( 1666): The ClassLoaderContext is a special shared library.
06-22 07:04:49.904 D/ApplicationLoaders( 1666): Created zygote-cached class loader: /system/framework/android.hidl.manager-V1.0-java.jar
06-22 07:04:49.904 D/ZygoteInitTiming_lazy( 1666): CacheNonBootClasspathClassLoaders took to complete: 10ms
06-22 07:04:49.906 I/system_server( 1912): The ClassLoaderContext is a special shared library.
06-22 07:04:49.928 I/chatty  ( 1912): uid=1000 system_server identical 8 lines
06-22 07:04:49.931 I/system_server( 1912): The ClassLoaderContext is a special shared library.
06-22 07:04:49.932 I/Zygote  ( 1666): Preloading resources...
06-22 07:04:49.933 I/system_server( 1912): The ClassLoaderContext is a special shared library.
06-22 07:04:49.940 W/Resources( 1666): Preloaded drawable resource #0x108027c (android:drawable/dialog_background_material) that varies with configuration!!
06-22 07:04:49.941 I/system_server( 1912): The ClassLoaderContext is a special shared library.
06-22 07:04:49.945 I/Zygote  ( 1666): ...preloaded 64 resources in 13ms.
06-22 07:04:49.946 I/Zygote  ( 1666): ...preloaded 41 resources in 0ms.
06-22 07:04:49.946 D/ZygoteInitTiming_lazy( 1666): PreloadResources took to complete: 41ms
06-22 07:04:49.947 I/system_server( 1912): The ClassLoaderContext is a special shared library.
06-22 07:04:49.952 I/system_server( 1912): The ClassLoaderContext is a special shared library.
06-22 07:04:49.953 I/Zygote  ( 1666): Preloading shared libraries...
06-22 07:04:49.954 I/system_server( 1912): The ClassLoaderContext is a special shared library.
06-22 07:04:49.958 I/Zygote  ( 1666): Called ZygoteHooks.endPreload()
06-22 07:04:49.959 I/system_server( 1912): The ClassLoaderContext is a special shared library.
06-22 07:04:49.959 I/Zygote  ( 1666): Installed AndroidKeyStoreProvider in 0ms.
06-22 07:04:49.960 I/system_server( 1912): The ClassLoaderContext is a special shared library.
06-22 07:04:49.962 I/chatty  ( 1912): uid=1000 system_server identical 1 line
06-22 07:04:49.963 I/system_server( 1912): The ClassLoaderContext is a special shared library.
06-22 07:04:49.966 I/Zygote  ( 1666): Warmed up JCA providers in 8ms.
06-22 07:04:49.966 D/Zygote  ( 1666): end preload
06-22 07:04:49.967 D/SystemServerTimingAsync( 1912): SecondaryZygotePreload took to complete: 567ms
06-22 07:04:49.967 D/SystemServerInitThreadPool( 1912): Finished executing SecondaryZygotePreload
06-22 07:04:49.968 I/system_server( 1912): The ClassLoaderContext is a special shared library.
06-22 07:04:50.037 I/Watchdog( 1912): Resuming HandlerChecker: main thread for reason: dexopt. Pause count: 0
06-22 07:04:50.037 D/SystemServerTiming( 1912): UpdatePackagesIfNeeded took to complete: 464ms
06-22 07:04:50.037 I/SystemServer( 1912): PerformFstrimIfNeeded
06-22 07:04:50.038 W/PackageManager( 1912): No disk maintenance in 1782111890038; running immediately
06-22 07:04:50.038 I/StorageManagerService( 1912): Running fstrim idle maintenance
06-22 07:04:50.038 D/SystemServerTiming( 1912): PerformFstrimIfNeeded took to complete: 1ms
06-22 07:04:50.038 I/SystemServer( 1912): StartLockSettingsService
06-22 07:04:50.038 I/SystemServiceManager( 1912): Starting com.android.server.locksettings.LockSettingsService$Lifecycle
06-22 07:04:50.032 I/chatty  ( 1912): uid=1000 system_server identical 18 lines
06-22 07:04:50.036 I/system_server( 1912): The ClassLoaderContext is a special shared library.
06-22 07:04:50.038 I/hwservicemanager( 1567): getTransport: Cannot find entry android.hardware.boot@1.0::IBootControl/default in either framework or device manifest.
06-22 07:04:50.041 I/vold    ( 1576): Skip mounting partition: /product
06-22 07:04:50.042 I/vold    ( 1576): Skip mounting partition: /product_services
06-22 07:04:50.042 D/vold    ( 1576): Starting trim of /data
06-22 07:04:50.042 W/vold    ( 1576): Trim failed on /data: Operation not supported on transport endpoint
06-22 07:04:50.042 D/vold    ( 1576): Starting trim of none
06-22 07:04:50.042 W/vold    ( 1576): Failed to open none: No such file or directory
06-22 07:04:50.062 D/SystemServerTiming( 1912): StartLockSettingsService took to complete: 24ms
06-22 07:04:50.062 I/SystemServer( 1912): StartTestHarnessMode
06-22 07:04:50.062 I/SystemServiceManager( 1912): Starting com.android.server.testharness.TestHarnessModeService
06-22 07:04:50.062 D/SystemServerTiming( 1912): StartTestHarnessMode took to complete: 1ms
06-22 07:04:50.063 I/hwservicemanager( 1567): getTransport: Cannot find entry android.hardware.oemlock@1.0::IOemLock/default in either framework or device manifest.
06-22 07:04:50.063 I/OemLock ( 1912): OemLock HAL not present on device
06-22 07:04:50.063 I/SystemServer( 1912): StartDeviceIdleController
06-22 07:04:50.063 I/SystemServiceManager( 1912): Starting com.android.server.DeviceIdleController
06-22 07:04:50.064 D/SystemServerTiming( 1912): StartDeviceIdleController took to complete: 1ms
06-22 07:04:50.064 I/SystemServer( 1912): StartDevicePolicyManager
06-22 07:04:50.064 I/SystemServiceManager( 1912): Starting com.android.server.devicepolicy.DevicePolicyManagerService$Lifecycle
06-22 07:04:50.067 D/SystemServerTiming( 1912): StartDevicePolicyManager took to complete: 4ms
06-22 07:04:50.067 I/SystemServer( 1912): StartStatusBarManagerService
06-22 07:04:50.068 D/SystemServerTiming( 1912): StartStatusBarManagerService took to complete: 0ms
06-22 07:04:50.068 D/SystemServer( 1912): ContentCaptureService disabled because resource is not overlaid
06-22 07:04:50.068 D/SystemServer( 1912): AttentionService is not configured on this device
06-22 07:04:50.068 I/SystemServer( 1912): StartSystemCaptionsManagerService
06-22 07:04:50.068 I/SystemServiceManager( 1912): Starting com.android.server.systemcaptions.SystemCaptionsManagerService
06-22 07:04:50.069 D/SystemServerTiming( 1912): StartSystemCaptionsManagerService took to complete: 1ms
06-22 07:04:50.069 I/SystemServer( 1912): StartAppPredictionService
06-22 07:04:50.069 I/SystemServiceManager( 1912): Starting com.android.server.appprediction.AppPredictionManagerService
06-22 07:04:50.070 D/SystemServerTiming( 1912): StartAppPredictionService took to complete: 1ms
06-22 07:04:50.070 I/SystemServer( 1912): StartContentSuggestionsService
06-22 07:04:50.071 I/SystemServiceManager( 1912): Starting com.android.server.contentsuggestions.ContentSuggestionsManagerService
06-22 07:04:50.071 D/SystemServerTiming( 1912): StartContentSuggestionsService took to complete: 1ms
06-22 07:04:50.071 I/SystemServer( 1912): InitNetworkStackClient
06-22 07:04:50.071 D/SystemServerTiming( 1912): InitNetworkStackClient took to complete: 0ms
06-22 07:04:50.071 I/SystemServer( 1912): StartNetworkManagementService
06-22 07:04:50.074 I/netd    ( 1664): registerUnsolicitedEventListener() <0.03ms>
06-22 07:04:50.075 D/SystemServerTiming( 1912): StartNetworkManagementService took to complete: 3ms
06-22 07:04:50.075 I/SystemServer( 1912): StartIpSecService
06-22 07:04:50.075 D/SystemServerTiming( 1912): StartIpSecService took to complete: 0ms
06-22 07:04:50.075 I/SystemServer( 1912): StartTextServicesManager
06-22 07:04:50.076 I/SystemServiceManager( 1912): Starting com.android.server.textservices.TextServicesManagerService$Lifecycle
06-22 07:04:50.077 D/SystemServerTiming( 1912): StartTextServicesManager took to complete: 1ms
06-22 07:04:50.077 I/SystemServer( 1912): StartTextClassificationManagerService
06-22 07:04:50.077 I/SystemServiceManager( 1912): Starting com.android.server.textclassifier.TextClassificationManagerService$Lifecycle
06-22 07:04:50.078 D/SystemServerTiming( 1912): StartTextClassificationManagerService took to complete: 1ms
06-22 07:04:50.078 I/SystemServer( 1912): StartNetworkScoreService
06-22 07:04:50.078 I/SystemServiceManager( 1912): Starting com.android.server.NetworkScoreService$Lifecycle
06-22 07:04:50.078 I/NetworkScoreService( 1912): Registering network_score
06-22 07:04:50.078 D/SystemServerTiming( 1912): StartNetworkScoreService took to complete: 1ms
06-22 07:04:50.078 I/SystemServer( 1912): StartNetworkStatsService
06-22 07:04:50.080 D/SystemServerTiming( 1912): StartNetworkStatsService took to complete: 1ms
06-22 07:04:50.080 I/SystemServer( 1912): StartNetworkPolicyManagerService
06-22 07:04:50.084 D/SystemServerTiming( 1912): StartNetworkPolicyManagerService took to complete: 4ms
06-22 07:04:50.084 I/SystemServer( 1912): StartWifi
06-22 07:04:50.095 I/SystemServiceManager( 1912): Starting com.android.server.wifi.WifiService
06-22 07:04:50.153 E/HostapdHal( 1912): Malformed channel value detected: java.lang.NumberFormatException: For input string: ""
06-22 07:04:50.164 D/WifiCountryCode( 1912): mDefaultCountryCode null mRevertCountryCodeOnCellularLoss false
06-22 07:04:50.165 D/WifiApConfigStore( 1912): 2G band allowed channels are:1,6,11
06-22 07:04:50.165 E/WifiApConfigStore( 1912): Error reading hotspot configuration java.io.FileNotFoundException: /data/misc/wifi/softap.conf: open failed: ENOENT (No such file or directory)
06-22 07:04:50.165 D/WifiApConfigStore( 1912): Fallback to use default AP configuration
06-22 07:04:50.167 I/WifiScoringParams( 1912): rssi2=-83:-80:-73:-60,rssi5=-80:-77:-70:-57,pps=0:1:100,horizon=15,nud=8,expid=0
06-22 07:04:50.197 D/WifiOpenNetworkNotifier( 1912): Settings toggle enabled=true
06-22 07:04:50.197 D/WifiCarrierNetworkNotifier( 1912): Settings toggle enabled=true
06-22 07:04:50.200 D/WifiActiveModeWarden( 1912): Starting Wifi in WifiDisabledState
06-22 07:04:50.200 D/WifiActiveModeWarden( 1912): Entering WifiDisabledState
06-22 07:04:50.201 D/WakeupController( 1912): WifiWake enabled
06-22 07:04:50.202 E/WifiClientModeImpl( 1912): getWifiLinkLayerStats called without an interface
06-22 07:04:50.204 E/SupplicantStaIfaceHal( 1912): Can't call setDebugParams, ISupplicant is null
06-22 07:04:50.204 W/WifiDiags( 1912): no ring buffers found
06-22 07:04:50.204 W/WifiDiags( 1912): Failed to start packet fate monitoring
06-22 07:04:50.205 I/WifiService( 1912): Registering wifi
06-22 07:04:50.205 D/SystemServerTiming( 1912): StartWifi took to complete: 121ms
06-22 07:04:50.205 I/SystemServer( 1912): StartWifiScanning
06-22 07:04:50.206 I/SystemServiceManager( 1912): Starting com.android.server.wifi.scanner.WifiScanningService
06-22 07:04:50.206 I/WifiScanningService( 1912): Creating wifiscanner
06-22 07:04:50.207 I/WifiScanningService( 1912): Publishing wifiscanner
06-22 07:04:50.208 D/SystemServerTiming( 1912): StartWifiScanning took to complete: 3ms
06-22 07:04:50.208 I/SystemServer( 1912): StartWifiP2P
06-22 07:04:50.208 I/SystemServiceManager( 1912): Starting com.android.server.wifi.p2p.WifiP2pService
06-22 07:04:50.214 W/HalDevMgr( 1912): isWifiStarted called but mWifi is null!?
06-22 07:04:50.214 I/WifiP2pService( 1912): Registering wifip2p
06-22 07:04:50.214 D/SystemServerTiming( 1912): StartWifiP2P took to complete: 6ms
06-22 07:04:50.214 I/SystemServer( 1912): StartConnectivityService
06-22 07:04:50.216 D/ConnectivityService( 1912): ConnectivityService starting up
06-22 07:04:50.219 D/ConnectivityService( 1912): wifiOnly=false
06-22 07:04:50.225 D/SystemServerTiming( 1912): StartConnectivityService took to complete: 11ms
06-22 07:04:50.225 I/SystemServer( 1912): StartNsdService
06-22 07:04:50.227 D/NsdService( 1912): Network service discovery is enabled
06-22 07:04:50.228 D/SystemServerTiming( 1912): StartNsdService took to complete: 2ms
06-22 07:04:50.228 I/SystemServer( 1912): StartSystemUpdateManagerService
06-22 07:04:50.228 I/SystemUpdateManagerService( 1912): No existing info file /data/system/system-update-info.xml
06-22 07:04:50.228 D/SystemServerTiming( 1912): StartSystemUpdateManagerService took to complete: 0ms
06-22 07:04:50.228 I/SystemServer( 1912): StartUpdateLockService
06-22 07:04:50.228 D/SystemServerTiming( 1912): StartUpdateLockService took to complete: 0ms
06-22 07:04:50.229 I/SystemServer( 1912): StartNotificationManager
06-22 07:04:50.229 I/SystemServiceManager( 1912): Starting com.android.server.notification.NotificationManagerService
06-22 07:04:50.236 D/ConditionProviders.SCP( 1912): new ScheduleConditionProvider()
06-22 07:04:50.238 I/ConditionProviders( 1912):  Allowing condition provider com.google.android.apps.nexuslauncher/com.android.launcher3.notification.NotificationListener
06-22 07:04:50.239 I/NotificationListeners( 1912):  Allowing notification listener com.google.android.apps.nexuslauncher/com.android.launcher3.notification.NotificationListener
06-22 07:04:50.239 V/NotificationListeners( 1912): enabling notification listener for 0: ComponentInfo{com.google.android.apps.nexuslauncher/com.android.launcher3.notification.NotificationListener}
06-22 07:04:50.239 V/NotificationListeners( 1912): binding: Intent { act=android.service.notification.NotificationListenerService cmp=com.google.android.apps.nexuslauncher/com.android.launcher3.notification.NotificationListener (has extras) }
06-22 07:04:50.239 W/ActivityManager( 1912): Unable to start service Intent { act=android.service.notification.NotificationListenerService cmp=com.google.android.apps.nexuslauncher/com.android.launcher3.notification.NotificationListener } U=0: not found
06-22 07:04:50.239 W/NotificationListeners( 1912): Unable to bind notification listener service: Intent { act=android.service.notification.NotificationListenerService cmp=com.google.android.apps.nexuslauncher/com.android.launcher3.notification.NotificationListener (has extras) } in user 0
06-22 07:04:50.239 I/ConditionProviders( 1912):  Allowing condition provider com.google.android.apps.restore/com.google.android.apps.pixelmigrate.component.NotificationConsolidatorService
06-22 07:04:50.240 I/NotificationListeners( 1912):  Allowing notification listener com.google.android.apps.restore/com.google.android.apps.pixelmigrate.component.NotificationConsolidatorService
06-22 07:04:50.240 V/NotificationListeners( 1912): enabling notification listener for 0: ComponentInfo{com.google.android.apps.restore/com.google.android.apps.pixelmigrate.component.NotificationConsolidatorService}
06-22 07:04:50.240 V/NotificationListeners( 1912): binding: Intent { act=android.service.notification.NotificationListenerService cmp=com.google.android.apps.restore/com.google.android.apps.pixelmigrate.component.NotificationConsolidatorService (has extras) }
06-22 07:04:50.240 W/ActivityManager( 1912): Unable to start service Intent { act=android.service.notification.NotificationListenerService cmp=com.google.android.apps.restore/com.google.android.apps.pixelmigrate.component.NotificationConsolidatorService } U=0: not found
06-22 07:04:50.240 W/NotificationListeners( 1912): Unable to bind notification listener service: Intent { act=android.service.notification.NotificationListenerService cmp=com.google.android.apps.restore/com.google.android.apps.pixelmigrate.component.NotificationConsolidatorService (has extras) } in user 0
06-22 07:04:50.240 V/NotificationListeners( 1912): enabling notification listener for 0: ComponentInfo{com.google.android.apps.nexuslauncher/com.android.launcher3.notification.NotificationListener}
06-22 07:04:50.240 V/NotificationListeners( 1912): binding: Intent { act=android.service.notification.NotificationListenerService cmp=com.google.android.apps.nexuslauncher/com.android.launcher3.notification.NotificationListener (has extras) }
06-22 07:04:50.240 W/ActivityManager( 1912): Unable to start service Intent { act=android.service.notification.NotificationListenerService cmp=com.google.android.apps.nexuslauncher/com.android.launcher3.notification.NotificationListener } U=0: not found
06-22 07:04:50.240 W/NotificationListeners( 1912): Unable to bind notification listener service: Intent { act=android.service.notification.NotificationListenerService cmp=com.google.android.apps.nexuslauncher/com.android.launcher3.notification.NotificationListener (has extras) } in user 0
06-22 07:04:50.240 I/ConditionProviders( 1912):  Allowing condition provider com.google.android.GoogleCamera
06-22 07:04:50.240 I/ConditionProviders( 1912):  Allowing condition provider com.google.android.gms
06-22 07:04:50.240 I/ConditionProviders( 1912):  Allowing condition provider com.google.intelligence.sense
06-22 07:04:50.240 I/ConditionProviders( 1912):  Allowing condition provider com.google.android.settings.intelligence
06-22 07:04:50.240 I/ConditionProviders( 1912):  Allowing condition provider com.google.android.apps.wellbeing
06-22 07:04:50.241 I/ConditionProviders( 1912):  Allowing condition provider com.google.android.apps.safetyhub
06-22 07:04:50.241 I/ConditionProviders( 1912):  Allowing condition provider com.google.android.ext.services/android.ext.services.notification.Assistant
06-22 07:04:50.241 I/NotificationAssistants( 1912):  Allowing notification assistant com.google.android.ext.services/android.ext.services.notification.Assistant
06-22 07:04:50.241 V/NotificationAssistants( 1912): enabling notification assistant for 0: ComponentInfo{com.google.android.ext.services/android.ext.services.notification.Assistant}
06-22 07:04:50.241 V/NotificationAssistants( 1912): binding: Intent { act=android.service.notification.NotificationAssistantService cmp=com.google.android.ext.services/android.ext.services.notification.Assistant (has extras) }
06-22 07:04:50.241 D/NotificationService( 1912): Set default NAS to be com.google.android.ext.services/android.ext.services.notification.Assistant in 0
06-22 07:04:50.250 D/SystemServerTiming( 1912): StartNotificationManager took to complete: 21ms
06-22 07:04:50.250 I/SystemServer( 1912): StartDeviceMonitor
06-22 07:04:50.250 I/SystemServiceManager( 1912): Starting com.android.server.storage.DeviceStorageMonitorService
06-22 07:04:50.254 D/SystemServerTiming( 1912): StartDeviceMonitor took to complete: 4ms
06-22 07:04:50.254 I/SystemServer( 1912): StartLocationManagerService
06-22 07:04:50.256 D/SystemServerTiming( 1912): StartLocationManagerService took to complete: 1ms
06-22 07:04:50.256 I/SystemServer( 1912): StartCountryDetectorService
06-22 07:04:50.256 D/SystemServerTiming( 1912): StartCountryDetectorService took to complete: 0ms
06-22 07:04:50.256 I/SystemServer( 1912): StartTimeDetectorService
06-22 07:04:50.256 I/SystemServiceManager( 1912): Starting com.android.server.timedetector.TimeDetectorService$Lifecycle
06-22 07:04:50.256 D/SystemServerTiming( 1912): StartTimeDetectorService took to complete: 0ms
06-22 07:04:50.256 I/SystemServer( 1912): StartSearchManagerService
06-22 07:04:50.256 I/SystemServiceManager( 1912): Starting com.android.server.search.SearchManagerService$Lifecycle
06-22 07:04:50.257 D/SystemServerTiming( 1912): StartSearchManagerService took to complete: 0ms
06-22 07:04:50.257 I/SystemServer( 1912): StartWallpaperManagerService
06-22 07:04:50.257 I/SystemServiceManager( 1912): Starting com.android.server.wallpaper.WallpaperManagerService$Lifecycle
06-22 07:04:50.257 D/SystemServerTiming( 1912): StartWallpaperManagerService took to complete: 1ms
06-22 07:04:50.257 I/SystemServer( 1912): StartAudioService
06-22 07:04:50.257 I/SystemServiceManager( 1912): Starting com.android.server.audio.AudioService$Lifecycle
06-22 07:04:50.263 D/PermissionCache( 1711): checking android.permission.MODIFY_AUDIO_ROUTING for uid=1000 => granted (120 us)
06-22 07:04:50.266 W/TelecomManager( 1912): Telecom Service not found.
06-22 07:04:50.267 D/PermissionCache( 1711): checking android.permission.MODIFY_AUDIO_SETTINGS for uid=1000 => granted (54 us)
06-22 07:04:50.267 W/AudioFlinger( 1711): no wake lock to update, system not ready yet
06-22 07:04:50.268 W/DeviceHAL( 1672): Error from HAL Device in function set_mic_mute: Function not implemented
06-22 07:04:50.268 E/AudioSystem-JNI( 1912): Command failed for android_media_AudioSystem_muteMicrophone: -38
06-22 07:04:50.287 D/AudioFlinger( 1711): isLowRamDevice:false totalMemory:2089566208 mClientSharedHeapSize:4194304
06-22 07:04:50.288 D/SystemServerTiming( 1912): StartAudioService took to complete: 30ms
06-22 07:04:50.288 I/SystemServer( 1912): StartDockObserver
06-22 07:04:50.288 I/SystemServiceManager( 1912): Starting com.android.server.DockObserver
06-22 07:04:50.288 W/DockObserver( 1912): This kernel does not have dock station support
06-22 07:04:50.289 D/SystemServerTiming( 1912): StartDockObserver took to complete: 0ms
06-22 07:04:50.289 I/SystemServer( 1912): StartWiredAccessoryManager
06-22 07:04:50.289 W/WiredAccessoryManager( 1912): This kernel does not have usb audio support
06-22 07:04:50.289 W/WiredAccessoryManager( 1912): This kernel does not have HDMI audio support
06-22 07:04:50.290 D/SystemServerTiming( 1912): StartWiredAccessoryManager took to complete: 1ms
06-22 07:04:50.290 I/SystemServer( 1912): StartMidiManager
06-22 07:04:50.290 I/SystemServiceManager( 1912): Starting com.android.server.midi.MidiService$Lifecycle
06-22 07:04:50.291 D/SystemServerTiming( 1912): StartMidiManager took to complete: 1ms
06-22 07:04:50.291 I/SystemServer( 1912): StartAdbService
06-22 07:04:50.291 I/SystemServiceManager( 1912): Starting com.android.server.adb.AdbService$Lifecycle
06-22 07:04:50.292 D/SystemServerTiming( 1912): StartAdbService took to complete: 0ms
06-22 07:04:50.292 I/SystemServer( 1912): StartUsbService
06-22 07:04:50.292 I/SystemServiceManager( 1912): Starting com.android.server.usb.UsbService$Lifecycle
06-22 07:04:50.293 E/UsbDeviceManager( 1912): failed to write to /sys/class/android_usb/android0/f_rndis/ethaddr
06-22 07:04:50.293 I/hwservicemanager( 1567): getTransport: Cannot find entry android.hardware.usb.gadget@1.0::IUsbGadget/default in either framework or device manifest.
06-22 07:04:50.295 I/UsbDeviceManager( 1912): USB GADGET HAL not present in the device
06-22 07:04:50.295 I/UsbDeviceManager( 1912): java.util.NoSuchElementException
06-22 07:04:50.295 I/UsbDeviceManager( 1912): 	at android.os.HwBinder.getService(Native Method)
06-22 07:04:50.295 I/UsbDeviceManager( 1912): 	at android.hardware.usb.gadget.V1_0.IUsbGadget.getService(IUsbGadget.java:55)
06-22 07:04:50.295 I/UsbDeviceManager( 1912): 	at android.hardware.usb.gadget.V1_0.IUsbGadget.getService(IUsbGadget.java:62)
06-22 07:04:50.295 I/UsbDeviceManager( 1912): 	at com.android.server.usb.UsbDeviceManager.<init>(UsbDeviceManager.java:262)
06-22 07:04:50.295 I/UsbDeviceManager( 1912): 	at com.android.server.usb.UsbService.<init>(UsbService.java:150)
06-22 07:04:50.295 I/UsbDeviceManager( 1912): 	at com.android.server.usb.UsbService$Lifecycle.onStart(UsbService.java:84)
06-22 07:04:50.295 I/UsbDeviceManager( 1912): 	at com.android.server.SystemServiceManager.startService(SystemServiceManager.java:129)
06-22 07:04:50.295 I/UsbDeviceManager( 1912): 	at com.android.server.SystemServiceManager.startService(SystemServiceManager.java:116)
06-22 07:04:50.295 I/UsbDeviceManager( 1912): 	at com.android.server.SystemServiceManager.startService(SystemServiceManager.java:75)
06-22 07:04:50.295 I/UsbDeviceManager( 1912): 	at com.android.server.SystemServer.startOtherServices(SystemServer.java:1532)
06-22 07:04:50.295 I/UsbDeviceManager( 1912): 	at com.android.server.SystemServer.run(SystemServer.java:512)
06-22 07:04:50.295 I/UsbDeviceManager( 1912): 	at com.android.server.SystemServer.main(SystemServer.java:349)
06-22 07:04:50.295 I/UsbDeviceManager( 1912): 	at java.lang.reflect.Method.invoke(Native Method)
06-22 07:04:50.295 I/UsbDeviceManager( 1912): 	at com.android.internal.os.RuntimeInit$MethodAndArgsCaller.run(RuntimeInit.java:492)
06-22 07:04:50.295 I/UsbDeviceManager( 1912): 	at com.android.internal.os.ZygoteInit.main(ZygoteInit.java:908)
06-22 07:04:50.295 E/UsbDeviceManagerJNI( 1912): could not open control for mtp No such file or directory
06-22 07:04:50.295 E/UsbDeviceManager( 1912): Failed to open control for mtp
06-22 07:04:50.295 E/UsbDeviceManagerJNI( 1912): could not open control for ptp No such file or directory
06-22 07:04:50.295 E/UsbDeviceManager( 1912): Failed to open control for ptp
06-22 07:04:50.299 W/StorageManagerService( 1912): No primary storage defined yet; hacking together a stub
06-22 07:04:50.300 E/UsbDeviceManagerJNI( 1912): could not open /dev/usb_accessory
06-22 07:04:50.300 I/android_os_HwBinder( 1912): HwBinder: Starting thread pool for getting: android.hidl.manager@1.0::IServiceManager/default
06-22 07:04:50.301 I/hwservicemanager( 1567): getTransport: Cannot find entry android.hardware.usb@1.0::IUsb/default in either framework or device manifest.
06-22 07:04:50.302 E/UsbPortManager( 1912): connectToProxy: usb hal service not found. Did the service fail to start?
06-22 07:04:50.302 E/UsbPortManager( 1912): java.util.NoSuchElementException
06-22 07:04:50.302 E/UsbPortManager( 1912): 	at android.os.HwBinder.getService(Native Method)
06-22 07:04:50.302 E/UsbPortManager( 1912): 	at android.os.HwBinder.getService(HwBinder.java:83)
06-22 07:04:50.302 E/UsbPortManager( 1912): 	at android.hardware.usb.V1_0.IUsb.getService(IUsb.java:70)
06-22 07:04:50.302 E/UsbPortManager( 1912): 	at android.hardware.usb.V1_0.IUsb.getService(IUsb.java:77)
06-22 07:04:50.302 E/UsbPortManager( 1912): 	at com.android.server.usb.UsbPortManager.connectToProxy(UsbPortManager.java:780)
06-22 07:04:50.302 E/UsbPortManager( 1912): 	at com.android.server.usb.UsbPortManager.<init>(UsbPortManager.java:175)
06-22 07:04:50.302 E/UsbPortManager( 1912): 	at com.android.server.usb.UsbService.<init>(UsbService.java:153)
06-22 07:04:50.302 E/UsbPortManager( 1912): 	at com.android.server.usb.UsbService$Lifecycle.onStart(UsbService.java:84)
06-22 07:04:50.302 E/UsbPortManager( 1912): 	at com.android.server.SystemServiceManager.startService(SystemServiceManager.java:129)
06-22 07:04:50.302 E/UsbPortManager( 1912): 	at com.android.server.SystemServiceManager.startService(SystemServiceManager.java:116)
06-22 07:04:50.302 E/UsbPortManager( 1912): 	at com.android.server.SystemServiceManager.startService(SystemServiceManager.java:75)
06-22 07:04:50.302 E/UsbPortManager( 1912): 	at com.android.server.SystemServer.startOtherServices(SystemServer.java:1532)
06-22 07:04:50.302 E/UsbPortManager( 1912): 	at com.android.server.SystemServer.run(SystemServer.java:512)
06-22 07:04:50.302 E/UsbPortManager( 1912): 	at com.android.server.SystemServer.main(SystemServer.java:349)
06-22 07:04:50.302 E/UsbPortManager( 1912): 	at java.lang.reflect.Method.invoke(Native Method)
06-22 07:04:50.302 E/UsbPortManager( 1912): 	at com.android.internal.os.RuntimeInit$MethodAndArgsCaller.run(RuntimeInit.java:492)
06-22 07:04:50.302 E/UsbPortManager( 1912): 	at com.android.internal.os.ZygoteInit.main(ZygoteInit.java:908)
06-22 07:04:50.303 D/SystemServerTiming( 1912): StartUsbService took to complete: 11ms
06-22 07:04:50.303 I/SystemServer( 1912): StartSerialService
06-22 07:04:50.303 D/SystemServerTiming( 1912): StartSerialService took to complete: 0ms
06-22 07:04:50.303 I/SystemServer( 1912): StartHardwarePropertiesManagerService
06-22 07:04:50.303 I/hwservicemanager( 1567): getTransport: Cannot find entry android.hardware.thermal@1.0::IThermal/default in either framework or device manifest.
06-22 07:04:50.303 E/HardwarePropertiesManagerService-JNI( 1912): Unable to get Thermal service.
06-22 07:04:50.304 D/SystemServerTiming( 1912): StartHardwarePropertiesManagerService took to complete: 1ms
06-22 07:04:50.304 I/SystemServer( 1912): StartTwilightService
06-22 07:04:50.304 I/SystemServiceManager( 1912): Starting com.android.server.twilight.TwilightService
06-22 07:04:50.304 D/SystemServerTiming( 1912): StartTwilightService took to complete: 0ms
06-22 07:04:50.304 I/SystemServer( 1912): StartColorDisplay
06-22 07:04:50.304 I/SystemServiceManager( 1912): Starting com.android.server.display.color.ColorDisplayService
06-22 07:04:50.304 D/SystemServerTiming( 1912): StartColorDisplay took to complete: 0ms
06-22 07:04:50.304 I/SystemServer( 1912): StartJobScheduler
06-22 07:04:50.304 I/SystemServiceManager( 1912): Starting com.android.server.job.JobSchedulerService
06-22 07:04:50.307 I/JobStore( 1912): Read 0 jobs
06-22 07:04:50.310 D/SystemServerTiming( 1912): StartJobScheduler took to complete: 7ms
06-22 07:04:50.310 I/SystemServer( 1912): StartSoundTrigger
06-22 07:04:50.310 I/SystemServiceManager( 1912): Starting com.android.server.soundtrigger.SoundTriggerService
06-22 07:04:50.311 D/SystemServerTiming( 1912): StartSoundTrigger took to complete: 0ms
06-22 07:04:50.311 I/SystemServer( 1912): StartTrustManager
06-22 07:04:50.311 I/SystemServiceManager( 1912): Starting com.android.server.trust.TrustManagerService
06-22 07:04:50.311 D/SystemServerTiming( 1912): StartTrustManager took to complete: 0ms
06-22 07:04:50.311 I/SystemServer( 1912): StartBackupManager
06-22 07:04:50.311 I/SystemServiceManager( 1912): Starting com.android.server.backup.BackupManagerService$Lifecycle
06-22 07:04:50.313 D/SystemServerTiming( 1912): StartBackupManager took to complete: 2ms
06-22 07:04:50.313 I/SystemServer( 1912): StartAppWidgetService
06-22 07:04:50.313 I/SystemServiceManager( 1912): Starting com.android.server.appwidget.AppWidgetService
06-22 07:04:50.314 D/SystemServerTiming( 1912): StartAppWidgetService took to complete: 2ms
06-22 07:04:50.314 I/SystemServer( 1912): StartRoleManagerService
06-22 07:04:50.316 D/SystemServerTiming( 1912): StartRoleManagerService took to complete: 1ms
06-22 07:04:50.316 I/SystemServer( 1912): StartVoiceRecognitionManager
06-22 07:04:50.316 I/SystemServiceManager( 1912): Starting com.android.server.voiceinteraction.VoiceInteractionManagerService
06-22 07:04:50.316 I/RoleUserState( 1912): roles.xml not found
06-22 07:04:50.317 W/VoiceInteractionManagerService( 1912): Unable to resolve default voice recognition service.
06-22 07:04:50.317 D/SystemServerTiming( 1912): StartVoiceRecognitionManager took to complete: 1ms
06-22 07:04:50.317 I/SystemServer( 1912): StartGestureLauncher
06-22 07:04:50.317 I/SystemServiceManager( 1912): Starting com.android.server.GestureLauncherService
06-22 07:04:50.317 D/SystemServerTiming( 1912): StartGestureLauncher took to complete: 0ms
06-22 07:04:50.317 I/SystemServer( 1912): StartSensorNotification
06-22 07:04:50.317 I/SystemServiceManager( 1912): Starting com.android.server.SensorNotificationService
06-22 07:04:50.317 D/SystemServerTiming( 1912): StartSensorNotification took to complete: 1ms
06-22 07:04:50.317 I/SystemServer( 1912): StartContextHubSystemService
06-22 07:04:50.317 I/SystemServiceManager( 1912): Starting com.android.server.ContextHubSystemService
06-22 07:04:50.317 D/SystemServerInitThreadPool( 1912): Started executing Init ContextHubSystemService
06-22 07:04:50.317 D/SystemServerTiming( 1912): StartContextHubSystemService took to complete: 0ms
06-22 07:04:50.317 I/SystemServer( 1912): StartDiskStatsService
06-22 07:04:50.318 I/hwservicemanager( 1567): getTransport: Cannot find entry android.hardware.contexthub@1.0::IContexthub/default in either framework or device manifest.
06-22 07:04:50.318 I/ContextHubService( 1912): Context Hub HAL service not found
06-22 07:04:50.318 D/SystemServerInitThreadPool( 1912): Finished executing Init ContextHubSystemService
06-22 07:04:50.319 D/SystemServerTiming( 1912): StartDiskStatsService took to complete: 1ms
06-22 07:04:50.319 I/SystemServer( 1912): RuntimeService
06-22 07:04:50.319 D/SystemServerTiming( 1912): RuntimeService took to complete: 1ms
06-22 07:04:50.319 I/SystemServer( 1912): StartNetworkTimeUpdateService
06-22 07:04:50.320 D/SystemServer( 1912): Using networkTimeUpdater class=class com.android.server.NewNetworkTimeUpdateService
06-22 07:04:50.320 D/SystemServerTiming( 1912): StartNetworkTimeUpdateService took to complete: 0ms
06-22 07:04:50.320 I/SystemServer( 1912): CertBlacklister
06-22 07:04:50.320 D/SystemServerTiming( 1912): CertBlacklister took to complete: 0ms
06-22 07:04:50.320 I/SystemServer( 1912): StartEmergencyAffordanceService
06-22 07:04:50.320 I/SystemServiceManager( 1912): Starting com.android.server.emergency.EmergencyAffordanceService
06-22 07:04:50.320 D/SystemServerTiming( 1912): StartEmergencyAffordanceService took to complete: 0ms
06-22 07:04:50.320 I/SystemServer( 1912): StartDreamManager
06-22 07:04:50.320 I/SystemServiceManager( 1912): Starting com.android.server.dreams.DreamManagerService
06-22 07:04:50.321 D/SystemServerTiming( 1912): StartDreamManager took to complete: 1ms
06-22 07:04:50.321 I/SystemServer( 1912): AddGraphicsStatsService
06-22 07:04:50.322 D/SystemServerTiming( 1912): AddGraphicsStatsService took to complete: 1ms
06-22 07:04:50.322 I/SystemServer( 1912): StartPrintManager
06-22 07:04:50.322 I/SystemServiceManager( 1912): Starting com.android.server.print.PrintManagerService
06-22 07:04:50.322 D/SystemServerTiming( 1912): StartPrintManager took to complete: 1ms
06-22 07:04:50.322 I/SystemServer( 1912): StartRestrictionManager
06-22 07:04:50.322 I/SystemServiceManager( 1912): Starting com.android.server.restrictions.RestrictionsManagerService
06-22 07:04:50.323 D/SystemServerTiming( 1912): StartRestrictionManager took to complete: 0ms
06-22 07:04:50.323 I/SystemServer( 1912): StartMediaSessionService
06-22 07:04:50.323 I/SystemServiceManager( 1912): Starting com.android.server.media.MediaSessionService
06-22 07:04:50.330 D/SystemServerTiming( 1912): StartMediaSessionService took to complete: 7ms
06-22 07:04:50.330 I/SystemServer( 1912): StartMediaResourceMonitor
06-22 07:04:50.330 I/SystemServiceManager( 1912): Starting com.android.server.media.MediaResourceMonitorService
06-22 07:04:50.330 D/SystemServerTiming( 1912): StartMediaResourceMonitor took to complete: 0ms
06-22 07:04:50.330 I/SystemServer( 1912): StartMediaRouterService
06-22 07:04:50.330 D/SystemServerTiming( 1912): StartMediaRouterService took to complete: 1ms
06-22 07:04:50.331 I/SystemServer( 1912): StartFingerprintSensor
06-22 07:04:50.331 I/SystemServiceManager( 1912): Starting com.android.server.biometrics.fingerprint.FingerprintService
06-22 07:04:50.332 D/SystemServerTiming( 1912): StartFingerprintSensor took to complete: 1ms
06-22 07:04:50.332 I/SystemServer( 1912): StartBiometricService
06-22 07:04:50.332 I/SystemServiceManager( 1912): Starting com.android.server.biometrics.BiometricService
06-22 07:04:50.332 D/SystemServerInitThreadPool( 1912): Started executing FingerprintService.onStart
06-22 07:04:50.332 V/FingerprintService( 1912): mDaemon was null, reconnect to fingerprint
06-22 07:04:50.333 I/android_os_HwBinder( 1912): HwBinder: Starting thread pool for getting: android.hardware.biometrics.fingerprint@2.1::IBiometricsFingerprint/default
06-22 07:04:50.333 V/FingerprintService( 1912): Fingerprint HAL id: 140200967790592
06-22 07:04:50.333 D/FingerprintHal( 1799): ----------------> fingerprint_set_active_group -----------------> path /data/vendor_de/0/fpdata
06-22 07:04:50.333 D/FingerprintHal( 1799): ----------------> loadFingerprints ----------------->
06-22 07:04:50.333 E/FingerprintHal( 1799): Could not load fingerprints from storage at /data/vendor_de/0/fpdata/emufp.bin; it has not yet been created.
06-22 07:04:50.333 D/FingerprintHal( 1799): ----------------> loadAuthenticatorId ----------------->
06-22 07:04:50.333 E/FingerprintHal( 1799): Could not load authenticator id from storage at /data/vendor_de/0/fpdata/emuauthid.bin; it has not yet been created.
06-22 07:04:50.333 D/FingerprintHal( 1799): ----------------> get_64bit_rand ----------------->
06-22 07:04:50.333 D/SystemServerTiming( 1912): StartBiometricService took to complete: 2ms
06-22 07:04:50.333 D/FingerprintHal( 1799): ----------------> saveAuthenticatorId ----------------->
06-22 07:04:50.333 I/SystemServer( 1912): StartBackgroundDexOptService
06-22 07:04:50.334 W/BackgroundDexOptService( 1912): SysProp pm.dexopt.downgrade_after_inactive_days not set
06-22 07:04:50.334 D/FingerprintHal( 1799): Save authenticator id (0x6b8b4567327b23c6)
06-22 07:04:50.334 D/SystemServerTiming( 1912): StartBackgroundDexOptService took to complete: 0ms
06-22 07:04:50.334 I/SystemServer( 1912): StartDynamicCodeLoggingService
06-22 07:04:50.334 V/FingerprintService( 1912): Enumerating user(0)
06-22 07:04:50.334 D/SystemServerTiming( 1912): StartDynamicCodeLoggingService took to complete: 1ms
06-22 07:04:50.334 I/SystemServer( 1912): StartPruneInstantAppsJobService
06-22 07:04:50.334 D/SystemServerInitThreadPool( 1912): Finished executing FingerprintService.onStart
06-22 07:04:50.335 D/SystemServerTiming( 1912): StartPruneInstantAppsJobService took to complete: 0ms
06-22 07:04:50.335 I/SystemServer( 1912): StartShortcutServiceLifecycle
06-22 07:04:50.335 I/SystemServiceManager( 1912): Starting com.android.server.pm.ShortcutService$Lifecycle
06-22 07:04:50.335 D/SystemServerTiming( 1912): StartShortcutServiceLifecycle took to complete: 1ms
06-22 07:04:50.335 I/SystemServer( 1912): StartLauncherAppsService
06-22 07:04:50.335 I/SystemServiceManager( 1912): Starting com.android.server.pm.LauncherAppsService
06-22 07:04:50.336 D/SystemServerTiming( 1912): StartLauncherAppsService took to complete: 0ms
06-22 07:04:50.336 I/SystemServer( 1912): StartCrossProfileAppsService
06-22 07:04:50.336 I/SystemServiceManager( 1912): Starting com.android.server.pm.CrossProfileAppsService
06-22 07:04:50.336 D/SystemServerTiming( 1912): StartCrossProfileAppsService took to complete: 0ms
06-22 07:04:50.336 I/SystemServer( 1912): StartMediaProjectionManager
06-22 07:04:50.336 I/SystemServiceManager( 1912): Starting com.android.server.media.projection.MediaProjectionManagerService
06-22 07:04:50.337 V/MediaRouter( 1912): Selecting route: RouteInfo{ name=Phone, description=null, status=null, category=RouteCategory{ name=System types=ROUTE_TYPE_LIVE_AUDIO ROUTE_TYPE_LIVE_VIDEO  groupable=false }, supportedTypes=ROUTE_TYPE_LIVE_AUDIO ROUTE_TYPE_LIVE_VIDEO , presentationDisplay=null }
06-22 07:04:50.338 D/SystemServerTiming( 1912): StartMediaProjectionManager took to complete: 2ms
06-22 07:04:50.338 I/SystemServer( 1912): StartSliceManagerService
06-22 07:04:50.338 I/SystemServiceManager( 1912): Starting com.android.server.slice.SliceManagerService$Lifecycle
06-22 07:04:50.340 D/SystemServerTiming( 1912): StartSliceManagerService took to complete: 2ms
06-22 07:04:50.340 I/SystemServer( 1912): StartCameraServiceProxy
06-22 07:04:50.340 I/SystemServiceManager( 1912): Starting com.android.server.camera.CameraServiceProxy
06-22 07:04:50.341 D/SystemServerTiming( 1912): StartCameraServiceProxy took to complete: 2ms
06-22 07:04:50.341 I/SystemServer( 1912): StartStatsCompanionService
06-22 07:04:50.341 I/SystemServiceManager( 1912): Starting com.android.server.stats.StatsCompanionService$Lifecycle
06-22 07:04:50.342 I/StatsCompanionService( 1912): register thermal listener successfully
06-22 07:04:50.346 E/KernelCpuThreadReader( 1912): Failed to initialize KernelCpuThreadReader
06-22 07:04:50.346 E/KernelCpuThreadReader( 1912): java.nio.file.NoSuchFileException: /proc/self/time_in_state
06-22 07:04:50.346 E/KernelCpuThreadReader( 1912): 	at sun.nio.fs.UnixFileSystemProvider.newByteChannel(UnixFileSystemProvider.java:214)
06-22 07:04:50.346 E/KernelCpuThreadReader( 1912): 	at java.nio.file.Files.newByteChannel(Files.java:361)
06-22 07:04:50.346 E/KernelCpuThreadReader( 1912): 	at java.nio.file.Files.newByteChannel(Files.java:407)
06-22 07:04:50.346 E/KernelCpuThreadReader( 1912): 	at java.nio.file.Files.readAllBytes(Files.java:3152)
06-22 07:04:50.346 E/KernelCpuThreadReader( 1912): 	at com.android.internal.os.ProcTimeInStateReader.initializeTimeInStateFormat(ProcTimeInStateReader.java:163)
06-22 07:04:50.346 E/KernelCpuThreadReader( 1912): 	at com.android.internal.os.ProcTimeInStateReader.<init>(ProcTimeInStateReader.java:110)
06-22 07:04:50.346 E/KernelCpuThreadReader( 1912): 	at com.android.internal.os.KernelCpuThreadReader.<init>(KernelCpuThreadReader.java:137)
06-22 07:04:50.346 E/KernelCpuThreadReader( 1912): 	at com.android.internal.os.KernelCpuThreadReader.create(KernelCpuThreadReader.java:150)
06-22 07:04:50.346 E/KernelCpuThreadReader( 1912): 	at com.android.internal.os.KernelCpuThreadReaderSettingsObserver.<init>(KernelCpuThreadReaderSettingsObserver.java:94)
06-22 07:04:50.346 E/KernelCpuThreadReader( 1912): 	at com.android.internal.os.KernelCpuThreadReaderSettingsObserver.getSettingsModifiedReader(KernelCpuThreadReaderSettingsObserver.java:79)
06-22 07:04:50.346 E/KernelCpuThreadReader( 1912): 	at com.android.server.stats.StatsCompanionService.<init>(StatsCompanionService.java:377)
06-22 07:04:50.346 E/KernelCpuThreadReader( 1912): 	at com.android.server.stats.StatsCompanionService$Lifecycle.onStart(StatsCompanionService.java:2539)
06-22 07:04:50.346 E/KernelCpuThreadReader( 1912): 	at com.android.server.SystemServiceManager.startService(SystemServiceManager.java:129)
06-22 07:04:50.346 E/KernelCpuThreadReader( 1912): 	at com.android.server.SystemServiceManager.startService(SystemServiceManager.java:116)
06-22 07:04:50.346 E/KernelCpuThreadReader( 1912): 	at com.android.server.SystemServer.startOtherServices(SystemServer.java:1879)
06-22 07:04:50.346 E/KernelCpuThreadReader( 1912): 	at com.android.server.SystemServer.run(SystemServer.java:512)
06-22 07:04:50.346 E/KernelCpuThreadReader( 1912): 	at com.android.server.SystemServer.main(SystemServer.java:349)
06-22 07:04:50.346 E/KernelCpuThreadReader( 1912): 	at java.lang.reflect.Method.invoke(Native Method)
06-22 07:04:50.346 E/KernelCpuThreadReader( 1912): 	at com.android.internal.os.RuntimeInit$MethodAndArgsCaller.run(RuntimeInit.java:492)
06-22 07:04:50.346 E/KernelCpuThreadReader( 1912): 	at com.android.internal.os.ZygoteInit.main(ZygoteInit.java:908)
06-22 07:04:50.346 D/SystemServerTiming( 1912): StartStatsCompanionService took to complete: 5ms
06-22 07:04:50.347 I/SystemServer( 1912): StartIncidentCompanionService
06-22 07:04:50.347 I/SystemServiceManager( 1912): Starting com.android.server.incident.IncidentCompanionService
06-22 07:04:50.347 D/SystemServerTiming( 1912): StartIncidentCompanionService took to complete: 0ms
06-22 07:04:50.347 I/SystemServer( 1912): StartMmsService
06-22 07:04:50.347 I/SystemServiceManager( 1912): Starting com.android.server.MmsServiceBroker
06-22 07:04:50.347 D/SystemServerTiming( 1912): StartMmsService took to complete: 1ms
06-22 07:04:50.347 I/SystemServer( 1912): StartAutoFillService
06-22 07:04:50.347 I/SystemServiceManager( 1912): Starting com.android.server.autofill.AutofillManagerService
06-22 07:04:50.348 D/AutofillManagerService( 1912): setLogLevelFromSettings(): level=2, debug=true, verbose=false
06-22 07:04:50.349 D/AutofillManagerService( 1912): setMaxPartitionsFromSettings(): 10
06-22 07:04:50.349 D/AutofillManagerService( 1912): setMaxVisibleDatasetsFromSettings(): 0
06-22 07:04:50.350 E/AutofillManagerServiceImpl( 1912): Bad service name: com.google.android.gms/.autofill.service.AutofillService
06-22 07:04:50.350 D/AutofillManagerServiceImpl( 1912): Reset component for user 0:com.google.android.gms/.autofill.service.AutofillService
06-22 07:04:50.350 D/AutofillUI( 1912): destroySaveUiUiThread(): already destroyed
