06-18 07:19:46.133 W/SurfaceFlinger( 1708): Ignoring VSYNC request while display is disconnected
06-18 07:19:46.133 W/SurfaceFlinger( 1708): Ignoring VSYNC request while display is disconnected
06-18 07:19:46.134 W/SurfaceFlinger( 1708): Ignoring VSYNC request while display is disconnected
06-18 07:19:46.134 D/RenderEngine( 1708): RenderEngine GLES Backend
06-18 07:19:46.134 D/libEGL  ( 1708): Emulator has host GPU support, qemu.gles is set to 1.
06-18 07:19:46.134 I/ServiceManagement( 1676): Registered android.hardware.drm@1.0::IDrmFactory/default (start delay of 662ms)
06-18 07:19:46.134 I/ServiceManagement( 1676): Removing namespace from process name android.hardware.drm@1.0-service to drm@1.0-service.
06-18 07:19:46.134 I/        ( 1676): Registration complete for android.hardware.drm@1.0::IDrmFactory/default.
06-18 07:19:46.135 I/ServiceManagement( 1676): Registered android.hardware.drm@1.0::ICryptoFactory/default (start delay of 664ms)
06-18 07:19:46.135 I/ServiceManagement( 1676): Removing namespace from process name android.hardware.drm@1.0-service to drm@1.0-service.
06-18 07:19:46.135 I/        ( 1676): Registration complete for android.hardware.drm@1.0::ICryptoFactory/default.
06-18 07:19:46.140 D/libEGL  ( 1708): loaded /vendor/lib64/egl/libEGL_emulation.so
06-18 07:19:46.142 D/libEGL  ( 1708): loaded /vendor/lib64/egl/libGLESv1_CM_emulation.so
06-18 07:19:46.143 D/libEGL  ( 1708): loaded /vendor/lib64/egl/libGLESv2_emulation.so
06-18 07:19:46.149 D/HostConnection( 1708): HostConnection::get() New Host Connection established 0x7f2b480ff5a0, tid 1708
06-18 07:19:46.150 D/HostConnection( 1708): HostComposition ext ANDROID_EMU_CHECKSUM_HELPER_v1 ANDROID_EMU_native_sync_v2 ANDROID_EMU_dma_v1 ANDROID_EMU_direct_mem ANDROID_EMU_host_composition_v1 ANDROID_EMU_host_composition_v2 ANDROID_EMU_vulkan ANDROID_EMU_deferred_vulkan_commands ANDROID_EMU_vulkan_null_optional_strings ANDROID_EMU_vulkan_create_resources_with_requirements ANDROID_EMU_YUV_Cache ANDROID_EMU_vulkan_ignored_handles ANDROID_EMU_vulkan_free_memory_sync ANDROID_EMU_vulkan_shader_float16_int8 ANDROID_EMU_vulkan_async_queue_submit ANDROID_EMU_sync_buffer_data ANDROID_EMU_vulkan_async_qsri ANDROID_EMU_hwc_color_transform GL_OES_EGL_image_external_essl3 GL_OES_vertex_array_object GL_KHR_texture_compression_astc_ldr ANDROID_EMU_host_side_tracing ANDROID_EMU_gles_max_version_3_0 
06-18 07:19:46.159 I/RenderEngine( 1708): EGL information:
06-18 07:19:46.159 I/RenderEngine( 1708): vendor    : Android
06-18 07:19:46.160 I/RenderEngine( 1708): version   : 1.4 Android META-EGL
06-18 07:19:46.160 I/RenderEngine( 1708): extensions: EGL_KHR_get_all_proc_addresses EGL_ANDROID_presentation_time EGL_KHR_swap_buffers_with_damage EGL_ANDROID_get_native_client_buffer EGL_ANDROID_front_buffer_auto_refresh EGL_ANDROID_get_frame_timestamps EGL_EXT_surface_SMPTE2086_metadata EGL_EXT_surface_CTA861_3_metadata EGL_KHR_image EGL_KHR_image_base EGL_KHR_gl_texture_2D_image EGL_KHR_fence_sync EGL_KHR_create_context EGL_ANDROID_image_native_buffer EGL_ANDROID_recordable 
06-18 07:19:46.160 I/RenderEngine( 1708): Client API: OpenGL_ES
06-18 07:19:46.160 I/RenderEngine( 1708): EGLSurface: 8-8-8-8, config=0x5
06-18 07:19:46.160 D/EGL_emulation( 1708): eglCreateContext: 0x7f2b480ff640: maj 3 min 0 rcv 3
06-18 07:19:46.161 D/EGL_emulation( 1708): eglMakeCurrent: 0x7f2b480ff640: ver 3 0 (tinfo 0x7f2b480eef40)
06-18 07:19:46.165 I/RenderEngine( 1708): OpenGL ES informations:
06-18 07:19:46.165 I/RenderEngine( 1708): vendor    : Google (Google Inc.)
06-18 07:19:46.165 I/RenderEngine( 1708): renderer  : Android Emulator OpenGL ES Translator (Google SwiftShader)
06-18 07:19:46.165 I/RenderEngine( 1708): version   : OpenGL ES 3.0 (OpenGL ES 3.0 SwiftShader 4.0.0.1)
06-18 07:19:46.165 I/RenderEngine( 1708): extensions: GL_EXT_debug_marker GL_EXT_robustness GL_OES_EGL_sync GL_OES_EGL_image GL_OES_EGL_image_external GL_OES_depth24 GL_OES_depth32 GL_OES_element_index_uint GL_OES_texture_float GL_OES_texture_float_linear GL_OES_compressed_paletted_texture GL_OES_compressed_ETC1_RGB8_texture GL_OES_depth_texture GL_OES_texture_half_float GL_OES_texture_half_float_linear GL_OES_packed_depth_stencil GL_OES_vertex_half_float GL_OES_standard_derivatives GL_OES_texture_npot GL_OES_rgb8_rgba8 GL_EXT_color_buffer_float GL_EXT_color_buffer_half_float GL_EXT_texture_format_BGRA8888 GL_APPLE_texture_format_BGRA8888 ANDROID_EMU_CHECKSUM_HELPER_v1 ANDROID_EMU_native_sync_v2 ANDROID_EMU_dma_v1 ANDROID_EMU_direct_mem ANDROID_EMU_host_composition_v1 ANDROID_EMU_host_composition_v2 ANDROID_EMU_vulkan ANDROID_EMU_deferred_vulkan_commands ANDROID_EMU_vulkan_null_optional_strings ANDROID_EMU_vulkan_create_resources_with_requirements ANDROID_EMU_YUV_Cache ANDROID_EMU_vulkan_ignored_handles ANDROID_EMU_vulkan_free_memory_sync ANDROID_EM
06-18 07:19:46.165 I/RenderEngine( 1708): GL_MAX_TEXTURE_SIZE = 8192
06-18 07:19:46.165 I/RenderEngine( 1708): GL_MAX_VIEWPORT_DIMS = 8192
06-18 07:19:46.176 I/hwservicemanager( 1565): getTransport: Cannot find entry android.hardware.graphics.mapper@3.0::IMapper/default in either framework or device manifest.
06-18 07:19:46.176 D/ComposerHal( 1683): failed to get mapper 3.0 service, falling back to mapper 2.0
06-18 07:19:46.180 I/HWComposer( 1708): Switching to legacy multi-display mode
06-18 07:19:46.199 I/ServiceManager( 1756): Waiting for service 'package_native' on '/dev/binder'...
06-18 07:19:46.207 I/hwservicemanager( 1565): getTransport: Cannot find entry android.hardware.graphics.mapper@3.0::IMapper/default in either framework or device manifest.
06-18 07:19:46.208 W/Gralloc3( 1708): mapper 3.x is not supported
06-18 07:19:46.210 I/hwservicemanager( 1565): getTransport: Cannot find entry android.hardware.graphics.allocator@3.0::IAllocator/default in either framework or device manifest.
06-18 07:19:46.210 W/Gralloc3( 1708): allocator 3.x is not supported
06-18 07:19:46.211 D/gralloc_ranchu( 1681): gralloc_alloc: Creating ashmem region of size 823296
06-18 07:19:46.211 D/HostConnection( 1708): createUnique: call
06-18 07:19:46.212 D/HostConnection( 1708): HostConnection::get() New Host Connection established 0x7f2b480ffbe0, tid 1708
06-18 07:19:46.212 D/HostConnection( 1708): HostComposition ext ANDROID_EMU_CHECKSUM_HELPER_v1 ANDROID_EMU_native_sync_v2 ANDROID_EMU_dma_v1 ANDROID_EMU_direct_mem ANDROID_EMU_host_composition_v1 ANDROID_EMU_host_composition_v2 ANDROID_EMU_vulkan ANDROID_EMU_deferred_vulkan_commands ANDROID_EMU_vulkan_null_optional_strings ANDROID_EMU_vulkan_create_resources_with_requirements ANDROID_EMU_YUV_Cache ANDROID_EMU_vulkan_ignored_handles ANDROID_EMU_vulkan_free_memory_sync ANDROID_EMU_vulkan_shader_float16_int8 ANDROID_EMU_vulkan_async_queue_submit ANDROID_EMU_sync_buffer_data ANDROID_EMU_vulkan_async_qsri ANDROID_EMU_hwc_color_transform GL_OES_EGL_image_external_essl3 GL_OES_vertex_array_object GL_KHR_texture_compression_astc_ldr ANDROID_EMU_host_side_tracing ANDROID_EMU_gles_max_version_3_0 
06-18 07:19:46.212 D/eglCodecCommon( 1708): allocate: Ask for block of size 0x1000
06-18 07:19:46.212 D/eglCodecCommon( 1708): allocate: ioctl allocate returned offset 0x3ffffa000 size 0x2000
06-18 07:19:46.212 D/gralloc_ranchu( 1681): gralloc_alloc: Creating ashmem region of size 823296
06-18 07:19:46.213 D/gralloc_ranchu( 1681): gralloc_alloc: Creating ashmem region of size 823296
06-18 07:19:46.276 I/mediaserver( 1750): ServiceManager: 0xf6be7740
06-18 07:19:46.292 D/EmulatedCamera_QemuClient( 1673): Emulated camera list: 
06-18 07:19:46.292 E/EmulatedCamera_Factory( 1673): 0 cameras are being emulated. 0 of them are fake cameras.
06-18 07:19:46.311 E/hostapd ( 1827): Configuration file: /data/vendor/wifi/hostapd/hostapd.conf
06-18 07:19:46.321 I/hostapd ( 1827): rfkill: Cannot get wiphy information
06-18 07:19:46.326 I/ServiceManager( 1756): Waiting for service 'package_native' on '/dev/binder'...
06-18 07:19:46.330 I/mediametrics( 1752): ServiceManager: 0x799499e2f280
06-18 07:19:46.330 D/MediaAnalyticsService( 1752): MediaAnalyticsService created
06-18 07:19:46.334 I/CamPrvdr@2.4-legacy( 1673): Loaded "Emulated Camera Module" camera module
06-18 07:19:46.335 E/CamPrvdr@2.4-legacy( 1673): setUpVendorTags: Vendor tag operations not fully defined. Ignoring definitions.
06-18 07:19:46.335 E/CamPrvdr@2.4-legacy( 1673): initialize: Vendor tag setup failed, will not be available.
06-18 07:19:46.335 I/ServiceManagement( 1673): Registered android.hardware.camera.provider@2.4::ICameraProvider/legacy/0 (start delay of 873ms)
06-18 07:19:46.335 I/ServiceManagement( 1673): Removing namespace from process name android.hardware.camera.provider@2.4-service to provider@2.4-service.
06-18 07:19:46.335 I/android.hardware.camera.provider@2.4-service( 1673): Registration complete for android.hardware.camera.provider@2.4::ICameraProvider/legacy/0.
06-18 07:19:46.341 I/netd    ( 1662): Setting up StrictController hooks: 341.4ms
06-18 07:19:46.342 I/ClatdController( 1662): 4.9+ kernel and device shipped with P - clat ebpf might work.
06-18 07:19:46.342 I/netd    ( 1662): Initializing ClatdController: 0.1ms
06-18 07:19:46.344 I/netd    ( 1662): Initializing traffic control: 2.1ms
06-18 07:19:46.345 I/netd    ( 1662): Enabling bandwidth control: 1.5ms
06-18 07:19:46.345 E/Netd    ( 1662): cannot find interface dummy0
06-18 07:19:46.346 I/netd    ( 1662): Initializing RouteController: 0.3ms
06-18 07:19:46.346 D/XfrmController( 1662): XfrmController::ipSecAddXfrmInterface, line=1379
06-18 07:19:46.346 D/XfrmController( 1662): XfrmController::ipSecRemoveTunnelInterface, line=1592
06-18 07:19:46.346 D/XfrmController( 1662): deviceName=ipsec_test
06-18 07:19:46.360 V/MediaUtils( 1751): physMem: 2089566208
06-18 07:19:46.360 V/MediaUtils( 1751): requested limit: 417913240
06-18 07:19:46.360 I/libc    ( 1751): malloc_limit: Allocation limit enabled, max size 417913240 bytes
06-18 07:19:46.371 I/hostapd ( 1827): wlan1: interface state UNINITIALIZED->COUNTRY_UPDATE
06-18 07:19:46.381 D/XfrmController( 1662): Sending Netlink XFRM Message: XFRM_MSG_FLUSHSA
06-18 07:19:46.381 D/XfrmController( 1662): Sending Netlink XFRM Message: XFRM_MSG_FLUSHPOLICY
06-18 07:19:46.381 I/netd    ( 1662): Initializing XfrmController: 35.8ms
06-18 07:19:46.382 E/Netd    ( 1662): Unable to create netlink socket for family 5: Protocol not supported
06-18 07:19:46.382 W/Netd    ( 1662): Unable to open qlog quota socket, check if xt_quota2 can send via UeventHandler
06-18 07:19:46.405 I/libnetd_resolv( 1662): resolv_init: Initializing resolver
06-18 07:19:46.406 W//system/bin/mediaextractor( 1751): Could not read additional policy file '/vendor/etc/seccomp_policy/mediaextractor.policy'
06-18 07:19:46.406 W//system/bin/mediaextractor( 1751): libminijail[1751]: failed to get path of fd 4: No such file or directory
06-18 07:19:46.406 W//system/bin/mediaextractor( 1751): libminijail[1751]: allowing syscall: socket
06-18 07:19:46.406 W//system/bin/mediaextractor( 1751): libminijail[1751]: allowing syscall: connect
06-18 07:19:46.406 W//system/bin/mediaextractor( 1751): libminijail[1751]: allowing syscall: fcntl
06-18 07:19:46.406 W//system/bin/mediaextractor( 1751): libminijail[1751]: allowing syscall: writev
06-18 07:19:46.410 D/MDnsDS  ( 1662): MDnsSdListener::Hander starting up
06-18 07:19:46.411 I/media.codec( 1763): mediacodecservice starting
06-18 07:19:46.412 D/AndroidRuntime( 1663): >>>>>> START com.android.internal.os.ZygoteInit uid 0 <<<<<<
06-18 07:19:46.414 W/media.codec( 1763): Could not read additional policy file '/vendor/etc/seccomp_policy/mediacodec.policy'
06-18 07:19:46.414 W/media.codec( 1763): libminijail[1763]: failed to get path of fd 4: No such file or directory
06-18 07:19:46.414 W/media.codec( 1763): libminijail[1763]: allowing syscall: socketcall
06-18 07:19:46.414 W/media.codec( 1763): libminijail[1763]: allowing syscall: writev
06-18 07:19:46.414 W/media.codec( 1763): libminijail[1763]: allowing syscall: fcntl64
06-18 07:19:46.414 W/media.codec( 1763): libminijail[1763]: allowing syscall: clock_gettime
06-18 07:19:46.414 W/media.codec( 1763): libminijail[1763]: compile_file: <fd>(34): nonexistent syscall 'newfstatat'
06-18 07:19:46.415 D/MDnsDS  ( 1662): MDnsSdListener starting to monitor
06-18 07:19:46.415 D/MDnsDS  ( 1662): Going to poll with pollCount 1
06-18 07:19:46.416 W/media.codec( 1763): libminijail[1763]: logging seccomp filter failures
06-18 07:19:46.417 D/GoldfishOMXPlugin( 1763): called createOMXPlugin for Goldfish
06-18 07:19:46.417 D/GoldfishOMXPlugin( 1763): useAndroidGoldfishComponentInstance 73 found prop ro.kernel.qemu.hwcodec.vpxdec val 2
06-18 07:19:46.418 D/GoldfishOMXPlugin( 1763): found and use kComponents[i].name OMX.android.goldfish.vp8.decoder
06-18 07:19:46.418 D/GoldfishOMXPlugin( 1763): useAndroidGoldfishComponentInstance 73 found prop ro.kernel.qemu.hwcodec.vpxdec val 2
06-18 07:19:46.418 D/GoldfishOMXPlugin( 1763): found and use kComponents[i].name OMX.android.goldfish.vp9.decoder
06-18 07:19:46.418 D/GoldfishOMXPlugin( 1763): useAndroidGoldfishComponentInstance 73 found prop ro.kernel.qemu.hwcodec.avcdec val 2
06-18 07:19:46.418 D/GoldfishOMXPlugin( 1763): found and use kComponents[i].name OMX.android.goldfish.h264.decoder
06-18 07:19:46.418 D/GoldfishOMXPlugin( 1763): enumerate OMX.android.goldfish.vp8.decoder component
06-18 07:19:46.418 D/GoldfishOMXPlugin( 1763): enumerate OMX.android.goldfish.vp9.decoder component
06-18 07:19:46.418 D/GoldfishOMXPlugin( 1763): enumerate OMX.android.goldfish.h264.decoder component
06-18 07:19:46.420 I/hwservicemanager( 1565): getTransport: Cannot find entry android.hardware.audio@5.0::IDevicesFactory/default in either framework or device manifest.
06-18 07:19:46.420 I/netd    ( 1662): Registering NetdNativeService: 9.6ms
06-18 07:19:46.421 E/audiohalservice( 1671): Could not get passthrough implementation for android.hardware.audio@5.0::IDevicesFactory/default.
06-18 07:19:46.423 I/ServiceManagement( 1671): Registered android.hardware.audio@4.0::IDevicesFactory/default (start delay of 972ms)
06-18 07:19:46.423 I/ServiceManagement( 1671): Removing namespace from process name android.hardware.audio@2.0-service to audio@2.0-service.
06-18 07:19:46.423 I/audiohalservice( 1671): Registration complete for android.hardware.audio@4.0::IDevicesFactory/default.
06-18 07:19:46.423 I/hwservicemanager( 1565): getTransport: Cannot find entry android.hardware.audio.effect@5.0::IEffectsFactory/default in either framework or device manifest.
06-18 07:19:46.424 E/audiohalservice( 1671): Could not get passthrough implementation for android.hardware.audio.effect@5.0::IEffectsFactory/default.
06-18 07:19:46.426 I/ServiceManagement( 1662): Registered android.system.net.netd@1.1::INetd/default (start delay of 1024ms)
06-18 07:19:46.426 I/netd    ( 1662): Registering NetdHwService: 5.5ms
06-18 07:19:46.426 I/netd    ( 1662): Netd started in 966ms
06-18 07:19:46.429 I/ServiceManagement( 1671): Registered android.hardware.audio.effect@4.0::IEffectsFactory/default (start delay of 977ms)
06-18 07:19:46.429 I/audiohalservice( 1671): Registration complete for android.hardware.audio.effect@4.0::IEffectsFactory/default.
06-18 07:19:46.429 I/hwservicemanager( 1565): getTransport: Cannot find entry android.hardware.soundtrigger@2.2::ISoundTriggerHw/default in either framework or device manifest.
06-18 07:19:46.429 E/audiohalservice( 1671): Could not get passthrough implementation for android.hardware.soundtrigger@2.2::ISoundTriggerHw/default.
06-18 07:19:46.429 I/hwservicemanager( 1565): getTransport: Cannot find entry android.hardware.soundtrigger@2.1::ISoundTriggerHw/default in either framework or device manifest.
06-18 07:19:46.429 E/audiohalservice( 1671): Could not get passthrough implementation for android.hardware.soundtrigger@2.1::ISoundTriggerHw/default.
06-18 07:19:46.429 I/hwservicemanager( 1565): getTransport: Cannot find entry android.hardware.soundtrigger@2.0::ISoundTriggerHw/default in either framework or device manifest.
06-18 07:19:46.430 I/SoftOMXPlugin( 1763): createOMXPlugin
06-18 07:19:46.430 D/MediaCodecsXmlParser( 1763): parsing /vendor/etc/media_codecs.xml...
06-18 07:19:46.436 E/SoundTriggerHalImpl( 1671): couldn't load sound trigger module sound_trigger.primary (No such file or directory)
06-18 07:19:46.436 I/ServiceManagement( 1671): Registered android.hardware.soundtrigger@2.0::ISoundTriggerHw/default (start delay of 985ms)
06-18 07:19:46.436 I/audiohalservice( 1671): Registration complete for android.hardware.soundtrigger@2.0::ISoundTriggerHw/default.
06-18 07:19:46.436 I/hwservicemanager( 1565): getTransport: Cannot find entry android.hardware.bluetooth.audio@2.0::IBluetoothAudioProvidersFactory/default in either framework or device manifest.
06-18 07:19:46.436 E/audiohalservice( 1671): Could not get passthrough implementation for android.hardware.bluetooth.audio@2.0::IBluetoothAudioProvidersFactory/default.
06-18 07:19:46.436 W/audiohalservice( 1671): Could not register Bluetooth Audio API 2.0
06-18 07:19:46.436 I/hwservicemanager( 1565): getTransport: Cannot find entry android.hardware.bluetooth.a2dp@1.0::IBluetoothAudioOffload/default in either framework or device manifest.
06-18 07:19:46.437 E/audiohalservice( 1671): Could not get passthrough implementation for android.hardware.bluetooth.a2dp@1.0::IBluetoothAudioOffload/default.
06-18 07:19:46.437 W/audiohalservice( 1671): Could not register Bluetooth audio offload 1.0
06-18 07:19:46.437 D/MediaCodecsXmlParser( 1763): parsing /vendor/etc/media_codecs_google_audio.xml...
06-18 07:19:46.437 I/MediaCodecsXmlParser( 1763): limit: max-channel-count = 2
06-18 07:19:46.437 I/MediaCodecsXmlParser( 1763): limit: sample-rate-ranges = 8000,11025,12000,16000,22050,24000,32000,44100,48000
06-18 07:19:46.437 I/MediaCodecsXmlParser( 1763): limit: bitrate-range = 8000-320000
06-18 07:19:46.437 I/MediaCodecsXmlParser( 1763): limit: max-channel-count = 1
06-18 07:19:46.437 I/MediaCodecsXmlParser( 1763): limit: sample-rate-ranges = 8000
06-18 07:19:46.437 I/MediaCodecsXmlParser( 1763): limit: bitrate-range = 4750-12200
06-18 07:19:46.437 I/MediaCodecsXmlParser( 1763): limit: max-channel-count = 1
06-18 07:19:46.437 I/MediaCodecsXmlParser( 1763): limit: sample-rate-ranges = 16000
06-18 07:19:46.437 I/MediaCodecsXmlParser( 1763): limit: bitrate-range = 6600-23850
06-18 07:19:46.437 I/MediaCodecsXmlParser( 1763): limit: max-channel-count = 8
06-18 07:19:46.437 I/MediaCodecsXmlParser( 1763): limit: sample-rate-ranges = 7350,8000,11025,12000,16000,22050,24000,32000,44100,48000
06-18 07:19:46.437 I/MediaCodecsXmlParser( 1763): limit: bitrate-range = 8000-960000
06-18 07:19:46.437 I/MediaCodecsXmlParser( 1763): limit: max-channel-count = 1
06-18 07:19:46.438 I/MediaCodecsXmlParser( 1763): limit: sample-rate-ranges = 8000-48000
06-18 07:19:46.438 I/MediaCodecsXmlParser( 1763): limit: bitrate-range = 64000
06-18 07:19:46.438 I/MediaCodecsXmlParser( 1763): limit: max-channel-count = 1
06-18 07:19:46.438 I/MediaCodecsXmlParser( 1763): limit: sample-rate-ranges = 8000-48000
06-18 07:19:46.438 I/MediaCodecsXmlParser( 1763): limit: bitrate-range = 64000
06-18 07:19:46.438 I/MediaCodecsXmlParser( 1763): limit: max-channel-count = 8
06-18 07:19:46.438 I/MediaCodecsXmlParser( 1763): limit: sample-rate-ranges = 8000-96000
06-18 07:19:46.438 I/MediaCodecsXmlParser( 1763): limit: bitrate-range = 32000-500000
06-18 07:19:46.438 I/MediaCodecsXmlParser( 1763): limit: max-channel-count = 8
06-18 07:19:46.438 I/MediaCodecsXmlParser( 1763): limit: sample-rate-ranges = 48000
06-18 07:19:46.438 I/MediaCodecsXmlParser( 1763): limit: bitrate-range = 6000-510000
06-18 07:19:46.438 I/MediaCodecsXmlParser( 1763): limit: max-channel-count = 8
06-18 07:19:46.438 I/MediaCodecsXmlParser( 1763): limit: sample-rate-ranges = 8000-192000
06-18 07:19:46.438 I/MediaCodecsXmlParser( 1763): limit: bitrate-range = 1-10000000
06-18 07:19:46.438 I/MediaCodecsXmlParser( 1763): limit: max-channel-count = 8
06-18 07:19:46.438 I/MediaCodecsXmlParser( 1763): limit: sample-rate-ranges = 1-655350
06-18 07:19:46.438 I/MediaCodecsXmlParser( 1763): limit: bitrate-range = 1-21000000
06-18 07:19:46.438 I/MediaCodecsXmlParser( 1763): limit: max-channel-count = 6
06-18 07:19:46.438 I/MediaCodecsXmlParser( 1763): limit: sample-rate-ranges = 8000,11025,12000,16000,22050,24000,32000,44100,48000
06-18 07:19:46.438 I/MediaCodecsXmlParser( 1763): limit: bitrate-range = 8000-960000
06-18 07:19:46.438 I/MediaCodecsXmlParser( 1763): limit: max-channel-count = 1
06-18 07:19:46.438 I/MediaCodecsXmlParser( 1763): limit: sample-rate-ranges = 8000
06-18 07:19:46.438 I/MediaCodecsXmlParser( 1763): limit: bitrate-range = 4750-12200
06-18 07:19:46.438 I/MediaCodecsXmlParser( 1763): limit: feature-bitrate-modes = CBR
06-18 07:19:46.438 I/MediaCodecsXmlParser( 1763): limit: max-channel-count = 1
06-18 07:19:46.438 I/MediaCodecsXmlParser( 1763): limit: sample-rate-ranges = 16000
06-18 07:19:46.438 I/MediaCodecsXmlParser( 1763): limit: bitrate-range = 6600-23850
06-18 07:19:46.438 I/MediaCodecsXmlParser( 1763): limit: feature-bitrate-modes = CBR
06-18 07:19:46.438 I/MediaCodecsXmlParser( 1763): limit: max-channel-count = 2
06-18 07:19:46.438 I/MediaCodecsXmlParser( 1763): limit: sample-rate-ranges = 1-655350
06-18 07:19:46.438 I/MediaCodecsXmlParser( 1763): limit: bitrate-range = 1-21000000
06-18 07:19:46.438 I/MediaCodecsXmlParser( 1763): limit: complexity-default = 5
06-18 07:19:46.438 I/MediaCodecsXmlParser( 1763): limit: complexity-range = 0-8
06-18 07:19:46.438 I/MediaCodecsXmlParser( 1763): limit: feature-bitrate-modes = CQ
06-18 07:19:46.438 D/MediaCodecsXmlParser( 1763): parsing /vendor/etc/media_codecs_google_telephony.xml...
06-18 07:19:46.439 I/MediaCodecsXmlParser( 1763): limit: max-channel-count = 1
06-18 07:19:46.439 I/MediaCodecsXmlParser( 1763): limit: sample-rate-ranges = 8000
06-18 07:19:46.439 I/MediaCodecsXmlParser( 1763): limit: bitrate-range = 13000
06-18 07:19:46.439 D/MediaCodecsXmlParser( 1763): parsing /vendor/etc/media_codecs_google_video.xml...
06-18 07:19:46.445 I/MediaCodecsXmlParser( 1763): limit: size-range = 2x2-352x288
06-18 07:19:46.445 I/MediaCodecsXmlParser( 1763): limit: alignment = 2x2
06-18 07:19:46.445 I/MediaCodecsXmlParser( 1763): limit: block-size = 16x16
06-18 07:19:46.445 I/MediaCodecsXmlParser( 1763): limit: blocks-per-second-range = 12-11880
06-18 07:19:46.445 I/MediaCodecsXmlParser( 1763): limit: bitrate-range = 1-384000
06-18 07:19:46.445 I/MediaCodecsXmlParser( 1763): limit: performance-point-1920x1080-range = 30-30
06-18 07:19:46.445 I/MediaCodecsXmlParser( 1763): limit: feature-adaptive-playback = 0
06-18 07:19:46.445 I/MediaCodecsXmlParser( 1763): limit: size-range = 2x2-352x288
06-18 07:19:46.445 I/MediaCodecsXmlParser( 1763): limit: alignment = 2x2
06-18 07:19:46.445 I/MediaCodecsXmlParser( 1763): limit: bitrate-range = 1-384000
06-18 07:19:46.445 I/MediaCodecsXmlParser( 1763): limit: performance-point-1920x1080-range = 30-30
06-18 07:19:46.445 I/MediaCodecsXmlParser( 1763): limit: feature-adaptive-playback = 0
06-18 07:19:46.445 I/MediaCodecsXmlParser( 1763): limit: size-range = 96x96-3840x2160
06-18 07:19:46.445 I/MediaCodecsXmlParser( 1763): limit: alignment = 2x2
06-18 07:19:46.445 I/MediaCodecsXmlParser( 1763): limit: block-size = 16x16
06-18 07:19:46.445 I/MediaCodecsXmlParser( 1763): limit: blocks-per-second-range = 24-2073600
06-18 07:19:46.445 I/MediaCodecsXmlParser( 1763): limit: bitrate-range = 1-120000000
06-18 07:19:46.445 I/MediaCodecsXmlParser( 1763): limit: frame-rate-range = 1-480
06-18 07:19:46.445 I/MediaCodecsXmlParser( 1763): limit: performance-point-3840x2160-range = 60-60
06-18 07:19:46.445 I/MediaCodecsXmlParser( 1763): limit: measured-frame-rate-320x240-range = 257-266
06-18 07:19:46.445 I/MediaCodecsXmlParser( 1763): limit: measured-frame-rate-720x480-range = 262-264
06-18 07:19:46.445 I/MediaCodecsXmlParser( 1763): limit: measured-frame-rate-1280x720-range = 227-251
06-18 07:19:46.445 I/MediaCodecsXmlParser( 1763): limit: measured-frame-rate-1920x1080-range = 235-247
06-18 07:19:46.445 I/MediaCodecsXmlParser( 1763): limit: measured-frame-rate-3840x2160-range = 235-247
06-18 07:19:46.445 I/MediaCodecsXmlParser( 1763): limit: feature-adaptive-playback = 0
06-18 07:19:46.445 I/MediaCodecsXmlParser( 1763): limit: size-range = 2x2-2560x2560
06-18 07:19:46.445 I/MediaCodecsXmlParser( 1763): limit: alignment = 2x2
06-18 07:19:46.445 I/MediaCodecsXmlParser( 1763): limit: block-size = 16x16
06-18 07:19:46.445 I/MediaCodecsXmlParser( 1763): limit: blocks-per-second-range = 24-2073600
06-18 07:19:46.445 I/MediaCodecsXmlParser( 1763): limit: bitrate-range = 1-120000000
06-18 07:19:46.445 I/MediaCodecsXmlParser( 1763): limit: frame-rate-range = 1-480
06-18 07:19:46.445 I/MediaCodecsXmlParser( 1763): limit: performance-point-1920x1088-range = 30-30
06-18 07:19:46.445 I/MediaCodecsXmlParser( 1763): limit: measured-frame-rate-320x240-range = 183-183
06-18 07:19:46.445 I/MediaCodecsXmlParser( 1763): limit: measured-frame-rate-720x480-range = 181-181
06-18 07:19:46.445 I/MediaCodecsXmlParser( 1763): limit: measured-frame-rate-1280x720-range = 182-184
06-18 07:19:46.445 I/MediaCodecsXmlParser( 1763): limit: measured-frame-rate-1920x1080-range = 30-40
06-18 07:19:46.445 I/MediaCodecsXmlParser( 1763): limit: feature-adaptive-playback = 0
06-18 07:19:46.445 I/MediaCodecsXmlParser( 1763): limit: size-range = 2x2-2048x2048
06-18 07:19:46.445 I/MediaCodecsXmlParser( 1763): limit: alignment = 2x2
06-18 07:19:46.445 I/MediaCodecsXmlParser( 1763): limit: block-size = 8x8
06-18 07:19:46.445 I/MediaCodecsXmlParser( 1763): limit: block-count-range = 1-139264
06-18 07:19:46.446 I/MediaCodecsXmlParser( 1763): limit: blocks-per-second-range = 1-2000000
06-18 07:19:46.446 I/MediaCodecsXmlParser( 1763): limit: bitrate-range = 1-10000000
06-18 07:19:46.446 I/MediaCodecsXmlParser( 1763): limit: performance-point-1920x1080-range = 30-30
06-18 07:19:46.446 I/MediaCodecsXmlParser( 1763): limit: feature-adaptive-playback = 0
06-18 07:19:46.446 I/MediaCodecsXmlParser( 1763): limit: size-range = 144x144-3840x2160
06-18 07:19:46.446 I/MediaCodecsXmlParser( 1763): limit: alignment = 2x2
06-18 07:19:46.446 I/MediaCodecsXmlParser( 1763): limit: block-size = 16x16
06-18 07:19:46.446 I/MediaCodecsXmlParser( 1763): limit: blocks-per-second-range = 24-2073600
06-18 07:19:46.446 I/MediaCodecsXmlParser( 1763): limit: bitrate-range = 1-120000000
06-18 07:19:46.446 I/MediaCodecsXmlParser( 1763): limit: frame-rate-range = 1-480
06-18 07:19:46.446 I/MediaCodecsXmlParser( 1763): limit: performance-point-3840x2160-range = 60-60
06-18 07:19:46.446 I/MediaCodecsXmlParser( 1763): limit: measured-frame-rate-320x180-range = 743-817
06-18 07:19:46.446 I/MediaCodecsXmlParser( 1763): limit: measured-frame-rate-640x360-range = 582-602
06-18 07:19:46.446 I/MediaCodecsXmlParser( 1763): limit: measured-frame-rate-1280x720-range = 237-258
06-18 07:19:46.446 I/MediaCodecsXmlParser( 1763): limit: measured-frame-rate-1920x1080-range = 148-151
06-18 07:19:46.446 I/MediaCodecsXmlParser( 1763): limit: measured-frame-rate-3840x2160-range = 30-90
06-18 07:19:46.446 I/MediaCodecsXmlParser( 1763): limit: feature-adaptive-playback = 0
06-18 07:19:46.446 I/MediaCodecsXmlParser( 1763): limit: size-range = 144x144-3840x2160
06-18 07:19:46.446 I/MediaCodecsXmlParser( 1763): limit: alignment = 2x2
06-18 07:19:46.446 I/MediaCodecsXmlParser( 1763): limit: block-size = 16x16
06-18 07:19:46.446 I/MediaCodecsXmlParser( 1763): limit: blocks-per-second-range = 24-2073600
06-18 07:19:46.446 I/MediaCodecsXmlParser( 1763): limit: bitrate-range = 1-120000000
06-18 07:19:46.446 I/MediaCodecsXmlParser( 1763): limit: frame-rate-range = 1-480
06-18 07:19:46.446 I/MediaCodecsXmlParser( 1763): limit: performance-point-3840x2160-range = 60-60
06-18 07:19:46.446 I/MediaCodecsXmlParser( 1763): limit: measured-frame-rate-320x180-range = 743-817
06-18 07:19:46.446 I/MediaCodecsXmlParser( 1763): limit: measured-frame-rate-640x360-range = 582-602
06-18 07:19:46.446 I/MediaCodecsXmlParser( 1763): limit: measured-frame-rate-1280x720-range = 237-258
06-18 07:19:46.446 I/MediaCodecsXmlParser( 1763): limit: measured-frame-rate-1920x1080-range = 50-60
06-18 07:19:46.446 I/MediaCodecsXmlParser( 1763): limit: measured-frame-rate-3840x2160-range = 30-90
06-18 07:19:46.446 I/MediaCodecsXmlParser( 1763): limit: feature-adaptive-playback = 0
06-18 07:19:46.446 I/MediaCodecsXmlParser( 1763): limit: size-range = 2x2-2560x2560
06-18 07:19:46.446 I/MediaCodecsXmlParser( 1763): limit: alignment = 2x2
06-18 07:19:46.446 I/MediaCodecsXmlParser( 1763): limit: block-size = 16x16
06-18 07:19:46.446 I/MediaCodecsXmlParser( 1763): limit: blocks-per-second-range = 24-2073600
06-18 07:19:46.446 I/MediaCodecsXmlParser( 1763): limit: bitrate-range = 1-120000000
06-18 07:19:46.446 I/MediaCodecsXmlParser( 1763): limit: frame-rate-range = 1-480
06-18 07:19:46.446 I/MediaCodecsXmlParser( 1763): limit: performance-point-1920x1088-range = 60-60
06-18 07:19:46.446 I/MediaCodecsXmlParser( 1763): limit: measured-frame-rate-320x240-range = 183-183
06-18 07:19:46.446 I/MediaCodecsXmlParser( 1763): limit: measured-frame-rate-720x480-range = 181-181
06-18 07:19:46.446 I/MediaCodecsXmlParser( 1763): limit: measured-frame-rate-1280x720-range = 182-184
06-18 07:19:46.446 I/MediaCodecsXmlParser( 1763): limit: measured-frame-rate-1920x1088-range = 50-60
06-18 07:19:46.446 I/MediaCodecsXmlParser( 1763): limit: measured-frame-rate-2560x1440-range = 30-40
06-18 07:19:46.446 I/MediaCodecsXmlParser( 1763): limit: feature-adaptive-playback = 0
06-18 07:19:46.446 I/MediaCodecsXmlParser( 1763): limit: size-range = 2x2-2560x2560
06-18 07:19:46.446 I/MediaCodecsXmlParser( 1763): limit: alignment = 2x2
06-18 07:19:46.446 I/MediaCodecsXmlParser( 1763): limit: block-size = 16x16
06-18 07:19:46.446 I/MediaCodecsXmlParser( 1763): limit: blocks-per-second-range = 24-2073600
06-18 07:19:46.446 I/MediaCodecsXmlParser( 1763): limit: bitrate-range = 1-120000000
06-18 07:19:46.446 I/MediaCodecsXmlParser( 1763): limit: frame-rate-range = 1-480
06-18 07:19:46.446 I/MediaCodecsXmlParser( 1763): limit: performance-point-1920x1088-range = 60-60
06-18 07:19:46.446 I/MediaCodecsXmlParser( 1763): limit: measured-frame-rate-320x240-range = 183-183
06-18 07:19:46.446 I/MediaCodecsXmlParser( 1763): limit: measured-frame-rate-720x480-range = 181-181
06-18 07:19:46.446 I/MediaCodecsXmlParser( 1763): limit: measured-frame-rate-1280x720-range = 121-125
06-18 07:19:46.446 I/MediaCodecsXmlParser( 1763): limit: measured-frame-rate-1920x1088-range = 148-151
06-18 07:19:46.446 I/MediaCodecsXmlParser( 1763): limit: measured-frame-rate-2560x1440-range = 30-40
06-18 07:19:46.446 I/MediaCodecsXmlParser( 1763): limit: feature-adaptive-playback = 0
06-18 07:19:46.446 I/MediaCodecsXmlParser( 1763): limit: size-range = 176x144-176x144
06-18 07:19:46.446 I/MediaCodecsXmlParser( 1763): limit: alignment = 16x16
06-18 07:19:46.446 I/MediaCodecsXmlParser( 1763): limit: bitrate-range = 1-128000
06-18 07:19:46.447 I/MediaCodecsXmlParser( 1763): limit: size-range = 16x16-1920x1088
06-18 07:19:46.447 I/MediaCodecsXmlParser( 1763): limit: alignment = 2x2
06-18 07:19:46.447 I/MediaCodecsXmlParser( 1763): limit: block-size = 16x16
06-18 07:19:46.447 I/MediaCodecsXmlParser( 1763): limit: blocks-per-second-range = 1-244800
06-18 07:19:46.447 I/MediaCodecsXmlParser( 1763): limit: bitrate-range = 1-20000000
06-18 07:19:46.447 I/MediaCodecsXmlParser( 1763): limit: feature-intra-refresh = 0
06-18 07:19:46.447 I/MediaCodecsXmlParser( 1763): limit: size-range = 16x16-176x144
06-18 07:19:46.447 I/MediaCodecsXmlParser( 1763): limit: alignment = 16x16
06-18 07:19:46.447 I/MediaCodecsXmlParser( 1763): limit: block-size = 16x16
06-18 07:19:46.447 I/MediaCodecsXmlParser( 1763): limit: blocks-per-second-range = 12-1485
06-18 07:19:46.447 I/MediaCodecsXmlParser( 1763): limit: bitrate-range = 1-64000
06-18 07:19:46.447 I/MediaCodecsXmlParser( 1763): limit: size-range = 2x2-2048x2048
06-18 07:19:46.447 I/MediaCodecsXmlParser( 1763): limit: alignment = 2x2
06-18 07:19:46.447 I/MediaCodecsXmlParser( 1763): limit: bitrate-range = 1-40000000
06-18 07:19:46.447 I/MediaCodecsXmlParser( 1763): limit: feature-bitrate-modes = VBR,CBR
06-18 07:19:46.447 D/MediaCodecsXmlParser( 1763): parsing /vendor/etc/media_codecs_performance.xml...
06-18 07:19:46.433 W//system/bin/mediaextractor( 1751): libminijail[1751]: logging seccomp filter failures
06-18 07:19:46.452 I/ServiceManager( 1756): Waiting for service 'package_native' on '/dev/binder'...
06-18 07:19:46.453 I/MediaCodecsXmlParser( 1763): limit: measured-frame-rate-176x144-range = 849-1008
06-18 07:19:46.453 I/MediaCodecsXmlParser( 1763): limit: measured-frame-rate-320x240-range = 496-629
06-18 07:19:46.453 I/MediaCodecsXmlParser( 1763): limit: measured-frame-rate-720x480-range = 197-203
06-18 07:19:46.453 I/MediaCodecsXmlParser( 1763): limit: measured-frame-rate-1280x720-range = 93-97
06-18 07:19:46.453 I/MediaCodecsXmlParser( 1763): limit: measured-frame-rate-1920x1080-range = 45-47
06-18 07:19:46.453 I/MediaCodecsXmlParser( 1763): limit: measured-frame-rate-176x144-range = 881-1142
06-18 07:19:46.453 I/MediaCodecsXmlParser( 1763): limit: measured-frame-rate-320x180-range = 249-285
06-18 07:19:46.453 I/MediaCodecsXmlParser( 1763): limit: measured-frame-rate-640x360-range = 104-115
06-18 07:19:46.453 I/MediaCodecsXmlParser( 1763): limit: measured-frame-rate-1280x720-range = 34-35
06-18 07:19:46.453 I/MediaCodecsXmlParser( 1763): limit: measured-frame-rate-1920x1080-range = 26-29
06-18 07:19:46.453 I/MediaCodecsXmlParser( 1763): limit: measured-frame-rate-176x144-range = 1246-1390
06-18 07:19:46.453 I/MediaCodecsXmlParser( 1763): limit: measured-frame-rate-352x288-range = 1121-1128
06-18 07:19:46.453 I/MediaCodecsXmlParser( 1763): limit: measured-frame-rate-320x240-range = 299-629
06-18 07:19:46.453 I/MediaCodecsXmlParser( 1763): limit: measured-frame-rate-720x480-range = 215-250
06-18 07:19:46.453 I/MediaCodecsXmlParser( 1763): limit: measured-frame-rate-1280x720-range = 75-85
06-18 07:19:46.453 I/MediaCodecsXmlParser( 1763): limit: measured-frame-rate-1920x1080-range = 31-34
06-18 07:19:46.453 I/MediaCodecsXmlParser( 1763): limit: measured-frame-rate-352x288-range = 754-817
06-18 07:19:46.453 I/MediaCodecsXmlParser( 1763): limit: measured-frame-rate-640x360-range = 323-394
06-18 07:19:46.453 I/MediaCodecsXmlParser( 1763): limit: measured-frame-rate-720x480-range = 349-372
06-18 07:19:46.453 I/MediaCodecsXmlParser( 1763): limit: measured-frame-rate-1280x720-range = 144-157
06-18 07:19:46.453 I/MediaCodecsXmlParser( 1763): limit: measured-frame-rate-1920x1080-range = 74-85
06-18 07:19:46.453 I/MediaCodecsXmlParser( 1763): limit: measured-frame-rate-176x144-range = 1439-1625
06-18 07:19:46.453 I/MediaCodecsXmlParser( 1763): limit: measured-frame-rate-320x180-range = 1129-1261
06-18 07:19:46.453 I/MediaCodecsXmlParser( 1763): limit: measured-frame-rate-640x360-range = 471-525
06-18 07:19:46.453 I/MediaCodecsXmlParser( 1763): limit: measured-frame-rate-1280x720-range = 126-145
06-18 07:19:46.453 I/MediaCodecsXmlParser( 1763): limit: measured-frame-rate-1920x1080-range = 48-51
06-18 07:19:46.453 I/MediaCodecsXmlParser( 1763): limit: measured-frame-rate-2160x2160-range = 31-34
06-18 07:19:46.453 I/MediaCodecsXmlParser( 1763): limit: measured-frame-rate-320x180-range = 968-1101
06-18 07:19:46.453 I/MediaCodecsXmlParser( 1763): limit: measured-frame-rate-640x360-range = 291-338
06-18 07:19:46.453 I/MediaCodecsXmlParser( 1763): limit: measured-frame-rate-1280x720-range = 280-400
06-18 07:19:46.453 I/MediaCodecsXmlParser( 1763): limit: measured-frame-rate-1920x1080-range = 178-240
06-18 07:19:46.453 I/MediaCodecsXmlParser( 1763): limit: measured-frame-rate-2560x1440-range = 31-34
06-18 07:19:46.454 D/MediaCodecsXmlParser( 1763): Cannot find /data/misc/media/media_codecs_profiling_results.xml
06-18 07:19:46.455 I/ServiceManagement( 1763): Registered android.hardware.media.omx@1.0::IOmx/default (start delay of 673ms)
06-18 07:19:46.455 I/ServiceManagement( 1763): Removing namespace from process name android.hardware.media.omx@1.0-service to omx@1.0-service.
06-18 07:19:46.455 I/media.codec( 1763): IOmx HAL service created.
06-18 07:19:46.455 D/MediaCodecsXmlParser( 1763): parsing /vendor/etc/media_codecs.xml...
06-18 07:19:46.455 D/MediaCodecsXmlParser( 1763): parsing /vendor/etc/media_codecs_google_audio.xml...
06-18 07:19:46.455 I/MediaCodecsXmlParser( 1763): limit: max-channel-count = 2
06-18 07:19:46.455 I/MediaCodecsXmlParser( 1763): limit: sample-rate-ranges = 8000,11025,12000,16000,22050,24000,32000,44100,48000
06-18 07:19:46.455 I/MediaCodecsXmlParser( 1763): limit: bitrate-range = 8000-320000
06-18 07:19:46.455 I/MediaCodecsXmlParser( 1763): limit: max-channel-count = 1
06-18 07:19:46.455 I/MediaCodecsXmlParser( 1763): limit: sample-rate-ranges = 8000
06-18 07:19:46.455 I/MediaCodecsXmlParser( 1763): limit: bitrate-range = 4750-12200
06-18 07:19:46.455 I/MediaCodecsXmlParser( 1763): limit: max-channel-count = 1
06-18 07:19:46.455 I/MediaCodecsXmlParser( 1763): limit: sample-rate-ranges = 16000
06-18 07:19:46.455 I/MediaCodecsXmlParser( 1763): limit: bitrate-range = 6600-23850
06-18 07:19:46.455 I/MediaCodecsXmlParser( 1763): limit: max-channel-count = 8
06-18 07:19:46.455 I/MediaCodecsXmlParser( 1763): limit: sample-rate-ranges = 7350,8000,11025,12000,16000,22050,24000,32000,44100,48000
06-18 07:19:46.455 I/MediaCodecsXmlParser( 1763): limit: bitrate-range = 8000-960000
06-18 07:19:46.455 I/MediaCodecsXmlParser( 1763): limit: max-channel-count = 1
06-18 07:19:46.455 I/MediaCodecsXmlParser( 1763): limit: sample-rate-ranges = 8000-48000
06-18 07:19:46.455 I/MediaCodecsXmlParser( 1763): limit: bitrate-range = 64000
06-18 07:19:46.455 I/MediaCodecsXmlParser( 1763): limit: max-channel-count = 1
06-18 07:19:46.455 I/MediaCodecsXmlParser( 1763): limit: sample-rate-ranges = 8000-48000
06-18 07:19:46.455 I/MediaCodecsXmlParser( 1763): limit: bitrate-range = 64000
06-18 07:19:46.455 I/MediaCodecsXmlParser( 1763): limit: max-channel-count = 8
06-18 07:19:46.455 I/MediaCodecsXmlParser( 1763): limit: sample-rate-ranges = 8000-96000
06-18 07:19:46.455 I/MediaCodecsXmlParser( 1763): limit: bitrate-range = 32000-500000
06-18 07:19:46.455 I/MediaCodecsXmlParser( 1763): limit: max-channel-count = 8
06-18 07:19:46.455 I/MediaCodecsXmlParser( 1763): limit: sample-rate-ranges = 48000
06-18 07:19:46.455 I/MediaCodecsXmlParser( 1763): limit: bitrate-range = 6000-510000
06-18 07:19:46.455 I/MediaCodecsXmlParser( 1763): limit: max-channel-count = 8
06-18 07:19:46.455 I/MediaCodecsXmlParser( 1763): limit: sample-rate-ranges = 8000-192000
06-18 07:19:46.455 I/MediaCodecsXmlParser( 1763): limit: bitrate-range = 1-10000000
06-18 07:19:46.455 I/MediaCodecsXmlParser( 1763): limit: max-channel-count = 8
06-18 07:19:46.455 I/MediaCodecsXmlParser( 1763): limit: sample-rate-ranges = 1-655350
06-18 07:19:46.455 I/MediaCodecsXmlParser( 1763): limit: bitrate-range = 1-21000000
06-18 07:19:46.455 I/MediaCodecsXmlParser( 1763): limit: max-channel-count = 6
06-18 07:19:46.455 I/MediaCodecsXmlParser( 1763): limit: sample-rate-ranges = 8000,11025,12000,16000,22050,24000,32000,44100,48000
06-18 07:19:46.455 I/MediaCodecsXmlParser( 1763): limit: bitrate-range = 8000-960000
06-18 07:19:46.455 I/MediaCodecsXmlParser( 1763): limit: max-channel-count = 1
06-18 07:19:46.455 I/MediaCodecsXmlParser( 1763): limit: sample-rate-ranges = 8000
06-18 07:19:46.455 I/MediaCodecsXmlParser( 1763): limit: bitrate-range = 4750-12200
06-18 07:19:46.455 I/MediaCodecsXmlParser( 1763): limit: feature-bitrate-modes = CBR
06-18 07:19:46.455 I/MediaCodecsXmlParser( 1763): limit: max-channel-count = 1
06-18 07:19:46.455 I/MediaCodecsXmlParser( 1763): limit: sample-rate-ranges = 16000
06-18 07:19:46.456 I/MediaCodecsXmlParser( 1763): limit: bitrate-range = 6600-23850
06-18 07:19:46.456 I/MediaCodecsXmlParser( 1763): limit: feature-bitrate-modes = CBR
06-18 07:19:46.456 I/MediaCodecsXmlParser( 1763): limit: max-channel-count = 2
06-18 07:19:46.456 I/MediaCodecsXmlParser( 1763): limit: sample-rate-ranges = 1-655350
06-18 07:19:46.456 I/MediaCodecsXmlParser( 1763): limit: bitrate-range = 1-21000000
06-18 07:19:46.456 I/MediaCodecsXmlParser( 1763): limit: complexity-default = 5
06-18 07:19:46.456 I/MediaCodecsXmlParser( 1763): limit: complexity-range = 0-8
06-18 07:19:46.456 I/MediaCodecsXmlParser( 1763): limit: feature-bitrate-modes = CQ
06-18 07:19:46.456 D/MediaCodecsXmlParser( 1763): parsing /vendor/etc/media_codecs_google_telephony.xml...
06-18 07:19:46.456 I/MediaCodecsXmlParser( 1763): limit: max-channel-count = 1
06-18 07:19:46.456 I/MediaCodecsXmlParser( 1763): limit: sample-rate-ranges = 8000
06-18 07:19:46.456 I/MediaCodecsXmlParser( 1763): limit: bitrate-range = 13000
06-18 07:19:46.456 D/MediaCodecsXmlParser( 1763): parsing /vendor/etc/media_codecs_google_video.xml...
06-18 07:19:46.456 I/MediaCodecsXmlParser( 1763): limit: size-range = 2x2-352x288
06-18 07:19:46.456 I/MediaCodecsXmlParser( 1763): limit: alignment = 2x2
06-18 07:19:46.456 I/MediaCodecsXmlParser( 1763): limit: block-size = 16x16
06-18 07:19:46.456 I/MediaCodecsXmlParser( 1763): limit: blocks-per-second-range = 12-11880
06-18 07:19:46.456 I/MediaCodecsXmlParser( 1763): limit: bitrate-range = 1-384000
06-18 07:19:46.456 I/MediaCodecsXmlParser( 1763): limit: performance-point-1920x1080-range = 30-30
06-18 07:19:46.456 I/MediaCodecsXmlParser( 1763): limit: feature-adaptive-playback = 0
06-18 07:19:46.456 I/MediaCodecsXmlParser( 1763): limit: size-range = 2x2-352x288
06-18 07:19:46.456 I/MediaCodecsXmlParser( 1763): limit: alignment = 2x2
06-18 07:19:46.456 I/MediaCodecsXmlParser( 1763): limit: bitrate-range = 1-384000
06-18 07:19:46.456 I/MediaCodecsXmlParser( 1763): limit: performance-point-1920x1080-range = 30-30
06-18 07:19:46.456 I/MediaCodecsXmlParser( 1763): limit: feature-adaptive-playback = 0
06-18 07:19:46.456 I/MediaCodecsXmlParser( 1763): limit: size-range = 96x96-3840x2160
06-18 07:19:46.456 I/MediaCodecsXmlParser( 1763): limit: alignment = 2x2
06-18 07:19:46.456 I/MediaCodecsXmlParser( 1763): limit: block-size = 16x16
06-18 07:19:46.456 I/MediaCodecsXmlParser( 1763): limit: blocks-per-second-range = 24-2073600
06-18 07:19:46.456 I/MediaCodecsXmlParser( 1763): limit: bitrate-range = 1-120000000
06-18 07:19:46.456 I/MediaCodecsXmlParser( 1763): limit: frame-rate-range = 1-480
06-18 07:19:46.456 I/MediaCodecsXmlParser( 1763): limit: performance-point-3840x2160-range = 60-60
06-18 07:19:46.457 I/MediaCodecsXmlParser( 1763): limit: performance-point-3840x2160-range = 60-60
06-18 07:19:46.457 I/MediaCodecsXmlParser( 1763): limit: measured-frame-rate-320x180-range = 743-817
06-18 07:19:46.457 I/MediaCodecsXmlParser( 1763): limit: measured-frame-rate-640x360-range = 582-602
06-18 07:19:46.457 I/MediaCodecsXmlParser( 1763): limit: measured-frame-rate-1280x720-range = 237-258
06-18 07:19:46.457 I/MediaCodecsXmlParser( 1763): limit: measured-frame-rate-1920x1080-range = 50-60
06-18 07:19:46.457 I/MediaCodecsXmlParser( 1763): limit: measured-frame-rate-3840x2160-range = 30-90
06-18 07:19:46.457 I/MediaCodecsXmlParser( 1763): limit: feature-adaptive-playback = 0
06-18 07:19:46.457 I/MediaCodecsXmlParser( 1763): limit: size-range = 2x2-2560x2560
06-18 07:19:46.457 I/MediaCodecsXmlParser( 1763): limit: alignment = 2x2
06-18 07:19:46.457 I/MediaCodecsXmlParser( 1763): limit: block-size = 16x16
06-18 07:19:46.457 I/MediaCodecsXmlParser( 1763): limit: blocks-per-second-range = 24-2073600
06-18 07:19:46.457 I/MediaCodecsXmlParser( 1763): limit: bitrate-range = 1-120000000
06-18 07:19:46.457 I/MediaCodecsXmlParser( 1763): limit: frame-rate-range = 1-480
06-18 07:19:46.457 I/MediaCodecsXmlParser( 1763): limit: performance-point-1920x1088-range = 60-60
06-18 07:19:46.457 I/MediaCodecsXmlParser( 1763): limit: measured-frame-rate-320x240-range = 183-183
06-18 07:19:46.457 I/MediaCodecsXmlParser( 1763): limit: measured-frame-rate-720x480-range = 181-181
06-18 07:19:46.457 I/MediaCodecsXmlParser( 1763): limit: measured-frame-rate-1280x720-range = 182-184
06-18 07:19:46.457 I/MediaCodecsXmlParser( 1763): limit: measured-frame-rate-1920x1088-range = 50-60
06-18 07:19:46.457 I/MediaCodecsXmlParser( 1763): limit: measured-frame-rate-2560x1440-range = 30-40
06-18 07:19:46.457 I/MediaCodecsXmlParser( 1763): limit: feature-adaptive-playback = 0
06-18 07:19:46.457 I/MediaCodecsXmlParser( 1763): limit: size-range = 2x2-2560x2560
06-18 07:19:46.457 I/MediaCodecsXmlParser( 1763): limit: alignment = 2x2
06-18 07:19:46.457 I/MediaCodecsXmlParser( 1763): limit: block-size = 16x16
06-18 07:19:46.457 I/MediaCodecsXmlParser( 1763): limit: blocks-per-second-range = 24-2073600
06-18 07:19:46.457 I/MediaCodecsXmlParser( 1763): limit: bitrate-range = 1-120000000
06-18 07:19:46.457 I/MediaCodecsXmlParser( 1763): limit: frame-rate-range = 1-480
06-18 07:19:46.457 I/MediaCodecsXmlParser( 1763): limit: performance-point-1920x1088-range = 60-60
06-18 07:19:46.457 I/MediaCodecsXmlParser( 1763): limit: measured-frame-rate-320x240-range = 183-183
06-18 07:19:46.457 I/MediaCodecsXmlParser( 1763): limit: measured-frame-rate-720x480-range = 181-181
06-18 07:19:46.457 I/MediaCodecsXmlParser( 1763): limit: measured-frame-rate-1280x720-range = 121-125
06-18 07:19:46.457 I/MediaCodecsXmlParser( 1763): limit: measured-frame-rate-1920x1088-range = 148-151
06-18 07:19:46.457 I/MediaCodecsXmlParser( 1763): limit: measured-frame-rate-2560x1440-range = 30-40
06-18 07:19:46.457 I/MediaCodecsXmlParser( 1763): limit: feature-adaptive-playback = 0
06-18 07:19:46.457 I/MediaCodecsXmlParser( 1763): limit: size-range = 176x144-176x144
06-18 07:19:46.457 I/MediaCodecsXmlParser( 1763): limit: alignment = 16x16
06-18 07:19:46.457 I/MediaCodecsXmlParser( 1763): limit: bitrate-range = 1-128000
06-18 07:19:46.458 I/MediaCodecsXmlParser( 1763): limit: size-range = 16x16-1920x1088
06-18 07:19:46.458 I/MediaCodecsXmlParser( 1763): limit: alignment = 2x2
06-18 07:19:46.458 I/MediaCodecsXmlParser( 1763): limit: block-size = 16x16
06-18 07:19:46.458 I/MediaCodecsXmlParser( 1763): limit: blocks-per-second-range = 1-244800
06-18 07:19:46.458 I/MediaCodecsXmlParser( 1763): limit: bitrate-range = 1-20000000
06-18 07:19:46.458 I/MediaCodecsXmlParser( 1763): limit: feature-intra-refresh = 0
06-18 07:19:46.458 I/MediaCodecsXmlParser( 1763): limit: size-range = 16x16-176x144
06-18 07:19:46.458 I/MediaCodecsXmlParser( 1763): limit: alignment = 16x16
06-18 07:19:46.458 I/MediaCodecsXmlParser( 1763): limit: block-size = 16x16
06-18 07:19:46.458 I/MediaCodecsXmlParser( 1763): limit: blocks-per-second-range = 12-1485
06-18 07:19:46.458 I/MediaCodecsXmlParser( 1763): limit: bitrate-range = 1-64000
06-18 07:19:46.458 I/MediaCodecsXmlParser( 1763): limit: size-range = 2x2-2048x2048
06-18 07:19:46.458 I/MediaCodecsXmlParser( 1763): limit: alignment = 2x2
06-18 07:19:46.458 I/MediaCodecsXmlParser( 1763): limit: bitrate-range = 1-40000000
06-18 07:19:46.458 I/MediaCodecsXmlParser( 1763): limit: feature-bitrate-modes = VBR,CBR
06-18 07:19:46.458 D/MediaCodecsXmlParser( 1763): parsing /vendor/etc/media_codecs_performance.xml...
06-18 07:19:46.458 I/MediaCodecsXmlParser( 1763): limit: measured-frame-rate-176x144-range = 849-1008
06-18 07:19:46.458 I/MediaCodecsXmlParser( 1763): limit: measured-frame-rate-320x240-range = 496-629
06-18 07:19:46.458 I/MediaCodecsXmlParser( 1763): limit: measured-frame-rate-720x480-range = 197-203
06-18 07:19:46.458 I/MediaCodecsXmlParser( 1763): limit: measured-frame-rate-1280x720-range = 93-97
06-18 07:19:46.458 I/MediaCodecsXmlParser( 1763): limit: measured-frame-rate-1920x1080-range = 45-47
06-18 07:19:46.458 I/MediaCodecsXmlParser( 1763): limit: measured-frame-rate-176x144-range = 881-1142
06-18 07:19:46.458 I/MediaCodecsXmlParser( 1763): limit: measured-frame-rate-320x180-range = 249-285
06-18 07:19:46.458 I/MediaCodecsXmlParser( 1763): limit: measured-frame-rate-640x360-range = 104-115
06-18 07:19:46.458 I/MediaCodecsXmlParser( 1763): limit: measured-frame-rate-1280x720-range = 34-35
06-18 07:19:46.458 I/MediaCodecsXmlParser( 1763): limit: measured-frame-rate-1920x1080-range = 26-29
06-18 07:19:46.458 I/MediaCodecsXmlParser( 1763): limit: measured-frame-rate-176x144-range = 1246-1390
06-18 07:19:46.458 I/MediaCodecsXmlParser( 1763): limit: measured-frame-rate-352x288-range = 1121-1128
06-18 07:19:46.458 I/MediaCodecsXmlParser( 1763): limit: measured-frame-rate-320x240-range = 299-629
06-18 07:19:46.458 I/MediaCodecsXmlParser( 1763): limit: measured-frame-rate-720x480-range = 215-250
06-18 07:19:46.458 I/MediaCodecsXmlParser( 1763): limit: measured-frame-rate-1280x720-range = 75-85
06-18 07:19:46.458 I/MediaCodecsXmlParser( 1763): limit: measured-frame-rate-1920x1080-range = 31-34
06-18 07:19:46.458 I/MediaCodecsXmlParser( 1763): limit: measured-frame-rate-352x288-range = 754-817
06-18 07:19:46.458 I/MediaCodecsXmlParser( 1763): limit: measured-frame-rate-640x360-range = 323-394
06-18 07:19:46.458 I/MediaCodecsXmlParser( 1763): limit: measured-frame-rate-720x480-range = 349-372
06-18 07:19:46.458 I/MediaCodecsXmlParser( 1763): limit: measured-frame-rate-1280x720-range = 144-157
06-18 07:19:46.458 I/MediaCodecsXmlParser( 1763): limit: measured-frame-rate-1920x1080-range = 74-85
06-18 07:19:46.458 I/MediaCodecsXmlParser( 1763): limit: measured-frame-rate-176x144-range = 1439-1625
06-18 07:19:46.458 I/MediaCodecsXmlParser( 1763): limit: measured-frame-rate-320x180-range = 1129-1261
06-18 07:19:46.458 I/MediaCodecsXmlParser( 1763): limit: measured-frame-rate-640x360-range = 471-525
06-18 07:19:46.458 I/MediaCodecsXmlParser( 1763): limit: measured-frame-rate-1280x720-range = 126-145
06-18 07:19:46.458 I/MediaCodecsXmlParser( 1763): limit: measured-frame-rate-1920x1080-range = 48-51
06-18 07:19:46.458 I/MediaCodecsXmlParser( 1763): limit: measured-frame-rate-2160x2160-range = 31-34
