06-18 07:19:51.137 I/SystemConfig( 2097): Adding association: com.google.android.as <- com.android.providers.telephony
06-18 07:19:51.137 I/SystemConfig( 2097): Adding association: com.google.android.as <- com.android.systemui
06-18 07:19:51.137 I/SystemConfig( 2097): Adding association: com.google.android.as <- com.google.android.gms
06-18 07:19:51.137 I/SystemConfig( 2097): Adding association: com.google.android.as <- com.google.android.gsf
06-18 07:19:51.140 I/OMXClient( 1753): IOmx service obtained
06-18 07:19:51.140 I/OMXMaster( 1763): makeComponentInstance(OMX.google.vorbis.decoder) in android.hardwar process
06-18 07:19:51.144 W/SystemConfig( 2097): No directory /product_services/etc/sysconfig, skipping
06-18 07:19:51.144 W/SystemConfig( 2097): No directory /product_services/etc/permissions, skipping
06-18 07:19:51.149 E/ActivityThread( 2060): Failed to find provider info for com.google.android.gsf.gservices
06-18 07:19:51.154 I/OMXClient( 1753): IOmx service obtained
06-18 07:19:51.155 I/OMXMaster( 1763): makeComponentInstance(OMX.google.aac.encoder) in android.hardwar process
06-18 07:19:51.164 I/OMXClient( 1753): IOmx service obtained
06-18 07:19:51.164 I/OMXMaster( 1763): makeComponentInstance(OMX.google.amrnb.encoder) in android.hardwar process
06-18 07:19:51.168 W/DirectBootExitBR( 2060): User is in direct boot mode.
06-18 07:19:51.174 I/OMXClient( 1753): IOmx service obtained
06-18 07:19:51.174 I/OMXMaster( 1763): makeComponentInstance(OMX.google.amrwb.encoder) in android.hardwar process
06-18 07:19:51.183 I/OMXClient( 1753): IOmx service obtained
06-18 07:19:51.183 I/OMXMaster( 1763): makeComponentInstance(OMX.google.flac.encoder) in android.hardwar process
06-18 07:19:51.188 I/GmsApplication( 2060): Staging modules and/or updating config
06-18 07:19:51.189 E/ChimeraCfgMgr( 2060): Failed to read module config: java.io.FileNotFoundException: /data/user_de/0/com.google.android.gms/app_chimera/current_config.fb: open failed: ENOENT (No such file or directory)
06-18 07:19:51.190 I/wpa_supplicant( 2136): Processing hidl events on FD 3
06-18 07:19:51.191 I/ServiceManagement( 2136): Registered android.hardware.wifi.supplicant@1.2::ISupplicant/default (start delay of 89ms)
06-18 07:19:51.191 I/wpa_supplicant( 2136): Successfully initialized wpa_supplicant
06-18 07:19:51.191 I/OMXClient( 1753): IOmx service obtained
06-18 07:19:51.191 I/OMXMaster( 1763): makeComponentInstance(OMX.android.goldfish.h264.decoder) in android.hardwar process
06-18 07:19:51.191 I/GoldfishOMXPlugin( 1763): makeComponentInstance 'OMX.android.goldfish.h264.decoder'
06-18 07:19:51.191 I/GoldfishOMXPlugin( 1763): Using goldfish codec for 'avcdec'
06-18 07:19:51.193 I/wpa_supplicant( 2136): rfkill: Cannot open RFKILL control device
06-18 07:19:51.195 I/GmsApplication( 2060): Staging modules
06-18 07:19:51.197 I/FileApkMgr( 2060): Extracting modules...
06-18 07:19:51.200 E/ConfigFileUtils( 2060): Failed to read config file: /data/user_de/0/com.google.android.gms/app_chimera/current_fileapks.pb: open failed: ENOENT (No such file or directory)
06-18 07:19:51.204 D/ProtoStore( 2076): no cached data
06-18 07:19:51.204 D/ProtoStore( 2076): no cached data
06-18 07:19:51.206 I/goldfish_avcdec( 1763): created GoldfishAVCDec 98 object 0xf6e7f600
06-18 07:19:51.206 E/OMXNodeInstance( 1763): getExtensionIndex(0xf6e18d20:android.goldfish.h264.decoder, OMX.google.android.index.configureVideoTunnelMode) ERROR: UnsupportedIndex(0x8000101a)
06-18 07:19:51.206 D/MediaCodecInfo( 1753): detail feature-tunneled-playback wasn't present to remove
06-18 07:19:51.206 W/OMXNodeInstance( 1763): [0xf6e18d20:android.goldfish.h264.decoder] component does not support metadata mode; using fallback
06-18 07:19:51.224 I/OMXClient( 1753): IOmx service obtained
06-18 07:19:51.224 I/OMXMaster( 1763): makeComponentInstance(OMX.google.h264.decoder) in android.hardwar process
06-18 07:19:51.226 E/OMXNodeInstance( 1763): getExtensionIndex(0xf6e18d20:google.h264.decoder, OMX.google.android.index.configureVideoTunnelMode) ERROR: UnsupportedIndex(0x8000101a)
06-18 07:19:51.226 D/MediaCodecInfo( 1753): detail feature-tunneled-playback wasn't present to remove
06-18 07:19:51.226 E/OMXNodeInstance( 1763): getExtensionIndex(0xf6e18d20:google.h264.decoder, OMX.google.android.index.enableAndroidNativeBuffers) ERROR: UnsupportedIndex(0x8000101a)
06-18 07:19:51.235 I/OMXClient( 1753): IOmx service obtained
06-18 07:19:51.235 I/OMXMaster( 1763): makeComponentInstance(OMX.google.h263.decoder) in android.hardwar process
06-18 07:19:51.236 E/OMXNodeInstance( 1763): getExtensionIndex(0xf6e18d20:google.h263.decoder, OMX.google.android.index.configureVideoTunnelMode) ERROR: UnsupportedIndex(0x8000101a)
06-18 07:19:51.236 D/MediaCodecInfo( 1753): detail feature-tunneled-playback wasn't present to remove
06-18 07:19:51.236 E/OMXNodeInstance( 1763): getExtensionIndex(0xf6e18d20:google.h263.decoder, OMX.google.android.index.enableAndroidNativeBuffers) ERROR: UnsupportedIndex(0x8000101a)
06-18 07:19:51.238 I/OMXClient( 1753): IOmx service obtained
06-18 07:19:51.238 I/OMXMaster( 1763): makeComponentInstance(OMX.google.hevc.decoder) in android.hardwar process
06-18 07:19:51.240 E/OMXNodeInstance( 1763): getExtensionIndex(0xf6e18d20:google.hevc.decoder, OMX.google.android.index.configureVideoTunnelMode) ERROR: UnsupportedIndex(0x8000101a)
06-18 07:19:51.241 D/MediaCodecInfo( 1753): detail feature-tunneled-playback wasn't present to remove
06-18 07:19:51.241 E/OMXNodeInstance( 1763): getExtensionIndex(0xf6e18d20:google.hevc.decoder, OMX.google.android.index.enableAndroidNativeBuffers) ERROR: UnsupportedIndex(0x8000101a)
06-18 07:19:51.243 I/OMXClient( 1753): IOmx service obtained
06-18 07:19:51.243 I/OMXMaster( 1763): makeComponentInstance(OMX.google.mpeg4.decoder) in android.hardwar process
06-18 07:19:51.244 E/OMXNodeInstance( 1763): getExtensionIndex(0xf4d3c540:google.mpeg4.decoder, OMX.google.android.index.configureVideoTunnelMode) ERROR: UnsupportedIndex(0x8000101a)
06-18 07:19:51.244 D/MediaCodecInfo( 1753): detail feature-tunneled-playback wasn't present to remove
06-18 07:19:51.244 E/OMXNodeInstance( 1763): getExtensionIndex(0xf4d3c540:google.mpeg4.decoder, OMX.google.android.index.enableAndroidNativeBuffers) ERROR: UnsupportedIndex(0x8000101a)
06-18 07:19:51.245 I/OMXClient( 1753): IOmx service obtained
06-18 07:19:51.245 I/OMXMaster( 1763): makeComponentInstance(OMX.android.goldfish.vp8.decoder) in android.hardwar process
06-18 07:19:51.245 I/GoldfishOMXPlugin( 1763): makeComponentInstance 'OMX.android.goldfish.vp8.decoder'
06-18 07:19:51.245 I/GoldfishOMXPlugin( 1763): Using goldfish codec for 'vpxdec'
06-18 07:19:51.246 I/goldfish_vpxdec( 1763): calling constructor of GoldfishVPX
06-18 07:19:51.246 E/OMXNodeInstance( 1763): getExtensionIndex(0xf4d3c540:android.goldfish.vp8.decoder, OMX.google.android.index.configureVideoTunnelMode) ERROR: UnsupportedIndex(0x8000101a)
06-18 07:19:51.246 D/MediaCodecInfo( 1753): detail feature-tunneled-playback wasn't present to remove
06-18 07:19:51.246 W/OMXNodeInstance( 1763): [0xf4d3c540:android.goldfish.vp8.decoder] component does not support metadata mode; using fallback
06-18 07:19:51.250 I/goldfish_vpxdec( 1763): calling destructor of GoldfishVPX
06-18 07:19:51.251 I/OMXClient( 1753): IOmx service obtained
06-18 07:19:51.251 I/OMXMaster( 1763): makeComponentInstance(OMX.google.vp8.decoder) in android.hardwar process
06-18 07:19:51.253 E/OMXNodeInstance( 1763): getExtensionIndex(0xf4d3c540:google.vp8.decoder, OMX.google.android.index.configureVideoTunnelMode) ERROR: UnsupportedIndex(0x8000101a)
06-18 07:19:51.253 D/MediaCodecInfo( 1753): detail feature-tunneled-playback wasn't present to remove
06-18 07:19:51.253 E/OMXNodeInstance( 1763): getExtensionIndex(0xf4d3c540:google.vp8.decoder, OMX.google.android.index.enableAndroidNativeBuffers) ERROR: UnsupportedIndex(0x8000101a)
06-18 07:19:51.257 I/OMXClient( 1753): IOmx service obtained
06-18 07:19:51.257 I/OMXMaster( 1763): makeComponentInstance(OMX.android.goldfish.vp9.decoder) in android.hardwar process
06-18 07:19:51.257 I/GoldfishOMXPlugin( 1763): makeComponentInstance 'OMX.android.goldfish.vp9.decoder'
06-18 07:19:51.257 I/GoldfishOMXPlugin( 1763): Using goldfish codec for 'vpxdec'
06-18 07:19:51.257 I/goldfish_vpxdec( 1763): calling constructor of GoldfishVPX
06-18 07:19:51.257 E/OMXNodeInstance( 1763): getExtensionIndex(0xf4d3c540:android.goldfish.vp9.decoder, OMX.google.android.index.configureVideoTunnelMode) ERROR: UnsupportedIndex(0x8000101a)
06-18 07:19:51.257 D/MediaCodecInfo( 1753): detail feature-tunneled-playback wasn't present to remove
06-18 07:19:51.257 W/OMXNodeInstance( 1763): [0xf4d3c540:android.goldfish.vp9.decoder] component does not support metadata mode; using fallback
06-18 07:19:51.258 I/goldfish_vpxdec( 1763): calling destructor of GoldfishVPX
06-18 07:19:51.259 I/OMXClient( 1753): IOmx service obtained
06-18 07:19:51.259 I/OMXMaster( 1763): makeComponentInstance(OMX.google.vp9.decoder) in android.hardwar process
06-18 07:19:51.259 E/OMXNodeInstance( 1763): getExtensionIndex(0xf4d3c540:google.vp9.decoder, OMX.google.android.index.configureVideoTunnelMode) ERROR: UnsupportedIndex(0x8000101a)
06-18 07:19:51.259 D/MediaCodecInfo( 1753): detail feature-tunneled-playback wasn't present to remove
06-18 07:19:51.259 E/OMXNodeInstance( 1763): getExtensionIndex(0xf4d3c540:google.vp9.decoder, OMX.google.android.index.enableAndroidNativeBuffers) ERROR: UnsupportedIndex(0x8000101a)
06-18 07:19:51.261 I/OMXClient( 1753): IOmx service obtained
06-18 07:19:51.261 I/OMXMaster( 1763): makeComponentInstance(OMX.google.h264.encoder) in android.hardwar process
06-18 07:19:51.262 W/OMXUtils( 1753): do not know color format 0x7f000789 = 2130708361
06-18 07:19:51.264 I/OMXClient( 1753): IOmx service obtained
06-18 07:19:51.264 I/OMXMaster( 1763): makeComponentInstance(OMX.google.h263.encoder) in android.hardwar process
06-18 07:19:51.265 I/SoftMPEG4Encoder( 1763): Construct SoftMPEG4Encoder
06-18 07:19:51.266 W/OMXUtils( 1753): do not know color format 0x7f000789 = 2130708361
06-18 07:19:51.266 E/OMXNodeInstance( 1763): getConfig(0xf4d3c540:google.h263.encoder, ConfigAndroidIntraRefresh(0x6f60000a)) ERROR: Undefined(0x80001001)
06-18 07:19:51.266 E/OMXNodeInstance( 1763): getParameter(0xf4d3c540:google.h263.encoder, ParamVideoIntraRefresh(0x6000006)) ERROR: UnsupportedIndex(0x8000101a)
06-18 07:19:51.266 D/MediaCodecInfo( 1753): detail feature-frame-parsing wasn't present to remove
06-18 07:19:51.267 I/OMXClient( 1753): IOmx service obtained
06-18 07:19:51.268 I/OMXMaster( 1763): makeComponentInstance(OMX.google.mpeg4.encoder) in android.hardwar process
06-18 07:19:51.268 I/SoftMPEG4Encoder( 1763): Construct SoftMPEG4Encoder
06-18 07:19:51.268 W/OMXUtils( 1753): do not know color format 0x7f000789 = 2130708361
06-18 07:19:51.268 E/OMXNodeInstance( 1763): getConfig(0xf4d3c540:google.mpeg4.encoder, ConfigAndroidIntraRefresh(0x6f60000a)) ERROR: Undefined(0x80001001)
06-18 07:19:51.268 E/OMXNodeInstance( 1763): getParameter(0xf4d3c540:google.mpeg4.encoder, ParamVideoIntraRefresh(0x6000006)) ERROR: UnsupportedIndex(0x8000101a)
06-18 07:19:51.268 D/MediaCodecInfo( 1753): detail feature-frame-parsing wasn't present to remove
06-18 07:19:51.270 I/OMXClient( 1753): IOmx service obtained
06-18 07:19:51.270 I/OMXMaster( 1763): makeComponentInstance(OMX.google.vp8.encoder) in android.hardwar process
06-18 07:19:51.271 W/OMXUtils( 1753): do not know color format 0x7f000789 = 2130708361
06-18 07:19:51.271 E/OMXNodeInstance( 1763): getConfig(0xf4d3c540:google.vp8.encoder, ConfigAndroidIntraRefresh(0x6f60000a)) ERROR: Undefined(0x80001001)
06-18 07:19:51.271 E/OMXNodeInstance( 1763): getParameter(0xf4d3c540:google.vp8.encoder, ParamVideoIntraRefresh(0x6000006)) ERROR: UnsupportedIndex(0x8000101a)
06-18 07:19:51.271 D/MediaCodecInfo( 1753): detail feature-frame-parsing wasn't present to remove
06-18 07:19:51.272 D/MediaCodecList( 1753): ignored a null builder
06-18 07:19:51.273 I/OMXClient( 1921): IOmx service obtained
06-18 07:19:51.273 I/OMXMaster( 1763): makeComponentInstance(OMX.google.vorbis.decoder) in android.hardwar process
06-18 07:19:51.274 E/OMXNodeInstance( 1763): getConfig(0xf4d3c540:google.vorbis.decoder, ConfigAndroidVendorExtension(0x6f100004)) ERROR: Undefined(0x80001001)
06-18 07:19:51.280 I/wpa_supplicant( 2136): rfkill: Cannot get wiphy information
06-18 07:19:51.281 I/android_os_HwBinder( 1921): HwBinder: Starting thread pool for getting: android.hardware.wifi.supplicant@1.0::ISupplicant/default
06-18 07:19:51.282 I/SupplicantStaIfaceHal( 1921): Completed initialization of ISupplicant.
06-18 07:19:51.226 I/chatty  ( 2060): uid=10117 com.google.android.gms.persistent identical 11 lines
06-18 07:19:51.227 E/ActivityThread( 2060): Failed to find provider info for com.google.android.gsf.gservices
06-18 07:19:51.298 I/android.hardware.wifi@1.0-service( 1700): Adding interface handle for wlan0
06-18 07:19:51.298 W/android.hardware.wifi@1.0-service( 1700): No active wlan interfaces in use! Using default
06-18 07:19:51.298 E/android.hardware.wifi@1.0-service( 1700): Failed to register radio mode change callback
06-18 07:19:51.298 W/android.hardware.wifi@1.0-service( 1700): No active wlan interfaces in use! Using default
06-18 07:19:51.308 I/SystemConfig( 2060): Adding association: com.google.android.as <- com.android.providers.contacts
06-18 07:19:51.308 I/SystemConfig( 2060): Adding association: com.google.android.as <- com.android.providers.media
06-18 07:19:51.308 I/SystemConfig( 2060): Adding association: com.google.android.as <- com.android.providers.telephony
06-18 07:19:51.308 I/SystemConfig( 2060): Adding association: com.google.android.as <- com.android.systemui
06-18 07:19:51.312 I/OMXClient( 1921): IOmx service obtained
06-18 07:19:51.312 I/OMXMaster( 1763): makeComponentInstance(OMX.google.vorbis.decoder) in android.hardwar process
06-18 07:19:51.312 E/OMXNodeInstance( 1763): getConfig(0xf4d3c540:google.vorbis.decoder, ConfigAndroidVendorExtension(0x6f100004)) ERROR: Undefined(0x80001001)
06-18 07:19:51.322 I/SystemConfig( 2060): Adding association: com.google.android.as <- com.google.android.gms
06-18 07:19:51.322 I/SystemConfig( 2060): Adding association: com.google.android.as <- com.google.android.gsf
06-18 07:19:51.325 W/SystemConfig( 2060): No directory /product_services/etc/sysconfig, skipping
06-18 07:19:51.325 W/SystemConfig( 2060): No directory /product_services/etc/permissions, skipping
06-18 07:19:51.329 W/PackageManager( 1921): Cannot whitelist unknown permission: com.sec.android.provider.badge.permission.READ
06-18 07:19:51.329 W/PackageManager( 1921): Cannot whitelist unknown permission: com.sec.android.provider.badge.permission.WRITE
06-18 07:19:51.329 W/libc    ( 1700): Unable to set property "vendor.wlan.firmware.version" to "1.0": error code: 0x18
06-18 07:19:51.329 W/PackageManager( 1921): Cannot whitelist unknown permission: com.htc.launcher.permission.READ_SETTINGS
06-18 07:19:51.329 W/PackageManager( 1921): Cannot whitelist unknown permission: com.htc.launcher.permission.UPDATE_SHORTCUT
06-18 07:19:51.329 W/PackageManager( 1921): Cannot whitelist unknown permission: com.sonyericsson.home.permission.BROADCAST_BADGE
06-18 07:19:51.329 W/PackageManager( 1921): Cannot whitelist unknown permission: com.sonymobile.home.permission.PROVIDER_INSERT_BADGE
06-18 07:19:51.329 I/PackageManager( 1921): Un-granting permission android.permission.MANAGE_DOCUMENTS from package com.google.android.youtube (protectionLevel=262146 flags=0x30dbbe45)
06-18 07:19:51.336 W/PackageManager( 1921): Cannot whitelist unknown permission: com.sec.android.provider.badge.permission.READ
06-18 07:19:51.336 W/PackageManager( 1921): Cannot whitelist unknown permission: com.sec.android.provider.badge.permission.WRITE
06-18 07:19:51.336 W/PackageManager( 1921): Cannot whitelist unknown permission: com.htc.launcher.permission.READ_SETTINGS
06-18 07:19:51.336 W/PackageManager( 1921): Cannot whitelist unknown permission: com.htc.launcher.permission.UPDATE_SHORTCUT
06-18 07:19:51.336 W/PackageManager( 1921): Cannot whitelist unknown permission: com.sonyericsson.home.permission.BROADCAST_BADGE
06-18 07:19:51.336 W/PackageManager( 1921): Cannot whitelist unknown permission: com.sonymobile.home.permission.PROVIDER_INSERT_BADGE
06-18 07:19:51.337 I/PackageManager( 1921): Un-granting permission android.permission.MANAGE_DOCUMENTS from package com.google.android.youtube (protectionLevel=262146 flags=0x30dbbe45)
06-18 07:19:51.342 W/libc    ( 1700): Unable to set property "vendor.wlan.driver.version" to "1.0": error code: 0x18
06-18 07:19:51.343 I/android.hardware.wifi@1.0-service( 1700): Configured chip in mode 0
06-18 07:19:51.343 W/android.hardware.wifi@1.0-service( 1700): No active wlan interfaces in use! Using default
06-18 07:19:51.356 W/PackageManager( 1921): Cannot whitelist unknown permission: com.google.android.launcher.permission.CONTENT_REDIRECT
06-18 07:19:51.356 W/PackageManager( 1921): Cannot whitelist unknown permission: com.google.android.voicesearch.SHORTCUTS_ACCESS
06-18 07:19:51.356 W/PackageManager( 1921): Cannot whitelist unknown permission: com.google.android.voicesearch.ACCESS_SETTINGS
06-18 07:19:51.356 W/PackageManager( 1921): Cannot whitelist unknown permission: com.android.browser.permission.PRELOAD
06-18 07:19:51.356 W/PackageManager( 1921): Cannot whitelist unknown permission: com.google.android.ears.permission.WRITE
06-18 07:19:51.356 W/PackageManager( 1921): Cannot whitelist unknown permission: com.google.googlenav.friend.permission.OPT_IN
06-18 07:19:51.356 W/PackageManager( 1921): Cannot whitelist unknown permission: com.google.android.apps.googlevoice.permission.AUTO_SEND
06-18 07:19:51.356 W/PackageManager( 1921): Cannot whitelist unknown permission: com.google.android.hangouts.START_HANGOUT
06-18 07:19:51.356 W/PackageManager( 1921): Cannot whitelist unknown permission: com.android.chrome.PRERENDER_URL
06-18 07:19:51.357 W/PackageManager( 1921): Cannot whitelist unknown permission: com.google.android.apps.gsa.nga.permissions.EDIT_PREFERENCES
06-18 07:19:51.357 D/HalDevMgr( 1921): updateRttController: no one is interested in RTT controllers
06-18 07:19:51.358 E/android.hardware.wifi@1.0-service( 1700): Failed to set DFS flag; DFS channels may be unavailable.
06-18 07:19:51.358 W/PackageManager( 1921): Cannot whitelist unknown permission: com.google.android.launcher.permission.CONTENT_REDIRECT
06-18 07:19:51.358 W/PackageManager( 1921): Cannot whitelist unknown permission: com.google.android.voicesearch.SHORTCUTS_ACCESS
06-18 07:19:51.358 W/PackageManager( 1921): Cannot whitelist unknown permission: com.google.android.voicesearch.ACCESS_SETTINGS
06-18 07:19:51.358 W/PackageManager( 1921): Cannot whitelist unknown permission: com.android.browser.permission.PRELOAD
06-18 07:19:51.358 W/PackageManager( 1921): Cannot whitelist unknown permission: com.google.android.ears.permission.WRITE
06-18 07:19:51.358 W/PackageManager( 1921): Cannot whitelist unknown permission: com.google.googlenav.friend.permission.OPT_IN
06-18 07:19:51.358 W/PackageManager( 1921): Cannot whitelist unknown permission: com.google.android.apps.googlevoice.permission.AUTO_SEND
06-18 07:19:51.358 W/PackageManager( 1921): Cannot whitelist unknown permission: com.google.android.hangouts.START_HANGOUT
06-18 07:19:51.358 W/PackageManager( 1921): Cannot whitelist unknown permission: com.android.chrome.PRERENDER_URL
06-18 07:19:51.358 W/PackageManager( 1921): Cannot whitelist unknown permission: com.google.android.apps.gsa.nga.permissions.EDIT_PREFERENCES
06-18 07:19:51.359 W/PackageManager( 1921): Cannot whitelist unknown permission: com.google.android.launcher.permission.CONTENT_REDIRECT
06-18 07:19:51.359 W/PackageManager( 1921): Cannot whitelist unknown permission: com.google.android.voicesearch.SHORTCUTS_ACCESS
06-18 07:19:51.359 W/PackageManager( 1921): Cannot whitelist unknown permission: com.google.android.voicesearch.ACCESS_SETTINGS
06-18 07:19:51.359 W/PackageManager( 1921): Cannot whitelist unknown permission: com.android.browser.permission.PRELOAD
06-18 07:19:51.359 W/PackageManager( 1921): Cannot whitelist unknown permission: com.google.android.ears.permission.WRITE
06-18 07:19:51.359 W/PackageManager( 1921): Cannot whitelist unknown permission: com.google.googlenav.friend.permission.OPT_IN
06-18 07:19:51.359 W/PackageManager( 1921): Cannot whitelist unknown permission: com.google.android.apps.googlevoice.permission.AUTO_SEND
06-18 07:19:51.359 W/PackageManager( 1921): Cannot whitelist unknown permission: com.google.android.hangouts.START_HANGOUT
06-18 07:19:51.359 W/PackageManager( 1921): Cannot whitelist unknown permission: com.android.chrome.PRERENDER_URL
06-18 07:19:51.359 W/PackageManager( 1921): Cannot whitelist unknown permission: com.google.android.apps.gsa.nga.permissions.EDIT_PREFERENCES
06-18 07:19:51.359 W/PackageManager( 1921): Cannot whitelist unknown permission: com.google.android.launcher.permission.CONTENT_REDIRECT
06-18 07:19:51.359 W/PackageManager( 1921): Cannot whitelist unknown permission: com.google.android.voicesearch.SHORTCUTS_ACCESS
06-18 07:19:51.359 W/PackageManager( 1921): Cannot whitelist unknown permission: com.google.android.voicesearch.ACCESS_SETTINGS
06-18 07:19:51.359 W/PackageManager( 1921): Cannot whitelist unknown permission: com.android.browser.permission.PRELOAD
06-18 07:19:51.359 W/PackageManager( 1921): Cannot whitelist unknown permission: com.google.android.ears.permission.WRITE
06-18 07:19:51.359 W/PackageManager( 1921): Cannot whitelist unknown permission: com.google.googlenav.friend.permission.OPT_IN
06-18 07:19:51.359 W/PackageManager( 1921): Cannot whitelist unknown permission: com.google.android.apps.googlevoice.permission.AUTO_SEND
06-18 07:19:51.359 W/PackageManager( 1921): Cannot whitelist unknown permission: com.google.android.hangouts.START_HANGOUT
06-18 07:19:51.359 W/PackageManager( 1921): Cannot whitelist unknown permission: com.android.chrome.PRERENDER_URL
06-18 07:19:51.359 W/PackageManager( 1921): Cannot whitelist unknown permission: com.google.android.apps.gsa.nga.permissions.EDIT_PREFERENCES
06-18 07:19:51.361 W/PackageManager( 1921): Cannot whitelist unknown permission: com.google.android.launcher.permission.CONTENT_REDIRECT
06-18 07:19:51.361 W/PackageManager( 1921): Cannot whitelist unknown permission: com.google.android.voicesearch.SHORTCUTS_ACCESS
06-18 07:19:51.361 W/PackageManager( 1921): Cannot whitelist unknown permission: com.google.android.voicesearch.ACCESS_SETTINGS
06-18 07:19:51.361 W/PackageManager( 1921): Cannot whitelist unknown permission: com.android.browser.permission.PRELOAD
06-18 07:19:51.361 W/PackageManager( 1921): Cannot whitelist unknown permission: com.google.android.ears.permission.WRITE
06-18 07:19:51.361 W/PackageManager( 1921): Cannot whitelist unknown permission: com.google.googlenav.friend.permission.OPT_IN
06-18 07:19:51.361 W/PackageManager( 1921): Cannot whitelist unknown permission: com.google.android.apps.googlevoice.permission.AUTO_SEND
06-18 07:19:51.361 W/PackageManager( 1921): Cannot whitelist unknown permission: com.google.android.hangouts.START_HANGOUT
06-18 07:19:51.361 W/PackageManager( 1921): Cannot whitelist unknown permission: com.android.chrome.PRERENDER_URL
06-18 07:19:51.361 W/PackageManager( 1921): Cannot whitelist unknown permission: com.google.android.apps.gsa.nga.permissions.EDIT_PREFERENCES
06-18 07:19:51.364 D/WificondControl( 1921): Setting up interface for client mode
06-18 07:19:51.364 I/wificond( 1757): create scanner for interface with index: 3
06-18 07:19:51.364 I/wificond( 1757): subscribe scan result for interface with index: 3
06-18 07:19:51.365 I/hwservicemanager( 1565): getTransport: Cannot find entry android.hardware.wifi.offload@1.0::IOffload/default in either framework or device manifest.
06-18 07:19:51.365 E/wificond( 1757): No Offload Service available
06-18 07:19:51.365 I/wificond( 1757): Offload HAL not supported 
06-18 07:19:51.365 E/SupplicantStaIfaceHal( 1921): Can't call setupIface, ISupplicantStaIface is null
06-18 07:19:51.365 I/hwservicemanager( 1565): getTransport: Cannot find entry android.hardware.wifi.supplicant@1.1::ISupplicant/default in either framework or device manifest.
06-18 07:19:51.366 I/hwservicemanager( 1565): getTransport: Cannot find entry android.hardware.wifi.supplicant@1.2::ISupplicant/default in either framework or device manifest.
06-18 07:19:51.366 I/hwservicemanager( 1565): getTransport: Cannot find entry android.hardware.wifi.supplicant@1.1::ISupplicant/default in either framework or device manifest.
06-18 07:19:51.367 W/PackageManager( 1921): Cannot whitelist unknown permission: com.google.android.launcher.permission.CONTENT_REDIRECT
06-18 07:19:51.367 W/PackageManager( 1921): Cannot whitelist unknown permission: com.google.android.voicesearch.SHORTCUTS_ACCESS
06-18 07:19:51.367 W/PackageManager( 1921): Cannot whitelist unknown permission: com.google.android.voicesearch.ACCESS_SETTINGS
06-18 07:19:51.368 I/netd    ( 1662): interfaceGetCfg("wlan0") <0.14ms>
06-18 07:19:51.367 W/PackageManager( 1921): Cannot whitelist unknown permission: com.android.browser.permission.PRELOAD
06-18 07:19:51.368 W/PackageManager( 1921): Cannot whitelist unknown permission: com.google.android.ears.permission.WRITE
06-18 07:19:51.368 I/WifiNative( 1921): Interface state changed on Iface:{Name=wlan0,Id=1,Type=STA_CONNECTIVITY}, isUp=true
06-18 07:19:51.368 W/PackageManager( 1921): Cannot whitelist unknown permission: com.google.googlenav.friend.permission.OPT_IN
06-18 07:19:51.368 W/PackageManager( 1921): Cannot whitelist unknown permission: com.google.android.apps.googlevoice.permission.AUTO_SEND
06-18 07:19:51.368 W/PackageManager( 1921): Cannot whitelist unknown permission: com.google.android.hangouts.START_HANGOUT
06-18 07:19:51.368 I/netd    ( 1662): interfaceClearAddrs("wlan0") <0.12ms>
06-18 07:19:51.368 W/PackageManager( 1921): Cannot whitelist unknown permission: com.android.chrome.PRERENDER_URL
06-18 07:19:51.368 I/netd    ( 1662): interfaceSetIPv6PrivacyExtensions("wlan0", "true") <0.05ms>
06-18 07:19:51.369 W/PackageManager( 1921): Cannot whitelist unknown permission: com.google.android.apps.gsa.nga.permissions.EDIT_PREFERENCES
06-18 07:19:51.369 I/netd    ( 1662): interfaceSetEnableIPv6("wlan0", "false") <0.07ms>
06-18 07:19:51.369 I/WifiNative( 1921): Successfully setup Iface:{Name=wlan0,Id=1,Type=STA_CONNECTIVITY}
06-18 07:19:51.369 I/hwservicemanager( 1565): getTransport: Cannot find entry android.hardware.wifi.supplicant@1.2::ISupplicant/default in either framework or device manifest.
06-18 07:19:51.369 E/SupplicantStaIfaceHal( 1921): Method getKeyMgmtCapabilities is not supported in existing HAL
06-18 07:19:51.371 D/WifiClientModeManager( 1921): entering StartedState
06-18 07:19:51.372 I/netd    ( 1662): interfaceGetCfg("wlan0") <0.09ms>
06-18 07:19:51.372 D/WifiClientModeManager( 1921): Wifi is ready to use for client mode
06-18 07:19:51.372 D/WifiActiveModeWarden( 1921): State changed from client mode. state = 3
06-18 07:19:51.372 D/WifiActiveModeWarden( 1921): client mode active
06-18 07:19:51.372 I/PackageManager( 1921): Un-granting permission com.google.android.googleapps.permission.GOOGLE_AUTH from package com.android.providers.calendar (protectionLevel=2 flags=0x30883e45)
06-18 07:19:51.372 I/PackageManager( 1921): Un-granting permission com.google.android.googleapps.permission.GOOGLE_AUTH.cl from package com.android.providers.calendar (protectionLevel=2 flags=0x30883e45)
06-18 07:19:51.372 E/WifiVendorHal( 1921): getBgScanCapabilities(l.630) failed {.code = ERROR_NOT_SUPPORTED, .description = }
06-18 07:19:51.373 D/WifiScanRequestProxy( 1921): Sending scan available broadcast: true
06-18 07:19:51.373 I/WifiScanRequestProxy( 1921): Scanning is enabled
06-18 07:19:51.373 I/WifiScanRequestProxy( 1921): Scanning for hidden networks is enabled
06-18 07:19:51.373 D/WifiClientModeImpl( 1921): entering ConnectModeState: ifaceName = wlan0
06-18 07:19:51.373 D/WifiClientModeImpl( 1921): setupClientMode() ifacename = wlan0
06-18 07:19:51.374 I/WifiScanningService( 1921): wifi driver loaded with scan capabilities: max buckets=16
06-18 07:19:51.374 I/PackageManager( 1921): Un-granting permission com.google.android.googleapps.permission.GOOGLE_AUTH from package com.android.providers.calendar (protectionLevel=2 flags=0x30883e45)
06-18 07:19:51.374 I/PackageManager( 1921): Un-granting permission com.google.android.googleapps.permission.GOOGLE_AUTH.cl from package com.android.providers.calendar (protectionLevel=2 flags=0x30883e45)
06-18 07:19:51.375 I/OMXClient( 1921): IOmx service obtained
06-18 07:19:51.375 I/OMXMaster( 1763): makeComponentInstance(OMX.google.vorbis.decoder) in android.hardwar process
06-18 07:19:51.376 E/OMXNodeInstance( 1763): getConfig(0xf4d3c540:google.vorbis.decoder, ConfigAndroidVendorExtension(0x6f100004)) ERROR: Undefined(0x80001001)
06-18 07:19:51.376 I/hostapd ( 1827): wlan1: interface state COUNTRY_UPDATE->HT_SCAN
06-18 07:19:51.388 I/PackageManager( 1921): Un-granting permission android.permission.WRITE_SECURE_SETTINGS from package com.google.android.apps.enterprise.dmagent (protectionLevel=50 flags=0x30883e05)
06-18 07:19:51.388 I/PackageManager( 1921): Un-granting permission android.permission.CONNECTIVITY_INTERNAL from package com.google.android.apps.enterprise.dmagent (protectionLevel=18 flags=0x30883e05)
06-18 07:19:51.388 I/PackageManager( 1921): Un-granting permission android.permission.MANAGE_USB from package com.google.android.apps.enterprise.dmagent (protectionLevel=18 flags=0x30883e05)
06-18 07:19:51.388 I/PackageManager( 1921): Un-granting permission android.permission.CHANGE_COMPONENT_ENABLED_STATE from package com.google.android.apps.enterprise.dmagent (protectionLevel=18 flags=0x30883e05)
06-18 07:19:51.388 I/PackageManager( 1921): Un-granting permission android.permission.MANAGE_CA_CERTIFICATES from package com.google.android.apps.enterprise.dmagent (protectionLevel=18 flags=0x30883e05)
06-18 07:19:51.388 I/PackageManager( 1921): Un-granting permission android.permission.MANAGE_USERS from package com.google.android.apps.enterprise.dmagent (protectionLevel=18 flags=0x30883e05)
06-18 07:19:51.393 W/PackageManager( 1921): Cannot whitelist unknown permission: com.google.android.ims.LOG_ACCESS
06-18 07:19:51.393 W/PackageManager( 1921): Cannot whitelist unknown permission: com.cequint.ecid.CALLER_ID_EXTERNAL_LOOKUP_SMS
06-18 07:19:51.393 W/PackageManager( 1921): Cannot whitelist unknown permission: com.sec.android.provider.badge.permission.READ
06-18 07:19:51.393 W/PackageManager( 1921): Cannot whitelist unknown permission: com.sec.android.provider.badge.permission.WRITE
06-18 07:19:51.393 W/PackageManager( 1921): Cannot whitelist unknown permission: com.htc.launcher.permission.READ_SETTINGS
06-18 07:19:51.393 W/PackageManager( 1921): Cannot whitelist unknown permission: com.htc.launcher.permission.UPDATE_SHORTCUT
06-18 07:19:51.393 W/PackageManager( 1921): Cannot whitelist unknown permission: com.sonyericsson.home.permission.BROADCAST_BADGE
06-18 07:19:51.393 W/PackageManager( 1921): Cannot whitelist unknown permission: com.sonymobile.home.permission.PROVIDER_INSERT_BADGE
06-18 07:19:51.393 W/PackageManager( 1921): Cannot whitelist unknown permission: com.sonymobile.launcher.permission.PROVIDER_INSERT_BADGE
06-18 07:19:51.393 W/PackageManager( 1921): Cannot whitelist unknown permission: com.anddoes.launcher.permission.UPDATE_COUNT
06-18 07:19:51.393 W/PackageManager( 1921): Cannot whitelist unknown permission: com.majeur.launcher.permission.UPDATE_BADGE
06-18 07:19:51.393 W/PackageManager( 1921): Cannot whitelist unknown permission: com.huawei.android.launcher.permission.CHANGE_BADGE
06-18 07:19:51.393 W/PackageManager( 1921): Cannot whitelist unknown permission: com.huawei.android.launcher.permission.READ_SETTINGS
06-18 07:19:51.393 W/PackageManager( 1921): Cannot whitelist unknown permission: com.huawei.android.launcher.permission.WRITE_SETTINGS
06-18 07:19:51.393 W/PackageManager( 1921): Cannot whitelist unknown permission: android.permission.READ_APP_BADGE
06-18 07:19:51.393 W/PackageManager( 1921): Cannot whitelist unknown permission: com.oppo.launcher.permission.READ_SETTINGS
06-18 07:19:51.393 W/PackageManager( 1921): Cannot whitelist unknown permission: com.oppo.launcher.permission.WRITE_SETTINGS
06-18 07:19:51.393 I/PackageManager( 1921): Un-granting permission com.google.android.setupwizard.READ_DEVICE_ORIGIN from package com.google.android.apps.messaging (protectionLevel=18 flags=0x38cbbe45)
06-18 07:19:51.395 W/PackageManager( 1921): Cannot whitelist unknown permission: com.google.android.ims.LOG_ACCESS
06-18 07:19:51.395 W/PackageManager( 1921): Cannot whitelist unknown permission: com.cequint.ecid.CALLER_ID_EXTERNAL_LOOKUP_SMS
06-18 07:19:51.395 W/PackageManager( 1921): Cannot whitelist unknown permission: com.sec.android.provider.badge.permission.READ
06-18 07:19:51.395 W/PackageManager( 1921): Cannot whitelist unknown permission: com.sec.android.provider.badge.permission.WRITE
06-18 07:19:51.395 W/PackageManager( 1921): Cannot whitelist unknown permission: com.htc.launcher.permission.READ_SETTINGS
06-18 07:19:51.395 W/PackageManager( 1921): Cannot whitelist unknown permission: com.htc.launcher.permission.UPDATE_SHORTCUT
06-18 07:19:51.395 W/PackageManager( 1921): Cannot whitelist unknown permission: com.sonyericsson.home.permission.BROADCAST_BADGE
06-18 07:19:51.395 W/PackageManager( 1921): Cannot whitelist unknown permission: com.sonymobile.home.permission.PROVIDER_INSERT_BADGE
06-18 07:19:51.395 W/PackageManager( 1921): Cannot whitelist unknown permission: com.sonymobile.launcher.permission.PROVIDER_INSERT_BADGE
06-18 07:19:51.395 W/PackageManager( 1921): Cannot whitelist unknown permission: com.anddoes.launcher.permission.UPDATE_COUNT
06-18 07:19:51.395 W/PackageManager( 1921): Cannot whitelist unknown permission: com.majeur.launcher.permission.UPDATE_BADGE
06-18 07:19:51.395 W/PackageManager( 1921): Cannot whitelist unknown permission: com.huawei.android.launcher.permission.CHANGE_BADGE
06-18 07:19:51.395 W/PackageManager( 1921): Cannot whitelist unknown permission: com.huawei.android.launcher.permission.READ_SETTINGS
06-18 07:19:51.395 W/PackageManager( 1921): Cannot whitelist unknown permission: com.huawei.android.launcher.permission.WRITE_SETTINGS
06-18 07:19:51.395 W/PackageManager( 1921): Cannot whitelist unknown permission: android.permission.READ_APP_BADGE
06-18 07:19:51.395 W/PackageManager( 1921): Cannot whitelist unknown permission: com.oppo.launcher.permission.READ_SETTINGS
06-18 07:19:51.395 W/PackageManager( 1921): Cannot whitelist unknown permission: com.oppo.launcher.permission.WRITE_SETTINGS
06-18 07:19:51.395 I/PackageManager( 1921): Un-granting permission com.google.android.setupwizard.READ_DEVICE_ORIGIN from package com.google.android.apps.messaging (protectionLevel=18 flags=0x38cbbe45)
06-18 07:19:51.396 W/PackageManager( 1921): Cannot whitelist unknown permission: com.google.android.ims.LOG_ACCESS
06-18 07:19:51.396 W/PackageManager( 1921): Cannot whitelist unknown permission: com.cequint.ecid.CALLER_ID_EXTERNAL_LOOKUP_SMS
06-18 07:19:51.396 W/PackageManager( 1921): Cannot whitelist unknown permission: com.sec.android.provider.badge.permission.READ
06-18 07:19:51.396 W/PackageManager( 1921): Cannot whitelist unknown permission: com.sec.android.provider.badge.permission.WRITE
06-18 07:19:51.396 W/PackageManager( 1921): Cannot whitelist unknown permission: com.htc.launcher.permission.READ_SETTINGS
06-18 07:19:51.396 W/PackageManager( 1921): Cannot whitelist unknown permission: com.htc.launcher.permission.UPDATE_SHORTCUT
06-18 07:19:51.397 W/PackageManager( 1921): Cannot whitelist unknown permission: com.sonyericsson.home.permission.BROADCAST_BADGE
06-18 07:19:51.397 W/PackageManager( 1921): Cannot whitelist unknown permission: com.sonymobile.home.permission.PROVIDER_INSERT_BADGE
06-18 07:19:51.397 W/PackageManager( 1921): Cannot whitelist unknown permission: com.sonymobile.launcher.permission.PROVIDER_INSERT_BADGE
06-18 07:19:51.397 W/PackageManager( 1921): Cannot whitelist unknown permission: com.anddoes.launcher.permission.UPDATE_COUNT
06-18 07:19:51.397 W/PackageManager( 1921): Cannot whitelist unknown permission: com.majeur.launcher.permission.UPDATE_BADGE
06-18 07:19:51.397 W/PackageManager( 1921): Cannot whitelist unknown permission: com.huawei.android.launcher.permission.CHANGE_BADGE
06-18 07:19:51.397 W/PackageManager( 1921): Cannot whitelist unknown permission: com.huawei.android.launcher.permission.READ_SETTINGS
06-18 07:19:51.397 W/PackageManager( 1921): Cannot whitelist unknown permission: com.huawei.android.launcher.permission.WRITE_SETTINGS
06-18 07:19:51.397 W/PackageManager( 1921): Cannot whitelist unknown permission: android.permission.READ_APP_BADGE
06-18 07:19:51.397 W/PackageManager( 1921): Cannot whitelist unknown permission: com.oppo.launcher.permission.READ_SETTINGS
06-18 07:19:51.397 W/PackageManager( 1921): Cannot whitelist unknown permission: com.oppo.launcher.permission.WRITE_SETTINGS
06-18 07:19:51.397 I/PackageManager( 1921): Un-granting permission com.google.android.setupwizard.READ_DEVICE_ORIGIN from package com.google.android.apps.messaging (protectionLevel=18 flags=0x38cbbe45)
06-18 07:19:51.397 W/PackageManager( 1921): Cannot whitelist unknown permission: com.google.android.ims.LOG_ACCESS
06-18 07:19:51.397 W/PackageManager( 1921): Cannot whitelist unknown permission: com.cequint.ecid.CALLER_ID_EXTERNAL_LOOKUP_SMS
06-18 07:19:51.397 W/PackageManager( 1921): Cannot whitelist unknown permission: com.sec.android.provider.badge.permission.READ
06-18 07:19:51.397 W/PackageManager( 1921): Cannot whitelist unknown permission: com.sec.android.provider.badge.permission.WRITE
06-18 07:19:51.397 W/PackageManager( 1921): Cannot whitelist unknown permission: com.htc.launcher.permission.READ_SETTINGS
06-18 07:19:51.397 W/PackageManager( 1921): Cannot whitelist unknown permission: com.htc.launcher.permission.UPDATE_SHORTCUT
06-18 07:19:51.397 W/PackageManager( 1921): Cannot whitelist unknown permission: com.sonyericsson.home.permission.BROADCAST_BADGE
06-18 07:19:51.397 W/PackageManager( 1921): Cannot whitelist unknown permission: com.sonymobile.home.permission.PROVIDER_INSERT_BADGE
06-18 07:19:51.397 W/PackageManager( 1921): Cannot whitelist unknown permission: com.sonymobile.launcher.permission.PROVIDER_INSERT_BADGE
06-18 07:19:51.397 W/PackageManager( 1921): Cannot whitelist unknown permission: com.anddoes.launcher.permission.UPDATE_COUNT
06-18 07:19:51.397 W/PackageManager( 1921): Cannot whitelist unknown permission: com.majeur.launcher.permission.UPDATE_BADGE
06-18 07:19:51.397 W/PackageManager( 1921): Cannot whitelist unknown permission: com.huawei.android.launcher.permission.CHANGE_BADGE
06-18 07:19:51.397 W/PackageManager( 1921): Cannot whitelist unknown permission: com.huawei.android.launcher.permission.READ_SETTINGS
06-18 07:19:51.397 W/PackageManager( 1921): Cannot whitelist unknown permission: com.huawei.android.launcher.permission.WRITE_SETTINGS
06-18 07:19:51.397 W/PackageManager( 1921): Cannot whitelist unknown permission: android.permission.READ_APP_BADGE
06-18 07:19:51.397 W/PackageManager( 1921): Cannot whitelist unknown permission: com.oppo.launcher.permission.READ_SETTINGS
06-18 07:19:51.397 W/PackageManager( 1921): Cannot whitelist unknown permission: com.oppo.launcher.permission.WRITE_SETTINGS
06-18 07:19:51.397 I/PackageManager( 1921): Un-granting permission com.google.android.setupwizard.READ_DEVICE_ORIGIN from package com.google.android.apps.messaging (protectionLevel=18 flags=0x38cbbe45)
06-18 07:19:51.400 W/PackageManager( 1921): Cannot whitelist unknown permission: com.google.android.ims.LOG_ACCESS
06-18 07:19:51.400 W/PackageManager( 1921): Cannot whitelist unknown permission: com.cequint.ecid.CALLER_ID_EXTERNAL_LOOKUP_SMS
06-18 07:19:51.400 W/PackageManager( 1921): Cannot whitelist unknown permission: com.sec.android.provider.badge.permission.READ
06-18 07:19:51.400 W/PackageManager( 1921): Cannot whitelist unknown permission: com.sec.android.provider.badge.permission.WRITE
06-18 07:19:51.400 W/PackageManager( 1921): Cannot whitelist unknown permission: com.htc.launcher.permission.READ_SETTINGS
06-18 07:19:51.400 W/PackageManager( 1921): Cannot whitelist unknown permission: com.htc.launcher.permission.UPDATE_SHORTCUT
06-18 07:19:51.400 W/PackageManager( 1921): Cannot whitelist unknown permission: com.sonyericsson.home.permission.BROADCAST_BADGE
06-18 07:19:51.400 W/PackageManager( 1921): Cannot whitelist unknown permission: com.sonymobile.home.permission.PROVIDER_INSERT_BADGE
06-18 07:19:51.400 W/PackageManager( 1921): Cannot whitelist unknown permission: com.sonymobile.launcher.permission.PROVIDER_INSERT_BADGE
06-18 07:19:51.400 W/PackageManager( 1921): Cannot whitelist unknown permission: com.anddoes.launcher.permission.UPDATE_COUNT
06-18 07:19:51.400 W/PackageManager( 1921): Cannot whitelist unknown permission: com.majeur.launcher.permission.UPDATE_BADGE
06-18 07:19:51.400 W/PackageManager( 1921): Cannot whitelist unknown permission: com.huawei.android.launcher.permission.CHANGE_BADGE
06-18 07:19:51.401 W/PackageManager( 1921): Cannot whitelist unknown permission: com.huawei.android.launcher.permission.READ_SETTINGS
06-18 07:19:51.401 W/PackageManager( 1921): Cannot whitelist unknown permission: com.huawei.android.launcher.permission.WRITE_SETTINGS
06-18 07:19:51.401 W/PackageManager( 1921): Cannot whitelist unknown permission: android.permission.READ_APP_BADGE
06-18 07:19:51.401 W/PackageManager( 1921): Cannot whitelist unknown permission: com.oppo.launcher.permission.READ_SETTINGS
06-18 07:19:51.401 W/PackageManager( 1921): Cannot whitelist unknown permission: com.oppo.launcher.permission.WRITE_SETTINGS
06-18 07:19:51.401 I/PackageManager( 1921): Un-granting permission com.google.android.setupwizard.READ_DEVICE_ORIGIN from package com.google.android.apps.messaging (protectionLevel=18 flags=0x38cbbe45)
06-18 07:19:51.402 W/PackageManager( 1921): Cannot whitelist unknown permission: com.google.android.ims.LOG_ACCESS
06-18 07:19:51.402 W/PackageManager( 1921): Cannot whitelist unknown permission: com.cequint.ecid.CALLER_ID_EXTERNAL_LOOKUP_SMS
06-18 07:19:51.402 W/PackageManager( 1921): Cannot whitelist unknown permission: com.sec.android.provider.badge.permission.READ
06-18 07:19:51.402 W/PackageManager( 1921): Cannot whitelist unknown permission: com.sec.android.provider.badge.permission.WRITE
06-18 07:19:51.402 W/PackageManager( 1921): Cannot whitelist unknown permission: com.htc.launcher.permission.READ_SETTINGS
06-18 07:19:51.402 W/PackageManager( 1921): Cannot whitelist unknown permission: com.htc.launcher.permission.UPDATE_SHORTCUT
06-18 07:19:51.402 W/PackageManager( 1921): Cannot whitelist unknown permission: com.sonyericsson.home.permission.BROADCAST_BADGE
06-18 07:19:51.402 W/PackageManager( 1921): Cannot whitelist unknown permission: com.sonymobile.home.permission.PROVIDER_INSERT_BADGE
06-18 07:19:51.402 W/PackageManager( 1921): Cannot whitelist unknown permission: com.sonymobile.launcher.permission.PROVIDER_INSERT_BADGE
06-18 07:19:51.402 W/PackageManager( 1921): Cannot whitelist unknown permission: com.anddoes.launcher.permission.UPDATE_COUNT
06-18 07:19:51.402 W/PackageManager( 1921): Cannot whitelist unknown permission: com.majeur.launcher.permission.UPDATE_BADGE
06-18 07:19:51.402 W/PackageManager( 1921): Cannot whitelist unknown permission: com.huawei.android.launcher.permission.CHANGE_BADGE
06-18 07:19:51.402 W/PackageManager( 1921): Cannot whitelist unknown permission: com.huawei.android.launcher.permission.READ_SETTINGS
06-18 07:19:51.402 W/PackageManager( 1921): Cannot whitelist unknown permission: com.huawei.android.launcher.permission.WRITE_SETTINGS
06-18 07:19:51.402 W/PackageManager( 1921): Cannot whitelist unknown permission: android.permission.READ_APP_BADGE
06-18 07:19:51.402 W/PackageManager( 1921): Cannot whitelist unknown permission: com.oppo.launcher.permission.READ_SETTINGS
06-18 07:19:51.402 W/PackageManager( 1921): Cannot whitelist unknown permission: com.oppo.launcher.permission.WRITE_SETTINGS
06-18 07:19:51.402 I/PackageManager( 1921): Un-granting permission com.google.android.setupwizard.READ_DEVICE_ORIGIN from package com.google.android.apps.messaging (protectionLevel=18 flags=0x38cbbe45)
06-18 07:19:51.402 W/PackageManager( 1921): Cannot whitelist unknown permission: com.google.android.ims.LOG_ACCESS
06-18 07:19:51.402 W/PackageManager( 1921): Cannot whitelist unknown permission: com.cequint.ecid.CALLER_ID_EXTERNAL_LOOKUP_SMS
06-18 07:19:51.402 W/PackageManager( 1921): Cannot whitelist unknown permission: com.sec.android.provider.badge.permission.READ
06-18 07:19:51.402 W/PackageManager( 1921): Cannot whitelist unknown permission: com.sec.android.provider.badge.permission.WRITE
06-18 07:19:51.402 W/PackageManager( 1921): Cannot whitelist unknown permission: com.htc.launcher.permission.READ_SETTINGS
06-18 07:19:51.402 W/PackageManager( 1921): Cannot whitelist unknown permission: com.htc.launcher.permission.UPDATE_SHORTCUT
06-18 07:19:51.402 W/PackageManager( 1921): Cannot whitelist unknown permission: com.sonyericsson.home.permission.BROADCAST_BADGE
06-18 07:19:51.402 W/PackageManager( 1921): Cannot whitelist unknown permission: com.sonymobile.home.permission.PROVIDER_INSERT_BADGE
06-18 07:19:51.402 W/PackageManager( 1921): Cannot whitelist unknown permission: com.sonymobile.launcher.permission.PROVIDER_INSERT_BADGE
06-18 07:19:51.402 W/PackageManager( 1921): Cannot whitelist unknown permission: com.anddoes.launcher.permission.UPDATE_COUNT
06-18 07:19:51.402 W/PackageManager( 1921): Cannot whitelist unknown permission: com.majeur.launcher.permission.UPDATE_BADGE
06-18 07:19:51.402 W/PackageManager( 1921): Cannot whitelist unknown permission: com.huawei.android.launcher.permission.CHANGE_BADGE
06-18 07:19:51.402 W/PackageManager( 1921): Cannot whitelist unknown permission: com.huawei.android.launcher.permission.READ_SETTINGS
06-18 07:19:51.402 W/PackageManager( 1921): Cannot whitelist unknown permission: com.huawei.android.launcher.permission.WRITE_SETTINGS
06-18 07:19:51.402 W/PackageManager( 1921): Cannot whitelist unknown permission: android.permission.READ_APP_BADGE
06-18 07:19:51.403 W/PackageManager( 1921): Cannot whitelist unknown permission: com.oppo.launcher.permission.READ_SETTINGS
06-18 07:19:51.403 W/PackageManager( 1921): Cannot whitelist unknown permission: com.oppo.launcher.permission.WRITE_SETTINGS
06-18 07:19:51.403 I/PackageManager( 1921): Un-granting permission com.google.android.setupwizard.READ_DEVICE_ORIGIN from package com.google.android.apps.messaging (protectionLevel=18 flags=0x38cbbe45)
06-18 07:19:51.404 W/PackageManager( 1921): Cannot whitelist unknown permission: com.google.android.ims.LOG_ACCESS
06-18 07:19:51.404 W/PackageManager( 1921): Cannot whitelist unknown permission: com.cequint.ecid.CALLER_ID_EXTERNAL_LOOKUP_SMS
06-18 07:19:51.404 W/PackageManager( 1921): Cannot whitelist unknown permission: com.sec.android.provider.badge.permission.READ
06-18 07:19:51.404 W/PackageManager( 1921): Cannot whitelist unknown permission: com.sec.android.provider.badge.permission.WRITE
06-18 07:19:51.404 W/PackageManager( 1921): Cannot whitelist unknown permission: com.htc.launcher.permission.READ_SETTINGS
06-18 07:19:51.404 W/PackageManager( 1921): Cannot whitelist unknown permission: com.htc.launcher.permission.UPDATE_SHORTCUT
06-18 07:19:51.404 W/PackageManager( 1921): Cannot whitelist unknown permission: com.sonyericsson.home.permission.BROADCAST_BADGE
06-18 07:19:51.404 W/PackageManager( 1921): Cannot whitelist unknown permission: com.sonymobile.home.permission.PROVIDER_INSERT_BADGE
06-18 07:19:51.404 W/PackageManager( 1921): Cannot whitelist unknown permission: com.sonymobile.launcher.permission.PROVIDER_INSERT_BADGE
06-18 07:19:51.404 W/PackageManager( 1921): Cannot whitelist unknown permission: com.anddoes.launcher.permission.UPDATE_COUNT
06-18 07:19:51.404 W/PackageManager( 1921): Cannot whitelist unknown permission: com.majeur.launcher.permission.UPDATE_BADGE
06-18 07:19:51.404 W/PackageManager( 1921): Cannot whitelist unknown permission: com.huawei.android.launcher.permission.CHANGE_BADGE
06-18 07:19:51.404 W/PackageManager( 1921): Cannot whitelist unknown permission: com.huawei.android.launcher.permission.READ_SETTINGS
06-18 07:19:51.404 W/PackageManager( 1921): Cannot whitelist unknown permission: com.huawei.android.launcher.permission.WRITE_SETTINGS
06-18 07:19:51.404 W/PackageManager( 1921): Cannot whitelist unknown permission: android.permission.READ_APP_BADGE
06-18 07:19:51.405 W/PackageManager( 1921): Cannot whitelist unknown permission: com.oppo.launcher.permission.READ_SETTINGS
06-18 07:19:51.405 W/PackageManager( 1921): Cannot whitelist unknown permission: com.oppo.launcher.permission.WRITE_SETTINGS
06-18 07:19:51.405 I/PackageManager( 1921): Un-granting permission com.google.android.setupwizard.READ_DEVICE_ORIGIN from package com.google.android.apps.messaging (protectionLevel=18 flags=0x38cbbe45)
06-18 07:19:51.408 I/OMXClient( 1921): IOmx service obtained
06-18 07:19:51.408 I/OMXMaster( 1763): makeComponentInstance(OMX.google.vorbis.decoder) in android.hardwar process
06-18 07:19:51.409 E/OMXNodeInstance( 1763): getConfig(0xf4d3c540:google.vorbis.decoder, ConfigAndroidVendorExtension(0x6f100004)) ERROR: Undefined(0x80001001)
06-18 07:19:51.423 I/PackageManager( 1921): Un-granting permission android.permission.BIND_WALLPAPER from package com.android.camera2 (protectionLevel=18 flags=0x20d8bc45)
06-18 07:19:51.424 I/chatty  ( 1921): uid=1000(system) Binder:1921_6 identical 1 line
06-18 07:19:51.425 I/PackageManager( 1921): Un-granting permission android.permission.BIND_WALLPAPER from package com.android.camera2 (protectionLevel=18 flags=0x20d8bc45)
