06-22 07:04:48.747 I/PackageParser( 1912): Parse times for '/system/product/priv-app/Settings': parse=155ms, update_cache=23 ms
06-22 07:04:48.752 I/PackageManager( 1912): /system/product/priv-app/Settings changed; collecting certs
06-22 07:04:48.754 E/PackageManager( 1912): Adding duplicate shared id: 1000 name=com.android.settings
06-22 07:04:48.755 W/PackageManager( 1912): Skipping provider name androidx.lifecycle.process.lifecycle-process (in package com.android.settings): name already used by com.android.systemui
06-22 07:04:48.762 I/PackageManager( 1912): /system/product/app/NexusWallpapersStubPrebuilt2018 changed; collecting certs
06-22 07:04:48.768 I/PackageManager( 1912): /system/product/app/TrichromeLibrary changed; collecting certs
06-22 07:04:48.783 I/PackageManager( 1912): /system/product/app/MarkupGoogle changed; collecting certs
06-22 07:04:48.812 I/PackageManager( 1912): /system/product/app/DMAgent changed; collecting certs
06-22 07:04:48.819 I/PackageManager( 1912): /system/product/app/Videos changed; collecting certs
06-22 07:04:48.826 I/PackageManager( 1912): /system/product/app/SoundPickerPrebuilt changed; collecting certs
06-22 07:04:48.830 I/PackageManager( 1912): /system/product/app/GoogleContactsSyncAdapter changed; collecting certs
06-22 07:04:48.843 I/PackageManager( 1912): /system/product/app/WebViewGoogle changed; collecting certs
06-22 07:04:48.859 W/PackageParser( 1912): No actions in intent filter at /system/product/app/PrebuiltBugle/PrebuiltBugle.apk Binary XML file line #1261
06-22 07:04:48.866 I/PackageManager( 1912): /system/product/app/PrebuiltBugle changed; collecting certs
06-22 07:04:48.880 I/PackageParser( 1912): Parse times for '/system/product/app/LatinIMEGooglePrebuilt': parse=120ms, update_cache=3 ms
06-22 07:04:48.881 I/PackageManager( 1912): /system/product/app/LatinIMEGooglePrebuilt changed; collecting certs
06-22 07:04:48.890 I/PackageManager( 1912): /system/product/app/Chrome changed; collecting certs
06-22 07:04:48.894 I/PackageManager( 1912): /system/product/app/Camera2 changed; collecting certs
06-22 07:04:48.896 I/PackageManager( 1912): /system/product/app/ModuleMetadataGoogle changed; collecting certs
06-22 07:04:48.928 W/PackageParser( 1912): No actions in intent filter at /system/product/app/Drive/Drive.apk Binary XML file line #1759
06-22 07:04:48.942 I/PackageParser( 1912): Parse times for '/system/product/app/Drive': parse=103ms, update_cache=13 ms
06-22 07:04:48.942 I/PackageManager( 1912): /system/product/app/Drive changed; collecting certs
06-22 07:04:48.945 W/PackageParser( 1912): No actions in intent filter at /system/product/app/CalendarGooglePrebuilt/CalendarGooglePrebuilt.apk Binary XML file line #500
06-22 07:04:48.947 W/PackageParser( 1912): No actions in intent filter at /system/product/app/PrebuiltGmail/PrebuiltGmail.apk Binary XML file line #735
06-22 07:04:48.947 W/PackageParser( 1912): No actions in intent filter at /system/product/app/PrebuiltGmail/PrebuiltGmail.apk Binary XML file line #800
06-22 07:04:48.846 I/chatty  ( 1780): uid=0(root) /system/bin/storaged identical 2 lines
06-22 07:04:48.949 I/ServiceManager( 1780): Waiting for service 'package_native' on '/dev/binder'...
06-22 07:04:48.950 I/PackageManager( 1912): New shared user com.google.android.calendar.uid.shared: id=10137
06-22 07:04:48.950 I/PackageManager( 1912): /system/product/app/CalendarGooglePrebuilt changed; collecting certs
06-22 07:04:48.951 E/PackageManager( 1912): Adding duplicate app id: 10137 name=com.google.android.calendar
06-22 07:04:48.955 I/PackageManager( 1912): /system/product/app/PrebuiltGmail changed; collecting certs
06-22 07:04:48.957 I/PackageManager( 1912): New shared user com.google.android.apps.maps: id=10139
06-22 07:04:48.957 I/PackageManager( 1912): /system/product/app/Maps changed; collecting certs
06-22 07:04:48.999 E/PackageManager( 1912): Adding duplicate app id: 10139 name=com.google.android.apps.maps
06-22 07:04:49.000 I/PackageManager( 1912): /system/product/app/WallpapersBReel2018 changed; collecting certs
06-22 07:04:49.008 I/PackageManager( 1912): /system/product/app/Music2 changed; collecting certs
06-22 07:04:49.023 I/PackageManager( 1912): /system/product/app/GoogleTTS changed; collecting certs
06-22 07:04:49.031 I/PackageManager( 1912): /system/product/app/PrebuiltDeskClockGoogle changed; collecting certs
06-22 07:04:49.049 I/ServiceManager( 1780): Waiting for service 'package_native' on '/dev/binder'...
06-22 07:04:49.057 W/PackageParser( 1912): No actions in intent filter at /system/product/app/Photos/Photos.apk Binary XML file line #1857
06-22 07:04:49.060 W/PackageParser( 1912): Unknown element under <manifest>: meta-data at /system/product/app/YouTube/YouTube.apk Binary XML file line #113
06-22 07:04:49.060 W/PackageParser( 1912): Unknown element under <manifest>: queries at /system/product/app/YouTube/YouTube.apk Binary XML file line #115
06-22 07:04:49.066 I/PackageParser( 1912): Parse times for '/system/product/app/Photos': parse=99ms, update_cache=9 ms
06-22 07:04:49.066 I/PackageManager( 1912): /system/product/app/Photos changed; collecting certs
06-22 07:04:49.071 I/PackageParser( 1912): Parse times for '/system/product/app/YouTube': parse=105ms, update_cache=8 ms
06-22 07:04:49.071 I/PackageManager( 1912): /system/product/app/YouTube changed; collecting certs
06-22 07:04:49.078 D/PackageManager( 1912): No files in app dir /product_services/priv-app
06-22 07:04:49.078 D/PackageManager( 1912): No files in app dir /product_services/app
06-22 07:04:49.079 I/PackageManager( 1912): Finished scanning system apps. Time: 1020 ms, packageCount: 177 , timePerPackage: 5 , cached: 0
06-22 07:04:49.079 D/PackageManager( 1912): No files in app dir /data/app
06-22 07:04:49.079 I/PackageManager( 1912): Finished scanning non-system apps. Time: 0 ms, packageCount: 0 , timePerPackage: 0 , cached: 0
06-22 07:04:49.080 E/installd( 1765): Invalid path /system/product/priv-app/GoogleServicesFramework: No such file or directory
06-22 07:04:49.080 E/installd( 1765): Invalid path /system/product/priv-app/Settings: No such file or directory
06-22 07:04:49.080 E/installd( 1765): Invalid path /system/framework/framework-res.apk: No such file or directory
06-22 07:04:49.082 I/PackageManager( 1912): Time to scan packages: 1.023 seconds
06-22 07:04:49.082 I/PackageManager( 1912): Un-granting permission android.permission.MANAGE_DOCUMENTS from package com.google.android.youtube (protectionLevel=262146 flags=0x305bbe45)
06-22 07:04:49.083 I/PackageManager( 1912): Un-granting permission com.google.android.googleapps.permission.GOOGLE_AUTH from package com.android.providers.calendar (protectionLevel=2 flags=0x30083e45)
06-22 07:04:49.083 I/PackageManager( 1912): Un-granting permission com.google.android.googleapps.permission.GOOGLE_AUTH.cl from package com.android.providers.calendar (protectionLevel=2 flags=0x30083e45)
06-22 07:04:49.083 I/PackageManager( 1912): Un-granting permission android.permission.WRITE_SECURE_SETTINGS from package com.google.android.apps.enterprise.dmagent (protectionLevel=50 flags=0x30083e05)
06-22 07:04:49.083 I/PackageManager( 1912): Un-granting permission android.permission.CONNECTIVITY_INTERNAL from package com.google.android.apps.enterprise.dmagent (protectionLevel=18 flags=0x30083e05)
06-22 07:04:49.083 I/PackageManager( 1912): Un-granting permission android.permission.MANAGE_USB from package com.google.android.apps.enterprise.dmagent (protectionLevel=18 flags=0x30083e05)
06-22 07:04:49.083 I/PackageManager( 1912): Un-granting permission android.permission.CHANGE_COMPONENT_ENABLED_STATE from package com.google.android.apps.enterprise.dmagent (protectionLevel=18 flags=0x30083e05)
06-22 07:04:49.083 I/PackageManager( 1912): Un-granting permission android.permission.MANAGE_CA_CERTIFICATES from package com.google.android.apps.enterprise.dmagent (protectionLevel=18 flags=0x30083e05)
06-22 07:04:49.083 I/PackageManager( 1912): Un-granting permission android.permission.MANAGE_USERS from package com.google.android.apps.enterprise.dmagent (protectionLevel=18 flags=0x30083e05)
06-22 07:04:49.083 I/PackageManager( 1912): Un-granting permission com.google.android.setupwizard.READ_DEVICE_ORIGIN from package com.google.android.apps.messaging (protectionLevel=18 flags=0x384bbe45)
06-22 07:04:49.084 I/PackageManager( 1912): Un-granting permission android.permission.BIND_WALLPAPER from package com.android.camera2 (protectionLevel=18 flags=0x2058bc45)
06-22 07:04:49.084 I/PackageManager( 1912): Un-granting permission android.permission.REQUEST_INSTALL_PACKAGES from package com.google.android.gm (protectionLevel=66 flags=0x384bbe45)
06-22 07:04:49.085 I/PackageManager( 1912): Un-granting permission android.permission.GRANT_RUNTIME_PERMISSIONS from package com.google.android.permissioncontroller (protectionLevel=770 flags=0x30483e05)
06-22 07:04:49.085 I/PackageManager( 1912): Un-granting permission android.permission.REVOKE_RUNTIME_PERMISSIONS from package com.google.android.permissioncontroller (protectionLevel=770 flags=0x30483e05)
06-22 07:04:49.085 I/PackageManager( 1912): Un-granting permission android.permission.ADJUST_RUNTIME_PERMISSIONS_POLICY from package com.google.android.permissioncontroller (protectionLevel=258 flags=0x30483e05)
06-22 07:04:49.085 I/PackageManager( 1912): Un-granting permission android.permission.WHITELIST_RESTRICTED_PERMISSIONS from package com.google.android.permissioncontroller (protectionLevel=258 flags=0x30483e05)
06-22 07:04:49.085 I/PackageManager( 1912): Un-granting permission android.permission.INTERACT_ACROSS_USERS_FULL from package com.google.android.permissioncontroller (protectionLevel=258 flags=0x30483e05)
06-22 07:04:49.085 I/PackageManager( 1912): Un-granting permission android.permission.MANAGE_APP_OPS_MODES from package com.google.android.permissioncontroller (protectionLevel=770 flags=0x30483e05)
06-22 07:04:49.085 I/PackageManager( 1912): Un-granting permission android.permission.KILL_UID from package com.google.android.permissioncontroller (protectionLevel=258 flags=0x30483e05)
06-22 07:04:49.085 I/PackageManager( 1912): Un-granting permission android.permission.MANAGE_APP_OPS_RESTRICTIONS from package com.google.android.permissioncontroller (protectionLevel=258 flags=0x30483e05)
06-22 07:04:49.085 I/PackageManager( 1912): Un-granting permission android.permission.HIDE_NON_SYSTEM_OVERLAY_WINDOWS from package com.google.android.permissioncontroller (protectionLevel=258 flags=0x30483e05)
06-22 07:04:49.085 I/PackageManager( 1912): Un-granting permission android.permission.MANAGE_ROLE_HOLDERS from package com.google.android.permissioncontroller (protectionLevel=258 flags=0x30483e05)
06-22 07:04:49.085 I/PackageManager( 1912): Un-granting permission android.permission.OBSERVE_ROLE_HOLDERS from package com.google.android.permissioncontroller (protectionLevel=258 flags=0x30483e05)
06-22 07:04:49.085 I/PackageManager( 1912): Un-granting permission android.permission.SET_PREFERRED_APPLICATIONS from package com.google.android.permissioncontroller (protectionLevel=770 flags=0x30483e05)
06-22 07:04:49.085 I/PackageManager( 1912): Un-granting permission android.permission.ACCESS_SHARED_LIBRARIES from package com.google.android.permissioncontroller (protectionLevel=258 flags=0x30483e05)
06-22 07:04:49.085 I/PackageManager( 1912): Un-granting permission android.permission.ACCESS_INSTANT_APPS from package com.google.android.permissioncontroller (protectionLevel=131842 flags=0x30483e05)
06-22 07:04:49.085 I/PackageManager( 1912): Un-granting permission android.permission.OPEN_ACCESSIBILITY_DETAILS_SETTINGS from package com.google.android.permissioncontroller (protectionLevel=258 flags=0x30483e05)
06-22 07:04:49.085 I/PackageManager( 1912): Un-granting permission android.permission.BIND_JOB_SERVICE from package com.google.android.music (protectionLevel=2 flags=0x384bbe65)
06-22 07:04:49.085 I/PackageManager( 1912): Un-granting permission android.permission.CONNECTIVITY_USE_RESTRICTED_NETWORKS from package com.google.android.captiveportallogin (protectionLevel=18 flags=0x3848be45)
06-22 07:04:49.085 I/PackageManager( 1912): Un-granting permission android.permission.NETWORK_BYPASS_PRIVATE_DNS from package com.google.android.captiveportallogin (protectionLevel=2 flags=0x3848be45)
06-22 07:04:49.086 I/PackageManager( 1912): Un-granting permission android.permission.REQUEST_INSTALL_PACKAGES from package com.google.android.apps.docs (protectionLevel=66 flags=0x384bbe45)
06-22 07:04:49.086 I/PackageManager( 1912): Un-granting permission android.permission.INTERACT_ACROSS_USERS from package com.google.android.syncadapters.contacts (protectionLevel=50 flags=0x20083e45)
06-22 07:04:49.086 I/PackageManager( 1912): Un-granting permission android.permission.REQUEST_INSTALL_PACKAGES from package com.android.chrome (protectionLevel=66 flags=0xa04bbe45)
06-22 07:04:49.086 I/PackageManager( 1912): Un-granting permission com.google.android.apps.now.CURRENT_ACCOUNT_ACCESS from package com.android.chrome (protectionLevel=2 flags=0xa04bbe45)
06-22 07:04:49.087 I/PackageManager( 1912): Un-granting permission android.permission.HIDE_NON_SYSTEM_OVERLAY_WINDOWS from package com.google.android.packageinstaller (protectionLevel=258 flags=0x30483e45)
06-22 07:04:49.087 I/PackageManager( 1912): Un-granting permission android.permission.MANAGE_APP_OPS_MODES from package com.google.android.packageinstaller (protectionLevel=770 flags=0x30483e45)
06-22 07:04:49.087 I/PackageManager( 1912): Un-granting permission android.permission.INTERACT_ACROSS_USERS_FULL from package com.google.android.packageinstaller (protectionLevel=258 flags=0x30483e45)
06-22 07:04:49.087 I/PackageManager( 1912): Un-granting permission android.permission.CAPTURE_VIDEO_OUTPUT from package com.google.android.gms (protectionLevel=2 flags=0xb04abe45)
06-22 07:04:49.087 I/PackageManager( 1912): Un-granting permission android.permission.MANAGE_DEVICE_ADMINS from package com.google.android.gms (protectionLevel=2 flags=0xb04abe45)
06-22 07:04:49.087 I/PackageManager( 1912): Un-granting permission android.permission.MANAGE_ACTIVITY_STACKS from package com.google.android.gms (protectionLevel=2 flags=0xb04abe45)
06-22 07:04:49.087 I/PackageManager( 1912): Un-granting permission android.permission.CAPTURE_SECURE_VIDEO_OUTPUT from package com.google.android.gms (protectionLevel=2 flags=0xb04abe45)
06-22 07:04:49.087 I/PackageManager( 1912): Un-granting permission android.permission.MANAGE_ROLLBACKS from package com.google.android.gms (protectionLevel=514 flags=0xb04abe45)
06-22 07:04:49.088 I/PackageManager( 1912): Un-granting permission com.google.android.googleapps.permission.GOOGLE_AUTH from package com.google.android.videos (protectionLevel=2 flags=0x305bbe45)
06-22 07:04:49.088 I/PackageManager( 1912): Un-granting permission android.permission.WRITE_MEDIA_STORAGE from package com.google.android.apps.photos (protectionLevel=18 flags=0x3859be45)
06-22 07:04:49.092 W/PackageManager( 1912): Unknown package com.google.android.apps.docs.editors.docs in sysconfig <app-link>
06-22 07:04:49.092 W/PackageManager( 1912): Unknown package com.google.android.apps.docs.editors.sheets in sysconfig <app-link>
06-22 07:04:49.092 W/PackageManager( 1912): Unknown package com.google.android.apps.docs.editors.slides in sysconfig <app-link>
06-22 07:04:49.092 W/PackageManager( 1912): Sysconfig <app-link> package 'com.android.vending' does not handle web links
06-22 07:04:49.092 W/PackageManager( 1912): Unknown package com.google.android.apps.plus in sysconfig <app-link>
06-22 07:04:49.092 W/PackageManager( 1912): Unknown package com.google.android.apps.tycho in sysconfig <app-link>
06-22 07:04:49.092 W/PackageManager( 1912): Unknown package com.google.android.talk in sysconfig <app-link>
06-22 07:04:49.092 V/PackageManager( 1912): reconcileAppsData for null u0 0x1 migrateAppData=true
06-22 07:04:49.093 I/SELinux ( 1765): SELinux: Loaded file_contexts
06-22 07:04:49.117 V/PackageManager( 1912): reconcileAppsData finished 20 packages
06-22 07:04:49.118 D/SystemServerInitThreadPool( 1912): Started executing prepareAppData
06-22 07:04:49.118 D/SystemServerTimingAsync( 1912): AppDataFixup took to complete: 1ms
06-22 07:04:49.130 I/SELinux ( 1912): SELinux: Loaded file_contexts
06-22 07:04:49.135 E/PackageManager( 1912): There should probably be a verifier, but, none were found
06-22 07:04:49.135 V/PackageManager( 1912): Ephemeral resolver found; pkg: com.google.android.gms, info:ResolveInfo{c725b2f com.google.android.gms/.chimera.PersistentBoundBrokerService m=0x108000}
06-22 07:04:49.136 D/PackageManager( 1912): Set ephemeral resolver: Pair{ComponentInfo{com.google.android.gms/com.google.android.gms.chimera.PersistentBoundBrokerService} android.intent.action.RESOLVE_INSTANT_APP_PACKAGE}
06-22 07:04:49.136 D/PackageManager( 1912): Instant App installer not found with android.intent.action.INSTALL_INSTANT_APP_PACKAGE
06-22 07:04:49.136 D/PackageManager( 1912): Clear ephemeral installer activity
06-22 07:04:49.150 I/ServiceManager( 1780): Waiting for service 'package_native' on '/dev/binder'...
06-22 07:04:49.182 I/system_server( 1912): Explicit concurrent copying GC freed 202062(16MB) AllocSpace objects, 154(4964KB) LOS objects, 42% free, 6469KB/11MB, paused 612us total 44.281ms
06-22 07:04:49.191 I/Watchdog( 1912): Resuming HandlerChecker: main thread for reason: packagemanagermain. Pause count: 0
06-22 07:04:49.191 D/SystemServerTiming( 1912): StartPackageManagerService took to complete: 1161ms
06-22 07:04:49.191 I/SystemServer( 1912): StartOtaDexOptService
06-22 07:04:49.191 I/Watchdog( 1912): Pausing HandlerChecker: main thread for reason: moveab. Pause count: 1
06-22 07:04:49.192 D/OTADexopt( 1912): No upgrade, skipping A/B artifacts check.
06-22 07:04:49.192 I/Watchdog( 1912): Resuming HandlerChecker: main thread for reason: moveab. Pause count: 0
06-22 07:04:49.192 D/SystemServerTiming( 1912): StartOtaDexOptService took to complete: 1ms
06-22 07:04:49.192 I/SystemServer( 1912): StartUserManagerService
06-22 07:04:49.192 I/SystemServiceManager( 1912): Starting com.android.server.pm.UserManagerService$LifeCycle
06-22 07:04:49.193 D/SystemServerTiming( 1912): StartUserManagerService took to complete: 0ms
06-22 07:04:49.193 I/SystemServer( 1912): InitAttributerCache
06-22 07:04:49.193 D/SystemServerTiming( 1912): InitAttributerCache took to complete: 0ms
06-22 07:04:49.193 I/SystemServer( 1912): SetSystemProcess
06-22 07:04:49.196 I/lowmemorykiller( 1713): lmkd data connection established
06-22 07:04:49.197 D/SystemServerTiming( 1912): SetSystemProcess took to complete: 4ms
06-22 07:04:49.197 I/SystemServer( 1912): InitWatchdog
06-22 07:04:49.197 I/        ( 1759): Waiting for sensor privacy service
06-22 07:04:49.197 I/        ( 1711): Waiting for sensor privacy service
06-22 07:04:49.197 D/SystemServerTiming( 1912): InitWatchdog took to complete: 1ms
06-22 07:04:49.197 I/SystemServer( 1912): StartOverlayManagerService
06-22 07:04:49.254 I/storaged( 1780): storaged: Start
06-22 07:04:49.368 D/SystemServerTiming( 1912): StartOverlayManagerService took to complete: 171ms
06-22 07:04:49.368 I/SystemServer( 1912): StartSensorPrivacyService
06-22 07:04:49.369 D/SystemServerTiming( 1912): StartSensorPrivacyService took to complete: 0ms
06-22 07:04:49.369 I/SystemServer( 1912): StartBatteryService
06-22 07:04:49.369 I/SystemServiceManager( 1912): Starting com.android.server.BatteryService
06-22 07:04:49.369 D/SystemServerInitThreadPool( 1912): Started executing StartSensorService
06-22 07:04:49.369 D/SensorService( 1912): nuSensorService starting...
06-22 07:04:49.370 I/hwservicemanager( 1567): getTransport: Cannot find entry android.hardware.sensors@2.0::ISensors/default in either framework or device manifest.
06-22 07:04:49.370 I/SensorService( 1912): Reported power 0.000000 not deemed sane, clamping to 0.001000
06-22 07:04:49.371 I/SensorService( 1912): Generated new HMAC key.
06-22 07:04:49.371 D/SensorService( 1912): nuSensorService thread starting...
06-22 07:04:49.371 I/android_os_HwBinder( 1912): HwBinder: Starting thread pool for getting: android.hardware.health@2.0::IHealth/default
06-22 07:04:49.372 D/SystemServerTimingAsync( 1912): StartSensorService took to complete: 4ms
06-22 07:04:49.372 D/SystemServerInitThreadPool( 1912): Finished executing StartSensorService
06-22 07:04:49.373 D/SensorService( 1912): new thread SensorEventAckReceiver
06-22 07:04:49.378 I/hwservicemanager( 1567): getTransport: Cannot find entry android.hardware.soundtrigger@2.0::ISoundTriggerHw/default in either framework or device manifest.
06-22 07:04:49.380 E/SoundTriggerHwService( 1711): could not read implementation properties
06-22 07:04:49.380 I/ServiceManagement( 1759): Registered android.frameworks.cameraservice.service@2.0::ICameraService/default (start delay of 3623ms)
06-22 07:04:49.381 I/android_os_HwBinder( 1912): HwBinder: Starting thread pool for getting: android.hidl.manager@1.0::IServiceManager/default
06-22 07:04:49.382 I/HealthServiceWrapper( 1912): health: HealthServiceWrapper listening to instance default
06-22 07:04:49.382 I/BatteryService( 1912): health: Waited 0ms and received the update.
06-22 07:04:49.383 D/SystemServerTimingAsync( 1912): AppDataPrepare took to complete: 265ms
06-22 07:04:49.384 I/PackageManager( 1912): Deferred reconcileAppsData finished 157 packages
06-22 07:04:49.384 D/SystemServerTiming( 1912): StartBatteryService took to complete: 15ms
06-22 07:04:49.384 I/SystemServer( 1912): StartUsageService
06-22 07:04:49.384 D/SystemServerInitThreadPool( 1912): Finished executing prepareAppData
06-22 07:04:49.384 I/SystemServiceManager( 1912): Starting com.android.server.usage.UsageStatsService
06-22 07:04:49.385 I/android_os_HwBinder( 1912): HwBinder: Starting thread pool for getting: android.hardware.health@2.0::IHealth/default
06-22 07:04:49.390 I/UsageStatsDatabase( 1912): Upgrading from version 0 to 4
06-22 07:04:49.390 I/UsageStatsDatabase( 1912): Deleting all usage stats files
06-22 07:04:49.391 I/UsageStatsService( 1912): User[0] Rollover scheduled @ 2026-06-23 07:04:49(1782198289388)
06-22 07:04:49.392 D/SystemServerTiming( 1912): StartUsageService took to complete: 8ms
06-22 07:04:49.392 I/SystemServer( 1912): StartWebViewUpdateService
06-22 07:04:49.392 I/SystemServiceManager( 1912): Starting com.android.server.webkit.WebViewUpdateService
06-22 07:04:49.394 D/SystemServerTiming( 1912): StartWebViewUpdateService took to complete: 3ms
06-22 07:04:49.394 I/SystemServer( 1912): StartCachedDeviceStateService
06-22 07:04:49.394 I/SystemServiceManager( 1912): Starting com.android.server.CachedDeviceStateService
06-22 07:04:49.394 D/SystemServerTiming( 1912): StartCachedDeviceStateService took to complete: 0ms
06-22 07:04:49.395 I/SystemServer( 1912): StartBinderCallsStatsService
06-22 07:04:49.395 I/SystemServiceManager( 1912): Starting com.android.server.BinderCallsStatsService$LifeCycle
06-22 07:04:49.395 D/SystemServerTiming( 1912): StartBinderCallsStatsService took to complete: 0ms
06-22 07:04:49.395 I/SystemServer( 1912): StartLooperStatsService
06-22 07:04:49.395 I/SystemServiceManager( 1912): Starting com.android.server.LooperStatsService$Lifecycle
06-22 07:04:49.395 D/SystemServerTiming( 1912): StartLooperStatsService took to complete: 1ms
06-22 07:04:49.395 I/SystemServer( 1912): StartRollbackManagerService
06-22 07:04:49.395 I/SystemServiceManager( 1912): Starting com.android.server.rollback.RollbackManagerService
06-22 07:04:49.397 D/installd( 1765): Found quota mount /dev/block/vdc at /data
06-22 07:04:49.399 D/SystemServerTiming( 1912): StartRollbackManagerService took to complete: 3ms
06-22 07:04:49.399 I/SystemServer( 1912): StartBugreportManagerService
06-22 07:04:49.399 I/SystemServiceManager( 1912): Starting com.android.server.os.BugreportManagerService
06-22 07:04:49.399 D/SystemServerTiming( 1912): StartBugreportManagerService took to complete: 0ms
06-22 07:04:49.399 I/SystemServer( 1912): GpuService
06-22 07:04:49.399 I/SystemServiceManager( 1912): Starting com.android.server.gpu.GpuService
06-22 07:04:49.399 D/SystemServerTiming( 1912): GpuService took to complete: 0ms
06-22 07:04:49.399 I/SystemServer( 1912): StartKeyAttestationApplicationIdProviderService
06-22 07:04:49.399 D/SystemServerInitThreadPool( 1912): Started executing SecondaryZygotePreload
06-22 07:04:49.399 I/SystemServer( 1912): SecondaryZygotePreload
06-22 07:04:49.400 D/SystemServerTiming( 1912): StartKeyAttestationApplicationIdProviderService took to complete: 0ms
06-22 07:04:49.400 I/SystemServer( 1912): StartKeyChainSystemService
06-22 07:04:49.400 I/SystemServiceManager( 1912): Starting com.android.server.security.KeyChainSystemService
06-22 07:04:49.400 D/SystemServerTiming( 1912): StartKeyChainSystemService took to complete: 0ms
06-22 07:04:49.400 I/SystemServer( 1912): StartSchedulingPolicyService
06-22 07:04:49.400 D/SystemServerInitThreadPool( 1912): Started executing SchedulingPolicyService.<init>
06-22 07:04:49.401 D/SystemServerTiming( 1912): StartSchedulingPolicyService took to complete: 0ms
06-22 07:04:49.401 I/SystemServer( 1912): StartTelecomLoaderService
06-22 07:04:49.401 I/SystemServiceManager( 1912): Starting com.android.server.telecom.TelecomLoaderService
06-22 07:04:49.401 D/SystemServerTiming( 1912): StartTelecomLoaderService took to complete: 1ms
06-22 07:04:49.401 I/SystemServer( 1912): StartTelephonyRegistry
06-22 07:04:49.402 I/SchedulingPolicyService( 1912): Moving 1793 back to group default
06-22 07:04:49.402 D/SystemServerInitThreadPool( 1912): Finished executing SchedulingPolicyService.<init>
06-22 07:04:49.403 D/SystemServerTiming( 1912): StartTelephonyRegistry took to complete: 1ms
06-22 07:04:49.403 I/SystemServer( 1912): StartEntropyMixer
06-22 07:04:49.403 W/EntropyMixer( 1912): No existing entropy file -- first boot?
06-22 07:04:49.414 I/EntropyMixer( 1912): Added HW RNG output to entropy pool
06-22 07:04:49.414 I/EntropyMixer( 1912): Writing entropy...
06-22 07:04:49.417 D/SystemServerTiming( 1912): StartEntropyMixer took to complete: 14ms
06-22 07:04:49.417 I/SystemServer( 1912): StartAccountManagerService
06-22 07:04:49.417 I/SystemServiceManager( 1912): Starting com.android.server.accounts.AccountManagerService$Lifecycle
06-22 07:04:49.419 D/SystemServerTiming( 1912): StartAccountManagerService took to complete: 3ms
06-22 07:04:49.419 I/SystemServer( 1912): StartContentService
06-22 07:04:49.419 I/SystemServiceManager( 1912): Starting com.android.server.content.ContentService$Lifecycle
06-22 07:04:49.422 D/SystemServerTiming( 1912): StartContentService took to complete: 2ms
06-22 07:04:49.422 I/SystemServer( 1912): InstallSystemProviders
06-22 07:04:49.425 I/system_server( 1912): The ClassLoaderContext is a special shared library.
06-22 07:04:49.455 I/SettingsState( 1912): No settings state /data/system/users/0/settings_system.xml
06-22 07:04:49.462 I/Zygote  ( 1666): Lazily preloading resources.
06-22 07:04:49.462 D/Zygote  ( 1666): begin preload
06-22 07:04:49.462 I/Zygote  ( 1666): Calling ZygoteHooks.beginPreload()
06-22 07:04:49.465 I/SettingsState( 1912): No settings state /data/system/users/0/settings_secure.xml
06-22 07:04:49.469 D/SettingsProvider( 1912): Generated and saved new ANDROID_ID [5cf9bba93f97b061] for user 0
06-22 07:04:49.470 I/SettingsState( 1912): No settings state /data/system/users/0/settings_global.xml
06-22 07:04:49.470 D/ZygoteInitTiming_lazy( 1666): BeginPreload took to complete: 9ms
06-22 07:04:49.470 I/Zygote  ( 1666): Preloading classes...
06-22 07:04:49.471 W/Zygote  ( 1666): Class not found for preloading: android.app.-$$Lambda$ActivityThread$ZXDWm3IBeFmLnFVblhB-IOZCr9o
06-22 07:04:49.479 D/SettingsProvider( 1912): Setting [com.google.android.gms/.autofill.service.AutofillService] as Autofill Service for user 0
06-22 07:04:49.488 I/SettingsState( 1912): No settings state /data/system/users/0/settings_config.xml
06-22 07:04:49.488 I/SettingsState( 1912): No settings state /data/system/users/0/settings_ssaid.xml
06-22 07:04:49.492 D/SystemServerTiming( 1912): InstallSystemProviders took to complete: 71ms
06-22 07:04:49.492 I/SystemServer( 1912): StartDropBoxManager
06-22 07:04:49.492 I/SystemServiceManager( 1912): Starting com.android.server.DropBoxManagerService
06-22 07:04:49.493 D/SystemServerTiming( 1912): StartDropBoxManager took to complete: 0ms
06-22 07:04:49.493 I/SystemServer( 1912): StartVibratorService
06-22 07:04:49.493 I/hwservicemanager( 1567): getTransport: Cannot find entry android.hardware.vibrator@1.0::IVibrator/default in either framework or device manifest.
06-22 07:04:49.493 I/hwservicemanager( 1567): getTransport: Cannot find entry android.hardware.vibrator@1.0::IVibrator/default in either framework or device manifest.
06-22 07:04:49.494 E/VibratorService( 1912): vibratorOff command failed (1).
06-22 07:04:49.494 I/hwservicemanager( 1567): getTransport: Cannot find entry android.hardware.vibrator@1.0::IVibrator/default in either framework or device manifest.
06-22 07:04:49.494 I/hwservicemanager( 1567): getTransport: Cannot find entry android.hardware.vibrator@1.3::IVibrator/default in either framework or device manifest.
06-22 07:04:49.495 D/SystemServerTiming( 1912): StartVibratorService took to complete: 2ms
06-22 07:04:49.495 I/SystemServer( 1912): StartDynamicSystemService
06-22 07:04:49.495 D/SystemServerTiming( 1912): StartDynamicSystemService took to complete: 1ms
06-22 07:04:49.496 I/SystemServer( 1912): StartConsumerIrService
06-22 07:04:49.496 I/hwservicemanager( 1567): getTransport: Cannot find entry android.hardware.ir@1.0::IConsumerIr/default in either framework or device manifest.
06-22 07:04:49.496 D/SystemServerTiming( 1912): StartConsumerIrService took to complete: 0ms
06-22 07:04:49.496 I/SystemServer( 1912): StartAlarmManagerService
06-22 07:04:49.497 D/AlarmManagerService( 1912): Kernel timezone updated to 0 minutes west of GMT
06-22 07:04:49.498 D/SystemServerTiming( 1912): StartAlarmManagerService took to complete: 2ms
06-22 07:04:49.498 I/SystemServer( 1912): StartInputManagerService
06-22 07:04:49.498 I/InputManager( 1912): Initializing input manager, mUseDevInputEventForAudioJack=true
06-22 07:04:49.498 I/InputClassifier( 1912): Deep press feature enabled.
06-22 07:04:49.499 D/SystemServerTiming( 1912): StartInputManagerService took to complete: 1ms
06-22 07:04:49.499 I/SystemServer( 1912): StartWindowManagerService
06-22 07:04:49.499 I/hwservicemanager( 1567): getTransport: Cannot find entry android.hardware.input.classifier@1.0::IInputClassifier/default in either framework or device manifest.
06-22 07:04:49.499 I/InputClassifier( 1912): Could not obtain InputClassifier HAL
06-22 07:04:49.500 E/InputClassifier( 1912): InputClassifier HAL has died. Setting mMotionClassifier to null
06-22 07:04:49.502 I/WindowManager( 1912): No existing display settings, starting empty
06-22 07:04:49.505 I/WindowTracing( 1912): Setting window tracing log level to 1
06-22 07:04:49.505 I/WindowTracing( 1912): Setting window tracing buffer capacity to 2097152bytes
06-22 07:04:49.508 D/SystemServerTiming( 1912): StartWindowManagerService took to complete: 9ms
06-22 07:04:49.508 I/SystemServer( 1912): SetWindowManagerService
06-22 07:04:49.511 I/DropBoxManagerService( 1912): add tag=system_server_strictmode isTagEnabled=true flags=0x2
06-22 07:04:49.512 I/DropBoxManagerService( 1912): add tag=system_server_strictmode isTagEnabled=true flags=0x2
06-22 07:04:49.517 D/SystemServerTiming( 1912): SetWindowManagerService took to complete: 10ms
06-22 07:04:49.517 I/SystemServer( 1912): WindowManagerServiceOnInitReady
06-22 07:04:49.520 W/ShortcutManager( 1912): Unable to add bookmark: com.google.android.talk/com.google.android.talk.SigningInActivity
06-22 07:04:49.520 W/ShortcutManager( 1912): android.content.pm.PackageManager$NameNotFoundException: ComponentInfo{com.google.android.talk/com.google.android.talk.SigningInActivity}
06-22 07:04:49.520 W/ShortcutManager( 1912): 	at android.app.ApplicationPackageManager.getActivityInfo(ApplicationPackageManager.java:456)
06-22 07:04:49.520 W/ShortcutManager( 1912): 	at com.android.server.policy.ShortcutManager.loadShortcuts(ShortcutManager.java:142)
06-22 07:04:49.520 W/ShortcutManager( 1912): 	at com.android.server.policy.ShortcutManager.<init>(ShortcutManager.java:62)
06-22 07:04:49.520 W/ShortcutManager( 1912): 	at com.android.server.policy.PhoneWindowManager.init(PhoneWindowManager.java:1797)
06-22 07:04:49.520 W/ShortcutManager( 1912): 	at com.android.server.wm.WindowManagerService$5.run(WindowManagerService.java:988)
06-22 07:04:49.520 W/ShortcutManager( 1912): 	at android.os.Handler$BlockingRunnable.run(Handler.java:906)
06-22 07:04:49.520 W/ShortcutManager( 1912): 	at android.os.Handler.handleCallback(Handler.java:883)
06-22 07:04:49.520 W/ShortcutManager( 1912): 	at android.os.Handler.dispatchMessage(Handler.java:100)
06-22 07:04:49.520 W/ShortcutManager( 1912): 	at android.os.Looper.loop(Looper.java:214)
06-22 07:04:49.520 W/ShortcutManager( 1912): 	at android.os.HandlerThread.run(HandlerThread.java:67)
06-22 07:04:49.520 W/ShortcutManager( 1912): 	at com.android.server.ServiceThread.run(ServiceThread.java:44)
06-22 07:04:49.520 W/ShortcutManager( 1912): 	at com.android.server.UiThread.run(UiThread.java:43)
06-22 07:04:49.522 D/SystemServerTiming( 1912): WindowManagerServiceOnInitReady took to complete: 5ms
06-22 07:04:49.523 I/SystemServer( 1912): StartInputManager
06-22 07:04:49.523 D/SystemServerInitThreadPool( 1912): Started executing StartHidlServices
06-22 07:04:49.523 I/InputManager( 1912): Starting input manager
06-22 07:04:49.523 D/SystemServerTiming( 1912): StartInputManager took to complete: 0ms
06-22 07:04:49.523 I/SystemServer( 1912): DisplayManagerWindowManagerAndInputReady
06-22 07:04:49.523 I/ServiceManagement( 1912): Registered android.frameworks.sensorservice@1.0::ISensorManager/default (start delay of 1799ms)
06-22 07:04:49.524 D/SystemServerTiming( 1912): DisplayManagerWindowManagerAndInputReady took to complete: 1ms
06-22 07:04:49.524 I/SystemServer( 1912): No Bluetooth Service (Bluetooth Hardware Not Present)
06-22 07:04:49.524 I/SystemServer( 1912): IpConnectivityMetrics
06-22 07:04:49.524 I/SystemServiceManager( 1912): Starting com.android.server.connectivity.IpConnectivityMetrics
06-22 07:04:49.524 I/ServiceManagement( 1912): Registered android.frameworks.schedulerservice@1.0::ISchedulingPolicyService/default (start delay of 1800ms)
06-22 07:04:49.524 D/SystemServerTimingAsync( 1912): StartHidlServices took to complete: 1ms
06-22 07:04:49.524 D/SystemServerInitThreadPool( 1912): Finished executing StartHidlServices
06-22 07:04:49.525 D/SystemServerTiming( 1912): IpConnectivityMetrics took to complete: 1ms
06-22 07:04:49.525 I/SystemServer( 1912): NetworkWatchlistService
06-22 07:04:49.525 I/SystemServiceManager( 1912): Starting com.android.server.net.watchlist.NetworkWatchlistService$Lifecycle
06-22 07:04:49.528 D/SystemServerTiming( 1912): NetworkWatchlistService took to complete: 3ms
06-22 07:04:49.528 I/SystemServer( 1912): PinnerService
06-22 07:04:49.528 I/SystemServiceManager( 1912): Starting com.android.server.PinnerService
06-22 07:04:49.530 I/EventHub( 1912): wakeMechanism=EPOLLWAKEUP, usingClockIoctl=true
06-22 07:04:49.530 I/EventHub( 1912): New device: id=1, fd=127, path='/dev/input/event1', name='virtio_input_multi_touch_1', classes=0x94, configuration='/vendor/usr/idc/virtio_input_multi_touch_1.idc', keyLayout='', keyCharacterMap='', builtinKeyboard=false, 
06-22 07:04:49.530 D/SystemServerTiming( 1912): PinnerService took to complete: 1ms
06-22 07:04:49.530 I/SystemServer( 1912): SignedConfigService
06-22 07:04:49.530 D/SystemServerTiming( 1912): SignedConfigService took to complete: 0ms
06-22 07:04:49.530 I/WatchlistLoggingHandler( 1912): Start aggregating watchlist records.
06-22 07:04:49.530 I/EventHub( 1912): wakeMechanism=EPOLLWAKEUP, usingClockIoctl=true
06-22 07:04:49.530 I/EventHub( 1912): New device: id=2, fd=128, path='/dev/input/event11', name='virtio_input_multi_touch_11', classes=0x94, configuration='/vendor/usr/idc/virtio_input_multi_touch_11.idc', keyLayout='', keyCharacterMap='', builtinKeyboard=false, 
06-22 07:04:49.531 I/EventHub( 1912): wakeMechanism=EPOLLWAKEUP, usingClockIoctl=true
06-22 07:04:49.531 I/EventHub( 1912): New device: id=3, fd=129, path='/dev/input/event5', name='virtio_input_multi_touch_5', classes=0x94, configuration='/vendor/usr/idc/virtio_input_multi_touch_5.idc', keyLayout='', keyCharacterMap='', builtinKeyboard=false, 
06-22 07:04:49.531 I/EventHub( 1912): wakeMechanism=EPOLLWAKEUP, usingClockIoctl=true
06-22 07:04:49.531 I/EventHub( 1912): New device: id=4, fd=131, path='/dev/input/event2', name='virtio_input_multi_touch_2', classes=0x94, configuration='/vendor/usr/idc/virtio_input_multi_touch_2.idc', keyLayout='', keyCharacterMap='', builtinKeyboard=false, 
06-22 07:04:49.531 I/EventHub( 1912): wakeMechanism=EPOLLWAKEUP, usingClockIoctl=true
06-22 07:04:49.531 I/EventHub( 1912): New device: id=5, fd=132, path='/dev/input/event6', name='virtio_input_multi_touch_6', classes=0x94, configuration='/vendor/usr/idc/virtio_input_multi_touch_6.idc', keyLayout='', keyCharacterMap='', builtinKeyboard=false, 
06-22 07:04:49.532 I/EventHub( 1912): wakeMechanism=EPOLLWAKEUP, usingClockIoctl=true
06-22 07:04:49.532 I/EventHub( 1912): New device: id=6, fd=133, path='/dev/input/event3', name='virtio_input_multi_touch_3', classes=0x94, configuration='/vendor/usr/idc/virtio_input_multi_touch_3.idc', keyLayout='', keyCharacterMap='', builtinKeyboard=false, 
06-22 07:04:49.532 D/EventHub( 1912): No input device configuration file found for device 'Power Button'.
06-22 07:04:49.535 W/EventHub( 1912): Unable to disable kernel key repeat for /dev/input/event0: Function not implemented
06-22 07:04:49.535 I/EventHub( 1912): wakeMechanism=EPOLLWAKEUP, usingClockIoctl=true
06-22 07:04:49.535 I/EventHub( 1912): New device: id=7, fd=134, path='/dev/input/event0', name='Power Button', classes=0x1, configuration='', keyLayout='/system/usr/keylayout/Generic.kl', keyCharacterMap='/system/usr/keychars/Generic.kcm', builtinKeyboard=false, 
06-22 07:04:49.536 I/EventHub( 1912): wakeMechanism=EPOLLWAKEUP, usingClockIoctl=true
06-22 07:04:49.536 I/EventHub( 1912): New device: id=8, fd=136, path='/dev/input/event10', name='virtio_input_multi_touch_10', classes=0x94, configuration='/vendor/usr/idc/virtio_input_multi_touch_10.idc', keyLayout='', keyCharacterMap='', builtinKeyboard=false, 
06-22 07:04:49.536 I/EventHub( 1912): wakeMechanism=EPOLLWAKEUP, usingClockIoctl=true
06-22 07:04:49.537 I/EventHub( 1912): New device: id=9, fd=137, path='/dev/input/event7', name='virtio_input_multi_touch_7', classes=0x94, configuration='/vendor/usr/idc/virtio_input_multi_touch_7.idc', keyLayout='', keyCharacterMap='', builtinKeyboard=false, 
06-22 07:04:49.537 I/EventHub( 1912): wakeMechanism=EPOLLWAKEUP, usingClockIoctl=true
06-22 07:04:49.537 I/EventHub( 1912): New device: id=10, fd=135, path='/dev/input/event4', name='virtio_input_multi_touch_4', classes=0x94, configuration='/vendor/usr/idc/virtio_input_multi_touch_4.idc', keyLayout='', keyCharacterMap='', builtinKeyboard=false, 
06-22 07:04:49.537 I/EventHub( 1912): wakeMechanism=EPOLLWAKEUP, usingClockIoctl=true
06-22 07:04:49.538 I/EventHub( 1912): New device: id=11, fd=139, path='/dev/input/event8', name='virtio_input_multi_touch_8', classes=0x94, configuration='/vendor/usr/idc/virtio_input_multi_touch_8.idc', keyLayout='', keyCharacterMap='', builtinKeyboard=false, 
06-22 07:04:49.538 I/EventHub( 1912): wakeMechanism=EPOLLWAKEUP, usingClockIoctl=true
06-22 07:04:49.538 I/EventHub( 1912): New device: id=12, fd=140, path='/dev/input/event9', name='virtio_input_multi_touch_9', classes=0x94, configuration='/vendor/usr/idc/virtio_input_multi_touch_9.idc', keyLayout='', keyCharacterMap='', builtinKeyboard=false, 
06-22 07:04:49.538 D/EventHub( 1912): No input device configuration file found for device 'AT Translated Set 2 keyboard'.
06-22 07:04:49.540 I/EventHub( 1912): wakeMechanism=EPOLLWAKEUP, usingClockIoctl=true
06-22 07:04:49.540 I/EventHub( 1912): New device: id=13, fd=141, path='/dev/input/event13', name='AT Translated Set 2 keyboard', classes=0x3, configuration='', keyLayout='/system/usr/keylayout/Generic.kl', keyCharacterMap='/system/usr/keychars/Generic.kcm', builtinKeyboard=false, 
06-22 07:04:49.540 I/EventHub( 1912): wakeMechanism=EPOLLWAKEUP, usingClockIoctl=true
06-22 07:04:49.540 I/EventHub( 1912): New device: id=14, fd=138, path='/dev/input/event12', name='goldfish_rotary', classes=0x1000, configuration='/vendor/usr/idc/goldfish_rotary.idc', keyLayout='', keyCharacterMap='', builtinKeyboard=false, 
06-22 07:04:49.542 I/InputReader( 1912): Device added: id=-1, name='Virtual', sources=0x00000301
06-22 07:04:49.542 I/InputReader( 1912): Device added: id=14, name='goldfish_rotary', sources=0x00400000
06-22 07:04:49.542 I/InputReader( 1912): Device added: id=13, name='AT Translated Set 2 keyboard', sources=0x00000101
06-22 07:04:49.542 I/InputReader( 1912): Touch device 'virtio_input_multi_touch_9' could not query the properties of its associated display.  The device will be inoperable until the display size becomes available.
06-22 07:04:49.542 I/InputReader( 1912): Device added: id=12, name='virtio_input_multi_touch_9', sources=0x80005002
06-22 07:04:49.542 I/InputReader( 1912): Touch device 'virtio_input_multi_touch_8' could not query the properties of its associated display.  The device will be inoperable until the display size becomes available.
06-22 07:04:49.542 I/InputReader( 1912): Device added: id=11, name='virtio_input_multi_touch_8', sources=0x80005002
06-22 07:04:49.542 I/InputReader( 1912): Touch device 'virtio_input_multi_touch_4' could not query the properties of its associated display.  The device will be inoperable until the display size becomes available.
06-22 07:04:49.543 I/InputReader( 1912): Device added: id=10, name='virtio_input_multi_touch_4', sources=0x80005002
06-22 07:04:49.543 I/InputReader( 1912): Touch device 'virtio_input_multi_touch_7' could not query the properties of its associated display.  The device will be inoperable until the display size becomes available.
06-22 07:04:49.543 I/InputReader( 1912): Device added: id=9, name='virtio_input_multi_touch_7', sources=0x80005002
06-22 07:04:49.543 I/InputReader( 1912): Touch device 'virtio_input_multi_touch_10' could not query the properties of its associated display.  The device will be inoperable until the display size becomes available.
06-22 07:04:49.543 I/InputReader( 1912): Device added: id=8, name='virtio_input_multi_touch_10', sources=0x80005002
06-22 07:04:49.543 I/InputReader( 1912): Device added: id=7, name='Power Button', sources=0x00000101
06-22 07:04:49.544 I/InputReader( 1912): Touch device 'virtio_input_multi_touch_3' could not query the properties of its associated display.  The device will be inoperable until the display size becomes available.
06-22 07:04:49.544 I/InputReader( 1912): Device added: id=6, name='virtio_input_multi_touch_3', sources=0x80005002
06-22 07:04:49.544 I/InputReader( 1912): Touch device 'virtio_input_multi_touch_6' could not query the properties of its associated display.  The device will be inoperable until the display size becomes available.
06-22 07:04:49.544 I/InputReader( 1912): Device added: id=5, name='virtio_input_multi_touch_6', sources=0x80005002
06-22 07:04:49.544 I/InputReader( 1912): Touch device 'virtio_input_multi_touch_2' could not query the properties of its associated display.  The device will be inoperable until the display size becomes available.
06-22 07:04:49.544 I/InputReader( 1912): Device added: id=4, name='virtio_input_multi_touch_2', sources=0x80005002
06-22 07:04:49.544 I/InputReader( 1912): Touch device 'virtio_input_multi_touch_5' could not query the properties of its associated display.  The device will be inoperable until the display size becomes available.
06-22 07:04:49.544 I/InputReader( 1912): Device added: id=3, name='virtio_input_multi_touch_5', sources=0x80005002
06-22 07:04:49.544 I/InputReader( 1912): Touch device 'virtio_input_multi_touch_11' could not query the properties of its associated display.  The device will be inoperable until the display size becomes available.
06-22 07:04:49.544 I/InputReader( 1912): Device added: id=2, name='virtio_input_multi_touch_11', sources=0x80005002
06-22 07:04:49.544 I/InputReader( 1912): Touch device 'virtio_input_multi_touch_1' could not query the properties of its associated display.  The device will be inoperable until the display size becomes available.
06-22 07:04:49.544 I/InputReader( 1912): Device added: id=1, name='virtio_input_multi_touch_1', sources=0x80005002
06-22 07:04:49.547 I/WindowManager( 1912): SAFE MODE not enabled
06-22 07:04:49.547 I/SystemServer( 1912): StartInputMethodManagerLifecycle
06-22 07:04:49.547 I/SystemServiceManager( 1912): Starting com.android.server.inputmethod.InputMethodManagerService$Lifecycle
06-22 07:04:49.548 W/Zygote  ( 1666): Class not found for preloading: android.bluetooth.BluetoothA2dp$2
06-22 07:04:49.549 D/SystemServerTiming( 1912): StartInputMethodManagerLifecycle took to complete: 2ms
06-22 07:04:49.549 I/SystemServer( 1912): StartAccessibilityManagerService
06-22 07:04:49.549 I/SystemServiceManager( 1912): Starting com.android.server.accessibility.AccessibilityManagerService$Lifecycle
06-22 07:04:49.554 D/SystemServerTiming( 1912): StartAccessibilityManagerService took to complete: 5ms
06-22 07:04:49.554 I/SystemServer( 1912): MakeDisplayReady
06-22 07:04:49.555 W/InputReader( 1912): Device has associated, but no associated display id.
06-22 07:04:49.556 I/ActivityTaskManager( 1912): Config changes=20005df8 {1.0 ?mcc?mnc [en_US] ldltr sw320dp w320dp h616dp 160dpi nrml long port ?uimode ?night finger qwerty/v/v -nav/h winConfig={ mBounds=Rect(0, 0 - 320, 640) mAppBounds=Rect(0, 0 - 320, 640) mWindowingMode=fullscreen mDisplayWindowingMode=fullscreen mActivityType=undefined mAlwaysOnTop=undefined mRotation=ROTATION_0} s.2}
06-22 07:04:49.557 I/ActivityTaskManager( 1912): Override config changes=60007dfc {1.0 ?mcc?mnc [en_US] ldltr sw320dp w320dp h616dp 160dpi nrml long port ?uimode ?night finger qwerty/v/v -nav/h winConfig={ mBounds=Rect(0, 0 - 320, 640) mAppBounds=Rect(0, 0 - 320, 640) mWindowingMode=fullscreen mDisplayWindowingMode=fullscreen mActivityType=undefined mAlwaysOnTop=undefined mRotation=ROTATION_0} s.2} for displayId=0
06-22 07:04:49.555 I/chatty  ( 1912): uid=1000 system_server identical 9 lines
06-22 07:04:49.555 W/InputReader( 1912): Device has associated, but no associated display id.
06-22 07:04:49.557 I/PackageBackwardCompatibility( 1666): Could not find android.content.pm.AndroidTestBaseUpdater, ignoring
06-22 07:04:49.564 D/SystemServerTiming( 1912): MakeDisplayReady took to complete: 9ms
06-22 07:04:49.564 I/SystemServer( 1912): StartStorageManagerService
06-22 07:04:49.564 I/SystemServiceManager( 1912): Starting com.android.server.StorageManagerService$Lifecycle
06-22 07:04:49.565 I/InputManager-JNI( 1912): Viewport [0] to add: local:0
06-22 07:04:49.565 I/InputReader( 1912): Reconfiguring input devices.  changes=0x00000004
06-22 07:04:49.565 I/InputReader( 1912): Device reconfigured: id=1, name='virtio_input_multi_touch_1', size 320x640, orientation 0, mode 1, display id 0
06-22 07:04:49.565 I/InputReader( 1912): Touch device 'virtio_input_multi_touch_11' could not query the properties of its associated display.  The device will be inoperable until the display size becomes available.
06-22 07:04:49.565 I/InputReader( 1912): Touch device 'virtio_input_multi_touch_5' could not query the properties of its associated display.  The device will be inoperable until the display size becomes available.
06-22 07:04:49.565 I/InputReader( 1912): Touch device 'virtio_input_multi_touch_2' could not query the properties of its associated display.  The device will be inoperable until the display size becomes available.
06-22 07:04:49.565 I/InputReader( 1912): Touch device 'virtio_input_multi_touch_6' could not query the properties of its associated display.  The device will be inoperable until the display size becomes available.
06-22 07:04:49.565 I/InputReader( 1912): Touch device 'virtio_input_multi_touch_3' could not query the properties of its associated display.  The device will be inoperable until the display size becomes available.
06-22 07:04:49.565 I/InputReader( 1912): Touch device 'virtio_input_multi_touch_10' could not query the properties of its associated display.  The device will be inoperable until the display size becomes available.
06-22 07:04:49.565 I/InputReader( 1912): Touch device 'virtio_input_multi_touch_7' could not query the properties of its associated display.  The device will be inoperable until the display size becomes available.
06-22 07:04:49.565 I/InputReader( 1912): Touch device 'virtio_input_multi_touch_4' could not query the properties of its associated display.  The device will be inoperable until the display size becomes available.
06-22 07:04:49.565 I/InputReader( 1912): Touch device 'virtio_input_multi_touch_8' could not query the properties of its associated display.  The device will be inoperable until the display size becomes available.
06-22 07:04:49.565 I/InputReader( 1912): Touch device 'virtio_input_multi_touch_9' could not query the properties of its associated display.  The device will be inoperable until the display size becomes available.
06-22 07:04:49.568 D/StorageManagerService( 1912): Thinking about init, mBootCompleted=false, mDaemonConnected=true
06-22 07:04:49.568 D/StorageManagerService( 1912): Thinking about reset, mBootCompleted=false, mDaemonConnected=true
06-22 07:04:49.568 D/SystemServerTiming( 1912): StartStorageManagerService took to complete: 4ms
06-22 07:04:49.568 I/SystemServer( 1912): StartStorageStatsService
