06-22 07:04:51.448 W/PackageManager( 1912): Cannot whitelist unknown permission: android.car.permission.READ_CAR_DISPLAY_UNITS
06-22 07:04:51.448 W/PackageManager( 1912): Cannot whitelist unknown permission: com.google.android.finsky.permission.GEARHEAD_SERVICE
06-22 07:04:51.448 W/PackageManager( 1912): Cannot whitelist unknown permission: com.google.android.permission.ACCESSIBILITY_SCAN_SERVICE
06-22 07:04:51.448 W/PackageManager( 1912): Cannot whitelist unknown permission: com.google.android.finsky.permission.ACCESS_INSTANT_APP_NOTIFICATION_ENFORCEMENT
06-22 07:04:51.448 W/PackageManager( 1912): Cannot whitelist unknown permission: com.google.android.clockwork.settings.SHOW_FACTORY_RESET_CONFIRMATION
06-22 07:04:51.448 W/PackageManager( 1912): Cannot whitelist unknown permission: com.google.android.wearable.READ_SETTINGS
06-22 07:04:51.448 W/PackageManager( 1912): Cannot whitelist unknown permission: android.permission.READ_MEDIA_AUDIO
06-22 07:04:51.448 W/PackageManager( 1912): Cannot whitelist unknown permission: android.permission.READ_MEDIA_IMAGES
06-22 07:04:51.448 W/PackageManager( 1912): Cannot whitelist unknown permission: android.permission.READ_MEDIA_VIDEO
06-22 07:04:51.448 W/PackageManager( 1912): Cannot whitelist unknown permission: com.android.vending.setup.PLAY_SETUP_SERVICE
06-22 07:04:51.448 W/PackageManager( 1912): Cannot whitelist unknown permission: com.google.android.gms.game.notifications.permission.WRITE
06-22 07:04:51.448 W/PackageManager( 1912): Cannot whitelist unknown permission: com.google.android.vending.verifier.ACCESS_VERIFIER
06-22 07:04:51.448 I/PackageManager( 1912): Un-granting permission android.permission.CAPTURE_VIDEO_OUTPUT from package com.google.android.gms (protectionLevel=2 flags=0xb0cabe45)
06-22 07:04:51.448 I/PackageManager( 1912): Un-granting permission android.permission.MANAGE_DEVICE_ADMINS from package com.google.android.gms (protectionLevel=2 flags=0xb0cabe45)
06-22 07:04:51.448 I/PackageManager( 1912): Un-granting permission android.permission.MANAGE_ACTIVITY_STACKS from package com.google.android.gms (protectionLevel=2 flags=0xb0cabe45)
06-22 07:04:51.448 I/PackageManager( 1912): Un-granting permission android.permission.CAPTURE_SECURE_VIDEO_OUTPUT from package com.google.android.gms (protectionLevel=2 flags=0xb0cabe45)
06-22 07:04:51.448 I/PackageManager( 1912): Un-granting permission android.permission.MANAGE_ROLLBACKS from package com.google.android.gms (protectionLevel=514 flags=0xb0cabe45)
06-22 07:04:51.457 W/PackageManager( 1912): Cannot whitelist unknown permission: android.permission.QUERY_ALL_PACKAGES
06-22 07:04:51.457 W/PackageManager( 1912): Cannot whitelist unknown permission: android.permission.PRE_FACTORY_RESET
06-22 07:04:51.457 W/PackageManager( 1912): Cannot whitelist unknown permission: android.permission.MANAGE_FACTORY_RESET_PROTECTION
06-22 07:04:51.457 W/PackageManager( 1912): Cannot whitelist unknown permission: android.car.permission.CAR_POWER
06-22 07:04:51.457 W/PackageManager( 1912): Cannot whitelist unknown permission: com.google.android.wearable.WRITE_SETTINGS
06-22 07:04:51.457 W/PackageManager( 1912): Cannot whitelist unknown permission: com.felicanetworks.mfc.permission.MFC_ACCESS
06-22 07:04:51.457 W/PackageManager( 1912): Cannot whitelist unknown permission: com.felicanetworks.mfc.mfi.permission.MFI_ACCESS
06-22 07:04:51.457 W/PackageManager( 1912): Cannot whitelist unknown permission: com.google.android.finsky.permission.INSTANT_APP_STATE
06-22 07:04:51.457 W/PackageManager( 1912): Cannot whitelist unknown permission: android.permission.UWB
06-22 07:04:51.457 W/PackageManager( 1912): Cannot whitelist unknown permission: com.google.android.finsky.permission.BIND_GET_INSTALL_REFERRER_SERVICE
06-22 07:04:51.457 W/PackageManager( 1912): Cannot whitelist unknown permission: com.google.android.hangouts.START_HANGOUT
06-22 07:04:51.457 W/PackageManager( 1912): Cannot whitelist unknown permission: android.car.permission.CAR_POWERTRAIN
06-22 07:04:51.457 W/PackageManager( 1912): Cannot whitelist unknown permission: android.car.permission.CAR_ENERGY
06-22 07:04:51.457 W/PackageManager( 1912): Cannot whitelist unknown permission: android.car.permission.CAR_ENERGY_PORTS
06-22 07:04:51.457 W/PackageManager( 1912): Cannot whitelist unknown permission: android.car.permission.CAR_EXTERIOR_LIGHTS
06-22 07:04:51.457 W/PackageManager( 1912): Cannot whitelist unknown permission: android.car.permission.CAR_INFO
06-22 07:04:51.457 W/PackageManager( 1912): Cannot whitelist unknown permission: android.car.permission.CAR_MILEAGE
06-22 07:04:51.457 W/PackageManager( 1912): Cannot whitelist unknown permission: android.car.permission.CAR_TIRES
06-22 07:04:51.457 W/PackageManager( 1912): Cannot whitelist unknown permission: android.car.permission.CONTROL_CAR_CLIMATE
06-22 07:04:51.457 W/PackageManager( 1912): Cannot whitelist unknown permission: android.car.permission.CONTROL_CAR_DOORS
06-22 07:04:51.457 W/PackageManager( 1912): Cannot whitelist unknown permission: android.car.permission.CONTROL_CAR_EXTERIOR_LIGHTS
06-22 07:04:51.457 W/PackageManager( 1912): Cannot whitelist unknown permission: android.car.permission.CONTROL_CAR_MIRRORS
06-22 07:04:51.457 W/PackageManager( 1912): Cannot whitelist unknown permission: android.car.permission.CONTROL_CAR_SEATS
06-22 07:04:51.457 W/PackageManager( 1912): Cannot whitelist unknown permission: android.car.permission.CONTROL_CAR_WINDOWS
06-22 07:04:51.457 W/PackageManager( 1912): Cannot whitelist unknown permission: android.car.permission.READ_CAR_DISPLAY_UNITS
06-22 07:04:51.457 W/PackageManager( 1912): Cannot whitelist unknown permission: com.google.android.finsky.permission.GEARHEAD_SERVICE
06-22 07:04:51.457 W/PackageManager( 1912): Cannot whitelist unknown permission: com.google.android.permission.ACCESSIBILITY_SCAN_SERVICE
06-22 07:04:51.457 W/PackageManager( 1912): Cannot whitelist unknown permission: com.google.android.finsky.permission.ACCESS_INSTANT_APP_NOTIFICATION_ENFORCEMENT
06-22 07:04:51.457 W/PackageManager( 1912): Cannot whitelist unknown permission: com.google.android.clockwork.settings.SHOW_FACTORY_RESET_CONFIRMATION
06-22 07:04:51.457 W/PackageManager( 1912): Cannot whitelist unknown permission: com.google.android.wearable.READ_SETTINGS
06-22 07:04:51.457 W/PackageManager( 1912): Cannot whitelist unknown permission: android.permission.READ_MEDIA_AUDIO
06-22 07:04:51.457 W/PackageManager( 1912): Cannot whitelist unknown permission: android.permission.READ_MEDIA_IMAGES
06-22 07:04:51.457 W/PackageManager( 1912): Cannot whitelist unknown permission: android.permission.READ_MEDIA_VIDEO
06-22 07:04:51.457 W/PackageManager( 1912): Cannot whitelist unknown permission: com.android.vending.setup.PLAY_SETUP_SERVICE
06-22 07:04:51.457 W/PackageManager( 1912): Cannot whitelist unknown permission: com.google.android.gms.game.notifications.permission.WRITE
06-22 07:04:51.457 W/PackageManager( 1912): Cannot whitelist unknown permission: com.google.android.vending.verifier.ACCESS_VERIFIER
06-22 07:04:51.457 I/PackageManager( 1912): Un-granting permission android.permission.CAPTURE_VIDEO_OUTPUT from package com.google.android.gms (protectionLevel=2 flags=0xb0cabe45)
06-22 07:04:51.457 I/PackageManager( 1912): Un-granting permission android.permission.MANAGE_DEVICE_ADMINS from package com.google.android.gms (protectionLevel=2 flags=0xb0cabe45)
06-22 07:04:51.457 I/PackageManager( 1912): Un-granting permission android.permission.MANAGE_ACTIVITY_STACKS from package com.google.android.gms (protectionLevel=2 flags=0xb0cabe45)
06-22 07:04:51.457 I/PackageManager( 1912): Un-granting permission android.permission.CAPTURE_SECURE_VIDEO_OUTPUT from package com.google.android.gms (protectionLevel=2 flags=0xb0cabe45)
06-22 07:04:51.457 I/PackageManager( 1912): Un-granting permission android.permission.MANAGE_ROLLBACKS from package com.google.android.gms (protectionLevel=514 flags=0xb0cabe45)
06-22 07:04:51.458 W/PackageManager( 1912): Cannot whitelist unknown permission: android.permission.QUERY_ALL_PACKAGES
06-22 07:04:51.458 W/PackageManager( 1912): Cannot whitelist unknown permission: android.permission.PRE_FACTORY_RESET
06-22 07:04:51.458 W/PackageManager( 1912): Cannot whitelist unknown permission: android.permission.MANAGE_FACTORY_RESET_PROTECTION
06-22 07:04:51.458 W/PackageManager( 1912): Cannot whitelist unknown permission: android.car.permission.CAR_POWER
06-22 07:04:51.458 W/PackageManager( 1912): Cannot whitelist unknown permission: com.google.android.wearable.WRITE_SETTINGS
06-22 07:04:51.458 W/PackageManager( 1912): Cannot whitelist unknown permission: com.felicanetworks.mfc.permission.MFC_ACCESS
06-22 07:04:51.458 W/PackageManager( 1912): Cannot whitelist unknown permission: com.felicanetworks.mfc.mfi.permission.MFI_ACCESS
06-22 07:04:51.458 W/PackageManager( 1912): Cannot whitelist unknown permission: com.google.android.finsky.permission.INSTANT_APP_STATE
06-22 07:04:51.458 W/PackageManager( 1912): Cannot whitelist unknown permission: android.permission.UWB
06-22 07:04:51.459 W/PackageManager( 1912): Cannot whitelist unknown permission: com.google.android.finsky.permission.BIND_GET_INSTALL_REFERRER_SERVICE
06-22 07:04:51.459 W/PackageManager( 1912): Cannot whitelist unknown permission: com.google.android.hangouts.START_HANGOUT
06-22 07:04:51.459 W/PackageManager( 1912): Cannot whitelist unknown permission: android.car.permission.CAR_POWERTRAIN
06-22 07:04:51.459 W/PackageManager( 1912): Cannot whitelist unknown permission: android.car.permission.CAR_ENERGY
06-22 07:04:51.459 W/PackageManager( 1912): Cannot whitelist unknown permission: android.car.permission.CAR_ENERGY_PORTS
06-22 07:04:51.459 W/PackageManager( 1912): Cannot whitelist unknown permission: android.car.permission.CAR_EXTERIOR_LIGHTS
06-22 07:04:51.459 W/PackageManager( 1912): Cannot whitelist unknown permission: android.car.permission.CAR_INFO
06-22 07:04:51.459 W/PackageManager( 1912): Cannot whitelist unknown permission: android.car.permission.CAR_MILEAGE
06-22 07:04:51.459 W/PackageManager( 1912): Cannot whitelist unknown permission: android.car.permission.CAR_TIRES
06-22 07:04:51.459 W/PackageManager( 1912): Cannot whitelist unknown permission: android.car.permission.CONTROL_CAR_CLIMATE
06-22 07:04:51.459 W/PackageManager( 1912): Cannot whitelist unknown permission: android.car.permission.CONTROL_CAR_DOORS
06-22 07:04:51.459 W/PackageManager( 1912): Cannot whitelist unknown permission: android.car.permission.CONTROL_CAR_EXTERIOR_LIGHTS
06-22 07:04:51.459 W/PackageManager( 1912): Cannot whitelist unknown permission: android.car.permission.CONTROL_CAR_MIRRORS
06-22 07:04:51.459 W/PackageManager( 1912): Cannot whitelist unknown permission: android.car.permission.CONTROL_CAR_SEATS
06-22 07:04:51.459 W/PackageManager( 1912): Cannot whitelist unknown permission: android.car.permission.CONTROL_CAR_WINDOWS
06-22 07:04:51.459 W/PackageManager( 1912): Cannot whitelist unknown permission: android.car.permission.READ_CAR_DISPLAY_UNITS
06-22 07:04:51.459 W/PackageManager( 1912): Cannot whitelist unknown permission: com.google.android.finsky.permission.GEARHEAD_SERVICE
06-22 07:04:51.459 W/PackageManager( 1912): Cannot whitelist unknown permission: com.google.android.permission.ACCESSIBILITY_SCAN_SERVICE
06-22 07:04:51.459 W/PackageManager( 1912): Cannot whitelist unknown permission: com.google.android.finsky.permission.ACCESS_INSTANT_APP_NOTIFICATION_ENFORCEMENT
06-22 07:04:51.459 W/PackageManager( 1912): Cannot whitelist unknown permission: com.google.android.clockwork.settings.SHOW_FACTORY_RESET_CONFIRMATION
06-22 07:04:51.459 W/PackageManager( 1912): Cannot whitelist unknown permission: com.google.android.wearable.READ_SETTINGS
06-22 07:04:51.459 W/PackageManager( 1912): Cannot whitelist unknown permission: android.permission.READ_MEDIA_AUDIO
06-22 07:04:51.459 W/PackageManager( 1912): Cannot whitelist unknown permission: android.permission.READ_MEDIA_IMAGES
06-22 07:04:51.459 W/PackageManager( 1912): Cannot whitelist unknown permission: android.permission.READ_MEDIA_VIDEO
06-22 07:04:51.459 W/PackageManager( 1912): Cannot whitelist unknown permission: com.android.vending.setup.PLAY_SETUP_SERVICE
06-22 07:04:51.459 W/PackageManager( 1912): Cannot whitelist unknown permission: com.google.android.gms.game.notifications.permission.WRITE
06-22 07:04:51.459 W/PackageManager( 1912): Cannot whitelist unknown permission: com.google.android.vending.verifier.ACCESS_VERIFIER
06-22 07:04:51.459 I/PackageManager( 1912): Un-granting permission android.permission.CAPTURE_VIDEO_OUTPUT from package com.google.android.gms (protectionLevel=2 flags=0xb0cabe45)
06-22 07:04:51.459 I/PackageManager( 1912): Un-granting permission android.permission.MANAGE_DEVICE_ADMINS from package com.google.android.gms (protectionLevel=2 flags=0xb0cabe45)
06-22 07:04:51.459 I/PackageManager( 1912): Un-granting permission android.permission.MANAGE_ACTIVITY_STACKS from package com.google.android.gms (protectionLevel=2 flags=0xb0cabe45)
06-22 07:04:51.459 I/PackageManager( 1912): Un-granting permission android.permission.CAPTURE_SECURE_VIDEO_OUTPUT from package com.google.android.gms (protectionLevel=2 flags=0xb0cabe45)
06-22 07:04:51.459 I/PackageManager( 1912): Un-granting permission android.permission.MANAGE_ROLLBACKS from package com.google.android.gms (protectionLevel=514 flags=0xb0cabe45)
06-22 07:04:51.464 I/OMXClient( 1912): IOmx service obtained
06-22 07:04:51.464 I/OMXMaster( 1791): makeComponentInstance(OMX.google.vorbis.decoder) in android.hardwar process
06-22 07:04:51.465 E/OMXNodeInstance( 1791): getConfig(0xf3d3c1e0:google.vorbis.decoder, ConfigAndroidVendorExtension(0x6f100004)) ERROR: Undefined(0x80001001)
06-22 07:04:51.470 W/PackageManager( 1912): Cannot whitelist unknown permission: android.permission.QUERY_ALL_PACKAGES
06-22 07:04:51.470 W/PackageManager( 1912): Cannot whitelist unknown permission: android.permission.PRE_FACTORY_RESET
06-22 07:04:51.470 W/PackageManager( 1912): Cannot whitelist unknown permission: android.permission.MANAGE_FACTORY_RESET_PROTECTION
06-22 07:04:51.470 W/PackageManager( 1912): Cannot whitelist unknown permission: android.car.permission.CAR_POWER
06-22 07:04:51.470 W/PackageManager( 1912): Cannot whitelist unknown permission: com.google.android.wearable.WRITE_SETTINGS
06-22 07:04:51.470 W/PackageManager( 1912): Cannot whitelist unknown permission: com.felicanetworks.mfc.permission.MFC_ACCESS
06-22 07:04:51.471 W/PackageManager( 1912): Cannot whitelist unknown permission: com.felicanetworks.mfc.mfi.permission.MFI_ACCESS
06-22 07:04:51.471 W/PackageManager( 1912): Cannot whitelist unknown permission: com.google.android.finsky.permission.INSTANT_APP_STATE
06-22 07:04:51.471 W/PackageManager( 1912): Cannot whitelist unknown permission: android.permission.UWB
06-22 07:04:51.472 W/PackageManager( 1912): Cannot whitelist unknown permission: com.google.android.finsky.permission.BIND_GET_INSTALL_REFERRER_SERVICE
06-22 07:04:51.472 W/PackageManager( 1912): Cannot whitelist unknown permission: com.google.android.hangouts.START_HANGOUT
06-22 07:04:51.472 W/PackageManager( 1912): Cannot whitelist unknown permission: android.car.permission.CAR_POWERTRAIN
06-22 07:04:51.472 W/PackageManager( 1912): Cannot whitelist unknown permission: android.car.permission.CAR_ENERGY
06-22 07:04:51.472 W/PackageManager( 1912): Cannot whitelist unknown permission: android.car.permission.CAR_ENERGY_PORTS
06-22 07:04:51.472 W/PackageManager( 1912): Cannot whitelist unknown permission: android.car.permission.CAR_EXTERIOR_LIGHTS
06-22 07:04:51.472 W/PackageManager( 1912): Cannot whitelist unknown permission: android.car.permission.CAR_INFO
06-22 07:04:51.472 W/PackageManager( 1912): Cannot whitelist unknown permission: android.car.permission.CAR_MILEAGE
06-22 07:04:51.472 W/PackageManager( 1912): Cannot whitelist unknown permission: android.car.permission.CAR_TIRES
06-22 07:04:51.472 W/PackageManager( 1912): Cannot whitelist unknown permission: android.car.permission.CONTROL_CAR_CLIMATE
06-22 07:04:51.472 W/PackageManager( 1912): Cannot whitelist unknown permission: android.car.permission.CONTROL_CAR_DOORS
06-22 07:04:51.472 W/PackageManager( 1912): Cannot whitelist unknown permission: android.car.permission.CONTROL_CAR_EXTERIOR_LIGHTS
06-22 07:04:51.472 W/PackageManager( 1912): Cannot whitelist unknown permission: android.car.permission.CONTROL_CAR_MIRRORS
06-22 07:04:51.472 W/PackageManager( 1912): Cannot whitelist unknown permission: android.car.permission.CONTROL_CAR_SEATS
06-22 07:04:51.472 W/PackageManager( 1912): Cannot whitelist unknown permission: android.car.permission.CONTROL_CAR_WINDOWS
06-22 07:04:51.472 W/PackageManager( 1912): Cannot whitelist unknown permission: android.car.permission.READ_CAR_DISPLAY_UNITS
06-22 07:04:51.472 W/PackageManager( 1912): Cannot whitelist unknown permission: com.google.android.finsky.permission.GEARHEAD_SERVICE
06-22 07:04:51.472 W/PackageManager( 1912): Cannot whitelist unknown permission: com.google.android.permission.ACCESSIBILITY_SCAN_SERVICE
06-22 07:04:51.472 W/PackageManager( 1912): Cannot whitelist unknown permission: com.google.android.finsky.permission.ACCESS_INSTANT_APP_NOTIFICATION_ENFORCEMENT
06-22 07:04:51.472 W/PackageManager( 1912): Cannot whitelist unknown permission: com.google.android.clockwork.settings.SHOW_FACTORY_RESET_CONFIRMATION
06-22 07:04:51.472 W/PackageManager( 1912): Cannot whitelist unknown permission: com.google.android.wearable.READ_SETTINGS
06-22 07:04:51.472 W/PackageManager( 1912): Cannot whitelist unknown permission: android.permission.READ_MEDIA_AUDIO
06-22 07:04:51.472 W/PackageManager( 1912): Cannot whitelist unknown permission: android.permission.READ_MEDIA_IMAGES
06-22 07:04:51.472 W/PackageManager( 1912): Cannot whitelist unknown permission: android.permission.READ_MEDIA_VIDEO
06-22 07:04:51.472 W/PackageManager( 1912): Cannot whitelist unknown permission: com.android.vending.setup.PLAY_SETUP_SERVICE
06-22 07:04:51.472 W/PackageManager( 1912): Cannot whitelist unknown permission: com.google.android.gms.game.notifications.permission.WRITE
06-22 07:04:51.472 W/PackageManager( 1912): Cannot whitelist unknown permission: com.google.android.vending.verifier.ACCESS_VERIFIER
06-22 07:04:51.472 I/PackageManager( 1912): Un-granting permission android.permission.CAPTURE_VIDEO_OUTPUT from package com.google.android.gms (protectionLevel=2 flags=0xb0cabe45)
06-22 07:04:51.472 I/PackageManager( 1912): Un-granting permission android.permission.MANAGE_DEVICE_ADMINS from package com.google.android.gms (protectionLevel=2 flags=0xb0cabe45)
06-22 07:04:51.472 I/PackageManager( 1912): Un-granting permission android.permission.MANAGE_ACTIVITY_STACKS from package com.google.android.gms (protectionLevel=2 flags=0xb0cabe45)
06-22 07:04:51.472 I/PackageManager( 1912): Un-granting permission android.permission.CAPTURE_SECURE_VIDEO_OUTPUT from package com.google.android.gms (protectionLevel=2 flags=0xb0cabe45)
06-22 07:04:51.472 I/PackageManager( 1912): Un-granting permission android.permission.MANAGE_ROLLBACKS from package com.google.android.gms (protectionLevel=514 flags=0xb0cabe45)
06-22 07:04:51.475 W/PackageManager( 1912): Cannot whitelist unknown permission: android.permission.QUERY_ALL_PACKAGES
06-22 07:04:51.475 W/PackageManager( 1912): Cannot whitelist unknown permission: android.permission.PRE_FACTORY_RESET
06-22 07:04:51.475 W/PackageManager( 1912): Cannot whitelist unknown permission: android.permission.MANAGE_FACTORY_RESET_PROTECTION
06-22 07:04:51.475 W/PackageManager( 1912): Cannot whitelist unknown permission: android.car.permission.CAR_POWER
06-22 07:04:51.475 W/PackageManager( 1912): Cannot whitelist unknown permission: com.google.android.wearable.WRITE_SETTINGS
06-22 07:04:51.475 W/PackageManager( 1912): Cannot whitelist unknown permission: com.felicanetworks.mfc.permission.MFC_ACCESS
06-22 07:04:51.475 W/PackageManager( 1912): Cannot whitelist unknown permission: com.felicanetworks.mfc.mfi.permission.MFI_ACCESS
06-22 07:04:51.475 W/PackageManager( 1912): Cannot whitelist unknown permission: com.google.android.finsky.permission.INSTANT_APP_STATE
06-22 07:04:51.475 W/PackageManager( 1912): Cannot whitelist unknown permission: android.permission.UWB
06-22 07:04:51.475 W/PackageManager( 1912): Cannot whitelist unknown permission: com.google.android.finsky.permission.BIND_GET_INSTALL_REFERRER_SERVICE
06-22 07:04:51.475 W/PackageManager( 1912): Cannot whitelist unknown permission: com.google.android.hangouts.START_HANGOUT
06-22 07:04:51.475 W/PackageManager( 1912): Cannot whitelist unknown permission: android.car.permission.CAR_POWERTRAIN
06-22 07:04:51.475 W/PackageManager( 1912): Cannot whitelist unknown permission: android.car.permission.CAR_ENERGY
06-22 07:04:51.475 W/PackageManager( 1912): Cannot whitelist unknown permission: android.car.permission.CAR_ENERGY_PORTS
06-22 07:04:51.475 W/PackageManager( 1912): Cannot whitelist unknown permission: android.car.permission.CAR_EXTERIOR_LIGHTS
06-22 07:04:51.475 W/PackageManager( 1912): Cannot whitelist unknown permission: android.car.permission.CAR_INFO
06-22 07:04:51.475 W/PackageManager( 1912): Cannot whitelist unknown permission: android.car.permission.CAR_MILEAGE
06-22 07:04:51.475 W/PackageManager( 1912): Cannot whitelist unknown permission: android.car.permission.CAR_TIRES
06-22 07:04:51.475 W/PackageManager( 1912): Cannot whitelist unknown permission: android.car.permission.CONTROL_CAR_CLIMATE
06-22 07:04:51.475 W/PackageManager( 1912): Cannot whitelist unknown permission: android.car.permission.CONTROL_CAR_DOORS
06-22 07:04:51.475 W/PackageManager( 1912): Cannot whitelist unknown permission: android.car.permission.CONTROL_CAR_EXTERIOR_LIGHTS
06-22 07:04:51.475 W/PackageManager( 1912): Cannot whitelist unknown permission: android.car.permission.CONTROL_CAR_MIRRORS
06-22 07:04:51.475 W/PackageManager( 1912): Cannot whitelist unknown permission: android.car.permission.CONTROL_CAR_SEATS
06-22 07:04:51.475 W/PackageManager( 1912): Cannot whitelist unknown permission: android.car.permission.CONTROL_CAR_WINDOWS
06-22 07:04:51.475 W/PackageManager( 1912): Cannot whitelist unknown permission: android.car.permission.READ_CAR_DISPLAY_UNITS
06-22 07:04:51.475 W/PackageManager( 1912): Cannot whitelist unknown permission: com.google.android.finsky.permission.GEARHEAD_SERVICE
06-22 07:04:51.475 W/PackageManager( 1912): Cannot whitelist unknown permission: com.google.android.permission.ACCESSIBILITY_SCAN_SERVICE
06-22 07:04:51.475 W/PackageManager( 1912): Cannot whitelist unknown permission: com.google.android.finsky.permission.ACCESS_INSTANT_APP_NOTIFICATION_ENFORCEMENT
06-22 07:04:51.475 W/PackageManager( 1912): Cannot whitelist unknown permission: com.google.android.clockwork.settings.SHOW_FACTORY_RESET_CONFIRMATION
06-22 07:04:51.475 W/PackageManager( 1912): Cannot whitelist unknown permission: com.google.android.wearable.READ_SETTINGS
06-22 07:04:51.475 W/PackageManager( 1912): Cannot whitelist unknown permission: android.permission.READ_MEDIA_AUDIO
06-22 07:04:51.475 W/PackageManager( 1912): Cannot whitelist unknown permission: android.permission.READ_MEDIA_IMAGES
06-22 07:04:51.475 W/PackageManager( 1912): Cannot whitelist unknown permission: android.permission.READ_MEDIA_VIDEO
06-22 07:04:51.475 W/PackageManager( 1912): Cannot whitelist unknown permission: com.android.vending.setup.PLAY_SETUP_SERVICE
06-22 07:04:51.475 W/PackageManager( 1912): Cannot whitelist unknown permission: com.google.android.gms.game.notifications.permission.WRITE
06-22 07:04:51.475 W/PackageManager( 1912): Cannot whitelist unknown permission: com.google.android.vending.verifier.ACCESS_VERIFIER
06-22 07:04:51.475 I/PackageManager( 1912): Un-granting permission android.permission.CAPTURE_VIDEO_OUTPUT from package com.google.android.gms (protectionLevel=2 flags=0xb0cabe45)
06-22 07:04:51.475 I/PackageManager( 1912): Un-granting permission android.permission.MANAGE_DEVICE_ADMINS from package com.google.android.gms (protectionLevel=2 flags=0xb0cabe45)
06-22 07:04:51.475 I/PackageManager( 1912): Un-granting permission android.permission.MANAGE_ACTIVITY_STACKS from package com.google.android.gms (protectionLevel=2 flags=0xb0cabe45)
06-22 07:04:51.476 I/PackageManager( 1912): Un-granting permission android.permission.CAPTURE_SECURE_VIDEO_OUTPUT from package com.google.android.gms (protectionLevel=2 flags=0xb0cabe45)
06-22 07:04:51.476 I/PackageManager( 1912): Un-granting permission android.permission.MANAGE_ROLLBACKS from package com.google.android.gms (protectionLevel=514 flags=0xb0cabe45)
06-22 07:04:51.477 E/ActivityThread( 2064): Failed to find provider info for com.google.android.gsf.gservices
06-22 07:04:51.477 E/ActivityThread( 2064): Failed to find provider info for com.google.android.gsf.gservices
06-22 07:04:51.490 W/PackageManager( 1912): Cannot whitelist unknown permission: android.permission.QUERY_ALL_PACKAGES
06-22 07:04:51.490 W/PackageManager( 1912): Cannot whitelist unknown permission: android.permission.PRE_FACTORY_RESET
06-22 07:04:51.490 W/PackageManager( 1912): Cannot whitelist unknown permission: android.permission.MANAGE_FACTORY_RESET_PROTECTION
06-22 07:04:51.490 W/PackageManager( 1912): Cannot whitelist unknown permission: android.car.permission.CAR_POWER
06-22 07:04:51.490 W/PackageManager( 1912): Cannot whitelist unknown permission: com.google.android.wearable.WRITE_SETTINGS
06-22 07:04:51.490 W/PackageManager( 1912): Cannot whitelist unknown permission: com.felicanetworks.mfc.permission.MFC_ACCESS
06-22 07:04:51.490 W/PackageManager( 1912): Cannot whitelist unknown permission: com.felicanetworks.mfc.mfi.permission.MFI_ACCESS
06-22 07:04:51.490 W/PackageManager( 1912): Cannot whitelist unknown permission: com.google.android.finsky.permission.INSTANT_APP_STATE
06-22 07:04:51.490 W/PackageManager( 1912): Cannot whitelist unknown permission: android.permission.UWB
06-22 07:04:51.490 W/PackageManager( 1912): Cannot whitelist unknown permission: com.google.android.finsky.permission.BIND_GET_INSTALL_REFERRER_SERVICE
06-22 07:04:51.490 W/PackageManager( 1912): Cannot whitelist unknown permission: com.google.android.hangouts.START_HANGOUT
06-22 07:04:51.490 W/PackageManager( 1912): Cannot whitelist unknown permission: android.car.permission.CAR_POWERTRAIN
06-22 07:04:51.490 W/PackageManager( 1912): Cannot whitelist unknown permission: android.car.permission.CAR_ENERGY
06-22 07:04:51.490 W/PackageManager( 1912): Cannot whitelist unknown permission: android.car.permission.CAR_ENERGY_PORTS
06-22 07:04:51.490 W/PackageManager( 1912): Cannot whitelist unknown permission: android.car.permission.CAR_EXTERIOR_LIGHTS
06-22 07:04:51.490 W/PackageManager( 1912): Cannot whitelist unknown permission: android.car.permission.CAR_INFO
06-22 07:04:51.490 W/PackageManager( 1912): Cannot whitelist unknown permission: android.car.permission.CAR_MILEAGE
06-22 07:04:51.490 W/PackageManager( 1912): Cannot whitelist unknown permission: android.car.permission.CAR_TIRES
06-22 07:04:51.490 W/PackageManager( 1912): Cannot whitelist unknown permission: android.car.permission.CONTROL_CAR_CLIMATE
06-22 07:04:51.491 W/PackageManager( 1912): Cannot whitelist unknown permission: android.car.permission.CONTROL_CAR_DOORS
06-22 07:04:51.491 W/PackageManager( 1912): Cannot whitelist unknown permission: android.car.permission.CONTROL_CAR_EXTERIOR_LIGHTS
06-22 07:04:51.491 W/PackageManager( 1912): Cannot whitelist unknown permission: android.car.permission.CONTROL_CAR_MIRRORS
06-22 07:04:51.491 W/PackageManager( 1912): Cannot whitelist unknown permission: android.car.permission.CONTROL_CAR_SEATS
06-22 07:04:51.491 W/PackageManager( 1912): Cannot whitelist unknown permission: android.car.permission.CONTROL_CAR_WINDOWS
06-22 07:04:51.491 W/PackageManager( 1912): Cannot whitelist unknown permission: android.car.permission.READ_CAR_DISPLAY_UNITS
06-22 07:04:51.491 W/PackageManager( 1912): Cannot whitelist unknown permission: com.google.android.finsky.permission.GEARHEAD_SERVICE
06-22 07:04:51.491 W/PackageManager( 1912): Cannot whitelist unknown permission: com.google.android.permission.ACCESSIBILITY_SCAN_SERVICE
06-22 07:04:51.491 W/PackageManager( 1912): Cannot whitelist unknown permission: com.google.android.finsky.permission.ACCESS_INSTANT_APP_NOTIFICATION_ENFORCEMENT
06-22 07:04:51.491 W/PackageManager( 1912): Cannot whitelist unknown permission: com.google.android.clockwork.settings.SHOW_FACTORY_RESET_CONFIRMATION
06-22 07:04:51.491 W/PackageManager( 1912): Cannot whitelist unknown permission: com.google.android.wearable.READ_SETTINGS
06-22 07:04:51.491 W/PackageManager( 1912): Cannot whitelist unknown permission: android.permission.READ_MEDIA_AUDIO
06-22 07:04:51.491 W/PackageManager( 1912): Cannot whitelist unknown permission: android.permission.READ_MEDIA_IMAGES
06-22 07:04:51.491 W/PackageManager( 1912): Cannot whitelist unknown permission: android.permission.READ_MEDIA_VIDEO
06-22 07:04:51.491 W/PackageManager( 1912): Cannot whitelist unknown permission: com.android.vending.setup.PLAY_SETUP_SERVICE
06-22 07:04:51.491 W/PackageManager( 1912): Cannot whitelist unknown permission: com.google.android.gms.game.notifications.permission.WRITE
06-22 07:04:51.491 W/PackageManager( 1912): Cannot whitelist unknown permission: com.google.android.vending.verifier.ACCESS_VERIFIER
06-22 07:04:51.491 I/PackageManager( 1912): Un-granting permission android.permission.CAPTURE_VIDEO_OUTPUT from package com.google.android.gms (protectionLevel=2 flags=0xb0cabe45)
06-22 07:04:51.491 I/PackageManager( 1912): Un-granting permission android.permission.MANAGE_DEVICE_ADMINS from package com.google.android.gms (protectionLevel=2 flags=0xb0cabe45)
06-22 07:04:51.491 I/PackageManager( 1912): Un-granting permission android.permission.MANAGE_ACTIVITY_STACKS from package com.google.android.gms (protectionLevel=2 flags=0xb0cabe45)
06-22 07:04:51.491 I/PackageManager( 1912): Un-granting permission android.permission.CAPTURE_SECURE_VIDEO_OUTPUT from package com.google.android.gms (protectionLevel=2 flags=0xb0cabe45)
06-22 07:04:51.491 I/PackageManager( 1912): Un-granting permission android.permission.MANAGE_ROLLBACKS from package com.google.android.gms (protectionLevel=514 flags=0xb0cabe45)
06-22 07:04:51.502 I/OMXClient( 1912): IOmx service obtained
06-22 07:04:51.503 I/OMXMaster( 1791): makeComponentInstance(OMX.google.vorbis.decoder) in android.hardwar process
06-22 07:04:51.503 I/hostapd ( 1842): wlan1: interface state COUNTRY_UPDATE->HT_SCAN
06-22 07:04:51.504 E/OMXNodeInstance( 1791): getConfig(0xf3d3c1e0:google.vorbis.decoder, ConfigAndroidVendorExtension(0x6f100004)) ERROR: Undefined(0x80001001)
06-22 07:04:51.542 W/PackageManager( 1912): Cannot whitelist unknown permission: android.permission.ADD_VOICEMAIL
06-22 07:04:51.542 W/PackageManager( 1912): Cannot whitelist unknown permission: com.google.android.apps.messaging.services.ACCESS_JIBESERVICE
06-22 07:04:51.542 W/PackageManager( 1912): Cannot whitelist unknown permission: android.permission.ADD_VOICEMAIL
06-22 07:04:51.543 W/PackageManager( 1912): Cannot whitelist unknown permission: com.google.android.apps.messaging.services.ACCESS_JIBESERVICE
06-22 07:04:51.543 W/PackageManager( 1912): Cannot whitelist unknown permission: android.permission.ADD_VOICEMAIL
06-22 07:04:51.544 W/PackageManager( 1912): Cannot whitelist unknown permission: com.google.android.apps.messaging.services.ACCESS_JIBESERVICE
06-22 07:04:51.545 W/PackageManager( 1912): Cannot whitelist unknown permission: android.permission.ADD_VOICEMAIL
06-22 07:04:51.545 W/PackageManager( 1912): Cannot whitelist unknown permission: com.google.android.apps.messaging.services.ACCESS_JIBESERVICE
06-22 07:04:51.545 W/PackageManager( 1912): Cannot whitelist unknown permission: android.permission.ADD_VOICEMAIL
06-22 07:04:51.545 W/PackageManager( 1912): Cannot whitelist unknown permission: com.google.android.apps.messaging.services.ACCESS_JIBESERVICE
06-22 07:04:51.549 I/PackageManager( 1912): Un-granting permission com.google.android.googleapps.permission.GOOGLE_AUTH from package com.google.android.videos (protectionLevel=2 flags=0x30dbbe45)
06-22 07:04:51.550 I/PackageManager( 1912): Un-granting permission com.google.android.googleapps.permission.GOOGLE_AUTH from package com.google.android.videos (protectionLevel=2 flags=0x30dbbe45)
06-22 07:04:51.551 I/PackageManager( 1912): Un-granting permission com.google.android.googleapps.permission.GOOGLE_AUTH from package com.google.android.videos (protectionLevel=2 flags=0x30dbbe45)
06-22 07:04:51.552 W/PackageManager( 1912): Cannot whitelist unknown permission: com.google.android.apps.miphone.aiai.matchmaker.overview.service.BIND_SERVICE
06-22 07:04:51.552 W/PackageManager( 1912): Cannot whitelist unknown permission: com.google.android.as.allapps.SUGGESTION_CONSUMER
06-22 07:04:51.553 W/PackageManager( 1912): Cannot whitelist unknown permission: com.google.android.apps.miphone.aiai.matchmaker.overview.service.BIND_SERVICE
06-22 07:04:51.553 W/PackageManager( 1912): Cannot whitelist unknown permission: com.google.android.as.allapps.SUGGESTION_CONSUMER
06-22 07:04:51.561 W/PackageManager( 1912): Cannot whitelist unknown permission: com.android.vending.BILLING
06-22 07:04:51.561 I/PackageManager( 1912): Un-granting permission android.permission.WRITE_MEDIA_STORAGE from package com.google.android.apps.photos (protectionLevel=18 flags=0x38d9be45)
06-22 07:04:51.570 W/PackageManager( 1912): Cannot whitelist unknown permission: com.android.vending.BILLING
06-22 07:04:51.570 I/PackageManager( 1912): Un-granting permission android.permission.WRITE_MEDIA_STORAGE from package com.google.android.apps.photos (protectionLevel=18 flags=0x38d9be45)
06-22 07:04:51.583 W/PackageManager( 1912): Cannot whitelist unknown permission: com.android.launcher.permission.READ_SETTINGS
06-22 07:04:51.583 W/PackageManager( 1912): Cannot whitelist unknown permission: com.android.launcher.permission.WRITE_SETTINGS
06-22 07:04:51.606 W/PackageManager( 1912): Cannot whitelist unknown permission: com.android.vending.setup.PLAY_SETUP_SERVICE
06-22 07:04:51.614 I/chatty  ( 1912): uid=1000(system) Binder:1912_6 identical 2 lines
06-22 07:04:51.615 W/PackageManager( 1912): Cannot whitelist unknown permission: com.android.vending.setup.PLAY_SETUP_SERVICE
06-22 07:04:51.642 W/PackageManager( 1912): Cannot whitelist unknown permission: com.android.permission.CONNMO_SETTINGS
06-22 07:04:51.642 W/PackageManager( 1912): Cannot whitelist unknown permission: com.android.permission.DCMO_SETTINGS
06-22 07:04:51.642 W/PackageManager( 1912): Cannot whitelist unknown permission: com.android.permission.CONNMO_SETTINGS
06-22 07:04:51.642 W/PackageManager( 1912): Cannot whitelist unknown permission: com.android.permission.DCMO_SETTINGS
06-22 07:04:51.659 W/PackageManager( 1912): Cannot whitelist unknown permission: com.android.permission.BIND_TELEPHONY_NETWORK_SERVICE
06-22 07:04:51.677 I/chatty  ( 1912): uid=1000(system) Binder:1912_6 identical 2 lines
06-22 07:04:51.680 W/PackageManager( 1912): Cannot whitelist unknown permission: com.android.permission.BIND_TELEPHONY_NETWORK_SERVICE
06-22 07:04:51.740 W/PackageManager( 1912): Cannot whitelist unknown permission: com.google.restricted_assist_gesture.permission.RESTRICTED_ASSIST_GESTURE_PROVIDER
06-22 07:04:51.740 W/PackageManager( 1912): Cannot whitelist unknown permission: com.google.android.apps.dreamliner.permission.DREAMLINER_SERVICE
06-22 07:04:51.740 W/PackageManager( 1912): Cannot whitelist unknown permission: android.car.permission.CONTROL_CAR_CLIMATE
06-22 07:04:51.740 W/PackageManager( 1912): Cannot whitelist unknown permission: android.car.permission.CAR_DRIVING_STATE
06-22 07:04:51.740 W/PackageManager( 1912): Cannot whitelist unknown permission: android.car.permission.CAR_CONTROL_AUDIO_VOLUME
06-22 07:04:51.761 W/PackageManager( 1912): Cannot whitelist unknown permission: com.google.restricted_assist_gesture.permission.RESTRICTED_ASSIST_GESTURE_PROVIDER
06-22 07:04:51.761 W/PackageManager( 1912): Cannot whitelist unknown permission: com.google.android.apps.dreamliner.permission.DREAMLINER_SERVICE
06-22 07:04:51.761 W/PackageManager( 1912): Cannot whitelist unknown permission: android.car.permission.CONTROL_CAR_CLIMATE
06-22 07:04:51.761 W/PackageManager( 1912): Cannot whitelist unknown permission: android.car.permission.CAR_DRIVING_STATE
06-22 07:04:51.761 W/PackageManager( 1912): Cannot whitelist unknown permission: android.car.permission.CAR_CONTROL_AUDIO_VOLUME
06-22 07:04:51.763 W/PackageManager( 1912): Cannot whitelist unknown permission: com.google.android.gallery3d.permission.GALLERY_PROVIDER
06-22 07:04:51.763 W/PackageManager( 1912): Cannot whitelist unknown permission: com.android.gallery3d.permission.GALLERY_PROVIDER
06-22 07:04:51.764 W/PackageManager( 1912): Cannot whitelist unknown permission: com.google.android.gallery3d.permission.GALLERY_PROVIDER
06-22 07:04:51.764 W/PackageManager( 1912): Cannot whitelist unknown permission: com.android.gallery3d.permission.GALLERY_PROVIDER
06-22 07:04:51.765 W/PackageManager( 1912): Cannot whitelist unknown permission: com.google.android.gallery3d.permission.GALLERY_PROVIDER
06-22 07:04:51.765 W/PackageManager( 1912): Cannot whitelist unknown permission: com.android.gallery3d.permission.GALLERY_PROVIDER
06-22 07:04:51.765 W/PackageManager( 1912): Cannot whitelist unknown permission: com.google.android.gallery3d.permission.GALLERY_PROVIDER
06-22 07:04:51.765 W/PackageManager( 1912): Cannot whitelist unknown permission: com.android.gallery3d.permission.GALLERY_PROVIDER
06-22 07:04:51.767 W/PackageManager( 1912): Cannot whitelist unknown permission: com.google.android.gallery3d.permission.GALLERY_PROVIDER
06-22 07:04:51.767 W/PackageManager( 1912): Cannot whitelist unknown permission: com.android.gallery3d.permission.GALLERY_PROVIDER
06-22 07:04:51.769 W/PackageManager( 1912): Cannot whitelist unknown permission: com.google.android.gallery3d.permission.GALLERY_PROVIDER
06-22 07:04:51.769 W/PackageManager( 1912): Cannot whitelist unknown permission: com.android.gallery3d.permission.GALLERY_PROVIDER
06-22 07:04:51.775 W/PackageManager( 1912): Cannot whitelist unknown permission: com.google.android.gallery3d.permission.GALLERY_PROVIDER
06-22 07:04:51.775 W/PackageManager( 1912): Cannot whitelist unknown permission: com.android.gallery3d.permission.GALLERY_PROVIDER
06-22 07:04:51.781 W/PackageManager( 1912): Cannot whitelist unknown permission: com.android.vending.setup.PLAY_SETUP_SERVICE
06-22 07:04:51.824 I/ChimeraCfgMgr( 2064): Updating module config: <no config> -> container:2024149040800
06-22 07:04:51.782 W/PackageManager( 1912): Cannot whitelist unknown permission: com.android.vending.setup.PLAY_SETUP_SERVICE
06-22 07:04:51.824 E/ActivityThread( 2064): Failed to find provider info for com.google.android.gsf.gservices
06-22 07:04:51.825 E/ConfigFileUtils( 2064): Failed to read config file: /data/user_de/0/com.google.android.gms/app_chimera/current_modules_init.pb: open failed: ENOENT (No such file or directory)
06-22 07:04:51.838 D/Zygote  ( 1665): Forked child process 2214
06-22 07:04:51.839 I/ChmraDebugLogger( 2064): [46] 
06-22 07:04:51.840 W/gle.android.gm( 2214): Unexpected CPU variant for X86 using defaults: x86_64
06-22 07:04:51.844 I/GmsApplication( 2064): Updating config completed
06-22 07:04:51.825 I/chatty  ( 2064): uid=10118 com.google.android.gms.persistent identical 1 line
06-22 07:04:51.845 E/ActivityThread( 2064): Failed to find provider info for com.google.android.gsf.gservices
06-22 07:04:51.845 I/ActivityManager( 1912): Start proc 2214:com.google.android.gms/u0a118 for service {com.google.android.gms/com.google.android.gms.chimera.GmsIntentOperationService}
06-22 07:04:51.846 E/ActivityThread( 2064): Failed to find provider info for com.google.android.gsf.gservices
06-22 07:04:51.860 I/gle.android.gm( 2214): The ClassLoaderContext is a special shared library.
06-22 07:04:51.861 I/gle.android.gm( 2214): The ClassLoaderContext is a special shared library.
06-22 07:04:51.868 W/DynamiteModule( 2064): Local module descriptor class for providerinstaller not found.
06-22 07:04:51.869 I/gle.android.gm( 2214): The ClassLoaderContext is a special shared library.
06-22 07:04:51.870 I/gle.android.gm( 2214): The ClassLoaderContext is a special shared library.
06-22 07:04:51.874 W/ProviderHelper( 2064): Unknown dynamite feature providerinstaller
06-22 07:04:51.875 W/ContextImpl( 2214): Failed to ensure /data/user/0/com.google.android.gms/cache: mkdir failed: ENOENT (No such file or directory)
06-22 07:04:51.875 W/ContextImpl( 2214): Failed to update user.inode_cache: stat failed: ENOENT (No such file or directory)
06-22 07:04:51.877 I/DynamiteModule( 2064): Considering local module providerinstaller:0 and remote module providerinstaller:0
06-22 07:04:51.881 W/ProviderInstaller( 2064): Failed to load providerinstaller module: No acceptable module found. Local version is 0 and remote version is 0.
06-22 07:04:51.877 I/chatty  ( 2064): uid=10118 com.google.android.gms.persistent identical 5 lines
06-22 07:04:51.877 E/ActivityThread( 2064): Failed to find provider info for com.google.android.gsf.gservices
06-22 07:04:51.892 E/ActivityThread( 2214): Failed to find provider info for com.google.android.gsf.gservices
06-22 07:04:51.897 V/NativeCrypto( 2064): Registering com/google/android/gms/org/conscrypt/NativeCrypto's 286 native methods...
06-22 07:04:51.907 D/NetworkSecurityConfig( 2064): Using Network Security Config from resource network_security_config debugBuild: false
06-22 07:04:51.910 I/ProviderInstaller( 2064): Installed default security provider GmsCore_OpenSSL
06-22 07:04:51.908 E/ActivityThread( 2214): Failed to find provider info for com.google.android.gsf.gservices
06-22 07:04:51.911 E/ActivityThread( 2064): Failed to find provider info for com.google.android.gsf.gservices
06-22 07:04:51.917 I/RuntimePermissionsUpgradeController( 2091): Grandfathering SMS and CallLog permissions
06-22 07:04:51.918 I/Safeboot( 2064): Checking safeboot...
06-22 07:04:51.915 I/chatty  ( 2064): uid=10118 com.google.android.gms.persistent identical 11 lines
06-22 07:04:51.917 E/ActivityThread( 2064): Failed to find provider info for com.google.android.gsf.gservices
06-22 07:04:51.918 E/ActivityThread( 2214): Failed to find provider info for com.google.android.gsf.gservices
06-22 07:04:51.919 E/ActivityThread( 2214): Failed to find provider info for com.google.android.gsf.gservices
06-22 07:04:51.919 E/ActivityThread( 2064): Failed to find provider info for com.google.android.gsf.gservices
06-22 07:04:51.920 W/DirectBootExitBR( 2214): User is in direct boot mode.
06-22 07:04:51.919 I/chatty  ( 2064): uid=10118 com.google.android.gms.persistent identical 1 line
06-22 07:04:51.920 E/ActivityThread( 2064): Failed to find provider info for com.google.android.gsf.gservices
06-22 07:04:51.920 E/ActivityThread( 2214): Failed to find provider info for com.google.android.gsf.gservices
06-22 07:04:51.921 E/ActivityThread( 2214): Failed to find provider info for com.google.android.gsf.gservices
06-22 07:04:51.921 E/ActivityThread( 2064): Failed to find provider info for com.google.android.gsf.gservices
06-22 07:04:51.924 E/ActivityThread( 2214): Failed to find provider info for com.google.android.gsf.gservices
06-22 07:04:51.924 I/chatty  ( 2214): uid=10118(com.google.android.gms) identical 2 lines
06-22 07:04:51.924 E/ActivityThread( 2214): Failed to find provider info for com.google.android.gsf.gservices
06-22 07:04:51.925 E/ActivityThread( 2064): Failed to find provider info for com.google.android.gsf.gservices
06-22 07:04:51.930 I/GmsApplication( 2214): Staging modules and/or updating config
06-22 07:04:51.927 I/chatty  ( 2064): uid=10118 com.google.android.gms.persistent identical 2 lines
06-22 07:04:51.927 E/ActivityThread( 2064): Failed to find provider info for com.google.android.gsf.gservices
06-22 07:04:51.930 E/ActivityThread( 2214): Failed to find provider info for com.google.android.gsf.gservices
06-22 07:04:51.932 I/RuntimePermissionsUpgradeController( 2091): Grandfathering location background permissions
06-22 07:04:51.933 I/GmsApplication( 2214): Staging modules and/or updating config already complete
06-22 07:04:51.936 I/chatty  ( 2214): uid=10118(com.google.android.gms) identical 3 lines
06-22 07:04:51.937 E/ActivityThread( 2214): Failed to find provider info for com.google.android.gsf.gservices
06-22 07:04:51.937 E/ActivityThread( 2064): Failed to find provider info for com.google.android.gsf.gservices
06-22 07:04:51.938 I/RuntimePermissionsUpgradeController( 2091): Grandfathering Storage permissions
06-22 07:04:51.939 W/ContextImpl( 2064): Failed to ensure /data/user/0/com.google.android.gms/files: mkdir failed: ENOENT (No such file or directory)
06-22 07:04:51.939 I/Safeboot Condition( 2064): No need to enter Safeboot.
06-22 07:04:51.939 W/DynamiteModule( 2214): Local module descriptor class for providerinstaller not found.
06-22 07:04:51.939 W/ContextImpl( 2064): Failed to ensure /data/user/0/com.google.android.gms/files: mkdir failed: ENOENT (No such file or directory)
06-22 07:04:51.944 W/ProviderHelper( 2214): Unknown dynamite feature providerinstaller
06-22 07:04:51.940 I/chatty  ( 2064): uid=10118 com.google.android.gms.persistent identical 6 lines
06-22 07:04:51.940 E/ActivityThread( 2064): Failed to find provider info for com.google.android.gsf.gservices
06-22 07:04:51.944 E/ActivityThread( 2214): Failed to find provider info for com.google.android.gsf.gservices
06-22 07:04:51.945 E/ActivityThread( 2214): Failed to find provider info for com.google.android.gsf.gservices
06-22 07:04:51.953 W/PackageManager( 1912): Cannot whitelist unknown permission: com.android.vending.BILLING
06-22 07:04:51.956 I/RuntimePermissionsUpgradeController( 2091): Not expanding location permissions as this is not an upgrade from Android P
06-22 07:04:51.957 E/ActivityThread( 2214): Failed to find provider info for com.google.android.gsf.gservices
06-22 07:04:51.961 D/vold    ( 1576): Remounting 10145 as mode default
06-22 07:04:51.964 D/vold    ( 1576): Remounting 10122 as mode default
06-22 07:04:51.964 E/ActivityThread( 2214): Failed to find provider info for com.google.android.gsf.gservices
06-22 07:04:51.964 I/DynamiteModule( 2214): Considering local module providerinstaller:0 and remote module providerinstaller:0
06-22 07:04:51.964 W/ProviderInstaller( 2214): Failed to load providerinstaller module: No acceptable module found. Local version is 0 and remote version is 0.
06-22 07:04:51.966 D/vold    ( 1576): Remounting 10131 as mode write
06-22 07:04:51.967 D/vold    ( 1576): Remounting 10128 as mode write
06-22 07:04:51.968 D/vold    ( 1576): Remounting 10111 as mode default
06-22 07:04:51.969 D/vold    ( 1576): Remounting 10134 as mode write
06-22 07:04:51.972 V/NativeCrypto( 2214): Registering com/google/android/gms/org/conscrypt/NativeCrypto's 286 native methods...
06-22 07:04:51.974 W/SystemServiceManager( 1912): Service com.android.server.policy.PermissionPolicyService took 1089 ms in onBootPhase
06-22 07:04:51.974 D/SystemServerTiming( 1912): StartActivityManagerReadyPhase took to complete: 1130ms
06-22 07:04:51.974 I/SystemServer( 1912): StartObservingNativeCrashes
06-22 07:04:51.974 D/vold    ( 1576): Remounting 10099 as mode default
06-22 07:04:51.974 D/SystemServerTiming( 1912): StartObservingNativeCrashes took to complete: 0ms
06-22 07:04:51.974 I/SystemServer( 1912): StartSystemUI
06-22 07:04:51.975 D/SystemServerInitThreadPool( 1912): Started executing WebViewFactoryPreparation
06-22 07:04:51.975 I/SystemServer( 1912): WebViewFactoryPreparation
06-22 07:04:51.975 D/vold    ( 1576): Remounting 10143 as mode default
06-22 07:04:51.975 I/WebViewUpdateServiceImpl( 1912): One-time migration: enabling com.google.android.webview
06-22 07:04:51.976 D/vold    ( 1576): Remounting 10138 as mode default
06-22 07:04:51.977 D/vold    ( 1576): Remounting 10141 as mode write
06-22 07:04:51.978 D/vold    ( 1576): Remounting 10106 as mode default
06-22 07:04:51.978 V/SystemUIService( 2081): Starting SystemUI services for user 0.
06-22 07:04:51.979 D/vold    ( 1576): Remounting 10118 as mode write
06-22 07:04:51.979 D/vold    ( 1576): Found matching PID 2064
06-22 07:04:51.984 D/SystemServerTiming( 1912): StartSystemUI took to complete: 9ms
06-22 07:04:51.984 I/SystemServer( 1912): MakeNetworkManagementServiceReady
06-22 07:04:51.985 W/NetworkManagement( 1912): setDataSaverMode(): already false
06-22 07:04:51.985 I/netd    ( 1664): firewallSetFirewallType(1) <0.02ms>
06-22 07:04:51.986 E/ActivityThread( 2064): Failed to find provider info for com.google.android.gsf.gservices
06-22 07:04:51.987 D/SystemServerTimingAsync( 1912): WebViewFactoryPreparation took to complete: 12ms
06-22 07:04:51.987 D/SystemServerInitThreadPool( 1912): Finished executing WebViewFactoryPreparation
06-22 07:04:51.988 D/SystemUIBootTiming( 2081): StartServicescom.android.systemui.Dependency$DependencyCreator took to complete: 10ms
06-22 07:04:51.988 E/ActivityThread( 2064): Failed to find provider info for com.google.android.gsf.gservices
06-22 07:04:51.995 D/SystemServerTiming( 1912): MakeNetworkManagementServiceReady took to complete: 11ms
06-22 07:04:51.995 I/SystemServer( 1912): MakeIpSecServiceReady
06-22 07:04:51.996 E/ActivityThread( 2064): Failed to find provider info for com.google.android.gsf.gservices
06-22 07:04:51.996 I/netd    ( 1664): isAlive() -> {"true"} <0.02ms>
06-22 07:04:51.996 D/IpSecService( 1912): IpSecService is ready
06-22 07:04:51.996 D/SystemServerTiming( 1912): MakeIpSecServiceReady took to complete: 1ms
06-22 07:04:51.996 I/SystemServer( 1912): MakeNetworkStatsServiceReady
06-22 07:04:51.996 E/ActivityThread( 2064): Failed to find provider info for com.google.android.gsf.gservices
06-22 07:04:51.997 W/BestClock( 1912): java.time.DateTimeException: Missing NTP fix
