06-22 07:04:48.101 I/PackageManager( 1912): /system/product/overlay/IconShapeSquare changed; collecting certs
06-22 07:04:48.102 I/PackageManager( 1912): /system/product/overlay/AccentColorGreen changed; collecting certs
06-22 07:04:48.103 I/PackageManager( 1912): /system/product/overlay/PixelConfigOverlayCommon.apk changed; collecting certs
06-22 07:04:48.104 I/PackageManager( 1912): /system/product/overlay/GoogleConfigOverlay.apk changed; collecting certs
06-22 07:04:48.108 I/PackageManager( 1912): /system/product/overlay/IconPackFilledSettings changed; collecting certs
06-22 07:04:48.109 I/PackageManager( 1912): /system/product/overlay/AccentColorOcean changed; collecting certs
06-22 07:04:48.110 I/PackageManager( 1912): /system/product/overlay/IconShapeTeardrop changed; collecting certs
06-22 07:04:48.111 I/PackageManager( 1912): /system/product/overlay/IconPackRoundedSettings changed; collecting certs
06-22 07:04:48.111 I/PackageManager( 1912): /system/product/overlay/NavigationBarModeGesturalNarrowBack changed; collecting certs
06-22 07:04:48.112 I/PackageManager( 1912): /system/product/overlay/IconPackFilledSystemUI changed; collecting certs
06-22 07:04:48.113 I/PackageManager( 1912): /system/product/overlay/EmulationPixel4XL changed; collecting certs
06-22 07:04:48.113 I/PackageManager( 1912): /system/product/overlay/AccentColorBlack changed; collecting certs
06-22 07:04:48.115 I/PackageManager( 1912): /system/product/overlay/NavigationBarModeGestural changed; collecting certs
06-22 07:04:48.117 I/PackageManager( 1912): /system/product/overlay/AccentColorOrchid changed; collecting certs
06-22 07:04:48.119 I/PackageManager( 1912): /system/product/overlay/IconPackCircularSystemUI changed; collecting certs
06-22 07:04:48.120 I/PackageManager( 1912): /system/product/overlay/SystemUIEmulationPixel4 changed; collecting certs
06-22 07:04:48.121 I/PackageManager( 1912): /system/product/overlay/NavigationBarMode3Button changed; collecting certs
06-22 07:04:48.121 I/PackageManager( 1912): /system/product/overlay/NavigationBarModeGesturalExtraWideBack changed; collecting certs
06-22 07:04:48.123 I/PackageManager( 1912): /system/product/overlay/DisplayCutoutEmulationDouble changed; collecting certs
06-22 07:04:48.125 I/PackageManager( 1912): /system/product/overlay/IconShapeSquircle changed; collecting certs
06-22 07:04:48.127 I/PackageManager( 1912): /system/product/overlay/DisplayCutoutEmulationTall changed; collecting certs
06-22 07:04:48.127 I/PackageManager( 1912): /system/product/overlay/SystemUIEmulationPixel4XL changed; collecting certs
06-22 07:04:48.128 I/PackageManager( 1912): /system/product/overlay/EmulatorConfigOverlay.apk changed; collecting certs
06-22 07:04:48.129 I/PackageManager( 1912): /system/product/overlay/IconPackFilledLauncher changed; collecting certs
06-22 07:04:48.129 I/PackageManager( 1912): /system/product/overlay/DisplayCutoutEmulationEmu01 changed; collecting certs
06-22 07:04:48.130 I/PackageManager( 1912): /system/product/overlay/AccentColorCinnamon changed; collecting certs
06-22 07:04:48.131 I/PackageManager( 1912): /system/product/overlay/SystemUIEmulationPixel2XL changed; collecting certs
06-22 07:04:48.132 I/PackageManager( 1912): /system/product/overlay/IconPackRoundedAndroid changed; collecting certs
06-22 07:04:48.143 I/ServiceManager( 1780): Waiting for service 'package_native' on '/dev/binder'...
06-22 07:04:48.165 I/PackageManager( 1912): /system/product/overlay/SystemUIEmulationPixel3aXL changed; collecting certs
06-22 07:04:48.166 I/PackageManager( 1912): /system/product/overlay/DisplayCutoutEmulationCorner changed; collecting certs
06-22 07:04:48.166 I/PackageManager( 1912): /system/product/overlay/IconPackRoundedSystemUI changed; collecting certs
06-22 07:04:48.167 I/PackageManager( 1912): /system/product/overlay/IconPackCircularLauncher changed; collecting certs
06-22 07:04:48.168 I/PackageManager( 1912): /system/product/overlay/GoogleWebViewOverlay.apk changed; collecting certs
06-22 07:04:48.170 I/PackageManager( 1912): /system/product/overlay/NavigationBarModeGesturalWideBack changed; collecting certs
06-22 07:04:48.171 I/PackageManager( 1912): /system/product/overlay/IconPackCircularThemePicker changed; collecting certs
06-22 07:04:48.174 I/PackageManager( 1912): /system/product/overlay/SystemUIEmulationPixel4a changed; collecting certs
06-22 07:04:48.174 I/PackageManager( 1912): /system/product/overlay/SystemUIEmulationPixel3a changed; collecting certs
06-22 07:04:48.175 I/PackageManager( 1912): /system/product/overlay/IconPackCircularSettings changed; collecting certs
06-22 07:04:48.176 I/PackageManager( 1912): /system/product/overlay/SystemUIEmulationPixel3 changed; collecting certs
06-22 07:04:48.176 I/PackageManager( 1912): /system/product/overlay/AccentColorSpace changed; collecting certs
06-22 07:04:48.177 I/PackageManager( 1912): /system/product/overlay/EmulationPixel3XL changed; collecting certs
06-22 07:04:48.177 I/PackageManager( 1912): /system/product/overlay/NavigationBarMode2Button changed; collecting certs
06-22 07:04:48.178 I/PackageManager( 1912): /system/product/overlay/IconPackFilledAndroid changed; collecting certs
06-22 07:04:48.178 I/PackageManager( 1912): /system/product/overlay/IconPackCircularAndroid changed; collecting certs
06-22 07:04:48.179 I/PackageManager( 1912): /system/product/overlay/SystemUIEmulationPixel3XL changed; collecting certs
06-22 07:04:48.180 I/PackageManager( 1912): /system/product/overlay/GooglePermissionControllerOverlay.apk changed; collecting certs
06-22 07:04:48.183 I/PackageManager( 1912): /system/product/overlay/EmulationPixel2XL changed; collecting certs
06-22 07:04:48.186 I/PackageManager( 1912): /system/product/overlay/IconPackRoundedLauncher changed; collecting certs
06-22 07:04:48.188 I/PackageManager( 1912): /system/product/overlay/AccentColorPurple changed; collecting certs
06-22 07:04:48.189 I/PackageManager( 1912): /system/product/overlay/EmulationPixel4 changed; collecting certs
06-22 07:04:48.190 D/PackageManager( 1912): No files in app dir /product_services/overlay
06-22 07:04:48.190 D/PackageManager( 1912): No files in app dir /odm/overlay
06-22 07:04:48.190 D/PackageManager( 1912): No files in app dir /oem/overlay
06-22 07:04:48.191 W/PackageManager( 1912): Failed to parse /system/framework/x86: Missing base APK in /system/framework/x86
06-22 07:04:48.191 W/PackageManager( 1912): Failed to parse /system/framework/oat: Missing base APK in /system/framework/oat
06-22 07:04:48.192 W/PackageManager( 1912): Failed to parse /system/framework/x86_64: Missing base APK in /system/framework/x86_64
06-22 07:04:48.211 I/PackageManager( 1912): /system/framework/framework-res.apk changed; collecting certs
06-22 07:04:48.213 E/PackageManager( 1912): Adding duplicate shared id: 1000 name=android
06-22 07:04:48.229 I/PackageManager( 1912): New shared user android.uid.shared: id=10054
06-22 07:04:48.229 I/PackageManager( 1912): /system/priv-app/UserDictionaryProvider changed; collecting certs
06-22 07:04:48.230 E/PackageManager( 1912): Adding duplicate app id: 10054 name=com.android.providers.userdictionary
06-22 07:04:48.230 I/PackageManager( 1912): /system/priv-app/MultiDisplayProvider changed; collecting certs
06-22 07:04:48.231 E/PackageManager( 1912): Adding duplicate shared id: 1000 name=com.android.emulator.multidisplay
06-22 07:04:48.237 I/PackageManager( 1912): /system/priv-app/ProxyHandler changed; collecting certs
06-22 07:04:48.240 I/PackageManager( 1912): /system/priv-app/ManagedProvisioning changed; collecting certs
06-22 07:04:48.242 I/PackageManager( 1912): /system/priv-app/CellBroadcastReceiver changed; collecting certs
06-22 07:04:48.243 I/ServiceManager( 1780): Waiting for service 'package_native' on '/dev/binder'...
06-22 07:04:48.244 I/PackageManager( 1912): /system/priv-app/CtsShimPrivPrebuilt changed; collecting certs
06-22 07:04:48.248 I/PackageManager( 1912): New shared user android.media: id=10059
06-22 07:04:48.248 I/PackageManager( 1912): /system/priv-app/DownloadProviderUi changed; collecting certs
06-22 07:04:48.249 E/PackageManager( 1912): Adding duplicate app id: 10059 name=com.android.providers.downloads.ui
06-22 07:04:48.250 I/PackageManager( 1912): /system/priv-app/DownloadProvider changed; collecting certs
06-22 07:04:48.250 E/PackageManager( 1912): Adding duplicate app id: 10059 name=com.android.providers.downloads
06-22 07:04:48.252 I/PackageManager( 1912): /system/priv-app/VpnDialogs changed; collecting certs
06-22 07:04:48.256 I/PackageManager( 1912): New shared user android.uid.calendar: id=10061
06-22 07:04:48.256 I/PackageManager( 1912): /system/priv-app/CalendarProvider changed; collecting certs
06-22 07:04:48.257 E/PackageManager( 1912): Adding duplicate app id: 10061 name=com.android.providers.calendar
06-22 07:04:48.262 W/PackageParser( 1912): Ignoring duplicate uses-permissions/uses-permissions-sdk-m: android.permission.INSTALL_GRANT_RUNTIME_PERMISSIONS in package: com.android.shell at: Binary XML file line #127
06-22 07:04:48.262 I/PackageManager( 1912): /system/priv-app/NetworkStack changed; collecting certs
06-22 07:04:48.264 E/PackageManager( 1912): Adding duplicate shared id: 1073 name=com.google.android.networkstack
06-22 07:04:48.266 I/PackageManager( 1912): /system/priv-app/Shell changed; collecting certs
06-22 07:04:48.267 E/PackageManager( 1912): Adding duplicate shared id: 2000 name=com.android.shell
06-22 07:04:48.269 I/PackageManager( 1912): /system/priv-app/Tag changed; collecting certs
06-22 07:04:48.271 W/PackageParser( 1912): No actions in intent filter at /system/priv-app/GoogleRestorePrebuilt/GoogleRestorePrebuilt.apk Binary XML file line #93
06-22 07:04:48.274 I/PackageManager( 1912): /system/priv-app/GoogleRestorePrebuilt changed; collecting certs
06-22 07:04:48.275 I/PackageManager( 1912): /system/priv-app/MmsService changed; collecting certs
06-22 07:04:48.276 E/PackageManager( 1912): Adding duplicate shared id: 1001 name=com.android.mms.service
06-22 07:04:48.276 I/PackageManager( 1912): /system/priv-app/StatementService changed; collecting certs
06-22 07:04:48.279 I/PackageManager( 1912): /system/priv-app/TimeZoneUpdater changed; collecting certs
06-22 07:04:48.283 I/PackageManager( 1912): /system/priv-app/InputDevices changed; collecting certs
06-22 07:04:48.284 E/PackageManager( 1912): Adding duplicate shared id: 1000 name=com.android.inputdevices
06-22 07:04:48.284 I/PackageManager( 1912): /system/priv-app/BackupRestoreConfirmation changed; collecting certs
06-22 07:04:48.287 I/PackageManager( 1912): /system/priv-app/SharedStorageBackup changed; collecting certs
06-22 07:04:48.288 I/PackageManager( 1912): /system/priv-app/DocumentsUI changed; collecting certs
06-22 07:04:48.289 I/PackageManager( 1912): /system/priv-app/DynamicSystemInstallationService changed; collecting certs
06-22 07:04:48.290 E/PackageManager( 1912): Adding duplicate shared id: 1000 name=com.android.dynsystem
06-22 07:04:48.292 I/PackageManager( 1912): /system/priv-app/NetworkPermissionConfig changed; collecting certs
06-22 07:04:48.293 E/PackageManager( 1912): Adding duplicate shared id: 1073 name=com.google.android.networkstack.permissionconfig
06-22 07:04:48.294 I/PackageManager( 1912): /system/priv-app/MtpDocumentsProvider changed; collecting certs
06-22 07:04:48.296 E/PackageManager( 1912): Adding duplicate app id: 10059 name=com.android.mtp
06-22 07:04:48.296 I/PackageManager( 1912): /system/priv-app/ONS changed; collecting certs
06-22 07:04:48.297 E/PackageManager( 1912): Adding duplicate shared id: 1001 name=com.android.ons
06-22 07:04:48.297 I/PackageManager( 1912): /system/priv-app/SettingsProvider changed; collecting certs
06-22 07:04:48.299 E/PackageManager( 1912): Adding duplicate shared id: 1000 name=com.android.providers.settings
06-22 07:04:48.301 I/PackageManager( 1912): /system/priv-app/TelephonyProvider changed; collecting certs
06-22 07:04:48.302 E/PackageManager( 1912): Adding duplicate shared id: 1001 name=com.android.providers.telephony
06-22 07:04:48.303 I/PackageManager( 1912): /system/priv-app/MusicFX changed; collecting certs
06-22 07:04:48.305 I/PackageManager( 1912): /system/priv-app/BlockedNumberProvider changed; collecting certs
06-22 07:04:48.306 E/PackageManager( 1912): Adding duplicate app id: 10054 name=com.android.providers.blockednumber
06-22 07:04:48.307 I/PackageManager( 1912): /system/priv-app/GoogleExtServices changed; collecting certs
06-22 07:04:48.310 I/PackageManager( 1912): /system/priv-app/ContactsProvider changed; collecting certs
06-22 07:04:48.312 E/PackageManager( 1912): Adding duplicate app id: 10054 name=com.android.providers.contacts
06-22 07:04:48.313 I/PackageManager( 1912): /system/priv-app/MediaProvider changed; collecting certs
06-22 07:04:48.314 E/PackageManager( 1912): Adding duplicate app id: 10059 name=com.android.providers.media
06-22 07:04:48.315 I/PackageManager( 1912): /system/priv-app/ExternalStorageProvider changed; collecting certs
06-22 07:04:48.315 I/PackageManager( 1912): /system/priv-app/FusedLocation changed; collecting certs
06-22 07:04:48.316 E/PackageManager( 1912): Adding duplicate shared id: 1000 name=com.android.location.fused
06-22 07:04:48.316 I/PackageManager( 1912): /system/priv-app/TeleService changed; collecting certs
06-22 07:04:48.321 E/PackageManager( 1912): Adding duplicate shared id: 1001 name=com.android.phone
06-22 07:04:48.322 I/PackageManager( 1912): /system/priv-app/CallLogBackup changed; collecting certs
06-22 07:04:48.322 E/PackageManager( 1912): Adding duplicate app id: 10054 name=com.android.calllogbackup
06-22 07:04:48.325 I/PackageManager( 1912): /system/priv-app/GooglePackageInstaller changed; collecting certs
06-22 07:04:48.327 I/PackageManager( 1912): /system/priv-app/GoogleSdkSetup changed; collecting certs
06-22 07:04:48.328 I/PackageManager( 1912): /system/priv-app/LocalTransport changed; collecting certs
06-22 07:04:48.329 E/PackageManager( 1912): Adding duplicate shared id: 1000 name=com.android.localtransport
06-22 07:04:48.343 I/ServiceManager( 1780): Waiting for service 'package_native' on '/dev/binder'...
06-22 07:04:48.349 E/        ( 1765): idmap failed, status=0x0100
06-22 07:04:48.351 E/PackageManager( 1912): Failed to generate idmap for /system/priv-app/GooglePermissionController/GooglePermissionController.apk and /product/overlay/GooglePermissionControllerOverlay.apk
06-22 07:04:48.353 I/PackageManager( 1912): /system/priv-app/GooglePermissionController changed; collecting certs
06-22 07:04:48.355 I/PackageManager( 1912): /system/priv-app/Telecom changed; collecting certs
06-22 07:04:48.356 E/PackageManager( 1912): Adding duplicate shared id: 1000 name=com.android.server.telecom
06-22 07:04:48.360 I/PackageManager( 1912): /system/app/BasicDreams changed; collecting certs
06-22 07:04:48.367 I/PackageManager( 1912): /system/app/LiveWallpapersPicker changed; collecting certs
06-22 07:04:48.368 I/PackageManager( 1912): /system/app/CtsShimPrebuilt changed; collecting certs
06-22 07:04:48.373 I/PackageManager( 1912): /system/app/EasterEgg changed; collecting certs
06-22 07:04:48.373 I/PackageManager( 1912): /system/app/PrintSpooler changed; collecting certs
06-22 07:04:48.377 I/PackageManager( 1912): /system/app/CompanionDeviceManager changed; collecting certs
06-22 07:04:48.381 I/PackageManager( 1912): /system/app/WallpaperBackup changed; collecting certs
06-22 07:04:48.382 E/PackageManager( 1912): Adding duplicate shared id: 1000 name=com.android.wallpaperbackup
06-22 07:04:48.383 I/PackageManager( 1912): /system/app/Traceur changed; collecting certs
06-22 07:04:48.387 I/PackageManager( 1912): /system/app/CaptivePortalLogin changed; collecting certs
06-22 07:04:48.388 I/PackageManager( 1912): /system/app/SecureElement changed; collecting certs
06-22 07:04:48.389 E/PackageManager( 1912): Adding duplicate shared id: 1068 name=com.android.se
06-22 07:04:48.389 W/PackageParser( 1912): Ignoring duplicate uses-permissions/uses-permissions-sdk-m: android.permission.READ_CONTACTS in package: com.android.bluetooth at: Binary XML file line #67
06-22 07:04:48.390 W/PackageParser( 1912): No actions in intent filter at /system/app/Bluetooth/Bluetooth.apk Binary XML file line #263
06-22 07:04:48.394 I/PackageManager( 1912): /system/app/KeyChain changed; collecting certs
06-22 07:04:48.395 E/PackageManager( 1912): Adding duplicate shared id: 1000 name=com.android.keychain
06-22 07:04:48.395 I/PackageManager( 1912): /system/app/KoreanIME changed; collecting certs
06-22 07:04:48.399 I/PackageManager( 1912): /system/app/BookmarkProvider changed; collecting certs
06-22 07:04:48.399 I/PackageManager( 1912): /system/app/Bluetooth changed; collecting certs
06-22 07:04:48.400 E/PackageManager( 1912): Adding duplicate shared id: 1002 name=com.android.bluetooth
06-22 07:04:48.401 I/PackageManager( 1912): /system/app/CertInstaller changed; collecting certs
06-22 07:04:48.401 I/PackageManager( 1912): /system/app/RcsService changed; collecting certs
06-22 07:04:48.402 E/PackageManager( 1912): Adding duplicate shared id: 1001 name=com.android.service.ims
06-22 07:04:48.406 I/PackageManager( 1912): /system/app/SimAppDialog changed; collecting certs
06-22 07:04:48.409 I/PackageManager( 1912): /system/app/LicenseChecker changed; collecting certs
06-22 07:04:48.410 I/PackageManager( 1912): /system/app/WAPPushManager changed; collecting certs
06-22 07:04:48.411 I/PackageManager( 1912): /system/app/BuiltInPrintService changed; collecting certs
06-22 07:04:48.414 I/PackageManager( 1912): /system/app/BluetoothMidiService changed; collecting certs
06-22 07:04:48.417 W/PackageParser( 1912): Ignoring duplicate uses-permissions/uses-permissions-sdk-m: android.permission.CHANGE_WIFI_STATE in package: com.android.nfc at: Binary XML file line #52
06-22 07:04:48.417 W/PackageParser( 1912): Ignoring duplicate uses-permissions/uses-permissions-sdk-m: android.permission.ACCESS_WIFI_STATE in package: com.android.nfc at: Binary XML file line #53
06-22 07:04:48.417 I/PackageManager( 1912): /system/app/OsuLogin changed; collecting certs
06-22 07:04:48.422 I/PackageManager( 1912): /system/app/NfcNci changed; collecting certs
06-22 07:04:48.425 E/PackageManager( 1912): Adding duplicate shared id: 1027 name=com.android.nfc
06-22 07:04:48.425 I/PackageManager( 1912): /system/app/PartnerBookmarksProvider changed; collecting certs
06-22 07:04:48.426 I/PackageManager( 1912): /system/app/PresencePolling changed; collecting certs
06-22 07:04:48.427 E/PackageManager( 1912): Adding duplicate shared id: 1001 name=com.android.service.ims.presence
06-22 07:04:48.429 I/PackageManager( 1912): /system/app/PacProcessor changed; collecting certs
06-22 07:04:48.431 I/PackageManager( 1912): /system/app/GooglePrintRecommendationService changed; collecting certs
06-22 07:04:48.435 I/PackageManager( 1912): /system/app/GooglePinyinIME changed; collecting certs
06-22 07:04:48.441 I/PackageManager( 1912): /system/app/SafetyRegulatoryInfo changed; collecting certs
06-22 07:04:48.442 I/PackageManager( 1912): /system/app/WallpapersUsTwo changed; collecting certs
06-22 07:04:48.443 I/PackageManager( 1912): /system/app/Stk changed; collecting certs
06-22 07:04:48.444 E/PackageManager( 1912): Adding duplicate shared id: 1001 name=com.android.stk
06-22 07:04:48.444 I/ServiceManager( 1780): Waiting for service 'package_native' on '/dev/binder'...
06-22 07:04:48.444 I/PackageManager( 1912): /system/app/GoogleExtShared changed; collecting certs
06-22 07:04:48.447 I/PackageManager( 1912): /system/app/GoogleHindiIME changed; collecting certs
06-22 07:04:48.449 I/PackageManager( 1912): /system/app/HTMLViewer changed; collecting certs
06-22 07:04:48.449 W/PackageParser( 1912): No actions in intent filter at /system/app/CarrierDefaultApp/CarrierDefaultApp.apk Binary XML file line #43
06-22 07:04:48.450 I/PackageManager( 1912): /system/app/CarrierDefaultApp changed; collecting certs
06-22 07:04:48.451 D/PackageManager( 1912): No files in app dir /vendor/priv-app
06-22 07:04:48.451 D/PackageManager( 1912): No files in app dir /vendor/app
06-22 07:04:48.451 D/PackageManager( 1912): No files in app dir /odm/priv-app
06-22 07:04:48.451 D/PackageManager( 1912): No files in app dir /odm/app
06-22 07:04:48.451 D/PackageManager( 1912): No files in app dir /oem/app
06-22 07:04:48.458 I/PackageManager( 1912): /system/product/priv-app/GoogleFeedback changed; collecting certs
06-22 07:04:48.466 I/PackageManager( 1912): /system/product/priv-app/SettingsIntelligence changed; collecting certs
06-22 07:04:48.467 I/PackageManager( 1912): /system/product/priv-app/ConfigUpdater changed; collecting certs
06-22 07:04:48.481 W/PackageParser( 1912): Unknown element under <manifest>: meta-data at /system/product/priv-app/Dialer/Dialer.apk Binary XML file line #115
06-22 07:04:48.483 I/PackageManager( 1912): /system/product/priv-app/WallpaperPickerGooglePrebuilt changed; collecting certs
06-22 07:04:48.489 I/PackageManager( 1912): /system/product/priv-app/Dialer changed; collecting certs
06-22 07:04:48.492 I/PackageManager( 1912): /system/product/priv-app/GoogleANGLE changed; collecting certs
06-22 07:04:48.508 I/PackageManager( 1912): /system/product/priv-app/NexusLauncherRelease changed; collecting certs
06-22 07:04:48.523 I/PackageManager( 1912): /system/product/priv-app/SetupWizardPrebuilt changed; collecting certs
06-22 07:04:48.531 I/PackageManager( 1912): /system/product/priv-app/GoogleOneTimeInitializer changed; collecting certs
06-22 07:04:48.534 W/PackageParser( 1912): No actions in intent filter at /system/product/priv-app/Contacts/Contacts.apk Binary XML file line #411
06-22 07:04:48.536 I/PackageManager( 1912): /system/product/priv-app/Contacts changed; collecting certs
06-22 07:04:48.538 W/PackageParser( 1912): No actions in intent filter at /system/product/priv-app/AndroidAutoFullPrebuilt/AndroidAutoFullPrebuilt.apk Binary XML file line #1276
06-22 07:04:48.542 I/PackageManager( 1912): New shared user com.google.android.projection.gearhead: id=10112
06-22 07:04:48.542 I/PackageManager( 1912): /system/product/priv-app/AndroidAutoFullPrebuilt changed; collecting certs
06-22 07:04:48.544 E/PackageManager( 1912): Adding duplicate app id: 10112 name=com.google.android.projection.gearhead
06-22 07:04:48.544 I/PackageManager( 1912): New shared user com.android.uid.omadm.service: id=10113
06-22 07:04:48.545 I/PackageManager( 1912): /system/product/priv-app/DMService changed; collecting certs
06-22 07:04:48.545 I/ServiceManager( 1780): Waiting for service 'package_native' on '/dev/binder'...
06-22 07:04:48.546 E/PackageManager( 1912): Adding duplicate app id: 10113 name=com.android.omadm.service
06-22 07:04:48.547 I/PackageManager( 1912): /system/product/priv-app/CarrierConfig changed; collecting certs
06-22 07:04:48.549 W/PackageParser( 1912): Ignoring duplicate uses-permissions/uses-permissions-sdk-m: android.permission.CONFIGURE_WIFI_DISPLAY in package: com.android.systemui at: Binary XML file line #158
06-22 07:04:48.560 I/PackageParser( 1912): Parse times for '/system/product/priv-app/SystemUIGoogle': parse=100ms, update_cache=3 ms
06-22 07:04:48.560 I/PackageManager( 1912): New shared user android.uid.systemui: id=10115
06-22 07:04:48.560 I/PackageManager( 1912): /system/product/priv-app/SystemUIGoogle changed; collecting certs
06-22 07:04:48.561 E/PackageManager( 1912): Adding duplicate app id: 10115 name=com.android.systemui
06-22 07:04:48.565 W/PackageParser( 1912): Ignoring duplicate uses-permissions/uses-permissions-sdk-m: android.permission.READ_PRIVILEGED_PHONE_STATE in package: com.google.android.partnersetup at: Binary XML file line #56
06-22 07:04:48.566 I/PackageManager( 1912): /system/product/priv-app/AndroidMigratePrebuilt changed; collecting certs
06-22 07:04:48.569 I/PackageManager( 1912): /system/product/priv-app/GooglePartnerSetup changed; collecting certs
06-22 07:04:48.573 I/PackageManager( 1912): New shared user com.google.uid.shared: id=10118
06-22 07:04:48.573 I/PackageManager( 1912): /system/product/priv-app/GoogleServicesFramework changed; collecting certs
06-22 07:04:48.574 E/PackageManager( 1912): Adding duplicate app id: 10118 name=com.google.android.gsf
06-22 07:04:48.583 I/PackageManager( 1912): /system/product/priv-app/CarrierServices changed; collecting certs
06-22 07:04:48.587 I/PackageManager( 1912): /system/product/priv-app/StorageManager changed; collecting certs
06-22 07:04:48.625 I/PackageManager( 1912): New shared user com.android.emergency.uid: id=10121
06-22 07:04:48.625 I/PackageManager( 1912): /system/product/priv-app/EmergencyInfo changed; collecting certs
06-22 07:04:48.626 E/PackageManager( 1912): Adding duplicate app id: 10121 name=com.android.emergency
06-22 07:04:48.640 W/PackageParser( 1912): Unknown element under <manifest>: attribution at /system/product/priv-app/PrebuiltGmsCore/PrebuiltGmsCore.apk Binary XML file line #5
06-22 07:04:48.640 W/PackageParser( 1912): Unknown element under <manifest>: attribution at /system/product/priv-app/PrebuiltGmsCore/PrebuiltGmsCore.apk Binary XML file line #6
06-22 07:04:48.640 W/PackageParser( 1912): Unknown element under <manifest>: attribution at /system/product/priv-app/PrebuiltGmsCore/PrebuiltGmsCore.apk Binary XML file line #7
06-22 07:04:48.640 W/PackageParser( 1912): Unknown element under <manifest>: attribution at /system/product/priv-app/PrebuiltGmsCore/PrebuiltGmsCore.apk Binary XML file line #8
06-22 07:04:48.640 W/PackageParser( 1912): Unknown element under <manifest>: attribution at /system/product/priv-app/PrebuiltGmsCore/PrebuiltGmsCore.apk Binary XML file line #9
06-22 07:04:48.640 W/PackageParser( 1912): Unknown element under <manifest>: attribution at /system/product/priv-app/PrebuiltGmsCore/PrebuiltGmsCore.apk Binary XML file line #10
06-22 07:04:48.640 W/PackageParser( 1912): Unknown element under <manifest>: attribution at /system/product/priv-app/PrebuiltGmsCore/PrebuiltGmsCore.apk Binary XML file line #11
06-22 07:04:48.640 W/PackageParser( 1912): Unknown element under <manifest>: attribution at /system/product/priv-app/PrebuiltGmsCore/PrebuiltGmsCore.apk Binary XML file line #12
06-22 07:04:48.640 W/PackageParser( 1912): Unknown element under <manifest>: attribution at /system/product/priv-app/PrebuiltGmsCore/PrebuiltGmsCore.apk Binary XML file line #13
06-22 07:04:48.640 W/PackageParser( 1912): Unknown element under <manifest>: attribution at /system/product/priv-app/PrebuiltGmsCore/PrebuiltGmsCore.apk Binary XML file line #14
06-22 07:04:48.640 W/PackageParser( 1912): Unknown element under <manifest>: attribution at /system/product/priv-app/PrebuiltGmsCore/PrebuiltGmsCore.apk Binary XML file line #15
06-22 07:04:48.640 W/PackageParser( 1912): Unknown element under <manifest>: attribution at /system/product/priv-app/PrebuiltGmsCore/PrebuiltGmsCore.apk Binary XML file line #16
06-22 07:04:48.640 W/PackageParser( 1912): Unknown element under <manifest>: attribution at /system/product/priv-app/PrebuiltGmsCore/PrebuiltGmsCore.apk Binary XML file line #17
06-22 07:04:48.640 W/PackageParser( 1912): Unknown element under <manifest>: attribution at /system/product/priv-app/PrebuiltGmsCore/PrebuiltGmsCore.apk Binary XML file line #18
06-22 07:04:48.640 W/PackageParser( 1912): Unknown element under <manifest>: attribution at /system/product/priv-app/PrebuiltGmsCore/PrebuiltGmsCore.apk Binary XML file line #19
06-22 07:04:48.640 W/PackageParser( 1912): Unknown element under <manifest>: attribution at /system/product/priv-app/PrebuiltGmsCore/PrebuiltGmsCore.apk Binary XML file line #20
06-22 07:04:48.640 W/PackageParser( 1912): Unknown element under <manifest>: attribution at /system/product/priv-app/PrebuiltGmsCore/PrebuiltGmsCore.apk Binary XML file line #21
06-22 07:04:48.641 W/PackageParser( 1912): Unknown element under <manifest>: attribution at /system/product/priv-app/PrebuiltGmsCore/PrebuiltGmsCore.apk Binary XML file line #22
06-22 07:04:48.641 W/PackageParser( 1912): Unknown element under <manifest>: attribution at /system/product/priv-app/PrebuiltGmsCore/PrebuiltGmsCore.apk Binary XML file line #23
06-22 07:04:48.641 W/PackageParser( 1912): Unknown element under <manifest>: attribution at /system/product/priv-app/PrebuiltGmsCore/PrebuiltGmsCore.apk Binary XML file line #24
06-22 07:04:48.641 W/PackageParser( 1912): Unknown element under <manifest>: attribution at /system/product/priv-app/PrebuiltGmsCore/PrebuiltGmsCore.apk Binary XML file line #25
06-22 07:04:48.641 W/PackageParser( 1912): Unknown element under <manifest>: attribution at /system/product/priv-app/PrebuiltGmsCore/PrebuiltGmsCore.apk Binary XML file line #26
06-22 07:04:48.641 W/PackageParser( 1912): Unknown element under <manifest>: attribution at /system/product/priv-app/PrebuiltGmsCore/PrebuiltGmsCore.apk Binary XML file line #27
06-22 07:04:48.641 W/PackageParser( 1912): Unknown element under <manifest>: attribution at /system/product/priv-app/PrebuiltGmsCore/PrebuiltGmsCore.apk Binary XML file line #28
06-22 07:04:48.641 W/PackageParser( 1912): Unknown element under <manifest>: attribution at /system/product/priv-app/PrebuiltGmsCore/PrebuiltGmsCore.apk Binary XML file line #29
06-22 07:04:48.641 W/PackageParser( 1912): Unknown element under <manifest>: attribution at /system/product/priv-app/PrebuiltGmsCore/PrebuiltGmsCore.apk Binary XML file line #30
06-22 07:04:48.641 W/PackageParser( 1912): Unknown element under <manifest>: attribution at /system/product/priv-app/PrebuiltGmsCore/PrebuiltGmsCore.apk Binary XML file line #31
06-22 07:04:48.641 W/PackageParser( 1912): Unknown element under <manifest>: attribution at /system/product/priv-app/PrebuiltGmsCore/PrebuiltGmsCore.apk Binary XML file line #32
06-22 07:04:48.641 W/PackageParser( 1912): Unknown element under <manifest>: attribution at /system/product/priv-app/PrebuiltGmsCore/PrebuiltGmsCore.apk Binary XML file line #33
06-22 07:04:48.641 W/PackageParser( 1912): Unknown element under <manifest>: attribution at /system/product/priv-app/PrebuiltGmsCore/PrebuiltGmsCore.apk Binary XML file line #34
06-22 07:04:48.641 W/PackageParser( 1912): Unknown element under <manifest>: attribution at /system/product/priv-app/PrebuiltGmsCore/PrebuiltGmsCore.apk Binary XML file line #35
06-22 07:04:48.641 W/PackageParser( 1912): Unknown element under <manifest>: attribution at /system/product/priv-app/PrebuiltGmsCore/PrebuiltGmsCore.apk Binary XML file line #36
06-22 07:04:48.641 W/PackageParser( 1912): Unknown element under <manifest>: attribution at /system/product/priv-app/PrebuiltGmsCore/PrebuiltGmsCore.apk Binary XML file line #37
06-22 07:04:48.641 W/PackageParser( 1912): Unknown element under <manifest>: attribution at /system/product/priv-app/PrebuiltGmsCore/PrebuiltGmsCore.apk Binary XML file line #38
06-22 07:04:48.641 W/PackageParser( 1912): Unknown element under <manifest>: attribution at /system/product/priv-app/PrebuiltGmsCore/PrebuiltGmsCore.apk Binary XML file line #39
06-22 07:04:48.641 W/PackageParser( 1912): Unknown element under <manifest>: attribution at /system/product/priv-app/PrebuiltGmsCore/PrebuiltGmsCore.apk Binary XML file line #40
06-22 07:04:48.641 W/PackageParser( 1912): Unknown element under <manifest>: attribution at /system/product/priv-app/PrebuiltGmsCore/PrebuiltGmsCore.apk Binary XML file line #41
06-22 07:04:48.641 W/PackageParser( 1912): Unknown element under <manifest>: attribution at /system/product/priv-app/PrebuiltGmsCore/PrebuiltGmsCore.apk Binary XML file line #42
06-22 07:04:48.641 W/PackageParser( 1912): Unknown element under <manifest>: attribution at /system/product/priv-app/PrebuiltGmsCore/PrebuiltGmsCore.apk Binary XML file line #43
06-22 07:04:48.641 W/PackageParser( 1912): Unknown element under <manifest>: attribution at /system/product/priv-app/PrebuiltGmsCore/PrebuiltGmsCore.apk Binary XML file line #44
06-22 07:04:48.641 W/PackageParser( 1912): Unknown element under <manifest>: attribution at /system/product/priv-app/PrebuiltGmsCore/PrebuiltGmsCore.apk Binary XML file line #45
06-22 07:04:48.641 W/PackageParser( 1912): Unknown element under <manifest>: attribution at /system/product/priv-app/PrebuiltGmsCore/PrebuiltGmsCore.apk Binary XML file line #46
06-22 07:04:48.641 W/PackageParser( 1912): Unknown element under <manifest>: attribution at /system/product/priv-app/PrebuiltGmsCore/PrebuiltGmsCore.apk Binary XML file line #47
06-22 07:04:48.641 W/PackageParser( 1912): Unknown element under <manifest>: attribution at /system/product/priv-app/PrebuiltGmsCore/PrebuiltGmsCore.apk Binary XML file line #48
06-22 07:04:48.641 W/PackageParser( 1912): Unknown element under <manifest>: attribution at /system/product/priv-app/PrebuiltGmsCore/PrebuiltGmsCore.apk Binary XML file line #49
06-22 07:04:48.641 W/PackageParser( 1912): Unknown element under <manifest>: attribution at /system/product/priv-app/PrebuiltGmsCore/PrebuiltGmsCore.apk Binary XML file line #50
06-22 07:04:48.641 W/PackageParser( 1912): Unknown element under <manifest>: attribution at /system/product/priv-app/PrebuiltGmsCore/PrebuiltGmsCore.apk Binary XML file line #51
06-22 07:04:48.641 W/PackageParser( 1912): Unknown element under <manifest>: attribution at /system/product/priv-app/PrebuiltGmsCore/PrebuiltGmsCore.apk Binary XML file line #52
06-22 07:04:48.641 W/PackageParser( 1912): Unknown element under <manifest>: attribution at /system/product/priv-app/PrebuiltGmsCore/PrebuiltGmsCore.apk Binary XML file line #53
06-22 07:04:48.641 W/PackageParser( 1912): Unknown element under <manifest>: attribution at /system/product/priv-app/PrebuiltGmsCore/PrebuiltGmsCore.apk Binary XML file line #54
06-22 07:04:48.641 W/PackageParser( 1912): Unknown element under <manifest>: attribution at /system/product/priv-app/PrebuiltGmsCore/PrebuiltGmsCore.apk Binary XML file line #55
06-22 07:04:48.641 W/PackageParser( 1912): Unknown element under <manifest>: attribution at /system/product/priv-app/PrebuiltGmsCore/PrebuiltGmsCore.apk Binary XML file line #56
06-22 07:04:48.641 W/PackageParser( 1912): Unknown element under <manifest>: attribution at /system/product/priv-app/PrebuiltGmsCore/PrebuiltGmsCore.apk Binary XML file line #57
06-22 07:04:48.641 W/PackageParser( 1912): Unknown element under <manifest>: attribution at /system/product/priv-app/PrebuiltGmsCore/PrebuiltGmsCore.apk Binary XML file line #58
06-22 07:04:48.642 W/PackageParser( 1912): Unknown element under <manifest>: attribution at /system/product/priv-app/PrebuiltGmsCore/PrebuiltGmsCore.apk Binary XML file line #59
06-22 07:04:48.642 W/PackageParser( 1912): Unknown element under <manifest>: attribution at /system/product/priv-app/PrebuiltGmsCore/PrebuiltGmsCore.apk Binary XML file line #60
06-22 07:04:48.642 W/PackageParser( 1912): Unknown element under <manifest>: attribution at /system/product/priv-app/PrebuiltGmsCore/PrebuiltGmsCore.apk Binary XML file line #61
06-22 07:04:48.642 W/PackageParser( 1912): Unknown element under <manifest>: attribution at /system/product/priv-app/PrebuiltGmsCore/PrebuiltGmsCore.apk Binary XML file line #62
06-22 07:04:48.642 W/PackageParser( 1912): Unknown element under <manifest>: attribution at /system/product/priv-app/PrebuiltGmsCore/PrebuiltGmsCore.apk Binary XML file line #63
06-22 07:04:48.642 W/PackageParser( 1912): Unknown element under <manifest>: attribution at /system/product/priv-app/PrebuiltGmsCore/PrebuiltGmsCore.apk Binary XML file line #64
06-22 07:04:48.642 W/PackageParser( 1912): Unknown element under <manifest>: attribution at /system/product/priv-app/PrebuiltGmsCore/PrebuiltGmsCore.apk Binary XML file line #65
06-22 07:04:48.642 W/PackageParser( 1912): Unknown element under <manifest>: attribution at /system/product/priv-app/PrebuiltGmsCore/PrebuiltGmsCore.apk Binary XML file line #66
06-22 07:04:48.642 W/PackageParser( 1912): Unknown element under <manifest>: attribution at /system/product/priv-app/PrebuiltGmsCore/PrebuiltGmsCore.apk Binary XML file line #67
06-22 07:04:48.642 W/PackageParser( 1912): Unknown element under <manifest>: attribution at /system/product/priv-app/PrebuiltGmsCore/PrebuiltGmsCore.apk Binary XML file line #68
06-22 07:04:48.642 W/PackageParser( 1912): Unknown element under <manifest>: attribution at /system/product/priv-app/PrebuiltGmsCore/PrebuiltGmsCore.apk Binary XML file line #69
06-22 07:04:48.642 W/PackageParser( 1912): Unknown element under <manifest>: attribution at /system/product/priv-app/PrebuiltGmsCore/PrebuiltGmsCore.apk Binary XML file line #70
06-22 07:04:48.642 W/PackageParser( 1912): Unknown element under <manifest>: attribution at /system/product/priv-app/PrebuiltGmsCore/PrebuiltGmsCore.apk Binary XML file line #71
06-22 07:04:48.642 W/PackageParser( 1912): Unknown element under <manifest>: attribution at /system/product/priv-app/PrebuiltGmsCore/PrebuiltGmsCore.apk Binary XML file line #72
06-22 07:04:48.642 W/PackageParser( 1912): Unknown element under <manifest>: attribution at /system/product/priv-app/PrebuiltGmsCore/PrebuiltGmsCore.apk Binary XML file line #73
06-22 07:04:48.642 W/PackageParser( 1912): Unknown element under <manifest>: attribution at /system/product/priv-app/PrebuiltGmsCore/PrebuiltGmsCore.apk Binary XML file line #74
06-22 07:04:48.642 W/PackageParser( 1912): Unknown element under <manifest>: attribution at /system/product/priv-app/PrebuiltGmsCore/PrebuiltGmsCore.apk Binary XML file line #75
06-22 07:04:48.642 W/PackageParser( 1912): Unknown element under <manifest>: attribution at /system/product/priv-app/PrebuiltGmsCore/PrebuiltGmsCore.apk Binary XML file line #76
06-22 07:04:48.642 W/PackageParser( 1912): Unknown element under <manifest>: attribution at /system/product/priv-app/PrebuiltGmsCore/PrebuiltGmsCore.apk Binary XML file line #77
06-22 07:04:48.642 W/PackageParser( 1912): Unknown element under <manifest>: attribution at /system/product/priv-app/PrebuiltGmsCore/PrebuiltGmsCore.apk Binary XML file line #78
06-22 07:04:48.642 W/PackageParser( 1912): Unknown element under <manifest>: attribution at /system/product/priv-app/PrebuiltGmsCore/PrebuiltGmsCore.apk Binary XML file line #79
06-22 07:04:48.642 W/PackageParser( 1912): Unknown element under <manifest>: attribution at /system/product/priv-app/PrebuiltGmsCore/PrebuiltGmsCore.apk Binary XML file line #80
06-22 07:04:48.642 W/PackageParser( 1912): Unknown element under <manifest>: attribution at /system/product/priv-app/PrebuiltGmsCore/PrebuiltGmsCore.apk Binary XML file line #81
06-22 07:04:48.642 W/PackageParser( 1912): Unknown element under <manifest>: attribution at /system/product/priv-app/PrebuiltGmsCore/PrebuiltGmsCore.apk Binary XML file line #82
06-22 07:04:48.642 W/PackageParser( 1912): Unknown element under <manifest>: attribution at /system/product/priv-app/PrebuiltGmsCore/PrebuiltGmsCore.apk Binary XML file line #83
06-22 07:04:48.642 W/PackageParser( 1912): Unknown element under <manifest>: attribution at /system/product/priv-app/PrebuiltGmsCore/PrebuiltGmsCore.apk Binary XML file line #84
06-22 07:04:48.642 W/PackageParser( 1912): Unknown element under <manifest>: attribution at /system/product/priv-app/PrebuiltGmsCore/PrebuiltGmsCore.apk Binary XML file line #85
06-22 07:04:48.642 W/PackageParser( 1912): Unknown element under <manifest>: attribution at /system/product/priv-app/PrebuiltGmsCore/PrebuiltGmsCore.apk Binary XML file line #86
06-22 07:04:48.642 W/PackageParser( 1912): Unknown element under <manifest>: attribution at /system/product/priv-app/PrebuiltGmsCore/PrebuiltGmsCore.apk Binary XML file line #87
06-22 07:04:48.642 W/PackageParser( 1912): Unknown element under <manifest>: attribution at /system/product/priv-app/PrebuiltGmsCore/PrebuiltGmsCore.apk Binary XML file line #88
06-22 07:04:48.642 W/PackageParser( 1912): Unknown element under <manifest>: attribution at /system/product/priv-app/PrebuiltGmsCore/PrebuiltGmsCore.apk Binary XML file line #89
06-22 07:04:48.642 W/PackageParser( 1912): Unknown element under <manifest>: attribution at /system/product/priv-app/PrebuiltGmsCore/PrebuiltGmsCore.apk Binary XML file line #90
06-22 07:04:48.642 W/PackageParser( 1912): Unknown element under <manifest>: attribution at /system/product/priv-app/PrebuiltGmsCore/PrebuiltGmsCore.apk Binary XML file line #91
06-22 07:04:48.642 W/PackageParser( 1912): Unknown element under <manifest>: attribution at /system/product/priv-app/PrebuiltGmsCore/PrebuiltGmsCore.apk Binary XML file line #92
06-22 07:04:48.642 W/PackageParser( 1912): Unknown element under <manifest>: attribution at /system/product/priv-app/PrebuiltGmsCore/PrebuiltGmsCore.apk Binary XML file line #93
06-22 07:04:48.642 W/PackageParser( 1912): Unknown element under <manifest>: attribution at /system/product/priv-app/PrebuiltGmsCore/PrebuiltGmsCore.apk Binary XML file line #94
06-22 07:04:48.642 W/PackageParser( 1912): Unknown element under <manifest>: attribution at /system/product/priv-app/PrebuiltGmsCore/PrebuiltGmsCore.apk Binary XML file line #95
06-22 07:04:48.642 W/PackageParser( 1912): Unknown element under <manifest>: attribution at /system/product/priv-app/PrebuiltGmsCore/PrebuiltGmsCore.apk Binary XML file line #96
06-22 07:04:48.642 W/PackageParser( 1912): Unknown element under <manifest>: attribution at /system/product/priv-app/PrebuiltGmsCore/PrebuiltGmsCore.apk Binary XML file line #97
06-22 07:04:48.642 W/PackageParser( 1912): Unknown element under <manifest>: attribution at /system/product/priv-app/PrebuiltGmsCore/PrebuiltGmsCore.apk Binary XML file line #98
06-22 07:04:48.642 W/PackageParser( 1912): Unknown element under <manifest>: attribution at /system/product/priv-app/PrebuiltGmsCore/PrebuiltGmsCore.apk Binary XML file line #99
06-22 07:04:48.643 W/PackageParser( 1912): Unknown element under <manifest>: attribution at /system/product/priv-app/PrebuiltGmsCore/PrebuiltGmsCore.apk Binary XML file line #100
06-22 07:04:48.643 W/PackageParser( 1912): Unknown element under <manifest>: attribution at /system/product/priv-app/PrebuiltGmsCore/PrebuiltGmsCore.apk Binary XML file line #101
06-22 07:04:48.643 W/PackageParser( 1912): Unknown element under <manifest>: attribution at /system/product/priv-app/PrebuiltGmsCore/PrebuiltGmsCore.apk Binary XML file line #102
06-22 07:04:48.643 W/PackageParser( 1912): Unknown element under <manifest>: attribution at /system/product/priv-app/PrebuiltGmsCore/PrebuiltGmsCore.apk Binary XML file line #103
06-22 07:04:48.643 W/PackageParser( 1912): Unknown element under <manifest>: attribution at /system/product/priv-app/PrebuiltGmsCore/PrebuiltGmsCore.apk Binary XML file line #104
06-22 07:04:48.643 W/PackageParser( 1912): Unknown element under <manifest>: attribution at /system/product/priv-app/PrebuiltGmsCore/PrebuiltGmsCore.apk Binary XML file line #105
06-22 07:04:48.643 W/PackageParser( 1912): Unknown element under <manifest>: attribution at /system/product/priv-app/PrebuiltGmsCore/PrebuiltGmsCore.apk Binary XML file line #106
06-22 07:04:48.643 W/PackageParser( 1912): Unknown element under <manifest>: attribution at /system/product/priv-app/PrebuiltGmsCore/PrebuiltGmsCore.apk Binary XML file line #107
06-22 07:04:48.643 W/PackageParser( 1912): Unknown element under <manifest>: attribution at /system/product/priv-app/PrebuiltGmsCore/PrebuiltGmsCore.apk Binary XML file line #108
06-22 07:04:48.643 W/PackageParser( 1912): Unknown element under <manifest>: attribution at /system/product/priv-app/PrebuiltGmsCore/PrebuiltGmsCore.apk Binary XML file line #109
06-22 07:04:48.643 W/PackageParser( 1912): Unknown element under <manifest>: attribution at /system/product/priv-app/PrebuiltGmsCore/PrebuiltGmsCore.apk Binary XML file line #110
06-22 07:04:48.643 W/PackageParser( 1912): Unknown element under <manifest>: attribution at /system/product/priv-app/PrebuiltGmsCore/PrebuiltGmsCore.apk Binary XML file line #111
06-22 07:04:48.643 W/PackageParser( 1912): Unknown element under <manifest>: attribution at /system/product/priv-app/PrebuiltGmsCore/PrebuiltGmsCore.apk Binary XML file line #112
06-22 07:04:48.643 W/PackageParser( 1912): Unknown element under <manifest>: attribution at /system/product/priv-app/PrebuiltGmsCore/PrebuiltGmsCore.apk Binary XML file line #113
06-22 07:04:48.643 W/PackageParser( 1912): Unknown element under <manifest>: attribution at /system/product/priv-app/PrebuiltGmsCore/PrebuiltGmsCore.apk Binary XML file line #114
06-22 07:04:48.643 W/PackageParser( 1912): Unknown element under <manifest>: attribution at /system/product/priv-app/PrebuiltGmsCore/PrebuiltGmsCore.apk Binary XML file line #115
06-22 07:04:48.643 W/PackageParser( 1912): Unknown element under <manifest>: attribution at /system/product/priv-app/PrebuiltGmsCore/PrebuiltGmsCore.apk Binary XML file line #116
06-22 07:04:48.643 W/PackageParser( 1912): Unknown element under <manifest>: attribution at /system/product/priv-app/PrebuiltGmsCore/PrebuiltGmsCore.apk Binary XML file line #117
06-22 07:04:48.643 W/PackageParser( 1912): Unknown element under <manifest>: attribution at /system/product/priv-app/PrebuiltGmsCore/PrebuiltGmsCore.apk Binary XML file line #118
06-22 07:04:48.643 W/PackageParser( 1912): Unknown element under <manifest>: attribution at /system/product/priv-app/PrebuiltGmsCore/PrebuiltGmsCore.apk Binary XML file line #119
06-22 07:04:48.643 W/PackageParser( 1912): Unknown element under <manifest>: attribution at /system/product/priv-app/PrebuiltGmsCore/PrebuiltGmsCore.apk Binary XML file line #120
06-22 07:04:48.643 W/PackageParser( 1912): Unknown element under <manifest>: attribution at /system/product/priv-app/PrebuiltGmsCore/PrebuiltGmsCore.apk Binary XML file line #121
06-22 07:04:48.643 W/PackageParser( 1912): Unknown element under <manifest>: attribution at /system/product/priv-app/PrebuiltGmsCore/PrebuiltGmsCore.apk Binary XML file line #122
06-22 07:04:48.643 W/PackageParser( 1912): Unknown element under <manifest>: attribution at /system/product/priv-app/PrebuiltGmsCore/PrebuiltGmsCore.apk Binary XML file line #123
06-22 07:04:48.643 W/PackageParser( 1912): Unknown element under <manifest>: attribution at /system/product/priv-app/PrebuiltGmsCore/PrebuiltGmsCore.apk Binary XML file line #124
06-22 07:04:48.643 W/PackageParser( 1912): Unknown element under <manifest>: attribution at /system/product/priv-app/PrebuiltGmsCore/PrebuiltGmsCore.apk Binary XML file line #125
06-22 07:04:48.643 W/PackageParser( 1912): Unknown element under <manifest>: attribution at /system/product/priv-app/PrebuiltGmsCore/PrebuiltGmsCore.apk Binary XML file line #126
06-22 07:04:48.643 W/PackageParser( 1912): Unknown element under <manifest>: attribution at /system/product/priv-app/PrebuiltGmsCore/PrebuiltGmsCore.apk Binary XML file line #127
06-22 07:04:48.643 W/PackageParser( 1912): Unknown element under <manifest>: attribution at /system/product/priv-app/PrebuiltGmsCore/PrebuiltGmsCore.apk Binary XML file line #128
06-22 07:04:48.643 W/PackageParser( 1912): Unknown element under <manifest>: attribution at /system/product/priv-app/PrebuiltGmsCore/PrebuiltGmsCore.apk Binary XML file line #129
06-22 07:04:48.643 W/PackageParser( 1912): Unknown element under <manifest>: attribution at /system/product/priv-app/PrebuiltGmsCore/PrebuiltGmsCore.apk Binary XML file line #130
06-22 07:04:48.643 W/PackageParser( 1912): Unknown element under <manifest>: attribution at /system/product/priv-app/PrebuiltGmsCore/PrebuiltGmsCore.apk Binary XML file line #131
06-22 07:04:48.643 W/PackageParser( 1912): Unknown element under <manifest>: attribution at /system/product/priv-app/PrebuiltGmsCore/PrebuiltGmsCore.apk Binary XML file line #132
06-22 07:04:48.643 W/PackageParser( 1912): Unknown element under <manifest>: attribution at /system/product/priv-app/PrebuiltGmsCore/PrebuiltGmsCore.apk Binary XML file line #133
06-22 07:04:48.643 W/PackageParser( 1912): Unknown element under <manifest>: attribution at /system/product/priv-app/PrebuiltGmsCore/PrebuiltGmsCore.apk Binary XML file line #134
06-22 07:04:48.643 W/PackageParser( 1912): Unknown element under <manifest>: attribution at /system/product/priv-app/PrebuiltGmsCore/PrebuiltGmsCore.apk Binary XML file line #135
06-22 07:04:48.643 W/PackageParser( 1912): Unknown element under <manifest>: attribution at /system/product/priv-app/PrebuiltGmsCore/PrebuiltGmsCore.apk Binary XML file line #136
06-22 07:04:48.643 W/PackageParser( 1912): Unknown element under <manifest>: attribution at /system/product/priv-app/PrebuiltGmsCore/PrebuiltGmsCore.apk Binary XML file line #137
06-22 07:04:48.643 W/PackageParser( 1912): Unknown element under <manifest>: attribution at /system/product/priv-app/PrebuiltGmsCore/PrebuiltGmsCore.apk Binary XML file line #138
06-22 07:04:48.643 W/PackageParser( 1912): Unknown element under <manifest>: attribution at /system/product/priv-app/PrebuiltGmsCore/PrebuiltGmsCore.apk Binary XML file line #139
06-22 07:04:48.643 W/PackageParser( 1912): Unknown element under <manifest>: attribution at /system/product/priv-app/PrebuiltGmsCore/PrebuiltGmsCore.apk Binary XML file line #140
06-22 07:04:48.645 I/ServiceManager( 1780): Waiting for service 'package_native' on '/dev/binder'...
06-22 07:04:48.649 W/PackageParser( 1912): Unknown element under <manifest>: queries at /system/product/priv-app/PrebuiltGmsCore/PrebuiltGmsCore.apk Binary XML file line #544
06-22 07:04:48.701 I/PackageParser( 1912): Parse times for '/system/product/priv-app/PrebuiltGmsCore': parse=85ms, update_cache=42 ms
06-22 07:04:48.702 I/PackageManager( 1912): /system/product/priv-app/PrebuiltGmsCore changed; collecting certs
06-22 07:04:48.718 E/PackageManager( 1912): Adding duplicate app id: 10118 name=com.google.android.gms
06-22 07:04:48.726 W/PackageParser( 1912): No actions in intent filter at /system/product/priv-app/Velvet/Velvet.apk Binary XML file line #3398
06-22 07:04:48.747 I/PackageParser( 1912): Parse times for '/system/product/priv-app/Velvet': parse=144ms, update_cache=20 ms
06-22 07:04:48.747 I/PackageManager( 1912): /system/product/priv-app/Velvet changed; collecting certs
