06-22 08:48:43.837 W/PackageManager( 1905): Skipping provider name androidx.lifecycle.process.lifecycle-process (in package com.android.settings): name already used by com.android.systemui
06-22 08:48:43.845 I/PackageParser( 1905): Parse times for '/system/product/priv-app/Velvet': parse=164ms, update_cache=24 ms
06-22 08:48:43.845 I/PackageManager( 1905): /system/product/priv-app/Velvet changed; collecting certs
06-22 08:48:43.857 I/PackageManager( 1905): /system/product/app/NexusWallpapersStubPrebuilt2018 changed; collecting certs
06-22 08:48:43.865 I/PackageManager( 1905): /system/product/app/TrichromeLibrary changed; collecting certs
06-22 08:48:43.878 I/PackageManager( 1905): /system/product/app/MarkupGoogle changed; collecting certs
06-22 08:48:43.894 I/PackageManager( 1905): /system/product/app/DMAgent changed; collecting certs
06-22 08:48:43.895 I/PackageManager( 1905): /system/product/app/Videos changed; collecting certs
06-22 08:48:43.907 I/PackageManager( 1905): /system/product/app/SoundPickerPrebuilt changed; collecting certs
06-22 08:48:43.908 I/PackageManager( 1905): /system/product/app/GoogleContactsSyncAdapter changed; collecting certs
06-22 08:48:43.920 I/PackageManager( 1905): /system/product/app/WebViewGoogle changed; collecting certs
06-22 08:48:43.942 W/PackageParser( 1905): No actions in intent filter at /system/product/app/PrebuiltBugle/PrebuiltBugle.apk Binary XML file line #1261
06-22 08:48:43.949 I/PackageManager( 1905): /system/product/app/LatinIMEGooglePrebuilt changed; collecting certs
06-22 08:48:43.959 I/PackageManager( 1905): /system/product/app/PrebuiltBugle changed; collecting certs
06-22 08:48:43.967 I/PackageManager( 1905): /system/product/app/Chrome changed; collecting certs
06-22 08:48:43.970 I/PackageManager( 1905): /system/product/app/ModuleMetadataGoogle changed; collecting certs
06-22 08:48:43.972 I/PackageManager( 1905): /system/product/app/Camera2 changed; collecting certs
06-22 08:48:43.995 W/PackageParser( 1905): No actions in intent filter at /system/product/app/Drive/Drive.apk Binary XML file line #1759
06-22 08:48:44.001 I/PackageManager( 1905): /system/product/app/Drive changed; collecting certs
06-22 08:48:43.837 I/chatty  ( 1795): uid=0(root) /system/bin/storaged identical 1 line
06-22 08:48:43.938 I/ServiceManager( 1795): Waiting for service 'package_native' on '/dev/binder'...
06-22 08:48:44.019 I/PackageManager( 1905): New shared user com.google.android.apps.maps: id=10137
06-22 08:48:44.019 I/PackageManager( 1905): /system/product/app/Maps changed; collecting certs
06-22 08:48:44.023 E/PackageManager( 1905): Adding duplicate app id: 10137 name=com.google.android.apps.maps
06-22 08:48:44.026 W/PackageParser( 1905): No actions in intent filter at /system/product/app/CalendarGooglePrebuilt/CalendarGooglePrebuilt.apk Binary XML file line #500
06-22 08:48:44.030 I/PackageManager( 1905): New shared user com.google.android.calendar.uid.shared: id=10138
06-22 08:48:44.030 I/PackageManager( 1905): /system/product/app/CalendarGooglePrebuilt changed; collecting certs
06-22 08:48:44.038 I/ServiceManager( 1795): Waiting for service 'package_native' on '/dev/binder'...
06-22 08:48:44.085 E/PackageManager( 1905): Adding duplicate app id: 10138 name=com.google.android.calendar
06-22 08:48:44.085 I/PackageManager( 1905): /system/product/app/WallpapersBReel2018 changed; collecting certs
06-22 08:48:44.091 W/PackageParser( 1905): No actions in intent filter at /system/product/app/PrebuiltGmail/PrebuiltGmail.apk Binary XML file line #735
06-22 08:48:44.091 W/PackageParser( 1905): No actions in intent filter at /system/product/app/PrebuiltGmail/PrebuiltGmail.apk Binary XML file line #800
06-22 08:48:44.103 I/PackageParser( 1905): Parse times for '/system/product/app/Music2': parse=96ms, update_cache=5 ms
06-22 08:48:44.103 I/PackageManager( 1905): /system/product/app/Music2 changed; collecting certs
06-22 08:48:44.106 I/PackageParser( 1905): Parse times for '/system/product/app/PrebuiltGmail': parse=131ms, update_cache=14 ms
06-22 08:48:44.106 I/PackageManager( 1905): /system/product/app/PrebuiltGmail changed; collecting certs
06-22 08:48:44.122 I/PackageManager( 1905): /system/product/app/GoogleTTS changed; collecting certs
06-22 08:48:44.132 I/PackageManager( 1905): /system/product/app/PrebuiltDeskClockGoogle changed; collecting certs
06-22 08:48:44.145 W/PackageParser( 1905): Unknown element under <manifest>: meta-data at /system/product/app/YouTube/YouTube.apk Binary XML file line #113
06-22 08:48:44.145 W/PackageParser( 1905): Unknown element under <manifest>: queries at /system/product/app/YouTube/YouTube.apk Binary XML file line #115
06-22 08:48:44.151 I/PackageManager( 1905): /system/product/app/YouTube changed; collecting certs
06-22 08:48:44.154 W/PackageParser( 1905): No actions in intent filter at /system/product/app/Photos/Photos.apk Binary XML file line #1857
06-22 08:48:44.161 I/PackageParser( 1905): Parse times for '/system/product/app/Photos': parse=125ms, update_cache=7 ms
06-22 08:48:44.162 I/PackageManager( 1905): /system/product/app/Photos changed; collecting certs
06-22 08:48:44.138 I/ServiceManager( 1795): Waiting for service 'package_native' on '/dev/binder'...
06-22 08:48:44.165 D/PackageManager( 1905): No files in app dir /product_services/priv-app
06-22 08:48:44.165 D/PackageManager( 1905): No files in app dir /product_services/app
06-22 08:48:44.165 I/PackageManager( 1905): Finished scanning system apps. Time: 1135 ms, packageCount: 177 , timePerPackage: 6 , cached: 0
06-22 08:48:44.165 D/PackageManager( 1905): No files in app dir /data/app
06-22 08:48:44.165 I/PackageManager( 1905): Finished scanning non-system apps. Time: 0 ms, packageCount: 0 , timePerPackage: 0 , cached: 0
06-22 08:48:44.166 E/installd( 1781): Invalid path /system/product/priv-app/GoogleServicesFramework: No such file or directory
06-22 08:48:44.167 E/installd( 1781): Invalid path /system/product/priv-app/Settings: No such file or directory
06-22 08:48:44.167 E/installd( 1781): Invalid path /system/framework/framework-res.apk: No such file or directory
06-22 08:48:44.167 I/PackageManager( 1905): Time to scan packages: 1.138 seconds
06-22 08:48:44.168 I/PackageManager( 1905): Un-granting permission android.permission.MANAGE_DOCUMENTS from package com.google.android.youtube (protectionLevel=262146 flags=0x305bbe45)
06-22 08:48:44.168 I/PackageManager( 1905): Un-granting permission com.google.android.googleapps.permission.GOOGLE_AUTH from package com.android.providers.calendar (protectionLevel=2 flags=0x30083e45)
06-22 08:48:44.168 I/PackageManager( 1905): Un-granting permission com.google.android.googleapps.permission.GOOGLE_AUTH.cl from package com.android.providers.calendar (protectionLevel=2 flags=0x30083e45)
06-22 08:48:44.169 I/PackageManager( 1905): Un-granting permission android.permission.WRITE_SECURE_SETTINGS from package com.google.android.apps.enterprise.dmagent (protectionLevel=50 flags=0x30083e05)
06-22 08:48:44.169 I/PackageManager( 1905): Un-granting permission android.permission.CONNECTIVITY_INTERNAL from package com.google.android.apps.enterprise.dmagent (protectionLevel=18 flags=0x30083e05)
06-22 08:48:44.169 I/PackageManager( 1905): Un-granting permission android.permission.MANAGE_USB from package com.google.android.apps.enterprise.dmagent (protectionLevel=18 flags=0x30083e05)
06-22 08:48:44.169 I/PackageManager( 1905): Un-granting permission android.permission.CHANGE_COMPONENT_ENABLED_STATE from package com.google.android.apps.enterprise.dmagent (protectionLevel=18 flags=0x30083e05)
06-22 08:48:44.169 I/PackageManager( 1905): Un-granting permission android.permission.MANAGE_CA_CERTIFICATES from package com.google.android.apps.enterprise.dmagent (protectionLevel=18 flags=0x30083e05)
06-22 08:48:44.169 I/PackageManager( 1905): Un-granting permission android.permission.MANAGE_USERS from package com.google.android.apps.enterprise.dmagent (protectionLevel=18 flags=0x30083e05)
06-22 08:48:44.169 I/PackageManager( 1905): Un-granting permission com.google.android.setupwizard.READ_DEVICE_ORIGIN from package com.google.android.apps.messaging (protectionLevel=18 flags=0x384bbe45)
06-22 08:48:44.170 I/PackageManager( 1905): Un-granting permission android.permission.BIND_WALLPAPER from package com.android.camera2 (protectionLevel=18 flags=0x2058bc45)
06-22 08:48:44.170 I/PackageManager( 1905): Un-granting permission android.permission.REQUEST_INSTALL_PACKAGES from package com.google.android.gm (protectionLevel=66 flags=0x384bbe45)
06-22 08:48:44.170 I/PackageManager( 1905): Un-granting permission android.permission.GRANT_RUNTIME_PERMISSIONS from package com.google.android.permissioncontroller (protectionLevel=770 flags=0x30483e05)
06-22 08:48:44.170 I/PackageManager( 1905): Un-granting permission android.permission.REVOKE_RUNTIME_PERMISSIONS from package com.google.android.permissioncontroller (protectionLevel=770 flags=0x30483e05)
06-22 08:48:44.170 I/PackageManager( 1905): Un-granting permission android.permission.ADJUST_RUNTIME_PERMISSIONS_POLICY from package com.google.android.permissioncontroller (protectionLevel=258 flags=0x30483e05)
06-22 08:48:44.170 I/PackageManager( 1905): Un-granting permission android.permission.WHITELIST_RESTRICTED_PERMISSIONS from package com.google.android.permissioncontroller (protectionLevel=258 flags=0x30483e05)
06-22 08:48:44.170 I/PackageManager( 1905): Un-granting permission android.permission.INTERACT_ACROSS_USERS_FULL from package com.google.android.permissioncontroller (protectionLevel=258 flags=0x30483e05)
06-22 08:48:44.170 I/PackageManager( 1905): Un-granting permission android.permission.MANAGE_APP_OPS_MODES from package com.google.android.permissioncontroller (protectionLevel=770 flags=0x30483e05)
06-22 08:48:44.170 I/PackageManager( 1905): Un-granting permission android.permission.KILL_UID from package com.google.android.permissioncontroller (protectionLevel=258 flags=0x30483e05)
06-22 08:48:44.170 I/PackageManager( 1905): Un-granting permission android.permission.MANAGE_APP_OPS_RESTRICTIONS from package com.google.android.permissioncontroller (protectionLevel=258 flags=0x30483e05)
06-22 08:48:44.170 I/PackageManager( 1905): Un-granting permission android.permission.HIDE_NON_SYSTEM_OVERLAY_WINDOWS from package com.google.android.permissioncontroller (protectionLevel=258 flags=0x30483e05)
06-22 08:48:44.170 I/PackageManager( 1905): Un-granting permission android.permission.MANAGE_ROLE_HOLDERS from package com.google.android.permissioncontroller (protectionLevel=258 flags=0x30483e05)
06-22 08:48:44.170 I/PackageManager( 1905): Un-granting permission android.permission.OBSERVE_ROLE_HOLDERS from package com.google.android.permissioncontroller (protectionLevel=258 flags=0x30483e05)
06-22 08:48:44.170 I/PackageManager( 1905): Un-granting permission android.permission.SET_PREFERRED_APPLICATIONS from package com.google.android.permissioncontroller (protectionLevel=770 flags=0x30483e05)
06-22 08:48:44.170 I/PackageManager( 1905): Un-granting permission android.permission.ACCESS_SHARED_LIBRARIES from package com.google.android.permissioncontroller (protectionLevel=258 flags=0x30483e05)
06-22 08:48:44.170 I/PackageManager( 1905): Un-granting permission android.permission.ACCESS_INSTANT_APPS from package com.google.android.permissioncontroller (protectionLevel=131842 flags=0x30483e05)
06-22 08:48:44.170 I/PackageManager( 1905): Un-granting permission android.permission.OPEN_ACCESSIBILITY_DETAILS_SETTINGS from package com.google.android.permissioncontroller (protectionLevel=258 flags=0x30483e05)
06-22 08:48:44.171 I/PackageManager( 1905): Un-granting permission android.permission.BIND_JOB_SERVICE from package com.google.android.music (protectionLevel=2 flags=0x384bbe65)
06-22 08:48:44.171 I/PackageManager( 1905): Un-granting permission android.permission.CONNECTIVITY_USE_RESTRICTED_NETWORKS from package com.google.android.captiveportallogin (protectionLevel=18 flags=0x3848be45)
06-22 08:48:44.171 I/PackageManager( 1905): Un-granting permission android.permission.NETWORK_BYPASS_PRIVATE_DNS from package com.google.android.captiveportallogin (protectionLevel=2 flags=0x3848be45)
06-22 08:48:44.172 I/PackageManager( 1905): Un-granting permission android.permission.REQUEST_INSTALL_PACKAGES from package com.google.android.apps.docs (protectionLevel=66 flags=0x384bbe45)
06-22 08:48:44.172 I/PackageManager( 1905): Un-granting permission android.permission.INTERACT_ACROSS_USERS from package com.google.android.syncadapters.contacts (protectionLevel=50 flags=0x20083e45)
06-22 08:48:44.172 I/PackageManager( 1905): Un-granting permission android.permission.REQUEST_INSTALL_PACKAGES from package com.android.chrome (protectionLevel=66 flags=0xa04bbe45)
06-22 08:48:44.172 I/PackageManager( 1905): Un-granting permission com.google.android.apps.now.CURRENT_ACCOUNT_ACCESS from package com.android.chrome (protectionLevel=2 flags=0xa04bbe45)
06-22 08:48:44.172 I/PackageManager( 1905): Un-granting permission android.permission.HIDE_NON_SYSTEM_OVERLAY_WINDOWS from package com.google.android.packageinstaller (protectionLevel=258 flags=0x30483e45)
06-22 08:48:44.172 I/PackageManager( 1905): Un-granting permission android.permission.MANAGE_APP_OPS_MODES from package com.google.android.packageinstaller (protectionLevel=770 flags=0x30483e45)
06-22 08:48:44.172 I/PackageManager( 1905): Un-granting permission android.permission.INTERACT_ACROSS_USERS_FULL from package com.google.android.packageinstaller (protectionLevel=258 flags=0x30483e45)
06-22 08:48:44.172 I/PackageManager( 1905): Un-granting permission android.permission.CAPTURE_VIDEO_OUTPUT from package com.google.android.gms (protectionLevel=2 flags=0xb04abe45)
06-22 08:48:44.173 I/PackageManager( 1905): Un-granting permission android.permission.MANAGE_DEVICE_ADMINS from package com.google.android.gms (protectionLevel=2 flags=0xb04abe45)
06-22 08:48:44.173 I/PackageManager( 1905): Un-granting permission android.permission.MANAGE_ACTIVITY_STACKS from package com.google.android.gms (protectionLevel=2 flags=0xb04abe45)
06-22 08:48:44.173 I/PackageManager( 1905): Un-granting permission android.permission.CAPTURE_SECURE_VIDEO_OUTPUT from package com.google.android.gms (protectionLevel=2 flags=0xb04abe45)
06-22 08:48:44.173 I/PackageManager( 1905): Un-granting permission android.permission.MANAGE_ROLLBACKS from package com.google.android.gms (protectionLevel=514 flags=0xb04abe45)
06-22 08:48:44.174 I/PackageManager( 1905): Un-granting permission com.google.android.googleapps.permission.GOOGLE_AUTH from package com.google.android.videos (protectionLevel=2 flags=0x305bbe45)
06-22 08:48:44.174 I/PackageManager( 1905): Un-granting permission android.permission.WRITE_MEDIA_STORAGE from package com.google.android.apps.photos (protectionLevel=18 flags=0x3859be45)
06-22 08:48:44.177 W/PackageManager( 1905): Unknown package com.google.android.apps.docs.editors.docs in sysconfig <app-link>
06-22 08:48:44.177 W/PackageManager( 1905): Unknown package com.google.android.apps.docs.editors.sheets in sysconfig <app-link>
06-22 08:48:44.177 W/PackageManager( 1905): Unknown package com.google.android.apps.docs.editors.slides in sysconfig <app-link>
06-22 08:48:44.177 W/PackageManager( 1905): Sysconfig <app-link> package 'com.android.vending' does not handle web links
06-22 08:48:44.177 W/PackageManager( 1905): Unknown package com.google.android.apps.plus in sysconfig <app-link>
06-22 08:48:44.177 W/PackageManager( 1905): Unknown package com.google.android.apps.tycho in sysconfig <app-link>
06-22 08:48:44.177 W/PackageManager( 1905): Unknown package com.google.android.talk in sysconfig <app-link>
06-22 08:48:44.177 V/PackageManager( 1905): reconcileAppsData for null u0 0x1 migrateAppData=true
06-22 08:48:44.178 I/SELinux ( 1781): SELinux: Loaded file_contexts
06-22 08:48:44.197 V/PackageManager( 1905): reconcileAppsData finished 20 packages
06-22 08:48:44.197 D/SystemServerInitThreadPool( 1905): Started executing prepareAppData
06-22 08:48:44.198 D/SystemServerTimingAsync( 1905): AppDataFixup took to complete: 0ms
06-22 08:48:44.209 I/SELinux ( 1905): SELinux: Loaded file_contexts
06-22 08:48:44.212 E/PackageManager( 1905): There should probably be a verifier, but, none were found
06-22 08:48:44.214 V/PackageManager( 1905): Ephemeral resolver found; pkg: com.google.android.gms, info:ResolveInfo{f3b79c2 com.google.android.gms/.chimera.PersistentBoundBrokerService m=0x108000}
06-22 08:48:44.214 D/PackageManager( 1905): Set ephemeral resolver: Pair{ComponentInfo{com.google.android.gms/com.google.android.gms.chimera.PersistentBoundBrokerService} android.intent.action.RESOLVE_INSTANT_APP_PACKAGE}
06-22 08:48:44.215 D/PackageManager( 1905): Instant App installer not found with android.intent.action.INSTALL_INSTANT_APP_PACKAGE
06-22 08:48:44.215 D/PackageManager( 1905): Clear ephemeral installer activity
06-22 08:48:44.241 I/ServiceManager( 1795): Waiting for service 'package_native' on '/dev/binder'...
06-22 08:48:44.250 I/system_server( 1905): Explicit concurrent copying GC freed 201885(16MB) AllocSpace objects, 154(4964KB) LOS objects, 42% free, 6471KB/11MB, paused 633us total 33.868ms
06-22 08:48:44.259 I/Watchdog( 1905): Resuming HandlerChecker: main thread for reason: packagemanagermain. Pause count: 0
06-22 08:48:44.259 D/SystemServerTiming( 1905): StartPackageManagerService took to complete: 1261ms
06-22 08:48:44.259 I/SystemServer( 1905): StartOtaDexOptService
06-22 08:48:44.259 I/Watchdog( 1905): Pausing HandlerChecker: main thread for reason: moveab. Pause count: 1
06-22 08:48:44.260 D/OTADexopt( 1905): No upgrade, skipping A/B artifacts check.
06-22 08:48:44.260 I/Watchdog( 1905): Resuming HandlerChecker: main thread for reason: moveab. Pause count: 0
06-22 08:48:44.261 D/SystemServerTiming( 1905): StartOtaDexOptService took to complete: 1ms
06-22 08:48:44.261 I/SystemServer( 1905): StartUserManagerService
06-22 08:48:44.261 I/SystemServiceManager( 1905): Starting com.android.server.pm.UserManagerService$LifeCycle
06-22 08:48:44.261 D/SystemServerTiming( 1905): StartUserManagerService took to complete: 0ms
06-22 08:48:44.261 I/SystemServer( 1905): InitAttributerCache
06-22 08:48:44.261 D/SystemServerTiming( 1905): InitAttributerCache took to complete: 0ms
06-22 08:48:44.261 I/SystemServer( 1905): SetSystemProcess
06-22 08:48:44.266 I/lowmemorykiller( 1713): lmkd data connection established
06-22 08:48:44.266 D/SystemServerTiming( 1905): SetSystemProcess took to complete: 5ms
06-22 08:48:44.266 I/SystemServer( 1905): InitWatchdog
06-22 08:48:44.267 D/SystemServerTiming( 1905): InitWatchdog took to complete: 1ms
06-22 08:48:44.267 I/SystemServer( 1905): StartOverlayManagerService
06-22 08:48:44.282 I/        ( 1708): Waiting for sensor privacy service
06-22 08:48:44.286 I/        ( 1775): Waiting for sensor privacy service
06-22 08:48:44.345 I/storaged( 1795): storaged: Start
06-22 08:48:44.442 D/SystemServerTimingAsync( 1905): AppDataPrepare took to complete: 244ms
06-22 08:48:44.442 I/PackageManager( 1905): Deferred reconcileAppsData finished 157 packages
06-22 08:48:44.442 D/SystemServerInitThreadPool( 1905): Finished executing prepareAppData
06-22 08:48:44.445 D/SystemServerTiming( 1905): StartOverlayManagerService took to complete: 178ms
06-22 08:48:44.445 I/SystemServer( 1905): StartSensorPrivacyService
06-22 08:48:44.445 D/SystemServerTiming( 1905): StartSensorPrivacyService took to complete: 1ms
06-22 08:48:44.446 I/SystemServer( 1905): StartBatteryService
06-22 08:48:44.446 I/SystemServiceManager( 1905): Starting com.android.server.BatteryService
06-22 08:48:44.446 D/SystemServerInitThreadPool( 1905): Started executing StartSensorService
06-22 08:48:44.446 D/SensorService( 1905): nuSensorService starting...
06-22 08:48:44.446 I/hwservicemanager( 1566): getTransport: Cannot find entry android.hardware.sensors@2.0::ISensors/default in either framework or device manifest.
06-22 08:48:44.449 I/SensorService( 1905): Reported power 0.000000 not deemed sane, clamping to 0.001000
06-22 08:48:44.449 I/android_os_HwBinder( 1905): HwBinder: Starting thread pool for getting: android.hardware.health@2.0::IHealth/default
06-22 08:48:44.451 I/SensorService( 1905): Generated new HMAC key.
06-22 08:48:44.451 D/SensorService( 1905): nuSensorService thread starting...
06-22 08:48:44.452 D/SensorService( 1905): new thread SensorEventAckReceiver
06-22 08:48:44.452 D/SystemServerTimingAsync( 1905): StartSensorService took to complete: 6ms
06-22 08:48:44.452 D/SystemServerInitThreadPool( 1905): Finished executing StartSensorService
06-22 08:48:44.459 I/android_os_HwBinder( 1905): HwBinder: Starting thread pool for getting: android.hidl.manager@1.0::IServiceManager/default
06-22 08:48:44.459 I/hwservicemanager( 1566): getTransport: Cannot find entry android.hardware.soundtrigger@2.0::ISoundTriggerHw/default in either framework or device manifest.
06-22 08:48:44.460 E/SoundTriggerHwService( 1708): could not read implementation properties
06-22 08:48:44.460 I/HealthServiceWrapper( 1905): health: HealthServiceWrapper listening to instance default
06-22 08:48:44.461 I/BatteryService( 1905): health: Waited 0ms and received the update.
06-22 08:48:44.461 I/android_os_HwBinder( 1905): HwBinder: Starting thread pool for getting: android.hardware.health@2.0::IHealth/default
06-22 08:48:44.461 D/SystemServerTiming( 1905): StartBatteryService took to complete: 15ms
06-22 08:48:44.461 I/SystemServer( 1905): StartUsageService
06-22 08:48:44.461 I/SystemServiceManager( 1905): Starting com.android.server.usage.UsageStatsService
06-22 08:48:44.466 I/ServiceManagement( 1775): Registered android.frameworks.cameraservice.service@2.0::ICameraService/default (start delay of 3492ms)
06-22 08:48:44.469 I/UsageStatsDatabase( 1905): Upgrading from version 0 to 4
06-22 08:48:44.470 I/UsageStatsDatabase( 1905): Deleting all usage stats files
06-22 08:48:44.471 I/UsageStatsService( 1905): User[0] Rollover scheduled @ 2026-06-23 08:48:44(1782204524466)
06-22 08:48:44.471 D/SystemServerTiming( 1905): StartUsageService took to complete: 11ms
06-22 08:48:44.472 I/SystemServer( 1905): StartWebViewUpdateService
06-22 08:48:44.472 I/SystemServiceManager( 1905): Starting com.android.server.webkit.WebViewUpdateService
06-22 08:48:44.475 D/SystemServerTiming( 1905): StartWebViewUpdateService took to complete: 3ms
06-22 08:48:44.475 I/SystemServer( 1905): StartCachedDeviceStateService
06-22 08:48:44.475 I/SystemServiceManager( 1905): Starting com.android.server.CachedDeviceStateService
06-22 08:48:44.475 D/SystemServerTiming( 1905): StartCachedDeviceStateService took to complete: 1ms
06-22 08:48:44.475 I/SystemServer( 1905): StartBinderCallsStatsService
06-22 08:48:44.476 I/SystemServiceManager( 1905): Starting com.android.server.BinderCallsStatsService$LifeCycle
06-22 08:48:44.476 D/SystemServerTiming( 1905): StartBinderCallsStatsService took to complete: 0ms
06-22 08:48:44.476 I/SystemServer( 1905): StartLooperStatsService
06-22 08:48:44.476 I/SystemServiceManager( 1905): Starting com.android.server.LooperStatsService$Lifecycle
06-22 08:48:44.477 D/SystemServerTiming( 1905): StartLooperStatsService took to complete: 1ms
06-22 08:48:44.477 I/SystemServer( 1905): StartRollbackManagerService
06-22 08:48:44.477 I/SystemServiceManager( 1905): Starting com.android.server.rollback.RollbackManagerService
06-22 08:48:44.478 D/installd( 1781): Found quota mount /dev/block/vdc at /data
06-22 08:48:44.481 D/SystemServerTiming( 1905): StartRollbackManagerService took to complete: 4ms
06-22 08:48:44.481 I/SystemServer( 1905): StartBugreportManagerService
06-22 08:48:44.481 I/SystemServiceManager( 1905): Starting com.android.server.os.BugreportManagerService
06-22 08:48:44.481 D/SystemServerTiming( 1905): StartBugreportManagerService took to complete: 0ms
06-22 08:48:44.481 I/SystemServer( 1905): GpuService
06-22 08:48:44.481 I/SystemServiceManager( 1905): Starting com.android.server.gpu.GpuService
06-22 08:48:44.481 D/SystemServerTiming( 1905): GpuService took to complete: 0ms
06-22 08:48:44.481 I/SystemServer( 1905): StartKeyAttestationApplicationIdProviderService
06-22 08:48:44.481 D/SystemServerInitThreadPool( 1905): Started executing SecondaryZygotePreload
06-22 08:48:44.481 I/SystemServer( 1905): SecondaryZygotePreload
06-22 08:48:44.482 D/SystemServerTiming( 1905): StartKeyAttestationApplicationIdProviderService took to complete: 0ms
06-22 08:48:44.482 I/SystemServer( 1905): StartKeyChainSystemService
06-22 08:48:44.482 I/SystemServiceManager( 1905): Starting com.android.server.security.KeyChainSystemService
06-22 08:48:44.483 D/SystemServerTiming( 1905): StartKeyChainSystemService took to complete: 0ms
06-22 08:48:44.483 I/SystemServer( 1905): StartSchedulingPolicyService
06-22 08:48:44.483 D/SystemServerInitThreadPool( 1905): Started executing SchedulingPolicyService.<init>
06-22 08:48:44.483 D/SystemServerTiming( 1905): StartSchedulingPolicyService took to complete: 0ms
06-22 08:48:44.483 I/SystemServer( 1905): StartTelecomLoaderService
06-22 08:48:44.483 I/SystemServiceManager( 1905): Starting com.android.server.telecom.TelecomLoaderService
06-22 08:48:44.484 D/SystemServerTiming( 1905): StartTelecomLoaderService took to complete: 1ms
06-22 08:48:44.484 I/SystemServer( 1905): StartTelephonyRegistry
06-22 08:48:44.485 I/SchedulingPolicyService( 1905): Moving 1799 back to group default
06-22 08:48:44.485 D/SystemServerInitThreadPool( 1905): Finished executing SchedulingPolicyService.<init>
06-22 08:48:44.486 D/SystemServerTiming( 1905): StartTelephonyRegistry took to complete: 2ms
06-22 08:48:44.486 I/SystemServer( 1905): StartEntropyMixer
06-22 08:48:44.486 W/EntropyMixer( 1905): No existing entropy file -- first boot?
06-22 08:48:44.497 I/EntropyMixer( 1905): Added HW RNG output to entropy pool
06-22 08:48:44.497 I/EntropyMixer( 1905): Writing entropy...
06-22 08:48:44.500 D/SystemServerTiming( 1905): StartEntropyMixer took to complete: 14ms
06-22 08:48:44.500 I/SystemServer( 1905): StartAccountManagerService
06-22 08:48:44.500 I/SystemServiceManager( 1905): Starting com.android.server.accounts.AccountManagerService$Lifecycle
06-22 08:48:44.502 D/SystemServerTiming( 1905): StartAccountManagerService took to complete: 3ms
06-22 08:48:44.502 I/SystemServer( 1905): StartContentService
06-22 08:48:44.503 I/SystemServiceManager( 1905): Starting com.android.server.content.ContentService$Lifecycle
06-22 08:48:44.505 D/SystemServerTiming( 1905): StartContentService took to complete: 2ms
06-22 08:48:44.505 I/SystemServer( 1905): InstallSystemProviders
06-22 08:48:44.509 I/system_server( 1905): The ClassLoaderContext is a special shared library.
06-22 08:48:44.538 I/SettingsState( 1905): No settings state /data/system/users/0/settings_system.xml
06-22 08:48:44.544 I/SettingsState( 1905): No settings state /data/system/users/0/settings_secure.xml
06-22 08:48:44.544 I/Zygote  ( 1665): Lazily preloading resources.
06-22 08:48:44.544 D/Zygote  ( 1665): begin preload
06-22 08:48:44.544 I/Zygote  ( 1665): Calling ZygoteHooks.beginPreload()
06-22 08:48:44.547 D/SettingsProvider( 1905): Generated and saved new ANDROID_ID [c9e9bf4bf2d557a3] for user 0
06-22 08:48:44.549 I/SettingsState( 1905): No settings state /data/system/users/0/settings_global.xml
06-22 08:48:44.553 D/ZygoteInitTiming_lazy( 1665): BeginPreload took to complete: 9ms
06-22 08:48:44.553 I/Zygote  ( 1665): Preloading classes...
06-22 08:48:44.554 W/Zygote  ( 1665): Class not found for preloading: android.app.-$$Lambda$ActivityThread$ZXDWm3IBeFmLnFVblhB-IOZCr9o
06-22 08:48:44.557 D/SettingsProvider( 1905): Setting [com.google.android.gms/.autofill.service.AutofillService] as Autofill Service for user 0
06-22 08:48:44.566 I/SettingsState( 1905): No settings state /data/system/users/0/settings_config.xml
06-22 08:48:44.567 I/SettingsState( 1905): No settings state /data/system/users/0/settings_ssaid.xml
06-22 08:48:44.576 D/SystemServerTiming( 1905): InstallSystemProviders took to complete: 71ms
06-22 08:48:44.576 I/SystemServer( 1905): StartDropBoxManager
06-22 08:48:44.576 I/SystemServiceManager( 1905): Starting com.android.server.DropBoxManagerService
06-22 08:48:44.577 D/SystemServerTiming( 1905): StartDropBoxManager took to complete: 1ms
06-22 08:48:44.577 I/SystemServer( 1905): StartVibratorService
06-22 08:48:44.577 I/hwservicemanager( 1566): getTransport: Cannot find entry android.hardware.vibrator@1.0::IVibrator/default in either framework or device manifest.
06-22 08:48:44.577 I/hwservicemanager( 1566): getTransport: Cannot find entry android.hardware.vibrator@1.0::IVibrator/default in either framework or device manifest.
06-22 08:48:44.577 E/VibratorService( 1905): vibratorOff command failed (1).
06-22 08:48:44.578 I/hwservicemanager( 1566): getTransport: Cannot find entry android.hardware.vibrator@1.0::IVibrator/default in either framework or device manifest.
06-22 08:48:44.578 I/hwservicemanager( 1566): getTransport: Cannot find entry android.hardware.vibrator@1.3::IVibrator/default in either framework or device manifest.
06-22 08:48:44.579 D/SystemServerTiming( 1905): StartVibratorService took to complete: 2ms
06-22 08:48:44.579 I/SystemServer( 1905): StartDynamicSystemService
06-22 08:48:44.579 D/SystemServerTiming( 1905): StartDynamicSystemService took to complete: 1ms
06-22 08:48:44.579 I/SystemServer( 1905): StartConsumerIrService
06-22 08:48:44.580 I/hwservicemanager( 1566): getTransport: Cannot find entry android.hardware.ir@1.0::IConsumerIr/default in either framework or device manifest.
06-22 08:48:44.580 D/SystemServerTiming( 1905): StartConsumerIrService took to complete: 0ms
06-22 08:48:44.580 I/SystemServer( 1905): StartAlarmManagerService
06-22 08:48:44.581 D/AlarmManagerService( 1905): Kernel timezone updated to 0 minutes west of GMT
06-22 08:48:44.583 D/SystemServerTiming( 1905): StartAlarmManagerService took to complete: 3ms
06-22 08:48:44.583 I/SystemServer( 1905): StartInputManagerService
06-22 08:48:44.583 I/InputManager( 1905): Initializing input manager, mUseDevInputEventForAudioJack=true
06-22 08:48:44.584 I/InputClassifier( 1905): Deep press feature enabled.
06-22 08:48:44.585 D/SystemServerTiming( 1905): StartInputManagerService took to complete: 2ms
06-22 08:48:44.585 I/SystemServer( 1905): StartWindowManagerService
06-22 08:48:44.585 I/hwservicemanager( 1566): getTransport: Cannot find entry android.hardware.input.classifier@1.0::IInputClassifier/default in either framework or device manifest.
06-22 08:48:44.585 I/InputClassifier( 1905): Could not obtain InputClassifier HAL
06-22 08:48:44.585 E/InputClassifier( 1905): InputClassifier HAL has died. Setting mMotionClassifier to null
06-22 08:48:44.587 I/WindowManager( 1905): No existing display settings, starting empty
06-22 08:48:44.589 I/WindowTracing( 1905): Setting window tracing log level to 1
06-22 08:48:44.589 I/WindowTracing( 1905): Setting window tracing buffer capacity to 2097152bytes
06-22 08:48:44.591 D/SystemServerTiming( 1905): StartWindowManagerService took to complete: 6ms
06-22 08:48:44.591 I/SystemServer( 1905): SetWindowManagerService
06-22 08:48:44.596 I/DropBoxManagerService( 1905): add tag=system_server_strictmode isTagEnabled=true flags=0x2
06-22 08:48:44.597 I/DropBoxManagerService( 1905): add tag=system_server_strictmode isTagEnabled=true flags=0x2
06-22 08:48:44.603 D/SystemServerTiming( 1905): SetWindowManagerService took to complete: 12ms
06-22 08:48:44.603 I/SystemServer( 1905): WindowManagerServiceOnInitReady
06-22 08:48:44.604 W/Zygote  ( 1665): Class not found for preloading: android.bluetooth.BluetoothA2dp$2
06-22 08:48:44.606 W/ShortcutManager( 1905): Unable to add bookmark: com.google.android.talk/com.google.android.talk.SigningInActivity
06-22 08:48:44.606 W/ShortcutManager( 1905): android.content.pm.PackageManager$NameNotFoundException: ComponentInfo{com.google.android.talk/com.google.android.talk.SigningInActivity}
06-22 08:48:44.606 W/ShortcutManager( 1905): 	at android.app.ApplicationPackageManager.getActivityInfo(ApplicationPackageManager.java:456)
06-22 08:48:44.606 W/ShortcutManager( 1905): 	at com.android.server.policy.ShortcutManager.loadShortcuts(ShortcutManager.java:142)
06-22 08:48:44.606 W/ShortcutManager( 1905): 	at com.android.server.policy.ShortcutManager.<init>(ShortcutManager.java:62)
06-22 08:48:44.606 W/ShortcutManager( 1905): 	at com.android.server.policy.PhoneWindowManager.init(PhoneWindowManager.java:1797)
06-22 08:48:44.606 W/ShortcutManager( 1905): 	at com.android.server.wm.WindowManagerService$5.run(WindowManagerService.java:988)
06-22 08:48:44.606 W/ShortcutManager( 1905): 	at android.os.Handler$BlockingRunnable.run(Handler.java:906)
06-22 08:48:44.606 W/ShortcutManager( 1905): 	at android.os.Handler.handleCallback(Handler.java:883)
06-22 08:48:44.606 W/ShortcutManager( 1905): 	at android.os.Handler.dispatchMessage(Handler.java:100)
06-22 08:48:44.606 W/ShortcutManager( 1905): 	at android.os.Looper.loop(Looper.java:214)
06-22 08:48:44.606 W/ShortcutManager( 1905): 	at android.os.HandlerThread.run(HandlerThread.java:67)
06-22 08:48:44.606 W/ShortcutManager( 1905): 	at com.android.server.ServiceThread.run(ServiceThread.java:44)
06-22 08:48:44.606 W/ShortcutManager( 1905): 	at com.android.server.UiThread.run(UiThread.java:43)
06-22 08:48:44.609 D/SystemServerTiming( 1905): WindowManagerServiceOnInitReady took to complete: 6ms
06-22 08:48:44.609 I/SystemServer( 1905): StartInputManager
06-22 08:48:44.609 D/SystemServerInitThreadPool( 1905): Started executing StartHidlServices
06-22 08:48:44.609 I/InputManager( 1905): Starting input manager
06-22 08:48:44.609 I/ServiceManagement( 1905): Registered android.frameworks.sensorservice@1.0::ISensorManager/default (start delay of 1955ms)
06-22 08:48:44.609 D/SystemServerTiming( 1905): StartInputManager took to complete: 0ms
06-22 08:48:44.609 I/SystemServer( 1905): DisplayManagerWindowManagerAndInputReady
06-22 08:48:44.610 D/SystemServerTiming( 1905): DisplayManagerWindowManagerAndInputReady took to complete: 0ms
06-22 08:48:44.610 I/SystemServer( 1905): No Bluetooth Service (Bluetooth Hardware Not Present)
06-22 08:48:44.610 I/SystemServer( 1905): IpConnectivityMetrics
06-22 08:48:44.610 I/SystemServiceManager( 1905): Starting com.android.server.connectivity.IpConnectivityMetrics
06-22 08:48:44.610 I/ServiceManagement( 1905): Registered android.frameworks.schedulerservice@1.0::ISchedulingPolicyService/default (start delay of 1956ms)
06-22 08:48:44.610 D/SystemServerTimingAsync( 1905): StartHidlServices took to complete: 1ms
06-22 08:48:44.610 D/SystemServerInitThreadPool( 1905): Finished executing StartHidlServices
06-22 08:48:44.611 I/PackageBackwardCompatibility( 1665): Could not find android.content.pm.AndroidTestBaseUpdater, ignoring
06-22 08:48:44.612 D/SystemServerTiming( 1905): IpConnectivityMetrics took to complete: 2ms
06-22 08:48:44.612 I/SystemServer( 1905): NetworkWatchlistService
06-22 08:48:44.612 I/SystemServiceManager( 1905): Starting com.android.server.net.watchlist.NetworkWatchlistService$Lifecycle
06-22 08:48:44.615 D/EventHub( 1905): No input device configuration file found for device 'Power Button'.
06-22 08:48:44.616 D/SystemServerTiming( 1905): NetworkWatchlistService took to complete: 5ms
06-22 08:48:44.616 I/SystemServer( 1905): PinnerService
06-22 08:48:44.616 I/SystemServiceManager( 1905): Starting com.android.server.PinnerService
06-22 08:48:44.617 D/SystemServerTiming( 1905): PinnerService took to complete: 1ms
06-22 08:48:44.617 I/SystemServer( 1905): SignedConfigService
06-22 08:48:44.618 D/SystemServerTiming( 1905): SignedConfigService took to complete: 0ms
06-22 08:48:44.619 W/EventHub( 1905): Unable to disable kernel key repeat for /dev/input/event0: Function not implemented
06-22 08:48:44.619 I/EventHub( 1905): wakeMechanism=EPOLLWAKEUP, usingClockIoctl=true
06-22 08:48:44.619 I/EventHub( 1905): New device: id=1, fd=128, path='/dev/input/event0', name='Power Button', classes=0x1, configuration='', keyLayout='/system/usr/keylayout/Generic.kl', keyCharacterMap='/system/usr/keychars/Generic.kcm', builtinKeyboard=false, 
06-22 08:48:44.619 I/EventHub( 1905): wakeMechanism=EPOLLWAKEUP, usingClockIoctl=true
06-22 08:48:44.619 I/EventHub( 1905): New device: id=2, fd=126, path='/dev/input/event10', name='virtio_input_multi_touch_10', classes=0x94, configuration='/vendor/usr/idc/virtio_input_multi_touch_10.idc', keyLayout='', keyCharacterMap='', builtinKeyboard=false, 
06-22 08:48:44.619 I/EventHub( 1905): wakeMechanism=EPOLLWAKEUP, usingClockIoctl=true
06-22 08:48:44.619 I/EventHub( 1905): New device: id=3, fd=129, path='/dev/input/event7', name='virtio_input_multi_touch_7', classes=0x94, configuration='/vendor/usr/idc/virtio_input_multi_touch_7.idc', keyLayout='', keyCharacterMap='', builtinKeyboard=false, 
06-22 08:48:44.620 I/EventHub( 1905): wakeMechanism=EPOLLWAKEUP, usingClockIoctl=true
06-22 08:48:44.620 I/WatchlistLoggingHandler( 1905): Start aggregating watchlist records.
06-22 08:48:44.620 I/EventHub( 1905): New device: id=4, fd=130, path='/dev/input/event4', name='virtio_input_multi_touch_4', classes=0x94, configuration='/vendor/usr/idc/virtio_input_multi_touch_4.idc', keyLayout='', keyCharacterMap='', builtinKeyboard=false, 
06-22 08:48:44.621 I/EventHub( 1905): wakeMechanism=EPOLLWAKEUP, usingClockIoctl=true
06-22 08:48:44.621 I/EventHub( 1905): New device: id=5, fd=131, path='/dev/input/event8', name='virtio_input_multi_touch_8', classes=0x94, configuration='/vendor/usr/idc/virtio_input_multi_touch_8.idc', keyLayout='', keyCharacterMap='', builtinKeyboard=false, 
06-22 08:48:44.621 I/EventHub( 1905): wakeMechanism=EPOLLWAKEUP, usingClockIoctl=true
06-22 08:48:44.621 I/EventHub( 1905): New device: id=6, fd=132, path='/dev/input/event9', name='virtio_input_multi_touch_9', classes=0x94, configuration='/vendor/usr/idc/virtio_input_multi_touch_9.idc', keyLayout='', keyCharacterMap='', builtinKeyboard=false, 
06-22 08:48:44.621 D/EventHub( 1905): No input device configuration file found for device 'AT Translated Set 2 keyboard'.
06-22 08:48:44.622 I/EventHub( 1905): wakeMechanism=EPOLLWAKEUP, usingClockIoctl=true
06-22 08:48:44.622 I/EventHub( 1905): New device: id=7, fd=133, path='/dev/input/event13', name='AT Translated Set 2 keyboard', classes=0x3, configuration='', keyLayout='/system/usr/keylayout/Generic.kl', keyCharacterMap='/system/usr/keychars/Generic.kcm', builtinKeyboard=false, 
06-22 08:48:44.622 I/EventHub( 1905): wakeMechanism=EPOLLWAKEUP, usingClockIoctl=true
06-22 08:48:44.622 I/EventHub( 1905): New device: id=8, fd=134, path='/dev/input/event12', name='goldfish_rotary', classes=0x1000, configuration='/vendor/usr/idc/goldfish_rotary.idc', keyLayout='', keyCharacterMap='', builtinKeyboard=false, 
06-22 08:48:44.622 I/EventHub( 1905): wakeMechanism=EPOLLWAKEUP, usingClockIoctl=true
06-22 08:48:44.623 I/EventHub( 1905): New device: id=9, fd=135, path='/dev/input/event1', name='virtio_input_multi_touch_1', classes=0x94, configuration='/vendor/usr/idc/virtio_input_multi_touch_1.idc', keyLayout='', keyCharacterMap='', builtinKeyboard=false, 
06-22 08:48:44.623 I/EventHub( 1905): wakeMechanism=EPOLLWAKEUP, usingClockIoctl=true
06-22 08:48:44.623 I/EventHub( 1905): New device: id=10, fd=136, path='/dev/input/event11', name='virtio_input_multi_touch_11', classes=0x94, configuration='/vendor/usr/idc/virtio_input_multi_touch_11.idc', keyLayout='', keyCharacterMap='', builtinKeyboard=false, 
06-22 08:48:44.623 I/EventHub( 1905): wakeMechanism=EPOLLWAKEUP, usingClockIoctl=true
06-22 08:48:44.623 I/EventHub( 1905): New device: id=11, fd=137, path='/dev/input/event5', name='virtio_input_multi_touch_5', classes=0x94, configuration='/vendor/usr/idc/virtio_input_multi_touch_5.idc', keyLayout='', keyCharacterMap='', builtinKeyboard=false, 
06-22 08:48:44.624 I/EventHub( 1905): wakeMechanism=EPOLLWAKEUP, usingClockIoctl=true
06-22 08:48:44.624 I/EventHub( 1905): New device: id=12, fd=139, path='/dev/input/event2', name='virtio_input_multi_touch_2', classes=0x94, configuration='/vendor/usr/idc/virtio_input_multi_touch_2.idc', keyLayout='', keyCharacterMap='', builtinKeyboard=false, 
06-22 08:48:44.624 I/EventHub( 1905): wakeMechanism=EPOLLWAKEUP, usingClockIoctl=true
06-22 08:48:44.624 I/EventHub( 1905): New device: id=13, fd=140, path='/dev/input/event6', name='virtio_input_multi_touch_6', classes=0x94, configuration='/vendor/usr/idc/virtio_input_multi_touch_6.idc', keyLayout='', keyCharacterMap='', builtinKeyboard=false, 
06-22 08:48:44.624 I/EventHub( 1905): wakeMechanism=EPOLLWAKEUP, usingClockIoctl=true
06-22 08:48:44.624 I/EventHub( 1905): New device: id=14, fd=141, path='/dev/input/event3', name='virtio_input_multi_touch_3', classes=0x94, configuration='/vendor/usr/idc/virtio_input_multi_touch_3.idc', keyLayout='', keyCharacterMap='', builtinKeyboard=false, 
06-22 08:48:44.627 I/InputReader( 1905): Device added: id=-1, name='Virtual', sources=0x00000301
06-22 08:48:44.627 I/InputReader( 1905): Touch device 'virtio_input_multi_touch_3' could not query the properties of its associated display.  The device will be inoperable until the display size becomes available.
06-22 08:48:44.628 I/InputReader( 1905): Device added: id=14, name='virtio_input_multi_touch_3', sources=0x80005002
06-22 08:48:44.628 I/InputReader( 1905): Touch device 'virtio_input_multi_touch_6' could not query the properties of its associated display.  The device will be inoperable until the display size becomes available.
06-22 08:48:44.628 I/InputReader( 1905): Device added: id=13, name='virtio_input_multi_touch_6', sources=0x80005002
06-22 08:48:44.628 I/InputReader( 1905): Touch device 'virtio_input_multi_touch_2' could not query the properties of its associated display.  The device will be inoperable until the display size becomes available.
06-22 08:48:44.628 I/InputReader( 1905): Device added: id=12, name='virtio_input_multi_touch_2', sources=0x80005002
06-22 08:48:44.628 I/InputReader( 1905): Touch device 'virtio_input_multi_touch_5' could not query the properties of its associated display.  The device will be inoperable until the display size becomes available.
06-22 08:48:44.628 I/InputReader( 1905): Device added: id=11, name='virtio_input_multi_touch_5', sources=0x80005002
06-22 08:48:44.628 I/InputReader( 1905): Touch device 'virtio_input_multi_touch_11' could not query the properties of its associated display.  The device will be inoperable until the display size becomes available.
06-22 08:48:44.628 I/InputReader( 1905): Device added: id=10, name='virtio_input_multi_touch_11', sources=0x80005002
06-22 08:48:44.628 I/InputReader( 1905): Touch device 'virtio_input_multi_touch_1' could not query the properties of its associated display.  The device will be inoperable until the display size becomes available.
06-22 08:48:44.628 I/InputReader( 1905): Device added: id=9, name='virtio_input_multi_touch_1', sources=0x80005002
06-22 08:48:44.628 I/InputReader( 1905): Device added: id=8, name='goldfish_rotary', sources=0x00400000
06-22 08:48:44.628 I/InputReader( 1905): Device added: id=7, name='AT Translated Set 2 keyboard', sources=0x00000101
06-22 08:48:44.628 I/InputReader( 1905): Touch device 'virtio_input_multi_touch_9' could not query the properties of its associated display.  The device will be inoperable until the display size becomes available.
06-22 08:48:44.628 I/InputReader( 1905): Device added: id=6, name='virtio_input_multi_touch_9', sources=0x80005002
06-22 08:48:44.628 I/InputReader( 1905): Touch device 'virtio_input_multi_touch_8' could not query the properties of its associated display.  The device will be inoperable until the display size becomes available.
06-22 08:48:44.628 I/InputReader( 1905): Device added: id=5, name='virtio_input_multi_touch_8', sources=0x80005002
06-22 08:48:44.628 I/InputReader( 1905): Touch device 'virtio_input_multi_touch_4' could not query the properties of its associated display.  The device will be inoperable until the display size becomes available.
06-22 08:48:44.628 I/InputReader( 1905): Device added: id=4, name='virtio_input_multi_touch_4', sources=0x80005002
06-22 08:48:44.628 I/InputReader( 1905): Touch device 'virtio_input_multi_touch_7' could not query the properties of its associated display.  The device will be inoperable until the display size becomes available.
06-22 08:48:44.628 I/InputReader( 1905): Device added: id=3, name='virtio_input_multi_touch_7', sources=0x80005002
06-22 08:48:44.628 I/InputReader( 1905): Touch device 'virtio_input_multi_touch_10' could not query the properties of its associated display.  The device will be inoperable until the display size becomes available.
06-22 08:48:44.628 I/InputReader( 1905): Device added: id=2, name='virtio_input_multi_touch_10', sources=0x80005002
06-22 08:48:44.628 I/InputReader( 1905): Device added: id=1, name='Power Button', sources=0x00000101
06-22 08:48:44.635 I/WindowManager( 1905): SAFE MODE not enabled
06-22 08:48:44.635 I/SystemServer( 1905): StartInputMethodManagerLifecycle
06-22 08:48:44.635 I/SystemServiceManager( 1905): Starting com.android.server.inputmethod.InputMethodManagerService$Lifecycle
06-22 08:48:44.638 D/SystemServerTiming( 1905): StartInputMethodManagerLifecycle took to complete: 4ms
06-22 08:48:44.638 I/SystemServer( 1905): StartAccessibilityManagerService
06-22 08:48:44.638 I/SystemServiceManager( 1905): Starting com.android.server.accessibility.AccessibilityManagerService$Lifecycle
06-22 08:48:44.639 D/SystemServerTiming( 1905): StartAccessibilityManagerService took to complete: 0ms
06-22 08:48:44.639 I/SystemServer( 1905): MakeDisplayReady
06-22 08:48:44.639 W/InputReader( 1905): Device has associated, but no associated display id.
06-22 08:48:44.640 I/ActivityTaskManager( 1905): Config changes=20005df8 {1.0 ?mcc?mnc [en_US] ldltr sw320dp w320dp h616dp 160dpi nrml long port ?uimode ?night finger qwerty/v/v -nav/h winConfig={ mBounds=Rect(0, 0 - 320, 640) mAppBounds=Rect(0, 0 - 320, 640) mWindowingMode=fullscreen mDisplayWindowingMode=fullscreen mActivityType=undefined mAlwaysOnTop=undefined mRotation=ROTATION_0} s.2}
06-22 08:48:44.641 I/ActivityTaskManager( 1905): Override config changes=60007dfc {1.0 ?mcc?mnc [en_US] ldltr sw320dp w320dp h616dp 160dpi nrml long port ?uimode ?night finger qwerty/v/v -nav/h winConfig={ mBounds=Rect(0, 0 - 320, 640) mAppBounds=Rect(0, 0 - 320, 640) mWindowingMode=fullscreen mDisplayWindowingMode=fullscreen mActivityType=undefined mAlwaysOnTop=undefined mRotation=ROTATION_0} s.2} for displayId=0
06-22 08:48:44.649 D/SystemServerTiming( 1905): MakeDisplayReady took to complete: 10ms
06-22 08:48:44.649 I/SystemServer( 1905): StartStorageManagerService
06-22 08:48:44.649 I/SystemServiceManager( 1905): Starting com.android.server.StorageManagerService$Lifecycle
06-22 08:48:44.639 I/chatty  ( 1905): uid=1000 system_server identical 9 lines
06-22 08:48:44.639 W/InputReader( 1905): Device has associated, but no associated display id.
06-22 08:48:44.657 I/InputManager-JNI( 1905): Viewport [0] to add: local:0
06-22 08:48:44.657 I/InputReader( 1905): Reconfiguring input devices.  changes=0x00000004
06-22 08:48:44.657 I/InputReader( 1905): Touch device 'virtio_input_multi_touch_10' could not query the properties of its associated display.  The device will be inoperable until the display size becomes available.
06-22 08:48:44.657 I/InputReader( 1905): Touch device 'virtio_input_multi_touch_7' could not query the properties of its associated display.  The device will be inoperable until the display size becomes available.
06-22 08:48:44.657 I/InputReader( 1905): Touch device 'virtio_input_multi_touch_4' could not query the properties of its associated display.  The device will be inoperable until the display size becomes available.
06-22 08:48:44.657 I/InputReader( 1905): Touch device 'virtio_input_multi_touch_8' could not query the properties of its associated display.  The device will be inoperable until the display size becomes available.
06-22 08:48:44.657 I/InputReader( 1905): Touch device 'virtio_input_multi_touch_9' could not query the properties of its associated display.  The device will be inoperable until the display size becomes available.
06-22 08:48:44.657 I/InputReader( 1905): Device reconfigured: id=9, name='virtio_input_multi_touch_1', size 320x640, orientation 0, mode 1, display id 0
06-22 08:48:44.657 I/InputReader( 1905): Touch device 'virtio_input_multi_touch_11' could not query the properties of its associated display.  The device will be inoperable until the display size becomes available.
06-22 08:48:44.657 I/InputReader( 1905): Touch device 'virtio_input_multi_touch_5' could not query the properties of its associated display.  The device will be inoperable until the display size becomes available.
06-22 08:48:44.657 I/InputReader( 1905): Touch device 'virtio_input_multi_touch_2' could not query the properties of its associated display.  The device will be inoperable until the display size becomes available.
06-22 08:48:44.657 I/InputReader( 1905): Touch device 'virtio_input_multi_touch_6' could not query the properties of its associated display.  The device will be inoperable until the display size becomes available.
06-22 08:48:44.657 I/InputReader( 1905): Touch device 'virtio_input_multi_touch_3' could not query the properties of its associated display.  The device will be inoperable until the display size becomes available.
06-22 08:48:44.660 D/SystemServerTiming( 1905): StartStorageManagerService took to complete: 11ms
06-22 08:48:44.660 I/SystemServer( 1905): StartStorageStatsService
06-22 08:48:44.660 I/SystemServiceManager( 1905): Starting com.android.server.usage.StorageStatsService$Lifecycle
06-22 08:48:44.660 D/installd( 1781): Found quota mount /dev/block/vdc at /data
06-22 08:48:44.662 D/SystemServerTiming( 1905): StartStorageStatsService took to complete: 2ms
06-22 08:48:44.662 I/SystemServer( 1905): StartUiModeManager
