06-22 08:48:41.455 I/MediaCodecsXmlParser( 1797): limit: performance-point-1920x1080-range = 30-30
06-22 08:48:41.455 I/MediaCodecsXmlParser( 1797): limit: feature-adaptive-playback = 0
06-22 08:48:41.455 I/MediaCodecsXmlParser( 1797): limit: size-range = 144x144-3840x2160
06-22 08:48:41.455 I/MediaCodecsXmlParser( 1797): limit: alignment = 2x2
06-22 08:48:41.455 I/MediaCodecsXmlParser( 1797): limit: block-size = 16x16
06-22 08:48:41.455 I/MediaCodecsXmlParser( 1797): limit: blocks-per-second-range = 24-2073600
06-22 08:48:41.455 I/MediaCodecsXmlParser( 1797): limit: bitrate-range = 1-120000000
06-22 08:48:41.455 I/MediaCodecsXmlParser( 1797): limit: frame-rate-range = 1-480
06-22 08:48:41.455 I/MediaCodecsXmlParser( 1797): limit: performance-point-3840x2160-range = 60-60
06-22 08:48:41.455 I/MediaCodecsXmlParser( 1797): limit: measured-frame-rate-320x180-range = 743-817
06-22 08:48:41.455 I/MediaCodecsXmlParser( 1797): limit: measured-frame-rate-640x360-range = 582-602
06-22 08:48:41.455 I/MediaCodecsXmlParser( 1797): limit: measured-frame-rate-1280x720-range = 237-258
06-22 08:48:41.455 I/MediaCodecsXmlParser( 1797): limit: measured-frame-rate-1920x1080-range = 148-151
06-22 08:48:41.455 I/MediaCodecsXmlParser( 1797): limit: measured-frame-rate-3840x2160-range = 30-90
06-22 08:48:41.455 I/MediaCodecsXmlParser( 1797): limit: feature-adaptive-playback = 0
06-22 08:48:41.455 I/MediaCodecsXmlParser( 1797): limit: size-range = 144x144-3840x2160
06-22 08:48:41.455 I/MediaCodecsXmlParser( 1797): limit: alignment = 2x2
06-22 08:48:41.455 E/wifi_forwarder( 1824): RemoteConnection failed to initialize: RemoteConnection failed to open pipe
06-22 08:48:41.455 I/MediaCodecsXmlParser( 1797): limit: block-size = 16x16
06-22 08:48:41.455 I/MediaCodecsXmlParser( 1797): limit: blocks-per-second-range = 24-2073600
06-22 08:48:41.455 I/MediaCodecsXmlParser( 1797): limit: bitrate-range = 1-120000000
06-22 08:48:41.455 I/MediaCodecsXmlParser( 1797): limit: frame-rate-range = 1-480
06-22 08:48:41.455 I/MediaCodecsXmlParser( 1797): limit: performance-point-3840x2160-range = 60-60
06-22 08:48:41.455 I/MediaCodecsXmlParser( 1797): limit: measured-frame-rate-320x180-range = 743-817
06-22 08:48:41.455 I/MediaCodecsXmlParser( 1797): limit: measured-frame-rate-640x360-range = 582-602
06-22 08:48:41.455 I/MediaCodecsXmlParser( 1797): limit: measured-frame-rate-1280x720-range = 237-258
06-22 08:48:41.455 I/MediaCodecsXmlParser( 1797): limit: measured-frame-rate-1920x1080-range = 50-60
06-22 08:48:41.456 I/MediaCodecsXmlParser( 1797): limit: measured-frame-rate-3840x2160-range = 30-90
06-22 08:48:41.456 I/MediaCodecsXmlParser( 1797): limit: feature-adaptive-playback = 0
06-22 08:48:41.456 I/MediaCodecsXmlParser( 1797): limit: size-range = 2x2-2560x2560
06-22 08:48:41.456 I/MediaCodecsXmlParser( 1797): limit: alignment = 2x2
06-22 08:48:41.456 I/MediaCodecsXmlParser( 1797): limit: block-size = 16x16
06-22 08:48:41.456 I/MediaCodecsXmlParser( 1797): limit: blocks-per-second-range = 24-2073600
06-22 08:48:41.456 I/MediaCodecsXmlParser( 1797): limit: bitrate-range = 1-120000000
06-22 08:48:41.456 I/MediaCodecsXmlParser( 1797): limit: frame-rate-range = 1-480
06-22 08:48:41.456 I/MediaCodecsXmlParser( 1797): limit: performance-point-1920x1088-range = 60-60
06-22 08:48:41.456 I/MediaCodecsXmlParser( 1797): limit: measured-frame-rate-320x240-range = 183-183
06-22 08:48:41.456 I/MediaCodecsXmlParser( 1797): limit: measured-frame-rate-720x480-range = 181-181
06-22 08:48:41.456 I/MediaCodecsXmlParser( 1797): limit: measured-frame-rate-1280x720-range = 182-184
06-22 08:48:41.456 I/MediaCodecsXmlParser( 1797): limit: measured-frame-rate-1920x1088-range = 50-60
06-22 08:48:41.456 I/MediaCodecsXmlParser( 1797): limit: measured-frame-rate-2560x1440-range = 30-40
06-22 08:48:41.456 I/MediaCodecsXmlParser( 1797): limit: feature-adaptive-playback = 0
06-22 08:48:41.456 I/MediaCodecsXmlParser( 1797): limit: size-range = 2x2-2560x2560
06-22 08:48:41.456 I/MediaCodecsXmlParser( 1797): limit: alignment = 2x2
06-22 08:48:41.456 I/MediaCodecsXmlParser( 1797): limit: block-size = 16x16
06-22 08:48:41.456 I/MediaCodecsXmlParser( 1797): limit: blocks-per-second-range = 24-2073600
06-22 08:48:41.456 I/MediaCodecsXmlParser( 1797): limit: bitrate-range = 1-120000000
06-22 08:48:41.456 I/MediaCodecsXmlParser( 1797): limit: frame-rate-range = 1-480
06-22 08:48:41.456 I/MediaCodecsXmlParser( 1797): limit: performance-point-1920x1088-range = 60-60
06-22 08:48:41.456 I/MediaCodecsXmlParser( 1797): limit: measured-frame-rate-320x240-range = 183-183
06-22 08:48:41.456 I/MediaCodecsXmlParser( 1797): limit: measured-frame-rate-720x480-range = 181-181
06-22 08:48:41.456 I/MediaCodecsXmlParser( 1797): limit: measured-frame-rate-1280x720-range = 121-125
06-22 08:48:41.456 I/MediaCodecsXmlParser( 1797): limit: measured-frame-rate-1920x1088-range = 148-151
06-22 08:48:41.456 I/MediaCodecsXmlParser( 1797): limit: measured-frame-rate-2560x1440-range = 30-40
06-22 08:48:41.456 I/MediaCodecsXmlParser( 1797): limit: feature-adaptive-playback = 0
06-22 08:48:41.456 I/MediaCodecsXmlParser( 1797): limit: size-range = 176x144-176x144
06-22 08:48:41.456 I/MediaCodecsXmlParser( 1797): limit: alignment = 16x16
06-22 08:48:41.456 I/MediaCodecsXmlParser( 1797): limit: bitrate-range = 1-128000
06-22 08:48:41.456 I/MediaCodecsXmlParser( 1797): limit: size-range = 16x16-1920x1088
06-22 08:48:41.456 I/MediaCodecsXmlParser( 1797): limit: alignment = 2x2
06-22 08:48:41.456 I/MediaCodecsXmlParser( 1797): limit: block-size = 16x16
06-22 08:48:41.456 I/MediaCodecsXmlParser( 1797): limit: blocks-per-second-range = 1-244800
06-22 08:48:41.456 I/MediaCodecsXmlParser( 1797): limit: bitrate-range = 1-20000000
06-22 08:48:41.456 I/MediaCodecsXmlParser( 1797): limit: feature-intra-refresh = 0
06-22 08:48:41.456 I/MediaCodecsXmlParser( 1797): limit: size-range = 16x16-176x144
06-22 08:48:41.456 I/MediaCodecsXmlParser( 1797): limit: alignment = 16x16
06-22 08:48:41.456 I/MediaCodecsXmlParser( 1797): limit: block-size = 16x16
06-22 08:48:41.456 I/MediaCodecsXmlParser( 1797): limit: blocks-per-second-range = 12-1485
06-22 08:48:41.456 I/MediaCodecsXmlParser( 1797): limit: bitrate-range = 1-64000
06-22 08:48:41.456 I/MediaCodecsXmlParser( 1797): limit: size-range = 2x2-2048x2048
06-22 08:48:41.456 I/MediaCodecsXmlParser( 1797): limit: alignment = 2x2
06-22 08:48:41.456 I/MediaCodecsXmlParser( 1797): limit: bitrate-range = 1-40000000
06-22 08:48:41.456 I/MediaCodecsXmlParser( 1797): limit: feature-bitrate-modes = VBR,CBR
06-22 08:48:41.456 D/MediaCodecsXmlParser( 1797): parsing /vendor/etc/media_codecs_performance.xml...
06-22 08:48:41.456 I/MediaCodecsXmlParser( 1797): limit: measured-frame-rate-176x144-range = 849-1008
06-22 08:48:41.456 I/MediaCodecsXmlParser( 1797): limit: measured-frame-rate-320x240-range = 496-629
06-22 08:48:41.456 I/MediaCodecsXmlParser( 1797): limit: measured-frame-rate-720x480-range = 197-203
06-22 08:48:41.460 E/APM::Serializer( 1708): deserialize: Could not parse /odm/etc/audio_policy_configuration.xml document.
06-22 08:48:41.462 E/APM::AudioPolicyEngine/Config( 1708): parse: Could not parse document /vendor/etc/audio_policy_engine_configuration.xml
06-22 08:48:41.462 W/APM::AudioPolicyEngine/Base( 1708): loadAudioPolicyEngineConfig: No configuration found, using default matching phone experience.
06-22 08:48:41.462 E/APM::AudioPolicyEngine/Config( 1708): parseLegacyVolumeFile: Could not parse document /odm/etc/audio_policy_configuration.xml
06-22 08:48:41.457 I/MediaCodecsXmlParser( 1797): limit: measured-frame-rate-1280x720-range = 93-97
06-22 08:48:41.469 I/MediaCodecsXmlParser( 1797): limit: measured-frame-rate-1920x1080-range = 45-47
06-22 08:48:41.469 I/MediaCodecsXmlParser( 1797): limit: measured-frame-rate-176x144-range = 881-1142
06-22 08:48:41.470 I/MediaCodecsXmlParser( 1797): limit: measured-frame-rate-320x180-range = 249-285
06-22 08:48:41.470 I/MediaCodecsXmlParser( 1797): limit: measured-frame-rate-640x360-range = 104-115
06-22 08:48:41.470 I/MediaCodecsXmlParser( 1797): limit: measured-frame-rate-1280x720-range = 34-35
06-22 08:48:41.470 I/MediaCodecsXmlParser( 1797): limit: measured-frame-rate-1920x1080-range = 26-29
06-22 08:48:41.470 I/MediaCodecsXmlParser( 1797): limit: measured-frame-rate-176x144-range = 1246-1390
06-22 08:48:41.470 I/MediaCodecsXmlParser( 1797): limit: measured-frame-rate-352x288-range = 1121-1128
06-22 08:48:41.470 I/MediaCodecsXmlParser( 1797): limit: measured-frame-rate-320x240-range = 299-629
06-22 08:48:41.470 I/MediaCodecsXmlParser( 1797): limit: measured-frame-rate-720x480-range = 215-250
06-22 08:48:41.470 I/MediaCodecsXmlParser( 1797): limit: measured-frame-rate-1280x720-range = 75-85
06-22 08:48:41.470 I/MediaCodecsXmlParser( 1797): limit: measured-frame-rate-1920x1080-range = 31-34
06-22 08:48:41.470 I/MediaCodecsXmlParser( 1797): limit: measured-frame-rate-352x288-range = 754-817
06-22 08:48:41.470 I/MediaCodecsXmlParser( 1797): limit: measured-frame-rate-640x360-range = 323-394
06-22 08:48:41.470 I/MediaCodecsXmlParser( 1797): limit: measured-frame-rate-720x480-range = 349-372
06-22 08:48:41.470 I/MediaCodecsXmlParser( 1797): limit: measured-frame-rate-1280x720-range = 144-157
06-22 08:48:41.470 I/MediaCodecsXmlParser( 1797): limit: measured-frame-rate-1920x1080-range = 74-85
06-22 08:48:41.470 I/MediaCodecsXmlParser( 1797): limit: measured-frame-rate-176x144-range = 1439-1625
06-22 08:48:41.470 I/MediaCodecsXmlParser( 1797): limit: measured-frame-rate-320x180-range = 1129-1261
06-22 08:48:41.470 I/MediaCodecsXmlParser( 1797): limit: measured-frame-rate-640x360-range = 471-525
06-22 08:48:41.470 I/MediaCodecsXmlParser( 1797): limit: measured-frame-rate-1280x720-range = 126-145
06-22 08:48:41.470 I/MediaCodecsXmlParser( 1797): limit: measured-frame-rate-1920x1080-range = 48-51
06-22 08:48:41.470 I/MediaCodecsXmlParser( 1797): limit: measured-frame-rate-2160x2160-range = 31-34
06-22 08:48:41.470 I/MediaCodecsXmlParser( 1797): limit: measured-frame-rate-320x180-range = 968-1101
06-22 08:48:41.470 I/MediaCodecsXmlParser( 1797): limit: measured-frame-rate-640x360-range = 291-338
06-22 08:48:41.470 I/MediaCodecsXmlParser( 1797): limit: measured-frame-rate-1280x720-range = 280-400
06-22 08:48:41.470 I/MediaCodecsXmlParser( 1797): limit: measured-frame-rate-1920x1080-range = 178-240
06-22 08:48:41.470 I/MediaCodecsXmlParser( 1797): limit: measured-frame-rate-2560x1440-range = 31-34
06-22 08:48:41.470 D/MediaCodecsXmlParser( 1797): Cannot find /data/misc/media/media_codecs_profiling_results.xml
06-22 08:48:41.470 I/zygote  ( 1665): Core platform API reporting enabled, enforcing=false
06-22 08:48:41.477 I/ServiceManagement( 1797): Registered android.hardware.media.omx@1.0::IOmxStore/default (start delay of 283ms)
06-22 08:48:41.477 I/ServiceManagement( 1797): Removing namespace from process name android.hardware.media.omx@1.0-service to omx@1.0-service.
06-22 08:48:41.477 D/audio_hw_generic( 1671): Emulator host-side ALSA audio emulation detected.
06-22 08:48:41.477 D/audio_hw_generic( 1671): mixer 0 name Master Playback Volume
06-22 08:48:41.477 D/audio_hw_generic( 1671): set ctl 0 to 100
06-22 08:48:41.477 D/audio_hw_generic( 1671): set ctl 1 to 100
06-22 08:48:41.477 D/audio_hw_generic( 1671): mixer 1 name Master Playback Switch
06-22 08:48:41.477 D/audio_hw_generic( 1671): set ctl 0 to 1
06-22 08:48:41.477 D/audio_hw_generic( 1671): set ctl 1 to 1
06-22 08:48:41.478 D/audio_hw_generic( 1671): mixer 2 name Capture Volume
06-22 08:48:41.478 D/audio_hw_generic( 1671): set ctl 0 to 100
06-22 08:48:41.478 D/audio_hw_generic( 1671): set ctl 1 to 100
06-22 08:48:41.478 D/audio_hw_generic( 1671): mixer 3 name Capture Switch
06-22 08:48:41.478 D/audio_hw_generic( 1671): set ctl 0 to 1
06-22 08:48:41.478 D/audio_hw_generic( 1671): set ctl 1 to 1
06-22 08:48:41.478 D/audio_hw_generic( 1671): mixer 4 name Line Phantom Jack
06-22 08:48:41.478 D/audio_hw_generic( 1671): mixer 5 name Line Out Phantom Jack
06-22 08:48:41.478 D/audio_hw_generic( 1671): mixer 6 name Playback Channel Map
06-22 08:48:41.478 D/audio_hw_generic( 1671): mixer 7 name Capture Channel Map
06-22 08:48:41.478 W/DeviceHAL( 1671): Error from HAL Device in function get_master_volume: Function not implemented
06-22 08:48:41.478 W/DeviceHAL( 1671): Error from HAL Device in function get_master_mute: Function not implemented
06-22 08:48:41.478 W/DeviceHAL( 1671): Error from HAL Device in function set_master_volume: Function not implemented
06-22 08:48:41.478 W/DeviceHAL( 1671): Error from HAL Device in function set_master_mute: Function not implemented
06-22 08:48:41.479 I/AudioFlinger( 1708): loadHwModule() Loaded primary audio interface, handle 10
06-22 08:48:41.479 I/AudioFlinger( 1708): openOutput() this 0x7239e834f600, module 10 Device 0x2, SamplingRate 44100, Format 0x000001, Channels 0x3, flags 0x2
06-22 08:48:41.481 W/AudioFlinger( 1708): HAL output buffer size is 661 frames but AudioMixer requires multiples of 16 frames
06-22 08:48:41.481 I/AudioFlinger( 1708): HAL output buffer size 661 frames, normal sink buffer size 1056 frames
06-22 08:48:41.481 I/hwservicemanager( 1566): getTransport: Cannot find entry android.hardware.audio.effect@5.0::IEffectsFactory/default in either framework or device manifest.
06-22 08:48:41.497 I/BufferProvider( 1708): found effect "Multichannel Downmix To Stereo" from The Android Open Source Project
06-22 08:48:41.497 I/AudioFlinger( 1708): Using module 10 as the primary audio interface
06-22 08:48:41.498 V/APM_AudioPolicyManager( 1708): checkAndSetVolume cannot set volume group 3 volume with force use = 0 for comm
06-22 08:48:41.500 W/AudioFlinger( 1708): moveEffects() bad srcOutput 0
06-22 08:48:41.500 V/APM_AudioPolicyManager( 1708): selectOutputForMusicEffects selected output 13
06-22 08:48:41.500 V/APM_AudioPolicyManager( 1708): setOutputDevices device {type:0x2,@:} delayMs 0
06-22 08:48:41.500 V/APM_AudioPolicyManager( 1708): setOutputDevices() prevDevice {type:0x2,@:}
06-22 08:48:41.500 V/APM_AudioPolicyManager( 1708): setOutputDevices changing device to {type:0x2,@:}
06-22 08:48:41.506 I/AudioFlinger( 1708): AudioFlinger's thread 0x7239e83eea00 tid=1851 ready to run
06-22 08:48:41.506 W/AudioFlinger( 1708): no wake lock to update, system not ready yet
06-22 08:48:41.507 V/APM_AudioPolicyManager( 1708): setOutputDevices() AF::createAudioPatch returned 0 patchHandle 12 num_sources 1 num_sinks 1
06-22 08:48:41.507 V/APM_AudioPolicyManager( 1708): checkAndSetVolume cannot set volume group 3 volume with force use = 0 for comm
06-22 08:48:41.509 W/AudioFlinger( 1708): no wake lock to update, system not ready yet
06-22 08:48:41.524 I/ServiceManager( 1795): Waiting for service 'package_native' on '/dev/binder'...
06-22 08:48:41.534 I/AudioFlinger( 1708): AudioFlinger's thread 0x7239e84cb700 tid=1853 ready to run
06-22 08:48:41.536 I/r_submix( 1671): adev_open(name=audio_hw_if)
06-22 08:48:41.536 I/livelock( 1848): started
06-22 08:48:41.536 W/livelock( 1848): [khungtaskd] not configurable
06-22 08:48:41.536 I/r_submix( 1671): adev_init_check()
06-22 08:48:41.536 W/DeviceHAL( 1671): Error from HAL Device in function set_master_volume: Function not implemented
06-22 08:48:41.536 W/DeviceHAL( 1671): Error from HAL Device in function set_master_mute: Function not implemented
06-22 08:48:41.536 I/AudioFlinger( 1708): loadHwModule() Loaded r_submix audio interface, handle 18
06-22 08:48:41.536 D/r_submix( 1671): adev_open_input_stream(addr=0)
06-22 08:48:41.536 D/r_submix( 1671): submix_audio_device_create_pipe_l(addr=0, idx=9)
06-22 08:48:41.536 D/r_submix( 1671):   now using address 0 for route 9
06-22 08:48:41.537 I/livelock( 1848): ro.config.low_ram=false
06-22 08:48:41.537 I/livelock( 1848): ro.llk.sysrq_t=true
06-22 08:48:41.537 I/livelock( 1848): ro.llk.enable=true
06-22 08:48:41.537 I/livelock( 1848): ro.khungtask.enable=true
06-22 08:48:41.537 I/livelock( 1848): ro.llk.mlockall=true
06-22 08:48:41.537 I/livelock( 1848): ro.llk.killtest=true
06-22 08:48:41.537 I/livelock( 1848): ro.khungtask.timeout=720s
06-22 08:48:41.537 I/livelock( 1848): ro.llk.timeout_ms=600.000s
06-22 08:48:41.537 I/livelock( 1848): ro.llk.D.timeout_ms=600.000s
06-22 08:48:41.537 I/livelock( 1848): ro.llk.Z.timeout_ms=600.000s
06-22 08:48:41.537 I/livelock( 1848): ro.llk.stack.timeout_ms=600.000s
06-22 08:48:41.537 I/livelock( 1848): ro.llk.check_ms=120.000s
06-22 08:48:41.537 I/livelock( 1848): ro.llk.stack=wait_on_page_bit_killable,bit_wait_io,__get_user_pages,cma_alloc
06-22 08:48:41.537 I/livelock( 1848): ro.llk.blacklist.process.stack=llkd,lmkd.llkd,apexd,ueventd,keystore,init
06-22 08:48:41.537 I/livelock( 1848): ro.llk.blacklist.process=[watchdog/1],[watchdogd/0],2,[watchdogd],llkd,lmkd,[khungtaskd],[kthreadd],init,watchdogd,1848,1,0
06-22 08:48:41.537 I/livelock( 1848): ro.llk.blacklist.parent=[kthreadd],2,0,adbd&[setsid]
06-22 08:48:41.537 I/livelock( 1848): ro.llk.blacklist.uid=
06-22 08:48:41.541 I/AudioFlinger( 1708): AudioFlinger's thread 0x7239e84cb140 tid=1855 ready to run
06-22 08:48:41.542 D/r_submix( 1671): adev_close_input_stream()
06-22 08:48:41.542 D/r_submix( 1671): submix_audio_device_release_pipe_l(idx=9) addr=0
06-22 08:48:41.542 D/r_submix( 1671): submix_audio_device_destroy_pipe_l(): pipe destroyed
06-22 08:48:41.566 I/        ( 1708): Waiting for activity service
06-22 08:48:41.581 I/mediaserver( 1791): ServiceManager: 0xeda06ca0
06-22 08:48:41.609 E/hostapd ( 1858): Configuration file: /data/vendor/wifi/hostapd/hostapd.conf
06-22 08:48:41.612 I/hostapd ( 1858): rfkill: Cannot get wiphy information
06-22 08:48:41.618 W/BatteryNotifier( 1791): batterystats service unavailable!
06-22 08:48:41.627 I/ServiceManager( 1795): Waiting for service 'package_native' on '/dev/binder'...
06-22 08:48:41.633 I/hostapd ( 1858): wlan1: interface state UNINITIALIZED->COUNTRY_UPDATE
06-22 08:48:41.647 I/BootAnimation( 1845): boot animation disabled
06-22 08:48:41.653 I//apex/com.android.media.swcodec/bin/mediaswcodec( 1799): media swcodec service starting
06-22 08:48:41.655 W//apex/com.android.media.swcodec/bin/mediaswcodec( 1799): Could not read additional policy file '/vendor/etc/seccomp_policy/mediaswcodec.policy'
06-22 08:48:41.655 W//apex/com.android.media.swcodec/bin/mediaswcodec( 1799): libminijail[1799]: failed to get path of fd 4: No such file or directory
06-22 08:48:41.655 W//apex/com.android.media.swcodec/bin/mediaswcodec( 1799): libminijail[1799]: allowing syscall: socket
06-22 08:48:41.656 W//apex/com.android.media.swcodec/bin/mediaswcodec( 1799): libminijail[1799]: allowing syscall: connect
06-22 08:48:41.656 W//apex/com.android.media.swcodec/bin/mediaswcodec( 1799): libminijail[1799]: allowing syscall: fcntl
06-22 08:48:41.656 W//apex/com.android.media.swcodec/bin/mediaswcodec( 1799): libminijail[1799]: allowing syscall: writev
06-22 08:48:41.656 W//apex/com.android.media.swcodec/bin/mediaswcodec( 1799): libminijail[1799]: compile_file: <fd>(20): nonexistent syscall 'getuid32'
06-22 08:48:41.656 W//apex/com.android.media.swcodec/bin/mediaswcodec( 1799): libminijail[1799]: compile_file: <fd>(26): nonexistent syscall 'mmap2'
06-22 08:48:41.656 W//apex/com.android.media.swcodec/bin/mediaswcodec( 1799): libminijail[1799]: compile_file: <fd>(28): nonexistent syscall 'fstat64'
06-22 08:48:41.656 W//apex/com.android.media.swcodec/bin/mediaswcodec( 1799): libminijail[1799]: compile_file: <fd>(30): nonexistent syscall 'stat64'
06-22 08:48:41.656 W//apex/com.android.media.swcodec/bin/mediaswcodec( 1799): libminijail[1799]: compile_file: <fd>(31): nonexistent syscall 'statfs64'
06-22 08:48:41.656 W//apex/com.android.media.swcodec/bin/mediaswcodec( 1799): libminijail[1799]: compile_file: <fd>(33): nonexistent syscall 'fstatat64'
06-22 08:48:41.656 W//apex/com.android.media.swcodec/bin/mediaswcodec( 1799): libminijail[1799]: compile_file: <fd>(38): nonexistent syscall '_llseek'
06-22 08:48:41.656 W//apex/com.android.media.swcodec/bin/mediaswcodec( 1799): libminijail[1799]: compile_file: <fd>(47): nonexistent syscall 'ugetrlimit'
06-22 08:48:41.656 W//apex/com.android.media.swcodec/bin/mediaswcodec( 1799): libminijail[1799]: compile_file: <fd>(50): nonexistent syscall '_llseek'
06-22 08:48:41.656 W//apex/com.android.media.swcodec/bin/mediaswcodec( 1799): libminijail[1799]: compile_file: <fd>(51): nonexistent syscall 'fstatfs64'
06-22 08:48:41.656 W//apex/com.android.media.swcodec/bin/mediaswcodec( 1799): libminijail[1799]: compile_file: <fd>(63): nonexistent syscall 'ftruncate64'
06-22 08:48:41.656 W//apex/com.android.media.swcodec/bin/mediaswcodec( 1799): libminijail[1799]: compile_file: /system/etc/seccomp_policy/crash_dump.x86.policy(5): nonexistent syscall 'sigreturn'
06-22 08:48:41.657 W//apex/com.android.media.swcodec/bin/mediaswcodec( 1799): libminijail[1799]: compile_file: /system/etc/seccomp_policy/crash_dump.x86.policy(31): nonexistent syscall 'getuid32'
06-22 08:48:41.657 W//apex/com.android.media.swcodec/bin/mediaswcodec( 1799): libminijail[1799]: compile_file: /system/etc/seccomp_policy/crash_dump.x86.policy(32): nonexistent syscall 'fstat64'
06-22 08:48:41.657 W//apex/com.android.media.swcodec/bin/mediaswcodec( 1799): libminijail[1799]: compile_file: /system/etc/seccomp_policy/crash_dump.x86.policy(33): nonexistent syscall 'mmap2'
06-22 08:48:41.657 W//apex/com.android.media.swcodec/bin/mediaswcodec( 1799): libminijail[1799]: compile_file: /system/etc/seccomp_policy/crash_dump.x86.policy(34): nonexistent syscall 'geteuid32'
06-22 08:48:41.657 W//apex/com.android.media.swcodec/bin/mediaswcodec( 1799): libminijail[1799]: compile_file: /system/etc/seccomp_policy/crash_dump.x86.policy(35): nonexistent syscall 'getgid32'
06-22 08:48:41.657 W//apex/com.android.media.swcodec/bin/mediaswcodec( 1799): libminijail[1799]: compile_file: /system/etc/seccomp_policy/crash_dump.x86.policy(36): nonexistent syscall 'getegid32'
06-22 08:48:41.657 W//apex/com.android.media.swcodec/bin/mediaswcodec( 1799): libminijail[1799]: compile_file: /system/etc/seccomp_policy/crash_dump.x86.policy(37): nonexistent syscall 'getgroups32'
06-22 08:48:41.657 W//apex/com.android.media.swcodec/bin/mediaswcodec( 1799): libminijail[1799]: logging seccomp filter failures
06-22 08:48:41.657 I/CodecServiceRegistrant( 1799): Creating software Codec2 service...
06-22 08:48:41.661 I/ServiceManagement( 1799): Registered android.hardware.media.c2@1.0::IComponentStore/software (start delay of 447ms)
06-22 08:48:41.661 I/CodecServiceRegistrant( 1799): Software Codec2 service created.
06-22 08:48:41.672 E/MediaExtractorFactory( 1787): couldn't opendir(/system/lib64/extractors)
06-22 08:48:41.727 I/ServiceManager( 1795): Waiting for service 'package_native' on '/dev/binder'...
06-22 08:48:41.795 D/ICU     ( 1664): Time zone APEX file found: /apex/com.android.tzdata/etc/icu/icu_tzdata.dat
06-22 08:48:41.797 D/ICU     ( 1665): Time zone APEX file found: /apex/com.android.tzdata/etc/icu/icu_tzdata.dat
06-22 08:48:41.828 I/ServiceManager( 1795): Waiting for service 'package_native' on '/dev/binder'...
06-22 08:48:41.834 W/zygote64( 1664): Unexpected CPU variant for X86 using defaults: x86_64
06-22 08:48:41.835 W/zygote  ( 1665): Unexpected CPU variant for X86 using defaults: x86_64
06-22 08:48:41.906 W/zygote  ( 1665): JNI RegisterNativeMethods: attempt to register 0 native methods for android.media.AudioAttributes
06-22 08:48:41.907 W/zygote64( 1664): JNI RegisterNativeMethods: attempt to register 0 native methods for android.media.AudioAttributes
06-22 08:48:41.917 D/Zygote  ( 1664): begin preload
06-22 08:48:41.917 I/Zygote  ( 1664): Calling ZygoteHooks.beginPreload()
06-22 08:48:41.923 I/zygote  ( 1665): Explicit concurrent copying GC freed 296(39KB) AllocSpace objects, 0(0B) LOS objects, 98% free, 24KB/1560KB, paused 668us total 5.293ms
06-22 08:48:41.928 I/zygote  ( 1665): Explicit concurrent copying GC freed 5(32KB) AllocSpace objects, 0(0B) LOS objects, 98% free, 24KB/1560KB, paused 673us total 3.952ms
06-22 08:48:41.928 I/ServiceManager( 1795): Waiting for service 'package_native' on '/dev/binder'...
06-22 08:48:41.929 D/Zygote32Timing( 1665): PostZygoteInitGC took to complete: 11ms
06-22 08:48:41.929 D/Zygote32Timing( 1665): ZygoteInit took to complete: 11ms
06-22 08:48:41.930 I/adbd    ( 1760): adbd listening on port 5555
06-22 08:48:41.933 I/adbd    ( 1760): host-15: write thread spawning
06-22 08:48:41.933 I/adbd    ( 1760): host-15: read thread spawning
06-22 08:48:41.934 I/adbd    ( 1760): USB event: FUNCTIONFS_BIND
06-22 08:48:41.934 D/Zygote64Timing( 1664): BeginPreload took to complete: 17ms
06-22 08:48:41.934 I/Zygote  ( 1664): Preloading classes...
06-22 08:48:41.935 W/Zygote  ( 1664): Class not found for preloading: android.app.-$$Lambda$ActivityThread$ZXDWm3IBeFmLnFVblhB-IOZCr9o
06-22 08:48:41.957 I/netd    ( 1663): Setting up StrictController hooks: 569.0ms
06-22 08:48:41.957 I/ClatdController( 1663): 4.9+ kernel and device shipped with P - clat ebpf might work.
06-22 08:48:41.957 I/netd    ( 1663): Initializing ClatdController: 0.3ms
06-22 08:48:41.961 I/netd    ( 1663): Initializing traffic control: 3.7ms
06-22 08:48:41.977 W/Zygote  ( 1664): Class not found for preloading: android.bluetooth.BluetoothA2dp$2
06-22 08:48:41.977 I/netd    ( 1663): Enabling bandwidth control: 16.8ms
06-22 08:48:41.978 E/Netd    ( 1663): cannot find interface dummy0
06-22 08:48:41.978 I/netd    ( 1663): Initializing RouteController: 0.6ms
06-22 08:48:41.978 D/XfrmController( 1663): XfrmController::ipSecAddXfrmInterface, line=1379
06-22 08:48:41.979 I/Zygote  ( 1665): Accepting command socket connections
06-22 08:48:41.981 D/XfrmController( 1663): XfrmController::ipSecRemoveTunnelInterface, line=1592
06-22 08:48:41.981 D/XfrmController( 1663): deviceName=ipsec_test
06-22 08:48:41.984 I/PackageBackwardCompatibility( 1664): Could not find android.content.pm.AndroidTestBaseUpdater, ignoring
06-22 08:48:42.014 D/XfrmController( 1663): Sending Netlink XFRM Message: XFRM_MSG_FLUSHSA
06-22 08:48:42.014 D/XfrmController( 1663): Sending Netlink XFRM Message: XFRM_MSG_FLUSHPOLICY
06-22 08:48:42.014 I/netd    ( 1663): Initializing XfrmController: 35.7ms
06-22 08:48:42.014 E/Netd    ( 1663): Unable to create netlink socket for family 5: Protocol not supported
06-22 08:48:42.014 W/Netd    ( 1663): Unable to open qlog quota socket, check if xt_quota2 can send via UeventHandler
06-22 08:48:42.015 I/libnetd_resolv( 1663): resolv_init: Initializing resolver
06-22 08:48:42.016 D/MDnsDS  ( 1663): MDnsSdListener::Hander starting up
06-22 08:48:42.016 I/netd    ( 1663): Registering NetdNativeService: 0.1ms
06-22 08:48:42.018 I/ServiceManagement( 1663): Registered android.system.net.netd@1.1::INetd/default (start delay of 1684ms)
06-22 08:48:42.019 I/netd    ( 1663): Registering NetdHwService: 2.5ms
06-22 08:48:42.019 I/netd    ( 1663): Netd started in 1606ms
06-22 08:48:42.019 D/MDnsDS  ( 1663): MDnsSdListener starting to monitor
06-22 08:48:42.019 D/MDnsDS  ( 1663): Going to poll with pollCount 1
06-22 08:48:42.029 I/ServiceManager( 1795): Waiting for service 'package_native' on '/dev/binder'...
06-22 08:48:42.055 I/adbd    ( 1760): USB event: FUNCTIONFS_ENABLE
06-22 08:48:42.059 I/adbd    ( 1760): host-15: already offline
06-22 08:48:42.129 I/ServiceManager( 1795): Waiting for service 'package_native' on '/dev/binder'...
06-22 08:48:42.212 E/ActivityRecognitionHardware( 1664): activity_recognition HAL is deprecated. class_init is effectively a no-op
06-22 08:48:42.229 I/ServiceManager( 1795): Waiting for service 'package_native' on '/dev/binder'...
06-22 08:48:42.241 I/zygote64( 1664): Thread[1,tid=1664,Native,Thread*=0x7f541364f000,peer=0x12c02208,"main"] recursive attempt to load library "libmedia_jni.so"
06-22 08:48:42.241 D/MtpDeviceJNI( 1664): register_android_mtp_MtpDevice
06-22 08:48:42.241 I/zygote64( 1664): Thread[1,tid=1664,Native,Thread*=0x7f541364f000,peer=0x12c02208,"main"] recursive attempt to load library "libmedia_jni.so"
06-22 08:48:42.241 I/zygote64( 1664): Thread[1,tid=1664,Native,Thread*=0x7f541364f000,peer=0x12c02208,"main"] recursive attempt to load library "libmedia_jni.so"
06-22 08:48:42.247 W/Zygote  ( 1664): Class not found for preloading: android.media.audiopolicy.AudioProductStrategies
06-22 08:48:42.247 W/Zygote  ( 1664): Class not found for preloading: android.media.audiopolicy.AudioVolumeGroups
06-22 08:48:42.321 W/Zygote  ( 1664): Class not found for preloading: android.view.textclassifier.-$$Lambda$TextClassificationManager$JIaezIJbMig_-kVzN6oArzkTsJE
06-22 08:48:42.326 W/Zygote  ( 1664): Class not found for preloading: com.android.internal.net.NetworkStatsFactory
06-22 08:48:42.329 I/ServiceManager( 1795): Waiting for service 'package_native' on '/dev/binder'...
06-22 08:48:42.330 W/Zygote  ( 1664): Class not found for preloading: com.android.internal.telephony.-$$Lambda$PhoneSubInfoController$8HFbCDJDN1mrLJG980qYH5MGqMk
06-22 08:48:42.330 W/Zygote  ( 1664): Class not found for preloading: com.android.internal.telephony.-$$Lambda$PhoneSubInfoController$U28a_EGx2cvmQhDfRRgonMt5Zrc
06-22 08:48:42.331 W/Zygote  ( 1664): Class not found for preloading: com.android.internal.telephony.-$$Lambda$SubscriptionInfoUpdater$-zZXM9oMRZ3vZz7dJOG19J00Bmw
06-22 08:48:42.331 W/Zygote  ( 1664): Class not found for preloading: com.android.internal.telephony.-$$Lambda$SubscriptionInfoUpdater$D5yF1HbS4cvCyoAj3FESkPtA_0g
06-22 08:48:42.331 W/Zygote  ( 1664): Class not found for preloading: com.android.internal.telephony.-$$Lambda$SubscriptionInfoUpdater$MMx9iQX0JVqqMPLTUZhdBubFSzU
06-22 08:48:42.337 W/Zygote  ( 1664): Class not found for preloading: com.android.internal.telephony.PhoneConfigurationModels
06-22 08:48:42.340 W/Zygote  ( 1664): Class not found for preloading: com.android.internal.telephony.SubscriptionController$ScLocalLog
06-22 08:48:42.341 W/Zygote  ( 1664): Class not found for preloading: com.android.internal.telephony.UiccSmsController
06-22 08:48:42.360 I/Zygote  ( 1664): ...preloaded 7590 classes in 426ms.
06-22 08:48:42.360 I/zygote64( 1664): VMRuntime.preloadDexCaches starting
06-22 08:48:42.372 I/zygote64( 1664): VMRuntime.preloadDexCaches strings total=378948 before=9925 after=9925
06-22 08:48:42.372 I/zygote64( 1664): VMRuntime.preloadDexCaches types total=35812 before=7199 after=7467
06-22 08:48:42.372 I/zygote64( 1664): VMRuntime.preloadDexCaches fields total=160603 before=8020 after=8221
06-22 08:48:42.372 I/zygote64( 1664): VMRuntime.preloadDexCaches methods total=281511 before=10884 after=11316
06-22 08:48:42.372 I/zygote64( 1664): VMRuntime.preloadDexCaches finished
06-22 08:48:42.372 D/Zygote64Timing( 1664): PreloadClasses took to complete: 438ms
06-22 08:48:42.374 I/zygote64( 1664): The ClassLoaderContext is a special shared library.
06-22 08:48:42.375 D/ApplicationLoaders( 1664): Created zygote-cached class loader: /system/framework/android.hidl.base-V1.0-java.jar
06-22 08:48:42.377 I/zygote64( 1664): The ClassLoaderContext is a special shared library.
06-22 08:48:42.377 D/ApplicationLoaders( 1664): Created zygote-cached class loader: /system/framework/android.hidl.manager-V1.0-java.jar
06-22 08:48:42.377 D/Zygote64Timing( 1664): CacheNonBootClasspathClassLoaders took to complete: 5ms
06-22 08:48:42.430 I/ServiceManager( 1795): Waiting for service 'package_native' on '/dev/binder'...
06-22 08:48:42.530 I/ServiceManager( 1795): Waiting for service 'package_native' on '/dev/binder'...
06-22 08:48:42.561 I/Zygote  ( 1664): Preloading resources...
06-22 08:48:42.571 W/Resources( 1664): Preloaded drawable resource #0x108027c (android:drawable/dialog_background_material) that varies with configuration!!
06-22 08:48:42.584 I/Zygote  ( 1664): ...preloaded 64 resources in 23ms.
06-22 08:48:42.586 I/Zygote  ( 1664): ...preloaded 41 resources in 2ms.
06-22 08:48:42.586 D/Zygote64Timing( 1664): PreloadResources took to complete: 209ms
06-22 08:48:42.589 I/Zygote  ( 1664): Preloading shared libraries...
06-22 08:48:42.595 I/Zygote  ( 1664): Called ZygoteHooks.endPreload()
06-22 08:48:42.595 I/Zygote  ( 1664): Installed AndroidKeyStoreProvider in 1ms.
06-22 08:48:42.597 I/Zygote  ( 1664): Warmed up JCA providers in 1ms.
06-22 08:48:42.597 D/Zygote  ( 1664): end preload
06-22 08:48:42.597 D/Zygote64Timing( 1664): ZygotePreload took to complete: 680ms
06-22 08:48:42.602 I/zygote64( 1664): Explicit concurrent copying GC freed 12280(533KB) AllocSpace objects, 0(0B) LOS objects, 71% free, 2418KB/8562KB, paused 343us total 4.830ms
06-22 08:48:42.607 I/zygote64( 1664): Explicit concurrent copying GC freed 1253(79KB) AllocSpace objects, 0(0B) LOS objects, 72% free, 2371KB/8515KB, paused 358us total 4.789ms
06-22 08:48:42.608 D/Zygote64Timing( 1664): PostZygoteInitGC took to complete: 11ms
06-22 08:48:42.608 D/Zygote64Timing( 1664): ZygoteInit took to complete: 691ms
06-22 08:48:42.630 I/ServiceManager( 1795): Waiting for service 'package_native' on '/dev/binder'...
06-22 08:48:42.660 D/Zygote  ( 1664): Forked child process 1905
06-22 08:48:42.660 I/Zygote  ( 1664): System server process 1905 has been created
06-22 08:48:42.660 I/Zygote  ( 1664): Accepting command socket connections
06-22 08:48:42.665 I/system_server( 1905): The ClassLoaderContext is a special shared library.
06-22 08:48:42.686 I/chatty  ( 1905): uid=1000 system_server identical 2 lines
06-22 08:48:42.690 I/system_server( 1905): The ClassLoaderContext is a special shared library.
06-22 08:48:42.692 W/system_server( 1905): Unexpected CPU variant for X86 using defaults: x86_64
06-22 08:48:42.722 I/SystemServer( 1905): InitBeforeStartServices
06-22 08:48:42.724 W/SystemServer( 1905): Timezone not set; setting to GMT.
06-22 08:48:42.726 I/SystemServer( 1905): Entered the Android system server!
06-22 08:48:42.731 I/ServiceManager( 1795): Waiting for service 'package_native' on '/dev/binder'...
06-22 08:48:42.831 I/ServiceManager( 1795): Waiting for service 'package_native' on '/dev/binder'...
06-22 08:48:42.844 E/UsbAlsaJackDetectorJNI( 1905): Can't register UsbAlsaJackDetector native methods
06-22 08:48:42.857 D/SystemServerTiming( 1905): InitBeforeStartServices took to complete: 135ms
06-22 08:48:42.857 I/SystemServer( 1905): StartServices
06-22 08:48:42.857 I/SystemServer( 1905): StartWatchdog
06-22 08:48:42.868 D/SystemServerTiming( 1905): StartWatchdog took to complete: 11ms
06-22 08:48:42.868 I/SystemServer( 1905): Reading configuration...
06-22 08:48:42.868 I/SystemServer( 1905): ReadingSystemConfig
06-22 08:48:42.869 D/SystemServerTiming( 1905): ReadingSystemConfig took to complete: 1ms
06-22 08:48:42.869 I/SystemServer( 1905): StartInstaller
06-22 08:48:42.869 I/SystemServiceManager( 1905): Starting com.android.server.pm.Installer
06-22 08:48:42.869 D/SystemServerInitThreadPool( 1905): Started executing ReadingSystemConfig
06-22 08:48:42.871 D/installd( 1781): Found quota mount /dev/block/vdc at /data
06-22 08:48:42.872 D/SystemServerTiming( 1905): StartInstaller took to complete: 3ms
06-22 08:48:42.872 I/SystemServer( 1905): DeviceIdentifiersPolicyService
06-22 08:48:42.872 I/SystemServiceManager( 1905): Starting com.android.server.os.DeviceIdentifiersPolicyService
06-22 08:48:42.872 D/SystemServerTiming( 1905): DeviceIdentifiersPolicyService took to complete: 0ms
06-22 08:48:42.872 I/SystemServer( 1905): UriGrantsManagerService
06-22 08:48:42.872 I/SystemServiceManager( 1905): Starting com.android.server.uri.UriGrantsManagerService$Lifecycle
06-22 08:48:42.877 D/SystemServerTiming( 1905): UriGrantsManagerService took to complete: 5ms
06-22 08:48:42.877 I/SystemServer( 1905): StartActivityManager
06-22 08:48:42.877 I/SystemServiceManager( 1905): Starting com.android.server.wm.ActivityTaskManagerService$Lifecycle
06-22 08:48:42.883 I/SystemServiceManager( 1905): Starting com.android.server.am.ActivityManagerService$Lifecycle
06-22 08:48:42.892 I/SystemConfig( 1905): Adding association: com.google.android.as <- com.android.providers.contacts
06-22 08:48:42.892 I/SystemConfig( 1905): Adding association: com.google.android.as <- com.android.providers.media
06-22 08:48:42.892 I/SystemConfig( 1905): Adding association: com.google.android.as <- com.android.providers.telephony
06-22 08:48:42.892 I/SystemConfig( 1905): Adding association: com.google.android.as <- com.android.systemui
06-22 08:48:42.892 I/SystemConfig( 1905): Adding association: com.google.android.as <- com.google.android.gms
06-22 08:48:42.892 I/SystemConfig( 1905): Adding association: com.google.android.as <- com.google.android.gsf
06-22 08:48:42.899 I/ActivityManager( 1905): Memory class: 512
06-22 08:48:42.916 D/BatteryStatsImpl( 1905): Reading daily items from /data/system/batterystats-daily.xml
06-22 08:48:42.917 W/SystemConfig( 1905): No directory /product_services/etc/sysconfig, skipping
06-22 08:48:42.917 W/SystemConfig( 1905): No directory /product_services/etc/permissions, skipping
06-22 08:48:42.917 D/SystemServerInitThreadPool( 1905): Finished executing ReadingSystemConfig
06-22 08:48:42.918 E/BatteryStatsImpl( 1905): Error reading battery statistics
06-22 08:48:42.918 E/BatteryStatsImpl( 1905): java.io.FileNotFoundException: /data/system/batterystats.bin: open failed: ENOENT (No such file or directory)
06-22 08:48:42.918 E/BatteryStatsImpl( 1905): 	at libcore.io.IoBridge.open(IoBridge.java:496)
06-22 08:48:42.918 E/BatteryStatsImpl( 1905): 	at java.io.FileInputStream.<init>(FileInputStream.java:159)
06-22 08:48:42.918 E/BatteryStatsImpl( 1905): 	at com.android.internal.os.AtomicFile.openRead(AtomicFile.java:157)
06-22 08:48:42.918 E/BatteryStatsImpl( 1905): 	at com.android.internal.os.AtomicFile.readFully(AtomicFile.java:162)
06-22 08:48:42.918 E/BatteryStatsImpl( 1905): 	at com.android.internal.os.BatteryStatsImpl.readLocked(BatteryStatsImpl.java:13339)
06-22 08:48:42.918 E/BatteryStatsImpl( 1905): 	at com.android.server.am.ActivityManagerService.<init>(ActivityManagerService.java:2501)
06-22 08:48:42.918 E/BatteryStatsImpl( 1905): 	at com.android.server.am.ActivityManagerService$Lifecycle.<init>(ActivityManagerService.java:2215)
06-22 08:48:42.918 E/BatteryStatsImpl( 1905): 	at java.lang.reflect.Constructor.newInstance0(Native Method)
06-22 08:48:42.918 E/BatteryStatsImpl( 1905): 	at java.lang.reflect.Constructor.newInstance(Constructor.java:343)
06-22 08:48:42.918 E/BatteryStatsImpl( 1905): 	at com.android.server.SystemServiceManager.startService(SystemServiceManager.java:101)
06-22 08:48:42.918 E/BatteryStatsImpl( 1905): 	at com.android.server.am.ActivityManagerService$Lifecycle.startService(ActivityManagerService.java:2221)
06-22 08:48:42.918 E/BatteryStatsImpl( 1905): 	at com.android.server.SystemServer.startBootstrapServices(SystemServer.java:660)
06-22 08:48:42.918 E/BatteryStatsImpl( 1905): 	at com.android.server.SystemServer.run(SystemServer.java:510)
06-22 08:48:42.918 E/BatteryStatsImpl( 1905): 	at com.android.server.SystemServer.main(SystemServer.java:349)
06-22 08:48:42.918 E/BatteryStatsImpl( 1905): 	at java.lang.reflect.Method.invoke(Native Method)
06-22 08:48:42.918 E/BatteryStatsImpl( 1905): 	at com.android.internal.os.RuntimeInit$MethodAndArgsCaller.run(RuntimeInit.java:492)
06-22 08:48:42.918 E/BatteryStatsImpl( 1905): 	at com.android.internal.os.ZygoteInit.main(ZygoteInit.java:908)
06-22 08:48:42.918 E/BatteryStatsImpl( 1905): Caused by: android.system.ErrnoException: open failed: ENOENT (No such file or directory)
06-22 08:48:42.918 E/BatteryStatsImpl( 1905): 	at libcore.io.Linux.open(Native Method)
06-22 08:48:42.918 E/BatteryStatsImpl( 1905): 	at libcore.io.ForwardingOs.open(ForwardingOs.java:167)
06-22 08:48:42.918 E/BatteryStatsImpl( 1905): 	at libcore.io.BlockGuardOs.open(BlockGuardOs.java:252)
06-22 08:48:42.918 E/BatteryStatsImpl( 1905): 	at libcore.io.IoBridge.open(IoBridge.java:482)
06-22 08:48:42.918 E/BatteryStatsImpl( 1905): 	... 16 more
06-22 08:48:42.919 E/BatteryStatsImpl( 1905): Error reading battery history
06-22 08:48:42.919 E/BatteryStatsImpl( 1905): java.io.FileNotFoundException: /data/system/battery-history/0.bin: open failed: ENOENT (No such file or directory)
06-22 08:48:42.919 E/BatteryStatsImpl( 1905): 	at libcore.io.IoBridge.open(IoBridge.java:496)
06-22 08:48:42.919 E/BatteryStatsImpl( 1905): 	at java.io.FileInputStream.<init>(FileInputStream.java:159)
06-22 08:48:42.919 E/BatteryStatsImpl( 1905): 	at com.android.internal.os.AtomicFile.openRead(AtomicFile.java:157)
06-22 08:48:42.919 E/BatteryStatsImpl( 1905): 	at com.android.internal.os.AtomicFile.readFully(AtomicFile.java:162)
06-22 08:48:42.919 E/BatteryStatsImpl( 1905): 	at com.android.internal.os.BatteryStatsImpl.readLocked(BatteryStatsImpl.java:13358)
06-22 08:48:42.919 E/BatteryStatsImpl( 1905): 	at com.android.server.am.ActivityManagerService.<init>(ActivityManagerService.java:2501)
06-22 08:48:42.919 E/BatteryStatsImpl( 1905): 	at com.android.server.am.ActivityManagerService$Lifecycle.<init>(ActivityManagerService.java:2215)
06-22 08:48:42.919 E/BatteryStatsImpl( 1905): 	at java.lang.reflect.Constructor.newInstance0(Native Method)
06-22 08:48:42.919 E/BatteryStatsImpl( 1905): 	at java.lang.reflect.Constructor.newInstance(Constructor.java:343)
06-22 08:48:42.919 E/BatteryStatsImpl( 1905): 	at com.android.server.SystemServiceManager.startService(SystemServiceManager.java:101)
06-22 08:48:42.919 E/BatteryStatsImpl( 1905): 	at com.android.server.am.ActivityManagerService$Lifecycle.startService(ActivityManagerService.java:2221)
06-22 08:48:42.919 E/BatteryStatsImpl( 1905): 	at com.android.server.SystemServer.startBootstrapServices(SystemServer.java:660)
06-22 08:48:42.919 E/BatteryStatsImpl( 1905): 	at com.android.server.SystemServer.run(SystemServer.java:510)
06-22 08:48:42.919 E/BatteryStatsImpl( 1905): 	at com.android.server.SystemServer.main(SystemServer.java:349)
06-22 08:48:42.919 E/BatteryStatsImpl( 1905): 	at java.lang.reflect.Method.invoke(Native Method)
06-22 08:48:42.919 E/BatteryStatsImpl( 1905): 	at com.android.internal.os.RuntimeInit$MethodAndArgsCaller.run(RuntimeInit.java:492)
06-22 08:48:42.919 E/BatteryStatsImpl( 1905): 	at com.android.internal.os.ZygoteInit.main(ZygoteInit.java:908)
06-22 08:48:42.919 E/BatteryStatsImpl( 1905): Caused by: android.system.ErrnoException: open failed: ENOENT (No such file or directory)
06-22 08:48:42.919 E/BatteryStatsImpl( 1905): 	at libcore.io.Linux.open(Native Method)
06-22 08:48:42.919 E/BatteryStatsImpl( 1905): 	at libcore.io.ForwardingOs.open(ForwardingOs.java:167)
06-22 08:48:42.919 E/BatteryStatsImpl( 1905): 	at libcore.io.BlockGuardOs.open(BlockGuardOs.java:252)
06-22 08:48:42.919 E/BatteryStatsImpl( 1905): 	at libcore.io.IoBridge.open(IoBridge.java:482)
06-22 08:48:42.919 E/BatteryStatsImpl( 1905): 	... 16 more
06-22 08:48:42.922 I/hwservicemanager( 1566): getTransport: Cannot find entry android.hardware.power.stats@1.0::IPowerStats/default in either framework or device manifest.
06-22 08:48:42.922 I/BatteryStatsService( 1905): Using power HAL
06-22 08:48:42.922 E/BatteryStatsService( 1905): Unable to load Power.Stats.HAL. Setting rail availability to false
06-22 08:48:42.923 E/BluetoothAdapter( 1905): Bluetooth binder is null
06-22 08:48:42.927 E/BatteryExternalStatsWorker( 1905): no controller energy info supplied for telephony
06-22 08:48:42.928 E/KernelCpuUidFreqTimeReader( 1905): Failed to read /proc/uid_time_in_state: java.nio.file.NoSuchFileException: /proc/uid_time_in_state
06-22 08:48:42.929 W/KernelCpuProcStringReader( 1905): File not found. It's normal if not implemented: /proc/uid_time_in_state
06-22 08:48:42.929 W/KernelCpuProcStringReader( 1905): File not found. It's normal if not implemented: /proc/uid_concurrent_active_time
06-22 08:48:42.930 W/KernelCpuProcStringReader( 1905): File not found. It's normal if not implemented: /proc/uid_concurrent_policy_time
06-22 08:48:42.930 W/KernelMemoryBandwidthStats( 1905): No kernel memory bandwidth stats available
06-22 08:48:42.931 I/PowerManagerService-JNI( 1905): Loaded power HAL 1.0 service
06-22 08:48:42.931 I/PowerManagerService-JNI( 1905): Loaded power HAL 1.1 service
06-22 08:48:42.931 I/ServiceManager( 1795): Waiting for service 'package_native' on '/dev/binder'...
06-22 08:48:42.942 I/hwservicemanager( 1566): getTransport: Cannot find entry android.hardware.memtrack@1.0::IMemtrack/default in either framework or device manifest.
06-22 08:48:42.942 E/memtrack( 1905): Couldn't load memtrack module
06-22 08:48:42.942 W/android.os.Debug( 1905): failed to get memory consumption info: -1
06-22 08:48:42.945 I/AppOps  ( 1905): No existing app ops /data/system/appops.xml; starting empty
06-22 08:48:42.949 I/IntentFirewall( 1905): Read new rules (A:0 B:0 S:0)
06-22 08:48:42.962 W/libprocessgroup( 1905): Failed to remove /acct/uid_1003: Permission denied
06-22 08:48:42.967 D/AppOps  ( 1905): AppOpsService published
06-22 08:48:42.972 D/SystemServerTiming( 1905): StartActivityManager took to complete: 95ms
06-22 08:48:42.972 I/SystemServer( 1905): StartPowerManager
06-22 08:48:42.972 I/SystemServiceManager( 1905): Starting com.android.server.power.PowerManagerService
06-22 08:48:42.981 D/SystemServerTiming( 1905): StartPowerManager took to complete: 9ms
06-22 08:48:42.981 I/SystemServer( 1905): StartThermalManager
06-22 08:48:42.981 I/SystemServiceManager( 1905): Starting com.android.server.power.ThermalManagerService
06-22 08:48:42.982 D/SystemServerTiming( 1905): StartThermalManager took to complete: 1ms
06-22 08:48:42.982 I/SystemServer( 1905): InitPowerManagement
06-22 08:48:42.982 D/SystemServerTiming( 1905): InitPowerManagement took to complete: 0ms
06-22 08:48:42.982 I/SystemServer( 1905): StartRecoverySystemService
06-22 08:48:42.982 I/SystemServiceManager( 1905): Starting com.android.server.RecoverySystemService
06-22 08:48:42.983 D/SystemServerTiming( 1905): StartRecoverySystemService took to complete: 1ms
06-22 08:48:42.983 V/RescueParty( 1905): Disabled because of active USB connection
06-22 08:48:42.983 I/SystemServer( 1905): StartLightsService
06-22 08:48:42.983 I/SystemServiceManager( 1905): Starting com.android.server.lights.LightsService
06-22 08:48:42.986 D/SystemServerTiming( 1905): StartLightsService took to complete: 2ms
06-22 08:48:42.986 I/SystemServer( 1905): StartSidekickService
06-22 08:48:42.986 D/SystemServerTiming( 1905): StartSidekickService took to complete: 0ms
06-22 08:48:42.986 I/SystemServer( 1905): StartDisplayManager
06-22 08:48:42.986 I/SystemServiceManager( 1905): Starting com.android.server.display.DisplayManagerService
06-22 08:48:42.988 D/SystemServerTiming( 1905): StartDisplayManager took to complete: 2ms
06-22 08:48:42.988 I/SystemServer( 1905): WaitForDisplay
06-22 08:48:42.988 I/SystemServiceManager( 1905): Starting phase 100
06-22 08:48:42.990 E/SurfaceFlinger( 1718): ro.sf.lcd_density must be defined as a build property
06-22 08:48:42.994 I/DisplayManagerService( 1905): Display device added: DisplayDeviceInfo{"Built-in Screen": uniqueId="local:0", 320 x 640, modeId 1, defaultModeId 1, supportedModes [{id=1, width=320, height=640, fps=60.000004}], colorMode 0, supportedColorModes [0], HdrCapabilities android.view.Display$HdrCapabilities@40f16308, density 160, 160.0 x 160.0 dpi, appVsyncOff 1000000, presDeadline 16666666, touch INTERNAL, rotation 0, type BUILT_IN, address {port=0}, state UNKNOWN, FLAG_DEFAULT_DISPLAY, FLAG_ROTATES_WITH_CONTENT, FLAG_SECURE, FLAG_SUPPORTS_PROTECTED_BUFFERS}
06-22 08:48:42.997 D/SurfaceFlinger( 1718): Setting power mode 2 on display 0
06-22 08:48:42.999 I/hwservicemanager( 1566): getTransport: Cannot find entry android.hardware.light@2.0::ILight/default in either framework or device manifest.
06-22 08:48:42.999 D/SystemServerTiming( 1905): WaitForDisplay took to complete: 10ms
06-22 08:48:42.999 W/StrictMode( 1905): No activity manager; failed to Dropbox violation.
06-22 08:48:42.999 I/SystemServer( 1905): StartPackageManagerService
06-22 08:48:42.999 I/Watchdog( 1905): Pausing HandlerChecker: main thread for reason: packagemanagermain. Pause count: 1
06-22 08:48:43.000 I/DisplayManagerService( 1905): Display device changed state: "Built-in Screen", ON
06-22 08:48:43.023 W/FileUtils( 1905): Failed to chmod(/data/system/packages.list): android.system.ErrnoException: chmod failed: ENOENT (No such file or directory)
06-22 08:48:43.027 D/SELinuxMMAC( 1905): Using policy file /system/etc/selinux/plat_mac_permissions.xml
06-22 08:48:43.028 D/SELinuxMMAC( 1905): Using policy file /vendor/etc/selinux/vendor_mac_permissions.xml
06-22 08:48:43.000 I/chatty  ( 1905): uid=1000(system) android.display identical 4 lines
06-22 08:48:43.000 W/StrictMode( 1905): No activity manager; failed to Dropbox violation.
06-22 08:48:43.029 D/FallbackCategoryProvider( 1905): Found 387 fallback categories
06-22 08:48:43.029 I/PackageManager( 1905): No settings file; creating initial state
06-22 08:48:43.032 I/ServiceManager( 1795): Waiting for service 'package_native' on '/dev/binder'...
06-22 08:48:43.032 D/PackageManager( 1905): No files in app dir /vendor/overlay
06-22 08:48:43.039 I/PackageManager( 1905): /system/product/overlay/FontNotoSerifSource changed; collecting certs
06-22 08:48:43.063 V/apexd   ( 1639): Found bundled key in package /system/apex/com.android.apex.cts.shim.apex
06-22 08:48:43.064 E/apexd   ( 1639): Can't open /product/apex for reading : No such file or directory
06-22 08:48:43.081 I/PackageManager( 1905): /system/product/overlay/IconShapeRoundedRect changed; collecting certs
06-22 08:48:43.082 I/PackageManager( 1905): /system/product/overlay/IconShapeSquare changed; collecting certs
06-22 08:48:43.083 I/PackageManager( 1905): /system/product/overlay/EmulationPixel4a changed; collecting certs
06-22 08:48:43.084 I/PackageManager( 1905): /system/product/overlay/AccentColorGreen changed; collecting certs
06-22 08:48:43.085 I/PackageManager( 1905): /system/product/overlay/IconPackFilledThemePicker changed; collecting certs
06-22 08:48:43.086 I/PackageManager( 1905): /system/product/overlay/PixelConfigOverlayCommon.apk changed; collecting certs
