06-22 08:48:46.319 W/PackageManager( 1905): Cannot whitelist unknown permission: com.android.vending.TOS_ACKED
06-22 08:48:46.319 W/PackageManager( 1905): Cannot whitelist unknown permission: com.android.vending.setup.PLAY_SETUP_SERVICE
06-22 08:48:46.321 W/PackageManager( 1905): Cannot whitelist unknown permission: com.samsung.android.providers.context.permission.WRITE_USE_APP_FEATURE_SURVEY
06-22 08:48:46.322 I/PackageManager( 1905): Un-granting permission android.permission.BIND_JOB_SERVICE from package com.google.android.music (protectionLevel=2 flags=0x38cbbe65)
06-22 08:48:46.327 W/PackageManager( 1905): Cannot whitelist unknown permission: com.samsung.android.providers.context.permission.WRITE_USE_APP_FEATURE_SURVEY
06-22 08:48:46.327 I/PackageManager( 1905): Un-granting permission android.permission.BIND_JOB_SERVICE from package com.google.android.music (protectionLevel=2 flags=0x38cbbe65)
06-22 08:48:46.328 W/PackageManager( 1905): Cannot whitelist unknown permission: com.samsung.android.providers.context.permission.WRITE_USE_APP_FEATURE_SURVEY
06-22 08:48:46.328 I/PackageManager( 1905): Un-granting permission android.permission.BIND_JOB_SERVICE from package com.google.android.music (protectionLevel=2 flags=0x38cbbe65)
06-22 08:48:46.333 W/PackageManager( 1905): Cannot whitelist unknown permission: com.android.vending.BILLING
06-22 08:48:46.333 I/PackageManager( 1905): Un-granting permission android.permission.REQUEST_INSTALL_PACKAGES from package com.google.android.apps.docs (protectionLevel=66 flags=0x38cbbe45)
06-22 08:48:46.334 W/PackageManager( 1905): Cannot whitelist unknown permission: com.android.vending.BILLING
06-22 08:48:46.334 I/PackageManager( 1905): Un-granting permission android.permission.REQUEST_INSTALL_PACKAGES from package com.google.android.apps.docs (protectionLevel=66 flags=0x38cbbe45)
06-22 08:48:46.343 W/libc    ( 1704): Unable to set property "vendor.wlan.firmware.version" to "1.0": error code: 0x18
06-22 08:48:46.344 I/OMXClient( 1905): IOmx service obtained
06-22 08:48:46.345 I/OMXMaster( 1797): makeComponentInstance(OMX.google.vorbis.decoder) in android.hardwar process
06-22 08:48:46.345 E/OMXNodeInstance( 1797): getConfig(0xe6346000:google.vorbis.decoder, ConfigAndroidVendorExtension(0x6f100004)) ERROR: Undefined(0x80001001)
06-22 08:48:46.360 E/ActivityThread( 2042): Failed to find provider info for com.google.android.gsf.gservices
06-22 08:48:46.362 I/FileApkMgr( 2042): Extracting modules completed
06-22 08:48:46.363 I/GmsApplication( 2042): Staging modules completed
06-22 08:48:46.363 I/GmsApplication( 2042): Updating config
06-22 08:48:46.365 W/FileUtils( 2042): Failed to set world readable: /data/user_de/0/com.google.android.gms/app_chimera/current_config.fb
06-22 08:48:46.365 I/chatty  ( 2042): uid=10115 com.google.android.gms.persistent identical 2 lines
06-22 08:48:46.365 E/ActivityThread( 2042): Failed to find provider info for com.google.android.gsf.gservices
06-22 08:48:46.370 W/PackageManager( 1905): Cannot whitelist unknown permission: android.permission.READ_MEDIA_IMAGES
06-22 08:48:46.370 W/PackageManager( 1905): Cannot whitelist unknown permission: com.chrome.permission.DEVICE_EXTRAS
06-22 08:48:46.370 W/PackageManager( 1905): Cannot whitelist unknown permission: com.sec.enterprise.knox.MDM_CONTENT_PROVIDER
06-22 08:48:46.370 I/PackageManager( 1905): Un-granting permission android.permission.REQUEST_INSTALL_PACKAGES from package com.android.chrome (protectionLevel=66 flags=0xa0cbbe45)
06-22 08:48:46.370 I/PackageManager( 1905): Un-granting permission com.google.android.apps.now.CURRENT_ACCOUNT_ACCESS from package com.android.chrome (protectionLevel=2 flags=0xa0cbbe45)
06-22 08:48:46.372 W/libc    ( 1704): Unable to set property "vendor.wlan.driver.version" to "1.0": error code: 0x18
06-22 08:48:46.372 I/android.hardware.wifi@1.0-service( 1704): Configured chip in mode 0
06-22 08:48:46.372 W/android.hardware.wifi@1.0-service( 1704): No active wlan interfaces in use! Using default
06-22 08:48:46.372 D/HalDevMgr( 1905): updateRttController: no one is interested in RTT controllers
06-22 08:48:46.373 E/android.hardware.wifi@1.0-service( 1704): Failed to set DFS flag; DFS channels may be unavailable.
06-22 08:48:46.376 E/ChimeraCfgMgr( 2042): Failed to read module config: java.io.FileNotFoundException: /data/user_de/0/com.google.android.gms/app_chimera/current_config.fb: open failed: ENOENT (No such file or directory)
06-22 08:48:46.378 D/WificondControl( 1905): Setting up interface for client mode
06-22 08:48:46.378 W/PackageManager( 1905): Cannot whitelist unknown permission: android.permission.READ_MEDIA_IMAGES
06-22 08:48:46.378 W/PackageManager( 1905): Cannot whitelist unknown permission: com.chrome.permission.DEVICE_EXTRAS
06-22 08:48:46.378 W/PackageManager( 1905): Cannot whitelist unknown permission: com.sec.enterprise.knox.MDM_CONTENT_PROVIDER
06-22 08:48:46.379 I/PackageManager( 1905): Un-granting permission android.permission.REQUEST_INSTALL_PACKAGES from package com.android.chrome (protectionLevel=66 flags=0xa0cbbe45)
06-22 08:48:46.379 I/PackageManager( 1905): Un-granting permission com.google.android.apps.now.CURRENT_ACCOUNT_ACCESS from package com.android.chrome (protectionLevel=2 flags=0xa0cbbe45)
06-22 08:48:46.379 I/wificond( 1796): create scanner for interface with index: 3
06-22 08:48:46.379 I/wificond( 1796): subscribe scan result for interface with index: 3
06-22 08:48:46.379 I/hwservicemanager( 1566): getTransport: Cannot find entry android.hardware.wifi.offload@1.0::IOffload/default in either framework or device manifest.
06-22 08:48:46.379 E/wificond( 1796): No Offload Service available
06-22 08:48:46.379 I/wificond( 1796): Offload HAL not supported 
06-22 08:48:46.379 E/SupplicantStaIfaceHal( 1905): Can't call setupIface, ISupplicantStaIface is null
06-22 08:48:46.379 I/hwservicemanager( 1566): getTransport: Cannot find entry android.hardware.wifi.supplicant@1.1::ISupplicant/default in either framework or device manifest.
06-22 08:48:46.380 E/ActivityThread( 2042): Failed to find provider info for com.google.android.gsf.gservices
06-22 08:48:46.380 E/GservicesValue( 2042): Gservices key not whitelisted for directboot access: gms:chimera:dev_module_blacklist
06-22 08:48:46.381 I/hwservicemanager( 1566): getTransport: Cannot find entry android.hardware.wifi.supplicant@1.2::ISupplicant/default in either framework or device manifest.
06-22 08:48:46.381 I/hwservicemanager( 1566): getTransport: Cannot find entry android.hardware.wifi.supplicant@1.1::ISupplicant/default in either framework or device manifest.
06-22 08:48:46.382 I/GmsModuleFndr( 2042): Beginning GMS chimera module scan
06-22 08:48:46.383 I/netd    ( 1663): interfaceGetCfg("wlan0") <0.25ms>
06-22 08:48:46.384 I/WifiNative( 1905): Interface state changed on Iface:{Name=wlan0,Id=1,Type=STA_CONNECTIVITY}, isUp=true
06-22 08:48:46.384 I/netd    ( 1663): interfaceClearAddrs("wlan0") <0.09ms>
06-22 08:48:46.384 I/netd    ( 1663): interfaceSetIPv6PrivacyExtensions("wlan0", "true") <0.04ms>
06-22 08:48:46.384 I/netd    ( 1663): interfaceSetEnableIPv6("wlan0", "false") <0.04ms>
06-22 08:48:46.384 I/WifiNative( 1905): Successfully setup Iface:{Name=wlan0,Id=1,Type=STA_CONNECTIVITY}
06-22 08:48:46.386 I/hwservicemanager( 1566): getTransport: Cannot find entry android.hardware.wifi.supplicant@1.2::ISupplicant/default in either framework or device manifest.
06-22 08:48:46.386 E/SupplicantStaIfaceHal( 1905): Method getKeyMgmtCapabilities is not supported in existing HAL
06-22 08:48:46.386 D/WifiClientModeManager( 1905): entering StartedState
06-22 08:48:46.387 I/netd    ( 1663): interfaceGetCfg("wlan0") <0.10ms>
06-22 08:48:46.387 D/WifiClientModeManager( 1905): Wifi is ready to use for client mode
06-22 08:48:46.387 D/WifiActiveModeWarden( 1905): State changed from client mode. state = 3
06-22 08:48:46.387 D/WifiActiveModeWarden( 1905): client mode active
06-22 08:48:46.387 D/WifiScanRequestProxy( 1905): Sending scan available broadcast: true
06-22 08:48:46.387 I/WifiScanRequestProxy( 1905): Scanning is enabled
06-22 08:48:46.387 I/WifiScanRequestProxy( 1905): Scanning for hidden networks is enabled
06-22 08:48:46.387 E/WifiVendorHal( 1905): getBgScanCapabilities(l.630) failed {.code = ERROR_NOT_SUPPORTED, .description = }
06-22 08:48:46.382 I/chatty  ( 2042): uid=10115 com.google.android.gms.persistent identical 4 lines
06-22 08:48:46.382 E/ActivityThread( 2042): Failed to find provider info for com.google.android.gsf.gservices
06-22 08:48:46.388 W/PackageManager( 1905): Cannot whitelist unknown permission: com.sec.android.provider.badge.permission.READ
06-22 08:48:46.388 W/PackageManager( 1905): Cannot whitelist unknown permission: com.sec.android.provider.badge.permission.WRITE
06-22 08:48:46.388 W/PackageManager( 1905): Cannot whitelist unknown permission: com.htc.launcher.permission.READ_SETTINGS
06-22 08:48:46.388 W/PackageManager( 1905): Cannot whitelist unknown permission: com.htc.launcher.permission.UPDATE_SHORTCUT
06-22 08:48:46.388 W/PackageManager( 1905): Cannot whitelist unknown permission: com.sonyericsson.home.permission.BROADCAST_BADGE
06-22 08:48:46.388 W/PackageManager( 1905): Cannot whitelist unknown permission: com.sonymobile.home.permission.PROVIDER_INSERT_BADGE
06-22 08:48:46.388 W/PackageManager( 1905): Cannot whitelist unknown permission: com.anddoes.launcher.permission.UPDATE_COUNT
06-22 08:48:46.388 W/PackageManager( 1905): Cannot whitelist unknown permission: com.majeur.launcher.permission.UPDATE_BADGE
06-22 08:48:46.388 W/PackageManager( 1905): Cannot whitelist unknown permission: com.huawei.android.launcher.permission.CHANGE_BADGE
06-22 08:48:46.388 W/PackageManager( 1905): Cannot whitelist unknown permission: com.huawei.android.launcher.permission.READ_SETTINGS
06-22 08:48:46.388 W/PackageManager( 1905): Cannot whitelist unknown permission: com.huawei.android.launcher.permission.WRITE_SETTINGS
06-22 08:48:46.388 W/PackageManager( 1905): Cannot whitelist unknown permission: android.permission.READ_APP_BADGE
06-22 08:48:46.388 W/PackageManager( 1905): Cannot whitelist unknown permission: com.oppo.launcher.permission.READ_SETTINGS
06-22 08:48:46.388 W/PackageManager( 1905): Cannot whitelist unknown permission: com.oppo.launcher.permission.WRITE_SETTINGS
06-22 08:48:46.388 W/PackageManager( 1905): Cannot whitelist unknown permission: com.cequint.ecid.CALLER_ID_LOOKUP
06-22 08:48:46.388 W/PackageManager( 1905): Cannot whitelist unknown permission: com.motorola.incallui.permission.INCOMING_CALL_VISIBILITY_CHANGED
06-22 08:48:46.389 D/WifiClientModeImpl( 1905): entering ConnectModeState: ifaceName = wlan0
06-22 08:48:46.389 D/WifiClientModeImpl( 1905): setupClientMode() ifacename = wlan0
06-22 08:48:46.389 I/WifiScanningService( 1905): wifi driver loaded with scan capabilities: max buckets=16
06-22 08:48:46.389 W/PackageManager( 1905): Cannot whitelist unknown permission: com.sec.android.provider.badge.permission.READ
06-22 08:48:46.389 W/PackageManager( 1905): Cannot whitelist unknown permission: com.sec.android.provider.badge.permission.WRITE
06-22 08:48:46.389 W/PackageManager( 1905): Cannot whitelist unknown permission: com.htc.launcher.permission.READ_SETTINGS
06-22 08:48:46.389 W/PackageManager( 1905): Cannot whitelist unknown permission: com.htc.launcher.permission.UPDATE_SHORTCUT
06-22 08:48:46.389 W/PackageManager( 1905): Cannot whitelist unknown permission: com.sonyericsson.home.permission.BROADCAST_BADGE
06-22 08:48:46.389 W/PackageManager( 1905): Cannot whitelist unknown permission: com.sonymobile.home.permission.PROVIDER_INSERT_BADGE
06-22 08:48:46.390 W/PackageManager( 1905): Cannot whitelist unknown permission: com.anddoes.launcher.permission.UPDATE_COUNT
06-22 08:48:46.390 W/PackageManager( 1905): Cannot whitelist unknown permission: com.majeur.launcher.permission.UPDATE_BADGE
06-22 08:48:46.390 W/PackageManager( 1905): Cannot whitelist unknown permission: com.huawei.android.launcher.permission.CHANGE_BADGE
06-22 08:48:46.390 W/PackageManager( 1905): Cannot whitelist unknown permission: com.huawei.android.launcher.permission.READ_SETTINGS
06-22 08:48:46.390 W/PackageManager( 1905): Cannot whitelist unknown permission: com.huawei.android.launcher.permission.WRITE_SETTINGS
06-22 08:48:46.390 W/PackageManager( 1905): Cannot whitelist unknown permission: android.permission.READ_APP_BADGE
06-22 08:48:46.390 W/PackageManager( 1905): Cannot whitelist unknown permission: com.oppo.launcher.permission.READ_SETTINGS
06-22 08:48:46.390 W/PackageManager( 1905): Cannot whitelist unknown permission: com.oppo.launcher.permission.WRITE_SETTINGS
06-22 08:48:46.390 W/PackageManager( 1905): Cannot whitelist unknown permission: com.cequint.ecid.CALLER_ID_LOOKUP
06-22 08:48:46.390 W/PackageManager( 1905): Cannot whitelist unknown permission: com.motorola.incallui.permission.INCOMING_CALL_VISIBILITY_CHANGED
06-22 08:48:46.391 W/PackageManager( 1905): Cannot whitelist unknown permission: com.sec.android.provider.badge.permission.READ
06-22 08:48:46.391 W/PackageManager( 1905): Cannot whitelist unknown permission: com.sec.android.provider.badge.permission.WRITE
06-22 08:48:46.391 W/PackageManager( 1905): Cannot whitelist unknown permission: com.htc.launcher.permission.READ_SETTINGS
06-22 08:48:46.391 W/PackageManager( 1905): Cannot whitelist unknown permission: com.htc.launcher.permission.UPDATE_SHORTCUT
06-22 08:48:46.391 W/PackageManager( 1905): Cannot whitelist unknown permission: com.sonyericsson.home.permission.BROADCAST_BADGE
06-22 08:48:46.391 W/PackageManager( 1905): Cannot whitelist unknown permission: com.sonymobile.home.permission.PROVIDER_INSERT_BADGE
06-22 08:48:46.391 W/PackageManager( 1905): Cannot whitelist unknown permission: com.anddoes.launcher.permission.UPDATE_COUNT
06-22 08:48:46.391 W/PackageManager( 1905): Cannot whitelist unknown permission: com.majeur.launcher.permission.UPDATE_BADGE
06-22 08:48:46.391 W/PackageManager( 1905): Cannot whitelist unknown permission: com.huawei.android.launcher.permission.CHANGE_BADGE
06-22 08:48:46.391 W/PackageManager( 1905): Cannot whitelist unknown permission: com.huawei.android.launcher.permission.READ_SETTINGS
06-22 08:48:46.391 W/PackageManager( 1905): Cannot whitelist unknown permission: com.huawei.android.launcher.permission.WRITE_SETTINGS
06-22 08:48:46.391 W/PackageManager( 1905): Cannot whitelist unknown permission: android.permission.READ_APP_BADGE
06-22 08:48:46.391 W/PackageManager( 1905): Cannot whitelist unknown permission: com.oppo.launcher.permission.READ_SETTINGS
06-22 08:48:46.391 W/PackageManager( 1905): Cannot whitelist unknown permission: com.oppo.launcher.permission.WRITE_SETTINGS
06-22 08:48:46.391 W/PackageManager( 1905): Cannot whitelist unknown permission: com.cequint.ecid.CALLER_ID_LOOKUP
06-22 08:48:46.391 W/PackageManager( 1905): Cannot whitelist unknown permission: com.motorola.incallui.permission.INCOMING_CALL_VISIBILITY_CHANGED
06-22 08:48:46.392 W/PackageManager( 1905): Cannot whitelist unknown permission: com.sec.android.provider.badge.permission.READ
06-22 08:48:46.392 W/PackageManager( 1905): Cannot whitelist unknown permission: com.sec.android.provider.badge.permission.WRITE
06-22 08:48:46.392 W/PackageManager( 1905): Cannot whitelist unknown permission: com.htc.launcher.permission.READ_SETTINGS
06-22 08:48:46.392 W/PackageManager( 1905): Cannot whitelist unknown permission: com.htc.launcher.permission.UPDATE_SHORTCUT
06-22 08:48:46.392 W/PackageManager( 1905): Cannot whitelist unknown permission: com.sonyericsson.home.permission.BROADCAST_BADGE
06-22 08:48:46.392 W/PackageManager( 1905): Cannot whitelist unknown permission: com.sonymobile.home.permission.PROVIDER_INSERT_BADGE
06-22 08:48:46.392 W/PackageManager( 1905): Cannot whitelist unknown permission: com.anddoes.launcher.permission.UPDATE_COUNT
06-22 08:48:46.392 W/PackageManager( 1905): Cannot whitelist unknown permission: com.majeur.launcher.permission.UPDATE_BADGE
06-22 08:48:46.392 W/PackageManager( 1905): Cannot whitelist unknown permission: com.huawei.android.launcher.permission.CHANGE_BADGE
06-22 08:48:46.392 W/PackageManager( 1905): Cannot whitelist unknown permission: com.huawei.android.launcher.permission.READ_SETTINGS
06-22 08:48:46.392 W/PackageManager( 1905): Cannot whitelist unknown permission: com.huawei.android.launcher.permission.WRITE_SETTINGS
06-22 08:48:46.392 W/PackageManager( 1905): Cannot whitelist unknown permission: android.permission.READ_APP_BADGE
06-22 08:48:46.392 W/PackageManager( 1905): Cannot whitelist unknown permission: com.oppo.launcher.permission.READ_SETTINGS
06-22 08:48:46.392 W/PackageManager( 1905): Cannot whitelist unknown permission: com.oppo.launcher.permission.WRITE_SETTINGS
06-22 08:48:46.392 W/PackageManager( 1905): Cannot whitelist unknown permission: com.cequint.ecid.CALLER_ID_LOOKUP
06-22 08:48:46.392 W/PackageManager( 1905): Cannot whitelist unknown permission: com.motorola.incallui.permission.INCOMING_CALL_VISIBILITY_CHANGED
06-22 08:48:46.394 E/ChimeraCfgMgr( 2042): Failed to read module config: java.io.FileNotFoundException: /data/user_de/0/com.google.android.gms/app_chimera/current_config.fb: open failed: ENOENT (No such file or directory)
06-22 08:48:46.394 W/PackageManager( 1905): Cannot whitelist unknown permission: com.sec.android.provider.badge.permission.READ
06-22 08:48:46.394 W/PackageManager( 1905): Cannot whitelist unknown permission: com.sec.android.provider.badge.permission.WRITE
06-22 08:48:46.394 W/PackageManager( 1905): Cannot whitelist unknown permission: com.htc.launcher.permission.READ_SETTINGS
06-22 08:48:46.394 W/PackageManager( 1905): Cannot whitelist unknown permission: com.htc.launcher.permission.UPDATE_SHORTCUT
06-22 08:48:46.394 W/PackageManager( 1905): Cannot whitelist unknown permission: com.sonyericsson.home.permission.BROADCAST_BADGE
06-22 08:48:46.394 W/PackageManager( 1905): Cannot whitelist unknown permission: com.sonymobile.home.permission.PROVIDER_INSERT_BADGE
06-22 08:48:46.394 W/PackageManager( 1905): Cannot whitelist unknown permission: com.anddoes.launcher.permission.UPDATE_COUNT
06-22 08:48:46.394 W/PackageManager( 1905): Cannot whitelist unknown permission: com.majeur.launcher.permission.UPDATE_BADGE
06-22 08:48:46.394 W/PackageManager( 1905): Cannot whitelist unknown permission: com.huawei.android.launcher.permission.CHANGE_BADGE
06-22 08:48:46.394 W/PackageManager( 1905): Cannot whitelist unknown permission: com.huawei.android.launcher.permission.READ_SETTINGS
06-22 08:48:46.394 W/PackageManager( 1905): Cannot whitelist unknown permission: com.huawei.android.launcher.permission.WRITE_SETTINGS
06-22 08:48:46.394 W/PackageManager( 1905): Cannot whitelist unknown permission: android.permission.READ_APP_BADGE
06-22 08:48:46.394 W/PackageManager( 1905): Cannot whitelist unknown permission: com.oppo.launcher.permission.READ_SETTINGS
06-22 08:48:46.394 W/PackageManager( 1905): Cannot whitelist unknown permission: com.oppo.launcher.permission.WRITE_SETTINGS
06-22 08:48:46.394 W/PackageManager( 1905): Cannot whitelist unknown permission: com.cequint.ecid.CALLER_ID_LOOKUP
06-22 08:48:46.394 W/PackageManager( 1905): Cannot whitelist unknown permission: com.motorola.incallui.permission.INCOMING_CALL_VISIBILITY_CHANGED
06-22 08:48:46.397 I/ModuleSetMgr( 2042): Config file doesn't exist, writing blank config.
06-22 08:48:46.398 W/PackageManager( 1905): Cannot whitelist unknown permission: com.sec.android.provider.badge.permission.READ
06-22 08:48:46.398 W/PackageManager( 1905): Cannot whitelist unknown permission: com.sec.android.provider.badge.permission.WRITE
06-22 08:48:46.398 W/PackageManager( 1905): Cannot whitelist unknown permission: com.htc.launcher.permission.READ_SETTINGS
06-22 08:48:46.398 W/PackageManager( 1905): Cannot whitelist unknown permission: com.htc.launcher.permission.UPDATE_SHORTCUT
06-22 08:48:46.398 W/PackageManager( 1905): Cannot whitelist unknown permission: com.sonyericsson.home.permission.BROADCAST_BADGE
06-22 08:48:46.398 W/PackageManager( 1905): Cannot whitelist unknown permission: com.sonymobile.home.permission.PROVIDER_INSERT_BADGE
06-22 08:48:46.398 W/PackageManager( 1905): Cannot whitelist unknown permission: com.anddoes.launcher.permission.UPDATE_COUNT
06-22 08:48:46.398 W/PackageManager( 1905): Cannot whitelist unknown permission: com.majeur.launcher.permission.UPDATE_BADGE
06-22 08:48:46.398 W/PackageManager( 1905): Cannot whitelist unknown permission: com.huawei.android.launcher.permission.CHANGE_BADGE
06-22 08:48:46.398 W/PackageManager( 1905): Cannot whitelist unknown permission: com.huawei.android.launcher.permission.READ_SETTINGS
06-22 08:48:46.398 W/PackageManager( 1905): Cannot whitelist unknown permission: com.huawei.android.launcher.permission.WRITE_SETTINGS
06-22 08:48:46.398 W/PackageManager( 1905): Cannot whitelist unknown permission: android.permission.READ_APP_BADGE
06-22 08:48:46.398 W/PackageManager( 1905): Cannot whitelist unknown permission: com.oppo.launcher.permission.READ_SETTINGS
06-22 08:48:46.398 W/PackageManager( 1905): Cannot whitelist unknown permission: com.oppo.launcher.permission.WRITE_SETTINGS
06-22 08:48:46.398 W/PackageManager( 1905): Cannot whitelist unknown permission: com.cequint.ecid.CALLER_ID_LOOKUP
06-22 08:48:46.398 W/PackageManager( 1905): Cannot whitelist unknown permission: com.motorola.incallui.permission.INCOMING_CALL_VISIBILITY_CHANGED
06-22 08:48:46.400 I/OMXClient( 1905): IOmx service obtained
06-22 08:48:46.400 W/PackageManager( 1905): Cannot whitelist unknown permission: com.sec.android.provider.badge.permission.READ
06-22 08:48:46.400 W/PackageManager( 1905): Cannot whitelist unknown permission: com.sec.android.provider.badge.permission.WRITE
06-22 08:48:46.400 W/PackageManager( 1905): Cannot whitelist unknown permission: com.htc.launcher.permission.READ_SETTINGS
06-22 08:48:46.400 W/PackageManager( 1905): Cannot whitelist unknown permission: com.htc.launcher.permission.UPDATE_SHORTCUT
06-22 08:48:46.400 W/PackageManager( 1905): Cannot whitelist unknown permission: com.sonyericsson.home.permission.BROADCAST_BADGE
06-22 08:48:46.400 W/PackageManager( 1905): Cannot whitelist unknown permission: com.sonymobile.home.permission.PROVIDER_INSERT_BADGE
06-22 08:48:46.400 W/PackageManager( 1905): Cannot whitelist unknown permission: com.anddoes.launcher.permission.UPDATE_COUNT
06-22 08:48:46.400 W/PackageManager( 1905): Cannot whitelist unknown permission: com.majeur.launcher.permission.UPDATE_BADGE
06-22 08:48:46.400 W/PackageManager( 1905): Cannot whitelist unknown permission: com.huawei.android.launcher.permission.CHANGE_BADGE
06-22 08:48:46.400 W/PackageManager( 1905): Cannot whitelist unknown permission: com.huawei.android.launcher.permission.READ_SETTINGS
06-22 08:48:46.400 W/PackageManager( 1905): Cannot whitelist unknown permission: com.huawei.android.launcher.permission.WRITE_SETTINGS
06-22 08:48:46.400 W/PackageManager( 1905): Cannot whitelist unknown permission: android.permission.READ_APP_BADGE
06-22 08:48:46.400 W/PackageManager( 1905): Cannot whitelist unknown permission: com.oppo.launcher.permission.READ_SETTINGS
06-22 08:48:46.400 W/PackageManager( 1905): Cannot whitelist unknown permission: com.oppo.launcher.permission.WRITE_SETTINGS
06-22 08:48:46.400 W/PackageManager( 1905): Cannot whitelist unknown permission: com.cequint.ecid.CALLER_ID_LOOKUP
06-22 08:48:46.400 W/PackageManager( 1905): Cannot whitelist unknown permission: com.motorola.incallui.permission.INCOMING_CALL_VISIBILITY_CHANGED
06-22 08:48:46.401 I/OMXMaster( 1797): makeComponentInstance(OMX.google.vorbis.decoder) in android.hardwar process
06-22 08:48:46.403 I/ModuleSetMgr( 2042): Computing pending module set with APKs: [[AdsFdrDynamite.integ:21460000000], [Cronetdynamite:202414040800], [Dynamiteloader:202414040800], [Dynamitemodulesa:202414040000], [Dynamitemodulesc:202414040000], [Googlecertificates:202414040000], [Mapsdynamite:202414040000], [Measurementdynamite:202414040000]]
06-22 08:48:46.404 E/OMXNodeInstance( 1797): getConfig(0xe6346000:google.vorbis.decoder, ConfigAndroidVendorExtension(0x6f100004)) ERROR: Undefined(0x80001001)
06-22 08:48:46.410 E/ActivityThread( 2042): Failed to find provider info for com.google.android.gsf.gservices
06-22 08:48:46.411 I/chatty  ( 2042): uid=10115 com.google.android.gms.persistent identical 2 lines
06-22 08:48:46.412 E/ActivityThread( 2042): Failed to find provider info for com.google.android.gsf.gservices
06-22 08:48:46.412 W/PackageManager( 1905): Cannot whitelist unknown permission: android.permission.QUERY_ALL_PACKAGES
06-22 08:48:46.412 W/PackageManager( 1905): Cannot whitelist unknown permission: android.permission.PRE_FACTORY_RESET
06-22 08:48:46.412 W/PackageManager( 1905): Cannot whitelist unknown permission: android.permission.MANAGE_FACTORY_RESET_PROTECTION
06-22 08:48:46.412 W/PackageManager( 1905): Cannot whitelist unknown permission: android.car.permission.CAR_POWER
06-22 08:48:46.412 W/PackageManager( 1905): Cannot whitelist unknown permission: com.google.android.wearable.WRITE_SETTINGS
06-22 08:48:46.412 W/PackageManager( 1905): Cannot whitelist unknown permission: com.felicanetworks.mfc.permission.MFC_ACCESS
06-22 08:48:46.412 W/PackageManager( 1905): Cannot whitelist unknown permission: com.felicanetworks.mfc.mfi.permission.MFI_ACCESS
06-22 08:48:46.412 W/PackageManager( 1905): Cannot whitelist unknown permission: com.google.android.finsky.permission.INSTANT_APP_STATE
06-22 08:48:46.412 W/PackageManager( 1905): Cannot whitelist unknown permission: android.permission.UWB
06-22 08:48:46.412 W/PackageManager( 1905): Cannot whitelist unknown permission: com.google.android.finsky.permission.BIND_GET_INSTALL_REFERRER_SERVICE
06-22 08:48:46.412 W/PackageManager( 1905): Cannot whitelist unknown permission: com.google.android.hangouts.START_HANGOUT
06-22 08:48:46.412 W/PackageManager( 1905): Cannot whitelist unknown permission: android.car.permission.CAR_POWERTRAIN
06-22 08:48:46.412 W/PackageManager( 1905): Cannot whitelist unknown permission: android.car.permission.CAR_ENERGY
06-22 08:48:46.412 W/PackageManager( 1905): Cannot whitelist unknown permission: android.car.permission.CAR_ENERGY_PORTS
06-22 08:48:46.412 W/PackageManager( 1905): Cannot whitelist unknown permission: android.car.permission.CAR_EXTERIOR_LIGHTS
06-22 08:48:46.412 W/PackageManager( 1905): Cannot whitelist unknown permission: android.car.permission.CAR_INFO
06-22 08:48:46.412 W/PackageManager( 1905): Cannot whitelist unknown permission: android.car.permission.CAR_MILEAGE
06-22 08:48:46.413 W/PackageManager( 1905): Cannot whitelist unknown permission: android.car.permission.CAR_TIRES
06-22 08:48:46.413 W/PackageManager( 1905): Cannot whitelist unknown permission: android.car.permission.CONTROL_CAR_CLIMATE
06-22 08:48:46.413 W/PackageManager( 1905): Cannot whitelist unknown permission: android.car.permission.CONTROL_CAR_DOORS
06-22 08:48:46.413 W/PackageManager( 1905): Cannot whitelist unknown permission: android.car.permission.CONTROL_CAR_EXTERIOR_LIGHTS
06-22 08:48:46.413 W/PackageManager( 1905): Cannot whitelist unknown permission: android.car.permission.CONTROL_CAR_MIRRORS
06-22 08:48:46.413 W/PackageManager( 1905): Cannot whitelist unknown permission: android.car.permission.CONTROL_CAR_SEATS
06-22 08:48:46.413 W/PackageManager( 1905): Cannot whitelist unknown permission: android.car.permission.CONTROL_CAR_WINDOWS
06-22 08:48:46.413 W/PackageManager( 1905): Cannot whitelist unknown permission: android.car.permission.READ_CAR_DISPLAY_UNITS
06-22 08:48:46.413 W/PackageManager( 1905): Cannot whitelist unknown permission: com.google.android.finsky.permission.GEARHEAD_SERVICE
06-22 08:48:46.413 W/PackageManager( 1905): Cannot whitelist unknown permission: com.google.android.permission.ACCESSIBILITY_SCAN_SERVICE
06-22 08:48:46.413 W/PackageManager( 1905): Cannot whitelist unknown permission: com.google.android.finsky.permission.ACCESS_INSTANT_APP_NOTIFICATION_ENFORCEMENT
06-22 08:48:46.413 W/PackageManager( 1905): Cannot whitelist unknown permission: com.google.android.clockwork.settings.SHOW_FACTORY_RESET_CONFIRMATION
06-22 08:48:46.413 W/PackageManager( 1905): Cannot whitelist unknown permission: com.google.android.wearable.READ_SETTINGS
06-22 08:48:46.413 W/PackageManager( 1905): Cannot whitelist unknown permission: android.permission.READ_MEDIA_AUDIO
06-22 08:48:46.413 W/PackageManager( 1905): Cannot whitelist unknown permission: android.permission.READ_MEDIA_IMAGES
06-22 08:48:46.413 W/PackageManager( 1905): Cannot whitelist unknown permission: android.permission.READ_MEDIA_VIDEO
06-22 08:48:46.413 W/PackageManager( 1905): Cannot whitelist unknown permission: com.android.vending.setup.PLAY_SETUP_SERVICE
06-22 08:48:46.413 W/PackageManager( 1905): Cannot whitelist unknown permission: com.google.android.gms.game.notifications.permission.WRITE
06-22 08:48:46.413 W/PackageManager( 1905): Cannot whitelist unknown permission: com.google.android.vending.verifier.ACCESS_VERIFIER
06-22 08:48:46.413 I/PackageManager( 1905): Un-granting permission android.permission.CAPTURE_VIDEO_OUTPUT from package com.google.android.gms (protectionLevel=2 flags=0xb0cabe45)
06-22 08:48:46.413 I/PackageManager( 1905): Un-granting permission android.permission.MANAGE_DEVICE_ADMINS from package com.google.android.gms (protectionLevel=2 flags=0xb0cabe45)
06-22 08:48:46.413 I/PackageManager( 1905): Un-granting permission android.permission.MANAGE_ACTIVITY_STACKS from package com.google.android.gms (protectionLevel=2 flags=0xb0cabe45)
06-22 08:48:46.413 I/PackageManager( 1905): Un-granting permission android.permission.CAPTURE_SECURE_VIDEO_OUTPUT from package com.google.android.gms (protectionLevel=2 flags=0xb0cabe45)
06-22 08:48:46.413 I/PackageManager( 1905): Un-granting permission android.permission.MANAGE_ROLLBACKS from package com.google.android.gms (protectionLevel=514 flags=0xb0cabe45)
06-22 08:48:46.418 I/.gms.persisten( 2042): Compiler allocated 5803KB to compile boolean cuf.a(cyl, boolean, caau, caau, int, java.util.List, java.io.File, cyh)
06-22 08:48:46.420 E/ActivityThread( 2042): Failed to find provider info for com.google.android.gsf.gservices
06-22 08:48:46.422 E/ActivityThread( 2042): Failed to find provider info for com.google.android.gsf.gservices
06-22 08:48:46.422 W/PackageManager( 1905): Cannot whitelist unknown permission: android.permission.QUERY_ALL_PACKAGES
06-22 08:48:46.422 W/PackageManager( 1905): Cannot whitelist unknown permission: android.permission.PRE_FACTORY_RESET
06-22 08:48:46.422 W/PackageManager( 1905): Cannot whitelist unknown permission: android.permission.MANAGE_FACTORY_RESET_PROTECTION
06-22 08:48:46.422 W/PackageManager( 1905): Cannot whitelist unknown permission: android.car.permission.CAR_POWER
06-22 08:48:46.422 W/PackageManager( 1905): Cannot whitelist unknown permission: com.google.android.wearable.WRITE_SETTINGS
06-22 08:48:46.422 W/PackageManager( 1905): Cannot whitelist unknown permission: com.felicanetworks.mfc.permission.MFC_ACCESS
06-22 08:48:46.422 W/PackageManager( 1905): Cannot whitelist unknown permission: com.felicanetworks.mfc.mfi.permission.MFI_ACCESS
06-22 08:48:46.422 W/PackageManager( 1905): Cannot whitelist unknown permission: com.google.android.finsky.permission.INSTANT_APP_STATE
06-22 08:48:46.422 W/PackageManager( 1905): Cannot whitelist unknown permission: android.permission.UWB
06-22 08:48:46.422 W/PackageManager( 1905): Cannot whitelist unknown permission: com.google.android.finsky.permission.BIND_GET_INSTALL_REFERRER_SERVICE
06-22 08:48:46.422 W/PackageManager( 1905): Cannot whitelist unknown permission: com.google.android.hangouts.START_HANGOUT
06-22 08:48:46.422 W/PackageManager( 1905): Cannot whitelist unknown permission: android.car.permission.CAR_POWERTRAIN
06-22 08:48:46.422 W/PackageManager( 1905): Cannot whitelist unknown permission: android.car.permission.CAR_ENERGY
06-22 08:48:46.422 W/PackageManager( 1905): Cannot whitelist unknown permission: android.car.permission.CAR_ENERGY_PORTS
06-22 08:48:46.422 W/PackageManager( 1905): Cannot whitelist unknown permission: android.car.permission.CAR_EXTERIOR_LIGHTS
06-22 08:48:46.422 W/PackageManager( 1905): Cannot whitelist unknown permission: android.car.permission.CAR_INFO
06-22 08:48:46.422 W/PackageManager( 1905): Cannot whitelist unknown permission: android.car.permission.CAR_MILEAGE
06-22 08:48:46.422 W/PackageManager( 1905): Cannot whitelist unknown permission: android.car.permission.CAR_TIRES
06-22 08:48:46.422 W/PackageManager( 1905): Cannot whitelist unknown permission: android.car.permission.CONTROL_CAR_CLIMATE
06-22 08:48:46.422 W/PackageManager( 1905): Cannot whitelist unknown permission: android.car.permission.CONTROL_CAR_DOORS
06-22 08:48:46.422 W/PackageManager( 1905): Cannot whitelist unknown permission: android.car.permission.CONTROL_CAR_EXTERIOR_LIGHTS
06-22 08:48:46.422 W/PackageManager( 1905): Cannot whitelist unknown permission: android.car.permission.CONTROL_CAR_MIRRORS
06-22 08:48:46.422 W/PackageManager( 1905): Cannot whitelist unknown permission: android.car.permission.CONTROL_CAR_SEATS
06-22 08:48:46.422 W/PackageManager( 1905): Cannot whitelist unknown permission: android.car.permission.CONTROL_CAR_WINDOWS
06-22 08:48:46.422 W/PackageManager( 1905): Cannot whitelist unknown permission: android.car.permission.READ_CAR_DISPLAY_UNITS
06-22 08:48:46.422 W/PackageManager( 1905): Cannot whitelist unknown permission: com.google.android.finsky.permission.GEARHEAD_SERVICE
06-22 08:48:46.423 W/PackageManager( 1905): Cannot whitelist unknown permission: com.google.android.permission.ACCESSIBILITY_SCAN_SERVICE
06-22 08:48:46.423 W/PackageManager( 1905): Cannot whitelist unknown permission: com.google.android.finsky.permission.ACCESS_INSTANT_APP_NOTIFICATION_ENFORCEMENT
06-22 08:48:46.423 W/PackageManager( 1905): Cannot whitelist unknown permission: com.google.android.clockwork.settings.SHOW_FACTORY_RESET_CONFIRMATION
06-22 08:48:46.423 W/PackageManager( 1905): Cannot whitelist unknown permission: com.google.android.wearable.READ_SETTINGS
06-22 08:48:46.423 W/PackageManager( 1905): Cannot whitelist unknown permission: android.permission.READ_MEDIA_AUDIO
06-22 08:48:46.423 W/PackageManager( 1905): Cannot whitelist unknown permission: android.permission.READ_MEDIA_IMAGES
06-22 08:48:46.423 W/PackageManager( 1905): Cannot whitelist unknown permission: android.permission.READ_MEDIA_VIDEO
06-22 08:48:46.423 W/PackageManager( 1905): Cannot whitelist unknown permission: com.android.vending.setup.PLAY_SETUP_SERVICE
06-22 08:48:46.423 W/PackageManager( 1905): Cannot whitelist unknown permission: com.google.android.gms.game.notifications.permission.WRITE
06-22 08:48:46.423 W/PackageManager( 1905): Cannot whitelist unknown permission: com.google.android.vending.verifier.ACCESS_VERIFIER
06-22 08:48:46.423 I/PackageManager( 1905): Un-granting permission android.permission.CAPTURE_VIDEO_OUTPUT from package com.google.android.gms (protectionLevel=2 flags=0xb0cabe45)
06-22 08:48:46.423 I/PackageManager( 1905): Un-granting permission android.permission.MANAGE_DEVICE_ADMINS from package com.google.android.gms (protectionLevel=2 flags=0xb0cabe45)
06-22 08:48:46.423 I/PackageManager( 1905): Un-granting permission android.permission.MANAGE_ACTIVITY_STACKS from package com.google.android.gms (protectionLevel=2 flags=0xb0cabe45)
06-22 08:48:46.423 I/PackageManager( 1905): Un-granting permission android.permission.CAPTURE_SECURE_VIDEO_OUTPUT from package com.google.android.gms (protectionLevel=2 flags=0xb0cabe45)
06-22 08:48:46.423 I/PackageManager( 1905): Un-granting permission android.permission.MANAGE_ROLLBACKS from package com.google.android.gms (protectionLevel=514 flags=0xb0cabe45)
06-22 08:48:46.425 W/PackageManager( 1905): Cannot whitelist unknown permission: android.permission.QUERY_ALL_PACKAGES
06-22 08:48:46.425 W/PackageManager( 1905): Cannot whitelist unknown permission: android.permission.PRE_FACTORY_RESET
06-22 08:48:46.425 W/PackageManager( 1905): Cannot whitelist unknown permission: android.permission.MANAGE_FACTORY_RESET_PROTECTION
06-22 08:48:46.425 W/PackageManager( 1905): Cannot whitelist unknown permission: android.car.permission.CAR_POWER
06-22 08:48:46.425 W/PackageManager( 1905): Cannot whitelist unknown permission: com.google.android.wearable.WRITE_SETTINGS
06-22 08:48:46.425 W/PackageManager( 1905): Cannot whitelist unknown permission: com.felicanetworks.mfc.permission.MFC_ACCESS
06-22 08:48:46.425 W/PackageManager( 1905): Cannot whitelist unknown permission: com.felicanetworks.mfc.mfi.permission.MFI_ACCESS
06-22 08:48:46.425 W/PackageManager( 1905): Cannot whitelist unknown permission: com.google.android.finsky.permission.INSTANT_APP_STATE
06-22 08:48:46.425 W/PackageManager( 1905): Cannot whitelist unknown permission: android.permission.UWB
06-22 08:48:46.425 W/PackageManager( 1905): Cannot whitelist unknown permission: com.google.android.finsky.permission.BIND_GET_INSTALL_REFERRER_SERVICE
06-22 08:48:46.425 W/PackageManager( 1905): Cannot whitelist unknown permission: com.google.android.hangouts.START_HANGOUT
06-22 08:48:46.425 W/PackageManager( 1905): Cannot whitelist unknown permission: android.car.permission.CAR_POWERTRAIN
06-22 08:48:46.425 W/PackageManager( 1905): Cannot whitelist unknown permission: android.car.permission.CAR_ENERGY
06-22 08:48:46.425 W/PackageManager( 1905): Cannot whitelist unknown permission: android.car.permission.CAR_ENERGY_PORTS
06-22 08:48:46.425 W/PackageManager( 1905): Cannot whitelist unknown permission: android.car.permission.CAR_EXTERIOR_LIGHTS
06-22 08:48:46.425 W/PackageManager( 1905): Cannot whitelist unknown permission: android.car.permission.CAR_INFO
06-22 08:48:46.425 W/PackageManager( 1905): Cannot whitelist unknown permission: android.car.permission.CAR_MILEAGE
06-22 08:48:46.425 W/PackageManager( 1905): Cannot whitelist unknown permission: android.car.permission.CAR_TIRES
06-22 08:48:46.425 W/PackageManager( 1905): Cannot whitelist unknown permission: android.car.permission.CONTROL_CAR_CLIMATE
06-22 08:48:46.425 W/PackageManager( 1905): Cannot whitelist unknown permission: android.car.permission.CONTROL_CAR_DOORS
06-22 08:48:46.425 W/PackageManager( 1905): Cannot whitelist unknown permission: android.car.permission.CONTROL_CAR_EXTERIOR_LIGHTS
06-22 08:48:46.425 W/PackageManager( 1905): Cannot whitelist unknown permission: android.car.permission.CONTROL_CAR_MIRRORS
06-22 08:48:46.425 W/PackageManager( 1905): Cannot whitelist unknown permission: android.car.permission.CONTROL_CAR_SEATS
06-22 08:48:46.425 W/PackageManager( 1905): Cannot whitelist unknown permission: android.car.permission.CONTROL_CAR_WINDOWS
06-22 08:48:46.426 W/PackageManager( 1905): Cannot whitelist unknown permission: android.car.permission.READ_CAR_DISPLAY_UNITS
06-22 08:48:46.426 W/PackageManager( 1905): Cannot whitelist unknown permission: com.google.android.finsky.permission.GEARHEAD_SERVICE
06-22 08:48:46.426 W/PackageManager( 1905): Cannot whitelist unknown permission: com.google.android.permission.ACCESSIBILITY_SCAN_SERVICE
06-22 08:48:46.426 W/PackageManager( 1905): Cannot whitelist unknown permission: com.google.android.finsky.permission.ACCESS_INSTANT_APP_NOTIFICATION_ENFORCEMENT
06-22 08:48:46.426 W/PackageManager( 1905): Cannot whitelist unknown permission: com.google.android.clockwork.settings.SHOW_FACTORY_RESET_CONFIRMATION
06-22 08:48:46.426 W/PackageManager( 1905): Cannot whitelist unknown permission: com.google.android.wearable.READ_SETTINGS
06-22 08:48:46.426 W/PackageManager( 1905): Cannot whitelist unknown permission: android.permission.READ_MEDIA_AUDIO
06-22 08:48:46.426 W/PackageManager( 1905): Cannot whitelist unknown permission: android.permission.READ_MEDIA_IMAGES
06-22 08:48:46.426 W/PackageManager( 1905): Cannot whitelist unknown permission: android.permission.READ_MEDIA_VIDEO
06-22 08:48:46.426 W/PackageManager( 1905): Cannot whitelist unknown permission: com.android.vending.setup.PLAY_SETUP_SERVICE
06-22 08:48:46.426 W/PackageManager( 1905): Cannot whitelist unknown permission: com.google.android.gms.game.notifications.permission.WRITE
06-22 08:48:46.426 W/PackageManager( 1905): Cannot whitelist unknown permission: com.google.android.vending.verifier.ACCESS_VERIFIER
06-22 08:48:46.426 I/PackageManager( 1905): Un-granting permission android.permission.CAPTURE_VIDEO_OUTPUT from package com.google.android.gms (protectionLevel=2 flags=0xb0cabe45)
06-22 08:48:46.426 I/PackageManager( 1905): Un-granting permission android.permission.MANAGE_DEVICE_ADMINS from package com.google.android.gms (protectionLevel=2 flags=0xb0cabe45)
06-22 08:48:46.426 I/PackageManager( 1905): Un-granting permission android.permission.MANAGE_ACTIVITY_STACKS from package com.google.android.gms (protectionLevel=2 flags=0xb0cabe45)
06-22 08:48:46.426 I/PackageManager( 1905): Un-granting permission android.permission.CAPTURE_SECURE_VIDEO_OUTPUT from package com.google.android.gms (protectionLevel=2 flags=0xb0cabe45)
06-22 08:48:46.426 I/PackageManager( 1905): Un-granting permission android.permission.MANAGE_ROLLBACKS from package com.google.android.gms (protectionLevel=514 flags=0xb0cabe45)
06-22 08:48:46.428 W/PackageManager( 1905): Cannot whitelist unknown permission: android.permission.QUERY_ALL_PACKAGES
06-22 08:48:46.428 W/PackageManager( 1905): Cannot whitelist unknown permission: android.permission.PRE_FACTORY_RESET
06-22 08:48:46.428 W/PackageManager( 1905): Cannot whitelist unknown permission: android.permission.MANAGE_FACTORY_RESET_PROTECTION
06-22 08:48:46.428 W/PackageManager( 1905): Cannot whitelist unknown permission: android.car.permission.CAR_POWER
06-22 08:48:46.428 W/PackageManager( 1905): Cannot whitelist unknown permission: com.google.android.wearable.WRITE_SETTINGS
06-22 08:48:46.428 W/PackageManager( 1905): Cannot whitelist unknown permission: com.felicanetworks.mfc.permission.MFC_ACCESS
06-22 08:48:46.428 W/PackageManager( 1905): Cannot whitelist unknown permission: com.felicanetworks.mfc.mfi.permission.MFI_ACCESS
06-22 08:48:46.428 W/PackageManager( 1905): Cannot whitelist unknown permission: com.google.android.finsky.permission.INSTANT_APP_STATE
06-22 08:48:46.428 W/PackageManager( 1905): Cannot whitelist unknown permission: android.permission.UWB
06-22 08:48:46.428 W/PackageManager( 1905): Cannot whitelist unknown permission: com.google.android.finsky.permission.BIND_GET_INSTALL_REFERRER_SERVICE
06-22 08:48:46.428 W/PackageManager( 1905): Cannot whitelist unknown permission: com.google.android.hangouts.START_HANGOUT
06-22 08:48:46.428 W/PackageManager( 1905): Cannot whitelist unknown permission: android.car.permission.CAR_POWERTRAIN
06-22 08:48:46.428 W/PackageManager( 1905): Cannot whitelist unknown permission: android.car.permission.CAR_ENERGY
06-22 08:48:46.428 W/PackageManager( 1905): Cannot whitelist unknown permission: android.car.permission.CAR_ENERGY_PORTS
06-22 08:48:46.429 W/PackageManager( 1905): Cannot whitelist unknown permission: android.car.permission.CAR_EXTERIOR_LIGHTS
06-22 08:48:46.429 W/PackageManager( 1905): Cannot whitelist unknown permission: android.car.permission.CAR_INFO
06-22 08:48:46.429 W/PackageManager( 1905): Cannot whitelist unknown permission: android.car.permission.CAR_MILEAGE
06-22 08:48:46.429 W/PackageManager( 1905): Cannot whitelist unknown permission: android.car.permission.CAR_TIRES
06-22 08:48:46.429 W/PackageManager( 1905): Cannot whitelist unknown permission: android.car.permission.CONTROL_CAR_CLIMATE
06-22 08:48:46.429 W/PackageManager( 1905): Cannot whitelist unknown permission: android.car.permission.CONTROL_CAR_DOORS
06-22 08:48:46.429 W/PackageManager( 1905): Cannot whitelist unknown permission: android.car.permission.CONTROL_CAR_EXTERIOR_LIGHTS
06-22 08:48:46.429 W/PackageManager( 1905): Cannot whitelist unknown permission: android.car.permission.CONTROL_CAR_MIRRORS
06-22 08:48:46.429 W/PackageManager( 1905): Cannot whitelist unknown permission: android.car.permission.CONTROL_CAR_SEATS
06-22 08:48:46.429 W/PackageManager( 1905): Cannot whitelist unknown permission: android.car.permission.CONTROL_CAR_WINDOWS
06-22 08:48:46.429 W/PackageManager( 1905): Cannot whitelist unknown permission: android.car.permission.READ_CAR_DISPLAY_UNITS
06-22 08:48:46.429 W/PackageManager( 1905): Cannot whitelist unknown permission: com.google.android.finsky.permission.GEARHEAD_SERVICE
06-22 08:48:46.429 W/PackageManager( 1905): Cannot whitelist unknown permission: com.google.android.permission.ACCESSIBILITY_SCAN_SERVICE
06-22 08:48:46.429 W/PackageManager( 1905): Cannot whitelist unknown permission: com.google.android.finsky.permission.ACCESS_INSTANT_APP_NOTIFICATION_ENFORCEMENT
06-22 08:48:46.429 W/PackageManager( 1905): Cannot whitelist unknown permission: com.google.android.clockwork.settings.SHOW_FACTORY_RESET_CONFIRMATION
06-22 08:48:46.429 W/PackageManager( 1905): Cannot whitelist unknown permission: com.google.android.wearable.READ_SETTINGS
06-22 08:48:46.429 W/PackageManager( 1905): Cannot whitelist unknown permission: android.permission.READ_MEDIA_AUDIO
06-22 08:48:46.429 W/PackageManager( 1905): Cannot whitelist unknown permission: android.permission.READ_MEDIA_IMAGES
06-22 08:48:46.429 W/PackageManager( 1905): Cannot whitelist unknown permission: android.permission.READ_MEDIA_VIDEO
06-22 08:48:46.429 W/PackageManager( 1905): Cannot whitelist unknown permission: com.android.vending.setup.PLAY_SETUP_SERVICE
06-22 08:48:46.429 W/PackageManager( 1905): Cannot whitelist unknown permission: com.google.android.gms.game.notifications.permission.WRITE
06-22 08:48:46.429 W/PackageManager( 1905): Cannot whitelist unknown permission: com.google.android.vending.verifier.ACCESS_VERIFIER
06-22 08:48:46.429 I/PackageManager( 1905): Un-granting permission android.permission.CAPTURE_VIDEO_OUTPUT from package com.google.android.gms (protectionLevel=2 flags=0xb0cabe45)
06-22 08:48:46.429 I/PackageManager( 1905): Un-granting permission android.permission.MANAGE_DEVICE_ADMINS from package com.google.android.gms (protectionLevel=2 flags=0xb0cabe45)
06-22 08:48:46.429 I/PackageManager( 1905): Un-granting permission android.permission.MANAGE_ACTIVITY_STACKS from package com.google.android.gms (protectionLevel=2 flags=0xb0cabe45)
06-22 08:48:46.429 I/PackageManager( 1905): Un-granting permission android.permission.CAPTURE_SECURE_VIDEO_OUTPUT from package com.google.android.gms (protectionLevel=2 flags=0xb0cabe45)
06-22 08:48:46.429 I/PackageManager( 1905): Un-granting permission android.permission.MANAGE_ROLLBACKS from package com.google.android.gms (protectionLevel=514 flags=0xb0cabe45)
06-22 08:48:46.430 W/PackageManager( 1905): Cannot whitelist unknown permission: android.permission.QUERY_ALL_PACKAGES
06-22 08:48:46.430 W/PackageManager( 1905): Cannot whitelist unknown permission: android.permission.PRE_FACTORY_RESET
06-22 08:48:46.430 W/PackageManager( 1905): Cannot whitelist unknown permission: android.permission.MANAGE_FACTORY_RESET_PROTECTION
06-22 08:48:46.430 W/PackageManager( 1905): Cannot whitelist unknown permission: android.car.permission.CAR_POWER
06-22 08:48:46.430 W/PackageManager( 1905): Cannot whitelist unknown permission: com.google.android.wearable.WRITE_SETTINGS
06-22 08:48:46.430 W/PackageManager( 1905): Cannot whitelist unknown permission: com.felicanetworks.mfc.permission.MFC_ACCESS
06-22 08:48:46.430 W/PackageManager( 1905): Cannot whitelist unknown permission: com.felicanetworks.mfc.mfi.permission.MFI_ACCESS
06-22 08:48:46.430 W/PackageManager( 1905): Cannot whitelist unknown permission: com.google.android.finsky.permission.INSTANT_APP_STATE
06-22 08:48:46.430 E/ActivityThread( 2042): Failed to find provider info for com.google.android.gsf.gservices
06-22 08:48:46.431 W/PackageManager( 1905): Cannot whitelist unknown permission: android.permission.UWB
06-22 08:48:46.431 W/PackageManager( 1905): Cannot whitelist unknown permission: com.google.android.finsky.permission.BIND_GET_INSTALL_REFERRER_SERVICE
06-22 08:48:46.431 W/PackageManager( 1905): Cannot whitelist unknown permission: com.google.android.hangouts.START_HANGOUT
06-22 08:48:46.431 W/PackageManager( 1905): Cannot whitelist unknown permission: android.car.permission.CAR_POWERTRAIN
06-22 08:48:46.431 W/PackageManager( 1905): Cannot whitelist unknown permission: android.car.permission.CAR_ENERGY
06-22 08:48:46.431 W/PackageManager( 1905): Cannot whitelist unknown permission: android.car.permission.CAR_ENERGY_PORTS
06-22 08:48:46.431 W/PackageManager( 1905): Cannot whitelist unknown permission: android.car.permission.CAR_EXTERIOR_LIGHTS
06-22 08:48:46.431 W/PackageManager( 1905): Cannot whitelist unknown permission: android.car.permission.CAR_INFO
06-22 08:48:46.431 W/PackageManager( 1905): Cannot whitelist unknown permission: android.car.permission.CAR_MILEAGE
06-22 08:48:46.431 W/PackageManager( 1905): Cannot whitelist unknown permission: android.car.permission.CAR_TIRES
06-22 08:48:46.431 W/PackageManager( 1905): Cannot whitelist unknown permission: android.car.permission.CONTROL_CAR_CLIMATE
06-22 08:48:46.431 W/PackageManager( 1905): Cannot whitelist unknown permission: android.car.permission.CONTROL_CAR_DOORS
06-22 08:48:46.431 W/PackageManager( 1905): Cannot whitelist unknown permission: android.car.permission.CONTROL_CAR_EXTERIOR_LIGHTS
06-22 08:48:46.431 W/PackageManager( 1905): Cannot whitelist unknown permission: android.car.permission.CONTROL_CAR_MIRRORS
06-22 08:48:46.431 W/PackageManager( 1905): Cannot whitelist unknown permission: android.car.permission.CONTROL_CAR_SEATS
06-22 08:48:46.431 W/PackageManager( 1905): Cannot whitelist unknown permission: android.car.permission.CONTROL_CAR_WINDOWS
06-22 08:48:46.431 W/PackageManager( 1905): Cannot whitelist unknown permission: android.car.permission.READ_CAR_DISPLAY_UNITS
06-22 08:48:46.431 W/PackageManager( 1905): Cannot whitelist unknown permission: com.google.android.finsky.permission.GEARHEAD_SERVICE
