06-22 08:48:45.447 D/AutofillManagerServiceImpl( 1905): Reset component for user 0:com.google.android.gms/.autofill.service.AutofillService
06-22 08:48:45.447 D/AutofillUI( 1905): destroySaveUiUiThread(): already destroyed
06-22 08:48:45.447 D/SystemServerTiming( 1905): StartAutoFillService took to complete: 2ms
06-22 08:48:45.447 I/SystemServer( 1905): StartClipboardService
06-22 08:48:45.447 I/SystemServiceManager( 1905): Starting com.android.server.clipboard.ClipboardService
06-22 08:48:45.448 D/SystemServerTiming( 1905): StartClipboardService took to complete: 0ms
06-22 08:48:45.448 I/SystemServer( 1905): AppServiceManager
06-22 08:48:45.448 I/SystemServiceManager( 1905): Starting com.android.server.appbinding.AppBindingService$Lifecycle
06-22 08:48:45.448 D/SystemServerTiming( 1905): AppServiceManager took to complete: 0ms
06-22 08:48:45.448 I/SystemServer( 1905): MakeVibratorServiceReady
06-22 08:48:45.449 D/SystemServerTiming( 1905): MakeVibratorServiceReady took to complete: 1ms
06-22 08:48:45.449 I/SystemServer( 1905): MakeLockSettingsServiceReady
06-22 08:48:45.463 I/LockSettingsService( 1905): Migrated lock settings to new location
06-22 08:48:45.465 I/LockSettingsService( 1905): Migrated per-user lock settings to new location
06-22 08:48:45.469 I/LockSettingsService( 1905): Migrated biometric weak to use the fallback instead
06-22 08:48:45.471 I/LockSettingsService( 1905): Migrated lockscreen disabled flag
06-22 08:48:45.472 I/hwservicemanager( 1566): getTransport: Cannot find entry android.hardware.weaver@1.0::IWeaver/default in either framework or device manifest.
06-22 08:48:45.472 I/SyntheticPasswordManager( 1905): Device does not support weaver
06-22 08:48:45.473 I/hwservicemanager( 1566): getTransport: Cannot find entry android.hardware.authsecret@1.0::IAuthSecret/default in either framework or device manifest.
06-22 08:48:45.473 I/LockSettingsService( 1905): Device doesn't implement AuthSecret HAL
06-22 08:48:45.474 E/LockSettingsStorage( 1905): Cannot read file java.io.FileNotFoundException: /data/system/gatekeeper.password.key: open failed: ENOENT (No such file or directory)
06-22 08:48:45.474 E/LockSettingsStorage( 1905): Cannot read file java.io.FileNotFoundException: /data/system/password.key: open failed: ENOENT (No such file or directory)
06-22 08:48:45.474 E/LockSettingsStorage( 1905): Cannot read file java.io.FileNotFoundException: /data/system/gatekeeper.pattern.key: open failed: ENOENT (No such file or directory)
06-22 08:48:45.474 E/LockSettingsStorage( 1905): Cannot read file java.io.FileNotFoundException: /data/system/gatekeeper.gesture.key: open failed: ENOENT (No such file or directory)
06-22 08:48:45.474 E/LockSettingsStorage( 1905): Cannot read file java.io.FileNotFoundException: /data/system/gesture.key: open failed: ENOENT (No such file or directory)
06-22 08:48:45.474 D/SystemServerTiming( 1905): MakeLockSettingsServiceReady took to complete: 25ms
06-22 08:48:45.474 I/SystemServer( 1905): StartBootPhaseLockSettingsReady
06-22 08:48:45.474 I/SystemServiceManager( 1905): Starting phase 480
06-22 08:48:45.477 D/SystemServerInitThreadPool( 1905): Started executing DevicePolicyManager
06-22 08:48:45.477 D/SystemServerInitThreadPool( 1905): Finished executing DevicePolicyManager
06-22 08:48:45.479 D/SystemServerTiming( 1905): StartBootPhaseLockSettingsReady took to complete: 6ms
06-22 08:48:45.479 I/SystemServer( 1905): StartBootPhaseSystemServicesReady
06-22 08:48:45.479 I/SystemServiceManager( 1905): Starting phase 500
06-22 08:48:45.480 D/AppStandbyController( 1905): Setting app idle enabled state
06-22 08:48:45.481 D/AppStandbyController( 1905): Initializing defaults for system apps on user 0, appIdleEnabled=true
06-22 08:48:45.482 E/AppIdleHistory( 1905): Unable to read app idle file for user 0
06-22 08:48:45.487 D/TestHarnessModeService( 1905): Setting up test harness mode
06-22 08:48:45.487 D/TestHarnessModeService( 1905): Getting PersistentDataBlockManagerInternal from LocalServices
06-22 08:48:45.487 E/TestHarnessModeService( 1905): Failed to start Test Harness Mode; no implementation of PersistentDataBlockManagerInternal was bound!
06-22 08:48:45.488 I/WifiService( 1905): WifiService starting up with Wi-Fi enabled
06-22 08:48:45.490 I/android_os_HwBinder( 1905): HwBinder: Starting thread pool for getting: android.hidl.manager@1.2::IServiceManager/default
06-22 08:48:45.491 D/HalDevMgr( 1905): IWifi registration notification: fqName=android.hardware.wifi@1.0::IWifi, name=default, preexisting=true
06-22 08:48:45.491 I/android_os_HwBinder( 1905): HwBinder: Starting thread pool for getting: android.hardware.wifi@1.0::IWifi/default
06-22 08:48:45.493 D/WificondControl( 1905): tearing down interfaces in wificond
06-22 08:48:45.501 D/WifiController( 1905): isAirplaneModeOn = false, isWifiEnabled = true, isScanningAvailable = true, isLocationModeActive = true
06-22 08:48:45.501 I/WifiService( 1905): setWifiEnabled package=android uid=1000 enable=true
06-22 08:48:45.501 I/WifiScanningService( 1905): Starting wifiscanner
06-22 08:48:45.509 D/PermissionCache( 1708): checking android.permission.CAPTURE_AUDIO_HOTWORD for uid=1000 => granted (115 us)
06-22 08:48:45.509 W/SoundTriggerHelper( 1905): listModules status=0, # of modules=0
06-22 08:48:45.510 D/ContextHubSystemService( 1905): onBootPhase: PHASE_SYSTEM_SERVICES_READY
06-22 08:48:45.511 D/SystemServerTiming( 1905): StartBootPhaseSystemServicesReady took to complete: 31ms
06-22 08:48:45.511 I/SystemServer( 1905): MakeWindowManagerServiceReady
06-22 08:48:45.512 I/android_os_HwBinder( 1905): HwBinder: Starting thread pool for getting: android.hardware.configstore@1.0::ISurfaceFlingerConfigs/default
06-22 08:48:45.513 D/SystemServerTiming( 1905): MakeWindowManagerServiceReady took to complete: 2ms
06-22 08:48:45.512 I/android_os_HwBinder( 1905): HwBinder: Starting thread pool for getting: android.hardware.configstore@1.0::ISurfaceFlingerConfigs/default
06-22 08:48:45.513 W/InputReader( 1905): Device has associated, but no associated display id.
06-22 08:48:45.514 I/SystemServer( 1905): MakePowerManagerServiceReady
06-22 08:48:45.516 E/DisplayPowerController( 1905): failed to set up display white-balance: java.lang.IllegalStateException: cannot find sensor com.google.sensor.color
06-22 08:48:45.519 W/KeyguardServiceDelegate( 1905): onScreenTurningOn(): no keyguard service!
06-22 08:48:45.519 V/DisplayPowerController( 1905): Brightness [102] reason changing to: 'override', previous reason: '0'.
06-22 08:48:45.519 E/KernelCpuUidFreqTimeReader( 1905): Failed to read /proc/uid_time_in_state: java.nio.file.NoSuchFileException: /proc/uid_time_in_state
06-22 08:48:45.519 W/KernelCpuProcStringReader( 1905): File not found. It's normal if not implemented: /proc/uid_time_in_state
06-22 08:48:45.520 W/KernelCpuProcStringReader( 1905): File not found. It's normal if not implemented: /proc/uid_concurrent_active_time
06-22 08:48:45.520 W/KernelCpuProcStringReader( 1905): File not found. It's normal if not implemented: /proc/uid_concurrent_policy_time
06-22 08:48:45.520 D/SystemServerTiming( 1905): MakePowerManagerServiceReady took to complete: 7ms
06-22 08:48:45.520 I/SystemServer( 1905): MakePackageManagerServiceReady
06-22 08:48:45.513 I/chatty  ( 1905): uid=1000 system_server identical 8 lines
06-22 08:48:45.513 W/InputReader( 1905): Device has associated, but no associated display id.
06-22 08:48:45.521 I/DefaultPermGrantPolicy( 1905): Granting permissions to platform components for user 0
06-22 08:48:45.530 D/vold    ( 1573): Remounting 1001 as mode default
06-22 08:48:45.530 D/vold    ( 1573): Found matching PID 1798
06-22 08:48:45.530 W/vold    ( 1573): Skipping due to root namespace
06-22 08:48:45.531 D/vold    ( 1573): Remounting 1001 as mode default
06-22 08:48:45.531 D/vold    ( 1573): Found matching PID 1798
06-22 08:48:45.531 W/vold    ( 1573): Skipping due to root namespace
06-22 08:48:45.532 D/vold    ( 1573): Remounting 1001 as mode default
06-22 08:48:45.532 D/vold    ( 1573): Found matching PID 1798
06-22 08:48:45.532 W/vold    ( 1573): Skipping due to root namespace
06-22 08:48:45.532 D/vold    ( 1573): Remounting 1001 as mode default
06-22 08:48:45.533 D/vold    ( 1573): Found matching PID 1798
06-22 08:48:45.533 W/vold    ( 1573): Skipping due to root namespace
06-22 08:48:45.536 D/vold    ( 1573): Remounting 1027 as mode default
06-22 08:48:45.537 I/chatty  ( 1573): uid=0(root) Binder:1573_2 identical 2 lines
06-22 08:48:45.538 D/vold    ( 1573): Remounting 1027 as mode default
06-22 08:48:45.539 D/vold    ( 1573): Remounting 1000 as mode full
06-22 08:48:45.539 D/vold    ( 1573): Found matching PID 1565
06-22 08:48:45.539 W/vold    ( 1573): Skipping due to root namespace
06-22 08:48:45.540 D/vold    ( 1573): Found matching PID 1566
06-22 08:48:45.540 W/vold    ( 1573): Skipping due to root namespace
06-22 08:48:45.540 D/vold    ( 1573): Found matching PID 1567
06-22 08:48:45.540 W/vold    ( 1573): Skipping due to root namespace
06-22 08:48:45.540 D/vold    ( 1573): Found matching PID 1668
06-22 08:48:45.540 W/vold    ( 1573): Skipping due to root namespace
06-22 08:48:45.540 D/vold    ( 1573): Found matching PID 1669
06-22 08:48:45.540 W/vold    ( 1573): Skipping due to root namespace
06-22 08:48:45.540 D/vold    ( 1573): Found matching PID 1675
06-22 08:48:45.540 W/vold    ( 1573): Skipping due to root namespace
06-22 08:48:45.540 D/vold    ( 1573): Found matching PID 1679
06-22 08:48:45.540 W/vold    ( 1573): Skipping due to root namespace
06-22 08:48:45.540 D/vold    ( 1573): Found matching PID 1694
06-22 08:48:45.540 W/vold    ( 1573): Skipping due to root namespace
06-22 08:48:45.540 D/vold    ( 1573): Found matching PID 1695
06-22 08:48:45.540 W/vold    ( 1573): Skipping due to root namespace
06-22 08:48:45.540 D/vold    ( 1573): Found matching PID 1697
06-22 08:48:45.540 W/vold    ( 1573): Skipping due to root namespace
06-22 08:48:45.540 D/vold    ( 1573): Found matching PID 1701
06-22 08:48:45.540 W/vold    ( 1573): Skipping due to root namespace
06-22 08:48:45.540 D/vold    ( 1573): Found matching PID 1702
06-22 08:48:45.540 W/vold    ( 1573): Skipping due to root namespace
06-22 08:48:45.540 D/vold    ( 1573): Found matching PID 1703
06-22 08:48:45.540 W/vold    ( 1573): Skipping due to root namespace
06-22 08:48:45.540 D/vold    ( 1573): Found matching PID 1718
06-22 08:48:45.540 W/vold    ( 1573): Skipping due to root namespace
06-22 08:48:45.540 D/vold    ( 1573): Found matching PID 1779
06-22 08:48:45.540 W/vold    ( 1573): Skipping due to root namespace
06-22 08:48:45.540 D/vold    ( 1573): Found matching PID 1801
06-22 08:48:45.540 W/vold    ( 1573): Skipping due to root namespace
06-22 08:48:45.540 D/vold    ( 1573): Found matching PID 1805
06-22 08:48:45.541 W/vold    ( 1573): Skipping due to root namespace
06-22 08:48:45.541 D/vold    ( 1573): Found matching PID 1905
06-22 08:48:45.548 D/WifiController( 1905): WifiController msg { when=-47ms what=155656 target=com.android.internal.util.StateMachine$SmHandler } deferred for 500ms
06-22 08:48:45.548 D/WifiActiveModeWarden( 1905): received a message in WifiDisabledState: { when=0 what=1 target=com.android.internal.util.StateMachine$SmHandler }
06-22 08:48:45.548 D/WifiActiveModeWarden( 1905): Switching from WifiDisabledState to ScanOnlyMode
06-22 08:48:45.548 D/WifiActiveModeWarden( 1905): Entering ScanOnlyModeActiveState
06-22 08:48:45.548 D/WifiScanOnlyModeManager( 1905): entering IdleState
06-22 08:48:45.550 I/android.hardware.wifi@1.0-service( 1704): Wifi HAL started
06-22 08:48:45.550 I/WifiVendorHal( 1905): Vendor Hal started successfully
06-22 08:48:45.557 I/android.hardware.wifi@1.0-service( 1704): Adding interface handle for wlan0
06-22 08:48:45.557 W/android.hardware.wifi@1.0-service( 1704): No active wlan interfaces in use! Using default
06-22 08:48:45.557 E/android.hardware.wifi@1.0-service( 1704): Failed to register radio mode change callback
06-22 08:48:45.557 W/android.hardware.wifi@1.0-service( 1704): No active wlan interfaces in use! Using default
06-22 08:48:45.564 D/vold    ( 1573): Remounting 1000 as mode full
06-22 08:48:45.564 D/vold    ( 1573): Found matching PID 1565
06-22 08:48:45.565 W/vold    ( 1573): Skipping due to root namespace
06-22 08:48:45.565 D/vold    ( 1573): Found matching PID 1566
06-22 08:48:45.565 W/vold    ( 1573): Skipping due to root namespace
06-22 08:48:45.565 D/vold    ( 1573): Found matching PID 1567
06-22 08:48:45.565 W/vold    ( 1573): Skipping due to root namespace
06-22 08:48:45.565 D/vold    ( 1573): Found matching PID 1668
06-22 08:48:45.565 W/vold    ( 1573): Skipping due to root namespace
06-22 08:48:45.565 D/vold    ( 1573): Found matching PID 1669
06-22 08:48:45.565 W/vold    ( 1573): Skipping due to root namespace
06-22 08:48:45.565 D/vold    ( 1573): Found matching PID 1675
06-22 08:48:45.565 W/vold    ( 1573): Skipping due to root namespace
06-22 08:48:45.565 D/vold    ( 1573): Found matching PID 1679
06-22 08:48:45.565 W/vold    ( 1573): Skipping due to root namespace
06-22 08:48:45.565 D/vold    ( 1573): Found matching PID 1694
06-22 08:48:45.565 W/vold    ( 1573): Skipping due to root namespace
06-22 08:48:45.565 D/vold    ( 1573): Found matching PID 1695
06-22 08:48:45.565 W/vold    ( 1573): Skipping due to root namespace
06-22 08:48:45.565 D/vold    ( 1573): Found matching PID 1697
06-22 08:48:45.565 W/vold    ( 1573): Skipping due to root namespace
06-22 08:48:45.565 D/vold    ( 1573): Found matching PID 1701
06-22 08:48:45.565 W/vold    ( 1573): Skipping due to root namespace
06-22 08:48:45.565 D/vold    ( 1573): Found matching PID 1702
06-22 08:48:45.565 W/vold    ( 1573): Skipping due to root namespace
06-22 08:48:45.565 D/vold    ( 1573): Found matching PID 1703
06-22 08:48:45.565 W/vold    ( 1573): Skipping due to root namespace
06-22 08:48:45.565 D/vold    ( 1573): Found matching PID 1718
06-22 08:48:45.565 W/vold    ( 1573): Skipping due to root namespace
06-22 08:48:45.565 D/vold    ( 1573): Found matching PID 1779
06-22 08:48:45.565 W/vold    ( 1573): Skipping due to root namespace
06-22 08:48:45.565 D/vold    ( 1573): Found matching PID 1801
06-22 08:48:45.565 W/vold    ( 1573): Skipping due to root namespace
06-22 08:48:45.565 D/vold    ( 1573): Found matching PID 1805
06-22 08:48:45.565 W/vold    ( 1573): Skipping due to root namespace
06-22 08:48:45.565 D/vold    ( 1573): Found matching PID 1905
06-22 08:48:45.573 W/libc    ( 1704): Unable to set property "vendor.wlan.firmware.version" to "1.0": error code: 0x18
06-22 08:48:45.574 I/AccountsDb( 1905): Creating DE database for user 0
06-22 08:48:45.583 W/libc    ( 1704): Unable to set property "vendor.wlan.driver.version" to "1.0": error code: 0x18
06-22 08:48:45.583 I/android.hardware.wifi@1.0-service( 1704): Configured chip in mode 0
06-22 08:48:45.583 W/android.hardware.wifi@1.0-service( 1704): No active wlan interfaces in use! Using default
06-22 08:48:45.583 D/HalDevMgr( 1905): updateRttController: no one is interested in RTT controllers
06-22 08:48:45.583 E/android.hardware.wifi@1.0-service( 1704): Failed to set DFS flag; DFS channels may be unavailable.
06-22 08:48:45.586 I/WifiP2pNative( 1905): Registering for interface available listener
06-22 08:48:45.587 D/WifiP2pNative( 1905): P2P InterfaceAvailableListener true
06-22 08:48:45.587 D/WifiP2pService( 1905): Wifi enabled=false, P2P Interface availability=true, Number of clients=0
06-22 08:48:45.587 D/WifiP2pService( 1905): Wifi enabled=false, P2P Interface availability=true
06-22 08:48:45.589 D/WificondControl( 1905): Setting up interface for client mode
06-22 08:48:45.590 I/wificond( 1796): create scanner for interface with index: 3
06-22 08:48:45.590 I/wificond( 1796): subscribe scan result for interface with index: 3
06-22 08:48:45.591 I/hwservicemanager( 1566): getTransport: Cannot find entry android.hardware.wifi.offload@1.0::IOffload/default in either framework or device manifest.
06-22 08:48:45.591 E/wificond( 1796): No Offload Service available
06-22 08:48:45.591 I/wificond( 1796): Offload HAL not supported 
06-22 08:48:45.593 I/netd    ( 1663): interfaceGetCfg("wlan0") <0.13ms>
06-22 08:48:45.594 I/WifiNative( 1905): Interface state changed on Iface:{Name=wlan0,Id=0,Type=STA_SCAN}, isUp=true
06-22 08:48:45.594 I/WifiNative( 1905): Successfully setup Iface:{Name=wlan0,Id=0,Type=STA_SCAN}
06-22 08:48:45.594 E/SupplicantStaIfaceHal( 1905): checkHalVersionByInterfaceName: called but mServiceManager is null
06-22 08:48:45.594 E/SupplicantStaIfaceHal( 1905): Method getKeyMgmtCapabilities is not supported in existing HAL
06-22 08:48:45.598 D/WifiScanOnlyModeManager( 1905): entering StartedState
06-22 08:48:45.598 I/netd    ( 1663): interfaceGetCfg("wlan0") <0.10ms>
06-22 08:48:45.599 D/WifiScanOnlyModeManager( 1905): Wifi is ready to use for scanning
06-22 08:48:45.599 D/WakeupController( 1905): start()
06-22 08:48:45.599 D/WakeupController( 1905): Setting active to true
06-22 08:48:45.600 E/WifiConfigManager( 1905): Cannot save to store before store is read!
06-22 08:48:45.600 D/WifiActiveModeWarden( 1905): scan mode active
06-22 08:48:45.601 D/WifiScanRequestProxy( 1905): Sending scan available broadcast: true
06-22 08:48:45.602 E/WifiVendorHal( 1905): getBgScanCapabilities(l.630) failed {.code = ERROR_NOT_SUPPORTED, .description = }
06-22 08:48:45.602 I/WifiScanRequestProxy( 1905): Scanning is enabled
06-22 08:48:45.603 I/WifiScanRequestProxy( 1905): Scanning for hidden networks is disabled
06-22 08:48:45.603 E/WifiNative( 1905): Could not get Iface object for interface null
06-22 08:48:45.607 D/vold    ( 1573): Remounting 1000 as mode full
06-22 08:48:45.608 D/vold    ( 1573): Found matching PID 1565
06-22 08:48:45.608 W/vold    ( 1573): Skipping due to root namespace
06-22 08:48:45.608 D/vold    ( 1573): Found matching PID 1566
06-22 08:48:45.608 W/vold    ( 1573): Skipping due to root namespace
06-22 08:48:45.608 D/vold    ( 1573): Found matching PID 1567
06-22 08:48:45.608 W/vold    ( 1573): Skipping due to root namespace
06-22 08:48:45.608 D/vold    ( 1573): Found matching PID 1668
06-22 08:48:45.608 W/vold    ( 1573): Skipping due to root namespace
06-22 08:48:45.608 D/vold    ( 1573): Found matching PID 1669
06-22 08:48:45.608 W/vold    ( 1573): Skipping due to root namespace
06-22 08:48:45.608 D/vold    ( 1573): Found matching PID 1675
06-22 08:48:45.608 W/vold    ( 1573): Skipping due to root namespace
06-22 08:48:45.608 D/vold    ( 1573): Found matching PID 1679
06-22 08:48:45.608 W/vold    ( 1573): Skipping due to root namespace
06-22 08:48:45.608 D/vold    ( 1573): Found matching PID 1694
06-22 08:48:45.608 W/vold    ( 1573): Skipping due to root namespace
06-22 08:48:45.608 D/vold    ( 1573): Found matching PID 1695
06-22 08:48:45.608 W/vold    ( 1573): Skipping due to root namespace
06-22 08:48:45.608 D/vold    ( 1573): Found matching PID 1697
06-22 08:48:45.608 W/vold    ( 1573): Skipping due to root namespace
06-22 08:48:45.608 D/vold    ( 1573): Found matching PID 1701
06-22 08:48:45.608 W/vold    ( 1573): Skipping due to root namespace
06-22 08:48:45.608 D/vold    ( 1573): Found matching PID 1702
06-22 08:48:45.608 W/vold    ( 1573): Skipping due to root namespace
06-22 08:48:45.608 D/vold    ( 1573): Found matching PID 1703
06-22 08:48:45.608 W/vold    ( 1573): Skipping due to root namespace
06-22 08:48:45.608 D/vold    ( 1573): Found matching PID 1718
06-22 08:48:45.608 W/vold    ( 1573): Skipping due to root namespace
06-22 08:48:45.608 D/vold    ( 1573): Found matching PID 1779
06-22 08:48:45.608 W/vold    ( 1573): Skipping due to root namespace
06-22 08:48:45.608 D/vold    ( 1573): Found matching PID 1801
06-22 08:48:45.608 W/vold    ( 1573): Skipping due to root namespace
06-22 08:48:45.608 D/vold    ( 1573): Found matching PID 1805
06-22 08:48:45.608 W/vold    ( 1573): Skipping due to root namespace
06-22 08:48:45.608 D/vold    ( 1573): Found matching PID 1905
06-22 08:48:45.610 I/WifiScanningService( 1905): wifi driver loaded with scan capabilities: max buckets=16
06-22 08:48:45.613 I/DropBoxManagerService( 1905): add tag=system_server_strictmode isTagEnabled=true flags=0x2
06-22 08:48:45.624 I/chatty  ( 1905): uid=1000(system) android.io identical 8 lines
06-22 08:48:45.625 I/DropBoxManagerService( 1905): add tag=system_server_strictmode isTagEnabled=true flags=0x2
06-22 08:48:45.634 D/vold    ( 1573): Remounting 1000 as mode full
06-22 08:48:45.634 D/vold    ( 1573): Found matching PID 1565
06-22 08:48:45.634 W/vold    ( 1573): Skipping due to root namespace
06-22 08:48:45.634 D/vold    ( 1573): Found matching PID 1566
06-22 08:48:45.634 W/vold    ( 1573): Skipping due to root namespace
06-22 08:48:45.634 D/vold    ( 1573): Found matching PID 1567
06-22 08:48:45.635 W/vold    ( 1573): Skipping due to root namespace
06-22 08:48:45.635 D/vold    ( 1573): Found matching PID 1668
06-22 08:48:45.635 W/vold    ( 1573): Skipping due to root namespace
06-22 08:48:45.635 D/vold    ( 1573): Found matching PID 1669
06-22 08:48:45.635 W/vold    ( 1573): Skipping due to root namespace
06-22 08:48:45.635 D/vold    ( 1573): Found matching PID 1675
06-22 08:48:45.635 W/vold    ( 1573): Skipping due to root namespace
06-22 08:48:45.635 D/vold    ( 1573): Found matching PID 1679
06-22 08:48:45.635 W/vold    ( 1573): Skipping due to root namespace
06-22 08:48:45.635 D/vold    ( 1573): Found matching PID 1694
06-22 08:48:45.635 W/vold    ( 1573): Skipping due to root namespace
06-22 08:48:45.635 D/vold    ( 1573): Found matching PID 1695
06-22 08:48:45.635 W/vold    ( 1573): Skipping due to root namespace
06-22 08:48:45.635 D/vold    ( 1573): Found matching PID 1697
06-22 08:48:45.635 W/vold    ( 1573): Skipping due to root namespace
06-22 08:48:45.635 D/vold    ( 1573): Found matching PID 1701
06-22 08:48:45.635 W/vold    ( 1573): Skipping due to root namespace
06-22 08:48:45.635 D/vold    ( 1573): Found matching PID 1702
06-22 08:48:45.635 W/vold    ( 1573): Skipping due to root namespace
06-22 08:48:45.635 D/vold    ( 1573): Found matching PID 1703
06-22 08:48:45.635 W/vold    ( 1573): Skipping due to root namespace
06-22 08:48:45.635 D/vold    ( 1573): Found matching PID 1718
06-22 08:48:45.635 W/vold    ( 1573): Skipping due to root namespace
06-22 08:48:45.635 D/vold    ( 1573): Found matching PID 1779
06-22 08:48:45.635 W/vold    ( 1573): Skipping due to root namespace
06-22 08:48:45.635 D/vold    ( 1573): Found matching PID 1801
06-22 08:48:45.635 W/vold    ( 1573): Skipping due to root namespace
06-22 08:48:45.635 D/vold    ( 1573): Found matching PID 1805
06-22 08:48:45.635 W/vold    ( 1573): Skipping due to root namespace
06-22 08:48:45.635 D/vold    ( 1573): Found matching PID 1905
06-22 08:48:45.696 D/vold    ( 1573): Remounting 2000 as mode default
06-22 08:48:45.696 D/vold    ( 1573): Found matching PID 1747
06-22 08:48:45.696 W/vold    ( 1573): Skipping due to root namespace
06-22 08:48:45.696 D/vold    ( 1573): Found matching PID 1760
06-22 08:48:45.696 W/vold    ( 1573): Skipping due to root namespace
06-22 08:48:45.696 D/vold    ( 1573): Remounting 2000 as mode default
06-22 08:48:45.697 D/vold    ( 1573): Found matching PID 1747
06-22 08:48:45.697 W/vold    ( 1573): Skipping due to root namespace
06-22 08:48:45.697 D/vold    ( 1573): Found matching PID 1760
06-22 08:48:45.697 W/vold    ( 1573): Skipping due to root namespace
06-22 08:48:45.697 D/vold    ( 1573): Remounting 2000 as mode full
06-22 08:48:45.697 D/vold    ( 1573): Found matching PID 1747
06-22 08:48:45.698 W/vold    ( 1573): Skipping due to root namespace
06-22 08:48:45.698 D/vold    ( 1573): Found matching PID 1760
06-22 08:48:45.698 W/vold    ( 1573): Skipping due to root namespace
06-22 08:48:45.698 D/vold    ( 1573): Remounting 2000 as mode full
06-22 08:48:45.698 D/vold    ( 1573): Found matching PID 1747
06-22 08:48:45.698 W/vold    ( 1573): Skipping due to root namespace
06-22 08:48:45.698 D/vold    ( 1573): Found matching PID 1760
06-22 08:48:45.698 W/vold    ( 1573): Skipping due to root namespace
06-22 08:48:45.699 D/vold    ( 1573): Remounting 10117 as mode default
06-22 08:48:45.700 D/vold    ( 1573): Remounting 10117 as mode default
06-22 08:48:45.704 D/vold    ( 1573): Remounting 1002 as mode default
06-22 08:48:45.708 I/DefaultPermGrantPolicy( 1905): Granting permissions to default platform handlers for user 0
06-22 08:48:45.705 I/chatty  ( 1573): uid=0(root) Binder:1573_1 identical 2 lines
06-22 08:48:45.705 D/vold    ( 1573): Remounting 1002 as mode default
06-22 08:48:45.713 I/SyncManager( 1905): No initial accounts
06-22 08:48:45.714 I/SyncManager( 1905): No initial status
06-22 08:48:45.714 I/SyncManager( 1905): No initial statistics
06-22 08:48:45.738 D/vold    ( 1573): Remounting 10135 as mode default
06-22 08:48:45.739 I/chatty  ( 1573): uid=0(root) Binder:1573_1 identical 2 lines
06-22 08:48:45.740 D/vold    ( 1573): Remounting 10135 as mode default
06-22 08:48:45.741 D/vold    ( 1573): Remounting 10056 as mode full
06-22 08:48:45.742 I/chatty  ( 1573): uid=0(root) Binder:1573_1 identical 2 lines
06-22 08:48:45.743 D/vold    ( 1573): Remounting 10056 as mode full
06-22 08:48:45.744 D/vold    ( 1573): Remounting 10071 as mode default
06-22 08:48:45.745 D/vold    ( 1573): Remounting 10071 as mode default
06-22 08:48:45.745 D/vold    ( 1573): Remounting 10071 as mode full
06-22 08:48:45.746 D/vold    ( 1573): Remounting 10071 as mode full
06-22 08:48:45.756 D/vold    ( 1573): Remounting 10132 as mode default
06-22 08:48:45.757 I/chatty  ( 1573): uid=0(root) Binder:1573_1 identical 2 lines
06-22 08:48:45.758 D/vold    ( 1573): Remounting 10132 as mode default
06-22 08:48:45.762 D/vold    ( 1573): Remounting 10061 as mode default
06-22 08:48:45.764 I/chatty  ( 1573): uid=0(root) Binder:1573_1 identical 2 lines
06-22 08:48:45.764 D/vold    ( 1573): Remounting 10061 as mode default
06-22 08:48:45.771 D/vold    ( 1573): Remounting 10145 as mode default
06-22 08:48:45.773 I/chatty  ( 1573): uid=0(root) Binder:1573_1 identical 2 lines
06-22 08:48:45.773 D/vold    ( 1573): Remounting 10145 as mode default
06-22 08:48:45.796 D/vold    ( 1573): Remounting 10115 as mode default
06-22 08:48:45.797 I/chatty  ( 1573): uid=0(root) Binder:1573_1 identical 2 lines
06-22 08:48:45.798 D/vold    ( 1573): Remounting 10115 as mode default
06-22 08:48:45.801 E/DefaultPermGrantPolicy( 1905): PackageNot found: com.google.android.gms.location.history
06-22 08:48:45.801 E/DefaultPermGrantPolicy( 1905): android.content.pm.PackageManager$NameNotFoundException: com.google.android.gms.location.history
06-22 08:48:45.801 E/DefaultPermGrantPolicy( 1905): 	at android.app.ApplicationPackageManager.getPackageInfoAsUser(ApplicationPackageManager.java:190)
06-22 08:48:45.801 E/DefaultPermGrantPolicy( 1905): 	at android.app.ApplicationPackageManager.getPackageInfo(ApplicationPackageManager.java:159)
06-22 08:48:45.801 E/DefaultPermGrantPolicy( 1905): 	at com.android.server.pm.permission.DefaultPermissionGrantPolicy.getPackageInfo(DefaultPermissionGrantPolicy.java:1302)
06-22 08:48:45.801 E/DefaultPermGrantPolicy( 1905): 	at com.android.server.pm.permission.DefaultPermissionGrantPolicy.getPackageInfo(DefaultPermissionGrantPolicy.java:1293)
06-22 08:48:45.801 E/DefaultPermGrantPolicy( 1905): 	at com.android.server.pm.permission.DefaultPermissionGrantPolicy.isSystemPackage(DefaultPermissionGrantPolicy.java:962)
06-22 08:48:45.801 E/DefaultPermGrantPolicy( 1905): 	at com.android.server.pm.permission.DefaultPermissionGrantPolicy.grantPermissionsToSystemPackage(DefaultPermissionGrantPolicy.java:363)
06-22 08:48:45.801 E/DefaultPermGrantPolicy( 1905): 	at com.android.server.pm.permission.DefaultPermissionGrantPolicy.grantPermissionsToSystemPackage(DefaultPermissionGrantPolicy.java:356)
06-22 08:48:45.801 E/DefaultPermGrantPolicy( 1905): 	at com.android.server.pm.permission.DefaultPermissionGrantPolicy.grantDefaultSystemHandlerPermissions(DefaultPermissionGrantPolicy.java:647)
06-22 08:48:45.801 E/DefaultPermGrantPolicy( 1905): 	at com.android.server.pm.permission.DefaultPermissionGrantPolicy.grantDefaultPermissions(DefaultPermissionGrantPolicy.java:295)
06-22 08:48:45.801 E/DefaultPermGrantPolicy( 1905): 	at com.android.server.pm.PackageManagerService.systemReady(PackageManagerService.java:21619)
06-22 08:48:45.801 E/DefaultPermGrantPolicy( 1905): 	at com.android.server.SystemServer.startOtherServices(SystemServer.java:1977)
06-22 08:48:45.801 E/DefaultPermGrantPolicy( 1905): 	at com.android.server.SystemServer.run(SystemServer.java:512)
06-22 08:48:45.801 E/DefaultPermGrantPolicy( 1905): 	at com.android.server.SystemServer.main(SystemServer.java:349)
06-22 08:48:45.801 E/DefaultPermGrantPolicy( 1905): 	at java.lang.reflect.Method.invoke(Native Method)
06-22 08:48:45.801 E/DefaultPermGrantPolicy( 1905): 	at com.android.internal.os.RuntimeInit$MethodAndArgsCaller.run(RuntimeInit.java:492)
06-22 08:48:45.801 E/DefaultPermGrantPolicy( 1905): 	at com.android.internal.os.ZygoteInit.main(ZygoteInit.java:908)
06-22 08:48:45.802 D/vold    ( 1573): Remounting 10140 as mode default
06-22 08:48:45.803 I/chatty  ( 1573): uid=0(root) Binder:1573_1 identical 2 lines
06-22 08:48:45.804 D/vold    ( 1573): Remounting 10140 as mode default
06-22 08:48:45.807 D/vold    ( 1573): Remounting 10118 as mode default
06-22 08:48:45.808 I/chatty  ( 1573): uid=0(root) Binder:1573_1 identical 2 lines
06-22 08:48:45.809 D/vold    ( 1573): Remounting 10118 as mode default
06-22 08:48:45.810 D/vold    ( 1573): Remounting 10128 as mode default
06-22 08:48:45.811 I/chatty  ( 1573): uid=0(root) Binder:1573_1 identical 2 lines
06-22 08:48:45.812 D/vold    ( 1573): Remounting 10128 as mode default
06-22 08:48:45.813 E/DefaultPermGrantPolicy( 1905): PackageNot found: com.google.android.as
06-22 08:48:45.813 E/DefaultPermGrantPolicy( 1905): android.content.pm.PackageManager$NameNotFoundException: com.google.android.as
06-22 08:48:45.813 E/DefaultPermGrantPolicy( 1905): 	at android.app.ApplicationPackageManager.getPackageInfoAsUser(ApplicationPackageManager.java:190)
06-22 08:48:45.813 E/DefaultPermGrantPolicy( 1905): 	at android.app.ApplicationPackageManager.getPackageInfo(ApplicationPackageManager.java:159)
06-22 08:48:45.813 E/DefaultPermGrantPolicy( 1905): 	at com.android.server.pm.permission.DefaultPermissionGrantPolicy.getPackageInfo(DefaultPermissionGrantPolicy.java:1302)
06-22 08:48:45.813 E/DefaultPermGrantPolicy( 1905): 	at com.android.server.pm.permission.DefaultPermissionGrantPolicy.getPackageInfo(DefaultPermissionGrantPolicy.java:1293)
06-22 08:48:45.813 E/DefaultPermGrantPolicy( 1905): 	at com.android.server.pm.permission.DefaultPermissionGrantPolicy.isSystemPackage(DefaultPermissionGrantPolicy.java:962)
06-22 08:48:45.813 E/DefaultPermGrantPolicy( 1905): 	at com.android.server.pm.permission.DefaultPermissionGrantPolicy.grantPermissionsToSystemPackage(DefaultPermissionGrantPolicy.java:363)
06-22 08:48:45.813 E/DefaultPermGrantPolicy( 1905): 	at com.android.server.pm.permission.DefaultPermissionGrantPolicy.grantPermissionsToSystemPackage(DefaultPermissionGrantPolicy.java:356)
06-22 08:48:45.813 E/DefaultPermGrantPolicy( 1905): 	at com.android.server.pm.permission.DefaultPermissionGrantPolicy.grantDefaultSystemHandlerPermissions(DefaultPermissionGrantPolicy.java:721)
06-22 08:48:45.813 E/DefaultPermGrantPolicy( 1905): 	at com.android.server.pm.permission.DefaultPermissionGrantPolicy.grantDefaultPermissions(DefaultPermissionGrantPolicy.java:295)
06-22 08:48:45.813 E/DefaultPermGrantPolicy( 1905): 	at com.android.server.pm.PackageManagerService.systemReady(PackageManagerService.java:21619)
06-22 08:48:45.813 E/DefaultPermGrantPolicy( 1905): 	at com.android.server.SystemServer.startOtherServices(SystemServer.java:1977)
06-22 08:48:45.813 E/DefaultPermGrantPolicy( 1905): 	at com.android.server.SystemServer.run(SystemServer.java:512)
06-22 08:48:45.813 E/DefaultPermGrantPolicy( 1905): 	at com.android.server.SystemServer.main(SystemServer.java:349)
06-22 08:48:45.813 E/DefaultPermGrantPolicy( 1905): 	at java.lang.reflect.Method.invoke(Native Method)
06-22 08:48:45.813 E/DefaultPermGrantPolicy( 1905): 	at com.android.internal.os.RuntimeInit$MethodAndArgsCaller.run(RuntimeInit.java:492)
06-22 08:48:45.813 E/DefaultPermGrantPolicy( 1905): 	at com.android.internal.os.ZygoteInit.main(ZygoteInit.java:908)
06-22 08:48:45.813 D/vold    ( 1573): Remounting 10068 as mode full
06-22 08:48:45.814 I/chatty  ( 1573): uid=0(root) Binder:1573_1 identical 2 lines
06-22 08:48:45.815 D/vold    ( 1573): Remounting 10068 as mode full
06-22 08:48:45.816 E/DefaultPermGrantPolicy( 1905): PackageNot found: com.google.android.as
06-22 08:48:45.816 E/DefaultPermGrantPolicy( 1905): android.content.pm.PackageManager$NameNotFoundException: com.google.android.as
06-22 08:48:45.816 E/DefaultPermGrantPolicy( 1905): 	at android.app.ApplicationPackageManager.getPackageInfoAsUser(ApplicationPackageManager.java:190)
06-22 08:48:45.816 E/DefaultPermGrantPolicy( 1905): 	at android.app.ApplicationPackageManager.getPackageInfo(ApplicationPackageManager.java:159)
06-22 08:48:45.816 E/DefaultPermGrantPolicy( 1905): 	at com.android.server.pm.permission.DefaultPermissionGrantPolicy.getPackageInfo(DefaultPermissionGrantPolicy.java:1302)
06-22 08:48:45.816 E/DefaultPermGrantPolicy( 1905): 	at com.android.server.pm.permission.DefaultPermissionGrantPolicy.getPackageInfo(DefaultPermissionGrantPolicy.java:1293)
06-22 08:48:45.816 E/DefaultPermGrantPolicy( 1905): 	at com.android.server.pm.permission.DefaultPermissionGrantPolicy.isSystemPackage(DefaultPermissionGrantPolicy.java:962)
06-22 08:48:45.816 E/DefaultPermGrantPolicy( 1905): 	at com.android.server.pm.permission.DefaultPermissionGrantPolicy.grantPermissionsToSystemPackage(DefaultPermissionGrantPolicy.java:363)
06-22 08:48:45.816 E/DefaultPermGrantPolicy( 1905): 	at com.android.server.pm.permission.DefaultPermissionGrantPolicy.grantPermissionsToSystemPackage(DefaultPermissionGrantPolicy.java:356)
06-22 08:48:45.816 E/DefaultPermGrantPolicy( 1905): 	at com.android.server.pm.permission.DefaultPermissionGrantPolicy.grantDefaultSystemHandlerPermissions(DefaultPermissionGrantPolicy.java:743)
06-22 08:48:45.816 E/DefaultPermGrantPolicy( 1905): 	at com.android.server.pm.permission.DefaultPermissionGrantPolicy.grantDefaultPermissions(DefaultPermissionGrantPolicy.java:295)
06-22 08:48:45.816 E/DefaultPermGrantPolicy( 1905): 	at com.android.server.pm.PackageManagerService.systemReady(PackageManagerService.java:21619)
06-22 08:48:45.816 E/DefaultPermGrantPolicy( 1905): 	at com.android.server.SystemServer.startOtherServices(SystemServer.java:1977)
06-22 08:48:45.816 E/DefaultPermGrantPolicy( 1905): 	at com.android.server.SystemServer.run(SystemServer.java:512)
06-22 08:48:45.816 E/DefaultPermGrantPolicy( 1905): 	at com.android.server.SystemServer.main(SystemServer.java:349)
06-22 08:48:45.816 E/DefaultPermGrantPolicy( 1905): 	at java.lang.reflect.Method.invoke(Native Method)
06-22 08:48:45.816 E/DefaultPermGrantPolicy( 1905): 	at com.android.internal.os.RuntimeInit$MethodAndArgsCaller.run(RuntimeInit.java:492)
06-22 08:48:45.816 E/DefaultPermGrantPolicy( 1905): 	at com.android.internal.os.ZygoteInit.main(ZygoteInit.java:908)
06-22 08:48:45.824 I/PackageManager( 1905): Un-granting permission android.permission.MANAGE_DOCUMENTS from package com.google.android.youtube (protectionLevel=262146 flags=0x30dbbe45)
06-22 08:48:45.824 I/PackageManager( 1905): Un-granting permission com.google.android.googleapps.permission.GOOGLE_AUTH from package com.android.providers.calendar (protectionLevel=2 flags=0x30883e45)
06-22 08:48:45.824 I/PackageManager( 1905): Un-granting permission com.google.android.googleapps.permission.GOOGLE_AUTH.cl from package com.android.providers.calendar (protectionLevel=2 flags=0x30883e45)
06-22 08:48:45.825 I/PackageManager( 1905): Un-granting permission android.permission.WRITE_SECURE_SETTINGS from package com.google.android.apps.enterprise.dmagent (protectionLevel=50 flags=0x30883e05)
06-22 08:48:45.825 I/PackageManager( 1905): Un-granting permission android.permission.CONNECTIVITY_INTERNAL from package com.google.android.apps.enterprise.dmagent (protectionLevel=18 flags=0x30883e05)
06-22 08:48:45.825 I/PackageManager( 1905): Un-granting permission android.permission.MANAGE_USB from package com.google.android.apps.enterprise.dmagent (protectionLevel=18 flags=0x30883e05)
06-22 08:48:45.825 I/PackageManager( 1905): Un-granting permission android.permission.CHANGE_COMPONENT_ENABLED_STATE from package com.google.android.apps.enterprise.dmagent (protectionLevel=18 flags=0x30883e05)
06-22 08:48:45.825 I/PackageManager( 1905): Un-granting permission android.permission.MANAGE_CA_CERTIFICATES from package com.google.android.apps.enterprise.dmagent (protectionLevel=18 flags=0x30883e05)
06-22 08:48:45.825 I/PackageManager( 1905): Un-granting permission android.permission.MANAGE_USERS from package com.google.android.apps.enterprise.dmagent (protectionLevel=18 flags=0x30883e05)
06-22 08:48:45.825 I/PackageManager( 1905): Un-granting permission com.google.android.setupwizard.READ_DEVICE_ORIGIN from package com.google.android.apps.messaging (protectionLevel=18 flags=0x38cbbe45)
06-22 08:48:45.825 I/PackageManager( 1905): Un-granting permission android.permission.BIND_WALLPAPER from package com.android.camera2 (protectionLevel=18 flags=0x20d8bc45)
06-22 08:48:45.826 I/PackageManager( 1905): Un-granting permission android.permission.REQUEST_INSTALL_PACKAGES from package com.google.android.gm (protectionLevel=66 flags=0x38cbbe45)
06-22 08:48:45.826 I/PackageManager( 1905): Un-granting permission android.permission.BIND_JOB_SERVICE from package com.google.android.music (protectionLevel=2 flags=0x38cbbe65)
06-22 08:48:45.827 I/PackageManager( 1905): Un-granting permission android.permission.CONNECTIVITY_USE_RESTRICTED_NETWORKS from package com.google.android.captiveportallogin (protectionLevel=18 flags=0x38c8be45)
06-22 08:48:45.827 I/PackageManager( 1905): Un-granting permission android.permission.NETWORK_BYPASS_PRIVATE_DNS from package com.google.android.captiveportallogin (protectionLevel=2 flags=0x38c8be45)
06-22 08:48:45.827 I/PackageManager( 1905): Un-granting permission android.permission.REQUEST_INSTALL_PACKAGES from package com.google.android.apps.docs (protectionLevel=66 flags=0x38cbbe45)
06-22 08:48:45.827 I/PackageManager( 1905): Un-granting permission android.permission.INTERACT_ACROSS_USERS from package com.google.android.syncadapters.contacts (protectionLevel=50 flags=0x20883e45)
06-22 08:48:45.827 I/PackageManager( 1905): Un-granting permission android.permission.REQUEST_INSTALL_PACKAGES from package com.android.chrome (protectionLevel=66 flags=0xa0cbbe45)
06-22 08:48:45.827 I/PackageManager( 1905): Un-granting permission com.google.android.apps.now.CURRENT_ACCOUNT_ACCESS from package com.android.chrome (protectionLevel=2 flags=0xa0cbbe45)
06-22 08:48:45.827 I/PackageManager( 1905): Un-granting permission android.permission.CAPTURE_VIDEO_OUTPUT from package com.google.android.gms (protectionLevel=2 flags=0xb0cabe45)
06-22 08:48:45.828 I/PackageManager( 1905): Un-granting permission android.permission.MANAGE_DEVICE_ADMINS from package com.google.android.gms (protectionLevel=2 flags=0xb0cabe45)
06-22 08:48:45.828 I/PackageManager( 1905): Un-granting permission android.permission.MANAGE_ACTIVITY_STACKS from package com.google.android.gms (protectionLevel=2 flags=0xb0cabe45)
06-22 08:48:45.828 I/PackageManager( 1905): Un-granting permission android.permission.CAPTURE_SECURE_VIDEO_OUTPUT from package com.google.android.gms (protectionLevel=2 flags=0xb0cabe45)
06-22 08:48:45.828 I/PackageManager( 1905): Un-granting permission android.permission.MANAGE_ROLLBACKS from package com.google.android.gms (protectionLevel=514 flags=0xb0cabe45)
06-22 08:48:45.828 I/PackageManager( 1905): Un-granting permission com.google.android.googleapps.permission.GOOGLE_AUTH from package com.google.android.videos (protectionLevel=2 flags=0x30dbbe45)
06-22 08:48:45.828 I/PackageManager( 1905): Un-granting permission android.permission.WRITE_MEDIA_STORAGE from package com.google.android.apps.photos (protectionLevel=18 flags=0x38d9be45)
06-22 08:48:45.834 V/UserDataPreparer( 1905): Found /data/user_de/0 with serial number -1
06-22 08:48:45.834 D/UserDataPreparer( 1905): Serial number missing on /data/user_de/0; assuming current is valid
06-22 08:48:45.834 V/UserDataPreparer( 1905): Found /data/user/0 with serial number -1
06-22 08:48:45.834 D/UserDataPreparer( 1905): Serial number missing on /data/user/0; assuming current is valid
06-22 08:48:45.834 V/UserDataPreparer( 1905): Found /data/system_de/0 with serial number -1
06-22 08:48:45.834 D/UserDataPreparer( 1905): Serial number missing on /data/system_de/0; assuming current is valid
06-22 08:48:45.835 D/SystemServerTiming( 1905): MakePackageManagerServiceReady took to complete: 314ms
06-22 08:48:45.835 I/SystemServer( 1905): MakeDisplayManagerServiceReady
06-22 08:48:45.838 D/SystemServerTiming( 1905): MakeDisplayManagerServiceReady took to complete: 3ms
06-22 08:48:45.838 I/SystemServer( 1905): StartDeviceSpecificServices
06-22 08:48:45.838 D/SystemServerTiming( 1905): StartDeviceSpecificServices took to complete: 0ms
06-22 08:48:45.838 I/SystemServer( 1905): StartBootPhaseDeviceSpecificServicesReady
06-22 08:48:45.838 I/SystemServiceManager( 1905): Starting phase 520
06-22 08:48:45.840 D/SystemServerTiming( 1905): StartBootPhaseDeviceSpecificServicesReady took to complete: 2ms
06-22 08:48:45.840 I/SystemServer( 1905): StartPermissionPolicyService
06-22 08:48:45.840 I/SystemServiceManager( 1905): Starting com.android.server.policy.PermissionPolicyService
06-22 08:48:45.841 D/SystemServerTiming( 1905): StartPermissionPolicyService took to complete: 0ms
06-22 08:48:45.841 W/UsageStatsService( 1905): Event reported without a package name, eventType:15
06-22 08:48:45.842 I/AppOps  ( 1905): Pruning old package system/com.android.server.appop.AppOpsService$UidState@cbc58d2: new uid=-1
06-22 08:48:45.842 I/ActivityManager( 1905): System now ready
06-22 08:48:45.865 I/SystemServer( 1905): Making services ready
06-22 08:48:45.865 I/SystemServer( 1905): StartActivityManagerReadyPhase
06-22 08:48:45.865 I/SystemServiceManager( 1905): Starting phase 550
06-22 08:48:45.866 I/android_os_HwBinder( 1905): HwBinder: Starting thread pool for getting: android.hardware.thermal@2.0::IThermal/default
06-22 08:48:45.866 I/android.hardware.thermal@2.0-service-mock( 1703): A callback has been registered to ThermalHAL, isFilter: 0 Type: CPU
06-22 08:48:45.867 W/ActivityManager( 1905): Too early to start/bind service in system_server: Phase=550 ComponentInfo{com.android.server.telecom/com.android.server.telecom.components.TelecomService}
06-22 08:48:45.868 W/ActivityManager( 1905): Too early to start/bind service in system_server: Phase=550 ComponentInfo{com.android.server.telecom/com.android.server.telecom.components.TelecomService}
06-22 08:48:45.880 D/PackageManager( 1905): Instant App installer not found with android.intent.action.INSTALL_INSTANT_APP_PACKAGE
06-22 08:48:45.880 D/PackageManager( 1905): Clear ephemeral installer activity
06-22 08:48:45.880 D/PackageManager( 1905): Instant App installer not found with android.intent.action.INSTALL_INSTANT_APP_PACKAGE
06-22 08:48:45.880 D/PackageManager( 1905): Clear ephemeral installer activity
06-22 08:48:45.880 D/PackageManager( 1905): Instant App installer not found with android.intent.action.INSTALL_INSTANT_APP_PACKAGE
06-22 08:48:45.880 D/PackageManager( 1905): Clear ephemeral installer activity
06-22 08:48:45.886 I/LockSettingsService( 1905): Migrated migrated_frp.
06-22 08:48:45.892 D/Zygote  ( 1664): Forked child process 2042
06-22 08:48:45.893 I/WallpaperManagerService( 1905): No static wallpaper imagery; defaults will be shown
06-22 08:48:45.893 V/WallpaperManagerService( 1905): bindWallpaperComponentLocked: componentName=ComponentInfo{com.android.systemui/com.android.systemui.ImageWallpaper}
06-22 08:48:45.894 W/WallpaperManagerService( 1905): no current wallpaper -- first boot?
06-22 08:48:45.896 I/AppBindingService( 1905): Updating constants with: null
06-22 08:48:45.896 D/StorageManagerService( 1905): Isolated storage local flag 0 and remote flag 0 resolved to true
06-22 08:48:45.898 E/BluetoothAdapter( 1905): Bluetooth binder is null
06-22 08:48:45.899 I/ActivityManager( 1905): Start proc 2042:com.google.android.gms.persistent/u0a115 for broadcast {com.google.android.gms/com.google.android.gms.chimera.GmsIntentOperationService$PersistentTrustedReceiver}
06-22 08:48:45.899 E/BluetoothAdapter( 1905): Bluetooth binder is null
06-22 08:48:45.900 I/AudioFlinger( 1708): systemReady
06-22 08:48:45.900 W/.gms.persisten( 2042): Unexpected CPU variant for X86 using defaults: x86_64
06-22 08:48:45.906 D/Zygote  ( 1664): Forked child process 2062
06-22 08:48:45.908 W/ndroid.systemu( 2062): Unexpected CPU variant for X86 using defaults: x86_64
06-22 08:48:45.916 I/ActivityManager( 1905): Start proc 2062:com.android.systemui/u0a117 for service {com.android.systemui/com.android.systemui.ImageWallpaper}
06-22 08:48:45.922 D/Zygote  ( 1664): Forked child process 2079
06-22 08:48:45.923 W/ssioncontrolle( 2079): Unexpected CPU variant for X86 using defaults: x86_64
06-22 08:48:45.925 I/.gms.persisten( 2042): The ClassLoaderContext is a special shared library.
06-22 08:48:45.927 I/ActivityManager( 1905): Start proc 2079:com.google.android.permissioncontroller/u0a74 for service {com.google.android.permissioncontroller/com.android.packageinstaller.permission.service.PermissionControllerServiceImpl}
06-22 08:48:45.928 I/chatty  ( 2042): uid=10115 com.google.android.gms.persistent identical 2 lines
06-22 08:48:45.930 I/.gms.persisten( 2042): The ClassLoaderContext is a special shared library.
06-22 08:48:45.941 I/ndroid.systemu( 2062): The ClassLoaderContext is a special shared library.
06-22 08:48:45.944 D/StagefrightPluginLoader( 1791): CCodec is disabled.
06-22 08:48:45.944 D/StagefrightPluginLoader( 1791): Handle or CreateInputSurface symbol is null
06-22 08:48:45.944 D/MediaCodecList( 1791): Allowing all OMX codecs
06-22 08:48:45.944 D/StagefrightPluginLoader( 1791): Handle or CreateBuilder symbol is null
06-22 08:48:45.946 I/OMXClient( 1791): IOmx service obtained
06-22 08:48:45.947 I/OMXMaster( 1797): makeComponentInstance(OMX.google.aac.decoder) in android.hardwar process
06-22 08:48:45.950 I/OMXClient( 1791): IOmx service obtained
06-22 08:48:45.950 I/OMXMaster( 1797): makeComponentInstance(OMX.google.amrnb.decoder) in android.hardwar process
06-22 08:48:45.951 I/ssioncontrolle( 2079): The ClassLoaderContext is a special shared library.
06-22 08:48:45.952 I/OMXClient( 1791): IOmx service obtained
06-22 08:48:45.952 I/OMXMaster( 1797): makeComponentInstance(OMX.google.amrwb.decoder) in android.hardwar process
06-22 08:48:45.955 I/OMXClient( 1791): IOmx service obtained
06-22 08:48:45.955 I/OMXMaster( 1797): makeComponentInstance(OMX.google.flac.decoder) in android.hardwar process
06-22 08:48:45.966 I/OMXClient( 1791): IOmx service obtained
06-22 08:48:45.966 I/OMXMaster( 1797): makeComponentInstance(OMX.google.g711.alaw.decoder) in android.hardwar process
06-22 08:48:45.968 W/ContextImpl( 2042): Failed to ensure /data/user/0/com.google.android.gms/cache: mkdir failed: ENOENT (No such file or directory)
06-22 08:48:45.969 W/ContextImpl( 2042): Failed to update user.inode_cache: stat failed: ENOENT (No such file or directory)
06-22 08:48:45.973 W/StorageManagerService( 1905): No primary storage defined yet; hacking together a stub
06-22 08:48:45.975 I/OMXClient( 1791): IOmx service obtained
06-22 08:48:45.975 I/OMXMaster( 1797): makeComponentInstance(OMX.google.g711.mlaw.decoder) in android.hardwar process
06-22 08:48:45.990 I/OMXClient( 1791): IOmx service obtained
06-22 08:48:45.990 I/OMXMaster( 1797): makeComponentInstance(OMX.google.gsm.decoder) in android.hardwar process
06-22 08:48:45.992 D/PackageManager( 1905): Instant App installer not found with android.intent.action.INSTALL_INSTANT_APP_PACKAGE
06-22 08:48:45.992 D/PackageManager( 1905): Clear ephemeral installer activity
06-22 08:48:45.998 W/AlarmManager( 2062): Unrecognized alarm listener com.android.systemui.keyguard.-$$Lambda$KeyguardSliceProvider$IhzByd8TsqFuOrSyuGurVskyPLo@a4356d9
06-22 08:48:45.999 I/OMXClient( 1791): IOmx service obtained
06-22 08:48:45.999 I/OMXMaster( 1797): makeComponentInstance(OMX.google.mp3.decoder) in android.hardwar process
06-22 08:48:46.014 I/OMXClient( 1791): IOmx service obtained
06-22 08:48:46.014 I/OMXMaster( 1797): makeComponentInstance(OMX.google.opus.decoder) in android.hardwar process
06-22 08:48:46.018 I/SystemConfig( 2079): Adding association: com.google.android.as <- com.android.providers.contacts
06-22 08:48:46.018 I/SystemConfig( 2079): Adding association: com.google.android.as <- com.android.providers.media
06-22 08:48:46.018 I/SystemConfig( 2079): Adding association: com.google.android.as <- com.android.providers.telephony
06-22 08:48:46.018 I/SystemConfig( 2079): Adding association: com.google.android.as <- com.android.systemui
06-22 08:48:46.018 I/SystemConfig( 2079): Adding association: com.google.android.as <- com.google.android.gms
06-22 08:48:46.018 I/SystemConfig( 2079): Adding association: com.google.android.as <- com.google.android.gsf
06-22 08:48:46.023 W/SystemConfig( 2079): No directory /product_services/etc/sysconfig, skipping
06-22 08:48:46.023 W/SystemConfig( 2079): No directory /product_services/etc/permissions, skipping
06-22 08:48:46.026 I/OMXClient( 1791): IOmx service obtained
06-22 08:48:46.026 I/OMXMaster( 1797): makeComponentInstance(OMX.google.raw.decoder) in android.hardwar process
06-22 08:48:46.030 D/ProtoStore( 2062): no cached data
06-22 08:48:46.030 D/ProtoStore( 2062): no cached data
06-22 08:48:46.035 I/OMXClient( 1791): IOmx service obtained
