06-18 12:08:38.402 D/SystemServerTiming( 1921): StartStatsCompanionService took to complete: 5ms
06-18 12:08:38.402 I/SystemServer( 1921): StartIncidentCompanionService
06-18 12:08:38.402 I/SystemServiceManager( 1921): Starting com.android.server.incident.IncidentCompanionService
06-18 12:08:38.403 D/SystemServerTiming( 1921): StartIncidentCompanionService took to complete: 1ms
06-18 12:08:38.403 I/SystemServer( 1921): StartMmsService
06-18 12:08:38.403 I/SystemServiceManager( 1921): Starting com.android.server.MmsServiceBroker
06-18 12:08:38.403 D/SystemServerTiming( 1921): StartMmsService took to complete: 0ms
06-18 12:08:38.403 I/SystemServer( 1921): StartAutoFillService
06-18 12:08:38.404 I/SystemServiceManager( 1921): Starting com.android.server.autofill.AutofillManagerService
06-18 12:08:38.405 D/AutofillManagerService( 1921): setLogLevelFromSettings(): level=2, debug=true, verbose=false
06-18 12:08:38.405 D/AutofillManagerService( 1921): setMaxPartitionsFromSettings(): 10
06-18 12:08:38.405 D/AutofillManagerService( 1921): setMaxVisibleDatasetsFromSettings(): 0
06-18 12:08:38.406 D/AutofillUI( 1921): destroySaveUiUiThread(): already destroyed
06-18 12:08:38.406 E/AutofillManagerServiceImpl( 1921): Bad service name: com.google.android.gms/.autofill.service.AutofillService
06-18 12:08:38.406 D/AutofillManagerServiceImpl( 1921): Reset component for user 0:com.google.android.gms/.autofill.service.AutofillService
06-18 12:08:38.407 D/SystemServerTiming( 1921): StartAutoFillService took to complete: 4ms
06-18 12:08:38.407 I/SystemServer( 1921): StartClipboardService
06-18 12:08:38.407 I/SystemServiceManager( 1921): Starting com.android.server.clipboard.ClipboardService
06-18 12:08:38.408 D/SystemServerTiming( 1921): StartClipboardService took to complete: 1ms
06-18 12:08:38.408 I/SystemServer( 1921): AppServiceManager
06-18 12:08:38.408 I/SystemServiceManager( 1921): Starting com.android.server.appbinding.AppBindingService$Lifecycle
06-18 12:08:38.408 D/SystemServerTiming( 1921): AppServiceManager took to complete: 0ms
06-18 12:08:38.408 I/SystemServer( 1921): MakeVibratorServiceReady
06-18 12:08:38.409 D/SystemServerTiming( 1921): MakeVibratorServiceReady took to complete: 1ms
06-18 12:08:38.409 I/SystemServer( 1921): MakeLockSettingsServiceReady
06-18 12:08:38.424 I/LockSettingsService( 1921): Migrated lock settings to new location
06-18 12:08:38.426 I/LockSettingsService( 1921): Migrated per-user lock settings to new location
06-18 12:08:38.430 I/LockSettingsService( 1921): Migrated biometric weak to use the fallback instead
06-18 12:08:38.433 I/LockSettingsService( 1921): Migrated lockscreen disabled flag
06-18 12:08:38.434 I/hwservicemanager( 1567): getTransport: Cannot find entry android.hardware.weaver@1.0::IWeaver/default in either framework or device manifest.
06-18 12:08:38.434 I/SyntheticPasswordManager( 1921): Device does not support weaver
06-18 12:08:38.434 I/hwservicemanager( 1567): getTransport: Cannot find entry android.hardware.authsecret@1.0::IAuthSecret/default in either framework or device manifest.
06-18 12:08:38.435 I/LockSettingsService( 1921): Device doesn't implement AuthSecret HAL
06-18 12:08:38.435 E/LockSettingsStorage( 1921): Cannot read file java.io.FileNotFoundException: /data/system/gatekeeper.password.key: open failed: ENOENT (No such file or directory)
06-18 12:08:38.435 E/LockSettingsStorage( 1921): Cannot read file java.io.FileNotFoundException: /data/system/password.key: open failed: ENOENT (No such file or directory)
06-18 12:08:38.435 E/LockSettingsStorage( 1921): Cannot read file java.io.FileNotFoundException: /data/system/gatekeeper.pattern.key: open failed: ENOENT (No such file or directory)
06-18 12:08:38.435 E/LockSettingsStorage( 1921): Cannot read file java.io.FileNotFoundException: /data/system/gatekeeper.gesture.key: open failed: ENOENT (No such file or directory)
06-18 12:08:38.436 E/LockSettingsStorage( 1921): Cannot read file java.io.FileNotFoundException: /data/system/gesture.key: open failed: ENOENT (No such file or directory)
06-18 12:08:38.436 D/SystemServerTiming( 1921): MakeLockSettingsServiceReady took to complete: 27ms
06-18 12:08:38.436 I/SystemServer( 1921): StartBootPhaseLockSettingsReady
06-18 12:08:38.436 I/SystemServiceManager( 1921): Starting phase 480
06-18 12:08:38.440 D/SystemServerInitThreadPool( 1921): Started executing DevicePolicyManager
06-18 12:08:38.440 D/SystemServerInitThreadPool( 1921): Finished executing DevicePolicyManager
06-18 12:08:38.442 D/SystemServerTiming( 1921): StartBootPhaseLockSettingsReady took to complete: 6ms
06-18 12:08:38.442 I/SystemServer( 1921): StartBootPhaseSystemServicesReady
06-18 12:08:38.442 I/SystemServiceManager( 1921): Starting phase 500
06-18 12:08:38.443 D/AppStandbyController( 1921): Setting app idle enabled state
06-18 12:08:38.444 D/AppStandbyController( 1921): Initializing defaults for system apps on user 0, appIdleEnabled=true
06-18 12:08:38.445 E/AppIdleHistory( 1921): Unable to read app idle file for user 0
06-18 12:08:38.452 D/TestHarnessModeService( 1921): Setting up test harness mode
06-18 12:08:38.452 D/TestHarnessModeService( 1921): Getting PersistentDataBlockManagerInternal from LocalServices
06-18 12:08:38.452 E/TestHarnessModeService( 1921): Failed to start Test Harness Mode; no implementation of PersistentDataBlockManagerInternal was bound!
06-18 12:08:38.454 I/WifiService( 1921): WifiService starting up with Wi-Fi enabled
06-18 12:08:38.455 I/android_os_HwBinder( 1921): HwBinder: Starting thread pool for getting: android.hidl.manager@1.2::IServiceManager/default
06-18 12:08:38.456 D/HalDevMgr( 1921): IWifi registration notification: fqName=android.hardware.wifi@1.0::IWifi, name=default, preexisting=true
06-18 12:08:38.456 I/android_os_HwBinder( 1921): HwBinder: Starting thread pool for getting: android.hardware.wifi@1.0::IWifi/default
06-18 12:08:38.457 D/WificondControl( 1921): tearing down interfaces in wificond
06-18 12:08:38.466 D/WifiController( 1921): isAirplaneModeOn = false, isWifiEnabled = true, isScanningAvailable = true, isLocationModeActive = true
06-18 12:08:38.466 I/WifiService( 1921): setWifiEnabled package=android uid=1000 enable=true
06-18 12:08:38.466 I/WifiScanningService( 1921): Starting wifiscanner
06-18 12:08:38.480 D/PermissionCache( 1712): checking android.permission.CAPTURE_AUDIO_HOTWORD for uid=1000 => granted (137 us)
06-18 12:08:38.480 W/SoundTriggerHelper( 1921): listModules status=0, # of modules=0
06-18 12:08:38.480 D/ContextHubSystemService( 1921): onBootPhase: PHASE_SYSTEM_SERVICES_READY
06-18 12:08:38.481 D/SystemServerTiming( 1921): StartBootPhaseSystemServicesReady took to complete: 39ms
06-18 12:08:38.481 I/SystemServer( 1921): MakeWindowManagerServiceReady
06-18 12:08:38.488 I/android_os_HwBinder( 1921): HwBinder: Starting thread pool for getting: android.hardware.configstore@1.0::ISurfaceFlingerConfigs/default
06-18 12:08:38.489 D/SystemServerTiming( 1921): MakeWindowManagerServiceReady took to complete: 8ms
06-18 12:08:38.489 I/android_os_HwBinder( 1921): HwBinder: Starting thread pool for getting: android.hardware.configstore@1.0::ISurfaceFlingerConfigs/default
06-18 12:08:38.490 W/InputReader( 1921): Device has associated, but no associated display id.
06-18 12:08:38.491 I/SystemServer( 1921): MakePowerManagerServiceReady
06-18 12:08:38.493 E/DisplayPowerController( 1921): failed to set up display white-balance: java.lang.IllegalStateException: cannot find sensor com.google.sensor.color
06-18 12:08:38.495 E/KernelCpuUidFreqTimeReader( 1921): Failed to read /proc/uid_time_in_state: java.nio.file.NoSuchFileException: /proc/uid_time_in_state
06-18 12:08:38.496 W/KernelCpuProcStringReader( 1921): File not found. It's normal if not implemented: /proc/uid_time_in_state
06-18 12:08:38.496 W/KernelCpuProcStringReader( 1921): File not found. It's normal if not implemented: /proc/uid_concurrent_active_time
06-18 12:08:38.496 W/KernelCpuProcStringReader( 1921): File not found. It's normal if not implemented: /proc/uid_concurrent_policy_time
06-18 12:08:38.496 W/KeyguardServiceDelegate( 1921): onScreenTurningOn(): no keyguard service!
06-18 12:08:38.497 V/DisplayPowerController( 1921): Brightness [102] reason changing to: 'override', previous reason: '0'.
06-18 12:08:38.497 D/SystemServerTiming( 1921): MakePowerManagerServiceReady took to complete: 6ms
06-18 12:08:38.497 I/SystemServer( 1921): MakePackageManagerServiceReady
06-18 12:08:38.490 I/chatty  ( 1921): uid=1000 system_server identical 8 lines
06-18 12:08:38.490 W/InputReader( 1921): Device has associated, but no associated display id.
06-18 12:08:38.497 I/DefaultPermGrantPolicy( 1921): Granting permissions to platform components for user 0
06-18 12:08:38.501 D/vold    ( 1576): Remounting 1001 as mode default
06-18 12:08:38.502 D/vold    ( 1576): Found matching PID 1778
06-18 12:08:38.502 W/vold    ( 1576): Skipping due to root namespace
06-18 12:08:38.502 D/vold    ( 1576): Remounting 1001 as mode default
06-18 12:08:38.503 D/vold    ( 1576): Found matching PID 1778
06-18 12:08:38.503 W/vold    ( 1576): Skipping due to root namespace
06-18 12:08:38.504 D/WifiController( 1921): WifiController msg { when=-37ms what=155656 target=com.android.internal.util.StateMachine$SmHandler } deferred for 500ms
06-18 12:08:38.504 D/WifiActiveModeWarden( 1921): received a message in WifiDisabledState: { when=0 what=1 target=com.android.internal.util.StateMachine$SmHandler }
06-18 12:08:38.504 D/WifiActiveModeWarden( 1921): Switching from WifiDisabledState to ScanOnlyMode
06-18 12:08:38.504 D/WifiActiveModeWarden( 1921): Entering ScanOnlyModeActiveState
06-18 12:08:38.504 D/WifiScanOnlyModeManager( 1921): entering IdleState
06-18 12:08:38.505 I/android.hardware.wifi@1.0-service( 1704): Wifi HAL started
06-18 12:08:38.506 I/WifiVendorHal( 1921): Vendor Hal started successfully
06-18 12:08:38.507 D/vold    ( 1576): Remounting 1001 as mode default
06-18 12:08:38.507 D/vold    ( 1576): Found matching PID 1778
06-18 12:08:38.507 W/vold    ( 1576): Skipping due to root namespace
06-18 12:08:38.508 D/vold    ( 1576): Remounting 1001 as mode default
06-18 12:08:38.508 D/vold    ( 1576): Found matching PID 1778
06-18 12:08:38.508 W/vold    ( 1576): Skipping due to root namespace
06-18 12:08:38.511 I/android.hardware.wifi@1.0-service( 1704): Adding interface handle for wlan0
06-18 12:08:38.511 W/android.hardware.wifi@1.0-service( 1704): No active wlan interfaces in use! Using default
06-18 12:08:38.511 E/android.hardware.wifi@1.0-service( 1704): Failed to register radio mode change callback
06-18 12:08:38.511 W/android.hardware.wifi@1.0-service( 1704): No active wlan interfaces in use! Using default
06-18 12:08:38.526 D/vold    ( 1576): Remounting 1027 as mode default
06-18 12:08:38.527 D/vold    ( 1576): Remounting 1027 as mode default
06-18 12:08:38.532 D/vold    ( 1576): Remounting 1027 as mode default
06-18 12:08:38.534 W/libc    ( 1704): Unable to set property "vendor.wlan.firmware.version" to "1.0": error code: 0x18
06-18 12:08:38.537 I/AccountsDb( 1921): Creating DE database for user 0
06-18 12:08:38.533 D/vold    ( 1576): Remounting 1027 as mode default
06-18 12:08:38.541 D/vold    ( 1576): Remounting 1000 as mode full
06-18 12:08:38.541 D/vold    ( 1576): Found matching PID 1566
06-18 12:08:38.541 W/vold    ( 1576): Skipping due to root namespace
06-18 12:08:38.542 D/vold    ( 1576): Found matching PID 1567
06-18 12:08:38.542 W/vold    ( 1576): Skipping due to root namespace
06-18 12:08:38.542 D/vold    ( 1576): Found matching PID 1568
06-18 12:08:38.542 W/vold    ( 1576): Skipping due to root namespace
06-18 12:08:38.542 D/vold    ( 1576): Found matching PID 1668
06-18 12:08:38.542 W/vold    ( 1576): Skipping due to root namespace
06-18 12:08:38.542 D/vold    ( 1576): Found matching PID 1669
06-18 12:08:38.542 W/vold    ( 1576): Skipping due to root namespace
06-18 12:08:38.542 D/vold    ( 1576): Found matching PID 1675
06-18 12:08:38.542 W/vold    ( 1576): Skipping due to root namespace
06-18 12:08:38.542 D/vold    ( 1576): Found matching PID 1679
06-18 12:08:38.542 W/vold    ( 1576): Skipping due to root namespace
06-18 12:08:38.542 D/vold    ( 1576): Found matching PID 1682
06-18 12:08:38.542 W/vold    ( 1576): Skipping due to root namespace
06-18 12:08:38.542 D/vold    ( 1576): Found matching PID 1683
06-18 12:08:38.542 W/vold    ( 1576): Skipping due to root namespace
06-18 12:08:38.542 D/vold    ( 1576): Found matching PID 1698
06-18 12:08:38.542 W/vold    ( 1576): Skipping due to root namespace
06-18 12:08:38.542 D/vold    ( 1576): Found matching PID 1699
06-18 12:08:38.542 W/vold    ( 1576): Skipping due to root namespace
06-18 12:08:38.542 D/vold    ( 1576): Found matching PID 1702
06-18 12:08:38.542 W/vold    ( 1576): Skipping due to root namespace
06-18 12:08:38.542 D/vold    ( 1576): Found matching PID 1703
06-18 12:08:38.542 W/vold    ( 1576): Skipping due to root namespace
06-18 12:08:38.542 D/vold    ( 1576): Found matching PID 1726
06-18 12:08:38.542 W/vold    ( 1576): Skipping due to root namespace
06-18 12:08:38.543 D/vold    ( 1576): Found matching PID 1757
06-18 12:08:38.543 W/vold    ( 1576): Skipping due to root namespace
06-18 12:08:38.543 D/vold    ( 1576): Found matching PID 1785
06-18 12:08:38.543 W/vold    ( 1576): Skipping due to root namespace
06-18 12:08:38.543 D/vold    ( 1576): Found matching PID 1788
06-18 12:08:38.543 W/vold    ( 1576): Skipping due to root namespace
06-18 12:08:38.543 D/vold    ( 1576): Found matching PID 1921
06-18 12:08:38.552 W/libc    ( 1704): Unable to set property "vendor.wlan.driver.version" to "1.0": error code: 0x18
06-18 12:08:38.552 I/android.hardware.wifi@1.0-service( 1704): Configured chip in mode 0
06-18 12:08:38.552 W/android.hardware.wifi@1.0-service( 1704): No active wlan interfaces in use! Using default
06-18 12:08:38.553 D/HalDevMgr( 1921): updateRttController: no one is interested in RTT controllers
06-18 12:08:38.553 E/android.hardware.wifi@1.0-service( 1704): Failed to set DFS flag; DFS channels may be unavailable.
06-18 12:08:38.555 I/WifiP2pNative( 1921): Registering for interface available listener
06-18 12:08:38.556 D/WifiP2pNative( 1921): P2P InterfaceAvailableListener true
06-18 12:08:38.557 D/WifiP2pService( 1921): Wifi enabled=false, P2P Interface availability=true, Number of clients=0
06-18 12:08:38.557 D/WifiP2pService( 1921): Wifi enabled=false, P2P Interface availability=true
06-18 12:08:38.558 D/vold    ( 1576): Remounting 1000 as mode full
06-18 12:08:38.558 D/vold    ( 1576): Found matching PID 1566
06-18 12:08:38.558 W/vold    ( 1576): Skipping due to root namespace
06-18 12:08:38.558 D/vold    ( 1576): Found matching PID 1567
06-18 12:08:38.558 W/vold    ( 1576): Skipping due to root namespace
06-18 12:08:38.558 D/vold    ( 1576): Found matching PID 1568
06-18 12:08:38.558 W/vold    ( 1576): Skipping due to root namespace
06-18 12:08:38.558 D/vold    ( 1576): Found matching PID 1668
06-18 12:08:38.558 W/vold    ( 1576): Skipping due to root namespace
06-18 12:08:38.558 D/vold    ( 1576): Found matching PID 1669
06-18 12:08:38.558 W/vold    ( 1576): Skipping due to root namespace
06-18 12:08:38.558 D/vold    ( 1576): Found matching PID 1675
06-18 12:08:38.558 W/vold    ( 1576): Skipping due to root namespace
06-18 12:08:38.558 D/vold    ( 1576): Found matching PID 1679
06-18 12:08:38.558 W/vold    ( 1576): Skipping due to root namespace
06-18 12:08:38.558 D/vold    ( 1576): Found matching PID 1682
06-18 12:08:38.558 W/vold    ( 1576): Skipping due to root namespace
06-18 12:08:38.558 D/vold    ( 1576): Found matching PID 1683
06-18 12:08:38.558 W/vold    ( 1576): Skipping due to root namespace
06-18 12:08:38.558 D/vold    ( 1576): Found matching PID 1698
06-18 12:08:38.558 W/vold    ( 1576): Skipping due to root namespace
06-18 12:08:38.558 D/vold    ( 1576): Found matching PID 1699
06-18 12:08:38.558 W/vold    ( 1576): Skipping due to root namespace
06-18 12:08:38.558 D/vold    ( 1576): Found matching PID 1702
06-18 12:08:38.558 W/vold    ( 1576): Skipping due to root namespace
06-18 12:08:38.558 D/vold    ( 1576): Found matching PID 1703
06-18 12:08:38.558 W/vold    ( 1576): Skipping due to root namespace
06-18 12:08:38.558 D/vold    ( 1576): Found matching PID 1726
06-18 12:08:38.558 W/vold    ( 1576): Skipping due to root namespace
06-18 12:08:38.559 D/vold    ( 1576): Found matching PID 1757
06-18 12:08:38.559 W/vold    ( 1576): Skipping due to root namespace
06-18 12:08:38.559 D/vold    ( 1576): Found matching PID 1785
06-18 12:08:38.559 W/vold    ( 1576): Skipping due to root namespace
06-18 12:08:38.559 D/vold    ( 1576): Found matching PID 1788
06-18 12:08:38.559 W/vold    ( 1576): Skipping due to root namespace
06-18 12:08:38.559 D/vold    ( 1576): Found matching PID 1921
06-18 12:08:38.563 D/WificondControl( 1921): Setting up interface for client mode
06-18 12:08:38.563 I/wificond( 1776): create scanner for interface with index: 3
06-18 12:08:38.563 I/wificond( 1776): subscribe scan result for interface with index: 3
06-18 12:08:38.564 I/DropBoxManagerService( 1921): add tag=system_server_strictmode isTagEnabled=true flags=0x2
06-18 12:08:38.564 I/hwservicemanager( 1567): getTransport: Cannot find entry android.hardware.wifi.offload@1.0::IOffload/default in either framework or device manifest.
06-18 12:08:38.564 E/wificond( 1776): No Offload Service available
06-18 12:08:38.564 I/wificond( 1776): Offload HAL not supported 
06-18 12:08:38.565 I/DropBoxManagerService( 1921): add tag=system_server_strictmode isTagEnabled=true flags=0x2
06-18 12:08:38.566 I/netd    ( 1663): interfaceGetCfg("wlan0") <0.39ms>
06-18 12:08:38.566 I/WifiNative( 1921): Interface state changed on Iface:{Name=wlan0,Id=0,Type=STA_SCAN}, isUp=true
06-18 12:08:38.566 I/WifiNative( 1921): Successfully setup Iface:{Name=wlan0,Id=0,Type=STA_SCAN}
06-18 12:08:38.566 E/SupplicantStaIfaceHal( 1921): checkHalVersionByInterfaceName: called but mServiceManager is null
06-18 12:08:38.566 E/SupplicantStaIfaceHal( 1921): Method getKeyMgmtCapabilities is not supported in existing HAL
06-18 12:08:38.570 D/WifiScanOnlyModeManager( 1921): entering StartedState
06-18 12:08:38.570 I/netd    ( 1663): interfaceGetCfg("wlan0") <0.10ms>
06-18 12:08:38.571 D/WifiScanOnlyModeManager( 1921): Wifi is ready to use for scanning
06-18 12:08:38.571 D/WakeupController( 1921): start()
06-18 12:08:38.571 D/WakeupController( 1921): Setting active to true
06-18 12:08:38.571 E/WifiConfigManager( 1921): Cannot save to store before store is read!
06-18 12:08:38.571 D/WifiActiveModeWarden( 1921): scan mode active
06-18 12:08:38.571 D/WifiScanRequestProxy( 1921): Sending scan available broadcast: true
06-18 12:08:38.572 I/WifiScanRequestProxy( 1921): Scanning is enabled
06-18 12:08:38.572 I/WifiScanRequestProxy( 1921): Scanning for hidden networks is disabled
06-18 12:08:38.572 E/WifiNative( 1921): Could not get Iface object for interface null
06-18 12:08:38.574 E/WifiNative( 1921): Could not get Iface object for interface null
06-18 12:08:38.578 E/WifiVendorHal( 1921): getBgScanCapabilities(l.630) failed {.code = ERROR_NOT_SUPPORTED, .description = }
06-18 12:08:38.580 I/WifiScanningService( 1921): wifi driver loaded with scan capabilities: max buckets=16
06-18 12:08:38.575 I/chatty  ( 1921): uid=1000(system) android.io identical 7 lines
06-18 12:08:38.578 I/DropBoxManagerService( 1921): add tag=system_server_strictmode isTagEnabled=true flags=0x2
06-18 12:08:38.591 D/vold    ( 1576): Remounting 1000 as mode full
06-18 12:08:38.592 D/vold    ( 1576): Found matching PID 1566
06-18 12:08:38.592 W/vold    ( 1576): Skipping due to root namespace
06-18 12:08:38.592 D/vold    ( 1576): Found matching PID 1567
06-18 12:08:38.592 W/vold    ( 1576): Skipping due to root namespace
06-18 12:08:38.592 D/vold    ( 1576): Found matching PID 1568
06-18 12:08:38.592 W/vold    ( 1576): Skipping due to root namespace
06-18 12:08:38.592 D/vold    ( 1576): Found matching PID 1668
06-18 12:08:38.592 W/vold    ( 1576): Skipping due to root namespace
06-18 12:08:38.592 D/vold    ( 1576): Found matching PID 1669
06-18 12:08:38.592 W/vold    ( 1576): Skipping due to root namespace
06-18 12:08:38.592 D/vold    ( 1576): Found matching PID 1675
06-18 12:08:38.592 W/vold    ( 1576): Skipping due to root namespace
06-18 12:08:38.592 D/vold    ( 1576): Found matching PID 1679
06-18 12:08:38.592 W/vold    ( 1576): Skipping due to root namespace
06-18 12:08:38.592 D/vold    ( 1576): Found matching PID 1682
06-18 12:08:38.592 W/vold    ( 1576): Skipping due to root namespace
06-18 12:08:38.592 D/vold    ( 1576): Found matching PID 1683
06-18 12:08:38.592 W/vold    ( 1576): Skipping due to root namespace
06-18 12:08:38.592 D/vold    ( 1576): Found matching PID 1698
06-18 12:08:38.592 W/vold    ( 1576): Skipping due to root namespace
06-18 12:08:38.592 D/vold    ( 1576): Found matching PID 1699
06-18 12:08:38.592 W/vold    ( 1576): Skipping due to root namespace
06-18 12:08:38.592 D/vold    ( 1576): Found matching PID 1702
06-18 12:08:38.592 W/vold    ( 1576): Skipping due to root namespace
06-18 12:08:38.592 D/vold    ( 1576): Found matching PID 1703
06-18 12:08:38.592 W/vold    ( 1576): Skipping due to root namespace
06-18 12:08:38.592 D/vold    ( 1576): Found matching PID 1726
06-18 12:08:38.592 W/vold    ( 1576): Skipping due to root namespace
06-18 12:08:38.592 D/vold    ( 1576): Found matching PID 1757
06-18 12:08:38.592 W/vold    ( 1576): Skipping due to root namespace
06-18 12:08:38.593 D/vold    ( 1576): Found matching PID 1785
06-18 12:08:38.593 W/vold    ( 1576): Skipping due to root namespace
06-18 12:08:38.593 D/vold    ( 1576): Found matching PID 1788
06-18 12:08:38.593 W/vold    ( 1576): Skipping due to root namespace
06-18 12:08:38.593 D/vold    ( 1576): Found matching PID 1921
06-18 12:08:38.617 D/vold    ( 1576): Remounting 1000 as mode full
06-18 12:08:38.618 D/vold    ( 1576): Found matching PID 1566
06-18 12:08:38.618 W/vold    ( 1576): Skipping due to root namespace
06-18 12:08:38.618 D/vold    ( 1576): Found matching PID 1567
06-18 12:08:38.618 W/vold    ( 1576): Skipping due to root namespace
06-18 12:08:38.618 D/vold    ( 1576): Found matching PID 1568
06-18 12:08:38.618 W/vold    ( 1576): Skipping due to root namespace
06-18 12:08:38.618 D/vold    ( 1576): Found matching PID 1668
06-18 12:08:38.618 W/vold    ( 1576): Skipping due to root namespace
06-18 12:08:38.618 D/vold    ( 1576): Found matching PID 1669
06-18 12:08:38.618 W/vold    ( 1576): Skipping due to root namespace
06-18 12:08:38.618 D/vold    ( 1576): Found matching PID 1675
06-18 12:08:38.618 W/vold    ( 1576): Skipping due to root namespace
06-18 12:08:38.618 D/vold    ( 1576): Found matching PID 1679
06-18 12:08:38.618 W/vold    ( 1576): Skipping due to root namespace
06-18 12:08:38.618 D/vold    ( 1576): Found matching PID 1682
06-18 12:08:38.618 W/vold    ( 1576): Skipping due to root namespace
06-18 12:08:38.618 D/vold    ( 1576): Found matching PID 1683
06-18 12:08:38.618 W/vold    ( 1576): Skipping due to root namespace
06-18 12:08:38.618 D/vold    ( 1576): Found matching PID 1698
06-18 12:08:38.618 W/vold    ( 1576): Skipping due to root namespace
06-18 12:08:38.618 D/vold    ( 1576): Found matching PID 1699
06-18 12:08:38.618 W/vold    ( 1576): Skipping due to root namespace
06-18 12:08:38.618 D/vold    ( 1576): Found matching PID 1702
06-18 12:08:38.618 W/vold    ( 1576): Skipping due to root namespace
06-18 12:08:38.618 D/vold    ( 1576): Found matching PID 1703
06-18 12:08:38.618 W/vold    ( 1576): Skipping due to root namespace
06-18 12:08:38.619 D/vold    ( 1576): Found matching PID 1726
06-18 12:08:38.619 W/vold    ( 1576): Skipping due to root namespace
06-18 12:08:38.619 D/vold    ( 1576): Found matching PID 1757
06-18 12:08:38.619 W/vold    ( 1576): Skipping due to root namespace
06-18 12:08:38.619 D/vold    ( 1576): Found matching PID 1785
06-18 12:08:38.619 W/vold    ( 1576): Skipping due to root namespace
06-18 12:08:38.619 D/vold    ( 1576): Found matching PID 1788
06-18 12:08:38.619 W/vold    ( 1576): Skipping due to root namespace
06-18 12:08:38.619 D/vold    ( 1576): Found matching PID 1921
06-18 12:08:38.687 D/vold    ( 1576): Remounting 2000 as mode default
06-18 12:08:38.688 D/vold    ( 1576): Found matching PID 1743
06-18 12:08:38.688 W/vold    ( 1576): Skipping due to root namespace
06-18 12:08:38.688 D/vold    ( 1576): Found matching PID 1747
06-18 12:08:38.688 W/vold    ( 1576): Skipping due to root namespace
06-18 12:08:38.688 D/vold    ( 1576): Remounting 2000 as mode default
06-18 12:08:38.689 D/vold    ( 1576): Found matching PID 1743
06-18 12:08:38.689 W/vold    ( 1576): Skipping due to root namespace
06-18 12:08:38.689 D/vold    ( 1576): Found matching PID 1747
06-18 12:08:38.689 W/vold    ( 1576): Skipping due to root namespace
06-18 12:08:38.689 D/vold    ( 1576): Remounting 2000 as mode full
06-18 12:08:38.690 D/vold    ( 1576): Found matching PID 1743
06-18 12:08:38.690 W/vold    ( 1576): Skipping due to root namespace
06-18 12:08:38.690 D/vold    ( 1576): Found matching PID 1747
06-18 12:08:38.690 W/vold    ( 1576): Skipping due to root namespace
06-18 12:08:38.690 D/vold    ( 1576): Remounting 2000 as mode full
06-18 12:08:38.690 D/vold    ( 1576): Found matching PID 1743
06-18 12:08:38.690 W/vold    ( 1576): Skipping due to root namespace
06-18 12:08:38.690 D/vold    ( 1576): Found matching PID 1747
06-18 12:08:38.690 W/vold    ( 1576): Skipping due to root namespace
06-18 12:08:38.692 D/vold    ( 1576): Remounting 10115 as mode default
06-18 12:08:38.692 D/vold    ( 1576): Remounting 10115 as mode default
06-18 12:08:38.696 D/vold    ( 1576): Remounting 1002 as mode default
06-18 12:08:38.703 I/DefaultPermGrantPolicy( 1921): Granting permissions to default platform handlers for user 0
06-18 12:08:38.698 I/chatty  ( 1576): uid=0(root) Binder:1576_2 identical 2 lines
06-18 12:08:38.698 D/vold    ( 1576): Remounting 1002 as mode default
06-18 12:08:38.708 I/SyncManager( 1921): No initial accounts
06-18 12:08:38.709 I/SyncManager( 1921): No initial status
06-18 12:08:38.709 I/SyncManager( 1921): No initial statistics
06-18 12:08:38.735 D/vold    ( 1576): Remounting 10135 as mode default
06-18 12:08:38.737 I/chatty  ( 1576): uid=0(root) Binder:1576_2 identical 2 lines
06-18 12:08:38.738 D/vold    ( 1576): Remounting 10135 as mode default
06-18 12:08:38.739 D/vold    ( 1576): Remounting 10054 as mode full
06-18 12:08:38.740 I/chatty  ( 1576): uid=0(root) Binder:1576_2 identical 2 lines
06-18 12:08:38.741 D/vold    ( 1576): Remounting 10054 as mode full
06-18 12:08:38.742 D/vold    ( 1576): Remounting 10071 as mode default
06-18 12:08:38.742 D/vold    ( 1576): Remounting 10071 as mode default
06-18 12:08:38.743 D/vold    ( 1576): Remounting 10071 as mode full
06-18 12:08:38.744 D/vold    ( 1576): Remounting 10071 as mode full
06-18 12:08:38.757 D/vold    ( 1576): Remounting 10131 as mode default
06-18 12:08:38.758 I/chatty  ( 1576): uid=0(root) Binder:1576_2 identical 2 lines
06-18 12:08:38.759 D/vold    ( 1576): Remounting 10131 as mode default
06-18 12:08:38.764 D/vold    ( 1576): Remounting 10060 as mode default
06-18 12:08:38.765 I/chatty  ( 1576): uid=0(root) Binder:1576_2 identical 2 lines
06-18 12:08:38.766 D/vold    ( 1576): Remounting 10060 as mode default
06-18 12:08:38.774 D/vold    ( 1576): Remounting 10145 as mode default
06-18 12:08:38.775 I/chatty  ( 1576): uid=0(root) Binder:1576_2 identical 2 lines
06-18 12:08:38.775 D/vold    ( 1576): Remounting 10145 as mode default
06-18 12:08:38.800 D/vold    ( 1576): Remounting 10116 as mode default
06-18 12:08:38.801 I/chatty  ( 1576): uid=0(root) Binder:1576_2 identical 2 lines
06-18 12:08:38.802 D/vold    ( 1576): Remounting 10116 as mode default
06-18 12:08:38.805 E/DefaultPermGrantPolicy( 1921): PackageNot found: com.google.android.gms.location.history
06-18 12:08:38.805 E/DefaultPermGrantPolicy( 1921): android.content.pm.PackageManager$NameNotFoundException: com.google.android.gms.location.history
06-18 12:08:38.805 E/DefaultPermGrantPolicy( 1921): 	at android.app.ApplicationPackageManager.getPackageInfoAsUser(ApplicationPackageManager.java:190)
06-18 12:08:38.805 E/DefaultPermGrantPolicy( 1921): 	at android.app.ApplicationPackageManager.getPackageInfo(ApplicationPackageManager.java:159)
06-18 12:08:38.805 E/DefaultPermGrantPolicy( 1921): 	at com.android.server.pm.permission.DefaultPermissionGrantPolicy.getPackageInfo(DefaultPermissionGrantPolicy.java:1302)
06-18 12:08:38.805 E/DefaultPermGrantPolicy( 1921): 	at com.android.server.pm.permission.DefaultPermissionGrantPolicy.getPackageInfo(DefaultPermissionGrantPolicy.java:1293)
06-18 12:08:38.805 E/DefaultPermGrantPolicy( 1921): 	at com.android.server.pm.permission.DefaultPermissionGrantPolicy.isSystemPackage(DefaultPermissionGrantPolicy.java:962)
06-18 12:08:38.805 E/DefaultPermGrantPolicy( 1921): 	at com.android.server.pm.permission.DefaultPermissionGrantPolicy.grantPermissionsToSystemPackage(DefaultPermissionGrantPolicy.java:363)
06-18 12:08:38.805 E/DefaultPermGrantPolicy( 1921): 	at com.android.server.pm.permission.DefaultPermissionGrantPolicy.grantPermissionsToSystemPackage(DefaultPermissionGrantPolicy.java:356)
06-18 12:08:38.805 E/DefaultPermGrantPolicy( 1921): 	at com.android.server.pm.permission.DefaultPermissionGrantPolicy.grantDefaultSystemHandlerPermissions(DefaultPermissionGrantPolicy.java:647)
06-18 12:08:38.805 E/DefaultPermGrantPolicy( 1921): 	at com.android.server.pm.permission.DefaultPermissionGrantPolicy.grantDefaultPermissions(DefaultPermissionGrantPolicy.java:295)
06-18 12:08:38.805 E/DefaultPermGrantPolicy( 1921): 	at com.android.server.pm.PackageManagerService.systemReady(PackageManagerService.java:21619)
06-18 12:08:38.805 E/DefaultPermGrantPolicy( 1921): 	at com.android.server.SystemServer.startOtherServices(SystemServer.java:1977)
06-18 12:08:38.805 E/DefaultPermGrantPolicy( 1921): 	at com.android.server.SystemServer.run(SystemServer.java:512)
06-18 12:08:38.805 E/DefaultPermGrantPolicy( 1921): 	at com.android.server.SystemServer.main(SystemServer.java:349)
06-18 12:08:38.805 E/DefaultPermGrantPolicy( 1921): 	at java.lang.reflect.Method.invoke(Native Method)
06-18 12:08:38.805 E/DefaultPermGrantPolicy( 1921): 	at com.android.internal.os.RuntimeInit$MethodAndArgsCaller.run(RuntimeInit.java:492)
06-18 12:08:38.805 E/DefaultPermGrantPolicy( 1921): 	at com.android.internal.os.ZygoteInit.main(ZygoteInit.java:908)
06-18 12:08:38.806 D/vold    ( 1576): Remounting 10141 as mode default
06-18 12:08:38.807 I/chatty  ( 1576): uid=0(root) Binder:1576_2 identical 2 lines
06-18 12:08:38.808 D/vold    ( 1576): Remounting 10141 as mode default
06-18 12:08:38.812 D/vold    ( 1576): Remounting 10119 as mode default
06-18 12:08:38.813 I/chatty  ( 1576): uid=0(root) Binder:1576_2 identical 2 lines
06-18 12:08:38.814 D/vold    ( 1576): Remounting 10119 as mode default
06-18 12:08:38.816 D/vold    ( 1576): Remounting 10127 as mode default
06-18 12:08:38.817 I/chatty  ( 1576): uid=0(root) Binder:1576_2 identical 2 lines
06-18 12:08:38.818 D/vold    ( 1576): Remounting 10127 as mode default
06-18 12:08:38.818 E/DefaultPermGrantPolicy( 1921): PackageNot found: com.google.android.as
06-18 12:08:38.818 E/DefaultPermGrantPolicy( 1921): android.content.pm.PackageManager$NameNotFoundException: com.google.android.as
06-18 12:08:38.818 E/DefaultPermGrantPolicy( 1921): 	at android.app.ApplicationPackageManager.getPackageInfoAsUser(ApplicationPackageManager.java:190)
06-18 12:08:38.818 E/DefaultPermGrantPolicy( 1921): 	at android.app.ApplicationPackageManager.getPackageInfo(ApplicationPackageManager.java:159)
06-18 12:08:38.818 E/DefaultPermGrantPolicy( 1921): 	at com.android.server.pm.permission.DefaultPermissionGrantPolicy.getPackageInfo(DefaultPermissionGrantPolicy.java:1302)
06-18 12:08:38.818 E/DefaultPermGrantPolicy( 1921): 	at com.android.server.pm.permission.DefaultPermissionGrantPolicy.getPackageInfo(DefaultPermissionGrantPolicy.java:1293)
06-18 12:08:38.818 E/DefaultPermGrantPolicy( 1921): 	at com.android.server.pm.permission.DefaultPermissionGrantPolicy.isSystemPackage(DefaultPermissionGrantPolicy.java:962)
06-18 12:08:38.818 E/DefaultPermGrantPolicy( 1921): 	at com.android.server.pm.permission.DefaultPermissionGrantPolicy.grantPermissionsToSystemPackage(DefaultPermissionGrantPolicy.java:363)
06-18 12:08:38.818 E/DefaultPermGrantPolicy( 1921): 	at com.android.server.pm.permission.DefaultPermissionGrantPolicy.grantPermissionsToSystemPackage(DefaultPermissionGrantPolicy.java:356)
06-18 12:08:38.818 E/DefaultPermGrantPolicy( 1921): 	at com.android.server.pm.permission.DefaultPermissionGrantPolicy.grantDefaultSystemHandlerPermissions(DefaultPermissionGrantPolicy.java:721)
06-18 12:08:38.818 E/DefaultPermGrantPolicy( 1921): 	at com.android.server.pm.permission.DefaultPermissionGrantPolicy.grantDefaultPermissions(DefaultPermissionGrantPolicy.java:295)
06-18 12:08:38.818 E/DefaultPermGrantPolicy( 1921): 	at com.android.server.pm.PackageManagerService.systemReady(PackageManagerService.java:21619)
06-18 12:08:38.818 E/DefaultPermGrantPolicy( 1921): 	at com.android.server.SystemServer.startOtherServices(SystemServer.java:1977)
06-18 12:08:38.818 E/DefaultPermGrantPolicy( 1921): 	at com.android.server.SystemServer.run(SystemServer.java:512)
06-18 12:08:38.818 E/DefaultPermGrantPolicy( 1921): 	at com.android.server.SystemServer.main(SystemServer.java:349)
06-18 12:08:38.818 E/DefaultPermGrantPolicy( 1921): 	at java.lang.reflect.Method.invoke(Native Method)
06-18 12:08:38.818 E/DefaultPermGrantPolicy( 1921): 	at com.android.internal.os.RuntimeInit$MethodAndArgsCaller.run(RuntimeInit.java:492)
06-18 12:08:38.818 E/DefaultPermGrantPolicy( 1921): 	at com.android.internal.os.ZygoteInit.main(ZygoteInit.java:908)
06-18 12:08:38.819 D/vold    ( 1576): Remounting 10067 as mode full
06-18 12:08:38.820 I/chatty  ( 1576): uid=0(root) Binder:1576_2 identical 2 lines
06-18 12:08:38.821 D/vold    ( 1576): Remounting 10067 as mode full
06-18 12:08:38.821 E/DefaultPermGrantPolicy( 1921): PackageNot found: com.google.android.as
06-18 12:08:38.821 E/DefaultPermGrantPolicy( 1921): android.content.pm.PackageManager$NameNotFoundException: com.google.android.as
06-18 12:08:38.821 E/DefaultPermGrantPolicy( 1921): 	at android.app.ApplicationPackageManager.getPackageInfoAsUser(ApplicationPackageManager.java:190)
06-18 12:08:38.821 E/DefaultPermGrantPolicy( 1921): 	at android.app.ApplicationPackageManager.getPackageInfo(ApplicationPackageManager.java:159)
06-18 12:08:38.821 E/DefaultPermGrantPolicy( 1921): 	at com.android.server.pm.permission.DefaultPermissionGrantPolicy.getPackageInfo(DefaultPermissionGrantPolicy.java:1302)
06-18 12:08:38.821 E/DefaultPermGrantPolicy( 1921): 	at com.android.server.pm.permission.DefaultPermissionGrantPolicy.getPackageInfo(DefaultPermissionGrantPolicy.java:1293)
06-18 12:08:38.821 E/DefaultPermGrantPolicy( 1921): 	at com.android.server.pm.permission.DefaultPermissionGrantPolicy.isSystemPackage(DefaultPermissionGrantPolicy.java:962)
06-18 12:08:38.821 E/DefaultPermGrantPolicy( 1921): 	at com.android.server.pm.permission.DefaultPermissionGrantPolicy.grantPermissionsToSystemPackage(DefaultPermissionGrantPolicy.java:363)
06-18 12:08:38.821 E/DefaultPermGrantPolicy( 1921): 	at com.android.server.pm.permission.DefaultPermissionGrantPolicy.grantPermissionsToSystemPackage(DefaultPermissionGrantPolicy.java:356)
06-18 12:08:38.821 E/DefaultPermGrantPolicy( 1921): 	at com.android.server.pm.permission.DefaultPermissionGrantPolicy.grantDefaultSystemHandlerPermissions(DefaultPermissionGrantPolicy.java:743)
06-18 12:08:38.821 E/DefaultPermGrantPolicy( 1921): 	at com.android.server.pm.permission.DefaultPermissionGrantPolicy.grantDefaultPermissions(DefaultPermissionGrantPolicy.java:295)
06-18 12:08:38.821 E/DefaultPermGrantPolicy( 1921): 	at com.android.server.pm.PackageManagerService.systemReady(PackageManagerService.java:21619)
06-18 12:08:38.821 E/DefaultPermGrantPolicy( 1921): 	at com.android.server.SystemServer.startOtherServices(SystemServer.java:1977)
06-18 12:08:38.821 E/DefaultPermGrantPolicy( 1921): 	at com.android.server.SystemServer.run(SystemServer.java:512)
06-18 12:08:38.821 E/DefaultPermGrantPolicy( 1921): 	at com.android.server.SystemServer.main(SystemServer.java:349)
06-18 12:08:38.821 E/DefaultPermGrantPolicy( 1921): 	at java.lang.reflect.Method.invoke(Native Method)
06-18 12:08:38.821 E/DefaultPermGrantPolicy( 1921): 	at com.android.internal.os.RuntimeInit$MethodAndArgsCaller.run(RuntimeInit.java:492)
06-18 12:08:38.821 E/DefaultPermGrantPolicy( 1921): 	at com.android.internal.os.ZygoteInit.main(ZygoteInit.java:908)
06-18 12:08:38.830 I/PackageManager( 1921): Un-granting permission android.permission.MANAGE_DOCUMENTS from package com.google.android.youtube (protectionLevel=262146 flags=0x30dbbe45)
06-18 12:08:38.830 I/PackageManager( 1921): Un-granting permission com.google.android.googleapps.permission.GOOGLE_AUTH from package com.android.providers.calendar (protectionLevel=2 flags=0x30883e45)
06-18 12:08:38.830 I/PackageManager( 1921): Un-granting permission com.google.android.googleapps.permission.GOOGLE_AUTH.cl from package com.android.providers.calendar (protectionLevel=2 flags=0x30883e45)
06-18 12:08:38.831 I/PackageManager( 1921): Un-granting permission android.permission.WRITE_SECURE_SETTINGS from package com.google.android.apps.enterprise.dmagent (protectionLevel=50 flags=0x30883e05)
06-18 12:08:38.831 I/PackageManager( 1921): Un-granting permission android.permission.CONNECTIVITY_INTERNAL from package com.google.android.apps.enterprise.dmagent (protectionLevel=18 flags=0x30883e05)
06-18 12:08:38.831 I/PackageManager( 1921): Un-granting permission android.permission.MANAGE_USB from package com.google.android.apps.enterprise.dmagent (protectionLevel=18 flags=0x30883e05)
06-18 12:08:38.831 I/PackageManager( 1921): Un-granting permission android.permission.CHANGE_COMPONENT_ENABLED_STATE from package com.google.android.apps.enterprise.dmagent (protectionLevel=18 flags=0x30883e05)
06-18 12:08:38.831 I/PackageManager( 1921): Un-granting permission android.permission.MANAGE_CA_CERTIFICATES from package com.google.android.apps.enterprise.dmagent (protectionLevel=18 flags=0x30883e05)
06-18 12:08:38.831 I/PackageManager( 1921): Un-granting permission android.permission.MANAGE_USERS from package com.google.android.apps.enterprise.dmagent (protectionLevel=18 flags=0x30883e05)
06-18 12:08:38.831 I/PackageManager( 1921): Un-granting permission com.google.android.setupwizard.READ_DEVICE_ORIGIN from package com.google.android.apps.messaging (protectionLevel=18 flags=0x38cbbe45)
06-18 12:08:38.831 I/PackageManager( 1921): Un-granting permission android.permission.BIND_WALLPAPER from package com.android.camera2 (protectionLevel=18 flags=0x20d8bc45)
06-18 12:08:38.832 I/PackageManager( 1921): Un-granting permission android.permission.REQUEST_INSTALL_PACKAGES from package com.google.android.gm (protectionLevel=66 flags=0x38cbbe45)
06-18 12:08:38.832 I/PackageManager( 1921): Un-granting permission android.permission.BIND_JOB_SERVICE from package com.google.android.music (protectionLevel=2 flags=0x38cbbe65)
06-18 12:08:38.832 I/PackageManager( 1921): Un-granting permission android.permission.CONNECTIVITY_USE_RESTRICTED_NETWORKS from package com.google.android.captiveportallogin (protectionLevel=18 flags=0x38c8be45)
06-18 12:08:38.833 I/PackageManager( 1921): Un-granting permission android.permission.NETWORK_BYPASS_PRIVATE_DNS from package com.google.android.captiveportallogin (protectionLevel=2 flags=0x38c8be45)
06-18 12:08:38.833 I/PackageManager( 1921): Un-granting permission android.permission.REQUEST_INSTALL_PACKAGES from package com.google.android.apps.docs (protectionLevel=66 flags=0x38cbbe45)
06-18 12:08:38.833 I/PackageManager( 1921): Un-granting permission android.permission.INTERACT_ACROSS_USERS from package com.google.android.syncadapters.contacts (protectionLevel=50 flags=0x20883e45)
06-18 12:08:38.833 I/PackageManager( 1921): Un-granting permission android.permission.REQUEST_INSTALL_PACKAGES from package com.android.chrome (protectionLevel=66 flags=0xa0cbbe45)
06-18 12:08:38.833 I/PackageManager( 1921): Un-granting permission com.google.android.apps.now.CURRENT_ACCOUNT_ACCESS from package com.android.chrome (protectionLevel=2 flags=0xa0cbbe45)
06-18 12:08:38.833 I/PackageManager( 1921): Un-granting permission android.permission.CAPTURE_VIDEO_OUTPUT from package com.google.android.gms (protectionLevel=2 flags=0xb0cabe45)
06-18 12:08:38.833 I/PackageManager( 1921): Un-granting permission android.permission.MANAGE_DEVICE_ADMINS from package com.google.android.gms (protectionLevel=2 flags=0xb0cabe45)
06-18 12:08:38.834 I/PackageManager( 1921): Un-granting permission android.permission.MANAGE_ACTIVITY_STACKS from package com.google.android.gms (protectionLevel=2 flags=0xb0cabe45)
06-18 12:08:38.834 I/PackageManager( 1921): Un-granting permission android.permission.CAPTURE_SECURE_VIDEO_OUTPUT from package com.google.android.gms (protectionLevel=2 flags=0xb0cabe45)
06-18 12:08:38.834 I/PackageManager( 1921): Un-granting permission android.permission.MANAGE_ROLLBACKS from package com.google.android.gms (protectionLevel=514 flags=0xb0cabe45)
06-18 12:08:38.834 I/PackageManager( 1921): Un-granting permission com.google.android.googleapps.permission.GOOGLE_AUTH from package com.google.android.videos (protectionLevel=2 flags=0x30dbbe45)
06-18 12:08:38.834 I/PackageManager( 1921): Un-granting permission android.permission.WRITE_MEDIA_STORAGE from package com.google.android.apps.photos (protectionLevel=18 flags=0x38d9be45)
06-18 12:08:38.838 V/UserDataPreparer( 1921): Found /data/user_de/0 with serial number -1
06-18 12:08:38.838 D/UserDataPreparer( 1921): Serial number missing on /data/user_de/0; assuming current is valid
06-18 12:08:38.838 V/UserDataPreparer( 1921): Found /data/user/0 with serial number -1
06-18 12:08:38.839 D/UserDataPreparer( 1921): Serial number missing on /data/user/0; assuming current is valid
06-18 12:08:38.839 V/UserDataPreparer( 1921): Found /data/system_de/0 with serial number -1
06-18 12:08:38.839 D/UserDataPreparer( 1921): Serial number missing on /data/system_de/0; assuming current is valid
06-18 12:08:38.840 D/SystemServerTiming( 1921): MakePackageManagerServiceReady took to complete: 343ms
06-18 12:08:38.840 I/SystemServer( 1921): MakeDisplayManagerServiceReady
06-18 12:08:38.842 D/SystemServerTiming( 1921): MakeDisplayManagerServiceReady took to complete: 2ms
06-18 12:08:38.842 I/SystemServer( 1921): StartDeviceSpecificServices
06-18 12:08:38.842 D/SystemServerTiming( 1921): StartDeviceSpecificServices took to complete: 0ms
06-18 12:08:38.842 I/SystemServer( 1921): StartBootPhaseDeviceSpecificServicesReady
06-18 12:08:38.842 I/SystemServiceManager( 1921): Starting phase 520
06-18 12:08:38.844 D/SystemServerTiming( 1921): StartBootPhaseDeviceSpecificServicesReady took to complete: 2ms
06-18 12:08:38.844 I/SystemServer( 1921): StartPermissionPolicyService
06-18 12:08:38.844 I/SystemServiceManager( 1921): Starting com.android.server.policy.PermissionPolicyService
06-18 12:08:38.845 D/SystemServerTiming( 1921): StartPermissionPolicyService took to complete: 1ms
06-18 12:08:38.845 W/UsageStatsService( 1921): Event reported without a package name, eventType:15
06-18 12:08:38.845 I/AppOps  ( 1921): Pruning old package system/com.android.server.appop.AppOpsService$UidState@d662af0: new uid=-1
06-18 12:08:38.846 I/ActivityManager( 1921): System now ready
06-18 12:08:38.868 I/SystemServer( 1921): Making services ready
06-18 12:08:38.868 I/SystemServer( 1921): StartActivityManagerReadyPhase
06-18 12:08:38.868 I/SystemServiceManager( 1921): Starting phase 550
06-18 12:08:38.870 I/android_os_HwBinder( 1921): HwBinder: Starting thread pool for getting: android.hardware.thermal@2.0::IThermal/default
06-18 12:08:38.870 I/android.hardware.thermal@2.0-service-mock( 1703): A callback has been registered to ThermalHAL, isFilter: 0 Type: CPU
06-18 12:08:38.872 W/ActivityManager( 1921): Too early to start/bind service in system_server: Phase=550 ComponentInfo{com.android.server.telecom/com.android.server.telecom.components.TelecomService}
06-18 12:08:38.872 W/ActivityManager( 1921): Too early to start/bind service in system_server: Phase=550 ComponentInfo{com.android.server.telecom/com.android.server.telecom.components.TelecomService}
06-18 12:08:38.882 D/PackageManager( 1921): Instant App installer not found with android.intent.action.INSTALL_INSTANT_APP_PACKAGE
06-18 12:08:38.882 D/PackageManager( 1921): Clear ephemeral installer activity
06-18 12:08:38.882 D/PackageManager( 1921): Instant App installer not found with android.intent.action.INSTALL_INSTANT_APP_PACKAGE
06-18 12:08:38.882 D/PackageManager( 1921): Clear ephemeral installer activity
06-18 12:08:38.882 D/PackageManager( 1921): Instant App installer not found with android.intent.action.INSTALL_INSTANT_APP_PACKAGE
06-18 12:08:38.882 D/PackageManager( 1921): Clear ephemeral installer activity
06-18 12:08:38.888 D/Zygote  ( 1664): Forked child process 2064
06-18 12:08:38.889 D/StorageManagerService( 1921): Isolated storage local flag 0 and remote flag 0 resolved to true
06-18 12:08:38.893 I/LockSettingsService( 1921): Migrated migrated_frp.
06-18 12:08:38.894 I/WallpaperManagerService( 1921): No static wallpaper imagery; defaults will be shown
06-18 12:08:38.894 V/WallpaperManagerService( 1921): bindWallpaperComponentLocked: componentName=ComponentInfo{com.android.systemui/com.android.systemui.ImageWallpaper}
06-18 12:08:38.894 W/WallpaperManagerService( 1921): no current wallpaper -- first boot?
06-18 12:08:38.895 I/ActivityManager( 1921): Start proc 2064:com.google.android.gms.persistent/u0a116 for broadcast {com.google.android.gms/com.google.android.gms.chimera.GmsIntentOperationService$PersistentTrustedReceiver}
06-18 12:08:38.896 I/AppBindingService( 1921): Updating constants with: null
06-18 12:08:38.899 E/BluetoothAdapter( 1921): Bluetooth binder is null
06-18 12:08:38.899 E/BluetoothAdapter( 1921): Bluetooth binder is null
06-18 12:08:38.902 W/.gms.persisten( 2064): Unexpected CPU variant for X86 using defaults: x86_64
06-18 12:08:38.904 D/Zygote  ( 1664): Forked child process 2078
06-18 12:08:38.904 I/AudioFlinger( 1712): systemReady
06-18 12:08:38.906 I/ActivityManager( 1921): Start proc 2078:com.android.systemui/u0a115 for service {com.android.systemui/com.android.systemui.ImageWallpaper}
06-18 12:08:38.916 D/StagefrightPluginLoader( 1770): CCodec is disabled.
06-18 12:08:38.916 D/StagefrightPluginLoader( 1770): Handle or CreateInputSurface symbol is null
06-18 12:08:38.916 D/MediaCodecList( 1770): Allowing all OMX codecs
06-18 12:08:38.916 D/StagefrightPluginLoader( 1770): Handle or CreateBuilder symbol is null
06-18 12:08:38.918 I/OMXClient( 1770): IOmx service obtained
06-18 12:08:38.918 I/OMXMaster( 1777): makeComponentInstance(OMX.google.aac.decoder) in android.hardwar process
06-18 12:08:38.921 I/.gms.persisten( 2064): The ClassLoaderContext is a special shared library.
06-18 12:08:38.922 W/ndroid.systemu( 2078): Unexpected CPU variant for X86 using defaults: x86_64
06-18 12:08:38.923 I/.gms.persisten( 2064): The ClassLoaderContext is a special shared library.
06-18 12:08:38.923 I/chatty  ( 2064): uid=10116 com.google.android.gms.persistent identical 1 line
06-18 12:08:38.925 I/.gms.persisten( 2064): The ClassLoaderContext is a special shared library.
06-18 12:08:38.926 D/Zygote  ( 1664): Forked child process 2098
06-18 12:08:38.929 W/ssioncontrolle( 2098): Unexpected CPU variant for X86 using defaults: x86_64
06-18 12:08:38.929 I/ActivityManager( 1921): Start proc 2098:com.google.android.permissioncontroller/u0a74 for service {com.google.android.permissioncontroller/com.android.packageinstaller.permission.service.PermissionControllerServiceImpl}
06-18 12:08:38.932 I/OMXClient( 1770): IOmx service obtained
06-18 12:08:38.932 I/OMXMaster( 1777): makeComponentInstance(OMX.google.amrnb.decoder) in android.hardwar process
06-18 12:08:38.940 I/OMXClient( 1770): IOmx service obtained
06-18 12:08:38.941 I/OMXMaster( 1777): makeComponentInstance(OMX.google.amrwb.decoder) in android.hardwar process
06-18 12:08:38.941 I/OMXClient( 1770): IOmx service obtained
06-18 12:08:38.942 I/OMXMaster( 1777): makeComponentInstance(OMX.google.flac.decoder) in android.hardwar process
06-18 12:08:38.949 I/ndroid.systemu( 2078): The ClassLoaderContext is a special shared library.
06-18 12:08:38.951 I/ssioncontrolle( 2098): The ClassLoaderContext is a special shared library.
06-18 12:08:38.951 W/ContextImpl( 2064): Failed to ensure /data/user/0/com.google.android.gms/cache: mkdir failed: ENOENT (No such file or directory)
06-18 12:08:38.952 W/ContextImpl( 2064): Failed to update user.inode_cache: stat failed: ENOENT (No such file or directory)
06-18 12:08:38.961 I/OMXClient( 1770): IOmx service obtained
06-18 12:08:38.961 I/OMXMaster( 1777): makeComponentInstance(OMX.google.g711.alaw.decoder) in android.hardwar process
06-18 12:08:38.964 I/OMXClient( 1770): IOmx service obtained
06-18 12:08:38.964 I/OMXMaster( 1777): makeComponentInstance(OMX.google.g711.mlaw.decoder) in android.hardwar process
06-18 12:08:38.969 I/OMXClient( 1770): IOmx service obtained
06-18 12:08:38.969 I/OMXMaster( 1777): makeComponentInstance(OMX.google.gsm.decoder) in android.hardwar process
06-18 12:08:38.973 I/OMXClient( 1770): IOmx service obtained
06-18 12:08:38.973 I/OMXMaster( 1777): makeComponentInstance(OMX.google.mp3.decoder) in android.hardwar process
06-18 12:08:38.983 I/OMXClient( 1770): IOmx service obtained
06-18 12:08:38.983 I/OMXMaster( 1777): makeComponentInstance(OMX.google.opus.decoder) in android.hardwar process
06-18 12:08:38.984 W/StorageManagerService( 1921): No primary storage defined yet; hacking together a stub
06-18 12:08:38.988 D/PackageManager( 1921): Instant App installer not found with android.intent.action.INSTALL_INSTANT_APP_PACKAGE
