--------- beginning of main
06-18 12:08:27.120 W/auditd  ( 1565): type=2000 audit(0.0:1): state=initialized audit_enabled=0 res=1
06-18 12:08:30.810 I/auditd  ( 1565): type=1403 audit(0.0:2): policy loaded auid=4294967295 ses=4294967295
06-18 12:08:30.810 W/auditd  ( 1565): type=1404 audit(0.0:3): enforcing=1 old_enforcing=0 auid=4294967295 ses=4294967295
06-18 12:08:32.488 I/SELinux ( 1566): SELinux: Loaded service_contexts from:
06-18 12:08:32.500 I/SELinux ( 1566):     /system/etc/selinux/plat_service_contexts
06-18 12:08:32.505 I/SELinux ( 1568): SELinux: Loaded service_contexts from:
06-18 12:08:32.505 I/SELinux ( 1568):     /vendor/etc/selinux/vndservice_contexts
06-18 12:08:32.517 I/hwservicemanager( 1567): hwservicemanager is ready now.
--------- beginning of system
06-18 12:08:32.558 I/vold    ( 1576): Vold 3.0 (the awakening) firing up
06-18 12:08:32.558 D/vold    ( 1576): Detected support for: ext4 f2fs vfat
06-18 12:08:32.559 D/vold    ( 1576): Found unmanaged dm device named vendor
06-18 12:08:32.559 D/vold    ( 1576): Found unmanaged dm device named system
06-18 12:08:32.559 D/vold    ( 1576): Found unmanaged dm device named system-verity
06-18 12:08:32.559 W/vold    ( 1576): Failed to LOOP_GET_STATUS64 /dev/block/loop3: No such device or address
06-18 12:08:32.559 W/vold    ( 1576): Failed to LOOP_GET_STATUS64 /dev/block/loop0: No such device or address
06-18 12:08:32.559 W/vold    ( 1576): Failed to LOOP_GET_STATUS64 /dev/block/loop2: No such device or address
06-18 12:08:32.559 W/vold    ( 1576): Failed to LOOP_GET_STATUS64 /dev/block/loop6: No such device or address
06-18 12:08:32.559 W/vold    ( 1576): Failed to LOOP_GET_STATUS64 /dev/block/loop5: No such device or address
06-18 12:08:32.559 W/vold    ( 1576): Failed to LOOP_GET_STATUS64 /dev/block/loop7: No such device or address
06-18 12:08:32.559 W/vold    ( 1576): Failed to LOOP_GET_STATUS64 /dev/block/loop4: No such device or address
06-18 12:08:32.559 W/vold    ( 1576): Failed to LOOP_GET_STATUS64 /dev/block/loop1: No such device or address
06-18 12:08:32.560 I/vold    ( 1576): Skip mounting partition: /product
06-18 12:08:32.560 I/vold    ( 1576): Skip mounting partition: /product_services
06-18 12:08:32.560 D/vold    ( 1576): VoldNativeService::start() completed OK
06-18 12:08:32.867 I/vold    ( 1576): fscrypt_initialize_global_de
06-18 12:08:32.867 I/vold    ( 1576): Creating new key in /data/unencrypted/key
06-18 12:08:32.878 I/hwservicemanager( 1567): getTransport: Cannot find entry android.hardware.keymaster@4.0::IKeymasterDevice/default in either framework or device manifest.
06-18 12:08:32.879 I/ServiceManagement( 1576): getService: Trying again for android.hardware.keymaster@3.0::IKeymasterDevice/default...
06-18 12:08:32.884 I/android.hardware.keymaster@3.0-impl( 1628): Fetching keymaster device name default
06-18 12:08:32.884 I/android.hardware.keymaster@3.0-impl( 1628): Could not find any keystore module, using software-only implementation.
06-18 12:08:32.884 I/ServiceManagement( 1628): Registered android.hardware.keymaster@3.0::IKeymasterDevice/default (start delay of 47ms)
06-18 12:08:32.884 I/ServiceManagement( 1628): Removing namespace from process name android.hardware.keymaster@3.0-service to keymaster@3.0-service.
06-18 12:08:32.884 I/android.hardware.keymaster@3.0-service( 1628): Registration complete for android.hardware.keymaster@3.0::IKeymasterDevice/default.
06-18 12:08:32.885 I/vold    ( 1576): List of Keymaster HALs found:
06-18 12:08:32.885 I/vold    ( 1576): Keymaster HAL #1: SoftwareKeymasterDevice from Google SecurityLevel: SOFTWARE HAL: android.hardware.keymaster@3.0::IKeymasterDevice/default
06-18 12:08:32.885 I/vold    ( 1576): Using SoftwareKeymasterDevice from Google for encryption.  Security level: SOFTWARE, HAL: android.hardware.keymaster@3.0::IKeymasterDevice/default
06-18 12:08:32.885 D/vold    ( 1576): Creating key that doesn't need auth token
06-18 12:08:32.901 D/RefBase ( 1576): RefBase: Explicit destruction, weak count = 0 (in 0x78ab9a21e170)
06-18 12:08:32.901 W/RefBase ( 1576): CallStack::getCurrentInternal not linked, returning null
06-18 12:08:32.901 W/RefBase ( 1576): CallStack::logStackInternal not linked
06-18 12:08:32.902 D/vold    ( 1576): Created key: /data/unencrypted/key
06-18 12:08:32.902 D/vold    ( 1576): Added key 834946198 (ext4:179a1eda53bcc09d) to keyring 4267870 in process 1576
06-18 12:08:32.902 D/vold    ( 1576): Added key 563973738 (f2fs:179a1eda53bcc09d) to keyring 4267870 in process 1576
06-18 12:08:32.902 D/vold    ( 1576): Added key 516318745 (fscrypt:179a1eda53bcc09d) to keyring 4267870 in process 1576
06-18 12:08:32.904 I/vold    ( 1576): Wrote system DE key reference to:/data/unencrypted/ref
06-18 12:08:32.930 E/fsverity_init( 1637): Failed to load /product/etc/security/fsverity/*.der
06-18 12:08:32.933 E//system/bin/mini-keyctl( 1638): Cannot find keyring id
06-18 12:08:32.937 E/fsverity_init( 1639): Failed to restrict .fs-verity keyring
06-18 12:08:32.940 W/init    (    1): type=1400 audit(0.0:4): avc: denied { ioctl } for path="/data/misc" dev="vdc" ino=13 ioctlcmd=0x6615 scontext=u:r:init:s0 tcontext=u:object_r:unlabeled:s0 tclass=dir permissive=0
06-18 12:08:32.950 W/ls      ( 1641): type=1400 audit(0.0:5): avc: denied { getattr } for path="/data/misc" dev="vdc" ino=13 scontext=u:r:toolbox:s0 tcontext=u:object_r:unlabeled:s0 tclass=dir permissive=0
06-18 12:08:32.955 I/apexd   ( 1640): Marking APEXd as starting
06-18 12:08:32.967 I/ls      (    1): ls: /data/misc: Permission denied
06-18 12:08:32.967 I/ls      (    1): ls terminated by exit(1)
06-18 12:08:32.980 I/apexd   ( 1640): Scanning /system/apex for embedded keys
06-18 12:08:32.986 V/apexd   ( 1640): Found bundled key in package /system/apex/com.android.apex.cts.shim.apex
06-18 12:08:32.986 I/apexd   ( 1640): Scanning /product/apex for embedded keys
06-18 12:08:32.988 I/apexd   ( 1640): ... does not exist. Skipping
06-18 12:08:32.989 I/apexd   ( 1640): Populating APEX database from mounts...
06-18 12:08:32.992 E/apexd   ( 1640): Failed to walk /product/apex : Can't open /product/apex for reading : No such file or directory
06-18 12:08:32.997 I/apexd   ( 1640): Found "/apex/com.android.runtime@1"
06-18 12:08:32.999 I/apexd   ( 1640): Found "/apex/com.android.tzdata@290000000"
06-18 12:08:33.002 I/apexd   ( 1640): 2 packages restored.
06-18 12:08:33.005 I/apexd   ( 1640): Scanning /data/apex/sessions looking for sessions to be activated.
06-18 12:08:33.009 I/apexd   ( 1640): Scanning /data/apex/active looking for APEX packages.
06-18 12:08:33.012 I/apexd   ( 1640): Activated 0 packages. Skipped: 0
06-18 12:08:33.014 I/apexd   ( 1640): Scanning /system/apex looking for APEX packages.
06-18 12:08:33.017 I/apexd   ( 1640): Found /system/apex/com.android.resolv
06-18 12:08:33.021 V/apexd   ( 1640): Creating mount point: /apex/com.android.resolv@290000000
06-18 12:08:33.022 I/apexd   ( 1640): Successfully bind-mounted flattened package /system/apex/com.android.resolv on /apex/com.android.resolv@290000000
06-18 12:08:33.028 V/apexd   ( 1640): Creating bind-mount for /apex/com.android.resolv for /apex/com.android.resolv@290000000
06-18 12:08:33.029 V/apexd   ( 1640): Creating mountpoint /apex/com.android.resolv
06-18 12:08:33.029 V/apexd   ( 1640): Bind-mounting /apex/com.android.resolv@290000000 to /apex/com.android.resolv
06-18 12:08:33.030 D/apexd   ( 1640): Successfully activated /system/apex/com.android.resolv package_name: com.android.resolv version: 290000000
06-18 12:08:33.030 I/apexd   ( 1640): Found /system/apex/com.android.media.swcodec
06-18 12:08:33.032 V/apexd   ( 1640): Creating mount point: /apex/com.android.media.swcodec@290000000
06-18 12:08:33.033 I/apexd   ( 1640): Successfully bind-mounted flattened package /system/apex/com.android.media.swcodec on /apex/com.android.media.swcodec@290000000
06-18 12:08:33.039 V/apexd   ( 1640): Creating bind-mount for /apex/com.android.media.swcodec for /apex/com.android.media.swcodec@290000000
06-18 12:08:33.040 V/apexd   ( 1640): Creating mountpoint /apex/com.android.media.swcodec
06-18 12:08:33.040 V/apexd   ( 1640): Bind-mounting /apex/com.android.media.swcodec@290000000 to /apex/com.android.media.swcodec
06-18 12:08:33.042 D/apexd   ( 1640): Successfully activated /system/apex/com.android.media.swcodec package_name: com.android.media.swcodec version: 290000000
06-18 12:08:33.042 I/apexd   ( 1640): Found /system/apex/com.android.apex.cts.shim.apex
06-18 12:08:33.043 V/apexd   ( 1640): Found bundled key in package /system/apex/com.android.apex.cts.shim.apex
06-18 12:08:33.045 I/apexd   ( 1640): Skipping activation of non-flattened apex package /system/apex/com.android.apex.cts.shim.apex because device doesn't support it
06-18 12:08:33.050 I/apexd   ( 1640): Found /system/apex/com.android.conscrypt
06-18 12:08:33.053 V/apexd   ( 1640): Creating mount point: /apex/com.android.conscrypt@290000000
06-18 12:08:33.054 I/apexd   ( 1640): Successfully bind-mounted flattened package /system/apex/com.android.conscrypt on /apex/com.android.conscrypt@290000000
06-18 12:08:33.058 V/apexd   ( 1640): Creating bind-mount for /apex/com.android.conscrypt for /apex/com.android.conscrypt@290000000
06-18 12:08:33.059 V/apexd   ( 1640): Creating mountpoint /apex/com.android.conscrypt
06-18 12:08:33.059 V/apexd   ( 1640): Bind-mounting /apex/com.android.conscrypt@290000000 to /apex/com.android.conscrypt
06-18 12:08:33.061 D/apexd   ( 1640): Successfully activated /system/apex/com.android.conscrypt package_name: com.android.conscrypt version: 290000000
06-18 12:08:33.061 I/apexd   ( 1640): Found /system/apex/com.android.runtime.debug
06-18 12:08:33.063 I/apexd   ( 1640): Skipping activation of /system/apex/com.android.runtime.debug same package with higher version 1 is already active
06-18 12:08:33.067 I/apexd   ( 1640): Found /system/apex/com.android.tzdata
06-18 12:08:33.070 I/apexd   ( 1640): Skipping activation of /system/apex/com.android.tzdata same package with higher version 290000000 is already active
06-18 12:08:33.075 I/apexd   ( 1640): Found /system/apex/com.android.media
06-18 12:08:33.078 V/apexd   ( 1640): Creating mount point: /apex/com.android.media@290000000
06-18 12:08:33.079 I/apexd   ( 1640): Successfully bind-mounted flattened package /system/apex/com.android.media on /apex/com.android.media@290000000
06-18 12:08:33.083 V/apexd   ( 1640): Creating bind-mount for /apex/com.android.media for /apex/com.android.media@290000000
06-18 12:08:33.084 V/apexd   ( 1640): Creating mountpoint /apex/com.android.media
06-18 12:08:33.084 V/apexd   ( 1640): Bind-mounting /apex/com.android.media@290000000 to /apex/com.android.media
06-18 12:08:33.084 D/apexd   ( 1640): Successfully activated /system/apex/com.android.media package_name: com.android.media version: 290000000
06-18 12:08:33.084 I/apexd   ( 1640): Activated 4 packages. Skipped: 3
06-18 12:08:33.086 I/apexd   ( 1640): Scanning /product/apex looking for APEX packages.
06-18 12:08:33.089 E/apexd   ( 1640): Failed to activate packages from /product/apex : Failed to scan /product/apex : Can't open /product/apex for reading : No such file or directory
06-18 12:08:33.094 I/apexd   ( 1640): Marking APEXd as ready
06-18 12:08:33.144 D/vold    ( 1576): fscrypt_init_user0
06-18 12:08:33.144 D/vold    ( 1576): Preparing: /data/misc/vold/user_keys
06-18 12:08:33.144 D/vold    ( 1576): Preparing: /data/misc/vold/user_keys/ce
06-18 12:08:33.144 D/vold    ( 1576): Preparing: /data/misc/vold/user_keys/de
06-18 12:08:33.144 D/vold    ( 1576): Preparing: /data/misc/vold/user_keys/ce/0
06-18 12:08:33.144 D/vold    ( 1576): Skipping non-key .
06-18 12:08:33.144 D/vold    ( 1576): Skipping non-key ..
06-18 12:08:33.149 I/hwservicemanager( 1567): getTransport: Cannot find entry android.hardware.keymaster@4.0::IKeymasterDevice/default in either framework or device manifest.
06-18 12:08:33.149 I/vold    ( 1576): List of Keymaster HALs found:
06-18 12:08:33.149 I/vold    ( 1576): Keymaster HAL #1: SoftwareKeymasterDevice from Google SecurityLevel: SOFTWARE HAL: android.hardware.keymaster@3.0::IKeymasterDevice/default
06-18 12:08:33.149 I/vold    ( 1576): Using SoftwareKeymasterDevice from Google for encryption.  Security level: SOFTWARE, HAL: android.hardware.keymaster@3.0::IKeymasterDevice/default
06-18 12:08:33.149 D/vold    ( 1576): Creating key that doesn't need auth token
06-18 12:08:33.150 D/RefBase ( 1576): RefBase: Explicit destruction, weak count = 0 (in 0x78ab9a21e1f0)
06-18 12:08:33.150 W/RefBase ( 1576): CallStack::getCurrentInternal not linked, returning null
06-18 12:08:33.150 W/RefBase ( 1576): CallStack::logStackInternal not linked
06-18 12:08:33.151 D/vold    ( 1576): Created key: /data/misc/vold/user_keys/ce/0/current
06-18 12:08:33.155 I/hwservicemanager( 1567): getTransport: Cannot find entry android.hardware.keymaster@4.0::IKeymasterDevice/default in either framework or device manifest.
06-18 12:08:33.155 I/vold    ( 1576): List of Keymaster HALs found:
06-18 12:08:33.155 I/vold    ( 1576): Keymaster HAL #1: SoftwareKeymasterDevice from Google SecurityLevel: SOFTWARE HAL: android.hardware.keymaster@3.0::IKeymasterDevice/default
06-18 12:08:33.155 I/vold    ( 1576): Using SoftwareKeymasterDevice from Google for encryption.  Security level: SOFTWARE, HAL: android.hardware.keymaster@3.0::IKeymasterDevice/default
06-18 12:08:33.155 D/vold    ( 1576): Creating key that doesn't need auth token
06-18 12:08:33.156 D/RefBase ( 1576): RefBase: Explicit destruction, weak count = 0 (in 0x78ab9a21e170)
06-18 12:08:33.156 W/RefBase ( 1576): CallStack::getCurrentInternal not linked, returning null
06-18 12:08:33.156 W/RefBase ( 1576): CallStack::logStackInternal not linked
06-18 12:08:33.157 D/vold    ( 1576): Created key: /data/misc/vold/user_keys/de/0
06-18 12:08:33.157 D/vold    ( 1576): Added key 655015975 (ext4:91ddd02bfe558d52) to keyring 4267870 in process 1576
06-18 12:08:33.157 D/vold    ( 1576): Added key 321895584 (f2fs:91ddd02bfe558d52) to keyring 4267870 in process 1576
06-18 12:08:33.157 D/vold    ( 1576): Added key 363185600 (fscrypt:91ddd02bfe558d52) to keyring 4267870 in process 1576
06-18 12:08:33.157 D/vold    ( 1576): Added key 851175074 (ext4:beb24c2bb9153326) to keyring 4267870 in process 1576
06-18 12:08:33.157 D/vold    ( 1576): Added key 900459457 (f2fs:beb24c2bb9153326) to keyring 4267870 in process 1576
06-18 12:08:33.157 D/vold    ( 1576): Added key 425556043 (fscrypt:beb24c2bb9153326) to keyring 4267870 in process 1576
06-18 12:08:33.157 D/vold    ( 1576): Created keys for user 0
06-18 12:08:33.157 D/vold    ( 1576): Skipping non-de-key .
06-18 12:08:33.157 D/vold    ( 1576): Skipping non-de-key ..
06-18 12:08:33.157 D/vold    ( 1576): fscrypt_prepare_user_storage for volume null, user 0, serial 0, flags 1
06-18 12:08:33.157 D/vold    ( 1576): Preparing: /data/system/users/0
06-18 12:08:33.157 D/vold    ( 1576): Preparing: /data/misc/profiles/cur/0
06-18 12:08:33.157 D/vold    ( 1576): Preparing: /data/system_de/0
06-18 12:08:33.157 D/vold    ( 1576): Preparing: /data/misc_de/0
06-18 12:08:33.157 D/vold    ( 1576): Preparing: /data/vendor_de/0
06-18 12:08:33.158 D/vold    ( 1576): Preparing: /data/user_de/0
06-18 12:08:33.158 I/vold    ( 1576): Policy for /data/system_de/0 set to 91ddd02bfe558d52 modes 1/4
06-18 12:08:33.158 I/vold    ( 1576): Policy for /data/misc_de/0 set to 91ddd02bfe558d52 modes 1/4
06-18 12:08:33.158 I/vold    ( 1576): Policy for /data/vendor_de/0 set to 91ddd02bfe558d52 modes 1/4
06-18 12:08:33.158 I/vold    ( 1576): Policy for /data/user_de/0 set to 91ddd02bfe558d52 modes 1/4
06-18 12:08:33.158 D/vold    ( 1576): /system/bin/vold_prepare_subdirs
06-18 12:08:33.158 D/vold    ( 1576):     prepare
06-18 12:08:33.158 D/vold    ( 1576):     
06-18 12:08:33.158 D/vold    ( 1576):     0
06-18 12:08:33.158 D/vold    ( 1576):     1
06-18 12:08:33.164 D/vold_prepare_subdirs( 1645): Setting up mode 700 uid 0 gid 0 context u:object_r:vold_data_file:s0 on path: /data/misc_de/0/vold
06-18 12:08:33.164 D/vold_prepare_subdirs( 1645): Setting up mode 700 uid 0 gid 0 context u:object_r:storaged_data_file:s0 on path: /data/misc_de/0/storaged
06-18 12:08:33.164 D/vold_prepare_subdirs( 1645): Setting up mode 700 uid 0 gid 0 context u:object_r:rollback_data_file:s0 on path: /data/misc_de/0/rollback
06-18 12:08:33.164 D/vold_prepare_subdirs( 1645): Setting up mode 700 uid 1000 gid 1000 context u:object_r:fingerprint_vendor_data_file:s0 on path: /data/vendor_de/0/fpdata
06-18 12:08:33.164 D/vold_prepare_subdirs( 1645): Setting up mode 700 uid 1000 gid 1000 context u:object_r:face_vendor_data_file:s0 on path: /data/vendor_de/0/facedata
06-18 12:08:33.186 I//system/bin/tzdatacheck( 1646): timezone distro dir /data/misc/zoneinfo/current does not exist. No action required.
06-18 12:08:33.214 I/art_apex( 1651): === ART pre-boot integrity checks ===
06-18 12:08:33.222 F/art_apex( 1654): Device is not fsverity-enabled.
06-18 12:08:33.254 W/otapreopt_slot( 1658): Slot property empty.
06-18 12:08:33.309 I//system/bin/flags_health_check( 1661): ServerConfigurableFlagsReset reset_mode value: 0
06-18 12:08:33.309 I//system/bin/flags_health_check( 1661): ServerConfigurableFlagsReset attempted boot count is under threshold, skipping reset.
06-18 12:08:33.382 I/bootstat( 1666): Service started: /system/bin/bootstat --set_system_boot_reason 
06-18 12:08:33.382 I/bootstat( 1666): Canonical boot reason: reboot
06-18 12:08:33.382 I/bootstat( 1666): Canonical boot reason: reboot
06-18 12:08:33.387 I/netdClient( 1663): Skipping libnetd_client init since *we* are netd
06-18 12:08:33.399 I/netd    ( 1663): netd 1.0 starting
06-18 12:08:33.431 I/ServiceManagement( 1668): Registered android.hidl.allocator@1.0::IAllocator/ashmem (start delay of 33ms)
06-18 12:08:33.431 I/ServiceManagement( 1668): Removing namespace from process name android.hidl.allocator@1.0-service to allocator@1.0-service.
06-18 12:08:33.431 I/Netd    ( 1663): Loaded resolver library from /apex/com.android.resolv/lib64/libnetd_resolv.so
06-18 12:08:33.442 I/ServiceManagement( 1669): Registered android.system.suspend@1.0::ISystemSuspend/default (start delay of 44ms)
06-18 12:08:33.442 I/ServiceManagement( 1669): Removing namespace from process name android.system.suspend@1.0-service to suspend@1.0-service.
06-18 12:08:33.443 I/health@2.0/( 1670): health@2.0/backup: Hal starting main loop...
06-18 12:08:33.443 I/health@2.0/( 1670): health@2.0/backup Hal is starting up...
06-18 12:08:33.443 I/hwservicemanager( 1567): getTransport: Cannot find entry android.hardware.health@1.0::IHealth/default in either framework or device manifest.
06-18 12:08:33.443 I/ServiceManagement( 1670): Registered android.hardware.health@2.0::IHealth/backup (start delay of 46ms)
06-18 12:08:33.443 I/health@2.0/( 1670): health@2.0/backup: Hal init done
06-18 12:08:33.458 I/ServiceManagement( 1672): Registered android.hardware.broadcastradio@1.1::IBroadcastRadioFactory/default (start delay of 50ms)
06-18 12:08:33.458 I/ServiceManagement( 1672): Removing namespace from process name android.hardware.broadcastradio@1.1-service to broadcastradio@1.1-service.
06-18 12:08:33.481 W//vendor/bin/hw/android.hardware.configstore@1.1-service( 1675): Could not find seccomp policy file at: /vendor/etc/seccomp_policy/configstore@1.1.policy
06-18 12:08:33.482 I/ServiceManagement( 1675): Registered android.hardware.configstore@1.1::ISurfaceFlingerConfigs/default (start delay of 65ms)
06-18 12:08:33.482 I/ServiceManagement( 1675): Removing namespace from process name android.hardware.configstore@1.1-service to configstore@1.1-service.
06-18 12:08:33.505 E/GoldfishGatekeeper( 1679): called goldfish_gatekeeper_open with gate keeper 0x7f4311409050 device 0x7f431121e000
06-18 12:08:33.506 I/ServiceManagement( 1679): Registered android.hardware.gatekeeper@1.0::IGatekeeper/default (start delay of 69ms)
06-18 12:08:33.506 I/ServiceManagement( 1679): Removing namespace from process name android.hardware.gatekeeper@1.0-service to gatekeeper@1.0-service.
06-18 12:08:33.506 I/android.hardware.gatekeeper@1.0-service( 1679): Registration complete for android.hardware.gatekeeper@1.0::IGatekeeper/default.
06-18 12:08:33.529 I/health@2.0/( 1698): health@2.0/default: Hal starting main loop...
06-18 12:08:33.529 I/health@2.0/( 1698): health@2.0/default Hal is starting up...
06-18 12:08:33.530 I/ServiceManagement( 1698): Registered android.hardware.health@2.0::IHealth/default (start delay of 63ms)
06-18 12:08:33.530 I/ServiceManagement( 1698): Removing namespace from process name android.hardware.health@2.0-service.goldfish to health@2.0-service.goldfish.
06-18 12:08:33.530 I/health@2.0/( 1698): health@2.0/default: Hal init done
06-18 12:08:33.547 I/android.hardware.power@1.1-service.ranchu( 1699): Power HAL Service 1.1 for Ranchu is starting.
06-18 12:08:33.547 I/ServiceManagement( 1699): Registered android.hardware.power@1.1::IPower/default (start delay of 80ms)
06-18 12:08:33.547 I/ServiceManagement( 1699): Removing namespace from process name android.hardware.power@1.1-service.ranchu to power@1.1-service.ranchu.
06-18 12:08:33.547 I/android.hardware.power@1.1-service.ranchu( 1699): Power Service is ready
06-18 12:08:33.549 I/qemu-props( 1706): connected to 'boot-properties' qemud service.
06-18 12:08:33.549 I/qemu-props( 1706): receiving..
06-18 12:08:33.549 I/qemu-props( 1706): received: qemu.cmdline=androidboot.logcat=*:V androidboot.consolepipe=qemu_pipe,pipe:logcat
06-18 12:08:33.573 I/ServiceManagement( 1702): Registered android.hardware.sensors@1.0::ISensors/default (start delay of 85ms)
06-18 12:08:33.573 I/ServiceManagement( 1702): Removing namespace from process name android.hardware.sensors@1.0-service to sensors@1.0-service.
06-18 12:08:33.573 I/android.hardware.sensors@1.0-service( 1702): Registration complete for android.hardware.sensors@1.0::ISensors/default.
06-18 12:08:33.578 I/ServiceManagement( 1677): Registered android.hardware.drm@1.2::IDrmFactory/clearkey (start delay of 151ms)
06-18 12:08:33.578 I/ServiceManagement( 1677): Removing namespace from process name android.hardware.drm@1.2-service.clearkey to drm@1.2-service.clearkey.
06-18 12:08:33.578 I/ServiceManagement( 1677): Registered android.hardware.drm@1.2::ICryptoFactory/clearkey (start delay of 151ms)
06-18 12:08:33.578 I/ServiceManagement( 1677): Removing namespace from process name android.hardware.drm@1.2-service.clearkey to drm@1.2-service.clearkey.
06-18 12:08:33.588 I/android.hardware.thermal@2.0-service-mock( 1703): Thermal HAL Service Mock 2.0 starting...
06-18 12:08:33.593 I/ServiceManagement( 1681): Registered android.hardware.gnss@1.0::IGnss/default (start delay of 155ms)
06-18 12:08:33.593 I/ServiceManagement( 1681): Removing namespace from process name android.hardware.gnss@1.0-service to gnss@1.0-service.
06-18 12:08:33.593 I/android.hardware.gnss@1.0-service( 1681): Registration complete for android.hardware.gnss@1.0::IGnss/default.
06-18 12:08:33.595 I/ServiceManagement( 1703): Registered android.hardware.thermal@2.0::IThermal/default (start delay of 98ms)
06-18 12:08:33.595 I/ServiceManagement( 1703): Removing namespace from process name android.hardware.thermal@2.0-service.mock to thermal@2.0-service.mock.
06-18 12:08:33.595 I/android.hardware.thermal@2.0-service-mock( 1703): Thermal Service started successfully.
06-18 12:08:33.615 D/HostConnection( 1682): createUnique: call
06-18 12:08:33.616 D/HostConnection( 1682): HostConnection::get() New Host Connection established 0x7fe83fe1c0a0, tid 1682
06-18 12:08:33.616 I/ServiceManagement( 1682): Registered android.hardware.graphics.allocator@2.0::IAllocator/default (start delay of 169ms)
06-18 12:08:33.617 I/ServiceManagement( 1682): Removing namespace from process name android.hardware.graphics.allocator@2.0-service to allocator@2.0-service.
06-18 12:08:33.617 I/android.hardware.graphics.allocator@2.0-service( 1682): Registration complete for android.hardware.graphics.allocator@2.0::IAllocator/default.
06-18 12:08:33.627 D/HostConnection( 1683): createUnique: call
06-18 12:08:33.628 D/HostConnection( 1683): HostConnection::get() New Host Connection established 0x7861fa621140, tid 1683
06-18 12:08:33.635 D/HostConnection( 1683): HostComposition ext ANDROID_EMU_CHECKSUM_HELPER_v1 ANDROID_EMU_native_sync_v2 ANDROID_EMU_dma_v1 ANDROID_EMU_direct_mem ANDROID_EMU_host_composition_v1 ANDROID_EMU_host_composition_v2 ANDROID_EMU_vulkan ANDROID_EMU_deferred_vulkan_commands ANDROID_EMU_vulkan_null_optional_strings ANDROID_EMU_vulkan_create_resources_with_requirements ANDROID_EMU_YUV_Cache ANDROID_EMU_vulkan_ignored_handles ANDROID_EMU_vulkan_free_memory_sync ANDROID_EMU_vulkan_shader_float16_int8 ANDROID_EMU_vulkan_async_queue_submit ANDROID_EMU_sync_buffer_data ANDROID_EMU_vulkan_async_qsri ANDROID_EMU_hwc_color_transform GL_OES_EGL_image_external_essl3 GL_OES_vertex_array_object GL_KHR_texture_compression_astc_ldr ANDROID_EMU_host_side_tracing ANDROID_EMU_gles_max_version_3_0 
06-18 12:08:33.636 I/hwservicemanager( 1567): getTransport: Cannot find entry android.hardware.graphics.mapper@3.0::IMapper/default in either framework or device manifest.
06-18 12:08:33.636 W/Gralloc3( 1683): mapper 3.x is not supported
06-18 12:08:33.637 I/hwservicemanager( 1567): getTransport: Cannot find entry android.hardware.graphics.allocator@3.0::IAllocator/default in either framework or device manifest.
06-18 12:08:33.637 W/Gralloc3( 1683): allocator 3.x is not supported
06-18 12:08:33.638 I/qemu-props( 1706): successfully set property 'qemu.cmdline' to 'androidboot.logcat=*:V androidboot.consolepipe=qemu_pipe,pipe:logcat'
06-18 12:08:33.638 I/qemu-props( 1706): receiving..
06-18 12:08:33.638 I/qemu-props( 1706): received: qemu.logcat=start
06-18 12:08:33.639 D/HostConnection( 1682): HostComposition ext ANDROID_EMU_CHECKSUM_HELPER_v1 ANDROID_EMU_native_sync_v2 ANDROID_EMU_dma_v1 ANDROID_EMU_direct_mem ANDROID_EMU_host_composition_v1 ANDROID_EMU_host_composition_v2 ANDROID_EMU_vulkan ANDROID_EMU_deferred_vulkan_commands ANDROID_EMU_vulkan_null_optional_strings ANDROID_EMU_vulkan_create_resources_with_requirements ANDROID_EMU_YUV_Cache ANDROID_EMU_vulkan_ignored_handles ANDROID_EMU_vulkan_free_memory_sync ANDROID_EMU_vulkan_shader_float16_int8 ANDROID_EMU_vulkan_async_queue_submit ANDROID_EMU_sync_buffer_data ANDROID_EMU_vulkan_async_qsri ANDROID_EMU_hwc_color_transform GL_OES_EGL_image_external_essl3 GL_OES_vertex_array_object GL_KHR_texture_compression_astc_ldr ANDROID_EMU_host_side_tracing ANDROID_EMU_gles_max_version_3_0 
06-18 12:08:33.639 D/gralloc_ranchu( 1682): gralloc_alloc: Creating ashmem region of size 823296
06-18 12:08:33.640 D/eglCodecCommon( 1682): allocate: Ask for block of size 0x1000
06-18 12:08:33.640 D/eglCodecCommon( 1682): allocate: ioctl allocate returned offset 0x3ffffe000 size 0x2000
06-18 12:08:33.640 D/HostConnection( 1683): createUnique: call
06-18 12:08:33.640 D/HostConnection( 1683): HostConnection::get() New Host Connection established 0x7861fa6213c0, tid 1683
06-18 12:08:33.641 D/HostConnection( 1683): HostComposition ext ANDROID_EMU_CHECKSUM_HELPER_v1 ANDROID_EMU_native_sync_v2 ANDROID_EMU_dma_v1 ANDROID_EMU_direct_mem ANDROID_EMU_host_composition_v1 ANDROID_EMU_host_composition_v2 ANDROID_EMU_vulkan ANDROID_EMU_deferred_vulkan_commands ANDROID_EMU_vulkan_null_optional_strings ANDROID_EMU_vulkan_create_resources_with_requirements ANDROID_EMU_YUV_Cache ANDROID_EMU_vulkan_ignored_handles ANDROID_EMU_vulkan_free_memory_sync ANDROID_EMU_vulkan_shader_float16_int8 ANDROID_EMU_vulkan_async_queue_submit ANDROID_EMU_sync_buffer_data ANDROID_EMU_vulkan_async_qsri ANDROID_EMU_hwc_color_transform GL_OES_EGL_image_external_essl3 GL_OES_vertex_array_object GL_KHR_texture_compression_astc_ldr ANDROID_EMU_host_side_tracing ANDROID_EMU_gles_max_version_3_0 
06-18 12:08:33.641 D/eglCodecCommon( 1683): allocate: Ask for block of size 0x1000
06-18 12:08:33.641 D/eglCodecCommon( 1683): allocate: ioctl allocate returned offset 0x3ffffc000 size 0x2000
06-18 12:08:33.641 I/ServiceManagement( 1683): Registered android.hardware.graphics.composer@2.1::IComposer/default (start delay of 194ms)
06-18 12:08:33.642 I/ServiceManagement( 1683): Removing namespace from process name android.hardware.graphics.composer@2.1-service to composer@2.1-service.
06-18 12:08:33.642 I/android.hardware.graphics.composer@2.1-service( 1683): Registration complete for android.hardware.graphics.composer@2.1::IComposer/default.
06-18 12:08:33.646 I/lowmemorykiller( 1716): Using psi monitors for memory pressure detection
06-18 12:08:33.646 I/qemu-props( 1706): successfully set property 'vendor.qemu.logcat' to 'start'
06-18 12:08:33.646 I/qemu-props( 1706): receiving..
06-18 12:08:33.646 I/qemu-props( 1706): received: ro.opengles.version=196608
06-18 12:08:33.646 I/qemu-props( 1706): receiving..
06-18 12:08:33.646 I/qemu-props( 1706): received: qemu.sf.fake_camera=none
06-18 12:08:33.655 I/qemu-props( 1706): successfully set property 'vendor.qemu.sf.fake_camera' to 'none'
06-18 12:08:33.655 I/qemu-props( 1706): receiving..
06-18 12:08:33.655 I/qemu-props( 1706): received: dalvik.vm.heapsize=512m
06-18 12:08:33.655 I/qemu-props( 1706): receiving..
06-18 12:08:33.655 I/qemu-props( 1706): received: qemu.hw.mainkeys=1
06-18 12:08:33.655 I/qemu-props( 1706): successfully set property 'qemu.hw.mainkeys' to '1'
06-18 12:08:33.656 I/qemu-props( 1706): receiving..
06-18 12:08:33.656 I/qemu-props( 1706): received: qemu.sf.lcd_density=160
06-18 12:08:33.656 I/qemu-props( 1706): successfully set property 'vendor.qemu.sf.lcd_density' to '160'
06-18 12:08:33.656 I/qemu-props( 1706): receiving..
06-18 12:08:33.656 I/qemu-props( 1706): received: qemu.timezone=Etc/UTC
06-18 12:08:33.657 I/qemu-props( 1706): successfully set property 'vendor.qemu.timezone' to 'Etc/UTC'
06-18 12:08:33.657 I/qemu-props( 1706): receiving..
06-18 12:08:33.666 I/android.hardware.camera.provider@2.4-service( 1673): CameraProvider@2.4 legacy service is starting.
06-18 12:08:33.666 I/ServiceManagement( 1674): Registered android.hardware.cas@1.1::IMediaCasService/default (start delay of 249ms)
06-18 12:08:33.666 I/ServiceManagement( 1674): Removing namespace from process name android.hardware.cas@1.1-service to cas@1.1-service.
06-18 12:08:33.685 I/ServiceManagement( 1678): Registered android.hardware.drm@1.2::IDrmFactory/widevine (start delay of 257ms)
06-18 12:08:33.685 I/ServiceManagement( 1678): Removing namespace from process name android.hardware.drm@1.2-service.widevine to drm@1.2-service.widevine.
06-18 12:08:33.685 I/ServiceManagement( 1678): Registered android.hardware.drm@1.2::ICryptoFactory/widevine (start delay of 258ms)
06-18 12:08:33.685 I/ServiceManagement( 1678): Removing namespace from process name android.hardware.drm@1.2-service.widevine to drm@1.2-service.widevine.
06-18 12:08:33.714 I/ServiceManagement( 1676): Registered android.hardware.drm@1.0::IDrmFactory/default (start delay of 297ms)
06-18 12:08:33.715 I/ServiceManagement( 1676): Removing namespace from process name android.hardware.drm@1.0-service to drm@1.0-service.
06-18 12:08:33.715 I/        ( 1676): Registration complete for android.hardware.drm@1.0::IDrmFactory/default.
06-18 12:08:33.715 I/ServiceManagement( 1676): Registered android.hardware.drm@1.0::ICryptoFactory/default (start delay of 298ms)
06-18 12:08:33.715 I/ServiceManagement( 1676): Removing namespace from process name android.hardware.drm@1.0-service to drm@1.0-service.
06-18 12:08:33.715 I/        ( 1676): Registration complete for android.hardware.drm@1.0::ICryptoFactory/default.
06-18 12:08:33.725 I/android.hardware.wifi@1.0-service( 1704): Wifi Hal is booting up...
06-18 12:08:33.725 I/ServiceManagement( 1704): Registered android.hardware.wifi@1.3::IWifi/default (start delay of 228ms)
06-18 12:08:33.725 I/ServiceManagement( 1704): Removing namespace from process name android.hardware.wifi@1.0-service to wifi@1.0-service.
06-18 12:08:33.826 I/perfetto( 1752): probes.cc:56 Starting /system/bin/traced_probes service
06-18 12:08:33.832 D/LibBpfLoader( 1754): Loading ELF object /system/etc/bpf/clatd.o with license Apache 2.0
06-18 12:08:33.832 D/LibBpfLoader( 1754): Loaded code section 3 (schedcls_ingress_clat_ether)
06-18 12:08:33.832 D/LibBpfLoader( 1754): Loaded relo section 3 (.relschedcls/ingress/clat_ether)
06-18 12:08:33.832 D/LibBpfLoader( 1754): Adding section 3 to cs list
06-18 12:08:33.832 D/LibBpfLoader( 1754): Loaded code section 5 (schedcls_ingress_clat_rawip)
06-18 12:08:33.832 D/LibBpfLoader( 1754): Loaded relo section 5 (.relschedcls/ingress/clat_rawip)
06-18 12:08:33.832 D/LibBpfLoader( 1754): Adding section 5 to cs list
06-18 12:08:33.832 D/LibBpfLoader( 1754): bpf_create_map name clat_ingress_map, ret: 6
06-18 12:08:33.832 D/LibBpfLoader( 1754): map_fd found at 0 is 6 in /system/etc/bpf/clatd.o
06-18 12:08:33.832 D/LibBpfLoader( 1754): applying relo to instruction at byte offset: 400, 	       insn offset 50 , insn 118
06-18 12:08:33.832 D/LibBpfLoader( 1754): applying relo to instruction at byte offset: 360, 	       insn offset 45 , insn 118
06-18 12:08:33.832 D/LibBpfLoader( 1754): New bpf core prog_load for /system/etc/bpf/clatd.o (schedcls_ingress_clat_ether) returned: 7
06-18 12:08:33.833 D/LibBpfLoader( 1754): New bpf core prog_load for /system/etc/bpf/clatd.o (schedcls_ingress_clat_rawip) returned: 8
06-18 12:08:33.833 I/bpfloader( 1754): Attempted load object: /system/etc/bpf/clatd.o, ret: Success
06-18 12:08:33.840 W/perfetto( 1751): service.cc:65 Started traced, listening on /dev/socket/traced_producer /dev/socket/traced_consumer
06-18 12:08:33.841 D/LibBpfLoader( 1754): Loading ELF object /system/etc/bpf/netd.o with license Apache 2.0
06-18 12:08:33.841 D/LibBpfLoader( 1754): Loaded code section 3 (cgroupskb_ingress_stats)
06-18 12:08:33.841 D/LibBpfLoader( 1754): Loaded relo section 3 (.relcgroupskb/ingress/stats)
06-18 12:08:33.841 D/LibBpfLoader( 1754): Adding section 3 to cs list
06-18 12:08:33.841 D/LibBpfLoader( 1754): Loaded code section 5 (cgroupskb_egress_stats)
06-18 12:08:33.841 D/LibBpfLoader( 1754): Loaded relo section 5 (.relcgroupskb/egress/stats)
06-18 12:08:33.841 D/LibBpfLoader( 1754): Adding section 5 to cs list
06-18 12:08:33.841 D/LibBpfLoader( 1754): Loaded code section 7 (skfilter_egress_xtbpf)
06-18 12:08:33.841 D/LibBpfLoader( 1754): Loaded relo section 7 (.relskfilter/egress/xtbpf)
06-18 12:08:33.841 D/LibBpfLoader( 1754): Adding section 7 to cs list
06-18 12:08:33.841 D/LibBpfLoader( 1754): Loaded code section 9 (skfilter_ingress_xtbpf)
06-18 12:08:33.841 D/LibBpfLoader( 1754): Loaded relo section 9 (.relskfilter/ingress/xtbpf)
06-18 12:08:33.841 D/LibBpfLoader( 1754): Adding section 9 to cs list
06-18 12:08:33.841 D/LibBpfLoader( 1754): Loaded code section 11 (skfilter_whitelist_xtbpf)
06-18 12:08:33.841 D/LibBpfLoader( 1754): Loaded relo section 11 (.relskfilter/whitelist/xtbpf)
06-18 12:08:33.841 D/LibBpfLoader( 1754): Adding section 11 to cs list
06-18 12:08:33.841 D/LibBpfLoader( 1754): Loaded code section 13 (skfilter_blacklist_xtbpf)
06-18 12:08:33.841 D/LibBpfLoader( 1754): Loaded relo section 13 (.relskfilter/blacklist/xtbpf)
06-18 12:08:33.841 D/LibBpfLoader( 1754): Adding section 13 to cs list
06-18 12:08:33.841 D/LibBpfLoader( 1754): Loaded code section 15 (cgroupsock_inet_create)
06-18 12:08:33.841 D/LibBpfLoader( 1754): Loaded relo section 15 (.relcgroupsock/inet/create)
06-18 12:08:33.841 D/LibBpfLoader( 1754): Adding section 15 to cs list
06-18 12:08:33.842 D/LibBpfLoader( 1754): bpf_create_map name cookie_tag_map, ret: 9
06-18 12:08:33.842 D/LibBpfLoader( 1754): bpf_create_map name uid_counterset_map, ret: 10
06-18 12:08:33.842 D/LibBpfLoader( 1754): bpf_create_map name app_uid_stats_map, ret: 11
06-18 12:08:33.842 D/LibBpfLoader( 1754): bpf_create_map name stats_map_A, ret: 12
06-18 12:08:33.842 D/LibBpfLoader( 1754): bpf_create_map name stats_map_B, ret: 13
06-18 12:08:33.842 D/LibBpfLoader( 1754): bpf_create_map name iface_stats_map, ret: 14
06-18 12:08:33.842 D/LibBpfLoader( 1754): bpf_create_map name configuration_map, ret: 15
06-18 12:08:33.842 D/LibBpfLoader( 1754): bpf_create_map name uid_owner_map, ret: 16
06-18 12:08:33.842 D/LibBpfLoader( 1754): bpf_create_map name iface_index_name_map, ret: 17
06-18 12:08:33.842 D/LibBpfLoader( 1754): bpf_create_map name uid_permission_map, ret: 18
06-18 12:08:33.842 D/LibBpfLoader( 1754): map_fd found at 0 is 9 in /system/etc/bpf/netd.o
06-18 12:08:33.842 D/LibBpfLoader( 1754): map_fd found at 1 is 10 in /system/etc/bpf/netd.o
06-18 12:08:33.842 D/LibBpfLoader( 1754): map_fd found at 2 is 11 in /system/etc/bpf/netd.o
06-18 12:08:33.842 D/LibBpfLoader( 1754): map_fd found at 3 is 12 in /system/etc/bpf/netd.o
06-18 12:08:33.842 D/LibBpfLoader( 1754): map_fd found at 4 is 13 in /system/etc/bpf/netd.o
06-18 12:08:33.842 D/LibBpfLoader( 1754): map_fd found at 5 is 14 in /system/etc/bpf/netd.o
06-18 12:08:33.842 D/LibBpfLoader( 1754): map_fd found at 6 is 15 in /system/etc/bpf/netd.o
06-18 12:08:33.842 D/LibBpfLoader( 1754): map_fd found at 7 is 16 in /system/etc/bpf/netd.o
06-18 12:08:33.843 D/LibBpfLoader( 1754): map_fd found at 8 is 17 in /system/etc/bpf/netd.o
06-18 12:08:33.843 D/LibBpfLoader( 1754): map_fd found at 9 is 18 in /system/etc/bpf/netd.o
06-18 12:08:33.843 D/LibBpfLoader( 1754): applying relo to instruction at byte offset: 616, 	       insn offset 77 , insn 118
06-18 12:08:33.843 D/LibBpfLoader( 1754): applying relo to instruction at byte offset: 688, 	       insn offset 86 , insn 118
06-18 12:08:33.843 D/LibBpfLoader( 1754): applying relo to instruction at byte offset: 1040, 	       insn offset 130 , insn 118
06-18 12:08:33.843 D/LibBpfLoader( 1754): applying relo to instruction at byte offset: 1184, 	       insn offset 148 , insn 118
06-18 12:08:33.843 D/LibBpfLoader( 1754): applying relo to instruction at byte offset: 1264, 	       insn offset 158 , insn 118
06-18 12:08:33.843 D/LibBpfLoader( 1754): applying relo to instruction at byte offset: 1368, 	       insn offset 171 , insn 118
06-18 12:08:33.843 D/LibBpfLoader( 1754): applying relo to instruction at byte offset: 1472, 	       insn offset 184 , insn 118
06-18 12:08:33.843 D/LibBpfLoader( 1754): applying relo to instruction at byte offset: 1512, 	       insn offset 189 , insn 118
06-18 12:08:33.843 D/LibBpfLoader( 1754): applying relo to instruction at byte offset: 1576, 	       insn offset 197 , insn 118
06-18 12:08:33.843 D/LibBpfLoader( 1754): applying relo to instruction at byte offset: 1680, 	       insn offset 210 , insn 118
06-18 12:08:33.843 D/LibBpfLoader( 1754): applying relo to instruction at byte offset: 1720, 	       insn offset 215 , insn 118
06-18 12:08:33.843 D/LibBpfLoader( 1754): applying relo to instruction at byte offset: 1848, 	       insn offset 231 , insn 118
06-18 12:08:33.843 D/LibBpfLoader( 1754): applying relo to instruction at byte offset: 1952, 	       insn offset 244 , insn 118
06-18 12:08:33.843 D/LibBpfLoader( 1754): applying relo to instruction at byte offset: 1992, 	       insn offset 249 , insn 118
06-18 12:08:33.843 D/LibBpfLoader( 1754): applying relo to instruction at byte offset: 2056, 	       insn offset 257 , insn 118
06-18 12:08:33.843 D/LibBpfLoader( 1754): applying relo to instruction at byte offset: 2160, 	       insn offset 270 , insn 118
06-18 12:08:33.843 D/LibBpfLoader( 1754): applying relo to instruction at byte offset: 2200, 	       insn offset 275 , insn 118
06-18 12:08:33.843 D/LibBpfLoader( 1754): applying relo to instruction at byte offset: 2288, 	       insn offset 286 , insn 118
06-18 12:08:33.843 D/LibBpfLoader( 1754): applying relo to instruction at byte offset: 2392, 	       insn offset 299 , insn 118
06-18 12:08:33.843 D/LibBpfLoader( 1754): applying relo to instruction at byte offset: 2432, 	       insn offset 304 , insn 118
06-18 12:08:33.843 D/LibBpfLoader( 1754): applying relo to instruction at byte offset: 608, 	       insn offset 76 , insn 118
06-18 12:08:33.843 D/LibBpfLoader( 1754): applying relo to instruction at byte offset: 680, 	       insn offset 85 , insn 118
06-18 12:08:33.843 D/LibBpfLoader( 1754): applying relo to instruction at byte offset: 904, 	       insn offset 113 , insn 118
06-18 12:08:33.843 D/LibBpfLoader( 1754): applying relo to instruction at byte offset: 1048, 	       insn offset 131 , insn 118
06-18 12:08:33.843 D/LibBpfLoader( 1754): applying relo to instruction at byte offset: 1128, 	       insn offset 141 , insn 118
06-18 12:08:33.843 D/LibBpfLoader( 1754): applying relo to instruction at byte offset: 1232, 	       insn offset 154 , insn 118
06-18 12:08:33.843 D/LibBpfLoader( 1754): applying relo to instruction at byte offset: 1336, 	       insn offset 167 , insn 118
06-18 12:08:33.843 D/LibBpfLoader( 1754): applying relo to instruction at byte offset: 1376, 	       insn offset 172 , insn 118
06-18 12:08:33.843 D/LibBpfLoader( 1754): applying relo to instruction at byte offset: 1440, 	       insn offset 180 , insn 118
06-18 12:08:33.843 D/LibBpfLoader( 1754): applying relo to instruction at byte offset: 1544, 	       insn offset 193 , insn 118
06-18 12:08:33.843 D/LibBpfLoader( 1754): applying relo to instruction at byte offset: 1584, 	       insn offset 198 , insn 118
06-18 12:08:33.843 D/LibBpfLoader( 1754): applying relo to instruction at byte offset: 1712, 	       insn offset 214 , insn 118
06-18 12:08:33.843 D/LibBpfLoader( 1754): applying relo to instruction at byte offset: 1816, 	       insn offset 227 , insn 118
06-18 12:08:33.843 D/LibBpfLoader( 1754): applying relo to instruction at byte offset: 1856, 	       insn offset 232 , insn 118
06-18 12:08:33.843 D/LibBpfLoader( 1754): applying relo to instruction at byte offset: 1920, 	       insn offset 240 , insn 118
06-18 12:08:33.843 D/LibBpfLoader( 1754): applying relo to instruction at byte offset: 2024, 	       insn offset 253 , insn 118
06-18 12:08:33.843 D/LibBpfLoader( 1754): applying relo to instruction at byte offset: 2064, 	       insn offset 258 , insn 118
06-18 12:08:33.844 D/LibBpfLoader( 1754): applying relo to instruction at byte offset: 2152, 	       insn offset 269 , insn 118
06-18 12:08:33.844 D/LibBpfLoader( 1754): applying relo to instruction at byte offset: 2256, 	       insn offset 282 , insn 118
06-18 12:08:33.844 D/LibBpfLoader( 1754): applying relo to instruction at byte offset: 2296, 	       insn offset 287 , insn 118
06-18 12:08:33.844 D/LibBpfLoader( 1754): applying relo to instruction at byte offset: 40, 	       insn offset 5 , insn 118
06-18 12:08:33.844 D/LibBpfLoader( 1754): applying relo to instruction at byte offset: 144, 	       insn offset 18 , insn 118
06-18 12:08:33.844 D/LibBpfLoader( 1754): applying relo to instruction at byte offset: 184, 	       insn offset 23 , insn 118
06-18 12:08:33.844 D/LibBpfLoader( 1754): applying relo to instruction at byte offset: 40, 	       insn offset 5 , insn 118
06-18 12:08:33.844 D/LibBpfLoader( 1754): applying relo to instruction at byte offset: 144, 	       insn offset 18 , insn 118
06-18 12:08:33.844 D/LibBpfLoader( 1754): applying relo to instruction at byte offset: 184, 	       insn offset 23 , insn 118
06-18 12:08:33.844 D/LibBpfLoader( 1754): applying relo to instruction at byte offset: 80, 	       insn offset 10 , insn 118
06-18 12:08:33.844 D/LibBpfLoader( 1754): applying relo to instruction at byte offset: 32, 	       insn offset 4 , insn 118
06-18 12:08:33.844 D/LibBpfLoader( 1754): applying relo to instruction at byte offset: 80, 	       insn offset 10 , insn 118
06-18 12:08:33.844 D/LibBpfLoader( 1754): New bpf core prog_load for /system/etc/bpf/netd.o (cgroupskb_ingress_stats) returned: 19
06-18 12:08:33.845 D/LibBpfLoader( 1754): New bpf core prog_load for /system/etc/bpf/netd.o (cgroupskb_egress_stats) returned: 20
06-18 12:08:33.845 D/LibBpfLoader( 1754): New bpf core prog_load for /system/etc/bpf/netd.o (skfilter_egress_xtbpf) returned: 21
06-18 12:08:33.845 D/LibBpfLoader( 1754): New bpf core prog_load for /system/etc/bpf/netd.o (skfilter_ingress_xtbpf) returned: 22
06-18 12:08:33.846 D/LibBpfLoader( 1754): New bpf core prog_load for /system/etc/bpf/netd.o (skfilter_whitelist_xtbpf) returned: 23
06-18 12:08:33.846 D/LibBpfLoader( 1754): New bpf core prog_load for /system/etc/bpf/netd.o (skfilter_blacklist_xtbpf) returned: 24
06-18 12:08:33.846 D/LibBpfLoader( 1754): New bpf core prog_load for /system/etc/bpf/netd.o (cgroupsock_inet_create) returned: 25
06-18 12:08:33.846 I/bpfloader( 1754): Attempted load object: /system/etc/bpf/netd.o, ret: Success
06-18 12:08:33.850 I/perfetto( 1752): probes_producer.cc:88 Connected to the service
06-18 12:08:33.855 I/adbd    ( 1747): opening control endpoint /dev/usb-ffs/adb/ep0
06-18 12:08:33.863 I/installd( 1759): installd firing up
06-18 12:08:33.864 E/cutils  ( 1759): Failed to read /data/.layout_version: No such file or directory
06-18 12:08:33.864 D/installd( 1759): Assuming that device has multi-user storage layout; upgrade no longer supported
06-18 12:08:33.864 D/installd( 1759): Upgrading to /data/misc/user directories
06-18 12:08:33.866 D/EmulatedCamera_QemuClient( 1673): Emulated camera list: 
06-18 12:08:33.866 E/EmulatedCamera_Factory( 1673): 0 cameras are being emulated. 0 of them are fake cameras.
06-18 12:08:33.867 I/CamPrvdr@2.4-legacy( 1673): Loaded "Emulated Camera Module" camera module
06-18 12:08:33.867 E/CamPrvdr@2.4-legacy( 1673): setUpVendorTags: Vendor tag operations not fully defined. Ignoring definitions.
06-18 12:08:33.867 E/CamPrvdr@2.4-legacy( 1673): initialize: Vendor tag setup failed, will not be available.
06-18 12:08:33.868 I/ServiceManagement( 1673): Registered android.hardware.camera.provider@2.4::ICameraProvider/legacy/0 (start delay of 461ms)
06-18 12:08:33.868 I/ServiceManagement( 1673): Removing namespace from process name android.hardware.camera.provider@2.4-service to provider@2.4-service.
06-18 12:08:33.868 I/android.hardware.camera.provider@2.4-service( 1673): Registration complete for android.hardware.camera.provider@2.4::ICameraProvider/legacy/0.
06-18 12:08:33.903 I/hwservicemanager( 1567): getTransport: Cannot find entry android.hardware.audio@5.0::IDevicesFactory/default in either framework or device manifest.
06-18 12:08:33.908 E/audiohalservice( 1671): Could not get passthrough implementation for android.hardware.audio@5.0::IDevicesFactory/default.
06-18 12:08:33.912 I/ServiceManagement( 1671): Registered android.hardware.audio@4.0::IDevicesFactory/default (start delay of 515ms)
06-18 12:08:33.912 I/ServiceManagement( 1671): Removing namespace from process name android.hardware.audio@2.0-service to audio@2.0-service.
06-18 12:08:33.912 I/audiohalservice( 1671): Registration complete for android.hardware.audio@4.0::IDevicesFactory/default.
06-18 12:08:33.912 I/hwservicemanager( 1567): getTransport: Cannot find entry android.hardware.audio.effect@5.0::IEffectsFactory/default in either framework or device manifest.
06-18 12:08:33.912 E/audiohalservice( 1671): Could not get passthrough implementation for android.hardware.audio.effect@5.0::IEffectsFactory/default.
06-18 12:08:33.913 D/TetherController( 1663): Setting IP forward enable = 0
06-18 12:08:33.914 D/FirewallController( 1663): Could not read /proc/self/uid_map, max uid defaulting to 4294967294
06-18 12:08:33.917 I/ServiceManagement( 1671): Registered android.hardware.audio.effect@4.0::IEffectsFactory/default (start delay of 520ms)
06-18 12:08:33.917 I/audiohalservice( 1671): Registration complete for android.hardware.audio.effect@4.0::IEffectsFactory/default.
06-18 12:08:33.918 I/hwservicemanager( 1567): getTransport: Cannot find entry android.hardware.soundtrigger@2.2::ISoundTriggerHw/default in either framework or device manifest.
06-18 12:08:33.918 E/audiohalservice( 1671): Could not get passthrough implementation for android.hardware.soundtrigger@2.2::ISoundTriggerHw/default.
06-18 12:08:33.918 I/hwservicemanager( 1567): getTransport: Cannot find entry android.hardware.soundtrigger@2.1::ISoundTriggerHw/default in either framework or device manifest.
06-18 12:08:33.918 E/audiohalservice( 1671): Could not get passthrough implementation for android.hardware.soundtrigger@2.1::ISoundTriggerHw/default.
06-18 12:08:33.918 I/hwservicemanager( 1567): getTransport: Cannot find entry android.hardware.soundtrigger@2.0::ISoundTriggerHw/default in either framework or device manifest.
06-18 12:08:33.922 I/adbd    ( 1747): UsbFfsConnection constructed
06-18 12:08:33.942 E/SoundTriggerHalImpl( 1671): couldn't load sound trigger module sound_trigger.primary (No such file or directory)
06-18 12:08:33.946 I/ServiceManagement( 1671): Registered android.hardware.soundtrigger@2.0::ISoundTriggerHw/default (start delay of 549ms)
06-18 12:08:33.946 I/audiohalservice( 1671): Registration complete for android.hardware.soundtrigger@2.0::ISoundTriggerHw/default.
06-18 12:08:33.946 I/hwservicemanager( 1567): getTransport: Cannot find entry android.hardware.bluetooth.audio@2.0::IBluetoothAudioProvidersFactory/default in either framework or device manifest.
06-18 12:08:33.946 E/audiohalservice( 1671): Could not get passthrough implementation for android.hardware.bluetooth.audio@2.0::IBluetoothAudioProvidersFactory/default.
06-18 12:08:33.946 W/audiohalservice( 1671): Could not register Bluetooth Audio API 2.0
06-18 12:08:33.946 I/hwservicemanager( 1567): getTransport: Cannot find entry android.hardware.bluetooth.a2dp@1.0::IBluetoothAudioOffload/default in either framework or device manifest.
06-18 12:08:33.946 E/audiohalservice( 1671): Could not get passthrough implementation for android.hardware.bluetooth.a2dp@1.0::IBluetoothAudioOffload/default.
06-18 12:08:33.947 W/audiohalservice( 1671): Could not register Bluetooth audio offload 1.0
06-18 12:08:33.990 I/wificond( 1776): wificond is starting up...
06-18 12:08:33.997 I/netd    ( 1663): Creating child chains: 81.6ms
06-18 12:08:33.997 I/netd    ( 1663): Setting up OEM hooks: 0.1ms
