06-18 12:08:37.675 I/InputReader( 1921): Touch device 'virtio_input_multi_touch_2' could not query the properties of its associated display.  The device will be inoperable until the display size becomes available.
06-18 12:08:37.676 I/InputReader( 1921): Touch device 'virtio_input_multi_touch_6' could not query the properties of its associated display.  The device will be inoperable until the display size becomes available.
06-18 12:08:37.676 I/InputReader( 1921): Touch device 'virtio_input_multi_touch_3' could not query the properties of its associated display.  The device will be inoperable until the display size becomes available.
06-18 12:08:37.679 D/SystemServerTiming( 1921): StartStorageManagerService took to complete: 5ms
06-18 12:08:37.679 I/SystemServer( 1921): StartStorageStatsService
06-18 12:08:37.679 I/SystemServiceManager( 1921): Starting com.android.server.usage.StorageStatsService$Lifecycle
06-18 12:08:37.680 D/StorageManagerService( 1921): Thinking about init, mBootCompleted=false, mDaemonConnected=true
06-18 12:08:37.680 D/StorageManagerService( 1921): Thinking about reset, mBootCompleted=false, mDaemonConnected=true
06-18 12:08:37.680 D/installd( 1759): Found quota mount /dev/block/vdc at /data
06-18 12:08:37.681 D/SystemServerTiming( 1921): StartStorageStatsService took to complete: 2ms
06-18 12:08:37.681 I/SystemServer( 1921): StartUiModeManager
06-18 12:08:37.681 I/SystemServiceManager( 1921): Starting com.android.server.UiModeManagerService
06-18 12:08:37.682 D/SystemServerInitThreadPool( 1921): Started executing UiModeManager.onStart
06-18 12:08:37.683 I/ActivityTaskManager( 1921): Config changes=200 {1.0 ?mcc?mnc [en_US] ldltr sw320dp w320dp h616dp 160dpi nrml long port finger qwerty/v/v -nav/h winConfig={ mBounds=Rect(0, 0 - 320, 640) mAppBounds=Rect(0, 0 - 320, 640) mWindowingMode=fullscreen mDisplayWindowingMode=fullscreen mActivityType=undefined mAlwaysOnTop=undefined mRotation=ROTATION_0} s.4}
06-18 12:08:37.684 I/ActivityTaskManager( 1921): Override config changes=200 {1.0 ?mcc?mnc [en_US] ldltr sw320dp w320dp h616dp 160dpi nrml long port finger qwerty/v/v -nav/h winConfig={ mBounds=Rect(0, 0 - 320, 640) mAppBounds=Rect(0, 0 - 320, 640) mWindowingMode=fullscreen mDisplayWindowingMode=fullscreen mActivityType=undefined mAlwaysOnTop=undefined mRotation=ROTATION_0} s.4} for displayId=0
06-18 12:08:37.685 D/SystemServerInitThreadPool( 1921): Finished executing UiModeManager.onStart
06-18 12:08:37.686 D/SystemServerTiming( 1921): StartUiModeManager took to complete: 5ms
06-18 12:08:37.686 I/SystemServer( 1921): UpdatePackagesIfNeeded
06-18 12:08:37.686 I/Watchdog( 1921): Pausing HandlerChecker: main thread for reason: dexopt. Pause count: 1
06-18 12:08:37.680 D/installd( 1759): Found quota mount /dev/block/vdc at /data
06-18 12:08:37.694 I/system_server( 1921): The ClassLoaderContext is a special shared library.
06-18 12:08:37.743 I/chatty  ( 1921): uid=1000 system_server identical 17 lines
06-18 12:08:37.747 I/system_server( 1921): The ClassLoaderContext is a special shared library.
06-18 12:08:37.752 E/ActivityRecognitionHardware( 1665): activity_recognition HAL is deprecated. class_init is effectively a no-op
06-18 12:08:37.755 I/system_server( 1921): The ClassLoaderContext is a special shared library.
06-18 12:08:37.778 I/chatty  ( 1921): uid=1000 system_server identical 9 lines
06-18 12:08:37.785 I/system_server( 1921): The ClassLoaderContext is a special shared library.
06-18 12:08:37.786 I/zygote  ( 1665): Thread[1,tid=1665,Native,Thread*=0xf5034e00,peer=0x12d80000,"main"] recursive attempt to load library "libmedia_jni.so"
06-18 12:08:37.786 D/MtpDeviceJNI( 1665): register_android_mtp_MtpDevice
06-18 12:08:37.786 I/zygote  ( 1665): Thread[1,tid=1665,Native,Thread*=0xf5034e00,peer=0x12d80000,"main"] recursive attempt to load library "libmedia_jni.so"
06-18 12:08:37.786 I/zygote  ( 1665): Thread[1,tid=1665,Native,Thread*=0xf5034e00,peer=0x12d80000,"main"] recursive attempt to load library "libmedia_jni.so"
06-18 12:08:37.788 I/system_server( 1921): The ClassLoaderContext is a special shared library.
06-18 12:08:37.789 I/chatty  ( 1921): uid=1000 system_server identical 1 line
06-18 12:08:37.790 I/system_server( 1921): The ClassLoaderContext is a special shared library.
06-18 12:08:37.792 W/Zygote  ( 1665): Class not found for preloading: android.media.audiopolicy.AudioProductStrategies
06-18 12:08:37.792 W/Zygote  ( 1665): Class not found for preloading: android.media.audiopolicy.AudioVolumeGroups
06-18 12:08:37.800 I/system_server( 1921): The ClassLoaderContext is a special shared library.
06-18 12:08:37.865 I/chatty  ( 1921): uid=1000 system_server identical 22 lines
06-18 12:08:37.867 I/system_server( 1921): The ClassLoaderContext is a special shared library.
06-18 12:08:37.867 W/Zygote  ( 1665): Class not found for preloading: android.view.textclassifier.-$$Lambda$TextClassificationManager$JIaezIJbMig_-kVzN6oArzkTsJE
06-18 12:08:37.871 W/Zygote  ( 1665): Class not found for preloading: com.android.internal.net.NetworkStatsFactory
06-18 12:08:37.872 I/system_server( 1921): The ClassLoaderContext is a special shared library.
06-18 12:08:37.873 I/chatty  ( 1921): uid=1000 system_server identical 1 line
06-18 12:08:37.875 I/system_server( 1921): The ClassLoaderContext is a special shared library.
06-18 12:08:37.876 W/Zygote  ( 1665): Class not found for preloading: com.android.internal.telephony.-$$Lambda$PhoneSubInfoController$8HFbCDJDN1mrLJG980qYH5MGqMk
06-18 12:08:37.876 W/Zygote  ( 1665): Class not found for preloading: com.android.internal.telephony.-$$Lambda$PhoneSubInfoController$U28a_EGx2cvmQhDfRRgonMt5Zrc
06-18 12:08:37.877 W/Zygote  ( 1665): Class not found for preloading: com.android.internal.telephony.-$$Lambda$SubscriptionInfoUpdater$-zZXM9oMRZ3vZz7dJOG19J00Bmw
06-18 12:08:37.877 W/Zygote  ( 1665): Class not found for preloading: com.android.internal.telephony.-$$Lambda$SubscriptionInfoUpdater$D5yF1HbS4cvCyoAj3FESkPtA_0g
06-18 12:08:37.877 W/Zygote  ( 1665): Class not found for preloading: com.android.internal.telephony.-$$Lambda$SubscriptionInfoUpdater$MMx9iQX0JVqqMPLTUZhdBubFSzU
06-18 12:08:37.877 I/system_server( 1921): The ClassLoaderContext is a special shared library.
06-18 12:08:37.879 W/Zygote  ( 1665): Class not found for preloading: com.android.internal.telephony.PhoneConfigurationModels
06-18 12:08:37.880 W/Zygote  ( 1665): Class not found for preloading: com.android.internal.telephony.SubscriptionController$ScLocalLog
06-18 12:08:37.881 W/Zygote  ( 1665): Class not found for preloading: com.android.internal.telephony.UiccSmsController
06-18 12:08:37.884 I/system_server( 1921): The ClassLoaderContext is a special shared library.
06-18 12:08:37.892 I/chatty  ( 1921): uid=1000 system_server identical 6 lines
06-18 12:08:37.898 I/system_server( 1921): The ClassLoaderContext is a special shared library.
06-18 12:08:37.903 I/Zygote  ( 1665): ...preloaded 7590 classes in 312ms.
06-18 12:08:37.903 I/zygote  ( 1665): VMRuntime.preloadDexCaches starting
06-18 12:08:37.906 I/system_server( 1921): The ClassLoaderContext is a special shared library.
06-18 12:08:37.911 I/chatty  ( 1921): uid=1000 system_server identical 4 lines
06-18 12:08:37.913 I/system_server( 1921): The ClassLoaderContext is a special shared library.
06-18 12:08:37.914 I/zygote  ( 1665): VMRuntime.preloadDexCaches strings total=378948 before=9925 after=9925
06-18 12:08:37.914 I/zygote  ( 1665): VMRuntime.preloadDexCaches types total=35812 before=7199 after=7467
06-18 12:08:37.914 I/zygote  ( 1665): VMRuntime.preloadDexCaches fields total=160603 before=8020 after=8221
06-18 12:08:37.914 I/zygote  ( 1665): VMRuntime.preloadDexCaches methods total=281511 before=10884 after=11316
06-18 12:08:37.914 I/zygote  ( 1665): VMRuntime.preloadDexCaches finished
06-18 12:08:37.914 D/ZygoteInitTiming_lazy( 1665): PreloadClasses took to complete: 323ms
06-18 12:08:37.914 I/system_server( 1921): The ClassLoaderContext is a special shared library.
06-18 12:08:37.916 I/system_server( 1921): The ClassLoaderContext is a special shared library.
06-18 12:08:37.917 I/zygote  ( 1665): The ClassLoaderContext is a special shared library.
06-18 12:08:37.917 D/ApplicationLoaders( 1665): Created zygote-cached class loader: /system/framework/android.hidl.base-V1.0-java.jar
06-18 12:08:37.920 I/system_server( 1921): The ClassLoaderContext is a special shared library.
06-18 12:08:37.921 I/zygote  ( 1665): The ClassLoaderContext is a special shared library.
06-18 12:08:37.922 D/ApplicationLoaders( 1665): Created zygote-cached class loader: /system/framework/android.hidl.manager-V1.0-java.jar
06-18 12:08:37.922 D/ZygoteInitTiming_lazy( 1665): CacheNonBootClasspathClassLoaders took to complete: 8ms
06-18 12:08:37.922 I/system_server( 1921): The ClassLoaderContext is a special shared library.
06-18 12:08:37.939 I/chatty  ( 1921): uid=1000 system_server identical 6 lines
06-18 12:08:37.944 I/system_server( 1921): The ClassLoaderContext is a special shared library.
06-18 12:08:37.946 I/Zygote  ( 1665): Preloading resources...
06-18 12:08:37.948 I/system_server( 1921): The ClassLoaderContext is a special shared library.
06-18 12:08:37.957 I/system_server( 1921): The ClassLoaderContext is a special shared library.
06-18 12:08:37.959 W/Resources( 1665): Preloaded drawable resource #0x108027c (android:drawable/dialog_background_material) that varies with configuration!!
06-18 12:08:37.960 I/system_server( 1921): The ClassLoaderContext is a special shared library.
06-18 12:08:37.963 I/Zygote  ( 1665): ...preloaded 64 resources in 17ms.
06-18 12:08:37.964 I/Zygote  ( 1665): ...preloaded 41 resources in 1ms.
06-18 12:08:37.964 D/ZygoteInitTiming_lazy( 1665): PreloadResources took to complete: 42ms
06-18 12:08:37.965 I/system_server( 1921): The ClassLoaderContext is a special shared library.
06-18 12:08:37.967 I/system_server( 1921): The ClassLoaderContext is a special shared library.
06-18 12:08:37.969 I/Zygote  ( 1665): Preloading shared libraries...
06-18 12:08:37.971 I/system_server( 1921): The ClassLoaderContext is a special shared library.
06-18 12:08:37.973 I/system_server( 1921): The ClassLoaderContext is a special shared library.
06-18 12:08:37.974 I/Zygote  ( 1665): Called ZygoteHooks.endPreload()
06-18 12:08:37.975 I/system_server( 1921): The ClassLoaderContext is a special shared library.
06-18 12:08:37.975 I/Zygote  ( 1665): Installed AndroidKeyStoreProvider in 1ms.
06-18 12:08:37.980 I/system_server( 1921): The ClassLoaderContext is a special shared library.
06-18 12:08:37.982 I/system_server( 1921): The ClassLoaderContext is a special shared library.
06-18 12:08:37.983 I/Zygote  ( 1665): Warmed up JCA providers in 8ms.
06-18 12:08:37.983 D/Zygote  ( 1665): end preload
06-18 12:08:37.983 I/system_server( 1921): The ClassLoaderContext is a special shared library.
06-18 12:08:37.983 D/SystemServerTimingAsync( 1921): SecondaryZygotePreload took to complete: 461ms
06-18 12:08:37.983 D/SystemServerInitThreadPool( 1921): Finished executing SecondaryZygotePreload
06-18 12:08:38.091 I/Watchdog( 1921): Resuming HandlerChecker: main thread for reason: dexopt. Pause count: 0
06-18 12:08:38.091 D/SystemServerTiming( 1921): UpdatePackagesIfNeeded took to complete: 405ms
06-18 12:08:38.091 I/SystemServer( 1921): PerformFstrimIfNeeded
06-18 12:08:38.092 W/PackageManager( 1921): No disk maintenance in 1781784518092; running immediately
06-18 12:08:38.092 I/StorageManagerService( 1921): Running fstrim idle maintenance
06-18 12:08:38.092 D/SystemServerTiming( 1921): PerformFstrimIfNeeded took to complete: 1ms
06-18 12:08:38.092 I/SystemServer( 1921): StartLockSettingsService
06-18 12:08:38.092 I/SystemServiceManager( 1921): Starting com.android.server.locksettings.LockSettingsService$Lifecycle
06-18 12:08:38.087 I/chatty  ( 1921): uid=1000 system_server identical 29 lines
06-18 12:08:38.091 I/system_server( 1921): The ClassLoaderContext is a special shared library.
06-18 12:08:38.092 I/hwservicemanager( 1567): getTransport: Cannot find entry android.hardware.boot@1.0::IBootControl/default in either framework or device manifest.
06-18 12:08:38.096 I/vold    ( 1576): Skip mounting partition: /product
06-18 12:08:38.096 I/vold    ( 1576): Skip mounting partition: /product_services
06-18 12:08:38.096 D/vold    ( 1576): Starting trim of /data
06-18 12:08:38.096 W/vold    ( 1576): Trim failed on /data: Operation not supported on transport endpoint
06-18 12:08:38.096 D/vold    ( 1576): Starting trim of none
06-18 12:08:38.096 W/vold    ( 1576): Failed to open none: No such file or directory
06-18 12:08:38.113 D/SystemServerTiming( 1921): StartLockSettingsService took to complete: 21ms
06-18 12:08:38.113 I/SystemServer( 1921): StartTestHarnessMode
06-18 12:08:38.113 I/SystemServiceManager( 1921): Starting com.android.server.testharness.TestHarnessModeService
06-18 12:08:38.114 D/SystemServerTiming( 1921): StartTestHarnessMode took to complete: 0ms
06-18 12:08:38.114 I/hwservicemanager( 1567): getTransport: Cannot find entry android.hardware.oemlock@1.0::IOemLock/default in either framework or device manifest.
06-18 12:08:38.114 I/OemLock ( 1921): OemLock HAL not present on device
06-18 12:08:38.114 I/SystemServer( 1921): StartDeviceIdleController
06-18 12:08:38.114 I/SystemServiceManager( 1921): Starting com.android.server.DeviceIdleController
06-18 12:08:38.118 D/SystemServerTiming( 1921): StartDeviceIdleController took to complete: 4ms
06-18 12:08:38.118 I/SystemServer( 1921): StartDevicePolicyManager
06-18 12:08:38.118 I/SystemServiceManager( 1921): Starting com.android.server.devicepolicy.DevicePolicyManagerService$Lifecycle
06-18 12:08:38.122 D/SystemServerTiming( 1921): StartDevicePolicyManager took to complete: 3ms
06-18 12:08:38.122 I/SystemServer( 1921): StartStatusBarManagerService
06-18 12:08:38.122 D/SystemServerTiming( 1921): StartStatusBarManagerService took to complete: 0ms
06-18 12:08:38.122 D/SystemServer( 1921): ContentCaptureService disabled because resource is not overlaid
06-18 12:08:38.122 D/SystemServer( 1921): AttentionService is not configured on this device
06-18 12:08:38.122 I/SystemServer( 1921): StartSystemCaptionsManagerService
06-18 12:08:38.122 I/SystemServiceManager( 1921): Starting com.android.server.systemcaptions.SystemCaptionsManagerService
06-18 12:08:38.123 D/SystemServerTiming( 1921): StartSystemCaptionsManagerService took to complete: 1ms
06-18 12:08:38.123 I/SystemServer( 1921): StartAppPredictionService
06-18 12:08:38.123 I/SystemServiceManager( 1921): Starting com.android.server.appprediction.AppPredictionManagerService
06-18 12:08:38.124 D/SystemServerTiming( 1921): StartAppPredictionService took to complete: 1ms
06-18 12:08:38.124 I/SystemServer( 1921): StartContentSuggestionsService
06-18 12:08:38.125 I/SystemServiceManager( 1921): Starting com.android.server.contentsuggestions.ContentSuggestionsManagerService
06-18 12:08:38.125 D/SystemServerTiming( 1921): StartContentSuggestionsService took to complete: 1ms
06-18 12:08:38.125 I/SystemServer( 1921): InitNetworkStackClient
06-18 12:08:38.125 D/SystemServerTiming( 1921): InitNetworkStackClient took to complete: 0ms
06-18 12:08:38.125 I/SystemServer( 1921): StartNetworkManagementService
06-18 12:08:38.128 I/netd    ( 1663): registerUnsolicitedEventListener() <0.03ms>
06-18 12:08:38.128 D/SystemServerTiming( 1921): StartNetworkManagementService took to complete: 3ms
06-18 12:08:38.129 I/SystemServer( 1921): StartIpSecService
06-18 12:08:38.129 D/SystemServerTiming( 1921): StartIpSecService took to complete: 0ms
06-18 12:08:38.129 I/SystemServer( 1921): StartTextServicesManager
06-18 12:08:38.129 I/SystemServiceManager( 1921): Starting com.android.server.textservices.TextServicesManagerService$Lifecycle
06-18 12:08:38.129 D/SystemServerTiming( 1921): StartTextServicesManager took to complete: 0ms
06-18 12:08:38.129 I/SystemServer( 1921): StartTextClassificationManagerService
06-18 12:08:38.130 I/SystemServiceManager( 1921): Starting com.android.server.textclassifier.TextClassificationManagerService$Lifecycle
06-18 12:08:38.130 D/SystemServerTiming( 1921): StartTextClassificationManagerService took to complete: 1ms
06-18 12:08:38.130 I/SystemServer( 1921): StartNetworkScoreService
06-18 12:08:38.130 I/SystemServiceManager( 1921): Starting com.android.server.NetworkScoreService$Lifecycle
06-18 12:08:38.131 I/NetworkScoreService( 1921): Registering network_score
06-18 12:08:38.131 D/SystemServerTiming( 1921): StartNetworkScoreService took to complete: 1ms
06-18 12:08:38.131 I/SystemServer( 1921): StartNetworkStatsService
06-18 12:08:38.132 D/SystemServerTiming( 1921): StartNetworkStatsService took to complete: 1ms
06-18 12:08:38.132 I/SystemServer( 1921): StartNetworkPolicyManagerService
06-18 12:08:38.136 D/SystemServerTiming( 1921): StartNetworkPolicyManagerService took to complete: 4ms
06-18 12:08:38.136 I/SystemServer( 1921): StartWifi
06-18 12:08:38.147 I/SystemServiceManager( 1921): Starting com.android.server.wifi.WifiService
06-18 12:08:38.204 E/HostapdHal( 1921): Malformed channel value detected: java.lang.NumberFormatException: For input string: ""
06-18 12:08:38.215 D/WifiCountryCode( 1921): mDefaultCountryCode null mRevertCountryCodeOnCellularLoss false
06-18 12:08:38.215 D/WifiApConfigStore( 1921): 2G band allowed channels are:1,6,11
06-18 12:08:38.215 E/WifiApConfigStore( 1921): Error reading hotspot configuration java.io.FileNotFoundException: /data/misc/wifi/softap.conf: open failed: ENOENT (No such file or directory)
06-18 12:08:38.215 D/WifiApConfigStore( 1921): Fallback to use default AP configuration
06-18 12:08:38.218 I/WifiScoringParams( 1921): rssi2=-83:-80:-73:-60,rssi5=-80:-77:-70:-57,pps=0:1:100,horizon=15,nud=8,expid=0
06-18 12:08:38.245 D/WifiOpenNetworkNotifier( 1921): Settings toggle enabled=true
06-18 12:08:38.245 D/WifiCarrierNetworkNotifier( 1921): Settings toggle enabled=true
06-18 12:08:38.248 D/WifiActiveModeWarden( 1921): Starting Wifi in WifiDisabledState
06-18 12:08:38.248 D/WifiActiveModeWarden( 1921): Entering WifiDisabledState
06-18 12:08:38.248 D/WakeupController( 1921): WifiWake enabled
06-18 12:08:38.250 E/WifiClientModeImpl( 1921): getWifiLinkLayerStats called without an interface
06-18 12:08:38.252 E/SupplicantStaIfaceHal( 1921): Can't call setDebugParams, ISupplicant is null
06-18 12:08:38.252 W/WifiDiags( 1921): no ring buffers found
06-18 12:08:38.252 W/WifiDiags( 1921): Failed to start packet fate monitoring
06-18 12:08:38.252 I/WifiService( 1921): Registering wifi
06-18 12:08:38.253 D/SystemServerTiming( 1921): StartWifi took to complete: 117ms
06-18 12:08:38.253 I/SystemServer( 1921): StartWifiScanning
06-18 12:08:38.254 I/SystemServiceManager( 1921): Starting com.android.server.wifi.scanner.WifiScanningService
06-18 12:08:38.254 I/WifiScanningService( 1921): Creating wifiscanner
06-18 12:08:38.256 I/WifiScanningService( 1921): Publishing wifiscanner
06-18 12:08:38.256 D/SystemServerTiming( 1921): StartWifiScanning took to complete: 3ms
06-18 12:08:38.256 I/SystemServer( 1921): StartWifiP2P
06-18 12:08:38.256 I/SystemServiceManager( 1921): Starting com.android.server.wifi.p2p.WifiP2pService
06-18 12:08:38.262 W/HalDevMgr( 1921): isWifiStarted called but mWifi is null!?
06-18 12:08:38.262 I/WifiP2pService( 1921): Registering wifip2p
06-18 12:08:38.262 D/SystemServerTiming( 1921): StartWifiP2P took to complete: 6ms
06-18 12:08:38.262 I/SystemServer( 1921): StartConnectivityService
06-18 12:08:38.264 D/ConnectivityService( 1921): ConnectivityService starting up
06-18 12:08:38.267 D/ConnectivityService( 1921): wifiOnly=false
06-18 12:08:38.272 D/SystemServerTiming( 1921): StartConnectivityService took to complete: 10ms
06-18 12:08:38.272 I/SystemServer( 1921): StartNsdService
06-18 12:08:38.274 D/NsdService( 1921): Network service discovery is enabled
06-18 12:08:38.274 D/SystemServerTiming( 1921): StartNsdService took to complete: 2ms
06-18 12:08:38.274 I/SystemServer( 1921): StartSystemUpdateManagerService
06-18 12:08:38.275 I/SystemUpdateManagerService( 1921): No existing info file /data/system/system-update-info.xml
06-18 12:08:38.275 D/SystemServerTiming( 1921): StartSystemUpdateManagerService took to complete: 1ms
06-18 12:08:38.275 I/SystemServer( 1921): StartUpdateLockService
06-18 12:08:38.275 D/SystemServerTiming( 1921): StartUpdateLockService took to complete: 0ms
06-18 12:08:38.275 I/SystemServer( 1921): StartNotificationManager
06-18 12:08:38.275 I/SystemServiceManager( 1921): Starting com.android.server.notification.NotificationManagerService
06-18 12:08:38.283 D/ConditionProviders.SCP( 1921): new ScheduleConditionProvider()
06-18 12:08:38.285 I/ConditionProviders( 1921):  Allowing condition provider com.google.android.apps.nexuslauncher/com.android.launcher3.notification.NotificationListener
06-18 12:08:38.286 I/NotificationListeners( 1921):  Allowing notification listener com.google.android.apps.nexuslauncher/com.android.launcher3.notification.NotificationListener
06-18 12:08:38.286 V/NotificationListeners( 1921): enabling notification listener for 0: ComponentInfo{com.google.android.apps.nexuslauncher/com.android.launcher3.notification.NotificationListener}
06-18 12:08:38.286 V/NotificationListeners( 1921): binding: Intent { act=android.service.notification.NotificationListenerService cmp=com.google.android.apps.nexuslauncher/com.android.launcher3.notification.NotificationListener (has extras) }
06-18 12:08:38.286 W/ActivityManager( 1921): Unable to start service Intent { act=android.service.notification.NotificationListenerService cmp=com.google.android.apps.nexuslauncher/com.android.launcher3.notification.NotificationListener } U=0: not found
06-18 12:08:38.286 W/NotificationListeners( 1921): Unable to bind notification listener service: Intent { act=android.service.notification.NotificationListenerService cmp=com.google.android.apps.nexuslauncher/com.android.launcher3.notification.NotificationListener (has extras) } in user 0
06-18 12:08:38.290 I/ConditionProviders( 1921):  Allowing condition provider com.google.android.apps.restore/com.google.android.apps.pixelmigrate.component.NotificationConsolidatorService
06-18 12:08:38.290 I/NotificationListeners( 1921):  Allowing notification listener com.google.android.apps.restore/com.google.android.apps.pixelmigrate.component.NotificationConsolidatorService
06-18 12:08:38.290 V/NotificationListeners( 1921): enabling notification listener for 0: ComponentInfo{com.google.android.apps.restore/com.google.android.apps.pixelmigrate.component.NotificationConsolidatorService}
06-18 12:08:38.290 V/NotificationListeners( 1921): binding: Intent { act=android.service.notification.NotificationListenerService cmp=com.google.android.apps.restore/com.google.android.apps.pixelmigrate.component.NotificationConsolidatorService (has extras) }
06-18 12:08:38.290 W/ActivityManager( 1921): Unable to start service Intent { act=android.service.notification.NotificationListenerService cmp=com.google.android.apps.restore/com.google.android.apps.pixelmigrate.component.NotificationConsolidatorService } U=0: not found
06-18 12:08:38.290 W/NotificationListeners( 1921): Unable to bind notification listener service: Intent { act=android.service.notification.NotificationListenerService cmp=com.google.android.apps.restore/com.google.android.apps.pixelmigrate.component.NotificationConsolidatorService (has extras) } in user 0
06-18 12:08:38.290 V/NotificationListeners( 1921): enabling notification listener for 0: ComponentInfo{com.google.android.apps.nexuslauncher/com.android.launcher3.notification.NotificationListener}
06-18 12:08:38.290 V/NotificationListeners( 1921): binding: Intent { act=android.service.notification.NotificationListenerService cmp=com.google.android.apps.nexuslauncher/com.android.launcher3.notification.NotificationListener (has extras) }
06-18 12:08:38.290 W/ActivityManager( 1921): Unable to start service Intent { act=android.service.notification.NotificationListenerService cmp=com.google.android.apps.nexuslauncher/com.android.launcher3.notification.NotificationListener } U=0: not found
06-18 12:08:38.290 W/NotificationListeners( 1921): Unable to bind notification listener service: Intent { act=android.service.notification.NotificationListenerService cmp=com.google.android.apps.nexuslauncher/com.android.launcher3.notification.NotificationListener (has extras) } in user 0
06-18 12:08:38.290 I/ConditionProviders( 1921):  Allowing condition provider com.google.android.GoogleCamera
06-18 12:08:38.290 I/ConditionProviders( 1921):  Allowing condition provider com.google.android.gms
06-18 12:08:38.291 I/ConditionProviders( 1921):  Allowing condition provider com.google.intelligence.sense
06-18 12:08:38.291 I/ConditionProviders( 1921):  Allowing condition provider com.google.android.settings.intelligence
06-18 12:08:38.291 I/ConditionProviders( 1921):  Allowing condition provider com.google.android.apps.wellbeing
06-18 12:08:38.291 I/ConditionProviders( 1921):  Allowing condition provider com.google.android.apps.safetyhub
06-18 12:08:38.292 I/ConditionProviders( 1921):  Allowing condition provider com.google.android.ext.services/android.ext.services.notification.Assistant
06-18 12:08:38.292 I/NotificationAssistants( 1921):  Allowing notification assistant com.google.android.ext.services/android.ext.services.notification.Assistant
06-18 12:08:38.292 V/NotificationAssistants( 1921): enabling notification assistant for 0: ComponentInfo{com.google.android.ext.services/android.ext.services.notification.Assistant}
06-18 12:08:38.292 V/NotificationAssistants( 1921): binding: Intent { act=android.service.notification.NotificationAssistantService cmp=com.google.android.ext.services/android.ext.services.notification.Assistant (has extras) }
06-18 12:08:38.292 D/NotificationService( 1921): Set default NAS to be com.google.android.ext.services/android.ext.services.notification.Assistant in 0
06-18 12:08:38.304 D/SystemServerTiming( 1921): StartNotificationManager took to complete: 29ms
06-18 12:08:38.304 I/SystemServer( 1921): StartDeviceMonitor
06-18 12:08:38.304 I/SystemServiceManager( 1921): Starting com.android.server.storage.DeviceStorageMonitorService
06-18 12:08:38.307 D/SystemServerTiming( 1921): StartDeviceMonitor took to complete: 3ms
06-18 12:08:38.307 I/SystemServer( 1921): StartLocationManagerService
06-18 12:08:38.309 D/SystemServerTiming( 1921): StartLocationManagerService took to complete: 1ms
06-18 12:08:38.309 I/SystemServer( 1921): StartCountryDetectorService
06-18 12:08:38.309 D/SystemServerTiming( 1921): StartCountryDetectorService took to complete: 0ms
06-18 12:08:38.309 I/SystemServer( 1921): StartTimeDetectorService
06-18 12:08:38.309 I/SystemServiceManager( 1921): Starting com.android.server.timedetector.TimeDetectorService$Lifecycle
06-18 12:08:38.309 D/SystemServerTiming( 1921): StartTimeDetectorService took to complete: 0ms
06-18 12:08:38.309 I/SystemServer( 1921): StartSearchManagerService
06-18 12:08:38.309 I/SystemServiceManager( 1921): Starting com.android.server.search.SearchManagerService$Lifecycle
06-18 12:08:38.310 D/SystemServerTiming( 1921): StartSearchManagerService took to complete: 1ms
06-18 12:08:38.310 I/SystemServer( 1921): StartWallpaperManagerService
06-18 12:08:38.310 I/SystemServiceManager( 1921): Starting com.android.server.wallpaper.WallpaperManagerService$Lifecycle
06-18 12:08:38.311 D/SystemServerTiming( 1921): StartWallpaperManagerService took to complete: 1ms
06-18 12:08:38.311 I/SystemServer( 1921): StartAudioService
06-18 12:08:38.312 I/SystemServiceManager( 1921): Starting com.android.server.audio.AudioService$Lifecycle
06-18 12:08:38.319 D/PermissionCache( 1712): checking android.permission.MODIFY_AUDIO_ROUTING for uid=1000 => granted (217 us)
06-18 12:08:38.322 W/TelecomManager( 1921): Telecom Service not found.
06-18 12:08:38.323 D/PermissionCache( 1712): checking android.permission.MODIFY_AUDIO_SETTINGS for uid=1000 => granted (134 us)
06-18 12:08:38.324 W/AudioFlinger( 1712): no wake lock to update, system not ready yet
06-18 12:08:38.325 W/DeviceHAL( 1671): Error from HAL Device in function set_mic_mute: Function not implemented
06-18 12:08:38.325 E/AudioSystem-JNI( 1921): Command failed for android_media_AudioSystem_muteMicrophone: -38
06-18 12:08:38.343 D/AudioFlinger( 1712): isLowRamDevice:false totalMemory:2089566208 mClientSharedHeapSize:4194304
06-18 12:08:38.344 D/SystemServerTiming( 1921): StartAudioService took to complete: 33ms
06-18 12:08:38.344 I/SystemServer( 1921): StartDockObserver
06-18 12:08:38.344 I/SystemServiceManager( 1921): Starting com.android.server.DockObserver
06-18 12:08:38.344 W/DockObserver( 1921): This kernel does not have dock station support
06-18 12:08:38.345 D/SystemServerTiming( 1921): StartDockObserver took to complete: 1ms
06-18 12:08:38.345 I/SystemServer( 1921): StartWiredAccessoryManager
06-18 12:08:38.346 W/WiredAccessoryManager( 1921): This kernel does not have usb audio support
06-18 12:08:38.346 W/WiredAccessoryManager( 1921): This kernel does not have HDMI audio support
06-18 12:08:38.346 D/SystemServerTiming( 1921): StartWiredAccessoryManager took to complete: 1ms
06-18 12:08:38.347 I/SystemServer( 1921): StartMidiManager
06-18 12:08:38.347 I/SystemServiceManager( 1921): Starting com.android.server.midi.MidiService$Lifecycle
06-18 12:08:38.347 D/SystemServerTiming( 1921): StartMidiManager took to complete: 0ms
06-18 12:08:38.348 I/SystemServer( 1921): StartAdbService
06-18 12:08:38.348 I/SystemServiceManager( 1921): Starting com.android.server.adb.AdbService$Lifecycle
06-18 12:08:38.348 D/SystemServerTiming( 1921): StartAdbService took to complete: 0ms
06-18 12:08:38.348 I/SystemServer( 1921): StartUsbService
06-18 12:08:38.348 I/SystemServiceManager( 1921): Starting com.android.server.usb.UsbService$Lifecycle
06-18 12:08:38.349 E/UsbDeviceManager( 1921): failed to write to /sys/class/android_usb/android0/f_rndis/ethaddr
06-18 12:08:38.349 I/hwservicemanager( 1567): getTransport: Cannot find entry android.hardware.usb.gadget@1.0::IUsbGadget/default in either framework or device manifest.
06-18 12:08:38.350 I/UsbDeviceManager( 1921): USB GADGET HAL not present in the device
06-18 12:08:38.350 I/UsbDeviceManager( 1921): java.util.NoSuchElementException
06-18 12:08:38.350 I/UsbDeviceManager( 1921): 	at android.os.HwBinder.getService(Native Method)
06-18 12:08:38.350 I/UsbDeviceManager( 1921): 	at android.hardware.usb.gadget.V1_0.IUsbGadget.getService(IUsbGadget.java:55)
06-18 12:08:38.350 I/UsbDeviceManager( 1921): 	at android.hardware.usb.gadget.V1_0.IUsbGadget.getService(IUsbGadget.java:62)
06-18 12:08:38.350 I/UsbDeviceManager( 1921): 	at com.android.server.usb.UsbDeviceManager.<init>(UsbDeviceManager.java:262)
06-18 12:08:38.350 I/UsbDeviceManager( 1921): 	at com.android.server.usb.UsbService.<init>(UsbService.java:150)
06-18 12:08:38.350 I/UsbDeviceManager( 1921): 	at com.android.server.usb.UsbService$Lifecycle.onStart(UsbService.java:84)
06-18 12:08:38.350 I/UsbDeviceManager( 1921): 	at com.android.server.SystemServiceManager.startService(SystemServiceManager.java:129)
06-18 12:08:38.350 I/UsbDeviceManager( 1921): 	at com.android.server.SystemServiceManager.startService(SystemServiceManager.java:116)
06-18 12:08:38.350 I/UsbDeviceManager( 1921): 	at com.android.server.SystemServiceManager.startService(SystemServiceManager.java:75)
06-18 12:08:38.350 I/UsbDeviceManager( 1921): 	at com.android.server.SystemServer.startOtherServices(SystemServer.java:1532)
06-18 12:08:38.350 I/UsbDeviceManager( 1921): 	at com.android.server.SystemServer.run(SystemServer.java:512)
06-18 12:08:38.350 I/UsbDeviceManager( 1921): 	at com.android.server.SystemServer.main(SystemServer.java:349)
06-18 12:08:38.350 I/UsbDeviceManager( 1921): 	at java.lang.reflect.Method.invoke(Native Method)
06-18 12:08:38.350 I/UsbDeviceManager( 1921): 	at com.android.internal.os.RuntimeInit$MethodAndArgsCaller.run(RuntimeInit.java:492)
06-18 12:08:38.350 I/UsbDeviceManager( 1921): 	at com.android.internal.os.ZygoteInit.main(ZygoteInit.java:908)
06-18 12:08:38.350 E/UsbDeviceManagerJNI( 1921): could not open control for mtp No such file or directory
06-18 12:08:38.350 E/UsbDeviceManager( 1921): Failed to open control for mtp
06-18 12:08:38.350 E/UsbDeviceManagerJNI( 1921): could not open control for ptp No such file or directory
06-18 12:08:38.350 E/UsbDeviceManager( 1921): Failed to open control for ptp
06-18 12:08:38.354 W/StorageManagerService( 1921): No primary storage defined yet; hacking together a stub
06-18 12:08:38.355 E/UsbDeviceManagerJNI( 1921): could not open /dev/usb_accessory
06-18 12:08:38.355 I/android_os_HwBinder( 1921): HwBinder: Starting thread pool for getting: android.hidl.manager@1.0::IServiceManager/default
06-18 12:08:38.356 I/hwservicemanager( 1567): getTransport: Cannot find entry android.hardware.usb@1.0::IUsb/default in either framework or device manifest.
06-18 12:08:38.357 E/UsbPortManager( 1921): connectToProxy: usb hal service not found. Did the service fail to start?
06-18 12:08:38.357 E/UsbPortManager( 1921): java.util.NoSuchElementException
06-18 12:08:38.357 E/UsbPortManager( 1921): 	at android.os.HwBinder.getService(Native Method)
06-18 12:08:38.357 E/UsbPortManager( 1921): 	at android.os.HwBinder.getService(HwBinder.java:83)
06-18 12:08:38.357 E/UsbPortManager( 1921): 	at android.hardware.usb.V1_0.IUsb.getService(IUsb.java:70)
06-18 12:08:38.357 E/UsbPortManager( 1921): 	at android.hardware.usb.V1_0.IUsb.getService(IUsb.java:77)
06-18 12:08:38.357 E/UsbPortManager( 1921): 	at com.android.server.usb.UsbPortManager.connectToProxy(UsbPortManager.java:780)
06-18 12:08:38.357 E/UsbPortManager( 1921): 	at com.android.server.usb.UsbPortManager.<init>(UsbPortManager.java:175)
06-18 12:08:38.357 E/UsbPortManager( 1921): 	at com.android.server.usb.UsbService.<init>(UsbService.java:153)
06-18 12:08:38.357 E/UsbPortManager( 1921): 	at com.android.server.usb.UsbService$Lifecycle.onStart(UsbService.java:84)
06-18 12:08:38.357 E/UsbPortManager( 1921): 	at com.android.server.SystemServiceManager.startService(SystemServiceManager.java:129)
06-18 12:08:38.357 E/UsbPortManager( 1921): 	at com.android.server.SystemServiceManager.startService(SystemServiceManager.java:116)
06-18 12:08:38.357 E/UsbPortManager( 1921): 	at com.android.server.SystemServiceManager.startService(SystemServiceManager.java:75)
06-18 12:08:38.357 E/UsbPortManager( 1921): 	at com.android.server.SystemServer.startOtherServices(SystemServer.java:1532)
06-18 12:08:38.357 E/UsbPortManager( 1921): 	at com.android.server.SystemServer.run(SystemServer.java:512)
06-18 12:08:38.357 E/UsbPortManager( 1921): 	at com.android.server.SystemServer.main(SystemServer.java:349)
06-18 12:08:38.357 E/UsbPortManager( 1921): 	at java.lang.reflect.Method.invoke(Native Method)
06-18 12:08:38.357 E/UsbPortManager( 1921): 	at com.android.internal.os.RuntimeInit$MethodAndArgsCaller.run(RuntimeInit.java:492)
06-18 12:08:38.357 E/UsbPortManager( 1921): 	at com.android.internal.os.ZygoteInit.main(ZygoteInit.java:908)
06-18 12:08:38.357 D/SystemServerTiming( 1921): StartUsbService took to complete: 9ms
06-18 12:08:38.357 I/SystemServer( 1921): StartSerialService
06-18 12:08:38.358 D/SystemServerTiming( 1921): StartSerialService took to complete: 1ms
06-18 12:08:38.358 I/SystemServer( 1921): StartHardwarePropertiesManagerService
06-18 12:08:38.358 I/hwservicemanager( 1567): getTransport: Cannot find entry android.hardware.thermal@1.0::IThermal/default in either framework or device manifest.
06-18 12:08:38.358 E/HardwarePropertiesManagerService-JNI( 1921): Unable to get Thermal service.
06-18 12:08:38.358 D/SystemServerTiming( 1921): StartHardwarePropertiesManagerService took to complete: 0ms
06-18 12:08:38.358 I/SystemServer( 1921): StartTwilightService
06-18 12:08:38.358 I/SystemServiceManager( 1921): Starting com.android.server.twilight.TwilightService
06-18 12:08:38.358 D/SystemServerTiming( 1921): StartTwilightService took to complete: 0ms
06-18 12:08:38.358 I/SystemServer( 1921): StartColorDisplay
06-18 12:08:38.359 I/SystemServiceManager( 1921): Starting com.android.server.display.color.ColorDisplayService
06-18 12:08:38.359 D/SystemServerTiming( 1921): StartColorDisplay took to complete: 1ms
06-18 12:08:38.359 I/SystemServer( 1921): StartJobScheduler
06-18 12:08:38.359 I/SystemServiceManager( 1921): Starting com.android.server.job.JobSchedulerService
06-18 12:08:38.361 I/JobStore( 1921): Read 0 jobs
06-18 12:08:38.363 D/SystemServerTiming( 1921): StartJobScheduler took to complete: 4ms
06-18 12:08:38.363 I/SystemServer( 1921): StartSoundTrigger
06-18 12:08:38.363 I/SystemServiceManager( 1921): Starting com.android.server.soundtrigger.SoundTriggerService
06-18 12:08:38.364 D/SystemServerTiming( 1921): StartSoundTrigger took to complete: 1ms
06-18 12:08:38.364 I/SystemServer( 1921): StartTrustManager
06-18 12:08:38.364 I/SystemServiceManager( 1921): Starting com.android.server.trust.TrustManagerService
06-18 12:08:38.364 D/SystemServerTiming( 1921): StartTrustManager took to complete: 0ms
06-18 12:08:38.364 I/SystemServer( 1921): StartBackupManager
06-18 12:08:38.364 I/SystemServiceManager( 1921): Starting com.android.server.backup.BackupManagerService$Lifecycle
06-18 12:08:38.365 D/SystemServerTiming( 1921): StartBackupManager took to complete: 1ms
06-18 12:08:38.365 I/SystemServer( 1921): StartAppWidgetService
06-18 12:08:38.366 I/SystemServiceManager( 1921): Starting com.android.server.appwidget.AppWidgetService
06-18 12:08:38.367 D/SystemServerTiming( 1921): StartAppWidgetService took to complete: 2ms
06-18 12:08:38.367 I/SystemServer( 1921): StartRoleManagerService
06-18 12:08:38.368 D/SystemServerTiming( 1921): StartRoleManagerService took to complete: 1ms
06-18 12:08:38.368 I/SystemServer( 1921): StartVoiceRecognitionManager
06-18 12:08:38.368 I/SystemServiceManager( 1921): Starting com.android.server.voiceinteraction.VoiceInteractionManagerService
06-18 12:08:38.369 I/RoleUserState( 1921): roles.xml not found
06-18 12:08:38.369 W/VoiceInteractionManagerService( 1921): Unable to resolve default voice recognition service.
06-18 12:08:38.369 D/SystemServerTiming( 1921): StartVoiceRecognitionManager took to complete: 1ms
06-18 12:08:38.369 I/SystemServer( 1921): StartGestureLauncher
06-18 12:08:38.370 I/SystemServiceManager( 1921): Starting com.android.server.GestureLauncherService
06-18 12:08:38.370 D/SystemServerTiming( 1921): StartGestureLauncher took to complete: 0ms
06-18 12:08:38.370 I/SystemServer( 1921): StartSensorNotification
06-18 12:08:38.370 I/SystemServiceManager( 1921): Starting com.android.server.SensorNotificationService
06-18 12:08:38.370 D/SystemServerTiming( 1921): StartSensorNotification took to complete: 0ms
06-18 12:08:38.370 I/SystemServer( 1921): StartContextHubSystemService
06-18 12:08:38.370 I/SystemServiceManager( 1921): Starting com.android.server.ContextHubSystemService
06-18 12:08:38.370 D/SystemServerInitThreadPool( 1921): Started executing Init ContextHubSystemService
06-18 12:08:38.370 D/SystemServerTiming( 1921): StartContextHubSystemService took to complete: 0ms
06-18 12:08:38.370 I/SystemServer( 1921): StartDiskStatsService
06-18 12:08:38.371 I/hwservicemanager( 1567): getTransport: Cannot find entry android.hardware.contexthub@1.0::IContexthub/default in either framework or device manifest.
06-18 12:08:38.371 I/ContextHubService( 1921): Context Hub HAL service not found
06-18 12:08:38.371 D/SystemServerInitThreadPool( 1921): Finished executing Init ContextHubSystemService
06-18 12:08:38.372 D/SystemServerTiming( 1921): StartDiskStatsService took to complete: 2ms
06-18 12:08:38.372 I/SystemServer( 1921): RuntimeService
06-18 12:08:38.373 D/SystemServerTiming( 1921): RuntimeService took to complete: 1ms
06-18 12:08:38.373 I/SystemServer( 1921): StartNetworkTimeUpdateService
06-18 12:08:38.373 D/SystemServer( 1921): Using networkTimeUpdater class=class com.android.server.NewNetworkTimeUpdateService
06-18 12:08:38.373 D/SystemServerTiming( 1921): StartNetworkTimeUpdateService took to complete: 0ms
06-18 12:08:38.373 I/SystemServer( 1921): CertBlacklister
06-18 12:08:38.374 D/SystemServerTiming( 1921): CertBlacklister took to complete: 0ms
06-18 12:08:38.374 I/SystemServer( 1921): StartEmergencyAffordanceService
06-18 12:08:38.374 I/SystemServiceManager( 1921): Starting com.android.server.emergency.EmergencyAffordanceService
06-18 12:08:38.374 D/SystemServerTiming( 1921): StartEmergencyAffordanceService took to complete: 0ms
06-18 12:08:38.374 I/SystemServer( 1921): StartDreamManager
06-18 12:08:38.374 I/SystemServiceManager( 1921): Starting com.android.server.dreams.DreamManagerService
06-18 12:08:38.374 D/SystemServerTiming( 1921): StartDreamManager took to complete: 0ms
06-18 12:08:38.374 I/SystemServer( 1921): AddGraphicsStatsService
06-18 12:08:38.376 D/SystemServerTiming( 1921): AddGraphicsStatsService took to complete: 2ms
06-18 12:08:38.376 I/SystemServer( 1921): StartPrintManager
06-18 12:08:38.376 I/SystemServiceManager( 1921): Starting com.android.server.print.PrintManagerService
06-18 12:08:38.377 D/SystemServerTiming( 1921): StartPrintManager took to complete: 1ms
06-18 12:08:38.377 I/SystemServer( 1921): StartRestrictionManager
06-18 12:08:38.377 I/SystemServiceManager( 1921): Starting com.android.server.restrictions.RestrictionsManagerService
06-18 12:08:38.377 D/SystemServerTiming( 1921): StartRestrictionManager took to complete: 0ms
06-18 12:08:38.377 I/SystemServer( 1921): StartMediaSessionService
06-18 12:08:38.377 I/SystemServiceManager( 1921): Starting com.android.server.media.MediaSessionService
06-18 12:08:38.384 D/SystemServerTiming( 1921): StartMediaSessionService took to complete: 7ms
06-18 12:08:38.384 I/SystemServer( 1921): StartMediaResourceMonitor
06-18 12:08:38.384 I/SystemServiceManager( 1921): Starting com.android.server.media.MediaResourceMonitorService
06-18 12:08:38.384 D/SystemServerTiming( 1921): StartMediaResourceMonitor took to complete: 0ms
06-18 12:08:38.384 I/SystemServer( 1921): StartMediaRouterService
06-18 12:08:38.385 D/SystemServerTiming( 1921): StartMediaRouterService took to complete: 1ms
06-18 12:08:38.385 I/SystemServer( 1921): StartFingerprintSensor
06-18 12:08:38.385 I/SystemServiceManager( 1921): Starting com.android.server.biometrics.fingerprint.FingerprintService
06-18 12:08:38.386 D/SystemServerInitThreadPool( 1921): Started executing FingerprintService.onStart
06-18 12:08:38.386 D/SystemServerTiming( 1921): StartFingerprintSensor took to complete: 1ms
06-18 12:08:38.386 I/SystemServer( 1921): StartBiometricService
06-18 12:08:38.386 V/FingerprintService( 1921): mDaemon was null, reconnect to fingerprint
06-18 12:08:38.387 I/SystemServiceManager( 1921): Starting com.android.server.biometrics.BiometricService
06-18 12:08:38.387 I/android_os_HwBinder( 1921): HwBinder: Starting thread pool for getting: android.hardware.biometrics.fingerprint@2.1::IBiometricsFingerprint/default
06-18 12:08:38.387 V/FingerprintService( 1921): Fingerprint HAL id: 137782892814336
06-18 12:08:38.388 D/FingerprintHal( 1788): ----------------> fingerprint_set_active_group -----------------> path /data/vendor_de/0/fpdata
06-18 12:08:38.388 D/FingerprintHal( 1788): ----------------> loadFingerprints ----------------->
06-18 12:08:38.388 E/FingerprintHal( 1788): Could not load fingerprints from storage at /data/vendor_de/0/fpdata/emufp.bin; it has not yet been created.
06-18 12:08:38.388 D/FingerprintHal( 1788): ----------------> loadAuthenticatorId ----------------->
06-18 12:08:38.388 E/FingerprintHal( 1788): Could not load authenticator id from storage at /data/vendor_de/0/fpdata/emuauthid.bin; it has not yet been created.
06-18 12:08:38.388 D/FingerprintHal( 1788): ----------------> get_64bit_rand ----------------->
06-18 12:08:38.388 D/FingerprintHal( 1788): ----------------> saveAuthenticatorId ----------------->
06-18 12:08:38.388 D/FingerprintHal( 1788): Save authenticator id (0x6b8b4567327b23c6)
06-18 12:08:38.388 V/FingerprintService( 1921): Enumerating user(0)
06-18 12:08:38.388 D/SystemServerInitThreadPool( 1921): Finished executing FingerprintService.onStart
06-18 12:08:38.389 D/SystemServerTiming( 1921): StartBiometricService took to complete: 3ms
06-18 12:08:38.389 I/SystemServer( 1921): StartBackgroundDexOptService
06-18 12:08:38.389 W/BackgroundDexOptService( 1921): SysProp pm.dexopt.downgrade_after_inactive_days not set
06-18 12:08:38.390 D/SystemServerTiming( 1921): StartBackgroundDexOptService took to complete: 1ms
06-18 12:08:38.390 I/SystemServer( 1921): StartDynamicCodeLoggingService
06-18 12:08:38.390 D/SystemServerTiming( 1921): StartDynamicCodeLoggingService took to complete: 0ms
06-18 12:08:38.390 I/SystemServer( 1921): StartPruneInstantAppsJobService
06-18 12:08:38.391 D/SystemServerTiming( 1921): StartPruneInstantAppsJobService took to complete: 1ms
06-18 12:08:38.391 I/SystemServer( 1921): StartShortcutServiceLifecycle
06-18 12:08:38.391 I/SystemServiceManager( 1921): Starting com.android.server.pm.ShortcutService$Lifecycle
06-18 12:08:38.391 D/SystemServerTiming( 1921): StartShortcutServiceLifecycle took to complete: 0ms
06-18 12:08:38.391 I/SystemServer( 1921): StartLauncherAppsService
06-18 12:08:38.392 I/SystemServiceManager( 1921): Starting com.android.server.pm.LauncherAppsService
06-18 12:08:38.392 D/SystemServerTiming( 1921): StartLauncherAppsService took to complete: 1ms
06-18 12:08:38.392 I/SystemServer( 1921): StartCrossProfileAppsService
06-18 12:08:38.392 I/SystemServiceManager( 1921): Starting com.android.server.pm.CrossProfileAppsService
06-18 12:08:38.392 D/SystemServerTiming( 1921): StartCrossProfileAppsService took to complete: 0ms
06-18 12:08:38.392 I/SystemServer( 1921): StartMediaProjectionManager
06-18 12:08:38.392 I/SystemServiceManager( 1921): Starting com.android.server.media.projection.MediaProjectionManagerService
06-18 12:08:38.394 V/MediaRouter( 1921): Selecting route: RouteInfo{ name=Phone, description=null, status=null, category=RouteCategory{ name=System types=ROUTE_TYPE_LIVE_AUDIO ROUTE_TYPE_LIVE_VIDEO  groupable=false }, supportedTypes=ROUTE_TYPE_LIVE_AUDIO ROUTE_TYPE_LIVE_VIDEO , presentationDisplay=null }
06-18 12:08:38.394 D/SystemServerTiming( 1921): StartMediaProjectionManager took to complete: 2ms
06-18 12:08:38.394 I/SystemServer( 1921): StartSliceManagerService
06-18 12:08:38.394 I/SystemServiceManager( 1921): Starting com.android.server.slice.SliceManagerService$Lifecycle
06-18 12:08:38.396 D/SystemServerTiming( 1921): StartSliceManagerService took to complete: 2ms
06-18 12:08:38.396 I/SystemServer( 1921): StartCameraServiceProxy
06-18 12:08:38.396 I/SystemServiceManager( 1921): Starting com.android.server.camera.CameraServiceProxy
06-18 12:08:38.397 D/SystemServerTiming( 1921): StartCameraServiceProxy took to complete: 1ms
06-18 12:08:38.397 I/SystemServer( 1921): StartStatsCompanionService
06-18 12:08:38.397 I/SystemServiceManager( 1921): Starting com.android.server.stats.StatsCompanionService$Lifecycle
06-18 12:08:38.398 I/StatsCompanionService( 1921): register thermal listener successfully
06-18 12:08:38.402 E/KernelCpuThreadReader( 1921): Failed to initialize KernelCpuThreadReader
06-18 12:08:38.402 E/KernelCpuThreadReader( 1921): java.nio.file.NoSuchFileException: /proc/self/time_in_state
06-18 12:08:38.402 E/KernelCpuThreadReader( 1921): 	at sun.nio.fs.UnixFileSystemProvider.newByteChannel(UnixFileSystemProvider.java:214)
06-18 12:08:38.402 E/KernelCpuThreadReader( 1921): 	at java.nio.file.Files.newByteChannel(Files.java:361)
06-18 12:08:38.402 E/KernelCpuThreadReader( 1921): 	at java.nio.file.Files.newByteChannel(Files.java:407)
06-18 12:08:38.402 E/KernelCpuThreadReader( 1921): 	at java.nio.file.Files.readAllBytes(Files.java:3152)
06-18 12:08:38.402 E/KernelCpuThreadReader( 1921): 	at com.android.internal.os.ProcTimeInStateReader.initializeTimeInStateFormat(ProcTimeInStateReader.java:163)
06-18 12:08:38.402 E/KernelCpuThreadReader( 1921): 	at com.android.internal.os.ProcTimeInStateReader.<init>(ProcTimeInStateReader.java:110)
06-18 12:08:38.402 E/KernelCpuThreadReader( 1921): 	at com.android.internal.os.KernelCpuThreadReader.<init>(KernelCpuThreadReader.java:137)
06-18 12:08:38.402 E/KernelCpuThreadReader( 1921): 	at com.android.internal.os.KernelCpuThreadReader.create(KernelCpuThreadReader.java:150)
06-18 12:08:38.402 E/KernelCpuThreadReader( 1921): 	at com.android.internal.os.KernelCpuThreadReaderSettingsObserver.<init>(KernelCpuThreadReaderSettingsObserver.java:94)
06-18 12:08:38.402 E/KernelCpuThreadReader( 1921): 	at com.android.internal.os.KernelCpuThreadReaderSettingsObserver.getSettingsModifiedReader(KernelCpuThreadReaderSettingsObserver.java:79)
06-18 12:08:38.402 E/KernelCpuThreadReader( 1921): 	at com.android.server.stats.StatsCompanionService.<init>(StatsCompanionService.java:377)
06-18 12:08:38.402 E/KernelCpuThreadReader( 1921): 	at com.android.server.stats.StatsCompanionService$Lifecycle.onStart(StatsCompanionService.java:2539)
06-18 12:08:38.402 E/KernelCpuThreadReader( 1921): 	at com.android.server.SystemServiceManager.startService(SystemServiceManager.java:129)
06-18 12:08:38.402 E/KernelCpuThreadReader( 1921): 	at com.android.server.SystemServiceManager.startService(SystemServiceManager.java:116)
06-18 12:08:38.402 E/KernelCpuThreadReader( 1921): 	at com.android.server.SystemServer.startOtherServices(SystemServer.java:1879)
06-18 12:08:38.402 E/KernelCpuThreadReader( 1921): 	at com.android.server.SystemServer.run(SystemServer.java:512)
06-18 12:08:38.402 E/KernelCpuThreadReader( 1921): 	at com.android.server.SystemServer.main(SystemServer.java:349)
06-18 12:08:38.402 E/KernelCpuThreadReader( 1921): 	at java.lang.reflect.Method.invoke(Native Method)
06-18 12:08:38.402 E/KernelCpuThreadReader( 1921): 	at com.android.internal.os.RuntimeInit$MethodAndArgsCaller.run(RuntimeInit.java:492)
06-18 12:08:38.402 E/KernelCpuThreadReader( 1921): 	at com.android.internal.os.ZygoteInit.main(ZygoteInit.java:908)
