06-18 12:08:38.988 D/PackageManager( 1921): Clear ephemeral installer activity
06-18 12:08:38.991 I/OMXClient( 1770): IOmx service obtained
06-18 12:08:38.991 I/OMXMaster( 1777): makeComponentInstance(OMX.google.raw.decoder) in android.hardwar process
06-18 12:08:38.995 I/OMXClient( 1770): IOmx service obtained
06-18 12:08:38.995 I/OMXMaster( 1777): makeComponentInstance(OMX.google.vorbis.decoder) in android.hardwar process
06-18 12:08:38.998 W/AlarmManager( 2078): Unrecognized alarm listener com.android.systemui.keyguard.-$$Lambda$KeyguardSliceProvider$IhzByd8TsqFuOrSyuGurVskyPLo@f03cdb3
06-18 12:08:39.003 I/SystemConfig( 2098): Adding association: com.google.android.as <- com.android.providers.contacts
06-18 12:08:39.003 I/SystemConfig( 2098): Adding association: com.google.android.as <- com.android.providers.media
06-18 12:08:39.003 I/SystemConfig( 2098): Adding association: com.google.android.as <- com.android.providers.telephony
06-18 12:08:39.003 I/SystemConfig( 2098): Adding association: com.google.android.as <- com.android.systemui
06-18 12:08:39.003 I/SystemConfig( 2098): Adding association: com.google.android.as <- com.google.android.gms
06-18 12:08:39.003 I/SystemConfig( 2098): Adding association: com.google.android.as <- com.google.android.gsf
06-18 12:08:39.005 W/SystemConfig( 2098): No directory /product_services/etc/sysconfig, skipping
06-18 12:08:39.006 W/SystemConfig( 2098): No directory /product_services/etc/permissions, skipping
06-18 12:08:39.006 I/OMXClient( 1770): IOmx service obtained
06-18 12:08:39.007 I/OMXMaster( 1777): makeComponentInstance(OMX.google.aac.encoder) in android.hardwar process
06-18 12:08:39.009 D/WifiController( 1921): DEFERRED_TOGGLE handled
06-18 12:08:39.009 D/WifiController( 1921): StaEnabledState.enter()
06-18 12:08:39.009 D/WifiActiveModeWarden( 1921): Switching from ScanOnlyModeActiveState to ClientMode
06-18 12:08:39.009 D/WifiScanOnlyModeManager( 1921):  currentstate: StartedState
06-18 12:08:39.010 D/WifiScanRequestProxy( 1921): Sending scan available broadcast: false
06-18 12:08:39.010 I/WifiScanningService( 1921): wifi driver unloaded
06-18 12:08:39.010 W/wificond( 1776): No pno scan started
06-18 12:08:39.010 E/wificond( 1776): Receive ERROR message in response to 'stop scheduled scan' request: Operation not supported on transport endpoint
06-18 12:08:39.010 I/WifiScanRequestProxy( 1921): Scanning is disabled
06-18 12:08:39.010 D/WifiActiveModeWarden( 1921): Entering ClientModeActiveState
06-18 12:08:39.011 D/WifiClientModeManager( 1921): entering IdleState
06-18 12:08:39.011 D/WakeupController( 1921): stop()
06-18 12:08:39.013 W/android.hardware.wifi@1.0-service( 1704): No active wlan interfaces in use! Using default
06-18 12:08:39.015 I/wificond( 1776): Unsubscribe scan result for interface with index: 3
06-18 12:08:39.016 D/WificondControl( 1921): tearing down interfaces in wificond
06-18 12:08:39.017 I/OMXClient( 1770): IOmx service obtained
06-18 12:08:39.017 I/OMXMaster( 1777): makeComponentInstance(OMX.google.amrnb.encoder) in android.hardwar process
06-18 12:08:39.020 I/android.hardware.wifi@1.0-service( 1704): Legacy HAL stop complete callback received
06-18 12:08:39.021 I/android.hardware.wifi@1.0-service( 1704): Wifi HAL stopped
06-18 12:08:39.021 I/WifiVendorHal( 1921): Vendor Hal stopped
06-18 12:08:39.021 I/WifiNative( 1921): Successfully torn down Iface:{Name=wlan0,Id=0,Type=STA_SCAN}
06-18 12:08:39.021 E/HalDevMgr( 1921): getAllChipInfo: called but mWifi is null!?
06-18 12:08:39.021 E/HalDevMgr( 1921): dispatchAvailableForRequestListeners: no chip info found
06-18 12:08:39.021 W/HalDevMgr( 1921): stopWifi called but mWifi is null!?
06-18 12:08:39.022 I/WifiNative( 1921): Successfully initiated teardown for iface=wlan0
06-18 12:08:39.022 D/WifiScanOnlyModeManager( 1921): expected stop, not triggering callbacks: state = 1
06-18 12:08:39.022 D/WifiActiveModeWarden( 1921): State changed from client mode. state = 2
06-18 12:08:39.022 W/HalDevMgr( 1921): isWifiStarted called but mWifi is null!?
06-18 12:08:39.022 I/android_os_HwBinder( 1921): HwBinder: Starting thread pool for getting: android.hardware.wifi@1.0::IWifi/default
06-18 12:08:39.025 I/android.hardware.wifi@1.0-service( 1704): Wifi HAL started
06-18 12:08:39.025 I/WifiVendorHal( 1921): Vendor Hal started successfully
06-18 12:08:39.025 I/android_os_HwBinder( 1921): HwBinder: Starting thread pool for getting: android.hidl.manager@1.0::IServiceManager/default
06-18 12:08:39.026 I/hwservicemanager( 1567): getTransport: Cannot find entry android.hardware.wifi.supplicant@1.1::ISupplicant/default in either framework or device manifest.
06-18 12:08:39.026 I/SupplicantStaIfaceHal( 1921): Starting supplicant using init
06-18 12:08:39.026 I/WifiP2pNative( 1921): Registering for interface available listener
06-18 12:08:39.027 I/WifiP2pNative( 1921): Registering for interface available listener
06-18 12:08:39.027 D/WifiP2pNative( 1921): P2P InterfaceAvailableListener true
06-18 12:08:39.027 D/WifiP2pService( 1921): Wifi enabled=false, P2P Interface availability=true, Number of clients=0
06-18 12:08:39.027 D/WifiP2pService( 1921): Wifi enabled=false, P2P Interface availability=true
06-18 12:08:39.036 I/OMXClient( 1770): IOmx service obtained
06-18 12:08:39.036 I/OMXMaster( 1777): makeComponentInstance(OMX.google.amrwb.encoder) in android.hardwar process
06-18 12:08:39.044 I/OMXClient( 1770): IOmx service obtained
06-18 12:08:39.044 I/OMXMaster( 1777): makeComponentInstance(OMX.google.flac.encoder) in android.hardwar process
06-18 12:08:39.051 I/OMXClient( 1770): IOmx service obtained
06-18 12:08:39.051 I/OMXMaster( 1777): makeComponentInstance(OMX.android.goldfish.h264.decoder) in android.hardwar process
06-18 12:08:39.051 I/GoldfishOMXPlugin( 1777): makeComponentInstance 'OMX.android.goldfish.h264.decoder'
06-18 12:08:39.051 I/GoldfishOMXPlugin( 1777): Using goldfish codec for 'avcdec'
06-18 12:08:39.052 D/ProtoStore( 2078): no cached data
06-18 12:08:39.052 D/ProtoStore( 2078): no cached data
06-18 12:08:39.057 I/goldfish_avcdec( 1777): created GoldfishAVCDec 98 object 0xee07f000
06-18 12:08:39.058 E/OMXNodeInstance( 1777): getExtensionIndex(0xee018cc0:android.goldfish.h264.decoder, OMX.google.android.index.configureVideoTunnelMode) ERROR: UnsupportedIndex(0x8000101a)
06-18 12:08:39.058 D/MediaCodecInfo( 1770): detail feature-tunneled-playback wasn't present to remove
06-18 12:08:39.058 W/OMXNodeInstance( 1777): [0xee018cc0:android.goldfish.h264.decoder] component does not support metadata mode; using fallback
06-18 12:08:39.068 E/ActivityThread( 2064): Failed to find provider info for com.google.android.gsf.gservices
06-18 12:08:39.071 I/OMXClient( 1770): IOmx service obtained
06-18 12:08:39.071 I/OMXMaster( 1777): makeComponentInstance(OMX.google.h264.decoder) in android.hardwar process
06-18 12:08:39.073 E/OMXNodeInstance( 1777): getExtensionIndex(0xee018cc0:google.h264.decoder, OMX.google.android.index.configureVideoTunnelMode) ERROR: UnsupportedIndex(0x8000101a)
06-18 12:08:39.073 D/MediaCodecInfo( 1770): detail feature-tunneled-playback wasn't present to remove
06-18 12:08:39.073 E/OMXNodeInstance( 1777): getExtensionIndex(0xee018cc0:google.h264.decoder, OMX.google.android.index.enableAndroidNativeBuffers) ERROR: UnsupportedIndex(0x8000101a)
06-18 12:08:39.086 I/OMXClient( 1770): IOmx service obtained
06-18 12:08:39.086 I/OMXMaster( 1777): makeComponentInstance(OMX.google.h263.decoder) in android.hardwar process
06-18 12:08:39.087 E/OMXNodeInstance( 1777): getExtensionIndex(0xee018cc0:google.h263.decoder, OMX.google.android.index.configureVideoTunnelMode) ERROR: UnsupportedIndex(0x8000101a)
06-18 12:08:39.087 D/MediaCodecInfo( 1770): detail feature-tunneled-playback wasn't present to remove
06-18 12:08:39.087 E/OMXNodeInstance( 1777): getExtensionIndex(0xee018cc0:google.h263.decoder, OMX.google.android.index.enableAndroidNativeBuffers) ERROR: UnsupportedIndex(0x8000101a)
06-18 12:08:39.091 W/DirectBootExitBR( 2064): User is in direct boot mode.
06-18 12:08:39.097 I/OMXClient( 1770): IOmx service obtained
06-18 12:08:39.098 I/OMXMaster( 1777): makeComponentInstance(OMX.google.hevc.decoder) in android.hardwar process
06-18 12:08:39.100 I/wpa_supplicant( 2157): Processing hidl events on FD 3
06-18 12:08:39.101 E/OMXNodeInstance( 1777): getExtensionIndex(0xee018cc0:google.hevc.decoder, OMX.google.android.index.configureVideoTunnelMode) ERROR: UnsupportedIndex(0x8000101a)
06-18 12:08:39.101 I/ServiceManagement( 2157): Registered android.hardware.wifi.supplicant@1.2::ISupplicant/default (start delay of 74ms)
06-18 12:08:39.101 I/wpa_supplicant( 2157): Successfully initialized wpa_supplicant
06-18 12:08:39.102 D/MediaCodecInfo( 1770): detail feature-tunneled-playback wasn't present to remove
06-18 12:08:39.102 E/OMXNodeInstance( 1777): getExtensionIndex(0xee018cc0:google.hevc.decoder, OMX.google.android.index.enableAndroidNativeBuffers) ERROR: UnsupportedIndex(0x8000101a)
06-18 12:08:39.103 I/wpa_supplicant( 2157): rfkill: Cannot open RFKILL control device
06-18 12:08:39.107 I/OMXClient( 1770): IOmx service obtained
06-18 12:08:39.107 I/OMXMaster( 1777): makeComponentInstance(OMX.google.mpeg4.decoder) in android.hardwar process
06-18 12:08:39.108 E/OMXNodeInstance( 1777): getExtensionIndex(0xebd47060:google.mpeg4.decoder, OMX.google.android.index.configureVideoTunnelMode) ERROR: UnsupportedIndex(0x8000101a)
06-18 12:08:39.108 D/MediaCodecInfo( 1770): detail feature-tunneled-playback wasn't present to remove
06-18 12:08:39.108 E/OMXNodeInstance( 1777): getExtensionIndex(0xebd47060:google.mpeg4.decoder, OMX.google.android.index.enableAndroidNativeBuffers) ERROR: UnsupportedIndex(0x8000101a)
06-18 12:08:39.113 I/OMXClient( 1770): IOmx service obtained
06-18 12:08:39.113 I/OMXMaster( 1777): makeComponentInstance(OMX.android.goldfish.vp8.decoder) in android.hardwar process
06-18 12:08:39.113 I/GoldfishOMXPlugin( 1777): makeComponentInstance 'OMX.android.goldfish.vp8.decoder'
06-18 12:08:39.113 I/GoldfishOMXPlugin( 1777): Using goldfish codec for 'vpxdec'
06-18 12:08:39.114 I/goldfish_vpxdec( 1777): calling constructor of GoldfishVPX
06-18 12:08:39.114 E/OMXNodeInstance( 1777): getExtensionIndex(0xee018d80:android.goldfish.vp8.decoder, OMX.google.android.index.configureVideoTunnelMode) ERROR: UnsupportedIndex(0x8000101a)
06-18 12:08:39.114 D/MediaCodecInfo( 1770): detail feature-tunneled-playback wasn't present to remove
06-18 12:08:39.114 W/OMXNodeInstance( 1777): [0xee018d80:android.goldfish.vp8.decoder] component does not support metadata mode; using fallback
06-18 12:08:39.116 I/goldfish_vpxdec( 1777): calling destructor of GoldfishVPX
06-18 12:08:39.117 I/OMXClient( 1770): IOmx service obtained
06-18 12:08:39.117 I/OMXMaster( 1777): makeComponentInstance(OMX.google.vp8.decoder) in android.hardwar process
06-18 12:08:39.120 E/OMXNodeInstance( 1777): getExtensionIndex(0xee018d80:google.vp8.decoder, OMX.google.android.index.configureVideoTunnelMode) ERROR: UnsupportedIndex(0x8000101a)
06-18 12:08:39.120 D/MediaCodecInfo( 1770): detail feature-tunneled-playback wasn't present to remove
06-18 12:08:39.120 E/OMXNodeInstance( 1777): getExtensionIndex(0xee018d80:google.vp8.decoder, OMX.google.android.index.enableAndroidNativeBuffers) ERROR: UnsupportedIndex(0x8000101a)
06-18 12:08:39.121 I/OMXClient( 1770): IOmx service obtained
06-18 12:08:39.121 I/OMXMaster( 1777): makeComponentInstance(OMX.android.goldfish.vp9.decoder) in android.hardwar process
06-18 12:08:39.121 I/GoldfishOMXPlugin( 1777): makeComponentInstance 'OMX.android.goldfish.vp9.decoder'
06-18 12:08:39.121 I/GoldfishOMXPlugin( 1777): Using goldfish codec for 'vpxdec'
06-18 12:08:39.121 I/goldfish_vpxdec( 1777): calling constructor of GoldfishVPX
06-18 12:08:39.122 E/OMXNodeInstance( 1777): getExtensionIndex(0xee018d80:android.goldfish.vp9.decoder, OMX.google.android.index.configureVideoTunnelMode) ERROR: UnsupportedIndex(0x8000101a)
06-18 12:08:39.122 D/MediaCodecInfo( 1770): detail feature-tunneled-playback wasn't present to remove
06-18 12:08:39.122 W/OMXNodeInstance( 1777): [0xee018d80:android.goldfish.vp9.decoder] component does not support metadata mode; using fallback
06-18 12:08:39.123 I/goldfish_vpxdec( 1777): calling destructor of GoldfishVPX
06-18 12:08:39.123 I/OMXClient( 1770): IOmx service obtained
06-18 12:08:39.123 I/OMXMaster( 1777): makeComponentInstance(OMX.google.vp9.decoder) in android.hardwar process
06-18 12:08:39.123 I/GmsApplication( 2064): Staging modules and/or updating config
06-18 12:08:39.124 E/OMXNodeInstance( 1777): getExtensionIndex(0xee018d80:google.vp9.decoder, OMX.google.android.index.configureVideoTunnelMode) ERROR: UnsupportedIndex(0x8000101a)
06-18 12:08:39.124 D/MediaCodecInfo( 1770): detail feature-tunneled-playback wasn't present to remove
06-18 12:08:39.124 E/OMXNodeInstance( 1777): getExtensionIndex(0xee018d80:google.vp9.decoder, OMX.google.android.index.enableAndroidNativeBuffers) ERROR: UnsupportedIndex(0x8000101a)
06-18 12:08:39.125 E/ChimeraCfgMgr( 2064): Failed to read module config: java.io.FileNotFoundException: /data/user_de/0/com.google.android.gms/app_chimera/current_config.fb: open failed: ENOENT (No such file or directory)
06-18 12:08:39.125 I/OMXClient( 1770): IOmx service obtained
06-18 12:08:39.125 I/OMXMaster( 1777): makeComponentInstance(OMX.google.h264.encoder) in android.hardwar process
06-18 12:08:39.127 W/OMXUtils( 1770): do not know color format 0x7f000789 = 2130708361
06-18 12:08:39.129 I/GmsApplication( 2064): Staging modules
06-18 12:08:39.130 I/FileApkMgr( 2064): Extracting modules...
06-18 12:08:39.132 E/ConfigFileUtils( 2064): Failed to read config file: /data/user_de/0/com.google.android.gms/app_chimera/current_fileapks.pb: open failed: ENOENT (No such file or directory)
06-18 12:08:39.135 I/OMXClient( 1770): IOmx service obtained
06-18 12:08:39.135 I/OMXMaster( 1777): makeComponentInstance(OMX.google.h263.encoder) in android.hardwar process
06-18 12:08:39.136 I/SoftMPEG4Encoder( 1777): Construct SoftMPEG4Encoder
06-18 12:08:39.136 W/OMXUtils( 1770): do not know color format 0x7f000789 = 2130708361
06-18 12:08:39.136 E/OMXNodeInstance( 1777): getConfig(0xee018d80:google.h263.encoder, ConfigAndroidIntraRefresh(0x6f60000a)) ERROR: Undefined(0x80001001)
06-18 12:08:39.136 E/OMXNodeInstance( 1777): getParameter(0xee018d80:google.h263.encoder, ParamVideoIntraRefresh(0x6000006)) ERROR: UnsupportedIndex(0x8000101a)
06-18 12:08:39.136 D/MediaCodecInfo( 1770): detail feature-frame-parsing wasn't present to remove
06-18 12:08:39.138 I/OMXClient( 1770): IOmx service obtained
06-18 12:08:39.143 I/OMXMaster( 1777): makeComponentInstance(OMX.google.mpeg4.encoder) in android.hardwar process
06-18 12:08:39.143 I/SoftMPEG4Encoder( 1777): Construct SoftMPEG4Encoder
06-18 12:08:39.143 W/OMXUtils( 1770): do not know color format 0x7f000789 = 2130708361
06-18 12:08:39.141 I/chatty  ( 2064): uid=10116 com.google.android.gms.persistent identical 11 lines
06-18 12:08:39.141 E/ActivityThread( 2064): Failed to find provider info for com.google.android.gsf.gservices
06-18 12:08:39.143 W/PackageManager( 1921): Cannot whitelist unknown permission: com.sec.android.provider.badge.permission.READ
06-18 12:08:39.143 W/PackageManager( 1921): Cannot whitelist unknown permission: com.sec.android.provider.badge.permission.WRITE
06-18 12:08:39.143 W/PackageManager( 1921): Cannot whitelist unknown permission: com.htc.launcher.permission.READ_SETTINGS
06-18 12:08:39.143 E/OMXNodeInstance( 1777): getConfig(0xee018d80:google.mpeg4.encoder, ConfigAndroidIntraRefresh(0x6f60000a)) ERROR: Undefined(0x80001001)
06-18 12:08:39.143 W/PackageManager( 1921): Cannot whitelist unknown permission: com.htc.launcher.permission.UPDATE_SHORTCUT
06-18 12:08:39.143 W/PackageManager( 1921): Cannot whitelist unknown permission: com.sonyericsson.home.permission.BROADCAST_BADGE
06-18 12:08:39.143 E/OMXNodeInstance( 1777): getParameter(0xee018d80:google.mpeg4.encoder, ParamVideoIntraRefresh(0x6000006)) ERROR: UnsupportedIndex(0x8000101a)
06-18 12:08:39.143 W/PackageManager( 1921): Cannot whitelist unknown permission: com.sonymobile.home.permission.PROVIDER_INSERT_BADGE
06-18 12:08:39.143 D/MediaCodecInfo( 1770): detail feature-frame-parsing wasn't present to remove
06-18 12:08:39.143 I/PackageManager( 1921): Un-granting permission android.permission.MANAGE_DOCUMENTS from package com.google.android.youtube (protectionLevel=262146 flags=0x30dbbe45)
06-18 12:08:39.144 I/OMXClient( 1770): IOmx service obtained
06-18 12:08:39.144 I/OMXMaster( 1777): makeComponentInstance(OMX.google.vp8.encoder) in android.hardwar process
06-18 12:08:39.145 W/OMXUtils( 1770): do not know color format 0x7f000789 = 2130708361
06-18 12:08:39.145 E/OMXNodeInstance( 1777): getConfig(0xee018d80:google.vp8.encoder, ConfigAndroidIntraRefresh(0x6f60000a)) ERROR: Undefined(0x80001001)
06-18 12:08:39.145 E/OMXNodeInstance( 1777): getParameter(0xee018d80:google.vp8.encoder, ParamVideoIntraRefresh(0x6000006)) ERROR: UnsupportedIndex(0x8000101a)
06-18 12:08:39.145 D/MediaCodecInfo( 1770): detail feature-frame-parsing wasn't present to remove
06-18 12:08:39.148 D/MediaCodecList( 1770): ignored a null builder
06-18 12:08:39.150 I/OMXClient( 1921): IOmx service obtained
06-18 12:08:39.150 W/PackageManager( 1921): Cannot whitelist unknown permission: com.sec.android.provider.badge.permission.READ
06-18 12:08:39.150 I/OMXMaster( 1777): makeComponentInstance(OMX.google.vorbis.decoder) in android.hardwar process
06-18 12:08:39.150 W/PackageManager( 1921): Cannot whitelist unknown permission: com.sec.android.provider.badge.permission.WRITE
06-18 12:08:39.150 W/PackageManager( 1921): Cannot whitelist unknown permission: com.htc.launcher.permission.READ_SETTINGS
06-18 12:08:39.150 W/PackageManager( 1921): Cannot whitelist unknown permission: com.htc.launcher.permission.UPDATE_SHORTCUT
06-18 12:08:39.150 W/PackageManager( 1921): Cannot whitelist unknown permission: com.sonyericsson.home.permission.BROADCAST_BADGE
06-18 12:08:39.150 W/PackageManager( 1921): Cannot whitelist unknown permission: com.sonymobile.home.permission.PROVIDER_INSERT_BADGE
06-18 12:08:39.150 I/PackageManager( 1921): Un-granting permission android.permission.MANAGE_DOCUMENTS from package com.google.android.youtube (protectionLevel=262146 flags=0x30dbbe45)
06-18 12:08:39.151 E/OMXNodeInstance( 1777): getConfig(0xee018f00:google.vorbis.decoder, ConfigAndroidVendorExtension(0x6f100004)) ERROR: Undefined(0x80001001)
06-18 12:08:39.163 W/PackageManager( 1921): Cannot whitelist unknown permission: com.google.android.launcher.permission.CONTENT_REDIRECT
06-18 12:08:39.163 W/PackageManager( 1921): Cannot whitelist unknown permission: com.google.android.voicesearch.SHORTCUTS_ACCESS
06-18 12:08:39.163 W/PackageManager( 1921): Cannot whitelist unknown permission: com.google.android.voicesearch.ACCESS_SETTINGS
06-18 12:08:39.163 W/PackageManager( 1921): Cannot whitelist unknown permission: com.android.browser.permission.PRELOAD
06-18 12:08:39.163 W/PackageManager( 1921): Cannot whitelist unknown permission: com.google.android.ears.permission.WRITE
06-18 12:08:39.163 W/PackageManager( 1921): Cannot whitelist unknown permission: com.google.googlenav.friend.permission.OPT_IN
06-18 12:08:39.163 W/PackageManager( 1921): Cannot whitelist unknown permission: com.google.android.apps.googlevoice.permission.AUTO_SEND
06-18 12:08:39.163 W/PackageManager( 1921): Cannot whitelist unknown permission: com.google.android.hangouts.START_HANGOUT
06-18 12:08:39.163 W/PackageManager( 1921): Cannot whitelist unknown permission: com.android.chrome.PRERENDER_URL
06-18 12:08:39.163 W/PackageManager( 1921): Cannot whitelist unknown permission: com.google.android.apps.gsa.nga.permissions.EDIT_PREFERENCES
06-18 12:08:39.166 W/PackageManager( 1921): Cannot whitelist unknown permission: com.google.android.launcher.permission.CONTENT_REDIRECT
06-18 12:08:39.166 W/PackageManager( 1921): Cannot whitelist unknown permission: com.google.android.voicesearch.SHORTCUTS_ACCESS
06-18 12:08:39.166 W/PackageManager( 1921): Cannot whitelist unknown permission: com.google.android.voicesearch.ACCESS_SETTINGS
06-18 12:08:39.166 W/PackageManager( 1921): Cannot whitelist unknown permission: com.android.browser.permission.PRELOAD
06-18 12:08:39.166 W/PackageManager( 1921): Cannot whitelist unknown permission: com.google.android.ears.permission.WRITE
06-18 12:08:39.166 W/PackageManager( 1921): Cannot whitelist unknown permission: com.google.googlenav.friend.permission.OPT_IN
06-18 12:08:39.166 W/PackageManager( 1921): Cannot whitelist unknown permission: com.google.android.apps.googlevoice.permission.AUTO_SEND
06-18 12:08:39.166 W/PackageManager( 1921): Cannot whitelist unknown permission: com.google.android.hangouts.START_HANGOUT
06-18 12:08:39.166 W/PackageManager( 1921): Cannot whitelist unknown permission: com.android.chrome.PRERENDER_URL
06-18 12:08:39.166 W/PackageManager( 1921): Cannot whitelist unknown permission: com.google.android.apps.gsa.nga.permissions.EDIT_PREFERENCES
06-18 12:08:39.166 W/PackageManager( 1921): Cannot whitelist unknown permission: com.google.android.launcher.permission.CONTENT_REDIRECT
06-18 12:08:39.166 W/PackageManager( 1921): Cannot whitelist unknown permission: com.google.android.voicesearch.SHORTCUTS_ACCESS
06-18 12:08:39.166 W/PackageManager( 1921): Cannot whitelist unknown permission: com.google.android.voicesearch.ACCESS_SETTINGS
06-18 12:08:39.166 W/PackageManager( 1921): Cannot whitelist unknown permission: com.android.browser.permission.PRELOAD
06-18 12:08:39.166 W/PackageManager( 1921): Cannot whitelist unknown permission: com.google.android.ears.permission.WRITE
06-18 12:08:39.166 W/PackageManager( 1921): Cannot whitelist unknown permission: com.google.googlenav.friend.permission.OPT_IN
06-18 12:08:39.166 W/PackageManager( 1921): Cannot whitelist unknown permission: com.google.android.apps.googlevoice.permission.AUTO_SEND
06-18 12:08:39.167 W/PackageManager( 1921): Cannot whitelist unknown permission: com.google.android.hangouts.START_HANGOUT
06-18 12:08:39.167 W/PackageManager( 1921): Cannot whitelist unknown permission: com.android.chrome.PRERENDER_URL
06-18 12:08:39.167 W/PackageManager( 1921): Cannot whitelist unknown permission: com.google.android.apps.gsa.nga.permissions.EDIT_PREFERENCES
06-18 12:08:39.169 W/PackageManager( 1921): Cannot whitelist unknown permission: com.google.android.launcher.permission.CONTENT_REDIRECT
06-18 12:08:39.169 W/PackageManager( 1921): Cannot whitelist unknown permission: com.google.android.voicesearch.SHORTCUTS_ACCESS
06-18 12:08:39.169 W/PackageManager( 1921): Cannot whitelist unknown permission: com.google.android.voicesearch.ACCESS_SETTINGS
06-18 12:08:39.169 W/PackageManager( 1921): Cannot whitelist unknown permission: com.android.browser.permission.PRELOAD
06-18 12:08:39.169 W/PackageManager( 1921): Cannot whitelist unknown permission: com.google.android.ears.permission.WRITE
06-18 12:08:39.169 W/PackageManager( 1921): Cannot whitelist unknown permission: com.google.googlenav.friend.permission.OPT_IN
06-18 12:08:39.169 W/PackageManager( 1921): Cannot whitelist unknown permission: com.google.android.apps.googlevoice.permission.AUTO_SEND
06-18 12:08:39.169 W/PackageManager( 1921): Cannot whitelist unknown permission: com.google.android.hangouts.START_HANGOUT
06-18 12:08:39.169 W/PackageManager( 1921): Cannot whitelist unknown permission: com.android.chrome.PRERENDER_URL
06-18 12:08:39.169 W/PackageManager( 1921): Cannot whitelist unknown permission: com.google.android.apps.gsa.nga.permissions.EDIT_PREFERENCES
06-18 12:08:39.170 W/PackageManager( 1921): Cannot whitelist unknown permission: com.google.android.launcher.permission.CONTENT_REDIRECT
06-18 12:08:39.170 W/PackageManager( 1921): Cannot whitelist unknown permission: com.google.android.voicesearch.SHORTCUTS_ACCESS
06-18 12:08:39.170 W/PackageManager( 1921): Cannot whitelist unknown permission: com.google.android.voicesearch.ACCESS_SETTINGS
06-18 12:08:39.170 W/PackageManager( 1921): Cannot whitelist unknown permission: com.android.browser.permission.PRELOAD
06-18 12:08:39.170 W/PackageManager( 1921): Cannot whitelist unknown permission: com.google.android.ears.permission.WRITE
06-18 12:08:39.170 W/PackageManager( 1921): Cannot whitelist unknown permission: com.google.googlenav.friend.permission.OPT_IN
06-18 12:08:39.170 W/PackageManager( 1921): Cannot whitelist unknown permission: com.google.android.apps.googlevoice.permission.AUTO_SEND
06-18 12:08:39.170 W/PackageManager( 1921): Cannot whitelist unknown permission: com.google.android.hangouts.START_HANGOUT
06-18 12:08:39.170 W/PackageManager( 1921): Cannot whitelist unknown permission: com.android.chrome.PRERENDER_URL
06-18 12:08:39.170 W/PackageManager( 1921): Cannot whitelist unknown permission: com.google.android.apps.gsa.nga.permissions.EDIT_PREFERENCES
06-18 12:08:39.174 W/PackageManager( 1921): Cannot whitelist unknown permission: com.google.android.launcher.permission.CONTENT_REDIRECT
06-18 12:08:39.174 W/PackageManager( 1921): Cannot whitelist unknown permission: com.google.android.voicesearch.SHORTCUTS_ACCESS
06-18 12:08:39.174 W/PackageManager( 1921): Cannot whitelist unknown permission: com.google.android.voicesearch.ACCESS_SETTINGS
06-18 12:08:39.174 W/PackageManager( 1921): Cannot whitelist unknown permission: com.android.browser.permission.PRELOAD
06-18 12:08:39.174 W/PackageManager( 1921): Cannot whitelist unknown permission: com.google.android.ears.permission.WRITE
06-18 12:08:39.174 W/PackageManager( 1921): Cannot whitelist unknown permission: com.google.googlenav.friend.permission.OPT_IN
06-18 12:08:39.174 W/PackageManager( 1921): Cannot whitelist unknown permission: com.google.android.apps.googlevoice.permission.AUTO_SEND
06-18 12:08:39.174 W/PackageManager( 1921): Cannot whitelist unknown permission: com.google.android.hangouts.START_HANGOUT
06-18 12:08:39.174 W/PackageManager( 1921): Cannot whitelist unknown permission: com.android.chrome.PRERENDER_URL
06-18 12:08:39.174 W/PackageManager( 1921): Cannot whitelist unknown permission: com.google.android.apps.gsa.nga.permissions.EDIT_PREFERENCES
06-18 12:08:39.177 I/PackageManager( 1921): Un-granting permission com.google.android.googleapps.permission.GOOGLE_AUTH from package com.android.providers.calendar (protectionLevel=2 flags=0x30883e45)
06-18 12:08:39.177 I/PackageManager( 1921): Un-granting permission com.google.android.googleapps.permission.GOOGLE_AUTH.cl from package com.android.providers.calendar (protectionLevel=2 flags=0x30883e45)
06-18 12:08:39.178 I/PackageManager( 1921): Un-granting permission com.google.android.googleapps.permission.GOOGLE_AUTH from package com.android.providers.calendar (protectionLevel=2 flags=0x30883e45)
06-18 12:08:39.178 I/PackageManager( 1921): Un-granting permission com.google.android.googleapps.permission.GOOGLE_AUTH.cl from package com.android.providers.calendar (protectionLevel=2 flags=0x30883e45)
06-18 12:08:39.184 I/PackageManager( 1921): Un-granting permission android.permission.WRITE_SECURE_SETTINGS from package com.google.android.apps.enterprise.dmagent (protectionLevel=50 flags=0x30883e05)
06-18 12:08:39.184 I/PackageManager( 1921): Un-granting permission android.permission.CONNECTIVITY_INTERNAL from package com.google.android.apps.enterprise.dmagent (protectionLevel=18 flags=0x30883e05)
06-18 12:08:39.184 I/PackageManager( 1921): Un-granting permission android.permission.MANAGE_USB from package com.google.android.apps.enterprise.dmagent (protectionLevel=18 flags=0x30883e05)
06-18 12:08:39.184 I/PackageManager( 1921): Un-granting permission android.permission.CHANGE_COMPONENT_ENABLED_STATE from package com.google.android.apps.enterprise.dmagent (protectionLevel=18 flags=0x30883e05)
06-18 12:08:39.184 I/PackageManager( 1921): Un-granting permission android.permission.MANAGE_CA_CERTIFICATES from package com.google.android.apps.enterprise.dmagent (protectionLevel=18 flags=0x30883e05)
06-18 12:08:39.184 I/PackageManager( 1921): Un-granting permission android.permission.MANAGE_USERS from package com.google.android.apps.enterprise.dmagent (protectionLevel=18 flags=0x30883e05)
06-18 12:08:39.189 W/PackageManager( 1921): Cannot whitelist unknown permission: com.google.android.ims.LOG_ACCESS
06-18 12:08:39.189 W/PackageManager( 1921): Cannot whitelist unknown permission: com.cequint.ecid.CALLER_ID_EXTERNAL_LOOKUP_SMS
06-18 12:08:39.189 W/PackageManager( 1921): Cannot whitelist unknown permission: com.sec.android.provider.badge.permission.READ
06-18 12:08:39.189 W/PackageManager( 1921): Cannot whitelist unknown permission: com.sec.android.provider.badge.permission.WRITE
06-18 12:08:39.189 W/PackageManager( 1921): Cannot whitelist unknown permission: com.htc.launcher.permission.READ_SETTINGS
06-18 12:08:39.189 W/PackageManager( 1921): Cannot whitelist unknown permission: com.htc.launcher.permission.UPDATE_SHORTCUT
06-18 12:08:39.189 W/PackageManager( 1921): Cannot whitelist unknown permission: com.sonyericsson.home.permission.BROADCAST_BADGE
06-18 12:08:39.189 W/PackageManager( 1921): Cannot whitelist unknown permission: com.sonymobile.home.permission.PROVIDER_INSERT_BADGE
06-18 12:08:39.189 W/PackageManager( 1921): Cannot whitelist unknown permission: com.sonymobile.launcher.permission.PROVIDER_INSERT_BADGE
06-18 12:08:39.189 W/PackageManager( 1921): Cannot whitelist unknown permission: com.anddoes.launcher.permission.UPDATE_COUNT
06-18 12:08:39.189 W/PackageManager( 1921): Cannot whitelist unknown permission: com.majeur.launcher.permission.UPDATE_BADGE
06-18 12:08:39.189 W/PackageManager( 1921): Cannot whitelist unknown permission: com.huawei.android.launcher.permission.CHANGE_BADGE
06-18 12:08:39.189 W/PackageManager( 1921): Cannot whitelist unknown permission: com.huawei.android.launcher.permission.READ_SETTINGS
06-18 12:08:39.189 W/PackageManager( 1921): Cannot whitelist unknown permission: com.huawei.android.launcher.permission.WRITE_SETTINGS
06-18 12:08:39.189 W/PackageManager( 1921): Cannot whitelist unknown permission: android.permission.READ_APP_BADGE
06-18 12:08:39.189 W/PackageManager( 1921): Cannot whitelist unknown permission: com.oppo.launcher.permission.READ_SETTINGS
06-18 12:08:39.189 W/PackageManager( 1921): Cannot whitelist unknown permission: com.oppo.launcher.permission.WRITE_SETTINGS
06-18 12:08:39.189 I/PackageManager( 1921): Un-granting permission com.google.android.setupwizard.READ_DEVICE_ORIGIN from package com.google.android.apps.messaging (protectionLevel=18 flags=0x38cbbe45)
06-18 12:08:39.190 W/PackageManager( 1921): Cannot whitelist unknown permission: com.google.android.ims.LOG_ACCESS
06-18 12:08:39.190 W/PackageManager( 1921): Cannot whitelist unknown permission: com.cequint.ecid.CALLER_ID_EXTERNAL_LOOKUP_SMS
06-18 12:08:39.190 W/PackageManager( 1921): Cannot whitelist unknown permission: com.sec.android.provider.badge.permission.READ
06-18 12:08:39.190 W/PackageManager( 1921): Cannot whitelist unknown permission: com.sec.android.provider.badge.permission.WRITE
06-18 12:08:39.190 W/PackageManager( 1921): Cannot whitelist unknown permission: com.htc.launcher.permission.READ_SETTINGS
06-18 12:08:39.190 W/PackageManager( 1921): Cannot whitelist unknown permission: com.htc.launcher.permission.UPDATE_SHORTCUT
06-18 12:08:39.190 W/PackageManager( 1921): Cannot whitelist unknown permission: com.sonyericsson.home.permission.BROADCAST_BADGE
06-18 12:08:39.190 W/PackageManager( 1921): Cannot whitelist unknown permission: com.sonymobile.home.permission.PROVIDER_INSERT_BADGE
06-18 12:08:39.190 W/PackageManager( 1921): Cannot whitelist unknown permission: com.sonymobile.launcher.permission.PROVIDER_INSERT_BADGE
06-18 12:08:39.190 W/PackageManager( 1921): Cannot whitelist unknown permission: com.anddoes.launcher.permission.UPDATE_COUNT
06-18 12:08:39.190 W/PackageManager( 1921): Cannot whitelist unknown permission: com.majeur.launcher.permission.UPDATE_BADGE
06-18 12:08:39.190 W/PackageManager( 1921): Cannot whitelist unknown permission: com.huawei.android.launcher.permission.CHANGE_BADGE
06-18 12:08:39.190 W/PackageManager( 1921): Cannot whitelist unknown permission: com.huawei.android.launcher.permission.READ_SETTINGS
06-18 12:08:39.190 W/PackageManager( 1921): Cannot whitelist unknown permission: com.huawei.android.launcher.permission.WRITE_SETTINGS
06-18 12:08:39.190 W/PackageManager( 1921): Cannot whitelist unknown permission: android.permission.READ_APP_BADGE
06-18 12:08:39.190 W/PackageManager( 1921): Cannot whitelist unknown permission: com.oppo.launcher.permission.READ_SETTINGS
06-18 12:08:39.190 W/PackageManager( 1921): Cannot whitelist unknown permission: com.oppo.launcher.permission.WRITE_SETTINGS
06-18 12:08:39.190 I/PackageManager( 1921): Un-granting permission com.google.android.setupwizard.READ_DEVICE_ORIGIN from package com.google.android.apps.messaging (protectionLevel=18 flags=0x38cbbe45)
06-18 12:08:39.190 W/PackageManager( 1921): Cannot whitelist unknown permission: com.google.android.ims.LOG_ACCESS
06-18 12:08:39.190 W/PackageManager( 1921): Cannot whitelist unknown permission: com.cequint.ecid.CALLER_ID_EXTERNAL_LOOKUP_SMS
06-18 12:08:39.190 W/PackageManager( 1921): Cannot whitelist unknown permission: com.sec.android.provider.badge.permission.READ
06-18 12:08:39.190 W/PackageManager( 1921): Cannot whitelist unknown permission: com.sec.android.provider.badge.permission.WRITE
06-18 12:08:39.190 W/PackageManager( 1921): Cannot whitelist unknown permission: com.htc.launcher.permission.READ_SETTINGS
06-18 12:08:39.190 W/PackageManager( 1921): Cannot whitelist unknown permission: com.htc.launcher.permission.UPDATE_SHORTCUT
06-18 12:08:39.190 W/PackageManager( 1921): Cannot whitelist unknown permission: com.sonyericsson.home.permission.BROADCAST_BADGE
06-18 12:08:39.190 W/PackageManager( 1921): Cannot whitelist unknown permission: com.sonymobile.home.permission.PROVIDER_INSERT_BADGE
06-18 12:08:39.190 W/PackageManager( 1921): Cannot whitelist unknown permission: com.sonymobile.launcher.permission.PROVIDER_INSERT_BADGE
06-18 12:08:39.190 W/PackageManager( 1921): Cannot whitelist unknown permission: com.anddoes.launcher.permission.UPDATE_COUNT
06-18 12:08:39.191 W/PackageManager( 1921): Cannot whitelist unknown permission: com.majeur.launcher.permission.UPDATE_BADGE
06-18 12:08:39.191 W/PackageManager( 1921): Cannot whitelist unknown permission: com.huawei.android.launcher.permission.CHANGE_BADGE
06-18 12:08:39.191 W/PackageManager( 1921): Cannot whitelist unknown permission: com.huawei.android.launcher.permission.READ_SETTINGS
06-18 12:08:39.191 W/PackageManager( 1921): Cannot whitelist unknown permission: com.huawei.android.launcher.permission.WRITE_SETTINGS
06-18 12:08:39.191 W/PackageManager( 1921): Cannot whitelist unknown permission: android.permission.READ_APP_BADGE
06-18 12:08:39.191 W/PackageManager( 1921): Cannot whitelist unknown permission: com.oppo.launcher.permission.READ_SETTINGS
06-18 12:08:39.191 W/PackageManager( 1921): Cannot whitelist unknown permission: com.oppo.launcher.permission.WRITE_SETTINGS
06-18 12:08:39.191 I/PackageManager( 1921): Un-granting permission com.google.android.setupwizard.READ_DEVICE_ORIGIN from package com.google.android.apps.messaging (protectionLevel=18 flags=0x38cbbe45)
06-18 12:08:39.191 W/PackageManager( 1921): Cannot whitelist unknown permission: com.google.android.ims.LOG_ACCESS
06-18 12:08:39.191 W/PackageManager( 1921): Cannot whitelist unknown permission: com.cequint.ecid.CALLER_ID_EXTERNAL_LOOKUP_SMS
06-18 12:08:39.191 W/PackageManager( 1921): Cannot whitelist unknown permission: com.sec.android.provider.badge.permission.READ
06-18 12:08:39.191 W/PackageManager( 1921): Cannot whitelist unknown permission: com.sec.android.provider.badge.permission.WRITE
06-18 12:08:39.191 W/PackageManager( 1921): Cannot whitelist unknown permission: com.htc.launcher.permission.READ_SETTINGS
06-18 12:08:39.191 W/PackageManager( 1921): Cannot whitelist unknown permission: com.htc.launcher.permission.UPDATE_SHORTCUT
06-18 12:08:39.191 W/PackageManager( 1921): Cannot whitelist unknown permission: com.sonyericsson.home.permission.BROADCAST_BADGE
06-18 12:08:39.191 W/PackageManager( 1921): Cannot whitelist unknown permission: com.sonymobile.home.permission.PROVIDER_INSERT_BADGE
06-18 12:08:39.191 W/PackageManager( 1921): Cannot whitelist unknown permission: com.sonymobile.launcher.permission.PROVIDER_INSERT_BADGE
06-18 12:08:39.191 W/PackageManager( 1921): Cannot whitelist unknown permission: com.anddoes.launcher.permission.UPDATE_COUNT
06-18 12:08:39.191 W/PackageManager( 1921): Cannot whitelist unknown permission: com.majeur.launcher.permission.UPDATE_BADGE
06-18 12:08:39.191 W/PackageManager( 1921): Cannot whitelist unknown permission: com.huawei.android.launcher.permission.CHANGE_BADGE
06-18 12:08:39.191 W/PackageManager( 1921): Cannot whitelist unknown permission: com.huawei.android.launcher.permission.READ_SETTINGS
06-18 12:08:39.191 W/PackageManager( 1921): Cannot whitelist unknown permission: com.huawei.android.launcher.permission.WRITE_SETTINGS
06-18 12:08:39.191 W/PackageManager( 1921): Cannot whitelist unknown permission: android.permission.READ_APP_BADGE
06-18 12:08:39.191 W/PackageManager( 1921): Cannot whitelist unknown permission: com.oppo.launcher.permission.READ_SETTINGS
06-18 12:08:39.191 W/PackageManager( 1921): Cannot whitelist unknown permission: com.oppo.launcher.permission.WRITE_SETTINGS
06-18 12:08:39.191 I/PackageManager( 1921): Un-granting permission com.google.android.setupwizard.READ_DEVICE_ORIGIN from package com.google.android.apps.messaging (protectionLevel=18 flags=0x38cbbe45)
06-18 12:08:39.192 W/PackageManager( 1921): Cannot whitelist unknown permission: com.google.android.ims.LOG_ACCESS
06-18 12:08:39.192 W/PackageManager( 1921): Cannot whitelist unknown permission: com.cequint.ecid.CALLER_ID_EXTERNAL_LOOKUP_SMS
06-18 12:08:39.192 W/PackageManager( 1921): Cannot whitelist unknown permission: com.sec.android.provider.badge.permission.READ
06-18 12:08:39.192 W/PackageManager( 1921): Cannot whitelist unknown permission: com.sec.android.provider.badge.permission.WRITE
06-18 12:08:39.192 W/PackageManager( 1921): Cannot whitelist unknown permission: com.htc.launcher.permission.READ_SETTINGS
06-18 12:08:39.192 W/PackageManager( 1921): Cannot whitelist unknown permission: com.htc.launcher.permission.UPDATE_SHORTCUT
06-18 12:08:39.192 W/PackageManager( 1921): Cannot whitelist unknown permission: com.sonyericsson.home.permission.BROADCAST_BADGE
06-18 12:08:39.192 W/PackageManager( 1921): Cannot whitelist unknown permission: com.sonymobile.home.permission.PROVIDER_INSERT_BADGE
06-18 12:08:39.192 W/PackageManager( 1921): Cannot whitelist unknown permission: com.sonymobile.launcher.permission.PROVIDER_INSERT_BADGE
06-18 12:08:39.192 W/PackageManager( 1921): Cannot whitelist unknown permission: com.anddoes.launcher.permission.UPDATE_COUNT
06-18 12:08:39.192 W/PackageManager( 1921): Cannot whitelist unknown permission: com.majeur.launcher.permission.UPDATE_BADGE
06-18 12:08:39.192 W/PackageManager( 1921): Cannot whitelist unknown permission: com.huawei.android.launcher.permission.CHANGE_BADGE
06-18 12:08:39.192 W/PackageManager( 1921): Cannot whitelist unknown permission: com.huawei.android.launcher.permission.READ_SETTINGS
06-18 12:08:39.192 W/PackageManager( 1921): Cannot whitelist unknown permission: com.huawei.android.launcher.permission.WRITE_SETTINGS
06-18 12:08:39.192 W/PackageManager( 1921): Cannot whitelist unknown permission: android.permission.READ_APP_BADGE
06-18 12:08:39.192 W/PackageManager( 1921): Cannot whitelist unknown permission: com.oppo.launcher.permission.READ_SETTINGS
06-18 12:08:39.192 W/PackageManager( 1921): Cannot whitelist unknown permission: com.oppo.launcher.permission.WRITE_SETTINGS
06-18 12:08:39.192 I/PackageManager( 1921): Un-granting permission com.google.android.setupwizard.READ_DEVICE_ORIGIN from package com.google.android.apps.messaging (protectionLevel=18 flags=0x38cbbe45)
06-18 12:08:39.194 W/PackageManager( 1921): Cannot whitelist unknown permission: com.google.android.ims.LOG_ACCESS
06-18 12:08:39.194 W/PackageManager( 1921): Cannot whitelist unknown permission: com.cequint.ecid.CALLER_ID_EXTERNAL_LOOKUP_SMS
06-18 12:08:39.194 W/PackageManager( 1921): Cannot whitelist unknown permission: com.sec.android.provider.badge.permission.READ
06-18 12:08:39.194 W/PackageManager( 1921): Cannot whitelist unknown permission: com.sec.android.provider.badge.permission.WRITE
06-18 12:08:39.194 W/PackageManager( 1921): Cannot whitelist unknown permission: com.htc.launcher.permission.READ_SETTINGS
06-18 12:08:39.194 W/PackageManager( 1921): Cannot whitelist unknown permission: com.htc.launcher.permission.UPDATE_SHORTCUT
06-18 12:08:39.194 W/PackageManager( 1921): Cannot whitelist unknown permission: com.sonyericsson.home.permission.BROADCAST_BADGE
06-18 12:08:39.194 W/PackageManager( 1921): Cannot whitelist unknown permission: com.sonymobile.home.permission.PROVIDER_INSERT_BADGE
06-18 12:08:39.194 W/PackageManager( 1921): Cannot whitelist unknown permission: com.sonymobile.launcher.permission.PROVIDER_INSERT_BADGE
06-18 12:08:39.194 W/PackageManager( 1921): Cannot whitelist unknown permission: com.anddoes.launcher.permission.UPDATE_COUNT
06-18 12:08:39.194 W/PackageManager( 1921): Cannot whitelist unknown permission: com.majeur.launcher.permission.UPDATE_BADGE
06-18 12:08:39.194 W/PackageManager( 1921): Cannot whitelist unknown permission: com.huawei.android.launcher.permission.CHANGE_BADGE
06-18 12:08:39.194 W/PackageManager( 1921): Cannot whitelist unknown permission: com.huawei.android.launcher.permission.READ_SETTINGS
06-18 12:08:39.194 W/PackageManager( 1921): Cannot whitelist unknown permission: com.huawei.android.launcher.permission.WRITE_SETTINGS
06-18 12:08:39.194 W/PackageManager( 1921): Cannot whitelist unknown permission: android.permission.READ_APP_BADGE
06-18 12:08:39.194 W/PackageManager( 1921): Cannot whitelist unknown permission: com.oppo.launcher.permission.READ_SETTINGS
06-18 12:08:39.194 W/PackageManager( 1921): Cannot whitelist unknown permission: com.oppo.launcher.permission.WRITE_SETTINGS
06-18 12:08:39.194 I/PackageManager( 1921): Un-granting permission com.google.android.setupwizard.READ_DEVICE_ORIGIN from package com.google.android.apps.messaging (protectionLevel=18 flags=0x38cbbe45)
06-18 12:08:39.194 W/PackageManager( 1921): Cannot whitelist unknown permission: com.google.android.ims.LOG_ACCESS
06-18 12:08:39.194 W/PackageManager( 1921): Cannot whitelist unknown permission: com.cequint.ecid.CALLER_ID_EXTERNAL_LOOKUP_SMS
06-18 12:08:39.194 W/PackageManager( 1921): Cannot whitelist unknown permission: com.sec.android.provider.badge.permission.READ
06-18 12:08:39.194 W/PackageManager( 1921): Cannot whitelist unknown permission: com.sec.android.provider.badge.permission.WRITE
06-18 12:08:39.194 W/PackageManager( 1921): Cannot whitelist unknown permission: com.htc.launcher.permission.READ_SETTINGS
06-18 12:08:39.195 W/PackageManager( 1921): Cannot whitelist unknown permission: com.htc.launcher.permission.UPDATE_SHORTCUT
06-18 12:08:39.195 W/PackageManager( 1921): Cannot whitelist unknown permission: com.sonyericsson.home.permission.BROADCAST_BADGE
06-18 12:08:39.195 W/PackageManager( 1921): Cannot whitelist unknown permission: com.sonymobile.home.permission.PROVIDER_INSERT_BADGE
06-18 12:08:39.195 W/PackageManager( 1921): Cannot whitelist unknown permission: com.sonymobile.launcher.permission.PROVIDER_INSERT_BADGE
06-18 12:08:39.195 W/PackageManager( 1921): Cannot whitelist unknown permission: com.anddoes.launcher.permission.UPDATE_COUNT
06-18 12:08:39.195 W/PackageManager( 1921): Cannot whitelist unknown permission: com.majeur.launcher.permission.UPDATE_BADGE
06-18 12:08:39.195 W/PackageManager( 1921): Cannot whitelist unknown permission: com.huawei.android.launcher.permission.CHANGE_BADGE
06-18 12:08:39.195 W/PackageManager( 1921): Cannot whitelist unknown permission: com.huawei.android.launcher.permission.READ_SETTINGS
06-18 12:08:39.195 W/PackageManager( 1921): Cannot whitelist unknown permission: com.huawei.android.launcher.permission.WRITE_SETTINGS
06-18 12:08:39.195 W/PackageManager( 1921): Cannot whitelist unknown permission: android.permission.READ_APP_BADGE
06-18 12:08:39.195 W/PackageManager( 1921): Cannot whitelist unknown permission: com.oppo.launcher.permission.READ_SETTINGS
06-18 12:08:39.195 W/PackageManager( 1921): Cannot whitelist unknown permission: com.oppo.launcher.permission.WRITE_SETTINGS
06-18 12:08:39.195 I/PackageManager( 1921): Un-granting permission com.google.android.setupwizard.READ_DEVICE_ORIGIN from package com.google.android.apps.messaging (protectionLevel=18 flags=0x38cbbe45)
06-18 12:08:39.198 W/PackageManager( 1921): Cannot whitelist unknown permission: com.google.android.ims.LOG_ACCESS
06-18 12:08:39.198 W/PackageManager( 1921): Cannot whitelist unknown permission: com.cequint.ecid.CALLER_ID_EXTERNAL_LOOKUP_SMS
06-18 12:08:39.198 W/PackageManager( 1921): Cannot whitelist unknown permission: com.sec.android.provider.badge.permission.READ
06-18 12:08:39.198 W/PackageManager( 1921): Cannot whitelist unknown permission: com.sec.android.provider.badge.permission.WRITE
06-18 12:08:39.198 W/PackageManager( 1921): Cannot whitelist unknown permission: com.htc.launcher.permission.READ_SETTINGS
06-18 12:08:39.198 W/PackageManager( 1921): Cannot whitelist unknown permission: com.htc.launcher.permission.UPDATE_SHORTCUT
06-18 12:08:39.198 W/PackageManager( 1921): Cannot whitelist unknown permission: com.sonyericsson.home.permission.BROADCAST_BADGE
06-18 12:08:39.198 W/PackageManager( 1921): Cannot whitelist unknown permission: com.sonymobile.home.permission.PROVIDER_INSERT_BADGE
06-18 12:08:39.198 W/PackageManager( 1921): Cannot whitelist unknown permission: com.sonymobile.launcher.permission.PROVIDER_INSERT_BADGE
06-18 12:08:39.198 W/PackageManager( 1921): Cannot whitelist unknown permission: com.anddoes.launcher.permission.UPDATE_COUNT
06-18 12:08:39.198 W/PackageManager( 1921): Cannot whitelist unknown permission: com.majeur.launcher.permission.UPDATE_BADGE
06-18 12:08:39.198 W/PackageManager( 1921): Cannot whitelist unknown permission: com.huawei.android.launcher.permission.CHANGE_BADGE
06-18 12:08:39.198 W/PackageManager( 1921): Cannot whitelist unknown permission: com.huawei.android.launcher.permission.READ_SETTINGS
06-18 12:08:39.198 W/PackageManager( 1921): Cannot whitelist unknown permission: com.huawei.android.launcher.permission.WRITE_SETTINGS
06-18 12:08:39.198 W/PackageManager( 1921): Cannot whitelist unknown permission: android.permission.READ_APP_BADGE
06-18 12:08:39.198 W/PackageManager( 1921): Cannot whitelist unknown permission: com.oppo.launcher.permission.READ_SETTINGS
06-18 12:08:39.198 W/PackageManager( 1921): Cannot whitelist unknown permission: com.oppo.launcher.permission.WRITE_SETTINGS
06-18 12:08:39.199 I/PackageManager( 1921): Un-granting permission com.google.android.setupwizard.READ_DEVICE_ORIGIN from package com.google.android.apps.messaging (protectionLevel=18 flags=0x38cbbe45)
06-18 12:08:39.201 I/wpa_supplicant( 2157): rfkill: Cannot get wiphy information
06-18 12:08:39.202 I/android_os_HwBinder( 1921): HwBinder: Starting thread pool for getting: android.hardware.wifi.supplicant@1.0::ISupplicant/default
06-18 12:08:39.203 I/SupplicantStaIfaceHal( 1921): Completed initialization of ISupplicant.
06-18 12:08:39.204 I/android.hardware.wifi@1.0-service( 1704): Adding interface handle for wlan0
06-18 12:08:39.204 W/android.hardware.wifi@1.0-service( 1704): No active wlan interfaces in use! Using default
06-18 12:08:39.204 E/android.hardware.wifi@1.0-service( 1704): Failed to register radio mode change callback
06-18 12:08:39.204 W/android.hardware.wifi@1.0-service( 1704): No active wlan interfaces in use! Using default
06-18 12:08:39.218 I/PackageManager( 1921): Un-granting permission android.permission.BIND_WALLPAPER from package com.android.camera2 (protectionLevel=18 flags=0x20d8bc45)
06-18 12:08:39.220 I/chatty  ( 1921): uid=1000(system) Binder:1921_4 identical 1 line
06-18 12:08:39.221 I/PackageManager( 1921): Un-granting permission android.permission.BIND_WALLPAPER from package com.android.camera2 (protectionLevel=18 flags=0x20d8bc45)
06-18 12:08:39.223 I/SystemConfig( 2064): Adding association: com.google.android.as <- com.android.providers.contacts
06-18 12:08:39.223 I/SystemConfig( 2064): Adding association: com.google.android.as <- com.android.providers.media
06-18 12:08:39.223 I/SystemConfig( 2064): Adding association: com.google.android.as <- com.android.providers.telephony
06-18 12:08:39.223 I/SystemConfig( 2064): Adding association: com.google.android.as <- com.android.systemui
06-18 12:08:39.223 I/SystemConfig( 2064): Adding association: com.google.android.as <- com.google.android.gms
06-18 12:08:39.223 I/SystemConfig( 2064): Adding association: com.google.android.as <- com.google.android.gsf
06-18 12:08:39.225 W/SystemConfig( 2064): No directory /product_services/etc/sysconfig, skipping
06-18 12:08:39.225 W/SystemConfig( 2064): No directory /product_services/etc/permissions, skipping
06-18 12:08:39.225 W/PackageManager( 1921): Cannot whitelist unknown permission: android.permission.NFC_UNLOCK
06-18 12:08:39.227 W/libc    ( 1704): Unable to set property "vendor.wlan.firmware.version" to "1.0": error code: 0x18
06-18 12:08:39.227 W/PackageManager( 1921): Cannot whitelist unknown permission: android.permission.NFC_UNLOCK
06-18 12:08:39.233 W/PackageManager( 1921): Cannot whitelist unknown permission: com.google.android.email.permission.ACCESS_PROVIDER
06-18 12:08:39.233 W/PackageManager( 1921): Cannot whitelist unknown permission: com.google.android.gm.exchange.BIND
06-18 12:08:39.233 W/PackageManager( 1921): Cannot whitelist unknown permission: com.android.email.partnerprovider.PARTNER_PROVIDER
