06-20 07:35:36.168 V/apexd   ( 1641): Found bundled key in package /system/apex/com.android.apex.cts.shim.apex
06-20 07:35:36.168 E/apexd   ( 1641): Can't open /product/apex for reading : No such file or directory
06-20 07:35:36.187 I/PackageManager( 1918): /system/product/overlay/FontNotoSerifSource changed; collecting certs
06-20 07:35:36.188 I/PackageManager( 1918): /system/product/overlay/EmulationPixel4a changed; collecting certs
06-20 07:35:36.189 I/PackageManager( 1918): /system/product/overlay/IconShapeRoundedRect changed; collecting certs
06-20 07:35:36.190 I/PackageManager( 1918): /system/product/overlay/AccentColorGreen changed; collecting certs
06-20 07:35:36.191 I/PackageManager( 1918): /system/product/overlay/PixelConfigOverlayCommon.apk changed; collecting certs
06-20 07:35:36.193 I/PackageManager( 1918): /system/product/overlay/IconPackFilledThemePicker changed; collecting certs
06-20 07:35:36.195 I/PackageManager( 1918): /system/product/overlay/GoogleConfigOverlay.apk changed; collecting certs
06-20 07:35:36.197 I/PackageManager( 1918): /system/product/overlay/IconShapeTeardrop changed; collecting certs
06-20 07:35:36.197 I/PackageManager( 1918): /system/product/overlay/IconPackRoundedSettings changed; collecting certs
06-20 07:35:36.199 I/PackageManager( 1918): /system/product/overlay/AccentColorOcean changed; collecting certs
06-20 07:35:36.200 I/PackageManager( 1918): /system/product/overlay/AccentColorOrchid changed; collecting certs
06-20 07:35:36.201 I/PackageManager( 1918): /system/product/overlay/NavigationBarModeGesturalNarrowBack changed; collecting certs
06-20 07:35:36.202 I/PackageManager( 1918): /system/product/overlay/IconPackFilledSystemUI changed; collecting certs
06-20 07:35:36.204 I/PackageManager( 1918): /system/product/overlay/AccentColorBlack changed; collecting certs
06-20 07:35:36.204 I/PackageManager( 1918): /system/product/overlay/NavigationBarModeGestural changed; collecting certs
06-20 07:35:36.206 I/PackageManager( 1918): /system/product/overlay/IconPackFilledSettings changed; collecting certs
06-20 07:35:36.207 I/PackageManager( 1918): /system/product/overlay/EmulationPixel4XL changed; collecting certs
06-20 07:35:36.208 I/PackageManager( 1918): /system/product/overlay/DisplayCutoutEmulationTall changed; collecting certs
06-20 07:35:36.209 I/PackageManager( 1918): /system/product/overlay/IconPackCircularSystemUI changed; collecting certs
06-20 07:35:36.211 I/PackageManager( 1918): /system/product/overlay/NavigationBarMode3Button changed; collecting certs
06-20 07:35:36.211 I/PackageManager( 1918): /system/product/overlay/SystemUIEmulationPixel4XL changed; collecting certs
06-20 07:35:36.213 I/PackageManager( 1918): /system/product/overlay/SystemUIEmulationPixel4 changed; collecting certs
06-20 07:35:36.213 I/PackageManager( 1918): /system/product/overlay/EmulatorConfigOverlay.apk changed; collecting certs
06-20 07:35:36.215 I/PackageManager( 1918): /system/product/overlay/NavigationBarModeGesturalExtraWideBack changed; collecting certs
06-20 07:35:36.216 I/PackageManager( 1918): /system/product/overlay/DisplayCutoutEmulationDouble changed; collecting certs
06-20 07:35:36.218 I/PackageManager( 1918): /system/product/overlay/IconShapeSquircle changed; collecting certs
06-20 07:35:36.218 I/PackageManager( 1918): /system/product/overlay/IconPackRoundedAndroid changed; collecting certs
06-20 07:35:36.220 I/PackageManager( 1918): /system/product/overlay/DisplayCutoutEmulationEmu01 changed; collecting certs
06-20 07:35:36.221 I/PackageManager( 1918): /system/product/overlay/IconPackFilledLauncher changed; collecting certs
06-20 07:35:36.222 I/PackageManager( 1918): /system/product/overlay/SystemUIEmulationPixel3aXL changed; collecting certs
06-20 07:35:36.223 I/PackageManager( 1918): /system/product/overlay/DisplayCutoutEmulationCorner changed; collecting certs
06-20 07:35:36.244 I/ServiceManager( 1789): Waiting for service 'package_native' on '/dev/binder'...
06-20 07:35:36.255 I/PackageManager( 1918): /system/product/overlay/AccentColorCinnamon changed; collecting certs
06-20 07:35:36.257 I/PackageManager( 1918): /system/product/overlay/SystemUIEmulationPixel2XL changed; collecting certs
06-20 07:35:36.259 I/PackageManager( 1918): /system/product/overlay/SystemUIEmulationPixel4a changed; collecting certs
06-20 07:35:36.260 I/PackageManager( 1918): /system/product/overlay/IconPackRoundedSystemUI changed; collecting certs
06-20 07:35:36.262 I/PackageManager( 1918): /system/product/overlay/SystemUIEmulationPixel3a changed; collecting certs
06-20 07:35:36.263 I/PackageManager( 1918): /system/product/overlay/IconPackCircularSettings changed; collecting certs
06-20 07:35:36.265 I/PackageManager( 1918): /system/product/overlay/IconPackCircularLauncher changed; collecting certs
06-20 07:35:36.266 I/PackageManager( 1918): /system/product/overlay/GoogleWebViewOverlay.apk changed; collecting certs
06-20 07:35:36.267 I/PackageManager( 1918): /system/product/overlay/NavigationBarModeGesturalWideBack changed; collecting certs
06-20 07:35:36.268 I/PackageManager( 1918): /system/product/overlay/IconPackCircularThemePicker changed; collecting certs
06-20 07:35:36.268 I/PackageManager( 1918): /system/product/overlay/NavigationBarMode2Button changed; collecting certs
06-20 07:35:36.269 I/PackageManager( 1918): /system/product/overlay/IconPackCircularAndroid changed; collecting certs
06-20 07:35:36.270 I/PackageManager( 1918): /system/product/overlay/SystemUIEmulationPixel3 changed; collecting certs
06-20 07:35:36.270 I/PackageManager( 1918): /system/product/overlay/IconPackFilledAndroid changed; collecting certs
06-20 07:35:36.271 I/PackageManager( 1918): /system/product/overlay/AccentColorSpace changed; collecting certs
06-20 07:35:36.271 I/PackageManager( 1918): /system/product/overlay/EmulationPixel3XL changed; collecting certs
06-20 07:35:36.272 I/PackageManager( 1918): /system/product/overlay/SystemUIEmulationPixel3XL changed; collecting certs
06-20 07:35:36.273 I/PackageManager( 1918): /system/product/overlay/IconPackRoundedLauncher changed; collecting certs
06-20 07:35:36.273 I/PackageManager( 1918): /system/product/overlay/GooglePermissionControllerOverlay.apk changed; collecting certs
06-20 07:35:36.275 I/PackageManager( 1918): /system/product/overlay/EmulationPixel2XL changed; collecting certs
06-20 07:35:36.276 I/PackageManager( 1918): /system/product/overlay/AccentColorPurple changed; collecting certs
06-20 07:35:36.276 I/PackageManager( 1918): /system/product/overlay/EmulationPixel4 changed; collecting certs
06-20 07:35:36.278 D/PackageManager( 1918): No files in app dir /product_services/overlay
06-20 07:35:36.278 D/PackageManager( 1918): No files in app dir /odm/overlay
06-20 07:35:36.278 D/PackageManager( 1918): No files in app dir /oem/overlay
06-20 07:35:36.280 W/PackageManager( 1918): Failed to parse /system/framework/x86: Missing base APK in /system/framework/x86
06-20 07:35:36.281 W/PackageManager( 1918): Failed to parse /system/framework/x86_64: Missing base APK in /system/framework/x86_64
06-20 07:35:36.282 W/PackageManager( 1918): Failed to parse /system/framework/oat: Missing base APK in /system/framework/oat
06-20 07:35:36.301 I/PackageManager( 1918): /system/framework/framework-res.apk changed; collecting certs
06-20 07:35:36.302 E/PackageManager( 1918): Adding duplicate shared id: 1000 name=android
06-20 07:35:36.313 I/PackageManager( 1918): New shared user android.uid.shared: id=10054
06-20 07:35:36.313 I/PackageManager( 1918): /system/priv-app/UserDictionaryProvider changed; collecting certs
06-20 07:35:36.314 E/PackageManager( 1918): Adding duplicate app id: 10054 name=com.android.providers.userdictionary
06-20 07:35:36.317 I/PackageManager( 1918): /system/priv-app/MultiDisplayProvider changed; collecting certs
06-20 07:35:36.319 E/PackageManager( 1918): Adding duplicate shared id: 1000 name=com.android.emulator.multidisplay
06-20 07:35:36.320 I/PackageManager( 1918): /system/priv-app/ProxyHandler changed; collecting certs
06-20 07:35:36.324 I/PackageManager( 1918): New shared user android.media: id=10056
06-20 07:35:36.324 I/PackageManager( 1918): /system/priv-app/DownloadProvider changed; collecting certs
06-20 07:35:36.325 E/PackageManager( 1918): Adding duplicate app id: 10056 name=com.android.providers.downloads
06-20 07:35:36.327 I/PackageManager( 1918): /system/priv-app/ManagedProvisioning changed; collecting certs
06-20 07:35:36.328 I/PackageManager( 1918): /system/priv-app/DownloadProviderUi changed; collecting certs
06-20 07:35:36.329 E/PackageManager( 1918): Adding duplicate app id: 10056 name=com.android.providers.downloads.ui
06-20 07:35:36.331 I/PackageManager( 1918): /system/priv-app/CtsShimPrivPrebuilt changed; collecting certs
06-20 07:35:36.338 I/PackageManager( 1918): /system/priv-app/VpnDialogs changed; collecting certs
06-20 07:35:36.342 I/PackageManager( 1918): /system/priv-app/CellBroadcastReceiver changed; collecting certs
06-20 07:35:36.345 I/ServiceManager( 1789): Waiting for service 'package_native' on '/dev/binder'...
06-20 07:35:36.349 I/PackageManager( 1918): New shared user android.uid.calendar: id=10061
06-20 07:35:36.349 I/PackageManager( 1918): /system/priv-app/CalendarProvider changed; collecting certs
06-20 07:35:36.350 E/PackageManager( 1918): Adding duplicate app id: 10061 name=com.android.providers.calendar
06-20 07:35:36.355 W/PackageParser( 1918): Ignoring duplicate uses-permissions/uses-permissions-sdk-m: android.permission.INSTALL_GRANT_RUNTIME_PERMISSIONS in package: com.android.shell at: Binary XML file line #127
06-20 07:35:36.357 I/PackageManager( 1918): /system/priv-app/NetworkStack changed; collecting certs
06-20 07:35:36.361 E/PackageManager( 1918): Adding duplicate shared id: 1073 name=com.google.android.networkstack
06-20 07:35:36.361 I/PackageManager( 1918): /system/priv-app/Shell changed; collecting certs
06-20 07:35:36.363 E/PackageManager( 1918): Adding duplicate shared id: 2000 name=com.android.shell
06-20 07:35:36.364 I/PackageManager( 1918): /system/priv-app/Tag changed; collecting certs
06-20 07:35:36.368 W/PackageParser( 1918): No actions in intent filter at /system/priv-app/GoogleRestorePrebuilt/GoogleRestorePrebuilt.apk Binary XML file line #93
06-20 07:35:36.371 I/PackageManager( 1918): /system/priv-app/MmsService changed; collecting certs
06-20 07:35:36.372 E/PackageManager( 1918): Adding duplicate shared id: 1001 name=com.android.mms.service
06-20 07:35:36.372 I/PackageManager( 1918): /system/priv-app/GoogleRestorePrebuilt changed; collecting certs
06-20 07:35:36.374 I/PackageManager( 1918): /system/priv-app/StatementService changed; collecting certs
06-20 07:35:36.378 I/PackageManager( 1918): /system/priv-app/TimeZoneUpdater changed; collecting certs
06-20 07:35:36.387 I/PackageManager( 1918): /system/priv-app/BackupRestoreConfirmation changed; collecting certs
06-20 07:35:36.393 I/PackageManager( 1918): /system/priv-app/DocumentsUI changed; collecting certs
06-20 07:35:36.394 I/PackageManager( 1918): /system/priv-app/InputDevices changed; collecting certs
06-20 07:35:36.401 E/PackageManager( 1918): Adding duplicate shared id: 1000 name=com.android.inputdevices
06-20 07:35:36.403 I/PackageManager( 1918): /system/priv-app/DynamicSystemInstallationService changed; collecting certs
06-20 07:35:36.404 E/PackageManager( 1918): Adding duplicate shared id: 1000 name=com.android.dynsystem
06-20 07:35:36.405 I/PackageManager( 1918): /system/priv-app/SharedStorageBackup changed; collecting certs
06-20 07:35:36.406 I/PackageManager( 1918): /system/priv-app/NetworkPermissionConfig changed; collecting certs
06-20 07:35:36.406 E/PackageManager( 1918): Adding duplicate shared id: 1073 name=com.google.android.networkstack.permissionconfig
06-20 07:35:36.407 I/PackageManager( 1918): /system/priv-app/MtpDocumentsProvider changed; collecting certs
06-20 07:35:36.415 E/PackageManager( 1918): Adding duplicate app id: 10056 name=com.android.mtp
06-20 07:35:36.416 I/PackageManager( 1918): /system/priv-app/SettingsProvider changed; collecting certs
06-20 07:35:36.418 E/PackageManager( 1918): Adding duplicate shared id: 1000 name=com.android.providers.settings
06-20 07:35:36.422 I/PackageManager( 1918): /system/priv-app/TelephonyProvider changed; collecting certs
06-20 07:35:36.423 E/PackageManager( 1918): Adding duplicate shared id: 1001 name=com.android.providers.telephony
06-20 07:35:36.423 I/PackageManager( 1918): /system/priv-app/ONS changed; collecting certs
06-20 07:35:36.425 E/PackageManager( 1918): Adding duplicate shared id: 1001 name=com.android.ons
06-20 07:35:36.426 I/PackageManager( 1918): /system/priv-app/MusicFX changed; collecting certs
06-20 07:35:36.428 I/PackageManager( 1918): /system/priv-app/TeleService changed; collecting certs
06-20 07:35:36.429 E/PackageManager( 1918): Adding duplicate shared id: 1001 name=com.android.phone
06-20 07:35:36.430 I/PackageManager( 1918): /system/priv-app/BlockedNumberProvider changed; collecting certs
06-20 07:35:36.431 E/PackageManager( 1918): Adding duplicate app id: 10054 name=com.android.providers.blockednumber
06-20 07:35:36.432 I/PackageManager( 1918): /system/priv-app/GoogleExtServices changed; collecting certs
06-20 07:35:36.432 I/PackageManager( 1918): /system/priv-app/ContactsProvider changed; collecting certs
06-20 07:35:36.435 E/PackageManager( 1918): Adding duplicate app id: 10054 name=com.android.providers.contacts
06-20 07:35:36.435 I/PackageManager( 1918): /system/priv-app/ExternalStorageProvider changed; collecting certs
06-20 07:35:36.435 I/PackageManager( 1918): /system/priv-app/FusedLocation changed; collecting certs
06-20 07:35:36.436 E/PackageManager( 1918): Adding duplicate shared id: 1000 name=com.android.location.fused
06-20 07:35:36.436 I/PackageManager( 1918): /system/priv-app/MediaProvider changed; collecting certs
06-20 07:35:36.437 E/PackageManager( 1918): Adding duplicate app id: 10056 name=com.android.providers.media
06-20 07:35:36.437 I/PackageManager( 1918): /system/priv-app/CallLogBackup changed; collecting certs
06-20 07:35:36.438 E/PackageManager( 1918): Adding duplicate app id: 10054 name=com.android.calllogbackup
06-20 07:35:36.438 I/PackageManager( 1918): /system/priv-app/GooglePackageInstaller changed; collecting certs
06-20 07:35:36.438 I/PackageManager( 1918): /system/priv-app/GoogleSdkSetup changed; collecting certs
06-20 07:35:36.439 I/PackageManager( 1918): /system/priv-app/LocalTransport changed; collecting certs
06-20 07:35:36.439 E/PackageManager( 1918): Adding duplicate shared id: 1000 name=com.android.localtransport
06-20 07:35:36.445 I/ServiceManager( 1789): Waiting for service 'package_native' on '/dev/binder'...
06-20 07:35:36.453 E/        ( 1776): idmap failed, status=0x0100
06-20 07:35:36.454 E/PackageManager( 1918): Failed to generate idmap for /system/priv-app/GooglePermissionController/GooglePermissionController.apk and /product/overlay/GooglePermissionControllerOverlay.apk
06-20 07:35:36.456 I/PackageManager( 1918): /system/priv-app/GooglePermissionController changed; collecting certs
06-20 07:35:36.459 I/PackageManager( 1918): /system/priv-app/Telecom changed; collecting certs
06-20 07:35:36.459 E/PackageManager( 1918): Adding duplicate shared id: 1000 name=com.android.server.telecom
06-20 07:35:36.465 I/PackageManager( 1918): /system/app/BasicDreams changed; collecting certs
06-20 07:35:36.467 I/PackageManager( 1918): /system/app/CtsShimPrebuilt changed; collecting certs
06-20 07:35:36.477 I/PackageManager( 1918): /system/app/LiveWallpapersPicker changed; collecting certs
06-20 07:35:36.479 I/PackageManager( 1918): /system/app/EasterEgg changed; collecting certs
06-20 07:35:36.483 I/PackageManager( 1918): /system/app/Traceur changed; collecting certs
06-20 07:35:36.484 I/PackageManager( 1918): /system/app/CompanionDeviceManager changed; collecting certs
06-20 07:35:36.485 I/PackageManager( 1918): /system/app/PrintSpooler changed; collecting certs
06-20 07:35:36.485 W/PackageParser( 1918): Ignoring duplicate uses-permissions/uses-permissions-sdk-m: android.permission.READ_CONTACTS in package: com.android.bluetooth at: Binary XML file line #67
06-20 07:35:36.486 W/PackageParser( 1918): No actions in intent filter at /system/app/Bluetooth/Bluetooth.apk Binary XML file line #263
06-20 07:35:36.488 I/PackageManager( 1918): /system/app/WallpaperBackup changed; collecting certs
06-20 07:35:36.489 E/PackageManager( 1918): Adding duplicate shared id: 1000 name=com.android.wallpaperbackup
06-20 07:35:36.490 I/PackageManager( 1918): /system/app/Bluetooth changed; collecting certs
06-20 07:35:36.492 E/PackageManager( 1918): Adding duplicate shared id: 1002 name=com.android.bluetooth
06-20 07:35:36.494 I/PackageManager( 1918): /system/app/SecureElement changed; collecting certs
06-20 07:35:36.495 E/PackageManager( 1918): Adding duplicate shared id: 1068 name=com.android.se
06-20 07:35:36.497 I/PackageManager( 1918): /system/app/CaptivePortalLogin changed; collecting certs
06-20 07:35:36.499 I/PackageManager( 1918): /system/app/CertInstaller changed; collecting certs
06-20 07:35:36.502 I/PackageManager( 1918): /system/app/BookmarkProvider changed; collecting certs
06-20 07:35:36.505 I/PackageManager( 1918): /system/app/KoreanIME changed; collecting certs
06-20 07:35:36.508 I/PackageManager( 1918): /system/app/KeyChain changed; collecting certs
06-20 07:35:36.509 E/PackageManager( 1918): Adding duplicate shared id: 1000 name=com.android.keychain
06-20 07:35:36.509 I/PackageManager( 1918): /system/app/WAPPushManager changed; collecting certs
06-20 07:35:36.510 I/PackageManager( 1918): /system/app/SimAppDialog changed; collecting certs
06-20 07:35:36.510 I/PackageManager( 1918): /system/app/BluetoothMidiService changed; collecting certs
06-20 07:35:36.512 I/PackageManager( 1918): /system/app/RcsService changed; collecting certs
06-20 07:35:36.516 E/PackageManager( 1918): Adding duplicate shared id: 1001 name=com.android.service.ims
06-20 07:35:36.516 I/PackageManager( 1918): /system/app/LicenseChecker changed; collecting certs
06-20 07:35:36.517 I/PackageManager( 1918): /system/app/BuiltInPrintService changed; collecting certs
06-20 07:35:36.523 I/PackageManager( 1918): /system/app/OsuLogin changed; collecting certs
06-20 07:35:36.523 W/PackageParser( 1918): Ignoring duplicate uses-permissions/uses-permissions-sdk-m: android.permission.CHANGE_WIFI_STATE in package: com.android.nfc at: Binary XML file line #52
06-20 07:35:36.523 W/PackageParser( 1918): Ignoring duplicate uses-permissions/uses-permissions-sdk-m: android.permission.ACCESS_WIFI_STATE in package: com.android.nfc at: Binary XML file line #53
06-20 07:35:36.526 I/PackageManager( 1918): /system/app/PartnerBookmarksProvider changed; collecting certs
06-20 07:35:36.530 I/PackageManager( 1918): /system/app/NfcNci changed; collecting certs
06-20 07:35:36.534 E/PackageManager( 1918): Adding duplicate shared id: 1027 name=com.android.nfc
06-20 07:35:36.535 I/PackageManager( 1918): /system/app/PresencePolling changed; collecting certs
06-20 07:35:36.535 E/PackageManager( 1918): Adding duplicate shared id: 1001 name=com.android.service.ims.presence
06-20 07:35:36.536 I/PackageManager( 1918): /system/app/PacProcessor changed; collecting certs
06-20 07:35:36.537 I/PackageManager( 1918): /system/app/GooglePrintRecommendationService changed; collecting certs
06-20 07:35:36.540 I/PackageManager( 1918): /system/app/GooglePinyinIME changed; collecting certs
06-20 07:35:36.544 I/PackageManager( 1918): /system/app/Stk changed; collecting certs
06-20 07:35:36.545 E/PackageManager( 1918): Adding duplicate shared id: 1001 name=com.android.stk
06-20 07:35:36.545 I/ServiceManager( 1789): Waiting for service 'package_native' on '/dev/binder'...
06-20 07:35:36.546 I/PackageManager( 1918): /system/app/GoogleHindiIME changed; collecting certs
06-20 07:35:36.547 W/PackageParser( 1918): No actions in intent filter at /system/app/CarrierDefaultApp/CarrierDefaultApp.apk Binary XML file line #43
06-20 07:35:36.549 I/PackageManager( 1918): /system/app/GoogleExtShared changed; collecting certs
06-20 07:35:36.549 I/PackageManager( 1918): /system/app/SafetyRegulatoryInfo changed; collecting certs
06-20 07:35:36.550 I/PackageManager( 1918): /system/app/WallpapersUsTwo changed; collecting certs
06-20 07:35:36.550 I/PackageManager( 1918): /system/app/CarrierDefaultApp changed; collecting certs
06-20 07:35:36.551 I/PackageManager( 1918): /system/app/HTMLViewer changed; collecting certs
06-20 07:35:36.552 D/PackageManager( 1918): No files in app dir /vendor/priv-app
06-20 07:35:36.552 D/PackageManager( 1918): No files in app dir /vendor/app
06-20 07:35:36.552 D/PackageManager( 1918): No files in app dir /odm/priv-app
06-20 07:35:36.552 D/PackageManager( 1918): No files in app dir /odm/app
06-20 07:35:36.552 D/PackageManager( 1918): No files in app dir /oem/app
06-20 07:35:36.560 I/PackageManager( 1918): /system/product/priv-app/GoogleFeedback changed; collecting certs
06-20 07:35:36.569 I/PackageManager( 1918): /system/product/priv-app/SettingsIntelligence changed; collecting certs
06-20 07:35:36.569 I/PackageManager( 1918): /system/product/priv-app/ConfigUpdater changed; collecting certs
06-20 07:35:36.583 W/PackageParser( 1918): Unknown element under <manifest>: meta-data at /system/product/priv-app/Dialer/Dialer.apk Binary XML file line #115
06-20 07:35:36.585 I/PackageManager( 1918): /system/product/priv-app/WallpaperPickerGooglePrebuilt changed; collecting certs
06-20 07:35:36.590 I/PackageManager( 1918): /system/product/priv-app/GoogleANGLE changed; collecting certs
06-20 07:35:36.598 I/PackageManager( 1918): /system/product/priv-app/Dialer changed; collecting certs
06-20 07:35:36.610 I/PackageManager( 1918): /system/product/priv-app/NexusLauncherRelease changed; collecting certs
06-20 07:35:36.620 I/PackageManager( 1918): /system/product/priv-app/SetupWizardPrebuilt changed; collecting certs
06-20 07:35:36.625 I/PackageManager( 1918): /system/product/priv-app/GoogleOneTimeInitializer changed; collecting certs
06-20 07:35:36.632 I/PackageManager( 1918): /system/product/priv-app/CarrierConfig changed; collecting certs
06-20 07:35:36.639 I/PackageManager( 1918): New shared user com.android.uid.omadm.service: id=10112
06-20 07:35:36.639 I/PackageManager( 1918): /system/product/priv-app/DMService changed; collecting certs
06-20 07:35:36.640 E/PackageManager( 1918): Adding duplicate app id: 10112 name=com.android.omadm.service
06-20 07:35:36.643 W/PackageParser( 1918): Ignoring duplicate uses-permissions/uses-permissions-sdk-m: android.permission.CONFIGURE_WIFI_DISPLAY in package: com.android.systemui at: Binary XML file line #158
06-20 07:35:36.643 W/PackageParser( 1918): No actions in intent filter at /system/product/priv-app/Contacts/Contacts.apk Binary XML file line #411
06-20 07:35:36.645 I/PackageManager( 1918): /system/product/priv-app/Contacts changed; collecting certs
06-20 07:35:36.645 I/ServiceManager( 1789): Waiting for service 'package_native' on '/dev/binder'...
06-20 07:35:36.652 I/PackageManager( 1918): New shared user android.uid.systemui: id=10114
06-20 07:35:36.652 I/PackageManager( 1918): /system/product/priv-app/SystemUIGoogle changed; collecting certs
06-20 07:35:36.653 E/PackageManager( 1918): Adding duplicate app id: 10114 name=com.android.systemui
06-20 07:35:36.667 I/PackageManager( 1918): New shared user com.google.uid.shared: id=10115
06-20 07:35:36.667 I/PackageManager( 1918): /system/product/priv-app/GoogleServicesFramework changed; collecting certs
06-20 07:35:36.668 E/PackageManager( 1918): Adding duplicate app id: 10115 name=com.google.android.gsf
06-20 07:35:36.670 W/PackageParser( 1918): No actions in intent filter at /system/product/priv-app/AndroidAutoFullPrebuilt/AndroidAutoFullPrebuilt.apk Binary XML file line #1276
06-20 07:35:36.673 I/PackageManager( 1918): New shared user com.google.android.projection.gearhead: id=10116
06-20 07:35:36.673 I/PackageManager( 1918): /system/product/priv-app/AndroidAutoFullPrebuilt changed; collecting certs
06-20 07:35:36.676 E/PackageManager( 1918): Adding duplicate app id: 10116 name=com.google.android.projection.gearhead
06-20 07:35:36.676 I/PackageManager( 1918): /system/product/priv-app/AndroidMigratePrebuilt changed; collecting certs
06-20 07:35:36.679 I/PackageManager( 1918): /system/product/priv-app/StorageManager changed; collecting certs
06-20 07:35:36.681 W/PackageParser( 1918): Ignoring duplicate uses-permissions/uses-permissions-sdk-m: android.permission.READ_PRIVILEGED_PHONE_STATE in package: com.google.android.partnersetup at: Binary XML file line #56
06-20 07:35:36.684 I/PackageManager( 1918): /system/product/priv-app/GooglePartnerSetup changed; collecting certs
06-20 07:35:36.695 I/PackageManager( 1918): /system/product/priv-app/CarrierServices changed; collecting certs
06-20 07:35:36.722 I/PackageManager( 1918): New shared user com.android.emergency.uid: id=10121
06-20 07:35:36.722 I/PackageManager( 1918): /system/product/priv-app/EmergencyInfo changed; collecting certs
06-20 07:35:36.723 E/PackageManager( 1918): Adding duplicate app id: 10121 name=com.android.emergency
06-20 07:35:36.730 W/PackageParser( 1918): Unknown element under <manifest>: attribution at /system/product/priv-app/PrebuiltGmsCore/PrebuiltGmsCore.apk Binary XML file line #5
06-20 07:35:36.730 W/PackageParser( 1918): Unknown element under <manifest>: attribution at /system/product/priv-app/PrebuiltGmsCore/PrebuiltGmsCore.apk Binary XML file line #6
06-20 07:35:36.730 W/PackageParser( 1918): Unknown element under <manifest>: attribution at /system/product/priv-app/PrebuiltGmsCore/PrebuiltGmsCore.apk Binary XML file line #7
06-20 07:35:36.730 W/PackageParser( 1918): Unknown element under <manifest>: attribution at /system/product/priv-app/PrebuiltGmsCore/PrebuiltGmsCore.apk Binary XML file line #8
06-20 07:35:36.730 W/PackageParser( 1918): Unknown element under <manifest>: attribution at /system/product/priv-app/PrebuiltGmsCore/PrebuiltGmsCore.apk Binary XML file line #9
06-20 07:35:36.730 W/PackageParser( 1918): Unknown element under <manifest>: attribution at /system/product/priv-app/PrebuiltGmsCore/PrebuiltGmsCore.apk Binary XML file line #10
06-20 07:35:36.730 W/PackageParser( 1918): Unknown element under <manifest>: attribution at /system/product/priv-app/PrebuiltGmsCore/PrebuiltGmsCore.apk Binary XML file line #11
06-20 07:35:36.731 W/PackageParser( 1918): Unknown element under <manifest>: attribution at /system/product/priv-app/PrebuiltGmsCore/PrebuiltGmsCore.apk Binary XML file line #12
06-20 07:35:36.731 W/PackageParser( 1918): Unknown element under <manifest>: attribution at /system/product/priv-app/PrebuiltGmsCore/PrebuiltGmsCore.apk Binary XML file line #13
06-20 07:35:36.731 W/PackageParser( 1918): Unknown element under <manifest>: attribution at /system/product/priv-app/PrebuiltGmsCore/PrebuiltGmsCore.apk Binary XML file line #14
06-20 07:35:36.731 W/PackageParser( 1918): Unknown element under <manifest>: attribution at /system/product/priv-app/PrebuiltGmsCore/PrebuiltGmsCore.apk Binary XML file line #15
06-20 07:35:36.731 W/PackageParser( 1918): Unknown element under <manifest>: attribution at /system/product/priv-app/PrebuiltGmsCore/PrebuiltGmsCore.apk Binary XML file line #16
06-20 07:35:36.731 W/PackageParser( 1918): Unknown element under <manifest>: attribution at /system/product/priv-app/PrebuiltGmsCore/PrebuiltGmsCore.apk Binary XML file line #17
06-20 07:35:36.731 W/PackageParser( 1918): Unknown element under <manifest>: attribution at /system/product/priv-app/PrebuiltGmsCore/PrebuiltGmsCore.apk Binary XML file line #18
06-20 07:35:36.731 W/PackageParser( 1918): Unknown element under <manifest>: attribution at /system/product/priv-app/PrebuiltGmsCore/PrebuiltGmsCore.apk Binary XML file line #19
06-20 07:35:36.731 W/PackageParser( 1918): Unknown element under <manifest>: attribution at /system/product/priv-app/PrebuiltGmsCore/PrebuiltGmsCore.apk Binary XML file line #20
06-20 07:35:36.731 W/PackageParser( 1918): Unknown element under <manifest>: attribution at /system/product/priv-app/PrebuiltGmsCore/PrebuiltGmsCore.apk Binary XML file line #21
06-20 07:35:36.731 W/PackageParser( 1918): Unknown element under <manifest>: attribution at /system/product/priv-app/PrebuiltGmsCore/PrebuiltGmsCore.apk Binary XML file line #22
06-20 07:35:36.731 W/PackageParser( 1918): Unknown element under <manifest>: attribution at /system/product/priv-app/PrebuiltGmsCore/PrebuiltGmsCore.apk Binary XML file line #23
06-20 07:35:36.731 W/PackageParser( 1918): Unknown element under <manifest>: attribution at /system/product/priv-app/PrebuiltGmsCore/PrebuiltGmsCore.apk Binary XML file line #24
06-20 07:35:36.731 W/PackageParser( 1918): Unknown element under <manifest>: attribution at /system/product/priv-app/PrebuiltGmsCore/PrebuiltGmsCore.apk Binary XML file line #25
06-20 07:35:36.731 W/PackageParser( 1918): Unknown element under <manifest>: attribution at /system/product/priv-app/PrebuiltGmsCore/PrebuiltGmsCore.apk Binary XML file line #26
06-20 07:35:36.731 W/PackageParser( 1918): Unknown element under <manifest>: attribution at /system/product/priv-app/PrebuiltGmsCore/PrebuiltGmsCore.apk Binary XML file line #27
06-20 07:35:36.731 W/PackageParser( 1918): Unknown element under <manifest>: attribution at /system/product/priv-app/PrebuiltGmsCore/PrebuiltGmsCore.apk Binary XML file line #28
06-20 07:35:36.731 W/PackageParser( 1918): Unknown element under <manifest>: attribution at /system/product/priv-app/PrebuiltGmsCore/PrebuiltGmsCore.apk Binary XML file line #29
06-20 07:35:36.732 W/PackageParser( 1918): Unknown element under <manifest>: attribution at /system/product/priv-app/PrebuiltGmsCore/PrebuiltGmsCore.apk Binary XML file line #30
06-20 07:35:36.732 W/PackageParser( 1918): Unknown element under <manifest>: attribution at /system/product/priv-app/PrebuiltGmsCore/PrebuiltGmsCore.apk Binary XML file line #31
06-20 07:35:36.732 W/PackageParser( 1918): Unknown element under <manifest>: attribution at /system/product/priv-app/PrebuiltGmsCore/PrebuiltGmsCore.apk Binary XML file line #32
06-20 07:35:36.732 W/PackageParser( 1918): Unknown element under <manifest>: attribution at /system/product/priv-app/PrebuiltGmsCore/PrebuiltGmsCore.apk Binary XML file line #33
06-20 07:35:36.732 W/PackageParser( 1918): Unknown element under <manifest>: attribution at /system/product/priv-app/PrebuiltGmsCore/PrebuiltGmsCore.apk Binary XML file line #34
06-20 07:35:36.732 W/PackageParser( 1918): Unknown element under <manifest>: attribution at /system/product/priv-app/PrebuiltGmsCore/PrebuiltGmsCore.apk Binary XML file line #35
06-20 07:35:36.732 W/PackageParser( 1918): Unknown element under <manifest>: attribution at /system/product/priv-app/PrebuiltGmsCore/PrebuiltGmsCore.apk Binary XML file line #36
06-20 07:35:36.732 W/PackageParser( 1918): Unknown element under <manifest>: attribution at /system/product/priv-app/PrebuiltGmsCore/PrebuiltGmsCore.apk Binary XML file line #37
06-20 07:35:36.732 W/PackageParser( 1918): Unknown element under <manifest>: attribution at /system/product/priv-app/PrebuiltGmsCore/PrebuiltGmsCore.apk Binary XML file line #38
06-20 07:35:36.732 W/PackageParser( 1918): Unknown element under <manifest>: attribution at /system/product/priv-app/PrebuiltGmsCore/PrebuiltGmsCore.apk Binary XML file line #39
06-20 07:35:36.732 W/PackageParser( 1918): Unknown element under <manifest>: attribution at /system/product/priv-app/PrebuiltGmsCore/PrebuiltGmsCore.apk Binary XML file line #40
06-20 07:35:36.732 W/PackageParser( 1918): Unknown element under <manifest>: attribution at /system/product/priv-app/PrebuiltGmsCore/PrebuiltGmsCore.apk Binary XML file line #41
06-20 07:35:36.732 W/PackageParser( 1918): Unknown element under <manifest>: attribution at /system/product/priv-app/PrebuiltGmsCore/PrebuiltGmsCore.apk Binary XML file line #42
06-20 07:35:36.732 W/PackageParser( 1918): Unknown element under <manifest>: attribution at /system/product/priv-app/PrebuiltGmsCore/PrebuiltGmsCore.apk Binary XML file line #43
06-20 07:35:36.733 W/PackageParser( 1918): Unknown element under <manifest>: attribution at /system/product/priv-app/PrebuiltGmsCore/PrebuiltGmsCore.apk Binary XML file line #44
06-20 07:35:36.733 W/PackageParser( 1918): Unknown element under <manifest>: attribution at /system/product/priv-app/PrebuiltGmsCore/PrebuiltGmsCore.apk Binary XML file line #45
06-20 07:35:36.733 W/PackageParser( 1918): Unknown element under <manifest>: attribution at /system/product/priv-app/PrebuiltGmsCore/PrebuiltGmsCore.apk Binary XML file line #46
06-20 07:35:36.733 W/PackageParser( 1918): Unknown element under <manifest>: attribution at /system/product/priv-app/PrebuiltGmsCore/PrebuiltGmsCore.apk Binary XML file line #47
06-20 07:35:36.733 W/PackageParser( 1918): Unknown element under <manifest>: attribution at /system/product/priv-app/PrebuiltGmsCore/PrebuiltGmsCore.apk Binary XML file line #48
06-20 07:35:36.733 W/PackageParser( 1918): Unknown element under <manifest>: attribution at /system/product/priv-app/PrebuiltGmsCore/PrebuiltGmsCore.apk Binary XML file line #49
06-20 07:35:36.733 W/PackageParser( 1918): Unknown element under <manifest>: attribution at /system/product/priv-app/PrebuiltGmsCore/PrebuiltGmsCore.apk Binary XML file line #50
06-20 07:35:36.733 W/PackageParser( 1918): Unknown element under <manifest>: attribution at /system/product/priv-app/PrebuiltGmsCore/PrebuiltGmsCore.apk Binary XML file line #51
06-20 07:35:36.733 W/PackageParser( 1918): Unknown element under <manifest>: attribution at /system/product/priv-app/PrebuiltGmsCore/PrebuiltGmsCore.apk Binary XML file line #52
06-20 07:35:36.733 W/PackageParser( 1918): Unknown element under <manifest>: attribution at /system/product/priv-app/PrebuiltGmsCore/PrebuiltGmsCore.apk Binary XML file line #53
06-20 07:35:36.733 W/PackageParser( 1918): Unknown element under <manifest>: attribution at /system/product/priv-app/PrebuiltGmsCore/PrebuiltGmsCore.apk Binary XML file line #54
06-20 07:35:36.733 W/PackageParser( 1918): Unknown element under <manifest>: attribution at /system/product/priv-app/PrebuiltGmsCore/PrebuiltGmsCore.apk Binary XML file line #55
06-20 07:35:36.733 W/PackageParser( 1918): Unknown element under <manifest>: attribution at /system/product/priv-app/PrebuiltGmsCore/PrebuiltGmsCore.apk Binary XML file line #56
06-20 07:35:36.734 W/PackageParser( 1918): Unknown element under <manifest>: attribution at /system/product/priv-app/PrebuiltGmsCore/PrebuiltGmsCore.apk Binary XML file line #57
06-20 07:35:36.734 W/PackageParser( 1918): Unknown element under <manifest>: attribution at /system/product/priv-app/PrebuiltGmsCore/PrebuiltGmsCore.apk Binary XML file line #58
06-20 07:35:36.734 W/PackageParser( 1918): Unknown element under <manifest>: attribution at /system/product/priv-app/PrebuiltGmsCore/PrebuiltGmsCore.apk Binary XML file line #59
06-20 07:35:36.734 W/PackageParser( 1918): Unknown element under <manifest>: attribution at /system/product/priv-app/PrebuiltGmsCore/PrebuiltGmsCore.apk Binary XML file line #60
06-20 07:35:36.734 W/PackageParser( 1918): Unknown element under <manifest>: attribution at /system/product/priv-app/PrebuiltGmsCore/PrebuiltGmsCore.apk Binary XML file line #61
06-20 07:35:36.734 W/PackageParser( 1918): Unknown element under <manifest>: attribution at /system/product/priv-app/PrebuiltGmsCore/PrebuiltGmsCore.apk Binary XML file line #62
06-20 07:35:36.734 W/PackageParser( 1918): Unknown element under <manifest>: attribution at /system/product/priv-app/PrebuiltGmsCore/PrebuiltGmsCore.apk Binary XML file line #63
06-20 07:35:36.734 W/PackageParser( 1918): Unknown element under <manifest>: attribution at /system/product/priv-app/PrebuiltGmsCore/PrebuiltGmsCore.apk Binary XML file line #64
06-20 07:35:36.734 W/PackageParser( 1918): Unknown element under <manifest>: attribution at /system/product/priv-app/PrebuiltGmsCore/PrebuiltGmsCore.apk Binary XML file line #65
06-20 07:35:36.734 W/PackageParser( 1918): Unknown element under <manifest>: attribution at /system/product/priv-app/PrebuiltGmsCore/PrebuiltGmsCore.apk Binary XML file line #66
06-20 07:35:36.734 W/PackageParser( 1918): Unknown element under <manifest>: attribution at /system/product/priv-app/PrebuiltGmsCore/PrebuiltGmsCore.apk Binary XML file line #67
06-20 07:35:36.734 W/PackageParser( 1918): Unknown element under <manifest>: attribution at /system/product/priv-app/PrebuiltGmsCore/PrebuiltGmsCore.apk Binary XML file line #68
06-20 07:35:36.734 W/PackageParser( 1918): Unknown element under <manifest>: attribution at /system/product/priv-app/PrebuiltGmsCore/PrebuiltGmsCore.apk Binary XML file line #69
06-20 07:35:36.734 W/PackageParser( 1918): Unknown element under <manifest>: attribution at /system/product/priv-app/PrebuiltGmsCore/PrebuiltGmsCore.apk Binary XML file line #70
06-20 07:35:36.734 W/PackageParser( 1918): Unknown element under <manifest>: attribution at /system/product/priv-app/PrebuiltGmsCore/PrebuiltGmsCore.apk Binary XML file line #71
06-20 07:35:36.734 W/PackageParser( 1918): Unknown element under <manifest>: attribution at /system/product/priv-app/PrebuiltGmsCore/PrebuiltGmsCore.apk Binary XML file line #72
06-20 07:35:36.734 W/PackageParser( 1918): Unknown element under <manifest>: attribution at /system/product/priv-app/PrebuiltGmsCore/PrebuiltGmsCore.apk Binary XML file line #73
06-20 07:35:36.734 W/PackageParser( 1918): Unknown element under <manifest>: attribution at /system/product/priv-app/PrebuiltGmsCore/PrebuiltGmsCore.apk Binary XML file line #74
06-20 07:35:36.734 W/PackageParser( 1918): Unknown element under <manifest>: attribution at /system/product/priv-app/PrebuiltGmsCore/PrebuiltGmsCore.apk Binary XML file line #75
06-20 07:35:36.734 W/PackageParser( 1918): Unknown element under <manifest>: attribution at /system/product/priv-app/PrebuiltGmsCore/PrebuiltGmsCore.apk Binary XML file line #76
06-20 07:35:36.734 W/PackageParser( 1918): Unknown element under <manifest>: attribution at /system/product/priv-app/PrebuiltGmsCore/PrebuiltGmsCore.apk Binary XML file line #77
06-20 07:35:36.734 W/PackageParser( 1918): Unknown element under <manifest>: attribution at /system/product/priv-app/PrebuiltGmsCore/PrebuiltGmsCore.apk Binary XML file line #78
06-20 07:35:36.734 W/PackageParser( 1918): Unknown element under <manifest>: attribution at /system/product/priv-app/PrebuiltGmsCore/PrebuiltGmsCore.apk Binary XML file line #79
06-20 07:35:36.734 W/PackageParser( 1918): Unknown element under <manifest>: attribution at /system/product/priv-app/PrebuiltGmsCore/PrebuiltGmsCore.apk Binary XML file line #80
06-20 07:35:36.734 W/PackageParser( 1918): Unknown element under <manifest>: attribution at /system/product/priv-app/PrebuiltGmsCore/PrebuiltGmsCore.apk Binary XML file line #81
06-20 07:35:36.734 W/PackageParser( 1918): Unknown element under <manifest>: attribution at /system/product/priv-app/PrebuiltGmsCore/PrebuiltGmsCore.apk Binary XML file line #82
06-20 07:35:36.735 W/PackageParser( 1918): Unknown element under <manifest>: attribution at /system/product/priv-app/PrebuiltGmsCore/PrebuiltGmsCore.apk Binary XML file line #83
06-20 07:35:36.735 W/PackageParser( 1918): Unknown element under <manifest>: attribution at /system/product/priv-app/PrebuiltGmsCore/PrebuiltGmsCore.apk Binary XML file line #84
06-20 07:35:36.735 W/PackageParser( 1918): Unknown element under <manifest>: attribution at /system/product/priv-app/PrebuiltGmsCore/PrebuiltGmsCore.apk Binary XML file line #85
06-20 07:35:36.735 W/PackageParser( 1918): Unknown element under <manifest>: attribution at /system/product/priv-app/PrebuiltGmsCore/PrebuiltGmsCore.apk Binary XML file line #86
06-20 07:35:36.735 W/PackageParser( 1918): Unknown element under <manifest>: attribution at /system/product/priv-app/PrebuiltGmsCore/PrebuiltGmsCore.apk Binary XML file line #87
06-20 07:35:36.735 W/PackageParser( 1918): Unknown element under <manifest>: attribution at /system/product/priv-app/PrebuiltGmsCore/PrebuiltGmsCore.apk Binary XML file line #88
06-20 07:35:36.735 W/PackageParser( 1918): Unknown element under <manifest>: attribution at /system/product/priv-app/PrebuiltGmsCore/PrebuiltGmsCore.apk Binary XML file line #89
06-20 07:35:36.735 W/PackageParser( 1918): Unknown element under <manifest>: attribution at /system/product/priv-app/PrebuiltGmsCore/PrebuiltGmsCore.apk Binary XML file line #90
06-20 07:35:36.735 W/PackageParser( 1918): Unknown element under <manifest>: attribution at /system/product/priv-app/PrebuiltGmsCore/PrebuiltGmsCore.apk Binary XML file line #91
06-20 07:35:36.735 W/PackageParser( 1918): Unknown element under <manifest>: attribution at /system/product/priv-app/PrebuiltGmsCore/PrebuiltGmsCore.apk Binary XML file line #92
06-20 07:35:36.735 W/PackageParser( 1918): Unknown element under <manifest>: attribution at /system/product/priv-app/PrebuiltGmsCore/PrebuiltGmsCore.apk Binary XML file line #93
06-20 07:35:36.735 W/PackageParser( 1918): Unknown element under <manifest>: attribution at /system/product/priv-app/PrebuiltGmsCore/PrebuiltGmsCore.apk Binary XML file line #94
06-20 07:35:36.735 W/PackageParser( 1918): Unknown element under <manifest>: attribution at /system/product/priv-app/PrebuiltGmsCore/PrebuiltGmsCore.apk Binary XML file line #95
06-20 07:35:36.735 W/PackageParser( 1918): Unknown element under <manifest>: attribution at /system/product/priv-app/PrebuiltGmsCore/PrebuiltGmsCore.apk Binary XML file line #96
06-20 07:35:36.735 W/PackageParser( 1918): Unknown element under <manifest>: attribution at /system/product/priv-app/PrebuiltGmsCore/PrebuiltGmsCore.apk Binary XML file line #97
06-20 07:35:36.735 W/PackageParser( 1918): Unknown element under <manifest>: attribution at /system/product/priv-app/PrebuiltGmsCore/PrebuiltGmsCore.apk Binary XML file line #98
06-20 07:35:36.736 W/PackageParser( 1918): Unknown element under <manifest>: attribution at /system/product/priv-app/PrebuiltGmsCore/PrebuiltGmsCore.apk Binary XML file line #99
06-20 07:35:36.736 W/PackageParser( 1918): Unknown element under <manifest>: attribution at /system/product/priv-app/PrebuiltGmsCore/PrebuiltGmsCore.apk Binary XML file line #100
06-20 07:35:36.736 W/PackageParser( 1918): Unknown element under <manifest>: attribution at /system/product/priv-app/PrebuiltGmsCore/PrebuiltGmsCore.apk Binary XML file line #101
06-20 07:35:36.736 W/PackageParser( 1918): Unknown element under <manifest>: attribution at /system/product/priv-app/PrebuiltGmsCore/PrebuiltGmsCore.apk Binary XML file line #102
06-20 07:35:36.736 W/PackageParser( 1918): Unknown element under <manifest>: attribution at /system/product/priv-app/PrebuiltGmsCore/PrebuiltGmsCore.apk Binary XML file line #103
06-20 07:35:36.736 W/PackageParser( 1918): Unknown element under <manifest>: attribution at /system/product/priv-app/PrebuiltGmsCore/PrebuiltGmsCore.apk Binary XML file line #104
06-20 07:35:36.737 W/PackageParser( 1918): Unknown element under <manifest>: attribution at /system/product/priv-app/PrebuiltGmsCore/PrebuiltGmsCore.apk Binary XML file line #105
06-20 07:35:36.737 W/PackageParser( 1918): Unknown element under <manifest>: attribution at /system/product/priv-app/PrebuiltGmsCore/PrebuiltGmsCore.apk Binary XML file line #106
06-20 07:35:36.737 W/PackageParser( 1918): Unknown element under <manifest>: attribution at /system/product/priv-app/PrebuiltGmsCore/PrebuiltGmsCore.apk Binary XML file line #107
06-20 07:35:36.737 W/PackageParser( 1918): Unknown element under <manifest>: attribution at /system/product/priv-app/PrebuiltGmsCore/PrebuiltGmsCore.apk Binary XML file line #108
06-20 07:35:36.737 W/PackageParser( 1918): Unknown element under <manifest>: attribution at /system/product/priv-app/PrebuiltGmsCore/PrebuiltGmsCore.apk Binary XML file line #109
06-20 07:35:36.737 W/PackageParser( 1918): Unknown element under <manifest>: attribution at /system/product/priv-app/PrebuiltGmsCore/PrebuiltGmsCore.apk Binary XML file line #110
06-20 07:35:36.737 W/PackageParser( 1918): Unknown element under <manifest>: attribution at /system/product/priv-app/PrebuiltGmsCore/PrebuiltGmsCore.apk Binary XML file line #111
06-20 07:35:36.737 W/PackageParser( 1918): Unknown element under <manifest>: attribution at /system/product/priv-app/PrebuiltGmsCore/PrebuiltGmsCore.apk Binary XML file line #112
06-20 07:35:36.737 W/PackageParser( 1918): Unknown element under <manifest>: attribution at /system/product/priv-app/PrebuiltGmsCore/PrebuiltGmsCore.apk Binary XML file line #113
06-20 07:35:36.737 W/PackageParser( 1918): Unknown element under <manifest>: attribution at /system/product/priv-app/PrebuiltGmsCore/PrebuiltGmsCore.apk Binary XML file line #114
06-20 07:35:36.737 W/PackageParser( 1918): Unknown element under <manifest>: attribution at /system/product/priv-app/PrebuiltGmsCore/PrebuiltGmsCore.apk Binary XML file line #115
06-20 07:35:36.737 W/PackageParser( 1918): Unknown element under <manifest>: attribution at /system/product/priv-app/PrebuiltGmsCore/PrebuiltGmsCore.apk Binary XML file line #116
06-20 07:35:36.737 W/PackageParser( 1918): Unknown element under <manifest>: attribution at /system/product/priv-app/PrebuiltGmsCore/PrebuiltGmsCore.apk Binary XML file line #117
06-20 07:35:36.737 W/PackageParser( 1918): Unknown element under <manifest>: attribution at /system/product/priv-app/PrebuiltGmsCore/PrebuiltGmsCore.apk Binary XML file line #118
06-20 07:35:36.737 W/PackageParser( 1918): Unknown element under <manifest>: attribution at /system/product/priv-app/PrebuiltGmsCore/PrebuiltGmsCore.apk Binary XML file line #119
06-20 07:35:36.737 W/PackageParser( 1918): Unknown element under <manifest>: attribution at /system/product/priv-app/PrebuiltGmsCore/PrebuiltGmsCore.apk Binary XML file line #120
06-20 07:35:36.738 W/PackageParser( 1918): Unknown element under <manifest>: attribution at /system/product/priv-app/PrebuiltGmsCore/PrebuiltGmsCore.apk Binary XML file line #121
06-20 07:35:36.738 W/PackageParser( 1918): Unknown element under <manifest>: attribution at /system/product/priv-app/PrebuiltGmsCore/PrebuiltGmsCore.apk Binary XML file line #122
06-20 07:35:36.738 W/PackageParser( 1918): Unknown element under <manifest>: attribution at /system/product/priv-app/PrebuiltGmsCore/PrebuiltGmsCore.apk Binary XML file line #123
06-20 07:35:36.738 W/PackageParser( 1918): Unknown element under <manifest>: attribution at /system/product/priv-app/PrebuiltGmsCore/PrebuiltGmsCore.apk Binary XML file line #124
06-20 07:35:36.738 W/PackageParser( 1918): Unknown element under <manifest>: attribution at /system/product/priv-app/PrebuiltGmsCore/PrebuiltGmsCore.apk Binary XML file line #125
06-20 07:35:36.738 W/PackageParser( 1918): Unknown element under <manifest>: attribution at /system/product/priv-app/PrebuiltGmsCore/PrebuiltGmsCore.apk Binary XML file line #126
06-20 07:35:36.738 W/PackageParser( 1918): Unknown element under <manifest>: attribution at /system/product/priv-app/PrebuiltGmsCore/PrebuiltGmsCore.apk Binary XML file line #127
06-20 07:35:36.738 W/PackageParser( 1918): Unknown element under <manifest>: attribution at /system/product/priv-app/PrebuiltGmsCore/PrebuiltGmsCore.apk Binary XML file line #128
06-20 07:35:36.738 W/PackageParser( 1918): Unknown element under <manifest>: attribution at /system/product/priv-app/PrebuiltGmsCore/PrebuiltGmsCore.apk Binary XML file line #129
06-20 07:35:36.738 W/PackageParser( 1918): Unknown element under <manifest>: attribution at /system/product/priv-app/PrebuiltGmsCore/PrebuiltGmsCore.apk Binary XML file line #130
06-20 07:35:36.738 W/PackageParser( 1918): Unknown element under <manifest>: attribution at /system/product/priv-app/PrebuiltGmsCore/PrebuiltGmsCore.apk Binary XML file line #131
06-20 07:35:36.738 W/PackageParser( 1918): Unknown element under <manifest>: attribution at /system/product/priv-app/PrebuiltGmsCore/PrebuiltGmsCore.apk Binary XML file line #132
06-20 07:35:36.738 W/PackageParser( 1918): Unknown element under <manifest>: attribution at /system/product/priv-app/PrebuiltGmsCore/PrebuiltGmsCore.apk Binary XML file line #133
06-20 07:35:36.738 W/PackageParser( 1918): Unknown element under <manifest>: attribution at /system/product/priv-app/PrebuiltGmsCore/PrebuiltGmsCore.apk Binary XML file line #134
06-20 07:35:36.738 W/PackageParser( 1918): Unknown element under <manifest>: attribution at /system/product/priv-app/PrebuiltGmsCore/PrebuiltGmsCore.apk Binary XML file line #135
06-20 07:35:36.738 W/PackageParser( 1918): Unknown element under <manifest>: attribution at /system/product/priv-app/PrebuiltGmsCore/PrebuiltGmsCore.apk Binary XML file line #136
06-20 07:35:36.738 W/PackageParser( 1918): Unknown element under <manifest>: attribution at /system/product/priv-app/PrebuiltGmsCore/PrebuiltGmsCore.apk Binary XML file line #137
06-20 07:35:36.738 W/PackageParser( 1918): Unknown element under <manifest>: attribution at /system/product/priv-app/PrebuiltGmsCore/PrebuiltGmsCore.apk Binary XML file line #138
06-20 07:35:36.738 W/PackageParser( 1918): Unknown element under <manifest>: attribution at /system/product/priv-app/PrebuiltGmsCore/PrebuiltGmsCore.apk Binary XML file line #139
06-20 07:35:36.739 W/PackageParser( 1918): Unknown element under <manifest>: attribution at /system/product/priv-app/PrebuiltGmsCore/PrebuiltGmsCore.apk Binary XML file line #140
06-20 07:35:36.742 W/PackageParser( 1918): Unknown element under <manifest>: queries at /system/product/priv-app/PrebuiltGmsCore/PrebuiltGmsCore.apk Binary XML file line #544
06-20 07:35:36.746 I/ServiceManager( 1789): Waiting for service 'package_native' on '/dev/binder'...
06-20 07:35:36.803 W/PackageParser( 1918): No actions in intent filter at /system/product/priv-app/Velvet/Velvet.apk Binary XML file line #3398
06-20 07:35:36.819 I/PackageParser( 1918): Parse times for '/system/product/priv-app/Velvet': parse=120ms, update_cache=16 ms
