06-20 07:35:34.479 I/MediaCodecsXmlParser( 1793): limit: measured-frame-rate-1920x1080-range = 45-47
06-20 07:35:34.479 I/MediaCodecsXmlParser( 1793): limit: measured-frame-rate-176x144-range = 881-1142
06-20 07:35:34.479 I/MediaCodecsXmlParser( 1793): limit: measured-frame-rate-320x180-range = 249-285
06-20 07:35:34.479 I/MediaCodecsXmlParser( 1793): limit: measured-frame-rate-640x360-range = 104-115
06-20 07:35:34.479 I/MediaCodecsXmlParser( 1793): limit: measured-frame-rate-1280x720-range = 34-35
06-20 07:35:34.479 I/MediaCodecsXmlParser( 1793): limit: measured-frame-rate-1920x1080-range = 26-29
06-20 07:35:34.479 I/MediaCodecsXmlParser( 1793): limit: measured-frame-rate-176x144-range = 1246-1390
06-20 07:35:34.479 I/MediaCodecsXmlParser( 1793): limit: measured-frame-rate-352x288-range = 1121-1128
06-20 07:35:34.479 I/MediaCodecsXmlParser( 1793): limit: measured-frame-rate-320x240-range = 299-629
06-20 07:35:34.479 I/MediaCodecsXmlParser( 1793): limit: measured-frame-rate-720x480-range = 215-250
06-20 07:35:34.479 I/MediaCodecsXmlParser( 1793): limit: measured-frame-rate-1280x720-range = 75-85
06-20 07:35:34.479 I/MediaCodecsXmlParser( 1793): limit: measured-frame-rate-1920x1080-range = 31-34
06-20 07:35:34.479 I/MediaCodecsXmlParser( 1793): limit: measured-frame-rate-352x288-range = 754-817
06-20 07:35:34.479 I/MediaCodecsXmlParser( 1793): limit: measured-frame-rate-640x360-range = 323-394
06-20 07:35:34.479 I/MediaCodecsXmlParser( 1793): limit: measured-frame-rate-720x480-range = 349-372
06-20 07:35:34.479 I/MediaCodecsXmlParser( 1793): limit: measured-frame-rate-1280x720-range = 144-157
06-20 07:35:34.479 I/MediaCodecsXmlParser( 1793): limit: measured-frame-rate-1920x1080-range = 74-85
06-20 07:35:34.479 I/MediaCodecsXmlParser( 1793): limit: measured-frame-rate-176x144-range = 1439-1625
06-20 07:35:34.479 I/MediaCodecsXmlParser( 1793): limit: measured-frame-rate-320x180-range = 1129-1261
06-20 07:35:34.479 I/MediaCodecsXmlParser( 1793): limit: measured-frame-rate-640x360-range = 471-525
06-20 07:35:34.479 I/MediaCodecsXmlParser( 1793): limit: measured-frame-rate-1280x720-range = 126-145
06-20 07:35:34.479 I/MediaCodecsXmlParser( 1793): limit: measured-frame-rate-1920x1080-range = 48-51
06-20 07:35:34.479 I/MediaCodecsXmlParser( 1793): limit: measured-frame-rate-2160x2160-range = 31-34
06-20 07:35:34.479 I/MediaCodecsXmlParser( 1793): limit: measured-frame-rate-320x180-range = 968-1101
06-20 07:35:34.479 I/MediaCodecsXmlParser( 1793): limit: measured-frame-rate-640x360-range = 291-338
06-20 07:35:34.479 I/MediaCodecsXmlParser( 1793): limit: measured-frame-rate-1280x720-range = 280-400
06-20 07:35:34.479 I/MediaCodecsXmlParser( 1793): limit: measured-frame-rate-1920x1080-range = 178-240
06-20 07:35:34.479 I/MediaCodecsXmlParser( 1793): limit: measured-frame-rate-2560x1440-range = 31-34
06-20 07:35:34.479 D/MediaCodecsXmlParser( 1793): Cannot find /data/misc/media/media_codecs_profiling_results.xml
06-20 07:35:34.484 D/AndroidRuntime( 1666): >>>>>> START com.android.internal.os.ZygoteInit uid 0 <<<<<<
06-20 07:35:34.486 I/ServiceManagement( 1793): Registered android.hardware.media.omx@1.0::IOmxStore/default (start delay of 512ms)
06-20 07:35:34.486 I/ServiceManagement( 1793): Removing namespace from process name android.hardware.media.omx@1.0-service to omx@1.0-service.
06-20 07:35:34.486 I/zygote64( 1665): option[0]=-Xzygote
06-20 07:35:34.486 I/zygote64( 1665): option[1]=exit
06-20 07:35:34.486 I/zygote64( 1665): option[2]=vfprintf
06-20 07:35:34.486 I/zygote64( 1665): option[3]=sensitiveThread
06-20 07:35:34.486 I/zygote64( 1665): option[4]=-verbose:gc
06-20 07:35:34.486 I/zygote64( 1665): option[5]=-Xms4m
06-20 07:35:34.486 I/zygote64( 1665): option[6]=-Xmx512m
06-20 07:35:34.486 I/zygote64( 1665): option[7]=-Xusejit:true
06-20 07:35:34.486 I/zygote64( 1665): option[8]=-Xjitsaveprofilinginfo
06-20 07:35:34.486 I/zygote64( 1665): option[9]=-XjdwpOptions:suspend=n,server=y
06-20 07:35:34.486 I/zygote64( 1665): option[10]=-XjdwpProvider:default
06-20 07:35:34.486 I/zygote64( 1665): option[11]=-Xlockprofthreshold:500
06-20 07:35:34.486 I/zygote64( 1665): option[12]=-Ximage-compiler-option
06-20 07:35:34.486 I/zygote64( 1665): option[13]=--runtime-arg
06-20 07:35:34.486 I/zygote64( 1665): option[14]=-Ximage-compiler-option
06-20 07:35:34.486 I/zygote64( 1665): option[15]=-Xms64m
06-20 07:35:34.486 I/zygote64( 1665): option[16]=-Ximage-compiler-option
06-20 07:35:34.486 I/zygote64( 1665): option[17]=--runtime-arg
06-20 07:35:34.486 I/zygote64( 1665): option[18]=-Ximage-compiler-option
06-20 07:35:34.486 I/zygote64( 1665): option[19]=-Xmx64m
06-20 07:35:34.486 I/zygote64( 1665): option[20]=-Ximage-compiler-option
06-20 07:35:34.486 I/zygote64( 1665): option[21]=--profile-file=/system/etc/boot-image.prof
06-20 07:35:34.486 I/zygote64( 1665): option[22]=-Ximage-compiler-option
06-20 07:35:34.486 I/zygote64( 1665): option[23]=--compiler-filter=speed-profile
06-20 07:35:34.486 I/zygote64( 1665): option[24]=-Xcompiler-option
06-20 07:35:34.486 I/zygote64( 1665): option[25]=--runtime-arg
06-20 07:35:34.486 I/zygote64( 1665): option[26]=-Xcompiler-option
06-20 07:35:34.486 I/zygote64( 1665): option[27]=-Xms64m
06-20 07:35:34.486 I/zygote64( 1665): option[28]=-Xcompiler-option
06-20 07:35:34.487 I/zygote64( 1665): option[29]=--runtime-arg
06-20 07:35:34.487 I/zygote64( 1665): option[30]=-Xcompiler-option
06-20 07:35:34.487 I/zygote64( 1665): option[31]=-Xmx512m
06-20 07:35:34.487 I/zygote64( 1665): option[32]=-Ximage-compiler-option
06-20 07:35:34.487 I/zygote64( 1665): option[33]=--instruction-set-variant=x86_64
06-20 07:35:34.487 I/zygote64( 1665): option[34]=-Xcompiler-option
06-20 07:35:34.487 I/zygote64( 1665): option[35]=--instruction-set-variant=x86_64
06-20 07:35:34.487 I/zygote64( 1665): option[36]=-Ximage-compiler-option
06-20 07:35:34.487 I/zygote64( 1665): option[37]=--instruction-set-features=default
06-20 07:35:34.487 I/zygote64( 1665): option[38]=-Xcompiler-option
06-20 07:35:34.487 I/zygote64( 1665): option[39]=--instruction-set-features=default
06-20 07:35:34.487 I/zygote64( 1665): option[40]=-Duser.locale=en-US
06-20 07:35:34.487 I/zygote64( 1665): option[41]=--cpu-abilist=x86_64
06-20 07:35:34.487 I/zygote64( 1665): option[42]=-Xcompiler-option
06-20 07:35:34.487 I/zygote64( 1665): option[43]=--generate-mini-debug-info
06-20 07:35:34.487 I/zygote64( 1665): option[44]=-Xcore-platform-api-policy:just-warn
06-20 07:35:34.487 I/zygote64( 1665): option[45]=-Xfingerprint:google/sdk_gphone_x86_64/generic_x86_64:10/QSR1.211112.011/13135432:userdebug/dev-keys
06-20 07:35:34.521 I/zygote64( 1665): Core platform API reporting enabled, enforcing=false
06-20 07:35:34.534 I/ServiceManager( 1789): Waiting for service 'package_native' on '/dev/binder'...
06-20 07:35:34.537 I/cameraserver( 1770): ServiceManager: 0x75a65512f100
06-20 07:35:34.540 I/CameraService( 1770): CameraService started (pid=1770)
06-20 07:35:34.540 I/CameraService( 1770): CameraService process starting
06-20 07:35:34.540 W/BatteryNotifier( 1770): batterystats service unavailable!
06-20 07:35:34.540 W/BatteryNotifier( 1770): batterystats service unavailable!
06-20 07:35:34.542 I/CameraProviderManager( 1770): Connecting to new camera provider: legacy/0, isRemote? 1
06-20 07:35:34.542 I/CameraProviderManager( 1770): Camera provider legacy/0 ready with 0 camera devices
06-20 07:35:34.543 I/hwservicemanager( 1568): getTransport: Cannot find entry android.hardware.camera.provider@2.4::ICameraProvider/external/0 in either framework or device manifest.
06-20 07:35:34.543 I/        ( 1770): Waiting for activity service
06-20 07:35:34.546 I/AndroidRuntime( 1666): Using default boot image
06-20 07:35:34.546 I/AndroidRuntime( 1666): Leaving lock profiling enabled
06-20 07:35:34.551 I/zygote  ( 1666): option[0]=-Xzygote
06-20 07:35:34.551 I/zygote  ( 1666): option[1]=exit
06-20 07:35:34.551 I/zygote  ( 1666): option[2]=vfprintf
06-20 07:35:34.551 I/zygote  ( 1666): option[3]=sensitiveThread
06-20 07:35:34.551 I/zygote  ( 1666): option[4]=-verbose:gc
06-20 07:35:34.551 I/zygote  ( 1666): option[5]=-Xms4m
06-20 07:35:34.551 I/zygote  ( 1666): option[6]=-Xmx512m
06-20 07:35:34.551 I/zygote  ( 1666): option[7]=-Xusejit:true
06-20 07:35:34.551 I/zygote  ( 1666): option[8]=-Xjitsaveprofilinginfo
06-20 07:35:34.551 I/zygote  ( 1666): option[9]=-XjdwpOptions:suspend=n,server=y
06-20 07:35:34.551 I/zygote  ( 1666): option[10]=-XjdwpProvider:default
06-20 07:35:34.551 I/zygote  ( 1666): option[11]=-Xlockprofthreshold:500
06-20 07:35:34.551 I/zygote  ( 1666): option[12]=-Ximage-compiler-option
06-20 07:35:34.551 I/zygote  ( 1666): option[13]=--runtime-arg
06-20 07:35:34.551 I/zygote  ( 1666): option[14]=-Ximage-compiler-option
06-20 07:35:34.551 I/zygote  ( 1666): option[15]=-Xms64m
06-20 07:35:34.551 I/zygote  ( 1666): option[16]=-Ximage-compiler-option
06-20 07:35:34.551 I/zygote  ( 1666): option[17]=--runtime-arg
06-20 07:35:34.551 I/zygote  ( 1666): option[18]=-Ximage-compiler-option
06-20 07:35:34.551 I/zygote  ( 1666): option[19]=-Xmx64m
06-20 07:35:34.551 I/zygote  ( 1666): option[20]=-Ximage-compiler-option
06-20 07:35:34.551 I/zygote  ( 1666): option[21]=--profile-file=/system/etc/boot-image.prof
06-20 07:35:34.552 I/zygote  ( 1666): option[22]=-Ximage-compiler-option
06-20 07:35:34.552 I/zygote  ( 1666): option[23]=--compiler-filter=speed-profile
06-20 07:35:34.552 I/zygote  ( 1666): option[24]=-Xcompiler-option
06-20 07:35:34.552 I/zygote  ( 1666): option[25]=--runtime-arg
06-20 07:35:34.552 I/zygote  ( 1666): option[26]=-Xcompiler-option
06-20 07:35:34.552 I/zygote  ( 1666): option[27]=-Xms64m
06-20 07:35:34.552 I/zygote  ( 1666): option[28]=-Xcompiler-option
06-20 07:35:34.552 I/zygote  ( 1666): option[29]=--runtime-arg
06-20 07:35:34.552 I/zygote  ( 1666): option[30]=-Xcompiler-option
06-20 07:35:34.552 I/zygote  ( 1666): option[31]=-Xmx512m
06-20 07:35:34.552 I/zygote  ( 1666): option[32]=-Ximage-compiler-option
06-20 07:35:34.552 I/zygote  ( 1666): option[33]=--instruction-set-variant=x86_64
06-20 07:35:34.552 I/zygote  ( 1666): option[34]=-Xcompiler-option
06-20 07:35:34.552 I/zygote  ( 1666): option[35]=--instruction-set-variant=x86_64
06-20 07:35:34.552 I/zygote  ( 1666): option[36]=-Ximage-compiler-option
06-20 07:35:34.552 I/zygote  ( 1666): option[37]=--instruction-set-features=default
06-20 07:35:34.552 I/zygote  ( 1666): option[38]=-Xcompiler-option
06-20 07:35:34.552 I/zygote  ( 1666): option[39]=--instruction-set-features=default
06-20 07:35:34.552 I/zygote  ( 1666): option[40]=-Duser.locale=en-US
06-20 07:35:34.552 I/zygote  ( 1666): option[41]=--cpu-abilist=x86
06-20 07:35:34.552 I/zygote  ( 1666): option[42]=-Xcompiler-option
06-20 07:35:34.552 I/zygote  ( 1666): option[43]=--generate-mini-debug-info
06-20 07:35:34.552 I/zygote  ( 1666): option[44]=-Xcore-platform-api-policy:just-warn
06-20 07:35:34.552 I/zygote  ( 1666): option[45]=-Xfingerprint:google/sdk_gphone_x86_64/generic_x86_64:10/QSR1.211112.011/13135432:userdebug/dev-keys
06-20 07:35:34.561 W/CameraProviderManager( 1770): addProviderLocked: Camera provider HAL with name 'legacy/0' already registered
06-20 07:35:34.570 I/zygote  ( 1666): Core platform API reporting enabled, enforcing=false
06-20 07:35:34.571 I/mediaserver( 1786): ServiceManager: 0xf5606ca0
06-20 07:35:34.583 I/FastMixerState( 1726): sMaxFastTracks = 8
06-20 07:35:34.585 V/MediaUtils( 1726): physMem: 2089566208
06-20 07:35:34.585 V/MediaUtils( 1726): requested limit: 417913240
06-20 07:35:34.585 I/libc    ( 1726): malloc_limit: Allocation limit enabled, max size 417913240 bytes
06-20 07:35:34.585 I/audioserver( 1726): ServiceManager: 0x74c1b7980dc0
06-20 07:35:34.585 W/BatteryNotifier( 1726): batterystats service unavailable!
06-20 07:35:34.586 I/hwservicemanager( 1568): getTransport: Cannot find entry android.hardware.audio@5.0::IDevicesFactory/default in either framework or device manifest.
06-20 07:35:34.588 I/hwservicemanager( 1568): getTransport: Cannot find entry android.hardware.audio@4.0::IDevicesFactory/msd in either framework or device manifest.
06-20 07:35:34.588 I/hwservicemanager( 1568): getTransport: Cannot find entry android.hardware.audio.effect@5.0::IEffectsFactory/default in either framework or device manifest.
06-20 07:35:34.588 I/AudioFlinger( 1726): Using default 3000 mSec as standby time.
06-20 07:35:34.594 I/BootAnimation( 1833): boot animation disabled
06-20 07:35:34.596 W/BatteryNotifier( 1786): batterystats service unavailable!
06-20 07:35:34.601 E/APM::Serializer( 1726): deserialize: Could not parse /odm/etc/audio_policy_configuration.xml document.
06-20 07:35:34.604 E/APM::AudioPolicyEngine/Config( 1726): parse: Could not parse document /vendor/etc/audio_policy_engine_configuration.xml
06-20 07:35:34.604 W/APM::AudioPolicyEngine/Base( 1726): loadAudioPolicyEngineConfig: No configuration found, using default matching phone experience.
06-20 07:35:34.604 E/APM::AudioPolicyEngine/Config( 1726): parseLegacyVolumeFile: Could not parse document /odm/etc/audio_policy_configuration.xml
06-20 07:35:34.610 D/audio_hw_generic( 1686): Emulator host-side ALSA audio emulation detected.
06-20 07:35:34.610 D/audio_hw_generic( 1686): mixer 0 name Master Playback Volume
06-20 07:35:34.610 D/audio_hw_generic( 1686): set ctl 0 to 100
06-20 07:35:34.610 D/audio_hw_generic( 1686): set ctl 1 to 100
06-20 07:35:34.610 D/audio_hw_generic( 1686): mixer 1 name Master Playback Switch
06-20 07:35:34.610 D/audio_hw_generic( 1686): set ctl 0 to 1
06-20 07:35:34.610 D/audio_hw_generic( 1686): set ctl 1 to 1
06-20 07:35:34.610 D/audio_hw_generic( 1686): mixer 2 name Capture Volume
06-20 07:35:34.610 D/audio_hw_generic( 1686): set ctl 0 to 100
06-20 07:35:34.610 D/audio_hw_generic( 1686): set ctl 1 to 100
06-20 07:35:34.611 D/audio_hw_generic( 1686): mixer 3 name Capture Switch
06-20 07:35:34.611 D/audio_hw_generic( 1686): set ctl 0 to 1
06-20 07:35:34.611 D/audio_hw_generic( 1686): set ctl 1 to 1
06-20 07:35:34.611 D/audio_hw_generic( 1686): mixer 4 name Line Phantom Jack
06-20 07:35:34.613 D/audio_hw_generic( 1686): mixer 5 name Line Out Phantom Jack
06-20 07:35:34.613 D/audio_hw_generic( 1686): mixer 6 name Playback Channel Map
06-20 07:35:34.613 D/audio_hw_generic( 1686): mixer 7 name Capture Channel Map
06-20 07:35:34.615 W/DeviceHAL( 1686): Error from HAL Device in function get_master_volume: Function not implemented
06-20 07:35:34.615 W/DeviceHAL( 1686): Error from HAL Device in function get_master_mute: Function not implemented
06-20 07:35:34.617 W/DeviceHAL( 1686): Error from HAL Device in function set_master_volume: Function not implemented
06-20 07:35:34.617 W/DeviceHAL( 1686): Error from HAL Device in function set_master_mute: Function not implemented
06-20 07:35:34.617 I/AudioFlinger( 1726): loadHwModule() Loaded primary audio interface, handle 10
06-20 07:35:34.617 I/AudioFlinger( 1726): openOutput() this 0x74c1b798b600, module 10 Device 0x2, SamplingRate 44100, Format 0x000001, Channels 0x3, flags 0x2
06-20 07:35:34.621 W/AudioFlinger( 1726): HAL output buffer size is 661 frames but AudioMixer requires multiples of 16 frames
06-20 07:35:34.621 I/AudioFlinger( 1726): HAL output buffer size 661 frames, normal sink buffer size 1056 frames
06-20 07:35:34.622 I/hwservicemanager( 1568): getTransport: Cannot find entry android.hardware.audio.effect@5.0::IEffectsFactory/default in either framework or device manifest.
06-20 07:35:34.631 I/BufferProvider( 1726): found effect "Multichannel Downmix To Stereo" from The Android Open Source Project
06-20 07:35:34.632 I/AudioFlinger( 1726): Using module 10 as the primary audio interface
06-20 07:35:34.634 V/APM_AudioPolicyManager( 1726): checkAndSetVolume cannot set volume group 3 volume with force use = 0 for comm
06-20 07:35:34.636 I/ServiceManager( 1789): Waiting for service 'package_native' on '/dev/binder'...
06-20 07:35:34.637 E/MediaExtractorFactory( 1783): couldn't opendir(/system/lib64/extractors)
06-20 07:35:34.637 I/AudioFlinger( 1726): AudioFlinger's thread 0x74c1b7a294c0 tid=1858 ready to run
06-20 07:35:34.638 W/AudioFlinger( 1726): no wake lock to update, system not ready yet
06-20 07:35:34.644 W/AudioFlinger( 1726): moveEffects() bad srcOutput 0
06-20 07:35:34.644 V/APM_AudioPolicyManager( 1726): selectOutputForMusicEffects selected output 13
06-20 07:35:34.644 V/APM_AudioPolicyManager( 1726): setOutputDevices device {type:0x2,@:} delayMs 0
06-20 07:35:34.644 V/APM_AudioPolicyManager( 1726): setOutputDevices() prevDevice {type:0x2,@:}
06-20 07:35:34.644 V/APM_AudioPolicyManager( 1726): setOutputDevices changing device to {type:0x2,@:}
06-20 07:35:34.645 W/AudioFlinger( 1726): no wake lock to update, system not ready yet
06-20 07:35:34.645 V/APM_AudioPolicyManager( 1726): setOutputDevices() AF::createAudioPatch returned 0 patchHandle 12 num_sources 1 num_sinks 1
06-20 07:35:34.646 V/APM_AudioPolicyManager( 1726): checkAndSetVolume cannot set volume group 3 volume with force use = 0 for comm
06-20 07:35:34.654 I/AudioFlinger( 1726): AudioFlinger's thread 0x74c1b2c89840 tid=1862 ready to run
06-20 07:35:34.656 I/r_submix( 1686): adev_open(name=audio_hw_if)
06-20 07:35:34.656 I/r_submix( 1686): adev_init_check()
06-20 07:35:34.656 W/DeviceHAL( 1686): Error from HAL Device in function set_master_volume: Function not implemented
06-20 07:35:34.656 W/DeviceHAL( 1686): Error from HAL Device in function set_master_mute: Function not implemented
06-20 07:35:34.656 I/AudioFlinger( 1726): loadHwModule() Loaded r_submix audio interface, handle 18
06-20 07:35:34.656 D/r_submix( 1686): adev_open_input_stream(addr=0)
06-20 07:35:34.656 D/r_submix( 1686): submix_audio_device_create_pipe_l(addr=0, idx=9)
06-20 07:35:34.656 D/r_submix( 1686):   now using address 0 for route 9
06-20 07:35:34.657 I/AudioFlinger( 1726): AudioFlinger's thread 0x74c1b2c896c0 tid=1864 ready to run
06-20 07:35:34.658 I/        ( 1726): Waiting for activity service
06-20 07:35:34.659 D/r_submix( 1686): adev_close_input_stream()
06-20 07:35:34.659 D/r_submix( 1686): submix_audio_device_release_pipe_l(idx=9) addr=0
06-20 07:35:34.659 D/r_submix( 1686): submix_audio_device_destroy_pipe_l(): pipe destroyed
06-20 07:35:34.673 I//apex/com.android.media.swcodec/bin/mediaswcodec( 1801): media swcodec service starting
06-20 07:35:34.675 W//apex/com.android.media.swcodec/bin/mediaswcodec( 1801): Could not read additional policy file '/vendor/etc/seccomp_policy/mediaswcodec.policy'
06-20 07:35:34.675 W//apex/com.android.media.swcodec/bin/mediaswcodec( 1801): libminijail[1801]: failed to get path of fd 4: No such file or directory
06-20 07:35:34.675 W//apex/com.android.media.swcodec/bin/mediaswcodec( 1801): libminijail[1801]: allowing syscall: socket
06-20 07:35:34.675 W//apex/com.android.media.swcodec/bin/mediaswcodec( 1801): libminijail[1801]: allowing syscall: connect
06-20 07:35:34.675 W//apex/com.android.media.swcodec/bin/mediaswcodec( 1801): libminijail[1801]: allowing syscall: fcntl
06-20 07:35:34.675 W//apex/com.android.media.swcodec/bin/mediaswcodec( 1801): libminijail[1801]: allowing syscall: writev
06-20 07:35:34.676 W//apex/com.android.media.swcodec/bin/mediaswcodec( 1801): libminijail[1801]: compile_file: <fd>(20): nonexistent syscall 'getuid32'
06-20 07:35:34.676 W//apex/com.android.media.swcodec/bin/mediaswcodec( 1801): libminijail[1801]: compile_file: <fd>(26): nonexistent syscall 'mmap2'
06-20 07:35:34.676 W//apex/com.android.media.swcodec/bin/mediaswcodec( 1801): libminijail[1801]: compile_file: <fd>(28): nonexistent syscall 'fstat64'
06-20 07:35:34.676 W//apex/com.android.media.swcodec/bin/mediaswcodec( 1801): libminijail[1801]: compile_file: <fd>(30): nonexistent syscall 'stat64'
06-20 07:35:34.676 W//apex/com.android.media.swcodec/bin/mediaswcodec( 1801): libminijail[1801]: compile_file: <fd>(31): nonexistent syscall 'statfs64'
06-20 07:35:34.676 W//apex/com.android.media.swcodec/bin/mediaswcodec( 1801): libminijail[1801]: compile_file: <fd>(33): nonexistent syscall 'fstatat64'
06-20 07:35:34.676 W//apex/com.android.media.swcodec/bin/mediaswcodec( 1801): libminijail[1801]: compile_file: <fd>(38): nonexistent syscall '_llseek'
06-20 07:35:34.676 W//apex/com.android.media.swcodec/bin/mediaswcodec( 1801): libminijail[1801]: compile_file: <fd>(47): nonexistent syscall 'ugetrlimit'
06-20 07:35:34.676 W//apex/com.android.media.swcodec/bin/mediaswcodec( 1801): libminijail[1801]: compile_file: <fd>(50): nonexistent syscall '_llseek'
06-20 07:35:34.676 W//apex/com.android.media.swcodec/bin/mediaswcodec( 1801): libminijail[1801]: compile_file: <fd>(51): nonexistent syscall 'fstatfs64'
06-20 07:35:34.676 W//apex/com.android.media.swcodec/bin/mediaswcodec( 1801): libminijail[1801]: compile_file: <fd>(63): nonexistent syscall 'ftruncate64'
06-20 07:35:34.676 W//apex/com.android.media.swcodec/bin/mediaswcodec( 1801): libminijail[1801]: compile_file: /system/etc/seccomp_policy/crash_dump.x86.policy(5): nonexistent syscall 'sigreturn'
06-20 07:35:34.676 W//apex/com.android.media.swcodec/bin/mediaswcodec( 1801): libminijail[1801]: compile_file: /system/etc/seccomp_policy/crash_dump.x86.policy(31): nonexistent syscall 'getuid32'
06-20 07:35:34.677 W//apex/com.android.media.swcodec/bin/mediaswcodec( 1801): libminijail[1801]: compile_file: /system/etc/seccomp_policy/crash_dump.x86.policy(32): nonexistent syscall 'fstat64'
06-20 07:35:34.677 W//apex/com.android.media.swcodec/bin/mediaswcodec( 1801): libminijail[1801]: compile_file: /system/etc/seccomp_policy/crash_dump.x86.policy(33): nonexistent syscall 'mmap2'
06-20 07:35:34.677 W//apex/com.android.media.swcodec/bin/mediaswcodec( 1801): libminijail[1801]: compile_file: /system/etc/seccomp_policy/crash_dump.x86.policy(34): nonexistent syscall 'geteuid32'
06-20 07:35:34.677 W//apex/com.android.media.swcodec/bin/mediaswcodec( 1801): libminijail[1801]: compile_file: /system/etc/seccomp_policy/crash_dump.x86.policy(35): nonexistent syscall 'getgid32'
06-20 07:35:34.677 W//apex/com.android.media.swcodec/bin/mediaswcodec( 1801): libminijail[1801]: compile_file: /system/etc/seccomp_policy/crash_dump.x86.policy(36): nonexistent syscall 'getegid32'
06-20 07:35:34.677 W//apex/com.android.media.swcodec/bin/mediaswcodec( 1801): libminijail[1801]: compile_file: /system/etc/seccomp_policy/crash_dump.x86.policy(37): nonexistent syscall 'getgroups32'
06-20 07:35:34.677 W//apex/com.android.media.swcodec/bin/mediaswcodec( 1801): libminijail[1801]: logging seccomp filter failures
06-20 07:35:34.677 I/CodecServiceRegistrant( 1801): Creating software Codec2 service...
06-20 07:35:34.680 I/ServiceManagement( 1801): Registered android.hardware.media.c2@1.0::IComponentStore/software (start delay of 686ms)
06-20 07:35:34.680 I/CodecServiceRegistrant( 1801): Software Codec2 service created.
06-20 07:35:34.736 I/ServiceManager( 1789): Waiting for service 'package_native' on '/dev/binder'...
06-20 07:35:34.774 I/netd    ( 1664): Setting up StrictController hooks: 592.5ms
06-20 07:35:34.774 I/ClatdController( 1664): 4.9+ kernel and device shipped with P - clat ebpf might work.
06-20 07:35:34.774 I/netd    ( 1664): Initializing ClatdController: 0.1ms
06-20 07:35:34.800 I/netd    ( 1664): Initializing traffic control: 25.6ms
06-20 07:35:34.805 I/netd    ( 1664): Enabling bandwidth control: 4.9ms
06-20 07:35:34.805 E/Netd    ( 1664): cannot find interface dummy0
06-20 07:35:34.805 I/netd    ( 1664): Initializing RouteController: 0.6ms
06-20 07:35:34.806 D/XfrmController( 1664): XfrmController::ipSecAddXfrmInterface, line=1379
06-20 07:35:34.807 D/XfrmController( 1664): XfrmController::ipSecRemoveTunnelInterface, line=1592
06-20 07:35:34.807 D/XfrmController( 1664): deviceName=ipsec_test
06-20 07:35:34.835 D/ICU     ( 1665): Time zone APEX file found: /apex/com.android.tzdata/etc/icu/icu_tzdata.dat
06-20 07:35:34.835 D/ICU     ( 1666): Time zone APEX file found: /apex/com.android.tzdata/etc/icu/icu_tzdata.dat
06-20 07:35:34.836 I/ServiceManager( 1789): Waiting for service 'package_native' on '/dev/binder'...
06-20 07:35:34.854 D/XfrmController( 1664): Sending Netlink XFRM Message: XFRM_MSG_FLUSHSA
06-20 07:35:34.854 D/XfrmController( 1664): Sending Netlink XFRM Message: XFRM_MSG_FLUSHPOLICY
06-20 07:35:34.854 I/netd    ( 1664): Initializing XfrmController: 48.6ms
06-20 07:35:34.854 E/Netd    ( 1664): Unable to create netlink socket for family 5: Protocol not supported
06-20 07:35:34.854 W/Netd    ( 1664): Unable to open qlog quota socket, check if xt_quota2 can send via UeventHandler
06-20 07:35:34.856 I/libnetd_resolv( 1664): resolv_init: Initializing resolver
06-20 07:35:34.857 D/MDnsDS  ( 1664): MDnsSdListener::Hander starting up
06-20 07:35:34.857 I/netd    ( 1664): Registering NetdNativeService: 0.1ms
06-20 07:35:34.858 I/ServiceManagement( 1664): Registered android.system.net.netd@1.1::INetd/default (start delay of 1524ms)
06-20 07:35:34.858 I/netd    ( 1664): Registering NetdHwService: 1.0ms
06-20 07:35:34.858 I/netd    ( 1664): Netd started in 1457ms
06-20 07:35:34.863 D/MDnsDS  ( 1664): MDnsSdListener starting to monitor
06-20 07:35:34.863 D/MDnsDS  ( 1664): Going to poll with pollCount 1
06-20 07:35:34.872 W/zygote64( 1665): Unexpected CPU variant for X86 using defaults: x86_64
06-20 07:35:34.873 W/zygote  ( 1666): Unexpected CPU variant for X86 using defaults: x86_64
06-20 07:35:34.909 I/adbd    ( 1757): adbd listening on port 5555
06-20 07:35:34.910 I/adbd    ( 1757): USB event: FUNCTIONFS_ENABLE
06-20 07:35:34.910 W/adbd    ( 1757): received FUNCTIONFS_ENABLE while not bound?
06-20 07:35:34.910 I/adbd    ( 1757): UsbFfs: connection terminated: monitor thread finished
06-20 07:35:34.910 I/adbd    ( 1757): UsbFfs: already offline
06-20 07:35:34.910 I/adbd    ( 1757): destroying transport UsbFfs
06-20 07:35:34.910 I/adbd    ( 1757): UsbFfsConnection being destroyed
06-20 07:35:34.936 I/ServiceManager( 1789): Waiting for service 'package_native' on '/dev/binder'...
06-20 07:35:34.951 W/zygote  ( 1666): JNI RegisterNativeMethods: attempt to register 0 native methods for android.media.AudioAttributes
06-20 07:35:34.951 W/zygote64( 1665): JNI RegisterNativeMethods: attempt to register 0 native methods for android.media.AudioAttributes
06-20 07:35:34.963 D/Zygote  ( 1665): begin preload
06-20 07:35:34.963 I/Zygote  ( 1665): Calling ZygoteHooks.beginPreload()
06-20 07:35:34.973 I/zygote  ( 1666): Explicit concurrent copying GC freed 296(39KB) AllocSpace objects, 0(0B) LOS objects, 98% free, 24KB/1560KB, paused 914us total 7.214ms
06-20 07:35:34.979 I/zygote  ( 1666): Explicit concurrent copying GC freed 5(32KB) AllocSpace objects, 0(0B) LOS objects, 98% free, 24KB/1560KB, paused 737us total 4.831ms
06-20 07:35:34.979 D/Zygote32Timing( 1666): PostZygoteInitGC took to complete: 14ms
06-20 07:35:34.979 D/Zygote32Timing( 1666): ZygoteInit took to complete: 14ms
06-20 07:35:34.985 D/Zygote64Timing( 1665): BeginPreload took to complete: 22ms
06-20 07:35:34.985 I/Zygote  ( 1665): Preloading classes...
06-20 07:35:34.986 W/Zygote  ( 1665): Class not found for preloading: android.app.-$$Lambda$ActivityThread$ZXDWm3IBeFmLnFVblhB-IOZCr9o
06-20 07:35:34.994 I/adbd    ( 1757): host-15: read thread spawning
06-20 07:35:34.994 I/adbd    ( 1757): host-15: write thread spawning
06-20 07:35:34.998 I/adbd    ( 1757): opening control endpoint /dev/usb-ffs/adb/ep0
06-20 07:35:35.004 I/adbd    ( 1757): host-15: already offline
06-20 07:35:35.010 I/adbd    ( 1757): UsbFfsConnection constructed
06-20 07:35:35.011 I/adbd    ( 1757): USB event: FUNCTIONFS_BIND
06-20 07:35:35.025 I/Zygote  ( 1666): Accepting command socket connections
06-20 07:35:35.031 W/Zygote  ( 1665): Class not found for preloading: android.bluetooth.BluetoothA2dp$2
06-20 07:35:35.037 I/ServiceManager( 1789): Waiting for service 'package_native' on '/dev/binder'...
06-20 07:35:35.038 I/PackageBackwardCompatibility( 1665): Could not find android.content.pm.AndroidTestBaseUpdater, ignoring
06-20 07:35:35.138 I/ServiceManager( 1789): Waiting for service 'package_native' on '/dev/binder'...
06-20 07:35:35.238 I/ServiceManager( 1789): Waiting for service 'package_native' on '/dev/binder'...
06-20 07:35:35.280 E/ActivityRecognitionHardware( 1665): activity_recognition HAL is deprecated. class_init is effectively a no-op
06-20 07:35:35.311 I/zygote64( 1665): Thread[1,tid=1665,Native,Thread*=0x74b584ec4000,peer=0x12c02208,"main"] recursive attempt to load library "libmedia_jni.so"
06-20 07:35:35.311 D/MtpDeviceJNI( 1665): register_android_mtp_MtpDevice
06-20 07:35:35.311 I/zygote64( 1665): Thread[1,tid=1665,Native,Thread*=0x74b584ec4000,peer=0x12c02208,"main"] recursive attempt to load library "libmedia_jni.so"
06-20 07:35:35.311 I/zygote64( 1665): Thread[1,tid=1665,Native,Thread*=0x74b584ec4000,peer=0x12c02208,"main"] recursive attempt to load library "libmedia_jni.so"
06-20 07:35:35.318 W/Zygote  ( 1665): Class not found for preloading: android.media.audiopolicy.AudioProductStrategies
06-20 07:35:35.318 W/Zygote  ( 1665): Class not found for preloading: android.media.audiopolicy.AudioVolumeGroups
06-20 07:35:35.341 I/ServiceManager( 1789): Waiting for service 'package_native' on '/dev/binder'...
06-20 07:35:35.397 W/Zygote  ( 1665): Class not found for preloading: android.view.textclassifier.-$$Lambda$TextClassificationManager$JIaezIJbMig_-kVzN6oArzkTsJE
06-20 07:35:35.402 W/Zygote  ( 1665): Class not found for preloading: com.android.internal.net.NetworkStatsFactory
06-20 07:35:35.407 W/Zygote  ( 1665): Class not found for preloading: com.android.internal.telephony.-$$Lambda$PhoneSubInfoController$8HFbCDJDN1mrLJG980qYH5MGqMk
06-20 07:35:35.407 W/Zygote  ( 1665): Class not found for preloading: com.android.internal.telephony.-$$Lambda$PhoneSubInfoController$U28a_EGx2cvmQhDfRRgonMt5Zrc
06-20 07:35:35.407 W/Zygote  ( 1665): Class not found for preloading: com.android.internal.telephony.-$$Lambda$SubscriptionInfoUpdater$-zZXM9oMRZ3vZz7dJOG19J00Bmw
06-20 07:35:35.407 W/Zygote  ( 1665): Class not found for preloading: com.android.internal.telephony.-$$Lambda$SubscriptionInfoUpdater$D5yF1HbS4cvCyoAj3FESkPtA_0g
06-20 07:35:35.407 W/Zygote  ( 1665): Class not found for preloading: com.android.internal.telephony.-$$Lambda$SubscriptionInfoUpdater$MMx9iQX0JVqqMPLTUZhdBubFSzU
06-20 07:35:35.415 W/Zygote  ( 1665): Class not found for preloading: com.android.internal.telephony.PhoneConfigurationModels
06-20 07:35:35.417 W/Zygote  ( 1665): Class not found for preloading: com.android.internal.telephony.SubscriptionController$ScLocalLog
06-20 07:35:35.419 W/Zygote  ( 1665): Class not found for preloading: com.android.internal.telephony.UiccSmsController
06-20 07:35:35.439 I/Zygote  ( 1665): ...preloaded 7590 classes in 454ms.
06-20 07:35:35.439 I/zygote64( 1665): VMRuntime.preloadDexCaches starting
06-20 07:35:35.442 I/ServiceManager( 1789): Waiting for service 'package_native' on '/dev/binder'...
06-20 07:35:35.451 I/zygote64( 1665): VMRuntime.preloadDexCaches strings total=378948 before=9925 after=9925
06-20 07:35:35.451 I/zygote64( 1665): VMRuntime.preloadDexCaches types total=35812 before=7199 after=7467
06-20 07:35:35.451 I/zygote64( 1665): VMRuntime.preloadDexCaches fields total=160603 before=8020 after=8221
06-20 07:35:35.451 I/zygote64( 1665): VMRuntime.preloadDexCaches methods total=281511 before=10884 after=11316
06-20 07:35:35.451 I/zygote64( 1665): VMRuntime.preloadDexCaches finished
06-20 07:35:35.451 D/Zygote64Timing( 1665): PreloadClasses took to complete: 466ms
06-20 07:35:35.454 I/zygote64( 1665): The ClassLoaderContext is a special shared library.
06-20 07:35:35.454 D/ApplicationLoaders( 1665): Created zygote-cached class loader: /system/framework/android.hidl.base-V1.0-java.jar
06-20 07:35:35.456 I/zygote64( 1665): The ClassLoaderContext is a special shared library.
06-20 07:35:35.456 D/ApplicationLoaders( 1665): Created zygote-cached class loader: /system/framework/android.hidl.manager-V1.0-java.jar
06-20 07:35:35.456 D/Zygote64Timing( 1665): CacheNonBootClasspathClassLoaders took to complete: 5ms
06-20 07:35:35.542 I/ServiceManager( 1789): Waiting for service 'package_native' on '/dev/binder'...
06-20 07:35:35.642 I/ServiceManager( 1789): Waiting for service 'package_native' on '/dev/binder'...
06-20 07:35:35.653 I/Zygote  ( 1665): Preloading resources...
06-20 07:35:35.662 W/Resources( 1665): Preloaded drawable resource #0x108027c (android:drawable/dialog_background_material) that varies with configuration!!
06-20 07:35:35.669 I/Zygote  ( 1665): ...preloaded 64 resources in 16ms.
06-20 07:35:35.670 I/Zygote  ( 1665): ...preloaded 41 resources in 1ms.
06-20 07:35:35.670 D/Zygote64Timing( 1665): PreloadResources took to complete: 214ms
06-20 07:35:35.674 I/Zygote  ( 1665): Preloading shared libraries...
06-20 07:35:35.676 I/adbd    ( 1757): USB event: FUNCTIONFS_ENABLE
06-20 07:35:35.679 I/Zygote  ( 1665): Called ZygoteHooks.endPreload()
06-20 07:35:35.679 I/Zygote  ( 1665): Installed AndroidKeyStoreProvider in 0ms.
06-20 07:35:35.683 I/Zygote  ( 1665): Warmed up JCA providers in 4ms.
06-20 07:35:35.683 D/Zygote  ( 1665): end preload
06-20 07:35:35.683 D/Zygote64Timing( 1665): ZygotePreload took to complete: 721ms
06-20 07:35:35.683 I/zygote64( 1665): Waiting for a blocking GC Explicit
06-20 07:35:35.690 I/zygote64( 1665): Explicit concurrent copying GC freed 8582(320KB) AllocSpace objects, 0(0B) LOS objects, 71% free, 2433KB/8577KB, paused 424us total 5.013ms
06-20 07:35:35.695 I/zygote64( 1665): Explicit concurrent copying GC freed 1569(94KB) AllocSpace objects, 0(0B) LOS objects, 72% free, 2371KB/8515KB, paused 387us total 4.622ms
06-20 07:35:35.695 D/Zygote64Timing( 1665): PostZygoteInitGC took to complete: 12ms
06-20 07:35:35.695 D/Zygote64Timing( 1665): ZygoteInit took to complete: 733ms
06-20 07:35:35.743 I/ServiceManager( 1789): Waiting for service 'package_native' on '/dev/binder'...
06-20 07:35:35.786 D/Zygote  ( 1665): Forked child process 1918
06-20 07:35:35.786 I/Zygote  ( 1665): System server process 1918 has been created
06-20 07:35:35.787 I/Zygote  ( 1665): Accepting command socket connections
06-20 07:35:35.793 I/system_server( 1918): The ClassLoaderContext is a special shared library.
06-20 07:35:35.815 I/chatty  ( 1918): uid=1000 system_server identical 2 lines
06-20 07:35:35.820 I/system_server( 1918): The ClassLoaderContext is a special shared library.
06-20 07:35:35.822 W/system_server( 1918): Unexpected CPU variant for X86 using defaults: x86_64
06-20 07:35:35.843 I/ServiceManager( 1789): Waiting for service 'package_native' on '/dev/binder'...
06-20 07:35:35.851 I/SystemServer( 1918): InitBeforeStartServices
06-20 07:35:35.853 W/SystemServer( 1918): Timezone not set; setting to GMT.
06-20 07:35:35.855 I/SystemServer( 1918): Entered the Android system server!
06-20 07:35:35.943 I/ServiceManager( 1789): Waiting for service 'package_native' on '/dev/binder'...
06-20 07:35:35.978 E/UsbAlsaJackDetectorJNI( 1918): Can't register UsbAlsaJackDetector native methods
06-20 07:35:35.991 D/SystemServerTiming( 1918): InitBeforeStartServices took to complete: 140ms
06-20 07:35:35.991 I/SystemServer( 1918): StartServices
06-20 07:35:35.991 I/SystemServer( 1918): StartWatchdog
06-20 07:35:36.002 D/SystemServerTiming( 1918): StartWatchdog took to complete: 11ms
06-20 07:35:36.002 I/SystemServer( 1918): Reading configuration...
06-20 07:35:36.002 I/SystemServer( 1918): ReadingSystemConfig
06-20 07:35:36.004 D/SystemServerTiming( 1918): ReadingSystemConfig took to complete: 2ms
06-20 07:35:36.004 I/SystemServer( 1918): StartInstaller
06-20 07:35:36.004 I/SystemServiceManager( 1918): Starting com.android.server.pm.Installer
06-20 07:35:36.004 D/SystemServerInitThreadPool( 1918): Started executing ReadingSystemConfig
06-20 07:35:36.008 D/installd( 1776): Found quota mount /dev/block/vdc at /data
06-20 07:35:36.008 D/SystemServerTiming( 1918): StartInstaller took to complete: 4ms
06-20 07:35:36.008 I/SystemServer( 1918): DeviceIdentifiersPolicyService
06-20 07:35:36.008 I/SystemServiceManager( 1918): Starting com.android.server.os.DeviceIdentifiersPolicyService
06-20 07:35:36.008 D/SystemServerTiming( 1918): DeviceIdentifiersPolicyService took to complete: 0ms
06-20 07:35:36.008 I/SystemServer( 1918): UriGrantsManagerService
06-20 07:35:36.008 I/SystemServiceManager( 1918): Starting com.android.server.uri.UriGrantsManagerService$Lifecycle
06-20 07:35:36.012 D/SystemServerTiming( 1918): UriGrantsManagerService took to complete: 4ms
06-20 07:35:36.012 I/SystemServer( 1918): StartActivityManager
06-20 07:35:36.012 I/SystemServiceManager( 1918): Starting com.android.server.wm.ActivityTaskManagerService$Lifecycle
06-20 07:35:36.021 I/SystemServiceManager( 1918): Starting com.android.server.am.ActivityManagerService$Lifecycle
06-20 07:35:36.030 I/SystemConfig( 1918): Adding association: com.google.android.as <- com.android.providers.contacts
06-20 07:35:36.030 I/SystemConfig( 1918): Adding association: com.google.android.as <- com.android.providers.media
06-20 07:35:36.030 I/SystemConfig( 1918): Adding association: com.google.android.as <- com.android.providers.telephony
06-20 07:35:36.030 I/SystemConfig( 1918): Adding association: com.google.android.as <- com.android.systemui
06-20 07:35:36.030 I/SystemConfig( 1918): Adding association: com.google.android.as <- com.google.android.gms
06-20 07:35:36.030 I/SystemConfig( 1918): Adding association: com.google.android.as <- com.google.android.gsf
06-20 07:35:36.035 I/ActivityManager( 1918): Memory class: 512
06-20 07:35:36.042 W/SystemConfig( 1918): No directory /product_services/etc/sysconfig, skipping
06-20 07:35:36.042 W/SystemConfig( 1918): No directory /product_services/etc/permissions, skipping
06-20 07:35:36.042 D/SystemServerInitThreadPool( 1918): Finished executing ReadingSystemConfig
06-20 07:35:36.044 I/ServiceManager( 1789): Waiting for service 'package_native' on '/dev/binder'...
06-20 07:35:36.047 D/BatteryStatsImpl( 1918): Reading daily items from /data/system/batterystats-daily.xml
06-20 07:35:36.049 E/BatteryStatsImpl( 1918): Error reading battery statistics
06-20 07:35:36.049 E/BatteryStatsImpl( 1918): java.io.FileNotFoundException: /data/system/batterystats.bin: open failed: ENOENT (No such file or directory)
06-20 07:35:36.049 E/BatteryStatsImpl( 1918): 	at libcore.io.IoBridge.open(IoBridge.java:496)
06-20 07:35:36.049 E/BatteryStatsImpl( 1918): 	at java.io.FileInputStream.<init>(FileInputStream.java:159)
06-20 07:35:36.049 E/BatteryStatsImpl( 1918): 	at com.android.internal.os.AtomicFile.openRead(AtomicFile.java:157)
06-20 07:35:36.049 E/BatteryStatsImpl( 1918): 	at com.android.internal.os.AtomicFile.readFully(AtomicFile.java:162)
06-20 07:35:36.049 E/BatteryStatsImpl( 1918): 	at com.android.internal.os.BatteryStatsImpl.readLocked(BatteryStatsImpl.java:13339)
06-20 07:35:36.049 E/BatteryStatsImpl( 1918): 	at com.android.server.am.ActivityManagerService.<init>(ActivityManagerService.java:2501)
06-20 07:35:36.049 E/BatteryStatsImpl( 1918): 	at com.android.server.am.ActivityManagerService$Lifecycle.<init>(ActivityManagerService.java:2215)
06-20 07:35:36.049 E/BatteryStatsImpl( 1918): 	at java.lang.reflect.Constructor.newInstance0(Native Method)
06-20 07:35:36.049 E/BatteryStatsImpl( 1918): 	at java.lang.reflect.Constructor.newInstance(Constructor.java:343)
06-20 07:35:36.049 E/BatteryStatsImpl( 1918): 	at com.android.server.SystemServiceManager.startService(SystemServiceManager.java:101)
06-20 07:35:36.049 E/BatteryStatsImpl( 1918): 	at com.android.server.am.ActivityManagerService$Lifecycle.startService(ActivityManagerService.java:2221)
06-20 07:35:36.049 E/BatteryStatsImpl( 1918): 	at com.android.server.SystemServer.startBootstrapServices(SystemServer.java:660)
06-20 07:35:36.049 E/BatteryStatsImpl( 1918): 	at com.android.server.SystemServer.run(SystemServer.java:510)
06-20 07:35:36.049 E/BatteryStatsImpl( 1918): 	at com.android.server.SystemServer.main(SystemServer.java:349)
06-20 07:35:36.049 E/BatteryStatsImpl( 1918): 	at java.lang.reflect.Method.invoke(Native Method)
06-20 07:35:36.049 E/BatteryStatsImpl( 1918): 	at com.android.internal.os.RuntimeInit$MethodAndArgsCaller.run(RuntimeInit.java:492)
06-20 07:35:36.049 E/BatteryStatsImpl( 1918): 	at com.android.internal.os.ZygoteInit.main(ZygoteInit.java:908)
06-20 07:35:36.049 E/BatteryStatsImpl( 1918): Caused by: android.system.ErrnoException: open failed: ENOENT (No such file or directory)
06-20 07:35:36.049 E/BatteryStatsImpl( 1918): 	at libcore.io.Linux.open(Native Method)
06-20 07:35:36.049 E/BatteryStatsImpl( 1918): 	at libcore.io.ForwardingOs.open(ForwardingOs.java:167)
06-20 07:35:36.049 E/BatteryStatsImpl( 1918): 	at libcore.io.BlockGuardOs.open(BlockGuardOs.java:252)
06-20 07:35:36.049 E/BatteryStatsImpl( 1918): 	at libcore.io.IoBridge.open(IoBridge.java:482)
06-20 07:35:36.049 E/BatteryStatsImpl( 1918): 	... 16 more
06-20 07:35:36.049 E/BatteryStatsImpl( 1918): Error reading battery history
06-20 07:35:36.049 E/BatteryStatsImpl( 1918): java.io.FileNotFoundException: /data/system/battery-history/0.bin: open failed: ENOENT (No such file or directory)
06-20 07:35:36.049 E/BatteryStatsImpl( 1918): 	at libcore.io.IoBridge.open(IoBridge.java:496)
06-20 07:35:36.049 E/BatteryStatsImpl( 1918): 	at java.io.FileInputStream.<init>(FileInputStream.java:159)
06-20 07:35:36.049 E/BatteryStatsImpl( 1918): 	at com.android.internal.os.AtomicFile.openRead(AtomicFile.java:157)
06-20 07:35:36.049 E/BatteryStatsImpl( 1918): 	at com.android.internal.os.AtomicFile.readFully(AtomicFile.java:162)
06-20 07:35:36.049 E/BatteryStatsImpl( 1918): 	at com.android.internal.os.BatteryStatsImpl.readLocked(BatteryStatsImpl.java:13358)
06-20 07:35:36.049 E/BatteryStatsImpl( 1918): 	at com.android.server.am.ActivityManagerService.<init>(ActivityManagerService.java:2501)
06-20 07:35:36.049 E/BatteryStatsImpl( 1918): 	at com.android.server.am.ActivityManagerService$Lifecycle.<init>(ActivityManagerService.java:2215)
06-20 07:35:36.049 E/BatteryStatsImpl( 1918): 	at java.lang.reflect.Constructor.newInstance0(Native Method)
06-20 07:35:36.049 E/BatteryStatsImpl( 1918): 	at java.lang.reflect.Constructor.newInstance(Constructor.java:343)
06-20 07:35:36.049 E/BatteryStatsImpl( 1918): 	at com.android.server.SystemServiceManager.startService(SystemServiceManager.java:101)
06-20 07:35:36.049 E/BatteryStatsImpl( 1918): 	at com.android.server.am.ActivityManagerService$Lifecycle.startService(ActivityManagerService.java:2221)
06-20 07:35:36.049 E/BatteryStatsImpl( 1918): 	at com.android.server.SystemServer.startBootstrapServices(SystemServer.java:660)
06-20 07:35:36.049 E/BatteryStatsImpl( 1918): 	at com.android.server.SystemServer.run(SystemServer.java:510)
06-20 07:35:36.049 E/BatteryStatsImpl( 1918): 	at com.android.server.SystemServer.main(SystemServer.java:349)
06-20 07:35:36.049 E/BatteryStatsImpl( 1918): 	at java.lang.reflect.Method.invoke(Native Method)
06-20 07:35:36.049 E/BatteryStatsImpl( 1918): 	at com.android.internal.os.RuntimeInit$MethodAndArgsCaller.run(RuntimeInit.java:492)
06-20 07:35:36.049 E/BatteryStatsImpl( 1918): 	at com.android.internal.os.ZygoteInit.main(ZygoteInit.java:908)
06-20 07:35:36.049 E/BatteryStatsImpl( 1918): Caused by: android.system.ErrnoException: open failed: ENOENT (No such file or directory)
06-20 07:35:36.049 E/BatteryStatsImpl( 1918): 	at libcore.io.Linux.open(Native Method)
06-20 07:35:36.049 E/BatteryStatsImpl( 1918): 	at libcore.io.ForwardingOs.open(ForwardingOs.java:167)
06-20 07:35:36.049 E/BatteryStatsImpl( 1918): 	at libcore.io.BlockGuardOs.open(BlockGuardOs.java:252)
06-20 07:35:36.049 E/BatteryStatsImpl( 1918): 	at libcore.io.IoBridge.open(IoBridge.java:482)
06-20 07:35:36.049 E/BatteryStatsImpl( 1918): 	... 16 more
06-20 07:35:36.051 I/hwservicemanager( 1568): getTransport: Cannot find entry android.hardware.power.stats@1.0::IPowerStats/default in either framework or device manifest.
06-20 07:35:36.052 I/BatteryStatsService( 1918): Using power HAL
06-20 07:35:36.052 E/BatteryStatsService( 1918): Unable to load Power.Stats.HAL. Setting rail availability to false
06-20 07:35:36.052 E/BluetoothAdapter( 1918): Bluetooth binder is null
06-20 07:35:36.054 E/BatteryExternalStatsWorker( 1918): no controller energy info supplied for telephony
06-20 07:35:36.055 E/KernelCpuUidFreqTimeReader( 1918): Failed to read /proc/uid_time_in_state: java.nio.file.NoSuchFileException: /proc/uid_time_in_state
06-20 07:35:36.056 W/KernelCpuProcStringReader( 1918): File not found. It's normal if not implemented: /proc/uid_time_in_state
06-20 07:35:36.056 W/KernelCpuProcStringReader( 1918): File not found. It's normal if not implemented: /proc/uid_concurrent_active_time
06-20 07:35:36.056 W/KernelCpuProcStringReader( 1918): File not found. It's normal if not implemented: /proc/uid_concurrent_policy_time
06-20 07:35:36.057 W/KernelMemoryBandwidthStats( 1918): No kernel memory bandwidth stats available
06-20 07:35:36.058 I/PowerManagerService-JNI( 1918): Loaded power HAL 1.0 service
06-20 07:35:36.058 I/PowerManagerService-JNI( 1918): Loaded power HAL 1.1 service
06-20 07:35:36.068 I/hwservicemanager( 1568): getTransport: Cannot find entry android.hardware.memtrack@1.0::IMemtrack/default in either framework or device manifest.
06-20 07:35:36.068 E/memtrack( 1918): Couldn't load memtrack module
06-20 07:35:36.068 W/android.os.Debug( 1918): failed to get memory consumption info: -1
06-20 07:35:36.070 I/AppOps  ( 1918): No existing app ops /data/system/appops.xml; starting empty
06-20 07:35:36.073 I/IntentFirewall( 1918): Read new rules (A:0 B:0 S:0)
06-20 07:35:36.084 W/libprocessgroup( 1918): Failed to remove /acct/uid_1003: Permission denied
06-20 07:35:36.089 D/AppOps  ( 1918): AppOpsService published
06-20 07:35:36.092 D/SystemServerTiming( 1918): StartActivityManager took to complete: 80ms
06-20 07:35:36.092 I/SystemServer( 1918): StartPowerManager
06-20 07:35:36.092 I/SystemServiceManager( 1918): Starting com.android.server.power.PowerManagerService
06-20 07:35:36.098 D/SystemServerTiming( 1918): StartPowerManager took to complete: 6ms
06-20 07:35:36.099 I/SystemServer( 1918): StartThermalManager
06-20 07:35:36.099 I/SystemServiceManager( 1918): Starting com.android.server.power.ThermalManagerService
06-20 07:35:36.099 D/SystemServerTiming( 1918): StartThermalManager took to complete: 0ms
06-20 07:35:36.099 I/SystemServer( 1918): InitPowerManagement
06-20 07:35:36.099 D/SystemServerTiming( 1918): InitPowerManagement took to complete: 0ms
06-20 07:35:36.099 I/SystemServer( 1918): StartRecoverySystemService
06-20 07:35:36.100 I/SystemServiceManager( 1918): Starting com.android.server.RecoverySystemService
06-20 07:35:36.100 D/SystemServerTiming( 1918): StartRecoverySystemService took to complete: 0ms
06-20 07:35:36.100 V/RescueParty( 1918): Disabled because of active USB connection
06-20 07:35:36.100 I/SystemServer( 1918): StartLightsService
06-20 07:35:36.101 I/SystemServiceManager( 1918): Starting com.android.server.lights.LightsService
06-20 07:35:36.105 D/SystemServerTiming( 1918): StartLightsService took to complete: 5ms
06-20 07:35:36.105 I/SystemServer( 1918): StartSidekickService
06-20 07:35:36.105 D/SystemServerTiming( 1918): StartSidekickService took to complete: 0ms
06-20 07:35:36.106 I/SystemServer( 1918): StartDisplayManager
06-20 07:35:36.106 I/SystemServiceManager( 1918): Starting com.android.server.display.DisplayManagerService
06-20 07:35:36.108 D/SystemServerTiming( 1918): StartDisplayManager took to complete: 2ms
06-20 07:35:36.108 I/SystemServer( 1918): WaitForDisplay
06-20 07:35:36.108 I/SystemServiceManager( 1918): Starting phase 100
06-20 07:35:36.109 E/SurfaceFlinger( 1732): ro.sf.lcd_density must be defined as a build property
06-20 07:35:36.112 I/DisplayManagerService( 1918): Display device added: DisplayDeviceInfo{"Built-in Screen": uniqueId="local:0", 320 x 640, modeId 1, defaultModeId 1, supportedModes [{id=1, width=320, height=640, fps=60.000004}], colorMode 0, supportedColorModes [0], HdrCapabilities android.view.Display$HdrCapabilities@40f16308, density 160, 160.0 x 160.0 dpi, appVsyncOff 1000000, presDeadline 16666666, touch INTERNAL, rotation 0, type BUILT_IN, address {port=0}, state UNKNOWN, FLAG_DEFAULT_DISPLAY, FLAG_ROTATES_WITH_CONTENT, FLAG_SECURE, FLAG_SUPPORTS_PROTECTED_BUFFERS}
06-20 07:35:36.116 D/SurfaceFlinger( 1732): Setting power mode 2 on display 0
06-20 07:35:36.117 I/hwservicemanager( 1568): getTransport: Cannot find entry android.hardware.light@2.0::ILight/default in either framework or device manifest.
06-20 07:35:36.117 D/SystemServerTiming( 1918): WaitForDisplay took to complete: 9ms
06-20 07:35:36.117 W/StrictMode( 1918): No activity manager; failed to Dropbox violation.
06-20 07:35:36.117 I/SystemServer( 1918): StartPackageManagerService
06-20 07:35:36.117 I/Watchdog( 1918): Pausing HandlerChecker: main thread for reason: packagemanagermain. Pause count: 1
06-20 07:35:36.118 I/DisplayManagerService( 1918): Display device changed state: "Built-in Screen", ON
06-20 07:35:36.138 W/FileUtils( 1918): Failed to chmod(/data/system/packages.list): android.system.ErrnoException: chmod failed: ENOENT (No such file or directory)
06-20 07:35:36.141 D/SELinuxMMAC( 1918): Using policy file /system/etc/selinux/plat_mac_permissions.xml
06-20 07:35:36.142 D/SELinuxMMAC( 1918): Using policy file /vendor/etc/selinux/vendor_mac_permissions.xml
06-20 07:35:36.118 I/chatty  ( 1918): uid=1000(system) android.display identical 4 lines
06-20 07:35:36.118 W/StrictMode( 1918): No activity manager; failed to Dropbox violation.
06-20 07:35:36.143 D/FallbackCategoryProvider( 1918): Found 387 fallback categories
06-20 07:35:36.143 I/PackageManager( 1918): No settings file; creating initial state
06-20 07:35:36.144 I/ServiceManager( 1789): Waiting for service 'package_native' on '/dev/binder'...
06-20 07:35:36.146 D/PackageManager( 1918): No files in app dir /vendor/overlay
06-20 07:35:36.151 I/PackageManager( 1918): /system/product/overlay/IconShapeSquare changed; collecting certs
