06-20 07:35:37.672 I/SystemServer( 1918): StartStorageStatsService
06-20 07:35:37.672 D/StorageManagerService( 1918): Thinking about init, mBootCompleted=false, mDaemonConnected=true
06-20 07:35:37.672 D/StorageManagerService( 1918): Thinking about reset, mBootCompleted=false, mDaemonConnected=true
06-20 07:35:37.672 I/SystemServiceManager( 1918): Starting com.android.server.usage.StorageStatsService$Lifecycle
06-20 07:35:37.673 D/installd( 1776): Found quota mount /dev/block/vdc at /data
06-20 07:35:37.673 D/installd( 1776): Found quota mount /dev/block/vdc at /data
06-20 07:35:37.674 D/SystemServerTiming( 1918): StartStorageStatsService took to complete: 2ms
06-20 07:35:37.674 I/SystemServer( 1918): StartUiModeManager
06-20 07:35:37.674 I/SystemServiceManager( 1918): Starting com.android.server.UiModeManagerService
06-20 07:35:37.675 D/SystemServerInitThreadPool( 1918): Started executing UiModeManager.onStart
06-20 07:35:37.675 D/SystemServerTiming( 1918): StartUiModeManager took to complete: 1ms
06-20 07:35:37.675 I/SystemServer( 1918): UpdatePackagesIfNeeded
06-20 07:35:37.675 I/Watchdog( 1918): Pausing HandlerChecker: main thread for reason: dexopt. Pause count: 1
06-20 07:35:37.676 I/ActivityTaskManager( 1918): Config changes=200 {1.0 ?mcc?mnc [en_US] ldltr sw320dp w320dp h616dp 160dpi nrml long port finger qwerty/v/v -nav/h winConfig={ mBounds=Rect(0, 0 - 320, 640) mAppBounds=Rect(0, 0 - 320, 640) mWindowingMode=fullscreen mDisplayWindowingMode=fullscreen mActivityType=undefined mAlwaysOnTop=undefined mRotation=ROTATION_0} s.4}
06-20 07:35:37.676 I/ActivityTaskManager( 1918): Override config changes=200 {1.0 ?mcc?mnc [en_US] ldltr sw320dp w320dp h616dp 160dpi nrml long port finger qwerty/v/v -nav/h winConfig={ mBounds=Rect(0, 0 - 320, 640) mAppBounds=Rect(0, 0 - 320, 640) mWindowingMode=fullscreen mDisplayWindowingMode=fullscreen mActivityType=undefined mAlwaysOnTop=undefined mRotation=ROTATION_0} s.4} for displayId=0
06-20 07:35:37.678 D/SystemServerInitThreadPool( 1918): Finished executing UiModeManager.onStart
06-20 07:35:37.679 I/system_server( 1918): The ClassLoaderContext is a special shared library.
06-20 07:35:37.826 I/chatty  ( 1918): uid=1000 system_server identical 38 lines
06-20 07:35:37.831 I/system_server( 1918): The ClassLoaderContext is a special shared library.
06-20 07:35:37.835 E/ActivityRecognitionHardware( 1666): activity_recognition HAL is deprecated. class_init is effectively a no-op
06-20 07:35:37.839 I/system_server( 1918): The ClassLoaderContext is a special shared library.
06-20 07:35:37.885 I/chatty  ( 1918): uid=1000 system_server identical 11 lines
06-20 07:35:37.888 I/system_server( 1918): The ClassLoaderContext is a special shared library.
06-20 07:35:37.890 I/zygote  ( 1666): Thread[1,tid=1666,Native,Thread*=0xeb234e00,peer=0x12d40000,"main"] recursive attempt to load library "libmedia_jni.so"
06-20 07:35:37.891 D/MtpDeviceJNI( 1666): register_android_mtp_MtpDevice
06-20 07:35:37.891 I/zygote  ( 1666): Thread[1,tid=1666,Native,Thread*=0xeb234e00,peer=0x12d40000,"main"] recursive attempt to load library "libmedia_jni.so"
06-20 07:35:37.891 I/zygote  ( 1666): Thread[1,tid=1666,Native,Thread*=0xeb234e00,peer=0x12d40000,"main"] recursive attempt to load library "libmedia_jni.so"
06-20 07:35:37.893 I/system_server( 1918): The ClassLoaderContext is a special shared library.
06-20 07:35:37.896 I/system_server( 1918): The ClassLoaderContext is a special shared library.
06-20 07:35:37.896 W/Zygote  ( 1666): Class not found for preloading: android.media.audiopolicy.AudioProductStrategies
06-20 07:35:37.896 W/Zygote  ( 1666): Class not found for preloading: android.media.audiopolicy.AudioVolumeGroups
06-20 07:35:37.906 I/system_server( 1918): The ClassLoaderContext is a special shared library.
06-20 07:35:38.008 I/chatty  ( 1918): uid=1000 system_server identical 29 lines
06-20 07:35:38.013 I/system_server( 1918): The ClassLoaderContext is a special shared library.
06-20 07:35:38.017 W/Zygote  ( 1666): Class not found for preloading: android.view.textclassifier.-$$Lambda$TextClassificationManager$JIaezIJbMig_-kVzN6oArzkTsJE
06-20 07:35:38.018 I/system_server( 1918): The ClassLoaderContext is a special shared library.
06-20 07:35:38.022 W/Zygote  ( 1666): Class not found for preloading: com.android.internal.net.NetworkStatsFactory
06-20 07:35:38.024 I/system_server( 1918): The ClassLoaderContext is a special shared library.
06-20 07:35:38.026 W/Zygote  ( 1666): Class not found for preloading: com.android.internal.telephony.-$$Lambda$PhoneSubInfoController$8HFbCDJDN1mrLJG980qYH5MGqMk
06-20 07:35:38.026 W/Zygote  ( 1666): Class not found for preloading: com.android.internal.telephony.-$$Lambda$PhoneSubInfoController$U28a_EGx2cvmQhDfRRgonMt5Zrc
06-20 07:35:38.026 W/Zygote  ( 1666): Class not found for preloading: com.android.internal.telephony.-$$Lambda$SubscriptionInfoUpdater$-zZXM9oMRZ3vZz7dJOG19J00Bmw
06-20 07:35:38.026 W/Zygote  ( 1666): Class not found for preloading: com.android.internal.telephony.-$$Lambda$SubscriptionInfoUpdater$D5yF1HbS4cvCyoAj3FESkPtA_0g
06-20 07:35:38.027 W/Zygote  ( 1666): Class not found for preloading: com.android.internal.telephony.-$$Lambda$SubscriptionInfoUpdater$MMx9iQX0JVqqMPLTUZhdBubFSzU
06-20 07:35:38.028 I/system_server( 1918): The ClassLoaderContext is a special shared library.
06-20 07:35:38.030 W/Zygote  ( 1666): Class not found for preloading: com.android.internal.telephony.PhoneConfigurationModels
06-20 07:35:38.031 W/Zygote  ( 1666): Class not found for preloading: com.android.internal.telephony.SubscriptionController$ScLocalLog
06-20 07:35:38.032 W/Zygote  ( 1666): Class not found for preloading: com.android.internal.telephony.UiccSmsController
06-20 07:35:38.033 I/system_server( 1918): The ClassLoaderContext is a special shared library.
06-20 07:35:38.054 I/chatty  ( 1918): uid=1000 system_server identical 6 lines
06-20 07:35:38.056 I/system_server( 1918): The ClassLoaderContext is a special shared library.
06-20 07:35:38.060 I/Zygote  ( 1666): ...preloaded 7590 classes in 481ms.
06-20 07:35:38.060 I/zygote  ( 1666): VMRuntime.preloadDexCaches starting
06-20 07:35:38.068 I/system_server( 1918): The ClassLoaderContext is a special shared library.
06-20 07:35:38.069 I/chatty  ( 1918): uid=1000 system_server identical 1 line
06-20 07:35:38.076 I/system_server( 1918): The ClassLoaderContext is a special shared library.
06-20 07:35:38.081 I/zygote  ( 1666): VMRuntime.preloadDexCaches strings total=378948 before=9925 after=9925
06-20 07:35:38.081 I/zygote  ( 1666): VMRuntime.preloadDexCaches types total=35812 before=7199 after=7467
06-20 07:35:38.081 I/zygote  ( 1666): VMRuntime.preloadDexCaches fields total=160603 before=8020 after=8221
06-20 07:35:38.081 I/zygote  ( 1666): VMRuntime.preloadDexCaches methods total=281511 before=10884 after=11316
06-20 07:35:38.081 I/zygote  ( 1666): VMRuntime.preloadDexCaches finished
06-20 07:35:38.081 D/ZygoteInitTiming_lazy( 1666): PreloadClasses took to complete: 502ms
06-20 07:35:38.083 I/system_server( 1918): The ClassLoaderContext is a special shared library.
06-20 07:35:38.084 I/zygote  ( 1666): The ClassLoaderContext is a special shared library.
06-20 07:35:38.084 D/ApplicationLoaders( 1666): Created zygote-cached class loader: /system/framework/android.hidl.base-V1.0-java.jar
06-20 07:35:38.086 I/zygote  ( 1666): The ClassLoaderContext is a special shared library.
06-20 07:35:38.086 D/ApplicationLoaders( 1666): Created zygote-cached class loader: /system/framework/android.hidl.manager-V1.0-java.jar
06-20 07:35:38.086 D/ZygoteInitTiming_lazy( 1666): CacheNonBootClasspathClassLoaders took to complete: 5ms
06-20 07:35:38.087 I/system_server( 1918): The ClassLoaderContext is a special shared library.
06-20 07:35:38.105 I/chatty  ( 1918): uid=1000 system_server identical 10 lines
06-20 07:35:38.109 I/system_server( 1918): The ClassLoaderContext is a special shared library.
06-20 07:35:38.111 I/Zygote  ( 1666): Preloading resources...
06-20 07:35:38.112 I/system_server( 1918): The ClassLoaderContext is a special shared library.
06-20 07:35:38.118 I/system_server( 1918): The ClassLoaderContext is a special shared library.
06-20 07:35:38.120 W/Resources( 1666): Preloaded drawable resource #0x108027c (android:drawable/dialog_background_material) that varies with configuration!!
06-20 07:35:38.121 I/system_server( 1918): The ClassLoaderContext is a special shared library.
06-20 07:35:38.135 I/chatty  ( 1918): uid=1000 system_server identical 4 lines
06-20 07:35:38.136 I/system_server( 1918): The ClassLoaderContext is a special shared library.
06-20 07:35:38.137 I/Zygote  ( 1666): ...preloaded 64 resources in 26ms.
06-20 07:35:38.139 I/system_server( 1918): The ClassLoaderContext is a special shared library.
06-20 07:35:38.140 I/system_server( 1918): The ClassLoaderContext is a special shared library.
06-20 07:35:38.141 I/Zygote  ( 1666): ...preloaded 41 resources in 4ms.
06-20 07:35:38.141 D/ZygoteInitTiming_lazy( 1666): PreloadResources took to complete: 55ms
06-20 07:35:38.143 I/system_server( 1918): The ClassLoaderContext is a special shared library.
06-20 07:35:38.151 I/Watchdog( 1918): Resuming HandlerChecker: main thread for reason: dexopt. Pause count: 0
06-20 07:35:38.151 D/SystemServerTiming( 1918): UpdatePackagesIfNeeded took to complete: 476ms
06-20 07:35:38.151 I/SystemServer( 1918): PerformFstrimIfNeeded
06-20 07:35:38.151 W/PackageManager( 1918): No disk maintenance in 1781940938151; running immediately
06-20 07:35:38.151 D/SystemServerTiming( 1918): PerformFstrimIfNeeded took to complete: 0ms
06-20 07:35:38.151 I/SystemServer( 1918): StartLockSettingsService
06-20 07:35:38.151 I/StorageManagerService( 1918): Running fstrim idle maintenance
06-20 07:35:38.151 I/SystemServiceManager( 1918): Starting com.android.server.locksettings.LockSettingsService$Lifecycle
06-20 07:35:38.147 I/chatty  ( 1918): uid=1000 system_server identical 2 lines
06-20 07:35:38.150 I/system_server( 1918): The ClassLoaderContext is a special shared library.
06-20 07:35:38.152 I/hwservicemanager( 1568): getTransport: Cannot find entry android.hardware.boot@1.0::IBootControl/default in either framework or device manifest.
06-20 07:35:38.154 I/Zygote  ( 1666): Preloading shared libraries...
06-20 07:35:38.155 I/vold    ( 1577): Skip mounting partition: /product
06-20 07:35:38.155 I/vold    ( 1577): Skip mounting partition: /product_services
06-20 07:35:38.155 D/vold    ( 1577): Starting trim of /data
06-20 07:35:38.155 W/vold    ( 1577): Trim failed on /data: Operation not supported on transport endpoint
06-20 07:35:38.155 D/vold    ( 1577): Starting trim of none
06-20 07:35:38.155 W/vold    ( 1577): Failed to open none: No such file or directory
06-20 07:35:38.164 I/Zygote  ( 1666): Called ZygoteHooks.endPreload()
06-20 07:35:38.164 I/Zygote  ( 1666): Installed AndroidKeyStoreProvider in 0ms.
06-20 07:35:38.170 I/Zygote  ( 1666): Warmed up JCA providers in 6ms.
06-20 07:35:38.170 D/Zygote  ( 1666): end preload
06-20 07:35:38.170 D/SystemServerTimingAsync( 1918): SecondaryZygotePreload took to complete: 661ms
06-20 07:35:38.170 D/SystemServerInitThreadPool( 1918): Finished executing SecondaryZygotePreload
06-20 07:35:38.178 D/SystemServerTiming( 1918): StartLockSettingsService took to complete: 27ms
06-20 07:35:38.178 I/SystemServer( 1918): StartTestHarnessMode
06-20 07:35:38.178 I/SystemServiceManager( 1918): Starting com.android.server.testharness.TestHarnessModeService
06-20 07:35:38.179 D/SystemServerTiming( 1918): StartTestHarnessMode took to complete: 1ms
06-20 07:35:38.179 I/hwservicemanager( 1568): getTransport: Cannot find entry android.hardware.oemlock@1.0::IOemLock/default in either framework or device manifest.
06-20 07:35:38.179 I/OemLock ( 1918): OemLock HAL not present on device
06-20 07:35:38.179 I/SystemServer( 1918): StartDeviceIdleController
06-20 07:35:38.179 I/SystemServiceManager( 1918): Starting com.android.server.DeviceIdleController
06-20 07:35:38.180 D/SystemServerTiming( 1918): StartDeviceIdleController took to complete: 1ms
06-20 07:35:38.180 I/SystemServer( 1918): StartDevicePolicyManager
06-20 07:35:38.180 I/SystemServiceManager( 1918): Starting com.android.server.devicepolicy.DevicePolicyManagerService$Lifecycle
06-20 07:35:38.183 D/SystemServerTiming( 1918): StartDevicePolicyManager took to complete: 3ms
06-20 07:35:38.183 I/SystemServer( 1918): StartStatusBarManagerService
06-20 07:35:38.184 D/SystemServerTiming( 1918): StartStatusBarManagerService took to complete: 1ms
06-20 07:35:38.184 D/SystemServer( 1918): ContentCaptureService disabled because resource is not overlaid
06-20 07:35:38.184 D/SystemServer( 1918): AttentionService is not configured on this device
06-20 07:35:38.184 I/SystemServer( 1918): StartSystemCaptionsManagerService
06-20 07:35:38.184 I/SystemServiceManager( 1918): Starting com.android.server.systemcaptions.SystemCaptionsManagerService
06-20 07:35:38.185 D/SystemServerTiming( 1918): StartSystemCaptionsManagerService took to complete: 1ms
06-20 07:35:38.185 I/SystemServer( 1918): StartAppPredictionService
06-20 07:35:38.185 I/SystemServiceManager( 1918): Starting com.android.server.appprediction.AppPredictionManagerService
06-20 07:35:38.186 D/SystemServerTiming( 1918): StartAppPredictionService took to complete: 1ms
06-20 07:35:38.186 I/SystemServer( 1918): StartContentSuggestionsService
06-20 07:35:38.187 I/SystemServiceManager( 1918): Starting com.android.server.contentsuggestions.ContentSuggestionsManagerService
06-20 07:35:38.187 D/SystemServerTiming( 1918): StartContentSuggestionsService took to complete: 1ms
06-20 07:35:38.187 I/SystemServer( 1918): InitNetworkStackClient
06-20 07:35:38.188 D/SystemServerTiming( 1918): InitNetworkStackClient took to complete: 1ms
06-20 07:35:38.188 I/SystemServer( 1918): StartNetworkManagementService
06-20 07:35:38.191 I/netd    ( 1664): registerUnsolicitedEventListener() <0.03ms>
06-20 07:35:38.191 D/SystemServerTiming( 1918): StartNetworkManagementService took to complete: 3ms
06-20 07:35:38.191 I/SystemServer( 1918): StartIpSecService
06-20 07:35:38.192 D/SystemServerTiming( 1918): StartIpSecService took to complete: 1ms
06-20 07:35:38.192 I/SystemServer( 1918): StartTextServicesManager
06-20 07:35:38.192 I/SystemServiceManager( 1918): Starting com.android.server.textservices.TextServicesManagerService$Lifecycle
06-20 07:35:38.193 D/SystemServerTiming( 1918): StartTextServicesManager took to complete: 1ms
06-20 07:35:38.193 I/SystemServer( 1918): StartTextClassificationManagerService
06-20 07:35:38.193 I/SystemServiceManager( 1918): Starting com.android.server.textclassifier.TextClassificationManagerService$Lifecycle
06-20 07:35:38.194 D/SystemServerTiming( 1918): StartTextClassificationManagerService took to complete: 1ms
06-20 07:35:38.194 I/SystemServer( 1918): StartNetworkScoreService
06-20 07:35:38.194 I/SystemServiceManager( 1918): Starting com.android.server.NetworkScoreService$Lifecycle
06-20 07:35:38.194 I/NetworkScoreService( 1918): Registering network_score
06-20 07:35:38.195 D/SystemServerTiming( 1918): StartNetworkScoreService took to complete: 1ms
06-20 07:35:38.195 I/SystemServer( 1918): StartNetworkStatsService
06-20 07:35:38.196 D/SystemServerTiming( 1918): StartNetworkStatsService took to complete: 1ms
06-20 07:35:38.196 I/SystemServer( 1918): StartNetworkPolicyManagerService
06-20 07:35:38.200 D/SystemServerTiming( 1918): StartNetworkPolicyManagerService took to complete: 4ms
06-20 07:35:38.200 I/SystemServer( 1918): StartWifi
06-20 07:35:38.211 I/SystemServiceManager( 1918): Starting com.android.server.wifi.WifiService
06-20 07:35:38.273 E/HostapdHal( 1918): Malformed channel value detected: java.lang.NumberFormatException: For input string: ""
06-20 07:35:38.284 D/WifiCountryCode( 1918): mDefaultCountryCode null mRevertCountryCodeOnCellularLoss false
06-20 07:35:38.284 D/WifiApConfigStore( 1918): 2G band allowed channels are:1,6,11
06-20 07:35:38.284 E/WifiApConfigStore( 1918): Error reading hotspot configuration java.io.FileNotFoundException: /data/misc/wifi/softap.conf: open failed: ENOENT (No such file or directory)
06-20 07:35:38.284 D/WifiApConfigStore( 1918): Fallback to use default AP configuration
06-20 07:35:38.286 I/WifiScoringParams( 1918): rssi2=-83:-80:-73:-60,rssi5=-80:-77:-70:-57,pps=0:1:100,horizon=15,nud=8,expid=0
06-20 07:35:38.314 D/WifiOpenNetworkNotifier( 1918): Settings toggle enabled=true
06-20 07:35:38.314 D/WifiCarrierNetworkNotifier( 1918): Settings toggle enabled=true
06-20 07:35:38.317 D/WifiActiveModeWarden( 1918): Starting Wifi in WifiDisabledState
06-20 07:35:38.317 D/WifiActiveModeWarden( 1918): Entering WifiDisabledState
06-20 07:35:38.317 D/WakeupController( 1918): WifiWake enabled
06-20 07:35:38.319 E/WifiClientModeImpl( 1918): getWifiLinkLayerStats called without an interface
06-20 07:35:38.321 E/SupplicantStaIfaceHal( 1918): Can't call setDebugParams, ISupplicant is null
06-20 07:35:38.321 W/WifiDiags( 1918): no ring buffers found
06-20 07:35:38.321 W/WifiDiags( 1918): Failed to start packet fate monitoring
06-20 07:35:38.321 I/WifiService( 1918): Registering wifi
06-20 07:35:38.321 D/SystemServerTiming( 1918): StartWifi took to complete: 121ms
06-20 07:35:38.321 I/SystemServer( 1918): StartWifiScanning
06-20 07:35:38.322 I/SystemServiceManager( 1918): Starting com.android.server.wifi.scanner.WifiScanningService
06-20 07:35:38.322 I/WifiScanningService( 1918): Creating wifiscanner
06-20 07:35:38.324 I/WifiScanningService( 1918): Publishing wifiscanner
06-20 07:35:38.324 D/SystemServerTiming( 1918): StartWifiScanning took to complete: 3ms
06-20 07:35:38.324 I/SystemServer( 1918): StartWifiP2P
06-20 07:35:38.325 I/SystemServiceManager( 1918): Starting com.android.server.wifi.p2p.WifiP2pService
06-20 07:35:38.330 W/HalDevMgr( 1918): isWifiStarted called but mWifi is null!?
06-20 07:35:38.330 I/WifiP2pService( 1918): Registering wifip2p
06-20 07:35:38.330 D/SystemServerTiming( 1918): StartWifiP2P took to complete: 6ms
06-20 07:35:38.330 I/SystemServer( 1918): StartConnectivityService
06-20 07:35:38.333 D/ConnectivityService( 1918): ConnectivityService starting up
06-20 07:35:38.336 D/ConnectivityService( 1918): wifiOnly=false
06-20 07:35:38.341 D/SystemServerTiming( 1918): StartConnectivityService took to complete: 11ms
06-20 07:35:38.341 I/SystemServer( 1918): StartNsdService
06-20 07:35:38.343 D/NsdService( 1918): Network service discovery is enabled
06-20 07:35:38.343 D/SystemServerTiming( 1918): StartNsdService took to complete: 2ms
06-20 07:35:38.343 I/SystemServer( 1918): StartSystemUpdateManagerService
06-20 07:35:38.343 I/SystemUpdateManagerService( 1918): No existing info file /data/system/system-update-info.xml
06-20 07:35:38.344 D/SystemServerTiming( 1918): StartSystemUpdateManagerService took to complete: 1ms
06-20 07:35:38.344 I/SystemServer( 1918): StartUpdateLockService
06-20 07:35:38.344 D/SystemServerTiming( 1918): StartUpdateLockService took to complete: 0ms
06-20 07:35:38.344 I/SystemServer( 1918): StartNotificationManager
06-20 07:35:38.344 I/SystemServiceManager( 1918): Starting com.android.server.notification.NotificationManagerService
06-20 07:35:38.353 D/ConditionProviders.SCP( 1918): new ScheduleConditionProvider()
06-20 07:35:38.355 I/ConditionProviders( 1918):  Allowing condition provider com.google.android.apps.nexuslauncher/com.android.launcher3.notification.NotificationListener
06-20 07:35:38.356 I/NotificationListeners( 1918):  Allowing notification listener com.google.android.apps.nexuslauncher/com.android.launcher3.notification.NotificationListener
06-20 07:35:38.356 V/NotificationListeners( 1918): enabling notification listener for 0: ComponentInfo{com.google.android.apps.nexuslauncher/com.android.launcher3.notification.NotificationListener}
06-20 07:35:38.356 V/NotificationListeners( 1918): binding: Intent { act=android.service.notification.NotificationListenerService cmp=com.google.android.apps.nexuslauncher/com.android.launcher3.notification.NotificationListener (has extras) }
06-20 07:35:38.356 W/ActivityManager( 1918): Unable to start service Intent { act=android.service.notification.NotificationListenerService cmp=com.google.android.apps.nexuslauncher/com.android.launcher3.notification.NotificationListener } U=0: not found
06-20 07:35:38.356 W/NotificationListeners( 1918): Unable to bind notification listener service: Intent { act=android.service.notification.NotificationListenerService cmp=com.google.android.apps.nexuslauncher/com.android.launcher3.notification.NotificationListener (has extras) } in user 0
06-20 07:35:38.356 I/ConditionProviders( 1918):  Allowing condition provider com.google.android.apps.restore/com.google.android.apps.pixelmigrate.component.NotificationConsolidatorService
06-20 07:35:38.356 I/NotificationListeners( 1918):  Allowing notification listener com.google.android.apps.restore/com.google.android.apps.pixelmigrate.component.NotificationConsolidatorService
06-20 07:35:38.356 V/NotificationListeners( 1918): enabling notification listener for 0: ComponentInfo{com.google.android.apps.restore/com.google.android.apps.pixelmigrate.component.NotificationConsolidatorService}
06-20 07:35:38.356 V/NotificationListeners( 1918): binding: Intent { act=android.service.notification.NotificationListenerService cmp=com.google.android.apps.restore/com.google.android.apps.pixelmigrate.component.NotificationConsolidatorService (has extras) }
06-20 07:35:38.356 W/ActivityManager( 1918): Unable to start service Intent { act=android.service.notification.NotificationListenerService cmp=com.google.android.apps.restore/com.google.android.apps.pixelmigrate.component.NotificationConsolidatorService } U=0: not found
06-20 07:35:38.356 W/NotificationListeners( 1918): Unable to bind notification listener service: Intent { act=android.service.notification.NotificationListenerService cmp=com.google.android.apps.restore/com.google.android.apps.pixelmigrate.component.NotificationConsolidatorService (has extras) } in user 0
06-20 07:35:38.356 V/NotificationListeners( 1918): enabling notification listener for 0: ComponentInfo{com.google.android.apps.nexuslauncher/com.android.launcher3.notification.NotificationListener}
06-20 07:35:38.356 V/NotificationListeners( 1918): binding: Intent { act=android.service.notification.NotificationListenerService cmp=com.google.android.apps.nexuslauncher/com.android.launcher3.notification.NotificationListener (has extras) }
06-20 07:35:38.356 W/ActivityManager( 1918): Unable to start service Intent { act=android.service.notification.NotificationListenerService cmp=com.google.android.apps.nexuslauncher/com.android.launcher3.notification.NotificationListener } U=0: not found
06-20 07:35:38.356 W/NotificationListeners( 1918): Unable to bind notification listener service: Intent { act=android.service.notification.NotificationListenerService cmp=com.google.android.apps.nexuslauncher/com.android.launcher3.notification.NotificationListener (has extras) } in user 0
06-20 07:35:38.356 I/ConditionProviders( 1918):  Allowing condition provider com.google.android.GoogleCamera
06-20 07:35:38.357 I/ConditionProviders( 1918):  Allowing condition provider com.google.android.gms
06-20 07:35:38.357 I/ConditionProviders( 1918):  Allowing condition provider com.google.intelligence.sense
06-20 07:35:38.357 I/ConditionProviders( 1918):  Allowing condition provider com.google.android.settings.intelligence
06-20 07:35:38.357 I/ConditionProviders( 1918):  Allowing condition provider com.google.android.apps.wellbeing
06-20 07:35:38.357 I/ConditionProviders( 1918):  Allowing condition provider com.google.android.apps.safetyhub
06-20 07:35:38.357 I/ConditionProviders( 1918):  Allowing condition provider com.google.android.ext.services/android.ext.services.notification.Assistant
06-20 07:35:38.358 I/NotificationAssistants( 1918):  Allowing notification assistant com.google.android.ext.services/android.ext.services.notification.Assistant
06-20 07:35:38.358 V/NotificationAssistants( 1918): enabling notification assistant for 0: ComponentInfo{com.google.android.ext.services/android.ext.services.notification.Assistant}
06-20 07:35:38.358 V/NotificationAssistants( 1918): binding: Intent { act=android.service.notification.NotificationAssistantService cmp=com.google.android.ext.services/android.ext.services.notification.Assistant (has extras) }
06-20 07:35:38.358 D/NotificationService( 1918): Set default NAS to be com.google.android.ext.services/android.ext.services.notification.Assistant in 0
06-20 07:35:38.366 D/SystemServerTiming( 1918): StartNotificationManager took to complete: 22ms
06-20 07:35:38.366 I/SystemServer( 1918): StartDeviceMonitor
06-20 07:35:38.367 I/SystemServiceManager( 1918): Starting com.android.server.storage.DeviceStorageMonitorService
06-20 07:35:38.371 D/SystemServerTiming( 1918): StartDeviceMonitor took to complete: 5ms
06-20 07:35:38.371 I/SystemServer( 1918): StartLocationManagerService
06-20 07:35:38.374 D/SystemServerTiming( 1918): StartLocationManagerService took to complete: 2ms
06-20 07:35:38.374 I/SystemServer( 1918): StartCountryDetectorService
06-20 07:35:38.374 D/SystemServerTiming( 1918): StartCountryDetectorService took to complete: 0ms
06-20 07:35:38.374 I/SystemServer( 1918): StartTimeDetectorService
06-20 07:35:38.375 I/SystemServiceManager( 1918): Starting com.android.server.timedetector.TimeDetectorService$Lifecycle
06-20 07:35:38.375 D/SystemServerTiming( 1918): StartTimeDetectorService took to complete: 0ms
06-20 07:35:38.375 I/SystemServer( 1918): StartSearchManagerService
06-20 07:35:38.375 I/SystemServiceManager( 1918): Starting com.android.server.search.SearchManagerService$Lifecycle
06-20 07:35:38.376 D/SystemServerTiming( 1918): StartSearchManagerService took to complete: 1ms
06-20 07:35:38.376 I/SystemServer( 1918): StartWallpaperManagerService
06-20 07:35:38.376 I/SystemServiceManager( 1918): Starting com.android.server.wallpaper.WallpaperManagerService$Lifecycle
06-20 07:35:38.376 D/SystemServerTiming( 1918): StartWallpaperManagerService took to complete: 0ms
06-20 07:35:38.376 I/SystemServer( 1918): StartAudioService
06-20 07:35:38.377 I/SystemServiceManager( 1918): Starting com.android.server.audio.AudioService$Lifecycle
06-20 07:35:38.384 W/TelecomManager( 1918): Telecom Service not found.
06-20 07:35:38.385 D/PermissionCache( 1726): checking android.permission.MODIFY_AUDIO_SETTINGS for uid=1000 => granted (41 us)
06-20 07:35:38.386 W/AudioFlinger( 1726): no wake lock to update, system not ready yet
06-20 07:35:38.387 D/PermissionCache( 1726): checking android.permission.MODIFY_AUDIO_ROUTING for uid=1000 => granted (206 us)
06-20 07:35:38.387 W/DeviceHAL( 1686): Error from HAL Device in function set_mic_mute: Function not implemented
06-20 07:35:38.387 E/AudioSystem-JNI( 1918): Command failed for android_media_AudioSystem_muteMicrophone: -38
06-20 07:35:38.393 D/PermissionCache( 1726): checking android.permission.MODIFY_AUDIO_ROUTING for uid=1000 => granted (8507 us)
06-20 07:35:38.398 D/AudioFlinger( 1726): isLowRamDevice:false totalMemory:2089566208 mClientSharedHeapSize:4194304
06-20 07:35:38.399 D/SystemServerTiming( 1918): StartAudioService took to complete: 23ms
06-20 07:35:38.399 I/SystemServer( 1918): StartDockObserver
06-20 07:35:38.399 I/SystemServiceManager( 1918): Starting com.android.server.DockObserver
06-20 07:35:38.399 W/DockObserver( 1918): This kernel does not have dock station support
06-20 07:35:38.400 D/SystemServerTiming( 1918): StartDockObserver took to complete: 1ms
06-20 07:35:38.400 I/SystemServer( 1918): StartWiredAccessoryManager
06-20 07:35:38.400 W/WiredAccessoryManager( 1918): This kernel does not have usb audio support
06-20 07:35:38.400 W/WiredAccessoryManager( 1918): This kernel does not have HDMI audio support
06-20 07:35:38.400 D/SystemServerTiming( 1918): StartWiredAccessoryManager took to complete: 0ms
06-20 07:35:38.400 I/SystemServer( 1918): StartMidiManager
06-20 07:35:38.400 I/SystemServiceManager( 1918): Starting com.android.server.midi.MidiService$Lifecycle
06-20 07:35:38.401 D/SystemServerTiming( 1918): StartMidiManager took to complete: 1ms
06-20 07:35:38.401 I/SystemServer( 1918): StartAdbService
06-20 07:35:38.401 I/SystemServiceManager( 1918): Starting com.android.server.adb.AdbService$Lifecycle
06-20 07:35:38.401 D/SystemServerTiming( 1918): StartAdbService took to complete: 0ms
06-20 07:35:38.401 I/SystemServer( 1918): StartUsbService
06-20 07:35:38.401 I/SystemServiceManager( 1918): Starting com.android.server.usb.UsbService$Lifecycle
06-20 07:35:38.402 E/UsbDeviceManager( 1918): failed to write to /sys/class/android_usb/android0/f_rndis/ethaddr
06-20 07:35:38.402 I/hwservicemanager( 1568): getTransport: Cannot find entry android.hardware.usb.gadget@1.0::IUsbGadget/default in either framework or device manifest.
06-20 07:35:38.404 I/UsbDeviceManager( 1918): USB GADGET HAL not present in the device
06-20 07:35:38.404 I/UsbDeviceManager( 1918): java.util.NoSuchElementException
06-20 07:35:38.404 I/UsbDeviceManager( 1918): 	at android.os.HwBinder.getService(Native Method)
06-20 07:35:38.404 I/UsbDeviceManager( 1918): 	at android.hardware.usb.gadget.V1_0.IUsbGadget.getService(IUsbGadget.java:55)
06-20 07:35:38.404 I/UsbDeviceManager( 1918): 	at android.hardware.usb.gadget.V1_0.IUsbGadget.getService(IUsbGadget.java:62)
06-20 07:35:38.404 I/UsbDeviceManager( 1918): 	at com.android.server.usb.UsbDeviceManager.<init>(UsbDeviceManager.java:262)
06-20 07:35:38.404 I/UsbDeviceManager( 1918): 	at com.android.server.usb.UsbService.<init>(UsbService.java:150)
06-20 07:35:38.404 I/UsbDeviceManager( 1918): 	at com.android.server.usb.UsbService$Lifecycle.onStart(UsbService.java:84)
06-20 07:35:38.404 I/UsbDeviceManager( 1918): 	at com.android.server.SystemServiceManager.startService(SystemServiceManager.java:129)
06-20 07:35:38.404 I/UsbDeviceManager( 1918): 	at com.android.server.SystemServiceManager.startService(SystemServiceManager.java:116)
06-20 07:35:38.404 I/UsbDeviceManager( 1918): 	at com.android.server.SystemServiceManager.startService(SystemServiceManager.java:75)
06-20 07:35:38.404 I/UsbDeviceManager( 1918): 	at com.android.server.SystemServer.startOtherServices(SystemServer.java:1532)
06-20 07:35:38.404 I/UsbDeviceManager( 1918): 	at com.android.server.SystemServer.run(SystemServer.java:512)
06-20 07:35:38.404 I/UsbDeviceManager( 1918): 	at com.android.server.SystemServer.main(SystemServer.java:349)
06-20 07:35:38.404 I/UsbDeviceManager( 1918): 	at java.lang.reflect.Method.invoke(Native Method)
06-20 07:35:38.404 I/UsbDeviceManager( 1918): 	at com.android.internal.os.RuntimeInit$MethodAndArgsCaller.run(RuntimeInit.java:492)
06-20 07:35:38.404 I/UsbDeviceManager( 1918): 	at com.android.internal.os.ZygoteInit.main(ZygoteInit.java:908)
06-20 07:35:38.404 E/UsbDeviceManagerJNI( 1918): could not open control for mtp No such file or directory
06-20 07:35:38.404 E/UsbDeviceManager( 1918): Failed to open control for mtp
06-20 07:35:38.404 E/UsbDeviceManagerJNI( 1918): could not open control for ptp No such file or directory
06-20 07:35:38.404 E/UsbDeviceManager( 1918): Failed to open control for ptp
06-20 07:35:38.407 W/StorageManagerService( 1918): No primary storage defined yet; hacking together a stub
06-20 07:35:38.407 E/UsbDeviceManagerJNI( 1918): could not open /dev/usb_accessory
06-20 07:35:38.408 I/android_os_HwBinder( 1918): HwBinder: Starting thread pool for getting: android.hidl.manager@1.0::IServiceManager/default
06-20 07:35:38.408 I/hwservicemanager( 1568): getTransport: Cannot find entry android.hardware.usb@1.0::IUsb/default in either framework or device manifest.
06-20 07:35:38.409 E/UsbPortManager( 1918): connectToProxy: usb hal service not found. Did the service fail to start?
06-20 07:35:38.409 E/UsbPortManager( 1918): java.util.NoSuchElementException
06-20 07:35:38.409 E/UsbPortManager( 1918): 	at android.os.HwBinder.getService(Native Method)
06-20 07:35:38.409 E/UsbPortManager( 1918): 	at android.os.HwBinder.getService(HwBinder.java:83)
06-20 07:35:38.409 E/UsbPortManager( 1918): 	at android.hardware.usb.V1_0.IUsb.getService(IUsb.java:70)
06-20 07:35:38.409 E/UsbPortManager( 1918): 	at android.hardware.usb.V1_0.IUsb.getService(IUsb.java:77)
06-20 07:35:38.409 E/UsbPortManager( 1918): 	at com.android.server.usb.UsbPortManager.connectToProxy(UsbPortManager.java:780)
06-20 07:35:38.409 E/UsbPortManager( 1918): 	at com.android.server.usb.UsbPortManager.<init>(UsbPortManager.java:175)
06-20 07:35:38.409 E/UsbPortManager( 1918): 	at com.android.server.usb.UsbService.<init>(UsbService.java:153)
06-20 07:35:38.409 E/UsbPortManager( 1918): 	at com.android.server.usb.UsbService$Lifecycle.onStart(UsbService.java:84)
06-20 07:35:38.409 E/UsbPortManager( 1918): 	at com.android.server.SystemServiceManager.startService(SystemServiceManager.java:129)
06-20 07:35:38.409 E/UsbPortManager( 1918): 	at com.android.server.SystemServiceManager.startService(SystemServiceManager.java:116)
06-20 07:35:38.409 E/UsbPortManager( 1918): 	at com.android.server.SystemServiceManager.startService(SystemServiceManager.java:75)
06-20 07:35:38.409 E/UsbPortManager( 1918): 	at com.android.server.SystemServer.startOtherServices(SystemServer.java:1532)
06-20 07:35:38.409 E/UsbPortManager( 1918): 	at com.android.server.SystemServer.run(SystemServer.java:512)
06-20 07:35:38.409 E/UsbPortManager( 1918): 	at com.android.server.SystemServer.main(SystemServer.java:349)
06-20 07:35:38.409 E/UsbPortManager( 1918): 	at java.lang.reflect.Method.invoke(Native Method)
06-20 07:35:38.409 E/UsbPortManager( 1918): 	at com.android.internal.os.RuntimeInit$MethodAndArgsCaller.run(RuntimeInit.java:492)
06-20 07:35:38.409 E/UsbPortManager( 1918): 	at com.android.internal.os.ZygoteInit.main(ZygoteInit.java:908)
06-20 07:35:38.409 D/SystemServerTiming( 1918): StartUsbService took to complete: 8ms
06-20 07:35:38.409 I/SystemServer( 1918): StartSerialService
06-20 07:35:38.409 D/SystemServerTiming( 1918): StartSerialService took to complete: 0ms
06-20 07:35:38.409 I/SystemServer( 1918): StartHardwarePropertiesManagerService
06-20 07:35:38.410 I/hwservicemanager( 1568): getTransport: Cannot find entry android.hardware.thermal@1.0::IThermal/default in either framework or device manifest.
06-20 07:35:38.410 E/HardwarePropertiesManagerService-JNI( 1918): Unable to get Thermal service.
06-20 07:35:38.410 D/SystemServerTiming( 1918): StartHardwarePropertiesManagerService took to complete: 0ms
06-20 07:35:38.410 I/SystemServer( 1918): StartTwilightService
06-20 07:35:38.410 I/SystemServiceManager( 1918): Starting com.android.server.twilight.TwilightService
06-20 07:35:38.410 D/SystemServerTiming( 1918): StartTwilightService took to complete: 0ms
06-20 07:35:38.410 I/SystemServer( 1918): StartColorDisplay
06-20 07:35:38.410 I/SystemServiceManager( 1918): Starting com.android.server.display.color.ColorDisplayService
06-20 07:35:38.410 D/SystemServerTiming( 1918): StartColorDisplay took to complete: 0ms
06-20 07:35:38.410 I/SystemServer( 1918): StartJobScheduler
06-20 07:35:38.411 I/SystemServiceManager( 1918): Starting com.android.server.job.JobSchedulerService
06-20 07:35:38.413 I/JobStore( 1918): Read 0 jobs
06-20 07:35:38.415 D/SystemServerTiming( 1918): StartJobScheduler took to complete: 4ms
06-20 07:35:38.415 I/SystemServer( 1918): StartSoundTrigger
06-20 07:35:38.415 I/SystemServiceManager( 1918): Starting com.android.server.soundtrigger.SoundTriggerService
06-20 07:35:38.415 D/SystemServerTiming( 1918): StartSoundTrigger took to complete: 0ms
06-20 07:35:38.415 I/SystemServer( 1918): StartTrustManager
06-20 07:35:38.415 I/SystemServiceManager( 1918): Starting com.android.server.trust.TrustManagerService
06-20 07:35:38.416 D/SystemServerTiming( 1918): StartTrustManager took to complete: 1ms
06-20 07:35:38.416 I/SystemServer( 1918): StartBackupManager
06-20 07:35:38.416 I/SystemServiceManager( 1918): Starting com.android.server.backup.BackupManagerService$Lifecycle
06-20 07:35:38.417 D/SystemServerTiming( 1918): StartBackupManager took to complete: 1ms
06-20 07:35:38.417 I/SystemServer( 1918): StartAppWidgetService
06-20 07:35:38.417 I/SystemServiceManager( 1918): Starting com.android.server.appwidget.AppWidgetService
06-20 07:35:38.418 D/SystemServerTiming( 1918): StartAppWidgetService took to complete: 1ms
06-20 07:35:38.418 I/SystemServer( 1918): StartRoleManagerService
06-20 07:35:38.419 D/SystemServerTiming( 1918): StartRoleManagerService took to complete: 1ms
06-20 07:35:38.419 I/SystemServer( 1918): StartVoiceRecognitionManager
06-20 07:35:38.419 I/SystemServiceManager( 1918): Starting com.android.server.voiceinteraction.VoiceInteractionManagerService
06-20 07:35:38.420 I/RoleUserState( 1918): roles.xml not found
06-20 07:35:38.420 W/VoiceInteractionManagerService( 1918): Unable to resolve default voice recognition service.
06-20 07:35:38.420 D/SystemServerTiming( 1918): StartVoiceRecognitionManager took to complete: 1ms
06-20 07:35:38.420 I/SystemServer( 1918): StartGestureLauncher
06-20 07:35:38.420 I/SystemServiceManager( 1918): Starting com.android.server.GestureLauncherService
06-20 07:35:38.420 D/SystemServerTiming( 1918): StartGestureLauncher took to complete: 0ms
06-20 07:35:38.420 I/SystemServer( 1918): StartSensorNotification
06-20 07:35:38.420 I/SystemServiceManager( 1918): Starting com.android.server.SensorNotificationService
06-20 07:35:38.420 D/SystemServerTiming( 1918): StartSensorNotification took to complete: 0ms
06-20 07:35:38.420 I/SystemServer( 1918): StartContextHubSystemService
06-20 07:35:38.420 I/SystemServiceManager( 1918): Starting com.android.server.ContextHubSystemService
06-20 07:35:38.420 D/SystemServerTiming( 1918): StartContextHubSystemService took to complete: 0ms
06-20 07:35:38.420 I/SystemServer( 1918): StartDiskStatsService
06-20 07:35:38.420 D/SystemServerInitThreadPool( 1918): Started executing Init ContextHubSystemService
06-20 07:35:38.421 I/hwservicemanager( 1568): getTransport: Cannot find entry android.hardware.contexthub@1.0::IContexthub/default in either framework or device manifest.
06-20 07:35:38.421 I/ContextHubService( 1918): Context Hub HAL service not found
06-20 07:35:38.421 D/SystemServerInitThreadPool( 1918): Finished executing Init ContextHubSystemService
06-20 07:35:38.422 D/SystemServerTiming( 1918): StartDiskStatsService took to complete: 2ms
06-20 07:35:38.422 I/SystemServer( 1918): RuntimeService
06-20 07:35:38.422 D/SystemServerTiming( 1918): RuntimeService took to complete: 0ms
06-20 07:35:38.422 I/SystemServer( 1918): StartNetworkTimeUpdateService
06-20 07:35:38.422 D/SystemServer( 1918): Using networkTimeUpdater class=class com.android.server.NewNetworkTimeUpdateService
06-20 07:35:38.423 D/SystemServerTiming( 1918): StartNetworkTimeUpdateService took to complete: 1ms
06-20 07:35:38.423 I/SystemServer( 1918): CertBlacklister
06-20 07:35:38.423 D/SystemServerTiming( 1918): CertBlacklister took to complete: 0ms
06-20 07:35:38.423 I/SystemServer( 1918): StartEmergencyAffordanceService
06-20 07:35:38.423 I/SystemServiceManager( 1918): Starting com.android.server.emergency.EmergencyAffordanceService
06-20 07:35:38.423 D/SystemServerTiming( 1918): StartEmergencyAffordanceService took to complete: 0ms
06-20 07:35:38.423 I/SystemServer( 1918): StartDreamManager
06-20 07:35:38.423 I/SystemServiceManager( 1918): Starting com.android.server.dreams.DreamManagerService
06-20 07:35:38.423 D/SystemServerTiming( 1918): StartDreamManager took to complete: 0ms
06-20 07:35:38.423 I/SystemServer( 1918): AddGraphicsStatsService
06-20 07:35:38.424 D/SystemServerTiming( 1918): AddGraphicsStatsService took to complete: 1ms
06-20 07:35:38.424 I/SystemServer( 1918): StartPrintManager
06-20 07:35:38.424 I/SystemServiceManager( 1918): Starting com.android.server.print.PrintManagerService
06-20 07:35:38.425 D/SystemServerTiming( 1918): StartPrintManager took to complete: 1ms
06-20 07:35:38.425 I/SystemServer( 1918): StartRestrictionManager
06-20 07:35:38.425 I/SystemServiceManager( 1918): Starting com.android.server.restrictions.RestrictionsManagerService
06-20 07:35:38.425 D/SystemServerTiming( 1918): StartRestrictionManager took to complete: 0ms
06-20 07:35:38.425 I/SystemServer( 1918): StartMediaSessionService
06-20 07:35:38.425 I/SystemServiceManager( 1918): Starting com.android.server.media.MediaSessionService
06-20 07:35:38.430 D/SystemServerTiming( 1918): StartMediaSessionService took to complete: 5ms
06-20 07:35:38.430 I/SystemServer( 1918): StartMediaResourceMonitor
06-20 07:35:38.430 I/SystemServiceManager( 1918): Starting com.android.server.media.MediaResourceMonitorService
06-20 07:35:38.430 D/SystemServerTiming( 1918): StartMediaResourceMonitor took to complete: 0ms
06-20 07:35:38.430 I/SystemServer( 1918): StartMediaRouterService
06-20 07:35:38.431 D/SystemServerTiming( 1918): StartMediaRouterService took to complete: 1ms
06-20 07:35:38.431 I/SystemServer( 1918): StartFingerprintSensor
06-20 07:35:38.431 I/SystemServiceManager( 1918): Starting com.android.server.biometrics.fingerprint.FingerprintService
06-20 07:35:38.432 D/SystemServerTiming( 1918): StartFingerprintSensor took to complete: 1ms
06-20 07:35:38.432 I/SystemServer( 1918): StartBiometricService
06-20 07:35:38.432 I/SystemServiceManager( 1918): Starting com.android.server.biometrics.BiometricService
06-20 07:35:38.432 D/SystemServerInitThreadPool( 1918): Started executing FingerprintService.onStart
06-20 07:35:38.432 V/FingerprintService( 1918): mDaemon was null, reconnect to fingerprint
06-20 07:35:38.432 I/android_os_HwBinder( 1918): HwBinder: Starting thread pool for getting: android.hardware.biometrics.fingerprint@2.1::IBiometricsFingerprint/default
06-20 07:35:38.433 V/FingerprintService( 1918): Fingerprint HAL id: 137662730199040
06-20 07:35:38.433 D/FingerprintHal( 1809): ----------------> fingerprint_set_active_group -----------------> path /data/vendor_de/0/fpdata
06-20 07:35:38.433 D/FingerprintHal( 1809): ----------------> loadFingerprints ----------------->
06-20 07:35:38.433 E/FingerprintHal( 1809): Could not load fingerprints from storage at /data/vendor_de/0/fpdata/emufp.bin; it has not yet been created.
06-20 07:35:38.433 D/FingerprintHal( 1809): ----------------> loadAuthenticatorId ----------------->
06-20 07:35:38.433 E/FingerprintHal( 1809): Could not load authenticator id from storage at /data/vendor_de/0/fpdata/emuauthid.bin; it has not yet been created.
06-20 07:35:38.433 D/FingerprintHal( 1809): ----------------> get_64bit_rand ----------------->
06-20 07:35:38.433 D/FingerprintHal( 1809): ----------------> saveAuthenticatorId ----------------->
06-20 07:35:38.433 D/FingerprintHal( 1809): Save authenticator id (0x6b8b4567327b23c6)
06-20 07:35:38.434 V/FingerprintService( 1918): Enumerating user(0)
06-20 07:35:38.434 D/SystemServerInitThreadPool( 1918): Finished executing FingerprintService.onStart
06-20 07:35:38.434 D/SystemServerTiming( 1918): StartBiometricService took to complete: 2ms
06-20 07:35:38.434 I/SystemServer( 1918): StartBackgroundDexOptService
06-20 07:35:38.435 W/BackgroundDexOptService( 1918): SysProp pm.dexopt.downgrade_after_inactive_days not set
06-20 07:35:38.435 D/SystemServerTiming( 1918): StartBackgroundDexOptService took to complete: 0ms
06-20 07:35:38.435 I/SystemServer( 1918): StartDynamicCodeLoggingService
06-20 07:35:38.435 D/SystemServerTiming( 1918): StartDynamicCodeLoggingService took to complete: 0ms
06-20 07:35:38.435 I/SystemServer( 1918): StartPruneInstantAppsJobService
06-20 07:35:38.435 D/SystemServerTiming( 1918): StartPruneInstantAppsJobService took to complete: 0ms
06-20 07:35:38.435 I/SystemServer( 1918): StartShortcutServiceLifecycle
06-20 07:35:38.436 I/SystemServiceManager( 1918): Starting com.android.server.pm.ShortcutService$Lifecycle
06-20 07:35:38.436 D/SystemServerTiming( 1918): StartShortcutServiceLifecycle took to complete: 1ms
06-20 07:35:38.436 I/SystemServer( 1918): StartLauncherAppsService
06-20 07:35:38.436 I/SystemServiceManager( 1918): Starting com.android.server.pm.LauncherAppsService
06-20 07:35:38.436 D/SystemServerTiming( 1918): StartLauncherAppsService took to complete: 0ms
06-20 07:35:38.436 I/SystemServer( 1918): StartCrossProfileAppsService
06-20 07:35:38.436 I/SystemServiceManager( 1918): Starting com.android.server.pm.CrossProfileAppsService
06-20 07:35:38.437 D/SystemServerTiming( 1918): StartCrossProfileAppsService took to complete: 1ms
06-20 07:35:38.437 I/SystemServer( 1918): StartMediaProjectionManager
06-20 07:35:38.437 I/SystemServiceManager( 1918): Starting com.android.server.media.projection.MediaProjectionManagerService
06-20 07:35:38.438 V/MediaRouter( 1918): Selecting route: RouteInfo{ name=Phone, description=null, status=null, category=RouteCategory{ name=System types=ROUTE_TYPE_LIVE_AUDIO ROUTE_TYPE_LIVE_VIDEO  groupable=false }, supportedTypes=ROUTE_TYPE_LIVE_AUDIO ROUTE_TYPE_LIVE_VIDEO , presentationDisplay=null }
06-20 07:35:38.438 D/SystemServerTiming( 1918): StartMediaProjectionManager took to complete: 1ms
06-20 07:35:38.438 I/SystemServer( 1918): StartSliceManagerService
06-20 07:35:38.438 I/SystemServiceManager( 1918): Starting com.android.server.slice.SliceManagerService$Lifecycle
06-20 07:35:38.439 D/SystemServerTiming( 1918): StartSliceManagerService took to complete: 1ms
06-20 07:35:38.439 I/SystemServer( 1918): StartCameraServiceProxy
06-20 07:35:38.439 I/SystemServiceManager( 1918): Starting com.android.server.camera.CameraServiceProxy
06-20 07:35:38.440 D/SystemServerTiming( 1918): StartCameraServiceProxy took to complete: 1ms
06-20 07:35:38.440 I/SystemServer( 1918): StartStatsCompanionService
06-20 07:35:38.440 I/SystemServiceManager( 1918): Starting com.android.server.stats.StatsCompanionService$Lifecycle
06-20 07:35:38.440 I/StatsCompanionService( 1918): register thermal listener successfully
06-20 07:35:38.442 E/KernelCpuThreadReader( 1918): Failed to initialize KernelCpuThreadReader
06-20 07:35:38.442 E/KernelCpuThreadReader( 1918): java.nio.file.NoSuchFileException: /proc/self/time_in_state
06-20 07:35:38.442 E/KernelCpuThreadReader( 1918): 	at sun.nio.fs.UnixFileSystemProvider.newByteChannel(UnixFileSystemProvider.java:214)
06-20 07:35:38.442 E/KernelCpuThreadReader( 1918): 	at java.nio.file.Files.newByteChannel(Files.java:361)
06-20 07:35:38.442 E/KernelCpuThreadReader( 1918): 	at java.nio.file.Files.newByteChannel(Files.java:407)
06-20 07:35:38.442 E/KernelCpuThreadReader( 1918): 	at java.nio.file.Files.readAllBytes(Files.java:3152)
06-20 07:35:38.442 E/KernelCpuThreadReader( 1918): 	at com.android.internal.os.ProcTimeInStateReader.initializeTimeInStateFormat(ProcTimeInStateReader.java:163)
06-20 07:35:38.442 E/KernelCpuThreadReader( 1918): 	at com.android.internal.os.ProcTimeInStateReader.<init>(ProcTimeInStateReader.java:110)
06-20 07:35:38.442 E/KernelCpuThreadReader( 1918): 	at com.android.internal.os.KernelCpuThreadReader.<init>(KernelCpuThreadReader.java:137)
06-20 07:35:38.442 E/KernelCpuThreadReader( 1918): 	at com.android.internal.os.KernelCpuThreadReader.create(KernelCpuThreadReader.java:150)
06-20 07:35:38.442 E/KernelCpuThreadReader( 1918): 	at com.android.internal.os.KernelCpuThreadReaderSettingsObserver.<init>(KernelCpuThreadReaderSettingsObserver.java:94)
06-20 07:35:38.442 E/KernelCpuThreadReader( 1918): 	at com.android.internal.os.KernelCpuThreadReaderSettingsObserver.getSettingsModifiedReader(KernelCpuThreadReaderSettingsObserver.java:79)
06-20 07:35:38.442 E/KernelCpuThreadReader( 1918): 	at com.android.server.stats.StatsCompanionService.<init>(StatsCompanionService.java:377)
06-20 07:35:38.442 E/KernelCpuThreadReader( 1918): 	at com.android.server.stats.StatsCompanionService$Lifecycle.onStart(StatsCompanionService.java:2539)
06-20 07:35:38.442 E/KernelCpuThreadReader( 1918): 	at com.android.server.SystemServiceManager.startService(SystemServiceManager.java:129)
06-20 07:35:38.442 E/KernelCpuThreadReader( 1918): 	at com.android.server.SystemServiceManager.startService(SystemServiceManager.java:116)
06-20 07:35:38.442 E/KernelCpuThreadReader( 1918): 	at com.android.server.SystemServer.startOtherServices(SystemServer.java:1879)
06-20 07:35:38.442 E/KernelCpuThreadReader( 1918): 	at com.android.server.SystemServer.run(SystemServer.java:512)
06-20 07:35:38.442 E/KernelCpuThreadReader( 1918): 	at com.android.server.SystemServer.main(SystemServer.java:349)
06-20 07:35:38.442 E/KernelCpuThreadReader( 1918): 	at java.lang.reflect.Method.invoke(Native Method)
06-20 07:35:38.442 E/KernelCpuThreadReader( 1918): 	at com.android.internal.os.RuntimeInit$MethodAndArgsCaller.run(RuntimeInit.java:492)
06-20 07:35:38.442 E/KernelCpuThreadReader( 1918): 	at com.android.internal.os.ZygoteInit.main(ZygoteInit.java:908)
06-20 07:35:38.442 D/SystemServerTiming( 1918): StartStatsCompanionService took to complete: 2ms
06-20 07:35:38.443 I/SystemServer( 1918): StartIncidentCompanionService
06-20 07:35:38.443 I/SystemServiceManager( 1918): Starting com.android.server.incident.IncidentCompanionService
06-20 07:35:38.443 D/SystemServerTiming( 1918): StartIncidentCompanionService took to complete: 0ms
06-20 07:35:38.443 I/SystemServer( 1918): StartMmsService
06-20 07:35:38.443 I/SystemServiceManager( 1918): Starting com.android.server.MmsServiceBroker
06-20 07:35:38.443 D/SystemServerTiming( 1918): StartMmsService took to complete: 0ms
06-20 07:35:38.443 I/SystemServer( 1918): StartAutoFillService
06-20 07:35:38.443 I/SystemServiceManager( 1918): Starting com.android.server.autofill.AutofillManagerService
06-20 07:35:38.444 D/AutofillManagerService( 1918): setLogLevelFromSettings(): level=2, debug=true, verbose=false
06-20 07:35:38.444 D/AutofillManagerService( 1918): setMaxPartitionsFromSettings(): 10
06-20 07:35:38.445 D/AutofillManagerService( 1918): setMaxVisibleDatasetsFromSettings(): 0
06-20 07:35:38.445 E/AutofillManagerServiceImpl( 1918): Bad service name: com.google.android.gms/.autofill.service.AutofillService
