06-20 07:35:39.047 I/SystemConfig( 2094): Adding association: com.google.android.as <- com.android.providers.media
06-20 07:35:39.047 I/SystemConfig( 2094): Adding association: com.google.android.as <- com.android.providers.telephony
06-20 07:35:39.047 I/SystemConfig( 2094): Adding association: com.google.android.as <- com.android.systemui
06-20 07:35:39.047 I/SystemConfig( 2094): Adding association: com.google.android.as <- com.google.android.gms
06-20 07:35:39.047 I/SystemConfig( 2094): Adding association: com.google.android.as <- com.google.android.gsf
06-20 07:35:39.050 W/SystemConfig( 2094): No directory /product_services/etc/sysconfig, skipping
06-20 07:35:39.050 W/SystemConfig( 2094): No directory /product_services/etc/permissions, skipping
06-20 07:35:39.050 I/OMXClient( 1786): IOmx service obtained
06-20 07:35:39.050 I/OMXMaster( 1793): makeComponentInstance(OMX.android.goldfish.h264.decoder) in android.hardwar process
06-20 07:35:39.050 I/GoldfishOMXPlugin( 1793): makeComponentInstance 'OMX.android.goldfish.h264.decoder'
06-20 07:35:39.050 I/GoldfishOMXPlugin( 1793): Using goldfish codec for 'avcdec'
06-20 07:35:39.051 D/WifiController( 1918): DEFERRED_TOGGLE handled
06-20 07:35:39.051 D/WifiController( 1918): StaEnabledState.enter()
06-20 07:35:39.051 D/WifiActiveModeWarden( 1918): Switching from ScanOnlyModeActiveState to ClientMode
06-20 07:35:39.051 D/WifiScanOnlyModeManager( 1918):  currentstate: StartedState
06-20 07:35:39.051 D/WifiScanRequestProxy( 1918): Sending scan available broadcast: false
06-20 07:35:39.051 I/WifiScanningService( 1918): wifi driver unloaded
06-20 07:35:39.051 W/wificond( 1792): No pno scan started
06-20 07:35:39.051 I/WifiScanRequestProxy( 1918): Scanning is disabled
06-20 07:35:39.052 E/wificond( 1792): Receive ERROR message in response to 'stop scheduled scan' request: Operation not supported on transport endpoint
06-20 07:35:39.052 D/WifiActiveModeWarden( 1918): Entering ClientModeActiveState
06-20 07:35:39.052 D/WifiClientModeManager( 1918): entering IdleState
06-20 07:35:39.052 D/WakeupController( 1918): stop()
06-20 07:35:39.054 W/android.hardware.wifi@1.0-service( 1718): No active wlan interfaces in use! Using default
06-20 07:35:39.055 I/wificond( 1792): Unsubscribe scan result for interface with index: 3
06-20 07:35:39.056 D/WificondControl( 1918): tearing down interfaces in wificond
06-20 07:35:39.059 I/android.hardware.wifi@1.0-service( 1718): Legacy HAL stop complete callback received
06-20 07:35:39.060 I/android.hardware.wifi@1.0-service( 1718): Wifi HAL stopped
06-20 07:35:39.060 I/WifiVendorHal( 1918): Vendor Hal stopped
06-20 07:35:39.060 I/WifiNative( 1918): Successfully torn down Iface:{Name=wlan0,Id=0,Type=STA_SCAN}
06-20 07:35:39.060 E/HalDevMgr( 1918): getAllChipInfo: called but mWifi is null!?
06-20 07:35:39.060 E/HalDevMgr( 1918): dispatchAvailableForRequestListeners: no chip info found
06-20 07:35:39.060 W/HalDevMgr( 1918): stopWifi called but mWifi is null!?
06-20 07:35:39.060 I/WifiNative( 1918): Successfully initiated teardown for iface=wlan0
06-20 07:35:39.061 D/WifiScanOnlyModeManager( 1918): expected stop, not triggering callbacks: state = 1
06-20 07:35:39.061 D/WifiActiveModeWarden( 1918): State changed from client mode. state = 2
06-20 07:35:39.061 W/HalDevMgr( 1918): isWifiStarted called but mWifi is null!?
06-20 07:35:39.063 I/android_os_HwBinder( 1918): HwBinder: Starting thread pool for getting: android.hardware.wifi@1.0::IWifi/default
06-20 07:35:39.064 I/goldfish_avcdec( 1793): created GoldfishAVCDec 98 object 0xe9474000
06-20 07:35:39.064 W/AlarmManager( 2077): Unrecognized alarm listener com.android.systemui.keyguard.-$$Lambda$KeyguardSliceProvider$IhzByd8TsqFuOrSyuGurVskyPLo@75d3cb7
06-20 07:35:39.065 I/android.hardware.wifi@1.0-service( 1718): Wifi HAL started
06-20 07:35:39.067 I/WifiVendorHal( 1918): Vendor Hal started successfully
06-20 07:35:39.068 I/WifiP2pNative( 1918): Registering for interface available listener
06-20 07:35:39.068 E/OMXNodeInstance( 1793): getExtensionIndex(0xe944c000:android.goldfish.h264.decoder, OMX.google.android.index.configureVideoTunnelMode) ERROR: UnsupportedIndex(0x8000101a)
06-20 07:35:39.068 D/MediaCodecInfo( 1786): detail feature-tunneled-playback wasn't present to remove
06-20 07:35:39.068 W/OMXNodeInstance( 1793): [0xe944c000:android.goldfish.h264.decoder] component does not support metadata mode; using fallback
06-20 07:35:39.069 I/android_os_HwBinder( 1918): HwBinder: Starting thread pool for getting: android.hidl.manager@1.0::IServiceManager/default
06-20 07:35:39.069 I/hwservicemanager( 1568): getTransport: Cannot find entry android.hardware.wifi.supplicant@1.1::ISupplicant/default in either framework or device manifest.
06-20 07:35:39.070 I/SupplicantStaIfaceHal( 1918): Starting supplicant using init
06-20 07:35:39.075 I/OMXClient( 1786): IOmx service obtained
06-20 07:35:39.076 I/OMXMaster( 1793): makeComponentInstance(OMX.google.h264.decoder) in android.hardwar process
06-20 07:35:39.077 I/WifiP2pNative( 1918): Registering for interface available listener
06-20 07:35:39.077 D/WifiP2pNative( 1918): P2P InterfaceAvailableListener true
06-20 07:35:39.077 D/WifiP2pService( 1918): Wifi enabled=false, P2P Interface availability=true, Number of clients=0
06-20 07:35:39.077 D/WifiP2pService( 1918): Wifi enabled=false, P2P Interface availability=true
06-20 07:35:39.077 E/OMXNodeInstance( 1793): getExtensionIndex(0xe944c000:google.h264.decoder, OMX.google.android.index.configureVideoTunnelMode) ERROR: UnsupportedIndex(0x8000101a)
06-20 07:35:39.077 D/MediaCodecInfo( 1786): detail feature-tunneled-playback wasn't present to remove
06-20 07:35:39.078 E/OMXNodeInstance( 1793): getExtensionIndex(0xe944c000:google.h264.decoder, OMX.google.android.index.enableAndroidNativeBuffers) ERROR: UnsupportedIndex(0x8000101a)
06-20 07:35:39.101 I/OMXClient( 1786): IOmx service obtained
06-20 07:35:39.101 I/OMXMaster( 1793): makeComponentInstance(OMX.google.h263.decoder) in android.hardwar process
06-20 07:35:39.102 E/OMXNodeInstance( 1793): getExtensionIndex(0xe944c000:google.h263.decoder, OMX.google.android.index.configureVideoTunnelMode) ERROR: UnsupportedIndex(0x8000101a)
06-20 07:35:39.102 D/MediaCodecInfo( 1786): detail feature-tunneled-playback wasn't present to remove
06-20 07:35:39.102 E/OMXNodeInstance( 1793): getExtensionIndex(0xe944c000:google.h263.decoder, OMX.google.android.index.enableAndroidNativeBuffers) ERROR: UnsupportedIndex(0x8000101a)
06-20 07:35:39.110 I/OMXClient( 1786): IOmx service obtained
06-20 07:35:39.110 I/OMXMaster( 1793): makeComponentInstance(OMX.google.hevc.decoder) in android.hardwar process
06-20 07:35:39.114 E/OMXNodeInstance( 1793): getExtensionIndex(0xe944c000:google.hevc.decoder, OMX.google.android.index.configureVideoTunnelMode) ERROR: UnsupportedIndex(0x8000101a)
06-20 07:35:39.115 D/MediaCodecInfo( 1786): detail feature-tunneled-playback wasn't present to remove
06-20 07:35:39.115 E/OMXNodeInstance( 1793): getExtensionIndex(0xe944c000:google.hevc.decoder, OMX.google.android.index.enableAndroidNativeBuffers) ERROR: UnsupportedIndex(0x8000101a)
06-20 07:35:39.132 I/OMXClient( 1786): IOmx service obtained
06-20 07:35:39.132 I/OMXMaster( 1793): makeComponentInstance(OMX.google.mpeg4.decoder) in android.hardwar process
06-20 07:35:39.133 E/OMXNodeInstance( 1793): getExtensionIndex(0xe944c000:google.mpeg4.decoder, OMX.google.android.index.configureVideoTunnelMode) ERROR: UnsupportedIndex(0x8000101a)
06-20 07:35:39.133 D/MediaCodecInfo( 1786): detail feature-tunneled-playback wasn't present to remove
06-20 07:35:39.133 E/OMXNodeInstance( 1793): getExtensionIndex(0xe944c000:google.mpeg4.decoder, OMX.google.android.index.enableAndroidNativeBuffers) ERROR: UnsupportedIndex(0x8000101a)
06-20 07:35:39.133 I/OMXClient( 1786): IOmx service obtained
06-20 07:35:39.133 I/OMXMaster( 1793): makeComponentInstance(OMX.android.goldfish.vp8.decoder) in android.hardwar process
06-20 07:35:39.133 I/GoldfishOMXPlugin( 1793): makeComponentInstance 'OMX.android.goldfish.vp8.decoder'
06-20 07:35:39.133 I/GoldfishOMXPlugin( 1793): Using goldfish codec for 'vpxdec'
06-20 07:35:39.135 I/goldfish_vpxdec( 1793): calling constructor of GoldfishVPX
06-20 07:35:39.136 E/OMXNodeInstance( 1793): getExtensionIndex(0xe944c000:android.goldfish.vp8.decoder, OMX.google.android.index.configureVideoTunnelMode) ERROR: UnsupportedIndex(0x8000101a)
06-20 07:35:39.136 D/MediaCodecInfo( 1786): detail feature-tunneled-playback wasn't present to remove
06-20 07:35:39.136 W/OMXNodeInstance( 1793): [0xe944c000:android.goldfish.vp8.decoder] component does not support metadata mode; using fallback
06-20 07:35:39.136 I/goldfish_vpxdec( 1793): calling destructor of GoldfishVPX
06-20 07:35:39.136 I/OMXClient( 1786): IOmx service obtained
06-20 07:35:39.136 I/OMXMaster( 1793): makeComponentInstance(OMX.google.vp8.decoder) in android.hardwar process
06-20 07:35:39.137 I/wpa_supplicant( 2165): Processing hidl events on FD 3
06-20 07:35:39.139 I/ServiceManagement( 2165): Registered android.hardware.wifi.supplicant@1.2::ISupplicant/default (start delay of 65ms)
06-20 07:35:39.139 I/wpa_supplicant( 2165): Successfully initialized wpa_supplicant
06-20 07:35:39.140 E/OMXNodeInstance( 1793): getExtensionIndex(0xe944c000:google.vp8.decoder, OMX.google.android.index.configureVideoTunnelMode) ERROR: UnsupportedIndex(0x8000101a)
06-20 07:35:39.140 D/ProtoStore( 2077): no cached data
06-20 07:35:39.140 D/ProtoStore( 2077): no cached data
06-20 07:35:39.141 D/MediaCodecInfo( 1786): detail feature-tunneled-playback wasn't present to remove
06-20 07:35:39.141 E/OMXNodeInstance( 1793): getExtensionIndex(0xe944c000:google.vp8.decoder, OMX.google.android.index.enableAndroidNativeBuffers) ERROR: UnsupportedIndex(0x8000101a)
06-20 07:35:39.141 E/ActivityThread( 2064): Failed to find provider info for com.google.android.gsf.gservices
06-20 07:35:39.141 I/wpa_supplicant( 2165): rfkill: Cannot open RFKILL control device
06-20 07:35:39.160 W/DirectBootExitBR( 2064): User is in direct boot mode.
06-20 07:35:39.162 I/OMXClient( 1786): IOmx service obtained
06-20 07:35:39.162 I/OMXMaster( 1793): makeComponentInstance(OMX.android.goldfish.vp9.decoder) in android.hardwar process
06-20 07:35:39.162 I/GoldfishOMXPlugin( 1793): makeComponentInstance 'OMX.android.goldfish.vp9.decoder'
06-20 07:35:39.162 I/GoldfishOMXPlugin( 1793): Using goldfish codec for 'vpxdec'
06-20 07:35:39.162 I/goldfish_vpxdec( 1793): calling constructor of GoldfishVPX
06-20 07:35:39.162 E/OMXNodeInstance( 1793): getExtensionIndex(0xe944c000:android.goldfish.vp9.decoder, OMX.google.android.index.configureVideoTunnelMode) ERROR: UnsupportedIndex(0x8000101a)
06-20 07:35:39.162 D/MediaCodecInfo( 1786): detail feature-tunneled-playback wasn't present to remove
06-20 07:35:39.162 W/OMXNodeInstance( 1793): [0xe944c000:android.goldfish.vp9.decoder] component does not support metadata mode; using fallback
06-20 07:35:39.163 I/goldfish_vpxdec( 1793): calling destructor of GoldfishVPX
06-20 07:35:39.165 I/OMXClient( 1786): IOmx service obtained
06-20 07:35:39.165 I/OMXMaster( 1793): makeComponentInstance(OMX.google.vp9.decoder) in android.hardwar process
06-20 07:35:39.166 E/OMXNodeInstance( 1793): getExtensionIndex(0xe944c000:google.vp9.decoder, OMX.google.android.index.configureVideoTunnelMode) ERROR: UnsupportedIndex(0x8000101a)
06-20 07:35:39.166 D/MediaCodecInfo( 1786): detail feature-tunneled-playback wasn't present to remove
06-20 07:35:39.166 E/OMXNodeInstance( 1793): getExtensionIndex(0xe944c000:google.vp9.decoder, OMX.google.android.index.enableAndroidNativeBuffers) ERROR: UnsupportedIndex(0x8000101a)
06-20 07:35:39.167 I/OMXClient( 1786): IOmx service obtained
06-20 07:35:39.167 I/OMXMaster( 1793): makeComponentInstance(OMX.google.h264.encoder) in android.hardwar process
06-20 07:35:39.169 W/OMXUtils( 1786): do not know color format 0x7f000789 = 2130708361
06-20 07:35:39.172 I/OMXClient( 1786): IOmx service obtained
06-20 07:35:39.172 I/OMXMaster( 1793): makeComponentInstance(OMX.google.h263.encoder) in android.hardwar process
06-20 07:35:39.172 I/SoftMPEG4Encoder( 1793): Construct SoftMPEG4Encoder
06-20 07:35:39.173 W/OMXUtils( 1786): do not know color format 0x7f000789 = 2130708361
06-20 07:35:39.173 E/OMXNodeInstance( 1793): getConfig(0xe944c000:google.h263.encoder, ConfigAndroidIntraRefresh(0x6f60000a)) ERROR: Undefined(0x80001001)
06-20 07:35:39.173 E/OMXNodeInstance( 1793): getParameter(0xe944c000:google.h263.encoder, ParamVideoIntraRefresh(0x6000006)) ERROR: UnsupportedIndex(0x8000101a)
06-20 07:35:39.173 D/MediaCodecInfo( 1786): detail feature-frame-parsing wasn't present to remove
06-20 07:35:39.173 I/GmsApplication( 2064): Staging modules and/or updating config
06-20 07:35:39.175 E/ChimeraCfgMgr( 2064): Failed to read module config: java.io.FileNotFoundException: /data/user_de/0/com.google.android.gms/app_chimera/current_config.fb: open failed: ENOENT (No such file or directory)
06-20 07:35:39.176 I/OMXClient( 1786): IOmx service obtained
06-20 07:35:39.176 I/OMXMaster( 1793): makeComponentInstance(OMX.google.mpeg4.encoder) in android.hardwar process
06-20 07:35:39.176 I/SoftMPEG4Encoder( 1793): Construct SoftMPEG4Encoder
06-20 07:35:39.176 W/OMXUtils( 1786): do not know color format 0x7f000789 = 2130708361
06-20 07:35:39.177 I/GmsApplication( 2064): Staging modules
06-20 07:35:39.178 I/FileApkMgr( 2064): Extracting modules...
06-20 07:35:39.178 E/OMXNodeInstance( 1793): getConfig(0xe944c060:google.mpeg4.encoder, ConfigAndroidIntraRefresh(0x6f60000a)) ERROR: Undefined(0x80001001)
06-20 07:35:39.178 E/OMXNodeInstance( 1793): getParameter(0xe944c060:google.mpeg4.encoder, ParamVideoIntraRefresh(0x6000006)) ERROR: UnsupportedIndex(0x8000101a)
06-20 07:35:39.178 D/MediaCodecInfo( 1786): detail feature-frame-parsing wasn't present to remove
06-20 07:35:39.180 E/ConfigFileUtils( 2064): Failed to read config file: /data/user_de/0/com.google.android.gms/app_chimera/current_fileapks.pb: open failed: ENOENT (No such file or directory)
06-20 07:35:39.185 I/OMXClient( 1786): IOmx service obtained
06-20 07:35:39.185 I/OMXMaster( 1793): makeComponentInstance(OMX.google.vp8.encoder) in android.hardwar process
06-20 07:35:39.186 W/OMXUtils( 1786): do not know color format 0x7f000789 = 2130708361
06-20 07:35:39.186 E/OMXNodeInstance( 1793): getConfig(0xe944c060:google.vp8.encoder, ConfigAndroidIntraRefresh(0x6f60000a)) ERROR: Undefined(0x80001001)
06-20 07:35:39.186 E/OMXNodeInstance( 1793): getParameter(0xe944c060:google.vp8.encoder, ParamVideoIntraRefresh(0x6000006)) ERROR: UnsupportedIndex(0x8000101a)
06-20 07:35:39.186 D/MediaCodecInfo( 1786): detail feature-frame-parsing wasn't present to remove
06-20 07:35:39.197 D/MediaCodecList( 1786): ignored a null builder
06-20 07:35:39.198 I/OMXClient( 1918): IOmx service obtained
06-20 07:35:39.198 I/OMXMaster( 1793): makeComponentInstance(OMX.google.vorbis.decoder) in android.hardwar process
06-20 07:35:39.200 E/OMXNodeInstance( 1793): getConfig(0xeb618d20:google.vorbis.decoder, ConfigAndroidVendorExtension(0x6f100004)) ERROR: Undefined(0x80001001)
06-20 07:35:39.196 I/chatty  ( 2064): uid=10115 com.google.android.gms.persistent identical 11 lines
06-20 07:35:39.197 E/ActivityThread( 2064): Failed to find provider info for com.google.android.gsf.gservices
06-20 07:35:39.212 W/PackageManager( 1918): Cannot whitelist unknown permission: com.sec.android.provider.badge.permission.READ
06-20 07:35:39.212 W/PackageManager( 1918): Cannot whitelist unknown permission: com.sec.android.provider.badge.permission.WRITE
06-20 07:35:39.212 W/PackageManager( 1918): Cannot whitelist unknown permission: com.htc.launcher.permission.READ_SETTINGS
06-20 07:35:39.212 W/PackageManager( 1918): Cannot whitelist unknown permission: com.htc.launcher.permission.UPDATE_SHORTCUT
06-20 07:35:39.212 W/PackageManager( 1918): Cannot whitelist unknown permission: com.sonyericsson.home.permission.BROADCAST_BADGE
06-20 07:35:39.212 W/PackageManager( 1918): Cannot whitelist unknown permission: com.sonymobile.home.permission.PROVIDER_INSERT_BADGE
06-20 07:35:39.212 I/PackageManager( 1918): Un-granting permission android.permission.MANAGE_DOCUMENTS from package com.google.android.youtube (protectionLevel=262146 flags=0x30dbbe45)
06-20 07:35:39.213 I/hostapd ( 1802): wlan1: interface state COUNTRY_UPDATE->HT_SCAN
06-20 07:35:39.215 W/PackageManager( 1918): Cannot whitelist unknown permission: com.sec.android.provider.badge.permission.READ
06-20 07:35:39.215 W/PackageManager( 1918): Cannot whitelist unknown permission: com.sec.android.provider.badge.permission.WRITE
06-20 07:35:39.216 W/PackageManager( 1918): Cannot whitelist unknown permission: com.htc.launcher.permission.READ_SETTINGS
06-20 07:35:39.216 W/PackageManager( 1918): Cannot whitelist unknown permission: com.htc.launcher.permission.UPDATE_SHORTCUT
06-20 07:35:39.216 W/PackageManager( 1918): Cannot whitelist unknown permission: com.sonyericsson.home.permission.BROADCAST_BADGE
06-20 07:35:39.216 W/PackageManager( 1918): Cannot whitelist unknown permission: com.sonymobile.home.permission.PROVIDER_INSERT_BADGE
06-20 07:35:39.216 I/PackageManager( 1918): Un-granting permission android.permission.MANAGE_DOCUMENTS from package com.google.android.youtube (protectionLevel=262146 flags=0x30dbbe45)
06-20 07:35:39.229 W/PackageManager( 1918): Cannot whitelist unknown permission: com.google.android.launcher.permission.CONTENT_REDIRECT
06-20 07:35:39.229 W/PackageManager( 1918): Cannot whitelist unknown permission: com.google.android.voicesearch.SHORTCUTS_ACCESS
06-20 07:35:39.229 W/PackageManager( 1918): Cannot whitelist unknown permission: com.google.android.voicesearch.ACCESS_SETTINGS
06-20 07:35:39.229 W/PackageManager( 1918): Cannot whitelist unknown permission: com.android.browser.permission.PRELOAD
06-20 07:35:39.229 W/PackageManager( 1918): Cannot whitelist unknown permission: com.google.android.ears.permission.WRITE
06-20 07:35:39.229 W/PackageManager( 1918): Cannot whitelist unknown permission: com.google.googlenav.friend.permission.OPT_IN
06-20 07:35:39.229 W/PackageManager( 1918): Cannot whitelist unknown permission: com.google.android.apps.googlevoice.permission.AUTO_SEND
06-20 07:35:39.229 W/PackageManager( 1918): Cannot whitelist unknown permission: com.google.android.hangouts.START_HANGOUT
06-20 07:35:39.229 W/PackageManager( 1918): Cannot whitelist unknown permission: com.android.chrome.PRERENDER_URL
06-20 07:35:39.229 W/PackageManager( 1918): Cannot whitelist unknown permission: com.google.android.apps.gsa.nga.permissions.EDIT_PREFERENCES
06-20 07:35:39.232 W/PackageManager( 1918): Cannot whitelist unknown permission: com.google.android.launcher.permission.CONTENT_REDIRECT
06-20 07:35:39.232 W/PackageManager( 1918): Cannot whitelist unknown permission: com.google.android.voicesearch.SHORTCUTS_ACCESS
06-20 07:35:39.232 W/PackageManager( 1918): Cannot whitelist unknown permission: com.google.android.voicesearch.ACCESS_SETTINGS
06-20 07:35:39.232 W/PackageManager( 1918): Cannot whitelist unknown permission: com.android.browser.permission.PRELOAD
06-20 07:35:39.232 W/PackageManager( 1918): Cannot whitelist unknown permission: com.google.android.ears.permission.WRITE
06-20 07:35:39.232 W/PackageManager( 1918): Cannot whitelist unknown permission: com.google.googlenav.friend.permission.OPT_IN
06-20 07:35:39.233 W/PackageManager( 1918): Cannot whitelist unknown permission: com.google.android.apps.googlevoice.permission.AUTO_SEND
06-20 07:35:39.233 W/PackageManager( 1918): Cannot whitelist unknown permission: com.google.android.hangouts.START_HANGOUT
06-20 07:35:39.233 W/PackageManager( 1918): Cannot whitelist unknown permission: com.android.chrome.PRERENDER_URL
06-20 07:35:39.233 W/PackageManager( 1918): Cannot whitelist unknown permission: com.google.android.apps.gsa.nga.permissions.EDIT_PREFERENCES
06-20 07:35:39.233 W/PackageManager( 1918): Cannot whitelist unknown permission: com.google.android.launcher.permission.CONTENT_REDIRECT
06-20 07:35:39.233 W/PackageManager( 1918): Cannot whitelist unknown permission: com.google.android.voicesearch.SHORTCUTS_ACCESS
06-20 07:35:39.233 W/PackageManager( 1918): Cannot whitelist unknown permission: com.google.android.voicesearch.ACCESS_SETTINGS
06-20 07:35:39.233 W/PackageManager( 1918): Cannot whitelist unknown permission: com.android.browser.permission.PRELOAD
06-20 07:35:39.233 W/PackageManager( 1918): Cannot whitelist unknown permission: com.google.android.ears.permission.WRITE
06-20 07:35:39.233 W/PackageManager( 1918): Cannot whitelist unknown permission: com.google.googlenav.friend.permission.OPT_IN
06-20 07:35:39.234 W/PackageManager( 1918): Cannot whitelist unknown permission: com.google.android.apps.googlevoice.permission.AUTO_SEND
06-20 07:35:39.234 W/PackageManager( 1918): Cannot whitelist unknown permission: com.google.android.hangouts.START_HANGOUT
06-20 07:35:39.234 W/PackageManager( 1918): Cannot whitelist unknown permission: com.android.chrome.PRERENDER_URL
06-20 07:35:39.234 W/PackageManager( 1918): Cannot whitelist unknown permission: com.google.android.apps.gsa.nga.permissions.EDIT_PREFERENCES
06-20 07:35:39.234 W/PackageManager( 1918): Cannot whitelist unknown permission: com.google.android.launcher.permission.CONTENT_REDIRECT
06-20 07:35:39.234 W/PackageManager( 1918): Cannot whitelist unknown permission: com.google.android.voicesearch.SHORTCUTS_ACCESS
06-20 07:35:39.234 W/PackageManager( 1918): Cannot whitelist unknown permission: com.google.android.voicesearch.ACCESS_SETTINGS
06-20 07:35:39.235 W/PackageManager( 1918): Cannot whitelist unknown permission: com.android.browser.permission.PRELOAD
06-20 07:35:39.235 W/PackageManager( 1918): Cannot whitelist unknown permission: com.google.android.ears.permission.WRITE
06-20 07:35:39.235 W/PackageManager( 1918): Cannot whitelist unknown permission: com.google.googlenav.friend.permission.OPT_IN
06-20 07:35:39.235 W/PackageManager( 1918): Cannot whitelist unknown permission: com.google.android.apps.googlevoice.permission.AUTO_SEND
06-20 07:35:39.235 W/PackageManager( 1918): Cannot whitelist unknown permission: com.google.android.hangouts.START_HANGOUT
06-20 07:35:39.235 W/PackageManager( 1918): Cannot whitelist unknown permission: com.android.chrome.PRERENDER_URL
06-20 07:35:39.235 W/PackageManager( 1918): Cannot whitelist unknown permission: com.google.android.apps.gsa.nga.permissions.EDIT_PREFERENCES
06-20 07:35:39.236 W/PackageManager( 1918): Cannot whitelist unknown permission: com.google.android.launcher.permission.CONTENT_REDIRECT
06-20 07:35:39.236 W/PackageManager( 1918): Cannot whitelist unknown permission: com.google.android.voicesearch.SHORTCUTS_ACCESS
06-20 07:35:39.236 W/PackageManager( 1918): Cannot whitelist unknown permission: com.google.android.voicesearch.ACCESS_SETTINGS
06-20 07:35:39.236 W/PackageManager( 1918): Cannot whitelist unknown permission: com.android.browser.permission.PRELOAD
06-20 07:35:39.236 W/PackageManager( 1918): Cannot whitelist unknown permission: com.google.android.ears.permission.WRITE
06-20 07:35:39.236 W/PackageManager( 1918): Cannot whitelist unknown permission: com.google.googlenav.friend.permission.OPT_IN
06-20 07:35:39.236 W/PackageManager( 1918): Cannot whitelist unknown permission: com.google.android.apps.googlevoice.permission.AUTO_SEND
06-20 07:35:39.236 W/PackageManager( 1918): Cannot whitelist unknown permission: com.google.android.hangouts.START_HANGOUT
06-20 07:35:39.236 W/PackageManager( 1918): Cannot whitelist unknown permission: com.android.chrome.PRERENDER_URL
06-20 07:35:39.236 W/PackageManager( 1918): Cannot whitelist unknown permission: com.google.android.apps.gsa.nga.permissions.EDIT_PREFERENCES
06-20 07:35:39.240 W/PackageManager( 1918): Cannot whitelist unknown permission: com.google.android.launcher.permission.CONTENT_REDIRECT
06-20 07:35:39.240 W/PackageManager( 1918): Cannot whitelist unknown permission: com.google.android.voicesearch.SHORTCUTS_ACCESS
06-20 07:35:39.240 W/PackageManager( 1918): Cannot whitelist unknown permission: com.google.android.voicesearch.ACCESS_SETTINGS
06-20 07:35:39.240 W/PackageManager( 1918): Cannot whitelist unknown permission: com.android.browser.permission.PRELOAD
06-20 07:35:39.240 W/PackageManager( 1918): Cannot whitelist unknown permission: com.google.android.ears.permission.WRITE
06-20 07:35:39.240 W/PackageManager( 1918): Cannot whitelist unknown permission: com.google.googlenav.friend.permission.OPT_IN
06-20 07:35:39.241 W/PackageManager( 1918): Cannot whitelist unknown permission: com.google.android.apps.googlevoice.permission.AUTO_SEND
06-20 07:35:39.241 W/PackageManager( 1918): Cannot whitelist unknown permission: com.google.android.hangouts.START_HANGOUT
06-20 07:35:39.241 W/PackageManager( 1918): Cannot whitelist unknown permission: com.android.chrome.PRERENDER_URL
06-20 07:35:39.241 W/PackageManager( 1918): Cannot whitelist unknown permission: com.google.android.apps.gsa.nga.permissions.EDIT_PREFERENCES
06-20 07:35:39.248 I/PackageManager( 1918): Un-granting permission com.google.android.googleapps.permission.GOOGLE_AUTH from package com.android.providers.calendar (protectionLevel=2 flags=0x30883e45)
06-20 07:35:39.248 I/PackageManager( 1918): Un-granting permission com.google.android.googleapps.permission.GOOGLE_AUTH.cl from package com.android.providers.calendar (protectionLevel=2 flags=0x30883e45)
06-20 07:35:39.251 I/PackageManager( 1918): Un-granting permission com.google.android.googleapps.permission.GOOGLE_AUTH from package com.android.providers.calendar (protectionLevel=2 flags=0x30883e45)
06-20 07:35:39.251 I/PackageManager( 1918): Un-granting permission com.google.android.googleapps.permission.GOOGLE_AUTH.cl from package com.android.providers.calendar (protectionLevel=2 flags=0x30883e45)
06-20 07:35:39.260 I/SystemConfig( 2064): Adding association: com.google.android.as <- com.android.providers.contacts
06-20 07:35:39.260 I/SystemConfig( 2064): Adding association: com.google.android.as <- com.android.providers.media
06-20 07:35:39.260 I/SystemConfig( 2064): Adding association: com.google.android.as <- com.android.providers.telephony
06-20 07:35:39.260 I/SystemConfig( 2064): Adding association: com.google.android.as <- com.android.systemui
06-20 07:35:39.260 I/SystemConfig( 2064): Adding association: com.google.android.as <- com.google.android.gms
06-20 07:35:39.260 I/SystemConfig( 2064): Adding association: com.google.android.as <- com.google.android.gsf
06-20 07:35:39.260 I/PackageManager( 1918): Un-granting permission android.permission.WRITE_SECURE_SETTINGS from package com.google.android.apps.enterprise.dmagent (protectionLevel=50 flags=0x30883e05)
06-20 07:35:39.260 I/PackageManager( 1918): Un-granting permission android.permission.CONNECTIVITY_INTERNAL from package com.google.android.apps.enterprise.dmagent (protectionLevel=18 flags=0x30883e05)
06-20 07:35:39.261 I/PackageManager( 1918): Un-granting permission android.permission.MANAGE_USB from package com.google.android.apps.enterprise.dmagent (protectionLevel=18 flags=0x30883e05)
06-20 07:35:39.261 I/PackageManager( 1918): Un-granting permission android.permission.CHANGE_COMPONENT_ENABLED_STATE from package com.google.android.apps.enterprise.dmagent (protectionLevel=18 flags=0x30883e05)
06-20 07:35:39.261 I/PackageManager( 1918): Un-granting permission android.permission.MANAGE_CA_CERTIFICATES from package com.google.android.apps.enterprise.dmagent (protectionLevel=18 flags=0x30883e05)
06-20 07:35:39.261 I/PackageManager( 1918): Un-granting permission android.permission.MANAGE_USERS from package com.google.android.apps.enterprise.dmagent (protectionLevel=18 flags=0x30883e05)
06-20 07:35:39.262 I/wpa_supplicant( 2165): rfkill: Cannot get wiphy information
06-20 07:35:39.262 W/SystemConfig( 2064): No directory /product_services/etc/sysconfig, skipping
06-20 07:35:39.263 W/SystemConfig( 2064): No directory /product_services/etc/permissions, skipping
06-20 07:35:39.263 I/android_os_HwBinder( 1918): HwBinder: Starting thread pool for getting: android.hardware.wifi.supplicant@1.0::ISupplicant/default
06-20 07:35:39.263 I/SupplicantStaIfaceHal( 1918): Completed initialization of ISupplicant.
06-20 07:35:39.264 I/OMXClient( 1918): IOmx service obtained
06-20 07:35:39.264 I/OMXMaster( 1793): makeComponentInstance(OMX.google.vorbis.decoder) in android.hardwar process
06-20 07:35:39.264 E/OMXNodeInstance( 1793): getConfig(0xe944c060:google.vorbis.decoder, ConfigAndroidVendorExtension(0x6f100004)) ERROR: Undefined(0x80001001)
06-20 07:35:39.265 I/android.hardware.wifi@1.0-service( 1718): Adding interface handle for wlan0
06-20 07:35:39.265 W/android.hardware.wifi@1.0-service( 1718): No active wlan interfaces in use! Using default
06-20 07:35:39.265 E/android.hardware.wifi@1.0-service( 1718): Failed to register radio mode change callback
06-20 07:35:39.265 W/android.hardware.wifi@1.0-service( 1718): No active wlan interfaces in use! Using default
06-20 07:35:39.270 W/PackageManager( 1918): Cannot whitelist unknown permission: com.google.android.ims.LOG_ACCESS
06-20 07:35:39.270 W/PackageManager( 1918): Cannot whitelist unknown permission: com.cequint.ecid.CALLER_ID_EXTERNAL_LOOKUP_SMS
06-20 07:35:39.270 W/PackageManager( 1918): Cannot whitelist unknown permission: com.sec.android.provider.badge.permission.READ
06-20 07:35:39.270 W/PackageManager( 1918): Cannot whitelist unknown permission: com.sec.android.provider.badge.permission.WRITE
06-20 07:35:39.270 W/PackageManager( 1918): Cannot whitelist unknown permission: com.htc.launcher.permission.READ_SETTINGS
06-20 07:35:39.270 W/PackageManager( 1918): Cannot whitelist unknown permission: com.htc.launcher.permission.UPDATE_SHORTCUT
06-20 07:35:39.270 W/PackageManager( 1918): Cannot whitelist unknown permission: com.sonyericsson.home.permission.BROADCAST_BADGE
06-20 07:35:39.270 W/PackageManager( 1918): Cannot whitelist unknown permission: com.sonymobile.home.permission.PROVIDER_INSERT_BADGE
06-20 07:35:39.270 W/PackageManager( 1918): Cannot whitelist unknown permission: com.sonymobile.launcher.permission.PROVIDER_INSERT_BADGE
06-20 07:35:39.270 W/PackageManager( 1918): Cannot whitelist unknown permission: com.anddoes.launcher.permission.UPDATE_COUNT
06-20 07:35:39.270 W/PackageManager( 1918): Cannot whitelist unknown permission: com.majeur.launcher.permission.UPDATE_BADGE
06-20 07:35:39.270 W/PackageManager( 1918): Cannot whitelist unknown permission: com.huawei.android.launcher.permission.CHANGE_BADGE
06-20 07:35:39.270 W/PackageManager( 1918): Cannot whitelist unknown permission: com.huawei.android.launcher.permission.READ_SETTINGS
06-20 07:35:39.270 W/PackageManager( 1918): Cannot whitelist unknown permission: com.huawei.android.launcher.permission.WRITE_SETTINGS
06-20 07:35:39.270 W/PackageManager( 1918): Cannot whitelist unknown permission: android.permission.READ_APP_BADGE
06-20 07:35:39.271 W/PackageManager( 1918): Cannot whitelist unknown permission: com.oppo.launcher.permission.READ_SETTINGS
06-20 07:35:39.271 W/PackageManager( 1918): Cannot whitelist unknown permission: com.oppo.launcher.permission.WRITE_SETTINGS
06-20 07:35:39.271 I/PackageManager( 1918): Un-granting permission com.google.android.setupwizard.READ_DEVICE_ORIGIN from package com.google.android.apps.messaging (protectionLevel=18 flags=0x38cbbe45)
06-20 07:35:39.271 W/PackageManager( 1918): Cannot whitelist unknown permission: com.google.android.ims.LOG_ACCESS
06-20 07:35:39.271 W/PackageManager( 1918): Cannot whitelist unknown permission: com.cequint.ecid.CALLER_ID_EXTERNAL_LOOKUP_SMS
06-20 07:35:39.272 W/PackageManager( 1918): Cannot whitelist unknown permission: com.sec.android.provider.badge.permission.READ
06-20 07:35:39.272 W/PackageManager( 1918): Cannot whitelist unknown permission: com.sec.android.provider.badge.permission.WRITE
06-20 07:35:39.272 W/PackageManager( 1918): Cannot whitelist unknown permission: com.htc.launcher.permission.READ_SETTINGS
06-20 07:35:39.272 W/PackageManager( 1918): Cannot whitelist unknown permission: com.htc.launcher.permission.UPDATE_SHORTCUT
06-20 07:35:39.272 W/PackageManager( 1918): Cannot whitelist unknown permission: com.sonyericsson.home.permission.BROADCAST_BADGE
06-20 07:35:39.272 W/PackageManager( 1918): Cannot whitelist unknown permission: com.sonymobile.home.permission.PROVIDER_INSERT_BADGE
06-20 07:35:39.272 W/PackageManager( 1918): Cannot whitelist unknown permission: com.sonymobile.launcher.permission.PROVIDER_INSERT_BADGE
06-20 07:35:39.272 W/PackageManager( 1918): Cannot whitelist unknown permission: com.anddoes.launcher.permission.UPDATE_COUNT
06-20 07:35:39.272 W/PackageManager( 1918): Cannot whitelist unknown permission: com.majeur.launcher.permission.UPDATE_BADGE
06-20 07:35:39.272 W/PackageManager( 1918): Cannot whitelist unknown permission: com.huawei.android.launcher.permission.CHANGE_BADGE
06-20 07:35:39.272 W/PackageManager( 1918): Cannot whitelist unknown permission: com.huawei.android.launcher.permission.READ_SETTINGS
06-20 07:35:39.273 W/PackageManager( 1918): Cannot whitelist unknown permission: com.huawei.android.launcher.permission.WRITE_SETTINGS
06-20 07:35:39.273 W/PackageManager( 1918): Cannot whitelist unknown permission: android.permission.READ_APP_BADGE
06-20 07:35:39.273 W/PackageManager( 1918): Cannot whitelist unknown permission: com.oppo.launcher.permission.READ_SETTINGS
06-20 07:35:39.273 W/PackageManager( 1918): Cannot whitelist unknown permission: com.oppo.launcher.permission.WRITE_SETTINGS
06-20 07:35:39.273 I/PackageManager( 1918): Un-granting permission com.google.android.setupwizard.READ_DEVICE_ORIGIN from package com.google.android.apps.messaging (protectionLevel=18 flags=0x38cbbe45)
06-20 07:35:39.274 W/PackageManager( 1918): Cannot whitelist unknown permission: com.google.android.ims.LOG_ACCESS
06-20 07:35:39.274 W/PackageManager( 1918): Cannot whitelist unknown permission: com.cequint.ecid.CALLER_ID_EXTERNAL_LOOKUP_SMS
06-20 07:35:39.274 W/PackageManager( 1918): Cannot whitelist unknown permission: com.sec.android.provider.badge.permission.READ
06-20 07:35:39.274 W/PackageManager( 1918): Cannot whitelist unknown permission: com.sec.android.provider.badge.permission.WRITE
06-20 07:35:39.274 W/PackageManager( 1918): Cannot whitelist unknown permission: com.htc.launcher.permission.READ_SETTINGS
06-20 07:35:39.274 W/PackageManager( 1918): Cannot whitelist unknown permission: com.htc.launcher.permission.UPDATE_SHORTCUT
06-20 07:35:39.274 W/PackageManager( 1918): Cannot whitelist unknown permission: com.sonyericsson.home.permission.BROADCAST_BADGE
06-20 07:35:39.274 W/PackageManager( 1918): Cannot whitelist unknown permission: com.sonymobile.home.permission.PROVIDER_INSERT_BADGE
06-20 07:35:39.274 W/PackageManager( 1918): Cannot whitelist unknown permission: com.sonymobile.launcher.permission.PROVIDER_INSERT_BADGE
06-20 07:35:39.274 W/PackageManager( 1918): Cannot whitelist unknown permission: com.anddoes.launcher.permission.UPDATE_COUNT
06-20 07:35:39.274 W/PackageManager( 1918): Cannot whitelist unknown permission: com.majeur.launcher.permission.UPDATE_BADGE
06-20 07:35:39.274 W/PackageManager( 1918): Cannot whitelist unknown permission: com.huawei.android.launcher.permission.CHANGE_BADGE
06-20 07:35:39.274 W/PackageManager( 1918): Cannot whitelist unknown permission: com.huawei.android.launcher.permission.READ_SETTINGS
06-20 07:35:39.274 W/PackageManager( 1918): Cannot whitelist unknown permission: com.huawei.android.launcher.permission.WRITE_SETTINGS
06-20 07:35:39.274 W/PackageManager( 1918): Cannot whitelist unknown permission: android.permission.READ_APP_BADGE
06-20 07:35:39.274 W/PackageManager( 1918): Cannot whitelist unknown permission: com.oppo.launcher.permission.READ_SETTINGS
06-20 07:35:39.274 W/PackageManager( 1918): Cannot whitelist unknown permission: com.oppo.launcher.permission.WRITE_SETTINGS
06-20 07:35:39.274 I/PackageManager( 1918): Un-granting permission com.google.android.setupwizard.READ_DEVICE_ORIGIN from package com.google.android.apps.messaging (protectionLevel=18 flags=0x38cbbe45)
06-20 07:35:39.276 W/PackageManager( 1918): Cannot whitelist unknown permission: com.google.android.ims.LOG_ACCESS
06-20 07:35:39.276 W/PackageManager( 1918): Cannot whitelist unknown permission: com.cequint.ecid.CALLER_ID_EXTERNAL_LOOKUP_SMS
06-20 07:35:39.276 W/PackageManager( 1918): Cannot whitelist unknown permission: com.sec.android.provider.badge.permission.READ
06-20 07:35:39.276 W/PackageManager( 1918): Cannot whitelist unknown permission: com.sec.android.provider.badge.permission.WRITE
06-20 07:35:39.276 W/PackageManager( 1918): Cannot whitelist unknown permission: com.htc.launcher.permission.READ_SETTINGS
06-20 07:35:39.276 W/PackageManager( 1918): Cannot whitelist unknown permission: com.htc.launcher.permission.UPDATE_SHORTCUT
06-20 07:35:39.276 W/PackageManager( 1918): Cannot whitelist unknown permission: com.sonyericsson.home.permission.BROADCAST_BADGE
06-20 07:35:39.276 W/PackageManager( 1918): Cannot whitelist unknown permission: com.sonymobile.home.permission.PROVIDER_INSERT_BADGE
06-20 07:35:39.276 W/PackageManager( 1918): Cannot whitelist unknown permission: com.sonymobile.launcher.permission.PROVIDER_INSERT_BADGE
06-20 07:35:39.276 W/PackageManager( 1918): Cannot whitelist unknown permission: com.anddoes.launcher.permission.UPDATE_COUNT
06-20 07:35:39.276 W/PackageManager( 1918): Cannot whitelist unknown permission: com.majeur.launcher.permission.UPDATE_BADGE
06-20 07:35:39.277 W/PackageManager( 1918): Cannot whitelist unknown permission: com.huawei.android.launcher.permission.CHANGE_BADGE
06-20 07:35:39.277 W/PackageManager( 1918): Cannot whitelist unknown permission: com.huawei.android.launcher.permission.READ_SETTINGS
06-20 07:35:39.277 W/PackageManager( 1918): Cannot whitelist unknown permission: com.huawei.android.launcher.permission.WRITE_SETTINGS
06-20 07:35:39.277 W/PackageManager( 1918): Cannot whitelist unknown permission: android.permission.READ_APP_BADGE
06-20 07:35:39.277 W/PackageManager( 1918): Cannot whitelist unknown permission: com.oppo.launcher.permission.READ_SETTINGS
06-20 07:35:39.277 W/PackageManager( 1918): Cannot whitelist unknown permission: com.oppo.launcher.permission.WRITE_SETTINGS
06-20 07:35:39.277 I/PackageManager( 1918): Un-granting permission com.google.android.setupwizard.READ_DEVICE_ORIGIN from package com.google.android.apps.messaging (protectionLevel=18 flags=0x38cbbe45)
06-20 07:35:39.279 W/PackageManager( 1918): Cannot whitelist unknown permission: com.google.android.ims.LOG_ACCESS
06-20 07:35:39.279 W/PackageManager( 1918): Cannot whitelist unknown permission: com.cequint.ecid.CALLER_ID_EXTERNAL_LOOKUP_SMS
06-20 07:35:39.279 W/PackageManager( 1918): Cannot whitelist unknown permission: com.sec.android.provider.badge.permission.READ
06-20 07:35:39.279 W/PackageManager( 1918): Cannot whitelist unknown permission: com.sec.android.provider.badge.permission.WRITE
06-20 07:35:39.279 W/PackageManager( 1918): Cannot whitelist unknown permission: com.htc.launcher.permission.READ_SETTINGS
06-20 07:35:39.279 W/PackageManager( 1918): Cannot whitelist unknown permission: com.htc.launcher.permission.UPDATE_SHORTCUT
06-20 07:35:39.279 W/PackageManager( 1918): Cannot whitelist unknown permission: com.sonyericsson.home.permission.BROADCAST_BADGE
06-20 07:35:39.279 W/PackageManager( 1918): Cannot whitelist unknown permission: com.sonymobile.home.permission.PROVIDER_INSERT_BADGE
06-20 07:35:39.279 W/PackageManager( 1918): Cannot whitelist unknown permission: com.sonymobile.launcher.permission.PROVIDER_INSERT_BADGE
06-20 07:35:39.279 W/PackageManager( 1918): Cannot whitelist unknown permission: com.anddoes.launcher.permission.UPDATE_COUNT
06-20 07:35:39.279 W/PackageManager( 1918): Cannot whitelist unknown permission: com.majeur.launcher.permission.UPDATE_BADGE
06-20 07:35:39.279 W/PackageManager( 1918): Cannot whitelist unknown permission: com.huawei.android.launcher.permission.CHANGE_BADGE
06-20 07:35:39.279 W/PackageManager( 1918): Cannot whitelist unknown permission: com.huawei.android.launcher.permission.READ_SETTINGS
06-20 07:35:39.279 W/PackageManager( 1918): Cannot whitelist unknown permission: com.huawei.android.launcher.permission.WRITE_SETTINGS
06-20 07:35:39.279 W/PackageManager( 1918): Cannot whitelist unknown permission: android.permission.READ_APP_BADGE
06-20 07:35:39.279 W/PackageManager( 1918): Cannot whitelist unknown permission: com.oppo.launcher.permission.READ_SETTINGS
06-20 07:35:39.279 W/PackageManager( 1918): Cannot whitelist unknown permission: com.oppo.launcher.permission.WRITE_SETTINGS
06-20 07:35:39.279 I/PackageManager( 1918): Un-granting permission com.google.android.setupwizard.READ_DEVICE_ORIGIN from package com.google.android.apps.messaging (protectionLevel=18 flags=0x38cbbe45)
06-20 07:35:39.280 W/libc    ( 1718): Unable to set property "vendor.wlan.firmware.version" to "1.0": error code: 0x18
06-20 07:35:39.283 W/PackageManager( 1918): Cannot whitelist unknown permission: com.google.android.ims.LOG_ACCESS
06-20 07:35:39.283 W/PackageManager( 1918): Cannot whitelist unknown permission: com.cequint.ecid.CALLER_ID_EXTERNAL_LOOKUP_SMS
06-20 07:35:39.283 W/PackageManager( 1918): Cannot whitelist unknown permission: com.sec.android.provider.badge.permission.READ
06-20 07:35:39.283 W/PackageManager( 1918): Cannot whitelist unknown permission: com.sec.android.provider.badge.permission.WRITE
06-20 07:35:39.283 W/PackageManager( 1918): Cannot whitelist unknown permission: com.htc.launcher.permission.READ_SETTINGS
06-20 07:35:39.283 W/PackageManager( 1918): Cannot whitelist unknown permission: com.htc.launcher.permission.UPDATE_SHORTCUT
06-20 07:35:39.283 W/PackageManager( 1918): Cannot whitelist unknown permission: com.sonyericsson.home.permission.BROADCAST_BADGE
06-20 07:35:39.283 W/PackageManager( 1918): Cannot whitelist unknown permission: com.sonymobile.home.permission.PROVIDER_INSERT_BADGE
06-20 07:35:39.283 W/PackageManager( 1918): Cannot whitelist unknown permission: com.sonymobile.launcher.permission.PROVIDER_INSERT_BADGE
06-20 07:35:39.283 W/PackageManager( 1918): Cannot whitelist unknown permission: com.anddoes.launcher.permission.UPDATE_COUNT
06-20 07:35:39.283 W/PackageManager( 1918): Cannot whitelist unknown permission: com.majeur.launcher.permission.UPDATE_BADGE
06-20 07:35:39.283 W/PackageManager( 1918): Cannot whitelist unknown permission: com.huawei.android.launcher.permission.CHANGE_BADGE
06-20 07:35:39.283 W/PackageManager( 1918): Cannot whitelist unknown permission: com.huawei.android.launcher.permission.READ_SETTINGS
06-20 07:35:39.283 W/PackageManager( 1918): Cannot whitelist unknown permission: com.huawei.android.launcher.permission.WRITE_SETTINGS
06-20 07:35:39.283 W/PackageManager( 1918): Cannot whitelist unknown permission: android.permission.READ_APP_BADGE
06-20 07:35:39.283 W/PackageManager( 1918): Cannot whitelist unknown permission: com.oppo.launcher.permission.READ_SETTINGS
06-20 07:35:39.283 W/PackageManager( 1918): Cannot whitelist unknown permission: com.oppo.launcher.permission.WRITE_SETTINGS
06-20 07:35:39.283 I/PackageManager( 1918): Un-granting permission com.google.android.setupwizard.READ_DEVICE_ORIGIN from package com.google.android.apps.messaging (protectionLevel=18 flags=0x38cbbe45)
06-20 07:35:39.285 W/PackageManager( 1918): Cannot whitelist unknown permission: com.google.android.ims.LOG_ACCESS
06-20 07:35:39.285 W/PackageManager( 1918): Cannot whitelist unknown permission: com.cequint.ecid.CALLER_ID_EXTERNAL_LOOKUP_SMS
06-20 07:35:39.285 W/PackageManager( 1918): Cannot whitelist unknown permission: com.sec.android.provider.badge.permission.READ
06-20 07:35:39.285 W/PackageManager( 1918): Cannot whitelist unknown permission: com.sec.android.provider.badge.permission.WRITE
06-20 07:35:39.285 W/PackageManager( 1918): Cannot whitelist unknown permission: com.htc.launcher.permission.READ_SETTINGS
06-20 07:35:39.285 W/PackageManager( 1918): Cannot whitelist unknown permission: com.htc.launcher.permission.UPDATE_SHORTCUT
06-20 07:35:39.285 W/PackageManager( 1918): Cannot whitelist unknown permission: com.sonyericsson.home.permission.BROADCAST_BADGE
06-20 07:35:39.285 W/PackageManager( 1918): Cannot whitelist unknown permission: com.sonymobile.home.permission.PROVIDER_INSERT_BADGE
06-20 07:35:39.285 W/PackageManager( 1918): Cannot whitelist unknown permission: com.sonymobile.launcher.permission.PROVIDER_INSERT_BADGE
06-20 07:35:39.285 W/PackageManager( 1918): Cannot whitelist unknown permission: com.anddoes.launcher.permission.UPDATE_COUNT
06-20 07:35:39.286 W/PackageManager( 1918): Cannot whitelist unknown permission: com.majeur.launcher.permission.UPDATE_BADGE
06-20 07:35:39.286 W/PackageManager( 1918): Cannot whitelist unknown permission: com.huawei.android.launcher.permission.CHANGE_BADGE
06-20 07:35:39.286 W/PackageManager( 1918): Cannot whitelist unknown permission: com.huawei.android.launcher.permission.READ_SETTINGS
06-20 07:35:39.286 W/PackageManager( 1918): Cannot whitelist unknown permission: com.huawei.android.launcher.permission.WRITE_SETTINGS
06-20 07:35:39.286 W/PackageManager( 1918): Cannot whitelist unknown permission: android.permission.READ_APP_BADGE
06-20 07:35:39.286 W/PackageManager( 1918): Cannot whitelist unknown permission: com.oppo.launcher.permission.READ_SETTINGS
06-20 07:35:39.286 W/PackageManager( 1918): Cannot whitelist unknown permission: com.oppo.launcher.permission.WRITE_SETTINGS
06-20 07:35:39.286 I/PackageManager( 1918): Un-granting permission com.google.android.setupwizard.READ_DEVICE_ORIGIN from package com.google.android.apps.messaging (protectionLevel=18 flags=0x38cbbe45)
06-20 07:35:39.295 W/PackageManager( 1918): Cannot whitelist unknown permission: com.google.android.ims.LOG_ACCESS
06-20 07:35:39.295 W/PackageManager( 1918): Cannot whitelist unknown permission: com.cequint.ecid.CALLER_ID_EXTERNAL_LOOKUP_SMS
06-20 07:35:39.295 W/PackageManager( 1918): Cannot whitelist unknown permission: com.sec.android.provider.badge.permission.READ
06-20 07:35:39.295 W/PackageManager( 1918): Cannot whitelist unknown permission: com.sec.android.provider.badge.permission.WRITE
06-20 07:35:39.295 W/PackageManager( 1918): Cannot whitelist unknown permission: com.htc.launcher.permission.READ_SETTINGS
06-20 07:35:39.295 W/PackageManager( 1918): Cannot whitelist unknown permission: com.htc.launcher.permission.UPDATE_SHORTCUT
06-20 07:35:39.295 W/PackageManager( 1918): Cannot whitelist unknown permission: com.sonyericsson.home.permission.BROADCAST_BADGE
06-20 07:35:39.295 W/PackageManager( 1918): Cannot whitelist unknown permission: com.sonymobile.home.permission.PROVIDER_INSERT_BADGE
06-20 07:35:39.295 W/PackageManager( 1918): Cannot whitelist unknown permission: com.sonymobile.launcher.permission.PROVIDER_INSERT_BADGE
06-20 07:35:39.295 W/PackageManager( 1918): Cannot whitelist unknown permission: com.anddoes.launcher.permission.UPDATE_COUNT
06-20 07:35:39.295 W/PackageManager( 1918): Cannot whitelist unknown permission: com.majeur.launcher.permission.UPDATE_BADGE
06-20 07:35:39.295 W/PackageManager( 1918): Cannot whitelist unknown permission: com.huawei.android.launcher.permission.CHANGE_BADGE
06-20 07:35:39.295 W/PackageManager( 1918): Cannot whitelist unknown permission: com.huawei.android.launcher.permission.READ_SETTINGS
06-20 07:35:39.295 W/PackageManager( 1918): Cannot whitelist unknown permission: com.huawei.android.launcher.permission.WRITE_SETTINGS
06-20 07:35:39.295 W/PackageManager( 1918): Cannot whitelist unknown permission: android.permission.READ_APP_BADGE
06-20 07:35:39.295 W/PackageManager( 1918): Cannot whitelist unknown permission: com.oppo.launcher.permission.READ_SETTINGS
06-20 07:35:39.295 W/PackageManager( 1918): Cannot whitelist unknown permission: com.oppo.launcher.permission.WRITE_SETTINGS
06-20 07:35:39.295 I/PackageManager( 1918): Un-granting permission com.google.android.setupwizard.READ_DEVICE_ORIGIN from package com.google.android.apps.messaging (protectionLevel=18 flags=0x38cbbe45)
06-20 07:35:39.319 I/PackageManager( 1918): Un-granting permission android.permission.BIND_WALLPAPER from package com.android.camera2 (protectionLevel=18 flags=0x20d8bc45)
06-20 07:35:39.322 W/libc    ( 1718): Unable to set property "vendor.wlan.driver.version" to "1.0": error code: 0x18
06-20 07:35:39.320 I/chatty  ( 1918): uid=1000(system) Binder:1918_3 identical 1 line
06-20 07:35:39.320 I/PackageManager( 1918): Un-granting permission android.permission.BIND_WALLPAPER from package com.android.camera2 (protectionLevel=18 flags=0x20d8bc45)
06-20 07:35:39.322 I/android.hardware.wifi@1.0-service( 1718): Configured chip in mode 0
06-20 07:35:39.322 W/android.hardware.wifi@1.0-service( 1718): No active wlan interfaces in use! Using default
06-20 07:35:39.323 D/HalDevMgr( 1918): updateRttController: no one is interested in RTT controllers
06-20 07:35:39.323 E/android.hardware.wifi@1.0-service( 1718): Failed to set DFS flag; DFS channels may be unavailable.
06-20 07:35:39.325 W/PackageManager( 1918): Cannot whitelist unknown permission: android.permission.NFC_UNLOCK
06-20 07:35:39.325 D/WificondControl( 1918): Setting up interface for client mode
06-20 07:35:39.326 I/wificond( 1792): create scanner for interface with index: 3
06-20 07:35:39.326 I/wificond( 1792): subscribe scan result for interface with index: 3
06-20 07:35:39.326 I/hwservicemanager( 1568): getTransport: Cannot find entry android.hardware.wifi.offload@1.0::IOffload/default in either framework or device manifest.
06-20 07:35:39.326 E/wificond( 1792): No Offload Service available
06-20 07:35:39.326 I/wificond( 1792): Offload HAL not supported 
06-20 07:35:39.327 E/SupplicantStaIfaceHal( 1918): Can't call setupIface, ISupplicantStaIface is null
06-20 07:35:39.327 I/hwservicemanager( 1568): getTransport: Cannot find entry android.hardware.wifi.supplicant@1.1::ISupplicant/default in either framework or device manifest.
