06-20 08:00:05.390 E/OMXNodeInstance( 1763): getParameter(0xe8018c00:google.h263.encoder, ParamVideoIntraRefresh(0x6000006)) ERROR: UnsupportedIndex(0x8000101a)
06-20 08:00:05.390 D/MediaCodecInfo( 1757): detail feature-frame-parsing wasn't present to remove
06-20 08:00:05.399 I/OMXClient( 1757): IOmx service obtained
06-20 08:00:05.399 I/OMXMaster( 1763): makeComponentInstance(OMX.google.mpeg4.encoder) in android.hardwar process
06-20 08:00:05.399 I/SoftMPEG4Encoder( 1763): Construct SoftMPEG4Encoder
06-20 08:00:05.399 W/OMXUtils( 1757): do not know color format 0x7f000789 = 2130708361
06-20 08:00:05.399 E/OMXNodeInstance( 1763): getConfig(0xe8018c00:google.mpeg4.encoder, ConfigAndroidIntraRefresh(0x6f60000a)) ERROR: Undefined(0x80001001)
06-20 08:00:05.399 E/OMXNodeInstance( 1763): getParameter(0xe8018c00:google.mpeg4.encoder, ParamVideoIntraRefresh(0x6000006)) ERROR: UnsupportedIndex(0x8000101a)
06-20 08:00:05.399 D/MediaCodecInfo( 1757): detail feature-frame-parsing wasn't present to remove
06-20 08:00:05.400 I/PackageManager( 1909): Un-granting permission android.permission.BIND_WALLPAPER from package com.android.camera2 (protectionLevel=18 flags=0x20d8bc45)
06-20 08:00:05.401 I/chatty  ( 1909): uid=1000(system) Binder:1909_1 identical 1 line
06-20 08:00:05.401 I/PackageManager( 1909): Un-granting permission android.permission.BIND_WALLPAPER from package com.android.camera2 (protectionLevel=18 flags=0x20d8bc45)
06-20 08:00:05.404 W/PackageManager( 1909): Cannot whitelist unknown permission: android.permission.NFC_UNLOCK
06-20 08:00:05.407 I/OMXClient( 1757): IOmx service obtained
06-20 08:00:05.407 I/OMXMaster( 1763): makeComponentInstance(OMX.google.vp8.encoder) in android.hardwar process
06-20 08:00:05.408 W/OMXUtils( 1757): do not know color format 0x7f000789 = 2130708361
06-20 08:00:05.408 E/OMXNodeInstance( 1763): getConfig(0xe8018c00:google.vp8.encoder, ConfigAndroidIntraRefresh(0x6f60000a)) ERROR: Undefined(0x80001001)
06-20 08:00:05.408 E/OMXNodeInstance( 1763): getParameter(0xe8018c00:google.vp8.encoder, ParamVideoIntraRefresh(0x6000006)) ERROR: UnsupportedIndex(0x8000101a)
06-20 08:00:05.408 D/MediaCodecInfo( 1757): detail feature-frame-parsing wasn't present to remove
06-20 08:00:05.407 W/PackageManager( 1909): Cannot whitelist unknown permission: android.permission.NFC_UNLOCK
06-20 08:00:05.411 W/PackageManager( 1909): Cannot whitelist unknown permission: com.google.android.email.permission.ACCESS_PROVIDER
06-20 08:00:05.411 W/PackageManager( 1909): Cannot whitelist unknown permission: com.google.android.gm.exchange.BIND
06-20 08:00:05.411 W/PackageManager( 1909): Cannot whitelist unknown permission: com.android.email.partnerprovider.PARTNER_PROVIDER
06-20 08:00:05.411 I/PackageManager( 1909): Un-granting permission android.permission.REQUEST_INSTALL_PACKAGES from package com.google.android.gm (protectionLevel=66 flags=0x38cbbe45)
06-20 08:00:05.412 I/.gms.persisten( 2053): Compiler allocated 5382KB to compile boolean cuf.a(cyl, boolean, caau, caau, int, java.util.List, java.io.File, cyh)
06-20 08:00:05.413 W/PackageManager( 1909): Cannot whitelist unknown permission: com.google.android.email.permission.ACCESS_PROVIDER
06-20 08:00:05.413 W/PackageManager( 1909): Cannot whitelist unknown permission: com.google.android.gm.exchange.BIND
06-20 08:00:05.413 W/PackageManager( 1909): Cannot whitelist unknown permission: com.android.email.partnerprovider.PARTNER_PROVIDER
06-20 08:00:05.414 I/PackageManager( 1909): Un-granting permission android.permission.REQUEST_INSTALL_PACKAGES from package com.google.android.gm (protectionLevel=66 flags=0x38cbbe45)
06-20 08:00:05.415 D/MediaCodecList( 1757): ignored a null builder
06-20 08:00:05.417 I/OMXClient( 1909): IOmx service obtained
06-20 08:00:05.417 I/OMXMaster( 1763): makeComponentInstance(OMX.google.vorbis.decoder) in android.hardwar process
06-20 08:00:05.418 E/OMXNodeInstance( 1763): getConfig(0xe8018c00:google.vorbis.decoder, ConfigAndroidVendorExtension(0x6f100004)) ERROR: Undefined(0x80001001)
06-20 08:00:05.427 W/PackageManager( 1909): Cannot whitelist unknown permission: com.android.vending.TOS_ACKED
06-20 08:00:05.428 W/PackageManager( 1909): Cannot whitelist unknown permission: com.android.vending.setup.PLAY_SETUP_SERVICE
06-20 08:00:05.431 W/PackageManager( 1909): Cannot whitelist unknown permission: com.samsung.android.providers.context.permission.WRITE_USE_APP_FEATURE_SURVEY
06-20 08:00:05.431 I/PackageManager( 1909): Un-granting permission android.permission.BIND_JOB_SERVICE from package com.google.android.music (protectionLevel=2 flags=0x38cbbe65)
06-20 08:00:05.435 W/PackageManager( 1909): Cannot whitelist unknown permission: com.samsung.android.providers.context.permission.WRITE_USE_APP_FEATURE_SURVEY
06-20 08:00:05.436 I/PackageManager( 1909): Un-granting permission android.permission.BIND_JOB_SERVICE from package com.google.android.music (protectionLevel=2 flags=0x38cbbe65)
06-20 08:00:05.436 W/PackageManager( 1909): Cannot whitelist unknown permission: com.samsung.android.providers.context.permission.WRITE_USE_APP_FEATURE_SURVEY
06-20 08:00:05.436 I/PackageManager( 1909): Un-granting permission android.permission.BIND_JOB_SERVICE from package com.google.android.music (protectionLevel=2 flags=0x38cbbe65)
06-20 08:00:05.439 W/PackageManager( 1909): Cannot whitelist unknown permission: com.android.vending.BILLING
06-20 08:00:05.439 I/PackageManager( 1909): Un-granting permission android.permission.REQUEST_INSTALL_PACKAGES from package com.google.android.apps.docs (protectionLevel=66 flags=0x38cbbe45)
06-20 08:00:05.440 W/PackageManager( 1909): Cannot whitelist unknown permission: com.android.vending.BILLING
06-20 08:00:05.440 I/PackageManager( 1909): Un-granting permission android.permission.REQUEST_INSTALL_PACKAGES from package com.google.android.apps.docs (protectionLevel=66 flags=0x38cbbe45)
06-20 08:00:05.463 I/OMXClient( 1909): IOmx service obtained
06-20 08:00:05.464 I/OMXMaster( 1763): makeComponentInstance(OMX.google.vorbis.decoder) in android.hardwar process
06-20 08:00:05.464 E/OMXNodeInstance( 1763): getConfig(0xe8018c00:google.vorbis.decoder, ConfigAndroidVendorExtension(0x6f100004)) ERROR: Undefined(0x80001001)
06-20 08:00:05.466 W/PackageManager( 1909): Cannot whitelist unknown permission: android.permission.READ_MEDIA_IMAGES
06-20 08:00:05.466 W/PackageManager( 1909): Cannot whitelist unknown permission: com.chrome.permission.DEVICE_EXTRAS
06-20 08:00:05.466 W/PackageManager( 1909): Cannot whitelist unknown permission: com.sec.enterprise.knox.MDM_CONTENT_PROVIDER
06-20 08:00:05.466 I/PackageManager( 1909): Un-granting permission android.permission.REQUEST_INSTALL_PACKAGES from package com.android.chrome (protectionLevel=66 flags=0xa0cbbe45)
06-20 08:00:05.466 I/PackageManager( 1909): Un-granting permission com.google.android.apps.now.CURRENT_ACCOUNT_ACCESS from package com.android.chrome (protectionLevel=2 flags=0xa0cbbe45)
06-20 08:00:05.474 E/ActivityThread( 2053): Failed to find provider info for com.google.android.gsf.gservices
06-20 08:00:05.476 W/PackageManager( 1909): Cannot whitelist unknown permission: android.permission.READ_MEDIA_IMAGES
06-20 08:00:05.476 W/PackageManager( 1909): Cannot whitelist unknown permission: com.chrome.permission.DEVICE_EXTRAS
06-20 08:00:05.476 W/PackageManager( 1909): Cannot whitelist unknown permission: com.sec.enterprise.knox.MDM_CONTENT_PROVIDER
06-20 08:00:05.476 I/PackageManager( 1909): Un-granting permission android.permission.REQUEST_INSTALL_PACKAGES from package com.android.chrome (protectionLevel=66 flags=0xa0cbbe45)
06-20 08:00:05.476 I/PackageManager( 1909): Un-granting permission com.google.android.apps.now.CURRENT_ACCOUNT_ACCESS from package com.android.chrome (protectionLevel=2 flags=0xa0cbbe45)
06-20 08:00:05.486 E/ActivityThread( 2053): Failed to find provider info for com.google.android.gsf.gservices
06-20 08:00:05.488 I/.gms.persisten( 2053): Compiler allocated 5776KB to compile boolean cuf.a(cyl, boolean, caau, caau, int, java.util.List, java.io.File, cyh)
06-20 08:00:05.489 W/PackageManager( 1909): Cannot whitelist unknown permission: com.sec.android.provider.badge.permission.READ
06-20 08:00:05.489 W/PackageManager( 1909): Cannot whitelist unknown permission: com.sec.android.provider.badge.permission.WRITE
06-20 08:00:05.489 W/PackageManager( 1909): Cannot whitelist unknown permission: com.htc.launcher.permission.READ_SETTINGS
06-20 08:00:05.489 W/PackageManager( 1909): Cannot whitelist unknown permission: com.htc.launcher.permission.UPDATE_SHORTCUT
06-20 08:00:05.489 W/PackageManager( 1909): Cannot whitelist unknown permission: com.sonyericsson.home.permission.BROADCAST_BADGE
06-20 08:00:05.489 W/PackageManager( 1909): Cannot whitelist unknown permission: com.sonymobile.home.permission.PROVIDER_INSERT_BADGE
06-20 08:00:05.489 W/PackageManager( 1909): Cannot whitelist unknown permission: com.anddoes.launcher.permission.UPDATE_COUNT
06-20 08:00:05.489 W/PackageManager( 1909): Cannot whitelist unknown permission: com.majeur.launcher.permission.UPDATE_BADGE
06-20 08:00:05.489 W/PackageManager( 1909): Cannot whitelist unknown permission: com.huawei.android.launcher.permission.CHANGE_BADGE
06-20 08:00:05.489 W/PackageManager( 1909): Cannot whitelist unknown permission: com.huawei.android.launcher.permission.READ_SETTINGS
06-20 08:00:05.489 W/PackageManager( 1909): Cannot whitelist unknown permission: com.huawei.android.launcher.permission.WRITE_SETTINGS
06-20 08:00:05.489 W/PackageManager( 1909): Cannot whitelist unknown permission: android.permission.READ_APP_BADGE
06-20 08:00:05.489 W/PackageManager( 1909): Cannot whitelist unknown permission: com.oppo.launcher.permission.READ_SETTINGS
06-20 08:00:05.489 W/PackageManager( 1909): Cannot whitelist unknown permission: com.oppo.launcher.permission.WRITE_SETTINGS
06-20 08:00:05.489 W/PackageManager( 1909): Cannot whitelist unknown permission: com.cequint.ecid.CALLER_ID_LOOKUP
06-20 08:00:05.489 W/PackageManager( 1909): Cannot whitelist unknown permission: com.motorola.incallui.permission.INCOMING_CALL_VISIBILITY_CHANGED
06-20 08:00:05.490 I/FileApkMgr( 2053): Extracting modules completed
06-20 08:00:05.490 I/GmsApplication( 2053): Staging modules completed
06-20 08:00:05.490 I/GmsApplication( 2053): Updating config
06-20 08:00:05.492 W/PackageManager( 1909): Cannot whitelist unknown permission: com.sec.android.provider.badge.permission.READ
06-20 08:00:05.492 W/PackageManager( 1909): Cannot whitelist unknown permission: com.sec.android.provider.badge.permission.WRITE
06-20 08:00:05.492 W/PackageManager( 1909): Cannot whitelist unknown permission: com.htc.launcher.permission.READ_SETTINGS
06-20 08:00:05.492 W/PackageManager( 1909): Cannot whitelist unknown permission: com.htc.launcher.permission.UPDATE_SHORTCUT
06-20 08:00:05.492 W/PackageManager( 1909): Cannot whitelist unknown permission: com.sonyericsson.home.permission.BROADCAST_BADGE
06-20 08:00:05.492 W/PackageManager( 1909): Cannot whitelist unknown permission: com.sonymobile.home.permission.PROVIDER_INSERT_BADGE
06-20 08:00:05.492 W/PackageManager( 1909): Cannot whitelist unknown permission: com.anddoes.launcher.permission.UPDATE_COUNT
06-20 08:00:05.492 W/PackageManager( 1909): Cannot whitelist unknown permission: com.majeur.launcher.permission.UPDATE_BADGE
06-20 08:00:05.492 W/PackageManager( 1909): Cannot whitelist unknown permission: com.huawei.android.launcher.permission.CHANGE_BADGE
06-20 08:00:05.492 W/PackageManager( 1909): Cannot whitelist unknown permission: com.huawei.android.launcher.permission.READ_SETTINGS
06-20 08:00:05.492 W/PackageManager( 1909): Cannot whitelist unknown permission: com.huawei.android.launcher.permission.WRITE_SETTINGS
06-20 08:00:05.492 W/PackageManager( 1909): Cannot whitelist unknown permission: android.permission.READ_APP_BADGE
06-20 08:00:05.492 W/PackageManager( 1909): Cannot whitelist unknown permission: com.oppo.launcher.permission.READ_SETTINGS
06-20 08:00:05.492 W/PackageManager( 1909): Cannot whitelist unknown permission: com.oppo.launcher.permission.WRITE_SETTINGS
06-20 08:00:05.492 W/PackageManager( 1909): Cannot whitelist unknown permission: com.cequint.ecid.CALLER_ID_LOOKUP
06-20 08:00:05.492 W/PackageManager( 1909): Cannot whitelist unknown permission: com.motorola.incallui.permission.INCOMING_CALL_VISIBILITY_CHANGED
06-20 08:00:05.493 E/ActivityThread( 2053): Failed to find provider info for com.google.android.gsf.gservices
06-20 08:00:05.493 I/OMXClient( 1909): IOmx service obtained
06-20 08:00:05.493 I/OMXMaster( 1763): makeComponentInstance(OMX.google.vorbis.decoder) in android.hardwar process
06-20 08:00:05.493 W/FileUtils( 2053): Failed to set world readable: /data/user_de/0/com.google.android.gms/app_chimera/current_config.fb
06-20 08:00:05.493 E/OMXNodeInstance( 1763): getConfig(0xe8018c00:google.vorbis.decoder, ConfigAndroidVendorExtension(0x6f100004)) ERROR: Undefined(0x80001001)
06-20 08:00:05.493 E/ActivityThread( 2053): Failed to find provider info for com.google.android.gsf.gservices
06-20 08:00:05.495 W/PackageManager( 1909): Cannot whitelist unknown permission: com.sec.android.provider.badge.permission.READ
06-20 08:00:05.495 W/PackageManager( 1909): Cannot whitelist unknown permission: com.sec.android.provider.badge.permission.WRITE
06-20 08:00:05.495 W/PackageManager( 1909): Cannot whitelist unknown permission: com.htc.launcher.permission.READ_SETTINGS
06-20 08:00:05.495 W/PackageManager( 1909): Cannot whitelist unknown permission: com.htc.launcher.permission.UPDATE_SHORTCUT
06-20 08:00:05.495 W/PackageManager( 1909): Cannot whitelist unknown permission: com.sonyericsson.home.permission.BROADCAST_BADGE
06-20 08:00:05.495 W/PackageManager( 1909): Cannot whitelist unknown permission: com.sonymobile.home.permission.PROVIDER_INSERT_BADGE
06-20 08:00:05.495 W/PackageManager( 1909): Cannot whitelist unknown permission: com.anddoes.launcher.permission.UPDATE_COUNT
06-20 08:00:05.495 W/PackageManager( 1909): Cannot whitelist unknown permission: com.majeur.launcher.permission.UPDATE_BADGE
06-20 08:00:05.495 W/PackageManager( 1909): Cannot whitelist unknown permission: com.huawei.android.launcher.permission.CHANGE_BADGE
06-20 08:00:05.495 W/PackageManager( 1909): Cannot whitelist unknown permission: com.huawei.android.launcher.permission.READ_SETTINGS
06-20 08:00:05.495 W/PackageManager( 1909): Cannot whitelist unknown permission: com.huawei.android.launcher.permission.WRITE_SETTINGS
06-20 08:00:05.495 W/PackageManager( 1909): Cannot whitelist unknown permission: android.permission.READ_APP_BADGE
06-20 08:00:05.495 W/PackageManager( 1909): Cannot whitelist unknown permission: com.oppo.launcher.permission.READ_SETTINGS
06-20 08:00:05.495 W/PackageManager( 1909): Cannot whitelist unknown permission: com.oppo.launcher.permission.WRITE_SETTINGS
06-20 08:00:05.495 W/PackageManager( 1909): Cannot whitelist unknown permission: com.cequint.ecid.CALLER_ID_LOOKUP
06-20 08:00:05.495 W/PackageManager( 1909): Cannot whitelist unknown permission: com.motorola.incallui.permission.INCOMING_CALL_VISIBILITY_CHANGED
06-20 08:00:05.496 W/PackageManager( 1909): Cannot whitelist unknown permission: com.sec.android.provider.badge.permission.READ
06-20 08:00:05.496 W/PackageManager( 1909): Cannot whitelist unknown permission: com.sec.android.provider.badge.permission.WRITE
06-20 08:00:05.496 W/PackageManager( 1909): Cannot whitelist unknown permission: com.htc.launcher.permission.READ_SETTINGS
06-20 08:00:05.496 W/PackageManager( 1909): Cannot whitelist unknown permission: com.htc.launcher.permission.UPDATE_SHORTCUT
06-20 08:00:05.496 W/PackageManager( 1909): Cannot whitelist unknown permission: com.sonyericsson.home.permission.BROADCAST_BADGE
06-20 08:00:05.496 W/PackageManager( 1909): Cannot whitelist unknown permission: com.sonymobile.home.permission.PROVIDER_INSERT_BADGE
06-20 08:00:05.496 W/PackageManager( 1909): Cannot whitelist unknown permission: com.anddoes.launcher.permission.UPDATE_COUNT
06-20 08:00:05.496 W/PackageManager( 1909): Cannot whitelist unknown permission: com.majeur.launcher.permission.UPDATE_BADGE
06-20 08:00:05.496 W/PackageManager( 1909): Cannot whitelist unknown permission: com.huawei.android.launcher.permission.CHANGE_BADGE
06-20 08:00:05.496 W/PackageManager( 1909): Cannot whitelist unknown permission: com.huawei.android.launcher.permission.READ_SETTINGS
06-20 08:00:05.496 W/PackageManager( 1909): Cannot whitelist unknown permission: com.huawei.android.launcher.permission.WRITE_SETTINGS
06-20 08:00:05.496 W/PackageManager( 1909): Cannot whitelist unknown permission: android.permission.READ_APP_BADGE
06-20 08:00:05.496 W/PackageManager( 1909): Cannot whitelist unknown permission: com.oppo.launcher.permission.READ_SETTINGS
06-20 08:00:05.496 W/PackageManager( 1909): Cannot whitelist unknown permission: com.oppo.launcher.permission.WRITE_SETTINGS
06-20 08:00:05.496 W/PackageManager( 1909): Cannot whitelist unknown permission: com.cequint.ecid.CALLER_ID_LOOKUP
06-20 08:00:05.497 W/PackageManager( 1909): Cannot whitelist unknown permission: com.motorola.incallui.permission.INCOMING_CALL_VISIBILITY_CHANGED
06-20 08:00:05.499 E/ChimeraCfgMgr( 2053): Failed to read module config: java.io.FileNotFoundException: /data/user_de/0/com.google.android.gms/app_chimera/current_config.fb: open failed: ENOENT (No such file or directory)
06-20 08:00:05.500 E/ActivityThread( 2053): Failed to find provider info for com.google.android.gsf.gservices
06-20 08:00:05.500 W/PackageManager( 1909): Cannot whitelist unknown permission: com.sec.android.provider.badge.permission.READ
06-20 08:00:05.500 W/PackageManager( 1909): Cannot whitelist unknown permission: com.sec.android.provider.badge.permission.WRITE
06-20 08:00:05.500 W/PackageManager( 1909): Cannot whitelist unknown permission: com.htc.launcher.permission.READ_SETTINGS
06-20 08:00:05.500 W/PackageManager( 1909): Cannot whitelist unknown permission: com.htc.launcher.permission.UPDATE_SHORTCUT
06-20 08:00:05.500 W/PackageManager( 1909): Cannot whitelist unknown permission: com.sonyericsson.home.permission.BROADCAST_BADGE
06-20 08:00:05.500 W/PackageManager( 1909): Cannot whitelist unknown permission: com.sonymobile.home.permission.PROVIDER_INSERT_BADGE
06-20 08:00:05.500 W/PackageManager( 1909): Cannot whitelist unknown permission: com.anddoes.launcher.permission.UPDATE_COUNT
06-20 08:00:05.500 W/PackageManager( 1909): Cannot whitelist unknown permission: com.majeur.launcher.permission.UPDATE_BADGE
06-20 08:00:05.500 W/PackageManager( 1909): Cannot whitelist unknown permission: com.huawei.android.launcher.permission.CHANGE_BADGE
06-20 08:00:05.500 W/PackageManager( 1909): Cannot whitelist unknown permission: com.huawei.android.launcher.permission.READ_SETTINGS
06-20 08:00:05.500 W/PackageManager( 1909): Cannot whitelist unknown permission: com.huawei.android.launcher.permission.WRITE_SETTINGS
06-20 08:00:05.500 W/PackageManager( 1909): Cannot whitelist unknown permission: android.permission.READ_APP_BADGE
06-20 08:00:05.500 W/PackageManager( 1909): Cannot whitelist unknown permission: com.oppo.launcher.permission.READ_SETTINGS
06-20 08:00:05.500 W/PackageManager( 1909): Cannot whitelist unknown permission: com.oppo.launcher.permission.WRITE_SETTINGS
06-20 08:00:05.500 W/PackageManager( 1909): Cannot whitelist unknown permission: com.cequint.ecid.CALLER_ID_LOOKUP
06-20 08:00:05.500 W/PackageManager( 1909): Cannot whitelist unknown permission: com.motorola.incallui.permission.INCOMING_CALL_VISIBILITY_CHANGED
06-20 08:00:05.501 E/ActivityThread( 2053): Failed to find provider info for com.google.android.gsf.gservices
06-20 08:00:05.502 E/GservicesValue( 2053): Gservices key not whitelisted for directboot access: gms:chimera:dev_module_blacklist
06-20 08:00:05.502 W/PackageManager( 1909): Cannot whitelist unknown permission: com.sec.android.provider.badge.permission.READ
06-20 08:00:05.503 W/PackageManager( 1909): Cannot whitelist unknown permission: com.sec.android.provider.badge.permission.WRITE
06-20 08:00:05.503 W/PackageManager( 1909): Cannot whitelist unknown permission: com.htc.launcher.permission.READ_SETTINGS
06-20 08:00:05.503 W/PackageManager( 1909): Cannot whitelist unknown permission: com.htc.launcher.permission.UPDATE_SHORTCUT
06-20 08:00:05.503 W/PackageManager( 1909): Cannot whitelist unknown permission: com.sonyericsson.home.permission.BROADCAST_BADGE
06-20 08:00:05.503 W/PackageManager( 1909): Cannot whitelist unknown permission: com.sonymobile.home.permission.PROVIDER_INSERT_BADGE
06-20 08:00:05.503 W/PackageManager( 1909): Cannot whitelist unknown permission: com.anddoes.launcher.permission.UPDATE_COUNT
06-20 08:00:05.503 W/PackageManager( 1909): Cannot whitelist unknown permission: com.majeur.launcher.permission.UPDATE_BADGE
06-20 08:00:05.503 W/PackageManager( 1909): Cannot whitelist unknown permission: com.huawei.android.launcher.permission.CHANGE_BADGE
06-20 08:00:05.503 W/PackageManager( 1909): Cannot whitelist unknown permission: com.huawei.android.launcher.permission.READ_SETTINGS
06-20 08:00:05.503 W/PackageManager( 1909): Cannot whitelist unknown permission: com.huawei.android.launcher.permission.WRITE_SETTINGS
06-20 08:00:05.503 W/PackageManager( 1909): Cannot whitelist unknown permission: android.permission.READ_APP_BADGE
06-20 08:00:05.503 W/PackageManager( 1909): Cannot whitelist unknown permission: com.oppo.launcher.permission.READ_SETTINGS
06-20 08:00:05.503 W/PackageManager( 1909): Cannot whitelist unknown permission: com.oppo.launcher.permission.WRITE_SETTINGS
06-20 08:00:05.503 E/ActivityThread( 2053): Failed to find provider info for com.google.android.gsf.gservices
06-20 08:00:05.503 W/PackageManager( 1909): Cannot whitelist unknown permission: com.cequint.ecid.CALLER_ID_LOOKUP
06-20 08:00:05.503 W/PackageManager( 1909): Cannot whitelist unknown permission: com.motorola.incallui.permission.INCOMING_CALL_VISIBILITY_CHANGED
06-20 08:00:05.503 E/ActivityThread( 2053): Failed to find provider info for com.google.android.gsf.gservices
06-20 08:00:05.504 I/GmsModuleFndr( 2053): Beginning GMS chimera module scan
06-20 08:00:05.504 I/chatty  ( 2053): uid=10117 com.google.android.gms.persistent identical 1 line
06-20 08:00:05.504 E/ActivityThread( 2053): Failed to find provider info for com.google.android.gsf.gservices
06-20 08:00:05.504 W/PackageManager( 1909): Cannot whitelist unknown permission: com.sec.android.provider.badge.permission.READ
06-20 08:00:05.504 W/PackageManager( 1909): Cannot whitelist unknown permission: com.sec.android.provider.badge.permission.WRITE
06-20 08:00:05.504 W/PackageManager( 1909): Cannot whitelist unknown permission: com.htc.launcher.permission.READ_SETTINGS
06-20 08:00:05.504 W/PackageManager( 1909): Cannot whitelist unknown permission: com.htc.launcher.permission.UPDATE_SHORTCUT
06-20 08:00:05.504 W/PackageManager( 1909): Cannot whitelist unknown permission: com.sonyericsson.home.permission.BROADCAST_BADGE
06-20 08:00:05.504 W/PackageManager( 1909): Cannot whitelist unknown permission: com.sonymobile.home.permission.PROVIDER_INSERT_BADGE
06-20 08:00:05.504 W/PackageManager( 1909): Cannot whitelist unknown permission: com.anddoes.launcher.permission.UPDATE_COUNT
06-20 08:00:05.504 W/PackageManager( 1909): Cannot whitelist unknown permission: com.majeur.launcher.permission.UPDATE_BADGE
06-20 08:00:05.504 W/PackageManager( 1909): Cannot whitelist unknown permission: com.huawei.android.launcher.permission.CHANGE_BADGE
06-20 08:00:05.504 W/PackageManager( 1909): Cannot whitelist unknown permission: com.huawei.android.launcher.permission.READ_SETTINGS
06-20 08:00:05.504 W/PackageManager( 1909): Cannot whitelist unknown permission: com.huawei.android.launcher.permission.WRITE_SETTINGS
06-20 08:00:05.504 W/PackageManager( 1909): Cannot whitelist unknown permission: android.permission.READ_APP_BADGE
06-20 08:00:05.504 W/PackageManager( 1909): Cannot whitelist unknown permission: com.oppo.launcher.permission.READ_SETTINGS
06-20 08:00:05.504 W/PackageManager( 1909): Cannot whitelist unknown permission: com.oppo.launcher.permission.WRITE_SETTINGS
06-20 08:00:05.504 W/PackageManager( 1909): Cannot whitelist unknown permission: com.cequint.ecid.CALLER_ID_LOOKUP
06-20 08:00:05.504 W/PackageManager( 1909): Cannot whitelist unknown permission: com.motorola.incallui.permission.INCOMING_CALL_VISIBILITY_CHANGED
06-20 08:00:05.507 E/ChimeraCfgMgr( 2053): Failed to read module config: java.io.FileNotFoundException: /data/user_de/0/com.google.android.gms/app_chimera/current_config.fb: open failed: ENOENT (No such file or directory)
06-20 08:00:05.508 I/ModuleSetMgr( 2053): Config file doesn't exist, writing blank config.
06-20 08:00:05.509 W/PackageManager( 1909): Cannot whitelist unknown permission: android.permission.QUERY_ALL_PACKAGES
06-20 08:00:05.509 W/PackageManager( 1909): Cannot whitelist unknown permission: android.permission.PRE_FACTORY_RESET
06-20 08:00:05.509 W/PackageManager( 1909): Cannot whitelist unknown permission: android.permission.MANAGE_FACTORY_RESET_PROTECTION
06-20 08:00:05.509 W/PackageManager( 1909): Cannot whitelist unknown permission: android.car.permission.CAR_POWER
06-20 08:00:05.509 W/PackageManager( 1909): Cannot whitelist unknown permission: com.google.android.wearable.WRITE_SETTINGS
06-20 08:00:05.509 W/PackageManager( 1909): Cannot whitelist unknown permission: com.felicanetworks.mfc.permission.MFC_ACCESS
06-20 08:00:05.509 W/PackageManager( 1909): Cannot whitelist unknown permission: com.felicanetworks.mfc.mfi.permission.MFI_ACCESS
06-20 08:00:05.509 W/PackageManager( 1909): Cannot whitelist unknown permission: com.google.android.finsky.permission.INSTANT_APP_STATE
06-20 08:00:05.509 W/PackageManager( 1909): Cannot whitelist unknown permission: android.permission.UWB
06-20 08:00:05.509 W/PackageManager( 1909): Cannot whitelist unknown permission: com.google.android.finsky.permission.BIND_GET_INSTALL_REFERRER_SERVICE
06-20 08:00:05.509 W/PackageManager( 1909): Cannot whitelist unknown permission: com.google.android.hangouts.START_HANGOUT
06-20 08:00:05.509 W/PackageManager( 1909): Cannot whitelist unknown permission: android.car.permission.CAR_POWERTRAIN
06-20 08:00:05.509 W/PackageManager( 1909): Cannot whitelist unknown permission: android.car.permission.CAR_ENERGY
06-20 08:00:05.509 W/PackageManager( 1909): Cannot whitelist unknown permission: android.car.permission.CAR_ENERGY_PORTS
06-20 08:00:05.509 W/PackageManager( 1909): Cannot whitelist unknown permission: android.car.permission.CAR_EXTERIOR_LIGHTS
06-20 08:00:05.509 W/PackageManager( 1909): Cannot whitelist unknown permission: android.car.permission.CAR_INFO
06-20 08:00:05.509 W/PackageManager( 1909): Cannot whitelist unknown permission: android.car.permission.CAR_MILEAGE
06-20 08:00:05.509 W/PackageManager( 1909): Cannot whitelist unknown permission: android.car.permission.CAR_TIRES
06-20 08:00:05.509 W/PackageManager( 1909): Cannot whitelist unknown permission: android.car.permission.CONTROL_CAR_CLIMATE
06-20 08:00:05.509 W/PackageManager( 1909): Cannot whitelist unknown permission: android.car.permission.CONTROL_CAR_DOORS
06-20 08:00:05.509 W/PackageManager( 1909): Cannot whitelist unknown permission: android.car.permission.CONTROL_CAR_EXTERIOR_LIGHTS
06-20 08:00:05.509 W/PackageManager( 1909): Cannot whitelist unknown permission: android.car.permission.CONTROL_CAR_MIRRORS
06-20 08:00:05.509 W/PackageManager( 1909): Cannot whitelist unknown permission: android.car.permission.CONTROL_CAR_SEATS
06-20 08:00:05.509 W/PackageManager( 1909): Cannot whitelist unknown permission: android.car.permission.CONTROL_CAR_WINDOWS
06-20 08:00:05.509 W/PackageManager( 1909): Cannot whitelist unknown permission: android.car.permission.READ_CAR_DISPLAY_UNITS
06-20 08:00:05.509 W/PackageManager( 1909): Cannot whitelist unknown permission: com.google.android.finsky.permission.GEARHEAD_SERVICE
06-20 08:00:05.509 W/PackageManager( 1909): Cannot whitelist unknown permission: com.google.android.permission.ACCESSIBILITY_SCAN_SERVICE
06-20 08:00:05.509 W/PackageManager( 1909): Cannot whitelist unknown permission: com.google.android.finsky.permission.ACCESS_INSTANT_APP_NOTIFICATION_ENFORCEMENT
06-20 08:00:05.509 W/PackageManager( 1909): Cannot whitelist unknown permission: com.google.android.clockwork.settings.SHOW_FACTORY_RESET_CONFIRMATION
06-20 08:00:05.509 W/PackageManager( 1909): Cannot whitelist unknown permission: com.google.android.wearable.READ_SETTINGS
06-20 08:00:05.509 W/PackageManager( 1909): Cannot whitelist unknown permission: android.permission.READ_MEDIA_AUDIO
06-20 08:00:05.509 W/PackageManager( 1909): Cannot whitelist unknown permission: android.permission.READ_MEDIA_IMAGES
06-20 08:00:05.509 W/PackageManager( 1909): Cannot whitelist unknown permission: android.permission.READ_MEDIA_VIDEO
06-20 08:00:05.509 W/PackageManager( 1909): Cannot whitelist unknown permission: com.android.vending.setup.PLAY_SETUP_SERVICE
06-20 08:00:05.509 W/PackageManager( 1909): Cannot whitelist unknown permission: com.google.android.gms.game.notifications.permission.WRITE
06-20 08:00:05.509 W/PackageManager( 1909): Cannot whitelist unknown permission: com.google.android.vending.verifier.ACCESS_VERIFIER
06-20 08:00:05.510 I/PackageManager( 1909): Un-granting permission android.permission.CAPTURE_VIDEO_OUTPUT from package com.google.android.gms (protectionLevel=2 flags=0xb0cabe45)
06-20 08:00:05.510 I/PackageManager( 1909): Un-granting permission android.permission.MANAGE_DEVICE_ADMINS from package com.google.android.gms (protectionLevel=2 flags=0xb0cabe45)
06-20 08:00:05.510 I/PackageManager( 1909): Un-granting permission android.permission.MANAGE_ACTIVITY_STACKS from package com.google.android.gms (protectionLevel=2 flags=0xb0cabe45)
06-20 08:00:05.510 I/PackageManager( 1909): Un-granting permission android.permission.CAPTURE_SECURE_VIDEO_OUTPUT from package com.google.android.gms (protectionLevel=2 flags=0xb0cabe45)
06-20 08:00:05.510 I/PackageManager( 1909): Un-granting permission android.permission.MANAGE_ROLLBACKS from package com.google.android.gms (protectionLevel=514 flags=0xb0cabe45)
06-20 08:00:05.512 W/PackageManager( 1909): Cannot whitelist unknown permission: android.permission.QUERY_ALL_PACKAGES
06-20 08:00:05.512 W/PackageManager( 1909): Cannot whitelist unknown permission: android.permission.PRE_FACTORY_RESET
06-20 08:00:05.512 W/PackageManager( 1909): Cannot whitelist unknown permission: android.permission.MANAGE_FACTORY_RESET_PROTECTION
06-20 08:00:05.512 W/PackageManager( 1909): Cannot whitelist unknown permission: android.car.permission.CAR_POWER
06-20 08:00:05.512 W/PackageManager( 1909): Cannot whitelist unknown permission: com.google.android.wearable.WRITE_SETTINGS
06-20 08:00:05.512 I/ModuleSetMgr( 2053): Computing pending module set with APKs: [[AdsFdrDynamite.integ:21460000000], [Cronetdynamite:202414040800], [Dynamiteloader:202414040800], [Dynamitemodulesa:202414040000], [Dynamitemodulesc:202414040000], [Googlecertificates:202414040000], [Mapsdynamite:202414040000], [Measurementdynamite:202414040000]]
06-20 08:00:05.512 W/PackageManager( 1909): Cannot whitelist unknown permission: com.felicanetworks.mfc.permission.MFC_ACCESS
06-20 08:00:05.512 W/PackageManager( 1909): Cannot whitelist unknown permission: com.felicanetworks.mfc.mfi.permission.MFI_ACCESS
06-20 08:00:05.512 W/PackageManager( 1909): Cannot whitelist unknown permission: com.google.android.finsky.permission.INSTANT_APP_STATE
06-20 08:00:05.512 W/PackageManager( 1909): Cannot whitelist unknown permission: android.permission.UWB
06-20 08:00:05.512 W/PackageManager( 1909): Cannot whitelist unknown permission: com.google.android.finsky.permission.BIND_GET_INSTALL_REFERRER_SERVICE
06-20 08:00:05.512 W/PackageManager( 1909): Cannot whitelist unknown permission: com.google.android.hangouts.START_HANGOUT
06-20 08:00:05.512 W/PackageManager( 1909): Cannot whitelist unknown permission: android.car.permission.CAR_POWERTRAIN
06-20 08:00:05.512 W/PackageManager( 1909): Cannot whitelist unknown permission: android.car.permission.CAR_ENERGY
06-20 08:00:05.512 W/PackageManager( 1909): Cannot whitelist unknown permission: android.car.permission.CAR_ENERGY_PORTS
06-20 08:00:05.512 W/PackageManager( 1909): Cannot whitelist unknown permission: android.car.permission.CAR_EXTERIOR_LIGHTS
06-20 08:00:05.512 W/PackageManager( 1909): Cannot whitelist unknown permission: android.car.permission.CAR_INFO
06-20 08:00:05.512 W/PackageManager( 1909): Cannot whitelist unknown permission: android.car.permission.CAR_MILEAGE
06-20 08:00:05.512 W/PackageManager( 1909): Cannot whitelist unknown permission: android.car.permission.CAR_TIRES
06-20 08:00:05.512 W/PackageManager( 1909): Cannot whitelist unknown permission: android.car.permission.CONTROL_CAR_CLIMATE
06-20 08:00:05.512 W/PackageManager( 1909): Cannot whitelist unknown permission: android.car.permission.CONTROL_CAR_DOORS
06-20 08:00:05.512 W/PackageManager( 1909): Cannot whitelist unknown permission: android.car.permission.CONTROL_CAR_EXTERIOR_LIGHTS
06-20 08:00:05.512 W/PackageManager( 1909): Cannot whitelist unknown permission: android.car.permission.CONTROL_CAR_MIRRORS
06-20 08:00:05.512 W/PackageManager( 1909): Cannot whitelist unknown permission: android.car.permission.CONTROL_CAR_SEATS
06-20 08:00:05.512 W/PackageManager( 1909): Cannot whitelist unknown permission: android.car.permission.CONTROL_CAR_WINDOWS
06-20 08:00:05.513 E/ActivityThread( 2053): Failed to find provider info for com.google.android.gsf.gservices
06-20 08:00:05.512 W/PackageManager( 1909): Cannot whitelist unknown permission: android.car.permission.READ_CAR_DISPLAY_UNITS
06-20 08:00:05.513 W/PackageManager( 1909): Cannot whitelist unknown permission: com.google.android.finsky.permission.GEARHEAD_SERVICE
06-20 08:00:05.513 E/ActivityThread( 2053): Failed to find provider info for com.google.android.gsf.gservices
06-20 08:00:05.513 W/PackageManager( 1909): Cannot whitelist unknown permission: com.google.android.permission.ACCESSIBILITY_SCAN_SERVICE
06-20 08:00:05.513 W/PackageManager( 1909): Cannot whitelist unknown permission: com.google.android.finsky.permission.ACCESS_INSTANT_APP_NOTIFICATION_ENFORCEMENT
06-20 08:00:05.513 W/PackageManager( 1909): Cannot whitelist unknown permission: com.google.android.clockwork.settings.SHOW_FACTORY_RESET_CONFIRMATION
06-20 08:00:05.513 W/PackageManager( 1909): Cannot whitelist unknown permission: com.google.android.wearable.READ_SETTINGS
06-20 08:00:05.513 W/PackageManager( 1909): Cannot whitelist unknown permission: android.permission.READ_MEDIA_AUDIO
06-20 08:00:05.513 W/PackageManager( 1909): Cannot whitelist unknown permission: android.permission.READ_MEDIA_IMAGES
06-20 08:00:05.513 W/PackageManager( 1909): Cannot whitelist unknown permission: android.permission.READ_MEDIA_VIDEO
06-20 08:00:05.513 E/ActivityThread( 2053): Failed to find provider info for com.google.android.gsf.gservices
06-20 08:00:05.513 W/PackageManager( 1909): Cannot whitelist unknown permission: com.android.vending.setup.PLAY_SETUP_SERVICE
06-20 08:00:05.513 W/PackageManager( 1909): Cannot whitelist unknown permission: com.google.android.gms.game.notifications.permission.WRITE
06-20 08:00:05.514 W/PackageManager( 1909): Cannot whitelist unknown permission: com.google.android.vending.verifier.ACCESS_VERIFIER
06-20 08:00:05.514 I/PackageManager( 1909): Un-granting permission android.permission.CAPTURE_VIDEO_OUTPUT from package com.google.android.gms (protectionLevel=2 flags=0xb0cabe45)
06-20 08:00:05.514 I/PackageManager( 1909): Un-granting permission android.permission.MANAGE_DEVICE_ADMINS from package com.google.android.gms (protectionLevel=2 flags=0xb0cabe45)
06-20 08:00:05.514 I/PackageManager( 1909): Un-granting permission android.permission.MANAGE_ACTIVITY_STACKS from package com.google.android.gms (protectionLevel=2 flags=0xb0cabe45)
06-20 08:00:05.514 I/PackageManager( 1909): Un-granting permission android.permission.CAPTURE_SECURE_VIDEO_OUTPUT from package com.google.android.gms (protectionLevel=2 flags=0xb0cabe45)
06-20 08:00:05.514 I/PackageManager( 1909): Un-granting permission android.permission.MANAGE_ROLLBACKS from package com.google.android.gms (protectionLevel=514 flags=0xb0cabe45)
06-20 08:00:05.515 E/ActivityThread( 2053): Failed to find provider info for com.google.android.gsf.gservices
06-20 08:00:05.516 E/ActivityThread( 2053): Failed to find provider info for com.google.android.gsf.gservices
06-20 08:00:05.517 W/PackageManager( 1909): Cannot whitelist unknown permission: android.permission.QUERY_ALL_PACKAGES
06-20 08:00:05.517 W/PackageManager( 1909): Cannot whitelist unknown permission: android.permission.PRE_FACTORY_RESET
06-20 08:00:05.517 W/PackageManager( 1909): Cannot whitelist unknown permission: android.permission.MANAGE_FACTORY_RESET_PROTECTION
06-20 08:00:05.517 W/PackageManager( 1909): Cannot whitelist unknown permission: android.car.permission.CAR_POWER
06-20 08:00:05.517 W/PackageManager( 1909): Cannot whitelist unknown permission: com.google.android.wearable.WRITE_SETTINGS
06-20 08:00:05.517 W/PackageManager( 1909): Cannot whitelist unknown permission: com.felicanetworks.mfc.permission.MFC_ACCESS
06-20 08:00:05.517 W/PackageManager( 1909): Cannot whitelist unknown permission: com.felicanetworks.mfc.mfi.permission.MFI_ACCESS
06-20 08:00:05.517 W/PackageManager( 1909): Cannot whitelist unknown permission: com.google.android.finsky.permission.INSTANT_APP_STATE
06-20 08:00:05.517 W/PackageManager( 1909): Cannot whitelist unknown permission: android.permission.UWB
06-20 08:00:05.517 W/PackageManager( 1909): Cannot whitelist unknown permission: com.google.android.finsky.permission.BIND_GET_INSTALL_REFERRER_SERVICE
06-20 08:00:05.517 W/PackageManager( 1909): Cannot whitelist unknown permission: com.google.android.hangouts.START_HANGOUT
06-20 08:00:05.517 W/PackageManager( 1909): Cannot whitelist unknown permission: android.car.permission.CAR_POWERTRAIN
06-20 08:00:05.517 W/PackageManager( 1909): Cannot whitelist unknown permission: android.car.permission.CAR_ENERGY
06-20 08:00:05.517 W/PackageManager( 1909): Cannot whitelist unknown permission: android.car.permission.CAR_ENERGY_PORTS
06-20 08:00:05.517 W/PackageManager( 1909): Cannot whitelist unknown permission: android.car.permission.CAR_EXTERIOR_LIGHTS
06-20 08:00:05.517 W/PackageManager( 1909): Cannot whitelist unknown permission: android.car.permission.CAR_INFO
06-20 08:00:05.517 W/PackageManager( 1909): Cannot whitelist unknown permission: android.car.permission.CAR_MILEAGE
06-20 08:00:05.517 W/PackageManager( 1909): Cannot whitelist unknown permission: android.car.permission.CAR_TIRES
06-20 08:00:05.517 W/PackageManager( 1909): Cannot whitelist unknown permission: android.car.permission.CONTROL_CAR_CLIMATE
06-20 08:00:05.517 W/PackageManager( 1909): Cannot whitelist unknown permission: android.car.permission.CONTROL_CAR_DOORS
06-20 08:00:05.517 W/PackageManager( 1909): Cannot whitelist unknown permission: android.car.permission.CONTROL_CAR_EXTERIOR_LIGHTS
06-20 08:00:05.517 W/PackageManager( 1909): Cannot whitelist unknown permission: android.car.permission.CONTROL_CAR_MIRRORS
06-20 08:00:05.517 W/PackageManager( 1909): Cannot whitelist unknown permission: android.car.permission.CONTROL_CAR_SEATS
06-20 08:00:05.517 W/PackageManager( 1909): Cannot whitelist unknown permission: android.car.permission.CONTROL_CAR_WINDOWS
06-20 08:00:05.517 W/PackageManager( 1909): Cannot whitelist unknown permission: android.car.permission.READ_CAR_DISPLAY_UNITS
06-20 08:00:05.517 W/PackageManager( 1909): Cannot whitelist unknown permission: com.google.android.finsky.permission.GEARHEAD_SERVICE
06-20 08:00:05.517 W/PackageManager( 1909): Cannot whitelist unknown permission: com.google.android.permission.ACCESSIBILITY_SCAN_SERVICE
06-20 08:00:05.517 W/PackageManager( 1909): Cannot whitelist unknown permission: com.google.android.finsky.permission.ACCESS_INSTANT_APP_NOTIFICATION_ENFORCEMENT
06-20 08:00:05.517 W/PackageManager( 1909): Cannot whitelist unknown permission: com.google.android.clockwork.settings.SHOW_FACTORY_RESET_CONFIRMATION
06-20 08:00:05.517 W/PackageManager( 1909): Cannot whitelist unknown permission: com.google.android.wearable.READ_SETTINGS
06-20 08:00:05.517 W/PackageManager( 1909): Cannot whitelist unknown permission: android.permission.READ_MEDIA_AUDIO
06-20 08:00:05.517 W/PackageManager( 1909): Cannot whitelist unknown permission: android.permission.READ_MEDIA_IMAGES
06-20 08:00:05.517 W/PackageManager( 1909): Cannot whitelist unknown permission: android.permission.READ_MEDIA_VIDEO
06-20 08:00:05.517 W/PackageManager( 1909): Cannot whitelist unknown permission: com.android.vending.setup.PLAY_SETUP_SERVICE
06-20 08:00:05.517 W/PackageManager( 1909): Cannot whitelist unknown permission: com.google.android.gms.game.notifications.permission.WRITE
06-20 08:00:05.517 W/PackageManager( 1909): Cannot whitelist unknown permission: com.google.android.vending.verifier.ACCESS_VERIFIER
06-20 08:00:05.516 E/ActivityThread( 2053): Failed to find provider info for com.google.android.gsf.gservices
06-20 08:00:05.517 I/PackageManager( 1909): Un-granting permission android.permission.CAPTURE_VIDEO_OUTPUT from package com.google.android.gms (protectionLevel=2 flags=0xb0cabe45)
06-20 08:00:05.517 I/PackageManager( 1909): Un-granting permission android.permission.MANAGE_DEVICE_ADMINS from package com.google.android.gms (protectionLevel=2 flags=0xb0cabe45)
06-20 08:00:05.517 I/PackageManager( 1909): Un-granting permission android.permission.MANAGE_ACTIVITY_STACKS from package com.google.android.gms (protectionLevel=2 flags=0xb0cabe45)
06-20 08:00:05.517 I/PackageManager( 1909): Un-granting permission android.permission.CAPTURE_SECURE_VIDEO_OUTPUT from package com.google.android.gms (protectionLevel=2 flags=0xb0cabe45)
06-20 08:00:05.517 I/PackageManager( 1909): Un-granting permission android.permission.MANAGE_ROLLBACKS from package com.google.android.gms (protectionLevel=514 flags=0xb0cabe45)
06-20 08:00:05.518 E/ActivityThread( 2053): Failed to find provider info for com.google.android.gsf.gservices
06-20 08:00:05.518 E/ActivityThread( 2053): Failed to find provider info for com.google.android.gsf.gservices
06-20 08:00:05.519 W/PackageManager( 1909): Cannot whitelist unknown permission: android.permission.QUERY_ALL_PACKAGES
06-20 08:00:05.519 W/PackageManager( 1909): Cannot whitelist unknown permission: android.permission.PRE_FACTORY_RESET
06-20 08:00:05.519 W/PackageManager( 1909): Cannot whitelist unknown permission: android.permission.MANAGE_FACTORY_RESET_PROTECTION
06-20 08:00:05.519 W/PackageManager( 1909): Cannot whitelist unknown permission: android.car.permission.CAR_POWER
06-20 08:00:05.519 W/PackageManager( 1909): Cannot whitelist unknown permission: com.google.android.wearable.WRITE_SETTINGS
06-20 08:00:05.519 W/PackageManager( 1909): Cannot whitelist unknown permission: com.felicanetworks.mfc.permission.MFC_ACCESS
06-20 08:00:05.519 W/PackageManager( 1909): Cannot whitelist unknown permission: com.felicanetworks.mfc.mfi.permission.MFI_ACCESS
06-20 08:00:05.519 W/PackageManager( 1909): Cannot whitelist unknown permission: com.google.android.finsky.permission.INSTANT_APP_STATE
06-20 08:00:05.519 W/PackageManager( 1909): Cannot whitelist unknown permission: android.permission.UWB
06-20 08:00:05.519 W/PackageManager( 1909): Cannot whitelist unknown permission: com.google.android.finsky.permission.BIND_GET_INSTALL_REFERRER_SERVICE
06-20 08:00:05.519 W/PackageManager( 1909): Cannot whitelist unknown permission: com.google.android.hangouts.START_HANGOUT
06-20 08:00:05.519 W/PackageManager( 1909): Cannot whitelist unknown permission: android.car.permission.CAR_POWERTRAIN
06-20 08:00:05.519 W/PackageManager( 1909): Cannot whitelist unknown permission: android.car.permission.CAR_ENERGY
06-20 08:00:05.519 W/PackageManager( 1909): Cannot whitelist unknown permission: android.car.permission.CAR_ENERGY_PORTS
06-20 08:00:05.519 W/PackageManager( 1909): Cannot whitelist unknown permission: android.car.permission.CAR_EXTERIOR_LIGHTS
06-20 08:00:05.519 W/PackageManager( 1909): Cannot whitelist unknown permission: android.car.permission.CAR_INFO
06-20 08:00:05.519 W/PackageManager( 1909): Cannot whitelist unknown permission: android.car.permission.CAR_MILEAGE
06-20 08:00:05.519 W/PackageManager( 1909): Cannot whitelist unknown permission: android.car.permission.CAR_TIRES
06-20 08:00:05.519 W/PackageManager( 1909): Cannot whitelist unknown permission: android.car.permission.CONTROL_CAR_CLIMATE
06-20 08:00:05.520 W/PackageManager( 1909): Cannot whitelist unknown permission: android.car.permission.CONTROL_CAR_DOORS
06-20 08:00:05.520 W/PackageManager( 1909): Cannot whitelist unknown permission: android.car.permission.CONTROL_CAR_EXTERIOR_LIGHTS
06-20 08:00:05.520 W/PackageManager( 1909): Cannot whitelist unknown permission: android.car.permission.CONTROL_CAR_MIRRORS
06-20 08:00:05.520 W/PackageManager( 1909): Cannot whitelist unknown permission: android.car.permission.CONTROL_CAR_SEATS
06-20 08:00:05.520 W/PackageManager( 1909): Cannot whitelist unknown permission: android.car.permission.CONTROL_CAR_WINDOWS
06-20 08:00:05.520 W/PackageManager( 1909): Cannot whitelist unknown permission: android.car.permission.READ_CAR_DISPLAY_UNITS
06-20 08:00:05.520 W/PackageManager( 1909): Cannot whitelist unknown permission: com.google.android.finsky.permission.GEARHEAD_SERVICE
06-20 08:00:05.520 W/PackageManager( 1909): Cannot whitelist unknown permission: com.google.android.permission.ACCESSIBILITY_SCAN_SERVICE
06-20 08:00:05.520 W/PackageManager( 1909): Cannot whitelist unknown permission: com.google.android.finsky.permission.ACCESS_INSTANT_APP_NOTIFICATION_ENFORCEMENT
06-20 08:00:05.520 W/PackageManager( 1909): Cannot whitelist unknown permission: com.google.android.clockwork.settings.SHOW_FACTORY_RESET_CONFIRMATION
06-20 08:00:05.520 W/PackageManager( 1909): Cannot whitelist unknown permission: com.google.android.wearable.READ_SETTINGS
06-20 08:00:05.520 W/PackageManager( 1909): Cannot whitelist unknown permission: android.permission.READ_MEDIA_AUDIO
06-20 08:00:05.520 W/PackageManager( 1909): Cannot whitelist unknown permission: android.permission.READ_MEDIA_IMAGES
06-20 08:00:05.520 W/PackageManager( 1909): Cannot whitelist unknown permission: android.permission.READ_MEDIA_VIDEO
06-20 08:00:05.520 W/PackageManager( 1909): Cannot whitelist unknown permission: com.android.vending.setup.PLAY_SETUP_SERVICE
06-20 08:00:05.520 W/PackageManager( 1909): Cannot whitelist unknown permission: com.google.android.gms.game.notifications.permission.WRITE
06-20 08:00:05.520 W/PackageManager( 1909): Cannot whitelist unknown permission: com.google.android.vending.verifier.ACCESS_VERIFIER
06-20 08:00:05.520 I/PackageManager( 1909): Un-granting permission android.permission.CAPTURE_VIDEO_OUTPUT from package com.google.android.gms (protectionLevel=2 flags=0xb0cabe45)
06-20 08:00:05.520 I/PackageManager( 1909): Un-granting permission android.permission.MANAGE_DEVICE_ADMINS from package com.google.android.gms (protectionLevel=2 flags=0xb0cabe45)
06-20 08:00:05.520 I/PackageManager( 1909): Un-granting permission android.permission.MANAGE_ACTIVITY_STACKS from package com.google.android.gms (protectionLevel=2 flags=0xb0cabe45)
06-20 08:00:05.520 I/PackageManager( 1909): Un-granting permission android.permission.CAPTURE_SECURE_VIDEO_OUTPUT from package com.google.android.gms (protectionLevel=2 flags=0xb0cabe45)
06-20 08:00:05.520 I/PackageManager( 1909): Un-granting permission android.permission.MANAGE_ROLLBACKS from package com.google.android.gms (protectionLevel=514 flags=0xb0cabe45)
06-20 08:00:05.522 W/PackageManager( 1909): Cannot whitelist unknown permission: android.permission.QUERY_ALL_PACKAGES
06-20 08:00:05.522 W/PackageManager( 1909): Cannot whitelist unknown permission: android.permission.PRE_FACTORY_RESET
06-20 08:00:05.522 W/PackageManager( 1909): Cannot whitelist unknown permission: android.permission.MANAGE_FACTORY_RESET_PROTECTION
06-20 08:00:05.522 W/PackageManager( 1909): Cannot whitelist unknown permission: android.car.permission.CAR_POWER
06-20 08:00:05.522 W/PackageManager( 1909): Cannot whitelist unknown permission: com.google.android.wearable.WRITE_SETTINGS
06-20 08:00:05.522 W/PackageManager( 1909): Cannot whitelist unknown permission: com.felicanetworks.mfc.permission.MFC_ACCESS
06-20 08:00:05.522 W/PackageManager( 1909): Cannot whitelist unknown permission: com.felicanetworks.mfc.mfi.permission.MFI_ACCESS
06-20 08:00:05.522 W/PackageManager( 1909): Cannot whitelist unknown permission: com.google.android.finsky.permission.INSTANT_APP_STATE
06-20 08:00:05.522 W/PackageManager( 1909): Cannot whitelist unknown permission: android.permission.UWB
06-20 08:00:05.522 W/PackageManager( 1909): Cannot whitelist unknown permission: com.google.android.finsky.permission.BIND_GET_INSTALL_REFERRER_SERVICE
06-20 08:00:05.522 W/PackageManager( 1909): Cannot whitelist unknown permission: com.google.android.hangouts.START_HANGOUT
06-20 08:00:05.522 W/PackageManager( 1909): Cannot whitelist unknown permission: android.car.permission.CAR_POWERTRAIN
06-20 08:00:05.522 W/PackageManager( 1909): Cannot whitelist unknown permission: android.car.permission.CAR_ENERGY
06-20 08:00:05.522 W/PackageManager( 1909): Cannot whitelist unknown permission: android.car.permission.CAR_ENERGY_PORTS
06-20 08:00:05.522 W/PackageManager( 1909): Cannot whitelist unknown permission: android.car.permission.CAR_EXTERIOR_LIGHTS
06-20 08:00:05.522 W/PackageManager( 1909): Cannot whitelist unknown permission: android.car.permission.CAR_INFO
06-20 08:00:05.522 W/PackageManager( 1909): Cannot whitelist unknown permission: android.car.permission.CAR_MILEAGE
06-20 08:00:05.522 W/PackageManager( 1909): Cannot whitelist unknown permission: android.car.permission.CAR_TIRES
06-20 08:00:05.522 W/PackageManager( 1909): Cannot whitelist unknown permission: android.car.permission.CONTROL_CAR_CLIMATE
