06-20 08:00:05.522 W/PackageManager( 1909): Cannot whitelist unknown permission: android.car.permission.CONTROL_CAR_DOORS
06-20 08:00:05.522 W/PackageManager( 1909): Cannot whitelist unknown permission: android.car.permission.CONTROL_CAR_EXTERIOR_LIGHTS
06-20 08:00:05.522 W/PackageManager( 1909): Cannot whitelist unknown permission: android.car.permission.CONTROL_CAR_MIRRORS
06-20 08:00:05.523 W/PackageManager( 1909): Cannot whitelist unknown permission: android.car.permission.CONTROL_CAR_SEATS
06-20 08:00:05.523 W/PackageManager( 1909): Cannot whitelist unknown permission: android.car.permission.CONTROL_CAR_WINDOWS
06-20 08:00:05.523 W/PackageManager( 1909): Cannot whitelist unknown permission: android.car.permission.READ_CAR_DISPLAY_UNITS
06-20 08:00:05.523 W/PackageManager( 1909): Cannot whitelist unknown permission: com.google.android.finsky.permission.GEARHEAD_SERVICE
06-20 08:00:05.523 W/PackageManager( 1909): Cannot whitelist unknown permission: com.google.android.permission.ACCESSIBILITY_SCAN_SERVICE
06-20 08:00:05.523 W/PackageManager( 1909): Cannot whitelist unknown permission: com.google.android.finsky.permission.ACCESS_INSTANT_APP_NOTIFICATION_ENFORCEMENT
06-20 08:00:05.523 W/PackageManager( 1909): Cannot whitelist unknown permission: com.google.android.clockwork.settings.SHOW_FACTORY_RESET_CONFIRMATION
06-20 08:00:05.523 W/PackageManager( 1909): Cannot whitelist unknown permission: com.google.android.wearable.READ_SETTINGS
06-20 08:00:05.523 W/PackageManager( 1909): Cannot whitelist unknown permission: android.permission.READ_MEDIA_AUDIO
06-20 08:00:05.523 W/PackageManager( 1909): Cannot whitelist unknown permission: android.permission.READ_MEDIA_IMAGES
06-20 08:00:05.523 W/PackageManager( 1909): Cannot whitelist unknown permission: android.permission.READ_MEDIA_VIDEO
06-20 08:00:05.523 W/PackageManager( 1909): Cannot whitelist unknown permission: com.android.vending.setup.PLAY_SETUP_SERVICE
06-20 08:00:05.523 W/PackageManager( 1909): Cannot whitelist unknown permission: com.google.android.gms.game.notifications.permission.WRITE
06-20 08:00:05.523 W/PackageManager( 1909): Cannot whitelist unknown permission: com.google.android.vending.verifier.ACCESS_VERIFIER
06-20 08:00:05.523 I/PackageManager( 1909): Un-granting permission android.permission.CAPTURE_VIDEO_OUTPUT from package com.google.android.gms (protectionLevel=2 flags=0xb0cabe45)
06-20 08:00:05.523 I/PackageManager( 1909): Un-granting permission android.permission.MANAGE_DEVICE_ADMINS from package com.google.android.gms (protectionLevel=2 flags=0xb0cabe45)
06-20 08:00:05.523 I/PackageManager( 1909): Un-granting permission android.permission.MANAGE_ACTIVITY_STACKS from package com.google.android.gms (protectionLevel=2 flags=0xb0cabe45)
06-20 08:00:05.523 I/PackageManager( 1909): Un-granting permission android.permission.CAPTURE_SECURE_VIDEO_OUTPUT from package com.google.android.gms (protectionLevel=2 flags=0xb0cabe45)
06-20 08:00:05.523 I/PackageManager( 1909): Un-granting permission android.permission.MANAGE_ROLLBACKS from package com.google.android.gms (protectionLevel=514 flags=0xb0cabe45)
06-20 08:00:05.524 W/PackageManager( 1909): Cannot whitelist unknown permission: android.permission.QUERY_ALL_PACKAGES
06-20 08:00:05.524 W/PackageManager( 1909): Cannot whitelist unknown permission: android.permission.PRE_FACTORY_RESET
06-20 08:00:05.524 W/PackageManager( 1909): Cannot whitelist unknown permission: android.permission.MANAGE_FACTORY_RESET_PROTECTION
06-20 08:00:05.524 W/PackageManager( 1909): Cannot whitelist unknown permission: android.car.permission.CAR_POWER
06-20 08:00:05.524 W/PackageManager( 1909): Cannot whitelist unknown permission: com.google.android.wearable.WRITE_SETTINGS
06-20 08:00:05.524 W/PackageManager( 1909): Cannot whitelist unknown permission: com.felicanetworks.mfc.permission.MFC_ACCESS
06-20 08:00:05.524 W/PackageManager( 1909): Cannot whitelist unknown permission: com.felicanetworks.mfc.mfi.permission.MFI_ACCESS
06-20 08:00:05.524 W/PackageManager( 1909): Cannot whitelist unknown permission: com.google.android.finsky.permission.INSTANT_APP_STATE
06-20 08:00:05.524 W/PackageManager( 1909): Cannot whitelist unknown permission: android.permission.UWB
06-20 08:00:05.524 W/PackageManager( 1909): Cannot whitelist unknown permission: com.google.android.finsky.permission.BIND_GET_INSTALL_REFERRER_SERVICE
06-20 08:00:05.524 W/PackageManager( 1909): Cannot whitelist unknown permission: com.google.android.hangouts.START_HANGOUT
06-20 08:00:05.524 W/PackageManager( 1909): Cannot whitelist unknown permission: android.car.permission.CAR_POWERTRAIN
06-20 08:00:05.524 W/PackageManager( 1909): Cannot whitelist unknown permission: android.car.permission.CAR_ENERGY
06-20 08:00:05.524 W/PackageManager( 1909): Cannot whitelist unknown permission: android.car.permission.CAR_ENERGY_PORTS
06-20 08:00:05.524 W/PackageManager( 1909): Cannot whitelist unknown permission: android.car.permission.CAR_EXTERIOR_LIGHTS
06-20 08:00:05.524 W/PackageManager( 1909): Cannot whitelist unknown permission: android.car.permission.CAR_INFO
06-20 08:00:05.524 W/PackageManager( 1909): Cannot whitelist unknown permission: android.car.permission.CAR_MILEAGE
06-20 08:00:05.524 W/PackageManager( 1909): Cannot whitelist unknown permission: android.car.permission.CAR_TIRES
06-20 08:00:05.524 W/PackageManager( 1909): Cannot whitelist unknown permission: android.car.permission.CONTROL_CAR_CLIMATE
06-20 08:00:05.524 W/PackageManager( 1909): Cannot whitelist unknown permission: android.car.permission.CONTROL_CAR_DOORS
06-20 08:00:05.524 W/PackageManager( 1909): Cannot whitelist unknown permission: android.car.permission.CONTROL_CAR_EXTERIOR_LIGHTS
06-20 08:00:05.524 W/PackageManager( 1909): Cannot whitelist unknown permission: android.car.permission.CONTROL_CAR_MIRRORS
06-20 08:00:05.524 W/PackageManager( 1909): Cannot whitelist unknown permission: android.car.permission.CONTROL_CAR_SEATS
06-20 08:00:05.524 W/PackageManager( 1909): Cannot whitelist unknown permission: android.car.permission.CONTROL_CAR_WINDOWS
06-20 08:00:05.524 W/PackageManager( 1909): Cannot whitelist unknown permission: android.car.permission.READ_CAR_DISPLAY_UNITS
06-20 08:00:05.524 W/PackageManager( 1909): Cannot whitelist unknown permission: com.google.android.finsky.permission.GEARHEAD_SERVICE
06-20 08:00:05.524 W/PackageManager( 1909): Cannot whitelist unknown permission: com.google.android.permission.ACCESSIBILITY_SCAN_SERVICE
06-20 08:00:05.525 W/PackageManager( 1909): Cannot whitelist unknown permission: com.google.android.finsky.permission.ACCESS_INSTANT_APP_NOTIFICATION_ENFORCEMENT
06-20 08:00:05.525 W/PackageManager( 1909): Cannot whitelist unknown permission: com.google.android.clockwork.settings.SHOW_FACTORY_RESET_CONFIRMATION
06-20 08:00:05.525 W/PackageManager( 1909): Cannot whitelist unknown permission: com.google.android.wearable.READ_SETTINGS
06-20 08:00:05.525 W/PackageManager( 1909): Cannot whitelist unknown permission: android.permission.READ_MEDIA_AUDIO
06-20 08:00:05.525 W/PackageManager( 1909): Cannot whitelist unknown permission: android.permission.READ_MEDIA_IMAGES
06-20 08:00:05.525 W/PackageManager( 1909): Cannot whitelist unknown permission: android.permission.READ_MEDIA_VIDEO
06-20 08:00:05.525 W/PackageManager( 1909): Cannot whitelist unknown permission: com.android.vending.setup.PLAY_SETUP_SERVICE
06-20 08:00:05.525 W/PackageManager( 1909): Cannot whitelist unknown permission: com.google.android.gms.game.notifications.permission.WRITE
06-20 08:00:05.525 W/PackageManager( 1909): Cannot whitelist unknown permission: com.google.android.vending.verifier.ACCESS_VERIFIER
06-20 08:00:05.525 I/PackageManager( 1909): Un-granting permission android.permission.CAPTURE_VIDEO_OUTPUT from package com.google.android.gms (protectionLevel=2 flags=0xb0cabe45)
06-20 08:00:05.525 I/PackageManager( 1909): Un-granting permission android.permission.MANAGE_DEVICE_ADMINS from package com.google.android.gms (protectionLevel=2 flags=0xb0cabe45)
06-20 08:00:05.525 I/PackageManager( 1909): Un-granting permission android.permission.MANAGE_ACTIVITY_STACKS from package com.google.android.gms (protectionLevel=2 flags=0xb0cabe45)
06-20 08:00:05.525 I/PackageManager( 1909): Un-granting permission android.permission.CAPTURE_SECURE_VIDEO_OUTPUT from package com.google.android.gms (protectionLevel=2 flags=0xb0cabe45)
06-20 08:00:05.525 I/PackageManager( 1909): Un-granting permission android.permission.MANAGE_ROLLBACKS from package com.google.android.gms (protectionLevel=514 flags=0xb0cabe45)
06-20 08:00:05.526 I/ModuleSetMgr( 2053): Pending container module APKs: []
06-20 08:00:05.526 I/ModuleSetMgr( 2053): Pending non-container module APKs: []
06-20 08:00:05.527 E/ActivityThread( 2053): Failed to find provider info for com.google.android.gsf.gservices
06-20 08:00:05.527 W/PackageManager( 1909): Cannot whitelist unknown permission: android.permission.QUERY_ALL_PACKAGES
06-20 08:00:05.527 W/PackageManager( 1909): Cannot whitelist unknown permission: android.permission.PRE_FACTORY_RESET
06-20 08:00:05.527 E/ActivityThread( 2053): Failed to find provider info for com.google.android.gsf.gservices
06-20 08:00:05.527 W/PackageManager( 1909): Cannot whitelist unknown permission: android.permission.MANAGE_FACTORY_RESET_PROTECTION
06-20 08:00:05.527 W/PackageManager( 1909): Cannot whitelist unknown permission: android.car.permission.CAR_POWER
06-20 08:00:05.527 W/PackageManager( 1909): Cannot whitelist unknown permission: com.google.android.wearable.WRITE_SETTINGS
06-20 08:00:05.527 W/PackageManager( 1909): Cannot whitelist unknown permission: com.felicanetworks.mfc.permission.MFC_ACCESS
06-20 08:00:05.527 W/PackageManager( 1909): Cannot whitelist unknown permission: com.felicanetworks.mfc.mfi.permission.MFI_ACCESS
06-20 08:00:05.527 W/PackageManager( 1909): Cannot whitelist unknown permission: com.google.android.finsky.permission.INSTANT_APP_STATE
06-20 08:00:05.527 W/PackageManager( 1909): Cannot whitelist unknown permission: android.permission.UWB
06-20 08:00:05.527 W/PackageManager( 1909): Cannot whitelist unknown permission: com.google.android.finsky.permission.BIND_GET_INSTALL_REFERRER_SERVICE
06-20 08:00:05.527 W/PackageManager( 1909): Cannot whitelist unknown permission: com.google.android.hangouts.START_HANGOUT
06-20 08:00:05.527 W/PackageManager( 1909): Cannot whitelist unknown permission: android.car.permission.CAR_POWERTRAIN
06-20 08:00:05.527 W/PackageManager( 1909): Cannot whitelist unknown permission: android.car.permission.CAR_ENERGY
06-20 08:00:05.527 W/PackageManager( 1909): Cannot whitelist unknown permission: android.car.permission.CAR_ENERGY_PORTS
06-20 08:00:05.527 W/PackageManager( 1909): Cannot whitelist unknown permission: android.car.permission.CAR_EXTERIOR_LIGHTS
06-20 08:00:05.527 W/PackageManager( 1909): Cannot whitelist unknown permission: android.car.permission.CAR_INFO
06-20 08:00:05.527 W/PackageManager( 1909): Cannot whitelist unknown permission: android.car.permission.CAR_MILEAGE
06-20 08:00:05.527 W/PackageManager( 1909): Cannot whitelist unknown permission: android.car.permission.CAR_TIRES
06-20 08:00:05.527 W/PackageManager( 1909): Cannot whitelist unknown permission: android.car.permission.CONTROL_CAR_CLIMATE
06-20 08:00:05.527 W/PackageManager( 1909): Cannot whitelist unknown permission: android.car.permission.CONTROL_CAR_DOORS
06-20 08:00:05.527 W/PackageManager( 1909): Cannot whitelist unknown permission: android.car.permission.CONTROL_CAR_EXTERIOR_LIGHTS
06-20 08:00:05.527 W/PackageManager( 1909): Cannot whitelist unknown permission: android.car.permission.CONTROL_CAR_MIRRORS
06-20 08:00:05.527 W/PackageManager( 1909): Cannot whitelist unknown permission: android.car.permission.CONTROL_CAR_SEATS
06-20 08:00:05.527 W/PackageManager( 1909): Cannot whitelist unknown permission: android.car.permission.CONTROL_CAR_WINDOWS
06-20 08:00:05.527 W/PackageManager( 1909): Cannot whitelist unknown permission: android.car.permission.READ_CAR_DISPLAY_UNITS
06-20 08:00:05.527 W/PackageManager( 1909): Cannot whitelist unknown permission: com.google.android.finsky.permission.GEARHEAD_SERVICE
06-20 08:00:05.527 W/PackageManager( 1909): Cannot whitelist unknown permission: com.google.android.permission.ACCESSIBILITY_SCAN_SERVICE
06-20 08:00:05.527 W/PackageManager( 1909): Cannot whitelist unknown permission: com.google.android.finsky.permission.ACCESS_INSTANT_APP_NOTIFICATION_ENFORCEMENT
06-20 08:00:05.528 W/PackageManager( 1909): Cannot whitelist unknown permission: com.google.android.clockwork.settings.SHOW_FACTORY_RESET_CONFIRMATION
06-20 08:00:05.528 W/PackageManager( 1909): Cannot whitelist unknown permission: com.google.android.wearable.READ_SETTINGS
06-20 08:00:05.528 W/PackageManager( 1909): Cannot whitelist unknown permission: android.permission.READ_MEDIA_AUDIO
06-20 08:00:05.528 W/PackageManager( 1909): Cannot whitelist unknown permission: android.permission.READ_MEDIA_IMAGES
06-20 08:00:05.528 W/PackageManager( 1909): Cannot whitelist unknown permission: android.permission.READ_MEDIA_VIDEO
06-20 08:00:05.528 W/PackageManager( 1909): Cannot whitelist unknown permission: com.android.vending.setup.PLAY_SETUP_SERVICE
06-20 08:00:05.528 W/PackageManager( 1909): Cannot whitelist unknown permission: com.google.android.gms.game.notifications.permission.WRITE
06-20 08:00:05.528 W/PackageManager( 1909): Cannot whitelist unknown permission: com.google.android.vending.verifier.ACCESS_VERIFIER
06-20 08:00:05.528 I/PackageManager( 1909): Un-granting permission android.permission.CAPTURE_VIDEO_OUTPUT from package com.google.android.gms (protectionLevel=2 flags=0xb0cabe45)
06-20 08:00:05.528 I/PackageManager( 1909): Un-granting permission android.permission.MANAGE_DEVICE_ADMINS from package com.google.android.gms (protectionLevel=2 flags=0xb0cabe45)
06-20 08:00:05.528 I/PackageManager( 1909): Un-granting permission android.permission.MANAGE_ACTIVITY_STACKS from package com.google.android.gms (protectionLevel=2 flags=0xb0cabe45)
06-20 08:00:05.528 I/PackageManager( 1909): Un-granting permission android.permission.CAPTURE_SECURE_VIDEO_OUTPUT from package com.google.android.gms (protectionLevel=2 flags=0xb0cabe45)
06-20 08:00:05.528 I/PackageManager( 1909): Un-granting permission android.permission.MANAGE_ROLLBACKS from package com.google.android.gms (protectionLevel=514 flags=0xb0cabe45)
06-20 08:00:05.528 E/ActivityThread( 2053): Failed to find provider info for com.google.android.gsf.gservices
06-20 08:00:05.530 E/ChimeraCfgMgr( 2053): Failed to read module config: java.io.FileNotFoundException: /data/user_de/0/com.google.android.gms/app_chimera/current_config.fb: open failed: ENOENT (No such file or directory)
06-20 08:00:05.530 W/IntentOperation( 2053): Failed to get Chimera config:com.google.android.chimera.config.InvalidConfigException: java.io.FileNotFoundException: /data/user_de/0/com.google.android.gms/app_chimera/current_config.fb: open failed: ENOENT (No such file or directory)
06-20 08:00:05.530 E/ActivityThread( 2053): Failed to find provider info for com.google.android.gsf.gservices
06-20 08:00:05.531 W/PackageManager( 1909): Cannot whitelist unknown permission: android.permission.QUERY_ALL_PACKAGES
06-20 08:00:05.531 W/PackageManager( 1909): Cannot whitelist unknown permission: android.permission.PRE_FACTORY_RESET
06-20 08:00:05.531 W/PackageManager( 1909): Cannot whitelist unknown permission: android.permission.MANAGE_FACTORY_RESET_PROTECTION
06-20 08:00:05.531 W/PackageManager( 1909): Cannot whitelist unknown permission: android.car.permission.CAR_POWER
06-20 08:00:05.531 W/PackageManager( 1909): Cannot whitelist unknown permission: com.google.android.wearable.WRITE_SETTINGS
06-20 08:00:05.531 W/PackageManager( 1909): Cannot whitelist unknown permission: com.felicanetworks.mfc.permission.MFC_ACCESS
06-20 08:00:05.531 W/PackageManager( 1909): Cannot whitelist unknown permission: com.felicanetworks.mfc.mfi.permission.MFI_ACCESS
06-20 08:00:05.531 W/PackageManager( 1909): Cannot whitelist unknown permission: com.google.android.finsky.permission.INSTANT_APP_STATE
06-20 08:00:05.531 W/PackageManager( 1909): Cannot whitelist unknown permission: android.permission.UWB
06-20 08:00:05.531 W/PackageManager( 1909): Cannot whitelist unknown permission: com.google.android.finsky.permission.BIND_GET_INSTALL_REFERRER_SERVICE
06-20 08:00:05.531 W/PackageManager( 1909): Cannot whitelist unknown permission: com.google.android.hangouts.START_HANGOUT
06-20 08:00:05.531 W/PackageManager( 1909): Cannot whitelist unknown permission: android.car.permission.CAR_POWERTRAIN
06-20 08:00:05.531 W/PackageManager( 1909): Cannot whitelist unknown permission: android.car.permission.CAR_ENERGY
06-20 08:00:05.531 W/PackageManager( 1909): Cannot whitelist unknown permission: android.car.permission.CAR_ENERGY_PORTS
06-20 08:00:05.531 W/PackageManager( 1909): Cannot whitelist unknown permission: android.car.permission.CAR_EXTERIOR_LIGHTS
06-20 08:00:05.531 W/PackageManager( 1909): Cannot whitelist unknown permission: android.car.permission.CAR_INFO
06-20 08:00:05.531 W/PackageManager( 1909): Cannot whitelist unknown permission: android.car.permission.CAR_MILEAGE
06-20 08:00:05.531 W/PackageManager( 1909): Cannot whitelist unknown permission: android.car.permission.CAR_TIRES
06-20 08:00:05.531 W/PackageManager( 1909): Cannot whitelist unknown permission: android.car.permission.CONTROL_CAR_CLIMATE
06-20 08:00:05.531 W/PackageManager( 1909): Cannot whitelist unknown permission: android.car.permission.CONTROL_CAR_DOORS
06-20 08:00:05.531 W/PackageManager( 1909): Cannot whitelist unknown permission: android.car.permission.CONTROL_CAR_EXTERIOR_LIGHTS
06-20 08:00:05.531 W/PackageManager( 1909): Cannot whitelist unknown permission: android.car.permission.CONTROL_CAR_MIRRORS
06-20 08:00:05.531 W/PackageManager( 1909): Cannot whitelist unknown permission: android.car.permission.CONTROL_CAR_SEATS
06-20 08:00:05.531 W/PackageManager( 1909): Cannot whitelist unknown permission: android.car.permission.CONTROL_CAR_WINDOWS
06-20 08:00:05.531 W/PackageManager( 1909): Cannot whitelist unknown permission: android.car.permission.READ_CAR_DISPLAY_UNITS
06-20 08:00:05.531 W/PackageManager( 1909): Cannot whitelist unknown permission: com.google.android.finsky.permission.GEARHEAD_SERVICE
06-20 08:00:05.532 W/PackageManager( 1909): Cannot whitelist unknown permission: com.google.android.permission.ACCESSIBILITY_SCAN_SERVICE
06-20 08:00:05.532 W/PackageManager( 1909): Cannot whitelist unknown permission: com.google.android.finsky.permission.ACCESS_INSTANT_APP_NOTIFICATION_ENFORCEMENT
06-20 08:00:05.532 W/PackageManager( 1909): Cannot whitelist unknown permission: com.google.android.clockwork.settings.SHOW_FACTORY_RESET_CONFIRMATION
06-20 08:00:05.532 W/PackageManager( 1909): Cannot whitelist unknown permission: com.google.android.wearable.READ_SETTINGS
06-20 08:00:05.532 W/PackageManager( 1909): Cannot whitelist unknown permission: android.permission.READ_MEDIA_AUDIO
06-20 08:00:05.532 W/PackageManager( 1909): Cannot whitelist unknown permission: android.permission.READ_MEDIA_IMAGES
06-20 08:00:05.532 W/PackageManager( 1909): Cannot whitelist unknown permission: android.permission.READ_MEDIA_VIDEO
06-20 08:00:05.532 W/PackageManager( 1909): Cannot whitelist unknown permission: com.android.vending.setup.PLAY_SETUP_SERVICE
06-20 08:00:05.532 W/PackageManager( 1909): Cannot whitelist unknown permission: com.google.android.gms.game.notifications.permission.WRITE
06-20 08:00:05.532 W/PackageManager( 1909): Cannot whitelist unknown permission: com.google.android.vending.verifier.ACCESS_VERIFIER
06-20 08:00:05.532 I/PackageManager( 1909): Un-granting permission android.permission.CAPTURE_VIDEO_OUTPUT from package com.google.android.gms (protectionLevel=2 flags=0xb0cabe45)
06-20 08:00:05.532 I/PackageManager( 1909): Un-granting permission android.permission.MANAGE_DEVICE_ADMINS from package com.google.android.gms (protectionLevel=2 flags=0xb0cabe45)
06-20 08:00:05.532 I/PackageManager( 1909): Un-granting permission android.permission.MANAGE_ACTIVITY_STACKS from package com.google.android.gms (protectionLevel=2 flags=0xb0cabe45)
06-20 08:00:05.532 I/PackageManager( 1909): Un-granting permission android.permission.CAPTURE_SECURE_VIDEO_OUTPUT from package com.google.android.gms (protectionLevel=2 flags=0xb0cabe45)
06-20 08:00:05.532 I/PackageManager( 1909): Un-granting permission android.permission.MANAGE_ROLLBACKS from package com.google.android.gms (protectionLevel=514 flags=0xb0cabe45)
06-20 08:00:05.533 W/PackageManager( 1909): Cannot whitelist unknown permission: android.permission.QUERY_ALL_PACKAGES
06-20 08:00:05.533 W/PackageManager( 1909): Cannot whitelist unknown permission: android.permission.PRE_FACTORY_RESET
06-20 08:00:05.533 W/PackageManager( 1909): Cannot whitelist unknown permission: android.permission.MANAGE_FACTORY_RESET_PROTECTION
06-20 08:00:05.533 W/PackageManager( 1909): Cannot whitelist unknown permission: android.car.permission.CAR_POWER
06-20 08:00:05.533 W/PackageManager( 1909): Cannot whitelist unknown permission: com.google.android.wearable.WRITE_SETTINGS
06-20 08:00:05.533 W/PackageManager( 1909): Cannot whitelist unknown permission: com.felicanetworks.mfc.permission.MFC_ACCESS
06-20 08:00:05.533 W/PackageManager( 1909): Cannot whitelist unknown permission: com.felicanetworks.mfc.mfi.permission.MFI_ACCESS
06-20 08:00:05.533 W/PackageManager( 1909): Cannot whitelist unknown permission: com.google.android.finsky.permission.INSTANT_APP_STATE
06-20 08:00:05.534 W/PackageManager( 1909): Cannot whitelist unknown permission: android.permission.UWB
06-20 08:00:05.534 W/PackageManager( 1909): Cannot whitelist unknown permission: com.google.android.finsky.permission.BIND_GET_INSTALL_REFERRER_SERVICE
06-20 08:00:05.534 W/PackageManager( 1909): Cannot whitelist unknown permission: com.google.android.hangouts.START_HANGOUT
06-20 08:00:05.534 W/PackageManager( 1909): Cannot whitelist unknown permission: android.car.permission.CAR_POWERTRAIN
06-20 08:00:05.534 W/PackageManager( 1909): Cannot whitelist unknown permission: android.car.permission.CAR_ENERGY
06-20 08:00:05.534 W/PackageManager( 1909): Cannot whitelist unknown permission: android.car.permission.CAR_ENERGY_PORTS
06-20 08:00:05.534 W/PackageManager( 1909): Cannot whitelist unknown permission: android.car.permission.CAR_EXTERIOR_LIGHTS
06-20 08:00:05.534 W/PackageManager( 1909): Cannot whitelist unknown permission: android.car.permission.CAR_INFO
06-20 08:00:05.534 W/PackageManager( 1909): Cannot whitelist unknown permission: android.car.permission.CAR_MILEAGE
06-20 08:00:05.534 W/PackageManager( 1909): Cannot whitelist unknown permission: android.car.permission.CAR_TIRES
06-20 08:00:05.534 W/PackageManager( 1909): Cannot whitelist unknown permission: android.car.permission.CONTROL_CAR_CLIMATE
06-20 08:00:05.534 W/PackageManager( 1909): Cannot whitelist unknown permission: android.car.permission.CONTROL_CAR_DOORS
06-20 08:00:05.534 W/PackageManager( 1909): Cannot whitelist unknown permission: android.car.permission.CONTROL_CAR_EXTERIOR_LIGHTS
06-20 08:00:05.534 W/PackageManager( 1909): Cannot whitelist unknown permission: android.car.permission.CONTROL_CAR_MIRRORS
06-20 08:00:05.534 W/PackageManager( 1909): Cannot whitelist unknown permission: android.car.permission.CONTROL_CAR_SEATS
06-20 08:00:05.534 W/PackageManager( 1909): Cannot whitelist unknown permission: android.car.permission.CONTROL_CAR_WINDOWS
06-20 08:00:05.534 W/PackageManager( 1909): Cannot whitelist unknown permission: android.car.permission.READ_CAR_DISPLAY_UNITS
06-20 08:00:05.534 W/PackageManager( 1909): Cannot whitelist unknown permission: com.google.android.finsky.permission.GEARHEAD_SERVICE
06-20 08:00:05.534 W/PackageManager( 1909): Cannot whitelist unknown permission: com.google.android.permission.ACCESSIBILITY_SCAN_SERVICE
06-20 08:00:05.534 W/PackageManager( 1909): Cannot whitelist unknown permission: com.google.android.finsky.permission.ACCESS_INSTANT_APP_NOTIFICATION_ENFORCEMENT
06-20 08:00:05.534 W/PackageManager( 1909): Cannot whitelist unknown permission: com.google.android.clockwork.settings.SHOW_FACTORY_RESET_CONFIRMATION
06-20 08:00:05.534 W/PackageManager( 1909): Cannot whitelist unknown permission: com.google.android.wearable.READ_SETTINGS
06-20 08:00:05.534 W/PackageManager( 1909): Cannot whitelist unknown permission: android.permission.READ_MEDIA_AUDIO
06-20 08:00:05.534 W/PackageManager( 1909): Cannot whitelist unknown permission: android.permission.READ_MEDIA_IMAGES
06-20 08:00:05.534 W/PackageManager( 1909): Cannot whitelist unknown permission: android.permission.READ_MEDIA_VIDEO
06-20 08:00:05.534 W/PackageManager( 1909): Cannot whitelist unknown permission: com.android.vending.setup.PLAY_SETUP_SERVICE
06-20 08:00:05.534 W/PackageManager( 1909): Cannot whitelist unknown permission: com.google.android.gms.game.notifications.permission.WRITE
06-20 08:00:05.534 W/PackageManager( 1909): Cannot whitelist unknown permission: com.google.android.vending.verifier.ACCESS_VERIFIER
06-20 08:00:05.534 I/PackageManager( 1909): Un-granting permission android.permission.CAPTURE_VIDEO_OUTPUT from package com.google.android.gms (protectionLevel=2 flags=0xb0cabe45)
06-20 08:00:05.534 I/PackageManager( 1909): Un-granting permission android.permission.MANAGE_DEVICE_ADMINS from package com.google.android.gms (protectionLevel=2 flags=0xb0cabe45)
06-20 08:00:05.534 I/PackageManager( 1909): Un-granting permission android.permission.MANAGE_ACTIVITY_STACKS from package com.google.android.gms (protectionLevel=2 flags=0xb0cabe45)
06-20 08:00:05.534 I/PackageManager( 1909): Un-granting permission android.permission.CAPTURE_SECURE_VIDEO_OUTPUT from package com.google.android.gms (protectionLevel=2 flags=0xb0cabe45)
06-20 08:00:05.534 I/PackageManager( 1909): Un-granting permission android.permission.MANAGE_ROLLBACKS from package com.google.android.gms (protectionLevel=514 flags=0xb0cabe45)
06-20 08:00:05.538 E/ActivityThread( 2053): Failed to find provider info for com.google.android.gsf.gservices
06-20 08:00:05.538 E/ActivityThread( 2053): Failed to find provider info for com.google.android.gsf.gservices
06-20 08:00:05.541 W/PackageManager( 1909): Cannot whitelist unknown permission: android.permission.QUERY_ALL_PACKAGES
06-20 08:00:05.541 W/PackageManager( 1909): Cannot whitelist unknown permission: android.permission.PRE_FACTORY_RESET
06-20 08:00:05.541 W/PackageManager( 1909): Cannot whitelist unknown permission: android.permission.MANAGE_FACTORY_RESET_PROTECTION
06-20 08:00:05.541 W/PackageManager( 1909): Cannot whitelist unknown permission: android.car.permission.CAR_POWER
06-20 08:00:05.541 W/PackageManager( 1909): Cannot whitelist unknown permission: com.google.android.wearable.WRITE_SETTINGS
06-20 08:00:05.541 W/PackageManager( 1909): Cannot whitelist unknown permission: com.felicanetworks.mfc.permission.MFC_ACCESS
06-20 08:00:05.541 W/PackageManager( 1909): Cannot whitelist unknown permission: com.felicanetworks.mfc.mfi.permission.MFI_ACCESS
06-20 08:00:05.541 W/PackageManager( 1909): Cannot whitelist unknown permission: com.google.android.finsky.permission.INSTANT_APP_STATE
06-20 08:00:05.541 W/PackageManager( 1909): Cannot whitelist unknown permission: android.permission.UWB
06-20 08:00:05.541 W/PackageManager( 1909): Cannot whitelist unknown permission: com.google.android.finsky.permission.BIND_GET_INSTALL_REFERRER_SERVICE
06-20 08:00:05.541 W/PackageManager( 1909): Cannot whitelist unknown permission: com.google.android.hangouts.START_HANGOUT
06-20 08:00:05.541 W/PackageManager( 1909): Cannot whitelist unknown permission: android.car.permission.CAR_POWERTRAIN
06-20 08:00:05.541 W/PackageManager( 1909): Cannot whitelist unknown permission: android.car.permission.CAR_ENERGY
06-20 08:00:05.541 W/PackageManager( 1909): Cannot whitelist unknown permission: android.car.permission.CAR_ENERGY_PORTS
06-20 08:00:05.541 W/PackageManager( 1909): Cannot whitelist unknown permission: android.car.permission.CAR_EXTERIOR_LIGHTS
06-20 08:00:05.541 W/PackageManager( 1909): Cannot whitelist unknown permission: android.car.permission.CAR_INFO
06-20 08:00:05.541 W/PackageManager( 1909): Cannot whitelist unknown permission: android.car.permission.CAR_MILEAGE
06-20 08:00:05.542 W/PackageManager( 1909): Cannot whitelist unknown permission: android.car.permission.CAR_TIRES
06-20 08:00:05.542 W/PackageManager( 1909): Cannot whitelist unknown permission: android.car.permission.CONTROL_CAR_CLIMATE
06-20 08:00:05.542 W/PackageManager( 1909): Cannot whitelist unknown permission: android.car.permission.CONTROL_CAR_DOORS
06-20 08:00:05.542 W/PackageManager( 1909): Cannot whitelist unknown permission: android.car.permission.CONTROL_CAR_EXTERIOR_LIGHTS
06-20 08:00:05.542 W/PackageManager( 1909): Cannot whitelist unknown permission: android.car.permission.CONTROL_CAR_MIRRORS
06-20 08:00:05.542 W/PackageManager( 1909): Cannot whitelist unknown permission: android.car.permission.CONTROL_CAR_SEATS
06-20 08:00:05.542 W/PackageManager( 1909): Cannot whitelist unknown permission: android.car.permission.CONTROL_CAR_WINDOWS
06-20 08:00:05.542 W/PackageManager( 1909): Cannot whitelist unknown permission: android.car.permission.READ_CAR_DISPLAY_UNITS
06-20 08:00:05.542 W/PackageManager( 1909): Cannot whitelist unknown permission: com.google.android.finsky.permission.GEARHEAD_SERVICE
06-20 08:00:05.542 W/PackageManager( 1909): Cannot whitelist unknown permission: com.google.android.permission.ACCESSIBILITY_SCAN_SERVICE
06-20 08:00:05.542 W/PackageManager( 1909): Cannot whitelist unknown permission: com.google.android.finsky.permission.ACCESS_INSTANT_APP_NOTIFICATION_ENFORCEMENT
06-20 08:00:05.542 W/PackageManager( 1909): Cannot whitelist unknown permission: com.google.android.clockwork.settings.SHOW_FACTORY_RESET_CONFIRMATION
06-20 08:00:05.542 W/PackageManager( 1909): Cannot whitelist unknown permission: com.google.android.wearable.READ_SETTINGS
06-20 08:00:05.542 W/PackageManager( 1909): Cannot whitelist unknown permission: android.permission.READ_MEDIA_AUDIO
06-20 08:00:05.542 W/PackageManager( 1909): Cannot whitelist unknown permission: android.permission.READ_MEDIA_IMAGES
06-20 08:00:05.542 W/PackageManager( 1909): Cannot whitelist unknown permission: android.permission.READ_MEDIA_VIDEO
06-20 08:00:05.542 W/PackageManager( 1909): Cannot whitelist unknown permission: com.android.vending.setup.PLAY_SETUP_SERVICE
06-20 08:00:05.542 W/PackageManager( 1909): Cannot whitelist unknown permission: com.google.android.gms.game.notifications.permission.WRITE
06-20 08:00:05.542 W/PackageManager( 1909): Cannot whitelist unknown permission: com.google.android.vending.verifier.ACCESS_VERIFIER
06-20 08:00:05.542 I/PackageManager( 1909): Un-granting permission android.permission.CAPTURE_VIDEO_OUTPUT from package com.google.android.gms (protectionLevel=2 flags=0xb0cabe45)
06-20 08:00:05.542 I/PackageManager( 1909): Un-granting permission android.permission.MANAGE_DEVICE_ADMINS from package com.google.android.gms (protectionLevel=2 flags=0xb0cabe45)
06-20 08:00:05.542 I/PackageManager( 1909): Un-granting permission android.permission.MANAGE_ACTIVITY_STACKS from package com.google.android.gms (protectionLevel=2 flags=0xb0cabe45)
06-20 08:00:05.542 I/PackageManager( 1909): Un-granting permission android.permission.CAPTURE_SECURE_VIDEO_OUTPUT from package com.google.android.gms (protectionLevel=2 flags=0xb0cabe45)
06-20 08:00:05.542 I/PackageManager( 1909): Un-granting permission android.permission.MANAGE_ROLLBACKS from package com.google.android.gms (protectionLevel=514 flags=0xb0cabe45)
06-20 08:00:05.552 W/PackageManager( 1909): Cannot whitelist unknown permission: android.permission.ADD_VOICEMAIL
06-20 08:00:05.552 W/PackageManager( 1909): Cannot whitelist unknown permission: com.google.android.apps.messaging.services.ACCESS_JIBESERVICE
06-20 08:00:05.552 W/PackageManager( 1909): Cannot whitelist unknown permission: android.permission.ADD_VOICEMAIL
06-20 08:00:05.552 W/PackageManager( 1909): Cannot whitelist unknown permission: com.google.android.apps.messaging.services.ACCESS_JIBESERVICE
06-20 08:00:05.554 W/PackageManager( 1909): Cannot whitelist unknown permission: android.permission.ADD_VOICEMAIL
06-20 08:00:05.555 W/PackageManager( 1909): Cannot whitelist unknown permission: com.google.android.apps.messaging.services.ACCESS_JIBESERVICE
06-20 08:00:05.556 W/PackageManager( 1909): Cannot whitelist unknown permission: android.permission.ADD_VOICEMAIL
06-20 08:00:05.556 W/PackageManager( 1909): Cannot whitelist unknown permission: com.google.android.apps.messaging.services.ACCESS_JIBESERVICE
06-20 08:00:05.556 W/PackageManager( 1909): Cannot whitelist unknown permission: android.permission.ADD_VOICEMAIL
06-20 08:00:05.556 W/PackageManager( 1909): Cannot whitelist unknown permission: com.google.android.apps.messaging.services.ACCESS_JIBESERVICE
06-20 08:00:05.557 I/OMXClient( 1909): IOmx service obtained
06-20 08:00:05.557 I/OMXMaster( 1763): makeComponentInstance(OMX.google.vorbis.decoder) in android.hardwar process
06-20 08:00:05.557 E/OMXNodeInstance( 1763): getConfig(0xe80192c0:google.vorbis.decoder, ConfigAndroidVendorExtension(0x6f100004)) ERROR: Undefined(0x80001001)
06-20 08:00:05.560 I/PackageManager( 1909): Un-granting permission com.google.android.googleapps.permission.GOOGLE_AUTH from package com.google.android.videos (protectionLevel=2 flags=0x30dbbe45)
06-20 08:00:05.561 I/chatty  ( 1909): uid=1000(system) Binder:1909_1 identical 1 line
06-20 08:00:05.562 I/PackageManager( 1909): Un-granting permission com.google.android.googleapps.permission.GOOGLE_AUTH from package com.google.android.videos (protectionLevel=2 flags=0x30dbbe45)
06-20 08:00:05.563 W/PackageManager( 1909): Cannot whitelist unknown permission: com.google.android.apps.miphone.aiai.matchmaker.overview.service.BIND_SERVICE
06-20 08:00:05.563 W/PackageManager( 1909): Cannot whitelist unknown permission: com.google.android.as.allapps.SUGGESTION_CONSUMER
06-20 08:00:05.564 W/PackageManager( 1909): Cannot whitelist unknown permission: com.google.android.apps.miphone.aiai.matchmaker.overview.service.BIND_SERVICE
06-20 08:00:05.564 W/PackageManager( 1909): Cannot whitelist unknown permission: com.google.android.as.allapps.SUGGESTION_CONSUMER
06-20 08:00:05.568 W/PackageManager( 1909): Cannot whitelist unknown permission: com.android.vending.BILLING
06-20 08:00:05.568 I/PackageManager( 1909): Un-granting permission android.permission.WRITE_MEDIA_STORAGE from package com.google.android.apps.photos (protectionLevel=18 flags=0x38d9be45)
06-20 08:00:05.569 W/PackageManager( 1909): Cannot whitelist unknown permission: com.android.vending.BILLING
06-20 08:00:05.569 I/PackageManager( 1909): Un-granting permission android.permission.WRITE_MEDIA_STORAGE from package com.google.android.apps.photos (protectionLevel=18 flags=0x38d9be45)
06-20 08:00:05.580 W/PackageManager( 1909): Cannot whitelist unknown permission: com.android.launcher.permission.READ_SETTINGS
06-20 08:00:05.580 W/PackageManager( 1909): Cannot whitelist unknown permission: com.android.launcher.permission.WRITE_SETTINGS
06-20 08:00:05.584 E/ActivityThread( 2053): Failed to find provider info for com.google.android.gsf.gservices
06-20 08:00:05.584 E/ActivityThread( 2053): Failed to find provider info for com.google.android.gsf.gservices
06-20 08:00:05.589 W/PackageManager( 1909): Cannot whitelist unknown permission: com.android.vending.setup.PLAY_SETUP_SERVICE
06-20 08:00:05.594 I/OMXClient( 1909): IOmx service obtained
06-20 08:00:05.594 I/OMXMaster( 1763): makeComponentInstance(OMX.google.vorbis.decoder) in android.hardwar process
06-20 08:00:05.594 E/OMXNodeInstance( 1763): getConfig(0xe80192c0:google.vorbis.decoder, ConfigAndroidVendorExtension(0x6f100004)) ERROR: Undefined(0x80001001)
06-20 08:00:05.591 I/chatty  ( 1909): uid=1000(system) Binder:1909_4 identical 2 lines
06-20 08:00:05.591 W/PackageManager( 1909): Cannot whitelist unknown permission: com.android.vending.setup.PLAY_SETUP_SERVICE
06-20 08:00:05.600 W/PackageManager( 1909): Cannot whitelist unknown permission: com.android.permission.CONNMO_SETTINGS
06-20 08:00:05.600 W/PackageManager( 1909): Cannot whitelist unknown permission: com.android.permission.DCMO_SETTINGS
06-20 08:00:05.601 W/PackageManager( 1909): Cannot whitelist unknown permission: com.android.permission.CONNMO_SETTINGS
06-20 08:00:05.601 W/PackageManager( 1909): Cannot whitelist unknown permission: com.android.permission.DCMO_SETTINGS
06-20 08:00:05.605 W/PackageManager( 1909): Cannot whitelist unknown permission: com.android.permission.BIND_TELEPHONY_NETWORK_SERVICE
06-20 08:00:05.606 W/PackageManager( 1909): Cannot whitelist unknown permission: com.android.permission.BIND_TELEPHONY_NETWORK_SERVICE
06-20 08:00:05.608 W/PackageManager( 1909): Cannot whitelist unknown permission: com.android.permission.BIND_TELEPHONY_NETWORK_SERVICE
06-20 08:00:05.609 W/PackageManager( 1909): Cannot whitelist unknown permission: com.android.permission.BIND_TELEPHONY_NETWORK_SERVICE
06-20 08:00:05.628 W/PackageManager( 1909): Cannot whitelist unknown permission: com.google.restricted_assist_gesture.permission.RESTRICTED_ASSIST_GESTURE_PROVIDER
06-20 08:00:05.628 W/PackageManager( 1909): Cannot whitelist unknown permission: com.google.android.apps.dreamliner.permission.DREAMLINER_SERVICE
06-20 08:00:05.628 W/PackageManager( 1909): Cannot whitelist unknown permission: android.car.permission.CONTROL_CAR_CLIMATE
06-20 08:00:05.628 W/PackageManager( 1909): Cannot whitelist unknown permission: android.car.permission.CAR_DRIVING_STATE
06-20 08:00:05.628 W/PackageManager( 1909): Cannot whitelist unknown permission: android.car.permission.CAR_CONTROL_AUDIO_VOLUME
06-20 08:00:05.632 I/OMXClient( 1909): IOmx service obtained
06-20 08:00:05.632 I/OMXMaster( 1763): makeComponentInstance(OMX.google.vorbis.decoder) in android.hardwar process
06-20 08:00:05.633 E/OMXNodeInstance( 1763): getConfig(0xe80192c0:google.vorbis.decoder, ConfigAndroidVendorExtension(0x6f100004)) ERROR: Undefined(0x80001001)
06-20 08:00:05.637 W/PackageManager( 1909): Cannot whitelist unknown permission: com.google.restricted_assist_gesture.permission.RESTRICTED_ASSIST_GESTURE_PROVIDER
06-20 08:00:05.637 W/PackageManager( 1909): Cannot whitelist unknown permission: com.google.android.apps.dreamliner.permission.DREAMLINER_SERVICE
06-20 08:00:05.637 W/PackageManager( 1909): Cannot whitelist unknown permission: android.car.permission.CONTROL_CAR_CLIMATE
06-20 08:00:05.638 W/PackageManager( 1909): Cannot whitelist unknown permission: android.car.permission.CAR_DRIVING_STATE
06-20 08:00:05.638 W/PackageManager( 1909): Cannot whitelist unknown permission: android.car.permission.CAR_CONTROL_AUDIO_VOLUME
06-20 08:00:05.641 W/PackageManager( 1909): Cannot whitelist unknown permission: com.google.android.gallery3d.permission.GALLERY_PROVIDER
06-20 08:00:05.641 W/PackageManager( 1909): Cannot whitelist unknown permission: com.android.gallery3d.permission.GALLERY_PROVIDER
06-20 08:00:05.642 W/PackageManager( 1909): Cannot whitelist unknown permission: com.google.android.gallery3d.permission.GALLERY_PROVIDER
06-20 08:00:05.642 W/PackageManager( 1909): Cannot whitelist unknown permission: com.android.gallery3d.permission.GALLERY_PROVIDER
06-20 08:00:05.643 W/PackageManager( 1909): Cannot whitelist unknown permission: com.google.android.gallery3d.permission.GALLERY_PROVIDER
06-20 08:00:05.643 W/PackageManager( 1909): Cannot whitelist unknown permission: com.android.gallery3d.permission.GALLERY_PROVIDER
06-20 08:00:05.643 W/PackageManager( 1909): Cannot whitelist unknown permission: com.google.android.gallery3d.permission.GALLERY_PROVIDER
06-20 08:00:05.643 W/PackageManager( 1909): Cannot whitelist unknown permission: com.android.gallery3d.permission.GALLERY_PROVIDER
06-20 08:00:05.645 W/PackageManager( 1909): Cannot whitelist unknown permission: com.google.android.gallery3d.permission.GALLERY_PROVIDER
06-20 08:00:05.645 W/PackageManager( 1909): Cannot whitelist unknown permission: com.android.gallery3d.permission.GALLERY_PROVIDER
06-20 08:00:05.646 W/PackageManager( 1909): Cannot whitelist unknown permission: com.google.android.gallery3d.permission.GALLERY_PROVIDER
06-20 08:00:05.646 W/PackageManager( 1909): Cannot whitelist unknown permission: com.android.gallery3d.permission.GALLERY_PROVIDER
06-20 08:00:05.647 W/PackageManager( 1909): Cannot whitelist unknown permission: com.google.android.gallery3d.permission.GALLERY_PROVIDER
06-20 08:00:05.647 W/PackageManager( 1909): Cannot whitelist unknown permission: com.android.gallery3d.permission.GALLERY_PROVIDER
06-20 08:00:05.653 W/PackageManager( 1909): Cannot whitelist unknown permission: com.android.vending.setup.PLAY_SETUP_SERVICE
06-20 08:00:05.737 I/RuntimePermissionsUpgradeController( 2092): Grandfathering SMS and CallLog permissions
06-20 08:00:05.742 I/RuntimePermissionsUpgradeController( 2092): Grandfathering location background permissions
06-20 08:00:05.743 I/RuntimePermissionsUpgradeController( 2092): Grandfathering Storage permissions
06-20 08:00:05.654 W/PackageManager( 1909): Cannot whitelist unknown permission: com.android.vending.setup.PLAY_SETUP_SERVICE
06-20 08:00:05.748 W/PackageManager( 1909): Cannot whitelist unknown permission: com.android.vending.BILLING
06-20 08:00:05.750 I/RuntimePermissionsUpgradeController( 2092): Not expanding location permissions as this is not an upgrade from Android P
06-20 08:00:05.753 D/vold    ( 1576): Remounting 10145 as mode default
06-20 08:00:05.755 D/vold    ( 1576): Remounting 10122 as mode default
06-20 08:00:05.756 D/vold    ( 1576): Remounting 10132 as mode write
06-20 08:00:05.758 D/vold    ( 1576): Remounting 10128 as mode write
06-20 08:00:05.759 D/vold    ( 1576): Remounting 10114 as mode default
06-20 08:00:05.759 D/vold    ( 1576): Remounting 10135 as mode write
06-20 08:00:05.760 D/vold    ( 1576): Remounting 10099 as mode default
06-20 08:00:05.760 D/vold    ( 1576): Remounting 10144 as mode default
06-20 08:00:05.761 D/vold    ( 1576): Remounting 10139 as mode default
06-20 08:00:05.761 D/vold    ( 1576): Remounting 10141 as mode write
06-20 08:00:05.762 D/vold    ( 1576): Remounting 10106 as mode default
06-20 08:00:05.762 D/vold    ( 1576): Remounting 10117 as mode write
06-20 08:00:05.762 D/vold    ( 1576): Found matching PID 2053
06-20 08:00:05.763 W/SystemServiceManager( 1909): Service com.android.server.policy.PermissionPolicyService took 678 ms in onBootPhase
06-20 08:00:05.763 D/SystemServerTiming( 1909): StartActivityManagerReadyPhase took to complete: 707ms
06-20 08:00:05.763 I/SystemServer( 1909): StartObservingNativeCrashes
06-20 08:00:05.764 D/SystemServerTiming( 1909): StartObservingNativeCrashes took to complete: 0ms
06-20 08:00:05.764 I/SystemServer( 1909): StartSystemUI
06-20 08:00:05.773 D/SystemServerInitThreadPool( 1909): Started executing WebViewFactoryPreparation
06-20 08:00:05.773 I/SystemServer( 1909): WebViewFactoryPreparation
06-20 08:00:05.773 I/WebViewUpdateServiceImpl( 1909): One-time migration: enabling com.google.android.webview
06-20 08:00:05.777 V/SystemUIService( 2063): Starting SystemUI services for user 0.
06-20 08:00:05.779 D/SystemUIBootTiming( 2063): StartServicescom.android.systemui.Dependency$DependencyCreator took to complete: 2ms
06-20 08:00:05.782 D/SystemServerTiming( 1909): StartSystemUI took to complete: 19ms
06-20 08:00:05.782 I/SystemServer( 1909): MakeNetworkManagementServiceReady
06-20 08:00:05.783 D/SystemServerTimingAsync( 1909): WebViewFactoryPreparation took to complete: 10ms
06-20 08:00:05.783 D/SystemServerInitThreadPool( 1909): Finished executing WebViewFactoryPreparation
06-20 08:00:05.784 W/NetworkManagement( 1909): setDataSaverMode(): already false
06-20 08:00:05.784 I/netd    ( 1660): firewallSetFirewallType(1) <0.02ms>
06-20 08:00:05.793 D/SystemServerTiming( 1909): MakeNetworkManagementServiceReady took to complete: 11ms
06-20 08:00:05.793 I/SystemServer( 1909): MakeIpSecServiceReady
06-20 08:00:05.794 I/netd    ( 1660): isAlive() -> {"true"} <0.01ms>
06-20 08:00:05.794 D/IpSecService( 1909): IpSecService is ready
06-20 08:00:05.794 D/SystemServerTiming( 1909): MakeIpSecServiceReady took to complete: 0ms
06-20 08:00:05.794 I/SystemServer( 1909): MakeNetworkStatsServiceReady
06-20 08:00:05.795 W/BestClock( 1909): java.time.DateTimeException: Missing NTP fix
06-20 08:00:05.796 W/NetworkPolicy( 1909): setRestrictBackgroundUL: already false
06-20 08:00:05.797 D/SystemUIBootTiming( 2063): StartServicescom.android.systemui.util.NotificationChannels took to complete: 18ms
06-20 08:00:05.797 D/SystemUIBootTiming( 2063): StartServicescom.android.systemui.statusbar.CommandQueue$CommandQueueStart took to complete: 1ms
06-20 08:00:05.811 D/Zygote  ( 1662): Forked child process 2214
06-20 08:00:05.812 I/ActivityManager( 1909): Start proc 2214:WebViewLoader-x86/1037 [android.webkit.WebViewLibraryLoader$RelroFileCreator] for null
06-20 08:00:05.813 D/vold    ( 1576): Remounting 10117 as mode write
06-20 08:00:05.814 D/vold    ( 1576): Found matching PID 2053
06-20 08:00:05.817 D/Zygote  ( 1661): Forked child process 2222
06-20 08:00:05.818 V/MediaRouter( 2063): Selecting route: RouteInfo{ name=Phone, description=null, status=null, category=RouteCategory{ name=System types=ROUTE_TYPE_LIVE_AUDIO ROUTE_TYPE_LIVE_VIDEO  groupable=false }, supportedTypes=ROUTE_TYPE_LIVE_AUDIO ROUTE_TYPE_LIVE_VIDEO , presentationDisplay=null }
06-20 08:00:05.822 W/WebViewLoader-( 2222): Unexpected CPU variant for X86 using defaults: x86_64
06-20 08:00:05.823 I/ActivityManager( 1909): Start proc 2222:WebViewLoader-x86_64/1037 [android.webkit.WebViewLibraryLoader$RelroFileCreator] for null
06-20 08:00:05.826 W/WebViewLoader-( 2214): Unexpected CPU variant for X86 using defaults: x86_64
06-20 08:00:05.833 I/netd    ( 1660): trafficSwapActiveStatsMap() <37.51ms>
06-20 08:00:05.833 I/netd    ( 1660): firewallReplaceUidChain("fw_standby", "false", []) -> {"true"} <36.70ms>
06-20 08:00:05.835 I/netd    ( 1660): tetherGetStats() <0.39ms>
06-20 08:00:05.838 W/BestClock( 1909): java.time.DateTimeException: Missing NTP fix
06-20 08:00:05.839 I/netd    ( 1660): firewallEnableChildChain(2, "true") <0.02ms>
06-20 08:00:05.839 I/netd    ( 1660): socketDestroy([]) <0.08ms>
06-20 08:00:05.843 I/netd    ( 1660): bandwidthSetGlobalAlert(2097152) <0.41ms>
06-20 08:00:05.843 D/SystemServerTiming( 1909): MakeNetworkStatsServiceReady took to complete: 49ms
06-20 08:00:05.843 I/SystemServer( 1909): MakeConnectivityServiceReady
06-20 08:00:05.845 D/ConnectivityService( 1909): requestNetwork for uid/pid:1000/1909 NetworkRequest [ REQUEST id=7, [ Capabilities: INTERNET&NOT_RESTRICTED&TRUSTED&NOT_VPN] ]
06-20 08:00:05.846 D/PermissionMonitor( 1909): Monitoring
06-20 08:00:05.848 D/PermissionMonitor( 1909): Users: 1, Apps: 34
06-20 08:00:05.848 I/netd    ( 1660): networkSetPermissionForUser(1, [10142]) <0.01ms>
06-20 08:00:05.849 I/netd    ( 1660): networkSetPermissionForUser(2, [10113,10114,1027,10115,10117,10119,10056,10122,10059,10123,10060,10126,10127,10128,2000,10129,10131,10132,10135,10141,10143,10144,10082,1000,1001,1002,1073,10101,10102,10105,10106,10109,10111]) <0.02ms>
06-20 08:00:05.849 I/netd    ( 1660): trafficSetNetPermForUids(12, [1001,1002,1013,10059,10111,10117]) <0.02ms>
06-20 08:00:05.849 I/netd    ( 1660): trafficSetNetPermForUids(4, [1000,1027,1073,2000,10055,10056,10061,10062,10065,10082,10084,10088,10090,10091,10093,10094,10095,10099,10100,10101,10102,10103,10105,10106,10109,10113,10114,10116,10118,10119,10122,10126,10127,10128,10129,10130,10131,10132,10133,10135,10136,10137,10138,10139,10140,10141,10142,10143,10144,10145]) <0.04ms>
06-20 08:00:05.849 I/netd    ( 1660): trafficSetNetPermForUids(8, [1041,1047]) <0.01ms>
06-20 08:00:05.849 I/netd    ( 1660): trafficSetNetPermForUids(0, [1003,1063,1066,1067,1068,10000,10001,10002,10003,10004,10005,10006,10007,10008,10009,10010,10011,10012,10013,10014,10015,10016,10017,10018,10019,10020,10021,10022,10023,10024,10025,10026,10027,10028,10029,10030,10031,10032,10033,10034,10035,10036,10037,10038,10039,10040,10041,10042,10043,10044,10045,10046,10047,10048,10049,10050,10051,10052,10053,10054,10057,10058,10060,10063,10064,10066,10067,10068,10069,10070,10071,10072,10073,10074,10075,10076,10077,10078,10079,10080,10081,10083,10085,10086,10087,10089,10092,10096,10097,10098,10104,10107,10108,10110,10112,10115,10120,10121,10123,10125,10134]) <0.08ms>
06-20 08:00:05.849 D/SystemServerTiming( 1909): MakeConnectivityServiceReady took to complete: 7ms
06-20 08:00:05.850 I/SystemServer( 1909): MakeNetworkPolicyServiceReady
06-20 08:00:05.850 D/SystemServerTiming( 1909): MakeNetworkPolicyServiceReady took to complete: 0ms
06-20 08:00:05.850 I/SystemServer( 1909): PhaseThirdPartyAppsCanStart
06-20 08:00:05.850 I/SystemServiceManager( 1909): Starting phase 600
06-20 08:00:05.850 I/ExplicitHealthCheckController( 1909): Explicit health checks enabled.
06-20 08:00:05.850 I/PackageWatchdog( 1909): Syncing state, reason: health check state enabled
06-20 08:00:05.850 I/PackageWatchdog( 1909): Not pruning observers, elapsed time: 0ms
06-20 08:00:05.850 I/PackageWatchdog( 1909): Cancelling state sync, nothing to sync
06-20 08:00:05.851 I/PackageWatchdog( 1909): Saving observer state to file
06-20 08:00:05.852 V/WallpaperManagerService( 1909): bindWallpaperComponentLocked: componentName=null
06-20 08:00:05.852 V/WallpaperManagerService( 1909): No default component; using image wallpaper
06-20 08:00:05.859 D/vold    ( 1576): Remounting 10119 as mode default
06-20 08:00:05.860 D/vold    ( 1576): Remounting 10127 as mode default
06-20 08:00:05.860 D/vold    ( 1576): Remounting 10142 as mode write
06-20 08:00:05.861 D/vold    ( 1576): Remounting 10084 as mode default
06-20 08:00:05.861 D/vold    ( 1576): Remounting 10095 as mode default
06-20 08:00:05.861 D/vold    ( 1576): Remounting 10116 as mode default
