06-20 08:00:00.907 I/ServiceManagement( 1670): Removing namespace from process name android.hardware.camera.provider@2.4-service to provider@2.4-service.
06-20 08:00:00.907 I/android.hardware.camera.provider@2.4-service( 1670): Registration complete for android.hardware.camera.provider@2.4::ICameraProvider/legacy/0.
06-20 08:00:00.915 E/netmgr  ( 1790): Failed to open QEMU pipe 'qemud:network': Invalid argument
06-20 08:00:00.917 I/ServiceManager( 1759): Waiting for service 'package_native' on '/dev/binder'...
06-20 08:00:00.925 I/mediaserver( 1754): ServiceManager: 0xf2fd3740
06-20 08:00:00.939 I/ServiceManagement( 1764): Registered android.hardware.radio@1.1::IRadio/slot1 (start delay of 335ms)
06-20 08:00:00.939 I/ServiceManagement( 1764): Registered android.hardware.radio.deprecated@1.0::IOemHook/slot1 (start delay of 336ms)
06-20 08:00:00.969 E/wifi_forwarder( 1798): RemoteConnection failed to initialize: RemoteConnection failed to open pipe
06-20 08:00:00.971 I/mediametrics( 1756): ServiceManager: 0x7c94d8044280
06-20 08:00:00.971 D/MediaAnalyticsService( 1756): MediaAnalyticsService created
06-20 08:00:00.979 I/SurfaceFlinger( 1723): Using HWComposer service: 'default'
06-20 08:00:00.979 I/SurfaceFlinger( 1723): SurfaceFlinger is starting
06-20 08:00:00.979 I/hwservicemanager( 1567): getTransport: Cannot find entry android.hardware.configstore@1.1::ISurfaceFlingerConfigs/default in either framework or device manifest.
06-20 08:00:00.979 I/SurfaceFlinger( 1723): Treble testing override: 'false'
06-20 08:00:00.980 I/SurfaceFlinger( 1723): SurfaceFlinger's main thread ready to run. Initializing graphics H/W...
06-20 08:00:00.980 I/SurfaceFlinger( 1723): Phase offset NS: 1000000
06-20 08:00:00.980 W/SurfaceFlinger( 1723): Ignoring VSYNC request while display is disconnected
06-20 08:00:00.980 W/SurfaceFlinger( 1723): Ignoring VSYNC request while display is disconnected
06-20 08:00:00.980 W/SurfaceFlinger( 1723): Ignoring VSYNC request while display is disconnected
06-20 08:00:00.980 W/SurfaceFlinger( 1723): Ignoring VSYNC request while display is disconnected
06-20 08:00:00.980 D/RenderEngine( 1723): RenderEngine GLES Backend
06-20 08:00:00.980 D/libEGL  ( 1723): Emulator has host GPU support, qemu.gles is set to 1.
06-20 08:00:00.993 D/libEGL  ( 1723): loaded /vendor/lib64/egl/libEGL_emulation.so
06-20 08:00:00.994 D/libEGL  ( 1723): loaded /vendor/lib64/egl/libGLESv1_CM_emulation.so
06-20 08:00:00.995 D/libEGL  ( 1723): loaded /vendor/lib64/egl/libGLESv2_emulation.so
06-20 08:00:01.002 D/HostConnection( 1723): HostConnection::get() New Host Connection established 0x743e80aff5a0, tid 1723
06-20 08:00:01.005 D/HostConnection( 1723): HostComposition ext ANDROID_EMU_CHECKSUM_HELPER_v1 ANDROID_EMU_native_sync_v2 ANDROID_EMU_dma_v1 ANDROID_EMU_direct_mem ANDROID_EMU_host_composition_v1 ANDROID_EMU_host_composition_v2 ANDROID_EMU_vulkan ANDROID_EMU_deferred_vulkan_commands ANDROID_EMU_vulkan_null_optional_strings ANDROID_EMU_vulkan_create_resources_with_requirements ANDROID_EMU_YUV_Cache ANDROID_EMU_vulkan_ignored_handles ANDROID_EMU_vulkan_free_memory_sync ANDROID_EMU_vulkan_shader_float16_int8 ANDROID_EMU_vulkan_async_queue_submit ANDROID_EMU_sync_buffer_data ANDROID_EMU_vulkan_async_qsri ANDROID_EMU_hwc_color_transform GL_OES_EGL_image_external_essl3 GL_OES_vertex_array_object GL_KHR_texture_compression_astc_ldr ANDROID_EMU_host_side_tracing ANDROID_EMU_gles_max_version_3_0 
06-20 08:00:01.006 E/hostapd ( 1814): Configuration file: /data/vendor/wifi/hostapd/hostapd.conf
06-20 08:00:01.009 V/MediaUtils( 1755): physMem: 2089566208
06-20 08:00:01.009 V/MediaUtils( 1755): requested limit: 417913240
06-20 08:00:01.009 I/libc    ( 1755): malloc_limit: Allocation limit enabled, max size 417913240 bytes
06-20 08:00:01.013 W//system/bin/mediaextractor( 1755): Could not read additional policy file '/vendor/etc/seccomp_policy/mediaextractor.policy'
06-20 08:00:01.013 W//system/bin/mediaextractor( 1755): libminijail[1755]: failed to get path of fd 4: No such file or directory
06-20 08:00:01.014 W//system/bin/mediaextractor( 1755): libminijail[1755]: allowing syscall: socket
06-20 08:00:01.014 W//system/bin/mediaextractor( 1755): libminijail[1755]: allowing syscall: connect
06-20 08:00:01.014 W//system/bin/mediaextractor( 1755): libminijail[1755]: allowing syscall: fcntl
06-20 08:00:01.014 W//system/bin/mediaextractor( 1755): libminijail[1755]: allowing syscall: writev
06-20 08:00:01.016 W//system/bin/mediaextractor( 1755): libminijail[1755]: logging seccomp filter failures
06-20 08:00:01.018 I/ServiceManager( 1759): Waiting for service 'package_native' on '/dev/binder'...
06-20 08:00:01.028 I/RenderEngine( 1723): EGL information:
06-20 08:00:01.029 I/RenderEngine( 1723): vendor    : Android
06-20 08:00:01.029 I/RenderEngine( 1723): version   : 1.4 Android META-EGL
06-20 08:00:01.029 I/RenderEngine( 1723): extensions: EGL_KHR_get_all_proc_addresses EGL_ANDROID_presentation_time EGL_KHR_swap_buffers_with_damage EGL_ANDROID_get_native_client_buffer EGL_ANDROID_front_buffer_auto_refresh EGL_ANDROID_get_frame_timestamps EGL_EXT_surface_SMPTE2086_metadata EGL_EXT_surface_CTA861_3_metadata EGL_KHR_image EGL_KHR_image_base EGL_KHR_gl_texture_2D_image EGL_KHR_fence_sync EGL_KHR_create_context EGL_ANDROID_image_native_buffer EGL_ANDROID_recordable 
06-20 08:00:01.029 I/RenderEngine( 1723): Client API: OpenGL_ES
06-20 08:00:01.029 I/RenderEngine( 1723): EGLSurface: 8-8-8-8, config=0x5
06-20 08:00:01.029 D/EGL_emulation( 1723): eglCreateContext: 0x743e80aff640: maj 3 min 0 rcv 3
06-20 08:00:01.030 D/EGL_emulation( 1723): eglMakeCurrent: 0x743e80aff640: ver 3 0 (tinfo 0x743e80aeef40)
06-20 08:00:01.033 I/RenderEngine( 1723): OpenGL ES informations:
06-20 08:00:01.033 I/RenderEngine( 1723): vendor    : Google (Google Inc.)
06-20 08:00:01.034 I/RenderEngine( 1723): renderer  : Android Emulator OpenGL ES Translator (Google SwiftShader)
06-20 08:00:01.034 I/RenderEngine( 1723): version   : OpenGL ES 3.0 (OpenGL ES 3.0 SwiftShader 4.0.0.1)
06-20 08:00:01.034 I/RenderEngine( 1723): extensions: GL_EXT_debug_marker GL_EXT_robustness GL_OES_EGL_sync GL_OES_EGL_image GL_OES_EGL_image_external GL_OES_depth24 GL_OES_depth32 GL_OES_element_index_uint GL_OES_texture_float GL_OES_texture_float_linear GL_OES_compressed_paletted_texture GL_OES_compressed_ETC1_RGB8_texture GL_OES_depth_texture GL_OES_texture_half_float GL_OES_texture_half_float_linear GL_OES_packed_depth_stencil GL_OES_vertex_half_float GL_OES_standard_derivatives GL_OES_texture_npot GL_OES_rgb8_rgba8 GL_EXT_color_buffer_float GL_EXT_color_buffer_half_float GL_EXT_texture_format_BGRA8888 GL_APPLE_texture_format_BGRA8888 ANDROID_EMU_CHECKSUM_HELPER_v1 ANDROID_EMU_native_sync_v2 ANDROID_EMU_dma_v1 ANDROID_EMU_direct_mem ANDROID_EMU_host_composition_v1 ANDROID_EMU_host_composition_v2 ANDROID_EMU_vulkan ANDROID_EMU_deferred_vulkan_commands ANDROID_EMU_vulkan_null_optional_strings ANDROID_EMU_vulkan_create_resources_with_requirements ANDROID_EMU_YUV_Cache ANDROID_EMU_vulkan_ignored_handles ANDROID_EMU_vulkan_free_memory_sync ANDROID_EM
06-20 08:00:01.034 I/RenderEngine( 1723): GL_MAX_TEXTURE_SIZE = 8192
06-20 08:00:01.034 I/RenderEngine( 1723): GL_MAX_VIEWPORT_DIMS = 8192
06-20 08:00:01.034 I/hostapd ( 1814): rfkill: Cannot get wiphy information
06-20 08:00:01.042 I/hostapd ( 1814): wlan1: interface state UNINITIALIZED->COUNTRY_UPDATE
06-20 08:00:01.043 I/hwservicemanager( 1567): getTransport: Cannot find entry android.hardware.graphics.mapper@3.0::IMapper/default in either framework or device manifest.
06-20 08:00:01.043 D/ComposerHal( 1695): failed to get mapper 3.0 service, falling back to mapper 2.0
06-20 08:00:01.044 I/HWComposer( 1723): Switching to legacy multi-display mode
06-20 08:00:01.058 I/media.codec( 1763): mediacodecservice starting
06-20 08:00:01.059 W/media.codec( 1763): Could not read additional policy file '/vendor/etc/seccomp_policy/mediacodec.policy'
06-20 08:00:01.059 W/media.codec( 1763): libminijail[1763]: failed to get path of fd 4: No such file or directory
06-20 08:00:01.059 W/media.codec( 1763): libminijail[1763]: allowing syscall: socketcall
06-20 08:00:01.059 W/media.codec( 1763): libminijail[1763]: allowing syscall: writev
06-20 08:00:01.059 W/media.codec( 1763): libminijail[1763]: allowing syscall: fcntl64
06-20 08:00:01.059 W/media.codec( 1763): libminijail[1763]: allowing syscall: clock_gettime
06-20 08:00:01.059 W/media.codec( 1763): libminijail[1763]: compile_file: <fd>(34): nonexistent syscall 'newfstatat'
06-20 08:00:01.061 W/media.codec( 1763): libminijail[1763]: logging seccomp filter failures
06-20 08:00:01.062 D/GoldfishOMXPlugin( 1763): called createOMXPlugin for Goldfish
06-20 08:00:01.062 D/GoldfishOMXPlugin( 1763): useAndroidGoldfishComponentInstance 73 found prop ro.kernel.qemu.hwcodec.vpxdec val 2
06-20 08:00:01.062 D/GoldfishOMXPlugin( 1763): found and use kComponents[i].name OMX.android.goldfish.vp8.decoder
06-20 08:00:01.062 D/GoldfishOMXPlugin( 1763): useAndroidGoldfishComponentInstance 73 found prop ro.kernel.qemu.hwcodec.vpxdec val 2
06-20 08:00:01.062 D/GoldfishOMXPlugin( 1763): found and use kComponents[i].name OMX.android.goldfish.vp9.decoder
06-20 08:00:01.062 D/GoldfishOMXPlugin( 1763): useAndroidGoldfishComponentInstance 73 found prop ro.kernel.qemu.hwcodec.avcdec val 2
06-20 08:00:01.062 D/GoldfishOMXPlugin( 1763): found and use kComponents[i].name OMX.android.goldfish.h264.decoder
06-20 08:00:01.062 D/GoldfishOMXPlugin( 1763): enumerate OMX.android.goldfish.vp8.decoder component
06-20 08:00:01.062 D/GoldfishOMXPlugin( 1763): enumerate OMX.android.goldfish.vp9.decoder component
06-20 08:00:01.062 D/GoldfishOMXPlugin( 1763): enumerate OMX.android.goldfish.h264.decoder component
06-20 08:00:01.063 I/hwservicemanager( 1567): getTransport: Cannot find entry android.hardware.graphics.mapper@3.0::IMapper/default in either framework or device manifest.
06-20 08:00:01.063 W/Gralloc3( 1723): mapper 3.x is not supported
06-20 08:00:01.064 I/SoftOMXPlugin( 1763): createOMXPlugin
06-20 08:00:01.064 D/MediaCodecsXmlParser( 1763): parsing /vendor/etc/media_codecs.xml...
06-20 08:00:01.065 D/MediaCodecsXmlParser( 1763): parsing /vendor/etc/media_codecs_google_audio.xml...
06-20 08:00:01.065 I/MediaCodecsXmlParser( 1763): limit: max-channel-count = 2
06-20 08:00:01.065 I/MediaCodecsXmlParser( 1763): limit: sample-rate-ranges = 8000,11025,12000,16000,22050,24000,32000,44100,48000
06-20 08:00:01.065 I/MediaCodecsXmlParser( 1763): limit: bitrate-range = 8000-320000
06-20 08:00:01.065 I/MediaCodecsXmlParser( 1763): limit: max-channel-count = 1
06-20 08:00:01.065 I/MediaCodecsXmlParser( 1763): limit: sample-rate-ranges = 8000
06-20 08:00:01.065 I/MediaCodecsXmlParser( 1763): limit: bitrate-range = 4750-12200
06-20 08:00:01.065 I/MediaCodecsXmlParser( 1763): limit: max-channel-count = 1
06-20 08:00:01.065 I/MediaCodecsXmlParser( 1763): limit: sample-rate-ranges = 16000
06-20 08:00:01.065 I/MediaCodecsXmlParser( 1763): limit: bitrate-range = 6600-23850
06-20 08:00:01.065 I/MediaCodecsXmlParser( 1763): limit: max-channel-count = 8
06-20 08:00:01.065 I/MediaCodecsXmlParser( 1763): limit: sample-rate-ranges = 7350,8000,11025,12000,16000,22050,24000,32000,44100,48000
06-20 08:00:01.065 I/MediaCodecsXmlParser( 1763): limit: bitrate-range = 8000-960000
06-20 08:00:01.065 I/MediaCodecsXmlParser( 1763): limit: max-channel-count = 1
06-20 08:00:01.065 I/MediaCodecsXmlParser( 1763): limit: sample-rate-ranges = 8000-48000
06-20 08:00:01.065 I/MediaCodecsXmlParser( 1763): limit: bitrate-range = 64000
06-20 08:00:01.065 I/MediaCodecsXmlParser( 1763): limit: max-channel-count = 1
06-20 08:00:01.065 I/MediaCodecsXmlParser( 1763): limit: sample-rate-ranges = 8000-48000
06-20 08:00:01.065 I/MediaCodecsXmlParser( 1763): limit: bitrate-range = 64000
06-20 08:00:01.065 I/MediaCodecsXmlParser( 1763): limit: max-channel-count = 8
06-20 08:00:01.065 I/MediaCodecsXmlParser( 1763): limit: sample-rate-ranges = 8000-96000
06-20 08:00:01.065 I/MediaCodecsXmlParser( 1763): limit: bitrate-range = 32000-500000
06-20 08:00:01.065 I/MediaCodecsXmlParser( 1763): limit: max-channel-count = 8
06-20 08:00:01.065 I/MediaCodecsXmlParser( 1763): limit: sample-rate-ranges = 48000
06-20 08:00:01.065 I/MediaCodecsXmlParser( 1763): limit: bitrate-range = 6000-510000
06-20 08:00:01.065 I/MediaCodecsXmlParser( 1763): limit: max-channel-count = 8
06-20 08:00:01.065 I/MediaCodecsXmlParser( 1763): limit: sample-rate-ranges = 8000-192000
06-20 08:00:01.065 I/MediaCodecsXmlParser( 1763): limit: bitrate-range = 1-10000000
06-20 08:00:01.065 I/MediaCodecsXmlParser( 1763): limit: max-channel-count = 8
06-20 08:00:01.065 I/MediaCodecsXmlParser( 1763): limit: sample-rate-ranges = 1-655350
06-20 08:00:01.065 I/MediaCodecsXmlParser( 1763): limit: bitrate-range = 1-21000000
06-20 08:00:01.065 I/MediaCodecsXmlParser( 1763): limit: max-channel-count = 6
06-20 08:00:01.065 I/MediaCodecsXmlParser( 1763): limit: sample-rate-ranges = 8000,11025,12000,16000,22050,24000,32000,44100,48000
06-20 08:00:01.066 I/MediaCodecsXmlParser( 1763): limit: bitrate-range = 8000-960000
06-20 08:00:01.066 I/MediaCodecsXmlParser( 1763): limit: max-channel-count = 1
06-20 08:00:01.066 I/MediaCodecsXmlParser( 1763): limit: sample-rate-ranges = 8000
06-20 08:00:01.066 I/MediaCodecsXmlParser( 1763): limit: bitrate-range = 4750-12200
06-20 08:00:01.066 I/MediaCodecsXmlParser( 1763): limit: feature-bitrate-modes = CBR
06-20 08:00:01.066 I/MediaCodecsXmlParser( 1763): limit: max-channel-count = 1
06-20 08:00:01.066 I/MediaCodecsXmlParser( 1763): limit: sample-rate-ranges = 16000
06-20 08:00:01.066 I/MediaCodecsXmlParser( 1763): limit: bitrate-range = 6600-23850
06-20 08:00:01.066 I/MediaCodecsXmlParser( 1763): limit: feature-bitrate-modes = CBR
06-20 08:00:01.066 I/MediaCodecsXmlParser( 1763): limit: max-channel-count = 2
06-20 08:00:01.066 I/MediaCodecsXmlParser( 1763): limit: sample-rate-ranges = 1-655350
06-20 08:00:01.066 I/MediaCodecsXmlParser( 1763): limit: bitrate-range = 1-21000000
06-20 08:00:01.066 I/MediaCodecsXmlParser( 1763): limit: complexity-default = 5
06-20 08:00:01.066 I/MediaCodecsXmlParser( 1763): limit: complexity-range = 0-8
06-20 08:00:01.066 I/MediaCodecsXmlParser( 1763): limit: feature-bitrate-modes = CQ
06-20 08:00:01.066 D/MediaCodecsXmlParser( 1763): parsing /vendor/etc/media_codecs_google_telephony.xml...
06-20 08:00:01.067 I/MediaCodecsXmlParser( 1763): limit: max-channel-count = 1
06-20 08:00:01.067 I/MediaCodecsXmlParser( 1763): limit: sample-rate-ranges = 8000
06-20 08:00:01.067 I/MediaCodecsXmlParser( 1763): limit: bitrate-range = 13000
06-20 08:00:01.067 D/MediaCodecsXmlParser( 1763): parsing /vendor/etc/media_codecs_google_video.xml...
06-20 08:00:01.067 I/MediaCodecsXmlParser( 1763): limit: size-range = 2x2-352x288
06-20 08:00:01.067 I/MediaCodecsXmlParser( 1763): limit: alignment = 2x2
06-20 08:00:01.067 I/MediaCodecsXmlParser( 1763): limit: block-size = 16x16
06-20 08:00:01.067 I/MediaCodecsXmlParser( 1763): limit: blocks-per-second-range = 12-11880
06-20 08:00:01.067 I/MediaCodecsXmlParser( 1763): limit: bitrate-range = 1-384000
06-20 08:00:01.067 I/MediaCodecsXmlParser( 1763): limit: performance-point-1920x1080-range = 30-30
06-20 08:00:01.067 I/MediaCodecsXmlParser( 1763): limit: feature-adaptive-playback = 0
06-20 08:00:01.067 I/MediaCodecsXmlParser( 1763): limit: size-range = 2x2-352x288
06-20 08:00:01.067 I/MediaCodecsXmlParser( 1763): limit: alignment = 2x2
06-20 08:00:01.067 I/MediaCodecsXmlParser( 1763): limit: bitrate-range = 1-384000
06-20 08:00:01.067 I/MediaCodecsXmlParser( 1763): limit: performance-point-1920x1080-range = 30-30
06-20 08:00:01.067 I/MediaCodecsXmlParser( 1763): limit: feature-adaptive-playback = 0
06-20 08:00:01.067 I/MediaCodecsXmlParser( 1763): limit: size-range = 96x96-3840x2160
06-20 08:00:01.067 I/MediaCodecsXmlParser( 1763): limit: alignment = 2x2
06-20 08:00:01.067 I/MediaCodecsXmlParser( 1763): limit: block-size = 16x16
06-20 08:00:01.067 I/MediaCodecsXmlParser( 1763): limit: blocks-per-second-range = 24-2073600
06-20 08:00:01.067 I/MediaCodecsXmlParser( 1763): limit: bitrate-range = 1-120000000
06-20 08:00:01.067 I/MediaCodecsXmlParser( 1763): limit: frame-rate-range = 1-480
06-20 08:00:01.067 I/MediaCodecsXmlParser( 1763): limit: performance-point-3840x2160-range = 60-60
06-20 08:00:01.067 I/MediaCodecsXmlParser( 1763): limit: measured-frame-rate-320x240-range = 257-266
06-20 08:00:01.068 I/MediaCodecsXmlParser( 1763): limit: measured-frame-rate-720x480-range = 262-264
06-20 08:00:01.068 I/MediaCodecsXmlParser( 1763): limit: measured-frame-rate-1280x720-range = 227-251
06-20 08:00:01.068 I/MediaCodecsXmlParser( 1763): limit: measured-frame-rate-1920x1080-range = 235-247
06-20 08:00:01.068 I/MediaCodecsXmlParser( 1763): limit: measured-frame-rate-3840x2160-range = 235-247
06-20 08:00:01.068 I/MediaCodecsXmlParser( 1763): limit: feature-adaptive-playback = 0
06-20 08:00:01.068 I/MediaCodecsXmlParser( 1763): limit: size-range = 2x2-2560x2560
06-20 08:00:01.068 I/MediaCodecsXmlParser( 1763): limit: alignment = 2x2
06-20 08:00:01.068 I/MediaCodecsXmlParser( 1763): limit: block-size = 16x16
06-20 08:00:01.068 I/MediaCodecsXmlParser( 1763): limit: blocks-per-second-range = 24-2073600
06-20 08:00:01.068 I/MediaCodecsXmlParser( 1763): limit: bitrate-range = 1-120000000
06-20 08:00:01.068 I/MediaCodecsXmlParser( 1763): limit: frame-rate-range = 1-480
06-20 08:00:01.068 I/MediaCodecsXmlParser( 1763): limit: performance-point-1920x1088-range = 30-30
06-20 08:00:01.068 I/MediaCodecsXmlParser( 1763): limit: measured-frame-rate-320x240-range = 183-183
06-20 08:00:01.068 I/MediaCodecsXmlParser( 1763): limit: measured-frame-rate-720x480-range = 181-181
06-20 08:00:01.068 I/MediaCodecsXmlParser( 1763): limit: measured-frame-rate-1280x720-range = 182-184
06-20 08:00:01.068 I/MediaCodecsXmlParser( 1763): limit: measured-frame-rate-1920x1080-range = 30-40
06-20 08:00:01.068 I/MediaCodecsXmlParser( 1763): limit: feature-adaptive-playback = 0
06-20 08:00:01.068 I/MediaCodecsXmlParser( 1763): limit: size-range = 2x2-2048x2048
06-20 08:00:01.068 I/MediaCodecsXmlParser( 1763): limit: alignment = 2x2
06-20 08:00:01.068 I/MediaCodecsXmlParser( 1763): limit: block-size = 8x8
06-20 08:00:01.068 I/MediaCodecsXmlParser( 1763): limit: block-count-range = 1-139264
06-20 08:00:01.068 I/MediaCodecsXmlParser( 1763): limit: blocks-per-second-range = 1-2000000
06-20 08:00:01.068 I/MediaCodecsXmlParser( 1763): limit: bitrate-range = 1-10000000
06-20 08:00:01.068 I/MediaCodecsXmlParser( 1763): limit: performance-point-1920x1080-range = 30-30
06-20 08:00:01.068 I/MediaCodecsXmlParser( 1763): limit: feature-adaptive-playback = 0
06-20 08:00:01.068 I/MediaCodecsXmlParser( 1763): limit: size-range = 144x144-3840x2160
06-20 08:00:01.068 I/MediaCodecsXmlParser( 1763): limit: alignment = 2x2
06-20 08:00:01.068 I/MediaCodecsXmlParser( 1763): limit: block-size = 16x16
06-20 08:00:01.068 I/MediaCodecsXmlParser( 1763): limit: blocks-per-second-range = 24-2073600
06-20 08:00:01.068 I/MediaCodecsXmlParser( 1763): limit: bitrate-range = 1-120000000
06-20 08:00:01.068 I/MediaCodecsXmlParser( 1763): limit: frame-rate-range = 1-480
06-20 08:00:01.068 I/MediaCodecsXmlParser( 1763): limit: performance-point-3840x2160-range = 60-60
06-20 08:00:01.068 I/MediaCodecsXmlParser( 1763): limit: measured-frame-rate-320x180-range = 743-817
06-20 08:00:01.068 I/MediaCodecsXmlParser( 1763): limit: measured-frame-rate-640x360-range = 582-602
06-20 08:00:01.068 I/MediaCodecsXmlParser( 1763): limit: measured-frame-rate-1280x720-range = 237-258
06-20 08:00:01.068 I/MediaCodecsXmlParser( 1763): limit: measured-frame-rate-1920x1080-range = 148-151
06-20 08:00:01.068 I/MediaCodecsXmlParser( 1763): limit: measured-frame-rate-3840x2160-range = 30-90
06-20 08:00:01.068 I/MediaCodecsXmlParser( 1763): limit: feature-adaptive-playback = 0
06-20 08:00:01.068 I/MediaCodecsXmlParser( 1763): limit: size-range = 144x144-3840x2160
06-20 08:00:01.068 I/MediaCodecsXmlParser( 1763): limit: alignment = 2x2
06-20 08:00:01.068 I/MediaCodecsXmlParser( 1763): limit: block-size = 16x16
06-20 08:00:01.068 I/MediaCodecsXmlParser( 1763): limit: blocks-per-second-range = 24-2073600
06-20 08:00:01.068 I/MediaCodecsXmlParser( 1763): limit: bitrate-range = 1-120000000
06-20 08:00:01.068 I/MediaCodecsXmlParser( 1763): limit: frame-rate-range = 1-480
06-20 08:00:01.068 I/MediaCodecsXmlParser( 1763): limit: performance-point-3840x2160-range = 60-60
06-20 08:00:01.068 I/MediaCodecsXmlParser( 1763): limit: measured-frame-rate-320x180-range = 743-817
06-20 08:00:01.068 I/MediaCodecsXmlParser( 1763): limit: measured-frame-rate-640x360-range = 582-602
06-20 08:00:01.068 I/MediaCodecsXmlParser( 1763): limit: measured-frame-rate-1280x720-range = 237-258
06-20 08:00:01.068 I/MediaCodecsXmlParser( 1763): limit: measured-frame-rate-1920x1080-range = 50-60
06-20 08:00:01.068 I/MediaCodecsXmlParser( 1763): limit: measured-frame-rate-3840x2160-range = 30-90
06-20 08:00:01.068 I/MediaCodecsXmlParser( 1763): limit: feature-adaptive-playback = 0
06-20 08:00:01.068 I/MediaCodecsXmlParser( 1763): limit: size-range = 2x2-2560x2560
06-20 08:00:01.068 I/MediaCodecsXmlParser( 1763): limit: alignment = 2x2
06-20 08:00:01.068 I/MediaCodecsXmlParser( 1763): limit: block-size = 16x16
06-20 08:00:01.069 I/MediaCodecsXmlParser( 1763): limit: blocks-per-second-range = 24-2073600
06-20 08:00:01.069 I/MediaCodecsXmlParser( 1763): limit: bitrate-range = 1-120000000
06-20 08:00:01.069 I/MediaCodecsXmlParser( 1763): limit: frame-rate-range = 1-480
06-20 08:00:01.069 I/MediaCodecsXmlParser( 1763): limit: performance-point-1920x1088-range = 60-60
06-20 08:00:01.069 I/MediaCodecsXmlParser( 1763): limit: measured-frame-rate-320x240-range = 183-183
06-20 08:00:01.069 I/MediaCodecsXmlParser( 1763): limit: measured-frame-rate-720x480-range = 181-181
06-20 08:00:01.069 I/MediaCodecsXmlParser( 1763): limit: measured-frame-rate-1280x720-range = 182-184
06-20 08:00:01.069 I/MediaCodecsXmlParser( 1763): limit: measured-frame-rate-1920x1088-range = 50-60
06-20 08:00:01.069 I/MediaCodecsXmlParser( 1763): limit: measured-frame-rate-2560x1440-range = 30-40
06-20 08:00:01.069 I/MediaCodecsXmlParser( 1763): limit: feature-adaptive-playback = 0
06-20 08:00:01.069 I/MediaCodecsXmlParser( 1763): limit: size-range = 2x2-2560x2560
06-20 08:00:01.069 I/MediaCodecsXmlParser( 1763): limit: alignment = 2x2
06-20 08:00:01.069 I/MediaCodecsXmlParser( 1763): limit: block-size = 16x16
06-20 08:00:01.069 I/MediaCodecsXmlParser( 1763): limit: blocks-per-second-range = 24-2073600
06-20 08:00:01.069 I/MediaCodecsXmlParser( 1763): limit: bitrate-range = 1-120000000
06-20 08:00:01.069 I/MediaCodecsXmlParser( 1763): limit: frame-rate-range = 1-480
06-20 08:00:01.069 I/MediaCodecsXmlParser( 1763): limit: performance-point-1920x1088-range = 60-60
06-20 08:00:01.069 I/MediaCodecsXmlParser( 1763): limit: measured-frame-rate-320x240-range = 183-183
06-20 08:00:01.069 I/MediaCodecsXmlParser( 1763): limit: measured-frame-rate-720x480-range = 181-181
06-20 08:00:01.069 I/MediaCodecsXmlParser( 1763): limit: measured-frame-rate-1280x720-range = 121-125
06-20 08:00:01.069 I/MediaCodecsXmlParser( 1763): limit: measured-frame-rate-1920x1088-range = 148-151
06-20 08:00:01.069 I/MediaCodecsXmlParser( 1763): limit: measured-frame-rate-2560x1440-range = 30-40
06-20 08:00:01.069 I/MediaCodecsXmlParser( 1763): limit: feature-adaptive-playback = 0
06-20 08:00:01.069 I/MediaCodecsXmlParser( 1763): limit: size-range = 176x144-176x144
06-20 08:00:01.069 I/MediaCodecsXmlParser( 1763): limit: alignment = 16x16
06-20 08:00:01.069 I/MediaCodecsXmlParser( 1763): limit: bitrate-range = 1-128000
06-20 08:00:01.069 I/MediaCodecsXmlParser( 1763): limit: size-range = 16x16-1920x1088
06-20 08:00:01.069 I/MediaCodecsXmlParser( 1763): limit: alignment = 2x2
06-20 08:00:01.069 I/MediaCodecsXmlParser( 1763): limit: block-size = 16x16
06-20 08:00:01.069 I/MediaCodecsXmlParser( 1763): limit: blocks-per-second-range = 1-244800
06-20 08:00:01.069 I/MediaCodecsXmlParser( 1763): limit: bitrate-range = 1-20000000
06-20 08:00:01.069 I/MediaCodecsXmlParser( 1763): limit: feature-intra-refresh = 0
06-20 08:00:01.069 I/MediaCodecsXmlParser( 1763): limit: size-range = 16x16-176x144
06-20 08:00:01.069 I/MediaCodecsXmlParser( 1763): limit: alignment = 16x16
06-20 08:00:01.069 I/MediaCodecsXmlParser( 1763): limit: block-size = 16x16
06-20 08:00:01.069 I/MediaCodecsXmlParser( 1763): limit: blocks-per-second-range = 12-1485
06-20 08:00:01.069 I/MediaCodecsXmlParser( 1763): limit: bitrate-range = 1-64000
06-20 08:00:01.069 I/MediaCodecsXmlParser( 1763): limit: size-range = 2x2-2048x2048
06-20 08:00:01.069 I/MediaCodecsXmlParser( 1763): limit: alignment = 2x2
06-20 08:00:01.069 I/MediaCodecsXmlParser( 1763): limit: bitrate-range = 1-40000000
06-20 08:00:01.069 I/MediaCodecsXmlParser( 1763): limit: feature-bitrate-modes = VBR,CBR
06-20 08:00:01.069 D/MediaCodecsXmlParser( 1763): parsing /vendor/etc/media_codecs_performance.xml...
06-20 08:00:01.069 I/hwservicemanager( 1567): getTransport: Cannot find entry android.hardware.graphics.allocator@3.0::IAllocator/default in either framework or device manifest.
06-20 08:00:01.070 W/Gralloc3( 1723): allocator 3.x is not supported
06-20 08:00:01.070 D/gralloc_ranchu( 1694): gralloc_alloc: Creating ashmem region of size 823296
06-20 08:00:01.073 D/HostConnection( 1723): createUnique: call
06-20 08:00:01.073 D/HostConnection( 1723): HostConnection::get() New Host Connection established 0x743e80affbe0, tid 1723
06-20 08:00:01.073 D/HostConnection( 1723): HostComposition ext ANDROID_EMU_CHECKSUM_HELPER_v1 ANDROID_EMU_native_sync_v2 ANDROID_EMU_dma_v1 ANDROID_EMU_direct_mem ANDROID_EMU_host_composition_v1 ANDROID_EMU_host_composition_v2 ANDROID_EMU_vulkan ANDROID_EMU_deferred_vulkan_commands ANDROID_EMU_vulkan_null_optional_strings ANDROID_EMU_vulkan_create_resources_with_requirements ANDROID_EMU_YUV_Cache ANDROID_EMU_vulkan_ignored_handles ANDROID_EMU_vulkan_free_memory_sync ANDROID_EMU_vulkan_shader_float16_int8 ANDROID_EMU_vulkan_async_queue_submit ANDROID_EMU_sync_buffer_data ANDROID_EMU_vulkan_async_qsri ANDROID_EMU_hwc_color_transform GL_OES_EGL_image_external_essl3 GL_OES_vertex_array_object GL_KHR_texture_compression_astc_ldr ANDROID_EMU_host_side_tracing ANDROID_EMU_gles_max_version_3_0 
06-20 08:00:01.074 D/eglCodecCommon( 1723): allocate: Ask for block of size 0x1000
06-20 08:00:01.074 D/eglCodecCommon( 1723): allocate: ioctl allocate returned offset 0x3ffffa000 size 0x2000
06-20 08:00:01.074 D/gralloc_ranchu( 1694): gralloc_alloc: Creating ashmem region of size 823296
06-20 08:00:01.075 D/gralloc_ranchu( 1694): gralloc_alloc: Creating ashmem region of size 823296
06-20 08:00:01.123 I/ServiceManager( 1759): Waiting for service 'package_native' on '/dev/binder'...
06-20 08:00:01.136 I/MediaCodecsXmlParser( 1763): limit: measured-frame-rate-176x144-range = 849-1008
06-20 08:00:01.136 I/MediaCodecsXmlParser( 1763): limit: measured-frame-rate-320x240-range = 496-629
06-20 08:00:01.136 I/MediaCodecsXmlParser( 1763): limit: measured-frame-rate-720x480-range = 197-203
06-20 08:00:01.136 I/MediaCodecsXmlParser( 1763): limit: measured-frame-rate-1280x720-range = 93-97
06-20 08:00:01.136 I/MediaCodecsXmlParser( 1763): limit: measured-frame-rate-1920x1080-range = 45-47
06-20 08:00:01.136 I/MediaCodecsXmlParser( 1763): limit: measured-frame-rate-176x144-range = 881-1142
06-20 08:00:01.136 I/MediaCodecsXmlParser( 1763): limit: measured-frame-rate-320x180-range = 249-285
06-20 08:00:01.136 I/MediaCodecsXmlParser( 1763): limit: measured-frame-rate-640x360-range = 104-115
06-20 08:00:01.136 I/MediaCodecsXmlParser( 1763): limit: measured-frame-rate-1280x720-range = 34-35
06-20 08:00:01.136 I/MediaCodecsXmlParser( 1763): limit: measured-frame-rate-1920x1080-range = 26-29
06-20 08:00:01.136 I/MediaCodecsXmlParser( 1763): limit: measured-frame-rate-176x144-range = 1246-1390
06-20 08:00:01.136 I/MediaCodecsXmlParser( 1763): limit: measured-frame-rate-352x288-range = 1121-1128
06-20 08:00:01.136 I/MediaCodecsXmlParser( 1763): limit: measured-frame-rate-320x240-range = 299-629
06-20 08:00:01.137 I/MediaCodecsXmlParser( 1763): limit: measured-frame-rate-720x480-range = 215-250
06-20 08:00:01.137 I/MediaCodecsXmlParser( 1763): limit: measured-frame-rate-1280x720-range = 75-85
06-20 08:00:01.137 I/MediaCodecsXmlParser( 1763): limit: measured-frame-rate-1920x1080-range = 31-34
06-20 08:00:01.137 I/MediaCodecsXmlParser( 1763): limit: measured-frame-rate-352x288-range = 754-817
06-20 08:00:01.137 I/MediaCodecsXmlParser( 1763): limit: measured-frame-rate-640x360-range = 323-394
06-20 08:00:01.137 I/MediaCodecsXmlParser( 1763): limit: measured-frame-rate-720x480-range = 349-372
06-20 08:00:01.137 I/MediaCodecsXmlParser( 1763): limit: measured-frame-rate-1280x720-range = 144-157
06-20 08:00:01.137 I/MediaCodecsXmlParser( 1763): limit: measured-frame-rate-1920x1080-range = 74-85
06-20 08:00:01.137 I/MediaCodecsXmlParser( 1763): limit: measured-frame-rate-176x144-range = 1439-1625
06-20 08:00:01.137 I/MediaCodecsXmlParser( 1763): limit: measured-frame-rate-320x180-range = 1129-1261
06-20 08:00:01.137 I/MediaCodecsXmlParser( 1763): limit: measured-frame-rate-640x360-range = 471-525
06-20 08:00:01.137 I/MediaCodecsXmlParser( 1763): limit: measured-frame-rate-1280x720-range = 126-145
06-20 08:00:01.137 I/MediaCodecsXmlParser( 1763): limit: measured-frame-rate-1920x1080-range = 48-51
06-20 08:00:01.137 I/MediaCodecsXmlParser( 1763): limit: measured-frame-rate-2160x2160-range = 31-34
06-20 08:00:01.137 I/MediaCodecsXmlParser( 1763): limit: measured-frame-rate-320x180-range = 968-1101
06-20 08:00:01.137 I/MediaCodecsXmlParser( 1763): limit: measured-frame-rate-640x360-range = 291-338
06-20 08:00:01.137 I/MediaCodecsXmlParser( 1763): limit: measured-frame-rate-1280x720-range = 280-400
06-20 08:00:01.137 I/MediaCodecsXmlParser( 1763): limit: measured-frame-rate-1920x1080-range = 178-240
06-20 08:00:01.137 I/MediaCodecsXmlParser( 1763): limit: measured-frame-rate-2560x1440-range = 31-34
06-20 08:00:01.137 D/MediaCodecsXmlParser( 1763): Cannot find /data/misc/media/media_codecs_profiling_results.xml
06-20 08:00:01.144 I/hwservicemanager( 1567): getTransport: Cannot find entry android.hardware.audio@5.0::IDevicesFactory/default in either framework or device manifest.
06-20 08:00:01.147 I/ServiceManagement( 1763): Registered android.hardware.media.omx@1.0::IOmx/default (start delay of 543ms)
06-20 08:00:01.147 I/ServiceManagement( 1763): Removing namespace from process name android.hardware.media.omx@1.0-service to omx@1.0-service.
06-20 08:00:01.147 I/media.codec( 1763): IOmx HAL service created.
06-20 08:00:01.147 D/MediaCodecsXmlParser( 1763): parsing /vendor/etc/media_codecs.xml...
06-20 08:00:01.147 D/MediaCodecsXmlParser( 1763): parsing /vendor/etc/media_codecs_google_audio.xml...
06-20 08:00:01.147 I/MediaCodecsXmlParser( 1763): limit: max-channel-count = 2
06-20 08:00:01.147 I/MediaCodecsXmlParser( 1763): limit: sample-rate-ranges = 8000,11025,12000,16000,22050,24000,32000,44100,48000
06-20 08:00:01.147 I/MediaCodecsXmlParser( 1763): limit: bitrate-range = 8000-320000
06-20 08:00:01.147 I/MediaCodecsXmlParser( 1763): limit: max-channel-count = 1
06-20 08:00:01.147 I/MediaCodecsXmlParser( 1763): limit: sample-rate-ranges = 8000
06-20 08:00:01.147 I/MediaCodecsXmlParser( 1763): limit: bitrate-range = 4750-12200
06-20 08:00:01.147 I/MediaCodecsXmlParser( 1763): limit: max-channel-count = 1
06-20 08:00:01.147 I/MediaCodecsXmlParser( 1763): limit: sample-rate-ranges = 16000
06-20 08:00:01.147 I/MediaCodecsXmlParser( 1763): limit: bitrate-range = 6600-23850
06-20 08:00:01.147 I/MediaCodecsXmlParser( 1763): limit: max-channel-count = 8
06-20 08:00:01.147 I/MediaCodecsXmlParser( 1763): limit: sample-rate-ranges = 7350,8000,11025,12000,16000,22050,24000,32000,44100,48000
06-20 08:00:01.147 I/MediaCodecsXmlParser( 1763): limit: bitrate-range = 8000-960000
06-20 08:00:01.147 I/MediaCodecsXmlParser( 1763): limit: max-channel-count = 1
06-20 08:00:01.147 I/MediaCodecsXmlParser( 1763): limit: sample-rate-ranges = 8000-48000
06-20 08:00:01.147 I/MediaCodecsXmlParser( 1763): limit: bitrate-range = 64000
06-20 08:00:01.147 I/MediaCodecsXmlParser( 1763): limit: max-channel-count = 1
06-20 08:00:01.147 I/MediaCodecsXmlParser( 1763): limit: sample-rate-ranges = 8000-48000
06-20 08:00:01.147 I/MediaCodecsXmlParser( 1763): limit: bitrate-range = 64000
06-20 08:00:01.147 I/MediaCodecsXmlParser( 1763): limit: max-channel-count = 8
06-20 08:00:01.147 I/MediaCodecsXmlParser( 1763): limit: sample-rate-ranges = 8000-96000
06-20 08:00:01.147 I/MediaCodecsXmlParser( 1763): limit: bitrate-range = 32000-500000
06-20 08:00:01.147 I/MediaCodecsXmlParser( 1763): limit: max-channel-count = 8
06-20 08:00:01.147 I/MediaCodecsXmlParser( 1763): limit: sample-rate-ranges = 48000
06-20 08:00:01.147 I/MediaCodecsXmlParser( 1763): limit: bitrate-range = 6000-510000
06-20 08:00:01.147 I/MediaCodecsXmlParser( 1763): limit: max-channel-count = 8
06-20 08:00:01.147 I/MediaCodecsXmlParser( 1763): limit: sample-rate-ranges = 8000-192000
06-20 08:00:01.147 I/MediaCodecsXmlParser( 1763): limit: bitrate-range = 1-10000000
06-20 08:00:01.147 I/MediaCodecsXmlParser( 1763): limit: max-channel-count = 8
06-20 08:00:01.147 I/MediaCodecsXmlParser( 1763): limit: sample-rate-ranges = 1-655350
06-20 08:00:01.147 I/MediaCodecsXmlParser( 1763): limit: bitrate-range = 1-21000000
06-20 08:00:01.147 I/MediaCodecsXmlParser( 1763): limit: max-channel-count = 6
06-20 08:00:01.147 I/MediaCodecsXmlParser( 1763): limit: sample-rate-ranges = 8000,11025,12000,16000,22050,24000,32000,44100,48000
06-20 08:00:01.148 I/MediaCodecsXmlParser( 1763): limit: bitrate-range = 8000-960000
06-20 08:00:01.148 I/MediaCodecsXmlParser( 1763): limit: max-channel-count = 1
06-20 08:00:01.148 I/MediaCodecsXmlParser( 1763): limit: sample-rate-ranges = 8000
06-20 08:00:01.148 I/MediaCodecsXmlParser( 1763): limit: bitrate-range = 4750-12200
06-20 08:00:01.148 I/MediaCodecsXmlParser( 1763): limit: feature-bitrate-modes = CBR
06-20 08:00:01.148 I/MediaCodecsXmlParser( 1763): limit: max-channel-count = 1
06-20 08:00:01.148 I/MediaCodecsXmlParser( 1763): limit: sample-rate-ranges = 16000
06-20 08:00:01.148 I/MediaCodecsXmlParser( 1763): limit: bitrate-range = 6600-23850
06-20 08:00:01.148 I/MediaCodecsXmlParser( 1763): limit: feature-bitrate-modes = CBR
06-20 08:00:01.148 I/MediaCodecsXmlParser( 1763): limit: max-channel-count = 2
06-20 08:00:01.148 I/MediaCodecsXmlParser( 1763): limit: sample-rate-ranges = 1-655350
06-20 08:00:01.148 I/MediaCodecsXmlParser( 1763): limit: bitrate-range = 1-21000000
06-20 08:00:01.148 I/MediaCodecsXmlParser( 1763): limit: complexity-default = 5
06-20 08:00:01.148 I/MediaCodecsXmlParser( 1763): limit: complexity-range = 0-8
06-20 08:00:01.148 I/MediaCodecsXmlParser( 1763): limit: feature-bitrate-modes = CQ
06-20 08:00:01.148 D/MediaCodecsXmlParser( 1763): parsing /vendor/etc/media_codecs_google_telephony.xml...
06-20 08:00:01.148 I/MediaCodecsXmlParser( 1763): limit: max-channel-count = 1
06-20 08:00:01.148 I/MediaCodecsXmlParser( 1763): limit: sample-rate-ranges = 8000
06-20 08:00:01.148 I/MediaCodecsXmlParser( 1763): limit: bitrate-range = 13000
06-20 08:00:01.148 D/MediaCodecsXmlParser( 1763): parsing /vendor/etc/media_codecs_google_video.xml...
06-20 08:00:01.148 I/MediaCodecsXmlParser( 1763): limit: size-range = 2x2-352x288
06-20 08:00:01.148 I/MediaCodecsXmlParser( 1763): limit: alignment = 2x2
06-20 08:00:01.148 I/MediaCodecsXmlParser( 1763): limit: block-size = 16x16
06-20 08:00:01.148 I/MediaCodecsXmlParser( 1763): limit: blocks-per-second-range = 12-11880
06-20 08:00:01.148 I/MediaCodecsXmlParser( 1763): limit: bitrate-range = 1-384000
06-20 08:00:01.148 I/MediaCodecsXmlParser( 1763): limit: performance-point-1920x1080-range = 30-30
06-20 08:00:01.148 I/MediaCodecsXmlParser( 1763): limit: feature-adaptive-playback = 0
06-20 08:00:01.148 I/MediaCodecsXmlParser( 1763): limit: size-range = 2x2-352x288
06-20 08:00:01.148 I/MediaCodecsXmlParser( 1763): limit: alignment = 2x2
06-20 08:00:01.148 I/MediaCodecsXmlParser( 1763): limit: bitrate-range = 1-384000
06-20 08:00:01.148 I/MediaCodecsXmlParser( 1763): limit: performance-point-1920x1080-range = 30-30
06-20 08:00:01.148 I/MediaCodecsXmlParser( 1763): limit: feature-adaptive-playback = 0
06-20 08:00:01.148 I/MediaCodecsXmlParser( 1763): limit: size-range = 96x96-3840x2160
06-20 08:00:01.148 I/MediaCodecsXmlParser( 1763): limit: alignment = 2x2
06-20 08:00:01.148 I/MediaCodecsXmlParser( 1763): limit: block-size = 16x16
06-20 08:00:01.148 I/MediaCodecsXmlParser( 1763): limit: blocks-per-second-range = 24-2073600
06-20 08:00:01.148 I/MediaCodecsXmlParser( 1763): limit: bitrate-range = 1-120000000
06-20 08:00:01.148 I/MediaCodecsXmlParser( 1763): limit: frame-rate-range = 1-480
06-20 08:00:01.148 I/MediaCodecsXmlParser( 1763): limit: performance-point-3840x2160-range = 60-60
06-20 08:00:01.148 I/MediaCodecsXmlParser( 1763): limit: measured-frame-rate-320x240-range = 257-266
06-20 08:00:01.148 I/MediaCodecsXmlParser( 1763): limit: measured-frame-rate-720x480-range = 262-264
06-20 08:00:01.148 I/MediaCodecsXmlParser( 1763): limit: measured-frame-rate-1280x720-range = 227-251
06-20 08:00:01.148 I/MediaCodecsXmlParser( 1763): limit: measured-frame-rate-1920x1080-range = 235-247
06-20 08:00:01.148 I/MediaCodecsXmlParser( 1763): limit: measured-frame-rate-3840x2160-range = 235-247
06-20 08:00:01.148 I/MediaCodecsXmlParser( 1763): limit: feature-adaptive-playback = 0
06-20 08:00:01.148 I/MediaCodecsXmlParser( 1763): limit: size-range = 2x2-2560x2560
06-20 08:00:01.148 I/MediaCodecsXmlParser( 1763): limit: alignment = 2x2
06-20 08:00:01.148 I/MediaCodecsXmlParser( 1763): limit: block-size = 16x16
06-20 08:00:01.148 I/MediaCodecsXmlParser( 1763): limit: blocks-per-second-range = 24-2073600
06-20 08:00:01.148 I/MediaCodecsXmlParser( 1763): limit: bitrate-range = 1-120000000
06-20 08:00:01.148 I/MediaCodecsXmlParser( 1763): limit: frame-rate-range = 1-480
06-20 08:00:01.148 I/MediaCodecsXmlParser( 1763): limit: performance-point-1920x1088-range = 30-30
06-20 08:00:01.148 I/MediaCodecsXmlParser( 1763): limit: measured-frame-rate-320x240-range = 183-183
06-20 08:00:01.148 I/MediaCodecsXmlParser( 1763): limit: measured-frame-rate-720x480-range = 181-181
06-20 08:00:01.148 I/MediaCodecsXmlParser( 1763): limit: measured-frame-rate-1280x720-range = 182-184
06-20 08:00:01.148 I/MediaCodecsXmlParser( 1763): limit: measured-frame-rate-1920x1080-range = 30-40
06-20 08:00:01.148 I/MediaCodecsXmlParser( 1763): limit: feature-adaptive-playback = 0
06-20 08:00:01.148 I/MediaCodecsXmlParser( 1763): limit: size-range = 2x2-2048x2048
06-20 08:00:01.148 I/MediaCodecsXmlParser( 1763): limit: alignment = 2x2
06-20 08:00:01.148 I/MediaCodecsXmlParser( 1763): limit: block-size = 8x8
06-20 08:00:01.148 I/MediaCodecsXmlParser( 1763): limit: block-count-range = 1-139264
06-20 08:00:01.148 I/MediaCodecsXmlParser( 1763): limit: blocks-per-second-range = 1-2000000
06-20 08:00:01.148 I/MediaCodecsXmlParser( 1763): limit: bitrate-range = 1-10000000
06-20 08:00:01.148 I/MediaCodecsXmlParser( 1763): limit: performance-point-1920x1080-range = 30-30
06-20 08:00:01.149 I/MediaCodecsXmlParser( 1763): limit: feature-adaptive-playback = 0
06-20 08:00:01.149 I/MediaCodecsXmlParser( 1763): limit: size-range = 144x144-3840x2160
06-20 08:00:01.149 I/MediaCodecsXmlParser( 1763): limit: alignment = 2x2
06-20 08:00:01.149 I/MediaCodecsXmlParser( 1763): limit: block-size = 16x16
06-20 08:00:01.149 I/MediaCodecsXmlParser( 1763): limit: blocks-per-second-range = 24-2073600
06-20 08:00:01.149 I/MediaCodecsXmlParser( 1763): limit: bitrate-range = 1-120000000
06-20 08:00:01.149 I/MediaCodecsXmlParser( 1763): limit: frame-rate-range = 1-480
06-20 08:00:01.149 I/MediaCodecsXmlParser( 1763): limit: performance-point-3840x2160-range = 60-60
06-20 08:00:01.149 I/MediaCodecsXmlParser( 1763): limit: measured-frame-rate-320x180-range = 743-817
06-20 08:00:01.149 I/MediaCodecsXmlParser( 1763): limit: measured-frame-rate-640x360-range = 582-602
06-20 08:00:01.149 I/MediaCodecsXmlParser( 1763): limit: measured-frame-rate-1280x720-range = 237-258
06-20 08:00:01.149 I/MediaCodecsXmlParser( 1763): limit: measured-frame-rate-1920x1080-range = 148-151
06-20 08:00:01.149 I/MediaCodecsXmlParser( 1763): limit: measured-frame-rate-3840x2160-range = 30-90
06-20 08:00:01.149 I/MediaCodecsXmlParser( 1763): limit: feature-adaptive-playback = 0
06-20 08:00:01.149 I/MediaCodecsXmlParser( 1763): limit: size-range = 144x144-3840x2160
06-20 08:00:01.149 I/MediaCodecsXmlParser( 1763): limit: alignment = 2x2
06-20 08:00:01.149 I/MediaCodecsXmlParser( 1763): limit: block-size = 16x16
06-20 08:00:01.149 I/MediaCodecsXmlParser( 1763): limit: blocks-per-second-range = 24-2073600
06-20 08:00:01.149 I/MediaCodecsXmlParser( 1763): limit: bitrate-range = 1-120000000
06-20 08:00:01.149 I/MediaCodecsXmlParser( 1763): limit: frame-rate-range = 1-480
06-20 08:00:01.149 I/MediaCodecsXmlParser( 1763): limit: performance-point-3840x2160-range = 60-60
06-20 08:00:01.149 I/MediaCodecsXmlParser( 1763): limit: measured-frame-rate-320x180-range = 743-817
06-20 08:00:01.149 I/MediaCodecsXmlParser( 1763): limit: measured-frame-rate-640x360-range = 582-602
06-20 08:00:01.149 I/MediaCodecsXmlParser( 1763): limit: measured-frame-rate-1280x720-range = 237-258
06-20 08:00:01.149 I/MediaCodecsXmlParser( 1763): limit: measured-frame-rate-1920x1080-range = 50-60
06-20 08:00:01.149 I/MediaCodecsXmlParser( 1763): limit: measured-frame-rate-3840x2160-range = 30-90
06-20 08:00:01.149 I/MediaCodecsXmlParser( 1763): limit: feature-adaptive-playback = 0
06-20 08:00:01.149 I/MediaCodecsXmlParser( 1763): limit: size-range = 2x2-2560x2560
06-20 08:00:01.149 I/MediaCodecsXmlParser( 1763): limit: alignment = 2x2
06-20 08:00:01.149 I/MediaCodecsXmlParser( 1763): limit: block-size = 16x16
06-20 08:00:01.149 I/MediaCodecsXmlParser( 1763): limit: blocks-per-second-range = 24-2073600
06-20 08:00:01.149 I/MediaCodecsXmlParser( 1763): limit: bitrate-range = 1-120000000
06-20 08:00:01.149 I/MediaCodecsXmlParser( 1763): limit: frame-rate-range = 1-480
06-20 08:00:01.149 I/MediaCodecsXmlParser( 1763): limit: performance-point-1920x1088-range = 60-60
06-20 08:00:01.149 I/MediaCodecsXmlParser( 1763): limit: measured-frame-rate-320x240-range = 183-183
06-20 08:00:01.149 I/MediaCodecsXmlParser( 1763): limit: measured-frame-rate-720x480-range = 181-181
06-20 08:00:01.149 I/MediaCodecsXmlParser( 1763): limit: measured-frame-rate-1280x720-range = 182-184
06-20 08:00:01.149 I/MediaCodecsXmlParser( 1763): limit: measured-frame-rate-1920x1088-range = 50-60
06-20 08:00:01.149 I/MediaCodecsXmlParser( 1763): limit: measured-frame-rate-2560x1440-range = 30-40
06-20 08:00:01.149 I/MediaCodecsXmlParser( 1763): limit: feature-adaptive-playback = 0
06-20 08:00:01.149 I/MediaCodecsXmlParser( 1763): limit: size-range = 2x2-2560x2560
06-20 08:00:01.149 I/MediaCodecsXmlParser( 1763): limit: alignment = 2x2
06-20 08:00:01.149 I/MediaCodecsXmlParser( 1763): limit: block-size = 16x16
06-20 08:00:01.149 I/MediaCodecsXmlParser( 1763): limit: blocks-per-second-range = 24-2073600
06-20 08:00:01.149 I/MediaCodecsXmlParser( 1763): limit: bitrate-range = 1-120000000
06-20 08:00:01.149 I/MediaCodecsXmlParser( 1763): limit: frame-rate-range = 1-480
06-20 08:00:01.149 I/MediaCodecsXmlParser( 1763): limit: performance-point-1920x1088-range = 60-60
06-20 08:00:01.149 I/MediaCodecsXmlParser( 1763): limit: measured-frame-rate-320x240-range = 183-183
06-20 08:00:01.149 I/MediaCodecsXmlParser( 1763): limit: measured-frame-rate-720x480-range = 181-181
06-20 08:00:01.149 I/MediaCodecsXmlParser( 1763): limit: measured-frame-rate-1280x720-range = 121-125
06-20 08:00:01.149 I/MediaCodecsXmlParser( 1763): limit: measured-frame-rate-1920x1088-range = 148-151
06-20 08:00:01.149 I/MediaCodecsXmlParser( 1763): limit: measured-frame-rate-2560x1440-range = 30-40
06-20 08:00:01.149 I/MediaCodecsXmlParser( 1763): limit: feature-adaptive-playback = 0
06-20 08:00:01.149 I/MediaCodecsXmlParser( 1763): limit: size-range = 176x144-176x144
06-20 08:00:01.149 I/MediaCodecsXmlParser( 1763): limit: alignment = 16x16
06-20 08:00:01.149 I/MediaCodecsXmlParser( 1763): limit: bitrate-range = 1-128000
06-20 08:00:01.149 I/MediaCodecsXmlParser( 1763): limit: size-range = 16x16-1920x1088
06-20 08:00:01.149 I/MediaCodecsXmlParser( 1763): limit: alignment = 2x2
06-20 08:00:01.149 I/MediaCodecsXmlParser( 1763): limit: block-size = 16x16
06-20 08:00:01.149 I/MediaCodecsXmlParser( 1763): limit: blocks-per-second-range = 1-244800
06-20 08:00:01.149 I/MediaCodecsXmlParser( 1763): limit: bitrate-range = 1-20000000
06-20 08:00:01.149 I/MediaCodecsXmlParser( 1763): limit: feature-intra-refresh = 0
06-20 08:00:01.149 I/MediaCodecsXmlParser( 1763): limit: size-range = 16x16-176x144
06-20 08:00:01.149 I/MediaCodecsXmlParser( 1763): limit: alignment = 16x16
06-20 08:00:01.149 I/MediaCodecsXmlParser( 1763): limit: block-size = 16x16
06-20 08:00:01.149 I/MediaCodecsXmlParser( 1763): limit: blocks-per-second-range = 12-1485
06-20 08:00:01.149 I/MediaCodecsXmlParser( 1763): limit: bitrate-range = 1-64000
06-20 08:00:01.150 I/MediaCodecsXmlParser( 1763): limit: size-range = 2x2-2048x2048
06-20 08:00:01.150 I/MediaCodecsXmlParser( 1763): limit: alignment = 2x2
06-20 08:00:01.150 I/MediaCodecsXmlParser( 1763): limit: bitrate-range = 1-40000000
06-20 08:00:01.150 I/MediaCodecsXmlParser( 1763): limit: feature-bitrate-modes = VBR,CBR
06-20 08:00:01.150 D/MediaCodecsXmlParser( 1763): parsing /vendor/etc/media_codecs_performance.xml...
06-20 08:00:01.150 I/MediaCodecsXmlParser( 1763): limit: measured-frame-rate-176x144-range = 849-1008
06-20 08:00:01.150 I/MediaCodecsXmlParser( 1763): limit: measured-frame-rate-320x240-range = 496-629
06-20 08:00:01.150 I/MediaCodecsXmlParser( 1763): limit: measured-frame-rate-720x480-range = 197-203
06-20 08:00:01.150 I/MediaCodecsXmlParser( 1763): limit: measured-frame-rate-1280x720-range = 93-97
06-20 08:00:01.150 I/MediaCodecsXmlParser( 1763): limit: measured-frame-rate-1920x1080-range = 45-47
06-20 08:00:01.150 I/MediaCodecsXmlParser( 1763): limit: measured-frame-rate-176x144-range = 881-1142
06-20 08:00:01.150 I/MediaCodecsXmlParser( 1763): limit: measured-frame-rate-320x180-range = 249-285
06-20 08:00:01.150 I/MediaCodecsXmlParser( 1763): limit: measured-frame-rate-640x360-range = 104-115
06-20 08:00:01.150 I/MediaCodecsXmlParser( 1763): limit: measured-frame-rate-1280x720-range = 34-35
06-20 08:00:01.150 I/MediaCodecsXmlParser( 1763): limit: measured-frame-rate-1920x1080-range = 26-29
06-20 08:00:01.150 I/MediaCodecsXmlParser( 1763): limit: measured-frame-rate-176x144-range = 1246-1390
06-20 08:00:01.150 I/MediaCodecsXmlParser( 1763): limit: measured-frame-rate-352x288-range = 1121-1128
06-20 08:00:01.150 I/MediaCodecsXmlParser( 1763): limit: measured-frame-rate-320x240-range = 299-629
06-20 08:00:01.150 I/MediaCodecsXmlParser( 1763): limit: measured-frame-rate-720x480-range = 215-250
06-20 08:00:01.150 I/MediaCodecsXmlParser( 1763): limit: measured-frame-rate-1280x720-range = 75-85
06-20 08:00:01.150 I/MediaCodecsXmlParser( 1763): limit: measured-frame-rate-1920x1080-range = 31-34
06-20 08:00:01.150 I/MediaCodecsXmlParser( 1763): limit: measured-frame-rate-352x288-range = 754-817
06-20 08:00:01.150 I/MediaCodecsXmlParser( 1763): limit: measured-frame-rate-640x360-range = 323-394
06-20 08:00:01.150 I/MediaCodecsXmlParser( 1763): limit: measured-frame-rate-720x480-range = 349-372
06-20 08:00:01.150 I/MediaCodecsXmlParser( 1763): limit: measured-frame-rate-1280x720-range = 144-157
06-20 08:00:01.150 I/MediaCodecsXmlParser( 1763): limit: measured-frame-rate-1920x1080-range = 74-85
06-20 08:00:01.150 I/MediaCodecsXmlParser( 1763): limit: measured-frame-rate-176x144-range = 1439-1625
06-20 08:00:01.150 I/MediaCodecsXmlParser( 1763): limit: measured-frame-rate-320x180-range = 1129-1261
06-20 08:00:01.150 I/MediaCodecsXmlParser( 1763): limit: measured-frame-rate-640x360-range = 471-525
06-20 08:00:01.150 I/MediaCodecsXmlParser( 1763): limit: measured-frame-rate-1280x720-range = 126-145
06-20 08:00:01.150 I/MediaCodecsXmlParser( 1763): limit: measured-frame-rate-1920x1080-range = 48-51
06-20 08:00:01.150 I/MediaCodecsXmlParser( 1763): limit: measured-frame-rate-2160x2160-range = 31-34
06-20 08:00:01.150 I/MediaCodecsXmlParser( 1763): limit: measured-frame-rate-320x180-range = 968-1101
06-20 08:00:01.150 I/MediaCodecsXmlParser( 1763): limit: measured-frame-rate-640x360-range = 291-338
06-20 08:00:01.150 I/MediaCodecsXmlParser( 1763): limit: measured-frame-rate-1280x720-range = 280-400
06-20 08:00:01.150 I/MediaCodecsXmlParser( 1763): limit: measured-frame-rate-1920x1080-range = 178-240
06-20 08:00:01.150 I/MediaCodecsXmlParser( 1763): limit: measured-frame-rate-2560x1440-range = 31-34
06-20 08:00:01.150 D/MediaCodecsXmlParser( 1763): Cannot find /data/misc/media/media_codecs_profiling_results.xml
06-20 08:00:01.179 I/ServiceManagement( 1763): Registered android.hardware.media.omx@1.0::IOmxStore/default (start delay of 575ms)
06-20 08:00:01.179 I/ServiceManagement( 1763): Removing namespace from process name android.hardware.media.omx@1.0-service to omx@1.0-service.
06-20 08:00:01.183 I/netd    ( 1660): Setting up StrictController hooks: 341.4ms
06-20 08:00:01.183 I/ClatdController( 1660): 4.9+ kernel and device shipped with P - clat ebpf might work.
06-20 08:00:01.183 I/netd    ( 1660): Initializing ClatdController: 0.1ms
06-20 08:00:01.186 I/netd    ( 1660): Initializing traffic control: 2.2ms
06-20 08:00:01.187 I/netd    ( 1660): Enabling bandwidth control: 1.1ms
06-20 08:00:01.187 E/Netd    ( 1660): cannot find interface dummy0
06-20 08:00:01.187 I/netd    ( 1660): Initializing RouteController: 0.3ms
06-20 08:00:01.187 D/XfrmController( 1660): XfrmController::ipSecAddXfrmInterface, line=1379
