06-20 08:00:01.188 D/XfrmController( 1660): XfrmController::ipSecRemoveTunnelInterface, line=1592
06-20 08:00:01.188 D/XfrmController( 1660): deviceName=ipsec_test
06-20 08:00:01.193 E/audiohalservice( 1668): Could not get passthrough implementation for android.hardware.audio@5.0::IDevicesFactory/default.
06-20 08:00:01.204 I/ServiceManagement( 1668): Registered android.hardware.audio@4.0::IDevicesFactory/default (start delay of 950ms)
06-20 08:00:01.204 I/ServiceManagement( 1668): Removing namespace from process name android.hardware.audio@2.0-service to audio@2.0-service.
06-20 08:00:01.204 I/audiohalservice( 1668): Registration complete for android.hardware.audio@4.0::IDevicesFactory/default.
06-20 08:00:01.204 I/hwservicemanager( 1567): getTransport: Cannot find entry android.hardware.audio.effect@5.0::IEffectsFactory/default in either framework or device manifest.
06-20 08:00:01.205 E/audiohalservice( 1668): Could not get passthrough implementation for android.hardware.audio.effect@5.0::IEffectsFactory/default.
06-20 08:00:01.212 I/ServiceManagement( 1668): Registered android.hardware.audio.effect@4.0::IEffectsFactory/default (start delay of 958ms)
06-20 08:00:01.212 I/audiohalservice( 1668): Registration complete for android.hardware.audio.effect@4.0::IEffectsFactory/default.
06-20 08:00:01.212 I/hwservicemanager( 1567): getTransport: Cannot find entry android.hardware.soundtrigger@2.2::ISoundTriggerHw/default in either framework or device manifest.
06-20 08:00:01.212 E/audiohalservice( 1668): Could not get passthrough implementation for android.hardware.soundtrigger@2.2::ISoundTriggerHw/default.
06-20 08:00:01.212 I/hwservicemanager( 1567): getTransport: Cannot find entry android.hardware.soundtrigger@2.1::ISoundTriggerHw/default in either framework or device manifest.
06-20 08:00:01.212 E/audiohalservice( 1668): Could not get passthrough implementation for android.hardware.soundtrigger@2.1::ISoundTriggerHw/default.
06-20 08:00:01.212 I/hwservicemanager( 1567): getTransport: Cannot find entry android.hardware.soundtrigger@2.0::ISoundTriggerHw/default in either framework or device manifest.
06-20 08:00:01.220 D/AndroidRuntime( 1661): >>>>>> START com.android.internal.os.ZygoteInit uid 0 <<<<<<
06-20 08:00:01.223 E/SoundTriggerHalImpl( 1668): couldn't load sound trigger module sound_trigger.primary (No such file or directory)
06-20 08:00:01.224 D/XfrmController( 1660): Sending Netlink XFRM Message: XFRM_MSG_FLUSHSA
06-20 08:00:01.224 D/XfrmController( 1660): Sending Netlink XFRM Message: XFRM_MSG_FLUSHPOLICY
06-20 08:00:01.224 I/netd    ( 1660): Initializing XfrmController: 36.6ms
06-20 08:00:01.224 I/ServiceManagement( 1668): Registered android.hardware.soundtrigger@2.0::ISoundTriggerHw/default (start delay of 970ms)
06-20 08:00:01.224 I/audiohalservice( 1668): Registration complete for android.hardware.soundtrigger@2.0::ISoundTriggerHw/default.
06-20 08:00:01.224 E/Netd    ( 1660): Unable to create netlink socket for family 5: Protocol not supported
06-20 08:00:01.224 W/Netd    ( 1660): Unable to open qlog quota socket, check if xt_quota2 can send via UeventHandler
06-20 08:00:01.224 I/hwservicemanager( 1567): getTransport: Cannot find entry android.hardware.bluetooth.audio@2.0::IBluetoothAudioProvidersFactory/default in either framework or device manifest.
06-20 08:00:01.224 E/audiohalservice( 1668): Could not get passthrough implementation for android.hardware.bluetooth.audio@2.0::IBluetoothAudioProvidersFactory/default.
06-20 08:00:01.224 W/audiohalservice( 1668): Could not register Bluetooth Audio API 2.0
06-20 08:00:01.224 I/hwservicemanager( 1567): getTransport: Cannot find entry android.hardware.bluetooth.a2dp@1.0::IBluetoothAudioOffload/default in either framework or device manifest.
06-20 08:00:01.224 E/audiohalservice( 1668): Could not get passthrough implementation for android.hardware.bluetooth.a2dp@1.0::IBluetoothAudioOffload/default.
06-20 08:00:01.224 W/audiohalservice( 1668): Could not register Bluetooth audio offload 1.0
06-20 08:00:01.225 I/ServiceManager( 1759): Waiting for service 'package_native' on '/dev/binder'...
06-20 08:00:01.227 I/libnetd_resolv( 1660): resolv_init: Initializing resolver
06-20 08:00:01.227 D/MDnsDS  ( 1660): MDnsSdListener::Hander starting up
06-20 08:00:01.227 I/netd    ( 1660): Registering NetdNativeService: 0.1ms
06-20 08:00:01.228 I/ServiceManagement( 1660): Registered android.system.net.netd@1.1::INetd/default (start delay of 1034ms)
06-20 08:00:01.228 I/netd    ( 1660): Registering NetdHwService: 0.5ms
06-20 08:00:01.228 I/netd    ( 1660): Netd started in 973ms
06-20 08:00:01.237 I/cameraserver( 1742): ServiceManager: 0x7f7f24717100
06-20 08:00:01.239 I/CameraService( 1742): CameraService started (pid=1742)
06-20 08:00:01.239 I/CameraService( 1742): CameraService process starting
06-20 08:00:01.239 W/BatteryNotifier( 1742): batterystats service unavailable!
06-20 08:00:01.239 W/BatteryNotifier( 1742): batterystats service unavailable!
06-20 08:00:01.243 I/CameraProviderManager( 1742): Connecting to new camera provider: legacy/0, isRemote? 1
06-20 08:00:01.243 I/CameraProviderManager( 1742): Camera provider legacy/0 ready with 0 camera devices
06-20 08:00:01.243 I/hwservicemanager( 1567): getTransport: Cannot find entry android.hardware.camera.provider@2.4::ICameraProvider/external/0 in either framework or device manifest.
06-20 08:00:01.243 I/        ( 1742): Waiting for activity service
06-20 08:00:01.244 D/MDnsDS  ( 1660): MDnsSdListener starting to monitor
06-20 08:00:01.244 D/MDnsDS  ( 1660): Going to poll with pollCount 1
06-20 08:00:01.252 D/AndroidRuntime( 1662): >>>>>> START com.android.internal.os.ZygoteInit uid 0 <<<<<<
06-20 08:00:01.269 W/CameraProviderManager( 1742): addProviderLocked: Camera provider HAL with name 'legacy/0' already registered
06-20 08:00:01.287 D/RenderEngine( 1723): shader cache generated - 48 shaders in 209.708130 ms
06-20 08:00:01.288 I/ServiceManagement( 1723): Registered android.frameworks.displayservice@1.0::IDisplayService/default (start delay of 904ms)
06-20 08:00:01.288 D/SurfaceFlinger( 1723): Setting power mode 2 on display 0
06-20 08:00:01.288 D/SurfaceFlinger( 1723): Finished setting power mode 2 on display 0
06-20 08:00:01.322 I/mediaserver( 1757): ServiceManager: 0xec706ca0
06-20 08:00:01.325 I/AndroidRuntime( 1661): Using default boot image
06-20 08:00:01.325 I/AndroidRuntime( 1661): Leaving lock profiling enabled
06-20 08:00:01.326 I/ServiceManager( 1759): Waiting for service 'package_native' on '/dev/binder'...
06-20 08:00:01.336 I/AndroidRuntime( 1662): Using default boot image
06-20 08:00:01.336 I/AndroidRuntime( 1662): Leaving lock profiling enabled
06-20 08:00:01.337 I/zygote64( 1661): option[0]=-Xzygote
06-20 08:00:01.337 I/zygote64( 1661): option[1]=exit
06-20 08:00:01.337 I/zygote64( 1661): option[2]=vfprintf
06-20 08:00:01.337 I/zygote64( 1661): option[3]=sensitiveThread
06-20 08:00:01.337 I/zygote64( 1661): option[4]=-verbose:gc
06-20 08:00:01.337 I/zygote64( 1661): option[5]=-Xms4m
06-20 08:00:01.337 I/zygote64( 1661): option[6]=-Xmx512m
06-20 08:00:01.337 I/zygote64( 1661): option[7]=-Xusejit:true
06-20 08:00:01.338 I/zygote64( 1661): option[8]=-Xjitsaveprofilinginfo
06-20 08:00:01.338 I/zygote64( 1661): option[9]=-XjdwpOptions:suspend=n,server=y
06-20 08:00:01.338 I/zygote64( 1661): option[10]=-XjdwpProvider:default
06-20 08:00:01.338 I/zygote64( 1661): option[11]=-Xlockprofthreshold:500
06-20 08:00:01.338 I/zygote64( 1661): option[12]=-Ximage-compiler-option
06-20 08:00:01.338 I/zygote64( 1661): option[13]=--runtime-arg
06-20 08:00:01.338 I/zygote64( 1661): option[14]=-Ximage-compiler-option
06-20 08:00:01.338 I/zygote64( 1661): option[15]=-Xms64m
06-20 08:00:01.338 I/zygote64( 1661): option[16]=-Ximage-compiler-option
06-20 08:00:01.338 I/zygote64( 1661): option[17]=--runtime-arg
06-20 08:00:01.338 I/zygote64( 1661): option[18]=-Ximage-compiler-option
06-20 08:00:01.338 I/zygote64( 1661): option[19]=-Xmx64m
06-20 08:00:01.338 I/zygote64( 1661): option[20]=-Ximage-compiler-option
06-20 08:00:01.338 I/zygote64( 1661): option[21]=--profile-file=/system/etc/boot-image.prof
06-20 08:00:01.338 I/zygote64( 1661): option[22]=-Ximage-compiler-option
06-20 08:00:01.338 I/zygote64( 1661): option[23]=--compiler-filter=speed-profile
06-20 08:00:01.338 I/zygote64( 1661): option[24]=-Xcompiler-option
06-20 08:00:01.338 I/zygote64( 1661): option[25]=--runtime-arg
06-20 08:00:01.338 I/zygote64( 1661): option[26]=-Xcompiler-option
06-20 08:00:01.338 I/zygote64( 1661): option[27]=-Xms64m
06-20 08:00:01.338 I/zygote64( 1661): option[28]=-Xcompiler-option
06-20 08:00:01.338 I/zygote64( 1661): option[29]=--runtime-arg
06-20 08:00:01.338 I/zygote64( 1661): option[30]=-Xcompiler-option
06-20 08:00:01.338 I/zygote64( 1661): option[31]=-Xmx512m
06-20 08:00:01.338 I/zygote64( 1661): option[32]=-Ximage-compiler-option
06-20 08:00:01.338 I/zygote64( 1661): option[33]=--instruction-set-variant=x86_64
06-20 08:00:01.338 I/zygote64( 1661): option[34]=-Xcompiler-option
06-20 08:00:01.338 I/zygote64( 1661): option[35]=--instruction-set-variant=x86_64
06-20 08:00:01.338 I/zygote64( 1661): option[36]=-Ximage-compiler-option
06-20 08:00:01.338 I/zygote64( 1661): option[37]=--instruction-set-features=default
06-20 08:00:01.338 I/zygote64( 1661): option[38]=-Xcompiler-option
06-20 08:00:01.338 I/zygote64( 1661): option[39]=--instruction-set-features=default
06-20 08:00:01.338 I/zygote64( 1661): option[40]=-Duser.locale=en-US
06-20 08:00:01.338 I/zygote64( 1661): option[41]=--cpu-abilist=x86_64
06-20 08:00:01.338 I/zygote64( 1661): option[42]=-Xcompiler-option
06-20 08:00:01.338 I/zygote64( 1661): option[43]=--generate-mini-debug-info
06-20 08:00:01.338 I/zygote64( 1661): option[44]=-Xcore-platform-api-policy:just-warn
06-20 08:00:01.338 I/zygote64( 1661): option[45]=-Xfingerprint:google/sdk_gphone_x86_64/generic_x86_64:10/QSR1.211112.011/13135432:userdebug/dev-keys
06-20 08:00:01.346 I/zygote  ( 1662): option[0]=-Xzygote
06-20 08:00:01.346 I/zygote  ( 1662): option[1]=exit
06-20 08:00:01.346 I/zygote  ( 1662): option[2]=vfprintf
06-20 08:00:01.346 I/zygote  ( 1662): option[3]=sensitiveThread
06-20 08:00:01.346 I/zygote  ( 1662): option[4]=-verbose:gc
06-20 08:00:01.346 I/zygote  ( 1662): option[5]=-Xms4m
06-20 08:00:01.346 I/zygote  ( 1662): option[6]=-Xmx512m
06-20 08:00:01.346 I/zygote  ( 1662): option[7]=-Xusejit:true
06-20 08:00:01.346 I/zygote  ( 1662): option[8]=-Xjitsaveprofilinginfo
06-20 08:00:01.346 I/zygote  ( 1662): option[9]=-XjdwpOptions:suspend=n,server=y
06-20 08:00:01.346 I/zygote  ( 1662): option[10]=-XjdwpProvider:default
06-20 08:00:01.346 I/zygote  ( 1662): option[11]=-Xlockprofthreshold:500
06-20 08:00:01.346 I/zygote  ( 1662): option[12]=-Ximage-compiler-option
06-20 08:00:01.346 I/zygote  ( 1662): option[13]=--runtime-arg
06-20 08:00:01.346 I/zygote  ( 1662): option[14]=-Ximage-compiler-option
06-20 08:00:01.346 I/zygote  ( 1662): option[15]=-Xms64m
06-20 08:00:01.346 I/zygote  ( 1662): option[16]=-Ximage-compiler-option
06-20 08:00:01.346 I/zygote  ( 1662): option[17]=--runtime-arg
06-20 08:00:01.346 I/zygote  ( 1662): option[18]=-Ximage-compiler-option
06-20 08:00:01.346 I/zygote  ( 1662): option[19]=-Xmx64m
06-20 08:00:01.347 I/zygote  ( 1662): option[20]=-Ximage-compiler-option
06-20 08:00:01.347 I/zygote  ( 1662): option[21]=--profile-file=/system/etc/boot-image.prof
06-20 08:00:01.347 I/zygote  ( 1662): option[22]=-Ximage-compiler-option
06-20 08:00:01.347 I/zygote  ( 1662): option[23]=--compiler-filter=speed-profile
06-20 08:00:01.347 I/zygote  ( 1662): option[24]=-Xcompiler-option
06-20 08:00:01.347 I/zygote  ( 1662): option[25]=--runtime-arg
06-20 08:00:01.347 I/zygote  ( 1662): option[26]=-Xcompiler-option
06-20 08:00:01.347 I/zygote  ( 1662): option[27]=-Xms64m
06-20 08:00:01.347 I/zygote  ( 1662): option[28]=-Xcompiler-option
06-20 08:00:01.347 I/zygote  ( 1662): option[29]=--runtime-arg
06-20 08:00:01.347 I/zygote  ( 1662): option[30]=-Xcompiler-option
06-20 08:00:01.347 I/zygote  ( 1662): option[31]=-Xmx512m
06-20 08:00:01.347 I/zygote  ( 1662): option[32]=-Ximage-compiler-option
06-20 08:00:01.347 I/zygote  ( 1662): option[33]=--instruction-set-variant=x86_64
06-20 08:00:01.347 I/zygote  ( 1662): option[34]=-Xcompiler-option
06-20 08:00:01.347 I/zygote  ( 1662): option[35]=--instruction-set-variant=x86_64
06-20 08:00:01.347 I/zygote  ( 1662): option[36]=-Ximage-compiler-option
06-20 08:00:01.347 I/zygote  ( 1662): option[37]=--instruction-set-features=default
06-20 08:00:01.347 I/zygote  ( 1662): option[38]=-Xcompiler-option
06-20 08:00:01.347 I/zygote  ( 1662): option[39]=--instruction-set-features=default
06-20 08:00:01.347 I/zygote  ( 1662): option[40]=-Duser.locale=en-US
06-20 08:00:01.347 I/zygote  ( 1662): option[41]=--cpu-abilist=x86
06-20 08:00:01.347 I/zygote  ( 1662): option[42]=-Xcompiler-option
06-20 08:00:01.347 I/zygote  ( 1662): option[43]=--generate-mini-debug-info
06-20 08:00:01.347 I/zygote  ( 1662): option[44]=-Xcore-platform-api-policy:just-warn
06-20 08:00:01.347 I/zygote  ( 1662): option[45]=-Xfingerprint:google/sdk_gphone_x86_64/generic_x86_64:10/QSR1.211112.011/13135432:userdebug/dev-keys
06-20 08:00:01.348 I//apex/com.android.media.swcodec/bin/mediaswcodec( 1772): media swcodec service starting
06-20 08:00:01.354 W/BatteryNotifier( 1757): batterystats service unavailable!
06-20 08:00:01.355 W//apex/com.android.media.swcodec/bin/mediaswcodec( 1772): Could not read additional policy file '/vendor/etc/seccomp_policy/mediaswcodec.policy'
06-20 08:00:01.355 W//apex/com.android.media.swcodec/bin/mediaswcodec( 1772): libminijail[1772]: failed to get path of fd 4: No such file or directory
06-20 08:00:01.355 W//apex/com.android.media.swcodec/bin/mediaswcodec( 1772): libminijail[1772]: allowing syscall: socket
06-20 08:00:01.355 W//apex/com.android.media.swcodec/bin/mediaswcodec( 1772): libminijail[1772]: allowing syscall: connect
06-20 08:00:01.355 W//apex/com.android.media.swcodec/bin/mediaswcodec( 1772): libminijail[1772]: allowing syscall: fcntl
06-20 08:00:01.355 W//apex/com.android.media.swcodec/bin/mediaswcodec( 1772): libminijail[1772]: allowing syscall: writev
06-20 08:00:01.356 W//apex/com.android.media.swcodec/bin/mediaswcodec( 1772): libminijail[1772]: compile_file: <fd>(20): nonexistent syscall 'getuid32'
06-20 08:00:01.356 W//apex/com.android.media.swcodec/bin/mediaswcodec( 1772): libminijail[1772]: compile_file: <fd>(26): nonexistent syscall 'mmap2'
06-20 08:00:01.356 W//apex/com.android.media.swcodec/bin/mediaswcodec( 1772): libminijail[1772]: compile_file: <fd>(28): nonexistent syscall 'fstat64'
06-20 08:00:01.356 W//apex/com.android.media.swcodec/bin/mediaswcodec( 1772): libminijail[1772]: compile_file: <fd>(30): nonexistent syscall 'stat64'
06-20 08:00:01.356 W//apex/com.android.media.swcodec/bin/mediaswcodec( 1772): libminijail[1772]: compile_file: <fd>(31): nonexistent syscall 'statfs64'
06-20 08:00:01.356 W//apex/com.android.media.swcodec/bin/mediaswcodec( 1772): libminijail[1772]: compile_file: <fd>(33): nonexistent syscall 'fstatat64'
06-20 08:00:01.356 W//apex/com.android.media.swcodec/bin/mediaswcodec( 1772): libminijail[1772]: compile_file: <fd>(38): nonexistent syscall '_llseek'
06-20 08:00:01.356 W//apex/com.android.media.swcodec/bin/mediaswcodec( 1772): libminijail[1772]: compile_file: <fd>(47): nonexistent syscall 'ugetrlimit'
06-20 08:00:01.356 W//apex/com.android.media.swcodec/bin/mediaswcodec( 1772): libminijail[1772]: compile_file: <fd>(50): nonexistent syscall '_llseek'
06-20 08:00:01.356 W//apex/com.android.media.swcodec/bin/mediaswcodec( 1772): libminijail[1772]: compile_file: <fd>(51): nonexistent syscall 'fstatfs64'
06-20 08:00:01.356 W//apex/com.android.media.swcodec/bin/mediaswcodec( 1772): libminijail[1772]: compile_file: <fd>(63): nonexistent syscall 'ftruncate64'
06-20 08:00:01.356 W//apex/com.android.media.swcodec/bin/mediaswcodec( 1772): libminijail[1772]: compile_file: /system/etc/seccomp_policy/crash_dump.x86.policy(5): nonexistent syscall 'sigreturn'
06-20 08:00:01.356 W//apex/com.android.media.swcodec/bin/mediaswcodec( 1772): libminijail[1772]: compile_file: /system/etc/seccomp_policy/crash_dump.x86.policy(31): nonexistent syscall 'getuid32'
06-20 08:00:01.356 W//apex/com.android.media.swcodec/bin/mediaswcodec( 1772): libminijail[1772]: compile_file: /system/etc/seccomp_policy/crash_dump.x86.policy(32): nonexistent syscall 'fstat64'
06-20 08:00:01.356 W//apex/com.android.media.swcodec/bin/mediaswcodec( 1772): libminijail[1772]: compile_file: /system/etc/seccomp_policy/crash_dump.x86.policy(33): nonexistent syscall 'mmap2'
06-20 08:00:01.356 W//apex/com.android.media.swcodec/bin/mediaswcodec( 1772): libminijail[1772]: compile_file: /system/etc/seccomp_policy/crash_dump.x86.policy(34): nonexistent syscall 'geteuid32'
06-20 08:00:01.356 W//apex/com.android.media.swcodec/bin/mediaswcodec( 1772): libminijail[1772]: compile_file: /system/etc/seccomp_policy/crash_dump.x86.policy(35): nonexistent syscall 'getgid32'
06-20 08:00:01.356 W//apex/com.android.media.swcodec/bin/mediaswcodec( 1772): libminijail[1772]: compile_file: /system/etc/seccomp_policy/crash_dump.x86.policy(36): nonexistent syscall 'getegid32'
06-20 08:00:01.357 W//apex/com.android.media.swcodec/bin/mediaswcodec( 1772): libminijail[1772]: compile_file: /system/etc/seccomp_policy/crash_dump.x86.policy(37): nonexistent syscall 'getgroups32'
06-20 08:00:01.357 W//apex/com.android.media.swcodec/bin/mediaswcodec( 1772): libminijail[1772]: logging seccomp filter failures
06-20 08:00:01.357 I/CodecServiceRegistrant( 1772): Creating software Codec2 service...
06-20 08:00:01.359 I/zygote64( 1661): Core platform API reporting enabled, enforcing=false
06-20 08:00:01.366 I/ServiceManagement( 1772): Registered android.hardware.media.c2@1.0::IComponentStore/software (start delay of 743ms)
06-20 08:00:01.366 I/CodecServiceRegistrant( 1772): Software Codec2 service created.
06-20 08:00:01.369 I/zygote  ( 1662): Core platform API reporting enabled, enforcing=false
06-20 08:00:01.395 I/BootAnimation( 1862): boot animation disabled
06-20 08:00:01.399 E/MediaExtractorFactory( 1755): couldn't opendir(/system/lib64/extractors)
06-20 08:00:01.428 I/ServiceManager( 1759): Waiting for service 'package_native' on '/dev/binder'...
06-20 08:00:01.515 I/FastMixerState( 1718): sMaxFastTracks = 8
06-20 08:00:01.516 V/MediaUtils( 1718): physMem: 2089566208
06-20 08:00:01.516 V/MediaUtils( 1718): requested limit: 417913240
06-20 08:00:01.516 I/libc    ( 1718): malloc_limit: Allocation limit enabled, max size 417913240 bytes
06-20 08:00:01.516 I/audioserver( 1718): ServiceManager: 0x76191b555dc0
06-20 08:00:01.516 W/BatteryNotifier( 1718): batterystats service unavailable!
06-20 08:00:01.517 I/hwservicemanager( 1567): getTransport: Cannot find entry android.hardware.audio@5.0::IDevicesFactory/default in either framework or device manifest.
06-20 08:00:01.518 I/hwservicemanager( 1567): getTransport: Cannot find entry android.hardware.audio@4.0::IDevicesFactory/msd in either framework or device manifest.
06-20 08:00:01.518 I/hwservicemanager( 1567): getTransport: Cannot find entry android.hardware.audio.effect@5.0::IEffectsFactory/default in either framework or device manifest.
06-20 08:00:01.518 I/AudioFlinger( 1718): Using default 3000 mSec as standby time.
06-20 08:00:01.528 I/ServiceManager( 1759): Waiting for service 'package_native' on '/dev/binder'...
06-20 08:00:01.531 E/APM::Serializer( 1718): deserialize: Could not parse /odm/etc/audio_policy_configuration.xml document.
06-20 08:00:01.534 E/APM::AudioPolicyEngine/Config( 1718): parse: Could not parse document /vendor/etc/audio_policy_engine_configuration.xml
06-20 08:00:01.534 W/APM::AudioPolicyEngine/Base( 1718): loadAudioPolicyEngineConfig: No configuration found, using default matching phone experience.
06-20 08:00:01.534 E/APM::AudioPolicyEngine/Config( 1718): parseLegacyVolumeFile: Could not parse document /odm/etc/audio_policy_configuration.xml
06-20 08:00:01.543 D/audio_hw_generic( 1668): Emulator host-side ALSA audio emulation detected.
06-20 08:00:01.543 D/audio_hw_generic( 1668): mixer 0 name Master Playback Volume
06-20 08:00:01.543 D/audio_hw_generic( 1668): set ctl 0 to 100
06-20 08:00:01.543 D/audio_hw_generic( 1668): set ctl 1 to 100
06-20 08:00:01.543 D/audio_hw_generic( 1668): mixer 1 name Master Playback Switch
06-20 08:00:01.543 D/audio_hw_generic( 1668): set ctl 0 to 1
06-20 08:00:01.543 D/audio_hw_generic( 1668): set ctl 1 to 1
06-20 08:00:01.543 D/audio_hw_generic( 1668): mixer 2 name Capture Volume
06-20 08:00:01.543 D/audio_hw_generic( 1668): set ctl 0 to 100
06-20 08:00:01.543 D/audio_hw_generic( 1668): set ctl 1 to 100
06-20 08:00:01.543 D/audio_hw_generic( 1668): mixer 3 name Capture Switch
06-20 08:00:01.543 D/audio_hw_generic( 1668): set ctl 0 to 1
06-20 08:00:01.544 D/audio_hw_generic( 1668): set ctl 1 to 1
06-20 08:00:01.544 D/audio_hw_generic( 1668): mixer 4 name Line Phantom Jack
06-20 08:00:01.544 D/audio_hw_generic( 1668): mixer 5 name Line Out Phantom Jack
06-20 08:00:01.544 D/audio_hw_generic( 1668): mixer 6 name Playback Channel Map
06-20 08:00:01.544 D/audio_hw_generic( 1668): mixer 7 name Capture Channel Map
06-20 08:00:01.545 W/DeviceHAL( 1668): Error from HAL Device in function get_master_volume: Function not implemented
06-20 08:00:01.545 W/DeviceHAL( 1668): Error from HAL Device in function get_master_mute: Function not implemented
06-20 08:00:01.545 W/DeviceHAL( 1668): Error from HAL Device in function set_master_volume: Function not implemented
06-20 08:00:01.545 W/DeviceHAL( 1668): Error from HAL Device in function set_master_mute: Function not implemented
06-20 08:00:01.545 I/AudioFlinger( 1718): loadHwModule() Loaded primary audio interface, handle 10
06-20 08:00:01.545 I/AudioFlinger( 1718): openOutput() this 0x76191b560600, module 10 Device 0x2, SamplingRate 44100, Format 0x000001, Channels 0x3, flags 0x2
06-20 08:00:01.547 W/AudioFlinger( 1718): HAL output buffer size is 661 frames but AudioMixer requires multiples of 16 frames
06-20 08:00:01.547 I/AudioFlinger( 1718): HAL output buffer size 661 frames, normal sink buffer size 1056 frames
06-20 08:00:01.547 I/hwservicemanager( 1567): getTransport: Cannot find entry android.hardware.audio.effect@5.0::IEffectsFactory/default in either framework or device manifest.
06-20 08:00:01.553 I/BufferProvider( 1718): found effect "Multichannel Downmix To Stereo" from The Android Open Source Project
06-20 08:00:01.554 I/AudioFlinger( 1718): Using module 10 as the primary audio interface
06-20 08:00:01.554 I/AudioFlinger( 1718): AudioFlinger's thread 0x76191b604980 tid=1881 ready to run
06-20 08:00:01.556 W/AudioFlinger( 1718): no wake lock to update, system not ready yet
06-20 08:00:01.557 W/AudioFlinger( 1718): no wake lock to update, system not ready yet
06-20 08:00:01.557 V/APM_AudioPolicyManager( 1718): checkAndSetVolume cannot set volume group 3 volume with force use = 0 for comm
06-20 08:00:01.559 W/AudioFlinger( 1718): moveEffects() bad srcOutput 0
06-20 08:00:01.559 V/APM_AudioPolicyManager( 1718): selectOutputForMusicEffects selected output 13
06-20 08:00:01.559 V/APM_AudioPolicyManager( 1718): setOutputDevices device {type:0x2,@:} delayMs 0
06-20 08:00:01.559 V/APM_AudioPolicyManager( 1718): setOutputDevices() prevDevice {type:0x2,@:}
06-20 08:00:01.559 V/APM_AudioPolicyManager( 1718): setOutputDevices changing device to {type:0x2,@:}
06-20 08:00:01.560 V/APM_AudioPolicyManager( 1718): setOutputDevices() AF::createAudioPatch returned 0 patchHandle 12 num_sources 1 num_sinks 1
06-20 08:00:01.561 V/APM_AudioPolicyManager( 1718): checkAndSetVolume cannot set volume group 3 volume with force use = 0 for comm
06-20 08:00:01.568 I/AudioFlinger( 1718): AudioFlinger's thread 0x761916792ec0 tid=1883 ready to run
06-20 08:00:01.569 W/AudioFlinger( 1718): no wake lock to update, system not ready yet
06-20 08:00:01.578 W/AudioFlinger( 1718): no wake lock to update, system not ready yet
06-20 08:00:01.579 I/r_submix( 1668): adev_open(name=audio_hw_if)
06-20 08:00:01.579 I/r_submix( 1668): adev_init_check()
06-20 08:00:01.580 W/DeviceHAL( 1668): Error from HAL Device in function set_master_volume: Function not implemented
06-20 08:00:01.580 W/DeviceHAL( 1668): Error from HAL Device in function set_master_mute: Function not implemented
06-20 08:00:01.580 I/AudioFlinger( 1718): loadHwModule() Loaded r_submix audio interface, handle 18
06-20 08:00:01.581 D/r_submix( 1668): adev_open_input_stream(addr=0)
06-20 08:00:01.581 D/r_submix( 1668): submix_audio_device_create_pipe_l(addr=0, idx=9)
06-20 08:00:01.581 D/r_submix( 1668):   now using address 0 for route 9
06-20 08:00:01.583 I/AudioFlinger( 1718): AudioFlinger's thread 0x7619167922c0 tid=1885 ready to run
06-20 08:00:01.583 I/r_submix( 1668): in_standby()
06-20 08:00:01.585 W/AudioFlinger( 1718): no wake lock to update, system not ready yet
06-20 08:00:01.586 I/r_submix( 1668): in_standby()
06-20 08:00:01.596 W/AudioFlinger( 1718): no wake lock to update, system not ready yet
06-20 08:00:01.596 D/r_submix( 1668): adev_close_input_stream()
06-20 08:00:01.596 D/r_submix( 1668): submix_audio_device_release_pipe_l(idx=9) addr=0
06-20 08:00:01.596 D/r_submix( 1668): submix_audio_device_destroy_pipe_l(): pipe destroyed
06-20 08:00:01.597 I/        ( 1718): Waiting for activity service
06-20 08:00:01.609 D/ICU     ( 1662): Time zone APEX file found: /apex/com.android.tzdata/etc/icu/icu_tzdata.dat
06-20 08:00:01.611 D/ICU     ( 1661): Time zone APEX file found: /apex/com.android.tzdata/etc/icu/icu_tzdata.dat
06-20 08:00:01.628 I/ServiceManager( 1759): Waiting for service 'package_native' on '/dev/binder'...
06-20 08:00:01.640 W/zygote64( 1661): Unexpected CPU variant for X86 using defaults: x86_64
06-20 08:00:01.641 W/zygote  ( 1662): Unexpected CPU variant for X86 using defaults: x86_64
06-20 08:00:01.663 I/adbd    ( 1733): adbd listening on port 5555
06-20 08:00:01.664 I/adbd    ( 1733): USB event: FUNCTIONFS_ENABLE
06-20 08:00:01.664 W/adbd    ( 1733): received FUNCTIONFS_ENABLE while not bound?
06-20 08:00:01.664 I/adbd    ( 1733): UsbFfs: connection terminated: monitor thread finished
06-20 08:00:01.664 I/adbd    ( 1733): UsbFfs: already offline
06-20 08:00:01.664 I/adbd    ( 1733): destroying transport UsbFfs
06-20 08:00:01.664 I/adbd    ( 1733): UsbFfsConnection being destroyed
06-20 08:00:01.701 W/zygote  ( 1662): JNI RegisterNativeMethods: attempt to register 0 native methods for android.media.AudioAttributes
06-20 08:00:01.702 W/zygote64( 1661): JNI RegisterNativeMethods: attempt to register 0 native methods for android.media.AudioAttributes
06-20 08:00:01.710 D/Zygote  ( 1661): begin preload
06-20 08:00:01.710 I/Zygote  ( 1661): Calling ZygoteHooks.beginPreload()
06-20 08:00:01.716 I/zygote  ( 1662): Explicit concurrent copying GC freed 296(39KB) AllocSpace objects, 0(0B) LOS objects, 98% free, 24KB/1560KB, paused 833us total 4.906ms
06-20 08:00:01.723 D/Zygote64Timing( 1661): BeginPreload took to complete: 14ms
06-20 08:00:01.723 I/Zygote  ( 1661): Preloading classes...
06-20 08:00:01.724 W/Zygote  ( 1661): Class not found for preloading: android.app.-$$Lambda$ActivityThread$ZXDWm3IBeFmLnFVblhB-IOZCr9o
06-20 08:00:01.729 I/zygote  ( 1662): Explicit concurrent copying GC freed 5(32KB) AllocSpace objects, 0(0B) LOS objects, 98% free, 24KB/1560KB, paused 1.649ms total 7.213ms
06-20 08:00:01.729 I/ServiceManager( 1759): Waiting for service 'package_native' on '/dev/binder'...
06-20 08:00:01.730 D/Zygote32Timing( 1662): PostZygoteInitGC took to complete: 20ms
06-20 08:00:01.730 D/Zygote32Timing( 1662): ZygoteInit took to complete: 20ms
06-20 08:00:01.743 I/adbd    ( 1733): opening control endpoint /dev/usb-ffs/adb/ep0
06-20 08:00:01.751 I/adbd    ( 1733): UsbFfsConnection constructed
06-20 08:00:01.751 I/adbd    ( 1733): USB event: FUNCTIONFS_BIND
06-20 08:00:01.768 W/Zygote  ( 1661): Class not found for preloading: android.bluetooth.BluetoothA2dp$2
06-20 08:00:01.773 I/PackageBackwardCompatibility( 1661): Could not find android.content.pm.AndroidTestBaseUpdater, ignoring
06-20 08:00:01.785 I/Zygote  ( 1662): Accepting command socket connections
06-20 08:00:01.830 I/ServiceManager( 1759): Waiting for service 'package_native' on '/dev/binder'...
06-20 08:00:01.930 I/ServiceManager( 1759): Waiting for service 'package_native' on '/dev/binder'...
06-20 08:00:01.947 E/ActivityRecognitionHardware( 1661): activity_recognition HAL is deprecated. class_init is effectively a no-op
06-20 08:00:01.971 I/zygote64( 1661): Thread[1,tid=1661,Native,Thread*=0x7f9fbe819000,peer=0x12c02208,"main"] recursive attempt to load library "libmedia_jni.so"
06-20 08:00:01.971 D/MtpDeviceJNI( 1661): register_android_mtp_MtpDevice
06-20 08:00:01.971 I/zygote64( 1661): Thread[1,tid=1661,Native,Thread*=0x7f9fbe819000,peer=0x12c02208,"main"] recursive attempt to load library "libmedia_jni.so"
06-20 08:00:01.972 I/zygote64( 1661): Thread[1,tid=1661,Native,Thread*=0x7f9fbe819000,peer=0x12c02208,"main"] recursive attempt to load library "libmedia_jni.so"
06-20 08:00:01.977 W/Zygote  ( 1661): Class not found for preloading: android.media.audiopolicy.AudioProductStrategies
06-20 08:00:01.977 W/Zygote  ( 1661): Class not found for preloading: android.media.audiopolicy.AudioVolumeGroups
06-20 08:00:02.031 I/ServiceManager( 1759): Waiting for service 'package_native' on '/dev/binder'...
06-20 08:00:02.040 W/Zygote  ( 1661): Class not found for preloading: android.view.textclassifier.-$$Lambda$TextClassificationManager$JIaezIJbMig_-kVzN6oArzkTsJE
06-20 08:00:02.044 W/Zygote  ( 1661): Class not found for preloading: com.android.internal.net.NetworkStatsFactory
06-20 08:00:02.048 W/Zygote  ( 1661): Class not found for preloading: com.android.internal.telephony.-$$Lambda$PhoneSubInfoController$8HFbCDJDN1mrLJG980qYH5MGqMk
06-20 08:00:02.048 W/Zygote  ( 1661): Class not found for preloading: com.android.internal.telephony.-$$Lambda$PhoneSubInfoController$U28a_EGx2cvmQhDfRRgonMt5Zrc
06-20 08:00:02.048 W/Zygote  ( 1661): Class not found for preloading: com.android.internal.telephony.-$$Lambda$SubscriptionInfoUpdater$-zZXM9oMRZ3vZz7dJOG19J00Bmw
06-20 08:00:02.048 W/Zygote  ( 1661): Class not found for preloading: com.android.internal.telephony.-$$Lambda$SubscriptionInfoUpdater$D5yF1HbS4cvCyoAj3FESkPtA_0g
06-20 08:00:02.048 W/Zygote  ( 1661): Class not found for preloading: com.android.internal.telephony.-$$Lambda$SubscriptionInfoUpdater$MMx9iQX0JVqqMPLTUZhdBubFSzU
06-20 08:00:02.053 W/Zygote  ( 1661): Class not found for preloading: com.android.internal.telephony.PhoneConfigurationModels
06-20 08:00:02.055 W/Zygote  ( 1661): Class not found for preloading: com.android.internal.telephony.SubscriptionController$ScLocalLog
06-20 08:00:02.056 W/Zygote  ( 1661): Class not found for preloading: com.android.internal.telephony.UiccSmsController
06-20 08:00:02.073 I/Zygote  ( 1661): ...preloaded 7590 classes in 349ms.
06-20 08:00:02.073 I/zygote64( 1661): VMRuntime.preloadDexCaches starting
06-20 08:00:02.083 I/zygote64( 1661): VMRuntime.preloadDexCaches strings total=378948 before=9925 after=9925
06-20 08:00:02.083 I/zygote64( 1661): VMRuntime.preloadDexCaches types total=35812 before=7199 after=7467
06-20 08:00:02.083 I/zygote64( 1661): VMRuntime.preloadDexCaches fields total=160603 before=8020 after=8221
06-20 08:00:02.083 I/zygote64( 1661): VMRuntime.preloadDexCaches methods total=281511 before=10884 after=11316
06-20 08:00:02.083 I/zygote64( 1661): VMRuntime.preloadDexCaches finished
06-20 08:00:02.083 D/Zygote64Timing( 1661): PreloadClasses took to complete: 359ms
06-20 08:00:02.085 I/zygote64( 1661): The ClassLoaderContext is a special shared library.
06-20 08:00:02.085 D/ApplicationLoaders( 1661): Created zygote-cached class loader: /system/framework/android.hidl.base-V1.0-java.jar
06-20 08:00:02.087 I/zygote64( 1661): The ClassLoaderContext is a special shared library.
06-20 08:00:02.087 D/ApplicationLoaders( 1661): Created zygote-cached class loader: /system/framework/android.hidl.manager-V1.0-java.jar
06-20 08:00:02.087 D/Zygote64Timing( 1661): CacheNonBootClasspathClassLoaders took to complete: 4ms
06-20 08:00:02.131 I/ServiceManager( 1759): Waiting for service 'package_native' on '/dev/binder'...
06-20 08:00:02.232 I/ServiceManager( 1759): Waiting for service 'package_native' on '/dev/binder'...
06-20 08:00:02.249 I/Zygote  ( 1661): Preloading resources...
06-20 08:00:02.256 W/Resources( 1661): Preloaded drawable resource #0x108027c (android:drawable/dialog_background_material) that varies with configuration!!
06-20 08:00:02.269 I/Zygote  ( 1661): ...preloaded 64 resources in 20ms.
06-20 08:00:02.270 I/Zygote  ( 1661): ...preloaded 41 resources in 1ms.
06-20 08:00:02.271 D/Zygote64Timing( 1661): PreloadResources took to complete: 183ms
06-20 08:00:02.273 I/Zygote  ( 1661): Preloading shared libraries...
06-20 08:00:02.278 I/Zygote  ( 1661): Called ZygoteHooks.endPreload()
06-20 08:00:02.278 I/Zygote  ( 1661): Installed AndroidKeyStoreProvider in 0ms.
06-20 08:00:02.280 I/Zygote  ( 1661): Warmed up JCA providers in 2ms.
06-20 08:00:02.280 D/Zygote  ( 1661): end preload
06-20 08:00:02.280 D/Zygote64Timing( 1661): ZygotePreload took to complete: 571ms
06-20 08:00:02.285 I/zygote64( 1661): Explicit concurrent copying GC freed 12422(537KB) AllocSpace objects, 0(0B) LOS objects, 71% free, 2394KB/8538KB, paused 342us total 4.735ms
06-20 08:00:02.289 I/zygote64( 1661): Explicit concurrent copying GC freed 663(55KB) AllocSpace objects, 0(0B) LOS objects, 72% free, 2371KB/8515KB, paused 321us total 4.082ms
06-20 08:00:02.290 D/Zygote64Timing( 1661): PostZygoteInitGC took to complete: 9ms
06-20 08:00:02.290 D/Zygote64Timing( 1661): ZygoteInit took to complete: 580ms
06-20 08:00:02.338 D/Zygote  ( 1661): Forked child process 1909
06-20 08:00:02.338 I/Zygote  ( 1661): System server process 1909 has been created
06-20 08:00:02.338 I/Zygote  ( 1661): Accepting command socket connections
06-20 08:00:02.339 I/ServiceManager( 1759): Waiting for service 'package_native' on '/dev/binder'...
06-20 08:00:02.343 I/system_server( 1909): The ClassLoaderContext is a special shared library.
06-20 08:00:02.361 I/chatty  ( 1909): uid=1000 system_server identical 2 lines
06-20 08:00:02.365 I/system_server( 1909): The ClassLoaderContext is a special shared library.
06-20 08:00:02.367 W/system_server( 1909): Unexpected CPU variant for X86 using defaults: x86_64
06-20 08:00:02.395 I/SystemServer( 1909): InitBeforeStartServices
06-20 08:00:02.396 W/SystemServer( 1909): Timezone not set; setting to GMT.
06-20 08:00:02.398 I/SystemServer( 1909): Entered the Android system server!
06-20 08:00:02.405 I/adbd    ( 1733): USB event: FUNCTIONFS_ENABLE
06-20 08:00:02.439 I/ServiceManager( 1759): Waiting for service 'package_native' on '/dev/binder'...
06-20 08:00:02.493 E/UsbAlsaJackDetectorJNI( 1909): Can't register UsbAlsaJackDetector native methods
06-20 08:00:02.502 D/SystemServerTiming( 1909): InitBeforeStartServices took to complete: 108ms
06-20 08:00:02.502 I/SystemServer( 1909): StartServices
06-20 08:00:02.502 I/SystemServer( 1909): StartWatchdog
06-20 08:00:02.510 D/SystemServerTiming( 1909): StartWatchdog took to complete: 7ms
06-20 08:00:02.510 I/SystemServer( 1909): Reading configuration...
06-20 08:00:02.510 I/SystemServer( 1909): ReadingSystemConfig
06-20 08:00:02.511 D/SystemServerTiming( 1909): ReadingSystemConfig took to complete: 0ms
06-20 08:00:02.511 I/SystemServer( 1909): StartInstaller
06-20 08:00:02.511 I/SystemServiceManager( 1909): Starting com.android.server.pm.Installer
06-20 08:00:02.513 D/installd( 1746): Found quota mount /dev/block/vdc at /data
06-20 08:00:02.513 D/SystemServerTiming( 1909): StartInstaller took to complete: 2ms
06-20 08:00:02.513 I/SystemServer( 1909): DeviceIdentifiersPolicyService
06-20 08:00:02.513 I/SystemServiceManager( 1909): Starting com.android.server.os.DeviceIdentifiersPolicyService
06-20 08:00:02.513 D/SystemServerInitThreadPool( 1909): Started executing ReadingSystemConfig
06-20 08:00:02.513 D/SystemServerTiming( 1909): DeviceIdentifiersPolicyService took to complete: 1ms
06-20 08:00:02.513 I/SystemServer( 1909): UriGrantsManagerService
06-20 08:00:02.513 I/SystemServiceManager( 1909): Starting com.android.server.uri.UriGrantsManagerService$Lifecycle
06-20 08:00:02.516 D/SystemServerTiming( 1909): UriGrantsManagerService took to complete: 3ms
06-20 08:00:02.516 I/SystemServer( 1909): StartActivityManager
06-20 08:00:02.516 I/SystemServiceManager( 1909): Starting com.android.server.wm.ActivityTaskManagerService$Lifecycle
06-20 08:00:02.522 I/SystemServiceManager( 1909): Starting com.android.server.am.ActivityManagerService$Lifecycle
06-20 08:00:02.536 I/ActivityManager( 1909): Memory class: 512
06-20 08:00:02.539 I/ServiceManager( 1759): Waiting for service 'package_native' on '/dev/binder'...
06-20 08:00:02.539 I/SystemConfig( 1909): Adding association: com.google.android.as <- com.android.providers.contacts
06-20 08:00:02.539 I/SystemConfig( 1909): Adding association: com.google.android.as <- com.android.providers.media
06-20 08:00:02.539 I/SystemConfig( 1909): Adding association: com.google.android.as <- com.android.providers.telephony
06-20 08:00:02.539 I/SystemConfig( 1909): Adding association: com.google.android.as <- com.android.systemui
06-20 08:00:02.539 I/SystemConfig( 1909): Adding association: com.google.android.as <- com.google.android.gms
06-20 08:00:02.539 I/SystemConfig( 1909): Adding association: com.google.android.as <- com.google.android.gsf
06-20 08:00:02.544 D/BatteryStatsImpl( 1909): Reading daily items from /data/system/batterystats-daily.xml
06-20 08:00:02.545 E/BatteryStatsImpl( 1909): Error reading battery statistics
06-20 08:00:02.545 E/BatteryStatsImpl( 1909): java.io.FileNotFoundException: /data/system/batterystats.bin: open failed: ENOENT (No such file or directory)
06-20 08:00:02.545 E/BatteryStatsImpl( 1909): 	at libcore.io.IoBridge.open(IoBridge.java:496)
06-20 08:00:02.545 E/BatteryStatsImpl( 1909): 	at java.io.FileInputStream.<init>(FileInputStream.java:159)
06-20 08:00:02.545 E/BatteryStatsImpl( 1909): 	at com.android.internal.os.AtomicFile.openRead(AtomicFile.java:157)
06-20 08:00:02.545 E/BatteryStatsImpl( 1909): 	at com.android.internal.os.AtomicFile.readFully(AtomicFile.java:162)
06-20 08:00:02.545 E/BatteryStatsImpl( 1909): 	at com.android.internal.os.BatteryStatsImpl.readLocked(BatteryStatsImpl.java:13339)
06-20 08:00:02.545 E/BatteryStatsImpl( 1909): 	at com.android.server.am.ActivityManagerService.<init>(ActivityManagerService.java:2501)
06-20 08:00:02.545 E/BatteryStatsImpl( 1909): 	at com.android.server.am.ActivityManagerService$Lifecycle.<init>(ActivityManagerService.java:2215)
06-20 08:00:02.545 E/BatteryStatsImpl( 1909): 	at java.lang.reflect.Constructor.newInstance0(Native Method)
06-20 08:00:02.545 E/BatteryStatsImpl( 1909): 	at java.lang.reflect.Constructor.newInstance(Constructor.java:343)
06-20 08:00:02.545 E/BatteryStatsImpl( 1909): 	at com.android.server.SystemServiceManager.startService(SystemServiceManager.java:101)
06-20 08:00:02.545 E/BatteryStatsImpl( 1909): 	at com.android.server.am.ActivityManagerService$Lifecycle.startService(ActivityManagerService.java:2221)
06-20 08:00:02.545 E/BatteryStatsImpl( 1909): 	at com.android.server.SystemServer.startBootstrapServices(SystemServer.java:660)
06-20 08:00:02.545 E/BatteryStatsImpl( 1909): 	at com.android.server.SystemServer.run(SystemServer.java:510)
06-20 08:00:02.545 E/BatteryStatsImpl( 1909): 	at com.android.server.SystemServer.main(SystemServer.java:349)
06-20 08:00:02.545 E/BatteryStatsImpl( 1909): 	at java.lang.reflect.Method.invoke(Native Method)
06-20 08:00:02.545 E/BatteryStatsImpl( 1909): 	at com.android.internal.os.RuntimeInit$MethodAndArgsCaller.run(RuntimeInit.java:492)
06-20 08:00:02.545 E/BatteryStatsImpl( 1909): 	at com.android.internal.os.ZygoteInit.main(ZygoteInit.java:908)
06-20 08:00:02.545 E/BatteryStatsImpl( 1909): Caused by: android.system.ErrnoException: open failed: ENOENT (No such file or directory)
06-20 08:00:02.545 E/BatteryStatsImpl( 1909): 	at libcore.io.Linux.open(Native Method)
06-20 08:00:02.545 E/BatteryStatsImpl( 1909): 	at libcore.io.ForwardingOs.open(ForwardingOs.java:167)
06-20 08:00:02.545 E/BatteryStatsImpl( 1909): 	at libcore.io.BlockGuardOs.open(BlockGuardOs.java:252)
06-20 08:00:02.545 E/BatteryStatsImpl( 1909): 	at libcore.io.IoBridge.open(IoBridge.java:482)
06-20 08:00:02.545 E/BatteryStatsImpl( 1909): 	... 16 more
06-20 08:00:02.546 E/BatteryStatsImpl( 1909): Error reading battery history
06-20 08:00:02.546 E/BatteryStatsImpl( 1909): java.io.FileNotFoundException: /data/system/battery-history/0.bin: open failed: ENOENT (No such file or directory)
06-20 08:00:02.546 E/BatteryStatsImpl( 1909): 	at libcore.io.IoBridge.open(IoBridge.java:496)
06-20 08:00:02.546 E/BatteryStatsImpl( 1909): 	at java.io.FileInputStream.<init>(FileInputStream.java:159)
06-20 08:00:02.546 E/BatteryStatsImpl( 1909): 	at com.android.internal.os.AtomicFile.openRead(AtomicFile.java:157)
06-20 08:00:02.546 E/BatteryStatsImpl( 1909): 	at com.android.internal.os.AtomicFile.readFully(AtomicFile.java:162)
06-20 08:00:02.546 E/BatteryStatsImpl( 1909): 	at com.android.internal.os.BatteryStatsImpl.readLocked(BatteryStatsImpl.java:13358)
06-20 08:00:02.546 E/BatteryStatsImpl( 1909): 	at com.android.server.am.ActivityManagerService.<init>(ActivityManagerService.java:2501)
06-20 08:00:02.546 E/BatteryStatsImpl( 1909): 	at com.android.server.am.ActivityManagerService$Lifecycle.<init>(ActivityManagerService.java:2215)
06-20 08:00:02.546 E/BatteryStatsImpl( 1909): 	at java.lang.reflect.Constructor.newInstance0(Native Method)
06-20 08:00:02.546 E/BatteryStatsImpl( 1909): 	at java.lang.reflect.Constructor.newInstance(Constructor.java:343)
06-20 08:00:02.546 E/BatteryStatsImpl( 1909): 	at com.android.server.SystemServiceManager.startService(SystemServiceManager.java:101)
06-20 08:00:02.546 E/BatteryStatsImpl( 1909): 	at com.android.server.am.ActivityManagerService$Lifecycle.startService(ActivityManagerService.java:2221)
06-20 08:00:02.546 E/BatteryStatsImpl( 1909): 	at com.android.server.SystemServer.startBootstrapServices(SystemServer.java:660)
06-20 08:00:02.546 E/BatteryStatsImpl( 1909): 	at com.android.server.SystemServer.run(SystemServer.java:510)
06-20 08:00:02.546 E/BatteryStatsImpl( 1909): 	at com.android.server.SystemServer.main(SystemServer.java:349)
06-20 08:00:02.546 E/BatteryStatsImpl( 1909): 	at java.lang.reflect.Method.invoke(Native Method)
06-20 08:00:02.546 E/BatteryStatsImpl( 1909): 	at com.android.internal.os.RuntimeInit$MethodAndArgsCaller.run(RuntimeInit.java:492)
06-20 08:00:02.546 E/BatteryStatsImpl( 1909): 	at com.android.internal.os.ZygoteInit.main(ZygoteInit.java:908)
06-20 08:00:02.546 E/BatteryStatsImpl( 1909): Caused by: android.system.ErrnoException: open failed: ENOENT (No such file or directory)
06-20 08:00:02.546 E/BatteryStatsImpl( 1909): 	at libcore.io.Linux.open(Native Method)
06-20 08:00:02.546 E/BatteryStatsImpl( 1909): 	at libcore.io.ForwardingOs.open(ForwardingOs.java:167)
06-20 08:00:02.546 E/BatteryStatsImpl( 1909): 	at libcore.io.BlockGuardOs.open(BlockGuardOs.java:252)
06-20 08:00:02.546 E/BatteryStatsImpl( 1909): 	at libcore.io.IoBridge.open(IoBridge.java:482)
06-20 08:00:02.546 E/BatteryStatsImpl( 1909): 	... 16 more
06-20 08:00:02.547 I/hwservicemanager( 1567): getTransport: Cannot find entry android.hardware.power.stats@1.0::IPowerStats/default in either framework or device manifest.
06-20 08:00:02.548 I/BatteryStatsService( 1909): Using power HAL
06-20 08:00:02.548 E/BatteryStatsService( 1909): Unable to load Power.Stats.HAL. Setting rail availability to false
06-20 08:00:02.548 E/BluetoothAdapter( 1909): Bluetooth binder is null
06-20 08:00:02.550 E/BatteryExternalStatsWorker( 1909): no controller energy info supplied for telephony
06-20 08:00:02.551 E/KernelCpuUidFreqTimeReader( 1909): Failed to read /proc/uid_time_in_state: java.nio.file.NoSuchFileException: /proc/uid_time_in_state
06-20 08:00:02.553 W/KernelCpuProcStringReader( 1909): File not found. It's normal if not implemented: /proc/uid_time_in_state
06-20 08:00:02.554 W/KernelCpuProcStringReader( 1909): File not found. It's normal if not implemented: /proc/uid_concurrent_active_time
06-20 08:00:02.554 W/KernelCpuProcStringReader( 1909): File not found. It's normal if not implemented: /proc/uid_concurrent_policy_time
06-20 08:00:02.557 W/KernelMemoryBandwidthStats( 1909): No kernel memory bandwidth stats available
06-20 08:00:02.558 I/PowerManagerService-JNI( 1909): Loaded power HAL 1.0 service
06-20 08:00:02.558 I/PowerManagerService-JNI( 1909): Loaded power HAL 1.1 service
06-20 08:00:02.559 W/SystemConfig( 1909): No directory /product_services/etc/sysconfig, skipping
06-20 08:00:02.559 W/SystemConfig( 1909): No directory /product_services/etc/permissions, skipping
06-20 08:00:02.559 D/SystemServerInitThreadPool( 1909): Finished executing ReadingSystemConfig
06-20 08:00:02.563 I/hwservicemanager( 1567): getTransport: Cannot find entry android.hardware.memtrack@1.0::IMemtrack/default in either framework or device manifest.
06-20 08:00:02.563 E/memtrack( 1909): Couldn't load memtrack module
06-20 08:00:02.563 W/android.os.Debug( 1909): failed to get memory consumption info: -1
06-20 08:00:02.565 I/AppOps  ( 1909): No existing app ops /data/system/appops.xml; starting empty
06-20 08:00:02.567 I/IntentFirewall( 1909): Read new rules (A:0 B:0 S:0)
06-20 08:00:02.576 W/libprocessgroup( 1909): Failed to remove /acct/uid_1003: Permission denied
06-20 08:00:02.580 D/AppOps  ( 1909): AppOpsService published
06-20 08:00:02.583 D/SystemServerTiming( 1909): StartActivityManager took to complete: 67ms
06-20 08:00:02.583 I/SystemServer( 1909): StartPowerManager
06-20 08:00:02.583 I/SystemServiceManager( 1909): Starting com.android.server.power.PowerManagerService
06-20 08:00:02.589 D/SystemServerTiming( 1909): StartPowerManager took to complete: 6ms
06-20 08:00:02.589 I/SystemServer( 1909): StartThermalManager
06-20 08:00:02.589 I/SystemServiceManager( 1909): Starting com.android.server.power.ThermalManagerService
06-20 08:00:02.590 D/SystemServerTiming( 1909): StartThermalManager took to complete: 0ms
06-20 08:00:02.590 I/SystemServer( 1909): InitPowerManagement
06-20 08:00:02.590 D/SystemServerTiming( 1909): InitPowerManagement took to complete: 1ms
06-20 08:00:02.590 I/SystemServer( 1909): StartRecoverySystemService
06-20 08:00:02.590 I/SystemServiceManager( 1909): Starting com.android.server.RecoverySystemService
06-20 08:00:02.591 D/SystemServerTiming( 1909): StartRecoverySystemService took to complete: 0ms
06-20 08:00:02.591 V/RescueParty( 1909): Disabled because of active USB connection
06-20 08:00:02.591 I/SystemServer( 1909): StartLightsService
06-20 08:00:02.591 I/SystemServiceManager( 1909): Starting com.android.server.lights.LightsService
06-20 08:00:02.595 D/SystemServerTiming( 1909): StartLightsService took to complete: 4ms
06-20 08:00:02.595 I/SystemServer( 1909): StartSidekickService
06-20 08:00:02.595 D/SystemServerTiming( 1909): StartSidekickService took to complete: 0ms
06-20 08:00:02.595 I/SystemServer( 1909): StartDisplayManager
06-20 08:00:02.595 I/SystemServiceManager( 1909): Starting com.android.server.display.DisplayManagerService
06-20 08:00:02.597 D/SystemServerTiming( 1909): StartDisplayManager took to complete: 1ms
06-20 08:00:02.597 I/SystemServer( 1909): WaitForDisplay
06-20 08:00:02.597 I/SystemServiceManager( 1909): Starting phase 100
06-20 08:00:02.598 E/SurfaceFlinger( 1723): ro.sf.lcd_density must be defined as a build property
06-20 08:00:02.601 I/DisplayManagerService( 1909): Display device added: DisplayDeviceInfo{"Built-in Screen": uniqueId="local:0", 320 x 640, modeId 1, defaultModeId 1, supportedModes [{id=1, width=320, height=640, fps=60.000004}], colorMode 0, supportedColorModes [0], HdrCapabilities android.view.Display$HdrCapabilities@40f16308, density 160, 160.0 x 160.0 dpi, appVsyncOff 1000000, presDeadline 16666666, touch INTERNAL, rotation 0, type BUILT_IN, address {port=0}, state UNKNOWN, FLAG_DEFAULT_DISPLAY, FLAG_ROTATES_WITH_CONTENT, FLAG_SECURE, FLAG_SUPPORTS_PROTECTED_BUFFERS}
06-20 08:00:02.604 D/SurfaceFlinger( 1723): Setting power mode 2 on display 0
06-20 08:00:02.605 I/hwservicemanager( 1567): getTransport: Cannot find entry android.hardware.light@2.0::ILight/default in either framework or device manifest.
06-20 08:00:02.605 D/SystemServerTiming( 1909): WaitForDisplay took to complete: 8ms
06-20 08:00:02.605 W/StrictMode( 1909): No activity manager; failed to Dropbox violation.
06-20 08:00:02.605 I/SystemServer( 1909): StartPackageManagerService
06-20 08:00:02.605 I/Watchdog( 1909): Pausing HandlerChecker: main thread for reason: packagemanagermain. Pause count: 1
06-20 08:00:02.606 I/DisplayManagerService( 1909): Display device changed state: "Built-in Screen", ON
06-20 08:00:02.621 W/FileUtils( 1909): Failed to chmod(/data/system/packages.list): android.system.ErrnoException: chmod failed: ENOENT (No such file or directory)
06-20 08:00:02.624 D/SELinuxMMAC( 1909): Using policy file /system/etc/selinux/plat_mac_permissions.xml
06-20 08:00:02.625 D/SELinuxMMAC( 1909): Using policy file /vendor/etc/selinux/vendor_mac_permissions.xml
06-20 08:00:02.606 I/chatty  ( 1909): uid=1000(system) android.display identical 4 lines
06-20 08:00:02.606 W/StrictMode( 1909): No activity manager; failed to Dropbox violation.
06-20 08:00:02.626 D/FallbackCategoryProvider( 1909): Found 387 fallback categories
06-20 08:00:02.626 I/PackageManager( 1909): No settings file; creating initial state
06-20 08:00:02.628 D/PackageManager( 1909): No files in app dir /vendor/overlay
06-20 08:00:02.631 I/PackageManager( 1909): /system/product/overlay/FontNotoSerifSource changed; collecting certs
06-20 08:00:02.639 I/ServiceManager( 1759): Waiting for service 'package_native' on '/dev/binder'...
