06-22 04:59:00.376 W/PackageManager( 1921): Cannot whitelist unknown permission: com.google.android.wearable.READ_SETTINGS
06-22 04:59:00.376 W/PackageManager( 1921): Cannot whitelist unknown permission: android.permission.READ_MEDIA_AUDIO
06-22 04:59:00.376 W/PackageManager( 1921): Cannot whitelist unknown permission: android.permission.READ_MEDIA_IMAGES
06-22 04:59:00.376 W/PackageManager( 1921): Cannot whitelist unknown permission: android.permission.READ_MEDIA_VIDEO
06-22 04:59:00.376 W/PackageManager( 1921): Cannot whitelist unknown permission: com.android.vending.setup.PLAY_SETUP_SERVICE
06-22 04:59:00.376 W/PackageManager( 1921): Cannot whitelist unknown permission: com.google.android.gms.game.notifications.permission.WRITE
06-22 04:59:00.376 W/PackageManager( 1921): Cannot whitelist unknown permission: com.google.android.vending.verifier.ACCESS_VERIFIER
06-22 04:59:00.376 I/PackageManager( 1921): Un-granting permission android.permission.CAPTURE_VIDEO_OUTPUT from package com.google.android.gms (protectionLevel=2 flags=0xb0cabe45)
06-22 04:59:00.376 I/PackageManager( 1921): Un-granting permission android.permission.MANAGE_DEVICE_ADMINS from package com.google.android.gms (protectionLevel=2 flags=0xb0cabe45)
06-22 04:59:00.376 I/PackageManager( 1921): Un-granting permission android.permission.MANAGE_ACTIVITY_STACKS from package com.google.android.gms (protectionLevel=2 flags=0xb0cabe45)
06-22 04:59:00.376 I/PackageManager( 1921): Un-granting permission android.permission.CAPTURE_SECURE_VIDEO_OUTPUT from package com.google.android.gms (protectionLevel=2 flags=0xb0cabe45)
06-22 04:59:00.376 I/PackageManager( 1921): Un-granting permission android.permission.MANAGE_ROLLBACKS from package com.google.android.gms (protectionLevel=514 flags=0xb0cabe45)
06-22 04:59:00.378 W/PackageManager( 1921): Cannot whitelist unknown permission: android.permission.QUERY_ALL_PACKAGES
06-22 04:59:00.378 W/PackageManager( 1921): Cannot whitelist unknown permission: android.permission.PRE_FACTORY_RESET
06-22 04:59:00.378 W/PackageManager( 1921): Cannot whitelist unknown permission: android.permission.MANAGE_FACTORY_RESET_PROTECTION
06-22 04:59:00.378 W/PackageManager( 1921): Cannot whitelist unknown permission: android.car.permission.CAR_POWER
06-22 04:59:00.378 W/PackageManager( 1921): Cannot whitelist unknown permission: com.google.android.wearable.WRITE_SETTINGS
06-22 04:59:00.378 W/PackageManager( 1921): Cannot whitelist unknown permission: com.felicanetworks.mfc.permission.MFC_ACCESS
06-22 04:59:00.378 W/PackageManager( 1921): Cannot whitelist unknown permission: com.felicanetworks.mfc.mfi.permission.MFI_ACCESS
06-22 04:59:00.378 W/PackageManager( 1921): Cannot whitelist unknown permission: com.google.android.finsky.permission.INSTANT_APP_STATE
06-22 04:59:00.378 W/PackageManager( 1921): Cannot whitelist unknown permission: android.permission.UWB
06-22 04:59:00.378 W/PackageManager( 1921): Cannot whitelist unknown permission: com.google.android.finsky.permission.BIND_GET_INSTALL_REFERRER_SERVICE
06-22 04:59:00.378 W/PackageManager( 1921): Cannot whitelist unknown permission: com.google.android.hangouts.START_HANGOUT
06-22 04:59:00.378 W/PackageManager( 1921): Cannot whitelist unknown permission: android.car.permission.CAR_POWERTRAIN
06-22 04:59:00.378 W/PackageManager( 1921): Cannot whitelist unknown permission: android.car.permission.CAR_ENERGY
06-22 04:59:00.378 W/PackageManager( 1921): Cannot whitelist unknown permission: android.car.permission.CAR_ENERGY_PORTS
06-22 04:59:00.378 W/PackageManager( 1921): Cannot whitelist unknown permission: android.car.permission.CAR_EXTERIOR_LIGHTS
06-22 04:59:00.378 W/PackageManager( 1921): Cannot whitelist unknown permission: android.car.permission.CAR_INFO
06-22 04:59:00.378 W/PackageManager( 1921): Cannot whitelist unknown permission: android.car.permission.CAR_MILEAGE
06-22 04:59:00.378 W/PackageManager( 1921): Cannot whitelist unknown permission: android.car.permission.CAR_TIRES
06-22 04:59:00.378 W/PackageManager( 1921): Cannot whitelist unknown permission: android.car.permission.CONTROL_CAR_CLIMATE
06-22 04:59:00.378 W/PackageManager( 1921): Cannot whitelist unknown permission: android.car.permission.CONTROL_CAR_DOORS
06-22 04:59:00.378 W/PackageManager( 1921): Cannot whitelist unknown permission: android.car.permission.CONTROL_CAR_EXTERIOR_LIGHTS
06-22 04:59:00.378 W/PackageManager( 1921): Cannot whitelist unknown permission: android.car.permission.CONTROL_CAR_MIRRORS
06-22 04:59:00.378 W/PackageManager( 1921): Cannot whitelist unknown permission: android.car.permission.CONTROL_CAR_SEATS
06-22 04:59:00.378 W/PackageManager( 1921): Cannot whitelist unknown permission: android.car.permission.CONTROL_CAR_WINDOWS
06-22 04:59:00.378 W/PackageManager( 1921): Cannot whitelist unknown permission: android.car.permission.READ_CAR_DISPLAY_UNITS
06-22 04:59:00.378 W/PackageManager( 1921): Cannot whitelist unknown permission: com.google.android.finsky.permission.GEARHEAD_SERVICE
06-22 04:59:00.378 W/PackageManager( 1921): Cannot whitelist unknown permission: com.google.android.permission.ACCESSIBILITY_SCAN_SERVICE
06-22 04:59:00.378 W/PackageManager( 1921): Cannot whitelist unknown permission: com.google.android.finsky.permission.ACCESS_INSTANT_APP_NOTIFICATION_ENFORCEMENT
06-22 04:59:00.378 W/PackageManager( 1921): Cannot whitelist unknown permission: com.google.android.clockwork.settings.SHOW_FACTORY_RESET_CONFIRMATION
06-22 04:59:00.378 W/PackageManager( 1921): Cannot whitelist unknown permission: com.google.android.wearable.READ_SETTINGS
06-22 04:59:00.378 W/PackageManager( 1921): Cannot whitelist unknown permission: android.permission.READ_MEDIA_AUDIO
06-22 04:59:00.378 W/PackageManager( 1921): Cannot whitelist unknown permission: android.permission.READ_MEDIA_IMAGES
06-22 04:59:00.378 W/PackageManager( 1921): Cannot whitelist unknown permission: android.permission.READ_MEDIA_VIDEO
06-22 04:59:00.378 W/PackageManager( 1921): Cannot whitelist unknown permission: com.android.vending.setup.PLAY_SETUP_SERVICE
06-22 04:59:00.379 W/PackageManager( 1921): Cannot whitelist unknown permission: com.google.android.gms.game.notifications.permission.WRITE
06-22 04:59:00.379 W/PackageManager( 1921): Cannot whitelist unknown permission: com.google.android.vending.verifier.ACCESS_VERIFIER
06-22 04:59:00.379 I/PackageManager( 1921): Un-granting permission android.permission.CAPTURE_VIDEO_OUTPUT from package com.google.android.gms (protectionLevel=2 flags=0xb0cabe45)
06-22 04:59:00.379 I/PackageManager( 1921): Un-granting permission android.permission.MANAGE_DEVICE_ADMINS from package com.google.android.gms (protectionLevel=2 flags=0xb0cabe45)
06-22 04:59:00.379 I/PackageManager( 1921): Un-granting permission android.permission.MANAGE_ACTIVITY_STACKS from package com.google.android.gms (protectionLevel=2 flags=0xb0cabe45)
06-22 04:59:00.379 I/PackageManager( 1921): Un-granting permission android.permission.CAPTURE_SECURE_VIDEO_OUTPUT from package com.google.android.gms (protectionLevel=2 flags=0xb0cabe45)
06-22 04:59:00.379 I/PackageManager( 1921): Un-granting permission android.permission.MANAGE_ROLLBACKS from package com.google.android.gms (protectionLevel=514 flags=0xb0cabe45)
06-22 04:59:00.379 W/PackageManager( 1921): Cannot whitelist unknown permission: android.permission.QUERY_ALL_PACKAGES
06-22 04:59:00.379 W/PackageManager( 1921): Cannot whitelist unknown permission: android.permission.PRE_FACTORY_RESET
06-22 04:59:00.379 W/PackageManager( 1921): Cannot whitelist unknown permission: android.permission.MANAGE_FACTORY_RESET_PROTECTION
06-22 04:59:00.379 W/PackageManager( 1921): Cannot whitelist unknown permission: android.car.permission.CAR_POWER
06-22 04:59:00.379 W/PackageManager( 1921): Cannot whitelist unknown permission: com.google.android.wearable.WRITE_SETTINGS
06-22 04:59:00.379 W/PackageManager( 1921): Cannot whitelist unknown permission: com.felicanetworks.mfc.permission.MFC_ACCESS
06-22 04:59:00.379 W/PackageManager( 1921): Cannot whitelist unknown permission: com.felicanetworks.mfc.mfi.permission.MFI_ACCESS
06-22 04:59:00.379 W/PackageManager( 1921): Cannot whitelist unknown permission: com.google.android.finsky.permission.INSTANT_APP_STATE
06-22 04:59:00.379 W/PackageManager( 1921): Cannot whitelist unknown permission: android.permission.UWB
06-22 04:59:00.379 W/PackageManager( 1921): Cannot whitelist unknown permission: com.google.android.finsky.permission.BIND_GET_INSTALL_REFERRER_SERVICE
06-22 04:59:00.380 W/PackageManager( 1921): Cannot whitelist unknown permission: com.google.android.hangouts.START_HANGOUT
06-22 04:59:00.380 W/PackageManager( 1921): Cannot whitelist unknown permission: android.car.permission.CAR_POWERTRAIN
06-22 04:59:00.380 W/PackageManager( 1921): Cannot whitelist unknown permission: android.car.permission.CAR_ENERGY
06-22 04:59:00.380 W/PackageManager( 1921): Cannot whitelist unknown permission: android.car.permission.CAR_ENERGY_PORTS
06-22 04:59:00.380 W/PackageManager( 1921): Cannot whitelist unknown permission: android.car.permission.CAR_EXTERIOR_LIGHTS
06-22 04:59:00.380 W/PackageManager( 1921): Cannot whitelist unknown permission: android.car.permission.CAR_INFO
06-22 04:59:00.380 W/PackageManager( 1921): Cannot whitelist unknown permission: android.car.permission.CAR_MILEAGE
06-22 04:59:00.380 W/PackageManager( 1921): Cannot whitelist unknown permission: android.car.permission.CAR_TIRES
06-22 04:59:00.380 W/PackageManager( 1921): Cannot whitelist unknown permission: android.car.permission.CONTROL_CAR_CLIMATE
06-22 04:59:00.380 W/PackageManager( 1921): Cannot whitelist unknown permission: android.car.permission.CONTROL_CAR_DOORS
06-22 04:59:00.380 W/PackageManager( 1921): Cannot whitelist unknown permission: android.car.permission.CONTROL_CAR_EXTERIOR_LIGHTS
06-22 04:59:00.380 W/PackageManager( 1921): Cannot whitelist unknown permission: android.car.permission.CONTROL_CAR_MIRRORS
06-22 04:59:00.380 W/PackageManager( 1921): Cannot whitelist unknown permission: android.car.permission.CONTROL_CAR_SEATS
06-22 04:59:00.380 W/PackageManager( 1921): Cannot whitelist unknown permission: android.car.permission.CONTROL_CAR_WINDOWS
06-22 04:59:00.380 W/PackageManager( 1921): Cannot whitelist unknown permission: android.car.permission.READ_CAR_DISPLAY_UNITS
06-22 04:59:00.380 W/PackageManager( 1921): Cannot whitelist unknown permission: com.google.android.finsky.permission.GEARHEAD_SERVICE
06-22 04:59:00.380 W/PackageManager( 1921): Cannot whitelist unknown permission: com.google.android.permission.ACCESSIBILITY_SCAN_SERVICE
06-22 04:59:00.380 W/PackageManager( 1921): Cannot whitelist unknown permission: com.google.android.finsky.permission.ACCESS_INSTANT_APP_NOTIFICATION_ENFORCEMENT
06-22 04:59:00.380 W/PackageManager( 1921): Cannot whitelist unknown permission: com.google.android.clockwork.settings.SHOW_FACTORY_RESET_CONFIRMATION
06-22 04:59:00.380 W/PackageManager( 1921): Cannot whitelist unknown permission: com.google.android.wearable.READ_SETTINGS
06-22 04:59:00.380 W/PackageManager( 1921): Cannot whitelist unknown permission: android.permission.READ_MEDIA_AUDIO
06-22 04:59:00.380 W/PackageManager( 1921): Cannot whitelist unknown permission: android.permission.READ_MEDIA_IMAGES
06-22 04:59:00.380 W/PackageManager( 1921): Cannot whitelist unknown permission: android.permission.READ_MEDIA_VIDEO
06-22 04:59:00.380 W/PackageManager( 1921): Cannot whitelist unknown permission: com.android.vending.setup.PLAY_SETUP_SERVICE
06-22 04:59:00.380 W/PackageManager( 1921): Cannot whitelist unknown permission: com.google.android.gms.game.notifications.permission.WRITE
06-22 04:59:00.380 W/PackageManager( 1921): Cannot whitelist unknown permission: com.google.android.vending.verifier.ACCESS_VERIFIER
06-22 04:59:00.380 I/PackageManager( 1921): Un-granting permission android.permission.CAPTURE_VIDEO_OUTPUT from package com.google.android.gms (protectionLevel=2 flags=0xb0cabe45)
06-22 04:59:00.380 I/PackageManager( 1921): Un-granting permission android.permission.MANAGE_DEVICE_ADMINS from package com.google.android.gms (protectionLevel=2 flags=0xb0cabe45)
06-22 04:59:00.380 I/PackageManager( 1921): Un-granting permission android.permission.MANAGE_ACTIVITY_STACKS from package com.google.android.gms (protectionLevel=2 flags=0xb0cabe45)
06-22 04:59:00.380 I/PackageManager( 1921): Un-granting permission android.permission.CAPTURE_SECURE_VIDEO_OUTPUT from package com.google.android.gms (protectionLevel=2 flags=0xb0cabe45)
06-22 04:59:00.380 I/PackageManager( 1921): Un-granting permission android.permission.MANAGE_ROLLBACKS from package com.google.android.gms (protectionLevel=514 flags=0xb0cabe45)
06-22 04:59:00.384 I/.gms.persisten( 2062): Compiler allocated 5328KB to compile boolean cuf.a(cyl, boolean, caau, caau, int, java.util.List, java.io.File, cyh)
06-22 04:59:00.390 W/PackageManager( 1921): Cannot whitelist unknown permission: android.permission.QUERY_ALL_PACKAGES
06-22 04:59:00.390 W/PackageManager( 1921): Cannot whitelist unknown permission: android.permission.PRE_FACTORY_RESET
06-22 04:59:00.390 W/PackageManager( 1921): Cannot whitelist unknown permission: android.permission.MANAGE_FACTORY_RESET_PROTECTION
06-22 04:59:00.390 W/PackageManager( 1921): Cannot whitelist unknown permission: android.car.permission.CAR_POWER
06-22 04:59:00.390 W/PackageManager( 1921): Cannot whitelist unknown permission: com.google.android.wearable.WRITE_SETTINGS
06-22 04:59:00.390 W/PackageManager( 1921): Cannot whitelist unknown permission: com.felicanetworks.mfc.permission.MFC_ACCESS
06-22 04:59:00.390 W/PackageManager( 1921): Cannot whitelist unknown permission: com.felicanetworks.mfc.mfi.permission.MFI_ACCESS
06-22 04:59:00.390 W/PackageManager( 1921): Cannot whitelist unknown permission: com.google.android.finsky.permission.INSTANT_APP_STATE
06-22 04:59:00.390 W/PackageManager( 1921): Cannot whitelist unknown permission: android.permission.UWB
06-22 04:59:00.390 W/PackageManager( 1921): Cannot whitelist unknown permission: com.google.android.finsky.permission.BIND_GET_INSTALL_REFERRER_SERVICE
06-22 04:59:00.390 W/PackageManager( 1921): Cannot whitelist unknown permission: com.google.android.hangouts.START_HANGOUT
06-22 04:59:00.390 W/PackageManager( 1921): Cannot whitelist unknown permission: android.car.permission.CAR_POWERTRAIN
06-22 04:59:00.390 W/PackageManager( 1921): Cannot whitelist unknown permission: android.car.permission.CAR_ENERGY
06-22 04:59:00.390 W/PackageManager( 1921): Cannot whitelist unknown permission: android.car.permission.CAR_ENERGY_PORTS
06-22 04:59:00.390 W/PackageManager( 1921): Cannot whitelist unknown permission: android.car.permission.CAR_EXTERIOR_LIGHTS
06-22 04:59:00.390 W/PackageManager( 1921): Cannot whitelist unknown permission: android.car.permission.CAR_INFO
06-22 04:59:00.390 W/PackageManager( 1921): Cannot whitelist unknown permission: android.car.permission.CAR_MILEAGE
06-22 04:59:00.390 W/PackageManager( 1921): Cannot whitelist unknown permission: android.car.permission.CAR_TIRES
06-22 04:59:00.390 W/PackageManager( 1921): Cannot whitelist unknown permission: android.car.permission.CONTROL_CAR_CLIMATE
06-22 04:59:00.390 W/PackageManager( 1921): Cannot whitelist unknown permission: android.car.permission.CONTROL_CAR_DOORS
06-22 04:59:00.390 W/PackageManager( 1921): Cannot whitelist unknown permission: android.car.permission.CONTROL_CAR_EXTERIOR_LIGHTS
06-22 04:59:00.390 W/PackageManager( 1921): Cannot whitelist unknown permission: android.car.permission.CONTROL_CAR_MIRRORS
06-22 04:59:00.390 W/PackageManager( 1921): Cannot whitelist unknown permission: android.car.permission.CONTROL_CAR_SEATS
06-22 04:59:00.390 W/PackageManager( 1921): Cannot whitelist unknown permission: android.car.permission.CONTROL_CAR_WINDOWS
06-22 04:59:00.390 W/PackageManager( 1921): Cannot whitelist unknown permission: android.car.permission.READ_CAR_DISPLAY_UNITS
06-22 04:59:00.390 W/PackageManager( 1921): Cannot whitelist unknown permission: com.google.android.finsky.permission.GEARHEAD_SERVICE
06-22 04:59:00.390 W/PackageManager( 1921): Cannot whitelist unknown permission: com.google.android.permission.ACCESSIBILITY_SCAN_SERVICE
06-22 04:59:00.390 W/PackageManager( 1921): Cannot whitelist unknown permission: com.google.android.finsky.permission.ACCESS_INSTANT_APP_NOTIFICATION_ENFORCEMENT
06-22 04:59:00.390 W/PackageManager( 1921): Cannot whitelist unknown permission: com.google.android.clockwork.settings.SHOW_FACTORY_RESET_CONFIRMATION
06-22 04:59:00.390 W/PackageManager( 1921): Cannot whitelist unknown permission: com.google.android.wearable.READ_SETTINGS
06-22 04:59:00.390 W/PackageManager( 1921): Cannot whitelist unknown permission: android.permission.READ_MEDIA_AUDIO
06-22 04:59:00.390 W/PackageManager( 1921): Cannot whitelist unknown permission: android.permission.READ_MEDIA_IMAGES
06-22 04:59:00.390 W/PackageManager( 1921): Cannot whitelist unknown permission: android.permission.READ_MEDIA_VIDEO
06-22 04:59:00.390 W/PackageManager( 1921): Cannot whitelist unknown permission: com.android.vending.setup.PLAY_SETUP_SERVICE
06-22 04:59:00.390 W/PackageManager( 1921): Cannot whitelist unknown permission: com.google.android.gms.game.notifications.permission.WRITE
06-22 04:59:00.390 W/PackageManager( 1921): Cannot whitelist unknown permission: com.google.android.vending.verifier.ACCESS_VERIFIER
06-22 04:59:00.390 I/PackageManager( 1921): Un-granting permission android.permission.CAPTURE_VIDEO_OUTPUT from package com.google.android.gms (protectionLevel=2 flags=0xb0cabe45)
06-22 04:59:00.390 I/PackageManager( 1921): Un-granting permission android.permission.MANAGE_DEVICE_ADMINS from package com.google.android.gms (protectionLevel=2 flags=0xb0cabe45)
06-22 04:59:00.390 I/PackageManager( 1921): Un-granting permission android.permission.MANAGE_ACTIVITY_STACKS from package com.google.android.gms (protectionLevel=2 flags=0xb0cabe45)
06-22 04:59:00.390 I/PackageManager( 1921): Un-granting permission android.permission.CAPTURE_SECURE_VIDEO_OUTPUT from package com.google.android.gms (protectionLevel=2 flags=0xb0cabe45)
06-22 04:59:00.390 I/PackageManager( 1921): Un-granting permission android.permission.MANAGE_ROLLBACKS from package com.google.android.gms (protectionLevel=514 flags=0xb0cabe45)
06-22 04:59:00.392 W/PackageManager( 1921): Cannot whitelist unknown permission: android.permission.QUERY_ALL_PACKAGES
06-22 04:59:00.392 W/PackageManager( 1921): Cannot whitelist unknown permission: android.permission.PRE_FACTORY_RESET
06-22 04:59:00.392 W/PackageManager( 1921): Cannot whitelist unknown permission: android.permission.MANAGE_FACTORY_RESET_PROTECTION
06-22 04:59:00.392 W/PackageManager( 1921): Cannot whitelist unknown permission: android.car.permission.CAR_POWER
06-22 04:59:00.392 W/PackageManager( 1921): Cannot whitelist unknown permission: com.google.android.wearable.WRITE_SETTINGS
06-22 04:59:00.392 W/PackageManager( 1921): Cannot whitelist unknown permission: com.felicanetworks.mfc.permission.MFC_ACCESS
06-22 04:59:00.392 W/PackageManager( 1921): Cannot whitelist unknown permission: com.felicanetworks.mfc.mfi.permission.MFI_ACCESS
06-22 04:59:00.392 W/PackageManager( 1921): Cannot whitelist unknown permission: com.google.android.finsky.permission.INSTANT_APP_STATE
06-22 04:59:00.393 W/PackageManager( 1921): Cannot whitelist unknown permission: android.permission.UWB
06-22 04:59:00.393 W/PackageManager( 1921): Cannot whitelist unknown permission: com.google.android.finsky.permission.BIND_GET_INSTALL_REFERRER_SERVICE
06-22 04:59:00.393 W/PackageManager( 1921): Cannot whitelist unknown permission: com.google.android.hangouts.START_HANGOUT
06-22 04:59:00.393 W/PackageManager( 1921): Cannot whitelist unknown permission: android.car.permission.CAR_POWERTRAIN
06-22 04:59:00.393 W/PackageManager( 1921): Cannot whitelist unknown permission: android.car.permission.CAR_ENERGY
06-22 04:59:00.393 W/PackageManager( 1921): Cannot whitelist unknown permission: android.car.permission.CAR_ENERGY_PORTS
06-22 04:59:00.393 W/PackageManager( 1921): Cannot whitelist unknown permission: android.car.permission.CAR_EXTERIOR_LIGHTS
06-22 04:59:00.393 W/PackageManager( 1921): Cannot whitelist unknown permission: android.car.permission.CAR_INFO
06-22 04:59:00.393 W/PackageManager( 1921): Cannot whitelist unknown permission: android.car.permission.CAR_MILEAGE
06-22 04:59:00.393 W/PackageManager( 1921): Cannot whitelist unknown permission: android.car.permission.CAR_TIRES
06-22 04:59:00.393 W/PackageManager( 1921): Cannot whitelist unknown permission: android.car.permission.CONTROL_CAR_CLIMATE
06-22 04:59:00.393 W/PackageManager( 1921): Cannot whitelist unknown permission: android.car.permission.CONTROL_CAR_DOORS
06-22 04:59:00.393 W/PackageManager( 1921): Cannot whitelist unknown permission: android.car.permission.CONTROL_CAR_EXTERIOR_LIGHTS
06-22 04:59:00.393 W/PackageManager( 1921): Cannot whitelist unknown permission: android.car.permission.CONTROL_CAR_MIRRORS
06-22 04:59:00.393 W/PackageManager( 1921): Cannot whitelist unknown permission: android.car.permission.CONTROL_CAR_SEATS
06-22 04:59:00.393 W/PackageManager( 1921): Cannot whitelist unknown permission: android.car.permission.CONTROL_CAR_WINDOWS
06-22 04:59:00.393 W/PackageManager( 1921): Cannot whitelist unknown permission: android.car.permission.READ_CAR_DISPLAY_UNITS
06-22 04:59:00.393 W/PackageManager( 1921): Cannot whitelist unknown permission: com.google.android.finsky.permission.GEARHEAD_SERVICE
06-22 04:59:00.393 W/PackageManager( 1921): Cannot whitelist unknown permission: com.google.android.permission.ACCESSIBILITY_SCAN_SERVICE
06-22 04:59:00.393 W/PackageManager( 1921): Cannot whitelist unknown permission: com.google.android.finsky.permission.ACCESS_INSTANT_APP_NOTIFICATION_ENFORCEMENT
06-22 04:59:00.393 W/PackageManager( 1921): Cannot whitelist unknown permission: com.google.android.clockwork.settings.SHOW_FACTORY_RESET_CONFIRMATION
06-22 04:59:00.393 W/PackageManager( 1921): Cannot whitelist unknown permission: com.google.android.wearable.READ_SETTINGS
06-22 04:59:00.393 W/PackageManager( 1921): Cannot whitelist unknown permission: android.permission.READ_MEDIA_AUDIO
06-22 04:59:00.393 W/PackageManager( 1921): Cannot whitelist unknown permission: android.permission.READ_MEDIA_IMAGES
06-22 04:59:00.393 W/PackageManager( 1921): Cannot whitelist unknown permission: android.permission.READ_MEDIA_VIDEO
06-22 04:59:00.393 W/PackageManager( 1921): Cannot whitelist unknown permission: com.android.vending.setup.PLAY_SETUP_SERVICE
06-22 04:59:00.393 W/PackageManager( 1921): Cannot whitelist unknown permission: com.google.android.gms.game.notifications.permission.WRITE
06-22 04:59:00.393 W/PackageManager( 1921): Cannot whitelist unknown permission: com.google.android.vending.verifier.ACCESS_VERIFIER
06-22 04:59:00.393 I/PackageManager( 1921): Un-granting permission android.permission.CAPTURE_VIDEO_OUTPUT from package com.google.android.gms (protectionLevel=2 flags=0xb0cabe45)
06-22 04:59:00.393 I/PackageManager( 1921): Un-granting permission android.permission.MANAGE_DEVICE_ADMINS from package com.google.android.gms (protectionLevel=2 flags=0xb0cabe45)
06-22 04:59:00.393 I/PackageManager( 1921): Un-granting permission android.permission.MANAGE_ACTIVITY_STACKS from package com.google.android.gms (protectionLevel=2 flags=0xb0cabe45)
06-22 04:59:00.393 I/PackageManager( 1921): Un-granting permission android.permission.CAPTURE_SECURE_VIDEO_OUTPUT from package com.google.android.gms (protectionLevel=2 flags=0xb0cabe45)
06-22 04:59:00.393 I/PackageManager( 1921): Un-granting permission android.permission.MANAGE_ROLLBACKS from package com.google.android.gms (protectionLevel=514 flags=0xb0cabe45)
06-22 04:59:00.398 W/PackageManager( 1921): Cannot whitelist unknown permission: android.permission.QUERY_ALL_PACKAGES
06-22 04:59:00.398 W/PackageManager( 1921): Cannot whitelist unknown permission: android.permission.PRE_FACTORY_RESET
06-22 04:59:00.398 W/PackageManager( 1921): Cannot whitelist unknown permission: android.permission.MANAGE_FACTORY_RESET_PROTECTION
06-22 04:59:00.398 W/PackageManager( 1921): Cannot whitelist unknown permission: android.car.permission.CAR_POWER
06-22 04:59:00.398 W/PackageManager( 1921): Cannot whitelist unknown permission: com.google.android.wearable.WRITE_SETTINGS
06-22 04:59:00.398 W/PackageManager( 1921): Cannot whitelist unknown permission: com.felicanetworks.mfc.permission.MFC_ACCESS
06-22 04:59:00.398 W/PackageManager( 1921): Cannot whitelist unknown permission: com.felicanetworks.mfc.mfi.permission.MFI_ACCESS
06-22 04:59:00.398 W/PackageManager( 1921): Cannot whitelist unknown permission: com.google.android.finsky.permission.INSTANT_APP_STATE
06-22 04:59:00.398 W/PackageManager( 1921): Cannot whitelist unknown permission: android.permission.UWB
06-22 04:59:00.398 W/PackageManager( 1921): Cannot whitelist unknown permission: com.google.android.finsky.permission.BIND_GET_INSTALL_REFERRER_SERVICE
06-22 04:59:00.398 W/PackageManager( 1921): Cannot whitelist unknown permission: com.google.android.hangouts.START_HANGOUT
06-22 04:59:00.398 W/PackageManager( 1921): Cannot whitelist unknown permission: android.car.permission.CAR_POWERTRAIN
06-22 04:59:00.398 W/PackageManager( 1921): Cannot whitelist unknown permission: android.car.permission.CAR_ENERGY
06-22 04:59:00.398 W/PackageManager( 1921): Cannot whitelist unknown permission: android.car.permission.CAR_ENERGY_PORTS
06-22 04:59:00.398 W/PackageManager( 1921): Cannot whitelist unknown permission: android.car.permission.CAR_EXTERIOR_LIGHTS
06-22 04:59:00.398 W/PackageManager( 1921): Cannot whitelist unknown permission: android.car.permission.CAR_INFO
06-22 04:59:00.398 W/PackageManager( 1921): Cannot whitelist unknown permission: android.car.permission.CAR_MILEAGE
06-22 04:59:00.398 W/PackageManager( 1921): Cannot whitelist unknown permission: android.car.permission.CAR_TIRES
06-22 04:59:00.398 W/PackageManager( 1921): Cannot whitelist unknown permission: android.car.permission.CONTROL_CAR_CLIMATE
06-22 04:59:00.398 W/PackageManager( 1921): Cannot whitelist unknown permission: android.car.permission.CONTROL_CAR_DOORS
06-22 04:59:00.398 W/PackageManager( 1921): Cannot whitelist unknown permission: android.car.permission.CONTROL_CAR_EXTERIOR_LIGHTS
06-22 04:59:00.398 W/PackageManager( 1921): Cannot whitelist unknown permission: android.car.permission.CONTROL_CAR_MIRRORS
06-22 04:59:00.398 W/PackageManager( 1921): Cannot whitelist unknown permission: android.car.permission.CONTROL_CAR_SEATS
06-22 04:59:00.398 W/PackageManager( 1921): Cannot whitelist unknown permission: android.car.permission.CONTROL_CAR_WINDOWS
06-22 04:59:00.398 W/PackageManager( 1921): Cannot whitelist unknown permission: android.car.permission.READ_CAR_DISPLAY_UNITS
06-22 04:59:00.398 W/PackageManager( 1921): Cannot whitelist unknown permission: com.google.android.finsky.permission.GEARHEAD_SERVICE
06-22 04:59:00.398 W/PackageManager( 1921): Cannot whitelist unknown permission: com.google.android.permission.ACCESSIBILITY_SCAN_SERVICE
06-22 04:59:00.399 W/PackageManager( 1921): Cannot whitelist unknown permission: com.google.android.finsky.permission.ACCESS_INSTANT_APP_NOTIFICATION_ENFORCEMENT
06-22 04:59:00.399 W/PackageManager( 1921): Cannot whitelist unknown permission: com.google.android.clockwork.settings.SHOW_FACTORY_RESET_CONFIRMATION
06-22 04:59:00.399 W/PackageManager( 1921): Cannot whitelist unknown permission: com.google.android.wearable.READ_SETTINGS
06-22 04:59:00.399 W/PackageManager( 1921): Cannot whitelist unknown permission: android.permission.READ_MEDIA_AUDIO
06-22 04:59:00.399 W/PackageManager( 1921): Cannot whitelist unknown permission: android.permission.READ_MEDIA_IMAGES
06-22 04:59:00.399 W/PackageManager( 1921): Cannot whitelist unknown permission: android.permission.READ_MEDIA_VIDEO
06-22 04:59:00.399 W/PackageManager( 1921): Cannot whitelist unknown permission: com.android.vending.setup.PLAY_SETUP_SERVICE
06-22 04:59:00.399 W/PackageManager( 1921): Cannot whitelist unknown permission: com.google.android.gms.game.notifications.permission.WRITE
06-22 04:59:00.399 W/PackageManager( 1921): Cannot whitelist unknown permission: com.google.android.vending.verifier.ACCESS_VERIFIER
06-22 04:59:00.400 I/PackageManager( 1921): Un-granting permission android.permission.CAPTURE_VIDEO_OUTPUT from package com.google.android.gms (protectionLevel=2 flags=0xb0cabe45)
06-22 04:59:00.400 I/PackageManager( 1921): Un-granting permission android.permission.MANAGE_DEVICE_ADMINS from package com.google.android.gms (protectionLevel=2 flags=0xb0cabe45)
06-22 04:59:00.400 I/PackageManager( 1921): Un-granting permission android.permission.MANAGE_ACTIVITY_STACKS from package com.google.android.gms (protectionLevel=2 flags=0xb0cabe45)
06-22 04:59:00.400 I/PackageManager( 1921): Un-granting permission android.permission.CAPTURE_SECURE_VIDEO_OUTPUT from package com.google.android.gms (protectionLevel=2 flags=0xb0cabe45)
06-22 04:59:00.400 I/PackageManager( 1921): Un-granting permission android.permission.MANAGE_ROLLBACKS from package com.google.android.gms (protectionLevel=514 flags=0xb0cabe45)
06-22 04:59:00.409 W/PackageManager( 1921): Cannot whitelist unknown permission: android.permission.ADD_VOICEMAIL
06-22 04:59:00.409 W/PackageManager( 1921): Cannot whitelist unknown permission: com.google.android.apps.messaging.services.ACCESS_JIBESERVICE
06-22 04:59:00.410 W/PackageManager( 1921): Cannot whitelist unknown permission: android.permission.ADD_VOICEMAIL
06-22 04:59:00.410 W/PackageManager( 1921): Cannot whitelist unknown permission: com.google.android.apps.messaging.services.ACCESS_JIBESERVICE
06-22 04:59:00.412 W/PackageManager( 1921): Cannot whitelist unknown permission: android.permission.ADD_VOICEMAIL
06-22 04:59:00.412 W/PackageManager( 1921): Cannot whitelist unknown permission: com.google.android.apps.messaging.services.ACCESS_JIBESERVICE
06-22 04:59:00.414 W/PackageManager( 1921): Cannot whitelist unknown permission: android.permission.ADD_VOICEMAIL
06-22 04:59:00.414 W/PackageManager( 1921): Cannot whitelist unknown permission: com.google.android.apps.messaging.services.ACCESS_JIBESERVICE
06-22 04:59:00.414 W/PackageManager( 1921): Cannot whitelist unknown permission: android.permission.ADD_VOICEMAIL
06-22 04:59:00.414 W/PackageManager( 1921): Cannot whitelist unknown permission: com.google.android.apps.messaging.services.ACCESS_JIBESERVICE
06-22 04:59:00.418 I/hostapd ( 1830): wlan1: interface state COUNTRY_UPDATE->HT_SCAN
06-22 04:59:00.419 I/PackageManager( 1921): Un-granting permission com.google.android.googleapps.permission.GOOGLE_AUTH from package com.google.android.videos (protectionLevel=2 flags=0x30dbbe45)
06-22 04:59:00.419 I/chatty  ( 1921): uid=1000(system) Binder:1921_2 identical 1 line
06-22 04:59:00.421 I/PackageManager( 1921): Un-granting permission com.google.android.googleapps.permission.GOOGLE_AUTH from package com.google.android.videos (protectionLevel=2 flags=0x30dbbe45)
06-22 04:59:00.421 W/PackageManager( 1921): Cannot whitelist unknown permission: com.google.android.apps.miphone.aiai.matchmaker.overview.service.BIND_SERVICE
06-22 04:59:00.421 W/PackageManager( 1921): Cannot whitelist unknown permission: com.google.android.as.allapps.SUGGESTION_CONSUMER
06-22 04:59:00.422 W/PackageManager( 1921): Cannot whitelist unknown permission: com.google.android.apps.miphone.aiai.matchmaker.overview.service.BIND_SERVICE
06-22 04:59:00.422 W/PackageManager( 1921): Cannot whitelist unknown permission: com.google.android.as.allapps.SUGGESTION_CONSUMER
06-22 04:59:00.427 W/PackageManager( 1921): Cannot whitelist unknown permission: com.android.vending.BILLING
06-22 04:59:00.427 I/PackageManager( 1921): Un-granting permission android.permission.WRITE_MEDIA_STORAGE from package com.google.android.apps.photos (protectionLevel=18 flags=0x38d9be45)
06-22 04:59:00.428 W/PackageManager( 1921): Cannot whitelist unknown permission: com.android.vending.BILLING
06-22 04:59:00.428 I/PackageManager( 1921): Un-granting permission android.permission.WRITE_MEDIA_STORAGE from package com.google.android.apps.photos (protectionLevel=18 flags=0x38d9be45)
06-22 04:59:00.447 W/PackageManager( 1921): Cannot whitelist unknown permission: com.android.launcher.permission.READ_SETTINGS
06-22 04:59:00.447 W/PackageManager( 1921): Cannot whitelist unknown permission: com.android.launcher.permission.WRITE_SETTINGS
06-22 04:59:00.449 E/ActivityThread( 2062): Failed to find provider info for com.google.android.gsf.gservices
06-22 04:59:00.451 I/FileApkMgr( 2062): Extracting modules completed
06-22 04:59:00.451 I/GmsApplication( 2062): Staging modules completed
06-22 04:59:00.451 I/GmsApplication( 2062): Updating config
06-22 04:59:00.452 W/FileUtils( 2062): Failed to set world readable: /data/user_de/0/com.google.android.gms/app_chimera/current_config.fb
06-22 04:59:00.454 E/ChimeraCfgMgr( 2062): Failed to read module config: java.io.FileNotFoundException: /data/user_de/0/com.google.android.gms/app_chimera/current_config.fb: open failed: ENOENT (No such file or directory)
06-22 04:59:00.456 E/GservicesValue( 2062): Gservices key not whitelisted for directboot access: gms:chimera:dev_module_blacklist
06-22 04:59:00.459 I/GmsModuleFndr( 2062): Beginning GMS chimera module scan
06-22 04:59:00.458 I/chatty  ( 2062): uid=10117 com.google.android.gms.persistent identical 8 lines
06-22 04:59:00.459 E/ActivityThread( 2062): Failed to find provider info for com.google.android.gsf.gservices
06-22 04:59:00.462 W/PackageManager( 1921): Cannot whitelist unknown permission: com.android.vending.setup.PLAY_SETUP_SERVICE
06-22 04:59:00.463 E/ChimeraCfgMgr( 2062): Failed to read module config: java.io.FileNotFoundException: /data/user_de/0/com.google.android.gms/app_chimera/current_config.fb: open failed: ENOENT (No such file or directory)
06-22 04:59:00.463 W/PackageManager( 1921): Cannot whitelist unknown permission: com.android.vending.setup.PLAY_SETUP_SERVICE
06-22 04:59:00.464 I/ModuleSetMgr( 2062): Config file doesn't exist, writing blank config.
06-22 04:59:00.468 I/ModuleSetMgr( 2062): Computing pending module set with APKs: [[AdsFdrDynamite.integ:21460000000], [Cronetdynamite:202414040800], [Dynamiteloader:202414040800], [Dynamitemodulesa:202414040000], [Dynamitemodulesc:202414040000], [Googlecertificates:202414040000], [Mapsdynamite:202414040000], [Measurementdynamite:202414040000]]
06-22 04:59:00.464 I/chatty  ( 1921): uid=1000(system) Binder:1921_2 identical 1 line
06-22 04:59:00.465 W/PackageManager( 1921): Cannot whitelist unknown permission: com.android.vending.setup.PLAY_SETUP_SERVICE
06-22 04:59:00.469 E/ActivityThread( 2062): Failed to find provider info for com.google.android.gsf.gservices
06-22 04:59:00.474 I/chatty  ( 2062): uid=10117 com.google.android.gms.persistent identical 6 lines
06-22 04:59:00.474 E/ActivityThread( 2062): Failed to find provider info for com.google.android.gsf.gservices
06-22 04:59:00.479 W/PackageManager( 1921): Cannot whitelist unknown permission: com.android.permission.CONNMO_SETTINGS
06-22 04:59:00.479 W/PackageManager( 1921): Cannot whitelist unknown permission: com.android.permission.DCMO_SETTINGS
06-22 04:59:00.480 W/PackageManager( 1921): Cannot whitelist unknown permission: com.android.permission.CONNMO_SETTINGS
06-22 04:59:00.480 W/PackageManager( 1921): Cannot whitelist unknown permission: com.android.permission.DCMO_SETTINGS
06-22 04:59:00.483 I/ModuleSetMgr( 2062): Pending container module APKs: []
06-22 04:59:00.483 I/ModuleSetMgr( 2062): Pending non-container module APKs: []
06-22 04:59:00.484 E/ActivityThread( 2062): Failed to find provider info for com.google.android.gsf.gservices
06-22 04:59:00.484 E/ActivityThread( 2062): Failed to find provider info for com.google.android.gsf.gservices
06-22 04:59:00.485 W/PackageManager( 1921): Cannot whitelist unknown permission: com.android.permission.BIND_TELEPHONY_NETWORK_SERVICE
06-22 04:59:00.485 E/ActivityThread( 2062): Failed to find provider info for com.google.android.gsf.gservices
06-22 04:59:00.486 W/PackageManager( 1921): Cannot whitelist unknown permission: com.android.permission.BIND_TELEPHONY_NETWORK_SERVICE
06-22 04:59:00.487 E/ActivityThread( 2062): Failed to find provider info for com.google.android.gsf.gservices
06-22 04:59:00.488 E/ChimeraCfgMgr( 2062): Failed to read module config: java.io.FileNotFoundException: /data/user_de/0/com.google.android.gms/app_chimera/current_config.fb: open failed: ENOENT (No such file or directory)
06-22 04:59:00.488 W/IntentOperation( 2062): Failed to get Chimera config:com.google.android.chimera.config.InvalidConfigException: java.io.FileNotFoundException: /data/user_de/0/com.google.android.gms/app_chimera/current_config.fb: open failed: ENOENT (No such file or directory)
06-22 04:59:00.495 I/chatty  ( 2062): uid=10117 com.google.android.gms.persistent identical 1 line
06-22 04:59:00.495 E/ActivityThread( 2062): Failed to find provider info for com.google.android.gsf.gservices
06-22 04:59:00.496 W/PackageManager( 1921): Cannot whitelist unknown permission: com.android.permission.BIND_TELEPHONY_NETWORK_SERVICE
06-22 04:59:00.510 I/.gms.persisten( 2062): Compiler allocated 5796KB to compile boolean cuf.a(cyl, boolean, caau, caau, int, java.util.List, java.io.File, cyh)
06-22 04:59:00.498 W/PackageManager( 1921): Cannot whitelist unknown permission: com.android.permission.BIND_TELEPHONY_NETWORK_SERVICE
06-22 04:59:00.531 W/PackageManager( 1921): Cannot whitelist unknown permission: com.google.restricted_assist_gesture.permission.RESTRICTED_ASSIST_GESTURE_PROVIDER
06-22 04:59:00.531 W/PackageManager( 1921): Cannot whitelist unknown permission: com.google.android.apps.dreamliner.permission.DREAMLINER_SERVICE
06-22 04:59:00.531 W/PackageManager( 1921): Cannot whitelist unknown permission: android.car.permission.CONTROL_CAR_CLIMATE
06-22 04:59:00.531 W/PackageManager( 1921): Cannot whitelist unknown permission: android.car.permission.CAR_DRIVING_STATE
06-22 04:59:00.531 W/PackageManager( 1921): Cannot whitelist unknown permission: android.car.permission.CAR_CONTROL_AUDIO_VOLUME
06-22 04:59:00.538 E/ActivityThread( 2062): Failed to find provider info for com.google.android.gsf.gservices
06-22 04:59:00.538 E/ActivityThread( 2062): Failed to find provider info for com.google.android.gsf.gservices
06-22 04:59:00.540 W/PackageManager( 1921): Cannot whitelist unknown permission: com.google.restricted_assist_gesture.permission.RESTRICTED_ASSIST_GESTURE_PROVIDER
06-22 04:59:00.540 W/PackageManager( 1921): Cannot whitelist unknown permission: com.google.android.apps.dreamliner.permission.DREAMLINER_SERVICE
06-22 04:59:00.540 W/PackageManager( 1921): Cannot whitelist unknown permission: android.car.permission.CONTROL_CAR_CLIMATE
06-22 04:59:00.540 W/PackageManager( 1921): Cannot whitelist unknown permission: android.car.permission.CAR_DRIVING_STATE
06-22 04:59:00.540 W/PackageManager( 1921): Cannot whitelist unknown permission: android.car.permission.CAR_CONTROL_AUDIO_VOLUME
06-22 04:59:00.542 W/PackageManager( 1921): Cannot whitelist unknown permission: com.google.android.gallery3d.permission.GALLERY_PROVIDER
06-22 04:59:00.542 W/PackageManager( 1921): Cannot whitelist unknown permission: com.android.gallery3d.permission.GALLERY_PROVIDER
06-22 04:59:00.542 W/PackageManager( 1921): Cannot whitelist unknown permission: com.google.android.gallery3d.permission.GALLERY_PROVIDER
06-22 04:59:00.542 W/PackageManager( 1921): Cannot whitelist unknown permission: com.android.gallery3d.permission.GALLERY_PROVIDER
06-22 04:59:00.543 W/PackageManager( 1921): Cannot whitelist unknown permission: com.google.android.gallery3d.permission.GALLERY_PROVIDER
06-22 04:59:00.543 W/PackageManager( 1921): Cannot whitelist unknown permission: com.android.gallery3d.permission.GALLERY_PROVIDER
06-22 04:59:00.544 W/PackageManager( 1921): Cannot whitelist unknown permission: com.google.android.gallery3d.permission.GALLERY_PROVIDER
06-22 04:59:00.544 W/PackageManager( 1921): Cannot whitelist unknown permission: com.android.gallery3d.permission.GALLERY_PROVIDER
06-22 04:59:00.545 W/PackageManager( 1921): Cannot whitelist unknown permission: com.google.android.gallery3d.permission.GALLERY_PROVIDER
06-22 04:59:00.545 W/PackageManager( 1921): Cannot whitelist unknown permission: com.android.gallery3d.permission.GALLERY_PROVIDER
06-22 04:59:00.546 W/PackageManager( 1921): Cannot whitelist unknown permission: com.google.android.gallery3d.permission.GALLERY_PROVIDER
06-22 04:59:00.546 W/PackageManager( 1921): Cannot whitelist unknown permission: com.android.gallery3d.permission.GALLERY_PROVIDER
06-22 04:59:00.546 W/PackageManager( 1921): Cannot whitelist unknown permission: com.google.android.gallery3d.permission.GALLERY_PROVIDER
06-22 04:59:00.546 W/PackageManager( 1921): Cannot whitelist unknown permission: com.android.gallery3d.permission.GALLERY_PROVIDER
06-22 04:59:00.552 W/PackageManager( 1921): Cannot whitelist unknown permission: com.android.vending.setup.PLAY_SETUP_SERVICE
06-22 04:59:00.686 I/RuntimePermissionsUpgradeController( 2094): Grandfathering SMS and CallLog permissions
06-22 04:59:00.694 I/RuntimePermissionsUpgradeController( 2094): Grandfathering location background permissions
06-22 04:59:00.695 I/RuntimePermissionsUpgradeController( 2094): Grandfathering Storage permissions
06-22 04:59:00.553 W/PackageManager( 1921): Cannot whitelist unknown permission: com.android.vending.setup.PLAY_SETUP_SERVICE
06-22 04:59:00.702 W/PackageManager( 1921): Cannot whitelist unknown permission: com.android.vending.BILLING
06-22 04:59:00.703 I/RuntimePermissionsUpgradeController( 2094): Not expanding location permissions as this is not an upgrade from Android P
06-22 04:59:00.707 D/vold    ( 1576): Remounting 10145 as mode default
06-22 04:59:00.709 D/vold    ( 1576): Remounting 10122 as mode default
06-22 04:59:00.710 D/vold    ( 1576): Remounting 10131 as mode write
06-22 04:59:00.710 W/SystemServiceManager( 1921): Service com.android.server.policy.PermissionPolicyService took 866 ms in onBootPhase
06-22 04:59:00.710 D/SystemServerTiming( 1921): StartActivityManagerReadyPhase took to complete: 901ms
06-22 04:59:00.710 I/SystemServer( 1921): StartObservingNativeCrashes
06-22 04:59:00.710 D/SystemServerTiming( 1921): StartObservingNativeCrashes took to complete: 0ms
06-22 04:59:00.710 I/SystemServer( 1921): StartSystemUI
06-22 04:59:00.710 D/SystemServerInitThreadPool( 1921): Started executing WebViewFactoryPreparation
06-22 04:59:00.710 I/SystemServer( 1921): WebViewFactoryPreparation
06-22 04:59:00.711 I/WebViewUpdateServiceImpl( 1921): One-time migration: enabling com.google.android.webview
06-22 04:59:00.711 D/vold    ( 1576): Remounting 10127 as mode write
06-22 04:59:00.713 D/vold    ( 1576): Remounting 10112 as mode default
06-22 04:59:00.714 V/SystemUIService( 2078): Starting SystemUI services for user 0.
06-22 04:59:00.714 D/SystemServerTiming( 1921): StartSystemUI took to complete: 3ms
06-22 04:59:00.714 I/SystemServer( 1921): MakeNetworkManagementServiceReady
06-22 04:59:00.716 W/NetworkManagement( 1921): setDataSaverMode(): already false
06-22 04:59:00.717 D/SystemServerTimingAsync( 1921): WebViewFactoryPreparation took to complete: 6ms
06-22 04:59:00.717 D/SystemServerInitThreadPool( 1921): Finished executing WebViewFactoryPreparation
06-22 04:59:00.718 I/netd    ( 1664): firewallSetFirewallType(1) <0.02ms>
06-22 04:59:00.718 D/SystemServerTiming( 1921): MakeNetworkManagementServiceReady took to complete: 3ms
06-22 04:59:00.718 I/SystemServer( 1921): MakeIpSecServiceReady
06-22 04:59:00.719 D/SystemUIBootTiming( 2078): StartServicescom.android.systemui.Dependency$DependencyCreator took to complete: 5ms
06-22 04:59:00.720 I/netd    ( 1664): isAlive() -> {"true"} <0.02ms>
06-22 04:59:00.720 D/IpSecService( 1921): IpSecService is ready
06-22 04:59:00.720 D/SystemServerTiming( 1921): MakeIpSecServiceReady took to complete: 3ms
06-22 04:59:00.720 I/SystemServer( 1921): MakeNetworkStatsServiceReady
06-22 04:59:00.721 W/BestClock( 1921): java.time.DateTimeException: Missing NTP fix
06-22 04:59:00.728 W/NetworkPolicy( 1921): setRestrictBackgroundUL: already false
06-22 04:59:00.729 D/vold    ( 1576): Remounting 10135 as mode write
06-22 04:59:00.729 D/vold    ( 1576): Remounting 10099 as mode default
06-22 04:59:00.730 D/vold    ( 1576): Remounting 10144 as mode default
06-22 04:59:00.731 D/vold    ( 1576): Remounting 10139 as mode default
06-22 04:59:00.731 D/vold    ( 1576): Remounting 10140 as mode write
06-22 04:59:00.732 D/vold    ( 1576): Remounting 10107 as mode default
06-22 04:59:00.733 D/vold    ( 1576): Remounting 10117 as mode write
06-22 04:59:00.733 D/vold    ( 1576): Found matching PID 2062
06-22 04:59:00.734 D/SystemUIBootTiming( 2078): StartServicescom.android.systemui.util.NotificationChannels took to complete: 15ms
06-22 04:59:00.735 D/SystemUIBootTiming( 2078): StartServicescom.android.systemui.statusbar.CommandQueue$CommandQueueStart took to complete: 1ms
06-22 04:59:00.746 V/MediaRouter( 2078): Selecting route: RouteInfo{ name=Phone, description=null, status=null, category=RouteCategory{ name=System types=ROUTE_TYPE_LIVE_AUDIO ROUTE_TYPE_LIVE_VIDEO  groupable=false }, supportedTypes=ROUTE_TYPE_LIVE_AUDIO ROUTE_TYPE_LIVE_VIDEO , presentationDisplay=null }
06-22 04:59:00.758 I/netd    ( 1664): trafficSwapActiveStatsMap() <29.74ms>
06-22 04:59:00.758 I/netd    ( 1664): firewallReplaceUidChain("fw_standby", "false", []) -> {"true"} <27.84ms>
06-22 04:59:00.761 I/netd    ( 1664): tetherGetStats() <0.46ms>
06-22 04:59:00.762 W/BestClock( 1921): java.time.DateTimeException: Missing NTP fix
06-22 04:59:00.763 I/netd    ( 1664): firewallEnableChildChain(2, "true") <0.02ms>
06-22 04:59:00.763 I/netd    ( 1664): socketDestroy([]) <0.09ms>
06-22 04:59:00.766 D/PackageManager( 1921): Instant App installer not found with android.intent.action.INSTALL_INSTANT_APP_PACKAGE
06-22 04:59:00.766 D/PackageManager( 1921): Clear ephemeral installer activity
06-22 04:59:00.769 I/netd    ( 1664): bandwidthSetGlobalAlert(2097152) <0.71ms>
06-22 04:59:00.769 D/SystemServerTiming( 1921): MakeNetworkStatsServiceReady took to complete: 48ms
06-22 04:59:00.769 I/SystemServer( 1921): MakeConnectivityServiceReady
06-22 04:59:00.769 D/ConnectivityService( 1921): requestNetwork for uid/pid:1000/1921 NetworkRequest [ REQUEST id=7, [ Capabilities: INTERNET&NOT_RESTRICTED&TRUSTED&NOT_VPN] ]
06-22 04:59:00.770 D/PermissionMonitor( 1921): Monitoring
06-22 04:59:00.772 D/PermissionMonitor( 1921): Users: 1, Apps: 34
06-22 04:59:00.773 I/netd    ( 1664): networkSetPermissionForUser(1, [10141]) <0.01ms>
06-22 04:59:00.773 I/netd    ( 1664): networkSetPermissionForUser(2, [10112,10113,10114,1027,10115,10117,10055,10119,10122,10123,10059,10061,10126,10127,10128,2000,10129,10131,10133,10135,10140,10143,10144,10084,1000,1001,1002,1073,10100,10103,10105,10107,10109]) <0.02ms>
06-22 04:59:00.773 I/netd    ( 1664): trafficSetNetPermForUids(12, [1001,1002,1013,10055,10115,10117]) <0.02ms>
06-22 04:59:00.773 I/netd    ( 1664): trafficSetNetPermForUids(4, [1000,1027,1073,2000,10056,10060,10061,10062,10064,10081,10084,10089,10090,10091,10093,10094,10095,10099,10100,10101,10102,10103,10105,10107,10109,10112,10113,10116,10118,10119,10122,10126,10127,10128,10129,10130,10131,10132,10133,10135,10136,10137,10138,10139,10140,10141,10142,10143,10144,10145]) <0.05ms>
06-22 04:59:00.773 I/netd    ( 1664): trafficSetNetPermForUids(8, [1041,1047]) <0.01ms>
06-22 04:59:00.773 I/netd    ( 1664): trafficSetNetPermForUids(0, [1003,1063,1066,1067,1068,10000,10001,10002,10003,10004,10005,10006,10007,10008,10009,10010,10011,10012,10013,10014,10015,10016,10017,10018,10019,10020,10021,10022,10023,10024,10025,10026,10027,10028,10029,10030,10031,10032,10033,10034,10035,10036,10037,10038,10039,10040,10041,10042,10043,10044,10045,10046,10047,10048,10049,10050,10051,10052,10053,10054,10057,10058,10059,10063,10065,10066,10067,10068,10069,10070,10071,10072,10073,10074,10075,10076,10077,10078,10079,10080,10082,10083,10085,10086,10087,10088,10092,10096,10097,10098,10104,10106,10108,10110,10111,10114,10120,10121,10123,10125,10134]) <0.06ms>
06-22 04:59:00.773 D/SystemServerTiming( 1921): MakeConnectivityServiceReady took to complete: 5ms
06-22 04:59:00.774 I/SystemServer( 1921): MakeNetworkPolicyServiceReady
06-22 04:59:00.774 D/SystemServerTiming( 1921): MakeNetworkPolicyServiceReady took to complete: 0ms
06-22 04:59:00.774 I/SystemServer( 1921): PhaseThirdPartyAppsCanStart
06-22 04:59:00.774 I/SystemServiceManager( 1921): Starting phase 600
06-22 04:59:00.774 I/ExplicitHealthCheckController( 1921): Explicit health checks enabled.
06-22 04:59:00.774 I/PackageWatchdog( 1921): Syncing state, reason: health check state enabled
06-22 04:59:00.774 I/PackageWatchdog( 1921): Not pruning observers, elapsed time: 0ms
06-22 04:59:00.774 I/PackageWatchdog( 1921): Cancelling state sync, nothing to sync
06-22 04:59:00.776 V/WallpaperManagerService( 1921): bindWallpaperComponentLocked: componentName=null
06-22 04:59:00.776 V/WallpaperManagerService( 1921): No default component; using image wallpaper
06-22 04:59:00.776 D/Zygote  ( 1666): Forked child process 2227
06-22 04:59:00.778 W/ActivityManager( 1921): Slow operation: 61ms so far, now at startProcess: returned from zygote!
06-22 04:59:00.778 W/ActivityManager( 1921): Slow operation: 61ms so far, now at startProcess: done updating battery stats
06-22 04:59:00.778 W/ActivityManager( 1921): Slow operation: 61ms so far, now at startProcess: building log message
06-22 04:59:00.778 I/ActivityManager( 1921): Start proc 2227:WebViewLoader-x86/1037 [android.webkit.WebViewLibraryLoader$RelroFileCreator] for null
06-22 04:59:00.778 W/ActivityManager( 1921): Slow operation: 61ms so far, now at startProcess: starting to update pids map
06-22 04:59:00.778 W/ActivityManager( 1921): Slow operation: 62ms so far, now at startProcess: done updating pids map
