--------- beginning of main
06-22 04:58:48.130 W/auditd  ( 1565): type=2000 audit(0.0:1): state=initialized audit_enabled=0 res=1
06-22 04:58:51.830 I/auditd  ( 1565): type=1403 audit(0.0:2): policy loaded auid=4294967295 ses=4294967295
06-22 04:58:51.830 W/auditd  ( 1565): type=1404 audit(0.0:3): enforcing=1 old_enforcing=0 auid=4294967295 ses=4294967295
06-22 04:58:53.428 I/SELinux ( 1566): SELinux: Loaded service_contexts from:
06-22 04:58:53.429 I/SELinux ( 1566):     /system/etc/selinux/plat_service_contexts
06-22 04:58:53.451 I/SELinux ( 1568): SELinux: Loaded service_contexts from:
06-22 04:58:53.451 I/SELinux ( 1568):     /vendor/etc/selinux/vndservice_contexts
06-22 04:58:53.452 I/hwservicemanager( 1567): hwservicemanager is ready now.
--------- beginning of system
06-22 04:58:53.509 I/vold    ( 1576): Vold 3.0 (the awakening) firing up
06-22 04:58:53.509 D/vold    ( 1576): Detected support for: ext4 f2fs vfat
06-22 04:58:53.510 D/vold    ( 1576): Found unmanaged dm device named vendor
06-22 04:58:53.510 D/vold    ( 1576): Found unmanaged dm device named system
06-22 04:58:53.510 D/vold    ( 1576): Found unmanaged dm device named system-verity
06-22 04:58:53.510 W/vold    ( 1576): Failed to LOOP_GET_STATUS64 /dev/block/loop5: No such device or address
06-22 04:58:53.510 W/vold    ( 1576): Failed to LOOP_GET_STATUS64 /dev/block/loop7: No such device or address
06-22 04:58:53.510 W/vold    ( 1576): Failed to LOOP_GET_STATUS64 /dev/block/loop4: No such device or address
06-22 04:58:53.510 W/vold    ( 1576): Failed to LOOP_GET_STATUS64 /dev/block/loop1: No such device or address
06-22 04:58:53.510 W/vold    ( 1576): Failed to LOOP_GET_STATUS64 /dev/block/loop3: No such device or address
06-22 04:58:53.510 W/vold    ( 1576): Failed to LOOP_GET_STATUS64 /dev/block/loop0: No such device or address
06-22 04:58:53.510 W/vold    ( 1576): Failed to LOOP_GET_STATUS64 /dev/block/loop2: No such device or address
06-22 04:58:53.510 W/vold    ( 1576): Failed to LOOP_GET_STATUS64 /dev/block/loop6: No such device or address
06-22 04:58:53.510 I/vold    ( 1576): Skip mounting partition: /product
06-22 04:58:53.510 I/vold    ( 1576): Skip mounting partition: /product_services
06-22 04:58:53.511 D/vold    ( 1576): VoldNativeService::start() completed OK
06-22 04:58:53.802 I/vold    ( 1576): fscrypt_initialize_global_de
06-22 04:58:53.802 I/vold    ( 1576): Creating new key in /data/unencrypted/key
06-22 04:58:53.812 I/hwservicemanager( 1567): getTransport: Cannot find entry android.hardware.keymaster@4.0::IKeymasterDevice/default in either framework or device manifest.
06-22 04:58:53.813 I/ServiceManagement( 1576): getService: Trying again for android.hardware.keymaster@3.0::IKeymasterDevice/default...
06-22 04:58:53.831 I/android.hardware.keymaster@3.0-impl( 1628): Fetching keymaster device name default
06-22 04:58:53.831 I/android.hardware.keymaster@3.0-impl( 1628): Could not find any keystore module, using software-only implementation.
06-22 04:58:53.832 I/ServiceManagement( 1628): Registered android.hardware.keymaster@3.0::IKeymasterDevice/default (start delay of 54ms)
06-22 04:58:53.832 I/ServiceManagement( 1628): Removing namespace from process name android.hardware.keymaster@3.0-service to keymaster@3.0-service.
06-22 04:58:53.832 I/android.hardware.keymaster@3.0-service( 1628): Registration complete for android.hardware.keymaster@3.0::IKeymasterDevice/default.
06-22 04:58:53.832 I/vold    ( 1576): List of Keymaster HALs found:
06-22 04:58:53.832 I/vold    ( 1576): Keymaster HAL #1: SoftwareKeymasterDevice from Google SecurityLevel: SOFTWARE HAL: android.hardware.keymaster@3.0::IKeymasterDevice/default
06-22 04:58:53.832 I/vold    ( 1576): Using SoftwareKeymasterDevice from Google for encryption.  Security level: SOFTWARE, HAL: android.hardware.keymaster@3.0::IKeymasterDevice/default
06-22 04:58:53.832 D/vold    ( 1576): Creating key that doesn't need auth token
06-22 04:58:53.835 D/RefBase ( 1576): RefBase: Explicit destruction, weak count = 0 (in 0x7a605161e170)
06-22 04:58:53.835 W/RefBase ( 1576): CallStack::getCurrentInternal not linked, returning null
06-22 04:58:53.835 W/RefBase ( 1576): CallStack::logStackInternal not linked
06-22 04:58:53.836 D/vold    ( 1576): Created key: /data/unencrypted/key
06-22 04:58:53.836 D/vold    ( 1576): Added key 639129482 (ext4:8685fafe1516a2f8) to keyring 422113377 in process 1576
06-22 04:58:53.836 D/vold    ( 1576): Added key 645573345 (f2fs:8685fafe1516a2f8) to keyring 422113377 in process 1576
06-22 04:58:53.836 D/vold    ( 1576): Added key 94289649 (fscrypt:8685fafe1516a2f8) to keyring 422113377 in process 1576
06-22 04:58:53.838 I/vold    ( 1576): Wrote system DE key reference to:/data/unencrypted/ref
06-22 04:58:53.863 E/fsverity_init( 1638): Failed to load /product/etc/security/fsverity/*.der
06-22 04:58:53.867 E//system/bin/mini-keyctl( 1639): Cannot find keyring id
06-22 04:58:53.870 W/init    (    1): type=1400 audit(0.0:4): avc: denied { ioctl } for path="/data/misc" dev="vdc" ino=13 ioctlcmd=0x6615 scontext=u:r:init:s0 tcontext=u:object_r:unlabeled:s0 tclass=dir permissive=0
06-22 04:58:53.870 E/fsverity_init( 1640): Failed to restrict .fs-verity keyring
06-22 04:58:53.880 W/ls      ( 1642): type=1400 audit(0.0:5): avc: denied { getattr } for path="/data/misc" dev="vdc" ino=13 scontext=u:r:toolbox:s0 tcontext=u:object_r:unlabeled:s0 tclass=dir permissive=0
06-22 04:58:53.889 I/apexd   ( 1641): Marking APEXd as starting
06-22 04:58:53.893 I/ls      (    1): ls: /data/misc: Permission denied
06-22 04:58:53.894 I/ls      (    1): ls terminated by exit(1)
06-22 04:58:53.916 I/apexd   ( 1641): Scanning /system/apex for embedded keys
06-22 04:58:53.918 V/apexd   ( 1641): Found bundled key in package /system/apex/com.android.apex.cts.shim.apex
06-22 04:58:53.918 I/apexd   ( 1641): Scanning /product/apex for embedded keys
06-22 04:58:53.919 I/apexd   ( 1641): ... does not exist. Skipping
06-22 04:58:53.921 I/apexd   ( 1641): Populating APEX database from mounts...
06-22 04:58:53.923 E/apexd   ( 1641): Failed to walk /product/apex : Can't open /product/apex for reading : No such file or directory
06-22 04:58:53.926 I/apexd   ( 1641): Found "/apex/com.android.runtime@1"
06-22 04:58:53.929 I/apexd   ( 1641): Found "/apex/com.android.tzdata@290000000"
06-22 04:58:53.932 I/apexd   ( 1641): 2 packages restored.
06-22 04:58:53.933 I/apexd   ( 1641): Scanning /data/apex/sessions looking for sessions to be activated.
06-22 04:58:53.937 I/apexd   ( 1641): Scanning /data/apex/active looking for APEX packages.
06-22 04:58:53.939 I/apexd   ( 1641): Activated 0 packages. Skipped: 0
06-22 04:58:53.941 I/apexd   ( 1641): Scanning /system/apex looking for APEX packages.
06-22 04:58:53.945 I/apexd   ( 1641): Found /system/apex/com.android.resolv
06-22 04:58:53.948 V/apexd   ( 1641): Creating mount point: /apex/com.android.resolv@290000000
06-22 04:58:53.950 I/apexd   ( 1641): Successfully bind-mounted flattened package /system/apex/com.android.resolv on /apex/com.android.resolv@290000000
06-22 04:58:53.953 V/apexd   ( 1641): Creating bind-mount for /apex/com.android.resolv for /apex/com.android.resolv@290000000
06-22 04:58:53.953 V/apexd   ( 1641): Creating mountpoint /apex/com.android.resolv
06-22 04:58:53.953 V/apexd   ( 1641): Bind-mounting /apex/com.android.resolv@290000000 to /apex/com.android.resolv
06-22 04:58:53.953 D/apexd   ( 1641): Successfully activated /system/apex/com.android.resolv package_name: com.android.resolv version: 290000000
06-22 04:58:53.955 I/apexd   ( 1641): Found /system/apex/com.android.media.swcodec
06-22 04:58:53.956 V/apexd   ( 1641): Creating mount point: /apex/com.android.media.swcodec@290000000
06-22 04:58:53.957 I/apexd   ( 1641): Successfully bind-mounted flattened package /system/apex/com.android.media.swcodec on /apex/com.android.media.swcodec@290000000
06-22 04:58:53.962 V/apexd   ( 1641): Creating bind-mount for /apex/com.android.media.swcodec for /apex/com.android.media.swcodec@290000000
06-22 04:58:53.963 V/apexd   ( 1641): Creating mountpoint /apex/com.android.media.swcodec
06-22 04:58:53.963 V/apexd   ( 1641): Bind-mounting /apex/com.android.media.swcodec@290000000 to /apex/com.android.media.swcodec
06-22 04:58:53.964 D/apexd   ( 1641): Successfully activated /system/apex/com.android.media.swcodec package_name: com.android.media.swcodec version: 290000000
06-22 04:58:53.964 I/apexd   ( 1641): Found /system/apex/com.android.apex.cts.shim.apex
06-22 04:58:53.966 V/apexd   ( 1641): Found bundled key in package /system/apex/com.android.apex.cts.shim.apex
06-22 04:58:53.966 I/apexd   ( 1641): Skipping activation of non-flattened apex package /system/apex/com.android.apex.cts.shim.apex because device doesn't support it
06-22 04:58:53.971 I/apexd   ( 1641): Found /system/apex/com.android.conscrypt
06-22 04:58:53.974 V/apexd   ( 1641): Creating mount point: /apex/com.android.conscrypt@290000000
06-22 04:58:53.974 I/apexd   ( 1641): Successfully bind-mounted flattened package /system/apex/com.android.conscrypt on /apex/com.android.conscrypt@290000000
06-22 04:58:53.979 V/apexd   ( 1641): Creating bind-mount for /apex/com.android.conscrypt for /apex/com.android.conscrypt@290000000
06-22 04:58:53.981 V/apexd   ( 1641): Creating mountpoint /apex/com.android.conscrypt
06-22 04:58:53.981 V/apexd   ( 1641): Bind-mounting /apex/com.android.conscrypt@290000000 to /apex/com.android.conscrypt
06-22 04:58:53.981 D/apexd   ( 1641): Successfully activated /system/apex/com.android.conscrypt package_name: com.android.conscrypt version: 290000000
06-22 04:58:53.981 I/apexd   ( 1641): Found /system/apex/com.android.runtime.debug
06-22 04:58:53.983 I/apexd   ( 1641): Skipping activation of /system/apex/com.android.runtime.debug same package with higher version 1 is already active
06-22 04:58:53.987 I/apexd   ( 1641): Found /system/apex/com.android.tzdata
06-22 04:58:53.989 I/apexd   ( 1641): Skipping activation of /system/apex/com.android.tzdata same package with higher version 290000000 is already active
06-22 04:58:53.995 I/apexd   ( 1641): Found /system/apex/com.android.media
06-22 04:58:53.996 V/apexd   ( 1641): Creating mount point: /apex/com.android.media@290000000
06-22 04:58:53.997 I/apexd   ( 1641): Successfully bind-mounted flattened package /system/apex/com.android.media on /apex/com.android.media@290000000
06-22 04:58:54.003 V/apexd   ( 1641): Creating bind-mount for /apex/com.android.media for /apex/com.android.media@290000000
06-22 04:58:54.003 V/apexd   ( 1641): Creating mountpoint /apex/com.android.media
06-22 04:58:54.003 V/apexd   ( 1641): Bind-mounting /apex/com.android.media@290000000 to /apex/com.android.media
06-22 04:58:54.003 D/apexd   ( 1641): Successfully activated /system/apex/com.android.media package_name: com.android.media version: 290000000
06-22 04:58:54.003 I/apexd   ( 1641): Activated 4 packages. Skipped: 3
06-22 04:58:54.005 I/apexd   ( 1641): Scanning /product/apex looking for APEX packages.
06-22 04:58:54.009 E/apexd   ( 1641): Failed to activate packages from /product/apex : Failed to scan /product/apex : Can't open /product/apex for reading : No such file or directory
06-22 04:58:54.013 I/apexd   ( 1641): Marking APEXd as ready
06-22 04:58:54.087 D/vold    ( 1576): fscrypt_init_user0
06-22 04:58:54.087 D/vold    ( 1576): Preparing: /data/misc/vold/user_keys
06-22 04:58:54.087 D/vold    ( 1576): Preparing: /data/misc/vold/user_keys/ce
06-22 04:58:54.087 D/vold    ( 1576): Preparing: /data/misc/vold/user_keys/de
06-22 04:58:54.087 D/vold    ( 1576): Preparing: /data/misc/vold/user_keys/ce/0
06-22 04:58:54.087 D/vold    ( 1576): Skipping non-key .
06-22 04:58:54.087 D/vold    ( 1576): Skipping non-key ..
06-22 04:58:54.091 I/hwservicemanager( 1567): getTransport: Cannot find entry android.hardware.keymaster@4.0::IKeymasterDevice/default in either framework or device manifest.
06-22 04:58:54.091 I/vold    ( 1576): List of Keymaster HALs found:
06-22 04:58:54.091 I/vold    ( 1576): Keymaster HAL #1: SoftwareKeymasterDevice from Google SecurityLevel: SOFTWARE HAL: android.hardware.keymaster@3.0::IKeymasterDevice/default
06-22 04:58:54.091 I/vold    ( 1576): Using SoftwareKeymasterDevice from Google for encryption.  Security level: SOFTWARE, HAL: android.hardware.keymaster@3.0::IKeymasterDevice/default
06-22 04:58:54.091 D/vold    ( 1576): Creating key that doesn't need auth token
06-22 04:58:54.093 D/RefBase ( 1576): RefBase: Explicit destruction, weak count = 0 (in 0x7a605161e1f0)
06-22 04:58:54.093 W/RefBase ( 1576): CallStack::getCurrentInternal not linked, returning null
06-22 04:58:54.093 W/RefBase ( 1576): CallStack::logStackInternal not linked
06-22 04:58:54.093 D/vold    ( 1576): Created key: /data/misc/vold/user_keys/ce/0/current
06-22 04:58:54.097 I/hwservicemanager( 1567): getTransport: Cannot find entry android.hardware.keymaster@4.0::IKeymasterDevice/default in either framework or device manifest.
06-22 04:58:54.097 I/vold    ( 1576): List of Keymaster HALs found:
06-22 04:58:54.097 I/vold    ( 1576): Keymaster HAL #1: SoftwareKeymasterDevice from Google SecurityLevel: SOFTWARE HAL: android.hardware.keymaster@3.0::IKeymasterDevice/default
06-22 04:58:54.097 I/vold    ( 1576): Using SoftwareKeymasterDevice from Google for encryption.  Security level: SOFTWARE, HAL: android.hardware.keymaster@3.0::IKeymasterDevice/default
06-22 04:58:54.097 D/vold    ( 1576): Creating key that doesn't need auth token
06-22 04:58:54.098 D/RefBase ( 1576): RefBase: Explicit destruction, weak count = 0 (in 0x7a605161e170)
06-22 04:58:54.098 W/RefBase ( 1576): CallStack::getCurrentInternal not linked, returning null
06-22 04:58:54.098 W/RefBase ( 1576): CallStack::logStackInternal not linked
06-22 04:58:54.099 D/vold    ( 1576): Created key: /data/misc/vold/user_keys/de/0
06-22 04:58:54.099 D/vold    ( 1576): Added key 52133626 (ext4:d5bb372f2b5957bb) to keyring 422113377 in process 1576
06-22 04:58:54.099 D/vold    ( 1576): Added key 575261637 (f2fs:d5bb372f2b5957bb) to keyring 422113377 in process 1576
06-22 04:58:54.099 D/vold    ( 1576): Added key 284254914 (fscrypt:d5bb372f2b5957bb) to keyring 422113377 in process 1576
06-22 04:58:54.099 D/vold    ( 1576): Added key 588465332 (ext4:3e120d6b4821030c) to keyring 422113377 in process 1576
06-22 04:58:54.099 D/vold    ( 1576): Added key 590713291 (f2fs:3e120d6b4821030c) to keyring 422113377 in process 1576
06-22 04:58:54.099 D/vold    ( 1576): Added key 461574046 (fscrypt:3e120d6b4821030c) to keyring 422113377 in process 1576
06-22 04:58:54.099 D/vold    ( 1576): Created keys for user 0
06-22 04:58:54.099 D/vold    ( 1576): Skipping non-de-key .
06-22 04:58:54.099 D/vold    ( 1576): Skipping non-de-key ..
06-22 04:58:54.099 D/vold    ( 1576): fscrypt_prepare_user_storage for volume null, user 0, serial 0, flags 1
06-22 04:58:54.099 D/vold    ( 1576): Preparing: /data/system/users/0
06-22 04:58:54.099 D/vold    ( 1576): Preparing: /data/misc/profiles/cur/0
06-22 04:58:54.099 D/vold    ( 1576): Preparing: /data/system_de/0
06-22 04:58:54.099 D/vold    ( 1576): Preparing: /data/misc_de/0
06-22 04:58:54.099 D/vold    ( 1576): Preparing: /data/vendor_de/0
06-22 04:58:54.100 D/vold    ( 1576): Preparing: /data/user_de/0
06-22 04:58:54.100 I/vold    ( 1576): Policy for /data/system_de/0 set to d5bb372f2b5957bb modes 1/4
06-22 04:58:54.100 I/vold    ( 1576): Policy for /data/misc_de/0 set to d5bb372f2b5957bb modes 1/4
06-22 04:58:54.100 I/vold    ( 1576): Policy for /data/vendor_de/0 set to d5bb372f2b5957bb modes 1/4
06-22 04:58:54.100 I/vold    ( 1576): Policy for /data/user_de/0 set to d5bb372f2b5957bb modes 1/4
06-22 04:58:54.100 D/vold    ( 1576): /system/bin/vold_prepare_subdirs
06-22 04:58:54.100 D/vold    ( 1576):     prepare
06-22 04:58:54.100 D/vold    ( 1576):     
06-22 04:58:54.100 D/vold    ( 1576):     0
06-22 04:58:54.100 D/vold    ( 1576):     1
06-22 04:58:54.106 D/vold_prepare_subdirs( 1646): Setting up mode 700 uid 0 gid 0 context u:object_r:vold_data_file:s0 on path: /data/misc_de/0/vold
06-22 04:58:54.106 D/vold_prepare_subdirs( 1646): Setting up mode 700 uid 0 gid 0 context u:object_r:storaged_data_file:s0 on path: /data/misc_de/0/storaged
06-22 04:58:54.106 D/vold_prepare_subdirs( 1646): Setting up mode 700 uid 0 gid 0 context u:object_r:rollback_data_file:s0 on path: /data/misc_de/0/rollback
06-22 04:58:54.106 D/vold_prepare_subdirs( 1646): Setting up mode 700 uid 1000 gid 1000 context u:object_r:fingerprint_vendor_data_file:s0 on path: /data/vendor_de/0/fpdata
06-22 04:58:54.106 D/vold_prepare_subdirs( 1646): Setting up mode 700 uid 1000 gid 1000 context u:object_r:face_vendor_data_file:s0 on path: /data/vendor_de/0/facedata
06-22 04:58:54.133 I//system/bin/tzdatacheck( 1647): timezone distro dir /data/misc/zoneinfo/current does not exist. No action required.
06-22 04:58:54.163 I/art_apex( 1651): === ART pre-boot integrity checks ===
06-22 04:58:54.170 F/art_apex( 1655): Device is not fsverity-enabled.
06-22 04:58:54.207 W/otapreopt_slot( 1659): Slot property empty.
06-22 04:58:54.270 I//system/bin/flags_health_check( 1662): ServerConfigurableFlagsReset reset_mode value: 0
06-22 04:58:54.270 I//system/bin/flags_health_check( 1662): ServerConfigurableFlagsReset attempted boot count is under threshold, skipping reset.
06-22 04:58:54.351 I/netdClient( 1664): Skipping libnetd_client init since *we* are netd
06-22 04:58:54.354 I/bootstat( 1667): Service started: /system/bin/bootstat --set_system_boot_reason 
06-22 04:58:54.354 I/bootstat( 1667): Canonical boot reason: reboot
06-22 04:58:54.354 I/bootstat( 1667): Canonical boot reason: reboot
06-22 04:58:54.370 I/netd    ( 1664): netd 1.0 starting
06-22 04:58:54.385 I/ServiceManagement( 1669): Registered android.hidl.allocator@1.0::IAllocator/ashmem (start delay of 37ms)
06-22 04:58:54.385 I/ServiceManagement( 1669): Removing namespace from process name android.hidl.allocator@1.0-service to allocator@1.0-service.
06-22 04:58:54.425 I/health@2.0/( 1682): health@2.0/backup: Hal starting main loop...
06-22 04:58:54.425 I/health@2.0/( 1682): health@2.0/backup Hal is starting up...
06-22 04:58:54.426 I/hwservicemanager( 1567): getTransport: Cannot find entry android.hardware.health@1.0::IHealth/default in either framework or device manifest.
06-22 04:58:54.429 I/ServiceManagement( 1682): Registered android.hardware.health@2.0::IHealth/backup (start delay of 71ms)
06-22 04:58:54.429 I/health@2.0/( 1682): health@2.0/backup: Hal init done
06-22 04:58:54.440 I/qemu-props( 1703): connected to 'boot-properties' qemud service.
06-22 04:58:54.440 I/qemu-props( 1703): receiving..
06-22 04:58:54.440 I/qemu-props( 1703): received: qemu.cmdline=androidboot.logcat=*:V androidboot.consolepipe=qemu_pipe,pipe:logcat
06-22 04:58:54.444 I/ServiceManagement( 1670): Registered android.system.suspend@1.0::ISystemSuspend/default (start delay of 96ms)
06-22 04:58:54.444 I/ServiceManagement( 1670): Removing namespace from process name android.system.suspend@1.0-service to suspend@1.0-service.
06-22 04:58:54.464 I/ServiceManagement( 1699): Registered android.hardware.sensors@1.0::ISensors/default (start delay of 55ms)
06-22 04:58:54.464 I/ServiceManagement( 1699): Removing namespace from process name android.hardware.sensors@1.0-service to sensors@1.0-service.
06-22 04:58:54.464 I/android.hardware.sensors@1.0-service( 1699): Registration complete for android.hardware.sensors@1.0::ISensors/default.
06-22 04:58:54.475 I/android.hardware.thermal@2.0-service-mock( 1700): Thermal HAL Service Mock 2.0 starting...
06-22 04:58:54.475 I/ServiceManagement( 1700): Registered android.hardware.thermal@2.0::IThermal/default (start delay of 68ms)
06-22 04:58:54.476 I/ServiceManagement( 1700): Removing namespace from process name android.hardware.thermal@2.0-service.mock to thermal@2.0-service.mock.
06-22 04:58:54.476 I/android.hardware.thermal@2.0-service-mock( 1700): Thermal Service started successfully.
06-22 04:58:54.476 I/health@2.0/( 1697): health@2.0/default: Hal starting main loop...
06-22 04:58:54.476 I/health@2.0/( 1697): health@2.0/default Hal is starting up...
06-22 04:58:54.477 I/ServiceManagement( 1697): Registered android.hardware.health@2.0::IHealth/default (start delay of 79ms)
06-22 04:58:54.477 I/ServiceManagement( 1697): Removing namespace from process name android.hardware.health@2.0-service.goldfish to health@2.0-service.goldfish.
06-22 04:58:54.477 I/health@2.0/( 1697): health@2.0/default: Hal init done
06-22 04:58:54.484 I/qemu-props( 1703): successfully set property 'qemu.cmdline' to 'androidboot.logcat=*:V androidboot.consolepipe=qemu_pipe,pipe:logcat'
06-22 04:58:54.484 I/qemu-props( 1703): receiving..
06-22 04:58:54.484 I/qemu-props( 1703): received: qemu.logcat=start
06-22 04:58:54.486 I/qemu-props( 1703): successfully set property 'vendor.qemu.logcat' to 'start'
06-22 04:58:54.486 I/qemu-props( 1703): receiving..
06-22 04:58:54.486 I/qemu-props( 1703): received: ro.opengles.version=196608
06-22 04:58:54.486 I/qemu-props( 1703): receiving..
06-22 04:58:54.486 I/qemu-props( 1703): received: qemu.sf.fake_camera=none
06-22 04:58:54.490 I/qemu-props( 1703): successfully set property 'vendor.qemu.sf.fake_camera' to 'none'
06-22 04:58:54.490 I/qemu-props( 1703): receiving..
06-22 04:58:54.490 I/qemu-props( 1703): received: dalvik.vm.heapsize=512m
06-22 04:58:54.490 I/qemu-props( 1703): receiving..
06-22 04:58:54.490 I/qemu-props( 1703): received: qemu.hw.mainkeys=1
06-22 04:58:54.490 I/ServiceManagement( 1685): Registered android.hardware.broadcastradio@1.1::IBroadcastRadioFactory/default (start delay of 132ms)
06-22 04:58:54.490 I/ServiceManagement( 1685): Removing namespace from process name android.hardware.broadcastradio@1.1-service to broadcastradio@1.1-service.
06-22 04:58:54.494 I/qemu-props( 1703): successfully set property 'qemu.hw.mainkeys' to '1'
06-22 04:58:54.494 I/qemu-props( 1703): receiving..
06-22 04:58:54.494 I/qemu-props( 1703): received: qemu.sf.lcd_density=160
06-22 04:58:54.494 I/qemu-props( 1703): successfully set property 'vendor.qemu.sf.lcd_density' to '160'
06-22 04:58:54.494 I/qemu-props( 1703): receiving..
06-22 04:58:54.495 I/qemu-props( 1703): received: qemu.timezone=Etc/UTC
06-22 04:58:54.496 I/qemu-props( 1703): successfully set property 'vendor.qemu.timezone' to 'Etc/UTC'
06-22 04:58:54.496 I/qemu-props( 1703): receiving..
06-22 04:58:54.501 I/android.hardware.power@1.1-service.ranchu( 1698): Power HAL Service 1.1 for Ranchu is starting.
06-22 04:58:54.502 I/ServiceManagement( 1698): Registered android.hardware.power@1.1::IPower/default (start delay of 104ms)
06-22 04:58:54.502 I/ServiceManagement( 1698): Removing namespace from process name android.hardware.power@1.1-service.ranchu to power@1.1-service.ranchu.
06-22 04:58:54.502 I/android.hardware.power@1.1-service.ranchu( 1698): Power Service is ready
06-22 04:58:54.506 I/Netd    ( 1664): Loaded resolver library from /apex/com.android.resolv/lib64/libnetd_resolv.so
06-22 04:58:54.521 E/GoldfishGatekeeper( 1693): called goldfish_gatekeeper_open with gate keeper 0x75674b209050 device 0x75674aeda000
06-22 04:58:54.522 I/ServiceManagement( 1693): Registered android.hardware.gatekeeper@1.0::IGatekeeper/default (start delay of 134ms)
06-22 04:58:54.522 I/ServiceManagement( 1693): Removing namespace from process name android.hardware.gatekeeper@1.0-service to gatekeeper@1.0-service.
06-22 04:58:54.522 I/android.hardware.gatekeeper@1.0-service( 1693): Registration complete for android.hardware.gatekeeper@1.0::IGatekeeper/default.
06-22 04:58:54.533 W//vendor/bin/hw/android.hardware.configstore@1.1-service( 1689): Could not find seccomp policy file at: /vendor/etc/seccomp_policy/configstore@1.1.policy
06-22 04:58:54.534 I/ServiceManagement( 1689): Registered android.hardware.configstore@1.1::ISurfaceFlingerConfigs/default (start delay of 166ms)
06-22 04:58:54.534 I/ServiceManagement( 1689): Removing namespace from process name android.hardware.configstore@1.1-service to configstore@1.1-service.
06-22 04:58:54.536 I/lowmemorykiller( 1710): Using psi monitors for memory pressure detection
06-22 04:58:54.594 I/ServiceManagement( 1694): Registered android.hardware.gnss@1.0::IGnss/default (start delay of 206ms)
06-22 04:58:54.594 I/ServiceManagement( 1694): Removing namespace from process name android.hardware.gnss@1.0-service to gnss@1.0-service.
06-22 04:58:54.594 I/android.hardware.gnss@1.0-service( 1694): Registration complete for android.hardware.gnss@1.0::IGnss/default.
06-22 04:58:54.652 D/HostConnection( 1696): createUnique: call
06-22 04:58:54.653 D/HostConnection( 1696): HostConnection::get() New Host Connection established 0x746b32e21140, tid 1696
06-22 04:58:54.659 D/HostConnection( 1696): HostComposition ext ANDROID_EMU_CHECKSUM_HELPER_v1 ANDROID_EMU_native_sync_v2 ANDROID_EMU_dma_v1 ANDROID_EMU_direct_mem ANDROID_EMU_host_composition_v1 ANDROID_EMU_host_composition_v2 ANDROID_EMU_vulkan ANDROID_EMU_deferred_vulkan_commands ANDROID_EMU_vulkan_null_optional_strings ANDROID_EMU_vulkan_create_resources_with_requirements ANDROID_EMU_YUV_Cache ANDROID_EMU_vulkan_ignored_handles ANDROID_EMU_vulkan_free_memory_sync ANDROID_EMU_vulkan_shader_float16_int8 ANDROID_EMU_vulkan_async_queue_submit ANDROID_EMU_sync_buffer_data ANDROID_EMU_vulkan_async_qsri ANDROID_EMU_hwc_color_transform GL_OES_EGL_image_external_essl3 GL_OES_vertex_array_object GL_KHR_texture_compression_astc_ldr ANDROID_EMU_host_side_tracing ANDROID_EMU_gles_max_version_3_0 
06-22 04:58:54.660 I/hwservicemanager( 1567): getTransport: Cannot find entry android.hardware.graphics.mapper@3.0::IMapper/default in either framework or device manifest.
06-22 04:58:54.660 W/Gralloc3( 1696): mapper 3.x is not supported
06-22 04:58:54.661 I/hwservicemanager( 1567): getTransport: Cannot find entry android.hardware.graphics.allocator@3.0::IAllocator/default in either framework or device manifest.
06-22 04:58:54.661 W/Gralloc3( 1696): allocator 3.x is not supported
06-22 04:58:54.661 I/ServiceManagement( 1696): getService: Trying again for android.hardware.graphics.allocator@2.0::IAllocator/default...
06-22 04:58:54.662 D/HostConnection( 1695): createUnique: call
06-22 04:58:54.662 D/HostConnection( 1695): HostConnection::get() New Host Connection established 0x741d1741c0a0, tid 1695
06-22 04:58:54.663 I/ServiceManagement( 1695): Registered android.hardware.graphics.allocator@2.0::IAllocator/default (start delay of 265ms)
06-22 04:58:54.663 I/ServiceManagement( 1695): Removing namespace from process name android.hardware.graphics.allocator@2.0-service to allocator@2.0-service.
06-22 04:58:54.663 I/android.hardware.graphics.allocator@2.0-service( 1695): Registration complete for android.hardware.graphics.allocator@2.0::IAllocator/default.
06-22 04:58:54.664 I/ServiceManagement( 1691): Registered android.hardware.drm@1.2::IDrmFactory/clearkey (start delay of 286ms)
06-22 04:58:54.665 I/ServiceManagement( 1691): Removing namespace from process name android.hardware.drm@1.2-service.clearkey to drm@1.2-service.clearkey.
06-22 04:58:54.665 I/ServiceManagement( 1691): Registered android.hardware.drm@1.2::ICryptoFactory/clearkey (start delay of 287ms)
06-22 04:58:54.665 I/ServiceManagement( 1691): Removing namespace from process name android.hardware.drm@1.2-service.clearkey to drm@1.2-service.clearkey.
06-22 04:58:54.668 D/HostConnection( 1695): HostComposition ext ANDROID_EMU_CHECKSUM_HELPER_v1 ANDROID_EMU_native_sync_v2 ANDROID_EMU_dma_v1 ANDROID_EMU_direct_mem ANDROID_EMU_host_composition_v1 ANDROID_EMU_host_composition_v2 ANDROID_EMU_vulkan ANDROID_EMU_deferred_vulkan_commands ANDROID_EMU_vulkan_null_optional_strings ANDROID_EMU_vulkan_create_resources_with_requirements ANDROID_EMU_YUV_Cache ANDROID_EMU_vulkan_ignored_handles ANDROID_EMU_vulkan_free_memory_sync ANDROID_EMU_vulkan_shader_float16_int8 ANDROID_EMU_vulkan_async_queue_submit ANDROID_EMU_sync_buffer_data ANDROID_EMU_vulkan_async_qsri ANDROID_EMU_hwc_color_transform GL_OES_EGL_image_external_essl3 GL_OES_vertex_array_object GL_KHR_texture_compression_astc_ldr ANDROID_EMU_host_side_tracing ANDROID_EMU_gles_max_version_3_0 
06-22 04:58:54.668 D/gralloc_ranchu( 1695): gralloc_alloc: Creating ashmem region of size 823296
06-22 04:58:54.669 D/eglCodecCommon( 1695): allocate: Ask for block of size 0x1000
06-22 04:58:54.669 D/eglCodecCommon( 1695): allocate: ioctl allocate returned offset 0x3ffffe000 size 0x2000
06-22 04:58:54.670 D/HostConnection( 1696): createUnique: call
06-22 04:58:54.670 D/HostConnection( 1696): HostConnection::get() New Host Connection established 0x746b32e21780, tid 1696
06-22 04:58:54.670 D/HostConnection( 1696): HostComposition ext ANDROID_EMU_CHECKSUM_HELPER_v1 ANDROID_EMU_native_sync_v2 ANDROID_EMU_dma_v1 ANDROID_EMU_direct_mem ANDROID_EMU_host_composition_v1 ANDROID_EMU_host_composition_v2 ANDROID_EMU_vulkan ANDROID_EMU_deferred_vulkan_commands ANDROID_EMU_vulkan_null_optional_strings ANDROID_EMU_vulkan_create_resources_with_requirements ANDROID_EMU_YUV_Cache ANDROID_EMU_vulkan_ignored_handles ANDROID_EMU_vulkan_free_memory_sync ANDROID_EMU_vulkan_shader_float16_int8 ANDROID_EMU_vulkan_async_queue_submit ANDROID_EMU_sync_buffer_data ANDROID_EMU_vulkan_async_qsri ANDROID_EMU_hwc_color_transform GL_OES_EGL_image_external_essl3 GL_OES_vertex_array_object GL_KHR_texture_compression_astc_ldr ANDROID_EMU_host_side_tracing ANDROID_EMU_gles_max_version_3_0 
06-22 04:58:54.670 D/eglCodecCommon( 1696): allocate: Ask for block of size 0x1000
06-22 04:58:54.670 D/eglCodecCommon( 1696): allocate: ioctl allocate returned offset 0x3ffffc000 size 0x2000
06-22 04:58:54.671 I/ServiceManagement( 1696): Registered android.hardware.graphics.composer@2.1::IComposer/default (start delay of 273ms)
06-22 04:58:54.671 I/ServiceManagement( 1696): Removing namespace from process name android.hardware.graphics.composer@2.1-service to composer@2.1-service.
06-22 04:58:54.671 I/android.hardware.graphics.composer@2.1-service( 1696): Registration complete for android.hardware.graphics.composer@2.1::IComposer/default.
06-22 04:58:54.711 D/LibBpfLoader( 1742): Loading ELF object /system/etc/bpf/clatd.o with license Apache 2.0
06-22 04:58:54.711 D/LibBpfLoader( 1742): Loaded code section 3 (schedcls_ingress_clat_ether)
06-22 04:58:54.711 D/LibBpfLoader( 1742): Loaded relo section 3 (.relschedcls/ingress/clat_ether)
06-22 04:58:54.711 D/LibBpfLoader( 1742): Adding section 3 to cs list
06-22 04:58:54.711 D/LibBpfLoader( 1742): Loaded code section 5 (schedcls_ingress_clat_rawip)
06-22 04:58:54.711 D/LibBpfLoader( 1742): Loaded relo section 5 (.relschedcls/ingress/clat_rawip)
06-22 04:58:54.712 D/LibBpfLoader( 1742): Adding section 5 to cs list
06-22 04:58:54.712 D/LibBpfLoader( 1742): bpf_create_map name clat_ingress_map, ret: 6
06-22 04:58:54.712 D/LibBpfLoader( 1742): map_fd found at 0 is 6 in /system/etc/bpf/clatd.o
06-22 04:58:54.712 D/LibBpfLoader( 1742): applying relo to instruction at byte offset: 400, 	       insn offset 50 , insn 118
06-22 04:58:54.712 D/LibBpfLoader( 1742): applying relo to instruction at byte offset: 360, 	       insn offset 45 , insn 118
06-22 04:58:54.714 D/LibBpfLoader( 1742): New bpf core prog_load for /system/etc/bpf/clatd.o (schedcls_ingress_clat_ether) returned: 7
06-22 04:58:54.714 D/LibBpfLoader( 1742): New bpf core prog_load for /system/etc/bpf/clatd.o (schedcls_ingress_clat_rawip) returned: 8
06-22 04:58:54.714 I/bpfloader( 1742): Attempted load object: /system/etc/bpf/clatd.o, ret: Success
06-22 04:58:54.728 D/LibBpfLoader( 1742): Loading ELF object /system/etc/bpf/netd.o with license Apache 2.0
06-22 04:58:54.728 D/LibBpfLoader( 1742): Loaded code section 3 (cgroupskb_ingress_stats)
06-22 04:58:54.728 D/LibBpfLoader( 1742): Loaded relo section 3 (.relcgroupskb/ingress/stats)
06-22 04:58:54.728 D/LibBpfLoader( 1742): Adding section 3 to cs list
06-22 04:58:54.728 D/LibBpfLoader( 1742): Loaded code section 5 (cgroupskb_egress_stats)
06-22 04:58:54.728 D/LibBpfLoader( 1742): Loaded relo section 5 (.relcgroupskb/egress/stats)
06-22 04:58:54.728 D/LibBpfLoader( 1742): Adding section 5 to cs list
06-22 04:58:54.728 D/LibBpfLoader( 1742): Loaded code section 7 (skfilter_egress_xtbpf)
06-22 04:58:54.729 D/LibBpfLoader( 1742): Loaded relo section 7 (.relskfilter/egress/xtbpf)
06-22 04:58:54.729 D/LibBpfLoader( 1742): Adding section 7 to cs list
06-22 04:58:54.729 D/LibBpfLoader( 1742): Loaded code section 9 (skfilter_ingress_xtbpf)
06-22 04:58:54.729 D/LibBpfLoader( 1742): Loaded relo section 9 (.relskfilter/ingress/xtbpf)
06-22 04:58:54.729 D/LibBpfLoader( 1742): Adding section 9 to cs list
06-22 04:58:54.729 D/LibBpfLoader( 1742): Loaded code section 11 (skfilter_whitelist_xtbpf)
06-22 04:58:54.729 D/LibBpfLoader( 1742): Loaded relo section 11 (.relskfilter/whitelist/xtbpf)
06-22 04:58:54.729 D/LibBpfLoader( 1742): Adding section 11 to cs list
06-22 04:58:54.729 D/LibBpfLoader( 1742): Loaded code section 13 (skfilter_blacklist_xtbpf)
06-22 04:58:54.729 D/LibBpfLoader( 1742): Loaded relo section 13 (.relskfilter/blacklist/xtbpf)
06-22 04:58:54.729 D/LibBpfLoader( 1742): Adding section 13 to cs list
06-22 04:58:54.729 D/LibBpfLoader( 1742): Loaded code section 15 (cgroupsock_inet_create)
06-22 04:58:54.729 D/LibBpfLoader( 1742): Loaded relo section 15 (.relcgroupsock/inet/create)
06-22 04:58:54.729 D/LibBpfLoader( 1742): Adding section 15 to cs list
06-22 04:58:54.729 D/LibBpfLoader( 1742): bpf_create_map name cookie_tag_map, ret: 9
06-22 04:58:54.729 D/LibBpfLoader( 1742): bpf_create_map name uid_counterset_map, ret: 10
06-22 04:58:54.730 D/LibBpfLoader( 1742): bpf_create_map name app_uid_stats_map, ret: 11
06-22 04:58:54.730 D/LibBpfLoader( 1742): bpf_create_map name stats_map_A, ret: 12
06-22 04:58:54.730 D/LibBpfLoader( 1742): bpf_create_map name stats_map_B, ret: 13
06-22 04:58:54.730 D/LibBpfLoader( 1742): bpf_create_map name iface_stats_map, ret: 14
06-22 04:58:54.730 D/LibBpfLoader( 1742): bpf_create_map name configuration_map, ret: 15
06-22 04:58:54.730 D/LibBpfLoader( 1742): bpf_create_map name uid_owner_map, ret: 16
06-22 04:58:54.730 D/LibBpfLoader( 1742): bpf_create_map name iface_index_name_map, ret: 17
06-22 04:58:54.730 D/LibBpfLoader( 1742): bpf_create_map name uid_permission_map, ret: 18
06-22 04:58:54.730 D/LibBpfLoader( 1742): map_fd found at 0 is 9 in /system/etc/bpf/netd.o
06-22 04:58:54.730 D/LibBpfLoader( 1742): map_fd found at 1 is 10 in /system/etc/bpf/netd.o
06-22 04:58:54.730 D/LibBpfLoader( 1742): map_fd found at 2 is 11 in /system/etc/bpf/netd.o
06-22 04:58:54.730 D/LibBpfLoader( 1742): map_fd found at 3 is 12 in /system/etc/bpf/netd.o
06-22 04:58:54.730 D/LibBpfLoader( 1742): map_fd found at 4 is 13 in /system/etc/bpf/netd.o
06-22 04:58:54.730 D/LibBpfLoader( 1742): map_fd found at 5 is 14 in /system/etc/bpf/netd.o
06-22 04:58:54.730 D/LibBpfLoader( 1742): map_fd found at 6 is 15 in /system/etc/bpf/netd.o
06-22 04:58:54.730 D/LibBpfLoader( 1742): map_fd found at 7 is 16 in /system/etc/bpf/netd.o
06-22 04:58:54.730 D/LibBpfLoader( 1742): map_fd found at 8 is 17 in /system/etc/bpf/netd.o
06-22 04:58:54.730 D/LibBpfLoader( 1742): map_fd found at 9 is 18 in /system/etc/bpf/netd.o
06-22 04:58:54.730 D/LibBpfLoader( 1742): applying relo to instruction at byte offset: 616, 	       insn offset 77 , insn 118
06-22 04:58:54.730 D/LibBpfLoader( 1742): applying relo to instruction at byte offset: 688, 	       insn offset 86 , insn 118
06-22 04:58:54.730 D/LibBpfLoader( 1742): applying relo to instruction at byte offset: 1040, 	       insn offset 130 , insn 118
06-22 04:58:54.730 D/LibBpfLoader( 1742): applying relo to instruction at byte offset: 1184, 	       insn offset 148 , insn 118
06-22 04:58:54.731 D/LibBpfLoader( 1742): applying relo to instruction at byte offset: 1264, 	       insn offset 158 , insn 118
06-22 04:58:54.731 D/LibBpfLoader( 1742): applying relo to instruction at byte offset: 1368, 	       insn offset 171 , insn 118
06-22 04:58:54.731 D/LibBpfLoader( 1742): applying relo to instruction at byte offset: 1472, 	       insn offset 184 , insn 118
06-22 04:58:54.731 D/LibBpfLoader( 1742): applying relo to instruction at byte offset: 1512, 	       insn offset 189 , insn 118
06-22 04:58:54.731 D/LibBpfLoader( 1742): applying relo to instruction at byte offset: 1576, 	       insn offset 197 , insn 118
06-22 04:58:54.731 D/LibBpfLoader( 1742): applying relo to instruction at byte offset: 1680, 	       insn offset 210 , insn 118
06-22 04:58:54.731 D/LibBpfLoader( 1742): applying relo to instruction at byte offset: 1720, 	       insn offset 215 , insn 118
06-22 04:58:54.731 D/LibBpfLoader( 1742): applying relo to instruction at byte offset: 1848, 	       insn offset 231 , insn 118
06-22 04:58:54.731 D/LibBpfLoader( 1742): applying relo to instruction at byte offset: 1952, 	       insn offset 244 , insn 118
06-22 04:58:54.731 D/LibBpfLoader( 1742): applying relo to instruction at byte offset: 1992, 	       insn offset 249 , insn 118
06-22 04:58:54.731 D/LibBpfLoader( 1742): applying relo to instruction at byte offset: 2056, 	       insn offset 257 , insn 118
06-22 04:58:54.731 D/LibBpfLoader( 1742): applying relo to instruction at byte offset: 2160, 	       insn offset 270 , insn 118
06-22 04:58:54.731 D/LibBpfLoader( 1742): applying relo to instruction at byte offset: 2200, 	       insn offset 275 , insn 118
06-22 04:58:54.731 D/LibBpfLoader( 1742): applying relo to instruction at byte offset: 2288, 	       insn offset 286 , insn 118
06-22 04:58:54.731 D/LibBpfLoader( 1742): applying relo to instruction at byte offset: 2392, 	       insn offset 299 , insn 118
06-22 04:58:54.731 D/LibBpfLoader( 1742): applying relo to instruction at byte offset: 2432, 	       insn offset 304 , insn 118
06-22 04:58:54.731 D/LibBpfLoader( 1742): applying relo to instruction at byte offset: 608, 	       insn offset 76 , insn 118
06-22 04:58:54.731 D/LibBpfLoader( 1742): applying relo to instruction at byte offset: 680, 	       insn offset 85 , insn 118
06-22 04:58:54.731 D/LibBpfLoader( 1742): applying relo to instruction at byte offset: 904, 	       insn offset 113 , insn 118
06-22 04:58:54.731 D/LibBpfLoader( 1742): applying relo to instruction at byte offset: 1048, 	       insn offset 131 , insn 118
06-22 04:58:54.731 D/LibBpfLoader( 1742): applying relo to instruction at byte offset: 1128, 	       insn offset 141 , insn 118
06-22 04:58:54.731 D/LibBpfLoader( 1742): applying relo to instruction at byte offset: 1232, 	       insn offset 154 , insn 118
06-22 04:58:54.731 D/LibBpfLoader( 1742): applying relo to instruction at byte offset: 1336, 	       insn offset 167 , insn 118
06-22 04:58:54.731 D/LibBpfLoader( 1742): applying relo to instruction at byte offset: 1376, 	       insn offset 172 , insn 118
06-22 04:58:54.731 D/LibBpfLoader( 1742): applying relo to instruction at byte offset: 1440, 	       insn offset 180 , insn 118
06-22 04:58:54.731 D/LibBpfLoader( 1742): applying relo to instruction at byte offset: 1544, 	       insn offset 193 , insn 118
06-22 04:58:54.731 D/LibBpfLoader( 1742): applying relo to instruction at byte offset: 1584, 	       insn offset 198 , insn 118
06-22 04:58:54.731 D/LibBpfLoader( 1742): applying relo to instruction at byte offset: 1712, 	       insn offset 214 , insn 118
06-22 04:58:54.731 D/LibBpfLoader( 1742): applying relo to instruction at byte offset: 1816, 	       insn offset 227 , insn 118
06-22 04:58:54.731 D/LibBpfLoader( 1742): applying relo to instruction at byte offset: 1856, 	       insn offset 232 , insn 118
06-22 04:58:54.731 D/LibBpfLoader( 1742): applying relo to instruction at byte offset: 1920, 	       insn offset 240 , insn 118
06-22 04:58:54.731 D/LibBpfLoader( 1742): applying relo to instruction at byte offset: 2024, 	       insn offset 253 , insn 118
06-22 04:58:54.731 D/LibBpfLoader( 1742): applying relo to instruction at byte offset: 2064, 	       insn offset 258 , insn 118
06-22 04:58:54.731 D/LibBpfLoader( 1742): applying relo to instruction at byte offset: 2152, 	       insn offset 269 , insn 118
06-22 04:58:54.731 D/LibBpfLoader( 1742): applying relo to instruction at byte offset: 2256, 	       insn offset 282 , insn 118
06-22 04:58:54.731 D/LibBpfLoader( 1742): applying relo to instruction at byte offset: 2296, 	       insn offset 287 , insn 118
06-22 04:58:54.731 D/LibBpfLoader( 1742): applying relo to instruction at byte offset: 40, 	       insn offset 5 , insn 118
06-22 04:58:54.731 D/LibBpfLoader( 1742): applying relo to instruction at byte offset: 144, 	       insn offset 18 , insn 118
06-22 04:58:54.731 D/LibBpfLoader( 1742): applying relo to instruction at byte offset: 184, 	       insn offset 23 , insn 118
06-22 04:58:54.731 D/LibBpfLoader( 1742): applying relo to instruction at byte offset: 40, 	       insn offset 5 , insn 118
06-22 04:58:54.731 D/LibBpfLoader( 1742): applying relo to instruction at byte offset: 144, 	       insn offset 18 , insn 118
06-22 04:58:54.731 D/LibBpfLoader( 1742): applying relo to instruction at byte offset: 184, 	       insn offset 23 , insn 118
06-22 04:58:54.731 D/LibBpfLoader( 1742): applying relo to instruction at byte offset: 80, 	       insn offset 10 , insn 118
06-22 04:58:54.731 D/LibBpfLoader( 1742): applying relo to instruction at byte offset: 32, 	       insn offset 4 , insn 118
06-22 04:58:54.731 D/LibBpfLoader( 1742): applying relo to instruction at byte offset: 80, 	       insn offset 10 , insn 118
06-22 04:58:54.735 D/LibBpfLoader( 1742): New bpf core prog_load for /system/etc/bpf/netd.o (cgroupskb_ingress_stats) returned: 19
06-22 04:58:54.735 D/LibBpfLoader( 1742): New bpf core prog_load for /system/etc/bpf/netd.o (cgroupskb_egress_stats) returned: 20
06-22 04:58:54.750 I/installd( 1747): installd firing up
06-22 04:58:54.750 E/cutils  ( 1747): Failed to read /data/.layout_version: No such file or directory
06-22 04:58:54.750 D/installd( 1747): Assuming that device has multi-user storage layout; upgrade no longer supported
06-22 04:58:54.750 D/installd( 1747): Upgrading to /data/misc/user directories
06-22 04:58:54.762 I/perfetto( 1740): probes.cc:56 Starting /system/bin/traced_probes service
06-22 04:58:54.770 W/perfetto( 1739): service.cc:65 Started traced, listening on /dev/socket/traced_producer /dev/socket/traced_consumer
06-22 04:58:54.770 I/perfetto( 1740): probes_producer.cc:88 Connected to the service
06-22 04:58:54.785 D/LibBpfLoader( 1742): New bpf core prog_load for /system/etc/bpf/netd.o (skfilter_egress_xtbpf) returned: 21
06-22 04:58:54.793 D/LibBpfLoader( 1742): New bpf core prog_load for /system/etc/bpf/netd.o (skfilter_ingress_xtbpf) returned: 22
06-22 04:58:54.793 D/LibBpfLoader( 1742): New bpf core prog_load for /system/etc/bpf/netd.o (skfilter_whitelist_xtbpf) returned: 23
06-22 04:58:54.793 D/LibBpfLoader( 1742): New bpf core prog_load for /system/etc/bpf/netd.o (skfilter_blacklist_xtbpf) returned: 24
06-22 04:58:54.794 D/LibBpfLoader( 1742): New bpf core prog_load for /system/etc/bpf/netd.o (cgroupsock_inet_create) returned: 25
06-22 04:58:54.794 I/bpfloader( 1742): Attempted load object: /system/etc/bpf/netd.o, ret: Success
06-22 04:58:54.796 I/adbd    ( 1736): opening control endpoint /dev/usb-ffs/adb/ep0
06-22 04:58:54.813 D/TetherController( 1664): Setting IP forward enable = 0
06-22 04:58:54.814 D/FirewallController( 1664): Could not read /proc/self/uid_map, max uid defaulting to 4294967294
06-22 04:58:54.816 I/wificond( 1766): wificond is starting up...
06-22 04:58:54.826 I/android.hardware.wifi@1.0-service( 1701): Wifi Hal is booting up...
06-22 04:58:54.827 I/adbd    ( 1736): UsbFfsConnection constructed
06-22 04:58:54.827 I/ServiceManagement( 1701): Registered android.hardware.wifi@1.3::IWifi/default (start delay of 419ms)
06-22 04:58:54.827 I/ServiceManagement( 1701): Removing namespace from process name android.hardware.wifi@1.0-service to wifi@1.0-service.
06-22 04:58:54.837 D/android.hardware.biometrics.fingerprint@2.1-service( 1779): Opening fingerprint hal library...
06-22 04:58:54.841 I/hwservicemanager( 1567): getTransport: Cannot find entry android.hardware.usb.gadget@1.0::IUsbGadget/default in either framework or device manifest.
06-22 04:58:54.841 I/usbd    ( 1778): Usb HAL not found
06-22 04:58:54.850 D/FingerprintHal( 1779): ----------------> fingerprint_open ----------------->
06-22 04:58:54.850 D/FingerprintHal( 1779): ----------------> set_notify_callback ----------------->
06-22 04:58:54.850 D/FingerprintHal( 1779): fingerprint callback notification set
06-22 04:58:54.850 I/ServiceManagement( 1779): Registered android.hardware.biometrics.fingerprint@2.1::IBiometricsFingerprint/default (start delay of 73ms)
06-22 04:58:54.851 I/ServiceManagement( 1779): Removing namespace from process name android.hardware.biometrics.fingerprint@2.1-service to fingerprint@2.1-service.
06-22 04:58:54.857 I//system/bin/tombstoned( 1777): tombstoned successfully initialized
06-22 04:58:54.858 D/FingerprintHal( 1779): ----------------> listenerFunction ----------------->
06-22 04:58:54.879 I/netd    ( 1664): Creating child chains: 63.8ms
06-22 04:58:54.879 I/netd    ( 1664): Setting up OEM hooks: 0.1ms
06-22 04:58:54.879 I/netd    ( 1664): Setting up FirewallController hooks: 0.0ms
06-22 04:58:54.879 I/gatekeeperd( 1773): Starting gatekeeperd...
06-22 04:58:54.882 I/netd    ( 1664): Setting up TetherController hooks: 2.9ms
06-22 04:58:54.883 I/netd    ( 1664): Setting up BandwidthController hooks: 0.5ms
06-22 04:58:54.883 I/netd    ( 1664): Setting up IdletimerController hooks: 0.1ms
06-22 04:58:54.917 I/ServiceManagement( 1764): Registered android.frameworks.stats@1.0::IStats/default (start delay of 229ms)
06-22 04:58:54.918 W/statsd  ( 1764): statscompanion service unavailable!
06-22 04:58:54.918 I/statsd  ( 1764): Statsd starts to listen to socket.
06-22 04:58:54.939 I/android.hardware.camera.provider@2.4-service( 1686): CameraProvider@2.4 legacy service is starting.
06-22 04:58:54.946 I/ServiceManagement( 1688): Registered android.hardware.cas@1.1::IMediaCasService/default (start delay of 578ms)
06-22 04:58:54.946 I/ServiceManagement( 1688): Removing namespace from process name android.hardware.cas@1.1-service to cas@1.1-service.
06-22 04:58:54.959 I/livelock( 1797): started
06-22 04:58:54.959 W/livelock( 1797): [khungtaskd] not configurable
06-22 04:58:54.960 I/ServiceManager( 1765): Waiting for service 'package_native' on '/dev/binder'...
06-22 04:58:54.962 I/hwservicemanager( 1567): getTransport: Cannot find entry android.hardware.keymaster@4.0::IKeymasterDevice/default in either framework or device manifest.
06-22 04:58:54.966 I/livelock( 1797): ro.config.low_ram=false
06-22 04:58:54.966 I/livelock( 1797): ro.llk.sysrq_t=true
06-22 04:58:54.966 I/livelock( 1797): ro.llk.enable=true
06-22 04:58:54.966 I/livelock( 1797): ro.khungtask.enable=true
06-22 04:58:54.966 I/livelock( 1797): ro.llk.mlockall=true
06-22 04:58:54.966 I/livelock( 1797): ro.llk.killtest=true
06-22 04:58:54.966 I/livelock( 1797): ro.khungtask.timeout=720s
06-22 04:58:54.966 I/livelock( 1797): ro.llk.timeout_ms=600.000s
06-22 04:58:54.966 I/livelock( 1797): ro.llk.D.timeout_ms=600.000s
06-22 04:58:54.966 I/livelock( 1797): ro.llk.Z.timeout_ms=600.000s
06-22 04:58:54.966 I/livelock( 1797): ro.llk.stack.timeout_ms=600.000s
06-22 04:58:54.966 I/livelock( 1797): ro.llk.check_ms=120.000s
06-22 04:58:54.966 I/livelock( 1797): ro.llk.stack=wait_on_page_bit_killable,bit_wait_io,__get_user_pages,cma_alloc
06-22 04:58:54.966 I/livelock( 1797): ro.llk.blacklist.process.stack=llkd,lmkd.llkd,apexd,ueventd,keystore,init
06-22 04:58:54.966 I/livelock( 1797): ro.llk.blacklist.process=[watchdog/1],[watchdogd/0],2,[watchdogd],watchdogd,llkd,lmkd,[khungtaskd],[kthreadd],init,0,1797,1
06-22 04:58:54.966 I/livelock( 1797): ro.llk.blacklist.parent=[kthreadd],2,0,adbd&[setsid]
06-22 04:58:54.966 I/livelock( 1797): ro.llk.blacklist.uid=
06-22 04:58:54.968 I/keystore( 1749): found android.hardware.keymaster@3.0::IKeymasterDevice with interface name default and seclevel SOFTWARE
06-22 04:58:54.968 W/keystore( 1749): No secure Keymaster implementation found, but device offers insecure Keymaster HAL. Using as default.
06-22 04:58:54.976 I/ServiceManagement( 1749): Registered android.system.wifi.keystore@1.0::IKeystore/default (start delay of 318ms)
06-22 04:58:54.982 I/ServiceManagement( 1692): Registered android.hardware.drm@1.2::IDrmFactory/widevine (start delay of 594ms)
06-22 04:58:54.982 I/ServiceManagement( 1692): Removing namespace from process name android.hardware.drm@1.2-service.widevine to drm@1.2-service.widevine.
06-22 04:58:54.982 I/ServiceManagement( 1692): Registered android.hardware.drm@1.2::ICryptoFactory/widevine (start delay of 594ms)
06-22 04:58:54.982 I/ServiceManagement( 1692): Removing namespace from process name android.hardware.drm@1.2-service.widevine to drm@1.2-service.widevine.
06-22 04:58:55.007 I/ServiceManagement( 1769): Registered android.hardware.radio@1.1::IRadio/slot1 (start delay of 299ms)
06-22 04:58:55.008 I/ServiceManagement( 1769): Registered android.hardware.radio.deprecated@1.0::IOemHook/slot1 (start delay of 300ms)
06-22 04:58:55.026 E/wifi_forwarder( 1798): RemoteConnection failed to initialize: RemoteConnection failed to open pipe
06-22 04:58:55.060 I/ServiceManager( 1765): Waiting for service 'package_native' on '/dev/binder'...
06-22 04:58:55.060 I/ServiceManagement( 1690): Registered android.hardware.drm@1.0::IDrmFactory/default (start delay of 682ms)
06-22 04:58:55.060 I/ServiceManagement( 1690): Removing namespace from process name android.hardware.drm@1.0-service to drm@1.0-service.
06-22 04:58:55.060 I/        ( 1690): Registration complete for android.hardware.drm@1.0::IDrmFactory/default.
06-22 04:58:55.061 I/ServiceManagement( 1690): Registered android.hardware.drm@1.0::ICryptoFactory/default (start delay of 683ms)
06-22 04:58:55.061 I/ServiceManagement( 1690): Removing namespace from process name android.hardware.drm@1.0-service to drm@1.0-service.
