06-22 04:59:00.185 W/libc    ( 1701): Unable to set property "vendor.wlan.firmware.version" to "1.0": error code: 0x18
06-22 04:59:00.191 I/PackageManager( 1921): Un-granting permission android.permission.BIND_WALLPAPER from package com.android.camera2 (protectionLevel=18 flags=0x20d8bc45)
06-22 04:59:00.191 I/chatty  ( 1921): uid=1000(system) Binder:1921_2 identical 1 line
06-22 04:59:00.191 I/PackageManager( 1921): Un-granting permission android.permission.BIND_WALLPAPER from package com.android.camera2 (protectionLevel=18 flags=0x20d8bc45)
06-22 04:59:00.199 W/PackageManager( 1921): Cannot whitelist unknown permission: android.permission.NFC_UNLOCK
06-22 04:59:00.209 W/PackageManager( 1921): Cannot whitelist unknown permission: android.permission.NFC_UNLOCK
06-22 04:59:00.217 W/PackageManager( 1921): Cannot whitelist unknown permission: com.google.android.email.permission.ACCESS_PROVIDER
06-22 04:59:00.217 W/PackageManager( 1921): Cannot whitelist unknown permission: com.google.android.gm.exchange.BIND
06-22 04:59:00.217 W/PackageManager( 1921): Cannot whitelist unknown permission: com.android.email.partnerprovider.PARTNER_PROVIDER
06-22 04:59:00.217 I/PackageManager( 1921): Un-granting permission android.permission.REQUEST_INSTALL_PACKAGES from package com.google.android.gm (protectionLevel=66 flags=0x38cbbe45)
06-22 04:59:00.222 W/libc    ( 1701): Unable to set property "vendor.wlan.driver.version" to "1.0": error code: 0x18
06-22 04:59:00.222 I/android.hardware.wifi@1.0-service( 1701): Configured chip in mode 0
06-22 04:59:00.222 W/android.hardware.wifi@1.0-service( 1701): No active wlan interfaces in use! Using default
06-22 04:59:00.222 W/PackageManager( 1921): Cannot whitelist unknown permission: com.google.android.email.permission.ACCESS_PROVIDER
06-22 04:59:00.222 W/PackageManager( 1921): Cannot whitelist unknown permission: com.google.android.gm.exchange.BIND
06-22 04:59:00.222 W/PackageManager( 1921): Cannot whitelist unknown permission: com.android.email.partnerprovider.PARTNER_PROVIDER
06-22 04:59:00.222 D/HalDevMgr( 1921): updateRttController: no one is interested in RTT controllers
06-22 04:59:00.222 E/android.hardware.wifi@1.0-service( 1701): Failed to set DFS flag; DFS channels may be unavailable.
06-22 04:59:00.222 I/PackageManager( 1921): Un-granting permission android.permission.REQUEST_INSTALL_PACKAGES from package com.google.android.gm (protectionLevel=66 flags=0x38cbbe45)
06-22 04:59:00.224 I/OMXClient( 1921): IOmx service obtained
06-22 04:59:00.225 I/OMXMaster( 1767): makeComponentInstance(OMX.google.vorbis.decoder) in android.hardwar process
06-22 04:59:00.226 E/OMXNodeInstance( 1767): getConfig(0xee918c60:google.vorbis.decoder, ConfigAndroidVendorExtension(0x6f100004)) ERROR: Undefined(0x80001001)
06-22 04:59:00.229 D/WificondControl( 1921): Setting up interface for client mode
06-22 04:59:00.229 I/wificond( 1766): create scanner for interface with index: 3
06-22 04:59:00.229 I/wificond( 1766): subscribe scan result for interface with index: 3
06-22 04:59:00.229 I/hwservicemanager( 1567): getTransport: Cannot find entry android.hardware.wifi.offload@1.0::IOffload/default in either framework or device manifest.
06-22 04:59:00.230 E/wificond( 1766): No Offload Service available
06-22 04:59:00.230 I/wificond( 1766): Offload HAL not supported 
06-22 04:59:00.230 E/SupplicantStaIfaceHal( 1921): Can't call setupIface, ISupplicantStaIface is null
06-22 04:59:00.230 I/hwservicemanager( 1567): getTransport: Cannot find entry android.hardware.wifi.supplicant@1.1::ISupplicant/default in either framework or device manifest.
06-22 04:59:00.231 I/hwservicemanager( 1567): getTransport: Cannot find entry android.hardware.wifi.supplicant@1.2::ISupplicant/default in either framework or device manifest.
06-22 04:59:00.232 I/hwservicemanager( 1567): getTransport: Cannot find entry android.hardware.wifi.supplicant@1.1::ISupplicant/default in either framework or device manifest.
06-22 04:59:00.233 I/netd    ( 1664): interfaceGetCfg("wlan0") <0.13ms>
06-22 04:59:00.234 I/WifiNative( 1921): Interface state changed on Iface:{Name=wlan0,Id=1,Type=STA_CONNECTIVITY}, isUp=true
06-22 04:59:00.234 I/netd    ( 1664): interfaceClearAddrs("wlan0") <0.28ms>
06-22 04:59:00.235 I/netd    ( 1664): interfaceSetIPv6PrivacyExtensions("wlan0", "true") <0.06ms>
06-22 04:59:00.235 I/netd    ( 1664): interfaceSetEnableIPv6("wlan0", "false") <0.03ms>
06-22 04:59:00.235 I/WifiNative( 1921): Successfully setup Iface:{Name=wlan0,Id=1,Type=STA_CONNECTIVITY}
06-22 04:59:00.235 I/hwservicemanager( 1567): getTransport: Cannot find entry android.hardware.wifi.supplicant@1.2::ISupplicant/default in either framework or device manifest.
06-22 04:59:00.235 E/SupplicantStaIfaceHal( 1921): Method getKeyMgmtCapabilities is not supported in existing HAL
06-22 04:59:00.238 D/WifiClientModeManager( 1921): entering StartedState
06-22 04:59:00.238 I/netd    ( 1664): interfaceGetCfg("wlan0") <0.12ms>
06-22 04:59:00.238 D/WifiClientModeManager( 1921): Wifi is ready to use for client mode
06-22 04:59:00.239 D/WifiActiveModeWarden( 1921): State changed from client mode. state = 3
06-22 04:59:00.239 D/WifiActiveModeWarden( 1921): client mode active
06-22 04:59:00.239 D/WifiScanRequestProxy( 1921): Sending scan available broadcast: true
06-22 04:59:00.239 E/WifiVendorHal( 1921): getBgScanCapabilities(l.630) failed {.code = ERROR_NOT_SUPPORTED, .description = }
06-22 04:59:00.240 I/WifiScanningService( 1921): wifi driver loaded with scan capabilities: max buckets=16
06-22 04:59:00.240 I/WifiScanRequestProxy( 1921): Scanning is enabled
06-22 04:59:00.240 I/WifiScanRequestProxy( 1921): Scanning for hidden networks is enabled
06-22 04:59:00.241 D/WifiClientModeImpl( 1921): entering ConnectModeState: ifaceName = wlan0
06-22 04:59:00.241 D/WifiClientModeImpl( 1921): setupClientMode() ifacename = wlan0
06-22 04:59:00.246 W/PackageManager( 1921): Cannot whitelist unknown permission: com.android.vending.TOS_ACKED
06-22 04:59:00.246 W/PackageManager( 1921): Cannot whitelist unknown permission: com.android.vending.setup.PLAY_SETUP_SERVICE
06-22 04:59:00.250 W/PackageManager( 1921): Cannot whitelist unknown permission: com.samsung.android.providers.context.permission.WRITE_USE_APP_FEATURE_SURVEY
06-22 04:59:00.250 I/PackageManager( 1921): Un-granting permission android.permission.BIND_JOB_SERVICE from package com.google.android.music (protectionLevel=2 flags=0x38cbbe65)
06-22 04:59:00.257 W/PackageManager( 1921): Cannot whitelist unknown permission: com.samsung.android.providers.context.permission.WRITE_USE_APP_FEATURE_SURVEY
06-22 04:59:00.257 I/PackageManager( 1921): Un-granting permission android.permission.BIND_JOB_SERVICE from package com.google.android.music (protectionLevel=2 flags=0x38cbbe65)
06-22 04:59:00.257 W/PackageManager( 1921): Cannot whitelist unknown permission: com.samsung.android.providers.context.permission.WRITE_USE_APP_FEATURE_SURVEY
06-22 04:59:00.258 I/PackageManager( 1921): Un-granting permission android.permission.BIND_JOB_SERVICE from package com.google.android.music (protectionLevel=2 flags=0x38cbbe65)
06-22 04:59:00.264 W/PackageManager( 1921): Cannot whitelist unknown permission: com.android.vending.BILLING
06-22 04:59:00.264 I/PackageManager( 1921): Un-granting permission android.permission.REQUEST_INSTALL_PACKAGES from package com.google.android.apps.docs (protectionLevel=66 flags=0x38cbbe45)
06-22 04:59:00.264 I/OMXClient( 1921): IOmx service obtained
06-22 04:59:00.264 I/OMXMaster( 1767): makeComponentInstance(OMX.google.vorbis.decoder) in android.hardwar process
06-22 04:59:00.265 W/PackageManager( 1921): Cannot whitelist unknown permission: com.android.vending.BILLING
06-22 04:59:00.265 I/PackageManager( 1921): Un-granting permission android.permission.REQUEST_INSTALL_PACKAGES from package com.google.android.apps.docs (protectionLevel=66 flags=0x38cbbe45)
06-22 04:59:00.265 E/OMXNodeInstance( 1767): getConfig(0xee918c60:google.vorbis.decoder, ConfigAndroidVendorExtension(0x6f100004)) ERROR: Undefined(0x80001001)
06-22 04:59:00.294 W/PackageManager( 1921): Cannot whitelist unknown permission: android.permission.READ_MEDIA_IMAGES
06-22 04:59:00.294 W/PackageManager( 1921): Cannot whitelist unknown permission: com.chrome.permission.DEVICE_EXTRAS
06-22 04:59:00.294 W/PackageManager( 1921): Cannot whitelist unknown permission: com.sec.enterprise.knox.MDM_CONTENT_PROVIDER
06-22 04:59:00.294 I/PackageManager( 1921): Un-granting permission android.permission.REQUEST_INSTALL_PACKAGES from package com.android.chrome (protectionLevel=66 flags=0xa0cbbe45)
06-22 04:59:00.294 I/PackageManager( 1921): Un-granting permission com.google.android.apps.now.CURRENT_ACCOUNT_ACCESS from package com.android.chrome (protectionLevel=2 flags=0xa0cbbe45)
06-22 04:59:00.296 W/PackageManager( 1921): Cannot whitelist unknown permission: android.permission.READ_MEDIA_IMAGES
06-22 04:59:00.296 W/PackageManager( 1921): Cannot whitelist unknown permission: com.chrome.permission.DEVICE_EXTRAS
06-22 04:59:00.296 W/PackageManager( 1921): Cannot whitelist unknown permission: com.sec.enterprise.knox.MDM_CONTENT_PROVIDER
06-22 04:59:00.296 I/PackageManager( 1921): Un-granting permission android.permission.REQUEST_INSTALL_PACKAGES from package com.android.chrome (protectionLevel=66 flags=0xa0cbbe45)
06-22 04:59:00.296 I/PackageManager( 1921): Un-granting permission com.google.android.apps.now.CURRENT_ACCOUNT_ACCESS from package com.android.chrome (protectionLevel=2 flags=0xa0cbbe45)
06-22 04:59:00.300 W/PackageManager( 1921): Cannot whitelist unknown permission: com.sec.android.provider.badge.permission.READ
06-22 04:59:00.300 W/PackageManager( 1921): Cannot whitelist unknown permission: com.sec.android.provider.badge.permission.WRITE
06-22 04:59:00.300 W/PackageManager( 1921): Cannot whitelist unknown permission: com.htc.launcher.permission.READ_SETTINGS
06-22 04:59:00.300 W/PackageManager( 1921): Cannot whitelist unknown permission: com.htc.launcher.permission.UPDATE_SHORTCUT
06-22 04:59:00.300 W/PackageManager( 1921): Cannot whitelist unknown permission: com.sonyericsson.home.permission.BROADCAST_BADGE
06-22 04:59:00.301 W/PackageManager( 1921): Cannot whitelist unknown permission: com.sonymobile.home.permission.PROVIDER_INSERT_BADGE
06-22 04:59:00.301 W/PackageManager( 1921): Cannot whitelist unknown permission: com.anddoes.launcher.permission.UPDATE_COUNT
06-22 04:59:00.301 W/PackageManager( 1921): Cannot whitelist unknown permission: com.majeur.launcher.permission.UPDATE_BADGE
06-22 04:59:00.301 W/PackageManager( 1921): Cannot whitelist unknown permission: com.huawei.android.launcher.permission.CHANGE_BADGE
06-22 04:59:00.301 W/PackageManager( 1921): Cannot whitelist unknown permission: com.huawei.android.launcher.permission.READ_SETTINGS
06-22 04:59:00.301 W/PackageManager( 1921): Cannot whitelist unknown permission: com.huawei.android.launcher.permission.WRITE_SETTINGS
06-22 04:59:00.301 W/PackageManager( 1921): Cannot whitelist unknown permission: android.permission.READ_APP_BADGE
06-22 04:59:00.301 W/PackageManager( 1921): Cannot whitelist unknown permission: com.oppo.launcher.permission.READ_SETTINGS
06-22 04:59:00.301 W/PackageManager( 1921): Cannot whitelist unknown permission: com.oppo.launcher.permission.WRITE_SETTINGS
06-22 04:59:00.301 W/PackageManager( 1921): Cannot whitelist unknown permission: com.cequint.ecid.CALLER_ID_LOOKUP
06-22 04:59:00.301 W/PackageManager( 1921): Cannot whitelist unknown permission: com.motorola.incallui.permission.INCOMING_CALL_VISIBILITY_CHANGED
06-22 04:59:00.304 W/PackageManager( 1921): Cannot whitelist unknown permission: com.sec.android.provider.badge.permission.READ
06-22 04:59:00.304 W/PackageManager( 1921): Cannot whitelist unknown permission: com.sec.android.provider.badge.permission.WRITE
06-22 04:59:00.304 W/PackageManager( 1921): Cannot whitelist unknown permission: com.htc.launcher.permission.READ_SETTINGS
06-22 04:59:00.304 W/PackageManager( 1921): Cannot whitelist unknown permission: com.htc.launcher.permission.UPDATE_SHORTCUT
06-22 04:59:00.304 W/PackageManager( 1921): Cannot whitelist unknown permission: com.sonyericsson.home.permission.BROADCAST_BADGE
06-22 04:59:00.304 W/PackageManager( 1921): Cannot whitelist unknown permission: com.sonymobile.home.permission.PROVIDER_INSERT_BADGE
06-22 04:59:00.304 W/PackageManager( 1921): Cannot whitelist unknown permission: com.anddoes.launcher.permission.UPDATE_COUNT
06-22 04:59:00.304 W/PackageManager( 1921): Cannot whitelist unknown permission: com.majeur.launcher.permission.UPDATE_BADGE
06-22 04:59:00.304 W/PackageManager( 1921): Cannot whitelist unknown permission: com.huawei.android.launcher.permission.CHANGE_BADGE
06-22 04:59:00.304 W/PackageManager( 1921): Cannot whitelist unknown permission: com.huawei.android.launcher.permission.READ_SETTINGS
06-22 04:59:00.304 W/PackageManager( 1921): Cannot whitelist unknown permission: com.huawei.android.launcher.permission.WRITE_SETTINGS
06-22 04:59:00.304 W/PackageManager( 1921): Cannot whitelist unknown permission: android.permission.READ_APP_BADGE
06-22 04:59:00.304 W/PackageManager( 1921): Cannot whitelist unknown permission: com.oppo.launcher.permission.READ_SETTINGS
06-22 04:59:00.304 W/PackageManager( 1921): Cannot whitelist unknown permission: com.oppo.launcher.permission.WRITE_SETTINGS
06-22 04:59:00.304 W/PackageManager( 1921): Cannot whitelist unknown permission: com.cequint.ecid.CALLER_ID_LOOKUP
06-22 04:59:00.304 W/PackageManager( 1921): Cannot whitelist unknown permission: com.motorola.incallui.permission.INCOMING_CALL_VISIBILITY_CHANGED
06-22 04:59:00.309 I/OMXClient( 1921): IOmx service obtained
06-22 04:59:00.309 I/OMXMaster( 1767): makeComponentInstance(OMX.google.vorbis.decoder) in android.hardwar process
06-22 04:59:00.310 E/OMXNodeInstance( 1767): getConfig(0xee918c60:google.vorbis.decoder, ConfigAndroidVendorExtension(0x6f100004)) ERROR: Undefined(0x80001001)
06-22 04:59:00.317 W/PackageManager( 1921): Cannot whitelist unknown permission: com.sec.android.provider.badge.permission.READ
06-22 04:59:00.317 W/PackageManager( 1921): Cannot whitelist unknown permission: com.sec.android.provider.badge.permission.WRITE
06-22 04:59:00.317 W/PackageManager( 1921): Cannot whitelist unknown permission: com.htc.launcher.permission.READ_SETTINGS
06-22 04:59:00.317 W/PackageManager( 1921): Cannot whitelist unknown permission: com.htc.launcher.permission.UPDATE_SHORTCUT
06-22 04:59:00.317 W/PackageManager( 1921): Cannot whitelist unknown permission: com.sonyericsson.home.permission.BROADCAST_BADGE
06-22 04:59:00.317 W/PackageManager( 1921): Cannot whitelist unknown permission: com.sonymobile.home.permission.PROVIDER_INSERT_BADGE
06-22 04:59:00.317 W/PackageManager( 1921): Cannot whitelist unknown permission: com.anddoes.launcher.permission.UPDATE_COUNT
06-22 04:59:00.317 W/PackageManager( 1921): Cannot whitelist unknown permission: com.majeur.launcher.permission.UPDATE_BADGE
06-22 04:59:00.317 W/PackageManager( 1921): Cannot whitelist unknown permission: com.huawei.android.launcher.permission.CHANGE_BADGE
06-22 04:59:00.317 W/PackageManager( 1921): Cannot whitelist unknown permission: com.huawei.android.launcher.permission.READ_SETTINGS
06-22 04:59:00.317 W/PackageManager( 1921): Cannot whitelist unknown permission: com.huawei.android.launcher.permission.WRITE_SETTINGS
06-22 04:59:00.317 W/PackageManager( 1921): Cannot whitelist unknown permission: android.permission.READ_APP_BADGE
06-22 04:59:00.317 W/PackageManager( 1921): Cannot whitelist unknown permission: com.oppo.launcher.permission.READ_SETTINGS
06-22 04:59:00.317 W/PackageManager( 1921): Cannot whitelist unknown permission: com.oppo.launcher.permission.WRITE_SETTINGS
06-22 04:59:00.317 W/PackageManager( 1921): Cannot whitelist unknown permission: com.cequint.ecid.CALLER_ID_LOOKUP
06-22 04:59:00.317 W/PackageManager( 1921): Cannot whitelist unknown permission: com.motorola.incallui.permission.INCOMING_CALL_VISIBILITY_CHANGED
06-22 04:59:00.319 W/PackageManager( 1921): Cannot whitelist unknown permission: com.sec.android.provider.badge.permission.READ
06-22 04:59:00.319 W/PackageManager( 1921): Cannot whitelist unknown permission: com.sec.android.provider.badge.permission.WRITE
06-22 04:59:00.319 W/PackageManager( 1921): Cannot whitelist unknown permission: com.htc.launcher.permission.READ_SETTINGS
06-22 04:59:00.319 W/PackageManager( 1921): Cannot whitelist unknown permission: com.htc.launcher.permission.UPDATE_SHORTCUT
06-22 04:59:00.320 W/PackageManager( 1921): Cannot whitelist unknown permission: com.sonyericsson.home.permission.BROADCAST_BADGE
06-22 04:59:00.320 W/PackageManager( 1921): Cannot whitelist unknown permission: com.sonymobile.home.permission.PROVIDER_INSERT_BADGE
06-22 04:59:00.320 W/PackageManager( 1921): Cannot whitelist unknown permission: com.anddoes.launcher.permission.UPDATE_COUNT
06-22 04:59:00.320 W/PackageManager( 1921): Cannot whitelist unknown permission: com.majeur.launcher.permission.UPDATE_BADGE
06-22 04:59:00.320 W/PackageManager( 1921): Cannot whitelist unknown permission: com.huawei.android.launcher.permission.CHANGE_BADGE
06-22 04:59:00.320 W/PackageManager( 1921): Cannot whitelist unknown permission: com.huawei.android.launcher.permission.READ_SETTINGS
06-22 04:59:00.320 W/PackageManager( 1921): Cannot whitelist unknown permission: com.huawei.android.launcher.permission.WRITE_SETTINGS
06-22 04:59:00.320 W/PackageManager( 1921): Cannot whitelist unknown permission: android.permission.READ_APP_BADGE
06-22 04:59:00.320 W/PackageManager( 1921): Cannot whitelist unknown permission: com.oppo.launcher.permission.READ_SETTINGS
06-22 04:59:00.320 W/PackageManager( 1921): Cannot whitelist unknown permission: com.oppo.launcher.permission.WRITE_SETTINGS
06-22 04:59:00.320 W/PackageManager( 1921): Cannot whitelist unknown permission: com.cequint.ecid.CALLER_ID_LOOKUP
06-22 04:59:00.320 W/PackageManager( 1921): Cannot whitelist unknown permission: com.motorola.incallui.permission.INCOMING_CALL_VISIBILITY_CHANGED
06-22 04:59:00.322 W/PackageManager( 1921): Cannot whitelist unknown permission: com.sec.android.provider.badge.permission.READ
06-22 04:59:00.322 W/PackageManager( 1921): Cannot whitelist unknown permission: com.sec.android.provider.badge.permission.WRITE
06-22 04:59:00.322 W/PackageManager( 1921): Cannot whitelist unknown permission: com.htc.launcher.permission.READ_SETTINGS
06-22 04:59:00.322 W/PackageManager( 1921): Cannot whitelist unknown permission: com.htc.launcher.permission.UPDATE_SHORTCUT
06-22 04:59:00.322 W/PackageManager( 1921): Cannot whitelist unknown permission: com.sonyericsson.home.permission.BROADCAST_BADGE
06-22 04:59:00.322 W/PackageManager( 1921): Cannot whitelist unknown permission: com.sonymobile.home.permission.PROVIDER_INSERT_BADGE
06-22 04:59:00.323 W/PackageManager( 1921): Cannot whitelist unknown permission: com.anddoes.launcher.permission.UPDATE_COUNT
06-22 04:59:00.323 W/PackageManager( 1921): Cannot whitelist unknown permission: com.majeur.launcher.permission.UPDATE_BADGE
06-22 04:59:00.323 W/PackageManager( 1921): Cannot whitelist unknown permission: com.huawei.android.launcher.permission.CHANGE_BADGE
06-22 04:59:00.323 W/PackageManager( 1921): Cannot whitelist unknown permission: com.huawei.android.launcher.permission.READ_SETTINGS
06-22 04:59:00.323 W/PackageManager( 1921): Cannot whitelist unknown permission: com.huawei.android.launcher.permission.WRITE_SETTINGS
06-22 04:59:00.323 W/PackageManager( 1921): Cannot whitelist unknown permission: android.permission.READ_APP_BADGE
06-22 04:59:00.323 W/PackageManager( 1921): Cannot whitelist unknown permission: com.oppo.launcher.permission.READ_SETTINGS
06-22 04:59:00.323 W/PackageManager( 1921): Cannot whitelist unknown permission: com.oppo.launcher.permission.WRITE_SETTINGS
06-22 04:59:00.323 W/PackageManager( 1921): Cannot whitelist unknown permission: com.cequint.ecid.CALLER_ID_LOOKUP
06-22 04:59:00.323 W/PackageManager( 1921): Cannot whitelist unknown permission: com.motorola.incallui.permission.INCOMING_CALL_VISIBILITY_CHANGED
06-22 04:59:00.328 W/PackageManager( 1921): Cannot whitelist unknown permission: com.sec.android.provider.badge.permission.READ
06-22 04:59:00.328 W/PackageManager( 1921): Cannot whitelist unknown permission: com.sec.android.provider.badge.permission.WRITE
06-22 04:59:00.328 W/PackageManager( 1921): Cannot whitelist unknown permission: com.htc.launcher.permission.READ_SETTINGS
06-22 04:59:00.328 W/PackageManager( 1921): Cannot whitelist unknown permission: com.htc.launcher.permission.UPDATE_SHORTCUT
06-22 04:59:00.328 W/PackageManager( 1921): Cannot whitelist unknown permission: com.sonyericsson.home.permission.BROADCAST_BADGE
06-22 04:59:00.328 W/PackageManager( 1921): Cannot whitelist unknown permission: com.sonymobile.home.permission.PROVIDER_INSERT_BADGE
06-22 04:59:00.328 W/PackageManager( 1921): Cannot whitelist unknown permission: com.anddoes.launcher.permission.UPDATE_COUNT
06-22 04:59:00.328 W/PackageManager( 1921): Cannot whitelist unknown permission: com.majeur.launcher.permission.UPDATE_BADGE
06-22 04:59:00.328 W/PackageManager( 1921): Cannot whitelist unknown permission: com.huawei.android.launcher.permission.CHANGE_BADGE
06-22 04:59:00.328 W/PackageManager( 1921): Cannot whitelist unknown permission: com.huawei.android.launcher.permission.READ_SETTINGS
06-22 04:59:00.329 W/PackageManager( 1921): Cannot whitelist unknown permission: com.huawei.android.launcher.permission.WRITE_SETTINGS
06-22 04:59:00.329 W/PackageManager( 1921): Cannot whitelist unknown permission: android.permission.READ_APP_BADGE
06-22 04:59:00.329 W/PackageManager( 1921): Cannot whitelist unknown permission: com.oppo.launcher.permission.READ_SETTINGS
06-22 04:59:00.329 W/PackageManager( 1921): Cannot whitelist unknown permission: com.oppo.launcher.permission.WRITE_SETTINGS
06-22 04:59:00.329 W/PackageManager( 1921): Cannot whitelist unknown permission: com.cequint.ecid.CALLER_ID_LOOKUP
06-22 04:59:00.329 W/PackageManager( 1921): Cannot whitelist unknown permission: com.motorola.incallui.permission.INCOMING_CALL_VISIBILITY_CHANGED
06-22 04:59:00.333 W/PackageManager( 1921): Cannot whitelist unknown permission: com.sec.android.provider.badge.permission.READ
06-22 04:59:00.333 W/PackageManager( 1921): Cannot whitelist unknown permission: com.sec.android.provider.badge.permission.WRITE
06-22 04:59:00.333 W/PackageManager( 1921): Cannot whitelist unknown permission: com.htc.launcher.permission.READ_SETTINGS
06-22 04:59:00.333 W/PackageManager( 1921): Cannot whitelist unknown permission: com.htc.launcher.permission.UPDATE_SHORTCUT
06-22 04:59:00.333 W/PackageManager( 1921): Cannot whitelist unknown permission: com.sonyericsson.home.permission.BROADCAST_BADGE
06-22 04:59:00.333 W/PackageManager( 1921): Cannot whitelist unknown permission: com.sonymobile.home.permission.PROVIDER_INSERT_BADGE
06-22 04:59:00.333 W/PackageManager( 1921): Cannot whitelist unknown permission: com.anddoes.launcher.permission.UPDATE_COUNT
06-22 04:59:00.333 W/PackageManager( 1921): Cannot whitelist unknown permission: com.majeur.launcher.permission.UPDATE_BADGE
06-22 04:59:00.333 W/PackageManager( 1921): Cannot whitelist unknown permission: com.huawei.android.launcher.permission.CHANGE_BADGE
06-22 04:59:00.333 W/PackageManager( 1921): Cannot whitelist unknown permission: com.huawei.android.launcher.permission.READ_SETTINGS
06-22 04:59:00.334 W/PackageManager( 1921): Cannot whitelist unknown permission: com.huawei.android.launcher.permission.WRITE_SETTINGS
06-22 04:59:00.334 W/PackageManager( 1921): Cannot whitelist unknown permission: android.permission.READ_APP_BADGE
06-22 04:59:00.334 W/PackageManager( 1921): Cannot whitelist unknown permission: com.oppo.launcher.permission.READ_SETTINGS
06-22 04:59:00.334 W/PackageManager( 1921): Cannot whitelist unknown permission: com.oppo.launcher.permission.WRITE_SETTINGS
06-22 04:59:00.334 W/PackageManager( 1921): Cannot whitelist unknown permission: com.cequint.ecid.CALLER_ID_LOOKUP
06-22 04:59:00.334 W/PackageManager( 1921): Cannot whitelist unknown permission: com.motorola.incallui.permission.INCOMING_CALL_VISIBILITY_CHANGED
06-22 04:59:00.340 I/OMXClient( 1921): IOmx service obtained
06-22 04:59:00.340 I/OMXMaster( 1767): makeComponentInstance(OMX.google.vorbis.decoder) in android.hardwar process
06-22 04:59:00.341 E/OMXNodeInstance( 1767): getConfig(0xee918c60:google.vorbis.decoder, ConfigAndroidVendorExtension(0x6f100004)) ERROR: Undefined(0x80001001)
06-22 04:59:00.351 W/PackageManager( 1921): Cannot whitelist unknown permission: android.permission.QUERY_ALL_PACKAGES
06-22 04:59:00.352 W/PackageManager( 1921): Cannot whitelist unknown permission: android.permission.PRE_FACTORY_RESET
06-22 04:59:00.352 W/PackageManager( 1921): Cannot whitelist unknown permission: android.permission.MANAGE_FACTORY_RESET_PROTECTION
06-22 04:59:00.352 W/PackageManager( 1921): Cannot whitelist unknown permission: android.car.permission.CAR_POWER
06-22 04:59:00.352 W/PackageManager( 1921): Cannot whitelist unknown permission: com.google.android.wearable.WRITE_SETTINGS
06-22 04:59:00.352 W/PackageManager( 1921): Cannot whitelist unknown permission: com.felicanetworks.mfc.permission.MFC_ACCESS
06-22 04:59:00.352 W/PackageManager( 1921): Cannot whitelist unknown permission: com.felicanetworks.mfc.mfi.permission.MFI_ACCESS
06-22 04:59:00.352 W/PackageManager( 1921): Cannot whitelist unknown permission: com.google.android.finsky.permission.INSTANT_APP_STATE
06-22 04:59:00.352 W/PackageManager( 1921): Cannot whitelist unknown permission: android.permission.UWB
06-22 04:59:00.352 W/PackageManager( 1921): Cannot whitelist unknown permission: com.google.android.finsky.permission.BIND_GET_INSTALL_REFERRER_SERVICE
06-22 04:59:00.352 W/PackageManager( 1921): Cannot whitelist unknown permission: com.google.android.hangouts.START_HANGOUT
06-22 04:59:00.352 W/PackageManager( 1921): Cannot whitelist unknown permission: android.car.permission.CAR_POWERTRAIN
06-22 04:59:00.352 W/PackageManager( 1921): Cannot whitelist unknown permission: android.car.permission.CAR_ENERGY
06-22 04:59:00.352 W/PackageManager( 1921): Cannot whitelist unknown permission: android.car.permission.CAR_ENERGY_PORTS
06-22 04:59:00.352 W/PackageManager( 1921): Cannot whitelist unknown permission: android.car.permission.CAR_EXTERIOR_LIGHTS
06-22 04:59:00.352 W/PackageManager( 1921): Cannot whitelist unknown permission: android.car.permission.CAR_INFO
06-22 04:59:00.352 W/PackageManager( 1921): Cannot whitelist unknown permission: android.car.permission.CAR_MILEAGE
06-22 04:59:00.352 W/PackageManager( 1921): Cannot whitelist unknown permission: android.car.permission.CAR_TIRES
06-22 04:59:00.353 W/PackageManager( 1921): Cannot whitelist unknown permission: android.car.permission.CONTROL_CAR_CLIMATE
06-22 04:59:00.353 W/PackageManager( 1921): Cannot whitelist unknown permission: android.car.permission.CONTROL_CAR_DOORS
06-22 04:59:00.353 W/PackageManager( 1921): Cannot whitelist unknown permission: android.car.permission.CONTROL_CAR_EXTERIOR_LIGHTS
06-22 04:59:00.353 W/PackageManager( 1921): Cannot whitelist unknown permission: android.car.permission.CONTROL_CAR_MIRRORS
06-22 04:59:00.353 W/PackageManager( 1921): Cannot whitelist unknown permission: android.car.permission.CONTROL_CAR_SEATS
06-22 04:59:00.353 W/PackageManager( 1921): Cannot whitelist unknown permission: android.car.permission.CONTROL_CAR_WINDOWS
06-22 04:59:00.353 W/PackageManager( 1921): Cannot whitelist unknown permission: android.car.permission.READ_CAR_DISPLAY_UNITS
06-22 04:59:00.353 W/PackageManager( 1921): Cannot whitelist unknown permission: com.google.android.finsky.permission.GEARHEAD_SERVICE
06-22 04:59:00.353 W/PackageManager( 1921): Cannot whitelist unknown permission: com.google.android.permission.ACCESSIBILITY_SCAN_SERVICE
06-22 04:59:00.353 W/PackageManager( 1921): Cannot whitelist unknown permission: com.google.android.finsky.permission.ACCESS_INSTANT_APP_NOTIFICATION_ENFORCEMENT
06-22 04:59:00.353 W/PackageManager( 1921): Cannot whitelist unknown permission: com.google.android.clockwork.settings.SHOW_FACTORY_RESET_CONFIRMATION
06-22 04:59:00.353 W/PackageManager( 1921): Cannot whitelist unknown permission: com.google.android.wearable.READ_SETTINGS
06-22 04:59:00.353 W/PackageManager( 1921): Cannot whitelist unknown permission: android.permission.READ_MEDIA_AUDIO
06-22 04:59:00.353 W/PackageManager( 1921): Cannot whitelist unknown permission: android.permission.READ_MEDIA_IMAGES
06-22 04:59:00.353 W/PackageManager( 1921): Cannot whitelist unknown permission: android.permission.READ_MEDIA_VIDEO
06-22 04:59:00.353 W/PackageManager( 1921): Cannot whitelist unknown permission: com.android.vending.setup.PLAY_SETUP_SERVICE
06-22 04:59:00.353 W/PackageManager( 1921): Cannot whitelist unknown permission: com.google.android.gms.game.notifications.permission.WRITE
06-22 04:59:00.353 W/PackageManager( 1921): Cannot whitelist unknown permission: com.google.android.vending.verifier.ACCESS_VERIFIER
06-22 04:59:00.353 I/PackageManager( 1921): Un-granting permission android.permission.CAPTURE_VIDEO_OUTPUT from package com.google.android.gms (protectionLevel=2 flags=0xb0cabe45)
06-22 04:59:00.354 I/PackageManager( 1921): Un-granting permission android.permission.MANAGE_DEVICE_ADMINS from package com.google.android.gms (protectionLevel=2 flags=0xb0cabe45)
06-22 04:59:00.354 I/PackageManager( 1921): Un-granting permission android.permission.MANAGE_ACTIVITY_STACKS from package com.google.android.gms (protectionLevel=2 flags=0xb0cabe45)
06-22 04:59:00.354 I/PackageManager( 1921): Un-granting permission android.permission.CAPTURE_SECURE_VIDEO_OUTPUT from package com.google.android.gms (protectionLevel=2 flags=0xb0cabe45)
06-22 04:59:00.354 I/PackageManager( 1921): Un-granting permission android.permission.MANAGE_ROLLBACKS from package com.google.android.gms (protectionLevel=514 flags=0xb0cabe45)
06-22 04:59:00.357 W/PackageManager( 1921): Cannot whitelist unknown permission: android.permission.QUERY_ALL_PACKAGES
06-22 04:59:00.357 W/PackageManager( 1921): Cannot whitelist unknown permission: android.permission.PRE_FACTORY_RESET
06-22 04:59:00.357 W/PackageManager( 1921): Cannot whitelist unknown permission: android.permission.MANAGE_FACTORY_RESET_PROTECTION
06-22 04:59:00.357 W/PackageManager( 1921): Cannot whitelist unknown permission: android.car.permission.CAR_POWER
06-22 04:59:00.357 W/PackageManager( 1921): Cannot whitelist unknown permission: com.google.android.wearable.WRITE_SETTINGS
06-22 04:59:00.357 W/PackageManager( 1921): Cannot whitelist unknown permission: com.felicanetworks.mfc.permission.MFC_ACCESS
06-22 04:59:00.357 W/PackageManager( 1921): Cannot whitelist unknown permission: com.felicanetworks.mfc.mfi.permission.MFI_ACCESS
06-22 04:59:00.357 W/PackageManager( 1921): Cannot whitelist unknown permission: com.google.android.finsky.permission.INSTANT_APP_STATE
06-22 04:59:00.357 W/PackageManager( 1921): Cannot whitelist unknown permission: android.permission.UWB
06-22 04:59:00.357 W/PackageManager( 1921): Cannot whitelist unknown permission: com.google.android.finsky.permission.BIND_GET_INSTALL_REFERRER_SERVICE
06-22 04:59:00.357 W/PackageManager( 1921): Cannot whitelist unknown permission: com.google.android.hangouts.START_HANGOUT
06-22 04:59:00.357 W/PackageManager( 1921): Cannot whitelist unknown permission: android.car.permission.CAR_POWERTRAIN
06-22 04:59:00.357 W/PackageManager( 1921): Cannot whitelist unknown permission: android.car.permission.CAR_ENERGY
06-22 04:59:00.357 W/PackageManager( 1921): Cannot whitelist unknown permission: android.car.permission.CAR_ENERGY_PORTS
06-22 04:59:00.357 W/PackageManager( 1921): Cannot whitelist unknown permission: android.car.permission.CAR_EXTERIOR_LIGHTS
06-22 04:59:00.357 W/PackageManager( 1921): Cannot whitelist unknown permission: android.car.permission.CAR_INFO
06-22 04:59:00.357 W/PackageManager( 1921): Cannot whitelist unknown permission: android.car.permission.CAR_MILEAGE
06-22 04:59:00.357 W/PackageManager( 1921): Cannot whitelist unknown permission: android.car.permission.CAR_TIRES
06-22 04:59:00.357 W/PackageManager( 1921): Cannot whitelist unknown permission: android.car.permission.CONTROL_CAR_CLIMATE
06-22 04:59:00.357 W/PackageManager( 1921): Cannot whitelist unknown permission: android.car.permission.CONTROL_CAR_DOORS
06-22 04:59:00.357 W/PackageManager( 1921): Cannot whitelist unknown permission: android.car.permission.CONTROL_CAR_EXTERIOR_LIGHTS
06-22 04:59:00.357 W/PackageManager( 1921): Cannot whitelist unknown permission: android.car.permission.CONTROL_CAR_MIRRORS
06-22 04:59:00.357 W/PackageManager( 1921): Cannot whitelist unknown permission: android.car.permission.CONTROL_CAR_SEATS
06-22 04:59:00.357 W/PackageManager( 1921): Cannot whitelist unknown permission: android.car.permission.CONTROL_CAR_WINDOWS
06-22 04:59:00.358 W/PackageManager( 1921): Cannot whitelist unknown permission: android.car.permission.READ_CAR_DISPLAY_UNITS
06-22 04:59:00.358 W/PackageManager( 1921): Cannot whitelist unknown permission: com.google.android.finsky.permission.GEARHEAD_SERVICE
06-22 04:59:00.358 W/PackageManager( 1921): Cannot whitelist unknown permission: com.google.android.permission.ACCESSIBILITY_SCAN_SERVICE
06-22 04:59:00.358 W/PackageManager( 1921): Cannot whitelist unknown permission: com.google.android.finsky.permission.ACCESS_INSTANT_APP_NOTIFICATION_ENFORCEMENT
06-22 04:59:00.358 W/PackageManager( 1921): Cannot whitelist unknown permission: com.google.android.clockwork.settings.SHOW_FACTORY_RESET_CONFIRMATION
06-22 04:59:00.358 W/PackageManager( 1921): Cannot whitelist unknown permission: com.google.android.wearable.READ_SETTINGS
06-22 04:59:00.358 W/PackageManager( 1921): Cannot whitelist unknown permission: android.permission.READ_MEDIA_AUDIO
06-22 04:59:00.358 W/PackageManager( 1921): Cannot whitelist unknown permission: android.permission.READ_MEDIA_IMAGES
06-22 04:59:00.358 W/PackageManager( 1921): Cannot whitelist unknown permission: android.permission.READ_MEDIA_VIDEO
06-22 04:59:00.358 W/PackageManager( 1921): Cannot whitelist unknown permission: com.android.vending.setup.PLAY_SETUP_SERVICE
06-22 04:59:00.358 W/PackageManager( 1921): Cannot whitelist unknown permission: com.google.android.gms.game.notifications.permission.WRITE
06-22 04:59:00.358 W/PackageManager( 1921): Cannot whitelist unknown permission: com.google.android.vending.verifier.ACCESS_VERIFIER
06-22 04:59:00.358 I/PackageManager( 1921): Un-granting permission android.permission.CAPTURE_VIDEO_OUTPUT from package com.google.android.gms (protectionLevel=2 flags=0xb0cabe45)
06-22 04:59:00.360 I/PackageManager( 1921): Un-granting permission android.permission.MANAGE_DEVICE_ADMINS from package com.google.android.gms (protectionLevel=2 flags=0xb0cabe45)
06-22 04:59:00.360 I/PackageManager( 1921): Un-granting permission android.permission.MANAGE_ACTIVITY_STACKS from package com.google.android.gms (protectionLevel=2 flags=0xb0cabe45)
06-22 04:59:00.360 I/PackageManager( 1921): Un-granting permission android.permission.CAPTURE_SECURE_VIDEO_OUTPUT from package com.google.android.gms (protectionLevel=2 flags=0xb0cabe45)
06-22 04:59:00.360 I/PackageManager( 1921): Un-granting permission android.permission.MANAGE_ROLLBACKS from package com.google.android.gms (protectionLevel=514 flags=0xb0cabe45)
06-22 04:59:00.365 W/PackageManager( 1921): Cannot whitelist unknown permission: android.permission.QUERY_ALL_PACKAGES
06-22 04:59:00.365 W/PackageManager( 1921): Cannot whitelist unknown permission: android.permission.PRE_FACTORY_RESET
06-22 04:59:00.365 W/PackageManager( 1921): Cannot whitelist unknown permission: android.permission.MANAGE_FACTORY_RESET_PROTECTION
06-22 04:59:00.365 W/PackageManager( 1921): Cannot whitelist unknown permission: android.car.permission.CAR_POWER
06-22 04:59:00.365 W/PackageManager( 1921): Cannot whitelist unknown permission: com.google.android.wearable.WRITE_SETTINGS
06-22 04:59:00.365 W/PackageManager( 1921): Cannot whitelist unknown permission: com.felicanetworks.mfc.permission.MFC_ACCESS
06-22 04:59:00.365 W/PackageManager( 1921): Cannot whitelist unknown permission: com.felicanetworks.mfc.mfi.permission.MFI_ACCESS
06-22 04:59:00.365 W/PackageManager( 1921): Cannot whitelist unknown permission: com.google.android.finsky.permission.INSTANT_APP_STATE
06-22 04:59:00.365 W/PackageManager( 1921): Cannot whitelist unknown permission: android.permission.UWB
06-22 04:59:00.365 W/PackageManager( 1921): Cannot whitelist unknown permission: com.google.android.finsky.permission.BIND_GET_INSTALL_REFERRER_SERVICE
06-22 04:59:00.365 W/PackageManager( 1921): Cannot whitelist unknown permission: com.google.android.hangouts.START_HANGOUT
06-22 04:59:00.365 W/PackageManager( 1921): Cannot whitelist unknown permission: android.car.permission.CAR_POWERTRAIN
06-22 04:59:00.365 W/PackageManager( 1921): Cannot whitelist unknown permission: android.car.permission.CAR_ENERGY
06-22 04:59:00.365 W/PackageManager( 1921): Cannot whitelist unknown permission: android.car.permission.CAR_ENERGY_PORTS
06-22 04:59:00.365 W/PackageManager( 1921): Cannot whitelist unknown permission: android.car.permission.CAR_EXTERIOR_LIGHTS
06-22 04:59:00.365 W/PackageManager( 1921): Cannot whitelist unknown permission: android.car.permission.CAR_INFO
06-22 04:59:00.365 W/PackageManager( 1921): Cannot whitelist unknown permission: android.car.permission.CAR_MILEAGE
06-22 04:59:00.365 W/PackageManager( 1921): Cannot whitelist unknown permission: android.car.permission.CAR_TIRES
06-22 04:59:00.365 W/PackageManager( 1921): Cannot whitelist unknown permission: android.car.permission.CONTROL_CAR_CLIMATE
06-22 04:59:00.365 W/PackageManager( 1921): Cannot whitelist unknown permission: android.car.permission.CONTROL_CAR_DOORS
06-22 04:59:00.365 W/PackageManager( 1921): Cannot whitelist unknown permission: android.car.permission.CONTROL_CAR_EXTERIOR_LIGHTS
06-22 04:59:00.365 W/PackageManager( 1921): Cannot whitelist unknown permission: android.car.permission.CONTROL_CAR_MIRRORS
06-22 04:59:00.365 W/PackageManager( 1921): Cannot whitelist unknown permission: android.car.permission.CONTROL_CAR_SEATS
06-22 04:59:00.365 W/PackageManager( 1921): Cannot whitelist unknown permission: android.car.permission.CONTROL_CAR_WINDOWS
06-22 04:59:00.365 W/PackageManager( 1921): Cannot whitelist unknown permission: android.car.permission.READ_CAR_DISPLAY_UNITS
06-22 04:59:00.365 W/PackageManager( 1921): Cannot whitelist unknown permission: com.google.android.finsky.permission.GEARHEAD_SERVICE
06-22 04:59:00.365 W/PackageManager( 1921): Cannot whitelist unknown permission: com.google.android.permission.ACCESSIBILITY_SCAN_SERVICE
06-22 04:59:00.365 W/PackageManager( 1921): Cannot whitelist unknown permission: com.google.android.finsky.permission.ACCESS_INSTANT_APP_NOTIFICATION_ENFORCEMENT
06-22 04:59:00.365 W/PackageManager( 1921): Cannot whitelist unknown permission: com.google.android.clockwork.settings.SHOW_FACTORY_RESET_CONFIRMATION
06-22 04:59:00.365 W/PackageManager( 1921): Cannot whitelist unknown permission: com.google.android.wearable.READ_SETTINGS
06-22 04:59:00.365 W/PackageManager( 1921): Cannot whitelist unknown permission: android.permission.READ_MEDIA_AUDIO
06-22 04:59:00.365 W/PackageManager( 1921): Cannot whitelist unknown permission: android.permission.READ_MEDIA_IMAGES
06-22 04:59:00.365 W/PackageManager( 1921): Cannot whitelist unknown permission: android.permission.READ_MEDIA_VIDEO
06-22 04:59:00.365 W/PackageManager( 1921): Cannot whitelist unknown permission: com.android.vending.setup.PLAY_SETUP_SERVICE
06-22 04:59:00.365 W/PackageManager( 1921): Cannot whitelist unknown permission: com.google.android.gms.game.notifications.permission.WRITE
06-22 04:59:00.365 W/PackageManager( 1921): Cannot whitelist unknown permission: com.google.android.vending.verifier.ACCESS_VERIFIER
06-22 04:59:00.365 I/PackageManager( 1921): Un-granting permission android.permission.CAPTURE_VIDEO_OUTPUT from package com.google.android.gms (protectionLevel=2 flags=0xb0cabe45)
06-22 04:59:00.366 I/PackageManager( 1921): Un-granting permission android.permission.MANAGE_DEVICE_ADMINS from package com.google.android.gms (protectionLevel=2 flags=0xb0cabe45)
06-22 04:59:00.366 I/PackageManager( 1921): Un-granting permission android.permission.MANAGE_ACTIVITY_STACKS from package com.google.android.gms (protectionLevel=2 flags=0xb0cabe45)
06-22 04:59:00.366 I/PackageManager( 1921): Un-granting permission android.permission.CAPTURE_SECURE_VIDEO_OUTPUT from package com.google.android.gms (protectionLevel=2 flags=0xb0cabe45)
06-22 04:59:00.366 I/PackageManager( 1921): Un-granting permission android.permission.MANAGE_ROLLBACKS from package com.google.android.gms (protectionLevel=514 flags=0xb0cabe45)
06-22 04:59:00.373 W/PackageManager( 1921): Cannot whitelist unknown permission: android.permission.QUERY_ALL_PACKAGES
06-22 04:59:00.373 W/PackageManager( 1921): Cannot whitelist unknown permission: android.permission.PRE_FACTORY_RESET
06-22 04:59:00.373 W/PackageManager( 1921): Cannot whitelist unknown permission: android.permission.MANAGE_FACTORY_RESET_PROTECTION
06-22 04:59:00.373 W/PackageManager( 1921): Cannot whitelist unknown permission: android.car.permission.CAR_POWER
06-22 04:59:00.373 W/PackageManager( 1921): Cannot whitelist unknown permission: com.google.android.wearable.WRITE_SETTINGS
06-22 04:59:00.373 W/PackageManager( 1921): Cannot whitelist unknown permission: com.felicanetworks.mfc.permission.MFC_ACCESS
06-22 04:59:00.373 W/PackageManager( 1921): Cannot whitelist unknown permission: com.felicanetworks.mfc.mfi.permission.MFI_ACCESS
06-22 04:59:00.373 W/PackageManager( 1921): Cannot whitelist unknown permission: com.google.android.finsky.permission.INSTANT_APP_STATE
06-22 04:59:00.373 W/PackageManager( 1921): Cannot whitelist unknown permission: android.permission.UWB
06-22 04:59:00.373 W/PackageManager( 1921): Cannot whitelist unknown permission: com.google.android.finsky.permission.BIND_GET_INSTALL_REFERRER_SERVICE
06-22 04:59:00.373 W/PackageManager( 1921): Cannot whitelist unknown permission: com.google.android.hangouts.START_HANGOUT
06-22 04:59:00.374 W/PackageManager( 1921): Cannot whitelist unknown permission: android.car.permission.CAR_POWERTRAIN
06-22 04:59:00.374 W/PackageManager( 1921): Cannot whitelist unknown permission: android.car.permission.CAR_ENERGY
06-22 04:59:00.374 W/PackageManager( 1921): Cannot whitelist unknown permission: android.car.permission.CAR_ENERGY_PORTS
06-22 04:59:00.374 W/PackageManager( 1921): Cannot whitelist unknown permission: android.car.permission.CAR_EXTERIOR_LIGHTS
06-22 04:59:00.374 W/PackageManager( 1921): Cannot whitelist unknown permission: android.car.permission.CAR_INFO
06-22 04:59:00.374 W/PackageManager( 1921): Cannot whitelist unknown permission: android.car.permission.CAR_MILEAGE
06-22 04:59:00.374 W/PackageManager( 1921): Cannot whitelist unknown permission: android.car.permission.CAR_TIRES
06-22 04:59:00.374 W/PackageManager( 1921): Cannot whitelist unknown permission: android.car.permission.CONTROL_CAR_CLIMATE
06-22 04:59:00.374 W/PackageManager( 1921): Cannot whitelist unknown permission: android.car.permission.CONTROL_CAR_DOORS
06-22 04:59:00.374 W/PackageManager( 1921): Cannot whitelist unknown permission: android.car.permission.CONTROL_CAR_EXTERIOR_LIGHTS
06-22 04:59:00.374 W/PackageManager( 1921): Cannot whitelist unknown permission: android.car.permission.CONTROL_CAR_MIRRORS
06-22 04:59:00.374 W/PackageManager( 1921): Cannot whitelist unknown permission: android.car.permission.CONTROL_CAR_SEATS
06-22 04:59:00.374 W/PackageManager( 1921): Cannot whitelist unknown permission: android.car.permission.CONTROL_CAR_WINDOWS
06-22 04:59:00.374 W/PackageManager( 1921): Cannot whitelist unknown permission: android.car.permission.READ_CAR_DISPLAY_UNITS
06-22 04:59:00.374 W/PackageManager( 1921): Cannot whitelist unknown permission: com.google.android.finsky.permission.GEARHEAD_SERVICE
06-22 04:59:00.374 W/PackageManager( 1921): Cannot whitelist unknown permission: com.google.android.permission.ACCESSIBILITY_SCAN_SERVICE
06-22 04:59:00.374 W/PackageManager( 1921): Cannot whitelist unknown permission: com.google.android.finsky.permission.ACCESS_INSTANT_APP_NOTIFICATION_ENFORCEMENT
06-22 04:59:00.374 W/PackageManager( 1921): Cannot whitelist unknown permission: com.google.android.clockwork.settings.SHOW_FACTORY_RESET_CONFIRMATION
06-22 04:59:00.374 W/PackageManager( 1921): Cannot whitelist unknown permission: com.google.android.wearable.READ_SETTINGS
06-22 04:59:00.374 W/PackageManager( 1921): Cannot whitelist unknown permission: android.permission.READ_MEDIA_AUDIO
06-22 04:59:00.374 W/PackageManager( 1921): Cannot whitelist unknown permission: android.permission.READ_MEDIA_IMAGES
06-22 04:59:00.374 W/PackageManager( 1921): Cannot whitelist unknown permission: android.permission.READ_MEDIA_VIDEO
06-22 04:59:00.374 W/PackageManager( 1921): Cannot whitelist unknown permission: com.android.vending.setup.PLAY_SETUP_SERVICE
06-22 04:59:00.374 W/PackageManager( 1921): Cannot whitelist unknown permission: com.google.android.gms.game.notifications.permission.WRITE
06-22 04:59:00.374 W/PackageManager( 1921): Cannot whitelist unknown permission: com.google.android.vending.verifier.ACCESS_VERIFIER
06-22 04:59:00.374 I/PackageManager( 1921): Un-granting permission android.permission.CAPTURE_VIDEO_OUTPUT from package com.google.android.gms (protectionLevel=2 flags=0xb0cabe45)
06-22 04:59:00.374 I/PackageManager( 1921): Un-granting permission android.permission.MANAGE_DEVICE_ADMINS from package com.google.android.gms (protectionLevel=2 flags=0xb0cabe45)
06-22 04:59:00.374 I/PackageManager( 1921): Un-granting permission android.permission.MANAGE_ACTIVITY_STACKS from package com.google.android.gms (protectionLevel=2 flags=0xb0cabe45)
06-22 04:59:00.374 I/PackageManager( 1921): Un-granting permission android.permission.CAPTURE_SECURE_VIDEO_OUTPUT from package com.google.android.gms (protectionLevel=2 flags=0xb0cabe45)
06-22 04:59:00.374 I/PackageManager( 1921): Un-granting permission android.permission.MANAGE_ROLLBACKS from package com.google.android.gms (protectionLevel=514 flags=0xb0cabe45)
06-22 04:59:00.375 W/PackageManager( 1921): Cannot whitelist unknown permission: android.permission.QUERY_ALL_PACKAGES
06-22 04:59:00.375 W/PackageManager( 1921): Cannot whitelist unknown permission: android.permission.PRE_FACTORY_RESET
06-22 04:59:00.375 W/PackageManager( 1921): Cannot whitelist unknown permission: android.permission.MANAGE_FACTORY_RESET_PROTECTION
06-22 04:59:00.375 W/PackageManager( 1921): Cannot whitelist unknown permission: android.car.permission.CAR_POWER
06-22 04:59:00.375 W/PackageManager( 1921): Cannot whitelist unknown permission: com.google.android.wearable.WRITE_SETTINGS
06-22 04:59:00.375 W/PackageManager( 1921): Cannot whitelist unknown permission: com.felicanetworks.mfc.permission.MFC_ACCESS
06-22 04:59:00.375 W/PackageManager( 1921): Cannot whitelist unknown permission: com.felicanetworks.mfc.mfi.permission.MFI_ACCESS
06-22 04:59:00.375 W/PackageManager( 1921): Cannot whitelist unknown permission: com.google.android.finsky.permission.INSTANT_APP_STATE
06-22 04:59:00.375 W/PackageManager( 1921): Cannot whitelist unknown permission: android.permission.UWB
06-22 04:59:00.375 W/PackageManager( 1921): Cannot whitelist unknown permission: com.google.android.finsky.permission.BIND_GET_INSTALL_REFERRER_SERVICE
06-22 04:59:00.375 W/PackageManager( 1921): Cannot whitelist unknown permission: com.google.android.hangouts.START_HANGOUT
06-22 04:59:00.375 W/PackageManager( 1921): Cannot whitelist unknown permission: android.car.permission.CAR_POWERTRAIN
06-22 04:59:00.375 W/PackageManager( 1921): Cannot whitelist unknown permission: android.car.permission.CAR_ENERGY
06-22 04:59:00.375 W/PackageManager( 1921): Cannot whitelist unknown permission: android.car.permission.CAR_ENERGY_PORTS
06-22 04:59:00.375 W/PackageManager( 1921): Cannot whitelist unknown permission: android.car.permission.CAR_EXTERIOR_LIGHTS
06-22 04:59:00.375 W/PackageManager( 1921): Cannot whitelist unknown permission: android.car.permission.CAR_INFO
06-22 04:59:00.375 W/PackageManager( 1921): Cannot whitelist unknown permission: android.car.permission.CAR_MILEAGE
06-22 04:59:00.375 W/PackageManager( 1921): Cannot whitelist unknown permission: android.car.permission.CAR_TIRES
06-22 04:59:00.375 W/PackageManager( 1921): Cannot whitelist unknown permission: android.car.permission.CONTROL_CAR_CLIMATE
06-22 04:59:00.376 W/PackageManager( 1921): Cannot whitelist unknown permission: android.car.permission.CONTROL_CAR_DOORS
06-22 04:59:00.376 W/PackageManager( 1921): Cannot whitelist unknown permission: android.car.permission.CONTROL_CAR_EXTERIOR_LIGHTS
06-22 04:59:00.376 W/PackageManager( 1921): Cannot whitelist unknown permission: android.car.permission.CONTROL_CAR_MIRRORS
06-22 04:59:00.376 W/PackageManager( 1921): Cannot whitelist unknown permission: android.car.permission.CONTROL_CAR_SEATS
06-22 04:59:00.376 W/PackageManager( 1921): Cannot whitelist unknown permission: android.car.permission.CONTROL_CAR_WINDOWS
06-22 04:59:00.376 W/PackageManager( 1921): Cannot whitelist unknown permission: android.car.permission.READ_CAR_DISPLAY_UNITS
06-22 04:59:00.376 W/PackageManager( 1921): Cannot whitelist unknown permission: com.google.android.finsky.permission.GEARHEAD_SERVICE
06-22 04:59:00.376 W/PackageManager( 1921): Cannot whitelist unknown permission: com.google.android.permission.ACCESSIBILITY_SCAN_SERVICE
06-22 04:59:00.376 W/PackageManager( 1921): Cannot whitelist unknown permission: com.google.android.finsky.permission.ACCESS_INSTANT_APP_NOTIFICATION_ENFORCEMENT
06-22 04:59:00.376 W/PackageManager( 1921): Cannot whitelist unknown permission: com.google.android.clockwork.settings.SHOW_FACTORY_RESET_CONFIRMATION
