06-22 04:58:57.666 W/PackageParser( 1921): Unknown element under <manifest>: attribution at /system/product/priv-app/PrebuiltGmsCore/PrebuiltGmsCore.apk Binary XML file line #139
06-22 04:58:57.666 W/PackageParser( 1921): Unknown element under <manifest>: attribution at /system/product/priv-app/PrebuiltGmsCore/PrebuiltGmsCore.apk Binary XML file line #140
06-22 04:58:57.672 W/PackageParser( 1921): Unknown element under <manifest>: queries at /system/product/priv-app/PrebuiltGmsCore/PrebuiltGmsCore.apk Binary XML file line #544
06-22 04:58:57.689 I/ServiceManager( 1765): Waiting for service 'package_native' on '/dev/binder'...
06-22 04:58:57.745 W/PackageParser( 1921): No actions in intent filter at /system/product/priv-app/Velvet/Velvet.apk Binary XML file line #3398
06-22 04:58:57.745 I/PackageParser( 1921): Parse times for '/system/product/priv-app/PrebuiltGmsCore': parse=80ms, update_cache=59 ms
06-22 04:58:57.745 I/PackageManager( 1921): /system/product/priv-app/PrebuiltGmsCore changed; collecting certs
06-22 04:58:57.753 E/PackageManager( 1921): Adding duplicate app id: 10117 name=com.google.android.gms
06-22 04:58:57.760 I/PackageParser( 1921): Parse times for '/system/product/priv-app/Velvet': parse=127ms, update_cache=16 ms
06-22 04:58:57.761 I/PackageManager( 1921): /system/product/priv-app/Velvet changed; collecting certs
06-22 04:58:57.772 I/PackageParser( 1921): Parse times for '/system/product/priv-app/Settings': parse=154ms, update_cache=21 ms
06-22 04:58:57.772 I/PackageManager( 1921): /system/product/priv-app/Settings changed; collecting certs
06-22 04:58:57.774 E/PackageManager( 1921): Adding duplicate shared id: 1000 name=com.android.settings
06-22 04:58:57.775 W/PackageManager( 1921): Skipping provider name androidx.lifecycle.process.lifecycle-process (in package com.android.settings): name already used by com.android.systemui
06-22 04:58:57.782 I/PackageManager( 1921): /system/product/app/NexusWallpapersStubPrebuilt2018 changed; collecting certs
06-22 04:58:57.789 I/PackageManager( 1921): /system/product/app/TrichromeLibrary changed; collecting certs
06-22 04:58:57.799 I/PackageManager( 1921): /system/product/app/MarkupGoogle changed; collecting certs
06-22 04:58:57.807 I/PackageManager( 1921): /system/product/app/DMAgent changed; collecting certs
06-22 04:58:57.823 I/PackageManager( 1921): /system/product/app/SoundPickerPrebuilt changed; collecting certs
06-22 04:58:57.828 I/PackageManager( 1921): /system/product/app/Videos changed; collecting certs
06-22 04:58:57.839 I/PackageManager( 1921): /system/product/app/GoogleContactsSyncAdapter changed; collecting certs
06-22 04:58:57.850 I/PackageManager( 1921): /system/product/app/WebViewGoogle changed; collecting certs
06-22 04:58:57.863 W/PackageParser( 1921): No actions in intent filter at /system/product/app/PrebuiltBugle/PrebuiltBugle.apk Binary XML file line #1261
06-22 04:58:57.870 I/PackageManager( 1921): /system/product/app/PrebuiltBugle changed; collecting certs
06-22 04:58:57.889 I/PackageManager( 1921): /system/product/app/Chrome changed; collecting certs
06-22 04:58:57.894 I/PackageParser( 1921): Parse times for '/system/product/app/LatinIMEGooglePrebuilt': parse=112ms, update_cache=3 ms
06-22 04:58:57.894 I/PackageManager( 1921): /system/product/app/LatinIMEGooglePrebuilt changed; collecting certs
06-22 04:58:57.898 I/PackageManager( 1921): /system/product/app/ModuleMetadataGoogle changed; collecting certs
06-22 04:58:57.904 I/PackageManager( 1921): /system/product/app/Camera2 changed; collecting certs
06-22 04:58:57.924 W/PackageParser( 1921): No actions in intent filter at /system/product/app/Drive/Drive.apk Binary XML file line #1759
06-22 04:58:57.930 I/PackageParser( 1921): Parse times for '/system/product/app/Drive': parse=95ms, update_cache=6 ms
06-22 04:58:57.930 I/PackageManager( 1921): /system/product/app/Drive changed; collecting certs
06-22 04:58:57.789 I/chatty  ( 1765): uid=0(root) /system/bin/storaged identical 1 line
06-22 04:58:57.890 I/ServiceManager( 1765): Waiting for service 'package_native' on '/dev/binder'...
06-22 04:58:57.952 I/PackageManager( 1921): New shared user com.google.android.apps.maps: id=10137
06-22 04:58:57.952 I/PackageManager( 1921): /system/product/app/Maps changed; collecting certs
06-22 04:58:57.954 W/PackageParser( 1921): No actions in intent filter at /system/product/app/CalendarGooglePrebuilt/CalendarGooglePrebuilt.apk Binary XML file line #500
06-22 04:58:57.955 W/PackageParser( 1921): No actions in intent filter at /system/product/app/PrebuiltGmail/PrebuiltGmail.apk Binary XML file line #735
06-22 04:58:57.955 W/PackageParser( 1921): No actions in intent filter at /system/product/app/PrebuiltGmail/PrebuiltGmail.apk Binary XML file line #800
06-22 04:58:57.957 E/PackageManager( 1921): Adding duplicate app id: 10137 name=com.google.android.apps.maps
06-22 04:58:57.961 I/PackageManager( 1921): New shared user com.google.android.calendar.uid.shared: id=10138
06-22 04:58:57.961 I/PackageManager( 1921): /system/product/app/CalendarGooglePrebuilt changed; collecting certs
06-22 04:58:57.990 I/ServiceManager( 1765): Waiting for service 'package_native' on '/dev/binder'...
06-22 04:58:57.999 E/PackageManager( 1921): Adding duplicate app id: 10138 name=com.google.android.calendar
06-22 04:58:58.000 I/PackageParser( 1921): Parse times for '/system/product/app/PrebuiltGmail': parse=71ms, update_cache=44 ms
06-22 04:58:58.000 I/PackageManager( 1921): /system/product/app/PrebuiltGmail changed; collecting certs
06-22 04:58:58.005 W/PackageParser( 1921): No actions in intent filter at /system/product/app/Photos/Photos.apk Binary XML file line #1857
06-22 04:58:58.017 I/PackageManager( 1921): /system/product/app/Music2 changed; collecting certs
06-22 04:58:58.019 I/PackageManager( 1921): /system/product/app/Photos changed; collecting certs
06-22 04:58:58.029 I/PackageManager( 1921): /system/product/app/WallpapersBReel2018 changed; collecting certs
06-22 04:58:58.037 I/PackageManager( 1921): /system/product/app/GoogleTTS changed; collecting certs
06-22 04:58:58.050 I/PackageManager( 1921): /system/product/app/PrebuiltDeskClockGoogle changed; collecting certs
06-22 04:58:58.070 W/PackageParser( 1921): Unknown element under <manifest>: meta-data at /system/product/app/YouTube/YouTube.apk Binary XML file line #113
06-22 04:58:58.070 W/PackageParser( 1921): Unknown element under <manifest>: queries at /system/product/app/YouTube/YouTube.apk Binary XML file line #115
06-22 04:58:58.076 I/PackageManager( 1921): /system/product/app/YouTube changed; collecting certs
06-22 04:58:58.084 D/PackageManager( 1921): No files in app dir /product_services/priv-app
06-22 04:58:58.084 D/PackageManager( 1921): No files in app dir /product_services/app
06-22 04:58:58.084 I/PackageManager( 1921): Finished scanning system apps. Time: 1038 ms, packageCount: 177 , timePerPackage: 5 , cached: 0
06-22 04:58:58.084 D/PackageManager( 1921): No files in app dir /data/app
06-22 04:58:58.084 I/PackageManager( 1921): Finished scanning non-system apps. Time: 0 ms, packageCount: 0 , timePerPackage: 0 , cached: 0
06-22 04:58:58.085 E/installd( 1747): Invalid path /system/product/priv-app/GoogleServicesFramework: No such file or directory
06-22 04:58:58.085 E/installd( 1747): Invalid path /system/product/priv-app/Settings: No such file or directory
06-22 04:58:58.086 E/installd( 1747): Invalid path /system/framework/framework-res.apk: No such file or directory
06-22 04:58:58.087 I/PackageManager( 1921): Time to scan packages: 1.041 seconds
06-22 04:58:58.087 I/PackageManager( 1921): Un-granting permission android.permission.MANAGE_DOCUMENTS from package com.google.android.youtube (protectionLevel=262146 flags=0x305bbe45)
06-22 04:58:58.088 I/PackageManager( 1921): Un-granting permission com.google.android.googleapps.permission.GOOGLE_AUTH from package com.android.providers.calendar (protectionLevel=2 flags=0x30083e45)
06-22 04:58:58.088 I/PackageManager( 1921): Un-granting permission com.google.android.googleapps.permission.GOOGLE_AUTH.cl from package com.android.providers.calendar (protectionLevel=2 flags=0x30083e45)
06-22 04:58:58.089 I/PackageManager( 1921): Un-granting permission android.permission.WRITE_SECURE_SETTINGS from package com.google.android.apps.enterprise.dmagent (protectionLevel=50 flags=0x30083e05)
06-22 04:58:58.089 I/PackageManager( 1921): Un-granting permission android.permission.CONNECTIVITY_INTERNAL from package com.google.android.apps.enterprise.dmagent (protectionLevel=18 flags=0x30083e05)
06-22 04:58:58.089 I/PackageManager( 1921): Un-granting permission android.permission.MANAGE_USB from package com.google.android.apps.enterprise.dmagent (protectionLevel=18 flags=0x30083e05)
06-22 04:58:58.089 I/PackageManager( 1921): Un-granting permission android.permission.CHANGE_COMPONENT_ENABLED_STATE from package com.google.android.apps.enterprise.dmagent (protectionLevel=18 flags=0x30083e05)
06-22 04:58:58.089 I/PackageManager( 1921): Un-granting permission android.permission.MANAGE_CA_CERTIFICATES from package com.google.android.apps.enterprise.dmagent (protectionLevel=18 flags=0x30083e05)
06-22 04:58:58.089 I/PackageManager( 1921): Un-granting permission android.permission.MANAGE_USERS from package com.google.android.apps.enterprise.dmagent (protectionLevel=18 flags=0x30083e05)
06-22 04:58:58.089 I/PackageManager( 1921): Un-granting permission com.google.android.setupwizard.READ_DEVICE_ORIGIN from package com.google.android.apps.messaging (protectionLevel=18 flags=0x384bbe45)
06-22 04:58:58.089 I/PackageManager( 1921): Un-granting permission android.permission.BIND_WALLPAPER from package com.android.camera2 (protectionLevel=18 flags=0x2058bc45)
06-22 04:58:58.090 I/PackageManager( 1921): Un-granting permission android.permission.REQUEST_INSTALL_PACKAGES from package com.google.android.gm (protectionLevel=66 flags=0x384bbe45)
06-22 04:58:58.090 I/PackageManager( 1921): Un-granting permission android.permission.GRANT_RUNTIME_PERMISSIONS from package com.google.android.permissioncontroller (protectionLevel=770 flags=0x30483e05)
06-22 04:58:58.090 I/PackageManager( 1921): Un-granting permission android.permission.REVOKE_RUNTIME_PERMISSIONS from package com.google.android.permissioncontroller (protectionLevel=770 flags=0x30483e05)
06-22 04:58:58.090 I/PackageManager( 1921): Un-granting permission android.permission.ADJUST_RUNTIME_PERMISSIONS_POLICY from package com.google.android.permissioncontroller (protectionLevel=258 flags=0x30483e05)
06-22 04:58:58.090 I/PackageManager( 1921): Un-granting permission android.permission.WHITELIST_RESTRICTED_PERMISSIONS from package com.google.android.permissioncontroller (protectionLevel=258 flags=0x30483e05)
06-22 04:58:58.090 I/PackageManager( 1921): Un-granting permission android.permission.INTERACT_ACROSS_USERS_FULL from package com.google.android.permissioncontroller (protectionLevel=258 flags=0x30483e05)
06-22 04:58:58.090 I/PackageManager( 1921): Un-granting permission android.permission.MANAGE_APP_OPS_MODES from package com.google.android.permissioncontroller (protectionLevel=770 flags=0x30483e05)
06-22 04:58:58.090 I/PackageManager( 1921): Un-granting permission android.permission.KILL_UID from package com.google.android.permissioncontroller (protectionLevel=258 flags=0x30483e05)
06-22 04:58:58.090 I/PackageManager( 1921): Un-granting permission android.permission.MANAGE_APP_OPS_RESTRICTIONS from package com.google.android.permissioncontroller (protectionLevel=258 flags=0x30483e05)
06-22 04:58:58.090 I/PackageManager( 1921): Un-granting permission android.permission.HIDE_NON_SYSTEM_OVERLAY_WINDOWS from package com.google.android.permissioncontroller (protectionLevel=258 flags=0x30483e05)
06-22 04:58:58.090 I/PackageManager( 1921): Un-granting permission android.permission.MANAGE_ROLE_HOLDERS from package com.google.android.permissioncontroller (protectionLevel=258 flags=0x30483e05)
06-22 04:58:58.090 I/PackageManager( 1921): Un-granting permission android.permission.OBSERVE_ROLE_HOLDERS from package com.google.android.permissioncontroller (protectionLevel=258 flags=0x30483e05)
06-22 04:58:58.090 I/PackageManager( 1921): Un-granting permission android.permission.SET_PREFERRED_APPLICATIONS from package com.google.android.permissioncontroller (protectionLevel=770 flags=0x30483e05)
06-22 04:58:58.090 I/PackageManager( 1921): Un-granting permission android.permission.ACCESS_SHARED_LIBRARIES from package com.google.android.permissioncontroller (protectionLevel=258 flags=0x30483e05)
06-22 04:58:58.090 I/PackageManager( 1921): Un-granting permission android.permission.ACCESS_INSTANT_APPS from package com.google.android.permissioncontroller (protectionLevel=131842 flags=0x30483e05)
06-22 04:58:58.090 I/PackageManager( 1921): Un-granting permission android.permission.OPEN_ACCESSIBILITY_DETAILS_SETTINGS from package com.google.android.permissioncontroller (protectionLevel=258 flags=0x30483e05)
06-22 04:58:58.090 I/PackageManager( 1921): Un-granting permission android.permission.BIND_JOB_SERVICE from package com.google.android.music (protectionLevel=2 flags=0x384bbe65)
06-22 04:58:58.090 I/ServiceManager( 1765): Waiting for service 'package_native' on '/dev/binder'...
06-22 04:58:58.091 I/PackageManager( 1921): Un-granting permission android.permission.CONNECTIVITY_USE_RESTRICTED_NETWORKS from package com.google.android.captiveportallogin (protectionLevel=18 flags=0x3848be45)
06-22 04:58:58.091 I/PackageManager( 1921): Un-granting permission android.permission.NETWORK_BYPASS_PRIVATE_DNS from package com.google.android.captiveportallogin (protectionLevel=2 flags=0x3848be45)
06-22 04:58:58.091 I/PackageManager( 1921): Un-granting permission android.permission.REQUEST_INSTALL_PACKAGES from package com.google.android.apps.docs (protectionLevel=66 flags=0x384bbe45)
06-22 04:58:58.091 I/PackageManager( 1921): Un-granting permission android.permission.INTERACT_ACROSS_USERS from package com.google.android.syncadapters.contacts (protectionLevel=50 flags=0x20083e45)
06-22 04:58:58.091 I/PackageManager( 1921): Un-granting permission android.permission.REQUEST_INSTALL_PACKAGES from package com.android.chrome (protectionLevel=66 flags=0xa04bbe45)
06-22 04:58:58.091 I/PackageManager( 1921): Un-granting permission com.google.android.apps.now.CURRENT_ACCOUNT_ACCESS from package com.android.chrome (protectionLevel=2 flags=0xa04bbe45)
06-22 04:58:58.092 I/PackageManager( 1921): Un-granting permission android.permission.HIDE_NON_SYSTEM_OVERLAY_WINDOWS from package com.google.android.packageinstaller (protectionLevel=258 flags=0x30483e45)
06-22 04:58:58.092 I/PackageManager( 1921): Un-granting permission android.permission.MANAGE_APP_OPS_MODES from package com.google.android.packageinstaller (protectionLevel=770 flags=0x30483e45)
06-22 04:58:58.092 I/PackageManager( 1921): Un-granting permission android.permission.INTERACT_ACROSS_USERS_FULL from package com.google.android.packageinstaller (protectionLevel=258 flags=0x30483e45)
06-22 04:58:58.092 I/PackageManager( 1921): Un-granting permission android.permission.CAPTURE_VIDEO_OUTPUT from package com.google.android.gms (protectionLevel=2 flags=0xb04abe45)
06-22 04:58:58.092 I/PackageManager( 1921): Un-granting permission android.permission.MANAGE_DEVICE_ADMINS from package com.google.android.gms (protectionLevel=2 flags=0xb04abe45)
06-22 04:58:58.092 I/PackageManager( 1921): Un-granting permission android.permission.MANAGE_ACTIVITY_STACKS from package com.google.android.gms (protectionLevel=2 flags=0xb04abe45)
06-22 04:58:58.092 I/PackageManager( 1921): Un-granting permission android.permission.CAPTURE_SECURE_VIDEO_OUTPUT from package com.google.android.gms (protectionLevel=2 flags=0xb04abe45)
06-22 04:58:58.092 I/PackageManager( 1921): Un-granting permission android.permission.MANAGE_ROLLBACKS from package com.google.android.gms (protectionLevel=514 flags=0xb04abe45)
06-22 04:58:58.093 I/PackageManager( 1921): Un-granting permission com.google.android.googleapps.permission.GOOGLE_AUTH from package com.google.android.videos (protectionLevel=2 flags=0x305bbe45)
06-22 04:58:58.093 I/PackageManager( 1921): Un-granting permission android.permission.WRITE_MEDIA_STORAGE from package com.google.android.apps.photos (protectionLevel=18 flags=0x3859be45)
06-22 04:58:58.097 W/PackageManager( 1921): Unknown package com.google.android.apps.docs.editors.docs in sysconfig <app-link>
06-22 04:58:58.097 W/PackageManager( 1921): Unknown package com.google.android.apps.docs.editors.sheets in sysconfig <app-link>
06-22 04:58:58.097 W/PackageManager( 1921): Unknown package com.google.android.apps.docs.editors.slides in sysconfig <app-link>
06-22 04:58:58.097 W/PackageManager( 1921): Sysconfig <app-link> package 'com.android.vending' does not handle web links
06-22 04:58:58.097 W/PackageManager( 1921): Unknown package com.google.android.apps.plus in sysconfig <app-link>
06-22 04:58:58.097 W/PackageManager( 1921): Unknown package com.google.android.apps.tycho in sysconfig <app-link>
06-22 04:58:58.097 W/PackageManager( 1921): Unknown package com.google.android.talk in sysconfig <app-link>
06-22 04:58:58.097 V/PackageManager( 1921): reconcileAppsData for null u0 0x1 migrateAppData=true
06-22 04:58:58.099 I/SELinux ( 1747): SELinux: Loaded file_contexts
06-22 04:58:58.117 V/PackageManager( 1921): reconcileAppsData finished 20 packages
06-22 04:58:58.118 D/SystemServerInitThreadPool( 1921): Started executing prepareAppData
06-22 04:58:58.118 D/SystemServerTimingAsync( 1921): AppDataFixup took to complete: 0ms
06-22 04:58:58.130 I/SELinux ( 1921): SELinux: Loaded file_contexts
06-22 04:58:58.134 E/PackageManager( 1921): There should probably be a verifier, but, none were found
06-22 04:58:58.135 V/PackageManager( 1921): Ephemeral resolver found; pkg: com.google.android.gms, info:ResolveInfo{bd68bf0 com.google.android.gms/.chimera.PersistentBoundBrokerService m=0x108000}
06-22 04:58:58.135 D/PackageManager( 1921): Set ephemeral resolver: Pair{ComponentInfo{com.google.android.gms/com.google.android.gms.chimera.PersistentBoundBrokerService} android.intent.action.RESOLVE_INSTANT_APP_PACKAGE}
06-22 04:58:58.136 D/PackageManager( 1921): Instant App installer not found with android.intent.action.INSTALL_INSTANT_APP_PACKAGE
06-22 04:58:58.136 D/PackageManager( 1921): Clear ephemeral installer activity
06-22 04:58:58.173 I/system_server( 1921): Explicit concurrent copying GC freed 202051(16MB) AllocSpace objects, 154(4964KB) LOS objects, 42% free, 6472KB/11MB, paused 498us total 36.074ms
06-22 04:58:58.176 I/Watchdog( 1921): Resuming HandlerChecker: main thread for reason: packagemanagermain. Pause count: 0
06-22 04:58:58.176 D/SystemServerTiming( 1921): StartPackageManagerService took to complete: 1157ms
06-22 04:58:58.176 I/SystemServer( 1921): StartOtaDexOptService
06-22 04:58:58.176 I/Watchdog( 1921): Pausing HandlerChecker: main thread for reason: moveab. Pause count: 1
06-22 04:58:58.180 D/OTADexopt( 1921): No upgrade, skipping A/B artifacts check.
06-22 04:58:58.180 I/Watchdog( 1921): Resuming HandlerChecker: main thread for reason: moveab. Pause count: 0
06-22 04:58:58.181 D/SystemServerTiming( 1921): StartOtaDexOptService took to complete: 4ms
06-22 04:58:58.181 I/SystemServer( 1921): StartUserManagerService
06-22 04:58:58.181 I/SystemServiceManager( 1921): Starting com.android.server.pm.UserManagerService$LifeCycle
06-22 04:58:58.182 D/SystemServerTiming( 1921): StartUserManagerService took to complete: 1ms
06-22 04:58:58.183 I/SystemServer( 1921): InitAttributerCache
06-22 04:58:58.183 D/SystemServerTiming( 1921): InitAttributerCache took to complete: 0ms
06-22 04:58:58.183 I/SystemServer( 1921): SetSystemProcess
06-22 04:58:58.194 I/storaged( 1765): storaged: Start
06-22 04:58:58.199 I/lowmemorykiller( 1710): lmkd data connection established
06-22 04:58:58.204 D/SystemServerTiming( 1921): SetSystemProcess took to complete: 21ms
06-22 04:58:58.204 I/SystemServer( 1921): InitWatchdog
06-22 04:58:58.204 I/        ( 1743): Waiting for sensor privacy service
06-22 04:58:58.206 D/SystemServerTiming( 1921): InitWatchdog took to complete: 2ms
06-22 04:58:58.206 I/SystemServer( 1921): StartOverlayManagerService
06-22 04:58:58.207 I/        ( 1705): Waiting for sensor privacy service
06-22 04:58:58.360 D/SystemServerTimingAsync( 1921): AppDataPrepare took to complete: 242ms
06-22 04:58:58.360 I/PackageManager( 1921): Deferred reconcileAppsData finished 157 packages
06-22 04:58:58.360 D/SystemServerInitThreadPool( 1921): Finished executing prepareAppData
06-22 04:58:58.399 D/SystemServerTiming( 1921): StartOverlayManagerService took to complete: 193ms
06-22 04:58:58.399 I/SystemServer( 1921): StartSensorPrivacyService
06-22 04:58:58.399 D/SystemServerTiming( 1921): StartSensorPrivacyService took to complete: 0ms
06-22 04:58:58.399 D/SystemServerInitThreadPool( 1921): Started executing StartSensorService
06-22 04:58:58.399 D/SensorService( 1921): nuSensorService starting...
06-22 04:58:58.400 I/hwservicemanager( 1567): getTransport: Cannot find entry android.hardware.sensors@2.0::ISensors/default in either framework or device manifest.
06-22 04:58:58.401 I/SensorService( 1921): Reported power 0.000000 not deemed sane, clamping to 0.001000
06-22 04:58:58.401 I/SensorService( 1921): Generated new HMAC key.
06-22 04:58:58.402 D/SystemServerTimingAsync( 1921): StartSensorService took to complete: 3ms
06-22 04:58:58.402 D/SystemServerInitThreadPool( 1921): Finished executing StartSensorService
06-22 04:58:58.402 D/SensorService( 1921): nuSensorService thread starting...
06-22 04:58:58.402 I/SystemServer( 1921): StartBatteryService
06-22 04:58:58.402 D/SensorService( 1921): new thread SensorEventAckReceiver
06-22 04:58:58.402 I/SystemServiceManager( 1921): Starting com.android.server.BatteryService
06-22 04:58:58.404 I/android_os_HwBinder( 1921): HwBinder: Starting thread pool for getting: android.hardware.health@2.0::IHealth/default
06-22 04:58:58.410 I/hwservicemanager( 1567): getTransport: Cannot find entry android.hardware.soundtrigger@2.0::ISoundTriggerHw/default in either framework or device manifest.
06-22 04:58:58.410 E/SoundTriggerHwService( 1705): could not read implementation properties
06-22 04:58:58.410 I/ServiceManagement( 1743): Registered android.frameworks.cameraservice.service@2.0::ICameraService/default (start delay of 3771ms)
06-22 04:58:58.413 I/android_os_HwBinder( 1921): HwBinder: Starting thread pool for getting: android.hidl.manager@1.0::IServiceManager/default
06-22 04:58:58.414 I/HealthServiceWrapper( 1921): health: HealthServiceWrapper listening to instance default
06-22 04:58:58.414 I/BatteryService( 1921): health: Waited 0ms and received the update.
06-22 04:58:58.414 I/android_os_HwBinder( 1921): HwBinder: Starting thread pool for getting: android.hardware.health@2.0::IHealth/default
06-22 04:58:58.415 D/SystemServerTiming( 1921): StartBatteryService took to complete: 12ms
06-22 04:58:58.415 I/SystemServer( 1921): StartUsageService
06-22 04:58:58.415 I/SystemServiceManager( 1921): Starting com.android.server.usage.UsageStatsService
06-22 04:58:58.422 I/UsageStatsDatabase( 1921): Upgrading from version 0 to 4
06-22 04:58:58.422 I/UsageStatsDatabase( 1921): Deleting all usage stats files
06-22 04:58:58.423 I/UsageStatsService( 1921): User[0] Rollover scheduled @ 2026-06-23 04:58:58(1782190738419)
06-22 04:58:58.423 D/SystemServerTiming( 1921): StartUsageService took to complete: 9ms
06-22 04:58:58.423 I/SystemServer( 1921): StartWebViewUpdateService
06-22 04:58:58.424 I/SystemServiceManager( 1921): Starting com.android.server.webkit.WebViewUpdateService
06-22 04:58:58.427 D/SystemServerTiming( 1921): StartWebViewUpdateService took to complete: 3ms
06-22 04:58:58.427 I/SystemServer( 1921): StartCachedDeviceStateService
06-22 04:58:58.427 I/SystemServiceManager( 1921): Starting com.android.server.CachedDeviceStateService
06-22 04:58:58.427 D/SystemServerTiming( 1921): StartCachedDeviceStateService took to complete: 0ms
06-22 04:58:58.427 I/SystemServer( 1921): StartBinderCallsStatsService
06-22 04:58:58.427 I/SystemServiceManager( 1921): Starting com.android.server.BinderCallsStatsService$LifeCycle
06-22 04:58:58.427 D/SystemServerTiming( 1921): StartBinderCallsStatsService took to complete: 0ms
06-22 04:58:58.427 I/SystemServer( 1921): StartLooperStatsService
06-22 04:58:58.428 I/SystemServiceManager( 1921): Starting com.android.server.LooperStatsService$Lifecycle
06-22 04:58:58.428 D/SystemServerTiming( 1921): StartLooperStatsService took to complete: 0ms
06-22 04:58:58.428 I/SystemServer( 1921): StartRollbackManagerService
06-22 04:58:58.428 I/SystemServiceManager( 1921): Starting com.android.server.rollback.RollbackManagerService
06-22 04:58:58.430 D/installd( 1747): Found quota mount /dev/block/vdc at /data
06-22 04:58:58.431 D/SystemServerTiming( 1921): StartRollbackManagerService took to complete: 3ms
06-22 04:58:58.431 I/SystemServer( 1921): StartBugreportManagerService
06-22 04:58:58.431 I/SystemServiceManager( 1921): Starting com.android.server.os.BugreportManagerService
06-22 04:58:58.432 D/SystemServerTiming( 1921): StartBugreportManagerService took to complete: 0ms
06-22 04:58:58.432 I/SystemServer( 1921): GpuService
06-22 04:58:58.432 I/SystemServiceManager( 1921): Starting com.android.server.gpu.GpuService
06-22 04:58:58.432 D/SystemServerTiming( 1921): GpuService took to complete: 0ms
06-22 04:58:58.432 D/SystemServerInitThreadPool( 1921): Started executing SecondaryZygotePreload
06-22 04:58:58.432 I/SystemServer( 1921): SecondaryZygotePreload
06-22 04:58:58.433 I/SystemServer( 1921): StartKeyAttestationApplicationIdProviderService
06-22 04:58:58.433 D/SystemServerTiming( 1921): StartKeyAttestationApplicationIdProviderService took to complete: 0ms
06-22 04:58:58.433 I/SystemServer( 1921): StartKeyChainSystemService
06-22 04:58:58.433 I/SystemServiceManager( 1921): Starting com.android.server.security.KeyChainSystemService
06-22 04:58:58.433 D/SystemServerTiming( 1921): StartKeyChainSystemService took to complete: 0ms
06-22 04:58:58.433 I/SystemServer( 1921): StartSchedulingPolicyService
06-22 04:58:58.433 D/SystemServerInitThreadPool( 1921): Started executing SchedulingPolicyService.<init>
06-22 04:58:58.434 D/SystemServerTiming( 1921): StartSchedulingPolicyService took to complete: 1ms
06-22 04:58:58.434 I/SystemServer( 1921): StartTelecomLoaderService
06-22 04:58:58.434 I/SystemServiceManager( 1921): Starting com.android.server.telecom.TelecomLoaderService
06-22 04:58:58.436 I/SchedulingPolicyService( 1921): Moving 1772 back to group default
06-22 04:58:58.436 D/SystemServerInitThreadPool( 1921): Finished executing SchedulingPolicyService.<init>
06-22 04:58:58.436 D/SystemServerTiming( 1921): StartTelecomLoaderService took to complete: 2ms
06-22 04:58:58.436 I/SystemServer( 1921): StartTelephonyRegistry
06-22 04:58:58.437 D/SystemServerTiming( 1921): StartTelephonyRegistry took to complete: 1ms
06-22 04:58:58.437 I/SystemServer( 1921): StartEntropyMixer
06-22 04:58:58.437 W/EntropyMixer( 1921): No existing entropy file -- first boot?
06-22 04:58:58.447 I/EntropyMixer( 1921): Added HW RNG output to entropy pool
06-22 04:58:58.447 I/EntropyMixer( 1921): Writing entropy...
06-22 04:58:58.450 D/SystemServerTiming( 1921): StartEntropyMixer took to complete: 13ms
06-22 04:58:58.450 I/SystemServer( 1921): StartAccountManagerService
06-22 04:58:58.450 I/SystemServiceManager( 1921): Starting com.android.server.accounts.AccountManagerService$Lifecycle
06-22 04:58:58.453 D/SystemServerTiming( 1921): StartAccountManagerService took to complete: 3ms
06-22 04:58:58.454 I/SystemServer( 1921): StartContentService
06-22 04:58:58.454 I/SystemServiceManager( 1921): Starting com.android.server.content.ContentService$Lifecycle
06-22 04:58:58.457 D/SystemServerTiming( 1921): StartContentService took to complete: 3ms
06-22 04:58:58.457 I/SystemServer( 1921): InstallSystemProviders
06-22 04:58:58.461 I/system_server( 1921): The ClassLoaderContext is a special shared library.
06-22 04:58:58.492 I/SettingsState( 1921): No settings state /data/system/users/0/settings_system.xml
06-22 04:58:58.494 I/Zygote  ( 1666): Lazily preloading resources.
06-22 04:58:58.494 D/Zygote  ( 1666): begin preload
06-22 04:58:58.494 I/Zygote  ( 1666): Calling ZygoteHooks.beginPreload()
06-22 04:58:58.499 I/SettingsState( 1921): No settings state /data/system/users/0/settings_secure.xml
06-22 04:58:58.502 D/ZygoteInitTiming_lazy( 1666): BeginPreload took to complete: 8ms
06-22 04:58:58.502 I/Zygote  ( 1666): Preloading classes...
06-22 04:58:58.503 W/Zygote  ( 1666): Class not found for preloading: android.app.-$$Lambda$ActivityThread$ZXDWm3IBeFmLnFVblhB-IOZCr9o
06-22 04:58:58.509 D/SettingsProvider( 1921): Generated and saved new ANDROID_ID [c8cb5d6e1938c599] for user 0
06-22 04:58:58.513 I/SettingsState( 1921): No settings state /data/system/users/0/settings_global.xml
06-22 04:58:58.530 D/SettingsProvider( 1921): Setting [com.google.android.gms/.autofill.service.AutofillService] as Autofill Service for user 0
06-22 04:58:58.537 I/SettingsState( 1921): No settings state /data/system/users/0/settings_config.xml
06-22 04:58:58.537 I/SettingsState( 1921): No settings state /data/system/users/0/settings_ssaid.xml
06-22 04:58:58.541 D/SystemServerTiming( 1921): InstallSystemProviders took to complete: 84ms
06-22 04:58:58.541 I/SystemServer( 1921): StartDropBoxManager
06-22 04:58:58.541 I/SystemServiceManager( 1921): Starting com.android.server.DropBoxManagerService
06-22 04:58:58.541 D/SystemServerTiming( 1921): StartDropBoxManager took to complete: 0ms
06-22 04:58:58.541 I/SystemServer( 1921): StartVibratorService
06-22 04:58:58.542 I/hwservicemanager( 1567): getTransport: Cannot find entry android.hardware.vibrator@1.0::IVibrator/default in either framework or device manifest.
06-22 04:58:58.542 I/hwservicemanager( 1567): getTransport: Cannot find entry android.hardware.vibrator@1.0::IVibrator/default in either framework or device manifest.
06-22 04:58:58.542 E/VibratorService( 1921): vibratorOff command failed (1).
06-22 04:58:58.542 I/hwservicemanager( 1567): getTransport: Cannot find entry android.hardware.vibrator@1.0::IVibrator/default in either framework or device manifest.
06-22 04:58:58.542 I/hwservicemanager( 1567): getTransport: Cannot find entry android.hardware.vibrator@1.3::IVibrator/default in either framework or device manifest.
06-22 04:58:58.543 D/SystemServerTiming( 1921): StartVibratorService took to complete: 1ms
06-22 04:58:58.543 I/SystemServer( 1921): StartDynamicSystemService
06-22 04:58:58.544 D/SystemServerTiming( 1921): StartDynamicSystemService took to complete: 1ms
06-22 04:58:58.544 I/SystemServer( 1921): StartConsumerIrService
06-22 04:58:58.544 I/hwservicemanager( 1567): getTransport: Cannot find entry android.hardware.ir@1.0::IConsumerIr/default in either framework or device manifest.
06-22 04:58:58.544 D/SystemServerTiming( 1921): StartConsumerIrService took to complete: 0ms
06-22 04:58:58.544 I/SystemServer( 1921): StartAlarmManagerService
06-22 04:58:58.546 D/AlarmManagerService( 1921): Kernel timezone updated to 0 minutes west of GMT
06-22 04:58:58.556 D/SystemServerTiming( 1921): StartAlarmManagerService took to complete: 11ms
06-22 04:58:58.556 I/SystemServer( 1921): StartInputManagerService
06-22 04:58:58.556 I/InputManager( 1921): Initializing input manager, mUseDevInputEventForAudioJack=true
06-22 04:58:58.557 I/InputClassifier( 1921): Deep press feature enabled.
06-22 04:58:58.557 I/hwservicemanager( 1567): getTransport: Cannot find entry android.hardware.input.classifier@1.0::IInputClassifier/default in either framework or device manifest.
06-22 04:58:58.558 I/InputClassifier( 1921): Could not obtain InputClassifier HAL
06-22 04:58:58.558 D/SystemServerTiming( 1921): StartInputManagerService took to complete: 2ms
06-22 04:58:58.558 I/SystemServer( 1921): StartWindowManagerService
06-22 04:58:58.559 E/InputClassifier( 1921): InputClassifier HAL has died. Setting mMotionClassifier to null
06-22 04:58:58.560 I/WindowManager( 1921): No existing display settings, starting empty
06-22 04:58:58.561 W/Zygote  ( 1666): Class not found for preloading: android.bluetooth.BluetoothA2dp$2
06-22 04:58:58.562 I/WindowTracing( 1921): Setting window tracing log level to 1
06-22 04:58:58.562 I/WindowTracing( 1921): Setting window tracing buffer capacity to 2097152bytes
06-22 04:58:58.566 I/PackageBackwardCompatibility( 1666): Could not find android.content.pm.AndroidTestBaseUpdater, ignoring
06-22 04:58:58.567 D/SystemServerTiming( 1921): StartWindowManagerService took to complete: 9ms
06-22 04:58:58.568 I/SystemServer( 1921): SetWindowManagerService
06-22 04:58:58.570 I/DropBoxManagerService( 1921): add tag=system_server_strictmode isTagEnabled=true flags=0x2
06-22 04:58:58.572 I/DropBoxManagerService( 1921): add tag=system_server_strictmode isTagEnabled=true flags=0x2
06-22 04:58:58.584 D/SystemServerTiming( 1921): SetWindowManagerService took to complete: 16ms
06-22 04:58:58.584 I/SystemServer( 1921): WindowManagerServiceOnInitReady
06-22 04:58:58.586 W/ShortcutManager( 1921): Unable to add bookmark: com.google.android.talk/com.google.android.talk.SigningInActivity
06-22 04:58:58.586 W/ShortcutManager( 1921): android.content.pm.PackageManager$NameNotFoundException: ComponentInfo{com.google.android.talk/com.google.android.talk.SigningInActivity}
06-22 04:58:58.586 W/ShortcutManager( 1921): 	at android.app.ApplicationPackageManager.getActivityInfo(ApplicationPackageManager.java:456)
06-22 04:58:58.586 W/ShortcutManager( 1921): 	at com.android.server.policy.ShortcutManager.loadShortcuts(ShortcutManager.java:142)
06-22 04:58:58.586 W/ShortcutManager( 1921): 	at com.android.server.policy.ShortcutManager.<init>(ShortcutManager.java:62)
06-22 04:58:58.586 W/ShortcutManager( 1921): 	at com.android.server.policy.PhoneWindowManager.init(PhoneWindowManager.java:1797)
06-22 04:58:58.586 W/ShortcutManager( 1921): 	at com.android.server.wm.WindowManagerService$5.run(WindowManagerService.java:988)
06-22 04:58:58.586 W/ShortcutManager( 1921): 	at android.os.Handler$BlockingRunnable.run(Handler.java:906)
06-22 04:58:58.586 W/ShortcutManager( 1921): 	at android.os.Handler.handleCallback(Handler.java:883)
06-22 04:58:58.586 W/ShortcutManager( 1921): 	at android.os.Handler.dispatchMessage(Handler.java:100)
06-22 04:58:58.586 W/ShortcutManager( 1921): 	at android.os.Looper.loop(Looper.java:214)
06-22 04:58:58.586 W/ShortcutManager( 1921): 	at android.os.HandlerThread.run(HandlerThread.java:67)
06-22 04:58:58.586 W/ShortcutManager( 1921): 	at com.android.server.ServiceThread.run(ServiceThread.java:44)
06-22 04:58:58.586 W/ShortcutManager( 1921): 	at com.android.server.UiThread.run(UiThread.java:43)
06-22 04:58:58.589 D/SystemServerTiming( 1921): WindowManagerServiceOnInitReady took to complete: 5ms
06-22 04:58:58.589 I/SystemServer( 1921): StartInputManager
06-22 04:58:58.589 D/SystemServerInitThreadPool( 1921): Started executing StartHidlServices
06-22 04:58:58.589 I/InputManager( 1921): Starting input manager
06-22 04:58:58.590 I/ServiceManagement( 1921): Registered android.frameworks.sensorservice@1.0::ISensorManager/default (start delay of 1912ms)
06-22 04:58:58.590 I/ServiceManagement( 1921): Registered android.frameworks.schedulerservice@1.0::ISchedulingPolicyService/default (start delay of 1912ms)
06-22 04:58:58.590 D/SystemServerTimingAsync( 1921): StartHidlServices took to complete: 2ms
06-22 04:58:58.590 D/SystemServerInitThreadPool( 1921): Finished executing StartHidlServices
06-22 04:58:58.591 D/SystemServerTiming( 1921): StartInputManager took to complete: 2ms
06-22 04:58:58.591 I/SystemServer( 1921): DisplayManagerWindowManagerAndInputReady
06-22 04:58:58.591 D/SystemServerTiming( 1921): DisplayManagerWindowManagerAndInputReady took to complete: 0ms
06-22 04:58:58.591 I/SystemServer( 1921): No Bluetooth Service (Bluetooth Hardware Not Present)
06-22 04:58:58.591 I/SystemServer( 1921): IpConnectivityMetrics
06-22 04:58:58.591 I/SystemServiceManager( 1921): Starting com.android.server.connectivity.IpConnectivityMetrics
06-22 04:58:58.592 D/SystemServerTiming( 1921): IpConnectivityMetrics took to complete: 1ms
06-22 04:58:58.592 I/SystemServer( 1921): NetworkWatchlistService
06-22 04:58:58.592 I/SystemServiceManager( 1921): Starting com.android.server.net.watchlist.NetworkWatchlistService$Lifecycle
06-22 04:58:58.597 I/EventHub( 1921): wakeMechanism=EPOLLWAKEUP, usingClockIoctl=true
06-22 04:58:58.597 D/SystemServerTiming( 1921): NetworkWatchlistService took to complete: 5ms
06-22 04:58:58.597 I/SystemServer( 1921): PinnerService
06-22 04:58:58.597 I/SystemServiceManager( 1921): Starting com.android.server.PinnerService
06-22 04:58:58.600 D/SystemServerTiming( 1921): PinnerService took to complete: 3ms
06-22 04:58:58.600 I/SystemServer( 1921): SignedConfigService
06-22 04:58:58.600 D/SystemServerTiming( 1921): SignedConfigService took to complete: 1ms
06-22 04:58:58.601 I/EventHub( 1921): New device: id=1, fd=125, path='/dev/input/event1', name='virtio_input_multi_touch_1', classes=0x94, configuration='/vendor/usr/idc/virtio_input_multi_touch_1.idc', keyLayout='', keyCharacterMap='', builtinKeyboard=false, 
06-22 04:58:58.602 I/EventHub( 1921): wakeMechanism=EPOLLWAKEUP, usingClockIoctl=true
06-22 04:58:58.602 I/EventHub( 1921): New device: id=2, fd=128, path='/dev/input/event11', name='virtio_input_multi_touch_11', classes=0x94, configuration='/vendor/usr/idc/virtio_input_multi_touch_11.idc', keyLayout='', keyCharacterMap='', builtinKeyboard=false, 
06-22 04:58:58.602 I/EventHub( 1921): wakeMechanism=EPOLLWAKEUP, usingClockIoctl=true
06-22 04:58:58.602 I/EventHub( 1921): New device: id=3, fd=129, path='/dev/input/event5', name='virtio_input_multi_touch_5', classes=0x94, configuration='/vendor/usr/idc/virtio_input_multi_touch_5.idc', keyLayout='', keyCharacterMap='', builtinKeyboard=false, 
06-22 04:58:58.603 I/EventHub( 1921): wakeMechanism=EPOLLWAKEUP, usingClockIoctl=true
06-22 04:58:58.603 I/EventHub( 1921): New device: id=4, fd=130, path='/dev/input/event2', name='virtio_input_multi_touch_2', classes=0x94, configuration='/vendor/usr/idc/virtio_input_multi_touch_2.idc', keyLayout='', keyCharacterMap='', builtinKeyboard=false, 
06-22 04:58:58.603 I/EventHub( 1921): wakeMechanism=EPOLLWAKEUP, usingClockIoctl=true
06-22 04:58:58.603 I/EventHub( 1921): New device: id=5, fd=131, path='/dev/input/event6', name='virtio_input_multi_touch_6', classes=0x94, configuration='/vendor/usr/idc/virtio_input_multi_touch_6.idc', keyLayout='', keyCharacterMap='', builtinKeyboard=false, 
06-22 04:58:58.603 I/EventHub( 1921): wakeMechanism=EPOLLWAKEUP, usingClockIoctl=true
06-22 04:58:58.603 I/EventHub( 1921): New device: id=6, fd=132, path='/dev/input/event3', name='virtio_input_multi_touch_3', classes=0x94, configuration='/vendor/usr/idc/virtio_input_multi_touch_3.idc', keyLayout='', keyCharacterMap='', builtinKeyboard=false, 
06-22 04:58:58.604 D/EventHub( 1921): No input device configuration file found for device 'AT Translated Set 2 keyboard'.
06-22 04:58:58.604 I/WatchlistLoggingHandler( 1921): Start aggregating watchlist records.
06-22 04:58:58.606 I/EventHub( 1921): wakeMechanism=EPOLLWAKEUP, usingClockIoctl=true
06-22 04:58:58.606 I/EventHub( 1921): New device: id=7, fd=133, path='/dev/input/event12', name='AT Translated Set 2 keyboard', classes=0x3, configuration='', keyLayout='/system/usr/keylayout/Generic.kl', keyCharacterMap='/system/usr/keychars/Generic.kcm', builtinKeyboard=false, 
06-22 04:58:58.606 D/EventHub( 1921): No input device configuration file found for device 'Power Button'.
06-22 04:58:58.606 W/EventHub( 1921): Unable to disable kernel key repeat for /dev/input/event0: Function not implemented
06-22 04:58:58.606 I/EventHub( 1921): wakeMechanism=EPOLLWAKEUP, usingClockIoctl=true
06-22 04:58:58.606 I/EventHub( 1921): New device: id=8, fd=134, path='/dev/input/event0', name='Power Button', classes=0x1, configuration='', keyLayout='/system/usr/keylayout/Generic.kl', keyCharacterMap='/system/usr/keychars/Generic.kcm', builtinKeyboard=false, 
06-22 04:58:58.607 I/EventHub( 1921): wakeMechanism=EPOLLWAKEUP, usingClockIoctl=true
06-22 04:58:58.607 I/EventHub( 1921): New device: id=9, fd=135, path='/dev/input/event10', name='virtio_input_multi_touch_10', classes=0x94, configuration='/vendor/usr/idc/virtio_input_multi_touch_10.idc', keyLayout='', keyCharacterMap='', builtinKeyboard=false, 
06-22 04:58:58.607 I/EventHub( 1921): wakeMechanism=EPOLLWAKEUP, usingClockIoctl=true
06-22 04:58:58.607 I/EventHub( 1921): New device: id=10, fd=136, path='/dev/input/event7', name='virtio_input_multi_touch_7', classes=0x94, configuration='/vendor/usr/idc/virtio_input_multi_touch_7.idc', keyLayout='', keyCharacterMap='', builtinKeyboard=false, 
06-22 04:58:58.608 I/EventHub( 1921): wakeMechanism=EPOLLWAKEUP, usingClockIoctl=true
06-22 04:58:58.608 I/EventHub( 1921): New device: id=11, fd=137, path='/dev/input/event4', name='virtio_input_multi_touch_4', classes=0x94, configuration='/vendor/usr/idc/virtio_input_multi_touch_4.idc', keyLayout='', keyCharacterMap='', builtinKeyboard=false, 
06-22 04:58:58.608 I/EventHub( 1921): wakeMechanism=EPOLLWAKEUP, usingClockIoctl=true
06-22 04:58:58.608 I/EventHub( 1921): New device: id=12, fd=138, path='/dev/input/event8', name='virtio_input_multi_touch_8', classes=0x94, configuration='/vendor/usr/idc/virtio_input_multi_touch_8.idc', keyLayout='', keyCharacterMap='', builtinKeyboard=false, 
06-22 04:58:58.608 I/EventHub( 1921): wakeMechanism=EPOLLWAKEUP, usingClockIoctl=true
06-22 04:58:58.608 I/EventHub( 1921): New device: id=13, fd=139, path='/dev/input/event9', name='virtio_input_multi_touch_9', classes=0x94, configuration='/vendor/usr/idc/virtio_input_multi_touch_9.idc', keyLayout='', keyCharacterMap='', builtinKeyboard=false, 
06-22 04:58:58.608 I/EventHub( 1921): wakeMechanism=EPOLLWAKEUP, usingClockIoctl=true
06-22 04:58:58.608 I/EventHub( 1921): New device: id=14, fd=140, path='/dev/input/event13', name='goldfish_rotary', classes=0x1000, configuration='/vendor/usr/idc/goldfish_rotary.idc', keyLayout='', keyCharacterMap='', builtinKeyboard=false, 
06-22 04:58:58.609 I/InputReader( 1921): Device added: id=-1, name='Virtual', sources=0x00000301
06-22 04:58:58.609 I/InputReader( 1921): Device added: id=14, name='goldfish_rotary', sources=0x00400000
06-22 04:58:58.609 I/InputReader( 1921): Touch device 'virtio_input_multi_touch_9' could not query the properties of its associated display.  The device will be inoperable until the display size becomes available.
06-22 04:58:58.609 I/InputReader( 1921): Device added: id=13, name='virtio_input_multi_touch_9', sources=0x80005002
06-22 04:58:58.609 I/InputReader( 1921): Touch device 'virtio_input_multi_touch_8' could not query the properties of its associated display.  The device will be inoperable until the display size becomes available.
06-22 04:58:58.609 I/InputReader( 1921): Device added: id=12, name='virtio_input_multi_touch_8', sources=0x80005002
06-22 04:58:58.609 I/InputReader( 1921): Touch device 'virtio_input_multi_touch_4' could not query the properties of its associated display.  The device will be inoperable until the display size becomes available.
06-22 04:58:58.609 I/InputReader( 1921): Device added: id=11, name='virtio_input_multi_touch_4', sources=0x80005002
06-22 04:58:58.610 I/InputReader( 1921): Touch device 'virtio_input_multi_touch_7' could not query the properties of its associated display.  The device will be inoperable until the display size becomes available.
06-22 04:58:58.610 I/InputReader( 1921): Device added: id=10, name='virtio_input_multi_touch_7', sources=0x80005002
06-22 04:58:58.610 I/InputReader( 1921): Touch device 'virtio_input_multi_touch_10' could not query the properties of its associated display.  The device will be inoperable until the display size becomes available.
06-22 04:58:58.610 I/InputReader( 1921): Device added: id=9, name='virtio_input_multi_touch_10', sources=0x80005002
06-22 04:58:58.610 I/InputReader( 1921): Device added: id=8, name='Power Button', sources=0x00000101
06-22 04:58:58.610 I/InputReader( 1921): Device added: id=7, name='AT Translated Set 2 keyboard', sources=0x00000101
06-22 04:58:58.610 I/InputReader( 1921): Touch device 'virtio_input_multi_touch_3' could not query the properties of its associated display.  The device will be inoperable until the display size becomes available.
06-22 04:58:58.610 I/InputReader( 1921): Device added: id=6, name='virtio_input_multi_touch_3', sources=0x80005002
06-22 04:58:58.610 I/InputReader( 1921): Touch device 'virtio_input_multi_touch_6' could not query the properties of its associated display.  The device will be inoperable until the display size becomes available.
06-22 04:58:58.610 I/InputReader( 1921): Device added: id=5, name='virtio_input_multi_touch_6', sources=0x80005002
06-22 04:58:58.610 I/InputReader( 1921): Touch device 'virtio_input_multi_touch_2' could not query the properties of its associated display.  The device will be inoperable until the display size becomes available.
06-22 04:58:58.610 I/InputReader( 1921): Device added: id=4, name='virtio_input_multi_touch_2', sources=0x80005002
06-22 04:58:58.610 I/InputReader( 1921): Touch device 'virtio_input_multi_touch_5' could not query the properties of its associated display.  The device will be inoperable until the display size becomes available.
06-22 04:58:58.610 I/InputReader( 1921): Device added: id=3, name='virtio_input_multi_touch_5', sources=0x80005002
06-22 04:58:58.610 I/InputReader( 1921): Touch device 'virtio_input_multi_touch_11' could not query the properties of its associated display.  The device will be inoperable until the display size becomes available.
06-22 04:58:58.610 I/InputReader( 1921): Device added: id=2, name='virtio_input_multi_touch_11', sources=0x80005002
06-22 04:58:58.610 I/InputReader( 1921): Touch device 'virtio_input_multi_touch_1' could not query the properties of its associated display.  The device will be inoperable until the display size becomes available.
06-22 04:58:58.610 I/InputReader( 1921): Device added: id=1, name='virtio_input_multi_touch_1', sources=0x80005002
06-22 04:58:58.612 I/WindowManager( 1921): SAFE MODE not enabled
06-22 04:58:58.612 I/SystemServer( 1921): StartInputMethodManagerLifecycle
06-22 04:58:58.612 I/SystemServiceManager( 1921): Starting com.android.server.inputmethod.InputMethodManagerService$Lifecycle
06-22 04:58:58.615 D/SystemServerTiming( 1921): StartInputMethodManagerLifecycle took to complete: 2ms
06-22 04:58:58.615 I/SystemServer( 1921): StartAccessibilityManagerService
06-22 04:58:58.615 I/SystemServiceManager( 1921): Starting com.android.server.accessibility.AccessibilityManagerService$Lifecycle
06-22 04:58:58.619 D/SystemServerTiming( 1921): StartAccessibilityManagerService took to complete: 4ms
06-22 04:58:58.619 I/SystemServer( 1921): MakeDisplayReady
06-22 04:58:58.620 W/InputReader( 1921): Device has associated, but no associated display id.
06-22 04:58:58.620 I/ActivityTaskManager( 1921): Config changes=20005df8 {1.0 ?mcc?mnc [en_US] ldltr sw320dp w320dp h616dp 160dpi nrml long port ?uimode ?night finger qwerty/v/v -nav/h winConfig={ mBounds=Rect(0, 0 - 320, 640) mAppBounds=Rect(0, 0 - 320, 640) mWindowingMode=fullscreen mDisplayWindowingMode=fullscreen mActivityType=undefined mAlwaysOnTop=undefined mRotation=ROTATION_0} s.2}
06-22 04:58:58.621 I/ActivityTaskManager( 1921): Override config changes=60007dfc {1.0 ?mcc?mnc [en_US] ldltr sw320dp w320dp h616dp 160dpi nrml long port ?uimode ?night finger qwerty/v/v -nav/h winConfig={ mBounds=Rect(0, 0 - 320, 640) mAppBounds=Rect(0, 0 - 320, 640) mWindowingMode=fullscreen mDisplayWindowingMode=fullscreen mActivityType=undefined mAlwaysOnTop=undefined mRotation=ROTATION_0} s.2} for displayId=0
06-22 04:58:58.624 D/SystemServerTiming( 1921): MakeDisplayReady took to complete: 5ms
06-22 04:58:58.624 I/SystemServer( 1921): StartStorageManagerService
06-22 04:58:58.624 I/SystemServiceManager( 1921): Starting com.android.server.StorageManagerService$Lifecycle
06-22 04:58:58.620 I/chatty  ( 1921): uid=1000 system_server identical 9 lines
06-22 04:58:58.620 W/InputReader( 1921): Device has associated, but no associated display id.
06-22 04:58:58.624 I/InputManager-JNI( 1921): Viewport [0] to add: local:0
06-22 04:58:58.625 I/InputReader( 1921): Reconfiguring input devices.  changes=0x00000004
06-22 04:58:58.625 I/InputReader( 1921): Device reconfigured: id=1, name='virtio_input_multi_touch_1', size 320x640, orientation 0, mode 1, display id 0
06-22 04:58:58.625 I/InputReader( 1921): Touch device 'virtio_input_multi_touch_11' could not query the properties of its associated display.  The device will be inoperable until the display size becomes available.
06-22 04:58:58.625 I/InputReader( 1921): Touch device 'virtio_input_multi_touch_5' could not query the properties of its associated display.  The device will be inoperable until the display size becomes available.
06-22 04:58:58.625 I/InputReader( 1921): Touch device 'virtio_input_multi_touch_2' could not query the properties of its associated display.  The device will be inoperable until the display size becomes available.
06-22 04:58:58.625 I/InputReader( 1921): Touch device 'virtio_input_multi_touch_6' could not query the properties of its associated display.  The device will be inoperable until the display size becomes available.
06-22 04:58:58.625 I/InputReader( 1921): Touch device 'virtio_input_multi_touch_3' could not query the properties of its associated display.  The device will be inoperable until the display size becomes available.
06-22 04:58:58.625 I/InputReader( 1921): Touch device 'virtio_input_multi_touch_10' could not query the properties of its associated display.  The device will be inoperable until the display size becomes available.
