06-18 13:25:18.990 I/android_os_HwBinder( 1907): HwBinder: Starting thread pool for getting: android.hardware.wifi@1.0::IWifi/default
06-18 13:25:18.992 I/android.hardware.wifi@1.0-service( 1716): Wifi HAL started
06-18 13:25:18.992 I/WifiVendorHal( 1907): Vendor Hal started successfully
06-18 13:25:18.993 I/WifiP2pNative( 1907): Registering for interface available listener
06-18 13:25:18.994 I/android_os_HwBinder( 1907): HwBinder: Starting thread pool for getting: android.hidl.manager@1.0::IServiceManager/default
06-18 13:25:18.996 I/hwservicemanager( 1567): getTransport: Cannot find entry android.hardware.wifi.supplicant@1.1::ISupplicant/default in either framework or device manifest.
06-18 13:25:18.996 I/SupplicantStaIfaceHal( 1907): Starting supplicant using init
06-18 13:25:19.002 I/WifiP2pNative( 1907): Registering for interface available listener
06-18 13:25:19.002 D/WifiP2pNative( 1907): P2P InterfaceAvailableListener true
06-18 13:25:19.002 D/WifiP2pService( 1907): Wifi enabled=false, P2P Interface availability=true, Number of clients=0
06-18 13:25:19.002 D/WifiP2pService( 1907): Wifi enabled=false, P2P Interface availability=true
06-18 13:25:19.006 I/OMXClient( 1801): IOmx service obtained
06-18 13:25:19.006 I/OMXMaster( 1807): makeComponentInstance(OMX.google.gsm.decoder) in android.hardwar process
06-18 13:25:19.008 I/SystemConfig( 2091): Adding association: com.google.android.as <- com.android.providers.contacts
06-18 13:25:19.008 I/SystemConfig( 2091): Adding association: com.google.android.as <- com.android.providers.media
06-18 13:25:19.011 I/SystemConfig( 2091): Adding association: com.google.android.as <- com.android.providers.telephony
06-18 13:25:19.011 I/SystemConfig( 2091): Adding association: com.google.android.as <- com.android.systemui
06-18 13:25:19.011 I/SystemConfig( 2091): Adding association: com.google.android.as <- com.google.android.gms
06-18 13:25:19.011 I/SystemConfig( 2091): Adding association: com.google.android.as <- com.google.android.gsf
06-18 13:25:19.015 D/ProtoStore( 2067): no cached data
06-18 13:25:19.020 W/SystemConfig( 2091): No directory /product_services/etc/sysconfig, skipping
06-18 13:25:19.020 W/SystemConfig( 2091): No directory /product_services/etc/permissions, skipping
06-18 13:25:19.015 D/ProtoStore( 2067): no cached data
06-18 13:25:19.027 I/OMXClient( 1801): IOmx service obtained
06-18 13:25:19.027 I/OMXMaster( 1807): makeComponentInstance(OMX.google.mp3.decoder) in android.hardwar process
06-18 13:25:19.033 I/OMXClient( 1801): IOmx service obtained
06-18 13:25:19.034 I/OMXMaster( 1807): makeComponentInstance(OMX.google.opus.decoder) in android.hardwar process
06-18 13:25:19.047 E/ActivityThread( 2051): Failed to find provider info for com.google.android.gsf.gservices
06-18 13:25:19.051 I/OMXClient( 1801): IOmx service obtained
06-18 13:25:19.051 I/OMXMaster( 1807): makeComponentInstance(OMX.google.raw.decoder) in android.hardwar process
06-18 13:25:19.056 I/OMXClient( 1801): IOmx service obtained
06-18 13:25:19.056 I/OMXMaster( 1807): makeComponentInstance(OMX.google.vorbis.decoder) in android.hardwar process
06-18 13:25:19.062 I/OMXClient( 1801): IOmx service obtained
06-18 13:25:19.063 I/OMXMaster( 1807): makeComponentInstance(OMX.google.aac.encoder) in android.hardwar process
06-18 13:25:19.065 I/wpa_supplicant( 2127): Processing hidl events on FD 3
06-18 13:25:19.067 I/ServiceManagement( 2127): Registered android.hardware.wifi.supplicant@1.2::ISupplicant/default (start delay of 65ms)
06-18 13:25:19.067 I/wpa_supplicant( 2127): Successfully initialized wpa_supplicant
06-18 13:25:19.069 I/wpa_supplicant( 2127): rfkill: Cannot open RFKILL control device
06-18 13:25:19.072 I/hostapd ( 1769): wlan1: interface state COUNTRY_UPDATE->HT_SCAN
06-18 13:25:19.075 W/DirectBootExitBR( 2051): User is in direct boot mode.
06-18 13:25:19.075 I/OMXClient( 1801): IOmx service obtained
06-18 13:25:19.075 I/OMXMaster( 1807): makeComponentInstance(OMX.google.amrnb.encoder) in android.hardwar process
06-18 13:25:19.079 I/OMXClient( 1801): IOmx service obtained
06-18 13:25:19.079 I/OMXMaster( 1807): makeComponentInstance(OMX.google.amrwb.encoder) in android.hardwar process
06-18 13:25:19.090 I/OMXClient( 1801): IOmx service obtained
06-18 13:25:19.090 I/OMXMaster( 1807): makeComponentInstance(OMX.google.flac.encoder) in android.hardwar process
06-18 13:25:19.097 I/GmsApplication( 2051): Staging modules and/or updating config
06-18 13:25:19.098 I/OMXClient( 1801): IOmx service obtained
06-18 13:25:19.098 I/OMXMaster( 1807): makeComponentInstance(OMX.android.goldfish.h264.decoder) in android.hardwar process
06-18 13:25:19.098 I/GoldfishOMXPlugin( 1807): makeComponentInstance 'OMX.android.goldfish.h264.decoder'
06-18 13:25:19.098 I/GoldfishOMXPlugin( 1807): Using goldfish codec for 'avcdec'
06-18 13:25:19.099 E/ChimeraCfgMgr( 2051): Failed to read module config: java.io.FileNotFoundException: /data/user_de/0/com.google.android.gms/app_chimera/current_config.fb: open failed: ENOENT (No such file or directory)
06-18 13:25:19.101 I/GmsApplication( 2051): Staging modules
06-18 13:25:19.101 I/FileApkMgr( 2051): Extracting modules...
06-18 13:25:19.104 E/ConfigFileUtils( 2051): Failed to read config file: /data/user_de/0/com.google.android.gms/app_chimera/current_fileapks.pb: open failed: ENOENT (No such file or directory)
06-18 13:25:19.107 I/goldfish_avcdec( 1807): created GoldfishAVCDec 98 object 0xf327f600
06-18 13:25:19.110 E/OMXNodeInstance( 1807): getExtensionIndex(0xf32190e0:android.goldfish.h264.decoder, OMX.google.android.index.configureVideoTunnelMode) ERROR: UnsupportedIndex(0x8000101a)
06-18 13:25:19.110 D/MediaCodecInfo( 1801): detail feature-tunneled-playback wasn't present to remove
06-18 13:25:19.110 W/OMXNodeInstance( 1807): [0xf32190e0:android.goldfish.h264.decoder] component does not support metadata mode; using fallback
06-18 13:25:19.117 I/OMXClient( 1801): IOmx service obtained
06-18 13:25:19.117 I/OMXMaster( 1807): makeComponentInstance(OMX.google.h264.decoder) in android.hardwar process
06-18 13:25:19.118 E/OMXNodeInstance( 1807): getExtensionIndex(0xf32190e0:google.h264.decoder, OMX.google.android.index.configureVideoTunnelMode) ERROR: UnsupportedIndex(0x8000101a)
06-18 13:25:19.118 D/MediaCodecInfo( 1801): detail feature-tunneled-playback wasn't present to remove
06-18 13:25:19.118 E/OMXNodeInstance( 1807): getExtensionIndex(0xf32190e0:google.h264.decoder, OMX.google.android.index.enableAndroidNativeBuffers) ERROR: UnsupportedIndex(0x8000101a)
06-18 13:25:19.123 I/OMXClient( 1801): IOmx service obtained
06-18 13:25:19.123 I/OMXMaster( 1807): makeComponentInstance(OMX.google.h263.decoder) in android.hardwar process
06-18 13:25:19.124 E/OMXNodeInstance( 1807): getExtensionIndex(0xf32190e0:google.h263.decoder, OMX.google.android.index.configureVideoTunnelMode) ERROR: UnsupportedIndex(0x8000101a)
06-18 13:25:19.124 D/MediaCodecInfo( 1801): detail feature-tunneled-playback wasn't present to remove
06-18 13:25:19.124 E/OMXNodeInstance( 1807): getExtensionIndex(0xf32190e0:google.h263.decoder, OMX.google.android.index.enableAndroidNativeBuffers) ERROR: UnsupportedIndex(0x8000101a)
06-18 13:25:19.142 I/OMXClient( 1801): IOmx service obtained
06-18 13:25:19.142 I/OMXMaster( 1807): makeComponentInstance(OMX.google.hevc.decoder) in android.hardwar process
06-18 13:25:19.150 E/OMXNodeInstance( 1807): getExtensionIndex(0xf32190e0:google.hevc.decoder, OMX.google.android.index.configureVideoTunnelMode) ERROR: UnsupportedIndex(0x8000101a)
06-18 13:25:19.150 D/MediaCodecInfo( 1801): detail feature-tunneled-playback wasn't present to remove
06-18 13:25:19.150 E/OMXNodeInstance( 1807): getExtensionIndex(0xf32190e0:google.hevc.decoder, OMX.google.android.index.enableAndroidNativeBuffers) ERROR: UnsupportedIndex(0x8000101a)
06-18 13:25:19.116 I/chatty  ( 2051): uid=10120 com.google.android.gms.persistent identical 11 lines
06-18 13:25:19.116 E/ActivityThread( 2051): Failed to find provider info for com.google.android.gsf.gservices
06-18 13:25:19.157 W/PackageManager( 1907): Cannot whitelist unknown permission: com.sec.android.provider.badge.permission.READ
06-18 13:25:19.157 W/PackageManager( 1907): Cannot whitelist unknown permission: com.sec.android.provider.badge.permission.WRITE
06-18 13:25:19.157 W/PackageManager( 1907): Cannot whitelist unknown permission: com.htc.launcher.permission.READ_SETTINGS
06-18 13:25:19.157 W/PackageManager( 1907): Cannot whitelist unknown permission: com.htc.launcher.permission.UPDATE_SHORTCUT
06-18 13:25:19.157 W/PackageManager( 1907): Cannot whitelist unknown permission: com.sonyericsson.home.permission.BROADCAST_BADGE
06-18 13:25:19.157 W/PackageManager( 1907): Cannot whitelist unknown permission: com.sonymobile.home.permission.PROVIDER_INSERT_BADGE
06-18 13:25:19.157 I/PackageManager( 1907): Un-granting permission android.permission.MANAGE_DOCUMENTS from package com.google.android.youtube (protectionLevel=262146 flags=0x30dbbe45)
06-18 13:25:19.157 I/SystemConfig( 2051): Adding association: com.google.android.as <- com.android.providers.contacts
06-18 13:25:19.157 I/SystemConfig( 2051): Adding association: com.google.android.as <- com.android.providers.media
06-18 13:25:19.157 I/SystemConfig( 2051): Adding association: com.google.android.as <- com.android.providers.telephony
06-18 13:25:19.157 I/SystemConfig( 2051): Adding association: com.google.android.as <- com.android.systemui
06-18 13:25:19.157 I/SystemConfig( 2051): Adding association: com.google.android.as <- com.google.android.gms
06-18 13:25:19.157 I/SystemConfig( 2051): Adding association: com.google.android.as <- com.google.android.gsf
06-18 13:25:19.159 W/SystemConfig( 2051): No directory /product_services/etc/sysconfig, skipping
06-18 13:25:19.159 W/SystemConfig( 2051): No directory /product_services/etc/permissions, skipping
06-18 13:25:19.160 W/PackageManager( 1907): Cannot whitelist unknown permission: com.sec.android.provider.badge.permission.READ
06-18 13:25:19.160 W/PackageManager( 1907): Cannot whitelist unknown permission: com.sec.android.provider.badge.permission.WRITE
06-18 13:25:19.160 W/PackageManager( 1907): Cannot whitelist unknown permission: com.htc.launcher.permission.READ_SETTINGS
06-18 13:25:19.160 W/PackageManager( 1907): Cannot whitelist unknown permission: com.htc.launcher.permission.UPDATE_SHORTCUT
06-18 13:25:19.160 W/PackageManager( 1907): Cannot whitelist unknown permission: com.sonyericsson.home.permission.BROADCAST_BADGE
06-18 13:25:19.160 W/PackageManager( 1907): Cannot whitelist unknown permission: com.sonymobile.home.permission.PROVIDER_INSERT_BADGE
06-18 13:25:19.160 I/PackageManager( 1907): Un-granting permission android.permission.MANAGE_DOCUMENTS from package com.google.android.youtube (protectionLevel=262146 flags=0x30dbbe45)
06-18 13:25:19.164 I/wpa_supplicant( 2127): rfkill: Cannot get wiphy information
06-18 13:25:19.164 I/OMXClient( 1801): IOmx service obtained
06-18 13:25:19.164 I/OMXMaster( 1807): makeComponentInstance(OMX.google.mpeg4.decoder) in android.hardwar process
06-18 13:25:19.165 E/OMXNodeInstance( 1807): getExtensionIndex(0xf32190e0:google.mpeg4.decoder, OMX.google.android.index.configureVideoTunnelMode) ERROR: UnsupportedIndex(0x8000101a)
06-18 13:25:19.165 D/MediaCodecInfo( 1801): detail feature-tunneled-playback wasn't present to remove
06-18 13:25:19.165 E/OMXNodeInstance( 1807): getExtensionIndex(0xf32190e0:google.mpeg4.decoder, OMX.google.android.index.enableAndroidNativeBuffers) ERROR: UnsupportedIndex(0x8000101a)
06-18 13:25:19.165 I/android_os_HwBinder( 1907): HwBinder: Starting thread pool for getting: android.hardware.wifi.supplicant@1.0::ISupplicant/default
06-18 13:25:19.166 I/SupplicantStaIfaceHal( 1907): Completed initialization of ISupplicant.
06-18 13:25:19.167 W/PackageManager( 1907): Cannot whitelist unknown permission: com.google.android.launcher.permission.CONTENT_REDIRECT
06-18 13:25:19.168 W/PackageManager( 1907): Cannot whitelist unknown permission: com.google.android.voicesearch.SHORTCUTS_ACCESS
06-18 13:25:19.168 W/PackageManager( 1907): Cannot whitelist unknown permission: com.google.android.voicesearch.ACCESS_SETTINGS
06-18 13:25:19.168 W/PackageManager( 1907): Cannot whitelist unknown permission: com.android.browser.permission.PRELOAD
06-18 13:25:19.168 W/PackageManager( 1907): Cannot whitelist unknown permission: com.google.android.ears.permission.WRITE
06-18 13:25:19.168 W/PackageManager( 1907): Cannot whitelist unknown permission: com.google.googlenav.friend.permission.OPT_IN
06-18 13:25:19.168 W/PackageManager( 1907): Cannot whitelist unknown permission: com.google.android.apps.googlevoice.permission.AUTO_SEND
06-18 13:25:19.168 W/PackageManager( 1907): Cannot whitelist unknown permission: com.google.android.hangouts.START_HANGOUT
06-18 13:25:19.168 W/PackageManager( 1907): Cannot whitelist unknown permission: com.android.chrome.PRERENDER_URL
06-18 13:25:19.168 W/PackageManager( 1907): Cannot whitelist unknown permission: com.google.android.apps.gsa.nga.permissions.EDIT_PREFERENCES
06-18 13:25:19.169 I/android.hardware.wifi@1.0-service( 1716): Adding interface handle for wlan0
06-18 13:25:19.169 W/android.hardware.wifi@1.0-service( 1716): No active wlan interfaces in use! Using default
06-18 13:25:19.169 E/android.hardware.wifi@1.0-service( 1716): Failed to register radio mode change callback
06-18 13:25:19.169 W/android.hardware.wifi@1.0-service( 1716): No active wlan interfaces in use! Using default
06-18 13:25:19.170 W/PackageManager( 1907): Cannot whitelist unknown permission: com.google.android.launcher.permission.CONTENT_REDIRECT
06-18 13:25:19.170 W/PackageManager( 1907): Cannot whitelist unknown permission: com.google.android.voicesearch.SHORTCUTS_ACCESS
06-18 13:25:19.170 W/PackageManager( 1907): Cannot whitelist unknown permission: com.google.android.voicesearch.ACCESS_SETTINGS
06-18 13:25:19.170 W/PackageManager( 1907): Cannot whitelist unknown permission: com.android.browser.permission.PRELOAD
06-18 13:25:19.170 W/PackageManager( 1907): Cannot whitelist unknown permission: com.google.android.ears.permission.WRITE
06-18 13:25:19.170 W/PackageManager( 1907): Cannot whitelist unknown permission: com.google.googlenav.friend.permission.OPT_IN
06-18 13:25:19.170 W/PackageManager( 1907): Cannot whitelist unknown permission: com.google.android.apps.googlevoice.permission.AUTO_SEND
06-18 13:25:19.170 W/PackageManager( 1907): Cannot whitelist unknown permission: com.google.android.hangouts.START_HANGOUT
06-18 13:25:19.170 W/PackageManager( 1907): Cannot whitelist unknown permission: com.android.chrome.PRERENDER_URL
06-18 13:25:19.170 W/PackageManager( 1907): Cannot whitelist unknown permission: com.google.android.apps.gsa.nga.permissions.EDIT_PREFERENCES
06-18 13:25:19.170 W/PackageManager( 1907): Cannot whitelist unknown permission: com.google.android.launcher.permission.CONTENT_REDIRECT
06-18 13:25:19.170 W/PackageManager( 1907): Cannot whitelist unknown permission: com.google.android.voicesearch.SHORTCUTS_ACCESS
06-18 13:25:19.170 W/PackageManager( 1907): Cannot whitelist unknown permission: com.google.android.voicesearch.ACCESS_SETTINGS
06-18 13:25:19.170 W/PackageManager( 1907): Cannot whitelist unknown permission: com.android.browser.permission.PRELOAD
06-18 13:25:19.170 W/PackageManager( 1907): Cannot whitelist unknown permission: com.google.android.ears.permission.WRITE
06-18 13:25:19.170 W/PackageManager( 1907): Cannot whitelist unknown permission: com.google.googlenav.friend.permission.OPT_IN
06-18 13:25:19.170 W/PackageManager( 1907): Cannot whitelist unknown permission: com.google.android.apps.googlevoice.permission.AUTO_SEND
06-18 13:25:19.170 W/PackageManager( 1907): Cannot whitelist unknown permission: com.google.android.hangouts.START_HANGOUT
06-18 13:25:19.170 W/PackageManager( 1907): Cannot whitelist unknown permission: com.android.chrome.PRERENDER_URL
06-18 13:25:19.170 W/PackageManager( 1907): Cannot whitelist unknown permission: com.google.android.apps.gsa.nga.permissions.EDIT_PREFERENCES
06-18 13:25:19.171 W/PackageManager( 1907): Cannot whitelist unknown permission: com.google.android.launcher.permission.CONTENT_REDIRECT
06-18 13:25:19.171 W/PackageManager( 1907): Cannot whitelist unknown permission: com.google.android.voicesearch.SHORTCUTS_ACCESS
06-18 13:25:19.171 W/PackageManager( 1907): Cannot whitelist unknown permission: com.google.android.voicesearch.ACCESS_SETTINGS
06-18 13:25:19.171 W/PackageManager( 1907): Cannot whitelist unknown permission: com.android.browser.permission.PRELOAD
06-18 13:25:19.171 W/PackageManager( 1907): Cannot whitelist unknown permission: com.google.android.ears.permission.WRITE
06-18 13:25:19.171 W/PackageManager( 1907): Cannot whitelist unknown permission: com.google.googlenav.friend.permission.OPT_IN
06-18 13:25:19.171 W/PackageManager( 1907): Cannot whitelist unknown permission: com.google.android.apps.googlevoice.permission.AUTO_SEND
06-18 13:25:19.171 W/PackageManager( 1907): Cannot whitelist unknown permission: com.google.android.hangouts.START_HANGOUT
06-18 13:25:19.171 W/PackageManager( 1907): Cannot whitelist unknown permission: com.android.chrome.PRERENDER_URL
06-18 13:25:19.171 W/PackageManager( 1907): Cannot whitelist unknown permission: com.google.android.apps.gsa.nga.permissions.EDIT_PREFERENCES
06-18 13:25:19.172 W/PackageManager( 1907): Cannot whitelist unknown permission: com.google.android.launcher.permission.CONTENT_REDIRECT
06-18 13:25:19.172 W/PackageManager( 1907): Cannot whitelist unknown permission: com.google.android.voicesearch.SHORTCUTS_ACCESS
06-18 13:25:19.172 W/PackageManager( 1907): Cannot whitelist unknown permission: com.google.android.voicesearch.ACCESS_SETTINGS
06-18 13:25:19.172 W/PackageManager( 1907): Cannot whitelist unknown permission: com.android.browser.permission.PRELOAD
06-18 13:25:19.172 W/PackageManager( 1907): Cannot whitelist unknown permission: com.google.android.ears.permission.WRITE
06-18 13:25:19.172 W/PackageManager( 1907): Cannot whitelist unknown permission: com.google.googlenav.friend.permission.OPT_IN
06-18 13:25:19.172 W/PackageManager( 1907): Cannot whitelist unknown permission: com.google.android.apps.googlevoice.permission.AUTO_SEND
06-18 13:25:19.172 W/PackageManager( 1907): Cannot whitelist unknown permission: com.google.android.hangouts.START_HANGOUT
06-18 13:25:19.172 W/PackageManager( 1907): Cannot whitelist unknown permission: com.android.chrome.PRERENDER_URL
06-18 13:25:19.173 W/PackageManager( 1907): Cannot whitelist unknown permission: com.google.android.apps.gsa.nga.permissions.EDIT_PREFERENCES
06-18 13:25:19.176 W/PackageManager( 1907): Cannot whitelist unknown permission: com.google.android.launcher.permission.CONTENT_REDIRECT
06-18 13:25:19.176 W/PackageManager( 1907): Cannot whitelist unknown permission: com.google.android.voicesearch.SHORTCUTS_ACCESS
06-18 13:25:19.176 W/PackageManager( 1907): Cannot whitelist unknown permission: com.google.android.voicesearch.ACCESS_SETTINGS
06-18 13:25:19.176 W/PackageManager( 1907): Cannot whitelist unknown permission: com.android.browser.permission.PRELOAD
06-18 13:25:19.176 W/PackageManager( 1907): Cannot whitelist unknown permission: com.google.android.ears.permission.WRITE
06-18 13:25:19.176 W/PackageManager( 1907): Cannot whitelist unknown permission: com.google.googlenav.friend.permission.OPT_IN
06-18 13:25:19.176 W/PackageManager( 1907): Cannot whitelist unknown permission: com.google.android.apps.googlevoice.permission.AUTO_SEND
06-18 13:25:19.176 W/PackageManager( 1907): Cannot whitelist unknown permission: com.google.android.hangouts.START_HANGOUT
06-18 13:25:19.176 W/PackageManager( 1907): Cannot whitelist unknown permission: com.android.chrome.PRERENDER_URL
06-18 13:25:19.176 W/PackageManager( 1907): Cannot whitelist unknown permission: com.google.android.apps.gsa.nga.permissions.EDIT_PREFERENCES
06-18 13:25:19.176 I/OMXClient( 1801): IOmx service obtained
06-18 13:25:19.176 I/OMXMaster( 1807): makeComponentInstance(OMX.android.goldfish.vp8.decoder) in android.hardwar process
06-18 13:25:19.176 I/GoldfishOMXPlugin( 1807): makeComponentInstance 'OMX.android.goldfish.vp8.decoder'
06-18 13:25:19.176 I/GoldfishOMXPlugin( 1807): Using goldfish codec for 'vpxdec'
06-18 13:25:19.177 I/goldfish_vpxdec( 1807): calling constructor of GoldfishVPX
06-18 13:25:19.178 E/OMXNodeInstance( 1807): getExtensionIndex(0xf32190e0:android.goldfish.vp8.decoder, OMX.google.android.index.configureVideoTunnelMode) ERROR: UnsupportedIndex(0x8000101a)
06-18 13:25:19.178 D/MediaCodecInfo( 1801): detail feature-tunneled-playback wasn't present to remove
06-18 13:25:19.178 W/OMXNodeInstance( 1807): [0xf32190e0:android.goldfish.vp8.decoder] component does not support metadata mode; using fallback
06-18 13:25:19.179 I/PackageManager( 1907): Un-granting permission com.google.android.googleapps.permission.GOOGLE_AUTH from package com.android.providers.calendar (protectionLevel=2 flags=0x30883e45)
06-18 13:25:19.179 I/PackageManager( 1907): Un-granting permission com.google.android.googleapps.permission.GOOGLE_AUTH.cl from package com.android.providers.calendar (protectionLevel=2 flags=0x30883e45)
06-18 13:25:19.180 I/PackageManager( 1907): Un-granting permission com.google.android.googleapps.permission.GOOGLE_AUTH from package com.android.providers.calendar (protectionLevel=2 flags=0x30883e45)
06-18 13:25:19.180 I/PackageManager( 1907): Un-granting permission com.google.android.googleapps.permission.GOOGLE_AUTH.cl from package com.android.providers.calendar (protectionLevel=2 flags=0x30883e45)
06-18 13:25:19.186 I/goldfish_vpxdec( 1807): calling destructor of GoldfishVPX
06-18 13:25:19.189 I/PackageManager( 1907): Un-granting permission android.permission.WRITE_SECURE_SETTINGS from package com.google.android.apps.enterprise.dmagent (protectionLevel=50 flags=0x30883e05)
06-18 13:25:19.189 I/PackageManager( 1907): Un-granting permission android.permission.CONNECTIVITY_INTERNAL from package com.google.android.apps.enterprise.dmagent (protectionLevel=18 flags=0x30883e05)
06-18 13:25:19.189 I/PackageManager( 1907): Un-granting permission android.permission.MANAGE_USB from package com.google.android.apps.enterprise.dmagent (protectionLevel=18 flags=0x30883e05)
06-18 13:25:19.189 I/PackageManager( 1907): Un-granting permission android.permission.CHANGE_COMPONENT_ENABLED_STATE from package com.google.android.apps.enterprise.dmagent (protectionLevel=18 flags=0x30883e05)
06-18 13:25:19.189 I/PackageManager( 1907): Un-granting permission android.permission.MANAGE_CA_CERTIFICATES from package com.google.android.apps.enterprise.dmagent (protectionLevel=18 flags=0x30883e05)
06-18 13:25:19.189 I/PackageManager( 1907): Un-granting permission android.permission.MANAGE_USERS from package com.google.android.apps.enterprise.dmagent (protectionLevel=18 flags=0x30883e05)
06-18 13:25:19.190 I/OMXClient( 1801): IOmx service obtained
06-18 13:25:19.190 I/OMXMaster( 1807): makeComponentInstance(OMX.google.vp8.decoder) in android.hardwar process
06-18 13:25:19.192 E/OMXNodeInstance( 1807): getExtensionIndex(0xf32190e0:google.vp8.decoder, OMX.google.android.index.configureVideoTunnelMode) ERROR: UnsupportedIndex(0x8000101a)
06-18 13:25:19.192 D/MediaCodecInfo( 1801): detail feature-tunneled-playback wasn't present to remove
06-18 13:25:19.192 E/OMXNodeInstance( 1807): getExtensionIndex(0xf32190e0:google.vp8.decoder, OMX.google.android.index.enableAndroidNativeBuffers) ERROR: UnsupportedIndex(0x8000101a)
06-18 13:25:19.194 W/libc    ( 1716): Unable to set property "vendor.wlan.firmware.version" to "1.0": error code: 0x18
06-18 13:25:19.195 W/PackageManager( 1907): Cannot whitelist unknown permission: com.google.android.ims.LOG_ACCESS
06-18 13:25:19.196 W/PackageManager( 1907): Cannot whitelist unknown permission: com.cequint.ecid.CALLER_ID_EXTERNAL_LOOKUP_SMS
06-18 13:25:19.196 W/PackageManager( 1907): Cannot whitelist unknown permission: com.sec.android.provider.badge.permission.READ
06-18 13:25:19.196 W/PackageManager( 1907): Cannot whitelist unknown permission: com.sec.android.provider.badge.permission.WRITE
06-18 13:25:19.196 W/PackageManager( 1907): Cannot whitelist unknown permission: com.htc.launcher.permission.READ_SETTINGS
06-18 13:25:19.196 W/PackageManager( 1907): Cannot whitelist unknown permission: com.htc.launcher.permission.UPDATE_SHORTCUT
06-18 13:25:19.196 W/PackageManager( 1907): Cannot whitelist unknown permission: com.sonyericsson.home.permission.BROADCAST_BADGE
06-18 13:25:19.196 W/PackageManager( 1907): Cannot whitelist unknown permission: com.sonymobile.home.permission.PROVIDER_INSERT_BADGE
06-18 13:25:19.196 W/PackageManager( 1907): Cannot whitelist unknown permission: com.sonymobile.launcher.permission.PROVIDER_INSERT_BADGE
06-18 13:25:19.196 W/PackageManager( 1907): Cannot whitelist unknown permission: com.anddoes.launcher.permission.UPDATE_COUNT
06-18 13:25:19.196 W/PackageManager( 1907): Cannot whitelist unknown permission: com.majeur.launcher.permission.UPDATE_BADGE
06-18 13:25:19.196 W/PackageManager( 1907): Cannot whitelist unknown permission: com.huawei.android.launcher.permission.CHANGE_BADGE
06-18 13:25:19.196 W/PackageManager( 1907): Cannot whitelist unknown permission: com.huawei.android.launcher.permission.READ_SETTINGS
06-18 13:25:19.196 W/PackageManager( 1907): Cannot whitelist unknown permission: com.huawei.android.launcher.permission.WRITE_SETTINGS
06-18 13:25:19.196 W/PackageManager( 1907): Cannot whitelist unknown permission: android.permission.READ_APP_BADGE
06-18 13:25:19.196 W/PackageManager( 1907): Cannot whitelist unknown permission: com.oppo.launcher.permission.READ_SETTINGS
06-18 13:25:19.196 W/PackageManager( 1907): Cannot whitelist unknown permission: com.oppo.launcher.permission.WRITE_SETTINGS
06-18 13:25:19.196 I/PackageManager( 1907): Un-granting permission com.google.android.setupwizard.READ_DEVICE_ORIGIN from package com.google.android.apps.messaging (protectionLevel=18 flags=0x38cbbe45)
06-18 13:25:19.196 W/PackageManager( 1907): Cannot whitelist unknown permission: com.google.android.ims.LOG_ACCESS
06-18 13:25:19.196 W/PackageManager( 1907): Cannot whitelist unknown permission: com.cequint.ecid.CALLER_ID_EXTERNAL_LOOKUP_SMS
06-18 13:25:19.196 W/PackageManager( 1907): Cannot whitelist unknown permission: com.sec.android.provider.badge.permission.READ
06-18 13:25:19.196 W/PackageManager( 1907): Cannot whitelist unknown permission: com.sec.android.provider.badge.permission.WRITE
06-18 13:25:19.196 W/PackageManager( 1907): Cannot whitelist unknown permission: com.htc.launcher.permission.READ_SETTINGS
06-18 13:25:19.196 W/PackageManager( 1907): Cannot whitelist unknown permission: com.htc.launcher.permission.UPDATE_SHORTCUT
06-18 13:25:19.196 W/PackageManager( 1907): Cannot whitelist unknown permission: com.sonyericsson.home.permission.BROADCAST_BADGE
06-18 13:25:19.196 W/PackageManager( 1907): Cannot whitelist unknown permission: com.sonymobile.home.permission.PROVIDER_INSERT_BADGE
06-18 13:25:19.196 W/PackageManager( 1907): Cannot whitelist unknown permission: com.sonymobile.launcher.permission.PROVIDER_INSERT_BADGE
06-18 13:25:19.196 W/PackageManager( 1907): Cannot whitelist unknown permission: com.anddoes.launcher.permission.UPDATE_COUNT
06-18 13:25:19.196 W/PackageManager( 1907): Cannot whitelist unknown permission: com.majeur.launcher.permission.UPDATE_BADGE
06-18 13:25:19.196 W/PackageManager( 1907): Cannot whitelist unknown permission: com.huawei.android.launcher.permission.CHANGE_BADGE
06-18 13:25:19.197 W/PackageManager( 1907): Cannot whitelist unknown permission: com.huawei.android.launcher.permission.READ_SETTINGS
06-18 13:25:19.197 W/PackageManager( 1907): Cannot whitelist unknown permission: com.huawei.android.launcher.permission.WRITE_SETTINGS
06-18 13:25:19.197 W/PackageManager( 1907): Cannot whitelist unknown permission: android.permission.READ_APP_BADGE
06-18 13:25:19.197 W/PackageManager( 1907): Cannot whitelist unknown permission: com.oppo.launcher.permission.READ_SETTINGS
06-18 13:25:19.197 W/PackageManager( 1907): Cannot whitelist unknown permission: com.oppo.launcher.permission.WRITE_SETTINGS
06-18 13:25:19.197 I/PackageManager( 1907): Un-granting permission com.google.android.setupwizard.READ_DEVICE_ORIGIN from package com.google.android.apps.messaging (protectionLevel=18 flags=0x38cbbe45)
06-18 13:25:19.197 W/PackageManager( 1907): Cannot whitelist unknown permission: com.google.android.ims.LOG_ACCESS
06-18 13:25:19.197 W/PackageManager( 1907): Cannot whitelist unknown permission: com.cequint.ecid.CALLER_ID_EXTERNAL_LOOKUP_SMS
06-18 13:25:19.197 W/PackageManager( 1907): Cannot whitelist unknown permission: com.sec.android.provider.badge.permission.READ
06-18 13:25:19.197 W/PackageManager( 1907): Cannot whitelist unknown permission: com.sec.android.provider.badge.permission.WRITE
06-18 13:25:19.197 W/PackageManager( 1907): Cannot whitelist unknown permission: com.htc.launcher.permission.READ_SETTINGS
06-18 13:25:19.197 W/PackageManager( 1907): Cannot whitelist unknown permission: com.htc.launcher.permission.UPDATE_SHORTCUT
06-18 13:25:19.197 W/PackageManager( 1907): Cannot whitelist unknown permission: com.sonyericsson.home.permission.BROADCAST_BADGE
06-18 13:25:19.197 W/PackageManager( 1907): Cannot whitelist unknown permission: com.sonymobile.home.permission.PROVIDER_INSERT_BADGE
06-18 13:25:19.197 W/PackageManager( 1907): Cannot whitelist unknown permission: com.sonymobile.launcher.permission.PROVIDER_INSERT_BADGE
06-18 13:25:19.197 W/PackageManager( 1907): Cannot whitelist unknown permission: com.anddoes.launcher.permission.UPDATE_COUNT
06-18 13:25:19.197 W/PackageManager( 1907): Cannot whitelist unknown permission: com.majeur.launcher.permission.UPDATE_BADGE
06-18 13:25:19.197 W/PackageManager( 1907): Cannot whitelist unknown permission: com.huawei.android.launcher.permission.CHANGE_BADGE
06-18 13:25:19.197 W/PackageManager( 1907): Cannot whitelist unknown permission: com.huawei.android.launcher.permission.READ_SETTINGS
06-18 13:25:19.197 W/PackageManager( 1907): Cannot whitelist unknown permission: com.huawei.android.launcher.permission.WRITE_SETTINGS
06-18 13:25:19.197 W/PackageManager( 1907): Cannot whitelist unknown permission: android.permission.READ_APP_BADGE
06-18 13:25:19.197 W/PackageManager( 1907): Cannot whitelist unknown permission: com.oppo.launcher.permission.READ_SETTINGS
06-18 13:25:19.197 W/PackageManager( 1907): Cannot whitelist unknown permission: com.oppo.launcher.permission.WRITE_SETTINGS
06-18 13:25:19.197 I/PackageManager( 1907): Un-granting permission com.google.android.setupwizard.READ_DEVICE_ORIGIN from package com.google.android.apps.messaging (protectionLevel=18 flags=0x38cbbe45)
06-18 13:25:19.198 W/PackageManager( 1907): Cannot whitelist unknown permission: com.google.android.ims.LOG_ACCESS
06-18 13:25:19.198 W/PackageManager( 1907): Cannot whitelist unknown permission: com.cequint.ecid.CALLER_ID_EXTERNAL_LOOKUP_SMS
06-18 13:25:19.198 W/PackageManager( 1907): Cannot whitelist unknown permission: com.sec.android.provider.badge.permission.READ
06-18 13:25:19.198 W/PackageManager( 1907): Cannot whitelist unknown permission: com.sec.android.provider.badge.permission.WRITE
06-18 13:25:19.198 W/PackageManager( 1907): Cannot whitelist unknown permission: com.htc.launcher.permission.READ_SETTINGS
06-18 13:25:19.198 W/PackageManager( 1907): Cannot whitelist unknown permission: com.htc.launcher.permission.UPDATE_SHORTCUT
06-18 13:25:19.198 W/PackageManager( 1907): Cannot whitelist unknown permission: com.sonyericsson.home.permission.BROADCAST_BADGE
06-18 13:25:19.198 W/PackageManager( 1907): Cannot whitelist unknown permission: com.sonymobile.home.permission.PROVIDER_INSERT_BADGE
06-18 13:25:19.198 W/PackageManager( 1907): Cannot whitelist unknown permission: com.sonymobile.launcher.permission.PROVIDER_INSERT_BADGE
06-18 13:25:19.198 W/PackageManager( 1907): Cannot whitelist unknown permission: com.anddoes.launcher.permission.UPDATE_COUNT
06-18 13:25:19.198 W/PackageManager( 1907): Cannot whitelist unknown permission: com.majeur.launcher.permission.UPDATE_BADGE
06-18 13:25:19.198 W/PackageManager( 1907): Cannot whitelist unknown permission: com.huawei.android.launcher.permission.CHANGE_BADGE
06-18 13:25:19.198 W/PackageManager( 1907): Cannot whitelist unknown permission: com.huawei.android.launcher.permission.READ_SETTINGS
06-18 13:25:19.198 W/PackageManager( 1907): Cannot whitelist unknown permission: com.huawei.android.launcher.permission.WRITE_SETTINGS
06-18 13:25:19.198 W/PackageManager( 1907): Cannot whitelist unknown permission: android.permission.READ_APP_BADGE
06-18 13:25:19.198 W/PackageManager( 1907): Cannot whitelist unknown permission: com.oppo.launcher.permission.READ_SETTINGS
06-18 13:25:19.198 W/PackageManager( 1907): Cannot whitelist unknown permission: com.oppo.launcher.permission.WRITE_SETTINGS
06-18 13:25:19.198 I/PackageManager( 1907): Un-granting permission com.google.android.setupwizard.READ_DEVICE_ORIGIN from package com.google.android.apps.messaging (protectionLevel=18 flags=0x38cbbe45)
06-18 13:25:19.198 W/PackageManager( 1907): Cannot whitelist unknown permission: com.google.android.ims.LOG_ACCESS
06-18 13:25:19.198 W/PackageManager( 1907): Cannot whitelist unknown permission: com.cequint.ecid.CALLER_ID_EXTERNAL_LOOKUP_SMS
06-18 13:25:19.198 W/PackageManager( 1907): Cannot whitelist unknown permission: com.sec.android.provider.badge.permission.READ
06-18 13:25:19.198 W/PackageManager( 1907): Cannot whitelist unknown permission: com.sec.android.provider.badge.permission.WRITE
06-18 13:25:19.198 W/PackageManager( 1907): Cannot whitelist unknown permission: com.htc.launcher.permission.READ_SETTINGS
06-18 13:25:19.198 W/PackageManager( 1907): Cannot whitelist unknown permission: com.htc.launcher.permission.UPDATE_SHORTCUT
06-18 13:25:19.198 W/PackageManager( 1907): Cannot whitelist unknown permission: com.sonyericsson.home.permission.BROADCAST_BADGE
06-18 13:25:19.198 W/PackageManager( 1907): Cannot whitelist unknown permission: com.sonymobile.home.permission.PROVIDER_INSERT_BADGE
06-18 13:25:19.198 W/PackageManager( 1907): Cannot whitelist unknown permission: com.sonymobile.launcher.permission.PROVIDER_INSERT_BADGE
06-18 13:25:19.199 W/PackageManager( 1907): Cannot whitelist unknown permission: com.anddoes.launcher.permission.UPDATE_COUNT
06-18 13:25:19.199 W/PackageManager( 1907): Cannot whitelist unknown permission: com.majeur.launcher.permission.UPDATE_BADGE
06-18 13:25:19.199 W/PackageManager( 1907): Cannot whitelist unknown permission: com.huawei.android.launcher.permission.CHANGE_BADGE
06-18 13:25:19.199 W/PackageManager( 1907): Cannot whitelist unknown permission: com.huawei.android.launcher.permission.READ_SETTINGS
06-18 13:25:19.199 W/PackageManager( 1907): Cannot whitelist unknown permission: com.huawei.android.launcher.permission.WRITE_SETTINGS
06-18 13:25:19.199 W/PackageManager( 1907): Cannot whitelist unknown permission: android.permission.READ_APP_BADGE
06-18 13:25:19.199 W/PackageManager( 1907): Cannot whitelist unknown permission: com.oppo.launcher.permission.READ_SETTINGS
06-18 13:25:19.199 W/PackageManager( 1907): Cannot whitelist unknown permission: com.oppo.launcher.permission.WRITE_SETTINGS
06-18 13:25:19.199 I/PackageManager( 1907): Un-granting permission com.google.android.setupwizard.READ_DEVICE_ORIGIN from package com.google.android.apps.messaging (protectionLevel=18 flags=0x38cbbe45)
06-18 13:25:19.200 W/PackageManager( 1907): Cannot whitelist unknown permission: com.google.android.ims.LOG_ACCESS
06-18 13:25:19.200 W/PackageManager( 1907): Cannot whitelist unknown permission: com.cequint.ecid.CALLER_ID_EXTERNAL_LOOKUP_SMS
06-18 13:25:19.200 W/PackageManager( 1907): Cannot whitelist unknown permission: com.sec.android.provider.badge.permission.READ
06-18 13:25:19.200 W/PackageManager( 1907): Cannot whitelist unknown permission: com.sec.android.provider.badge.permission.WRITE
06-18 13:25:19.200 W/PackageManager( 1907): Cannot whitelist unknown permission: com.htc.launcher.permission.READ_SETTINGS
06-18 13:25:19.200 W/PackageManager( 1907): Cannot whitelist unknown permission: com.htc.launcher.permission.UPDATE_SHORTCUT
06-18 13:25:19.200 W/PackageManager( 1907): Cannot whitelist unknown permission: com.sonyericsson.home.permission.BROADCAST_BADGE
06-18 13:25:19.200 W/PackageManager( 1907): Cannot whitelist unknown permission: com.sonymobile.home.permission.PROVIDER_INSERT_BADGE
06-18 13:25:19.200 W/PackageManager( 1907): Cannot whitelist unknown permission: com.sonymobile.launcher.permission.PROVIDER_INSERT_BADGE
06-18 13:25:19.200 W/PackageManager( 1907): Cannot whitelist unknown permission: com.anddoes.launcher.permission.UPDATE_COUNT
06-18 13:25:19.200 W/PackageManager( 1907): Cannot whitelist unknown permission: com.majeur.launcher.permission.UPDATE_BADGE
06-18 13:25:19.200 W/PackageManager( 1907): Cannot whitelist unknown permission: com.huawei.android.launcher.permission.CHANGE_BADGE
06-18 13:25:19.200 W/PackageManager( 1907): Cannot whitelist unknown permission: com.huawei.android.launcher.permission.READ_SETTINGS
06-18 13:25:19.200 W/PackageManager( 1907): Cannot whitelist unknown permission: com.huawei.android.launcher.permission.WRITE_SETTINGS
06-18 13:25:19.200 W/PackageManager( 1907): Cannot whitelist unknown permission: android.permission.READ_APP_BADGE
06-18 13:25:19.200 W/PackageManager( 1907): Cannot whitelist unknown permission: com.oppo.launcher.permission.READ_SETTINGS
06-18 13:25:19.200 W/PackageManager( 1907): Cannot whitelist unknown permission: com.oppo.launcher.permission.WRITE_SETTINGS
06-18 13:25:19.200 I/PackageManager( 1907): Un-granting permission com.google.android.setupwizard.READ_DEVICE_ORIGIN from package com.google.android.apps.messaging (protectionLevel=18 flags=0x38cbbe45)
06-18 13:25:19.201 W/PackageManager( 1907): Cannot whitelist unknown permission: com.google.android.ims.LOG_ACCESS
06-18 13:25:19.201 W/PackageManager( 1907): Cannot whitelist unknown permission: com.cequint.ecid.CALLER_ID_EXTERNAL_LOOKUP_SMS
06-18 13:25:19.201 W/PackageManager( 1907): Cannot whitelist unknown permission: com.sec.android.provider.badge.permission.READ
06-18 13:25:19.201 W/PackageManager( 1907): Cannot whitelist unknown permission: com.sec.android.provider.badge.permission.WRITE
06-18 13:25:19.201 W/PackageManager( 1907): Cannot whitelist unknown permission: com.htc.launcher.permission.READ_SETTINGS
06-18 13:25:19.201 W/PackageManager( 1907): Cannot whitelist unknown permission: com.htc.launcher.permission.UPDATE_SHORTCUT
06-18 13:25:19.201 W/PackageManager( 1907): Cannot whitelist unknown permission: com.sonyericsson.home.permission.BROADCAST_BADGE
06-18 13:25:19.201 W/PackageManager( 1907): Cannot whitelist unknown permission: com.sonymobile.home.permission.PROVIDER_INSERT_BADGE
06-18 13:25:19.201 W/PackageManager( 1907): Cannot whitelist unknown permission: com.sonymobile.launcher.permission.PROVIDER_INSERT_BADGE
06-18 13:25:19.201 W/PackageManager( 1907): Cannot whitelist unknown permission: com.anddoes.launcher.permission.UPDATE_COUNT
06-18 13:25:19.201 W/PackageManager( 1907): Cannot whitelist unknown permission: com.majeur.launcher.permission.UPDATE_BADGE
06-18 13:25:19.201 W/PackageManager( 1907): Cannot whitelist unknown permission: com.huawei.android.launcher.permission.CHANGE_BADGE
06-18 13:25:19.201 W/PackageManager( 1907): Cannot whitelist unknown permission: com.huawei.android.launcher.permission.READ_SETTINGS
06-18 13:25:19.201 W/PackageManager( 1907): Cannot whitelist unknown permission: com.huawei.android.launcher.permission.WRITE_SETTINGS
06-18 13:25:19.201 W/PackageManager( 1907): Cannot whitelist unknown permission: android.permission.READ_APP_BADGE
06-18 13:25:19.201 W/PackageManager( 1907): Cannot whitelist unknown permission: com.oppo.launcher.permission.READ_SETTINGS
06-18 13:25:19.201 W/PackageManager( 1907): Cannot whitelist unknown permission: com.oppo.launcher.permission.WRITE_SETTINGS
06-18 13:25:19.201 I/PackageManager( 1907): Un-granting permission com.google.android.setupwizard.READ_DEVICE_ORIGIN from package com.google.android.apps.messaging (protectionLevel=18 flags=0x38cbbe45)
06-18 13:25:19.204 W/PackageManager( 1907): Cannot whitelist unknown permission: com.google.android.ims.LOG_ACCESS
06-18 13:25:19.204 W/PackageManager( 1907): Cannot whitelist unknown permission: com.cequint.ecid.CALLER_ID_EXTERNAL_LOOKUP_SMS
06-18 13:25:19.204 W/PackageManager( 1907): Cannot whitelist unknown permission: com.sec.android.provider.badge.permission.READ
06-18 13:25:19.204 W/PackageManager( 1907): Cannot whitelist unknown permission: com.sec.android.provider.badge.permission.WRITE
06-18 13:25:19.204 W/PackageManager( 1907): Cannot whitelist unknown permission: com.htc.launcher.permission.READ_SETTINGS
06-18 13:25:19.204 W/PackageManager( 1907): Cannot whitelist unknown permission: com.htc.launcher.permission.UPDATE_SHORTCUT
06-18 13:25:19.204 W/PackageManager( 1907): Cannot whitelist unknown permission: com.sonyericsson.home.permission.BROADCAST_BADGE
06-18 13:25:19.204 W/PackageManager( 1907): Cannot whitelist unknown permission: com.sonymobile.home.permission.PROVIDER_INSERT_BADGE
06-18 13:25:19.204 W/PackageManager( 1907): Cannot whitelist unknown permission: com.sonymobile.launcher.permission.PROVIDER_INSERT_BADGE
06-18 13:25:19.204 W/PackageManager( 1907): Cannot whitelist unknown permission: com.anddoes.launcher.permission.UPDATE_COUNT
06-18 13:25:19.204 W/PackageManager( 1907): Cannot whitelist unknown permission: com.majeur.launcher.permission.UPDATE_BADGE
06-18 13:25:19.204 W/PackageManager( 1907): Cannot whitelist unknown permission: com.huawei.android.launcher.permission.CHANGE_BADGE
06-18 13:25:19.204 W/PackageManager( 1907): Cannot whitelist unknown permission: com.huawei.android.launcher.permission.READ_SETTINGS
06-18 13:25:19.204 W/PackageManager( 1907): Cannot whitelist unknown permission: com.huawei.android.launcher.permission.WRITE_SETTINGS
06-18 13:25:19.204 W/PackageManager( 1907): Cannot whitelist unknown permission: android.permission.READ_APP_BADGE
06-18 13:25:19.204 W/PackageManager( 1907): Cannot whitelist unknown permission: com.oppo.launcher.permission.READ_SETTINGS
06-18 13:25:19.204 W/PackageManager( 1907): Cannot whitelist unknown permission: com.oppo.launcher.permission.WRITE_SETTINGS
06-18 13:25:19.204 I/PackageManager( 1907): Un-granting permission com.google.android.setupwizard.READ_DEVICE_ORIGIN from package com.google.android.apps.messaging (protectionLevel=18 flags=0x38cbbe45)
06-18 13:25:19.207 I/OMXClient( 1801): IOmx service obtained
06-18 13:25:19.207 I/OMXMaster( 1807): makeComponentInstance(OMX.android.goldfish.vp9.decoder) in android.hardwar process
06-18 13:25:19.207 I/GoldfishOMXPlugin( 1807): makeComponentInstance 'OMX.android.goldfish.vp9.decoder'
06-18 13:25:19.207 I/GoldfishOMXPlugin( 1807): Using goldfish codec for 'vpxdec'
06-18 13:25:19.207 I/goldfish_vpxdec( 1807): calling constructor of GoldfishVPX
06-18 13:25:19.207 E/OMXNodeInstance( 1807): getExtensionIndex(0xf32190e0:android.goldfish.vp9.decoder, OMX.google.android.index.configureVideoTunnelMode) ERROR: UnsupportedIndex(0x8000101a)
06-18 13:25:19.207 D/MediaCodecInfo( 1801): detail feature-tunneled-playback wasn't present to remove
06-18 13:25:19.207 W/OMXNodeInstance( 1807): [0xf32190e0:android.goldfish.vp9.decoder] component does not support metadata mode; using fallback
06-18 13:25:19.221 I/PackageManager( 1907): Un-granting permission android.permission.BIND_WALLPAPER from package com.android.camera2 (protectionLevel=18 flags=0x20d8bc45)
06-18 13:25:19.221 I/goldfish_vpxdec( 1807): calling destructor of GoldfishVPX
06-18 13:25:19.222 I/OMXClient( 1801): IOmx service obtained
06-18 13:25:19.222 I/OMXMaster( 1807): makeComponentInstance(OMX.google.vp9.decoder) in android.hardwar process
06-18 13:25:19.222 W/libc    ( 1716): Unable to set property "vendor.wlan.driver.version" to "1.0": error code: 0x18
06-18 13:25:19.222 I/PackageManager( 1907): Un-granting permission android.permission.BIND_WALLPAPER from package com.android.camera2 (protectionLevel=18 flags=0x20d8bc45)
06-18 13:25:19.222 I/android.hardware.wifi@1.0-service( 1716): Configured chip in mode 0
06-18 13:25:19.222 W/android.hardware.wifi@1.0-service( 1716): No active wlan interfaces in use! Using default
06-18 13:25:19.222 E/OMXNodeInstance( 1807): getExtensionIndex(0xf32190e0:google.vp9.decoder, OMX.google.android.index.configureVideoTunnelMode) ERROR: UnsupportedIndex(0x8000101a)
06-18 13:25:19.222 D/MediaCodecInfo( 1801): detail feature-tunneled-playback wasn't present to remove
06-18 13:25:19.222 E/OMXNodeInstance( 1807): getExtensionIndex(0xf32190e0:google.vp9.decoder, OMX.google.android.index.enableAndroidNativeBuffers) ERROR: UnsupportedIndex(0x8000101a)
06-18 13:25:19.223 I/PackageManager( 1907): Un-granting permission android.permission.BIND_WALLPAPER from package com.android.camera2 (protectionLevel=18 flags=0x20d8bc45)
06-18 13:25:19.224 D/HalDevMgr( 1907): updateRttController: no one is interested in RTT controllers
06-18 13:25:19.224 E/android.hardware.wifi@1.0-service( 1716): Failed to set DFS flag; DFS channels may be unavailable.
06-18 13:25:19.231 W/PackageManager( 1907): Cannot whitelist unknown permission: android.permission.NFC_UNLOCK
06-18 13:25:19.232 D/WificondControl( 1907): Setting up interface for client mode
06-18 13:25:19.233 I/wificond( 1805): create scanner for interface with index: 3
06-18 13:25:19.233 I/wificond( 1805): subscribe scan result for interface with index: 3
06-18 13:25:19.233 I/hwservicemanager( 1567): getTransport: Cannot find entry android.hardware.wifi.offload@1.0::IOffload/default in either framework or device manifest.
06-18 13:25:19.233 E/wificond( 1805): No Offload Service available
06-18 13:25:19.233 I/wificond( 1805): Offload HAL not supported 
06-18 13:25:19.235 E/SupplicantStaIfaceHal( 1907): Can't call setupIface, ISupplicantStaIface is null
06-18 13:25:19.235 I/OMXClient( 1801): IOmx service obtained
06-18 13:25:19.235 I/hwservicemanager( 1567): getTransport: Cannot find entry android.hardware.wifi.supplicant@1.1::ISupplicant/default in either framework or device manifest.
06-18 13:25:19.235 I/OMXMaster( 1807): makeComponentInstance(OMX.google.h264.encoder) in android.hardwar process
06-18 13:25:19.236 W/OMXUtils( 1801): do not know color format 0x7f000789 = 2130708361
06-18 13:25:19.237 I/hwservicemanager( 1567): getTransport: Cannot find entry android.hardware.wifi.supplicant@1.2::ISupplicant/default in either framework or device manifest.
06-18 13:25:19.237 W/PackageManager( 1907): Cannot whitelist unknown permission: android.permission.NFC_UNLOCK
06-18 13:25:19.238 I/hwservicemanager( 1567): getTransport: Cannot find entry android.hardware.wifi.supplicant@1.1::ISupplicant/default in either framework or device manifest.
06-18 13:25:19.240 I/netd    ( 1663): interfaceGetCfg("wlan0") <0.12ms>
06-18 13:25:19.240 I/WifiNative( 1907): Interface state changed on Iface:{Name=wlan0,Id=1,Type=STA_CONNECTIVITY}, isUp=true
06-18 13:25:19.240 I/netd    ( 1663): interfaceClearAddrs("wlan0") <0.11ms>
06-18 13:25:19.240 I/netd    ( 1663): interfaceSetIPv6PrivacyExtensions("wlan0", "true") <0.06ms>
06-18 13:25:19.240 I/netd    ( 1663): interfaceSetEnableIPv6("wlan0", "false") <0.03ms>
06-18 13:25:19.240 I/WifiNative( 1907): Successfully setup Iface:{Name=wlan0,Id=1,Type=STA_CONNECTIVITY}
06-18 13:25:19.241 I/hwservicemanager( 1567): getTransport: Cannot find entry android.hardware.wifi.supplicant@1.2::ISupplicant/default in either framework or device manifest.
06-18 13:25:19.241 E/SupplicantStaIfaceHal( 1907): Method getKeyMgmtCapabilities is not supported in existing HAL
06-18 13:25:19.244 D/WifiClientModeManager( 1907): entering StartedState
06-18 13:25:19.244 I/netd    ( 1663): interfaceGetCfg("wlan0") <0.10ms>
06-18 13:25:19.244 D/WifiClientModeManager( 1907): Wifi is ready to use for client mode
06-18 13:25:19.244 D/WifiActiveModeWarden( 1907): State changed from client mode. state = 3
06-18 13:25:19.244 D/WifiActiveModeWarden( 1907): client mode active
06-18 13:25:19.245 D/WifiScanRequestProxy( 1907): Sending scan available broadcast: true
06-18 13:25:19.245 E/WifiVendorHal( 1907): getBgScanCapabilities(l.630) failed {.code = ERROR_NOT_SUPPORTED, .description = }
06-18 13:25:19.245 I/WifiScanRequestProxy( 1907): Scanning is enabled
06-18 13:25:19.245 I/WifiScanRequestProxy( 1907): Scanning for hidden networks is enabled
06-18 13:25:19.246 D/WifiClientModeImpl( 1907): entering ConnectModeState: ifaceName = wlan0
06-18 13:25:19.246 D/WifiClientModeImpl( 1907): setupClientMode() ifacename = wlan0
06-18 13:25:19.246 I/WifiScanningService( 1907): wifi driver loaded with scan capabilities: max buckets=16
06-18 13:25:19.250 W/PackageManager( 1907): Cannot whitelist unknown permission: com.google.android.email.permission.ACCESS_PROVIDER
06-18 13:25:19.250 W/PackageManager( 1907): Cannot whitelist unknown permission: com.google.android.gm.exchange.BIND
06-18 13:25:19.250 W/PackageManager( 1907): Cannot whitelist unknown permission: com.android.email.partnerprovider.PARTNER_PROVIDER
06-18 13:25:19.250 I/PackageManager( 1907): Un-granting permission android.permission.REQUEST_INSTALL_PACKAGES from package com.google.android.gm (protectionLevel=66 flags=0x38cbbe45)
06-18 13:25:19.252 I/OMXClient( 1801): IOmx service obtained
06-18 13:25:19.252 I/OMXMaster( 1807): makeComponentInstance(OMX.google.h263.encoder) in android.hardwar process
06-18 13:25:19.253 I/SoftMPEG4Encoder( 1807): Construct SoftMPEG4Encoder
06-18 13:25:19.253 W/OMXUtils( 1801): do not know color format 0x7f000789 = 2130708361
06-18 13:25:19.253 E/OMXNodeInstance( 1807): getConfig(0xf32190e0:google.h263.encoder, ConfigAndroidIntraRefresh(0x6f60000a)) ERROR: Undefined(0x80001001)
