06-18 13:25:16.811 I/PackageParser( 1907): Parse times for '/system/product/priv-app/Settings': parse=163ms, update_cache=18 ms
06-18 13:25:16.811 I/PackageManager( 1907): /system/product/priv-app/Settings changed; collecting certs
06-18 13:25:16.812 E/PackageManager( 1907): Adding duplicate shared id: 1000 name=com.android.settings
06-18 13:25:16.813 W/PackageManager( 1907): Skipping provider name androidx.lifecycle.process.lifecycle-process (in package com.android.settings): name already used by com.android.systemui
06-18 13:25:16.819 I/PackageManager( 1907): /system/product/app/NexusWallpapersStubPrebuilt2018 changed; collecting certs
06-18 13:25:16.825 I/PackageManager( 1907): /system/product/app/TrichromeLibrary changed; collecting certs
06-18 13:25:16.839 I/PackageManager( 1907): /system/product/app/DMAgent changed; collecting certs
06-18 13:25:16.840 I/PackageManager( 1907): /system/product/app/MarkupGoogle changed; collecting certs
06-18 13:25:16.851 I/PackageManager( 1907): /system/product/app/SoundPickerPrebuilt changed; collecting certs
06-18 13:25:16.863 I/PackageManager( 1907): /system/product/app/GoogleContactsSyncAdapter changed; collecting certs
06-18 13:25:16.865 I/PackageManager( 1907): /system/product/app/Videos changed; collecting certs
06-18 13:25:16.878 I/PackageManager( 1907): /system/product/app/WebViewGoogle changed; collecting certs
06-18 13:25:16.905 W/PackageParser( 1907): No actions in intent filter at /system/product/app/PrebuiltBugle/PrebuiltBugle.apk Binary XML file line #1261
06-18 13:25:16.920 I/PackageManager( 1907): /system/product/app/PrebuiltBugle changed; collecting certs
06-18 13:25:16.929 I/PackageParser( 1907): Parse times for '/system/product/app/LatinIMEGooglePrebuilt': parse=109ms, update_cache=2 ms
06-18 13:25:16.930 I/PackageManager( 1907): /system/product/app/Chrome changed; collecting certs
06-18 13:25:16.933 I/PackageManager( 1907): /system/product/app/LatinIMEGooglePrebuilt changed; collecting certs
06-18 13:25:16.938 I/PackageManager( 1907): /system/product/app/ModuleMetadataGoogle changed; collecting certs
06-18 13:25:16.946 I/PackageManager( 1907): /system/product/app/Camera2 changed; collecting certs
06-18 13:25:16.947 W/PackageParser( 1907): No actions in intent filter at /system/product/app/Drive/Drive.apk Binary XML file line #1759
06-18 13:25:16.953 I/PackageManager( 1907): /system/product/app/Drive changed; collecting certs
06-18 13:25:16.865 I/chatty  ( 1804): uid=0(root) /system/bin/storaged identical 1 line
06-18 13:25:16.965 I/ServiceManager( 1804): Waiting for service 'package_native' on '/dev/binder'...
06-18 13:25:16.979 I/PackageManager( 1907): New shared user com.google.android.apps.maps: id=10137
06-18 13:25:16.979 I/PackageManager( 1907): /system/product/app/Maps changed; collecting certs
06-18 13:25:16.981 E/PackageManager( 1907): Adding duplicate app id: 10137 name=com.google.android.apps.maps
06-18 13:25:16.994 I/PackageManager( 1907): /system/product/app/WallpapersBReel2018 changed; collecting certs
06-18 13:25:17.004 W/PackageParser( 1907): No actions in intent filter at /system/product/app/PrebuiltGmail/PrebuiltGmail.apk Binary XML file line #735
06-18 13:25:17.004 W/PackageParser( 1907): No actions in intent filter at /system/product/app/PrebuiltGmail/PrebuiltGmail.apk Binary XML file line #800
06-18 13:25:17.014 W/PackageParser( 1907): No actions in intent filter at /system/product/app/CalendarGooglePrebuilt/CalendarGooglePrebuilt.apk Binary XML file line #500
06-18 13:25:17.052 I/PackageParser( 1907): Parse times for '/system/product/app/PrebuiltGmail': parse=82ms, update_cache=48 ms
06-18 13:25:17.053 I/PackageParser( 1907): Parse times for '/system/product/app/CalendarGooglePrebuilt': parse=69ms, update_cache=39 ms
06-18 13:25:17.053 I/PackageManager( 1907): /system/product/app/Music2 changed; collecting certs
06-18 13:25:17.055 I/PackageManager( 1907): /system/product/app/PrebuiltGmail changed; collecting certs
06-18 13:25:17.057 I/PackageManager( 1907): New shared user com.google.android.calendar.uid.shared: id=10141
06-18 13:25:17.057 I/PackageManager( 1907): /system/product/app/CalendarGooglePrebuilt changed; collecting certs
06-18 13:25:17.058 E/PackageManager( 1907): Adding duplicate app id: 10141 name=com.google.android.calendar
06-18 13:25:17.059 W/PackageParser( 1907): No actions in intent filter at /system/product/app/Photos/Photos.apk Binary XML file line #1857
06-18 13:25:17.065 I/ServiceManager( 1804): Waiting for service 'package_native' on '/dev/binder'...
06-18 13:25:17.066 I/PackageManager( 1907): /system/product/app/Photos changed; collecting certs
06-18 13:25:17.078 I/PackageManager( 1907): /system/product/app/GoogleTTS changed; collecting certs
06-18 13:25:17.086 I/PackageManager( 1907): /system/product/app/PrebuiltDeskClockGoogle changed; collecting certs
06-18 13:25:17.106 W/PackageParser( 1907): Unknown element under <manifest>: meta-data at /system/product/app/YouTube/YouTube.apk Binary XML file line #113
06-18 13:25:17.106 W/PackageParser( 1907): Unknown element under <manifest>: queries at /system/product/app/YouTube/YouTube.apk Binary XML file line #115
06-18 13:25:17.112 I/PackageManager( 1907): /system/product/app/YouTube changed; collecting certs
06-18 13:25:17.117 D/PackageManager( 1907): No files in app dir /product_services/priv-app
06-18 13:25:17.117 D/PackageManager( 1907): No files in app dir /product_services/app
06-18 13:25:17.117 I/PackageManager( 1907): Finished scanning system apps. Time: 1007 ms, packageCount: 177 , timePerPackage: 5 , cached: 0
06-18 13:25:17.117 D/PackageManager( 1907): No files in app dir /data/app
06-18 13:25:17.117 I/PackageManager( 1907): Finished scanning non-system apps. Time: 0 ms, packageCount: 0 , timePerPackage: 0 , cached: 0
06-18 13:25:17.118 E/installd( 1789): Invalid path /system/product/priv-app/GoogleServicesFramework: No such file or directory
06-18 13:25:17.118 E/installd( 1789): Invalid path /system/product/priv-app/Settings: No such file or directory
06-18 13:25:17.119 E/installd( 1789): Invalid path /system/framework/framework-res.apk: No such file or directory
06-18 13:25:17.119 I/PackageManager( 1907): Time to scan packages: 1.009 seconds
06-18 13:25:17.119 I/PackageManager( 1907): Un-granting permission android.permission.MANAGE_DOCUMENTS from package com.google.android.youtube (protectionLevel=262146 flags=0x305bbe45)
06-18 13:25:17.120 I/PackageManager( 1907): Un-granting permission com.google.android.googleapps.permission.GOOGLE_AUTH from package com.android.providers.calendar (protectionLevel=2 flags=0x30083e45)
06-18 13:25:17.120 I/PackageManager( 1907): Un-granting permission com.google.android.googleapps.permission.GOOGLE_AUTH.cl from package com.android.providers.calendar (protectionLevel=2 flags=0x30083e45)
06-18 13:25:17.120 I/PackageManager( 1907): Un-granting permission android.permission.WRITE_SECURE_SETTINGS from package com.google.android.apps.enterprise.dmagent (protectionLevel=50 flags=0x30083e05)
06-18 13:25:17.120 I/PackageManager( 1907): Un-granting permission android.permission.CONNECTIVITY_INTERNAL from package com.google.android.apps.enterprise.dmagent (protectionLevel=18 flags=0x30083e05)
06-18 13:25:17.120 I/PackageManager( 1907): Un-granting permission android.permission.MANAGE_USB from package com.google.android.apps.enterprise.dmagent (protectionLevel=18 flags=0x30083e05)
06-18 13:25:17.120 I/PackageManager( 1907): Un-granting permission android.permission.CHANGE_COMPONENT_ENABLED_STATE from package com.google.android.apps.enterprise.dmagent (protectionLevel=18 flags=0x30083e05)
06-18 13:25:17.120 I/PackageManager( 1907): Un-granting permission android.permission.MANAGE_CA_CERTIFICATES from package com.google.android.apps.enterprise.dmagent (protectionLevel=18 flags=0x30083e05)
06-18 13:25:17.121 I/PackageManager( 1907): Un-granting permission android.permission.MANAGE_USERS from package com.google.android.apps.enterprise.dmagent (protectionLevel=18 flags=0x30083e05)
06-18 13:25:17.121 I/PackageManager( 1907): Un-granting permission com.google.android.setupwizard.READ_DEVICE_ORIGIN from package com.google.android.apps.messaging (protectionLevel=18 flags=0x384bbe45)
06-18 13:25:17.121 I/PackageManager( 1907): Un-granting permission android.permission.BIND_WALLPAPER from package com.android.camera2 (protectionLevel=18 flags=0x2058bc45)
06-18 13:25:17.122 I/PackageManager( 1907): Un-granting permission android.permission.REQUEST_INSTALL_PACKAGES from package com.google.android.gm (protectionLevel=66 flags=0x384bbe45)
06-18 13:25:17.122 I/PackageManager( 1907): Un-granting permission android.permission.GRANT_RUNTIME_PERMISSIONS from package com.google.android.permissioncontroller (protectionLevel=770 flags=0x30483e05)
06-18 13:25:17.122 I/PackageManager( 1907): Un-granting permission android.permission.REVOKE_RUNTIME_PERMISSIONS from package com.google.android.permissioncontroller (protectionLevel=770 flags=0x30483e05)
06-18 13:25:17.122 I/PackageManager( 1907): Un-granting permission android.permission.ADJUST_RUNTIME_PERMISSIONS_POLICY from package com.google.android.permissioncontroller (protectionLevel=258 flags=0x30483e05)
06-18 13:25:17.122 I/PackageManager( 1907): Un-granting permission android.permission.WHITELIST_RESTRICTED_PERMISSIONS from package com.google.android.permissioncontroller (protectionLevel=258 flags=0x30483e05)
06-18 13:25:17.122 I/PackageManager( 1907): Un-granting permission android.permission.INTERACT_ACROSS_USERS_FULL from package com.google.android.permissioncontroller (protectionLevel=258 flags=0x30483e05)
06-18 13:25:17.122 I/PackageManager( 1907): Un-granting permission android.permission.MANAGE_APP_OPS_MODES from package com.google.android.permissioncontroller (protectionLevel=770 flags=0x30483e05)
06-18 13:25:17.122 I/PackageManager( 1907): Un-granting permission android.permission.KILL_UID from package com.google.android.permissioncontroller (protectionLevel=258 flags=0x30483e05)
06-18 13:25:17.122 I/PackageManager( 1907): Un-granting permission android.permission.MANAGE_APP_OPS_RESTRICTIONS from package com.google.android.permissioncontroller (protectionLevel=258 flags=0x30483e05)
06-18 13:25:17.122 I/PackageManager( 1907): Un-granting permission android.permission.HIDE_NON_SYSTEM_OVERLAY_WINDOWS from package com.google.android.permissioncontroller (protectionLevel=258 flags=0x30483e05)
06-18 13:25:17.122 I/PackageManager( 1907): Un-granting permission android.permission.MANAGE_ROLE_HOLDERS from package com.google.android.permissioncontroller (protectionLevel=258 flags=0x30483e05)
06-18 13:25:17.122 I/PackageManager( 1907): Un-granting permission android.permission.OBSERVE_ROLE_HOLDERS from package com.google.android.permissioncontroller (protectionLevel=258 flags=0x30483e05)
06-18 13:25:17.122 I/PackageManager( 1907): Un-granting permission android.permission.SET_PREFERRED_APPLICATIONS from package com.google.android.permissioncontroller (protectionLevel=770 flags=0x30483e05)
06-18 13:25:17.122 I/PackageManager( 1907): Un-granting permission android.permission.ACCESS_SHARED_LIBRARIES from package com.google.android.permissioncontroller (protectionLevel=258 flags=0x30483e05)
06-18 13:25:17.122 I/PackageManager( 1907): Un-granting permission android.permission.ACCESS_INSTANT_APPS from package com.google.android.permissioncontroller (protectionLevel=131842 flags=0x30483e05)
06-18 13:25:17.122 I/PackageManager( 1907): Un-granting permission android.permission.OPEN_ACCESSIBILITY_DETAILS_SETTINGS from package com.google.android.permissioncontroller (protectionLevel=258 flags=0x30483e05)
06-18 13:25:17.123 I/PackageManager( 1907): Un-granting permission android.permission.BIND_JOB_SERVICE from package com.google.android.music (protectionLevel=2 flags=0x384bbe65)
06-18 13:25:17.123 I/PackageManager( 1907): Un-granting permission android.permission.CONNECTIVITY_USE_RESTRICTED_NETWORKS from package com.google.android.captiveportallogin (protectionLevel=18 flags=0x3848be45)
06-18 13:25:17.123 I/PackageManager( 1907): Un-granting permission android.permission.NETWORK_BYPASS_PRIVATE_DNS from package com.google.android.captiveportallogin (protectionLevel=2 flags=0x3848be45)
06-18 13:25:17.123 I/PackageManager( 1907): Un-granting permission android.permission.REQUEST_INSTALL_PACKAGES from package com.google.android.apps.docs (protectionLevel=66 flags=0x384bbe45)
06-18 13:25:17.124 I/PackageManager( 1907): Un-granting permission android.permission.INTERACT_ACROSS_USERS from package com.google.android.syncadapters.contacts (protectionLevel=50 flags=0x20083e45)
06-18 13:25:17.124 I/PackageManager( 1907): Un-granting permission android.permission.REQUEST_INSTALL_PACKAGES from package com.android.chrome (protectionLevel=66 flags=0xa04bbe45)
06-18 13:25:17.124 I/PackageManager( 1907): Un-granting permission com.google.android.apps.now.CURRENT_ACCOUNT_ACCESS from package com.android.chrome (protectionLevel=2 flags=0xa04bbe45)
06-18 13:25:17.124 I/PackageManager( 1907): Un-granting permission android.permission.HIDE_NON_SYSTEM_OVERLAY_WINDOWS from package com.google.android.packageinstaller (protectionLevel=258 flags=0x30483e45)
06-18 13:25:17.124 I/PackageManager( 1907): Un-granting permission android.permission.MANAGE_APP_OPS_MODES from package com.google.android.packageinstaller (protectionLevel=770 flags=0x30483e45)
06-18 13:25:17.124 I/PackageManager( 1907): Un-granting permission android.permission.INTERACT_ACROSS_USERS_FULL from package com.google.android.packageinstaller (protectionLevel=258 flags=0x30483e45)
06-18 13:25:17.124 I/PackageManager( 1907): Un-granting permission android.permission.CAPTURE_VIDEO_OUTPUT from package com.google.android.gms (protectionLevel=2 flags=0xb04abe45)
06-18 13:25:17.124 I/PackageManager( 1907): Un-granting permission android.permission.MANAGE_DEVICE_ADMINS from package com.google.android.gms (protectionLevel=2 flags=0xb04abe45)
06-18 13:25:17.124 I/PackageManager( 1907): Un-granting permission android.permission.MANAGE_ACTIVITY_STACKS from package com.google.android.gms (protectionLevel=2 flags=0xb04abe45)
06-18 13:25:17.124 I/PackageManager( 1907): Un-granting permission android.permission.CAPTURE_SECURE_VIDEO_OUTPUT from package com.google.android.gms (protectionLevel=2 flags=0xb04abe45)
06-18 13:25:17.124 I/PackageManager( 1907): Un-granting permission android.permission.MANAGE_ROLLBACKS from package com.google.android.gms (protectionLevel=514 flags=0xb04abe45)
06-18 13:25:17.125 I/PackageManager( 1907): Un-granting permission com.google.android.googleapps.permission.GOOGLE_AUTH from package com.google.android.videos (protectionLevel=2 flags=0x305bbe45)
06-18 13:25:17.126 I/PackageManager( 1907): Un-granting permission android.permission.WRITE_MEDIA_STORAGE from package com.google.android.apps.photos (protectionLevel=18 flags=0x3859be45)
06-18 13:25:17.129 W/PackageManager( 1907): Unknown package com.google.android.apps.docs.editors.docs in sysconfig <app-link>
06-18 13:25:17.129 W/PackageManager( 1907): Unknown package com.google.android.apps.docs.editors.sheets in sysconfig <app-link>
06-18 13:25:17.129 W/PackageManager( 1907): Unknown package com.google.android.apps.docs.editors.slides in sysconfig <app-link>
06-18 13:25:17.129 W/PackageManager( 1907): Sysconfig <app-link> package 'com.android.vending' does not handle web links
06-18 13:25:17.129 W/PackageManager( 1907): Unknown package com.google.android.apps.plus in sysconfig <app-link>
06-18 13:25:17.129 W/PackageManager( 1907): Unknown package com.google.android.apps.tycho in sysconfig <app-link>
06-18 13:25:17.129 W/PackageManager( 1907): Unknown package com.google.android.talk in sysconfig <app-link>
06-18 13:25:17.129 V/PackageManager( 1907): reconcileAppsData for null u0 0x1 migrateAppData=true
06-18 13:25:17.130 I/SELinux ( 1789): SELinux: Loaded file_contexts
06-18 13:25:17.152 V/PackageManager( 1907): reconcileAppsData finished 20 packages
06-18 13:25:17.153 D/SystemServerInitThreadPool( 1907): Started executing prepareAppData
06-18 13:25:17.153 D/SystemServerTimingAsync( 1907): AppDataFixup took to complete: 1ms
06-18 13:25:17.165 I/ServiceManager( 1804): Waiting for service 'package_native' on '/dev/binder'...
06-18 13:25:17.166 I/SELinux ( 1907): SELinux: Loaded file_contexts
06-18 13:25:17.170 E/PackageManager( 1907): There should probably be a verifier, but, none were found
06-18 13:25:17.171 V/PackageManager( 1907): Ephemeral resolver found; pkg: com.google.android.gms, info:ResolveInfo{6523d0c com.google.android.gms/.chimera.PersistentBoundBrokerService m=0x108000}
06-18 13:25:17.171 D/PackageManager( 1907): Set ephemeral resolver: Pair{ComponentInfo{com.google.android.gms/com.google.android.gms.chimera.PersistentBoundBrokerService} android.intent.action.RESOLVE_INSTANT_APP_PACKAGE}
06-18 13:25:17.172 D/PackageManager( 1907): Instant App installer not found with android.intent.action.INSTALL_INSTANT_APP_PACKAGE
06-18 13:25:17.172 D/PackageManager( 1907): Clear ephemeral installer activity
06-18 13:25:17.205 I/system_server( 1907): Explicit concurrent copying GC freed 201991(16MB) AllocSpace objects, 154(4964KB) LOS objects, 42% free, 6468KB/11MB, paused 668us total 28.931ms
06-18 13:25:17.211 I/Watchdog( 1907): Resuming HandlerChecker: main thread for reason: packagemanagermain. Pause count: 0
06-18 13:25:17.212 D/SystemServerTiming( 1907): StartPackageManagerService took to complete: 1123ms
06-18 13:25:17.212 I/SystemServer( 1907): StartOtaDexOptService
06-18 13:25:17.212 I/Watchdog( 1907): Pausing HandlerChecker: main thread for reason: moveab. Pause count: 1
06-18 13:25:17.213 D/OTADexopt( 1907): No upgrade, skipping A/B artifacts check.
06-18 13:25:17.213 I/Watchdog( 1907): Resuming HandlerChecker: main thread for reason: moveab. Pause count: 0
06-18 13:25:17.213 D/SystemServerTiming( 1907): StartOtaDexOptService took to complete: 1ms
06-18 13:25:17.213 I/SystemServer( 1907): StartUserManagerService
06-18 13:25:17.213 I/SystemServiceManager( 1907): Starting com.android.server.pm.UserManagerService$LifeCycle
06-18 13:25:17.213 D/SystemServerTiming( 1907): StartUserManagerService took to complete: 1ms
06-18 13:25:17.213 I/SystemServer( 1907): InitAttributerCache
06-18 13:25:17.213 D/SystemServerTiming( 1907): InitAttributerCache took to complete: 0ms
06-18 13:25:17.213 I/SystemServer( 1907): SetSystemProcess
06-18 13:25:17.216 I/lowmemorykiller( 1731): lmkd data connection established
06-18 13:25:17.217 D/SystemServerTiming( 1907): SetSystemProcess took to complete: 3ms
06-18 13:25:17.217 I/SystemServer( 1907): InitWatchdog
06-18 13:25:17.217 D/SystemServerTiming( 1907): InitWatchdog took to complete: 0ms
06-18 13:25:17.217 I/SystemServer( 1907): StartOverlayManagerService
06-18 13:25:17.227 I/        ( 1727): Waiting for sensor privacy service
06-18 13:25:17.235 I/        ( 1783): Waiting for sensor privacy service
06-18 13:25:17.269 I/storaged( 1804): storaged: Start
06-18 13:25:17.406 D/SystemServerTimingAsync( 1907): AppDataPrepare took to complete: 252ms
06-18 13:25:17.406 I/PackageManager( 1907): Deferred reconcileAppsData finished 157 packages
06-18 13:25:17.406 D/SystemServerInitThreadPool( 1907): Finished executing prepareAppData
06-18 13:25:17.407 D/SystemServerTiming( 1907): StartOverlayManagerService took to complete: 189ms
06-18 13:25:17.407 I/SystemServer( 1907): StartSensorPrivacyService
06-18 13:25:17.407 D/SystemServerTiming( 1907): StartSensorPrivacyService took to complete: 1ms
06-18 13:25:17.407 I/SystemServer( 1907): StartBatteryService
06-18 13:25:17.407 D/SystemServerInitThreadPool( 1907): Started executing StartSensorService
06-18 13:25:17.407 D/SensorService( 1907): nuSensorService starting...
06-18 13:25:17.407 I/SystemServiceManager( 1907): Starting com.android.server.BatteryService
06-18 13:25:17.408 I/hwservicemanager( 1567): getTransport: Cannot find entry android.hardware.sensors@2.0::ISensors/default in either framework or device manifest.
06-18 13:25:17.410 I/SensorService( 1907): Reported power 0.000000 not deemed sane, clamping to 0.001000
06-18 13:25:17.411 I/android_os_HwBinder( 1907): HwBinder: Starting thread pool for getting: android.hardware.health@2.0::IHealth/default
06-18 13:25:17.411 I/SensorService( 1907): Generated new HMAC key.
06-18 13:25:17.412 D/SensorService( 1907): nuSensorService thread starting...
06-18 13:25:17.413 D/SystemServerTimingAsync( 1907): StartSensorService took to complete: 5ms
06-18 13:25:17.413 D/SystemServerInitThreadPool( 1907): Finished executing StartSensorService
06-18 13:25:17.413 I/ServiceManagement( 1783): Registered android.frameworks.cameraservice.service@2.0::ICameraService/default (start delay of 3400ms)
06-18 13:25:17.413 D/SensorService( 1907): new thread SensorEventAckReceiver
06-18 13:25:17.419 I/android_os_HwBinder( 1907): HwBinder: Starting thread pool for getting: android.hidl.manager@1.0::IServiceManager/default
06-18 13:25:17.420 I/HealthServiceWrapper( 1907): health: HealthServiceWrapper listening to instance default
06-18 13:25:17.420 I/BatteryService( 1907): health: Waited 0ms and received the update.
06-18 13:25:17.420 I/android_os_HwBinder( 1907): HwBinder: Starting thread pool for getting: android.hardware.health@2.0::IHealth/default
06-18 13:25:17.421 D/SystemServerTiming( 1907): StartBatteryService took to complete: 13ms
06-18 13:25:17.421 I/SystemServer( 1907): StartUsageService
06-18 13:25:17.421 I/SystemServiceManager( 1907): Starting com.android.server.usage.UsageStatsService
06-18 13:25:17.427 I/UsageStatsDatabase( 1907): Upgrading from version 0 to 4
06-18 13:25:17.427 I/UsageStatsDatabase( 1907): Deleting all usage stats files
06-18 13:25:17.428 I/UsageStatsService( 1907): User[0] Rollover scheduled @ 2026-06-19 13:25:17(1781875517425)
06-18 13:25:17.429 D/SystemServerTiming( 1907): StartUsageService took to complete: 8ms
06-18 13:25:17.429 I/SystemServer( 1907): StartWebViewUpdateService
06-18 13:25:17.429 I/SystemServiceManager( 1907): Starting com.android.server.webkit.WebViewUpdateService
06-18 13:25:17.430 I/hwservicemanager( 1567): getTransport: Cannot find entry android.hardware.soundtrigger@2.0::ISoundTriggerHw/default in either framework or device manifest.
06-18 13:25:17.430 E/SoundTriggerHwService( 1727): could not read implementation properties
06-18 13:25:17.432 D/SystemServerTiming( 1907): StartWebViewUpdateService took to complete: 3ms
06-18 13:25:17.432 I/SystemServer( 1907): StartCachedDeviceStateService
06-18 13:25:17.432 I/SystemServiceManager( 1907): Starting com.android.server.CachedDeviceStateService
06-18 13:25:17.432 D/SystemServerTiming( 1907): StartCachedDeviceStateService took to complete: 1ms
06-18 13:25:17.432 I/SystemServer( 1907): StartBinderCallsStatsService
06-18 13:25:17.432 I/SystemServiceManager( 1907): Starting com.android.server.BinderCallsStatsService$LifeCycle
06-18 13:25:17.433 D/SystemServerTiming( 1907): StartBinderCallsStatsService took to complete: 0ms
06-18 13:25:17.433 I/SystemServer( 1907): StartLooperStatsService
06-18 13:25:17.433 I/SystemServiceManager( 1907): Starting com.android.server.LooperStatsService$Lifecycle
06-18 13:25:17.433 D/SystemServerTiming( 1907): StartLooperStatsService took to complete: 1ms
06-18 13:25:17.433 I/SystemServer( 1907): StartRollbackManagerService
06-18 13:25:17.433 I/SystemServiceManager( 1907): Starting com.android.server.rollback.RollbackManagerService
06-18 13:25:17.435 D/installd( 1789): Found quota mount /dev/block/vdc at /data
06-18 13:25:17.436 D/SystemServerTiming( 1907): StartRollbackManagerService took to complete: 3ms
06-18 13:25:17.437 I/SystemServer( 1907): StartBugreportManagerService
06-18 13:25:17.437 I/SystemServiceManager( 1907): Starting com.android.server.os.BugreportManagerService
06-18 13:25:17.437 D/SystemServerTiming( 1907): StartBugreportManagerService took to complete: 1ms
06-18 13:25:17.437 I/SystemServer( 1907): GpuService
06-18 13:25:17.437 I/SystemServiceManager( 1907): Starting com.android.server.gpu.GpuService
06-18 13:25:17.437 D/SystemServerTiming( 1907): GpuService took to complete: 0ms
06-18 13:25:17.438 D/SystemServerInitThreadPool( 1907): Started executing SecondaryZygotePreload
06-18 13:25:17.438 I/SystemServer( 1907): SecondaryZygotePreload
06-18 13:25:17.438 I/SystemServer( 1907): StartKeyAttestationApplicationIdProviderService
06-18 13:25:17.439 D/SystemServerTiming( 1907): StartKeyAttestationApplicationIdProviderService took to complete: 0ms
06-18 13:25:17.439 I/SystemServer( 1907): StartKeyChainSystemService
06-18 13:25:17.439 I/SystemServiceManager( 1907): Starting com.android.server.security.KeyChainSystemService
06-18 13:25:17.439 D/SystemServerTiming( 1907): StartKeyChainSystemService took to complete: 1ms
06-18 13:25:17.439 I/SystemServer( 1907): StartSchedulingPolicyService
06-18 13:25:17.439 D/SystemServerInitThreadPool( 1907): Started executing SchedulingPolicyService.<init>
06-18 13:25:17.440 D/SystemServerTiming( 1907): StartSchedulingPolicyService took to complete: 0ms
06-18 13:25:17.440 I/SystemServer( 1907): StartTelecomLoaderService
06-18 13:25:17.440 I/SystemServiceManager( 1907): Starting com.android.server.telecom.TelecomLoaderService
06-18 13:25:17.440 D/SystemServerTiming( 1907): StartTelecomLoaderService took to complete: 1ms
06-18 13:25:17.440 I/SystemServer( 1907): StartTelephonyRegistry
06-18 13:25:17.441 I/SchedulingPolicyService( 1907): Moving 1810 back to group default
06-18 13:25:17.441 D/SystemServerInitThreadPool( 1907): Finished executing SchedulingPolicyService.<init>
06-18 13:25:17.442 D/SystemServerTiming( 1907): StartTelephonyRegistry took to complete: 1ms
06-18 13:25:17.442 I/SystemServer( 1907): StartEntropyMixer
06-18 13:25:17.442 W/EntropyMixer( 1907): No existing entropy file -- first boot?
06-18 13:25:17.453 I/EntropyMixer( 1907): Added HW RNG output to entropy pool
06-18 13:25:17.453 I/EntropyMixer( 1907): Writing entropy...
06-18 13:25:17.456 D/SystemServerTiming( 1907): StartEntropyMixer took to complete: 14ms
06-18 13:25:17.456 I/SystemServer( 1907): StartAccountManagerService
06-18 13:25:17.456 I/SystemServiceManager( 1907): Starting com.android.server.accounts.AccountManagerService$Lifecycle
06-18 13:25:17.458 D/SystemServerTiming( 1907): StartAccountManagerService took to complete: 2ms
06-18 13:25:17.459 I/SystemServer( 1907): StartContentService
06-18 13:25:17.459 I/SystemServiceManager( 1907): Starting com.android.server.content.ContentService$Lifecycle
06-18 13:25:17.461 D/SystemServerTiming( 1907): StartContentService took to complete: 3ms
06-18 13:25:17.461 I/SystemServer( 1907): InstallSystemProviders
06-18 13:25:17.464 I/system_server( 1907): The ClassLoaderContext is a special shared library.
06-18 13:25:17.493 I/SettingsState( 1907): No settings state /data/system/users/0/settings_system.xml
06-18 13:25:17.498 I/SettingsState( 1907): No settings state /data/system/users/0/settings_secure.xml
06-18 13:25:17.500 I/Zygote  ( 1665): Lazily preloading resources.
06-18 13:25:17.500 D/Zygote  ( 1665): begin preload
06-18 13:25:17.500 I/Zygote  ( 1665): Calling ZygoteHooks.beginPreload()
06-18 13:25:17.502 D/SettingsProvider( 1907): Generated and saved new ANDROID_ID [a74e69d09d20420f] for user 0
06-18 13:25:17.505 I/SettingsState( 1907): No settings state /data/system/users/0/settings_global.xml
06-18 13:25:17.507 D/ZygoteInitTiming_lazy( 1665): BeginPreload took to complete: 8ms
06-18 13:25:17.507 I/Zygote  ( 1665): Preloading classes...
06-18 13:25:17.508 W/Zygote  ( 1665): Class not found for preloading: android.app.-$$Lambda$ActivityThread$ZXDWm3IBeFmLnFVblhB-IOZCr9o
06-18 13:25:17.512 D/SettingsProvider( 1907): Setting [com.google.android.gms/.autofill.service.AutofillService] as Autofill Service for user 0
06-18 13:25:17.519 I/SettingsState( 1907): No settings state /data/system/users/0/settings_config.xml
06-18 13:25:17.519 I/SettingsState( 1907): No settings state /data/system/users/0/settings_ssaid.xml
06-18 13:25:17.524 D/SystemServerTiming( 1907): InstallSystemProviders took to complete: 62ms
06-18 13:25:17.524 I/SystemServer( 1907): StartDropBoxManager
06-18 13:25:17.524 I/SystemServiceManager( 1907): Starting com.android.server.DropBoxManagerService
06-18 13:25:17.524 D/SystemServerTiming( 1907): StartDropBoxManager took to complete: 1ms
06-18 13:25:17.524 I/SystemServer( 1907): StartVibratorService
06-18 13:25:17.524 I/hwservicemanager( 1567): getTransport: Cannot find entry android.hardware.vibrator@1.0::IVibrator/default in either framework or device manifest.
06-18 13:25:17.525 I/hwservicemanager( 1567): getTransport: Cannot find entry android.hardware.vibrator@1.0::IVibrator/default in either framework or device manifest.
06-18 13:25:17.525 E/VibratorService( 1907): vibratorOff command failed (1).
06-18 13:25:17.525 I/hwservicemanager( 1567): getTransport: Cannot find entry android.hardware.vibrator@1.0::IVibrator/default in either framework or device manifest.
06-18 13:25:17.525 I/hwservicemanager( 1567): getTransport: Cannot find entry android.hardware.vibrator@1.3::IVibrator/default in either framework or device manifest.
06-18 13:25:17.526 D/SystemServerTiming( 1907): StartVibratorService took to complete: 1ms
06-18 13:25:17.526 I/SystemServer( 1907): StartDynamicSystemService
06-18 13:25:17.526 D/SystemServerTiming( 1907): StartDynamicSystemService took to complete: 1ms
06-18 13:25:17.526 I/SystemServer( 1907): StartConsumerIrService
06-18 13:25:17.527 I/hwservicemanager( 1567): getTransport: Cannot find entry android.hardware.ir@1.0::IConsumerIr/default in either framework or device manifest.
06-18 13:25:17.527 D/SystemServerTiming( 1907): StartConsumerIrService took to complete: 1ms
06-18 13:25:17.527 I/SystemServer( 1907): StartAlarmManagerService
06-18 13:25:17.528 D/AlarmManagerService( 1907): Kernel timezone updated to 0 minutes west of GMT
06-18 13:25:17.529 D/SystemServerTiming( 1907): StartAlarmManagerService took to complete: 2ms
06-18 13:25:17.529 I/SystemServer( 1907): StartInputManagerService
06-18 13:25:17.529 I/InputManager( 1907): Initializing input manager, mUseDevInputEventForAudioJack=true
06-18 13:25:17.529 I/InputClassifier( 1907): Deep press feature enabled.
06-18 13:25:17.530 I/hwservicemanager( 1567): getTransport: Cannot find entry android.hardware.input.classifier@1.0::IInputClassifier/default in either framework or device manifest.
06-18 13:25:17.530 D/SystemServerTiming( 1907): StartInputManagerService took to complete: 1ms
06-18 13:25:17.530 I/SystemServer( 1907): StartWindowManagerService
06-18 13:25:17.533 I/InputClassifier( 1907): Could not obtain InputClassifier HAL
06-18 13:25:17.533 I/WindowManager( 1907): No existing display settings, starting empty
06-18 13:25:17.536 I/WindowTracing( 1907): Setting window tracing log level to 1
06-18 13:25:17.536 I/WindowTracing( 1907): Setting window tracing buffer capacity to 2097152bytes
06-18 13:25:17.538 D/SystemServerTiming( 1907): StartWindowManagerService took to complete: 8ms
06-18 13:25:17.538 I/SystemServer( 1907): SetWindowManagerService
06-18 13:25:17.539 E/InputClassifier( 1907): InputClassifier HAL has died. Setting mMotionClassifier to null
06-18 13:25:17.542 I/DropBoxManagerService( 1907): add tag=system_server_strictmode isTagEnabled=true flags=0x2
06-18 13:25:17.543 I/DropBoxManagerService( 1907): add tag=system_server_strictmode isTagEnabled=true flags=0x2
06-18 13:25:17.550 D/SystemServerTiming( 1907): SetWindowManagerService took to complete: 12ms
06-18 13:25:17.550 I/SystemServer( 1907): WindowManagerServiceOnInitReady
06-18 13:25:17.553 W/ShortcutManager( 1907): Unable to add bookmark: com.google.android.talk/com.google.android.talk.SigningInActivity
06-18 13:25:17.553 W/ShortcutManager( 1907): android.content.pm.PackageManager$NameNotFoundException: ComponentInfo{com.google.android.talk/com.google.android.talk.SigningInActivity}
06-18 13:25:17.553 W/ShortcutManager( 1907): 	at android.app.ApplicationPackageManager.getActivityInfo(ApplicationPackageManager.java:456)
06-18 13:25:17.553 W/ShortcutManager( 1907): 	at com.android.server.policy.ShortcutManager.loadShortcuts(ShortcutManager.java:142)
06-18 13:25:17.553 W/ShortcutManager( 1907): 	at com.android.server.policy.ShortcutManager.<init>(ShortcutManager.java:62)
06-18 13:25:17.553 W/ShortcutManager( 1907): 	at com.android.server.policy.PhoneWindowManager.init(PhoneWindowManager.java:1797)
06-18 13:25:17.553 W/ShortcutManager( 1907): 	at com.android.server.wm.WindowManagerService$5.run(WindowManagerService.java:988)
06-18 13:25:17.553 W/ShortcutManager( 1907): 	at android.os.Handler$BlockingRunnable.run(Handler.java:906)
06-18 13:25:17.553 W/ShortcutManager( 1907): 	at android.os.Handler.handleCallback(Handler.java:883)
06-18 13:25:17.553 W/ShortcutManager( 1907): 	at android.os.Handler.dispatchMessage(Handler.java:100)
06-18 13:25:17.553 W/ShortcutManager( 1907): 	at android.os.Looper.loop(Looper.java:214)
06-18 13:25:17.553 W/ShortcutManager( 1907): 	at android.os.HandlerThread.run(HandlerThread.java:67)
06-18 13:25:17.553 W/ShortcutManager( 1907): 	at com.android.server.ServiceThread.run(ServiceThread.java:44)
06-18 13:25:17.553 W/ShortcutManager( 1907): 	at com.android.server.UiThread.run(UiThread.java:43)
06-18 13:25:17.553 W/Zygote  ( 1665): Class not found for preloading: android.bluetooth.BluetoothA2dp$2
06-18 13:25:17.556 D/SystemServerTiming( 1907): WindowManagerServiceOnInitReady took to complete: 6ms
06-18 13:25:17.556 I/SystemServer( 1907): StartInputManager
06-18 13:25:17.556 D/SystemServerInitThreadPool( 1907): Started executing StartHidlServices
06-18 13:25:17.556 I/InputManager( 1907): Starting input manager
06-18 13:25:17.557 I/ServiceManagement( 1907): Registered android.frameworks.sensorservice@1.0::ISensorManager/default (start delay of 1815ms)
06-18 13:25:17.557 I/ServiceManagement( 1907): Registered android.frameworks.schedulerservice@1.0::ISchedulingPolicyService/default (start delay of 1815ms)
06-18 13:25:17.557 D/SystemServerTimingAsync( 1907): StartHidlServices took to complete: 1ms
06-18 13:25:17.557 D/SystemServerInitThreadPool( 1907): Finished executing StartHidlServices
06-18 13:25:17.558 I/PackageBackwardCompatibility( 1665): Could not find android.content.pm.AndroidTestBaseUpdater, ignoring
06-18 13:25:17.558 D/SystemServerTiming( 1907): StartInputManager took to complete: 2ms
06-18 13:25:17.558 I/SystemServer( 1907): DisplayManagerWindowManagerAndInputReady
06-18 13:25:17.559 D/SystemServerTiming( 1907): DisplayManagerWindowManagerAndInputReady took to complete: 0ms
06-18 13:25:17.559 I/SystemServer( 1907): No Bluetooth Service (Bluetooth Hardware Not Present)
06-18 13:25:17.559 I/SystemServer( 1907): IpConnectivityMetrics
06-18 13:25:17.559 I/SystemServiceManager( 1907): Starting com.android.server.connectivity.IpConnectivityMetrics
06-18 13:25:17.559 I/EventHub( 1907): wakeMechanism=EPOLLWAKEUP, usingClockIoctl=true
06-18 13:25:17.559 I/EventHub( 1907): New device: id=1, fd=125, path='/dev/input/event1', name='virtio_input_multi_touch_1', classes=0x94, configuration='/vendor/usr/idc/virtio_input_multi_touch_1.idc', keyLayout='', keyCharacterMap='', builtinKeyboard=false, 
06-18 13:25:17.560 I/EventHub( 1907): wakeMechanism=EPOLLWAKEUP, usingClockIoctl=true
06-18 13:25:17.560 I/EventHub( 1907): New device: id=2, fd=126, path='/dev/input/event11', name='virtio_input_multi_touch_11', classes=0x94, configuration='/vendor/usr/idc/virtio_input_multi_touch_11.idc', keyLayout='', keyCharacterMap='', builtinKeyboard=false, 
06-18 13:25:17.561 I/EventHub( 1907): wakeMechanism=EPOLLWAKEUP, usingClockIoctl=true
06-18 13:25:17.561 I/EventHub( 1907): New device: id=3, fd=127, path='/dev/input/event5', name='virtio_input_multi_touch_5', classes=0x94, configuration='/vendor/usr/idc/virtio_input_multi_touch_5.idc', keyLayout='', keyCharacterMap='', builtinKeyboard=false, 
06-18 13:25:17.561 I/EventHub( 1907): wakeMechanism=EPOLLWAKEUP, usingClockIoctl=true
06-18 13:25:17.561 I/EventHub( 1907): New device: id=4, fd=128, path='/dev/input/event2', name='virtio_input_multi_touch_2', classes=0x94, configuration='/vendor/usr/idc/virtio_input_multi_touch_2.idc', keyLayout='', keyCharacterMap='', builtinKeyboard=false, 
06-18 13:25:17.561 D/SystemServerTiming( 1907): IpConnectivityMetrics took to complete: 2ms
06-18 13:25:17.561 I/SystemServer( 1907): NetworkWatchlistService
06-18 13:25:17.561 I/SystemServiceManager( 1907): Starting com.android.server.net.watchlist.NetworkWatchlistService$Lifecycle
06-18 13:25:17.561 I/EventHub( 1907): wakeMechanism=EPOLLWAKEUP, usingClockIoctl=true
06-18 13:25:17.562 I/EventHub( 1907): New device: id=5, fd=129, path='/dev/input/event6', name='virtio_input_multi_touch_6', classes=0x94, configuration='/vendor/usr/idc/virtio_input_multi_touch_6.idc', keyLayout='', keyCharacterMap='', builtinKeyboard=false, 
06-18 13:25:17.562 I/EventHub( 1907): wakeMechanism=EPOLLWAKEUP, usingClockIoctl=true
06-18 13:25:17.562 I/EventHub( 1907): New device: id=6, fd=130, path='/dev/input/event3', name='virtio_input_multi_touch_3', classes=0x94, configuration='/vendor/usr/idc/virtio_input_multi_touch_3.idc', keyLayout='', keyCharacterMap='', builtinKeyboard=false, 
06-18 13:25:17.563 D/EventHub( 1907): No input device configuration file found for device 'Power Button'.
06-18 13:25:17.566 D/SystemServerTiming( 1907): NetworkWatchlistService took to complete: 4ms
06-18 13:25:17.566 I/SystemServer( 1907): PinnerService
06-18 13:25:17.566 I/SystemServiceManager( 1907): Starting com.android.server.PinnerService
06-18 13:25:17.566 D/SystemServerTiming( 1907): PinnerService took to complete: 1ms
06-18 13:25:17.566 I/SystemServer( 1907): SignedConfigService
06-18 13:25:17.567 D/SystemServerTiming( 1907): SignedConfigService took to complete: 0ms
06-18 13:25:17.567 I/WatchlistLoggingHandler( 1907): Start aggregating watchlist records.
06-18 13:25:17.569 W/EventHub( 1907): Unable to disable kernel key repeat for /dev/input/event0: Function not implemented
06-18 13:25:17.569 I/EventHub( 1907): wakeMechanism=EPOLLWAKEUP, usingClockIoctl=true
06-18 13:25:17.569 I/EventHub( 1907): New device: id=7, fd=131, path='/dev/input/event0', name='Power Button', classes=0x1, configuration='', keyLayout='/system/usr/keylayout/Generic.kl', keyCharacterMap='/system/usr/keychars/Generic.kcm', builtinKeyboard=false, 
06-18 13:25:17.570 I/EventHub( 1907): wakeMechanism=EPOLLWAKEUP, usingClockIoctl=true
06-18 13:25:17.570 I/EventHub( 1907): New device: id=8, fd=135, path='/dev/input/event10', name='virtio_input_multi_touch_10', classes=0x94, configuration='/vendor/usr/idc/virtio_input_multi_touch_10.idc', keyLayout='', keyCharacterMap='', builtinKeyboard=false, 
06-18 13:25:17.570 I/EventHub( 1907): wakeMechanism=EPOLLWAKEUP, usingClockIoctl=true
06-18 13:25:17.570 I/EventHub( 1907): New device: id=9, fd=136, path='/dev/input/event7', name='virtio_input_multi_touch_7', classes=0x94, configuration='/vendor/usr/idc/virtio_input_multi_touch_7.idc', keyLayout='', keyCharacterMap='', builtinKeyboard=false, 
06-18 13:25:17.570 I/EventHub( 1907): wakeMechanism=EPOLLWAKEUP, usingClockIoctl=true
06-18 13:25:17.570 I/EventHub( 1907): New device: id=10, fd=137, path='/dev/input/event4', name='virtio_input_multi_touch_4', classes=0x94, configuration='/vendor/usr/idc/virtio_input_multi_touch_4.idc', keyLayout='', keyCharacterMap='', builtinKeyboard=false, 
06-18 13:25:17.571 I/EventHub( 1907): wakeMechanism=EPOLLWAKEUP, usingClockIoctl=true
06-18 13:25:17.571 I/EventHub( 1907): New device: id=11, fd=138, path='/dev/input/event8', name='virtio_input_multi_touch_8', classes=0x94, configuration='/vendor/usr/idc/virtio_input_multi_touch_8.idc', keyLayout='', keyCharacterMap='', builtinKeyboard=false, 
06-18 13:25:17.571 I/EventHub( 1907): wakeMechanism=EPOLLWAKEUP, usingClockIoctl=true
06-18 13:25:17.571 I/EventHub( 1907): New device: id=12, fd=139, path='/dev/input/event9', name='virtio_input_multi_touch_9', classes=0x94, configuration='/vendor/usr/idc/virtio_input_multi_touch_9.idc', keyLayout='', keyCharacterMap='', builtinKeyboard=false, 
06-18 13:25:17.571 D/EventHub( 1907): No input device configuration file found for device 'AT Translated Set 2 keyboard'.
06-18 13:25:17.572 I/EventHub( 1907): wakeMechanism=EPOLLWAKEUP, usingClockIoctl=true
06-18 13:25:17.572 I/EventHub( 1907): New device: id=13, fd=140, path='/dev/input/event13', name='AT Translated Set 2 keyboard', classes=0x3, configuration='', keyLayout='/system/usr/keylayout/Generic.kl', keyCharacterMap='/system/usr/keychars/Generic.kcm', builtinKeyboard=false, 
06-18 13:25:17.573 I/EventHub( 1907): wakeMechanism=EPOLLWAKEUP, usingClockIoctl=true
06-18 13:25:17.573 I/EventHub( 1907): New device: id=14, fd=141, path='/dev/input/event12', name='goldfish_rotary', classes=0x1000, configuration='/vendor/usr/idc/goldfish_rotary.idc', keyLayout='', keyCharacterMap='', builtinKeyboard=false, 
06-18 13:25:17.574 I/InputReader( 1907): Device added: id=-1, name='Virtual', sources=0x00000301
06-18 13:25:17.574 I/InputReader( 1907): Device added: id=14, name='goldfish_rotary', sources=0x00400000
06-18 13:25:17.574 I/InputReader( 1907): Device added: id=13, name='AT Translated Set 2 keyboard', sources=0x00000101
06-18 13:25:17.574 I/InputReader( 1907): Touch device 'virtio_input_multi_touch_9' could not query the properties of its associated display.  The device will be inoperable until the display size becomes available.
06-18 13:25:17.574 I/InputReader( 1907): Device added: id=12, name='virtio_input_multi_touch_9', sources=0x80005002
06-18 13:25:17.574 I/InputReader( 1907): Touch device 'virtio_input_multi_touch_8' could not query the properties of its associated display.  The device will be inoperable until the display size becomes available.
06-18 13:25:17.575 I/InputReader( 1907): Device added: id=11, name='virtio_input_multi_touch_8', sources=0x80005002
06-18 13:25:17.576 I/InputReader( 1907): Touch device 'virtio_input_multi_touch_4' could not query the properties of its associated display.  The device will be inoperable until the display size becomes available.
06-18 13:25:17.576 I/InputReader( 1907): Device added: id=10, name='virtio_input_multi_touch_4', sources=0x80005002
06-18 13:25:17.576 I/InputReader( 1907): Touch device 'virtio_input_multi_touch_7' could not query the properties of its associated display.  The device will be inoperable until the display size becomes available.
06-18 13:25:17.576 I/InputReader( 1907): Device added: id=9, name='virtio_input_multi_touch_7', sources=0x80005002
06-18 13:25:17.576 I/InputReader( 1907): Touch device 'virtio_input_multi_touch_10' could not query the properties of its associated display.  The device will be inoperable until the display size becomes available.
06-18 13:25:17.576 I/InputReader( 1907): Device added: id=8, name='virtio_input_multi_touch_10', sources=0x80005002
06-18 13:25:17.576 I/InputReader( 1907): Device added: id=7, name='Power Button', sources=0x00000101
06-18 13:25:17.576 I/InputReader( 1907): Touch device 'virtio_input_multi_touch_3' could not query the properties of its associated display.  The device will be inoperable until the display size becomes available.
06-18 13:25:17.577 I/InputReader( 1907): Device added: id=6, name='virtio_input_multi_touch_3', sources=0x80005002
06-18 13:25:17.577 I/InputReader( 1907): Touch device 'virtio_input_multi_touch_6' could not query the properties of its associated display.  The device will be inoperable until the display size becomes available.
06-18 13:25:17.577 I/InputReader( 1907): Device added: id=5, name='virtio_input_multi_touch_6', sources=0x80005002
06-18 13:25:17.577 I/InputReader( 1907): Touch device 'virtio_input_multi_touch_2' could not query the properties of its associated display.  The device will be inoperable until the display size becomes available.
06-18 13:25:17.577 I/InputReader( 1907): Device added: id=4, name='virtio_input_multi_touch_2', sources=0x80005002
06-18 13:25:17.577 I/InputReader( 1907): Touch device 'virtio_input_multi_touch_5' could not query the properties of its associated display.  The device will be inoperable until the display size becomes available.
06-18 13:25:17.577 I/InputReader( 1907): Device added: id=3, name='virtio_input_multi_touch_5', sources=0x80005002
06-18 13:25:17.577 I/InputReader( 1907): Touch device 'virtio_input_multi_touch_11' could not query the properties of its associated display.  The device will be inoperable until the display size becomes available.
06-18 13:25:17.577 I/InputReader( 1907): Device added: id=2, name='virtio_input_multi_touch_11', sources=0x80005002
06-18 13:25:17.577 I/InputReader( 1907): Touch device 'virtio_input_multi_touch_1' could not query the properties of its associated display.  The device will be inoperable until the display size becomes available.
06-18 13:25:17.577 I/InputReader( 1907): Device added: id=1, name='virtio_input_multi_touch_1', sources=0x80005002
06-18 13:25:17.586 I/WindowManager( 1907): SAFE MODE not enabled
06-18 13:25:17.586 I/SystemServer( 1907): StartInputMethodManagerLifecycle
06-18 13:25:17.586 I/SystemServiceManager( 1907): Starting com.android.server.inputmethod.InputMethodManagerService$Lifecycle
06-18 13:25:17.588 D/SystemServerTiming( 1907): StartInputMethodManagerLifecycle took to complete: 1ms
06-18 13:25:17.588 I/SystemServer( 1907): StartAccessibilityManagerService
06-18 13:25:17.588 I/SystemServiceManager( 1907): Starting com.android.server.accessibility.AccessibilityManagerService$Lifecycle
06-18 13:25:17.588 D/SystemServerTiming( 1907): StartAccessibilityManagerService took to complete: 1ms
06-18 13:25:17.588 I/SystemServer( 1907): MakeDisplayReady
06-18 13:25:17.588 W/InputReader( 1907): Device has associated, but no associated display id.
06-18 13:25:17.589 I/ActivityTaskManager( 1907): Config changes=20005df8 {1.0 ?mcc?mnc [en_US] ldltr sw320dp w320dp h616dp 160dpi nrml long port ?uimode ?night finger qwerty/v/v -nav/h winConfig={ mBounds=Rect(0, 0 - 320, 640) mAppBounds=Rect(0, 0 - 320, 640) mWindowingMode=fullscreen mDisplayWindowingMode=fullscreen mActivityType=undefined mAlwaysOnTop=undefined mRotation=ROTATION_0} s.2}
06-18 13:25:17.590 I/ActivityTaskManager( 1907): Override config changes=60007dfc {1.0 ?mcc?mnc [en_US] ldltr sw320dp w320dp h616dp 160dpi nrml long port ?uimode ?night finger qwerty/v/v -nav/h winConfig={ mBounds=Rect(0, 0 - 320, 640) mAppBounds=Rect(0, 0 - 320, 640) mWindowingMode=fullscreen mDisplayWindowingMode=fullscreen mActivityType=undefined mAlwaysOnTop=undefined mRotation=ROTATION_0} s.2} for displayId=0
06-18 13:25:17.589 I/chatty  ( 1907): uid=1000 system_server identical 9 lines
06-18 13:25:17.589 W/InputReader( 1907): Device has associated, but no associated display id.
06-18 13:25:17.596 I/InputManager-JNI( 1907): Viewport [0] to add: local:0
06-18 13:25:17.596 D/SystemServerTiming( 1907): MakeDisplayReady took to complete: 8ms
06-18 13:25:17.596 I/SystemServer( 1907): StartStorageManagerService
06-18 13:25:17.596 I/SystemServiceManager( 1907): Starting com.android.server.StorageManagerService$Lifecycle
06-18 13:25:17.596 I/InputReader( 1907): Reconfiguring input devices.  changes=0x00000004
06-18 13:25:17.596 I/InputReader( 1907): Device reconfigured: id=1, name='virtio_input_multi_touch_1', size 320x640, orientation 0, mode 1, display id 0
06-18 13:25:17.596 I/InputReader( 1907): Touch device 'virtio_input_multi_touch_11' could not query the properties of its associated display.  The device will be inoperable until the display size becomes available.
06-18 13:25:17.596 I/InputReader( 1907): Touch device 'virtio_input_multi_touch_5' could not query the properties of its associated display.  The device will be inoperable until the display size becomes available.
06-18 13:25:17.596 I/InputReader( 1907): Touch device 'virtio_input_multi_touch_2' could not query the properties of its associated display.  The device will be inoperable until the display size becomes available.
06-18 13:25:17.596 I/InputReader( 1907): Touch device 'virtio_input_multi_touch_6' could not query the properties of its associated display.  The device will be inoperable until the display size becomes available.
06-18 13:25:17.596 I/InputReader( 1907): Touch device 'virtio_input_multi_touch_3' could not query the properties of its associated display.  The device will be inoperable until the display size becomes available.
06-18 13:25:17.596 I/InputReader( 1907): Touch device 'virtio_input_multi_touch_10' could not query the properties of its associated display.  The device will be inoperable until the display size becomes available.
06-18 13:25:17.596 I/InputReader( 1907): Touch device 'virtio_input_multi_touch_7' could not query the properties of its associated display.  The device will be inoperable until the display size becomes available.
06-18 13:25:17.596 I/InputReader( 1907): Touch device 'virtio_input_multi_touch_4' could not query the properties of its associated display.  The device will be inoperable until the display size becomes available.
06-18 13:25:17.596 I/InputReader( 1907): Touch device 'virtio_input_multi_touch_8' could not query the properties of its associated display.  The device will be inoperable until the display size becomes available.
06-18 13:25:17.597 I/InputReader( 1907): Touch device 'virtio_input_multi_touch_9' could not query the properties of its associated display.  The device will be inoperable until the display size becomes available.
06-18 13:25:17.600 D/SystemServerTiming( 1907): StartStorageManagerService took to complete: 4ms
06-18 13:25:17.600 I/SystemServer( 1907): StartStorageStatsService
06-18 13:25:17.600 I/SystemServiceManager( 1907): Starting com.android.server.usage.StorageStatsService$Lifecycle
06-18 13:25:17.601 D/StorageManagerService( 1907): Thinking about init, mBootCompleted=false, mDaemonConnected=true
06-18 13:25:17.601 D/StorageManagerService( 1907): Thinking about reset, mBootCompleted=false, mDaemonConnected=true
