06-18 13:25:17.601 D/installd( 1789): Found quota mount /dev/block/vdc at /data
06-18 13:25:17.601 D/installd( 1789): Found quota mount /dev/block/vdc at /data
06-18 13:25:17.603 D/SystemServerTiming( 1907): StartStorageStatsService took to complete: 3ms
06-18 13:25:17.603 I/SystemServer( 1907): StartUiModeManager
06-18 13:25:17.603 I/SystemServiceManager( 1907): Starting com.android.server.UiModeManagerService
06-18 13:25:17.603 D/SystemServerInitThreadPool( 1907): Started executing UiModeManager.onStart
06-18 13:25:17.604 I/ActivityTaskManager( 1907): Config changes=200 {1.0 ?mcc?mnc [en_US] ldltr sw320dp w320dp h616dp 160dpi nrml long port finger qwerty/v/v -nav/h winConfig={ mBounds=Rect(0, 0 - 320, 640) mAppBounds=Rect(0, 0 - 320, 640) mWindowingMode=fullscreen mDisplayWindowingMode=fullscreen mActivityType=undefined mAlwaysOnTop=undefined mRotation=ROTATION_0} s.4}
06-18 13:25:17.605 I/ActivityTaskManager( 1907): Override config changes=200 {1.0 ?mcc?mnc [en_US] ldltr sw320dp w320dp h616dp 160dpi nrml long port finger qwerty/v/v -nav/h winConfig={ mBounds=Rect(0, 0 - 320, 640) mAppBounds=Rect(0, 0 - 320, 640) mWindowingMode=fullscreen mDisplayWindowingMode=fullscreen mActivityType=undefined mAlwaysOnTop=undefined mRotation=ROTATION_0} s.4} for displayId=0
06-18 13:25:17.606 D/SystemServerInitThreadPool( 1907): Finished executing UiModeManager.onStart
06-18 13:25:17.606 D/SystemServerTiming( 1907): StartUiModeManager took to complete: 3ms
06-18 13:25:17.606 I/SystemServer( 1907): UpdatePackagesIfNeeded
06-18 13:25:17.606 I/Watchdog( 1907): Pausing HandlerChecker: main thread for reason: dexopt. Pause count: 1
06-18 13:25:17.609 I/system_server( 1907): The ClassLoaderContext is a special shared library.
06-18 13:25:17.645 I/chatty  ( 1907): uid=1000 system_server identical 12 lines
06-18 13:25:17.653 I/system_server( 1907): The ClassLoaderContext is a special shared library.
06-18 13:25:17.658 E/ActivityRecognitionHardware( 1665): activity_recognition HAL is deprecated. class_init is effectively a no-op
06-18 13:25:17.660 I/system_server( 1907): The ClassLoaderContext is a special shared library.
06-18 13:25:17.702 I/chatty  ( 1907): uid=1000 system_server identical 6 lines
06-18 13:25:17.717 I/system_server( 1907): The ClassLoaderContext is a special shared library.
06-18 13:25:17.719 I/zygote  ( 1665): Thread[1,tid=1665,Native,Thread*=0xf1734e00,peer=0x12d40260,"main"] recursive attempt to load library "libmedia_jni.so"
06-18 13:25:17.720 D/MtpDeviceJNI( 1665): register_android_mtp_MtpDevice
06-18 13:25:17.720 I/zygote  ( 1665): Thread[1,tid=1665,Native,Thread*=0xf1734e00,peer=0x12d40260,"main"] recursive attempt to load library "libmedia_jni.so"
06-18 13:25:17.720 I/zygote  ( 1665): Thread[1,tid=1665,Native,Thread*=0xf1734e00,peer=0x12d40260,"main"] recursive attempt to load library "libmedia_jni.so"
06-18 13:25:17.723 I/system_server( 1907): The ClassLoaderContext is a special shared library.
06-18 13:25:17.726 I/chatty  ( 1907): uid=1000 system_server identical 1 line
06-18 13:25:17.728 I/system_server( 1907): The ClassLoaderContext is a special shared library.
06-18 13:25:17.730 W/Zygote  ( 1665): Class not found for preloading: android.media.audiopolicy.AudioProductStrategies
06-18 13:25:17.730 W/Zygote  ( 1665): Class not found for preloading: android.media.audiopolicy.AudioVolumeGroups
06-18 13:25:17.730 I/system_server( 1907): The ClassLoaderContext is a special shared library.
06-18 13:25:17.815 I/chatty  ( 1907): uid=1000 system_server identical 29 lines
06-18 13:25:17.823 I/system_server( 1907): The ClassLoaderContext is a special shared library.
06-18 13:25:17.823 W/Zygote  ( 1665): Class not found for preloading: android.view.textclassifier.-$$Lambda$TextClassificationManager$JIaezIJbMig_-kVzN6oArzkTsJE
06-18 13:25:17.825 I/system_server( 1907): The ClassLoaderContext is a special shared library.
06-18 13:25:17.827 W/Zygote  ( 1665): Class not found for preloading: com.android.internal.net.NetworkStatsFactory
06-18 13:25:17.830 I/system_server( 1907): The ClassLoaderContext is a special shared library.
06-18 13:25:17.830 W/Zygote  ( 1665): Class not found for preloading: com.android.internal.telephony.-$$Lambda$PhoneSubInfoController$8HFbCDJDN1mrLJG980qYH5MGqMk
06-18 13:25:17.830 W/Zygote  ( 1665): Class not found for preloading: com.android.internal.telephony.-$$Lambda$PhoneSubInfoController$U28a_EGx2cvmQhDfRRgonMt5Zrc
06-18 13:25:17.830 W/Zygote  ( 1665): Class not found for preloading: com.android.internal.telephony.-$$Lambda$SubscriptionInfoUpdater$-zZXM9oMRZ3vZz7dJOG19J00Bmw
06-18 13:25:17.830 W/Zygote  ( 1665): Class not found for preloading: com.android.internal.telephony.-$$Lambda$SubscriptionInfoUpdater$D5yF1HbS4cvCyoAj3FESkPtA_0g
06-18 13:25:17.831 W/Zygote  ( 1665): Class not found for preloading: com.android.internal.telephony.-$$Lambda$SubscriptionInfoUpdater$MMx9iQX0JVqqMPLTUZhdBubFSzU
06-18 13:25:17.833 W/Zygote  ( 1665): Class not found for preloading: com.android.internal.telephony.PhoneConfigurationModels
06-18 13:25:17.833 I/system_server( 1907): The ClassLoaderContext is a special shared library.
06-18 13:25:17.834 W/Zygote  ( 1665): Class not found for preloading: com.android.internal.telephony.SubscriptionController$ScLocalLog
06-18 13:25:17.835 W/Zygote  ( 1665): Class not found for preloading: com.android.internal.telephony.UiccSmsController
06-18 13:25:17.838 I/system_server( 1907): The ClassLoaderContext is a special shared library.
06-18 13:25:17.849 I/chatty  ( 1907): uid=1000 system_server identical 2 lines
06-18 13:25:17.850 I/system_server( 1907): The ClassLoaderContext is a special shared library.
06-18 13:25:17.851 I/Zygote  ( 1665): ...preloaded 7590 classes in 344ms.
06-18 13:25:17.851 I/zygote  ( 1665): VMRuntime.preloadDexCaches starting
06-18 13:25:17.851 I/system_server( 1907): The ClassLoaderContext is a special shared library.
06-18 13:25:17.856 I/chatty  ( 1907): uid=1000 system_server identical 4 lines
06-18 13:25:17.862 I/system_server( 1907): The ClassLoaderContext is a special shared library.
06-18 13:25:17.862 I/zygote  ( 1665): VMRuntime.preloadDexCaches strings total=378948 before=9925 after=9925
06-18 13:25:17.862 I/zygote  ( 1665): VMRuntime.preloadDexCaches types total=35812 before=7199 after=7467
06-18 13:25:17.862 I/zygote  ( 1665): VMRuntime.preloadDexCaches fields total=160603 before=8020 after=8221
06-18 13:25:17.862 I/zygote  ( 1665): VMRuntime.preloadDexCaches methods total=281511 before=10884 after=11316
06-18 13:25:17.862 I/zygote  ( 1665): VMRuntime.preloadDexCaches finished
06-18 13:25:17.862 D/ZygoteInitTiming_lazy( 1665): PreloadClasses took to complete: 355ms
06-18 13:25:17.865 I/zygote  ( 1665): The ClassLoaderContext is a special shared library.
06-18 13:25:17.865 D/ApplicationLoaders( 1665): Created zygote-cached class loader: /system/framework/android.hidl.base-V1.0-java.jar
06-18 13:25:17.867 I/zygote  ( 1665): The ClassLoaderContext is a special shared library.
06-18 13:25:17.867 D/ApplicationLoaders( 1665): Created zygote-cached class loader: /system/framework/android.hidl.manager-V1.0-java.jar
06-18 13:25:17.867 D/ZygoteInitTiming_lazy( 1665): CacheNonBootClasspathClassLoaders took to complete: 5ms
06-18 13:25:17.872 I/system_server( 1907): The ClassLoaderContext is a special shared library.
06-18 13:25:17.893 I/chatty  ( 1907): uid=1000 system_server identical 12 lines
06-18 13:25:17.896 I/system_server( 1907): The ClassLoaderContext is a special shared library.
06-18 13:25:17.896 I/Zygote  ( 1665): Preloading resources...
06-18 13:25:17.898 I/system_server( 1907): The ClassLoaderContext is a special shared library.
06-18 13:25:17.905 W/Resources( 1665): Preloaded drawable resource #0x108027c (android:drawable/dialog_background_material) that varies with configuration!!
06-18 13:25:17.919 I/Zygote  ( 1665): ...preloaded 64 resources in 23ms.
06-18 13:25:17.919 I/system_server( 1907): The ClassLoaderContext is a special shared library.
06-18 13:25:17.922 I/Zygote  ( 1665): ...preloaded 41 resources in 3ms.
06-18 13:25:17.922 D/ZygoteInitTiming_lazy( 1665): PreloadResources took to complete: 55ms
06-18 13:25:17.925 I/system_server( 1907): The ClassLoaderContext is a special shared library.
06-18 13:25:17.927 I/Zygote  ( 1665): Preloading shared libraries...
06-18 13:25:17.930 I/system_server( 1907): The ClassLoaderContext is a special shared library.
06-18 13:25:17.933 I/Zygote  ( 1665): Called ZygoteHooks.endPreload()
06-18 13:25:17.933 I/Zygote  ( 1665): Installed AndroidKeyStoreProvider in 0ms.
06-18 13:25:17.935 I/Zygote  ( 1665): Warmed up JCA providers in 2ms.
06-18 13:25:17.935 D/Zygote  ( 1665): end preload
06-18 13:25:17.935 D/SystemServerTimingAsync( 1907): SecondaryZygotePreload took to complete: 498ms
06-18 13:25:17.935 D/SystemServerInitThreadPool( 1907): Finished executing SecondaryZygotePreload
06-18 13:25:17.936 I/system_server( 1907): The ClassLoaderContext is a special shared library.
06-18 13:25:18.075 I/Watchdog( 1907): Resuming HandlerChecker: main thread for reason: dexopt. Pause count: 0
06-18 13:25:18.075 D/SystemServerTiming( 1907): UpdatePackagesIfNeeded took to complete: 469ms
06-18 13:25:18.075 I/SystemServer( 1907): PerformFstrimIfNeeded
06-18 13:25:18.075 W/PackageManager( 1907): No disk maintenance in 1781789118075; running immediately
06-18 13:25:18.076 I/StorageManagerService( 1907): Running fstrim idle maintenance
06-18 13:25:18.071 I/chatty  ( 1907): uid=1000 system_server identical 38 lines
06-18 13:25:18.074 I/system_server( 1907): The ClassLoaderContext is a special shared library.
06-18 13:25:18.076 I/hwservicemanager( 1567): getTransport: Cannot find entry android.hardware.boot@1.0::IBootControl/default in either framework or device manifest.
06-18 13:25:18.076 D/SystemServerTiming( 1907): PerformFstrimIfNeeded took to complete: 1ms
06-18 13:25:18.076 I/SystemServer( 1907): StartLockSettingsService
06-18 13:25:18.076 I/SystemServiceManager( 1907): Starting com.android.server.locksettings.LockSettingsService$Lifecycle
06-18 13:25:18.079 I/vold    ( 1576): Skip mounting partition: /product
06-18 13:25:18.079 I/vold    ( 1576): Skip mounting partition: /product_services
06-18 13:25:18.079 D/vold    ( 1576): Starting trim of /data
06-18 13:25:18.079 W/vold    ( 1576): Trim failed on /data: Operation not supported on transport endpoint
06-18 13:25:18.079 D/vold    ( 1576): Starting trim of none
06-18 13:25:18.079 W/vold    ( 1576): Failed to open none: No such file or directory
06-18 13:25:18.096 D/SystemServerTiming( 1907): StartLockSettingsService took to complete: 20ms
06-18 13:25:18.097 I/SystemServer( 1907): StartTestHarnessMode
06-18 13:25:18.097 I/SystemServiceManager( 1907): Starting com.android.server.testharness.TestHarnessModeService
06-18 13:25:18.097 D/SystemServerTiming( 1907): StartTestHarnessMode took to complete: 1ms
06-18 13:25:18.097 I/hwservicemanager( 1567): getTransport: Cannot find entry android.hardware.oemlock@1.0::IOemLock/default in either framework or device manifest.
06-18 13:25:18.097 I/OemLock ( 1907): OemLock HAL not present on device
06-18 13:25:18.097 I/SystemServer( 1907): StartDeviceIdleController
06-18 13:25:18.097 I/SystemServiceManager( 1907): Starting com.android.server.DeviceIdleController
06-18 13:25:18.101 D/SystemServerTiming( 1907): StartDeviceIdleController took to complete: 4ms
06-18 13:25:18.101 I/SystemServer( 1907): StartDevicePolicyManager
06-18 13:25:18.101 I/SystemServiceManager( 1907): Starting com.android.server.devicepolicy.DevicePolicyManagerService$Lifecycle
06-18 13:25:18.105 D/SystemServerTiming( 1907): StartDevicePolicyManager took to complete: 3ms
06-18 13:25:18.105 I/SystemServer( 1907): StartStatusBarManagerService
06-18 13:25:18.105 D/SystemServerTiming( 1907): StartStatusBarManagerService took to complete: 1ms
06-18 13:25:18.105 D/SystemServer( 1907): ContentCaptureService disabled because resource is not overlaid
06-18 13:25:18.105 D/SystemServer( 1907): AttentionService is not configured on this device
06-18 13:25:18.105 I/SystemServer( 1907): StartSystemCaptionsManagerService
06-18 13:25:18.105 I/SystemServiceManager( 1907): Starting com.android.server.systemcaptions.SystemCaptionsManagerService
06-18 13:25:18.106 D/SystemServerTiming( 1907): StartSystemCaptionsManagerService took to complete: 1ms
06-18 13:25:18.106 I/SystemServer( 1907): StartAppPredictionService
06-18 13:25:18.106 I/SystemServiceManager( 1907): Starting com.android.server.appprediction.AppPredictionManagerService
06-18 13:25:18.107 D/SystemServerTiming( 1907): StartAppPredictionService took to complete: 0ms
06-18 13:25:18.107 I/SystemServer( 1907): StartContentSuggestionsService
06-18 13:25:18.107 I/SystemServiceManager( 1907): Starting com.android.server.contentsuggestions.ContentSuggestionsManagerService
06-18 13:25:18.108 D/SystemServerTiming( 1907): StartContentSuggestionsService took to complete: 1ms
06-18 13:25:18.108 I/SystemServer( 1907): InitNetworkStackClient
06-18 13:25:18.108 D/SystemServerTiming( 1907): InitNetworkStackClient took to complete: 0ms
06-18 13:25:18.108 I/SystemServer( 1907): StartNetworkManagementService
06-18 13:25:18.111 I/netd    ( 1663): registerUnsolicitedEventListener() <0.02ms>
06-18 13:25:18.111 D/SystemServerTiming( 1907): StartNetworkManagementService took to complete: 3ms
06-18 13:25:18.111 I/SystemServer( 1907): StartIpSecService
06-18 13:25:18.112 D/SystemServerTiming( 1907): StartIpSecService took to complete: 0ms
06-18 13:25:18.112 I/SystemServer( 1907): StartTextServicesManager
06-18 13:25:18.112 I/SystemServiceManager( 1907): Starting com.android.server.textservices.TextServicesManagerService$Lifecycle
06-18 13:25:18.112 D/SystemServerTiming( 1907): StartTextServicesManager took to complete: 1ms
06-18 13:25:18.112 I/SystemServer( 1907): StartTextClassificationManagerService
06-18 13:25:18.112 I/SystemServiceManager( 1907): Starting com.android.server.textclassifier.TextClassificationManagerService$Lifecycle
06-18 13:25:18.113 D/SystemServerTiming( 1907): StartTextClassificationManagerService took to complete: 1ms
06-18 13:25:18.113 I/SystemServer( 1907): StartNetworkScoreService
06-18 13:25:18.113 I/SystemServiceManager( 1907): Starting com.android.server.NetworkScoreService$Lifecycle
06-18 13:25:18.114 I/NetworkScoreService( 1907): Registering network_score
06-18 13:25:18.114 D/SystemServerTiming( 1907): StartNetworkScoreService took to complete: 1ms
06-18 13:25:18.114 I/SystemServer( 1907): StartNetworkStatsService
06-18 13:25:18.116 D/SystemServerTiming( 1907): StartNetworkStatsService took to complete: 1ms
06-18 13:25:18.116 I/SystemServer( 1907): StartNetworkPolicyManagerService
06-18 13:25:18.119 D/SystemServerTiming( 1907): StartNetworkPolicyManagerService took to complete: 4ms
06-18 13:25:18.119 I/SystemServer( 1907): StartWifi
06-18 13:25:18.130 I/SystemServiceManager( 1907): Starting com.android.server.wifi.WifiService
06-18 13:25:18.185 E/HostapdHal( 1907): Malformed channel value detected: java.lang.NumberFormatException: For input string: ""
06-18 13:25:18.195 D/WifiCountryCode( 1907): mDefaultCountryCode null mRevertCountryCodeOnCellularLoss false
06-18 13:25:18.195 D/WifiApConfigStore( 1907): 2G band allowed channels are:1,6,11
06-18 13:25:18.195 E/WifiApConfigStore( 1907): Error reading hotspot configuration java.io.FileNotFoundException: /data/misc/wifi/softap.conf: open failed: ENOENT (No such file or directory)
06-18 13:25:18.195 D/WifiApConfigStore( 1907): Fallback to use default AP configuration
06-18 13:25:18.197 I/WifiScoringParams( 1907): rssi2=-83:-80:-73:-60,rssi5=-80:-77:-70:-57,pps=0:1:100,horizon=15,nud=8,expid=0
06-18 13:25:18.223 D/WifiOpenNetworkNotifier( 1907): Settings toggle enabled=true
06-18 13:25:18.223 D/WifiCarrierNetworkNotifier( 1907): Settings toggle enabled=true
06-18 13:25:18.225 D/WifiActiveModeWarden( 1907): Starting Wifi in WifiDisabledState
06-18 13:25:18.225 D/WifiActiveModeWarden( 1907): Entering WifiDisabledState
06-18 13:25:18.226 D/WakeupController( 1907): WifiWake enabled
06-18 13:25:18.227 E/WifiClientModeImpl( 1907): getWifiLinkLayerStats called without an interface
06-18 13:25:18.229 E/SupplicantStaIfaceHal( 1907): Can't call setDebugParams, ISupplicant is null
06-18 13:25:18.229 W/WifiDiags( 1907): no ring buffers found
06-18 13:25:18.229 W/WifiDiags( 1907): Failed to start packet fate monitoring
06-18 13:25:18.229 I/WifiService( 1907): Registering wifi
06-18 13:25:18.229 D/SystemServerTiming( 1907): StartWifi took to complete: 110ms
06-18 13:25:18.230 I/SystemServer( 1907): StartWifiScanning
06-18 13:25:18.230 I/SystemServiceManager( 1907): Starting com.android.server.wifi.scanner.WifiScanningService
06-18 13:25:18.230 I/WifiScanningService( 1907): Creating wifiscanner
06-18 13:25:18.232 I/WifiScanningService( 1907): Publishing wifiscanner
06-18 13:25:18.232 D/SystemServerTiming( 1907): StartWifiScanning took to complete: 3ms
06-18 13:25:18.232 I/SystemServer( 1907): StartWifiP2P
06-18 13:25:18.233 I/SystemServiceManager( 1907): Starting com.android.server.wifi.p2p.WifiP2pService
06-18 13:25:18.238 W/HalDevMgr( 1907): isWifiStarted called but mWifi is null!?
06-18 13:25:18.238 I/WifiP2pService( 1907): Registering wifip2p
06-18 13:25:18.238 D/SystemServerTiming( 1907): StartWifiP2P took to complete: 6ms
06-18 13:25:18.238 I/SystemServer( 1907): StartConnectivityService
06-18 13:25:18.240 D/ConnectivityService( 1907): ConnectivityService starting up
06-18 13:25:18.242 D/ConnectivityService( 1907): wifiOnly=false
06-18 13:25:18.247 D/SystemServerTiming( 1907): StartConnectivityService took to complete: 9ms
06-18 13:25:18.247 I/SystemServer( 1907): StartNsdService
06-18 13:25:18.248 D/NsdService( 1907): Network service discovery is enabled
06-18 13:25:18.250 D/SystemServerTiming( 1907): StartNsdService took to complete: 2ms
06-18 13:25:18.250 I/SystemServer( 1907): StartSystemUpdateManagerService
06-18 13:25:18.250 I/SystemUpdateManagerService( 1907): No existing info file /data/system/system-update-info.xml
06-18 13:25:18.250 D/SystemServerTiming( 1907): StartSystemUpdateManagerService took to complete: 1ms
06-18 13:25:18.250 I/SystemServer( 1907): StartUpdateLockService
06-18 13:25:18.251 D/SystemServerTiming( 1907): StartUpdateLockService took to complete: 0ms
06-18 13:25:18.251 I/SystemServer( 1907): StartNotificationManager
06-18 13:25:18.251 I/SystemServiceManager( 1907): Starting com.android.server.notification.NotificationManagerService
06-18 13:25:18.258 D/ConditionProviders.SCP( 1907): new ScheduleConditionProvider()
06-18 13:25:18.261 I/ConditionProviders( 1907):  Allowing condition provider com.google.android.apps.nexuslauncher/com.android.launcher3.notification.NotificationListener
06-18 13:25:18.261 I/NotificationListeners( 1907):  Allowing notification listener com.google.android.apps.nexuslauncher/com.android.launcher3.notification.NotificationListener
06-18 13:25:18.261 V/NotificationListeners( 1907): enabling notification listener for 0: ComponentInfo{com.google.android.apps.nexuslauncher/com.android.launcher3.notification.NotificationListener}
06-18 13:25:18.261 V/NotificationListeners( 1907): binding: Intent { act=android.service.notification.NotificationListenerService cmp=com.google.android.apps.nexuslauncher/com.android.launcher3.notification.NotificationListener (has extras) }
06-18 13:25:18.261 W/ActivityManager( 1907): Unable to start service Intent { act=android.service.notification.NotificationListenerService cmp=com.google.android.apps.nexuslauncher/com.android.launcher3.notification.NotificationListener } U=0: not found
06-18 13:25:18.261 W/NotificationListeners( 1907): Unable to bind notification listener service: Intent { act=android.service.notification.NotificationListenerService cmp=com.google.android.apps.nexuslauncher/com.android.launcher3.notification.NotificationListener (has extras) } in user 0
06-18 13:25:18.265 I/ConditionProviders( 1907):  Allowing condition provider com.google.android.apps.restore/com.google.android.apps.pixelmigrate.component.NotificationConsolidatorService
06-18 13:25:18.265 I/NotificationListeners( 1907):  Allowing notification listener com.google.android.apps.restore/com.google.android.apps.pixelmigrate.component.NotificationConsolidatorService
06-18 13:25:18.265 V/NotificationListeners( 1907): enabling notification listener for 0: ComponentInfo{com.google.android.apps.restore/com.google.android.apps.pixelmigrate.component.NotificationConsolidatorService}
06-18 13:25:18.265 V/NotificationListeners( 1907): binding: Intent { act=android.service.notification.NotificationListenerService cmp=com.google.android.apps.restore/com.google.android.apps.pixelmigrate.component.NotificationConsolidatorService (has extras) }
06-18 13:25:18.265 W/ActivityManager( 1907): Unable to start service Intent { act=android.service.notification.NotificationListenerService cmp=com.google.android.apps.restore/com.google.android.apps.pixelmigrate.component.NotificationConsolidatorService } U=0: not found
06-18 13:25:18.265 W/NotificationListeners( 1907): Unable to bind notification listener service: Intent { act=android.service.notification.NotificationListenerService cmp=com.google.android.apps.restore/com.google.android.apps.pixelmigrate.component.NotificationConsolidatorService (has extras) } in user 0
06-18 13:25:18.265 V/NotificationListeners( 1907): enabling notification listener for 0: ComponentInfo{com.google.android.apps.nexuslauncher/com.android.launcher3.notification.NotificationListener}
06-18 13:25:18.265 V/NotificationListeners( 1907): binding: Intent { act=android.service.notification.NotificationListenerService cmp=com.google.android.apps.nexuslauncher/com.android.launcher3.notification.NotificationListener (has extras) }
06-18 13:25:18.265 W/ActivityManager( 1907): Unable to start service Intent { act=android.service.notification.NotificationListenerService cmp=com.google.android.apps.nexuslauncher/com.android.launcher3.notification.NotificationListener } U=0: not found
06-18 13:25:18.265 W/NotificationListeners( 1907): Unable to bind notification listener service: Intent { act=android.service.notification.NotificationListenerService cmp=com.google.android.apps.nexuslauncher/com.android.launcher3.notification.NotificationListener (has extras) } in user 0
06-18 13:25:18.265 I/ConditionProviders( 1907):  Allowing condition provider com.google.android.GoogleCamera
06-18 13:25:18.265 I/ConditionProviders( 1907):  Allowing condition provider com.google.android.gms
06-18 13:25:18.265 I/ConditionProviders( 1907):  Allowing condition provider com.google.intelligence.sense
06-18 13:25:18.266 I/ConditionProviders( 1907):  Allowing condition provider com.google.android.settings.intelligence
06-18 13:25:18.266 I/ConditionProviders( 1907):  Allowing condition provider com.google.android.apps.wellbeing
06-18 13:25:18.266 I/ConditionProviders( 1907):  Allowing condition provider com.google.android.apps.safetyhub
06-18 13:25:18.266 I/ConditionProviders( 1907):  Allowing condition provider com.google.android.ext.services/android.ext.services.notification.Assistant
06-18 13:25:18.266 I/NotificationAssistants( 1907):  Allowing notification assistant com.google.android.ext.services/android.ext.services.notification.Assistant
06-18 13:25:18.266 V/NotificationAssistants( 1907): enabling notification assistant for 0: ComponentInfo{com.google.android.ext.services/android.ext.services.notification.Assistant}
06-18 13:25:18.266 V/NotificationAssistants( 1907): binding: Intent { act=android.service.notification.NotificationAssistantService cmp=com.google.android.ext.services/android.ext.services.notification.Assistant (has extras) }
06-18 13:25:18.266 D/NotificationService( 1907): Set default NAS to be com.google.android.ext.services/android.ext.services.notification.Assistant in 0
06-18 13:25:18.275 D/SystemServerTiming( 1907): StartNotificationManager took to complete: 25ms
06-18 13:25:18.275 I/SystemServer( 1907): StartDeviceMonitor
06-18 13:25:18.275 I/SystemServiceManager( 1907): Starting com.android.server.storage.DeviceStorageMonitorService
06-18 13:25:18.280 D/SystemServerTiming( 1907): StartDeviceMonitor took to complete: 5ms
06-18 13:25:18.280 I/SystemServer( 1907): StartLocationManagerService
06-18 13:25:18.283 D/SystemServerTiming( 1907): StartLocationManagerService took to complete: 3ms
06-18 13:25:18.283 I/SystemServer( 1907): StartCountryDetectorService
06-18 13:25:18.283 D/SystemServerTiming( 1907): StartCountryDetectorService took to complete: 0ms
06-18 13:25:18.283 I/SystemServer( 1907): StartTimeDetectorService
06-18 13:25:18.283 I/SystemServiceManager( 1907): Starting com.android.server.timedetector.TimeDetectorService$Lifecycle
06-18 13:25:18.284 D/SystemServerTiming( 1907): StartTimeDetectorService took to complete: 0ms
06-18 13:25:18.284 I/SystemServer( 1907): StartSearchManagerService
06-18 13:25:18.284 I/SystemServiceManager( 1907): Starting com.android.server.search.SearchManagerService$Lifecycle
06-18 13:25:18.284 D/SystemServerTiming( 1907): StartSearchManagerService took to complete: 0ms
06-18 13:25:18.284 I/SystemServer( 1907): StartWallpaperManagerService
06-18 13:25:18.284 I/SystemServiceManager( 1907): Starting com.android.server.wallpaper.WallpaperManagerService$Lifecycle
06-18 13:25:18.285 D/SystemServerTiming( 1907): StartWallpaperManagerService took to complete: 1ms
06-18 13:25:18.285 I/SystemServer( 1907): StartAudioService
06-18 13:25:18.285 I/SystemServiceManager( 1907): Starting com.android.server.audio.AudioService$Lifecycle
06-18 13:25:18.296 D/PermissionCache( 1727): checking android.permission.MODIFY_AUDIO_ROUTING for uid=1000 => granted (117 us)
06-18 13:25:18.296 W/TelecomManager( 1907): Telecom Service not found.
06-18 13:25:18.298 D/PermissionCache( 1727): checking android.permission.MODIFY_AUDIO_SETTINGS for uid=1000 => granted (36 us)
06-18 13:25:18.298 W/AudioFlinger( 1727): no wake lock to update, system not ready yet
06-18 13:25:18.299 W/DeviceHAL( 1685): Error from HAL Device in function set_mic_mute: Function not implemented
06-18 13:25:18.299 E/AudioSystem-JNI( 1907): Command failed for android_media_AudioSystem_muteMicrophone: -38
06-18 13:25:18.309 D/AudioFlinger( 1727): isLowRamDevice:false totalMemory:2089566208 mClientSharedHeapSize:4194304
06-18 13:25:18.310 D/SystemServerTiming( 1907): StartAudioService took to complete: 25ms
06-18 13:25:18.310 I/SystemServer( 1907): StartDockObserver
06-18 13:25:18.310 I/SystemServiceManager( 1907): Starting com.android.server.DockObserver
06-18 13:25:18.310 W/DockObserver( 1907): This kernel does not have dock station support
06-18 13:25:18.311 D/SystemServerTiming( 1907): StartDockObserver took to complete: 0ms
06-18 13:25:18.311 I/SystemServer( 1907): StartWiredAccessoryManager
06-18 13:25:18.311 W/WiredAccessoryManager( 1907): This kernel does not have usb audio support
06-18 13:25:18.311 W/WiredAccessoryManager( 1907): This kernel does not have HDMI audio support
06-18 13:25:18.311 D/SystemServerTiming( 1907): StartWiredAccessoryManager took to complete: 1ms
06-18 13:25:18.311 I/SystemServer( 1907): StartMidiManager
06-18 13:25:18.311 I/SystemServiceManager( 1907): Starting com.android.server.midi.MidiService$Lifecycle
06-18 13:25:18.312 D/SystemServerTiming( 1907): StartMidiManager took to complete: 0ms
06-18 13:25:18.312 I/SystemServer( 1907): StartAdbService
06-18 13:25:18.312 I/SystemServiceManager( 1907): Starting com.android.server.adb.AdbService$Lifecycle
06-18 13:25:18.312 D/SystemServerTiming( 1907): StartAdbService took to complete: 0ms
06-18 13:25:18.312 I/SystemServer( 1907): StartUsbService
06-18 13:25:18.312 I/SystemServiceManager( 1907): Starting com.android.server.usb.UsbService$Lifecycle
06-18 13:25:18.313 E/UsbDeviceManager( 1907): failed to write to /sys/class/android_usb/android0/f_rndis/ethaddr
06-18 13:25:18.314 I/hwservicemanager( 1567): getTransport: Cannot find entry android.hardware.usb.gadget@1.0::IUsbGadget/default in either framework or device manifest.
06-18 13:25:18.315 I/UsbDeviceManager( 1907): USB GADGET HAL not present in the device
06-18 13:25:18.315 I/UsbDeviceManager( 1907): java.util.NoSuchElementException
06-18 13:25:18.315 I/UsbDeviceManager( 1907): 	at android.os.HwBinder.getService(Native Method)
06-18 13:25:18.315 I/UsbDeviceManager( 1907): 	at android.hardware.usb.gadget.V1_0.IUsbGadget.getService(IUsbGadget.java:55)
06-18 13:25:18.315 I/UsbDeviceManager( 1907): 	at android.hardware.usb.gadget.V1_0.IUsbGadget.getService(IUsbGadget.java:62)
06-18 13:25:18.315 I/UsbDeviceManager( 1907): 	at com.android.server.usb.UsbDeviceManager.<init>(UsbDeviceManager.java:262)
06-18 13:25:18.315 I/UsbDeviceManager( 1907): 	at com.android.server.usb.UsbService.<init>(UsbService.java:150)
06-18 13:25:18.315 I/UsbDeviceManager( 1907): 	at com.android.server.usb.UsbService$Lifecycle.onStart(UsbService.java:84)
06-18 13:25:18.315 I/UsbDeviceManager( 1907): 	at com.android.server.SystemServiceManager.startService(SystemServiceManager.java:129)
06-18 13:25:18.315 I/UsbDeviceManager( 1907): 	at com.android.server.SystemServiceManager.startService(SystemServiceManager.java:116)
06-18 13:25:18.315 I/UsbDeviceManager( 1907): 	at com.android.server.SystemServiceManager.startService(SystemServiceManager.java:75)
06-18 13:25:18.315 I/UsbDeviceManager( 1907): 	at com.android.server.SystemServer.startOtherServices(SystemServer.java:1532)
06-18 13:25:18.315 I/UsbDeviceManager( 1907): 	at com.android.server.SystemServer.run(SystemServer.java:512)
06-18 13:25:18.315 I/UsbDeviceManager( 1907): 	at com.android.server.SystemServer.main(SystemServer.java:349)
06-18 13:25:18.315 I/UsbDeviceManager( 1907): 	at java.lang.reflect.Method.invoke(Native Method)
06-18 13:25:18.315 I/UsbDeviceManager( 1907): 	at com.android.internal.os.RuntimeInit$MethodAndArgsCaller.run(RuntimeInit.java:492)
06-18 13:25:18.315 I/UsbDeviceManager( 1907): 	at com.android.internal.os.ZygoteInit.main(ZygoteInit.java:908)
06-18 13:25:18.315 E/UsbDeviceManagerJNI( 1907): could not open control for mtp No such file or directory
06-18 13:25:18.315 E/UsbDeviceManager( 1907): Failed to open control for mtp
06-18 13:25:18.315 E/UsbDeviceManagerJNI( 1907): could not open control for ptp No such file or directory
06-18 13:25:18.315 E/UsbDeviceManager( 1907): Failed to open control for ptp
06-18 13:25:18.318 W/StorageManagerService( 1907): No primary storage defined yet; hacking together a stub
06-18 13:25:18.319 E/UsbDeviceManagerJNI( 1907): could not open /dev/usb_accessory
06-18 13:25:18.319 I/android_os_HwBinder( 1907): HwBinder: Starting thread pool for getting: android.hidl.manager@1.0::IServiceManager/default
06-18 13:25:18.320 I/hwservicemanager( 1567): getTransport: Cannot find entry android.hardware.usb@1.0::IUsb/default in either framework or device manifest.
06-18 13:25:18.322 E/UsbPortManager( 1907): connectToProxy: usb hal service not found. Did the service fail to start?
06-18 13:25:18.322 E/UsbPortManager( 1907): java.util.NoSuchElementException
06-18 13:25:18.322 E/UsbPortManager( 1907): 	at android.os.HwBinder.getService(Native Method)
06-18 13:25:18.322 E/UsbPortManager( 1907): 	at android.os.HwBinder.getService(HwBinder.java:83)
06-18 13:25:18.322 E/UsbPortManager( 1907): 	at android.hardware.usb.V1_0.IUsb.getService(IUsb.java:70)
06-18 13:25:18.322 E/UsbPortManager( 1907): 	at android.hardware.usb.V1_0.IUsb.getService(IUsb.java:77)
06-18 13:25:18.322 E/UsbPortManager( 1907): 	at com.android.server.usb.UsbPortManager.connectToProxy(UsbPortManager.java:780)
06-18 13:25:18.322 E/UsbPortManager( 1907): 	at com.android.server.usb.UsbPortManager.<init>(UsbPortManager.java:175)
06-18 13:25:18.322 E/UsbPortManager( 1907): 	at com.android.server.usb.UsbService.<init>(UsbService.java:153)
06-18 13:25:18.322 E/UsbPortManager( 1907): 	at com.android.server.usb.UsbService$Lifecycle.onStart(UsbService.java:84)
06-18 13:25:18.322 E/UsbPortManager( 1907): 	at com.android.server.SystemServiceManager.startService(SystemServiceManager.java:129)
06-18 13:25:18.322 E/UsbPortManager( 1907): 	at com.android.server.SystemServiceManager.startService(SystemServiceManager.java:116)
06-18 13:25:18.322 E/UsbPortManager( 1907): 	at com.android.server.SystemServiceManager.startService(SystemServiceManager.java:75)
06-18 13:25:18.322 E/UsbPortManager( 1907): 	at com.android.server.SystemServer.startOtherServices(SystemServer.java:1532)
06-18 13:25:18.322 E/UsbPortManager( 1907): 	at com.android.server.SystemServer.run(SystemServer.java:512)
06-18 13:25:18.322 E/UsbPortManager( 1907): 	at com.android.server.SystemServer.main(SystemServer.java:349)
06-18 13:25:18.322 E/UsbPortManager( 1907): 	at java.lang.reflect.Method.invoke(Native Method)
06-18 13:25:18.322 E/UsbPortManager( 1907): 	at com.android.internal.os.RuntimeInit$MethodAndArgsCaller.run(RuntimeInit.java:492)
06-18 13:25:18.322 E/UsbPortManager( 1907): 	at com.android.internal.os.ZygoteInit.main(ZygoteInit.java:908)
06-18 13:25:18.323 D/SystemServerTiming( 1907): StartUsbService took to complete: 10ms
06-18 13:25:18.323 I/SystemServer( 1907): StartSerialService
06-18 13:25:18.323 D/SystemServerTiming( 1907): StartSerialService took to complete: 1ms
06-18 13:25:18.323 I/SystemServer( 1907): StartHardwarePropertiesManagerService
06-18 13:25:18.323 I/hwservicemanager( 1567): getTransport: Cannot find entry android.hardware.thermal@1.0::IThermal/default in either framework or device manifest.
06-18 13:25:18.323 E/HardwarePropertiesManagerService-JNI( 1907): Unable to get Thermal service.
06-18 13:25:18.323 D/SystemServerTiming( 1907): StartHardwarePropertiesManagerService took to complete: 0ms
06-18 13:25:18.323 I/SystemServer( 1907): StartTwilightService
06-18 13:25:18.323 I/SystemServiceManager( 1907): Starting com.android.server.twilight.TwilightService
06-18 13:25:18.323 D/SystemServerTiming( 1907): StartTwilightService took to complete: 0ms
06-18 13:25:18.323 I/SystemServer( 1907): StartColorDisplay
06-18 13:25:18.323 I/SystemServiceManager( 1907): Starting com.android.server.display.color.ColorDisplayService
06-18 13:25:18.324 D/SystemServerTiming( 1907): StartColorDisplay took to complete: 0ms
06-18 13:25:18.324 I/SystemServer( 1907): StartJobScheduler
06-18 13:25:18.324 I/SystemServiceManager( 1907): Starting com.android.server.job.JobSchedulerService
06-18 13:25:18.326 I/JobStore( 1907): Read 0 jobs
06-18 13:25:18.329 D/SystemServerTiming( 1907): StartJobScheduler took to complete: 5ms
06-18 13:25:18.329 I/SystemServer( 1907): StartSoundTrigger
06-18 13:25:18.329 I/SystemServiceManager( 1907): Starting com.android.server.soundtrigger.SoundTriggerService
06-18 13:25:18.329 D/SystemServerTiming( 1907): StartSoundTrigger took to complete: 0ms
06-18 13:25:18.329 I/SystemServer( 1907): StartTrustManager
06-18 13:25:18.329 I/SystemServiceManager( 1907): Starting com.android.server.trust.TrustManagerService
06-18 13:25:18.330 D/SystemServerTiming( 1907): StartTrustManager took to complete: 0ms
06-18 13:25:18.330 I/SystemServer( 1907): StartBackupManager
06-18 13:25:18.330 I/SystemServiceManager( 1907): Starting com.android.server.backup.BackupManagerService$Lifecycle
06-18 13:25:18.331 D/SystemServerTiming( 1907): StartBackupManager took to complete: 2ms
06-18 13:25:18.331 I/SystemServer( 1907): StartAppWidgetService
06-18 13:25:18.331 I/SystemServiceManager( 1907): Starting com.android.server.appwidget.AppWidgetService
06-18 13:25:18.333 D/SystemServerTiming( 1907): StartAppWidgetService took to complete: 2ms
06-18 13:25:18.333 I/SystemServer( 1907): StartRoleManagerService
06-18 13:25:18.334 D/SystemServerTiming( 1907): StartRoleManagerService took to complete: 1ms
06-18 13:25:18.334 I/SystemServer( 1907): StartVoiceRecognitionManager
06-18 13:25:18.334 I/SystemServiceManager( 1907): Starting com.android.server.voiceinteraction.VoiceInteractionManagerService
06-18 13:25:18.335 I/RoleUserState( 1907): roles.xml not found
06-18 13:25:18.335 W/VoiceInteractionManagerService( 1907): Unable to resolve default voice recognition service.
06-18 13:25:18.335 D/SystemServerTiming( 1907): StartVoiceRecognitionManager took to complete: 1ms
06-18 13:25:18.335 I/SystemServer( 1907): StartGestureLauncher
06-18 13:25:18.335 I/SystemServiceManager( 1907): Starting com.android.server.GestureLauncherService
06-18 13:25:18.335 D/SystemServerTiming( 1907): StartGestureLauncher took to complete: 0ms
06-18 13:25:18.335 I/SystemServer( 1907): StartSensorNotification
06-18 13:25:18.335 I/SystemServiceManager( 1907): Starting com.android.server.SensorNotificationService
06-18 13:25:18.335 D/SystemServerTiming( 1907): StartSensorNotification took to complete: 0ms
06-18 13:25:18.335 I/SystemServer( 1907): StartContextHubSystemService
06-18 13:25:18.336 I/SystemServiceManager( 1907): Starting com.android.server.ContextHubSystemService
06-18 13:25:18.336 D/SystemServerInitThreadPool( 1907): Started executing Init ContextHubSystemService
06-18 13:25:18.336 D/SystemServerTiming( 1907): StartContextHubSystemService took to complete: 0ms
06-18 13:25:18.336 I/hwservicemanager( 1567): getTransport: Cannot find entry android.hardware.contexthub@1.0::IContexthub/default in either framework or device manifest.
06-18 13:25:18.336 I/SystemServer( 1907): StartDiskStatsService
06-18 13:25:18.336 I/ContextHubService( 1907): Context Hub HAL service not found
06-18 13:25:18.336 D/SystemServerInitThreadPool( 1907): Finished executing Init ContextHubSystemService
06-18 13:25:18.337 D/SystemServerTiming( 1907): StartDiskStatsService took to complete: 1ms
06-18 13:25:18.337 I/SystemServer( 1907): RuntimeService
06-18 13:25:18.337 D/SystemServerTiming( 1907): RuntimeService took to complete: 0ms
06-18 13:25:18.337 I/SystemServer( 1907): StartNetworkTimeUpdateService
06-18 13:25:18.337 D/SystemServer( 1907): Using networkTimeUpdater class=class com.android.server.NewNetworkTimeUpdateService
06-18 13:25:18.338 D/SystemServerTiming( 1907): StartNetworkTimeUpdateService took to complete: 0ms
06-18 13:25:18.338 I/SystemServer( 1907): CertBlacklister
06-18 13:25:18.338 D/SystemServerTiming( 1907): CertBlacklister took to complete: 1ms
06-18 13:25:18.338 I/SystemServer( 1907): StartEmergencyAffordanceService
06-18 13:25:18.338 I/SystemServiceManager( 1907): Starting com.android.server.emergency.EmergencyAffordanceService
06-18 13:25:18.338 D/SystemServerTiming( 1907): StartEmergencyAffordanceService took to complete: 0ms
06-18 13:25:18.338 I/SystemServer( 1907): StartDreamManager
06-18 13:25:18.338 I/SystemServiceManager( 1907): Starting com.android.server.dreams.DreamManagerService
06-18 13:25:18.338 D/SystemServerTiming( 1907): StartDreamManager took to complete: 0ms
06-18 13:25:18.338 I/SystemServer( 1907): AddGraphicsStatsService
06-18 13:25:18.340 D/SystemServerTiming( 1907): AddGraphicsStatsService took to complete: 2ms
06-18 13:25:18.340 I/SystemServer( 1907): StartPrintManager
06-18 13:25:18.340 I/SystemServiceManager( 1907): Starting com.android.server.print.PrintManagerService
06-18 13:25:18.340 D/SystemServerTiming( 1907): StartPrintManager took to complete: 0ms
06-18 13:25:18.340 I/SystemServer( 1907): StartRestrictionManager
06-18 13:25:18.341 I/SystemServiceManager( 1907): Starting com.android.server.restrictions.RestrictionsManagerService
06-18 13:25:18.341 D/SystemServerTiming( 1907): StartRestrictionManager took to complete: 1ms
06-18 13:25:18.341 I/SystemServer( 1907): StartMediaSessionService
06-18 13:25:18.341 I/SystemServiceManager( 1907): Starting com.android.server.media.MediaSessionService
06-18 13:25:18.347 D/SystemServerTiming( 1907): StartMediaSessionService took to complete: 6ms
06-18 13:25:18.347 I/SystemServer( 1907): StartMediaResourceMonitor
06-18 13:25:18.347 I/SystemServiceManager( 1907): Starting com.android.server.media.MediaResourceMonitorService
06-18 13:25:18.347 D/SystemServerTiming( 1907): StartMediaResourceMonitor took to complete: 0ms
06-18 13:25:18.347 I/SystemServer( 1907): StartMediaRouterService
06-18 13:25:18.348 D/SystemServerTiming( 1907): StartMediaRouterService took to complete: 0ms
06-18 13:25:18.348 I/SystemServer( 1907): StartFingerprintSensor
06-18 13:25:18.348 I/SystemServiceManager( 1907): Starting com.android.server.biometrics.fingerprint.FingerprintService
06-18 13:25:18.349 D/SystemServerInitThreadPool( 1907): Started executing FingerprintService.onStart
06-18 13:25:18.349 V/FingerprintService( 1907): mDaemon was null, reconnect to fingerprint
06-18 13:25:18.349 D/SystemServerTiming( 1907): StartFingerprintSensor took to complete: 2ms
06-18 13:25:18.349 I/android_os_HwBinder( 1907): HwBinder: Starting thread pool for getting: android.hardware.biometrics.fingerprint@2.1::IBiometricsFingerprint/default
06-18 13:25:18.349 I/SystemServer( 1907): StartBiometricService
06-18 13:25:18.349 I/SystemServiceManager( 1907): Starting com.android.server.biometrics.BiometricService
06-18 13:25:18.349 V/FingerprintService( 1907): Fingerprint HAL id: 139534939578368
06-18 13:25:18.350 D/FingerprintHal( 1814): ----------------> fingerprint_set_active_group -----------------> path /data/vendor_de/0/fpdata
06-18 13:25:18.350 D/FingerprintHal( 1814): ----------------> loadFingerprints ----------------->
06-18 13:25:18.350 E/FingerprintHal( 1814): Could not load fingerprints from storage at /data/vendor_de/0/fpdata/emufp.bin; it has not yet been created.
06-18 13:25:18.350 D/FingerprintHal( 1814): ----------------> loadAuthenticatorId ----------------->
06-18 13:25:18.350 E/FingerprintHal( 1814): Could not load authenticator id from storage at /data/vendor_de/0/fpdata/emuauthid.bin; it has not yet been created.
06-18 13:25:18.350 D/FingerprintHal( 1814): ----------------> get_64bit_rand ----------------->
06-18 13:25:18.350 D/FingerprintHal( 1814): ----------------> saveAuthenticatorId ----------------->
06-18 13:25:18.350 D/FingerprintHal( 1814): Save authenticator id (0x6b8b4567327b23c6)
06-18 13:25:18.350 D/SystemServerTiming( 1907): StartBiometricService took to complete: 1ms
06-18 13:25:18.350 I/SystemServer( 1907): StartBackgroundDexOptService
06-18 13:25:18.350 W/BackgroundDexOptService( 1907): SysProp pm.dexopt.downgrade_after_inactive_days not set
06-18 13:25:18.350 V/FingerprintService( 1907): Enumerating user(0)
06-18 13:25:18.350 D/SystemServerInitThreadPool( 1907): Finished executing FingerprintService.onStart
06-18 13:25:18.350 D/SystemServerTiming( 1907): StartBackgroundDexOptService took to complete: 0ms
06-18 13:25:18.350 I/SystemServer( 1907): StartDynamicCodeLoggingService
06-18 13:25:18.351 D/SystemServerTiming( 1907): StartDynamicCodeLoggingService took to complete: 1ms
06-18 13:25:18.351 I/SystemServer( 1907): StartPruneInstantAppsJobService
06-18 13:25:18.351 D/SystemServerTiming( 1907): StartPruneInstantAppsJobService took to complete: 0ms
06-18 13:25:18.351 I/SystemServer( 1907): StartShortcutServiceLifecycle
06-18 13:25:18.351 I/SystemServiceManager( 1907): Starting com.android.server.pm.ShortcutService$Lifecycle
06-18 13:25:18.352 D/SystemServerTiming( 1907): StartShortcutServiceLifecycle took to complete: 1ms
06-18 13:25:18.352 I/SystemServer( 1907): StartLauncherAppsService
06-18 13:25:18.352 I/SystemServiceManager( 1907): Starting com.android.server.pm.LauncherAppsService
06-18 13:25:18.352 D/SystemServerTiming( 1907): StartLauncherAppsService took to complete: 0ms
06-18 13:25:18.352 I/SystemServer( 1907): StartCrossProfileAppsService
06-18 13:25:18.352 I/SystemServiceManager( 1907): Starting com.android.server.pm.CrossProfileAppsService
06-18 13:25:18.353 D/SystemServerTiming( 1907): StartCrossProfileAppsService took to complete: 0ms
06-18 13:25:18.353 I/SystemServer( 1907): StartMediaProjectionManager
06-18 13:25:18.353 I/SystemServiceManager( 1907): Starting com.android.server.media.projection.MediaProjectionManagerService
06-18 13:25:18.354 V/MediaRouter( 1907): Selecting route: RouteInfo{ name=Phone, description=null, status=null, category=RouteCategory{ name=System types=ROUTE_TYPE_LIVE_AUDIO ROUTE_TYPE_LIVE_VIDEO  groupable=false }, supportedTypes=ROUTE_TYPE_LIVE_AUDIO ROUTE_TYPE_LIVE_VIDEO , presentationDisplay=null }
06-18 13:25:18.354 D/SystemServerTiming( 1907): StartMediaProjectionManager took to complete: 2ms
06-18 13:25:18.354 I/SystemServer( 1907): StartSliceManagerService
06-18 13:25:18.354 I/SystemServiceManager( 1907): Starting com.android.server.slice.SliceManagerService$Lifecycle
06-18 13:25:18.355 D/SystemServerTiming( 1907): StartSliceManagerService took to complete: 1ms
06-18 13:25:18.355 I/SystemServer( 1907): StartCameraServiceProxy
06-18 13:25:18.355 I/SystemServiceManager( 1907): Starting com.android.server.camera.CameraServiceProxy
06-18 13:25:18.357 D/SystemServerTiming( 1907): StartCameraServiceProxy took to complete: 2ms
06-18 13:25:18.357 I/SystemServer( 1907): StartStatsCompanionService
06-18 13:25:18.357 I/SystemServiceManager( 1907): Starting com.android.server.stats.StatsCompanionService$Lifecycle
06-18 13:25:18.358 I/StatsCompanionService( 1907): register thermal listener successfully
06-18 13:25:18.361 E/KernelCpuThreadReader( 1907): Failed to initialize KernelCpuThreadReader
06-18 13:25:18.361 E/KernelCpuThreadReader( 1907): java.nio.file.NoSuchFileException: /proc/self/time_in_state
06-18 13:25:18.361 E/KernelCpuThreadReader( 1907): 	at sun.nio.fs.UnixFileSystemProvider.newByteChannel(UnixFileSystemProvider.java:214)
06-18 13:25:18.361 E/KernelCpuThreadReader( 1907): 	at java.nio.file.Files.newByteChannel(Files.java:361)
06-18 13:25:18.361 E/KernelCpuThreadReader( 1907): 	at java.nio.file.Files.newByteChannel(Files.java:407)
06-18 13:25:18.361 E/KernelCpuThreadReader( 1907): 	at java.nio.file.Files.readAllBytes(Files.java:3152)
06-18 13:25:18.361 E/KernelCpuThreadReader( 1907): 	at com.android.internal.os.ProcTimeInStateReader.initializeTimeInStateFormat(ProcTimeInStateReader.java:163)
06-18 13:25:18.361 E/KernelCpuThreadReader( 1907): 	at com.android.internal.os.ProcTimeInStateReader.<init>(ProcTimeInStateReader.java:110)
06-18 13:25:18.361 E/KernelCpuThreadReader( 1907): 	at com.android.internal.os.KernelCpuThreadReader.<init>(KernelCpuThreadReader.java:137)
06-18 13:25:18.361 E/KernelCpuThreadReader( 1907): 	at com.android.internal.os.KernelCpuThreadReader.create(KernelCpuThreadReader.java:150)
06-18 13:25:18.361 E/KernelCpuThreadReader( 1907): 	at com.android.internal.os.KernelCpuThreadReaderSettingsObserver.<init>(KernelCpuThreadReaderSettingsObserver.java:94)
06-18 13:25:18.361 E/KernelCpuThreadReader( 1907): 	at com.android.internal.os.KernelCpuThreadReaderSettingsObserver.getSettingsModifiedReader(KernelCpuThreadReaderSettingsObserver.java:79)
06-18 13:25:18.361 E/KernelCpuThreadReader( 1907): 	at com.android.server.stats.StatsCompanionService.<init>(StatsCompanionService.java:377)
06-18 13:25:18.361 E/KernelCpuThreadReader( 1907): 	at com.android.server.stats.StatsCompanionService$Lifecycle.onStart(StatsCompanionService.java:2539)
06-18 13:25:18.361 E/KernelCpuThreadReader( 1907): 	at com.android.server.SystemServiceManager.startService(SystemServiceManager.java:129)
06-18 13:25:18.361 E/KernelCpuThreadReader( 1907): 	at com.android.server.SystemServiceManager.startService(SystemServiceManager.java:116)
06-18 13:25:18.361 E/KernelCpuThreadReader( 1907): 	at com.android.server.SystemServer.startOtherServices(SystemServer.java:1879)
06-18 13:25:18.361 E/KernelCpuThreadReader( 1907): 	at com.android.server.SystemServer.run(SystemServer.java:512)
06-18 13:25:18.361 E/KernelCpuThreadReader( 1907): 	at com.android.server.SystemServer.main(SystemServer.java:349)
06-18 13:25:18.361 E/KernelCpuThreadReader( 1907): 	at java.lang.reflect.Method.invoke(Native Method)
06-18 13:25:18.361 E/KernelCpuThreadReader( 1907): 	at com.android.internal.os.RuntimeInit$MethodAndArgsCaller.run(RuntimeInit.java:492)
06-18 13:25:18.361 E/KernelCpuThreadReader( 1907): 	at com.android.internal.os.ZygoteInit.main(ZygoteInit.java:908)
06-18 13:25:18.361 D/SystemServerTiming( 1907): StartStatsCompanionService took to complete: 4ms
06-18 13:25:18.361 I/SystemServer( 1907): StartIncidentCompanionService
06-18 13:25:18.361 I/SystemServiceManager( 1907): Starting com.android.server.incident.IncidentCompanionService
06-18 13:25:18.361 D/SystemServerTiming( 1907): StartIncidentCompanionService took to complete: 0ms
06-18 13:25:18.361 I/SystemServer( 1907): StartMmsService
06-18 13:25:18.361 I/SystemServiceManager( 1907): Starting com.android.server.MmsServiceBroker
06-18 13:25:18.362 D/SystemServerTiming( 1907): StartMmsService took to complete: 0ms
06-18 13:25:18.362 I/SystemServer( 1907): StartAutoFillService
06-18 13:25:18.362 I/SystemServiceManager( 1907): Starting com.android.server.autofill.AutofillManagerService
06-18 13:25:18.363 D/AutofillManagerService( 1907): setLogLevelFromSettings(): level=2, debug=true, verbose=false
06-18 13:25:18.364 D/AutofillManagerService( 1907): setMaxPartitionsFromSettings(): 10
06-18 13:25:18.364 D/AutofillManagerService( 1907): setMaxVisibleDatasetsFromSettings(): 0
06-18 13:25:18.365 E/AutofillManagerServiceImpl( 1907): Bad service name: com.google.android.gms/.autofill.service.AutofillService
06-18 13:25:18.365 D/AutofillManagerServiceImpl( 1907): Reset component for user 0:com.google.android.gms/.autofill.service.AutofillService
06-18 13:25:18.365 D/AutofillUI( 1907): destroySaveUiUiThread(): already destroyed
06-18 13:25:18.365 D/SystemServerTiming( 1907): StartAutoFillService took to complete: 4ms
06-18 13:25:18.365 I/SystemServer( 1907): StartClipboardService
06-18 13:25:18.365 I/SystemServiceManager( 1907): Starting com.android.server.clipboard.ClipboardService
06-18 13:25:18.365 D/SystemServerTiming( 1907): StartClipboardService took to complete: 0ms
06-18 13:25:18.366 I/SystemServer( 1907): AppServiceManager
06-18 13:25:18.366 I/SystemServiceManager( 1907): Starting com.android.server.appbinding.AppBindingService$Lifecycle
06-18 13:25:18.366 D/SystemServerTiming( 1907): AppServiceManager took to complete: 0ms
