06-18 13:25:19.395 W/PackageManager( 1907): Cannot whitelist unknown permission: android.car.permission.CAR_MILEAGE
06-18 13:25:19.395 W/PackageManager( 1907): Cannot whitelist unknown permission: android.car.permission.CAR_TIRES
06-18 13:25:19.395 W/PackageManager( 1907): Cannot whitelist unknown permission: android.car.permission.CONTROL_CAR_CLIMATE
06-18 13:25:19.395 W/PackageManager( 1907): Cannot whitelist unknown permission: android.car.permission.CONTROL_CAR_DOORS
06-18 13:25:19.395 W/PackageManager( 1907): Cannot whitelist unknown permission: android.car.permission.CONTROL_CAR_EXTERIOR_LIGHTS
06-18 13:25:19.395 W/PackageManager( 1907): Cannot whitelist unknown permission: android.car.permission.CONTROL_CAR_MIRRORS
06-18 13:25:19.395 W/PackageManager( 1907): Cannot whitelist unknown permission: android.car.permission.CONTROL_CAR_SEATS
06-18 13:25:19.395 W/PackageManager( 1907): Cannot whitelist unknown permission: android.car.permission.CONTROL_CAR_WINDOWS
06-18 13:25:19.395 W/PackageManager( 1907): Cannot whitelist unknown permission: android.car.permission.READ_CAR_DISPLAY_UNITS
06-18 13:25:19.395 W/PackageManager( 1907): Cannot whitelist unknown permission: com.google.android.finsky.permission.GEARHEAD_SERVICE
06-18 13:25:19.395 W/PackageManager( 1907): Cannot whitelist unknown permission: com.google.android.permission.ACCESSIBILITY_SCAN_SERVICE
06-18 13:25:19.395 W/PackageManager( 1907): Cannot whitelist unknown permission: com.google.android.finsky.permission.ACCESS_INSTANT_APP_NOTIFICATION_ENFORCEMENT
06-18 13:25:19.395 W/PackageManager( 1907): Cannot whitelist unknown permission: com.google.android.clockwork.settings.SHOW_FACTORY_RESET_CONFIRMATION
06-18 13:25:19.395 W/PackageManager( 1907): Cannot whitelist unknown permission: com.google.android.wearable.READ_SETTINGS
06-18 13:25:19.395 W/PackageManager( 1907): Cannot whitelist unknown permission: android.permission.READ_MEDIA_AUDIO
06-18 13:25:19.395 W/PackageManager( 1907): Cannot whitelist unknown permission: android.permission.READ_MEDIA_IMAGES
06-18 13:25:19.395 W/PackageManager( 1907): Cannot whitelist unknown permission: android.permission.READ_MEDIA_VIDEO
06-18 13:25:19.395 W/PackageManager( 1907): Cannot whitelist unknown permission: com.android.vending.setup.PLAY_SETUP_SERVICE
06-18 13:25:19.395 W/PackageManager( 1907): Cannot whitelist unknown permission: com.google.android.gms.game.notifications.permission.WRITE
06-18 13:25:19.395 W/PackageManager( 1907): Cannot whitelist unknown permission: com.google.android.vending.verifier.ACCESS_VERIFIER
06-18 13:25:19.395 I/PackageManager( 1907): Un-granting permission android.permission.CAPTURE_VIDEO_OUTPUT from package com.google.android.gms (protectionLevel=2 flags=0xb0cabe45)
06-18 13:25:19.395 I/PackageManager( 1907): Un-granting permission android.permission.MANAGE_DEVICE_ADMINS from package com.google.android.gms (protectionLevel=2 flags=0xb0cabe45)
06-18 13:25:19.395 I/PackageManager( 1907): Un-granting permission android.permission.MANAGE_ACTIVITY_STACKS from package com.google.android.gms (protectionLevel=2 flags=0xb0cabe45)
06-18 13:25:19.395 I/PackageManager( 1907): Un-granting permission android.permission.CAPTURE_SECURE_VIDEO_OUTPUT from package com.google.android.gms (protectionLevel=2 flags=0xb0cabe45)
06-18 13:25:19.395 I/PackageManager( 1907): Un-granting permission android.permission.MANAGE_ROLLBACKS from package com.google.android.gms (protectionLevel=514 flags=0xb0cabe45)
06-18 13:25:19.396 W/PackageManager( 1907): Cannot whitelist unknown permission: android.permission.QUERY_ALL_PACKAGES
06-18 13:25:19.396 W/PackageManager( 1907): Cannot whitelist unknown permission: android.permission.PRE_FACTORY_RESET
06-18 13:25:19.396 W/PackageManager( 1907): Cannot whitelist unknown permission: android.permission.MANAGE_FACTORY_RESET_PROTECTION
06-18 13:25:19.396 W/PackageManager( 1907): Cannot whitelist unknown permission: android.car.permission.CAR_POWER
06-18 13:25:19.396 W/PackageManager( 1907): Cannot whitelist unknown permission: com.google.android.wearable.WRITE_SETTINGS
06-18 13:25:19.396 W/PackageManager( 1907): Cannot whitelist unknown permission: com.felicanetworks.mfc.permission.MFC_ACCESS
06-18 13:25:19.396 W/PackageManager( 1907): Cannot whitelist unknown permission: com.felicanetworks.mfc.mfi.permission.MFI_ACCESS
06-18 13:25:19.396 W/PackageManager( 1907): Cannot whitelist unknown permission: com.google.android.finsky.permission.INSTANT_APP_STATE
06-18 13:25:19.396 W/PackageManager( 1907): Cannot whitelist unknown permission: android.permission.UWB
06-18 13:25:19.396 W/PackageManager( 1907): Cannot whitelist unknown permission: com.google.android.finsky.permission.BIND_GET_INSTALL_REFERRER_SERVICE
06-18 13:25:19.396 W/PackageManager( 1907): Cannot whitelist unknown permission: com.google.android.hangouts.START_HANGOUT
06-18 13:25:19.396 W/PackageManager( 1907): Cannot whitelist unknown permission: android.car.permission.CAR_POWERTRAIN
06-18 13:25:19.396 W/PackageManager( 1907): Cannot whitelist unknown permission: android.car.permission.CAR_ENERGY
06-18 13:25:19.396 W/PackageManager( 1907): Cannot whitelist unknown permission: android.car.permission.CAR_ENERGY_PORTS
06-18 13:25:19.396 W/PackageManager( 1907): Cannot whitelist unknown permission: android.car.permission.CAR_EXTERIOR_LIGHTS
06-18 13:25:19.396 W/PackageManager( 1907): Cannot whitelist unknown permission: android.car.permission.CAR_INFO
06-18 13:25:19.396 W/PackageManager( 1907): Cannot whitelist unknown permission: android.car.permission.CAR_MILEAGE
06-18 13:25:19.396 W/PackageManager( 1907): Cannot whitelist unknown permission: android.car.permission.CAR_TIRES
06-18 13:25:19.396 W/PackageManager( 1907): Cannot whitelist unknown permission: android.car.permission.CONTROL_CAR_CLIMATE
06-18 13:25:19.396 W/PackageManager( 1907): Cannot whitelist unknown permission: android.car.permission.CONTROL_CAR_DOORS
06-18 13:25:19.396 W/PackageManager( 1907): Cannot whitelist unknown permission: android.car.permission.CONTROL_CAR_EXTERIOR_LIGHTS
06-18 13:25:19.396 W/PackageManager( 1907): Cannot whitelist unknown permission: android.car.permission.CONTROL_CAR_MIRRORS
06-18 13:25:19.396 W/PackageManager( 1907): Cannot whitelist unknown permission: android.car.permission.CONTROL_CAR_SEATS
06-18 13:25:19.396 W/PackageManager( 1907): Cannot whitelist unknown permission: android.car.permission.CONTROL_CAR_WINDOWS
06-18 13:25:19.396 W/PackageManager( 1907): Cannot whitelist unknown permission: android.car.permission.READ_CAR_DISPLAY_UNITS
06-18 13:25:19.396 W/PackageManager( 1907): Cannot whitelist unknown permission: com.google.android.finsky.permission.GEARHEAD_SERVICE
06-18 13:25:19.396 W/PackageManager( 1907): Cannot whitelist unknown permission: com.google.android.permission.ACCESSIBILITY_SCAN_SERVICE
06-18 13:25:19.396 W/PackageManager( 1907): Cannot whitelist unknown permission: com.google.android.finsky.permission.ACCESS_INSTANT_APP_NOTIFICATION_ENFORCEMENT
06-18 13:25:19.396 W/PackageManager( 1907): Cannot whitelist unknown permission: com.google.android.clockwork.settings.SHOW_FACTORY_RESET_CONFIRMATION
06-18 13:25:19.396 W/PackageManager( 1907): Cannot whitelist unknown permission: com.google.android.wearable.READ_SETTINGS
06-18 13:25:19.397 W/PackageManager( 1907): Cannot whitelist unknown permission: android.permission.READ_MEDIA_AUDIO
06-18 13:25:19.397 W/PackageManager( 1907): Cannot whitelist unknown permission: android.permission.READ_MEDIA_IMAGES
06-18 13:25:19.397 W/PackageManager( 1907): Cannot whitelist unknown permission: android.permission.READ_MEDIA_VIDEO
06-18 13:25:19.397 W/PackageManager( 1907): Cannot whitelist unknown permission: com.android.vending.setup.PLAY_SETUP_SERVICE
06-18 13:25:19.397 W/PackageManager( 1907): Cannot whitelist unknown permission: com.google.android.gms.game.notifications.permission.WRITE
06-18 13:25:19.397 W/PackageManager( 1907): Cannot whitelist unknown permission: com.google.android.vending.verifier.ACCESS_VERIFIER
06-18 13:25:19.397 I/PackageManager( 1907): Un-granting permission android.permission.CAPTURE_VIDEO_OUTPUT from package com.google.android.gms (protectionLevel=2 flags=0xb0cabe45)
06-18 13:25:19.397 I/PackageManager( 1907): Un-granting permission android.permission.MANAGE_DEVICE_ADMINS from package com.google.android.gms (protectionLevel=2 flags=0xb0cabe45)
06-18 13:25:19.397 I/PackageManager( 1907): Un-granting permission android.permission.MANAGE_ACTIVITY_STACKS from package com.google.android.gms (protectionLevel=2 flags=0xb0cabe45)
06-18 13:25:19.397 I/PackageManager( 1907): Un-granting permission android.permission.CAPTURE_SECURE_VIDEO_OUTPUT from package com.google.android.gms (protectionLevel=2 flags=0xb0cabe45)
06-18 13:25:19.397 I/PackageManager( 1907): Un-granting permission android.permission.MANAGE_ROLLBACKS from package com.google.android.gms (protectionLevel=514 flags=0xb0cabe45)
06-18 13:25:19.401 E/ActivityThread( 2051): Failed to find provider info for com.google.android.gsf.gservices
06-18 13:25:19.401 W/PackageManager( 1907): Cannot whitelist unknown permission: android.permission.QUERY_ALL_PACKAGES
06-18 13:25:19.401 W/PackageManager( 1907): Cannot whitelist unknown permission: android.permission.PRE_FACTORY_RESET
06-18 13:25:19.401 W/PackageManager( 1907): Cannot whitelist unknown permission: android.permission.MANAGE_FACTORY_RESET_PROTECTION
06-18 13:25:19.401 W/PackageManager( 1907): Cannot whitelist unknown permission: android.car.permission.CAR_POWER
06-18 13:25:19.401 W/PackageManager( 1907): Cannot whitelist unknown permission: com.google.android.wearable.WRITE_SETTINGS
06-18 13:25:19.401 W/PackageManager( 1907): Cannot whitelist unknown permission: com.felicanetworks.mfc.permission.MFC_ACCESS
06-18 13:25:19.401 W/PackageManager( 1907): Cannot whitelist unknown permission: com.felicanetworks.mfc.mfi.permission.MFI_ACCESS
06-18 13:25:19.401 W/PackageManager( 1907): Cannot whitelist unknown permission: com.google.android.finsky.permission.INSTANT_APP_STATE
06-18 13:25:19.401 W/PackageManager( 1907): Cannot whitelist unknown permission: android.permission.UWB
06-18 13:25:19.401 W/PackageManager( 1907): Cannot whitelist unknown permission: com.google.android.finsky.permission.BIND_GET_INSTALL_REFERRER_SERVICE
06-18 13:25:19.401 W/PackageManager( 1907): Cannot whitelist unknown permission: com.google.android.hangouts.START_HANGOUT
06-18 13:25:19.401 W/PackageManager( 1907): Cannot whitelist unknown permission: android.car.permission.CAR_POWERTRAIN
06-18 13:25:19.401 W/PackageManager( 1907): Cannot whitelist unknown permission: android.car.permission.CAR_ENERGY
06-18 13:25:19.401 W/PackageManager( 1907): Cannot whitelist unknown permission: android.car.permission.CAR_ENERGY_PORTS
06-18 13:25:19.401 W/PackageManager( 1907): Cannot whitelist unknown permission: android.car.permission.CAR_EXTERIOR_LIGHTS
06-18 13:25:19.401 W/PackageManager( 1907): Cannot whitelist unknown permission: android.car.permission.CAR_INFO
06-18 13:25:19.401 W/PackageManager( 1907): Cannot whitelist unknown permission: android.car.permission.CAR_MILEAGE
06-18 13:25:19.401 W/PackageManager( 1907): Cannot whitelist unknown permission: android.car.permission.CAR_TIRES
06-18 13:25:19.401 W/PackageManager( 1907): Cannot whitelist unknown permission: android.car.permission.CONTROL_CAR_CLIMATE
06-18 13:25:19.401 W/PackageManager( 1907): Cannot whitelist unknown permission: android.car.permission.CONTROL_CAR_DOORS
06-18 13:25:19.401 W/PackageManager( 1907): Cannot whitelist unknown permission: android.car.permission.CONTROL_CAR_EXTERIOR_LIGHTS
06-18 13:25:19.401 W/PackageManager( 1907): Cannot whitelist unknown permission: android.car.permission.CONTROL_CAR_MIRRORS
06-18 13:25:19.401 W/PackageManager( 1907): Cannot whitelist unknown permission: android.car.permission.CONTROL_CAR_SEATS
06-18 13:25:19.401 W/PackageManager( 1907): Cannot whitelist unknown permission: android.car.permission.CONTROL_CAR_WINDOWS
06-18 13:25:19.402 W/PackageManager( 1907): Cannot whitelist unknown permission: android.car.permission.READ_CAR_DISPLAY_UNITS
06-18 13:25:19.402 W/PackageManager( 1907): Cannot whitelist unknown permission: com.google.android.finsky.permission.GEARHEAD_SERVICE
06-18 13:25:19.402 W/PackageManager( 1907): Cannot whitelist unknown permission: com.google.android.permission.ACCESSIBILITY_SCAN_SERVICE
06-18 13:25:19.402 W/PackageManager( 1907): Cannot whitelist unknown permission: com.google.android.finsky.permission.ACCESS_INSTANT_APP_NOTIFICATION_ENFORCEMENT
06-18 13:25:19.402 W/PackageManager( 1907): Cannot whitelist unknown permission: com.google.android.clockwork.settings.SHOW_FACTORY_RESET_CONFIRMATION
06-18 13:25:19.402 W/PackageManager( 1907): Cannot whitelist unknown permission: com.google.android.wearable.READ_SETTINGS
06-18 13:25:19.402 W/PackageManager( 1907): Cannot whitelist unknown permission: android.permission.READ_MEDIA_AUDIO
06-18 13:25:19.402 W/PackageManager( 1907): Cannot whitelist unknown permission: android.permission.READ_MEDIA_IMAGES
06-18 13:25:19.402 W/PackageManager( 1907): Cannot whitelist unknown permission: android.permission.READ_MEDIA_VIDEO
06-18 13:25:19.402 W/PackageManager( 1907): Cannot whitelist unknown permission: com.android.vending.setup.PLAY_SETUP_SERVICE
06-18 13:25:19.402 W/PackageManager( 1907): Cannot whitelist unknown permission: com.google.android.gms.game.notifications.permission.WRITE
06-18 13:25:19.402 W/PackageManager( 1907): Cannot whitelist unknown permission: com.google.android.vending.verifier.ACCESS_VERIFIER
06-18 13:25:19.402 I/PackageManager( 1907): Un-granting permission android.permission.CAPTURE_VIDEO_OUTPUT from package com.google.android.gms (protectionLevel=2 flags=0xb0cabe45)
06-18 13:25:19.402 I/PackageManager( 1907): Un-granting permission android.permission.MANAGE_DEVICE_ADMINS from package com.google.android.gms (protectionLevel=2 flags=0xb0cabe45)
06-18 13:25:19.402 I/PackageManager( 1907): Un-granting permission android.permission.MANAGE_ACTIVITY_STACKS from package com.google.android.gms (protectionLevel=2 flags=0xb0cabe45)
06-18 13:25:19.402 I/PackageManager( 1907): Un-granting permission android.permission.CAPTURE_SECURE_VIDEO_OUTPUT from package com.google.android.gms (protectionLevel=2 flags=0xb0cabe45)
06-18 13:25:19.402 I/PackageManager( 1907): Un-granting permission android.permission.MANAGE_ROLLBACKS from package com.google.android.gms (protectionLevel=514 flags=0xb0cabe45)
06-18 13:25:19.403 I/OMXClient( 1907): IOmx service obtained
06-18 13:25:19.403 I/OMXMaster( 1807): makeComponentInstance(OMX.google.vorbis.decoder) in android.hardwar process
06-18 13:25:19.404 W/PackageManager( 1907): Cannot whitelist unknown permission: android.permission.QUERY_ALL_PACKAGES
06-18 13:25:19.404 W/PackageManager( 1907): Cannot whitelist unknown permission: android.permission.PRE_FACTORY_RESET
06-18 13:25:19.404 W/PackageManager( 1907): Cannot whitelist unknown permission: android.permission.MANAGE_FACTORY_RESET_PROTECTION
06-18 13:25:19.404 W/PackageManager( 1907): Cannot whitelist unknown permission: android.car.permission.CAR_POWER
06-18 13:25:19.404 W/PackageManager( 1907): Cannot whitelist unknown permission: com.google.android.wearable.WRITE_SETTINGS
06-18 13:25:19.404 W/PackageManager( 1907): Cannot whitelist unknown permission: com.felicanetworks.mfc.permission.MFC_ACCESS
06-18 13:25:19.404 W/PackageManager( 1907): Cannot whitelist unknown permission: com.felicanetworks.mfc.mfi.permission.MFI_ACCESS
06-18 13:25:19.404 W/PackageManager( 1907): Cannot whitelist unknown permission: com.google.android.finsky.permission.INSTANT_APP_STATE
06-18 13:25:19.404 W/PackageManager( 1907): Cannot whitelist unknown permission: android.permission.UWB
06-18 13:25:19.404 E/OMXNodeInstance( 1807): getConfig(0xf32190e0:google.vorbis.decoder, ConfigAndroidVendorExtension(0x6f100004)) ERROR: Undefined(0x80001001)
06-18 13:25:19.405 W/PackageManager( 1907): Cannot whitelist unknown permission: com.google.android.finsky.permission.BIND_GET_INSTALL_REFERRER_SERVICE
06-18 13:25:19.405 W/PackageManager( 1907): Cannot whitelist unknown permission: com.google.android.hangouts.START_HANGOUT
06-18 13:25:19.405 W/PackageManager( 1907): Cannot whitelist unknown permission: android.car.permission.CAR_POWERTRAIN
06-18 13:25:19.405 W/PackageManager( 1907): Cannot whitelist unknown permission: android.car.permission.CAR_ENERGY
06-18 13:25:19.405 W/PackageManager( 1907): Cannot whitelist unknown permission: android.car.permission.CAR_ENERGY_PORTS
06-18 13:25:19.405 W/PackageManager( 1907): Cannot whitelist unknown permission: android.car.permission.CAR_EXTERIOR_LIGHTS
06-18 13:25:19.405 W/PackageManager( 1907): Cannot whitelist unknown permission: android.car.permission.CAR_INFO
06-18 13:25:19.405 W/PackageManager( 1907): Cannot whitelist unknown permission: android.car.permission.CAR_MILEAGE
06-18 13:25:19.405 W/PackageManager( 1907): Cannot whitelist unknown permission: android.car.permission.CAR_TIRES
06-18 13:25:19.405 W/PackageManager( 1907): Cannot whitelist unknown permission: android.car.permission.CONTROL_CAR_CLIMATE
06-18 13:25:19.405 W/PackageManager( 1907): Cannot whitelist unknown permission: android.car.permission.CONTROL_CAR_DOORS
06-18 13:25:19.405 W/PackageManager( 1907): Cannot whitelist unknown permission: android.car.permission.CONTROL_CAR_EXTERIOR_LIGHTS
06-18 13:25:19.405 W/PackageManager( 1907): Cannot whitelist unknown permission: android.car.permission.CONTROL_CAR_MIRRORS
06-18 13:25:19.405 W/PackageManager( 1907): Cannot whitelist unknown permission: android.car.permission.CONTROL_CAR_SEATS
06-18 13:25:19.405 W/PackageManager( 1907): Cannot whitelist unknown permission: android.car.permission.CONTROL_CAR_WINDOWS
06-18 13:25:19.405 W/PackageManager( 1907): Cannot whitelist unknown permission: android.car.permission.READ_CAR_DISPLAY_UNITS
06-18 13:25:19.405 W/PackageManager( 1907): Cannot whitelist unknown permission: com.google.android.finsky.permission.GEARHEAD_SERVICE
06-18 13:25:19.405 W/PackageManager( 1907): Cannot whitelist unknown permission: com.google.android.permission.ACCESSIBILITY_SCAN_SERVICE
06-18 13:25:19.405 W/PackageManager( 1907): Cannot whitelist unknown permission: com.google.android.finsky.permission.ACCESS_INSTANT_APP_NOTIFICATION_ENFORCEMENT
06-18 13:25:19.405 W/PackageManager( 1907): Cannot whitelist unknown permission: com.google.android.clockwork.settings.SHOW_FACTORY_RESET_CONFIRMATION
06-18 13:25:19.406 W/PackageManager( 1907): Cannot whitelist unknown permission: com.google.android.wearable.READ_SETTINGS
06-18 13:25:19.406 W/PackageManager( 1907): Cannot whitelist unknown permission: android.permission.READ_MEDIA_AUDIO
06-18 13:25:19.406 W/PackageManager( 1907): Cannot whitelist unknown permission: android.permission.READ_MEDIA_IMAGES
06-18 13:25:19.406 W/PackageManager( 1907): Cannot whitelist unknown permission: android.permission.READ_MEDIA_VIDEO
06-18 13:25:19.406 W/PackageManager( 1907): Cannot whitelist unknown permission: com.android.vending.setup.PLAY_SETUP_SERVICE
06-18 13:25:19.406 W/PackageManager( 1907): Cannot whitelist unknown permission: com.google.android.gms.game.notifications.permission.WRITE
06-18 13:25:19.406 W/PackageManager( 1907): Cannot whitelist unknown permission: com.google.android.vending.verifier.ACCESS_VERIFIER
06-18 13:25:19.406 I/PackageManager( 1907): Un-granting permission android.permission.CAPTURE_VIDEO_OUTPUT from package com.google.android.gms (protectionLevel=2 flags=0xb0cabe45)
06-18 13:25:19.406 I/PackageManager( 1907): Un-granting permission android.permission.MANAGE_DEVICE_ADMINS from package com.google.android.gms (protectionLevel=2 flags=0xb0cabe45)
06-18 13:25:19.406 I/PackageManager( 1907): Un-granting permission android.permission.MANAGE_ACTIVITY_STACKS from package com.google.android.gms (protectionLevel=2 flags=0xb0cabe45)
06-18 13:25:19.406 I/PackageManager( 1907): Un-granting permission android.permission.CAPTURE_SECURE_VIDEO_OUTPUT from package com.google.android.gms (protectionLevel=2 flags=0xb0cabe45)
06-18 13:25:19.406 I/PackageManager( 1907): Un-granting permission android.permission.MANAGE_ROLLBACKS from package com.google.android.gms (protectionLevel=514 flags=0xb0cabe45)
06-18 13:25:19.413 E/ActivityThread( 2051): Failed to find provider info for com.google.android.gsf.gservices
06-18 13:25:19.418 I/FileApkMgr( 2051): Extracting modules completed
06-18 13:25:19.418 I/GmsApplication( 2051): Staging modules completed
06-18 13:25:19.418 I/GmsApplication( 2051): Updating config
06-18 13:25:19.420 W/FileUtils( 2051): Failed to set world readable: /data/user_de/0/com.google.android.gms/app_chimera/current_config.fb
06-18 13:25:19.419 I/chatty  ( 2051): uid=10120 com.google.android.gms.persistent identical 1 line
06-18 13:25:19.419 E/ActivityThread( 2051): Failed to find provider info for com.google.android.gsf.gservices
06-18 13:25:19.422 W/PackageManager( 1907): Cannot whitelist unknown permission: android.permission.QUERY_ALL_PACKAGES
06-18 13:25:19.422 W/PackageManager( 1907): Cannot whitelist unknown permission: android.permission.PRE_FACTORY_RESET
06-18 13:25:19.422 W/PackageManager( 1907): Cannot whitelist unknown permission: android.permission.MANAGE_FACTORY_RESET_PROTECTION
06-18 13:25:19.422 W/PackageManager( 1907): Cannot whitelist unknown permission: android.car.permission.CAR_POWER
06-18 13:25:19.422 W/PackageManager( 1907): Cannot whitelist unknown permission: com.google.android.wearable.WRITE_SETTINGS
06-18 13:25:19.422 W/PackageManager( 1907): Cannot whitelist unknown permission: com.felicanetworks.mfc.permission.MFC_ACCESS
06-18 13:25:19.422 W/PackageManager( 1907): Cannot whitelist unknown permission: com.felicanetworks.mfc.mfi.permission.MFI_ACCESS
06-18 13:25:19.422 W/PackageManager( 1907): Cannot whitelist unknown permission: com.google.android.finsky.permission.INSTANT_APP_STATE
06-18 13:25:19.422 W/PackageManager( 1907): Cannot whitelist unknown permission: android.permission.UWB
06-18 13:25:19.422 W/PackageManager( 1907): Cannot whitelist unknown permission: com.google.android.finsky.permission.BIND_GET_INSTALL_REFERRER_SERVICE
06-18 13:25:19.422 W/PackageManager( 1907): Cannot whitelist unknown permission: com.google.android.hangouts.START_HANGOUT
06-18 13:25:19.422 W/PackageManager( 1907): Cannot whitelist unknown permission: android.car.permission.CAR_POWERTRAIN
06-18 13:25:19.423 W/PackageManager( 1907): Cannot whitelist unknown permission: android.car.permission.CAR_ENERGY
06-18 13:25:19.423 W/PackageManager( 1907): Cannot whitelist unknown permission: android.car.permission.CAR_ENERGY_PORTS
06-18 13:25:19.423 W/PackageManager( 1907): Cannot whitelist unknown permission: android.car.permission.CAR_EXTERIOR_LIGHTS
06-18 13:25:19.423 W/PackageManager( 1907): Cannot whitelist unknown permission: android.car.permission.CAR_INFO
06-18 13:25:19.423 W/PackageManager( 1907): Cannot whitelist unknown permission: android.car.permission.CAR_MILEAGE
06-18 13:25:19.423 W/PackageManager( 1907): Cannot whitelist unknown permission: android.car.permission.CAR_TIRES
06-18 13:25:19.423 W/PackageManager( 1907): Cannot whitelist unknown permission: android.car.permission.CONTROL_CAR_CLIMATE
06-18 13:25:19.423 W/PackageManager( 1907): Cannot whitelist unknown permission: android.car.permission.CONTROL_CAR_DOORS
06-18 13:25:19.423 W/PackageManager( 1907): Cannot whitelist unknown permission: android.car.permission.CONTROL_CAR_EXTERIOR_LIGHTS
06-18 13:25:19.423 W/PackageManager( 1907): Cannot whitelist unknown permission: android.car.permission.CONTROL_CAR_MIRRORS
06-18 13:25:19.423 W/PackageManager( 1907): Cannot whitelist unknown permission: android.car.permission.CONTROL_CAR_SEATS
06-18 13:25:19.423 W/PackageManager( 1907): Cannot whitelist unknown permission: android.car.permission.CONTROL_CAR_WINDOWS
06-18 13:25:19.423 W/PackageManager( 1907): Cannot whitelist unknown permission: android.car.permission.READ_CAR_DISPLAY_UNITS
06-18 13:25:19.423 W/PackageManager( 1907): Cannot whitelist unknown permission: com.google.android.finsky.permission.GEARHEAD_SERVICE
06-18 13:25:19.423 W/PackageManager( 1907): Cannot whitelist unknown permission: com.google.android.permission.ACCESSIBILITY_SCAN_SERVICE
06-18 13:25:19.423 W/PackageManager( 1907): Cannot whitelist unknown permission: com.google.android.finsky.permission.ACCESS_INSTANT_APP_NOTIFICATION_ENFORCEMENT
06-18 13:25:19.423 W/PackageManager( 1907): Cannot whitelist unknown permission: com.google.android.clockwork.settings.SHOW_FACTORY_RESET_CONFIRMATION
06-18 13:25:19.423 W/PackageManager( 1907): Cannot whitelist unknown permission: com.google.android.wearable.READ_SETTINGS
06-18 13:25:19.423 W/PackageManager( 1907): Cannot whitelist unknown permission: android.permission.READ_MEDIA_AUDIO
06-18 13:25:19.423 W/PackageManager( 1907): Cannot whitelist unknown permission: android.permission.READ_MEDIA_IMAGES
06-18 13:25:19.423 W/PackageManager( 1907): Cannot whitelist unknown permission: android.permission.READ_MEDIA_VIDEO
06-18 13:25:19.423 W/PackageManager( 1907): Cannot whitelist unknown permission: com.android.vending.setup.PLAY_SETUP_SERVICE
06-18 13:25:19.423 W/PackageManager( 1907): Cannot whitelist unknown permission: com.google.android.gms.game.notifications.permission.WRITE
06-18 13:25:19.423 W/PackageManager( 1907): Cannot whitelist unknown permission: com.google.android.vending.verifier.ACCESS_VERIFIER
06-18 13:25:19.423 I/PackageManager( 1907): Un-granting permission android.permission.CAPTURE_VIDEO_OUTPUT from package com.google.android.gms (protectionLevel=2 flags=0xb0cabe45)
06-18 13:25:19.423 I/PackageManager( 1907): Un-granting permission android.permission.MANAGE_DEVICE_ADMINS from package com.google.android.gms (protectionLevel=2 flags=0xb0cabe45)
06-18 13:25:19.423 I/PackageManager( 1907): Un-granting permission android.permission.MANAGE_ACTIVITY_STACKS from package com.google.android.gms (protectionLevel=2 flags=0xb0cabe45)
06-18 13:25:19.423 I/PackageManager( 1907): Un-granting permission android.permission.CAPTURE_SECURE_VIDEO_OUTPUT from package com.google.android.gms (protectionLevel=2 flags=0xb0cabe45)
06-18 13:25:19.423 I/PackageManager( 1907): Un-granting permission android.permission.MANAGE_ROLLBACKS from package com.google.android.gms (protectionLevel=514 flags=0xb0cabe45)
06-18 13:25:19.443 I/.gms.persisten( 2051): Compiler allocated 5796KB to compile boolean cuf.a(cyl, boolean, caau, caau, int, java.util.List, java.io.File, cyh)
06-18 13:25:19.444 I/OMXClient( 1907): IOmx service obtained
06-18 13:25:19.444 I/OMXMaster( 1807): makeComponentInstance(OMX.google.vorbis.decoder) in android.hardwar process
06-18 13:25:19.445 E/OMXNodeInstance( 1807): getConfig(0xf32190e0:google.vorbis.decoder, ConfigAndroidVendorExtension(0x6f100004)) ERROR: Undefined(0x80001001)
06-18 13:25:19.445 W/PackageManager( 1907): Cannot whitelist unknown permission: android.permission.ADD_VOICEMAIL
06-18 13:25:19.445 W/PackageManager( 1907): Cannot whitelist unknown permission: com.google.android.apps.messaging.services.ACCESS_JIBESERVICE
06-18 13:25:19.446 W/PackageManager( 1907): Cannot whitelist unknown permission: android.permission.ADD_VOICEMAIL
06-18 13:25:19.446 W/PackageManager( 1907): Cannot whitelist unknown permission: com.google.android.apps.messaging.services.ACCESS_JIBESERVICE
06-18 13:25:19.448 W/PackageManager( 1907): Cannot whitelist unknown permission: android.permission.ADD_VOICEMAIL
06-18 13:25:19.448 W/PackageManager( 1907): Cannot whitelist unknown permission: com.google.android.apps.messaging.services.ACCESS_JIBESERVICE
06-18 13:25:19.450 E/ChimeraCfgMgr( 2051): Failed to read module config: java.io.FileNotFoundException: /data/user_de/0/com.google.android.gms/app_chimera/current_config.fb: open failed: ENOENT (No such file or directory)
06-18 13:25:19.451 E/ActivityThread( 2051): Failed to find provider info for com.google.android.gsf.gservices
06-18 13:25:19.451 E/GservicesValue( 2051): Gservices key not whitelisted for directboot access: gms:chimera:dev_module_blacklist
06-18 13:25:19.451 E/ActivityThread( 2051): Failed to find provider info for com.google.android.gsf.gservices
06-18 13:25:19.453 W/PackageManager( 1907): Cannot whitelist unknown permission: android.permission.ADD_VOICEMAIL
06-18 13:25:19.453 W/PackageManager( 1907): Cannot whitelist unknown permission: com.google.android.apps.messaging.services.ACCESS_JIBESERVICE
06-18 13:25:19.453 W/PackageManager( 1907): Cannot whitelist unknown permission: android.permission.ADD_VOICEMAIL
06-18 13:25:19.453 W/PackageManager( 1907): Cannot whitelist unknown permission: com.google.android.apps.messaging.services.ACCESS_JIBESERVICE
06-18 13:25:19.454 E/ActivityThread( 2051): Failed to find provider info for com.google.android.gsf.gservices
06-18 13:25:19.455 I/GmsModuleFndr( 2051): Beginning GMS chimera module scan
06-18 13:25:19.456 E/ChimeraCfgMgr( 2051): Failed to read module config: java.io.FileNotFoundException: /data/user_de/0/com.google.android.gms/app_chimera/current_config.fb: open failed: ENOENT (No such file or directory)
06-18 13:25:19.458 I/ModuleSetMgr( 2051): Config file doesn't exist, writing blank config.
06-18 13:25:19.454 I/chatty  ( 2051): uid=10120 com.google.android.gms.persistent identical 2 lines
06-18 13:25:19.454 E/ActivityThread( 2051): Failed to find provider info for com.google.android.gsf.gservices
06-18 13:25:19.464 I/PackageManager( 1907): Un-granting permission com.google.android.googleapps.permission.GOOGLE_AUTH from package com.google.android.videos (protectionLevel=2 flags=0x30dbbe45)
06-18 13:25:19.466 I/ModuleSetMgr( 2051): Computing pending module set with APKs: [[AdsFdrDynamite.integ:21460000000], [Cronetdynamite:202414040800], [Dynamiteloader:202414040800], [Dynamitemodulesa:202414040000], [Dynamitemodulesc:202414040000], [Googlecertificates:202414040000], [Mapsdynamite:202414040000], [Measurementdynamite:202414040000]]
06-18 13:25:19.465 I/chatty  ( 1907): uid=1000(system) Binder:1907_3 identical 1 line
06-18 13:25:19.467 I/PackageManager( 1907): Un-granting permission com.google.android.googleapps.permission.GOOGLE_AUTH from package com.google.android.videos (protectionLevel=2 flags=0x30dbbe45)
06-18 13:25:19.468 E/ActivityThread( 2051): Failed to find provider info for com.google.android.gsf.gservices
06-18 13:25:19.468 E/ActivityThread( 2051): Failed to find provider info for com.google.android.gsf.gservices
06-18 13:25:19.468 W/PackageManager( 1907): Cannot whitelist unknown permission: com.google.android.apps.miphone.aiai.matchmaker.overview.service.BIND_SERVICE
06-18 13:25:19.468 W/PackageManager( 1907): Cannot whitelist unknown permission: com.google.android.as.allapps.SUGGESTION_CONSUMER
06-18 13:25:19.468 E/ActivityThread( 2051): Failed to find provider info for com.google.android.gsf.gservices
06-18 13:25:19.469 I/chatty  ( 2051): uid=10120 com.google.android.gms.persistent identical 1 line
06-18 13:25:19.469 E/ActivityThread( 2051): Failed to find provider info for com.google.android.gsf.gservices
06-18 13:25:19.469 W/PackageManager( 1907): Cannot whitelist unknown permission: com.google.android.apps.miphone.aiai.matchmaker.overview.service.BIND_SERVICE
06-18 13:25:19.469 W/PackageManager( 1907): Cannot whitelist unknown permission: com.google.android.as.allapps.SUGGESTION_CONSUMER
06-18 13:25:19.469 E/ActivityThread( 2051): Failed to find provider info for com.google.android.gsf.gservices
06-18 13:25:19.470 I/chatty  ( 2051): uid=10120 com.google.android.gms.persistent identical 1 line
06-18 13:25:19.471 E/ActivityThread( 2051): Failed to find provider info for com.google.android.gsf.gservices
06-18 13:25:19.480 W/PackageManager( 1907): Cannot whitelist unknown permission: com.android.vending.BILLING
06-18 13:25:19.481 I/PackageManager( 1907): Un-granting permission android.permission.WRITE_MEDIA_STORAGE from package com.google.android.apps.photos (protectionLevel=18 flags=0x38d9be45)
06-18 13:25:19.483 W/PackageManager( 1907): Cannot whitelist unknown permission: com.android.vending.BILLING
06-18 13:25:19.483 I/PackageManager( 1907): Un-granting permission android.permission.WRITE_MEDIA_STORAGE from package com.google.android.apps.photos (protectionLevel=18 flags=0x38d9be45)
06-18 13:25:19.483 I/OMXClient( 1907): IOmx service obtained
06-18 13:25:19.483 I/OMXMaster( 1807): makeComponentInstance(OMX.google.vorbis.decoder) in android.hardwar process
06-18 13:25:19.484 E/OMXNodeInstance( 1807): getConfig(0xf32190e0:google.vorbis.decoder, ConfigAndroidVendorExtension(0x6f100004)) ERROR: Undefined(0x80001001)
06-18 13:25:19.485 I/ModuleSetMgr( 2051): Pending container module APKs: []
06-18 13:25:19.485 I/ModuleSetMgr( 2051): Pending non-container module APKs: []
06-18 13:25:19.487 E/ActivityThread( 2051): Failed to find provider info for com.google.android.gsf.gservices
06-18 13:25:19.491 E/ChimeraCfgMgr( 2051): Failed to read module config: java.io.FileNotFoundException: /data/user_de/0/com.google.android.gms/app_chimera/current_config.fb: open failed: ENOENT (No such file or directory)
06-18 13:25:19.491 W/IntentOperation( 2051): Failed to get Chimera config:com.google.android.chimera.config.InvalidConfigException: java.io.FileNotFoundException: /data/user_de/0/com.google.android.gms/app_chimera/current_config.fb: open failed: ENOENT (No such file or directory)
06-18 13:25:19.492 I/chatty  ( 2051): uid=10120 com.google.android.gms.persistent identical 4 lines
06-18 13:25:19.493 E/ActivityThread( 2051): Failed to find provider info for com.google.android.gsf.gservices
06-18 13:25:19.507 W/PackageManager( 1907): Cannot whitelist unknown permission: com.android.launcher.permission.READ_SETTINGS
06-18 13:25:19.507 W/PackageManager( 1907): Cannot whitelist unknown permission: com.android.launcher.permission.WRITE_SETTINGS
06-18 13:25:19.531 I/OMXClient( 1907): IOmx service obtained
06-18 13:25:19.531 I/OMXMaster( 1807): makeComponentInstance(OMX.google.vorbis.decoder) in android.hardwar process
06-18 13:25:19.532 E/OMXNodeInstance( 1807): getConfig(0xf32190e0:google.vorbis.decoder, ConfigAndroidVendorExtension(0x6f100004)) ERROR: Undefined(0x80001001)
06-18 13:25:19.542 W/PackageManager( 1907): Cannot whitelist unknown permission: com.android.vending.setup.PLAY_SETUP_SERVICE
06-18 13:25:19.544 I/chatty  ( 1907): uid=1000(system) Binder:1907_6 identical 2 lines
06-18 13:25:19.545 W/PackageManager( 1907): Cannot whitelist unknown permission: com.android.vending.setup.PLAY_SETUP_SERVICE
06-18 13:25:19.561 W/PackageManager( 1907): Cannot whitelist unknown permission: com.android.permission.CONNMO_SETTINGS
06-18 13:25:19.561 W/PackageManager( 1907): Cannot whitelist unknown permission: com.android.permission.DCMO_SETTINGS
06-18 13:25:19.562 W/PackageManager( 1907): Cannot whitelist unknown permission: com.android.permission.CONNMO_SETTINGS
06-18 13:25:19.562 W/PackageManager( 1907): Cannot whitelist unknown permission: com.android.permission.DCMO_SETTINGS
06-18 13:25:19.568 W/PackageManager( 1907): Cannot whitelist unknown permission: com.android.permission.BIND_TELEPHONY_NETWORK_SERVICE
06-18 13:25:19.569 I/chatty  ( 1907): uid=1000(system) Binder:1907_6 identical 1 line
06-18 13:25:19.572 W/PackageManager( 1907): Cannot whitelist unknown permission: com.android.permission.BIND_TELEPHONY_NETWORK_SERVICE
06-18 13:25:19.575 W/PackageManager( 1907): Cannot whitelist unknown permission: com.android.permission.BIND_TELEPHONY_NETWORK_SERVICE
06-18 13:25:19.577 E/ActivityThread( 2051): Failed to find provider info for com.google.android.gsf.gservices
06-18 13:25:19.578 E/ActivityThread( 2051): Failed to find provider info for com.google.android.gsf.gservices
06-18 13:25:19.622 W/PackageManager( 1907): Cannot whitelist unknown permission: com.google.restricted_assist_gesture.permission.RESTRICTED_ASSIST_GESTURE_PROVIDER
06-18 13:25:19.622 W/PackageManager( 1907): Cannot whitelist unknown permission: com.google.android.apps.dreamliner.permission.DREAMLINER_SERVICE
06-18 13:25:19.622 W/PackageManager( 1907): Cannot whitelist unknown permission: android.car.permission.CONTROL_CAR_CLIMATE
06-18 13:25:19.622 W/PackageManager( 1907): Cannot whitelist unknown permission: android.car.permission.CAR_DRIVING_STATE
06-18 13:25:19.622 W/PackageManager( 1907): Cannot whitelist unknown permission: android.car.permission.CAR_CONTROL_AUDIO_VOLUME
06-18 13:25:19.634 W/PackageManager( 1907): Cannot whitelist unknown permission: com.google.restricted_assist_gesture.permission.RESTRICTED_ASSIST_GESTURE_PROVIDER
06-18 13:25:19.634 W/PackageManager( 1907): Cannot whitelist unknown permission: com.google.android.apps.dreamliner.permission.DREAMLINER_SERVICE
06-18 13:25:19.634 W/PackageManager( 1907): Cannot whitelist unknown permission: android.car.permission.CONTROL_CAR_CLIMATE
06-18 13:25:19.634 W/PackageManager( 1907): Cannot whitelist unknown permission: android.car.permission.CAR_DRIVING_STATE
06-18 13:25:19.634 W/PackageManager( 1907): Cannot whitelist unknown permission: android.car.permission.CAR_CONTROL_AUDIO_VOLUME
06-18 13:25:19.636 W/PackageManager( 1907): Cannot whitelist unknown permission: com.google.android.gallery3d.permission.GALLERY_PROVIDER
06-18 13:25:19.636 W/PackageManager( 1907): Cannot whitelist unknown permission: com.android.gallery3d.permission.GALLERY_PROVIDER
06-18 13:25:19.637 W/PackageManager( 1907): Cannot whitelist unknown permission: com.google.android.gallery3d.permission.GALLERY_PROVIDER
06-18 13:25:19.637 W/PackageManager( 1907): Cannot whitelist unknown permission: com.android.gallery3d.permission.GALLERY_PROVIDER
06-18 13:25:19.638 W/PackageManager( 1907): Cannot whitelist unknown permission: com.google.android.gallery3d.permission.GALLERY_PROVIDER
06-18 13:25:19.638 W/PackageManager( 1907): Cannot whitelist unknown permission: com.android.gallery3d.permission.GALLERY_PROVIDER
06-18 13:25:19.639 W/PackageManager( 1907): Cannot whitelist unknown permission: com.google.android.gallery3d.permission.GALLERY_PROVIDER
06-18 13:25:19.639 W/PackageManager( 1907): Cannot whitelist unknown permission: com.android.gallery3d.permission.GALLERY_PROVIDER
06-18 13:25:19.641 W/PackageManager( 1907): Cannot whitelist unknown permission: com.google.android.gallery3d.permission.GALLERY_PROVIDER
06-18 13:25:19.641 W/PackageManager( 1907): Cannot whitelist unknown permission: com.android.gallery3d.permission.GALLERY_PROVIDER
06-18 13:25:19.641 W/PackageManager( 1907): Cannot whitelist unknown permission: com.google.android.gallery3d.permission.GALLERY_PROVIDER
06-18 13:25:19.641 W/PackageManager( 1907): Cannot whitelist unknown permission: com.android.gallery3d.permission.GALLERY_PROVIDER
06-18 13:25:19.642 W/PackageManager( 1907): Cannot whitelist unknown permission: com.google.android.gallery3d.permission.GALLERY_PROVIDER
06-18 13:25:19.642 W/PackageManager( 1907): Cannot whitelist unknown permission: com.android.gallery3d.permission.GALLERY_PROVIDER
06-18 13:25:19.649 W/PackageManager( 1907): Cannot whitelist unknown permission: com.android.vending.setup.PLAY_SETUP_SERVICE
06-18 13:25:19.735 I/RuntimePermissionsUpgradeController( 2091): Grandfathering SMS and CallLog permissions
06-18 13:25:19.760 I/RuntimePermissionsUpgradeController( 2091): Grandfathering location background permissions
06-18 13:25:19.764 I/RuntimePermissionsUpgradeController( 2091): Grandfathering Storage permissions
06-18 13:25:19.650 W/PackageManager( 1907): Cannot whitelist unknown permission: com.android.vending.setup.PLAY_SETUP_SERVICE
06-18 13:25:19.793 W/PackageManager( 1907): Cannot whitelist unknown permission: com.android.vending.BILLING
06-18 13:25:19.797 I/RuntimePermissionsUpgradeController( 2091): Not expanding location permissions as this is not an upgrade from Android P
06-18 13:25:19.800 D/vold    ( 1576): Remounting 10145 as mode default
06-18 13:25:19.802 D/vold    ( 1576): Remounting 10122 as mode default
06-18 13:25:19.803 D/vold    ( 1576): Remounting 10131 as mode write
06-18 13:25:19.803 D/vold    ( 1576): Remounting 10127 as mode write
06-18 13:25:19.804 D/vold    ( 1576): Remounting 10114 as mode default
06-18 13:25:19.804 D/vold    ( 1576): Remounting 10135 as mode write
06-18 13:25:19.805 D/vold    ( 1576): Remounting 10096 as mode default
06-18 13:25:19.806 D/vold    ( 1576): Remounting 10144 as mode default
06-18 13:25:19.806 D/vold    ( 1576): Remounting 10140 as mode default
06-18 13:25:19.807 D/vold    ( 1576): Remounting 10139 as mode write
06-18 13:25:19.807 D/vold    ( 1576): Remounting 10106 as mode default
06-18 13:25:19.808 D/vold    ( 1576): Remounting 10120 as mode write
06-18 13:25:19.808 D/vold    ( 1576): Found matching PID 2051
06-18 13:25:19.809 W/SystemServiceManager( 1907): Service com.android.server.policy.PermissionPolicyService took 924 ms in onBootPhase
06-18 13:25:19.809 D/SystemServerTiming( 1907): StartActivityManagerReadyPhase took to complete: 954ms
06-18 13:25:19.809 I/SystemServer( 1907): StartObservingNativeCrashes
06-18 13:25:19.809 D/SystemServerTiming( 1907): StartObservingNativeCrashes took to complete: 0ms
06-18 13:25:19.809 I/SystemServer( 1907): StartSystemUI
06-18 13:25:19.809 D/SystemServerInitThreadPool( 1907): Started executing WebViewFactoryPreparation
06-18 13:25:19.809 I/SystemServer( 1907): WebViewFactoryPreparation
06-18 13:25:19.809 I/WebViewUpdateServiceImpl( 1907): One-time migration: enabling com.google.android.webview
06-18 13:25:19.813 V/SystemUIService( 2067): Starting SystemUI services for user 0.
06-18 13:25:19.813 D/SystemServerTimingAsync( 1907): WebViewFactoryPreparation took to complete: 4ms
06-18 13:25:19.814 D/SystemServerInitThreadPool( 1907): Finished executing WebViewFactoryPreparation
06-18 13:25:19.816 D/SystemServerTiming( 1907): StartSystemUI took to complete: 7ms
06-18 13:25:19.816 I/SystemServer( 1907): MakeNetworkManagementServiceReady
06-18 13:25:19.817 W/NetworkManagement( 1907): setDataSaverMode(): already false
06-18 13:25:19.817 I/netd    ( 1663): firewallSetFirewallType(1) <0.02ms>
06-18 13:25:19.818 D/SystemServerTiming( 1907): MakeNetworkManagementServiceReady took to complete: 2ms
06-18 13:25:19.818 I/SystemServer( 1907): MakeIpSecServiceReady
06-18 13:25:19.821 W/NetworkPolicy( 1907): setRestrictBackgroundUL: already false
06-18 13:25:19.824 I/netd    ( 1663): firewallReplaceUidChain("fw_standby", "false", []) -> {"true"} <0.03ms>
06-18 13:25:19.826 W/BestClock( 1907): java.time.DateTimeException: Missing NTP fix
06-18 13:25:19.827 I/netd    ( 1663): firewallEnableChildChain(2, "true") <0.05ms>
06-18 13:25:19.827 I/netd    ( 1663): isAlive() -> {"true"} <0.01ms>
06-18 13:25:19.827 D/IpSecService( 1907): IpSecService is ready
06-18 13:25:19.827 D/SystemServerTiming( 1907): MakeIpSecServiceReady took to complete: 9ms
06-18 13:25:19.827 I/SystemServer( 1907): MakeNetworkStatsServiceReady
06-18 13:25:19.828 I/netd    ( 1663): socketDestroy([]) <0.10ms>
06-18 13:25:19.829 W/BestClock( 1907): java.time.DateTimeException: Missing NTP fix
06-18 13:25:19.832 D/SystemUIBootTiming( 2067): StartServicescom.android.systemui.Dependency$DependencyCreator took to complete: 19ms
06-18 13:25:19.834 D/SystemUIBootTiming( 2067): StartServicescom.android.systemui.util.NotificationChannels took to complete: 2ms
06-18 13:25:19.836 D/SystemUIBootTiming( 2067): StartServicescom.android.systemui.statusbar.CommandQueue$CommandQueueStart took to complete: 2ms
06-18 13:25:19.842 I/netd    ( 1663): trafficSwapActiveStatsMap() <13.16ms>
06-18 13:25:19.846 D/vold    ( 1576): Remounting 10120 as mode write
06-18 13:25:19.847 D/vold    ( 1576): Found matching PID 2051
06-18 13:25:19.848 I/netd    ( 1663): tetherGetStats() <0.45ms>
06-18 13:25:19.851 I/netd    ( 1663): bandwidthSetGlobalAlert(2097152) <0.38ms>
06-18 13:25:19.851 D/SystemServerTiming( 1907): MakeNetworkStatsServiceReady took to complete: 23ms
06-18 13:25:19.851 I/SystemServer( 1907): MakeConnectivityServiceReady
06-18 13:25:19.851 D/ConnectivityService( 1907): requestNetwork for uid/pid:1000/1907 NetworkRequest [ REQUEST id=7, [ Capabilities: INTERNET&NOT_RESTRICTED&TRUSTED&NOT_VPN] ]
06-18 13:25:19.851 D/PermissionMonitor( 1907): Monitoring
06-18 13:25:19.854 D/PermissionMonitor( 1907): Users: 1, Apps: 34
06-18 13:25:19.854 I/netd    ( 1663): networkSetPermissionForUser(1, [10142]) <0.02ms>
06-18 13:25:19.854 I/netd    ( 1663): networkSetPermissionForUser(2, [10112,10114,1027,10115,10055,10119,10120,10056,10122,10123,10060,10125,10127,10128,2000,10129,10131,10133,10135,10139,10143,10144,10083,1000,1001,1002,1073,10100,10104,10105,10106,10109,10110]) <0.02ms>
06-18 13:25:19.854 I/netd    ( 1663): trafficSetNetPermForUids(12, [1001,1002,1013,10055,10110,10120]) <0.02ms>
06-18 13:25:19.855 I/netd    ( 1663): trafficSetNetPermForUids(4, [1000,1027,1073,2000,10056,10057,10061,10062,10064,10083,10087,10089,10090,10091,10093,10094,10095,10096,10097,10100,10102,10104,10105,10106,10109,10112,10114,10116,10117,10119,10122,10125,10127,10128,10129,10130,10131,10132,10133,10135,10136,10137,10138,10139,10140,10141,10142,10143,10144,10145]) <0.05ms>
06-18 13:25:19.855 I/netd    ( 1663): trafficSetNetPermForUids(8, [1041,1047]) <0.02ms>
06-18 13:25:19.855 V/MediaRouter( 2067): Selecting route: RouteInfo{ name=Phone, description=null, status=null, category=RouteCategory{ name=System types=ROUTE_TYPE_LIVE_AUDIO ROUTE_TYPE_LIVE_VIDEO  groupable=false }, supportedTypes=ROUTE_TYPE_LIVE_AUDIO ROUTE_TYPE_LIVE_VIDEO , presentationDisplay=null }
06-18 13:25:19.855 I/netd    ( 1663): trafficSetNetPermForUids(0, [1003,1063,1066,1067,1068,10000,10001,10002,10003,10004,10005,10006,10007,10008,10009,10010,10011,10012,10013,10014,10015,10016,10017,10018,10019,10020,10021,10022,10023,10024,10025,10026,10027,10028,10029,10030,10031,10032,10033,10034,10035,10036,10037,10038,10039,10040,10041,10042,10043,10044,10045,10046,10047,10048,10049,10050,10051,10052,10053,10054,10058,10059,10060,10063,10065,10066,10067,10068,10069,10070,10071,10072,10073,10074,10075,10076,10077,10078,10079,10080,10081,10082,10084,10085,10086,10088,10092,10098,10099,10101,10103,10107,10108,10111,10113,10115,10118,10121,10123,10126,10134]) <0.06ms>
06-18 13:25:19.855 D/SystemServerTiming( 1907): MakeConnectivityServiceReady took to complete: 5ms
06-18 13:25:19.855 I/SystemServer( 1907): MakeNetworkPolicyServiceReady
06-18 13:25:19.856 D/SystemServerTiming( 1907): MakeNetworkPolicyServiceReady took to complete: 0ms
06-18 13:25:19.856 I/SystemServer( 1907): PhaseThirdPartyAppsCanStart
06-18 13:25:19.856 I/SystemServiceManager( 1907): Starting phase 600
06-18 13:25:19.856 I/ExplicitHealthCheckController( 1907): Explicit health checks enabled.
06-18 13:25:19.856 I/PackageWatchdog( 1907): Syncing state, reason: health check state enabled
06-18 13:25:19.856 I/PackageWatchdog( 1907): Not pruning observers, elapsed time: 0ms
06-18 13:25:19.856 I/PackageWatchdog( 1907): Cancelling state sync, nothing to sync
06-18 13:25:19.858 V/WallpaperManagerService( 1907): bindWallpaperComponentLocked: componentName=null
06-18 13:25:19.858 V/WallpaperManagerService( 1907): No default component; using image wallpaper
06-18 13:25:19.859 I/PackageWatchdog( 1907): Saving observer state to file
06-18 13:25:19.861 D/Zygote  ( 1665): Forked child process 2213
06-18 13:25:19.874 W/WebViewLoader-( 2213): Unexpected CPU variant for X86 using defaults: x86_64
06-18 13:25:19.881 W/ActivityManager( 1907): Slow operation: 67ms so far, now at startProcess: done updating battery stats
06-18 13:25:19.881 W/ActivityManager( 1907): Slow operation: 67ms so far, now at startProcess: building log message
06-18 13:25:19.881 I/ActivityManager( 1907): Start proc 2213:WebViewLoader-x86/1037 [android.webkit.WebViewLibraryLoader$RelroFileCreator] for null
06-18 13:25:19.881 W/ActivityManager( 1907): Slow operation: 67ms so far, now at startProcess: starting to update pids map
06-18 13:25:19.881 W/ActivityManager( 1907): Slow operation: 68ms so far, now at startProcess: done updating pids map
06-18 13:25:19.882 I/StatsCompanionService( 1907): Told statsd that StatsCompanionService is alive.
06-18 13:25:19.883 D/SystemServerTiming( 1907): PhaseThirdPartyAppsCanStart took to complete: 27ms
06-18 13:25:19.883 I/SystemServer( 1907): StartNetworkStack
06-18 13:25:19.883 D/SystemServerTiming( 1907): StartNetworkStack took to complete: 1ms
06-18 13:25:19.883 I/SystemServer( 1907): MakeLocationServiceReady
06-18 13:25:19.886 I/hwservicemanager( 1567): getTransport: Cannot find entry android.hardware.gnss@2.0::IGnss/default in either framework or device manifest.
06-18 13:25:19.886 D/GnssLocationProvider( 1907): gnssHal 2.0 was null, trying 1.1
06-18 13:25:19.886 I/hwservicemanager( 1567): getTransport: Cannot find entry android.hardware.gnss@1.1::IGnss/default in either framework or device manifest.
06-18 13:25:19.886 D/GnssLocationProvider( 1907): gnssHal 1.1 was null, trying 1.0
06-18 13:25:19.889 V/WebViewLibraryLoader( 2213): RelroFileCreator (64bit = false), package: com.google.android.webview library: libmonochrome.so
06-18 13:25:19.892 W/ActivityManager( 1907): Slow operation: 79ms so far, now at startProcess: returned from zygote!
06-18 13:25:19.892 W/ActivityManager( 1907): Slow operation: 79ms so far, now at startProcess: asking zygote to start proc
06-18 13:25:19.893 I/WebViewLoader-( 2213): The ClassLoaderContext is a special shared library.
06-18 13:25:19.897 D/PackageManager( 1907): Instant App installer not found with android.intent.action.INSTALL_INSTANT_APP_PACKAGE
06-18 13:25:19.897 D/PackageManager( 1907): Clear ephemeral installer activity
06-18 13:25:19.894 I/WebViewLoader-( 2213): The ClassLoaderContext is a special shared library.
06-18 13:25:19.898 D/Zygote  ( 1664): Forked child process 2234
06-18 13:25:19.902 W/ActivityManager( 1907): Slow operation: 89ms so far, now at startProcess: returned from zygote!
06-18 13:25:19.902 W/ActivityManager( 1907): Slow operation: 89ms so far, now at startProcess: done updating battery stats
