06-22 13:59:44.471 W/PackageManager( 1920): Cannot whitelist unknown permission: com.majeur.launcher.permission.UPDATE_BADGE
06-22 13:59:44.471 W/PackageManager( 1920): Cannot whitelist unknown permission: com.huawei.android.launcher.permission.CHANGE_BADGE
06-22 13:59:44.472 W/PackageManager( 1920): Cannot whitelist unknown permission: com.huawei.android.launcher.permission.READ_SETTINGS
06-22 13:59:44.472 W/PackageManager( 1920): Cannot whitelist unknown permission: com.huawei.android.launcher.permission.WRITE_SETTINGS
06-22 13:59:44.472 W/PackageManager( 1920): Cannot whitelist unknown permission: android.permission.READ_APP_BADGE
06-22 13:59:44.472 W/PackageManager( 1920): Cannot whitelist unknown permission: com.oppo.launcher.permission.READ_SETTINGS
06-22 13:59:44.472 W/PackageManager( 1920): Cannot whitelist unknown permission: com.oppo.launcher.permission.WRITE_SETTINGS
06-22 13:59:44.472 I/PackageManager( 1920): Un-granting permission com.google.android.setupwizard.READ_DEVICE_ORIGIN from package com.google.android.apps.messaging (protectionLevel=18 flags=0x38cbbe45)
06-22 13:59:44.473 I/OMXClient( 1920): IOmx service obtained
06-22 13:59:44.473 I/OMXMaster( 1785): makeComponentInstance(OMX.google.vorbis.decoder) in android.hardwar process
06-22 13:59:44.474 E/OMXNodeInstance( 1785): getConfig(0xea43c660:google.vorbis.decoder, ConfigAndroidVendorExtension(0x6f100004)) ERROR: Undefined(0x80001001)
06-22 13:59:44.481 W/PackageManager( 1920): Cannot whitelist unknown permission: com.google.android.ims.LOG_ACCESS
06-22 13:59:44.481 W/PackageManager( 1920): Cannot whitelist unknown permission: com.cequint.ecid.CALLER_ID_EXTERNAL_LOOKUP_SMS
06-22 13:59:44.481 W/PackageManager( 1920): Cannot whitelist unknown permission: com.sec.android.provider.badge.permission.READ
06-22 13:59:44.481 W/PackageManager( 1920): Cannot whitelist unknown permission: com.sec.android.provider.badge.permission.WRITE
06-22 13:59:44.481 W/PackageManager( 1920): Cannot whitelist unknown permission: com.htc.launcher.permission.READ_SETTINGS
06-22 13:59:44.481 W/PackageManager( 1920): Cannot whitelist unknown permission: com.htc.launcher.permission.UPDATE_SHORTCUT
06-22 13:59:44.481 W/PackageManager( 1920): Cannot whitelist unknown permission: com.sonyericsson.home.permission.BROADCAST_BADGE
06-22 13:59:44.481 W/PackageManager( 1920): Cannot whitelist unknown permission: com.sonymobile.home.permission.PROVIDER_INSERT_BADGE
06-22 13:59:44.481 W/PackageManager( 1920): Cannot whitelist unknown permission: com.sonymobile.launcher.permission.PROVIDER_INSERT_BADGE
06-22 13:59:44.481 W/PackageManager( 1920): Cannot whitelist unknown permission: com.anddoes.launcher.permission.UPDATE_COUNT
06-22 13:59:44.481 W/PackageManager( 1920): Cannot whitelist unknown permission: com.majeur.launcher.permission.UPDATE_BADGE
06-22 13:59:44.481 W/PackageManager( 1920): Cannot whitelist unknown permission: com.huawei.android.launcher.permission.CHANGE_BADGE
06-22 13:59:44.481 W/PackageManager( 1920): Cannot whitelist unknown permission: com.huawei.android.launcher.permission.READ_SETTINGS
06-22 13:59:44.481 W/PackageManager( 1920): Cannot whitelist unknown permission: com.huawei.android.launcher.permission.WRITE_SETTINGS
06-22 13:59:44.481 W/PackageManager( 1920): Cannot whitelist unknown permission: android.permission.READ_APP_BADGE
06-22 13:59:44.481 W/PackageManager( 1920): Cannot whitelist unknown permission: com.oppo.launcher.permission.READ_SETTINGS
06-22 13:59:44.481 W/PackageManager( 1920): Cannot whitelist unknown permission: com.oppo.launcher.permission.WRITE_SETTINGS
06-22 13:59:44.482 I/PackageManager( 1920): Un-granting permission com.google.android.setupwizard.READ_DEVICE_ORIGIN from package com.google.android.apps.messaging (protectionLevel=18 flags=0x38cbbe45)
06-22 13:59:44.498 I/PackageManager( 1920): Un-granting permission android.permission.BIND_WALLPAPER from package com.android.camera2 (protectionLevel=18 flags=0x20d8bc45)
06-22 13:59:44.499 I/chatty  ( 1920): uid=1000(system) Binder:1920_5 identical 1 line
06-22 13:59:44.501 I/PackageManager( 1920): Un-granting permission android.permission.BIND_WALLPAPER from package com.android.camera2 (protectionLevel=18 flags=0x20d8bc45)
06-22 13:59:44.508 W/PackageManager( 1920): Cannot whitelist unknown permission: android.permission.NFC_UNLOCK
06-22 13:59:44.520 I/OMXClient( 1920): IOmx service obtained
06-22 13:59:44.520 I/OMXMaster( 1785): makeComponentInstance(OMX.google.vorbis.decoder) in android.hardwar process
06-22 13:59:44.521 E/OMXNodeInstance( 1785): getConfig(0xea43c660:google.vorbis.decoder, ConfigAndroidVendorExtension(0x6f100004)) ERROR: Undefined(0x80001001)
06-22 13:59:44.511 W/PackageManager( 1920): Cannot whitelist unknown permission: android.permission.NFC_UNLOCK
06-22 13:59:44.523 W/PackageManager( 1920): Cannot whitelist unknown permission: com.google.android.email.permission.ACCESS_PROVIDER
06-22 13:59:44.523 W/PackageManager( 1920): Cannot whitelist unknown permission: com.google.android.gm.exchange.BIND
06-22 13:59:44.523 W/PackageManager( 1920): Cannot whitelist unknown permission: com.android.email.partnerprovider.PARTNER_PROVIDER
06-22 13:59:44.523 I/PackageManager( 1920): Un-granting permission android.permission.REQUEST_INSTALL_PACKAGES from package com.google.android.gm (protectionLevel=66 flags=0x38cbbe45)
06-22 13:59:44.525 W/PackageManager( 1920): Cannot whitelist unknown permission: com.google.android.email.permission.ACCESS_PROVIDER
06-22 13:59:44.525 W/PackageManager( 1920): Cannot whitelist unknown permission: com.google.android.gm.exchange.BIND
06-22 13:59:44.526 W/PackageManager( 1920): Cannot whitelist unknown permission: com.android.email.partnerprovider.PARTNER_PROVIDER
06-22 13:59:44.526 I/PackageManager( 1920): Un-granting permission android.permission.REQUEST_INSTALL_PACKAGES from package com.google.android.gm (protectionLevel=66 flags=0x38cbbe45)
06-22 13:59:44.527 I/.gms.persisten( 2062): Compiler allocated 5336KB to compile boolean cuf.a(cyl, boolean, caau, caau, int, java.util.List, java.io.File, cyh)
06-22 13:59:44.548 W/PackageManager( 1920): Cannot whitelist unknown permission: com.android.vending.TOS_ACKED
06-22 13:59:44.549 W/PackageManager( 1920): Cannot whitelist unknown permission: com.android.vending.setup.PLAY_SETUP_SERVICE
06-22 13:59:44.553 W/PackageManager( 1920): Cannot whitelist unknown permission: com.samsung.android.providers.context.permission.WRITE_USE_APP_FEATURE_SURVEY
06-22 13:59:44.554 I/PackageManager( 1920): Un-granting permission android.permission.BIND_JOB_SERVICE from package com.google.android.music (protectionLevel=2 flags=0x38cbbe65)
06-22 13:59:44.564 W/PackageManager( 1920): Cannot whitelist unknown permission: com.samsung.android.providers.context.permission.WRITE_USE_APP_FEATURE_SURVEY
06-22 13:59:44.564 I/PackageManager( 1920): Un-granting permission android.permission.BIND_JOB_SERVICE from package com.google.android.music (protectionLevel=2 flags=0x38cbbe65)
06-22 13:59:44.566 W/PackageManager( 1920): Cannot whitelist unknown permission: com.samsung.android.providers.context.permission.WRITE_USE_APP_FEATURE_SURVEY
06-22 13:59:44.567 I/PackageManager( 1920): Un-granting permission android.permission.BIND_JOB_SERVICE from package com.google.android.music (protectionLevel=2 flags=0x38cbbe65)
06-22 13:59:44.569 I/hostapd ( 1832): wlan1: interface state COUNTRY_UPDATE->HT_SCAN
06-22 13:59:44.578 W/PackageManager( 1920): Cannot whitelist unknown permission: com.android.vending.BILLING
06-22 13:59:44.578 I/PackageManager( 1920): Un-granting permission android.permission.REQUEST_INSTALL_PACKAGES from package com.google.android.apps.docs (protectionLevel=66 flags=0x38cbbe45)
06-22 13:59:44.579 W/PackageManager( 1920): Cannot whitelist unknown permission: com.android.vending.BILLING
06-22 13:59:44.579 I/PackageManager( 1920): Un-granting permission android.permission.REQUEST_INSTALL_PACKAGES from package com.google.android.apps.docs (protectionLevel=66 flags=0x38cbbe45)
06-22 13:59:44.612 W/PackageManager( 1920): Cannot whitelist unknown permission: android.permission.READ_MEDIA_IMAGES
06-22 13:59:44.612 W/PackageManager( 1920): Cannot whitelist unknown permission: com.chrome.permission.DEVICE_EXTRAS
06-22 13:59:44.612 W/PackageManager( 1920): Cannot whitelist unknown permission: com.sec.enterprise.knox.MDM_CONTENT_PROVIDER
06-22 13:59:44.612 I/PackageManager( 1920): Un-granting permission android.permission.REQUEST_INSTALL_PACKAGES from package com.android.chrome (protectionLevel=66 flags=0xa0cbbe45)
06-22 13:59:44.612 I/PackageManager( 1920): Un-granting permission com.google.android.apps.now.CURRENT_ACCOUNT_ACCESS from package com.android.chrome (protectionLevel=2 flags=0xa0cbbe45)
06-22 13:59:44.614 W/PackageManager( 1920): Cannot whitelist unknown permission: android.permission.READ_MEDIA_IMAGES
06-22 13:59:44.614 W/PackageManager( 1920): Cannot whitelist unknown permission: com.chrome.permission.DEVICE_EXTRAS
06-22 13:59:44.614 W/PackageManager( 1920): Cannot whitelist unknown permission: com.sec.enterprise.knox.MDM_CONTENT_PROVIDER
06-22 13:59:44.614 I/PackageManager( 1920): Un-granting permission android.permission.REQUEST_INSTALL_PACKAGES from package com.android.chrome (protectionLevel=66 flags=0xa0cbbe45)
06-22 13:59:44.614 I/PackageManager( 1920): Un-granting permission com.google.android.apps.now.CURRENT_ACCOUNT_ACCESS from package com.android.chrome (protectionLevel=2 flags=0xa0cbbe45)
06-22 13:59:44.619 W/PackageManager( 1920): Cannot whitelist unknown permission: com.sec.android.provider.badge.permission.READ
06-22 13:59:44.619 W/PackageManager( 1920): Cannot whitelist unknown permission: com.sec.android.provider.badge.permission.WRITE
06-22 13:59:44.619 E/ActivityThread( 2062): Failed to find provider info for com.google.android.gsf.gservices
06-22 13:59:44.619 E/ActivityThread( 2062): Failed to find provider info for com.google.android.gsf.gservices
06-22 13:59:44.619 W/PackageManager( 1920): Cannot whitelist unknown permission: com.htc.launcher.permission.READ_SETTINGS
06-22 13:59:44.620 W/PackageManager( 1920): Cannot whitelist unknown permission: com.htc.launcher.permission.UPDATE_SHORTCUT
06-22 13:59:44.620 W/PackageManager( 1920): Cannot whitelist unknown permission: com.sonyericsson.home.permission.BROADCAST_BADGE
06-22 13:59:44.620 W/PackageManager( 1920): Cannot whitelist unknown permission: com.sonymobile.home.permission.PROVIDER_INSERT_BADGE
06-22 13:59:44.620 W/PackageManager( 1920): Cannot whitelist unknown permission: com.anddoes.launcher.permission.UPDATE_COUNT
06-22 13:59:44.620 W/PackageManager( 1920): Cannot whitelist unknown permission: com.majeur.launcher.permission.UPDATE_BADGE
06-22 13:59:44.620 W/PackageManager( 1920): Cannot whitelist unknown permission: com.huawei.android.launcher.permission.CHANGE_BADGE
06-22 13:59:44.620 W/PackageManager( 1920): Cannot whitelist unknown permission: com.huawei.android.launcher.permission.READ_SETTINGS
06-22 13:59:44.620 W/PackageManager( 1920): Cannot whitelist unknown permission: com.huawei.android.launcher.permission.WRITE_SETTINGS
06-22 13:59:44.620 W/PackageManager( 1920): Cannot whitelist unknown permission: android.permission.READ_APP_BADGE
06-22 13:59:44.620 W/PackageManager( 1920): Cannot whitelist unknown permission: com.oppo.launcher.permission.READ_SETTINGS
06-22 13:59:44.620 W/PackageManager( 1920): Cannot whitelist unknown permission: com.oppo.launcher.permission.WRITE_SETTINGS
06-22 13:59:44.620 W/PackageManager( 1920): Cannot whitelist unknown permission: com.cequint.ecid.CALLER_ID_LOOKUP
06-22 13:59:44.620 W/PackageManager( 1920): Cannot whitelist unknown permission: com.motorola.incallui.permission.INCOMING_CALL_VISIBILITY_CHANGED
06-22 13:59:44.621 I/FileApkMgr( 2062): Extracting modules completed
06-22 13:59:44.621 I/GmsApplication( 2062): Staging modules completed
06-22 13:59:44.621 I/GmsApplication( 2062): Updating config
06-22 13:59:44.621 E/ActivityThread( 2062): Failed to find provider info for com.google.android.gsf.gservices
06-22 13:59:44.622 E/ActivityThread( 2062): Failed to find provider info for com.google.android.gsf.gservices
06-22 13:59:44.622 W/PackageManager( 1920): Cannot whitelist unknown permission: com.sec.android.provider.badge.permission.READ
06-22 13:59:44.622 W/PackageManager( 1920): Cannot whitelist unknown permission: com.sec.android.provider.badge.permission.WRITE
06-22 13:59:44.622 W/PackageManager( 1920): Cannot whitelist unknown permission: com.htc.launcher.permission.READ_SETTINGS
06-22 13:59:44.622 W/PackageManager( 1920): Cannot whitelist unknown permission: com.htc.launcher.permission.UPDATE_SHORTCUT
06-22 13:59:44.622 W/PackageManager( 1920): Cannot whitelist unknown permission: com.sonyericsson.home.permission.BROADCAST_BADGE
06-22 13:59:44.622 W/FileUtils( 2062): Failed to set world readable: /data/user_de/0/com.google.android.gms/app_chimera/current_config.fb
06-22 13:59:44.622 W/PackageManager( 1920): Cannot whitelist unknown permission: com.sonymobile.home.permission.PROVIDER_INSERT_BADGE
06-22 13:59:44.622 W/PackageManager( 1920): Cannot whitelist unknown permission: com.anddoes.launcher.permission.UPDATE_COUNT
06-22 13:59:44.622 W/PackageManager( 1920): Cannot whitelist unknown permission: com.majeur.launcher.permission.UPDATE_BADGE
06-22 13:59:44.622 W/PackageManager( 1920): Cannot whitelist unknown permission: com.huawei.android.launcher.permission.CHANGE_BADGE
06-22 13:59:44.622 W/PackageManager( 1920): Cannot whitelist unknown permission: com.huawei.android.launcher.permission.READ_SETTINGS
06-22 13:59:44.622 W/PackageManager( 1920): Cannot whitelist unknown permission: com.huawei.android.launcher.permission.WRITE_SETTINGS
06-22 13:59:44.622 W/PackageManager( 1920): Cannot whitelist unknown permission: android.permission.READ_APP_BADGE
06-22 13:59:44.622 W/PackageManager( 1920): Cannot whitelist unknown permission: com.oppo.launcher.permission.READ_SETTINGS
06-22 13:59:44.622 W/PackageManager( 1920): Cannot whitelist unknown permission: com.oppo.launcher.permission.WRITE_SETTINGS
06-22 13:59:44.622 W/PackageManager( 1920): Cannot whitelist unknown permission: com.cequint.ecid.CALLER_ID_LOOKUP
06-22 13:59:44.622 W/PackageManager( 1920): Cannot whitelist unknown permission: com.motorola.incallui.permission.INCOMING_CALL_VISIBILITY_CHANGED
06-22 13:59:44.626 W/PackageManager( 1920): Cannot whitelist unknown permission: com.sec.android.provider.badge.permission.READ
06-22 13:59:44.626 W/PackageManager( 1920): Cannot whitelist unknown permission: com.sec.android.provider.badge.permission.WRITE
06-22 13:59:44.626 W/PackageManager( 1920): Cannot whitelist unknown permission: com.htc.launcher.permission.READ_SETTINGS
06-22 13:59:44.626 W/PackageManager( 1920): Cannot whitelist unknown permission: com.htc.launcher.permission.UPDATE_SHORTCUT
06-22 13:59:44.626 W/PackageManager( 1920): Cannot whitelist unknown permission: com.sonyericsson.home.permission.BROADCAST_BADGE
06-22 13:59:44.626 W/PackageManager( 1920): Cannot whitelist unknown permission: com.sonymobile.home.permission.PROVIDER_INSERT_BADGE
06-22 13:59:44.626 W/PackageManager( 1920): Cannot whitelist unknown permission: com.anddoes.launcher.permission.UPDATE_COUNT
06-22 13:59:44.626 W/PackageManager( 1920): Cannot whitelist unknown permission: com.majeur.launcher.permission.UPDATE_BADGE
06-22 13:59:44.626 W/PackageManager( 1920): Cannot whitelist unknown permission: com.huawei.android.launcher.permission.CHANGE_BADGE
06-22 13:59:44.626 W/PackageManager( 1920): Cannot whitelist unknown permission: com.huawei.android.launcher.permission.READ_SETTINGS
06-22 13:59:44.626 W/PackageManager( 1920): Cannot whitelist unknown permission: com.huawei.android.launcher.permission.WRITE_SETTINGS
06-22 13:59:44.626 W/PackageManager( 1920): Cannot whitelist unknown permission: android.permission.READ_APP_BADGE
06-22 13:59:44.626 W/PackageManager( 1920): Cannot whitelist unknown permission: com.oppo.launcher.permission.READ_SETTINGS
06-22 13:59:44.626 W/PackageManager( 1920): Cannot whitelist unknown permission: com.oppo.launcher.permission.WRITE_SETTINGS
06-22 13:59:44.626 W/PackageManager( 1920): Cannot whitelist unknown permission: com.cequint.ecid.CALLER_ID_LOOKUP
06-22 13:59:44.626 W/PackageManager( 1920): Cannot whitelist unknown permission: com.motorola.incallui.permission.INCOMING_CALL_VISIBILITY_CHANGED
06-22 13:59:44.628 W/PackageManager( 1920): Cannot whitelist unknown permission: com.sec.android.provider.badge.permission.READ
06-22 13:59:44.628 W/PackageManager( 1920): Cannot whitelist unknown permission: com.sec.android.provider.badge.permission.WRITE
06-22 13:59:44.628 W/PackageManager( 1920): Cannot whitelist unknown permission: com.htc.launcher.permission.READ_SETTINGS
06-22 13:59:44.628 W/PackageManager( 1920): Cannot whitelist unknown permission: com.htc.launcher.permission.UPDATE_SHORTCUT
06-22 13:59:44.628 W/PackageManager( 1920): Cannot whitelist unknown permission: com.sonyericsson.home.permission.BROADCAST_BADGE
06-22 13:59:44.628 W/PackageManager( 1920): Cannot whitelist unknown permission: com.sonymobile.home.permission.PROVIDER_INSERT_BADGE
06-22 13:59:44.628 W/PackageManager( 1920): Cannot whitelist unknown permission: com.anddoes.launcher.permission.UPDATE_COUNT
06-22 13:59:44.628 W/PackageManager( 1920): Cannot whitelist unknown permission: com.majeur.launcher.permission.UPDATE_BADGE
06-22 13:59:44.628 W/PackageManager( 1920): Cannot whitelist unknown permission: com.huawei.android.launcher.permission.CHANGE_BADGE
06-22 13:59:44.628 W/PackageManager( 1920): Cannot whitelist unknown permission: com.huawei.android.launcher.permission.READ_SETTINGS
06-22 13:59:44.628 W/PackageManager( 1920): Cannot whitelist unknown permission: com.huawei.android.launcher.permission.WRITE_SETTINGS
06-22 13:59:44.628 W/PackageManager( 1920): Cannot whitelist unknown permission: android.permission.READ_APP_BADGE
06-22 13:59:44.628 W/PackageManager( 1920): Cannot whitelist unknown permission: com.oppo.launcher.permission.READ_SETTINGS
06-22 13:59:44.628 W/PackageManager( 1920): Cannot whitelist unknown permission: com.oppo.launcher.permission.WRITE_SETTINGS
06-22 13:59:44.628 W/PackageManager( 1920): Cannot whitelist unknown permission: com.cequint.ecid.CALLER_ID_LOOKUP
06-22 13:59:44.628 W/PackageManager( 1920): Cannot whitelist unknown permission: com.motorola.incallui.permission.INCOMING_CALL_VISIBILITY_CHANGED
06-22 13:59:44.630 W/PackageManager( 1920): Cannot whitelist unknown permission: com.sec.android.provider.badge.permission.READ
06-22 13:59:44.630 W/PackageManager( 1920): Cannot whitelist unknown permission: com.sec.android.provider.badge.permission.WRITE
06-22 13:59:44.630 W/PackageManager( 1920): Cannot whitelist unknown permission: com.htc.launcher.permission.READ_SETTINGS
06-22 13:59:44.630 W/PackageManager( 1920): Cannot whitelist unknown permission: com.htc.launcher.permission.UPDATE_SHORTCUT
06-22 13:59:44.630 W/PackageManager( 1920): Cannot whitelist unknown permission: com.sonyericsson.home.permission.BROADCAST_BADGE
06-22 13:59:44.630 W/PackageManager( 1920): Cannot whitelist unknown permission: com.sonymobile.home.permission.PROVIDER_INSERT_BADGE
06-22 13:59:44.630 W/PackageManager( 1920): Cannot whitelist unknown permission: com.anddoes.launcher.permission.UPDATE_COUNT
06-22 13:59:44.630 W/PackageManager( 1920): Cannot whitelist unknown permission: com.majeur.launcher.permission.UPDATE_BADGE
06-22 13:59:44.630 W/PackageManager( 1920): Cannot whitelist unknown permission: com.huawei.android.launcher.permission.CHANGE_BADGE
06-22 13:59:44.630 W/PackageManager( 1920): Cannot whitelist unknown permission: com.huawei.android.launcher.permission.READ_SETTINGS
06-22 13:59:44.630 W/PackageManager( 1920): Cannot whitelist unknown permission: com.huawei.android.launcher.permission.WRITE_SETTINGS
06-22 13:59:44.630 W/PackageManager( 1920): Cannot whitelist unknown permission: android.permission.READ_APP_BADGE
06-22 13:59:44.630 W/PackageManager( 1920): Cannot whitelist unknown permission: com.oppo.launcher.permission.READ_SETTINGS
06-22 13:59:44.630 W/PackageManager( 1920): Cannot whitelist unknown permission: com.oppo.launcher.permission.WRITE_SETTINGS
06-22 13:59:44.630 W/PackageManager( 1920): Cannot whitelist unknown permission: com.cequint.ecid.CALLER_ID_LOOKUP
06-22 13:59:44.630 W/PackageManager( 1920): Cannot whitelist unknown permission: com.motorola.incallui.permission.INCOMING_CALL_VISIBILITY_CHANGED
06-22 13:59:44.632 W/PackageManager( 1920): Cannot whitelist unknown permission: com.sec.android.provider.badge.permission.READ
06-22 13:59:44.633 W/PackageManager( 1920): Cannot whitelist unknown permission: com.sec.android.provider.badge.permission.WRITE
06-22 13:59:44.633 W/PackageManager( 1920): Cannot whitelist unknown permission: com.htc.launcher.permission.READ_SETTINGS
06-22 13:59:44.633 W/PackageManager( 1920): Cannot whitelist unknown permission: com.htc.launcher.permission.UPDATE_SHORTCUT
06-22 13:59:44.633 W/PackageManager( 1920): Cannot whitelist unknown permission: com.sonyericsson.home.permission.BROADCAST_BADGE
06-22 13:59:44.633 W/PackageManager( 1920): Cannot whitelist unknown permission: com.sonymobile.home.permission.PROVIDER_INSERT_BADGE
06-22 13:59:44.633 W/PackageManager( 1920): Cannot whitelist unknown permission: com.anddoes.launcher.permission.UPDATE_COUNT
06-22 13:59:44.633 W/PackageManager( 1920): Cannot whitelist unknown permission: com.majeur.launcher.permission.UPDATE_BADGE
06-22 13:59:44.633 W/PackageManager( 1920): Cannot whitelist unknown permission: com.huawei.android.launcher.permission.CHANGE_BADGE
06-22 13:59:44.633 W/PackageManager( 1920): Cannot whitelist unknown permission: com.huawei.android.launcher.permission.READ_SETTINGS
06-22 13:59:44.633 W/PackageManager( 1920): Cannot whitelist unknown permission: com.huawei.android.launcher.permission.WRITE_SETTINGS
06-22 13:59:44.633 W/PackageManager( 1920): Cannot whitelist unknown permission: android.permission.READ_APP_BADGE
06-22 13:59:44.633 W/PackageManager( 1920): Cannot whitelist unknown permission: com.oppo.launcher.permission.READ_SETTINGS
06-22 13:59:44.633 W/PackageManager( 1920): Cannot whitelist unknown permission: com.oppo.launcher.permission.WRITE_SETTINGS
06-22 13:59:44.633 W/PackageManager( 1920): Cannot whitelist unknown permission: com.cequint.ecid.CALLER_ID_LOOKUP
06-22 13:59:44.633 W/PackageManager( 1920): Cannot whitelist unknown permission: com.motorola.incallui.permission.INCOMING_CALL_VISIBILITY_CHANGED
06-22 13:59:44.635 I/.gms.persisten( 2062): Compiler allocated 5796KB to compile boolean cuf.a(cyl, boolean, caau, caau, int, java.util.List, java.io.File, cyh)
06-22 13:59:44.635 W/PackageManager( 1920): Cannot whitelist unknown permission: com.sec.android.provider.badge.permission.READ
06-22 13:59:44.635 W/PackageManager( 1920): Cannot whitelist unknown permission: com.sec.android.provider.badge.permission.WRITE
06-22 13:59:44.635 W/PackageManager( 1920): Cannot whitelist unknown permission: com.htc.launcher.permission.READ_SETTINGS
06-22 13:59:44.635 W/PackageManager( 1920): Cannot whitelist unknown permission: com.htc.launcher.permission.UPDATE_SHORTCUT
06-22 13:59:44.635 W/PackageManager( 1920): Cannot whitelist unknown permission: com.sonyericsson.home.permission.BROADCAST_BADGE
06-22 13:59:44.635 W/PackageManager( 1920): Cannot whitelist unknown permission: com.sonymobile.home.permission.PROVIDER_INSERT_BADGE
06-22 13:59:44.635 W/PackageManager( 1920): Cannot whitelist unknown permission: com.anddoes.launcher.permission.UPDATE_COUNT
06-22 13:59:44.635 W/PackageManager( 1920): Cannot whitelist unknown permission: com.majeur.launcher.permission.UPDATE_BADGE
06-22 13:59:44.635 W/PackageManager( 1920): Cannot whitelist unknown permission: com.huawei.android.launcher.permission.CHANGE_BADGE
06-22 13:59:44.635 W/PackageManager( 1920): Cannot whitelist unknown permission: com.huawei.android.launcher.permission.READ_SETTINGS
06-22 13:59:44.635 W/PackageManager( 1920): Cannot whitelist unknown permission: com.huawei.android.launcher.permission.WRITE_SETTINGS
06-22 13:59:44.635 W/PackageManager( 1920): Cannot whitelist unknown permission: android.permission.READ_APP_BADGE
06-22 13:59:44.635 W/PackageManager( 1920): Cannot whitelist unknown permission: com.oppo.launcher.permission.READ_SETTINGS
06-22 13:59:44.635 W/PackageManager( 1920): Cannot whitelist unknown permission: com.oppo.launcher.permission.WRITE_SETTINGS
06-22 13:59:44.635 W/PackageManager( 1920): Cannot whitelist unknown permission: com.cequint.ecid.CALLER_ID_LOOKUP
06-22 13:59:44.635 W/PackageManager( 1920): Cannot whitelist unknown permission: com.motorola.incallui.permission.INCOMING_CALL_VISIBILITY_CHANGED
06-22 13:59:44.642 W/PackageManager( 1920): Cannot whitelist unknown permission: android.permission.QUERY_ALL_PACKAGES
06-22 13:59:44.642 W/PackageManager( 1920): Cannot whitelist unknown permission: android.permission.PRE_FACTORY_RESET
06-22 13:59:44.642 W/PackageManager( 1920): Cannot whitelist unknown permission: android.permission.MANAGE_FACTORY_RESET_PROTECTION
06-22 13:59:44.642 W/PackageManager( 1920): Cannot whitelist unknown permission: android.car.permission.CAR_POWER
06-22 13:59:44.642 W/PackageManager( 1920): Cannot whitelist unknown permission: com.google.android.wearable.WRITE_SETTINGS
06-22 13:59:44.642 W/PackageManager( 1920): Cannot whitelist unknown permission: com.felicanetworks.mfc.permission.MFC_ACCESS
06-22 13:59:44.642 W/PackageManager( 1920): Cannot whitelist unknown permission: com.felicanetworks.mfc.mfi.permission.MFI_ACCESS
06-22 13:59:44.642 W/PackageManager( 1920): Cannot whitelist unknown permission: com.google.android.finsky.permission.INSTANT_APP_STATE
06-22 13:59:44.642 W/PackageManager( 1920): Cannot whitelist unknown permission: android.permission.UWB
06-22 13:59:44.642 W/PackageManager( 1920): Cannot whitelist unknown permission: com.google.android.finsky.permission.BIND_GET_INSTALL_REFERRER_SERVICE
06-22 13:59:44.642 W/PackageManager( 1920): Cannot whitelist unknown permission: com.google.android.hangouts.START_HANGOUT
06-22 13:59:44.642 W/PackageManager( 1920): Cannot whitelist unknown permission: android.car.permission.CAR_POWERTRAIN
06-22 13:59:44.642 W/PackageManager( 1920): Cannot whitelist unknown permission: android.car.permission.CAR_ENERGY
06-22 13:59:44.642 W/PackageManager( 1920): Cannot whitelist unknown permission: android.car.permission.CAR_ENERGY_PORTS
06-22 13:59:44.642 W/PackageManager( 1920): Cannot whitelist unknown permission: android.car.permission.CAR_EXTERIOR_LIGHTS
06-22 13:59:44.642 W/PackageManager( 1920): Cannot whitelist unknown permission: android.car.permission.CAR_INFO
06-22 13:59:44.642 W/PackageManager( 1920): Cannot whitelist unknown permission: android.car.permission.CAR_MILEAGE
06-22 13:59:44.642 W/PackageManager( 1920): Cannot whitelist unknown permission: android.car.permission.CAR_TIRES
06-22 13:59:44.642 W/PackageManager( 1920): Cannot whitelist unknown permission: android.car.permission.CONTROL_CAR_CLIMATE
06-22 13:59:44.642 W/PackageManager( 1920): Cannot whitelist unknown permission: android.car.permission.CONTROL_CAR_DOORS
06-22 13:59:44.642 W/PackageManager( 1920): Cannot whitelist unknown permission: android.car.permission.CONTROL_CAR_EXTERIOR_LIGHTS
06-22 13:59:44.642 W/PackageManager( 1920): Cannot whitelist unknown permission: android.car.permission.CONTROL_CAR_MIRRORS
06-22 13:59:44.642 W/PackageManager( 1920): Cannot whitelist unknown permission: android.car.permission.CONTROL_CAR_SEATS
06-22 13:59:44.642 W/PackageManager( 1920): Cannot whitelist unknown permission: android.car.permission.CONTROL_CAR_WINDOWS
06-22 13:59:44.642 W/PackageManager( 1920): Cannot whitelist unknown permission: android.car.permission.READ_CAR_DISPLAY_UNITS
06-22 13:59:44.642 W/PackageManager( 1920): Cannot whitelist unknown permission: com.google.android.finsky.permission.GEARHEAD_SERVICE
06-22 13:59:44.642 W/PackageManager( 1920): Cannot whitelist unknown permission: com.google.android.permission.ACCESSIBILITY_SCAN_SERVICE
06-22 13:59:44.642 W/PackageManager( 1920): Cannot whitelist unknown permission: com.google.android.finsky.permission.ACCESS_INSTANT_APP_NOTIFICATION_ENFORCEMENT
06-22 13:59:44.642 W/PackageManager( 1920): Cannot whitelist unknown permission: com.google.android.clockwork.settings.SHOW_FACTORY_RESET_CONFIRMATION
06-22 13:59:44.642 W/PackageManager( 1920): Cannot whitelist unknown permission: com.google.android.wearable.READ_SETTINGS
06-22 13:59:44.642 W/PackageManager( 1920): Cannot whitelist unknown permission: android.permission.READ_MEDIA_AUDIO
06-22 13:59:44.642 W/PackageManager( 1920): Cannot whitelist unknown permission: android.permission.READ_MEDIA_IMAGES
06-22 13:59:44.642 W/PackageManager( 1920): Cannot whitelist unknown permission: android.permission.READ_MEDIA_VIDEO
06-22 13:59:44.642 W/PackageManager( 1920): Cannot whitelist unknown permission: com.android.vending.setup.PLAY_SETUP_SERVICE
06-22 13:59:44.642 W/PackageManager( 1920): Cannot whitelist unknown permission: com.google.android.gms.game.notifications.permission.WRITE
06-22 13:59:44.642 W/PackageManager( 1920): Cannot whitelist unknown permission: com.google.android.vending.verifier.ACCESS_VERIFIER
06-22 13:59:44.642 I/PackageManager( 1920): Un-granting permission android.permission.CAPTURE_VIDEO_OUTPUT from package com.google.android.gms (protectionLevel=2 flags=0xb0cabe45)
06-22 13:59:44.643 I/PackageManager( 1920): Un-granting permission android.permission.MANAGE_DEVICE_ADMINS from package com.google.android.gms (protectionLevel=2 flags=0xb0cabe45)
06-22 13:59:44.643 I/PackageManager( 1920): Un-granting permission android.permission.MANAGE_ACTIVITY_STACKS from package com.google.android.gms (protectionLevel=2 flags=0xb0cabe45)
06-22 13:59:44.643 I/PackageManager( 1920): Un-granting permission android.permission.CAPTURE_SECURE_VIDEO_OUTPUT from package com.google.android.gms (protectionLevel=2 flags=0xb0cabe45)
06-22 13:59:44.643 I/PackageManager( 1920): Un-granting permission android.permission.MANAGE_ROLLBACKS from package com.google.android.gms (protectionLevel=514 flags=0xb0cabe45)
06-22 13:59:44.644 E/ChimeraCfgMgr( 2062): Failed to read module config: java.io.FileNotFoundException: /data/user_de/0/com.google.android.gms/app_chimera/current_config.fb: open failed: ENOENT (No such file or directory)
06-22 13:59:44.645 E/ActivityThread( 2062): Failed to find provider info for com.google.android.gsf.gservices
06-22 13:59:44.646 E/GservicesValue( 2062): Gservices key not whitelisted for directboot access: gms:chimera:dev_module_blacklist
06-22 13:59:44.646 E/ActivityThread( 2062): Failed to find provider info for com.google.android.gsf.gservices
06-22 13:59:44.646 W/PackageManager( 1920): Cannot whitelist unknown permission: android.permission.QUERY_ALL_PACKAGES
06-22 13:59:44.646 W/PackageManager( 1920): Cannot whitelist unknown permission: android.permission.PRE_FACTORY_RESET
06-22 13:59:44.646 W/PackageManager( 1920): Cannot whitelist unknown permission: android.permission.MANAGE_FACTORY_RESET_PROTECTION
06-22 13:59:44.647 W/PackageManager( 1920): Cannot whitelist unknown permission: android.car.permission.CAR_POWER
06-22 13:59:44.647 W/PackageManager( 1920): Cannot whitelist unknown permission: com.google.android.wearable.WRITE_SETTINGS
06-22 13:59:44.647 W/PackageManager( 1920): Cannot whitelist unknown permission: com.felicanetworks.mfc.permission.MFC_ACCESS
06-22 13:59:44.647 W/PackageManager( 1920): Cannot whitelist unknown permission: com.felicanetworks.mfc.mfi.permission.MFI_ACCESS
06-22 13:59:44.647 W/PackageManager( 1920): Cannot whitelist unknown permission: com.google.android.finsky.permission.INSTANT_APP_STATE
06-22 13:59:44.647 W/PackageManager( 1920): Cannot whitelist unknown permission: android.permission.UWB
06-22 13:59:44.647 W/PackageManager( 1920): Cannot whitelist unknown permission: com.google.android.finsky.permission.BIND_GET_INSTALL_REFERRER_SERVICE
06-22 13:59:44.647 W/PackageManager( 1920): Cannot whitelist unknown permission: com.google.android.hangouts.START_HANGOUT
06-22 13:59:44.647 W/PackageManager( 1920): Cannot whitelist unknown permission: android.car.permission.CAR_POWERTRAIN
06-22 13:59:44.647 W/PackageManager( 1920): Cannot whitelist unknown permission: android.car.permission.CAR_ENERGY
06-22 13:59:44.647 W/PackageManager( 1920): Cannot whitelist unknown permission: android.car.permission.CAR_ENERGY_PORTS
06-22 13:59:44.647 W/PackageManager( 1920): Cannot whitelist unknown permission: android.car.permission.CAR_EXTERIOR_LIGHTS
06-22 13:59:44.647 W/PackageManager( 1920): Cannot whitelist unknown permission: android.car.permission.CAR_INFO
06-22 13:59:44.647 W/PackageManager( 1920): Cannot whitelist unknown permission: android.car.permission.CAR_MILEAGE
06-22 13:59:44.647 W/PackageManager( 1920): Cannot whitelist unknown permission: android.car.permission.CAR_TIRES
06-22 13:59:44.647 W/PackageManager( 1920): Cannot whitelist unknown permission: android.car.permission.CONTROL_CAR_CLIMATE
06-22 13:59:44.647 W/PackageManager( 1920): Cannot whitelist unknown permission: android.car.permission.CONTROL_CAR_DOORS
06-22 13:59:44.647 W/PackageManager( 1920): Cannot whitelist unknown permission: android.car.permission.CONTROL_CAR_EXTERIOR_LIGHTS
06-22 13:59:44.647 W/PackageManager( 1920): Cannot whitelist unknown permission: android.car.permission.CONTROL_CAR_MIRRORS
06-22 13:59:44.647 W/PackageManager( 1920): Cannot whitelist unknown permission: android.car.permission.CONTROL_CAR_SEATS
06-22 13:59:44.647 W/PackageManager( 1920): Cannot whitelist unknown permission: android.car.permission.CONTROL_CAR_WINDOWS
06-22 13:59:44.647 W/PackageManager( 1920): Cannot whitelist unknown permission: android.car.permission.READ_CAR_DISPLAY_UNITS
06-22 13:59:44.648 W/PackageManager( 1920): Cannot whitelist unknown permission: com.google.android.finsky.permission.GEARHEAD_SERVICE
06-22 13:59:44.648 E/ActivityThread( 2062): Failed to find provider info for com.google.android.gsf.gservices
06-22 13:59:44.648 W/PackageManager( 1920): Cannot whitelist unknown permission: com.google.android.permission.ACCESSIBILITY_SCAN_SERVICE
06-22 13:59:44.648 W/PackageManager( 1920): Cannot whitelist unknown permission: com.google.android.finsky.permission.ACCESS_INSTANT_APP_NOTIFICATION_ENFORCEMENT
06-22 13:59:44.648 W/PackageManager( 1920): Cannot whitelist unknown permission: com.google.android.clockwork.settings.SHOW_FACTORY_RESET_CONFIRMATION
06-22 13:59:44.648 W/PackageManager( 1920): Cannot whitelist unknown permission: com.google.android.wearable.READ_SETTINGS
06-22 13:59:44.648 W/PackageManager( 1920): Cannot whitelist unknown permission: android.permission.READ_MEDIA_AUDIO
06-22 13:59:44.648 W/PackageManager( 1920): Cannot whitelist unknown permission: android.permission.READ_MEDIA_IMAGES
06-22 13:59:44.648 W/PackageManager( 1920): Cannot whitelist unknown permission: android.permission.READ_MEDIA_VIDEO
06-22 13:59:44.648 W/PackageManager( 1920): Cannot whitelist unknown permission: com.android.vending.setup.PLAY_SETUP_SERVICE
06-22 13:59:44.648 W/PackageManager( 1920): Cannot whitelist unknown permission: com.google.android.gms.game.notifications.permission.WRITE
06-22 13:59:44.648 W/PackageManager( 1920): Cannot whitelist unknown permission: com.google.android.vending.verifier.ACCESS_VERIFIER
06-22 13:59:44.648 I/PackageManager( 1920): Un-granting permission android.permission.CAPTURE_VIDEO_OUTPUT from package com.google.android.gms (protectionLevel=2 flags=0xb0cabe45)
06-22 13:59:44.649 E/ActivityThread( 2062): Failed to find provider info for com.google.android.gsf.gservices
06-22 13:59:44.649 I/PackageManager( 1920): Un-granting permission android.permission.MANAGE_DEVICE_ADMINS from package com.google.android.gms (protectionLevel=2 flags=0xb0cabe45)
06-22 13:59:44.649 I/PackageManager( 1920): Un-granting permission android.permission.MANAGE_ACTIVITY_STACKS from package com.google.android.gms (protectionLevel=2 flags=0xb0cabe45)
06-22 13:59:44.649 I/PackageManager( 1920): Un-granting permission android.permission.CAPTURE_SECURE_VIDEO_OUTPUT from package com.google.android.gms (protectionLevel=2 flags=0xb0cabe45)
06-22 13:59:44.649 I/PackageManager( 1920): Un-granting permission android.permission.MANAGE_ROLLBACKS from package com.google.android.gms (protectionLevel=514 flags=0xb0cabe45)
06-22 13:59:44.649 E/ActivityThread( 2062): Failed to find provider info for com.google.android.gsf.gservices
06-22 13:59:44.651 W/PackageManager( 1920): Cannot whitelist unknown permission: android.permission.QUERY_ALL_PACKAGES
06-22 13:59:44.651 W/PackageManager( 1920): Cannot whitelist unknown permission: android.permission.PRE_FACTORY_RESET
06-22 13:59:44.651 W/PackageManager( 1920): Cannot whitelist unknown permission: android.permission.MANAGE_FACTORY_RESET_PROTECTION
06-22 13:59:44.651 W/PackageManager( 1920): Cannot whitelist unknown permission: android.car.permission.CAR_POWER
06-22 13:59:44.651 W/PackageManager( 1920): Cannot whitelist unknown permission: com.google.android.wearable.WRITE_SETTINGS
06-22 13:59:44.651 W/PackageManager( 1920): Cannot whitelist unknown permission: com.felicanetworks.mfc.permission.MFC_ACCESS
06-22 13:59:44.651 W/PackageManager( 1920): Cannot whitelist unknown permission: com.felicanetworks.mfc.mfi.permission.MFI_ACCESS
06-22 13:59:44.651 W/PackageManager( 1920): Cannot whitelist unknown permission: com.google.android.finsky.permission.INSTANT_APP_STATE
06-22 13:59:44.651 W/PackageManager( 1920): Cannot whitelist unknown permission: android.permission.UWB
06-22 13:59:44.651 W/PackageManager( 1920): Cannot whitelist unknown permission: com.google.android.finsky.permission.BIND_GET_INSTALL_REFERRER_SERVICE
06-22 13:59:44.651 W/PackageManager( 1920): Cannot whitelist unknown permission: com.google.android.hangouts.START_HANGOUT
06-22 13:59:44.651 W/PackageManager( 1920): Cannot whitelist unknown permission: android.car.permission.CAR_POWERTRAIN
06-22 13:59:44.651 W/PackageManager( 1920): Cannot whitelist unknown permission: android.car.permission.CAR_ENERGY
06-22 13:59:44.651 W/PackageManager( 1920): Cannot whitelist unknown permission: android.car.permission.CAR_ENERGY_PORTS
06-22 13:59:44.651 W/PackageManager( 1920): Cannot whitelist unknown permission: android.car.permission.CAR_EXTERIOR_LIGHTS
06-22 13:59:44.651 W/PackageManager( 1920): Cannot whitelist unknown permission: android.car.permission.CAR_INFO
06-22 13:59:44.651 W/PackageManager( 1920): Cannot whitelist unknown permission: android.car.permission.CAR_MILEAGE
06-22 13:59:44.651 W/PackageManager( 1920): Cannot whitelist unknown permission: android.car.permission.CAR_TIRES
06-22 13:59:44.651 W/PackageManager( 1920): Cannot whitelist unknown permission: android.car.permission.CONTROL_CAR_CLIMATE
06-22 13:59:44.651 W/PackageManager( 1920): Cannot whitelist unknown permission: android.car.permission.CONTROL_CAR_DOORS
06-22 13:59:44.651 W/PackageManager( 1920): Cannot whitelist unknown permission: android.car.permission.CONTROL_CAR_EXTERIOR_LIGHTS
06-22 13:59:44.651 W/PackageManager( 1920): Cannot whitelist unknown permission: android.car.permission.CONTROL_CAR_MIRRORS
06-22 13:59:44.651 W/PackageManager( 1920): Cannot whitelist unknown permission: android.car.permission.CONTROL_CAR_SEATS
06-22 13:59:44.651 W/PackageManager( 1920): Cannot whitelist unknown permission: android.car.permission.CONTROL_CAR_WINDOWS
06-22 13:59:44.651 W/PackageManager( 1920): Cannot whitelist unknown permission: android.car.permission.READ_CAR_DISPLAY_UNITS
06-22 13:59:44.651 W/PackageManager( 1920): Cannot whitelist unknown permission: com.google.android.finsky.permission.GEARHEAD_SERVICE
06-22 13:59:44.651 W/PackageManager( 1920): Cannot whitelist unknown permission: com.google.android.permission.ACCESSIBILITY_SCAN_SERVICE
06-22 13:59:44.651 W/PackageManager( 1920): Cannot whitelist unknown permission: com.google.android.finsky.permission.ACCESS_INSTANT_APP_NOTIFICATION_ENFORCEMENT
06-22 13:59:44.651 W/PackageManager( 1920): Cannot whitelist unknown permission: com.google.android.clockwork.settings.SHOW_FACTORY_RESET_CONFIRMATION
06-22 13:59:44.651 W/PackageManager( 1920): Cannot whitelist unknown permission: com.google.android.wearable.READ_SETTINGS
06-22 13:59:44.651 W/PackageManager( 1920): Cannot whitelist unknown permission: android.permission.READ_MEDIA_AUDIO
06-22 13:59:44.651 W/PackageManager( 1920): Cannot whitelist unknown permission: android.permission.READ_MEDIA_IMAGES
06-22 13:59:44.651 W/PackageManager( 1920): Cannot whitelist unknown permission: android.permission.READ_MEDIA_VIDEO
06-22 13:59:44.651 W/PackageManager( 1920): Cannot whitelist unknown permission: com.android.vending.setup.PLAY_SETUP_SERVICE
06-22 13:59:44.651 W/PackageManager( 1920): Cannot whitelist unknown permission: com.google.android.gms.game.notifications.permission.WRITE
06-22 13:59:44.651 W/PackageManager( 1920): Cannot whitelist unknown permission: com.google.android.vending.verifier.ACCESS_VERIFIER
06-22 13:59:44.651 I/PackageManager( 1920): Un-granting permission android.permission.CAPTURE_VIDEO_OUTPUT from package com.google.android.gms (protectionLevel=2 flags=0xb0cabe45)
06-22 13:59:44.652 I/PackageManager( 1920): Un-granting permission android.permission.MANAGE_DEVICE_ADMINS from package com.google.android.gms (protectionLevel=2 flags=0xb0cabe45)
06-22 13:59:44.652 I/PackageManager( 1920): Un-granting permission android.permission.MANAGE_ACTIVITY_STACKS from package com.google.android.gms (protectionLevel=2 flags=0xb0cabe45)
06-22 13:59:44.652 I/PackageManager( 1920): Un-granting permission android.permission.CAPTURE_SECURE_VIDEO_OUTPUT from package com.google.android.gms (protectionLevel=2 flags=0xb0cabe45)
06-22 13:59:44.652 I/PackageManager( 1920): Un-granting permission android.permission.MANAGE_ROLLBACKS from package com.google.android.gms (protectionLevel=514 flags=0xb0cabe45)
06-22 13:59:44.654 E/ActivityThread( 2062): Failed to find provider info for com.google.android.gsf.gservices
06-22 13:59:44.654 I/GmsModuleFndr( 2062): Beginning GMS chimera module scan
06-22 13:59:44.655 W/PackageManager( 1920): Cannot whitelist unknown permission: android.permission.QUERY_ALL_PACKAGES
06-22 13:59:44.655 W/PackageManager( 1920): Cannot whitelist unknown permission: android.permission.PRE_FACTORY_RESET
06-22 13:59:44.655 W/PackageManager( 1920): Cannot whitelist unknown permission: android.permission.MANAGE_FACTORY_RESET_PROTECTION
06-22 13:59:44.655 W/PackageManager( 1920): Cannot whitelist unknown permission: android.car.permission.CAR_POWER
06-22 13:59:44.655 W/PackageManager( 1920): Cannot whitelist unknown permission: com.google.android.wearable.WRITE_SETTINGS
06-22 13:59:44.655 W/PackageManager( 1920): Cannot whitelist unknown permission: com.felicanetworks.mfc.permission.MFC_ACCESS
06-22 13:59:44.655 W/PackageManager( 1920): Cannot whitelist unknown permission: com.felicanetworks.mfc.mfi.permission.MFI_ACCESS
06-22 13:59:44.655 W/PackageManager( 1920): Cannot whitelist unknown permission: com.google.android.finsky.permission.INSTANT_APP_STATE
06-22 13:59:44.655 W/PackageManager( 1920): Cannot whitelist unknown permission: android.permission.UWB
06-22 13:59:44.655 W/PackageManager( 1920): Cannot whitelist unknown permission: com.google.android.finsky.permission.BIND_GET_INSTALL_REFERRER_SERVICE
06-22 13:59:44.655 W/PackageManager( 1920): Cannot whitelist unknown permission: com.google.android.hangouts.START_HANGOUT
06-22 13:59:44.655 W/PackageManager( 1920): Cannot whitelist unknown permission: android.car.permission.CAR_POWERTRAIN
06-22 13:59:44.655 W/PackageManager( 1920): Cannot whitelist unknown permission: android.car.permission.CAR_ENERGY
06-22 13:59:44.655 W/PackageManager( 1920): Cannot whitelist unknown permission: android.car.permission.CAR_ENERGY_PORTS
06-22 13:59:44.655 W/PackageManager( 1920): Cannot whitelist unknown permission: android.car.permission.CAR_EXTERIOR_LIGHTS
06-22 13:59:44.655 W/PackageManager( 1920): Cannot whitelist unknown permission: android.car.permission.CAR_INFO
06-22 13:59:44.655 W/PackageManager( 1920): Cannot whitelist unknown permission: android.car.permission.CAR_MILEAGE
06-22 13:59:44.655 W/PackageManager( 1920): Cannot whitelist unknown permission: android.car.permission.CAR_TIRES
06-22 13:59:44.655 W/PackageManager( 1920): Cannot whitelist unknown permission: android.car.permission.CONTROL_CAR_CLIMATE
06-22 13:59:44.655 W/PackageManager( 1920): Cannot whitelist unknown permission: android.car.permission.CONTROL_CAR_DOORS
06-22 13:59:44.656 W/PackageManager( 1920): Cannot whitelist unknown permission: android.car.permission.CONTROL_CAR_EXTERIOR_LIGHTS
06-22 13:59:44.656 W/PackageManager( 1920): Cannot whitelist unknown permission: android.car.permission.CONTROL_CAR_MIRRORS
06-22 13:59:44.656 W/PackageManager( 1920): Cannot whitelist unknown permission: android.car.permission.CONTROL_CAR_SEATS
06-22 13:59:44.656 W/PackageManager( 1920): Cannot whitelist unknown permission: android.car.permission.CONTROL_CAR_WINDOWS
06-22 13:59:44.656 W/PackageManager( 1920): Cannot whitelist unknown permission: android.car.permission.READ_CAR_DISPLAY_UNITS
06-22 13:59:44.656 W/PackageManager( 1920): Cannot whitelist unknown permission: com.google.android.finsky.permission.GEARHEAD_SERVICE
06-22 13:59:44.656 W/PackageManager( 1920): Cannot whitelist unknown permission: com.google.android.permission.ACCESSIBILITY_SCAN_SERVICE
06-22 13:59:44.656 W/PackageManager( 1920): Cannot whitelist unknown permission: com.google.android.finsky.permission.ACCESS_INSTANT_APP_NOTIFICATION_ENFORCEMENT
06-22 13:59:44.656 W/PackageManager( 1920): Cannot whitelist unknown permission: com.google.android.clockwork.settings.SHOW_FACTORY_RESET_CONFIRMATION
06-22 13:59:44.656 W/PackageManager( 1920): Cannot whitelist unknown permission: com.google.android.wearable.READ_SETTINGS
06-22 13:59:44.656 W/PackageManager( 1920): Cannot whitelist unknown permission: android.permission.READ_MEDIA_AUDIO
06-22 13:59:44.656 W/PackageManager( 1920): Cannot whitelist unknown permission: android.permission.READ_MEDIA_IMAGES
06-22 13:59:44.656 W/PackageManager( 1920): Cannot whitelist unknown permission: android.permission.READ_MEDIA_VIDEO
06-22 13:59:44.656 W/PackageManager( 1920): Cannot whitelist unknown permission: com.android.vending.setup.PLAY_SETUP_SERVICE
06-22 13:59:44.656 W/PackageManager( 1920): Cannot whitelist unknown permission: com.google.android.gms.game.notifications.permission.WRITE
06-22 13:59:44.656 W/PackageManager( 1920): Cannot whitelist unknown permission: com.google.android.vending.verifier.ACCESS_VERIFIER
06-22 13:59:44.656 I/PackageManager( 1920): Un-granting permission android.permission.CAPTURE_VIDEO_OUTPUT from package com.google.android.gms (protectionLevel=2 flags=0xb0cabe45)
06-22 13:59:44.657 I/PackageManager( 1920): Un-granting permission android.permission.MANAGE_DEVICE_ADMINS from package com.google.android.gms (protectionLevel=2 flags=0xb0cabe45)
06-22 13:59:44.657 I/PackageManager( 1920): Un-granting permission android.permission.MANAGE_ACTIVITY_STACKS from package com.google.android.gms (protectionLevel=2 flags=0xb0cabe45)
06-22 13:59:44.657 I/PackageManager( 1920): Un-granting permission android.permission.CAPTURE_SECURE_VIDEO_OUTPUT from package com.google.android.gms (protectionLevel=2 flags=0xb0cabe45)
06-22 13:59:44.657 I/PackageManager( 1920): Un-granting permission android.permission.MANAGE_ROLLBACKS from package com.google.android.gms (protectionLevel=514 flags=0xb0cabe45)
06-22 13:59:44.658 W/PackageManager( 1920): Cannot whitelist unknown permission: android.permission.QUERY_ALL_PACKAGES
06-22 13:59:44.658 W/PackageManager( 1920): Cannot whitelist unknown permission: android.permission.PRE_FACTORY_RESET
06-22 13:59:44.658 W/PackageManager( 1920): Cannot whitelist unknown permission: android.permission.MANAGE_FACTORY_RESET_PROTECTION
06-22 13:59:44.658 W/PackageManager( 1920): Cannot whitelist unknown permission: android.car.permission.CAR_POWER
06-22 13:59:44.658 W/PackageManager( 1920): Cannot whitelist unknown permission: com.google.android.wearable.WRITE_SETTINGS
06-22 13:59:44.658 W/PackageManager( 1920): Cannot whitelist unknown permission: com.felicanetworks.mfc.permission.MFC_ACCESS
06-22 13:59:44.658 W/PackageManager( 1920): Cannot whitelist unknown permission: com.felicanetworks.mfc.mfi.permission.MFI_ACCESS
06-22 13:59:44.658 W/PackageManager( 1920): Cannot whitelist unknown permission: com.google.android.finsky.permission.INSTANT_APP_STATE
06-22 13:59:44.658 W/PackageManager( 1920): Cannot whitelist unknown permission: android.permission.UWB
06-22 13:59:44.658 W/PackageManager( 1920): Cannot whitelist unknown permission: com.google.android.finsky.permission.BIND_GET_INSTALL_REFERRER_SERVICE
06-22 13:59:44.658 W/PackageManager( 1920): Cannot whitelist unknown permission: com.google.android.hangouts.START_HANGOUT
06-22 13:59:44.658 W/PackageManager( 1920): Cannot whitelist unknown permission: android.car.permission.CAR_POWERTRAIN
06-22 13:59:44.658 W/PackageManager( 1920): Cannot whitelist unknown permission: android.car.permission.CAR_ENERGY
06-22 13:59:44.658 W/PackageManager( 1920): Cannot whitelist unknown permission: android.car.permission.CAR_ENERGY_PORTS
06-22 13:59:44.658 W/PackageManager( 1920): Cannot whitelist unknown permission: android.car.permission.CAR_EXTERIOR_LIGHTS
06-22 13:59:44.658 W/PackageManager( 1920): Cannot whitelist unknown permission: android.car.permission.CAR_INFO
06-22 13:59:44.658 W/PackageManager( 1920): Cannot whitelist unknown permission: android.car.permission.CAR_MILEAGE
06-22 13:59:44.658 W/PackageManager( 1920): Cannot whitelist unknown permission: android.car.permission.CAR_TIRES
06-22 13:59:44.658 W/PackageManager( 1920): Cannot whitelist unknown permission: android.car.permission.CONTROL_CAR_CLIMATE
