06-22 13:59:39.591 I/MediaCodecsXmlParser( 1785): limit: blocks-per-second-range = 1-2000000
06-22 13:59:39.591 I/MediaCodecsXmlParser( 1785): limit: bitrate-range = 1-10000000
06-22 13:59:39.591 I/MediaCodecsXmlParser( 1785): limit: performance-point-1920x1080-range = 30-30
06-22 13:59:39.591 I/MediaCodecsXmlParser( 1785): limit: feature-adaptive-playback = 0
06-22 13:59:39.591 I/MediaCodecsXmlParser( 1785): limit: size-range = 144x144-3840x2160
06-22 13:59:39.591 I/MediaCodecsXmlParser( 1785): limit: alignment = 2x2
06-22 13:59:39.591 I/MediaCodecsXmlParser( 1785): limit: block-size = 16x16
06-22 13:59:39.591 I/MediaCodecsXmlParser( 1785): limit: blocks-per-second-range = 24-2073600
06-22 13:59:39.591 I/MediaCodecsXmlParser( 1785): limit: bitrate-range = 1-120000000
06-22 13:59:39.592 I/MediaCodecsXmlParser( 1785): limit: frame-rate-range = 1-480
06-22 13:59:39.592 I/MediaCodecsXmlParser( 1785): limit: performance-point-3840x2160-range = 60-60
06-22 13:59:39.592 I/MediaCodecsXmlParser( 1785): limit: measured-frame-rate-320x180-range = 743-817
06-22 13:59:39.592 I/MediaCodecsXmlParser( 1785): limit: measured-frame-rate-640x360-range = 582-602
06-22 13:59:39.592 I/MediaCodecsXmlParser( 1785): limit: measured-frame-rate-1280x720-range = 237-258
06-22 13:59:39.592 I/MediaCodecsXmlParser( 1785): limit: measured-frame-rate-1920x1080-range = 148-151
06-22 13:59:39.592 I/MediaCodecsXmlParser( 1785): limit: measured-frame-rate-3840x2160-range = 30-90
06-22 13:59:39.592 I/MediaCodecsXmlParser( 1785): limit: feature-adaptive-playback = 0
06-22 13:59:39.592 I/MediaCodecsXmlParser( 1785): limit: size-range = 144x144-3840x2160
06-22 13:59:39.592 I/MediaCodecsXmlParser( 1785): limit: alignment = 2x2
06-22 13:59:39.592 I/MediaCodecsXmlParser( 1785): limit: block-size = 16x16
06-22 13:59:39.592 I/MediaCodecsXmlParser( 1785): limit: blocks-per-second-range = 24-2073600
06-22 13:59:39.592 I/MediaCodecsXmlParser( 1785): limit: bitrate-range = 1-120000000
06-22 13:59:39.592 I/MediaCodecsXmlParser( 1785): limit: frame-rate-range = 1-480
06-22 13:59:39.593 I/MediaCodecsXmlParser( 1785): limit: performance-point-3840x2160-range = 60-60
06-22 13:59:39.593 I/MediaCodecsXmlParser( 1785): limit: measured-frame-rate-320x180-range = 743-817
06-22 13:59:39.593 I/MediaCodecsXmlParser( 1785): limit: measured-frame-rate-640x360-range = 582-602
06-22 13:59:39.593 I/MediaCodecsXmlParser( 1785): limit: measured-frame-rate-1280x720-range = 237-258
06-22 13:59:39.593 I/MediaCodecsXmlParser( 1785): limit: measured-frame-rate-1920x1080-range = 50-60
06-22 13:59:39.593 I/MediaCodecsXmlParser( 1785): limit: measured-frame-rate-3840x2160-range = 30-90
06-22 13:59:39.593 I/MediaCodecsXmlParser( 1785): limit: feature-adaptive-playback = 0
06-22 13:59:39.593 I/MediaCodecsXmlParser( 1785): limit: size-range = 2x2-2560x2560
06-22 13:59:39.593 I/MediaCodecsXmlParser( 1785): limit: alignment = 2x2
06-22 13:59:39.593 I/MediaCodecsXmlParser( 1785): limit: block-size = 16x16
06-22 13:59:39.593 I/MediaCodecsXmlParser( 1785): limit: blocks-per-second-range = 24-2073600
06-22 13:59:39.593 I/MediaCodecsXmlParser( 1785): limit: bitrate-range = 1-120000000
06-22 13:59:39.593 I/MediaCodecsXmlParser( 1785): limit: frame-rate-range = 1-480
06-22 13:59:39.593 I/MediaCodecsXmlParser( 1785): limit: performance-point-1920x1088-range = 60-60
06-22 13:59:39.593 I/MediaCodecsXmlParser( 1785): limit: measured-frame-rate-320x240-range = 183-183
06-22 13:59:39.593 I/MediaCodecsXmlParser( 1785): limit: measured-frame-rate-720x480-range = 181-181
06-22 13:59:39.593 I/MediaCodecsXmlParser( 1785): limit: measured-frame-rate-1280x720-range = 182-184
06-22 13:59:39.593 I/MediaCodecsXmlParser( 1785): limit: measured-frame-rate-1920x1088-range = 50-60
06-22 13:59:39.593 I/MediaCodecsXmlParser( 1785): limit: measured-frame-rate-2560x1440-range = 30-40
06-22 13:59:39.593 I/MediaCodecsXmlParser( 1785): limit: feature-adaptive-playback = 0
06-22 13:59:39.593 I/MediaCodecsXmlParser( 1785): limit: size-range = 2x2-2560x2560
06-22 13:59:39.593 I/MediaCodecsXmlParser( 1785): limit: alignment = 2x2
06-22 13:59:39.593 I/MediaCodecsXmlParser( 1785): limit: block-size = 16x16
06-22 13:59:39.593 I/MediaCodecsXmlParser( 1785): limit: blocks-per-second-range = 24-2073600
06-22 13:59:39.593 I/MediaCodecsXmlParser( 1785): limit: bitrate-range = 1-120000000
06-22 13:59:39.593 I/MediaCodecsXmlParser( 1785): limit: frame-rate-range = 1-480
06-22 13:59:39.593 I/MediaCodecsXmlParser( 1785): limit: performance-point-1920x1088-range = 60-60
06-22 13:59:39.593 I/MediaCodecsXmlParser( 1785): limit: measured-frame-rate-320x240-range = 183-183
06-22 13:59:39.593 I/MediaCodecsXmlParser( 1785): limit: measured-frame-rate-720x480-range = 181-181
06-22 13:59:39.593 I/MediaCodecsXmlParser( 1785): limit: measured-frame-rate-1280x720-range = 121-125
06-22 13:59:39.593 I/MediaCodecsXmlParser( 1785): limit: measured-frame-rate-1920x1088-range = 148-151
06-22 13:59:39.593 I/MediaCodecsXmlParser( 1785): limit: measured-frame-rate-2560x1440-range = 30-40
06-22 13:59:39.593 I/MediaCodecsXmlParser( 1785): limit: feature-adaptive-playback = 0
06-22 13:59:39.593 I/MediaCodecsXmlParser( 1785): limit: size-range = 176x144-176x144
06-22 13:59:39.593 I/MediaCodecsXmlParser( 1785): limit: alignment = 16x16
06-22 13:59:39.593 I/MediaCodecsXmlParser( 1785): limit: bitrate-range = 1-128000
06-22 13:59:39.593 I/MediaCodecsXmlParser( 1785): limit: size-range = 16x16-1920x1088
06-22 13:59:39.593 I/MediaCodecsXmlParser( 1785): limit: alignment = 2x2
06-22 13:59:39.593 I/MediaCodecsXmlParser( 1785): limit: block-size = 16x16
06-22 13:59:39.593 I/MediaCodecsXmlParser( 1785): limit: blocks-per-second-range = 1-244800
06-22 13:59:39.593 I/MediaCodecsXmlParser( 1785): limit: bitrate-range = 1-20000000
06-22 13:59:39.593 I/MediaCodecsXmlParser( 1785): limit: feature-intra-refresh = 0
06-22 13:59:39.593 I/MediaCodecsXmlParser( 1785): limit: size-range = 16x16-176x144
06-22 13:59:39.593 I/MediaCodecsXmlParser( 1785): limit: alignment = 16x16
06-22 13:59:39.593 I/MediaCodecsXmlParser( 1785): limit: block-size = 16x16
06-22 13:59:39.593 I/MediaCodecsXmlParser( 1785): limit: blocks-per-second-range = 12-1485
06-22 13:59:39.593 I/MediaCodecsXmlParser( 1785): limit: bitrate-range = 1-64000
06-22 13:59:39.593 I/MediaCodecsXmlParser( 1785): limit: size-range = 2x2-2048x2048
06-22 13:59:39.593 I/MediaCodecsXmlParser( 1785): limit: alignment = 2x2
06-22 13:59:39.593 I/MediaCodecsXmlParser( 1785): limit: bitrate-range = 1-40000000
06-22 13:59:39.593 I/MediaCodecsXmlParser( 1785): limit: feature-bitrate-modes = VBR,CBR
06-22 13:59:39.593 D/MediaCodecsXmlParser( 1785): parsing /vendor/etc/media_codecs_performance.xml...
06-22 13:59:39.593 I/MediaCodecsXmlParser( 1785): limit: measured-frame-rate-176x144-range = 849-1008
06-22 13:59:39.593 I/MediaCodecsXmlParser( 1785): limit: measured-frame-rate-320x240-range = 496-629
06-22 13:59:39.594 I/MediaCodecsXmlParser( 1785): limit: measured-frame-rate-720x480-range = 197-203
06-22 13:59:39.594 I/MediaCodecsXmlParser( 1785): limit: measured-frame-rate-1280x720-range = 93-97
06-22 13:59:39.594 I/MediaCodecsXmlParser( 1785): limit: measured-frame-rate-1920x1080-range = 45-47
06-22 13:59:39.594 I/MediaCodecsXmlParser( 1785): limit: measured-frame-rate-176x144-range = 881-1142
06-22 13:59:39.594 I/MediaCodecsXmlParser( 1785): limit: measured-frame-rate-320x180-range = 249-285
06-22 13:59:39.594 I/MediaCodecsXmlParser( 1785): limit: measured-frame-rate-640x360-range = 104-115
06-22 13:59:39.594 I/MediaCodecsXmlParser( 1785): limit: measured-frame-rate-1280x720-range = 34-35
06-22 13:59:39.594 I/MediaCodecsXmlParser( 1785): limit: measured-frame-rate-1920x1080-range = 26-29
06-22 13:59:39.594 I/MediaCodecsXmlParser( 1785): limit: measured-frame-rate-176x144-range = 1246-1390
06-22 13:59:39.594 I/MediaCodecsXmlParser( 1785): limit: measured-frame-rate-352x288-range = 1121-1128
06-22 13:59:39.594 I/MediaCodecsXmlParser( 1785): limit: measured-frame-rate-320x240-range = 299-629
06-22 13:59:39.594 I/MediaCodecsXmlParser( 1785): limit: measured-frame-rate-720x480-range = 215-250
06-22 13:59:39.594 I/MediaCodecsXmlParser( 1785): limit: measured-frame-rate-1280x720-range = 75-85
06-22 13:59:39.594 I/MediaCodecsXmlParser( 1785): limit: measured-frame-rate-1920x1080-range = 31-34
06-22 13:59:39.594 I/MediaCodecsXmlParser( 1785): limit: measured-frame-rate-352x288-range = 754-817
06-22 13:59:39.594 I/MediaCodecsXmlParser( 1785): limit: measured-frame-rate-640x360-range = 323-394
06-22 13:59:39.594 I/MediaCodecsXmlParser( 1785): limit: measured-frame-rate-720x480-range = 349-372
06-22 13:59:39.594 I/MediaCodecsXmlParser( 1785): limit: measured-frame-rate-1280x720-range = 144-157
06-22 13:59:39.594 I/MediaCodecsXmlParser( 1785): limit: measured-frame-rate-1920x1080-range = 74-85
06-22 13:59:39.594 I/MediaCodecsXmlParser( 1785): limit: measured-frame-rate-176x144-range = 1439-1625
06-22 13:59:39.594 I/MediaCodecsXmlParser( 1785): limit: measured-frame-rate-320x180-range = 1129-1261
06-22 13:59:39.594 I/MediaCodecsXmlParser( 1785): limit: measured-frame-rate-640x360-range = 471-525
06-22 13:59:39.594 I/MediaCodecsXmlParser( 1785): limit: measured-frame-rate-1280x720-range = 126-145
06-22 13:59:39.594 I/MediaCodecsXmlParser( 1785): limit: measured-frame-rate-1920x1080-range = 48-51
06-22 13:59:39.594 I/MediaCodecsXmlParser( 1785): limit: measured-frame-rate-2160x2160-range = 31-34
06-22 13:59:39.594 I/MediaCodecsXmlParser( 1785): limit: measured-frame-rate-320x180-range = 968-1101
06-22 13:59:39.595 I/MediaCodecsXmlParser( 1785): limit: measured-frame-rate-640x360-range = 291-338
06-22 13:59:39.595 I/MediaCodecsXmlParser( 1785): limit: measured-frame-rate-1280x720-range = 280-400
06-22 13:59:39.595 I/MediaCodecsXmlParser( 1785): limit: measured-frame-rate-1920x1080-range = 178-240
06-22 13:59:39.595 I/MediaCodecsXmlParser( 1785): limit: measured-frame-rate-2560x1440-range = 31-34
06-22 13:59:39.595 D/MediaCodecsXmlParser( 1785): Cannot find /data/misc/media/media_codecs_profiling_results.xml
06-22 13:59:39.597 I/ServiceManagement( 1785): Registered android.hardware.media.omx@1.0::IOmxStore/default (start delay of 497ms)
06-22 13:59:39.597 I/ServiceManagement( 1785): Removing namespace from process name android.hardware.media.omx@1.0-service to omx@1.0-service.
06-22 13:59:39.600 I/ServiceManager( 1781): Waiting for service 'package_native' on '/dev/binder'...
06-22 13:59:39.600 I/cameraserver( 1762): ServiceManager: 0x78afc9267100
06-22 13:59:39.601 I/CameraService( 1762): CameraService started (pid=1762)
06-22 13:59:39.601 I/CameraService( 1762): CameraService process starting
06-22 13:59:39.601 W/BatteryNotifier( 1762): batterystats service unavailable!
06-22 13:59:39.601 W/BatteryNotifier( 1762): batterystats service unavailable!
06-22 13:59:39.604 I/CameraProviderManager( 1762): Connecting to new camera provider: legacy/0, isRemote? 1
06-22 13:59:39.604 I/CameraProviderManager( 1762): Camera provider legacy/0 ready with 0 camera devices
06-22 13:59:39.605 I/hwservicemanager( 1568): getTransport: Cannot find entry android.hardware.camera.provider@2.4::ICameraProvider/external/0 in either framework or device manifest.
06-22 13:59:39.605 I/        ( 1762): Waiting for activity service
06-22 13:59:39.623 W/CameraProviderManager( 1762): addProviderLocked: Camera provider HAL with name 'legacy/0' already registered
06-22 13:59:39.624 I/FastMixerState( 1730): sMaxFastTracks = 8
06-22 13:59:39.626 V/MediaUtils( 1730): physMem: 2089566208
06-22 13:59:39.626 V/MediaUtils( 1730): requested limit: 417913240
06-22 13:59:39.626 I/libc    ( 1730): malloc_limit: Allocation limit enabled, max size 417913240 bytes
06-22 13:59:39.626 I/audioserver( 1730): ServiceManager: 0x7396d8df7dc0
06-22 13:59:39.626 W/BatteryNotifier( 1730): batterystats service unavailable!
06-22 13:59:39.627 I/hwservicemanager( 1568): getTransport: Cannot find entry android.hardware.audio@5.0::IDevicesFactory/default in either framework or device manifest.
06-22 13:59:39.627 I/hwservicemanager( 1568): getTransport: Cannot find entry android.hardware.audio@4.0::IDevicesFactory/msd in either framework or device manifest.
06-22 13:59:39.628 I/hwservicemanager( 1568): getTransport: Cannot find entry android.hardware.audio.effect@5.0::IEffectsFactory/default in either framework or device manifest.
06-22 13:59:39.628 I/AudioFlinger( 1730): Using default 3000 mSec as standby time.
06-22 13:59:39.648 I/mediaserver( 1776): ServiceManager: 0xed406ca0
06-22 13:59:39.649 E/APM::Serializer( 1730): deserialize: Could not parse /odm/etc/audio_policy_configuration.xml document.
06-22 13:59:39.652 E/APM::AudioPolicyEngine/Config( 1730): parse: Could not parse document /vendor/etc/audio_policy_engine_configuration.xml
06-22 13:59:39.652 W/APM::AudioPolicyEngine/Base( 1730): loadAudioPolicyEngineConfig: No configuration found, using default matching phone experience.
06-22 13:59:39.652 E/APM::AudioPolicyEngine/Config( 1730): parseLegacyVolumeFile: Could not parse document /odm/etc/audio_policy_configuration.xml
06-22 13:59:39.652 I/BootAnimation( 1838): boot animation disabled
06-22 13:59:39.660 D/audio_hw_generic( 1672): Emulator host-side ALSA audio emulation detected.
06-22 13:59:39.660 D/audio_hw_generic( 1672): mixer 0 name Master Playback Volume
06-22 13:59:39.660 D/audio_hw_generic( 1672): set ctl 0 to 100
06-22 13:59:39.660 D/audio_hw_generic( 1672): set ctl 1 to 100
06-22 13:59:39.660 D/audio_hw_generic( 1672): mixer 1 name Master Playback Switch
06-22 13:59:39.660 D/audio_hw_generic( 1672): set ctl 0 to 1
06-22 13:59:39.660 D/audio_hw_generic( 1672): set ctl 1 to 1
06-22 13:59:39.660 D/audio_hw_generic( 1672): mixer 2 name Capture Volume
06-22 13:59:39.660 D/audio_hw_generic( 1672): set ctl 0 to 100
06-22 13:59:39.661 D/audio_hw_generic( 1672): set ctl 1 to 100
06-22 13:59:39.661 D/audio_hw_generic( 1672): mixer 3 name Capture Switch
06-22 13:59:39.661 D/audio_hw_generic( 1672): set ctl 0 to 1
06-22 13:59:39.661 D/audio_hw_generic( 1672): set ctl 1 to 1
06-22 13:59:39.661 D/audio_hw_generic( 1672): mixer 4 name Line Phantom Jack
06-22 13:59:39.661 D/audio_hw_generic( 1672): mixer 5 name Line Out Phantom Jack
06-22 13:59:39.661 D/audio_hw_generic( 1672): mixer 6 name Playback Channel Map
06-22 13:59:39.661 D/audio_hw_generic( 1672): mixer 7 name Capture Channel Map
06-22 13:59:39.662 W/DeviceHAL( 1672): Error from HAL Device in function get_master_volume: Function not implemented
06-22 13:59:39.663 W/DeviceHAL( 1672): Error from HAL Device in function get_master_mute: Function not implemented
06-22 13:59:39.663 W/DeviceHAL( 1672): Error from HAL Device in function set_master_volume: Function not implemented
06-22 13:59:39.663 W/DeviceHAL( 1672): Error from HAL Device in function set_master_mute: Function not implemented
06-22 13:59:39.663 I/AudioFlinger( 1730): loadHwModule() Loaded primary audio interface, handle 10
06-22 13:59:39.663 I/AudioFlinger( 1730): openOutput() this 0x7396d8e02600, module 10 Device 0x2, SamplingRate 44100, Format 0x000001, Channels 0x3, flags 0x2
06-22 13:59:39.668 W/AudioFlinger( 1730): HAL output buffer size is 661 frames but AudioMixer requires multiples of 16 frames
06-22 13:59:39.668 I/AudioFlinger( 1730): HAL output buffer size 661 frames, normal sink buffer size 1056 frames
06-22 13:59:39.672 I/hwservicemanager( 1568): getTransport: Cannot find entry android.hardware.audio.effect@5.0::IEffectsFactory/default in either framework or device manifest.
06-22 13:59:39.677 W/BatteryNotifier( 1776): batterystats service unavailable!
06-22 13:59:39.681 I/BufferProvider( 1730): found effect "Multichannel Downmix To Stereo" from The Android Open Source Project
06-22 13:59:39.681 I/AudioFlinger( 1730): Using module 10 as the primary audio interface
06-22 13:59:39.682 I/AudioFlinger( 1730): AudioFlinger's thread 0x7396d8ea0840 tid=1859 ready to run
06-22 13:59:39.682 W/AudioFlinger( 1730): no wake lock to update, system not ready yet
06-22 13:59:39.685 V/APM_AudioPolicyManager( 1730): checkAndSetVolume cannot set volume group 3 volume with force use = 0 for comm
06-22 13:59:39.685 W/AudioFlinger( 1730): no wake lock to update, system not ready yet
06-22 13:59:39.693 W/AudioFlinger( 1730): moveEffects() bad srcOutput 0
06-22 13:59:39.693 V/APM_AudioPolicyManager( 1730): selectOutputForMusicEffects selected output 13
06-22 13:59:39.693 V/APM_AudioPolicyManager( 1730): setOutputDevices device {type:0x2,@:} delayMs 0
06-22 13:59:39.693 V/APM_AudioPolicyManager( 1730): setOutputDevices() prevDevice {type:0x2,@:}
06-22 13:59:39.693 V/APM_AudioPolicyManager( 1730): setOutputDevices changing device to {type:0x2,@:}
06-22 13:59:39.694 V/APM_AudioPolicyManager( 1730): setOutputDevices() AF::createAudioPatch returned 0 patchHandle 12 num_sources 1 num_sinks 1
06-22 13:59:39.695 V/APM_AudioPolicyManager( 1730): checkAndSetVolume cannot set volume group 3 volume with force use = 0 for comm
06-22 13:59:39.700 I/ServiceManager( 1781): Waiting for service 'package_native' on '/dev/binder'...
06-22 13:59:39.702 E/MediaExtractorFactory( 1774): couldn't opendir(/system/lib64/extractors)
06-22 13:59:39.706 I/AudioFlinger( 1730): AudioFlinger's thread 0x7396d418c5c0 tid=1862 ready to run
06-22 13:59:39.706 W/AudioFlinger( 1730): no wake lock to update, system not ready yet
06-22 13:59:39.707 I//apex/com.android.media.swcodec/bin/mediaswcodec( 1787): media swcodec service starting
06-22 13:59:39.708 W//apex/com.android.media.swcodec/bin/mediaswcodec( 1787): Could not read additional policy file '/vendor/etc/seccomp_policy/mediaswcodec.policy'
06-22 13:59:39.708 W//apex/com.android.media.swcodec/bin/mediaswcodec( 1787): libminijail[1787]: failed to get path of fd 4: No such file or directory
06-22 13:59:39.708 W//apex/com.android.media.swcodec/bin/mediaswcodec( 1787): libminijail[1787]: allowing syscall: socket
06-22 13:59:39.708 W//apex/com.android.media.swcodec/bin/mediaswcodec( 1787): libminijail[1787]: allowing syscall: connect
06-22 13:59:39.708 W//apex/com.android.media.swcodec/bin/mediaswcodec( 1787): libminijail[1787]: allowing syscall: fcntl
06-22 13:59:39.708 W//apex/com.android.media.swcodec/bin/mediaswcodec( 1787): libminijail[1787]: allowing syscall: writev
06-22 13:59:39.708 W//apex/com.android.media.swcodec/bin/mediaswcodec( 1787): libminijail[1787]: compile_file: <fd>(20): nonexistent syscall 'getuid32'
06-22 13:59:39.708 W//apex/com.android.media.swcodec/bin/mediaswcodec( 1787): libminijail[1787]: compile_file: <fd>(26): nonexistent syscall 'mmap2'
06-22 13:59:39.708 W//apex/com.android.media.swcodec/bin/mediaswcodec( 1787): libminijail[1787]: compile_file: <fd>(28): nonexistent syscall 'fstat64'
06-22 13:59:39.708 W//apex/com.android.media.swcodec/bin/mediaswcodec( 1787): libminijail[1787]: compile_file: <fd>(30): nonexistent syscall 'stat64'
06-22 13:59:39.709 W//apex/com.android.media.swcodec/bin/mediaswcodec( 1787): libminijail[1787]: compile_file: <fd>(31): nonexistent syscall 'statfs64'
06-22 13:59:39.709 W//apex/com.android.media.swcodec/bin/mediaswcodec( 1787): libminijail[1787]: compile_file: <fd>(33): nonexistent syscall 'fstatat64'
06-22 13:59:39.709 W//apex/com.android.media.swcodec/bin/mediaswcodec( 1787): libminijail[1787]: compile_file: <fd>(38): nonexistent syscall '_llseek'
06-22 13:59:39.709 W//apex/com.android.media.swcodec/bin/mediaswcodec( 1787): libminijail[1787]: compile_file: <fd>(47): nonexistent syscall 'ugetrlimit'
06-22 13:59:39.709 W//apex/com.android.media.swcodec/bin/mediaswcodec( 1787): libminijail[1787]: compile_file: <fd>(50): nonexistent syscall '_llseek'
06-22 13:59:39.709 W//apex/com.android.media.swcodec/bin/mediaswcodec( 1787): libminijail[1787]: compile_file: <fd>(51): nonexistent syscall 'fstatfs64'
06-22 13:59:39.709 W//apex/com.android.media.swcodec/bin/mediaswcodec( 1787): libminijail[1787]: compile_file: <fd>(63): nonexistent syscall 'ftruncate64'
06-22 13:59:39.710 W//apex/com.android.media.swcodec/bin/mediaswcodec( 1787): libminijail[1787]: compile_file: /system/etc/seccomp_policy/crash_dump.x86.policy(5): nonexistent syscall 'sigreturn'
06-22 13:59:39.711 W//apex/com.android.media.swcodec/bin/mediaswcodec( 1787): libminijail[1787]: compile_file: /system/etc/seccomp_policy/crash_dump.x86.policy(31): nonexistent syscall 'getuid32'
06-22 13:59:39.711 W//apex/com.android.media.swcodec/bin/mediaswcodec( 1787): libminijail[1787]: compile_file: /system/etc/seccomp_policy/crash_dump.x86.policy(32): nonexistent syscall 'fstat64'
06-22 13:59:39.711 W//apex/com.android.media.swcodec/bin/mediaswcodec( 1787): libminijail[1787]: compile_file: /system/etc/seccomp_policy/crash_dump.x86.policy(33): nonexistent syscall 'mmap2'
06-22 13:59:39.711 W//apex/com.android.media.swcodec/bin/mediaswcodec( 1787): libminijail[1787]: compile_file: /system/etc/seccomp_policy/crash_dump.x86.policy(34): nonexistent syscall 'geteuid32'
06-22 13:59:39.711 W//apex/com.android.media.swcodec/bin/mediaswcodec( 1787): libminijail[1787]: compile_file: /system/etc/seccomp_policy/crash_dump.x86.policy(35): nonexistent syscall 'getgid32'
06-22 13:59:39.711 W//apex/com.android.media.swcodec/bin/mediaswcodec( 1787): libminijail[1787]: compile_file: /system/etc/seccomp_policy/crash_dump.x86.policy(36): nonexistent syscall 'getegid32'
06-22 13:59:39.711 W//apex/com.android.media.swcodec/bin/mediaswcodec( 1787): libminijail[1787]: compile_file: /system/etc/seccomp_policy/crash_dump.x86.policy(37): nonexistent syscall 'getgroups32'
06-22 13:59:39.711 W//apex/com.android.media.swcodec/bin/mediaswcodec( 1787): libminijail[1787]: logging seccomp filter failures
06-22 13:59:39.712 I/CodecServiceRegistrant( 1787): Creating software Codec2 service...
06-22 13:59:39.713 W/AudioFlinger( 1730): no wake lock to update, system not ready yet
06-22 13:59:39.715 I/r_submix( 1672): adev_open(name=audio_hw_if)
06-22 13:59:39.715 I/r_submix( 1672): adev_init_check()
06-22 13:59:39.715 W/DeviceHAL( 1672): Error from HAL Device in function set_master_volume: Function not implemented
06-22 13:59:39.715 W/DeviceHAL( 1672): Error from HAL Device in function set_master_mute: Function not implemented
06-22 13:59:39.715 I/AudioFlinger( 1730): loadHwModule() Loaded r_submix audio interface, handle 18
06-22 13:59:39.715 D/r_submix( 1672): adev_open_input_stream(addr=0)
06-22 13:59:39.715 D/r_submix( 1672): submix_audio_device_create_pipe_l(addr=0, idx=9)
06-22 13:59:39.715 D/r_submix( 1672):   now using address 0 for route 9
06-22 13:59:39.719 I/AudioFlinger( 1730): AudioFlinger's thread 0x7396d418c280 tid=1864 ready to run
06-22 13:59:39.720 I/        ( 1730): Waiting for activity service
06-22 13:59:39.721 I/ServiceManagement( 1787): Registered android.hardware.media.c2@1.0::IComponentStore/software (start delay of 601ms)
06-22 13:59:39.721 I/CodecServiceRegistrant( 1787): Software Codec2 service created.
06-22 13:59:39.721 D/r_submix( 1672): adev_close_input_stream()
06-22 13:59:39.721 D/r_submix( 1672): submix_audio_device_release_pipe_l(idx=9) addr=0
06-22 13:59:39.721 D/r_submix( 1672): submix_audio_device_destroy_pipe_l(): pipe destroyed
06-22 13:59:39.800 I/ServiceManager( 1781): Waiting for service 'package_native' on '/dev/binder'...
06-22 13:59:39.901 I/ServiceManager( 1781): Waiting for service 'package_native' on '/dev/binder'...
06-22 13:59:39.905 D/ICU     ( 1665): Time zone APEX file found: /apex/com.android.tzdata/etc/icu/icu_tzdata.dat
06-22 13:59:39.905 D/ICU     ( 1666): Time zone APEX file found: /apex/com.android.tzdata/etc/icu/icu_tzdata.dat
06-22 13:59:39.948 W/zygote  ( 1666): Unexpected CPU variant for X86 using defaults: x86_64
06-22 13:59:39.950 W/zygote64( 1665): Unexpected CPU variant for X86 using defaults: x86_64
06-22 13:59:39.955 I/adbd    ( 1752): adbd listening on port 5555
06-22 13:59:39.958 I/adbd    ( 1752): USB event: FUNCTIONFS_ENABLE
06-22 13:59:39.958 W/adbd    ( 1752): received FUNCTIONFS_ENABLE while not bound?
06-22 13:59:39.959 I/adbd    ( 1752): UsbFfs: connection terminated: monitor thread finished
06-22 13:59:39.959 I/adbd    ( 1752): UsbFfs: already offline
06-22 13:59:39.959 I/adbd    ( 1752): destroying transport UsbFfs
06-22 13:59:39.959 I/adbd    ( 1752): UsbFfsConnection being destroyed
06-22 13:59:40.001 I/ServiceManager( 1781): Waiting for service 'package_native' on '/dev/binder'...
06-22 13:59:40.019 I/netd    ( 1664): Setting up StrictController hooks: 627.8ms
06-22 13:59:40.019 I/ClatdController( 1664): 4.9+ kernel and device shipped with P - clat ebpf might work.
06-22 13:59:40.020 I/netd    ( 1664): Initializing ClatdController: 0.1ms
06-22 13:59:40.021 W/zygote  ( 1666): JNI RegisterNativeMethods: attempt to register 0 native methods for android.media.AudioAttributes
06-22 13:59:40.021 W/zygote64( 1665): JNI RegisterNativeMethods: attempt to register 0 native methods for android.media.AudioAttributes
06-22 13:59:40.024 I/netd    ( 1664): Initializing traffic control: 5.0ms
06-22 13:59:40.027 I/netd    ( 1664): Enabling bandwidth control: 2.1ms
06-22 13:59:40.027 E/Netd    ( 1664): cannot find interface dummy0
06-22 13:59:40.027 I/netd    ( 1664): Initializing RouteController: 0.5ms
06-22 13:59:40.027 D/XfrmController( 1664): XfrmController::ipSecAddXfrmInterface, line=1379
06-22 13:59:40.028 D/XfrmController( 1664): XfrmController::ipSecRemoveTunnelInterface, line=1592
06-22 13:59:40.028 D/XfrmController( 1664): deviceName=ipsec_test
06-22 13:59:40.036 D/Zygote  ( 1665): begin preload
06-22 13:59:40.038 I/Zygote  ( 1665): Calling ZygoteHooks.beginPreload()
06-22 13:59:40.039 I/adbd    ( 1752): opening control endpoint /dev/usb-ffs/adb/ep0
06-22 13:59:40.047 I/adbd    ( 1752): UsbFfsConnection constructed
06-22 13:59:40.048 I/adbd    ( 1752): USB event: FUNCTIONFS_BIND
06-22 13:59:40.052 I/zygote  ( 1666): Explicit concurrent copying GC freed 296(39KB) AllocSpace objects, 0(0B) LOS objects, 98% free, 24KB/1560KB, paused 415us total 14.644ms
06-22 13:59:40.057 I/zygote  ( 1666): Explicit concurrent copying GC freed 5(32KB) AllocSpace objects, 0(0B) LOS objects, 98% free, 24KB/1560KB, paused 488us total 2.835ms
06-22 13:59:40.057 D/Zygote32Timing( 1666): PostZygoteInitGC took to complete: 20ms
06-22 13:59:40.057 D/Zygote32Timing( 1666): ZygoteInit took to complete: 20ms
06-22 13:59:40.069 D/Zygote64Timing( 1665): BeginPreload took to complete: 32ms
06-22 13:59:40.069 I/Zygote  ( 1665): Preloading classes...
06-22 13:59:40.070 W/Zygote  ( 1665): Class not found for preloading: android.app.-$$Lambda$ActivityThread$ZXDWm3IBeFmLnFVblhB-IOZCr9o
06-22 13:59:40.079 D/XfrmController( 1664): Sending Netlink XFRM Message: XFRM_MSG_FLUSHSA
06-22 13:59:40.079 D/XfrmController( 1664): Sending Netlink XFRM Message: XFRM_MSG_FLUSHPOLICY
06-22 13:59:40.079 I/netd    ( 1664): Initializing XfrmController: 52.2ms
06-22 13:59:40.080 E/Netd    ( 1664): Unable to create netlink socket for family 5: Protocol not supported
06-22 13:59:40.080 W/Netd    ( 1664): Unable to open qlog quota socket, check if xt_quota2 can send via UeventHandler
06-22 13:59:40.083 I/libnetd_resolv( 1664): resolv_init: Initializing resolver
06-22 13:59:40.091 I/Zygote  ( 1666): Accepting command socket connections
06-22 13:59:40.092 D/MDnsDS  ( 1664): MDnsSdListener starting to monitor
06-22 13:59:40.092 D/MDnsDS  ( 1664): Going to poll with pollCount 1
06-22 13:59:40.088 D/MDnsDS  ( 1664): MDnsSdListener::Hander starting up
06-22 13:59:40.093 I/netd    ( 1664): Registering NetdNativeService: 0.2ms
06-22 13:59:40.093 I/ServiceManagement( 1664): Registered android.system.net.netd@1.1::INetd/default (start delay of 1714ms)
06-22 13:59:40.094 I/netd    ( 1664): Registering NetdHwService: 0.9ms
06-22 13:59:40.094 I/netd    ( 1664): Netd started in 1653ms
06-22 13:59:40.102 I/ServiceManager( 1781): Waiting for service 'package_native' on '/dev/binder'...
06-22 13:59:40.122 W/Zygote  ( 1665): Class not found for preloading: android.bluetooth.BluetoothA2dp$2
06-22 13:59:40.128 I/PackageBackwardCompatibility( 1665): Could not find android.content.pm.AndroidTestBaseUpdater, ignoring
06-22 13:59:40.203 I/ServiceManager( 1781): Waiting for service 'package_native' on '/dev/binder'...
06-22 13:59:40.303 I/ServiceManager( 1781): Waiting for service 'package_native' on '/dev/binder'...
06-22 13:59:40.372 E/ActivityRecognitionHardware( 1665): activity_recognition HAL is deprecated. class_init is effectively a no-op
06-22 13:59:40.403 I/zygote64( 1665): Thread[1,tid=1665,Native,Thread*=0x70185592f000,peer=0x12c02208,"main"] recursive attempt to load library "libmedia_jni.so"
06-22 13:59:40.403 D/MtpDeviceJNI( 1665): register_android_mtp_MtpDevice
06-22 13:59:40.403 I/zygote64( 1665): Thread[1,tid=1665,Native,Thread*=0x70185592f000,peer=0x12c02208,"main"] recursive attempt to load library "libmedia_jni.so"
06-22 13:59:40.403 I/zygote64( 1665): Thread[1,tid=1665,Native,Thread*=0x70185592f000,peer=0x12c02208,"main"] recursive attempt to load library "libmedia_jni.so"
06-22 13:59:40.404 I/ServiceManager( 1781): Waiting for service 'package_native' on '/dev/binder'...
06-22 13:59:40.412 W/Zygote  ( 1665): Class not found for preloading: android.media.audiopolicy.AudioProductStrategies
06-22 13:59:40.412 W/Zygote  ( 1665): Class not found for preloading: android.media.audiopolicy.AudioVolumeGroups
06-22 13:59:40.503 W/Zygote  ( 1665): Class not found for preloading: android.view.textclassifier.-$$Lambda$TextClassificationManager$JIaezIJbMig_-kVzN6oArzkTsJE
06-22 13:59:40.504 I/ServiceManager( 1781): Waiting for service 'package_native' on '/dev/binder'...
06-22 13:59:40.510 W/Zygote  ( 1665): Class not found for preloading: com.android.internal.net.NetworkStatsFactory
06-22 13:59:40.514 W/Zygote  ( 1665): Class not found for preloading: com.android.internal.telephony.-$$Lambda$PhoneSubInfoController$8HFbCDJDN1mrLJG980qYH5MGqMk
06-22 13:59:40.515 W/Zygote  ( 1665): Class not found for preloading: com.android.internal.telephony.-$$Lambda$PhoneSubInfoController$U28a_EGx2cvmQhDfRRgonMt5Zrc
06-22 13:59:40.515 W/Zygote  ( 1665): Class not found for preloading: com.android.internal.telephony.-$$Lambda$SubscriptionInfoUpdater$-zZXM9oMRZ3vZz7dJOG19J00Bmw
06-22 13:59:40.515 W/Zygote  ( 1665): Class not found for preloading: com.android.internal.telephony.-$$Lambda$SubscriptionInfoUpdater$D5yF1HbS4cvCyoAj3FESkPtA_0g
06-22 13:59:40.515 W/Zygote  ( 1665): Class not found for preloading: com.android.internal.telephony.-$$Lambda$SubscriptionInfoUpdater$MMx9iQX0JVqqMPLTUZhdBubFSzU
06-22 13:59:40.522 W/Zygote  ( 1665): Class not found for preloading: com.android.internal.telephony.PhoneConfigurationModels
06-22 13:59:40.525 W/Zygote  ( 1665): Class not found for preloading: com.android.internal.telephony.SubscriptionController$ScLocalLog
06-22 13:59:40.526 W/Zygote  ( 1665): Class not found for preloading: com.android.internal.telephony.UiccSmsController
06-22 13:59:40.537 I/adbd    ( 1752): host-15: write thread spawning
06-22 13:59:40.537 I/adbd    ( 1752): host-15: read thread spawning
06-22 13:59:40.551 I/Zygote  ( 1665): ...preloaded 7590 classes in 482ms.
06-22 13:59:40.551 I/zygote64( 1665): VMRuntime.preloadDexCaches starting
06-22 13:59:40.567 I/zygote64( 1665): VMRuntime.preloadDexCaches strings total=378948 before=9925 after=9925
06-22 13:59:40.567 I/zygote64( 1665): VMRuntime.preloadDexCaches types total=35812 before=7199 after=7467
06-22 13:59:40.567 I/zygote64( 1665): VMRuntime.preloadDexCaches fields total=160603 before=8020 after=8221
06-22 13:59:40.567 I/zygote64( 1665): VMRuntime.preloadDexCaches methods total=281511 before=10884 after=11316
06-22 13:59:40.567 I/zygote64( 1665): VMRuntime.preloadDexCaches finished
06-22 13:59:40.567 D/Zygote64Timing( 1665): PreloadClasses took to complete: 498ms
06-22 13:59:40.570 I/zygote64( 1665): The ClassLoaderContext is a special shared library.
06-22 13:59:40.570 D/ApplicationLoaders( 1665): Created zygote-cached class loader: /system/framework/android.hidl.base-V1.0-java.jar
06-22 13:59:40.572 I/zygote64( 1665): The ClassLoaderContext is a special shared library.
06-22 13:59:40.572 D/ApplicationLoaders( 1665): Created zygote-cached class loader: /system/framework/android.hidl.manager-V1.0-java.jar
06-22 13:59:40.572 D/Zygote64Timing( 1665): CacheNonBootClasspathClassLoaders took to complete: 5ms
06-22 13:59:40.604 I/ServiceManager( 1781): Waiting for service 'package_native' on '/dev/binder'...
06-22 13:59:40.704 I/ServiceManager( 1781): Waiting for service 'package_native' on '/dev/binder'...
06-22 13:59:40.720 I/adbd    ( 1752): USB event: FUNCTIONFS_ENABLE
06-22 13:59:40.767 I/Zygote  ( 1665): Preloading resources...
06-22 13:59:40.770 I/adbd    ( 1752): host-15: already offline
06-22 13:59:40.777 W/Resources( 1665): Preloaded drawable resource #0x108027c (android:drawable/dialog_background_material) that varies with configuration!!
06-22 13:59:40.785 I/Zygote  ( 1665): ...preloaded 64 resources in 19ms.
06-22 13:59:40.787 I/Zygote  ( 1665): ...preloaded 41 resources in 1ms.
06-22 13:59:40.787 D/Zygote64Timing( 1665): PreloadResources took to complete: 215ms
06-22 13:59:40.791 I/Zygote  ( 1665): Preloading shared libraries...
06-22 13:59:40.797 I/Zygote  ( 1665): Called ZygoteHooks.endPreload()
06-22 13:59:40.797 I/Zygote  ( 1665): Installed AndroidKeyStoreProvider in 0ms.
06-22 13:59:40.802 I/Zygote  ( 1665): Warmed up JCA providers in 5ms.
06-22 13:59:40.802 D/Zygote  ( 1665): end preload
06-22 13:59:40.802 D/Zygote64Timing( 1665): ZygotePreload took to complete: 766ms
06-22 13:59:40.802 I/zygote64( 1665): Waiting for a blocking GC Explicit
06-22 13:59:40.805 I/ServiceManager( 1781): Waiting for service 'package_native' on '/dev/binder'...
06-22 13:59:40.811 I/zygote64( 1665): Explicit concurrent copying GC freed 10377(408KB) AllocSpace objects, 0(0B) LOS objects, 72% free, 2371KB/8515KB, paused 383us total 6.072ms
06-22 13:59:40.815 I/zygote64( 1665): Explicit concurrent copying GC freed 13(32KB) AllocSpace objects, 0(0B) LOS objects, 72% free, 2371KB/8515KB, paused 333us total 4.598ms
06-22 13:59:40.815 D/Zygote64Timing( 1665): PostZygoteInitGC took to complete: 13ms
06-22 13:59:40.816 D/Zygote64Timing( 1665): ZygoteInit took to complete: 779ms
06-22 13:59:40.865 D/Zygote  ( 1665): Forked child process 1920
06-22 13:59:40.865 I/Zygote  ( 1665): System server process 1920 has been created
06-22 13:59:40.866 I/Zygote  ( 1665): Accepting command socket connections
06-22 13:59:40.871 I/system_server( 1920): The ClassLoaderContext is a special shared library.
06-22 13:59:40.893 I/chatty  ( 1920): uid=1000 system_server identical 2 lines
06-22 13:59:40.897 I/system_server( 1920): The ClassLoaderContext is a special shared library.
06-22 13:59:40.899 W/system_server( 1920): Unexpected CPU variant for X86 using defaults: x86_64
06-22 13:59:40.905 I/ServiceManager( 1781): Waiting for service 'package_native' on '/dev/binder'...
06-22 13:59:40.927 I/SystemServer( 1920): InitBeforeStartServices
06-22 13:59:40.929 W/SystemServer( 1920): Timezone not set; setting to GMT.
06-22 13:59:40.932 I/SystemServer( 1920): Entered the Android system server!
06-22 13:59:41.006 I/ServiceManager( 1781): Waiting for service 'package_native' on '/dev/binder'...
06-22 13:59:41.048 E/UsbAlsaJackDetectorJNI( 1920): Can't register UsbAlsaJackDetector native methods
06-22 13:59:41.058 D/SystemServerTiming( 1920): InitBeforeStartServices took to complete: 132ms
06-22 13:59:41.058 I/SystemServer( 1920): StartServices
06-22 13:59:41.058 I/SystemServer( 1920): StartWatchdog
06-22 13:59:41.067 D/SystemServerTiming( 1920): StartWatchdog took to complete: 8ms
06-22 13:59:41.067 I/SystemServer( 1920): Reading configuration...
06-22 13:59:41.067 I/SystemServer( 1920): ReadingSystemConfig
06-22 13:59:41.067 D/SystemServerTiming( 1920): ReadingSystemConfig took to complete: 0ms
06-22 13:59:41.067 I/SystemServer( 1920): StartInstaller
06-22 13:59:41.067 I/SystemServiceManager( 1920): Starting com.android.server.pm.Installer
06-22 13:59:41.070 D/installd( 1768): Found quota mount /dev/block/vdc at /data
06-22 13:59:41.070 D/SystemServerTiming( 1920): StartInstaller took to complete: 3ms
06-22 13:59:41.070 I/SystemServer( 1920): DeviceIdentifiersPolicyService
06-22 13:59:41.070 I/SystemServiceManager( 1920): Starting com.android.server.os.DeviceIdentifiersPolicyService
06-22 13:59:41.070 D/SystemServerTiming( 1920): DeviceIdentifiersPolicyService took to complete: 0ms
06-22 13:59:41.070 I/SystemServer( 1920): UriGrantsManagerService
06-22 13:59:41.070 I/SystemServiceManager( 1920): Starting com.android.server.uri.UriGrantsManagerService$Lifecycle
06-22 13:59:41.072 D/SystemServerInitThreadPool( 1920): Started executing ReadingSystemConfig
06-22 13:59:41.074 D/SystemServerTiming( 1920): UriGrantsManagerService took to complete: 3ms
06-22 13:59:41.074 I/SystemServer( 1920): StartActivityManager
06-22 13:59:41.074 I/SystemServiceManager( 1920): Starting com.android.server.wm.ActivityTaskManagerService$Lifecycle
06-22 13:59:41.080 I/SystemServiceManager( 1920): Starting com.android.server.am.ActivityManagerService$Lifecycle
06-22 13:59:41.094 I/ActivityManager( 1920): Memory class: 512
06-22 13:59:41.097 I/SystemConfig( 1920): Adding association: com.google.android.as <- com.android.providers.contacts
06-22 13:59:41.098 I/SystemConfig( 1920): Adding association: com.google.android.as <- com.android.providers.media
06-22 13:59:41.098 I/SystemConfig( 1920): Adding association: com.google.android.as <- com.android.providers.telephony
06-22 13:59:41.098 I/SystemConfig( 1920): Adding association: com.google.android.as <- com.android.systemui
06-22 13:59:41.098 I/SystemConfig( 1920): Adding association: com.google.android.as <- com.google.android.gms
06-22 13:59:41.098 I/SystemConfig( 1920): Adding association: com.google.android.as <- com.google.android.gsf
06-22 13:59:41.106 I/ServiceManager( 1781): Waiting for service 'package_native' on '/dev/binder'...
06-22 13:59:41.107 D/BatteryStatsImpl( 1920): Reading daily items from /data/system/batterystats-daily.xml
06-22 13:59:41.109 E/BatteryStatsImpl( 1920): Error reading battery statistics
06-22 13:59:41.109 E/BatteryStatsImpl( 1920): java.io.FileNotFoundException: /data/system/batterystats.bin: open failed: ENOENT (No such file or directory)
06-22 13:59:41.109 E/BatteryStatsImpl( 1920): 	at libcore.io.IoBridge.open(IoBridge.java:496)
06-22 13:59:41.109 E/BatteryStatsImpl( 1920): 	at java.io.FileInputStream.<init>(FileInputStream.java:159)
06-22 13:59:41.109 E/BatteryStatsImpl( 1920): 	at com.android.internal.os.AtomicFile.openRead(AtomicFile.java:157)
06-22 13:59:41.109 E/BatteryStatsImpl( 1920): 	at com.android.internal.os.AtomicFile.readFully(AtomicFile.java:162)
06-22 13:59:41.109 E/BatteryStatsImpl( 1920): 	at com.android.internal.os.BatteryStatsImpl.readLocked(BatteryStatsImpl.java:13339)
06-22 13:59:41.109 E/BatteryStatsImpl( 1920): 	at com.android.server.am.ActivityManagerService.<init>(ActivityManagerService.java:2501)
06-22 13:59:41.109 E/BatteryStatsImpl( 1920): 	at com.android.server.am.ActivityManagerService$Lifecycle.<init>(ActivityManagerService.java:2215)
06-22 13:59:41.109 E/BatteryStatsImpl( 1920): 	at java.lang.reflect.Constructor.newInstance0(Native Method)
06-22 13:59:41.109 E/BatteryStatsImpl( 1920): 	at java.lang.reflect.Constructor.newInstance(Constructor.java:343)
06-22 13:59:41.109 E/BatteryStatsImpl( 1920): 	at com.android.server.SystemServiceManager.startService(SystemServiceManager.java:101)
06-22 13:59:41.109 E/BatteryStatsImpl( 1920): 	at com.android.server.am.ActivityManagerService$Lifecycle.startService(ActivityManagerService.java:2221)
06-22 13:59:41.109 E/BatteryStatsImpl( 1920): 	at com.android.server.SystemServer.startBootstrapServices(SystemServer.java:660)
06-22 13:59:41.109 E/BatteryStatsImpl( 1920): 	at com.android.server.SystemServer.run(SystemServer.java:510)
06-22 13:59:41.109 E/BatteryStatsImpl( 1920): 	at com.android.server.SystemServer.main(SystemServer.java:349)
06-22 13:59:41.109 E/BatteryStatsImpl( 1920): 	at java.lang.reflect.Method.invoke(Native Method)
06-22 13:59:41.109 E/BatteryStatsImpl( 1920): 	at com.android.internal.os.RuntimeInit$MethodAndArgsCaller.run(RuntimeInit.java:492)
06-22 13:59:41.109 E/BatteryStatsImpl( 1920): 	at com.android.internal.os.ZygoteInit.main(ZygoteInit.java:908)
06-22 13:59:41.109 E/BatteryStatsImpl( 1920): Caused by: android.system.ErrnoException: open failed: ENOENT (No such file or directory)
06-22 13:59:41.109 E/BatteryStatsImpl( 1920): 	at libcore.io.Linux.open(Native Method)
06-22 13:59:41.109 E/BatteryStatsImpl( 1920): 	at libcore.io.ForwardingOs.open(ForwardingOs.java:167)
06-22 13:59:41.109 E/BatteryStatsImpl( 1920): 	at libcore.io.BlockGuardOs.open(BlockGuardOs.java:252)
06-22 13:59:41.109 E/BatteryStatsImpl( 1920): 	at libcore.io.IoBridge.open(IoBridge.java:482)
06-22 13:59:41.109 E/BatteryStatsImpl( 1920): 	... 16 more
06-22 13:59:41.109 E/BatteryStatsImpl( 1920): Error reading battery history
06-22 13:59:41.109 E/BatteryStatsImpl( 1920): java.io.FileNotFoundException: /data/system/battery-history/0.bin: open failed: ENOENT (No such file or directory)
06-22 13:59:41.109 E/BatteryStatsImpl( 1920): 	at libcore.io.IoBridge.open(IoBridge.java:496)
06-22 13:59:41.109 E/BatteryStatsImpl( 1920): 	at java.io.FileInputStream.<init>(FileInputStream.java:159)
06-22 13:59:41.109 E/BatteryStatsImpl( 1920): 	at com.android.internal.os.AtomicFile.openRead(AtomicFile.java:157)
06-22 13:59:41.109 E/BatteryStatsImpl( 1920): 	at com.android.internal.os.AtomicFile.readFully(AtomicFile.java:162)
06-22 13:59:41.109 E/BatteryStatsImpl( 1920): 	at com.android.internal.os.BatteryStatsImpl.readLocked(BatteryStatsImpl.java:13358)
06-22 13:59:41.109 E/BatteryStatsImpl( 1920): 	at com.android.server.am.ActivityManagerService.<init>(ActivityManagerService.java:2501)
06-22 13:59:41.109 E/BatteryStatsImpl( 1920): 	at com.android.server.am.ActivityManagerService$Lifecycle.<init>(ActivityManagerService.java:2215)
06-22 13:59:41.109 E/BatteryStatsImpl( 1920): 	at java.lang.reflect.Constructor.newInstance0(Native Method)
06-22 13:59:41.109 E/BatteryStatsImpl( 1920): 	at java.lang.reflect.Constructor.newInstance(Constructor.java:343)
06-22 13:59:41.109 E/BatteryStatsImpl( 1920): 	at com.android.server.SystemServiceManager.startService(SystemServiceManager.java:101)
06-22 13:59:41.109 E/BatteryStatsImpl( 1920): 	at com.android.server.am.ActivityManagerService$Lifecycle.startService(ActivityManagerService.java:2221)
06-22 13:59:41.109 E/BatteryStatsImpl( 1920): 	at com.android.server.SystemServer.startBootstrapServices(SystemServer.java:660)
06-22 13:59:41.109 E/BatteryStatsImpl( 1920): 	at com.android.server.SystemServer.run(SystemServer.java:510)
06-22 13:59:41.109 E/BatteryStatsImpl( 1920): 	at com.android.server.SystemServer.main(SystemServer.java:349)
06-22 13:59:41.109 E/BatteryStatsImpl( 1920): 	at java.lang.reflect.Method.invoke(Native Method)
06-22 13:59:41.109 E/BatteryStatsImpl( 1920): 	at com.android.internal.os.RuntimeInit$MethodAndArgsCaller.run(RuntimeInit.java:492)
06-22 13:59:41.109 E/BatteryStatsImpl( 1920): 	at com.android.internal.os.ZygoteInit.main(ZygoteInit.java:908)
06-22 13:59:41.109 E/BatteryStatsImpl( 1920): Caused by: android.system.ErrnoException: open failed: ENOENT (No such file or directory)
06-22 13:59:41.109 E/BatteryStatsImpl( 1920): 	at libcore.io.Linux.open(Native Method)
06-22 13:59:41.109 E/BatteryStatsImpl( 1920): 	at libcore.io.ForwardingOs.open(ForwardingOs.java:167)
06-22 13:59:41.109 E/BatteryStatsImpl( 1920): 	at libcore.io.BlockGuardOs.open(BlockGuardOs.java:252)
06-22 13:59:41.109 E/BatteryStatsImpl( 1920): 	at libcore.io.IoBridge.open(IoBridge.java:482)
06-22 13:59:41.109 E/BatteryStatsImpl( 1920): 	... 16 more
06-22 13:59:41.112 I/hwservicemanager( 1568): getTransport: Cannot find entry android.hardware.power.stats@1.0::IPowerStats/default in either framework or device manifest.
06-22 13:59:41.112 I/BatteryStatsService( 1920): Using power HAL
06-22 13:59:41.113 E/BatteryStatsService( 1920): Unable to load Power.Stats.HAL. Setting rail availability to false
06-22 13:59:41.113 E/BluetoothAdapter( 1920): Bluetooth binder is null
06-22 13:59:41.114 W/SystemConfig( 1920): No directory /product_services/etc/sysconfig, skipping
06-22 13:59:41.114 W/SystemConfig( 1920): No directory /product_services/etc/permissions, skipping
06-22 13:59:41.114 D/SystemServerInitThreadPool( 1920): Finished executing ReadingSystemConfig
06-22 13:59:41.119 E/BatteryExternalStatsWorker( 1920): no controller energy info supplied for telephony
06-22 13:59:41.120 E/KernelCpuUidFreqTimeReader( 1920): Failed to read /proc/uid_time_in_state: java.nio.file.NoSuchFileException: /proc/uid_time_in_state
06-22 13:59:41.121 W/KernelCpuProcStringReader( 1920): File not found. It's normal if not implemented: /proc/uid_time_in_state
06-22 13:59:41.122 W/KernelCpuProcStringReader( 1920): File not found. It's normal if not implemented: /proc/uid_concurrent_active_time
06-22 13:59:41.122 W/KernelCpuProcStringReader( 1920): File not found. It's normal if not implemented: /proc/uid_concurrent_policy_time
06-22 13:59:41.122 W/KernelMemoryBandwidthStats( 1920): No kernel memory bandwidth stats available
06-22 13:59:41.123 I/PowerManagerService-JNI( 1920): Loaded power HAL 1.0 service
06-22 13:59:41.123 I/PowerManagerService-JNI( 1920): Loaded power HAL 1.1 service
06-22 13:59:41.128 I/hwservicemanager( 1568): getTransport: Cannot find entry android.hardware.memtrack@1.0::IMemtrack/default in either framework or device manifest.
06-22 13:59:41.129 E/memtrack( 1920): Couldn't load memtrack module
06-22 13:59:41.129 W/android.os.Debug( 1920): failed to get memory consumption info: -1
06-22 13:59:41.131 I/AppOps  ( 1920): No existing app ops /data/system/appops.xml; starting empty
06-22 13:59:41.135 I/IntentFirewall( 1920): Read new rules (A:0 B:0 S:0)
06-22 13:59:41.146 W/libprocessgroup( 1920): Failed to remove /acct/uid_1003: Permission denied
06-22 13:59:41.151 D/AppOps  ( 1920): AppOpsService published
06-22 13:59:41.154 D/SystemServerTiming( 1920): StartActivityManager took to complete: 81ms
06-22 13:59:41.154 I/SystemServer( 1920): StartPowerManager
06-22 13:59:41.154 I/SystemServiceManager( 1920): Starting com.android.server.power.PowerManagerService
06-22 13:59:41.162 D/SystemServerTiming( 1920): StartPowerManager took to complete: 8ms
06-22 13:59:41.162 I/SystemServer( 1920): StartThermalManager
06-22 13:59:41.162 I/SystemServiceManager( 1920): Starting com.android.server.power.ThermalManagerService
06-22 13:59:41.162 D/SystemServerTiming( 1920): StartThermalManager took to complete: 0ms
06-22 13:59:41.162 I/SystemServer( 1920): InitPowerManagement
06-22 13:59:41.163 D/SystemServerTiming( 1920): InitPowerManagement took to complete: 1ms
06-22 13:59:41.163 I/SystemServer( 1920): StartRecoverySystemService
06-22 13:59:41.163 I/SystemServiceManager( 1920): Starting com.android.server.RecoverySystemService
06-22 13:59:41.164 D/SystemServerTiming( 1920): StartRecoverySystemService took to complete: 0ms
06-22 13:59:41.164 V/RescueParty( 1920): Disabled because of active USB connection
06-22 13:59:41.164 I/SystemServer( 1920): StartLightsService
06-22 13:59:41.164 I/SystemServiceManager( 1920): Starting com.android.server.lights.LightsService
06-22 13:59:41.169 D/SystemServerTiming( 1920): StartLightsService took to complete: 5ms
06-22 13:59:41.169 I/SystemServer( 1920): StartSidekickService
06-22 13:59:41.169 D/SystemServerTiming( 1920): StartSidekickService took to complete: 0ms
06-22 13:59:41.169 I/SystemServer( 1920): StartDisplayManager
06-22 13:59:41.169 I/SystemServiceManager( 1920): Starting com.android.server.display.DisplayManagerService
06-22 13:59:41.171 D/SystemServerTiming( 1920): StartDisplayManager took to complete: 2ms
06-22 13:59:41.171 I/SystemServer( 1920): WaitForDisplay
06-22 13:59:41.171 I/SystemServiceManager( 1920): Starting phase 100
06-22 13:59:41.172 E/SurfaceFlinger( 1738): ro.sf.lcd_density must be defined as a build property
06-22 13:59:41.177 I/DisplayManagerService( 1920): Display device added: DisplayDeviceInfo{"Built-in Screen": uniqueId="local:0", 320 x 640, modeId 1, defaultModeId 1, supportedModes [{id=1, width=320, height=640, fps=60.000004}], colorMode 0, supportedColorModes [0], HdrCapabilities android.view.Display$HdrCapabilities@40f16308, density 160, 160.0 x 160.0 dpi, appVsyncOff 1000000, presDeadline 16666666, touch INTERNAL, rotation 0, type BUILT_IN, address {port=0}, state UNKNOWN, FLAG_DEFAULT_DISPLAY, FLAG_ROTATES_WITH_CONTENT, FLAG_SECURE, FLAG_SUPPORTS_PROTECTED_BUFFERS}
06-22 13:59:41.180 D/SurfaceFlinger( 1738): Setting power mode 2 on display 0
06-22 13:59:41.181 I/hwservicemanager( 1568): getTransport: Cannot find entry android.hardware.light@2.0::ILight/default in either framework or device manifest.
06-22 13:59:41.181 D/SystemServerTiming( 1920): WaitForDisplay took to complete: 10ms
06-22 13:59:41.182 W/StrictMode( 1920): No activity manager; failed to Dropbox violation.
06-22 13:59:41.182 I/SystemServer( 1920): StartPackageManagerService
06-22 13:59:41.182 I/Watchdog( 1920): Pausing HandlerChecker: main thread for reason: packagemanagermain. Pause count: 1
06-22 13:59:41.182 I/DisplayManagerService( 1920): Display device changed state: "Built-in Screen", ON
06-22 13:59:41.202 W/FileUtils( 1920): Failed to chmod(/data/system/packages.list): android.system.ErrnoException: chmod failed: ENOENT (No such file or directory)
06-22 13:59:41.206 D/SELinuxMMAC( 1920): Using policy file /system/etc/selinux/plat_mac_permissions.xml
06-22 13:59:41.206 D/SELinuxMMAC( 1920): Using policy file /vendor/etc/selinux/vendor_mac_permissions.xml
06-22 13:59:41.182 I/chatty  ( 1920): uid=1000(system) android.display identical 4 lines
06-22 13:59:41.182 W/StrictMode( 1920): No activity manager; failed to Dropbox violation.
06-22 13:59:41.207 I/ServiceManager( 1781): Waiting for service 'package_native' on '/dev/binder'...
