06-22 13:59:43.532 D/SystemServerTiming( 1920): StartIncidentCompanionService took to complete: 1ms
06-22 13:59:43.532 I/SystemServer( 1920): StartMmsService
06-22 13:59:43.532 I/SystemServiceManager( 1920): Starting com.android.server.MmsServiceBroker
06-22 13:59:43.532 D/SystemServerTiming( 1920): StartMmsService took to complete: 0ms
06-22 13:59:43.532 I/SystemServer( 1920): StartAutoFillService
06-22 13:59:43.532 I/SystemServiceManager( 1920): Starting com.android.server.autofill.AutofillManagerService
06-22 13:59:43.534 D/AutofillManagerService( 1920): setLogLevelFromSettings(): level=2, debug=true, verbose=false
06-22 13:59:43.534 D/AutofillManagerService( 1920): setMaxPartitionsFromSettings(): 10
06-22 13:59:43.534 D/AutofillManagerService( 1920): setMaxVisibleDatasetsFromSettings(): 0
06-22 13:59:43.535 E/AutofillManagerServiceImpl( 1920): Bad service name: com.google.android.gms/.autofill.service.AutofillService
06-22 13:59:43.535 D/AutofillManagerServiceImpl( 1920): Reset component for user 0:com.google.android.gms/.autofill.service.AutofillService
06-22 13:59:43.535 D/AutofillUI( 1920): destroySaveUiUiThread(): already destroyed
06-22 13:59:43.535 D/SystemServerTiming( 1920): StartAutoFillService took to complete: 3ms
06-22 13:59:43.535 I/SystemServer( 1920): StartClipboardService
06-22 13:59:43.535 I/SystemServiceManager( 1920): Starting com.android.server.clipboard.ClipboardService
06-22 13:59:43.537 D/SystemServerTiming( 1920): StartClipboardService took to complete: 1ms
06-22 13:59:43.537 I/SystemServer( 1920): AppServiceManager
06-22 13:59:43.537 I/SystemServiceManager( 1920): Starting com.android.server.appbinding.AppBindingService$Lifecycle
06-22 13:59:43.537 D/SystemServerTiming( 1920): AppServiceManager took to complete: 1ms
06-22 13:59:43.537 I/SystemServer( 1920): MakeVibratorServiceReady
06-22 13:59:43.538 D/SystemServerTiming( 1920): MakeVibratorServiceReady took to complete: 1ms
06-22 13:59:43.538 I/SystemServer( 1920): MakeLockSettingsServiceReady
06-22 13:59:43.554 I/LockSettingsService( 1920): Migrated lock settings to new location
06-22 13:59:43.556 I/LockSettingsService( 1920): Migrated per-user lock settings to new location
06-22 13:59:43.561 I/LockSettingsService( 1920): Migrated biometric weak to use the fallback instead
06-22 13:59:43.563 I/LockSettingsService( 1920): Migrated lockscreen disabled flag
06-22 13:59:43.564 I/hwservicemanager( 1568): getTransport: Cannot find entry android.hardware.weaver@1.0::IWeaver/default in either framework or device manifest.
06-22 13:59:43.565 I/SyntheticPasswordManager( 1920): Device does not support weaver
06-22 13:59:43.565 I/hwservicemanager( 1568): getTransport: Cannot find entry android.hardware.authsecret@1.0::IAuthSecret/default in either framework or device manifest.
06-22 13:59:43.565 I/LockSettingsService( 1920): Device doesn't implement AuthSecret HAL
06-22 13:59:43.566 E/LockSettingsStorage( 1920): Cannot read file java.io.FileNotFoundException: /data/system/gatekeeper.password.key: open failed: ENOENT (No such file or directory)
06-22 13:59:43.566 E/LockSettingsStorage( 1920): Cannot read file java.io.FileNotFoundException: /data/system/password.key: open failed: ENOENT (No such file or directory)
06-22 13:59:43.566 E/LockSettingsStorage( 1920): Cannot read file java.io.FileNotFoundException: /data/system/gatekeeper.pattern.key: open failed: ENOENT (No such file or directory)
06-22 13:59:43.566 E/LockSettingsStorage( 1920): Cannot read file java.io.FileNotFoundException: /data/system/gatekeeper.gesture.key: open failed: ENOENT (No such file or directory)
06-22 13:59:43.566 E/LockSettingsStorage( 1920): Cannot read file java.io.FileNotFoundException: /data/system/gesture.key: open failed: ENOENT (No such file or directory)
06-22 13:59:43.566 D/SystemServerTiming( 1920): MakeLockSettingsServiceReady took to complete: 28ms
06-22 13:59:43.566 I/SystemServer( 1920): StartBootPhaseLockSettingsReady
06-22 13:59:43.566 I/SystemServiceManager( 1920): Starting phase 480
06-22 13:59:43.570 D/SystemServerInitThreadPool( 1920): Started executing DevicePolicyManager
06-22 13:59:43.570 D/SystemServerInitThreadPool( 1920): Finished executing DevicePolicyManager
06-22 13:59:43.572 D/SystemServerTiming( 1920): StartBootPhaseLockSettingsReady took to complete: 6ms
06-22 13:59:43.572 I/SystemServer( 1920): StartBootPhaseSystemServicesReady
06-22 13:59:43.572 I/SystemServiceManager( 1920): Starting phase 500
06-22 13:59:43.573 D/AppStandbyController( 1920): Setting app idle enabled state
06-22 13:59:43.574 D/AppStandbyController( 1920): Initializing defaults for system apps on user 0, appIdleEnabled=true
06-22 13:59:43.575 E/AppIdleHistory( 1920): Unable to read app idle file for user 0
06-22 13:59:43.582 D/TestHarnessModeService( 1920): Setting up test harness mode
06-22 13:59:43.582 D/TestHarnessModeService( 1920): Getting PersistentDataBlockManagerInternal from LocalServices
06-22 13:59:43.582 E/TestHarnessModeService( 1920): Failed to start Test Harness Mode; no implementation of PersistentDataBlockManagerInternal was bound!
06-22 13:59:43.583 I/WifiService( 1920): WifiService starting up with Wi-Fi enabled
06-22 13:59:43.586 I/android_os_HwBinder( 1920): HwBinder: Starting thread pool for getting: android.hidl.manager@1.2::IServiceManager/default
06-22 13:59:43.586 D/HalDevMgr( 1920): IWifi registration notification: fqName=android.hardware.wifi@1.0::IWifi, name=default, preexisting=true
06-22 13:59:43.586 I/android_os_HwBinder( 1920): HwBinder: Starting thread pool for getting: android.hardware.wifi@1.0::IWifi/default
06-22 13:59:43.588 D/WificondControl( 1920): tearing down interfaces in wificond
06-22 13:59:43.595 D/WifiController( 1920): isAirplaneModeOn = false, isWifiEnabled = true, isScanningAvailable = true, isLocationModeActive = true
06-22 13:59:43.596 I/WifiService( 1920): setWifiEnabled package=android uid=1000 enable=true
06-22 13:59:43.596 I/WifiScanningService( 1920): Starting wifiscanner
06-22 13:59:43.604 D/PermissionCache( 1730): checking android.permission.CAPTURE_AUDIO_HOTWORD for uid=1000 => granted (42 us)
06-22 13:59:43.604 W/SoundTriggerHelper( 1920): listModules status=0, # of modules=0
06-22 13:59:43.604 D/ContextHubSystemService( 1920): onBootPhase: PHASE_SYSTEM_SERVICES_READY
06-22 13:59:43.605 D/SystemServerTiming( 1920): StartBootPhaseSystemServicesReady took to complete: 33ms
06-22 13:59:43.605 I/SystemServer( 1920): MakeWindowManagerServiceReady
06-22 13:59:43.606 I/android_os_HwBinder( 1920): HwBinder: Starting thread pool for getting: android.hardware.configstore@1.0::ISurfaceFlingerConfigs/default
06-22 13:59:43.607 D/SystemServerTiming( 1920): MakeWindowManagerServiceReady took to complete: 2ms
06-22 13:59:43.607 I/android_os_HwBinder( 1920): HwBinder: Starting thread pool for getting: android.hardware.configstore@1.0::ISurfaceFlingerConfigs/default
06-22 13:59:43.607 W/InputReader( 1920): Device has associated, but no associated display id.
06-22 13:59:43.607 I/SystemServer( 1920): MakePowerManagerServiceReady
06-22 13:59:43.609 E/DisplayPowerController( 1920): failed to set up display white-balance: java.lang.IllegalStateException: cannot find sensor com.google.sensor.color
06-22 13:59:43.616 E/KernelCpuUidFreqTimeReader( 1920): Failed to read /proc/uid_time_in_state: java.nio.file.NoSuchFileException: /proc/uid_time_in_state
06-22 13:59:43.617 W/KernelCpuProcStringReader( 1920): File not found. It's normal if not implemented: /proc/uid_time_in_state
06-22 13:59:43.617 W/KernelCpuProcStringReader( 1920): File not found. It's normal if not implemented: /proc/uid_concurrent_active_time
06-22 13:59:43.617 W/KernelCpuProcStringReader( 1920): File not found. It's normal if not implemented: /proc/uid_concurrent_policy_time
06-22 13:59:43.619 W/KeyguardServiceDelegate( 1920): onScreenTurningOn(): no keyguard service!
06-22 13:59:43.619 V/DisplayPowerController( 1920): Brightness [102] reason changing to: 'override', previous reason: '0'.
06-22 13:59:43.624 D/SystemServerTiming( 1920): MakePowerManagerServiceReady took to complete: 16ms
06-22 13:59:43.624 I/SystemServer( 1920): MakePackageManagerServiceReady
06-22 13:59:43.607 I/chatty  ( 1920): uid=1000 system_server identical 8 lines
06-22 13:59:43.607 W/InputReader( 1920): Device has associated, but no associated display id.
06-22 13:59:43.624 I/DefaultPermGrantPolicy( 1920): Granting permissions to platform components for user 0
06-22 13:59:43.628 D/vold    ( 1575): Remounting 1001 as mode default
06-22 13:59:43.629 D/WifiController( 1920): WifiController msg { when=-33ms what=155656 target=com.android.internal.util.StateMachine$SmHandler } deferred for 500ms
06-22 13:59:43.629 D/vold    ( 1575): Found matching PID 1786
06-22 13:59:43.629 W/vold    ( 1575): Skipping due to root namespace
06-22 13:59:43.629 D/WifiActiveModeWarden( 1920): received a message in WifiDisabledState: { when=0 what=1 target=com.android.internal.util.StateMachine$SmHandler }
06-22 13:59:43.630 D/WifiActiveModeWarden( 1920): Switching from WifiDisabledState to ScanOnlyMode
06-22 13:59:43.630 D/WifiActiveModeWarden( 1920): Entering ScanOnlyModeActiveState
06-22 13:59:43.631 D/WifiScanOnlyModeManager( 1920): entering IdleState
06-22 13:59:43.631 D/vold    ( 1575): Remounting 1001 as mode default
06-22 13:59:43.632 D/vold    ( 1575): Found matching PID 1786
06-22 13:59:43.632 I/android.hardware.wifi@1.0-service( 1717): Wifi HAL started
06-22 13:59:43.632 W/vold    ( 1575): Skipping due to root namespace
06-22 13:59:43.632 I/WifiVendorHal( 1920): Vendor Hal started successfully
06-22 13:59:43.633 D/vold    ( 1575): Remounting 1001 as mode default
06-22 13:59:43.633 D/vold    ( 1575): Found matching PID 1786
06-22 13:59:43.633 W/vold    ( 1575): Skipping due to root namespace
06-22 13:59:43.633 D/vold    ( 1575): Remounting 1001 as mode default
06-22 13:59:43.634 D/vold    ( 1575): Found matching PID 1786
06-22 13:59:43.634 W/vold    ( 1575): Skipping due to root namespace
06-22 13:59:43.636 I/android.hardware.wifi@1.0-service( 1717): Adding interface handle for wlan0
06-22 13:59:43.636 W/android.hardware.wifi@1.0-service( 1717): No active wlan interfaces in use! Using default
06-22 13:59:43.636 E/android.hardware.wifi@1.0-service( 1717): Failed to register radio mode change callback
06-22 13:59:43.636 W/android.hardware.wifi@1.0-service( 1717): No active wlan interfaces in use! Using default
06-22 13:59:43.641 D/vold    ( 1575): Remounting 1027 as mode default
06-22 13:59:43.642 I/chatty  ( 1575): uid=0(root) Binder:1575_2 identical 2 lines
06-22 13:59:43.642 D/vold    ( 1575): Remounting 1027 as mode default
06-22 13:59:43.648 D/vold    ( 1575): Remounting 1000 as mode full
06-22 13:59:43.648 D/vold    ( 1575): Found matching PID 1567
06-22 13:59:43.648 W/vold    ( 1575): Skipping due to root namespace
06-22 13:59:43.648 D/vold    ( 1575): Found matching PID 1568
06-22 13:59:43.648 W/vold    ( 1575): Skipping due to root namespace
06-22 13:59:43.648 D/vold    ( 1575): Found matching PID 1569
06-22 13:59:43.648 W/vold    ( 1575): Skipping due to root namespace
06-22 13:59:43.648 D/vold    ( 1575): Found matching PID 1669
06-22 13:59:43.648 W/vold    ( 1575): Skipping due to root namespace
06-22 13:59:43.648 D/vold    ( 1575): Found matching PID 1670
06-22 13:59:43.648 W/vold    ( 1575): Skipping due to root namespace
06-22 13:59:43.648 D/vold    ( 1575): Found matching PID 1688
06-22 13:59:43.648 W/vold    ( 1575): Skipping due to root namespace
06-22 13:59:43.648 D/vold    ( 1575): Found matching PID 1696
06-22 13:59:43.648 W/vold    ( 1575): Skipping due to root namespace
06-22 13:59:43.648 D/vold    ( 1575): Found matching PID 1699
06-22 13:59:43.649 W/vold    ( 1575): Skipping due to root namespace
06-22 13:59:43.649 D/vold    ( 1575): Found matching PID 1701
06-22 13:59:43.649 W/vold    ( 1575): Skipping due to root namespace
06-22 13:59:43.649 D/vold    ( 1575): Found matching PID 1702
06-22 13:59:43.649 W/vold    ( 1575): Skipping due to root namespace
06-22 13:59:43.649 D/vold    ( 1575): Found matching PID 1705
06-22 13:59:43.649 W/vold    ( 1575): Skipping due to root namespace
06-22 13:59:43.649 D/vold    ( 1575): Found matching PID 1707
06-22 13:59:43.649 W/vold    ( 1575): Skipping due to root namespace
06-22 13:59:43.649 D/vold    ( 1575): Found matching PID 1715
06-22 13:59:43.649 W/vold    ( 1575): Skipping due to root namespace
06-22 13:59:43.649 D/vold    ( 1575): Found matching PID 1738
06-22 13:59:43.649 W/vold    ( 1575): Skipping due to root namespace
06-22 13:59:43.649 D/vold    ( 1575): Found matching PID 1764
06-22 13:59:43.649 W/vold    ( 1575): Skipping due to root namespace
06-22 13:59:43.649 D/vold    ( 1575): Found matching PID 1790
06-22 13:59:43.649 W/vold    ( 1575): Skipping due to root namespace
06-22 13:59:43.649 D/vold    ( 1575): Found matching PID 1799
06-22 13:59:43.649 W/vold    ( 1575): Skipping due to root namespace
06-22 13:59:43.649 D/vold    ( 1575): Found matching PID 1920
06-22 13:59:43.652 W/libc    ( 1717): Unable to set property "vendor.wlan.firmware.version" to "1.0": error code: 0x18
06-22 13:59:43.666 W/libc    ( 1717): Unable to set property "vendor.wlan.driver.version" to "1.0": error code: 0x18
06-22 13:59:43.666 I/android.hardware.wifi@1.0-service( 1717): Configured chip in mode 0
06-22 13:59:43.666 W/android.hardware.wifi@1.0-service( 1717): No active wlan interfaces in use! Using default
06-22 13:59:43.667 D/HalDevMgr( 1920): updateRttController: no one is interested in RTT controllers
06-22 13:59:43.668 E/android.hardware.wifi@1.0-service( 1717): Failed to set DFS flag; DFS channels may be unavailable.
06-22 13:59:43.671 I/AccountsDb( 1920): Creating DE database for user 0
06-22 13:59:43.671 I/WifiP2pNative( 1920): Registering for interface available listener
06-22 13:59:43.672 D/WifiP2pNative( 1920): P2P InterfaceAvailableListener true
06-22 13:59:43.672 D/WifiP2pService( 1920): Wifi enabled=false, P2P Interface availability=true, Number of clients=0
06-22 13:59:43.672 D/WifiP2pService( 1920): Wifi enabled=false, P2P Interface availability=true
06-22 13:59:43.674 D/WificondControl( 1920): Setting up interface for client mode
06-22 13:59:43.675 I/wificond( 1784): create scanner for interface with index: 3
06-22 13:59:43.675 I/wificond( 1784): subscribe scan result for interface with index: 3
06-22 13:59:43.676 I/hwservicemanager( 1568): getTransport: Cannot find entry android.hardware.wifi.offload@1.0::IOffload/default in either framework or device manifest.
06-22 13:59:43.676 E/wificond( 1784): No Offload Service available
06-22 13:59:43.676 I/wificond( 1784): Offload HAL not supported 
06-22 13:59:43.678 I/netd    ( 1664): interfaceGetCfg("wlan0") <0.15ms>
06-22 13:59:43.679 I/WifiNative( 1920): Interface state changed on Iface:{Name=wlan0,Id=0,Type=STA_SCAN}, isUp=true
06-22 13:59:43.679 I/WifiNative( 1920): Successfully setup Iface:{Name=wlan0,Id=0,Type=STA_SCAN}
06-22 13:59:43.679 E/SupplicantStaIfaceHal( 1920): checkHalVersionByInterfaceName: called but mServiceManager is null
06-22 13:59:43.679 E/SupplicantStaIfaceHal( 1920): Method getKeyMgmtCapabilities is not supported in existing HAL
06-22 13:59:43.681 D/WifiScanOnlyModeManager( 1920): entering StartedState
06-22 13:59:43.682 I/netd    ( 1664): interfaceGetCfg("wlan0") <0.20ms>
06-22 13:59:43.682 D/WifiScanOnlyModeManager( 1920): Wifi is ready to use for scanning
06-22 13:59:43.682 D/WakeupController( 1920): start()
06-22 13:59:43.683 D/WakeupController( 1920): Setting active to true
06-22 13:59:43.683 E/WifiConfigManager( 1920): Cannot save to store before store is read!
06-22 13:59:43.683 D/WifiActiveModeWarden( 1920): scan mode active
06-22 13:59:43.683 D/WifiScanRequestProxy( 1920): Sending scan available broadcast: true
06-22 13:59:43.683 I/WifiScanRequestProxy( 1920): Scanning is enabled
06-22 13:59:43.684 I/WifiScanRequestProxy( 1920): Scanning for hidden networks is disabled
06-22 13:59:43.684 E/WifiNative( 1920): Could not get Iface object for interface null
06-22 13:59:43.685 E/WifiNative( 1920): Could not get Iface object for interface null
06-22 13:59:43.686 E/WifiVendorHal( 1920): getBgScanCapabilities(l.630) failed {.code = ERROR_NOT_SUPPORTED, .description = }
06-22 13:59:43.689 I/WifiScanningService( 1920): wifi driver loaded with scan capabilities: max buckets=16
06-22 13:59:43.690 D/vold    ( 1575): Remounting 1000 as mode full
06-22 13:59:43.690 D/vold    ( 1575): Found matching PID 1567
06-22 13:59:43.691 W/vold    ( 1575): Skipping due to root namespace
06-22 13:59:43.691 D/vold    ( 1575): Found matching PID 1568
06-22 13:59:43.691 W/vold    ( 1575): Skipping due to root namespace
06-22 13:59:43.691 D/vold    ( 1575): Found matching PID 1569
06-22 13:59:43.691 W/vold    ( 1575): Skipping due to root namespace
06-22 13:59:43.691 D/vold    ( 1575): Found matching PID 1669
06-22 13:59:43.691 W/vold    ( 1575): Skipping due to root namespace
06-22 13:59:43.691 D/vold    ( 1575): Found matching PID 1670
06-22 13:59:43.691 W/vold    ( 1575): Skipping due to root namespace
06-22 13:59:43.691 D/vold    ( 1575): Found matching PID 1688
06-22 13:59:43.691 W/vold    ( 1575): Skipping due to root namespace
06-22 13:59:43.691 D/vold    ( 1575): Found matching PID 1696
06-22 13:59:43.691 W/vold    ( 1575): Skipping due to root namespace
06-22 13:59:43.691 D/vold    ( 1575): Found matching PID 1699
06-22 13:59:43.691 W/vold    ( 1575): Skipping due to root namespace
06-22 13:59:43.691 D/vold    ( 1575): Found matching PID 1701
06-22 13:59:43.691 W/vold    ( 1575): Skipping due to root namespace
06-22 13:59:43.691 D/vold    ( 1575): Found matching PID 1702
06-22 13:59:43.691 W/vold    ( 1575): Skipping due to root namespace
06-22 13:59:43.691 D/vold    ( 1575): Found matching PID 1705
06-22 13:59:43.691 W/vold    ( 1575): Skipping due to root namespace
06-22 13:59:43.691 D/vold    ( 1575): Found matching PID 1707
06-22 13:59:43.691 W/vold    ( 1575): Skipping due to root namespace
06-22 13:59:43.691 D/vold    ( 1575): Found matching PID 1715
06-22 13:59:43.691 W/vold    ( 1575): Skipping due to root namespace
06-22 13:59:43.691 D/vold    ( 1575): Found matching PID 1738
06-22 13:59:43.691 W/vold    ( 1575): Skipping due to root namespace
06-22 13:59:43.692 D/vold    ( 1575): Found matching PID 1764
06-22 13:59:43.692 W/vold    ( 1575): Skipping due to root namespace
06-22 13:59:43.692 D/vold    ( 1575): Found matching PID 1790
06-22 13:59:43.692 W/vold    ( 1575): Skipping due to root namespace
06-22 13:59:43.692 D/vold    ( 1575): Found matching PID 1799
06-22 13:59:43.692 W/vold    ( 1575): Skipping due to root namespace
06-22 13:59:43.692 D/vold    ( 1575): Found matching PID 1920
06-22 13:59:43.702 I/DropBoxManagerService( 1920): add tag=system_server_strictmode isTagEnabled=true flags=0x2
06-22 13:59:43.712 I/chatty  ( 1920): uid=1000(system) android.io identical 8 lines
06-22 13:59:43.713 I/DropBoxManagerService( 1920): add tag=system_server_strictmode isTagEnabled=true flags=0x2
06-22 13:59:43.724 D/vold    ( 1575): Remounting 1000 as mode full
06-22 13:59:43.724 D/vold    ( 1575): Found matching PID 1567
06-22 13:59:43.724 W/vold    ( 1575): Skipping due to root namespace
06-22 13:59:43.724 D/vold    ( 1575): Found matching PID 1568
06-22 13:59:43.724 W/vold    ( 1575): Skipping due to root namespace
06-22 13:59:43.724 D/vold    ( 1575): Found matching PID 1569
06-22 13:59:43.724 W/vold    ( 1575): Skipping due to root namespace
06-22 13:59:43.724 D/vold    ( 1575): Found matching PID 1669
06-22 13:59:43.724 W/vold    ( 1575): Skipping due to root namespace
06-22 13:59:43.724 D/vold    ( 1575): Found matching PID 1670
06-22 13:59:43.724 W/vold    ( 1575): Skipping due to root namespace
06-22 13:59:43.724 D/vold    ( 1575): Found matching PID 1688
06-22 13:59:43.724 W/vold    ( 1575): Skipping due to root namespace
06-22 13:59:43.724 D/vold    ( 1575): Found matching PID 1696
06-22 13:59:43.724 W/vold    ( 1575): Skipping due to root namespace
06-22 13:59:43.724 D/vold    ( 1575): Found matching PID 1699
06-22 13:59:43.724 W/vold    ( 1575): Skipping due to root namespace
06-22 13:59:43.724 D/vold    ( 1575): Found matching PID 1701
06-22 13:59:43.725 W/vold    ( 1575): Skipping due to root namespace
06-22 13:59:43.725 D/vold    ( 1575): Found matching PID 1702
06-22 13:59:43.725 W/vold    ( 1575): Skipping due to root namespace
06-22 13:59:43.725 D/vold    ( 1575): Found matching PID 1705
06-22 13:59:43.725 W/vold    ( 1575): Skipping due to root namespace
06-22 13:59:43.725 D/vold    ( 1575): Found matching PID 1707
06-22 13:59:43.725 W/vold    ( 1575): Skipping due to root namespace
06-22 13:59:43.725 D/vold    ( 1575): Found matching PID 1715
06-22 13:59:43.725 W/vold    ( 1575): Skipping due to root namespace
06-22 13:59:43.725 D/vold    ( 1575): Found matching PID 1738
06-22 13:59:43.725 W/vold    ( 1575): Skipping due to root namespace
06-22 13:59:43.725 D/vold    ( 1575): Found matching PID 1764
06-22 13:59:43.725 W/vold    ( 1575): Skipping due to root namespace
06-22 13:59:43.725 D/vold    ( 1575): Found matching PID 1790
06-22 13:59:43.725 W/vold    ( 1575): Skipping due to root namespace
06-22 13:59:43.725 D/vold    ( 1575): Found matching PID 1799
06-22 13:59:43.725 W/vold    ( 1575): Skipping due to root namespace
06-22 13:59:43.725 D/vold    ( 1575): Found matching PID 1920
06-22 13:59:43.760 D/vold    ( 1575): Remounting 1000 as mode full
06-22 13:59:43.760 D/vold    ( 1575): Found matching PID 1567
06-22 13:59:43.760 W/vold    ( 1575): Skipping due to root namespace
06-22 13:59:43.760 D/vold    ( 1575): Found matching PID 1568
06-22 13:59:43.760 W/vold    ( 1575): Skipping due to root namespace
06-22 13:59:43.760 D/vold    ( 1575): Found matching PID 1569
06-22 13:59:43.760 W/vold    ( 1575): Skipping due to root namespace
06-22 13:59:43.760 D/vold    ( 1575): Found matching PID 1669
06-22 13:59:43.760 W/vold    ( 1575): Skipping due to root namespace
06-22 13:59:43.760 D/vold    ( 1575): Found matching PID 1670
06-22 13:59:43.760 W/vold    ( 1575): Skipping due to root namespace
06-22 13:59:43.760 D/vold    ( 1575): Found matching PID 1688
06-22 13:59:43.760 W/vold    ( 1575): Skipping due to root namespace
06-22 13:59:43.760 D/vold    ( 1575): Found matching PID 1696
06-22 13:59:43.760 W/vold    ( 1575): Skipping due to root namespace
06-22 13:59:43.760 D/vold    ( 1575): Found matching PID 1699
06-22 13:59:43.760 W/vold    ( 1575): Skipping due to root namespace
06-22 13:59:43.760 D/vold    ( 1575): Found matching PID 1701
06-22 13:59:43.760 W/vold    ( 1575): Skipping due to root namespace
06-22 13:59:43.760 D/vold    ( 1575): Found matching PID 1702
06-22 13:59:43.761 W/vold    ( 1575): Skipping due to root namespace
06-22 13:59:43.761 D/vold    ( 1575): Found matching PID 1705
06-22 13:59:43.761 W/vold    ( 1575): Skipping due to root namespace
06-22 13:59:43.761 D/vold    ( 1575): Found matching PID 1707
06-22 13:59:43.761 W/vold    ( 1575): Skipping due to root namespace
06-22 13:59:43.761 D/vold    ( 1575): Found matching PID 1715
06-22 13:59:43.761 W/vold    ( 1575): Skipping due to root namespace
06-22 13:59:43.761 D/vold    ( 1575): Found matching PID 1738
06-22 13:59:43.761 W/vold    ( 1575): Skipping due to root namespace
06-22 13:59:43.761 D/vold    ( 1575): Found matching PID 1764
06-22 13:59:43.761 W/vold    ( 1575): Skipping due to root namespace
06-22 13:59:43.761 D/vold    ( 1575): Found matching PID 1790
06-22 13:59:43.761 W/vold    ( 1575): Skipping due to root namespace
06-22 13:59:43.761 D/vold    ( 1575): Found matching PID 1799
06-22 13:59:43.761 W/vold    ( 1575): Skipping due to root namespace
06-22 13:59:43.761 D/vold    ( 1575): Found matching PID 1920
06-22 13:59:43.809 D/vold    ( 1575): Remounting 2000 as mode default
06-22 13:59:43.810 D/vold    ( 1575): Found matching PID 1748
06-22 13:59:43.810 W/vold    ( 1575): Skipping due to root namespace
06-22 13:59:43.810 D/vold    ( 1575): Found matching PID 1752
06-22 13:59:43.810 W/vold    ( 1575): Skipping due to root namespace
06-22 13:59:43.811 D/vold    ( 1575): Remounting 2000 as mode default
06-22 13:59:43.811 D/vold    ( 1575): Found matching PID 1748
06-22 13:59:43.811 W/vold    ( 1575): Skipping due to root namespace
06-22 13:59:43.811 D/vold    ( 1575): Found matching PID 1752
06-22 13:59:43.811 W/vold    ( 1575): Skipping due to root namespace
06-22 13:59:43.812 D/vold    ( 1575): Remounting 2000 as mode full
06-22 13:59:43.812 D/vold    ( 1575): Found matching PID 1748
06-22 13:59:43.812 W/vold    ( 1575): Skipping due to root namespace
06-22 13:59:43.812 D/vold    ( 1575): Found matching PID 1752
06-22 13:59:43.812 W/vold    ( 1575): Skipping due to root namespace
06-22 13:59:43.812 D/vold    ( 1575): Remounting 2000 as mode full
06-22 13:59:43.813 D/vold    ( 1575): Found matching PID 1748
06-22 13:59:43.813 W/vold    ( 1575): Skipping due to root namespace
06-22 13:59:43.813 D/vold    ( 1575): Found matching PID 1752
06-22 13:59:43.813 W/vold    ( 1575): Skipping due to root namespace
06-22 13:59:43.815 D/vold    ( 1575): Remounting 10115 as mode default
06-22 13:59:43.815 D/vold    ( 1575): Remounting 10115 as mode default
06-22 13:59:43.820 D/vold    ( 1575): Remounting 1002 as mode default
06-22 13:59:43.826 I/DefaultPermGrantPolicy( 1920): Granting permissions to default platform handlers for user 0
06-22 13:59:43.821 I/chatty  ( 1575): uid=0(root) Binder:1575_4 identical 2 lines
06-22 13:59:43.822 D/vold    ( 1575): Remounting 1002 as mode default
06-22 13:59:43.831 I/SyncManager( 1920): No initial accounts
06-22 13:59:43.831 I/SyncManager( 1920): No initial status
06-22 13:59:43.831 I/SyncManager( 1920): No initial statistics
06-22 13:59:43.855 D/vold    ( 1575): Remounting 10135 as mode default
06-22 13:59:43.857 I/chatty  ( 1575): uid=0(root) Binder:1575_4 identical 2 lines
06-22 13:59:43.857 D/vold    ( 1575): Remounting 10135 as mode default
06-22 13:59:43.858 D/vold    ( 1575): Remounting 10057 as mode full
06-22 13:59:43.860 I/chatty  ( 1575): uid=0(root) Binder:1575_4 identical 2 lines
06-22 13:59:43.860 D/vold    ( 1575): Remounting 10057 as mode full
06-22 13:59:43.861 D/vold    ( 1575): Remounting 10071 as mode default
06-22 13:59:43.862 D/vold    ( 1575): Remounting 10071 as mode default
06-22 13:59:43.863 D/vold    ( 1575): Remounting 10071 as mode full
06-22 13:59:43.864 D/vold    ( 1575): Remounting 10071 as mode full
06-22 13:59:43.875 D/vold    ( 1575): Remounting 10132 as mode default
06-22 13:59:43.877 I/chatty  ( 1575): uid=0(root) Binder:1575_4 identical 2 lines
06-22 13:59:43.878 D/vold    ( 1575): Remounting 10132 as mode default
06-22 13:59:43.884 D/vold    ( 1575): Remounting 10061 as mode default
06-22 13:59:43.885 I/chatty  ( 1575): uid=0(root) Binder:1575_4 identical 2 lines
06-22 13:59:43.886 D/vold    ( 1575): Remounting 10061 as mode default
06-22 13:59:43.895 D/vold    ( 1575): Remounting 10144 as mode default
06-22 13:59:43.895 D/vold    ( 1575): Remounting 10144 as mode default
06-22 13:59:43.896 D/vold    ( 1575): Remounting 10144 as mode default
06-22 13:59:43.897 D/vold    ( 1575): Remounting 10144 as mode default
06-22 13:59:43.921 D/vold    ( 1575): Remounting 10119 as mode default
06-22 13:59:43.921 D/vold    ( 1575): Remounting 10119 as mode default
06-22 13:59:43.922 D/vold    ( 1575): Remounting 10119 as mode default
06-22 13:59:43.923 D/vold    ( 1575): Remounting 10119 as mode default
06-22 13:59:43.926 E/DefaultPermGrantPolicy( 1920): PackageNot found: com.google.android.gms.location.history
06-22 13:59:43.926 E/DefaultPermGrantPolicy( 1920): android.content.pm.PackageManager$NameNotFoundException: com.google.android.gms.location.history
06-22 13:59:43.926 E/DefaultPermGrantPolicy( 1920): 	at android.app.ApplicationPackageManager.getPackageInfoAsUser(ApplicationPackageManager.java:190)
06-22 13:59:43.926 E/DefaultPermGrantPolicy( 1920): 	at android.app.ApplicationPackageManager.getPackageInfo(ApplicationPackageManager.java:159)
06-22 13:59:43.926 E/DefaultPermGrantPolicy( 1920): 	at com.android.server.pm.permission.DefaultPermissionGrantPolicy.getPackageInfo(DefaultPermissionGrantPolicy.java:1302)
06-22 13:59:43.926 E/DefaultPermGrantPolicy( 1920): 	at com.android.server.pm.permission.DefaultPermissionGrantPolicy.getPackageInfo(DefaultPermissionGrantPolicy.java:1293)
06-22 13:59:43.926 E/DefaultPermGrantPolicy( 1920): 	at com.android.server.pm.permission.DefaultPermissionGrantPolicy.isSystemPackage(DefaultPermissionGrantPolicy.java:962)
06-22 13:59:43.926 E/DefaultPermGrantPolicy( 1920): 	at com.android.server.pm.permission.DefaultPermissionGrantPolicy.grantPermissionsToSystemPackage(DefaultPermissionGrantPolicy.java:363)
06-22 13:59:43.926 E/DefaultPermGrantPolicy( 1920): 	at com.android.server.pm.permission.DefaultPermissionGrantPolicy.grantPermissionsToSystemPackage(DefaultPermissionGrantPolicy.java:356)
06-22 13:59:43.926 E/DefaultPermGrantPolicy( 1920): 	at com.android.server.pm.permission.DefaultPermissionGrantPolicy.grantDefaultSystemHandlerPermissions(DefaultPermissionGrantPolicy.java:647)
06-22 13:59:43.926 E/DefaultPermGrantPolicy( 1920): 	at com.android.server.pm.permission.DefaultPermissionGrantPolicy.grantDefaultPermissions(DefaultPermissionGrantPolicy.java:295)
06-22 13:59:43.926 E/DefaultPermGrantPolicy( 1920): 	at com.android.server.pm.PackageManagerService.systemReady(PackageManagerService.java:21619)
06-22 13:59:43.926 E/DefaultPermGrantPolicy( 1920): 	at com.android.server.SystemServer.startOtherServices(SystemServer.java:1977)
06-22 13:59:43.926 E/DefaultPermGrantPolicy( 1920): 	at com.android.server.SystemServer.run(SystemServer.java:512)
06-22 13:59:43.926 E/DefaultPermGrantPolicy( 1920): 	at com.android.server.SystemServer.main(SystemServer.java:349)
06-22 13:59:43.926 E/DefaultPermGrantPolicy( 1920): 	at java.lang.reflect.Method.invoke(Native Method)
06-22 13:59:43.926 E/DefaultPermGrantPolicy( 1920): 	at com.android.internal.os.RuntimeInit$MethodAndArgsCaller.run(RuntimeInit.java:492)
06-22 13:59:43.926 E/DefaultPermGrantPolicy( 1920): 	at com.android.internal.os.ZygoteInit.main(ZygoteInit.java:908)
06-22 13:59:43.927 D/vold    ( 1575): Remounting 10140 as mode default
06-22 13:59:43.928 D/vold    ( 1575): Remounting 10140 as mode default
06-22 13:59:43.929 D/vold    ( 1575): Remounting 10140 as mode default
06-22 13:59:43.929 D/vold    ( 1575): Remounting 10140 as mode default
06-22 13:59:43.933 D/vold    ( 1575): Remounting 10117 as mode default
06-22 13:59:43.935 I/chatty  ( 1575): uid=0(root) Binder:1575_3 identical 2 lines
06-22 13:59:43.935 D/vold    ( 1575): Remounting 10117 as mode default
06-22 13:59:43.937 D/vold    ( 1575): Remounting 10127 as mode default
06-22 13:59:43.939 I/chatty  ( 1575): uid=0(root) Binder:1575_3 identical 2 lines
06-22 13:59:43.940 D/vold    ( 1575): Remounting 10127 as mode default
06-22 13:59:43.940 E/DefaultPermGrantPolicy( 1920): PackageNot found: com.google.android.as
06-22 13:59:43.940 E/DefaultPermGrantPolicy( 1920): android.content.pm.PackageManager$NameNotFoundException: com.google.android.as
06-22 13:59:43.940 E/DefaultPermGrantPolicy( 1920): 	at android.app.ApplicationPackageManager.getPackageInfoAsUser(ApplicationPackageManager.java:190)
06-22 13:59:43.940 E/DefaultPermGrantPolicy( 1920): 	at android.app.ApplicationPackageManager.getPackageInfo(ApplicationPackageManager.java:159)
06-22 13:59:43.940 E/DefaultPermGrantPolicy( 1920): 	at com.android.server.pm.permission.DefaultPermissionGrantPolicy.getPackageInfo(DefaultPermissionGrantPolicy.java:1302)
06-22 13:59:43.940 E/DefaultPermGrantPolicy( 1920): 	at com.android.server.pm.permission.DefaultPermissionGrantPolicy.getPackageInfo(DefaultPermissionGrantPolicy.java:1293)
06-22 13:59:43.940 E/DefaultPermGrantPolicy( 1920): 	at com.android.server.pm.permission.DefaultPermissionGrantPolicy.isSystemPackage(DefaultPermissionGrantPolicy.java:962)
06-22 13:59:43.940 E/DefaultPermGrantPolicy( 1920): 	at com.android.server.pm.permission.DefaultPermissionGrantPolicy.grantPermissionsToSystemPackage(DefaultPermissionGrantPolicy.java:363)
06-22 13:59:43.940 E/DefaultPermGrantPolicy( 1920): 	at com.android.server.pm.permission.DefaultPermissionGrantPolicy.grantPermissionsToSystemPackage(DefaultPermissionGrantPolicy.java:356)
06-22 13:59:43.940 E/DefaultPermGrantPolicy( 1920): 	at com.android.server.pm.permission.DefaultPermissionGrantPolicy.grantDefaultSystemHandlerPermissions(DefaultPermissionGrantPolicy.java:721)
06-22 13:59:43.940 E/DefaultPermGrantPolicy( 1920): 	at com.android.server.pm.permission.DefaultPermissionGrantPolicy.grantDefaultPermissions(DefaultPermissionGrantPolicy.java:295)
06-22 13:59:43.940 E/DefaultPermGrantPolicy( 1920): 	at com.android.server.pm.PackageManagerService.systemReady(PackageManagerService.java:21619)
06-22 13:59:43.940 E/DefaultPermGrantPolicy( 1920): 	at com.android.server.SystemServer.startOtherServices(SystemServer.java:1977)
06-22 13:59:43.940 E/DefaultPermGrantPolicy( 1920): 	at com.android.server.SystemServer.run(SystemServer.java:512)
06-22 13:59:43.940 E/DefaultPermGrantPolicy( 1920): 	at com.android.server.SystemServer.main(SystemServer.java:349)
06-22 13:59:43.940 E/DefaultPermGrantPolicy( 1920): 	at java.lang.reflect.Method.invoke(Native Method)
06-22 13:59:43.940 E/DefaultPermGrantPolicy( 1920): 	at com.android.internal.os.RuntimeInit$MethodAndArgsCaller.run(RuntimeInit.java:492)
06-22 13:59:43.940 E/DefaultPermGrantPolicy( 1920): 	at com.android.internal.os.ZygoteInit.main(ZygoteInit.java:908)
06-22 13:59:43.941 D/vold    ( 1575): Remounting 10067 as mode full
06-22 13:59:43.942 I/chatty  ( 1575): uid=0(root) Binder:1575_3 identical 2 lines
06-22 13:59:43.943 D/vold    ( 1575): Remounting 10067 as mode full
06-22 13:59:43.944 E/DefaultPermGrantPolicy( 1920): PackageNot found: com.google.android.as
06-22 13:59:43.944 E/DefaultPermGrantPolicy( 1920): android.content.pm.PackageManager$NameNotFoundException: com.google.android.as
06-22 13:59:43.944 E/DefaultPermGrantPolicy( 1920): 	at android.app.ApplicationPackageManager.getPackageInfoAsUser(ApplicationPackageManager.java:190)
06-22 13:59:43.944 E/DefaultPermGrantPolicy( 1920): 	at android.app.ApplicationPackageManager.getPackageInfo(ApplicationPackageManager.java:159)
06-22 13:59:43.944 E/DefaultPermGrantPolicy( 1920): 	at com.android.server.pm.permission.DefaultPermissionGrantPolicy.getPackageInfo(DefaultPermissionGrantPolicy.java:1302)
06-22 13:59:43.944 E/DefaultPermGrantPolicy( 1920): 	at com.android.server.pm.permission.DefaultPermissionGrantPolicy.getPackageInfo(DefaultPermissionGrantPolicy.java:1293)
06-22 13:59:43.944 E/DefaultPermGrantPolicy( 1920): 	at com.android.server.pm.permission.DefaultPermissionGrantPolicy.isSystemPackage(DefaultPermissionGrantPolicy.java:962)
06-22 13:59:43.944 E/DefaultPermGrantPolicy( 1920): 	at com.android.server.pm.permission.DefaultPermissionGrantPolicy.grantPermissionsToSystemPackage(DefaultPermissionGrantPolicy.java:363)
06-22 13:59:43.944 E/DefaultPermGrantPolicy( 1920): 	at com.android.server.pm.permission.DefaultPermissionGrantPolicy.grantPermissionsToSystemPackage(DefaultPermissionGrantPolicy.java:356)
06-22 13:59:43.944 E/DefaultPermGrantPolicy( 1920): 	at com.android.server.pm.permission.DefaultPermissionGrantPolicy.grantDefaultSystemHandlerPermissions(DefaultPermissionGrantPolicy.java:743)
06-22 13:59:43.944 E/DefaultPermGrantPolicy( 1920): 	at com.android.server.pm.permission.DefaultPermissionGrantPolicy.grantDefaultPermissions(DefaultPermissionGrantPolicy.java:295)
06-22 13:59:43.944 E/DefaultPermGrantPolicy( 1920): 	at com.android.server.pm.PackageManagerService.systemReady(PackageManagerService.java:21619)
06-22 13:59:43.944 E/DefaultPermGrantPolicy( 1920): 	at com.android.server.SystemServer.startOtherServices(SystemServer.java:1977)
06-22 13:59:43.944 E/DefaultPermGrantPolicy( 1920): 	at com.android.server.SystemServer.run(SystemServer.java:512)
06-22 13:59:43.944 E/DefaultPermGrantPolicy( 1920): 	at com.android.server.SystemServer.main(SystemServer.java:349)
06-22 13:59:43.944 E/DefaultPermGrantPolicy( 1920): 	at java.lang.reflect.Method.invoke(Native Method)
06-22 13:59:43.944 E/DefaultPermGrantPolicy( 1920): 	at com.android.internal.os.RuntimeInit$MethodAndArgsCaller.run(RuntimeInit.java:492)
06-22 13:59:43.944 E/DefaultPermGrantPolicy( 1920): 	at com.android.internal.os.ZygoteInit.main(ZygoteInit.java:908)
06-22 13:59:43.951 I/PackageManager( 1920): Un-granting permission android.permission.MANAGE_DOCUMENTS from package com.google.android.youtube (protectionLevel=262146 flags=0x30dbbe45)
06-22 13:59:43.952 I/PackageManager( 1920): Un-granting permission com.google.android.googleapps.permission.GOOGLE_AUTH from package com.android.providers.calendar (protectionLevel=2 flags=0x30883e45)
06-22 13:59:43.952 I/PackageManager( 1920): Un-granting permission com.google.android.googleapps.permission.GOOGLE_AUTH.cl from package com.android.providers.calendar (protectionLevel=2 flags=0x30883e45)
06-22 13:59:43.952 I/PackageManager( 1920): Un-granting permission android.permission.WRITE_SECURE_SETTINGS from package com.google.android.apps.enterprise.dmagent (protectionLevel=50 flags=0x30883e05)
06-22 13:59:43.952 I/PackageManager( 1920): Un-granting permission android.permission.CONNECTIVITY_INTERNAL from package com.google.android.apps.enterprise.dmagent (protectionLevel=18 flags=0x30883e05)
06-22 13:59:43.952 I/PackageManager( 1920): Un-granting permission android.permission.MANAGE_USB from package com.google.android.apps.enterprise.dmagent (protectionLevel=18 flags=0x30883e05)
06-22 13:59:43.952 I/PackageManager( 1920): Un-granting permission android.permission.CHANGE_COMPONENT_ENABLED_STATE from package com.google.android.apps.enterprise.dmagent (protectionLevel=18 flags=0x30883e05)
06-22 13:59:43.952 I/PackageManager( 1920): Un-granting permission android.permission.MANAGE_CA_CERTIFICATES from package com.google.android.apps.enterprise.dmagent (protectionLevel=18 flags=0x30883e05)
06-22 13:59:43.952 I/PackageManager( 1920): Un-granting permission android.permission.MANAGE_USERS from package com.google.android.apps.enterprise.dmagent (protectionLevel=18 flags=0x30883e05)
06-22 13:59:43.953 I/PackageManager( 1920): Un-granting permission com.google.android.setupwizard.READ_DEVICE_ORIGIN from package com.google.android.apps.messaging (protectionLevel=18 flags=0x38cbbe45)
06-22 13:59:43.953 I/PackageManager( 1920): Un-granting permission android.permission.BIND_WALLPAPER from package com.android.camera2 (protectionLevel=18 flags=0x20d8bc45)
06-22 13:59:43.953 I/PackageManager( 1920): Un-granting permission android.permission.REQUEST_INSTALL_PACKAGES from package com.google.android.gm (protectionLevel=66 flags=0x38cbbe45)
06-22 13:59:43.954 I/PackageManager( 1920): Un-granting permission android.permission.BIND_JOB_SERVICE from package com.google.android.music (protectionLevel=2 flags=0x38cbbe65)
06-22 13:59:43.954 I/PackageManager( 1920): Un-granting permission android.permission.CONNECTIVITY_USE_RESTRICTED_NETWORKS from package com.google.android.captiveportallogin (protectionLevel=18 flags=0x38c8be45)
06-22 13:59:43.954 I/PackageManager( 1920): Un-granting permission android.permission.NETWORK_BYPASS_PRIVATE_DNS from package com.google.android.captiveportallogin (protectionLevel=2 flags=0x38c8be45)
06-22 13:59:43.954 I/PackageManager( 1920): Un-granting permission android.permission.REQUEST_INSTALL_PACKAGES from package com.google.android.apps.docs (protectionLevel=66 flags=0x38cbbe45)
06-22 13:59:43.954 I/PackageManager( 1920): Un-granting permission android.permission.INTERACT_ACROSS_USERS from package com.google.android.syncadapters.contacts (protectionLevel=50 flags=0x20883e45)
06-22 13:59:43.955 I/PackageManager( 1920): Un-granting permission android.permission.REQUEST_INSTALL_PACKAGES from package com.android.chrome (protectionLevel=66 flags=0xa0cbbe45)
06-22 13:59:43.955 I/PackageManager( 1920): Un-granting permission com.google.android.apps.now.CURRENT_ACCOUNT_ACCESS from package com.android.chrome (protectionLevel=2 flags=0xa0cbbe45)
06-22 13:59:43.955 I/PackageManager( 1920): Un-granting permission android.permission.CAPTURE_VIDEO_OUTPUT from package com.google.android.gms (protectionLevel=2 flags=0xb0cabe45)
06-22 13:59:43.955 I/PackageManager( 1920): Un-granting permission android.permission.MANAGE_DEVICE_ADMINS from package com.google.android.gms (protectionLevel=2 flags=0xb0cabe45)
06-22 13:59:43.955 I/PackageManager( 1920): Un-granting permission android.permission.MANAGE_ACTIVITY_STACKS from package com.google.android.gms (protectionLevel=2 flags=0xb0cabe45)
06-22 13:59:43.955 I/PackageManager( 1920): Un-granting permission android.permission.CAPTURE_SECURE_VIDEO_OUTPUT from package com.google.android.gms (protectionLevel=2 flags=0xb0cabe45)
06-22 13:59:43.955 I/PackageManager( 1920): Un-granting permission android.permission.MANAGE_ROLLBACKS from package com.google.android.gms (protectionLevel=514 flags=0xb0cabe45)
06-22 13:59:43.956 I/PackageManager( 1920): Un-granting permission com.google.android.googleapps.permission.GOOGLE_AUTH from package com.google.android.videos (protectionLevel=2 flags=0x30dbbe45)
06-22 13:59:43.956 I/PackageManager( 1920): Un-granting permission android.permission.WRITE_MEDIA_STORAGE from package com.google.android.apps.photos (protectionLevel=18 flags=0x38d9be45)
06-22 13:59:43.960 V/UserDataPreparer( 1920): Found /data/user_de/0 with serial number -1
06-22 13:59:43.960 D/UserDataPreparer( 1920): Serial number missing on /data/user_de/0; assuming current is valid
06-22 13:59:43.960 V/UserDataPreparer( 1920): Found /data/user/0 with serial number -1
06-22 13:59:43.960 D/UserDataPreparer( 1920): Serial number missing on /data/user/0; assuming current is valid
06-22 13:59:43.960 V/UserDataPreparer( 1920): Found /data/system_de/0 with serial number -1
06-22 13:59:43.960 D/UserDataPreparer( 1920): Serial number missing on /data/system_de/0; assuming current is valid
06-22 13:59:43.961 D/SystemServerTiming( 1920): MakePackageManagerServiceReady took to complete: 337ms
06-22 13:59:43.961 I/SystemServer( 1920): MakeDisplayManagerServiceReady
06-22 13:59:43.964 D/SystemServerTiming( 1920): MakeDisplayManagerServiceReady took to complete: 2ms
06-22 13:59:43.964 I/SystemServer( 1920): StartDeviceSpecificServices
06-22 13:59:43.964 D/SystemServerTiming( 1920): StartDeviceSpecificServices took to complete: 0ms
06-22 13:59:43.964 I/SystemServer( 1920): StartBootPhaseDeviceSpecificServicesReady
06-22 13:59:43.964 I/SystemServiceManager( 1920): Starting phase 520
06-22 13:59:43.966 D/SystemServerTiming( 1920): StartBootPhaseDeviceSpecificServicesReady took to complete: 3ms
06-22 13:59:43.966 I/SystemServer( 1920): StartPermissionPolicyService
06-22 13:59:43.966 I/SystemServiceManager( 1920): Starting com.android.server.policy.PermissionPolicyService
06-22 13:59:43.967 D/SystemServerTiming( 1920): StartPermissionPolicyService took to complete: 1ms
06-22 13:59:43.968 W/UsageStatsService( 1920): Event reported without a package name, eventType:15
06-22 13:59:43.968 I/AppOps  ( 1920): Pruning old package system/com.android.server.appop.AppOpsService$UidState@2251c3c: new uid=-1
06-22 13:59:43.968 I/ActivityManager( 1920): System now ready
06-22 13:59:44.011 I/SystemServer( 1920): Making services ready
06-22 13:59:44.011 I/SystemServer( 1920): StartActivityManagerReadyPhase
06-22 13:59:44.011 I/SystemServiceManager( 1920): Starting phase 550
06-22 13:59:44.012 I/android_os_HwBinder( 1920): HwBinder: Starting thread pool for getting: android.hardware.thermal@2.0::IThermal/default
06-22 13:59:44.012 I/android.hardware.thermal@2.0-service-mock( 1715): A callback has been registered to ThermalHAL, isFilter: 0 Type: CPU
06-22 13:59:44.014 W/ActivityManager( 1920): Too early to start/bind service in system_server: Phase=550 ComponentInfo{com.android.server.telecom/com.android.server.telecom.components.TelecomService}
06-22 13:59:44.014 W/ActivityManager( 1920): Too early to start/bind service in system_server: Phase=550 ComponentInfo{com.android.server.telecom/com.android.server.telecom.components.TelecomService}
06-22 13:59:44.023 D/PackageManager( 1920): Instant App installer not found with android.intent.action.INSTALL_INSTANT_APP_PACKAGE
06-22 13:59:44.023 D/PackageManager( 1920): Clear ephemeral installer activity
06-22 13:59:44.023 D/PackageManager( 1920): Instant App installer not found with android.intent.action.INSTALL_INSTANT_APP_PACKAGE
06-22 13:59:44.023 D/PackageManager( 1920): Clear ephemeral installer activity
06-22 13:59:44.023 D/PackageManager( 1920): Instant App installer not found with android.intent.action.INSTALL_INSTANT_APP_PACKAGE
06-22 13:59:44.023 D/PackageManager( 1920): Clear ephemeral installer activity
06-22 13:59:44.027 D/StorageManagerService( 1920): Isolated storage local flag 0 and remote flag 0 resolved to true
06-22 13:59:44.032 D/Zygote  ( 1665): Forked child process 2062
06-22 13:59:44.033 I/LockSettingsService( 1920): Migrated migrated_frp.
06-22 13:59:44.035 I/WallpaperManagerService( 1920): No static wallpaper imagery; defaults will be shown
06-22 13:59:44.035 V/WallpaperManagerService( 1920): bindWallpaperComponentLocked: componentName=ComponentInfo{com.android.systemui/com.android.systemui.ImageWallpaper}
06-22 13:59:44.037 W/WallpaperManagerService( 1920): no current wallpaper -- first boot?
06-22 13:59:44.037 I/ActivityManager( 1920): Start proc 2062:com.google.android.gms.persistent/u0a119 for broadcast {com.google.android.gms/com.google.android.gms.chimera.GmsIntentOperationService$PersistentTrustedReceiver}
06-22 13:59:44.038 I/AppBindingService( 1920): Updating constants with: null
06-22 13:59:44.040 E/BluetoothAdapter( 1920): Bluetooth binder is null
06-22 13:59:44.041 E/BluetoothAdapter( 1920): Bluetooth binder is null
06-22 13:59:44.044 W/.gms.persisten( 2062): Unexpected CPU variant for X86 using defaults: x86_64
06-22 13:59:44.047 D/Zygote  ( 1665): Forked child process 2072
06-22 13:59:44.047 I/AudioFlinger( 1730): systemReady
06-22 13:59:44.054 W/ndroid.systemu( 2072): Unexpected CPU variant for X86 using defaults: x86_64
06-22 13:59:44.055 I/ActivityManager( 1920): Start proc 2072:com.android.systemui/u0a115 for service {com.android.systemui/com.android.systemui.ImageWallpaper}
06-22 13:59:44.057 D/StagefrightPluginLoader( 1776): CCodec is disabled.
06-22 13:59:44.057 D/StagefrightPluginLoader( 1776): Handle or CreateInputSurface symbol is null
06-22 13:59:44.057 D/MediaCodecList( 1776): Allowing all OMX codecs
06-22 13:59:44.057 D/StagefrightPluginLoader( 1776): Handle or CreateBuilder symbol is null
06-22 13:59:44.064 D/Zygote  ( 1665): Forked child process 2099
06-22 13:59:44.068 I/OMXClient( 1776): IOmx service obtained
06-22 13:59:44.069 I/OMXMaster( 1785): makeComponentInstance(OMX.google.aac.decoder) in android.hardwar process
06-22 13:59:44.071 W/ssioncontrolle( 2099): Unexpected CPU variant for X86 using defaults: x86_64
06-22 13:59:44.075 I/ActivityManager( 1920): Start proc 2099:com.google.android.permissioncontroller/u0a74 for service {com.google.android.permissioncontroller/com.android.packageinstaller.permission.service.PermissionControllerServiceImpl}
06-22 13:59:44.076 I/OMXClient( 1776): IOmx service obtained
06-22 13:59:44.076 I/OMXMaster( 1785): makeComponentInstance(OMX.google.amrnb.decoder) in android.hardwar process
06-22 13:59:44.076 I/.gms.persisten( 2062): The ClassLoaderContext is a special shared library.
06-22 13:59:44.079 I/OMXClient( 1776): IOmx service obtained
06-22 13:59:44.079 I/OMXMaster( 1785): makeComponentInstance(OMX.google.amrwb.decoder) in android.hardwar process
06-22 13:59:44.080 I/.gms.persisten( 2062): The ClassLoaderContext is a special shared library.
06-22 13:59:44.081 I/chatty  ( 2062): uid=10119 com.google.android.gms.persistent identical 1 line
06-22 13:59:44.082 I/.gms.persisten( 2062): The ClassLoaderContext is a special shared library.
06-22 13:59:44.083 I/OMXClient( 1776): IOmx service obtained
06-22 13:59:44.083 I/OMXMaster( 1785): makeComponentInstance(OMX.google.flac.decoder) in android.hardwar process
06-22 13:59:44.084 I/ndroid.systemu( 2072): The ClassLoaderContext is a special shared library.
06-22 13:59:44.091 I/OMXClient( 1776): IOmx service obtained
06-22 13:59:44.091 I/OMXMaster( 1785): makeComponentInstance(OMX.google.g711.alaw.decoder) in android.hardwar process
06-22 13:59:44.100 I/OMXClient( 1776): IOmx service obtained
06-22 13:59:44.100 I/OMXMaster( 1785): makeComponentInstance(OMX.google.g711.mlaw.decoder) in android.hardwar process
06-22 13:59:44.100 I/ssioncontrolle( 2099): The ClassLoaderContext is a special shared library.
06-22 13:59:44.104 I/OMXClient( 1776): IOmx service obtained
06-22 13:59:44.105 I/OMXMaster( 1785): makeComponentInstance(OMX.google.gsm.decoder) in android.hardwar process
06-22 13:59:44.110 I/OMXClient( 1776): IOmx service obtained
06-22 13:59:44.110 I/OMXMaster( 1785): makeComponentInstance(OMX.google.mp3.decoder) in android.hardwar process
06-22 13:59:44.114 I/OMXClient( 1776): IOmx service obtained
06-22 13:59:44.114 I/OMXMaster( 1785): makeComponentInstance(OMX.google.opus.decoder) in android.hardwar process
06-22 13:59:44.116 I/OMXClient( 1776): IOmx service obtained
06-22 13:59:44.117 I/OMXMaster( 1785): makeComponentInstance(OMX.google.raw.decoder) in android.hardwar process
06-22 13:59:44.118 W/ContextImpl( 2062): Failed to ensure /data/user/0/com.google.android.gms/cache: mkdir failed: ENOENT (No such file or directory)
06-22 13:59:44.118 W/ContextImpl( 2062): Failed to update user.inode_cache: stat failed: ENOENT (No such file or directory)
06-22 13:59:44.118 I/OMXClient( 1776): IOmx service obtained
06-22 13:59:44.118 I/OMXMaster( 1785): makeComponentInstance(OMX.google.vorbis.decoder) in android.hardwar process
06-22 13:59:44.127 I/OMXClient( 1776): IOmx service obtained
