06-22 13:59:44.127 I/OMXMaster( 1785): makeComponentInstance(OMX.google.aac.encoder) in android.hardwar process
06-22 13:59:44.131 W/StorageManagerService( 1920): No primary storage defined yet; hacking together a stub
06-22 13:59:44.135 D/WifiController( 1920): DEFERRED_TOGGLE handled
06-22 13:59:44.136 D/WifiController( 1920): StaEnabledState.enter()
06-22 13:59:44.136 D/WifiActiveModeWarden( 1920): Switching from ScanOnlyModeActiveState to ClientMode
06-22 13:59:44.136 D/WifiScanOnlyModeManager( 1920):  currentstate: StartedState
06-22 13:59:44.136 D/WifiScanRequestProxy( 1920): Sending scan available broadcast: false
06-22 13:59:44.136 I/WifiScanningService( 1920): wifi driver unloaded
06-22 13:59:44.136 W/wificond( 1784): No pno scan started
06-22 13:59:44.137 E/wificond( 1784): Receive ERROR message in response to 'stop scheduled scan' request: Operation not supported on transport endpoint
06-22 13:59:44.137 I/OMXClient( 1776): IOmx service obtained
06-22 13:59:44.137 I/OMXMaster( 1785): makeComponentInstance(OMX.google.amrnb.encoder) in android.hardwar process
06-22 13:59:44.138 I/WifiScanRequestProxy( 1920): Scanning is disabled
06-22 13:59:44.138 D/WifiActiveModeWarden( 1920): Entering ClientModeActiveState
06-22 13:59:44.139 D/WifiClientModeManager( 1920): entering IdleState
06-22 13:59:44.139 D/WakeupController( 1920): stop()
06-22 13:59:44.142 D/PackageManager( 1920): Instant App installer not found with android.intent.action.INSTALL_INSTANT_APP_PACKAGE
06-22 13:59:44.142 D/PackageManager( 1920): Clear ephemeral installer activity
06-22 13:59:44.142 W/android.hardware.wifi@1.0-service( 1717): No active wlan interfaces in use! Using default
06-22 13:59:44.143 I/wificond( 1784): Unsubscribe scan result for interface with index: 3
06-22 13:59:44.144 D/WificondControl( 1920): tearing down interfaces in wificond
06-22 13:59:44.148 I/android.hardware.wifi@1.0-service( 1717): Legacy HAL stop complete callback received
06-22 13:59:44.150 I/android.hardware.wifi@1.0-service( 1717): Wifi HAL stopped
06-22 13:59:44.150 I/WifiVendorHal( 1920): Vendor Hal stopped
06-22 13:59:44.150 I/WifiNative( 1920): Successfully torn down Iface:{Name=wlan0,Id=0,Type=STA_SCAN}
06-22 13:59:44.150 E/HalDevMgr( 1920): getAllChipInfo: called but mWifi is null!?
06-22 13:59:44.150 E/HalDevMgr( 1920): dispatchAvailableForRequestListeners: no chip info found
06-22 13:59:44.150 W/HalDevMgr( 1920): stopWifi called but mWifi is null!?
06-22 13:59:44.150 I/WifiNative( 1920): Successfully initiated teardown for iface=wlan0
06-22 13:59:44.151 D/WifiScanOnlyModeManager( 1920): expected stop, not triggering callbacks: state = 1
06-22 13:59:44.151 E/WifiNative( 1920): Could not get Iface object for interface null
06-22 13:59:44.151 D/WifiActiveModeWarden( 1920): State changed from client mode. state = 2
06-22 13:59:44.151 W/HalDevMgr( 1920): isWifiStarted called but mWifi is null!?
06-22 13:59:44.156 I/android_os_HwBinder( 1920): HwBinder: Starting thread pool for getting: android.hardware.wifi@1.0::IWifi/default
06-22 13:59:44.156 I/OMXClient( 1776): IOmx service obtained
06-22 13:59:44.156 I/OMXMaster( 1785): makeComponentInstance(OMX.google.amrwb.encoder) in android.hardwar process
06-22 13:59:44.157 I/android.hardware.wifi@1.0-service( 1717): Wifi HAL started
06-22 13:59:44.157 I/WifiVendorHal( 1920): Vendor Hal started successfully
06-22 13:59:44.157 I/WifiP2pNative( 1920): Registering for interface available listener
06-22 13:59:44.158 I/WifiP2pNative( 1920): Registering for interface available listener
06-22 13:59:44.158 D/WifiP2pNative( 1920): P2P InterfaceAvailableListener true
06-22 13:59:44.158 D/WifiP2pService( 1920): Wifi enabled=false, P2P Interface availability=true, Number of clients=0
06-22 13:59:44.158 D/WifiP2pService( 1920): Wifi enabled=false, P2P Interface availability=true
06-22 13:59:44.159 I/android_os_HwBinder( 1920): HwBinder: Starting thread pool for getting: android.hidl.manager@1.0::IServiceManager/default
06-22 13:59:44.159 W/AlarmManager( 2072): Unrecognized alarm listener com.android.systemui.keyguard.-$$Lambda$KeyguardSliceProvider$IhzByd8TsqFuOrSyuGurVskyPLo@c30c8bc
06-22 13:59:44.159 I/hwservicemanager( 1568): getTransport: Cannot find entry android.hardware.wifi.supplicant@1.1::ISupplicant/default in either framework or device manifest.
06-22 13:59:44.160 I/SupplicantStaIfaceHal( 1920): Starting supplicant using init
06-22 13:59:44.161 I/OMXClient( 1776): IOmx service obtained
06-22 13:59:44.161 I/OMXMaster( 1785): makeComponentInstance(OMX.google.flac.encoder) in android.hardwar process
06-22 13:59:44.165 I/SystemConfig( 2099): Adding association: com.google.android.as <- com.android.providers.contacts
06-22 13:59:44.165 I/SystemConfig( 2099): Adding association: com.google.android.as <- com.android.providers.media
06-22 13:59:44.165 I/SystemConfig( 2099): Adding association: com.google.android.as <- com.android.providers.telephony
06-22 13:59:44.165 I/SystemConfig( 2099): Adding association: com.google.android.as <- com.android.systemui
06-22 13:59:44.165 I/SystemConfig( 2099): Adding association: com.google.android.as <- com.google.android.gms
06-22 13:59:44.165 I/SystemConfig( 2099): Adding association: com.google.android.as <- com.google.android.gsf
06-22 13:59:44.166 I/OMXClient( 1776): IOmx service obtained
06-22 13:59:44.166 I/OMXMaster( 1785): makeComponentInstance(OMX.android.goldfish.h264.decoder) in android.hardwar process
06-22 13:59:44.166 I/GoldfishOMXPlugin( 1785): makeComponentInstance 'OMX.android.goldfish.h264.decoder'
06-22 13:59:44.166 I/GoldfishOMXPlugin( 1785): Using goldfish codec for 'avcdec'
06-22 13:59:44.173 I/goldfish_avcdec( 1785): created GoldfishAVCDec 98 object 0xea4f7000
06-22 13:59:44.174 E/OMXNodeInstance( 1785): getExtensionIndex(0xea43c1e0:android.goldfish.h264.decoder, OMX.google.android.index.configureVideoTunnelMode) ERROR: UnsupportedIndex(0x8000101a)
06-22 13:59:44.174 D/MediaCodecInfo( 1776): detail feature-tunneled-playback wasn't present to remove
06-22 13:59:44.174 W/OMXNodeInstance( 1785): [0xea43c1e0:android.goldfish.h264.decoder] component does not support metadata mode; using fallback
06-22 13:59:44.178 W/SystemConfig( 2099): No directory /product_services/etc/sysconfig, skipping
06-22 13:59:44.178 W/SystemConfig( 2099): No directory /product_services/etc/permissions, skipping
06-22 13:59:44.179 I/OMXClient( 1776): IOmx service obtained
06-22 13:59:44.179 I/OMXMaster( 1785): makeComponentInstance(OMX.google.h264.decoder) in android.hardwar process
06-22 13:59:44.181 E/OMXNodeInstance( 1785): getExtensionIndex(0xea43c1e0:google.h264.decoder, OMX.google.android.index.configureVideoTunnelMode) ERROR: UnsupportedIndex(0x8000101a)
06-22 13:59:44.181 D/MediaCodecInfo( 1776): detail feature-tunneled-playback wasn't present to remove
06-22 13:59:44.181 E/OMXNodeInstance( 1785): getExtensionIndex(0xea43c1e0:google.h264.decoder, OMX.google.android.index.enableAndroidNativeBuffers) ERROR: UnsupportedIndex(0x8000101a)
06-22 13:59:44.190 I/OMXClient( 1776): IOmx service obtained
06-22 13:59:44.190 I/OMXMaster( 1785): makeComponentInstance(OMX.google.h263.decoder) in android.hardwar process
06-22 13:59:44.192 E/OMXNodeInstance( 1785): getExtensionIndex(0xea43c000:google.h263.decoder, OMX.google.android.index.configureVideoTunnelMode) ERROR: UnsupportedIndex(0x8000101a)
06-22 13:59:44.192 D/MediaCodecInfo( 1776): detail feature-tunneled-playback wasn't present to remove
06-22 13:59:44.192 E/OMXNodeInstance( 1785): getExtensionIndex(0xea43c000:google.h263.decoder, OMX.google.android.index.enableAndroidNativeBuffers) ERROR: UnsupportedIndex(0x8000101a)
06-22 13:59:44.203 I/OMXClient( 1776): IOmx service obtained
06-22 13:59:44.203 I/OMXMaster( 1785): makeComponentInstance(OMX.google.hevc.decoder) in android.hardwar process
06-22 13:59:44.210 E/OMXNodeInstance( 1785): getExtensionIndex(0xea43c000:google.hevc.decoder, OMX.google.android.index.configureVideoTunnelMode) ERROR: UnsupportedIndex(0x8000101a)
06-22 13:59:44.210 D/MediaCodecInfo( 1776): detail feature-tunneled-playback wasn't present to remove
06-22 13:59:44.210 E/OMXNodeInstance( 1785): getExtensionIndex(0xea43c000:google.hevc.decoder, OMX.google.android.index.enableAndroidNativeBuffers) ERROR: UnsupportedIndex(0x8000101a)
06-22 13:59:44.214 D/ProtoStore( 2072): no cached data
06-22 13:59:44.214 D/ProtoStore( 2072): no cached data
06-22 13:59:44.217 I/OMXClient( 1776): IOmx service obtained
06-22 13:59:44.217 I/OMXMaster( 1785): makeComponentInstance(OMX.google.mpeg4.decoder) in android.hardwar process
06-22 13:59:44.218 E/OMXNodeInstance( 1785): getExtensionIndex(0xec718f60:google.mpeg4.decoder, OMX.google.android.index.configureVideoTunnelMode) ERROR: UnsupportedIndex(0x8000101a)
06-22 13:59:44.218 D/MediaCodecInfo( 1776): detail feature-tunneled-playback wasn't present to remove
06-22 13:59:44.218 E/OMXNodeInstance( 1785): getExtensionIndex(0xec718f60:google.mpeg4.decoder, OMX.google.android.index.enableAndroidNativeBuffers) ERROR: UnsupportedIndex(0x8000101a)
06-22 13:59:44.225 E/ActivityThread( 2062): Failed to find provider info for com.google.android.gsf.gservices
06-22 13:59:44.228 I/OMXClient( 1776): IOmx service obtained
06-22 13:59:44.228 I/OMXMaster( 1785): makeComponentInstance(OMX.android.goldfish.vp8.decoder) in android.hardwar process
06-22 13:59:44.228 I/GoldfishOMXPlugin( 1785): makeComponentInstance 'OMX.android.goldfish.vp8.decoder'
06-22 13:59:44.228 I/GoldfishOMXPlugin( 1785): Using goldfish codec for 'vpxdec'
06-22 13:59:44.228 I/goldfish_vpxdec( 1785): calling constructor of GoldfishVPX
06-22 13:59:44.229 E/OMXNodeInstance( 1785): getExtensionIndex(0xec718f60:android.goldfish.vp8.decoder, OMX.google.android.index.configureVideoTunnelMode) ERROR: UnsupportedIndex(0x8000101a)
06-22 13:59:44.229 D/MediaCodecInfo( 1776): detail feature-tunneled-playback wasn't present to remove
06-22 13:59:44.229 W/OMXNodeInstance( 1785): [0xec718f60:android.goldfish.vp8.decoder] component does not support metadata mode; using fallback
06-22 13:59:44.237 I/wpa_supplicant( 2158): Processing hidl events on FD 3
06-22 13:59:44.238 I/ServiceManagement( 2158): Registered android.hardware.wifi.supplicant@1.2::ISupplicant/default (start delay of 79ms)
06-22 13:59:44.238 I/wpa_supplicant( 2158): Successfully initialized wpa_supplicant
06-22 13:59:44.240 I/wpa_supplicant( 2158): rfkill: Cannot open RFKILL control device
06-22 13:59:44.247 W/DirectBootExitBR( 2062): User is in direct boot mode.
06-22 13:59:44.252 I/goldfish_vpxdec( 1785): calling destructor of GoldfishVPX
06-22 13:59:44.260 I/OMXClient( 1776): IOmx service obtained
06-22 13:59:44.260 I/OMXMaster( 1785): makeComponentInstance(OMX.google.vp8.decoder) in android.hardwar process
06-22 13:59:44.265 E/OMXNodeInstance( 1785): getExtensionIndex(0xec718f60:google.vp8.decoder, OMX.google.android.index.configureVideoTunnelMode) ERROR: UnsupportedIndex(0x8000101a)
06-22 13:59:44.265 D/MediaCodecInfo( 1776): detail feature-tunneled-playback wasn't present to remove
06-22 13:59:44.265 E/OMXNodeInstance( 1785): getExtensionIndex(0xec718f60:google.vp8.decoder, OMX.google.android.index.enableAndroidNativeBuffers) ERROR: UnsupportedIndex(0x8000101a)
06-22 13:59:44.267 I/OMXClient( 1776): IOmx service obtained
06-22 13:59:44.267 I/OMXMaster( 1785): makeComponentInstance(OMX.android.goldfish.vp9.decoder) in android.hardwar process
06-22 13:59:44.267 I/GoldfishOMXPlugin( 1785): makeComponentInstance 'OMX.android.goldfish.vp9.decoder'
06-22 13:59:44.267 I/GoldfishOMXPlugin( 1785): Using goldfish codec for 'vpxdec'
06-22 13:59:44.267 I/goldfish_vpxdec( 1785): calling constructor of GoldfishVPX
06-22 13:59:44.267 E/OMXNodeInstance( 1785): getExtensionIndex(0xea43c1e0:android.goldfish.vp9.decoder, OMX.google.android.index.configureVideoTunnelMode) ERROR: UnsupportedIndex(0x8000101a)
06-22 13:59:44.267 D/MediaCodecInfo( 1776): detail feature-tunneled-playback wasn't present to remove
06-22 13:59:44.267 W/OMXNodeInstance( 1785): [0xea43c1e0:android.goldfish.vp9.decoder] component does not support metadata mode; using fallback
06-22 13:59:44.267 I/goldfish_vpxdec( 1785): calling destructor of GoldfishVPX
06-22 13:59:44.268 I/OMXClient( 1776): IOmx service obtained
06-22 13:59:44.268 I/OMXMaster( 1785): makeComponentInstance(OMX.google.vp9.decoder) in android.hardwar process
06-22 13:59:44.269 E/OMXNodeInstance( 1785): getExtensionIndex(0xea43c660:google.vp9.decoder, OMX.google.android.index.configureVideoTunnelMode) ERROR: UnsupportedIndex(0x8000101a)
06-22 13:59:44.269 D/MediaCodecInfo( 1776): detail feature-tunneled-playback wasn't present to remove
06-22 13:59:44.269 E/OMXNodeInstance( 1785): getExtensionIndex(0xea43c660:google.vp9.decoder, OMX.google.android.index.enableAndroidNativeBuffers) ERROR: UnsupportedIndex(0x8000101a)
06-22 13:59:44.271 I/OMXClient( 1776): IOmx service obtained
06-22 13:59:44.271 I/OMXMaster( 1785): makeComponentInstance(OMX.google.h264.encoder) in android.hardwar process
06-22 13:59:44.272 W/OMXUtils( 1776): do not know color format 0x7f000789 = 2130708361
06-22 13:59:44.273 I/OMXClient( 1776): IOmx service obtained
06-22 13:59:44.273 I/OMXMaster( 1785): makeComponentInstance(OMX.google.h263.encoder) in android.hardwar process
06-22 13:59:44.274 I/SoftMPEG4Encoder( 1785): Construct SoftMPEG4Encoder
06-22 13:59:44.274 W/OMXUtils( 1776): do not know color format 0x7f000789 = 2130708361
06-22 13:59:44.274 E/OMXNodeInstance( 1785): getConfig(0xea43c660:google.h263.encoder, ConfigAndroidIntraRefresh(0x6f60000a)) ERROR: Undefined(0x80001001)
06-22 13:59:44.274 E/OMXNodeInstance( 1785): getParameter(0xea43c660:google.h263.encoder, ParamVideoIntraRefresh(0x6000006)) ERROR: UnsupportedIndex(0x8000101a)
06-22 13:59:44.274 D/MediaCodecInfo( 1776): detail feature-frame-parsing wasn't present to remove
06-22 13:59:44.274 I/GmsApplication( 2062): Staging modules and/or updating config
06-22 13:59:44.275 I/OMXClient( 1776): IOmx service obtained
06-22 13:59:44.275 I/OMXMaster( 1785): makeComponentInstance(OMX.google.mpeg4.encoder) in android.hardwar process
06-22 13:59:44.275 I/SoftMPEG4Encoder( 1785): Construct SoftMPEG4Encoder
06-22 13:59:44.275 W/OMXUtils( 1776): do not know color format 0x7f000789 = 2130708361
06-22 13:59:44.276 E/OMXNodeInstance( 1785): getConfig(0xea43c660:google.mpeg4.encoder, ConfigAndroidIntraRefresh(0x6f60000a)) ERROR: Undefined(0x80001001)
06-22 13:59:44.276 E/OMXNodeInstance( 1785): getParameter(0xea43c660:google.mpeg4.encoder, ParamVideoIntraRefresh(0x6000006)) ERROR: UnsupportedIndex(0x8000101a)
06-22 13:59:44.276 E/ChimeraCfgMgr( 2062): Failed to read module config: java.io.FileNotFoundException: /data/user_de/0/com.google.android.gms/app_chimera/current_config.fb: open failed: ENOENT (No such file or directory)
06-22 13:59:44.276 D/MediaCodecInfo( 1776): detail feature-frame-parsing wasn't present to remove
06-22 13:59:44.276 I/OMXClient( 1776): IOmx service obtained
06-22 13:59:44.276 I/OMXMaster( 1785): makeComponentInstance(OMX.google.vp8.encoder) in android.hardwar process
06-22 13:59:44.277 I/GmsApplication( 2062): Staging modules
06-22 13:59:44.278 W/OMXUtils( 1776): do not know color format 0x7f000789 = 2130708361
06-22 13:59:44.278 E/OMXNodeInstance( 1785): getConfig(0xea43c660:google.vp8.encoder, ConfigAndroidIntraRefresh(0x6f60000a)) ERROR: Undefined(0x80001001)
06-22 13:59:44.278 E/OMXNodeInstance( 1785): getParameter(0xea43c660:google.vp8.encoder, ParamVideoIntraRefresh(0x6000006)) ERROR: UnsupportedIndex(0x8000101a)
06-22 13:59:44.278 I/FileApkMgr( 2062): Extracting modules...
06-22 13:59:44.278 D/MediaCodecInfo( 1776): detail feature-frame-parsing wasn't present to remove
06-22 13:59:44.278 D/MediaCodecList( 1776): ignored a null builder
06-22 13:59:44.281 E/ConfigFileUtils( 2062): Failed to read config file: /data/user_de/0/com.google.android.gms/app_chimera/current_fileapks.pb: open failed: ENOENT (No such file or directory)
06-22 13:59:44.282 I/OMXClient( 1920): IOmx service obtained
06-22 13:59:44.282 I/OMXMaster( 1785): makeComponentInstance(OMX.google.vorbis.decoder) in android.hardwar process
06-22 13:59:44.282 E/OMXNodeInstance( 1785): getConfig(0xea43c660:google.vorbis.decoder, ConfigAndroidVendorExtension(0x6f100004)) ERROR: Undefined(0x80001001)
06-22 13:59:44.320 I/wpa_supplicant( 2158): rfkill: Cannot get wiphy information
06-22 13:59:44.320 I/android_os_HwBinder( 1920): HwBinder: Starting thread pool for getting: android.hardware.wifi.supplicant@1.0::ISupplicant/default
06-22 13:59:44.321 I/SupplicantStaIfaceHal( 1920): Completed initialization of ISupplicant.
06-22 13:59:44.296 I/chatty  ( 2062): uid=10119 com.google.android.gms.persistent identical 11 lines
06-22 13:59:44.298 E/ActivityThread( 2062): Failed to find provider info for com.google.android.gsf.gservices
06-22 13:59:44.322 I/android.hardware.wifi@1.0-service( 1717): Adding interface handle for wlan0
06-22 13:59:44.323 W/android.hardware.wifi@1.0-service( 1717): No active wlan interfaces in use! Using default
06-22 13:59:44.323 E/android.hardware.wifi@1.0-service( 1717): Failed to register radio mode change callback
06-22 13:59:44.323 W/android.hardware.wifi@1.0-service( 1717): No active wlan interfaces in use! Using default
06-22 13:59:44.340 I/SystemConfig( 2062): Adding association: com.google.android.as <- com.android.providers.contacts
06-22 13:59:44.340 I/SystemConfig( 2062): Adding association: com.google.android.as <- com.android.providers.media
06-22 13:59:44.340 I/SystemConfig( 2062): Adding association: com.google.android.as <- com.android.providers.telephony
06-22 13:59:44.340 I/SystemConfig( 2062): Adding association: com.google.android.as <- com.android.systemui
06-22 13:59:44.340 I/SystemConfig( 2062): Adding association: com.google.android.as <- com.google.android.gms
06-22 13:59:44.340 I/SystemConfig( 2062): Adding association: com.google.android.as <- com.google.android.gsf
06-22 13:59:44.343 W/SystemConfig( 2062): No directory /product_services/etc/sysconfig, skipping
06-22 13:59:44.343 W/SystemConfig( 2062): No directory /product_services/etc/permissions, skipping
06-22 13:59:44.348 W/libc    ( 1717): Unable to set property "vendor.wlan.firmware.version" to "1.0": error code: 0x18
06-22 13:59:44.359 I/OMXClient( 1920): IOmx service obtained
06-22 13:59:44.359 W/libc    ( 1717): Unable to set property "vendor.wlan.driver.version" to "1.0": error code: 0x18
06-22 13:59:44.359 I/android.hardware.wifi@1.0-service( 1717): Configured chip in mode 0
06-22 13:59:44.359 W/android.hardware.wifi@1.0-service( 1717): No active wlan interfaces in use! Using default
06-22 13:59:44.359 I/OMXMaster( 1785): makeComponentInstance(OMX.google.vorbis.decoder) in android.hardwar process
06-22 13:59:44.360 E/OMXNodeInstance( 1785): getConfig(0xea43c660:google.vorbis.decoder, ConfigAndroidVendorExtension(0x6f100004)) ERROR: Undefined(0x80001001)
06-22 13:59:44.360 D/HalDevMgr( 1920): updateRttController: no one is interested in RTT controllers
06-22 13:59:44.360 E/android.hardware.wifi@1.0-service( 1717): Failed to set DFS flag; DFS channels may be unavailable.
06-22 13:59:44.365 D/WificondControl( 1920): Setting up interface for client mode
06-22 13:59:44.365 I/wificond( 1784): create scanner for interface with index: 3
06-22 13:59:44.365 I/wificond( 1784): subscribe scan result for interface with index: 3
06-22 13:59:44.365 I/hwservicemanager( 1568): getTransport: Cannot find entry android.hardware.wifi.offload@1.0::IOffload/default in either framework or device manifest.
06-22 13:59:44.366 E/wificond( 1784): No Offload Service available
06-22 13:59:44.366 I/wificond( 1784): Offload HAL not supported 
06-22 13:59:44.366 E/SupplicantStaIfaceHal( 1920): Can't call setupIface, ISupplicantStaIface is null
06-22 13:59:44.366 I/hwservicemanager( 1568): getTransport: Cannot find entry android.hardware.wifi.supplicant@1.1::ISupplicant/default in either framework or device manifest.
06-22 13:59:44.368 I/hwservicemanager( 1568): getTransport: Cannot find entry android.hardware.wifi.supplicant@1.2::ISupplicant/default in either framework or device manifest.
06-22 13:59:44.368 I/hwservicemanager( 1568): getTransport: Cannot find entry android.hardware.wifi.supplicant@1.1::ISupplicant/default in either framework or device manifest.
06-22 13:59:44.376 I/netd    ( 1664): interfaceGetCfg("wlan0") <0.14ms>
06-22 13:59:44.377 I/WifiNative( 1920): Interface state changed on Iface:{Name=wlan0,Id=1,Type=STA_CONNECTIVITY}, isUp=true
06-22 13:59:44.379 I/netd    ( 1664): interfaceClearAddrs("wlan0") <0.11ms>
06-22 13:59:44.381 I/netd    ( 1664): interfaceSetIPv6PrivacyExtensions("wlan0", "true") <0.05ms>
06-22 13:59:44.381 I/netd    ( 1664): interfaceSetEnableIPv6("wlan0", "false") <0.05ms>
06-22 13:59:44.381 I/WifiNative( 1920): Successfully setup Iface:{Name=wlan0,Id=1,Type=STA_CONNECTIVITY}
06-22 13:59:44.382 I/hwservicemanager( 1568): getTransport: Cannot find entry android.hardware.wifi.supplicant@1.2::ISupplicant/default in either framework or device manifest.
06-22 13:59:44.382 E/SupplicantStaIfaceHal( 1920): Method getKeyMgmtCapabilities is not supported in existing HAL
06-22 13:59:44.385 W/PackageManager( 1920): Cannot whitelist unknown permission: com.sec.android.provider.badge.permission.READ
06-22 13:59:44.385 W/PackageManager( 1920): Cannot whitelist unknown permission: com.sec.android.provider.badge.permission.WRITE
06-22 13:59:44.385 W/PackageManager( 1920): Cannot whitelist unknown permission: com.htc.launcher.permission.READ_SETTINGS
06-22 13:59:44.385 W/PackageManager( 1920): Cannot whitelist unknown permission: com.htc.launcher.permission.UPDATE_SHORTCUT
06-22 13:59:44.385 W/PackageManager( 1920): Cannot whitelist unknown permission: com.sonyericsson.home.permission.BROADCAST_BADGE
06-22 13:59:44.385 W/PackageManager( 1920): Cannot whitelist unknown permission: com.sonymobile.home.permission.PROVIDER_INSERT_BADGE
06-22 13:59:44.385 I/PackageManager( 1920): Un-granting permission android.permission.MANAGE_DOCUMENTS from package com.google.android.youtube (protectionLevel=262146 flags=0x30dbbe45)
06-22 13:59:44.391 W/PackageManager( 1920): Cannot whitelist unknown permission: com.sec.android.provider.badge.permission.READ
06-22 13:59:44.391 W/PackageManager( 1920): Cannot whitelist unknown permission: com.sec.android.provider.badge.permission.WRITE
06-22 13:59:44.391 W/PackageManager( 1920): Cannot whitelist unknown permission: com.htc.launcher.permission.READ_SETTINGS
06-22 13:59:44.391 W/PackageManager( 1920): Cannot whitelist unknown permission: com.htc.launcher.permission.UPDATE_SHORTCUT
06-22 13:59:44.391 W/PackageManager( 1920): Cannot whitelist unknown permission: com.sonyericsson.home.permission.BROADCAST_BADGE
06-22 13:59:44.391 W/PackageManager( 1920): Cannot whitelist unknown permission: com.sonymobile.home.permission.PROVIDER_INSERT_BADGE
06-22 13:59:44.391 I/PackageManager( 1920): Un-granting permission android.permission.MANAGE_DOCUMENTS from package com.google.android.youtube (protectionLevel=262146 flags=0x30dbbe45)
06-22 13:59:44.395 D/WifiClientModeManager( 1920): entering StartedState
06-22 13:59:44.395 I/netd    ( 1664): interfaceGetCfg("wlan0") <0.14ms>
06-22 13:59:44.395 D/WifiClientModeManager( 1920): Wifi is ready to use for client mode
06-22 13:59:44.395 D/WifiActiveModeWarden( 1920): State changed from client mode. state = 3
06-22 13:59:44.395 D/WifiActiveModeWarden( 1920): client mode active
06-22 13:59:44.396 E/WifiVendorHal( 1920): getBgScanCapabilities(l.630) failed {.code = ERROR_NOT_SUPPORTED, .description = }
06-22 13:59:44.396 D/WifiScanRequestProxy( 1920): Sending scan available broadcast: true
06-22 13:59:44.396 I/WifiScanRequestProxy( 1920): Scanning is enabled
06-22 13:59:44.396 I/WifiScanRequestProxy( 1920): Scanning for hidden networks is enabled
06-22 13:59:44.397 D/WifiClientModeImpl( 1920): entering ConnectModeState: ifaceName = wlan0
06-22 13:59:44.397 D/WifiClientModeImpl( 1920): setupClientMode() ifacename = wlan0
06-22 13:59:44.398 I/WifiScanningService( 1920): wifi driver loaded with scan capabilities: max buckets=16
06-22 13:59:44.401 W/PackageManager( 1920): Cannot whitelist unknown permission: com.google.android.launcher.permission.CONTENT_REDIRECT
06-22 13:59:44.401 W/PackageManager( 1920): Cannot whitelist unknown permission: com.google.android.voicesearch.SHORTCUTS_ACCESS
06-22 13:59:44.401 W/PackageManager( 1920): Cannot whitelist unknown permission: com.google.android.voicesearch.ACCESS_SETTINGS
06-22 13:59:44.401 W/PackageManager( 1920): Cannot whitelist unknown permission: com.android.browser.permission.PRELOAD
06-22 13:59:44.401 W/PackageManager( 1920): Cannot whitelist unknown permission: com.google.android.ears.permission.WRITE
06-22 13:59:44.402 W/PackageManager( 1920): Cannot whitelist unknown permission: com.google.googlenav.friend.permission.OPT_IN
06-22 13:59:44.402 W/PackageManager( 1920): Cannot whitelist unknown permission: com.google.android.apps.googlevoice.permission.AUTO_SEND
06-22 13:59:44.402 W/PackageManager( 1920): Cannot whitelist unknown permission: com.google.android.hangouts.START_HANGOUT
06-22 13:59:44.402 W/PackageManager( 1920): Cannot whitelist unknown permission: com.android.chrome.PRERENDER_URL
06-22 13:59:44.402 W/PackageManager( 1920): Cannot whitelist unknown permission: com.google.android.apps.gsa.nga.permissions.EDIT_PREFERENCES
06-22 13:59:44.404 W/PackageManager( 1920): Cannot whitelist unknown permission: com.google.android.launcher.permission.CONTENT_REDIRECT
06-22 13:59:44.404 W/PackageManager( 1920): Cannot whitelist unknown permission: com.google.android.voicesearch.SHORTCUTS_ACCESS
06-22 13:59:44.404 W/PackageManager( 1920): Cannot whitelist unknown permission: com.google.android.voicesearch.ACCESS_SETTINGS
06-22 13:59:44.404 W/PackageManager( 1920): Cannot whitelist unknown permission: com.android.browser.permission.PRELOAD
06-22 13:59:44.404 W/PackageManager( 1920): Cannot whitelist unknown permission: com.google.android.ears.permission.WRITE
06-22 13:59:44.404 W/PackageManager( 1920): Cannot whitelist unknown permission: com.google.googlenav.friend.permission.OPT_IN
06-22 13:59:44.404 W/PackageManager( 1920): Cannot whitelist unknown permission: com.google.android.apps.googlevoice.permission.AUTO_SEND
06-22 13:59:44.404 W/PackageManager( 1920): Cannot whitelist unknown permission: com.google.android.hangouts.START_HANGOUT
06-22 13:59:44.404 W/PackageManager( 1920): Cannot whitelist unknown permission: com.android.chrome.PRERENDER_URL
06-22 13:59:44.404 W/PackageManager( 1920): Cannot whitelist unknown permission: com.google.android.apps.gsa.nga.permissions.EDIT_PREFERENCES
06-22 13:59:44.405 W/PackageManager( 1920): Cannot whitelist unknown permission: com.google.android.launcher.permission.CONTENT_REDIRECT
06-22 13:59:44.405 W/PackageManager( 1920): Cannot whitelist unknown permission: com.google.android.voicesearch.SHORTCUTS_ACCESS
06-22 13:59:44.405 W/PackageManager( 1920): Cannot whitelist unknown permission: com.google.android.voicesearch.ACCESS_SETTINGS
06-22 13:59:44.405 W/PackageManager( 1920): Cannot whitelist unknown permission: com.android.browser.permission.PRELOAD
06-22 13:59:44.405 W/PackageManager( 1920): Cannot whitelist unknown permission: com.google.android.ears.permission.WRITE
06-22 13:59:44.405 W/PackageManager( 1920): Cannot whitelist unknown permission: com.google.googlenav.friend.permission.OPT_IN
06-22 13:59:44.405 W/PackageManager( 1920): Cannot whitelist unknown permission: com.google.android.apps.googlevoice.permission.AUTO_SEND
06-22 13:59:44.405 W/PackageManager( 1920): Cannot whitelist unknown permission: com.google.android.hangouts.START_HANGOUT
06-22 13:59:44.405 W/PackageManager( 1920): Cannot whitelist unknown permission: com.android.chrome.PRERENDER_URL
06-22 13:59:44.405 W/PackageManager( 1920): Cannot whitelist unknown permission: com.google.android.apps.gsa.nga.permissions.EDIT_PREFERENCES
06-22 13:59:44.406 W/PackageManager( 1920): Cannot whitelist unknown permission: com.google.android.launcher.permission.CONTENT_REDIRECT
06-22 13:59:44.406 W/PackageManager( 1920): Cannot whitelist unknown permission: com.google.android.voicesearch.SHORTCUTS_ACCESS
06-22 13:59:44.406 W/PackageManager( 1920): Cannot whitelist unknown permission: com.google.android.voicesearch.ACCESS_SETTINGS
06-22 13:59:44.406 W/PackageManager( 1920): Cannot whitelist unknown permission: com.android.browser.permission.PRELOAD
06-22 13:59:44.406 W/PackageManager( 1920): Cannot whitelist unknown permission: com.google.android.ears.permission.WRITE
06-22 13:59:44.406 W/PackageManager( 1920): Cannot whitelist unknown permission: com.google.googlenav.friend.permission.OPT_IN
06-22 13:59:44.406 W/PackageManager( 1920): Cannot whitelist unknown permission: com.google.android.apps.googlevoice.permission.AUTO_SEND
06-22 13:59:44.406 W/PackageManager( 1920): Cannot whitelist unknown permission: com.google.android.hangouts.START_HANGOUT
06-22 13:59:44.406 W/PackageManager( 1920): Cannot whitelist unknown permission: com.android.chrome.PRERENDER_URL
06-22 13:59:44.406 W/PackageManager( 1920): Cannot whitelist unknown permission: com.google.android.apps.gsa.nga.permissions.EDIT_PREFERENCES
06-22 13:59:44.407 W/PackageManager( 1920): Cannot whitelist unknown permission: com.google.android.launcher.permission.CONTENT_REDIRECT
06-22 13:59:44.407 W/PackageManager( 1920): Cannot whitelist unknown permission: com.google.android.voicesearch.SHORTCUTS_ACCESS
06-22 13:59:44.407 W/PackageManager( 1920): Cannot whitelist unknown permission: com.google.android.voicesearch.ACCESS_SETTINGS
06-22 13:59:44.407 W/PackageManager( 1920): Cannot whitelist unknown permission: com.android.browser.permission.PRELOAD
06-22 13:59:44.407 W/PackageManager( 1920): Cannot whitelist unknown permission: com.google.android.ears.permission.WRITE
06-22 13:59:44.407 W/PackageManager( 1920): Cannot whitelist unknown permission: com.google.googlenav.friend.permission.OPT_IN
06-22 13:59:44.407 W/PackageManager( 1920): Cannot whitelist unknown permission: com.google.android.apps.googlevoice.permission.AUTO_SEND
06-22 13:59:44.407 W/PackageManager( 1920): Cannot whitelist unknown permission: com.google.android.hangouts.START_HANGOUT
06-22 13:59:44.407 W/PackageManager( 1920): Cannot whitelist unknown permission: com.android.chrome.PRERENDER_URL
06-22 13:59:44.407 W/PackageManager( 1920): Cannot whitelist unknown permission: com.google.android.apps.gsa.nga.permissions.EDIT_PREFERENCES
06-22 13:59:44.411 W/PackageManager( 1920): Cannot whitelist unknown permission: com.google.android.launcher.permission.CONTENT_REDIRECT
06-22 13:59:44.411 W/PackageManager( 1920): Cannot whitelist unknown permission: com.google.android.voicesearch.SHORTCUTS_ACCESS
06-22 13:59:44.411 W/PackageManager( 1920): Cannot whitelist unknown permission: com.google.android.voicesearch.ACCESS_SETTINGS
06-22 13:59:44.411 W/PackageManager( 1920): Cannot whitelist unknown permission: com.android.browser.permission.PRELOAD
06-22 13:59:44.411 W/PackageManager( 1920): Cannot whitelist unknown permission: com.google.android.ears.permission.WRITE
06-22 13:59:44.411 W/PackageManager( 1920): Cannot whitelist unknown permission: com.google.googlenav.friend.permission.OPT_IN
06-22 13:59:44.411 W/PackageManager( 1920): Cannot whitelist unknown permission: com.google.android.apps.googlevoice.permission.AUTO_SEND
06-22 13:59:44.411 W/PackageManager( 1920): Cannot whitelist unknown permission: com.google.android.hangouts.START_HANGOUT
06-22 13:59:44.411 W/PackageManager( 1920): Cannot whitelist unknown permission: com.android.chrome.PRERENDER_URL
06-22 13:59:44.411 W/PackageManager( 1920): Cannot whitelist unknown permission: com.google.android.apps.gsa.nga.permissions.EDIT_PREFERENCES
06-22 13:59:44.413 I/OMXClient( 1920): IOmx service obtained
06-22 13:59:44.414 I/OMXMaster( 1785): makeComponentInstance(OMX.google.vorbis.decoder) in android.hardwar process
06-22 13:59:44.416 E/OMXNodeInstance( 1785): getConfig(0xea43c660:google.vorbis.decoder, ConfigAndroidVendorExtension(0x6f100004)) ERROR: Undefined(0x80001001)
06-22 13:59:44.424 I/PackageManager( 1920): Un-granting permission com.google.android.googleapps.permission.GOOGLE_AUTH from package com.android.providers.calendar (protectionLevel=2 flags=0x30883e45)
06-22 13:59:44.426 I/PackageManager( 1920): Un-granting permission com.google.android.googleapps.permission.GOOGLE_AUTH.cl from package com.android.providers.calendar (protectionLevel=2 flags=0x30883e45)
06-22 13:59:44.434 I/PackageManager( 1920): Un-granting permission com.google.android.googleapps.permission.GOOGLE_AUTH from package com.android.providers.calendar (protectionLevel=2 flags=0x30883e45)
06-22 13:59:44.434 I/PackageManager( 1920): Un-granting permission com.google.android.googleapps.permission.GOOGLE_AUTH.cl from package com.android.providers.calendar (protectionLevel=2 flags=0x30883e45)
06-22 13:59:44.446 I/PackageManager( 1920): Un-granting permission android.permission.WRITE_SECURE_SETTINGS from package com.google.android.apps.enterprise.dmagent (protectionLevel=50 flags=0x30883e05)
06-22 13:59:44.446 I/PackageManager( 1920): Un-granting permission android.permission.CONNECTIVITY_INTERNAL from package com.google.android.apps.enterprise.dmagent (protectionLevel=18 flags=0x30883e05)
06-22 13:59:44.446 I/PackageManager( 1920): Un-granting permission android.permission.MANAGE_USB from package com.google.android.apps.enterprise.dmagent (protectionLevel=18 flags=0x30883e05)
06-22 13:59:44.446 I/PackageManager( 1920): Un-granting permission android.permission.CHANGE_COMPONENT_ENABLED_STATE from package com.google.android.apps.enterprise.dmagent (protectionLevel=18 flags=0x30883e05)
06-22 13:59:44.446 I/PackageManager( 1920): Un-granting permission android.permission.MANAGE_CA_CERTIFICATES from package com.google.android.apps.enterprise.dmagent (protectionLevel=18 flags=0x30883e05)
06-22 13:59:44.446 I/PackageManager( 1920): Un-granting permission android.permission.MANAGE_USERS from package com.google.android.apps.enterprise.dmagent (protectionLevel=18 flags=0x30883e05)
06-22 13:59:44.447 I/OMXClient( 1920): IOmx service obtained
06-22 13:59:44.447 I/OMXMaster( 1785): makeComponentInstance(OMX.google.vorbis.decoder) in android.hardwar process
06-22 13:59:44.448 E/OMXNodeInstance( 1785): getConfig(0xea43c660:google.vorbis.decoder, ConfigAndroidVendorExtension(0x6f100004)) ERROR: Undefined(0x80001001)
06-22 13:59:44.460 W/PackageManager( 1920): Cannot whitelist unknown permission: com.google.android.ims.LOG_ACCESS
06-22 13:59:44.460 W/PackageManager( 1920): Cannot whitelist unknown permission: com.cequint.ecid.CALLER_ID_EXTERNAL_LOOKUP_SMS
06-22 13:59:44.460 W/PackageManager( 1920): Cannot whitelist unknown permission: com.sec.android.provider.badge.permission.READ
06-22 13:59:44.460 W/PackageManager( 1920): Cannot whitelist unknown permission: com.sec.android.provider.badge.permission.WRITE
06-22 13:59:44.460 W/PackageManager( 1920): Cannot whitelist unknown permission: com.htc.launcher.permission.READ_SETTINGS
06-22 13:59:44.460 W/PackageManager( 1920): Cannot whitelist unknown permission: com.htc.launcher.permission.UPDATE_SHORTCUT
06-22 13:59:44.460 W/PackageManager( 1920): Cannot whitelist unknown permission: com.sonyericsson.home.permission.BROADCAST_BADGE
06-22 13:59:44.460 W/PackageManager( 1920): Cannot whitelist unknown permission: com.sonymobile.home.permission.PROVIDER_INSERT_BADGE
06-22 13:59:44.460 W/PackageManager( 1920): Cannot whitelist unknown permission: com.sonymobile.launcher.permission.PROVIDER_INSERT_BADGE
06-22 13:59:44.460 W/PackageManager( 1920): Cannot whitelist unknown permission: com.anddoes.launcher.permission.UPDATE_COUNT
06-22 13:59:44.460 W/PackageManager( 1920): Cannot whitelist unknown permission: com.majeur.launcher.permission.UPDATE_BADGE
06-22 13:59:44.460 W/PackageManager( 1920): Cannot whitelist unknown permission: com.huawei.android.launcher.permission.CHANGE_BADGE
06-22 13:59:44.460 W/PackageManager( 1920): Cannot whitelist unknown permission: com.huawei.android.launcher.permission.READ_SETTINGS
06-22 13:59:44.460 W/PackageManager( 1920): Cannot whitelist unknown permission: com.huawei.android.launcher.permission.WRITE_SETTINGS
06-22 13:59:44.460 W/PackageManager( 1920): Cannot whitelist unknown permission: android.permission.READ_APP_BADGE
06-22 13:59:44.461 W/PackageManager( 1920): Cannot whitelist unknown permission: com.oppo.launcher.permission.READ_SETTINGS
06-22 13:59:44.461 W/PackageManager( 1920): Cannot whitelist unknown permission: com.oppo.launcher.permission.WRITE_SETTINGS
06-22 13:59:44.461 I/PackageManager( 1920): Un-granting permission com.google.android.setupwizard.READ_DEVICE_ORIGIN from package com.google.android.apps.messaging (protectionLevel=18 flags=0x38cbbe45)
06-22 13:59:44.462 W/PackageManager( 1920): Cannot whitelist unknown permission: com.google.android.ims.LOG_ACCESS
06-22 13:59:44.462 W/PackageManager( 1920): Cannot whitelist unknown permission: com.cequint.ecid.CALLER_ID_EXTERNAL_LOOKUP_SMS
06-22 13:59:44.462 W/PackageManager( 1920): Cannot whitelist unknown permission: com.sec.android.provider.badge.permission.READ
06-22 13:59:44.462 W/PackageManager( 1920): Cannot whitelist unknown permission: com.sec.android.provider.badge.permission.WRITE
06-22 13:59:44.462 W/PackageManager( 1920): Cannot whitelist unknown permission: com.htc.launcher.permission.READ_SETTINGS
06-22 13:59:44.462 W/PackageManager( 1920): Cannot whitelist unknown permission: com.htc.launcher.permission.UPDATE_SHORTCUT
06-22 13:59:44.462 W/PackageManager( 1920): Cannot whitelist unknown permission: com.sonyericsson.home.permission.BROADCAST_BADGE
06-22 13:59:44.462 W/PackageManager( 1920): Cannot whitelist unknown permission: com.sonymobile.home.permission.PROVIDER_INSERT_BADGE
06-22 13:59:44.462 W/PackageManager( 1920): Cannot whitelist unknown permission: com.sonymobile.launcher.permission.PROVIDER_INSERT_BADGE
06-22 13:59:44.462 W/PackageManager( 1920): Cannot whitelist unknown permission: com.anddoes.launcher.permission.UPDATE_COUNT
06-22 13:59:44.462 W/PackageManager( 1920): Cannot whitelist unknown permission: com.majeur.launcher.permission.UPDATE_BADGE
06-22 13:59:44.462 W/PackageManager( 1920): Cannot whitelist unknown permission: com.huawei.android.launcher.permission.CHANGE_BADGE
06-22 13:59:44.462 W/PackageManager( 1920): Cannot whitelist unknown permission: com.huawei.android.launcher.permission.READ_SETTINGS
06-22 13:59:44.462 W/PackageManager( 1920): Cannot whitelist unknown permission: com.huawei.android.launcher.permission.WRITE_SETTINGS
06-22 13:59:44.462 W/PackageManager( 1920): Cannot whitelist unknown permission: android.permission.READ_APP_BADGE
06-22 13:59:44.462 W/PackageManager( 1920): Cannot whitelist unknown permission: com.oppo.launcher.permission.READ_SETTINGS
06-22 13:59:44.462 W/PackageManager( 1920): Cannot whitelist unknown permission: com.oppo.launcher.permission.WRITE_SETTINGS
06-22 13:59:44.462 I/PackageManager( 1920): Un-granting permission com.google.android.setupwizard.READ_DEVICE_ORIGIN from package com.google.android.apps.messaging (protectionLevel=18 flags=0x38cbbe45)
06-22 13:59:44.465 W/PackageManager( 1920): Cannot whitelist unknown permission: com.google.android.ims.LOG_ACCESS
06-22 13:59:44.465 W/PackageManager( 1920): Cannot whitelist unknown permission: com.cequint.ecid.CALLER_ID_EXTERNAL_LOOKUP_SMS
06-22 13:59:44.465 W/PackageManager( 1920): Cannot whitelist unknown permission: com.sec.android.provider.badge.permission.READ
06-22 13:59:44.465 W/PackageManager( 1920): Cannot whitelist unknown permission: com.sec.android.provider.badge.permission.WRITE
06-22 13:59:44.465 W/PackageManager( 1920): Cannot whitelist unknown permission: com.htc.launcher.permission.READ_SETTINGS
06-22 13:59:44.465 W/PackageManager( 1920): Cannot whitelist unknown permission: com.htc.launcher.permission.UPDATE_SHORTCUT
06-22 13:59:44.465 W/PackageManager( 1920): Cannot whitelist unknown permission: com.sonyericsson.home.permission.BROADCAST_BADGE
06-22 13:59:44.465 W/PackageManager( 1920): Cannot whitelist unknown permission: com.sonymobile.home.permission.PROVIDER_INSERT_BADGE
06-22 13:59:44.465 W/PackageManager( 1920): Cannot whitelist unknown permission: com.sonymobile.launcher.permission.PROVIDER_INSERT_BADGE
06-22 13:59:44.465 W/PackageManager( 1920): Cannot whitelist unknown permission: com.anddoes.launcher.permission.UPDATE_COUNT
06-22 13:59:44.465 W/PackageManager( 1920): Cannot whitelist unknown permission: com.majeur.launcher.permission.UPDATE_BADGE
06-22 13:59:44.465 W/PackageManager( 1920): Cannot whitelist unknown permission: com.huawei.android.launcher.permission.CHANGE_BADGE
06-22 13:59:44.465 W/PackageManager( 1920): Cannot whitelist unknown permission: com.huawei.android.launcher.permission.READ_SETTINGS
06-22 13:59:44.465 W/PackageManager( 1920): Cannot whitelist unknown permission: com.huawei.android.launcher.permission.WRITE_SETTINGS
06-22 13:59:44.465 W/PackageManager( 1920): Cannot whitelist unknown permission: android.permission.READ_APP_BADGE
06-22 13:59:44.465 W/PackageManager( 1920): Cannot whitelist unknown permission: com.oppo.launcher.permission.READ_SETTINGS
06-22 13:59:44.465 W/PackageManager( 1920): Cannot whitelist unknown permission: com.oppo.launcher.permission.WRITE_SETTINGS
06-22 13:59:44.465 I/PackageManager( 1920): Un-granting permission com.google.android.setupwizard.READ_DEVICE_ORIGIN from package com.google.android.apps.messaging (protectionLevel=18 flags=0x38cbbe45)
06-22 13:59:44.466 W/PackageManager( 1920): Cannot whitelist unknown permission: com.google.android.ims.LOG_ACCESS
06-22 13:59:44.466 W/PackageManager( 1920): Cannot whitelist unknown permission: com.cequint.ecid.CALLER_ID_EXTERNAL_LOOKUP_SMS
06-22 13:59:44.466 W/PackageManager( 1920): Cannot whitelist unknown permission: com.sec.android.provider.badge.permission.READ
06-22 13:59:44.466 W/PackageManager( 1920): Cannot whitelist unknown permission: com.sec.android.provider.badge.permission.WRITE
06-22 13:59:44.466 W/PackageManager( 1920): Cannot whitelist unknown permission: com.htc.launcher.permission.READ_SETTINGS
06-22 13:59:44.466 W/PackageManager( 1920): Cannot whitelist unknown permission: com.htc.launcher.permission.UPDATE_SHORTCUT
06-22 13:59:44.466 W/PackageManager( 1920): Cannot whitelist unknown permission: com.sonyericsson.home.permission.BROADCAST_BADGE
06-22 13:59:44.466 W/PackageManager( 1920): Cannot whitelist unknown permission: com.sonymobile.home.permission.PROVIDER_INSERT_BADGE
06-22 13:59:44.467 W/PackageManager( 1920): Cannot whitelist unknown permission: com.sonymobile.launcher.permission.PROVIDER_INSERT_BADGE
06-22 13:59:44.467 W/PackageManager( 1920): Cannot whitelist unknown permission: com.anddoes.launcher.permission.UPDATE_COUNT
06-22 13:59:44.467 W/PackageManager( 1920): Cannot whitelist unknown permission: com.majeur.launcher.permission.UPDATE_BADGE
06-22 13:59:44.467 W/PackageManager( 1920): Cannot whitelist unknown permission: com.huawei.android.launcher.permission.CHANGE_BADGE
06-22 13:59:44.467 W/PackageManager( 1920): Cannot whitelist unknown permission: com.huawei.android.launcher.permission.READ_SETTINGS
06-22 13:59:44.467 W/PackageManager( 1920): Cannot whitelist unknown permission: com.huawei.android.launcher.permission.WRITE_SETTINGS
06-22 13:59:44.467 W/PackageManager( 1920): Cannot whitelist unknown permission: android.permission.READ_APP_BADGE
06-22 13:59:44.467 W/PackageManager( 1920): Cannot whitelist unknown permission: com.oppo.launcher.permission.READ_SETTINGS
06-22 13:59:44.467 W/PackageManager( 1920): Cannot whitelist unknown permission: com.oppo.launcher.permission.WRITE_SETTINGS
06-22 13:59:44.467 I/PackageManager( 1920): Un-granting permission com.google.android.setupwizard.READ_DEVICE_ORIGIN from package com.google.android.apps.messaging (protectionLevel=18 flags=0x38cbbe45)
06-22 13:59:44.468 W/PackageManager( 1920): Cannot whitelist unknown permission: com.google.android.ims.LOG_ACCESS
06-22 13:59:44.468 W/PackageManager( 1920): Cannot whitelist unknown permission: com.cequint.ecid.CALLER_ID_EXTERNAL_LOOKUP_SMS
06-22 13:59:44.468 W/PackageManager( 1920): Cannot whitelist unknown permission: com.sec.android.provider.badge.permission.READ
06-22 13:59:44.468 W/PackageManager( 1920): Cannot whitelist unknown permission: com.sec.android.provider.badge.permission.WRITE
06-22 13:59:44.469 W/PackageManager( 1920): Cannot whitelist unknown permission: com.htc.launcher.permission.READ_SETTINGS
06-22 13:59:44.469 W/PackageManager( 1920): Cannot whitelist unknown permission: com.htc.launcher.permission.UPDATE_SHORTCUT
06-22 13:59:44.469 W/PackageManager( 1920): Cannot whitelist unknown permission: com.sonyericsson.home.permission.BROADCAST_BADGE
06-22 13:59:44.469 W/PackageManager( 1920): Cannot whitelist unknown permission: com.sonymobile.home.permission.PROVIDER_INSERT_BADGE
06-22 13:59:44.469 W/PackageManager( 1920): Cannot whitelist unknown permission: com.sonymobile.launcher.permission.PROVIDER_INSERT_BADGE
06-22 13:59:44.469 W/PackageManager( 1920): Cannot whitelist unknown permission: com.anddoes.launcher.permission.UPDATE_COUNT
06-22 13:59:44.469 W/PackageManager( 1920): Cannot whitelist unknown permission: com.majeur.launcher.permission.UPDATE_BADGE
06-22 13:59:44.469 W/PackageManager( 1920): Cannot whitelist unknown permission: com.huawei.android.launcher.permission.CHANGE_BADGE
06-22 13:59:44.469 W/PackageManager( 1920): Cannot whitelist unknown permission: com.huawei.android.launcher.permission.READ_SETTINGS
06-22 13:59:44.469 W/PackageManager( 1920): Cannot whitelist unknown permission: com.huawei.android.launcher.permission.WRITE_SETTINGS
06-22 13:59:44.469 W/PackageManager( 1920): Cannot whitelist unknown permission: android.permission.READ_APP_BADGE
06-22 13:59:44.469 W/PackageManager( 1920): Cannot whitelist unknown permission: com.oppo.launcher.permission.READ_SETTINGS
06-22 13:59:44.469 W/PackageManager( 1920): Cannot whitelist unknown permission: com.oppo.launcher.permission.WRITE_SETTINGS
06-22 13:59:44.469 I/PackageManager( 1920): Un-granting permission com.google.android.setupwizard.READ_DEVICE_ORIGIN from package com.google.android.apps.messaging (protectionLevel=18 flags=0x38cbbe45)
06-22 13:59:44.470 W/PackageManager( 1920): Cannot whitelist unknown permission: com.google.android.ims.LOG_ACCESS
06-22 13:59:44.470 W/PackageManager( 1920): Cannot whitelist unknown permission: com.cequint.ecid.CALLER_ID_EXTERNAL_LOOKUP_SMS
06-22 13:59:44.470 W/PackageManager( 1920): Cannot whitelist unknown permission: com.sec.android.provider.badge.permission.READ
06-22 13:59:44.470 W/PackageManager( 1920): Cannot whitelist unknown permission: com.sec.android.provider.badge.permission.WRITE
06-22 13:59:44.470 W/PackageManager( 1920): Cannot whitelist unknown permission: com.htc.launcher.permission.READ_SETTINGS
06-22 13:59:44.470 W/PackageManager( 1920): Cannot whitelist unknown permission: com.htc.launcher.permission.UPDATE_SHORTCUT
06-22 13:59:44.470 W/PackageManager( 1920): Cannot whitelist unknown permission: com.sonyericsson.home.permission.BROADCAST_BADGE
06-22 13:59:44.470 W/PackageManager( 1920): Cannot whitelist unknown permission: com.sonymobile.home.permission.PROVIDER_INSERT_BADGE
06-22 13:59:44.470 W/PackageManager( 1920): Cannot whitelist unknown permission: com.sonymobile.launcher.permission.PROVIDER_INSERT_BADGE
06-22 13:59:44.470 W/PackageManager( 1920): Cannot whitelist unknown permission: com.anddoes.launcher.permission.UPDATE_COUNT
06-22 13:59:44.470 W/PackageManager( 1920): Cannot whitelist unknown permission: com.majeur.launcher.permission.UPDATE_BADGE
06-22 13:59:44.470 W/PackageManager( 1920): Cannot whitelist unknown permission: com.huawei.android.launcher.permission.CHANGE_BADGE
06-22 13:59:44.470 W/PackageManager( 1920): Cannot whitelist unknown permission: com.huawei.android.launcher.permission.READ_SETTINGS
06-22 13:59:44.470 W/PackageManager( 1920): Cannot whitelist unknown permission: com.huawei.android.launcher.permission.WRITE_SETTINGS
06-22 13:59:44.470 W/PackageManager( 1920): Cannot whitelist unknown permission: android.permission.READ_APP_BADGE
06-22 13:59:44.470 W/PackageManager( 1920): Cannot whitelist unknown permission: com.oppo.launcher.permission.READ_SETTINGS
06-22 13:59:44.470 W/PackageManager( 1920): Cannot whitelist unknown permission: com.oppo.launcher.permission.WRITE_SETTINGS
06-22 13:59:44.471 I/PackageManager( 1920): Un-granting permission com.google.android.setupwizard.READ_DEVICE_ORIGIN from package com.google.android.apps.messaging (protectionLevel=18 flags=0x38cbbe45)
06-22 13:59:44.471 W/PackageManager( 1920): Cannot whitelist unknown permission: com.google.android.ims.LOG_ACCESS
06-22 13:59:44.471 W/PackageManager( 1920): Cannot whitelist unknown permission: com.cequint.ecid.CALLER_ID_EXTERNAL_LOOKUP_SMS
06-22 13:59:44.471 W/PackageManager( 1920): Cannot whitelist unknown permission: com.sec.android.provider.badge.permission.READ
06-22 13:59:44.471 W/PackageManager( 1920): Cannot whitelist unknown permission: com.sec.android.provider.badge.permission.WRITE
06-22 13:59:44.471 W/PackageManager( 1920): Cannot whitelist unknown permission: com.htc.launcher.permission.READ_SETTINGS
06-22 13:59:44.471 W/PackageManager( 1920): Cannot whitelist unknown permission: com.htc.launcher.permission.UPDATE_SHORTCUT
06-22 13:59:44.471 W/PackageManager( 1920): Cannot whitelist unknown permission: com.sonyericsson.home.permission.BROADCAST_BADGE
06-22 13:59:44.471 W/PackageManager( 1920): Cannot whitelist unknown permission: com.sonymobile.home.permission.PROVIDER_INSERT_BADGE
06-22 13:59:44.471 W/PackageManager( 1920): Cannot whitelist unknown permission: com.sonymobile.launcher.permission.PROVIDER_INSERT_BADGE
06-22 13:59:44.471 W/PackageManager( 1920): Cannot whitelist unknown permission: com.anddoes.launcher.permission.UPDATE_COUNT
