06-22 13:16:30.286 D/libEGL  ( 1729): loaded /vendor/lib64/egl/libGLESv2_emulation.so
06-22 13:16:30.292 D/HostConnection( 1729): HostConnection::get() New Host Connection established 0x73a5075525a0, tid 1729
06-22 13:16:30.294 D/HostConnection( 1729): HostComposition ext ANDROID_EMU_CHECKSUM_HELPER_v1 ANDROID_EMU_native_sync_v2 ANDROID_EMU_dma_v1 ANDROID_EMU_direct_mem ANDROID_EMU_host_composition_v1 ANDROID_EMU_host_composition_v2 ANDROID_EMU_vulkan ANDROID_EMU_deferred_vulkan_commands ANDROID_EMU_vulkan_null_optional_strings ANDROID_EMU_vulkan_create_resources_with_requirements ANDROID_EMU_YUV_Cache ANDROID_EMU_vulkan_ignored_handles ANDROID_EMU_vulkan_free_memory_sync ANDROID_EMU_vulkan_shader_float16_int8 ANDROID_EMU_vulkan_async_queue_submit ANDROID_EMU_sync_buffer_data ANDROID_EMU_vulkan_async_qsri ANDROID_EMU_hwc_color_transform GL_OES_EGL_image_external_essl3 GL_OES_vertex_array_object GL_KHR_texture_compression_astc_ldr ANDROID_EMU_host_side_tracing ANDROID_EMU_gles_max_version_3_0 
06-22 13:16:30.300 I/livelock( 1800): started
06-22 13:16:30.300 W/livelock( 1800): [khungtaskd] not configurable
06-22 13:16:30.301 I/gatekeeperd( 1784): Starting gatekeeperd...
06-22 13:16:30.302 I/livelock( 1800): ro.config.low_ram=false
06-22 13:16:30.302 I/livelock( 1800): ro.llk.sysrq_t=true
06-22 13:16:30.302 I/livelock( 1800): ro.llk.enable=true
06-22 13:16:30.302 I/livelock( 1800): ro.khungtask.enable=true
06-22 13:16:30.302 I/livelock( 1800): ro.llk.mlockall=true
06-22 13:16:30.302 I/livelock( 1800): ro.llk.killtest=true
06-22 13:16:30.302 I/livelock( 1800): ro.khungtask.timeout=720s
06-22 13:16:30.302 I/livelock( 1800): ro.llk.timeout_ms=600.000s
06-22 13:16:30.302 I/livelock( 1800): ro.llk.D.timeout_ms=600.000s
06-22 13:16:30.302 I/livelock( 1800): ro.llk.Z.timeout_ms=600.000s
06-22 13:16:30.302 I/livelock( 1800): ro.llk.stack.timeout_ms=600.000s
06-22 13:16:30.302 I/livelock( 1800): ro.llk.check_ms=120.000s
06-22 13:16:30.302 I/livelock( 1800): ro.llk.stack=wait_on_page_bit_killable,bit_wait_io,__get_user_pages,cma_alloc
06-22 13:16:30.302 I/livelock( 1800): ro.llk.blacklist.process.stack=llkd,lmkd.llkd,apexd,ueventd,keystore,init
06-22 13:16:30.302 I/livelock( 1800): ro.llk.blacklist.process=[watchdog/1],watchdogd,llkd,lmkd,1800,[khungtaskd],[kthreadd],init,[watchdogd/0],[watchdogd],2,1,0
06-22 13:16:30.302 I/livelock( 1800): ro.llk.blacklist.parent=[kthreadd],2,0,adbd&[setsid]
06-22 13:16:30.302 I/livelock( 1800): ro.llk.blacklist.uid=
06-22 13:16:30.306 I/RenderEngine( 1729): EGL information:
06-22 13:16:30.306 I/RenderEngine( 1729): vendor    : Android
06-22 13:16:30.306 I/RenderEngine( 1729): version   : 1.4 Android META-EGL
06-22 13:16:30.306 I/RenderEngine( 1729): extensions: EGL_KHR_get_all_proc_addresses EGL_ANDROID_presentation_time EGL_KHR_swap_buffers_with_damage EGL_ANDROID_get_native_client_buffer EGL_ANDROID_front_buffer_auto_refresh EGL_ANDROID_get_frame_timestamps EGL_EXT_surface_SMPTE2086_metadata EGL_EXT_surface_CTA861_3_metadata EGL_KHR_image EGL_KHR_image_base EGL_KHR_gl_texture_2D_image EGL_KHR_fence_sync EGL_KHR_create_context EGL_ANDROID_image_native_buffer EGL_ANDROID_recordable 
06-22 13:16:30.306 I/RenderEngine( 1729): Client API: OpenGL_ES
06-22 13:16:30.306 I/RenderEngine( 1729): EGLSurface: 8-8-8-8, config=0x5
06-22 13:16:30.307 D/EGL_emulation( 1729): eglCreateContext: 0x73a507552640: maj 3 min 0 rcv 3
06-22 13:16:30.308 D/EGL_emulation( 1729): eglMakeCurrent: 0x73a507552640: ver 3 0 (tinfo 0x73a507541f40)
06-22 13:16:30.309 I/hwservicemanager( 1566): getTransport: Cannot find entry android.hardware.audio@5.0::IDevicesFactory/default in either framework or device manifest.
06-22 13:16:30.311 I/RenderEngine( 1729): OpenGL ES informations:
06-22 13:16:30.311 I/RenderEngine( 1729): vendor    : Google (Google Inc.)
06-22 13:16:30.311 I/RenderEngine( 1729): renderer  : Android Emulator OpenGL ES Translator (Google SwiftShader)
06-22 13:16:30.311 I/RenderEngine( 1729): version   : OpenGL ES 3.0 (OpenGL ES 3.0 SwiftShader 4.0.0.1)
06-22 13:16:30.311 I/RenderEngine( 1729): extensions: GL_EXT_debug_marker GL_EXT_robustness GL_OES_EGL_sync GL_OES_EGL_image GL_OES_EGL_image_external GL_OES_depth24 GL_OES_depth32 GL_OES_element_index_uint GL_OES_texture_float GL_OES_texture_float_linear GL_OES_compressed_paletted_texture GL_OES_compressed_ETC1_RGB8_texture GL_OES_depth_texture GL_OES_texture_half_float GL_OES_texture_half_float_linear GL_OES_packed_depth_stencil GL_OES_vertex_half_float GL_OES_standard_derivatives GL_OES_texture_npot GL_OES_rgb8_rgba8 GL_EXT_color_buffer_float GL_EXT_color_buffer_half_float GL_EXT_texture_format_BGRA8888 GL_APPLE_texture_format_BGRA8888 ANDROID_EMU_CHECKSUM_HELPER_v1 ANDROID_EMU_native_sync_v2 ANDROID_EMU_dma_v1 ANDROID_EMU_direct_mem ANDROID_EMU_host_composition_v1 ANDROID_EMU_host_composition_v2 ANDROID_EMU_vulkan ANDROID_EMU_deferred_vulkan_commands ANDROID_EMU_vulkan_null_optional_strings ANDROID_EMU_vulkan_create_resources_with_requirements ANDROID_EMU_YUV_Cache ANDROID_EMU_vulkan_ignored_handles ANDROID_EMU_vulkan_free_memory_sync ANDROID_EM
06-22 13:16:30.311 I/RenderEngine( 1729): GL_MAX_TEXTURE_SIZE = 8192
06-22 13:16:30.311 I/RenderEngine( 1729): GL_MAX_VIEWPORT_DIMS = 8192
06-22 13:16:30.313 I/hwservicemanager( 1566): getTransport: Cannot find entry android.hardware.graphics.mapper@3.0::IMapper/default in either framework or device manifest.
06-22 13:16:30.313 D/ComposerHal( 1709): failed to get mapper 3.0 service, falling back to mapper 2.0
06-22 13:16:30.314 I/HWComposer( 1729): Switching to legacy multi-display mode
06-22 13:16:30.318 E/audiohalservice( 1685): Could not get passthrough implementation for android.hardware.audio@5.0::IDevicesFactory/default.
06-22 13:16:30.330 I/hwservicemanager( 1566): getTransport: Cannot find entry android.hardware.graphics.mapper@3.0::IMapper/default in either framework or device manifest.
06-22 13:16:30.330 W/Gralloc3( 1729): mapper 3.x is not supported
06-22 13:16:30.330 V/MediaUtils( 1768): physMem: 2089566208
06-22 13:16:30.330 V/MediaUtils( 1768): requested limit: 417913240
06-22 13:16:30.331 I/libc    ( 1768): malloc_limit: Allocation limit enabled, max size 417913240 bytes
06-22 13:16:30.332 I/hwservicemanager( 1566): getTransport: Cannot find entry android.hardware.graphics.allocator@3.0::IAllocator/default in either framework or device manifest.
06-22 13:16:30.332 W/Gralloc3( 1729): allocator 3.x is not supported
06-22 13:16:30.333 D/gralloc_ranchu( 1708): gralloc_alloc: Creating ashmem region of size 823296
06-22 13:16:30.333 D/HostConnection( 1729): createUnique: call
06-22 13:16:30.334 D/HostConnection( 1729): HostConnection::get() New Host Connection established 0x73a507552be0, tid 1729
06-22 13:16:30.334 D/HostConnection( 1729): HostComposition ext ANDROID_EMU_CHECKSUM_HELPER_v1 ANDROID_EMU_native_sync_v2 ANDROID_EMU_dma_v1 ANDROID_EMU_direct_mem ANDROID_EMU_host_composition_v1 ANDROID_EMU_host_composition_v2 ANDROID_EMU_vulkan ANDROID_EMU_deferred_vulkan_commands ANDROID_EMU_vulkan_null_optional_strings ANDROID_EMU_vulkan_create_resources_with_requirements ANDROID_EMU_YUV_Cache ANDROID_EMU_vulkan_ignored_handles ANDROID_EMU_vulkan_free_memory_sync ANDROID_EMU_vulkan_shader_float16_int8 ANDROID_EMU_vulkan_async_queue_submit ANDROID_EMU_sync_buffer_data ANDROID_EMU_vulkan_async_qsri ANDROID_EMU_hwc_color_transform GL_OES_EGL_image_external_essl3 GL_OES_vertex_array_object GL_KHR_texture_compression_astc_ldr ANDROID_EMU_host_side_tracing ANDROID_EMU_gles_max_version_3_0 
06-22 13:16:30.334 D/eglCodecCommon( 1729): allocate: Ask for block of size 0x1000
06-22 13:16:30.334 D/eglCodecCommon( 1729): allocate: ioctl allocate returned offset 0x3ffffa000 size 0x2000
06-22 13:16:30.335 D/gralloc_ranchu( 1708): gralloc_alloc: Creating ashmem region of size 823296
06-22 13:16:30.335 D/gralloc_ranchu( 1708): gralloc_alloc: Creating ashmem region of size 823296
06-22 13:16:30.347 I/ServiceManagement( 1685): Registered android.hardware.audio@4.0::IDevicesFactory/default (start delay of 803ms)
06-22 13:16:30.347 I/ServiceManagement( 1685): Removing namespace from process name android.hardware.audio@2.0-service to audio@2.0-service.
06-22 13:16:30.347 I/audiohalservice( 1685): Registration complete for android.hardware.audio@4.0::IDevicesFactory/default.
06-22 13:16:30.347 I/hwservicemanager( 1566): getTransport: Cannot find entry android.hardware.audio.effect@5.0::IEffectsFactory/default in either framework or device manifest.
06-22 13:16:30.347 E/audiohalservice( 1685): Could not get passthrough implementation for android.hardware.audio.effect@5.0::IEffectsFactory/default.
06-22 13:16:30.349 E/wifi_forwarder( 1796): RemoteConnection failed to initialize: RemoteConnection failed to open pipe
06-22 13:16:30.352 I/ServiceManagement( 1685): Registered android.hardware.audio.effect@4.0::IEffectsFactory/default (start delay of 808ms)
06-22 13:16:30.352 I/audiohalservice( 1685): Registration complete for android.hardware.audio.effect@4.0::IEffectsFactory/default.
06-22 13:16:30.352 I/hwservicemanager( 1566): getTransport: Cannot find entry android.hardware.soundtrigger@2.2::ISoundTriggerHw/default in either framework or device manifest.
06-22 13:16:30.352 E/audiohalservice( 1685): Could not get passthrough implementation for android.hardware.soundtrigger@2.2::ISoundTriggerHw/default.
06-22 13:16:30.353 I/hwservicemanager( 1566): getTransport: Cannot find entry android.hardware.soundtrigger@2.1::ISoundTriggerHw/default in either framework or device manifest.
06-22 13:16:30.353 E/audiohalservice( 1685): Could not get passthrough implementation for android.hardware.soundtrigger@2.1::ISoundTriggerHw/default.
06-22 13:16:30.353 I/hwservicemanager( 1566): getTransport: Cannot find entry android.hardware.soundtrigger@2.0::ISoundTriggerHw/default in either framework or device manifest.
06-22 13:16:30.361 W//system/bin/mediaextractor( 1768): Could not read additional policy file '/vendor/etc/seccomp_policy/mediaextractor.policy'
06-22 13:16:30.362 W//system/bin/mediaextractor( 1768): libminijail[1768]: failed to get path of fd 4: No such file or directory
06-22 13:16:30.362 W//system/bin/mediaextractor( 1768): libminijail[1768]: allowing syscall: socket
06-22 13:16:30.362 W//system/bin/mediaextractor( 1768): libminijail[1768]: allowing syscall: connect
06-22 13:16:30.362 W//system/bin/mediaextractor( 1768): libminijail[1768]: allowing syscall: fcntl
06-22 13:16:30.362 W//system/bin/mediaextractor( 1768): libminijail[1768]: allowing syscall: writev
06-22 13:16:30.363 D/AndroidRuntime( 1665): >>>>>> START com.android.internal.os.ZygoteInit uid 0 <<<<<<
06-22 13:16:30.376 I/ServiceManager( 1772): Waiting for service 'package_native' on '/dev/binder'...
06-22 13:16:30.384 E/SoundTriggerHalImpl( 1685): couldn't load sound trigger module sound_trigger.primary (No such file or directory)
06-22 13:16:30.385 W//system/bin/mediaextractor( 1768): libminijail[1768]: logging seccomp filter failures
06-22 13:16:30.386 I/ServiceManagement( 1685): Registered android.hardware.soundtrigger@2.0::ISoundTriggerHw/default (start delay of 842ms)
06-22 13:16:30.386 I/audiohalservice( 1685): Registration complete for android.hardware.soundtrigger@2.0::ISoundTriggerHw/default.
06-22 13:16:30.386 I/hwservicemanager( 1566): getTransport: Cannot find entry android.hardware.bluetooth.audio@2.0::IBluetoothAudioProvidersFactory/default in either framework or device manifest.
06-22 13:16:30.386 E/audiohalservice( 1685): Could not get passthrough implementation for android.hardware.bluetooth.audio@2.0::IBluetoothAudioProvidersFactory/default.
06-22 13:16:30.386 W/audiohalservice( 1685): Could not register Bluetooth Audio API 2.0
06-22 13:16:30.386 I/hwservicemanager( 1566): getTransport: Cannot find entry android.hardware.bluetooth.a2dp@1.0::IBluetoothAudioOffload/default in either framework or device manifest.
06-22 13:16:30.387 E/audiohalservice( 1685): Could not get passthrough implementation for android.hardware.bluetooth.a2dp@1.0::IBluetoothAudioOffload/default.
06-22 13:16:30.387 W/audiohalservice( 1685): Could not register Bluetooth audio offload 1.0
06-22 13:16:30.402 E/hostapd ( 1823): Configuration file: /data/vendor/wifi/hostapd/hostapd.conf
06-22 13:16:30.404 I/hostapd ( 1823): rfkill: Cannot get wiphy information
06-22 13:16:30.413 I/hwservicemanager( 1566): getTransport: Cannot find entry android.hardware.keymaster@4.0::IKeymasterDevice/default in either framework or device manifest.
06-22 13:16:30.415 I/keystore( 1763): found android.hardware.keymaster@3.0::IKeymasterDevice with interface name default and seclevel SOFTWARE
06-22 13:16:30.415 W/keystore( 1763): No secure Keymaster implementation found, but device offers insecure Keymaster HAL. Using as default.
06-22 13:16:30.418 I/ServiceManagement( 1763): Registered android.system.wifi.keystore@1.0::IKeystore/default (start delay of 434ms)
06-22 13:16:30.428 I/hostapd ( 1823): wlan1: interface state UNINITIALIZED->COUNTRY_UPDATE
06-22 13:16:30.477 I/ServiceManager( 1772): Waiting for service 'package_native' on '/dev/binder'...
06-22 13:16:30.492 I/ServiceManagement( 1776): Registered android.hardware.radio@1.1::IRadio/slot1 (start delay of 449ms)
06-22 13:16:30.493 I/ServiceManagement( 1776): Registered android.hardware.radio.deprecated@1.0::IOemHook/slot1 (start delay of 449ms)
06-22 13:16:30.510 D/RenderEngine( 1729): shader cache generated - 48 shaders in 174.562225 ms
06-22 13:16:30.513 I/ServiceManagement( 1729): Registered android.frameworks.displayservice@1.0::IDisplayService/default (start delay of 779ms)
06-22 13:16:30.513 D/SurfaceFlinger( 1729): Setting power mode 2 on display 0
06-22 13:16:30.513 D/SurfaceFlinger( 1729): Finished setting power mode 2 on display 0
06-22 13:16:30.529 D/AndroidRuntime( 1666): >>>>>> START com.android.internal.os.ZygoteInit uid 0 <<<<<<
06-22 13:16:30.542 I/AndroidRuntime( 1665): Using default boot image
06-22 13:16:30.542 I/AndroidRuntime( 1665): Leaving lock profiling enabled
06-22 13:16:30.553 I/zygote64( 1665): option[0]=-Xzygote
06-22 13:16:30.553 I/zygote64( 1665): option[1]=exit
06-22 13:16:30.553 I/zygote64( 1665): option[2]=vfprintf
06-22 13:16:30.553 I/zygote64( 1665): option[3]=sensitiveThread
06-22 13:16:30.553 I/zygote64( 1665): option[4]=-verbose:gc
06-22 13:16:30.553 I/zygote64( 1665): option[5]=-Xms4m
06-22 13:16:30.553 I/zygote64( 1665): option[6]=-Xmx512m
06-22 13:16:30.553 I/zygote64( 1665): option[7]=-Xusejit:true
06-22 13:16:30.553 I/zygote64( 1665): option[8]=-Xjitsaveprofilinginfo
06-22 13:16:30.553 I/zygote64( 1665): option[9]=-XjdwpOptions:suspend=n,server=y
06-22 13:16:30.553 I/zygote64( 1665): option[10]=-XjdwpProvider:default
06-22 13:16:30.553 I/zygote64( 1665): option[11]=-Xlockprofthreshold:500
06-22 13:16:30.553 I/zygote64( 1665): option[12]=-Ximage-compiler-option
06-22 13:16:30.553 I/zygote64( 1665): option[13]=--runtime-arg
06-22 13:16:30.553 I/zygote64( 1665): option[14]=-Ximage-compiler-option
06-22 13:16:30.553 I/zygote64( 1665): option[15]=-Xms64m
06-22 13:16:30.553 I/zygote64( 1665): option[16]=-Ximage-compiler-option
06-22 13:16:30.553 I/zygote64( 1665): option[17]=--runtime-arg
06-22 13:16:30.553 I/zygote64( 1665): option[18]=-Ximage-compiler-option
06-22 13:16:30.553 I/zygote64( 1665): option[19]=-Xmx64m
06-22 13:16:30.553 I/zygote64( 1665): option[20]=-Ximage-compiler-option
06-22 13:16:30.553 I/zygote64( 1665): option[21]=--profile-file=/system/etc/boot-image.prof
06-22 13:16:30.553 I/zygote64( 1665): option[22]=-Ximage-compiler-option
06-22 13:16:30.553 I/zygote64( 1665): option[23]=--compiler-filter=speed-profile
06-22 13:16:30.553 I/zygote64( 1665): option[24]=-Xcompiler-option
06-22 13:16:30.553 I/zygote64( 1665): option[25]=--runtime-arg
06-22 13:16:30.553 I/zygote64( 1665): option[26]=-Xcompiler-option
06-22 13:16:30.553 I/zygote64( 1665): option[27]=-Xms64m
06-22 13:16:30.553 I/zygote64( 1665): option[28]=-Xcompiler-option
06-22 13:16:30.553 I/zygote64( 1665): option[29]=--runtime-arg
06-22 13:16:30.553 I/zygote64( 1665): option[30]=-Xcompiler-option
06-22 13:16:30.553 I/zygote64( 1665): option[31]=-Xmx512m
06-22 13:16:30.553 I/zygote64( 1665): option[32]=-Ximage-compiler-option
06-22 13:16:30.553 I/zygote64( 1665): option[33]=--instruction-set-variant=x86_64
06-22 13:16:30.553 I/zygote64( 1665): option[34]=-Xcompiler-option
06-22 13:16:30.553 I/zygote64( 1665): option[35]=--instruction-set-variant=x86_64
06-22 13:16:30.553 I/zygote64( 1665): option[36]=-Ximage-compiler-option
06-22 13:16:30.553 I/zygote64( 1665): option[37]=--instruction-set-features=default
06-22 13:16:30.553 I/zygote64( 1665): option[38]=-Xcompiler-option
06-22 13:16:30.554 I/zygote64( 1665): option[39]=--instruction-set-features=default
06-22 13:16:30.554 I/zygote64( 1665): option[40]=-Duser.locale=en-US
06-22 13:16:30.554 I/zygote64( 1665): option[41]=--cpu-abilist=x86_64
06-22 13:16:30.554 I/zygote64( 1665): option[42]=-Xcompiler-option
06-22 13:16:30.554 I/zygote64( 1665): option[43]=--generate-mini-debug-info
06-22 13:16:30.554 I/zygote64( 1665): option[44]=-Xcore-platform-api-policy:just-warn
06-22 13:16:30.554 I/zygote64( 1665): option[45]=-Xfingerprint:google/sdk_gphone_x86_64/generic_x86_64:10/QSR1.211112.011/13135432:userdebug/dev-keys
06-22 13:16:30.573 I/media.codec( 1775): mediacodecservice starting
06-22 13:16:30.575 W/media.codec( 1775): Could not read additional policy file '/vendor/etc/seccomp_policy/mediacodec.policy'
06-22 13:16:30.575 W/media.codec( 1775): libminijail[1775]: failed to get path of fd 4: No such file or directory
06-22 13:16:30.575 W/media.codec( 1775): libminijail[1775]: allowing syscall: socketcall
06-22 13:16:30.575 W/media.codec( 1775): libminijail[1775]: allowing syscall: writev
06-22 13:16:30.575 W/media.codec( 1775): libminijail[1775]: allowing syscall: fcntl64
06-22 13:16:30.575 W/media.codec( 1775): libminijail[1775]: allowing syscall: clock_gettime
06-22 13:16:30.575 W/media.codec( 1775): libminijail[1775]: compile_file: <fd>(34): nonexistent syscall 'newfstatat'
06-22 13:16:30.577 I/ServiceManager( 1772): Waiting for service 'package_native' on '/dev/binder'...
06-22 13:16:30.578 W/media.codec( 1775): libminijail[1775]: logging seccomp filter failures
06-22 13:16:30.579 I/zygote64( 1665): Core platform API reporting enabled, enforcing=false
06-22 13:16:30.583 I/AndroidRuntime( 1666): Using default boot image
06-22 13:16:30.583 I/AndroidRuntime( 1666): Leaving lock profiling enabled
06-22 13:16:30.584 D/GoldfishOMXPlugin( 1775): called createOMXPlugin for Goldfish
06-22 13:16:30.584 D/GoldfishOMXPlugin( 1775): useAndroidGoldfishComponentInstance 73 found prop ro.kernel.qemu.hwcodec.vpxdec val 2
06-22 13:16:30.584 D/GoldfishOMXPlugin( 1775): found and use kComponents[i].name OMX.android.goldfish.vp8.decoder
06-22 13:16:30.584 D/GoldfishOMXPlugin( 1775): useAndroidGoldfishComponentInstance 73 found prop ro.kernel.qemu.hwcodec.vpxdec val 2
06-22 13:16:30.584 D/GoldfishOMXPlugin( 1775): found and use kComponents[i].name OMX.android.goldfish.vp9.decoder
06-22 13:16:30.584 D/GoldfishOMXPlugin( 1775): useAndroidGoldfishComponentInstance 73 found prop ro.kernel.qemu.hwcodec.avcdec val 2
06-22 13:16:30.584 D/GoldfishOMXPlugin( 1775): found and use kComponents[i].name OMX.android.goldfish.h264.decoder
06-22 13:16:30.584 D/GoldfishOMXPlugin( 1775): enumerate OMX.android.goldfish.vp8.decoder component
06-22 13:16:30.584 D/GoldfishOMXPlugin( 1775): enumerate OMX.android.goldfish.vp9.decoder component
06-22 13:16:30.584 D/GoldfishOMXPlugin( 1775): enumerate OMX.android.goldfish.h264.decoder component
06-22 13:16:30.600 I/zygote  ( 1666): option[0]=-Xzygote
06-22 13:16:30.600 I/zygote  ( 1666): option[1]=exit
06-22 13:16:30.600 I/zygote  ( 1666): option[2]=vfprintf
06-22 13:16:30.600 I/zygote  ( 1666): option[3]=sensitiveThread
06-22 13:16:30.600 I/zygote  ( 1666): option[4]=-verbose:gc
06-22 13:16:30.600 I/zygote  ( 1666): option[5]=-Xms4m
06-22 13:16:30.600 I/zygote  ( 1666): option[6]=-Xmx512m
06-22 13:16:30.600 I/zygote  ( 1666): option[7]=-Xusejit:true
06-22 13:16:30.600 I/zygote  ( 1666): option[8]=-Xjitsaveprofilinginfo
06-22 13:16:30.600 I/zygote  ( 1666): option[9]=-XjdwpOptions:suspend=n,server=y
06-22 13:16:30.600 I/zygote  ( 1666): option[10]=-XjdwpProvider:default
06-22 13:16:30.600 I/zygote  ( 1666): option[11]=-Xlockprofthreshold:500
06-22 13:16:30.600 I/zygote  ( 1666): option[12]=-Ximage-compiler-option
06-22 13:16:30.600 I/zygote  ( 1666): option[13]=--runtime-arg
06-22 13:16:30.600 I/zygote  ( 1666): option[14]=-Ximage-compiler-option
06-22 13:16:30.600 I/zygote  ( 1666): option[15]=-Xms64m
06-22 13:16:30.600 I/zygote  ( 1666): option[16]=-Ximage-compiler-option
06-22 13:16:30.600 I/zygote  ( 1666): option[17]=--runtime-arg
06-22 13:16:30.600 I/zygote  ( 1666): option[18]=-Ximage-compiler-option
06-22 13:16:30.600 I/zygote  ( 1666): option[19]=-Xmx64m
06-22 13:16:30.600 I/zygote  ( 1666): option[20]=-Ximage-compiler-option
06-22 13:16:30.600 I/zygote  ( 1666): option[21]=--profile-file=/system/etc/boot-image.prof
06-22 13:16:30.601 I/zygote  ( 1666): option[22]=-Ximage-compiler-option
06-22 13:16:30.601 I/zygote  ( 1666): option[23]=--compiler-filter=speed-profile
06-22 13:16:30.601 I/zygote  ( 1666): option[24]=-Xcompiler-option
06-22 13:16:30.601 I/zygote  ( 1666): option[25]=--runtime-arg
06-22 13:16:30.601 I/zygote  ( 1666): option[26]=-Xcompiler-option
06-22 13:16:30.601 I/zygote  ( 1666): option[27]=-Xms64m
06-22 13:16:30.601 I/zygote  ( 1666): option[28]=-Xcompiler-option
06-22 13:16:30.601 I/zygote  ( 1666): option[29]=--runtime-arg
06-22 13:16:30.601 I/zygote  ( 1666): option[30]=-Xcompiler-option
06-22 13:16:30.601 I/zygote  ( 1666): option[31]=-Xmx512m
06-22 13:16:30.601 I/zygote  ( 1666): option[32]=-Ximage-compiler-option
06-22 13:16:30.601 I/zygote  ( 1666): option[33]=--instruction-set-variant=x86_64
06-22 13:16:30.601 I/zygote  ( 1666): option[34]=-Xcompiler-option
06-22 13:16:30.601 I/zygote  ( 1666): option[35]=--instruction-set-variant=x86_64
06-22 13:16:30.601 I/zygote  ( 1666): option[36]=-Ximage-compiler-option
06-22 13:16:30.601 I/zygote  ( 1666): option[37]=--instruction-set-features=default
06-22 13:16:30.601 I/zygote  ( 1666): option[38]=-Xcompiler-option
06-22 13:16:30.601 I/zygote  ( 1666): option[39]=--instruction-set-features=default
06-22 13:16:30.601 I/zygote  ( 1666): option[40]=-Duser.locale=en-US
06-22 13:16:30.601 I/zygote  ( 1666): option[41]=--cpu-abilist=x86
06-22 13:16:30.601 I/zygote  ( 1666): option[42]=-Xcompiler-option
06-22 13:16:30.601 I/zygote  ( 1666): option[43]=--generate-mini-debug-info
06-22 13:16:30.601 I/zygote  ( 1666): option[44]=-Xcore-platform-api-policy:just-warn
06-22 13:16:30.601 I/zygote  ( 1666): option[45]=-Xfingerprint:google/sdk_gphone_x86_64/generic_x86_64:10/QSR1.211112.011/13135432:userdebug/dev-keys
06-22 13:16:30.615 I/SoftOMXPlugin( 1775): createOMXPlugin
06-22 13:16:30.616 I/cameraserver( 1758): ServiceManager: 0x766f26105100
06-22 13:16:30.618 D/MediaCodecsXmlParser( 1775): parsing /vendor/etc/media_codecs.xml...
06-22 13:16:30.618 D/MediaCodecsXmlParser( 1775): parsing /vendor/etc/media_codecs_google_audio.xml...
06-22 13:16:30.618 I/CameraService( 1758): CameraService started (pid=1758)
06-22 13:16:30.618 I/CameraService( 1758): CameraService process starting
06-22 13:16:30.618 W/BatteryNotifier( 1758): batterystats service unavailable!
06-22 13:16:30.618 W/BatteryNotifier( 1758): batterystats service unavailable!
06-22 13:16:30.618 I/MediaCodecsXmlParser( 1775): limit: max-channel-count = 2
06-22 13:16:30.618 I/MediaCodecsXmlParser( 1775): limit: sample-rate-ranges = 8000,11025,12000,16000,22050,24000,32000,44100,48000
06-22 13:16:30.618 I/MediaCodecsXmlParser( 1775): limit: bitrate-range = 8000-320000
06-22 13:16:30.618 I/MediaCodecsXmlParser( 1775): limit: max-channel-count = 1
06-22 13:16:30.619 I/MediaCodecsXmlParser( 1775): limit: sample-rate-ranges = 8000
06-22 13:16:30.619 I/MediaCodecsXmlParser( 1775): limit: bitrate-range = 4750-12200
06-22 13:16:30.619 I/MediaCodecsXmlParser( 1775): limit: max-channel-count = 1
06-22 13:16:30.619 I/MediaCodecsXmlParser( 1775): limit: sample-rate-ranges = 16000
06-22 13:16:30.619 I/MediaCodecsXmlParser( 1775): limit: bitrate-range = 6600-23850
06-22 13:16:30.619 I/MediaCodecsXmlParser( 1775): limit: max-channel-count = 8
06-22 13:16:30.619 I/MediaCodecsXmlParser( 1775): limit: sample-rate-ranges = 7350,8000,11025,12000,16000,22050,24000,32000,44100,48000
06-22 13:16:30.619 I/MediaCodecsXmlParser( 1775): limit: bitrate-range = 8000-960000
06-22 13:16:30.619 I/MediaCodecsXmlParser( 1775): limit: max-channel-count = 1
06-22 13:16:30.619 I/MediaCodecsXmlParser( 1775): limit: sample-rate-ranges = 8000-48000
06-22 13:16:30.619 I/MediaCodecsXmlParser( 1775): limit: bitrate-range = 64000
06-22 13:16:30.619 I/MediaCodecsXmlParser( 1775): limit: max-channel-count = 1
06-22 13:16:30.619 I/MediaCodecsXmlParser( 1775): limit: sample-rate-ranges = 8000-48000
06-22 13:16:30.619 I/MediaCodecsXmlParser( 1775): limit: bitrate-range = 64000
06-22 13:16:30.619 I/MediaCodecsXmlParser( 1775): limit: max-channel-count = 8
06-22 13:16:30.619 I/MediaCodecsXmlParser( 1775): limit: sample-rate-ranges = 8000-96000
06-22 13:16:30.619 I/MediaCodecsXmlParser( 1775): limit: bitrate-range = 32000-500000
06-22 13:16:30.619 I/MediaCodecsXmlParser( 1775): limit: max-channel-count = 8
06-22 13:16:30.619 I/MediaCodecsXmlParser( 1775): limit: sample-rate-ranges = 48000
06-22 13:16:30.619 I/MediaCodecsXmlParser( 1775): limit: bitrate-range = 6000-510000
06-22 13:16:30.619 I/MediaCodecsXmlParser( 1775): limit: max-channel-count = 8
06-22 13:16:30.619 I/MediaCodecsXmlParser( 1775): limit: sample-rate-ranges = 8000-192000
06-22 13:16:30.619 I/MediaCodecsXmlParser( 1775): limit: bitrate-range = 1-10000000
06-22 13:16:30.619 I/MediaCodecsXmlParser( 1775): limit: max-channel-count = 8
06-22 13:16:30.619 I/MediaCodecsXmlParser( 1775): limit: sample-rate-ranges = 1-655350
06-22 13:16:30.619 I/MediaCodecsXmlParser( 1775): limit: bitrate-range = 1-21000000
06-22 13:16:30.619 I/MediaCodecsXmlParser( 1775): limit: max-channel-count = 6
06-22 13:16:30.619 I/MediaCodecsXmlParser( 1775): limit: sample-rate-ranges = 8000,11025,12000,16000,22050,24000,32000,44100,48000
06-22 13:16:30.619 I/MediaCodecsXmlParser( 1775): limit: bitrate-range = 8000-960000
06-22 13:16:30.619 I/MediaCodecsXmlParser( 1775): limit: max-channel-count = 1
06-22 13:16:30.619 I/MediaCodecsXmlParser( 1775): limit: sample-rate-ranges = 8000
06-22 13:16:30.619 I/MediaCodecsXmlParser( 1775): limit: bitrate-range = 4750-12200
06-22 13:16:30.619 I/MediaCodecsXmlParser( 1775): limit: feature-bitrate-modes = CBR
06-22 13:16:30.619 I/MediaCodecsXmlParser( 1775): limit: max-channel-count = 1
06-22 13:16:30.619 I/MediaCodecsXmlParser( 1775): limit: sample-rate-ranges = 16000
06-22 13:16:30.619 I/MediaCodecsXmlParser( 1775): limit: bitrate-range = 6600-23850
06-22 13:16:30.619 I/MediaCodecsXmlParser( 1775): limit: feature-bitrate-modes = CBR
06-22 13:16:30.619 I/MediaCodecsXmlParser( 1775): limit: max-channel-count = 2
06-22 13:16:30.619 I/MediaCodecsXmlParser( 1775): limit: sample-rate-ranges = 1-655350
06-22 13:16:30.619 I/MediaCodecsXmlParser( 1775): limit: bitrate-range = 1-21000000
06-22 13:16:30.619 I/MediaCodecsXmlParser( 1775): limit: complexity-default = 5
06-22 13:16:30.619 I/MediaCodecsXmlParser( 1775): limit: complexity-range = 0-8
06-22 13:16:30.619 I/MediaCodecsXmlParser( 1775): limit: feature-bitrate-modes = CQ
06-22 13:16:30.620 I/CameraProviderManager( 1758): Connecting to new camera provider: legacy/0, isRemote? 1
06-22 13:16:30.620 I/CameraProviderManager( 1758): Camera provider legacy/0 ready with 0 camera devices
06-22 13:16:30.620 I/hwservicemanager( 1566): getTransport: Cannot find entry android.hardware.camera.provider@2.4::ICameraProvider/external/0 in either framework or device manifest.
06-22 13:16:30.621 I/        ( 1758): Waiting for activity service
06-22 13:16:30.622 D/MediaCodecsXmlParser( 1775): parsing /vendor/etc/media_codecs_google_telephony.xml...
06-22 13:16:30.624 I/MediaCodecsXmlParser( 1775): limit: max-channel-count = 1
06-22 13:16:30.624 I/MediaCodecsXmlParser( 1775): limit: sample-rate-ranges = 8000
06-22 13:16:30.624 I/MediaCodecsXmlParser( 1775): limit: bitrate-range = 13000
06-22 13:16:30.624 D/MediaCodecsXmlParser( 1775): parsing /vendor/etc/media_codecs_google_video.xml...
06-22 13:16:30.625 I/MediaCodecsXmlParser( 1775): limit: size-range = 2x2-352x288
06-22 13:16:30.625 I/MediaCodecsXmlParser( 1775): limit: alignment = 2x2
06-22 13:16:30.625 I/MediaCodecsXmlParser( 1775): limit: block-size = 16x16
06-22 13:16:30.625 I/MediaCodecsXmlParser( 1775): limit: blocks-per-second-range = 12-11880
06-22 13:16:30.625 I/MediaCodecsXmlParser( 1775): limit: bitrate-range = 1-384000
06-22 13:16:30.625 I/MediaCodecsXmlParser( 1775): limit: performance-point-1920x1080-range = 30-30
06-22 13:16:30.625 I/MediaCodecsXmlParser( 1775): limit: feature-adaptive-playback = 0
06-22 13:16:30.625 I/MediaCodecsXmlParser( 1775): limit: size-range = 2x2-352x288
06-22 13:16:30.625 I/MediaCodecsXmlParser( 1775): limit: alignment = 2x2
06-22 13:16:30.625 I/MediaCodecsXmlParser( 1775): limit: bitrate-range = 1-384000
06-22 13:16:30.625 I/MediaCodecsXmlParser( 1775): limit: performance-point-1920x1080-range = 30-30
06-22 13:16:30.625 I/MediaCodecsXmlParser( 1775): limit: feature-adaptive-playback = 0
06-22 13:16:30.625 I/MediaCodecsXmlParser( 1775): limit: size-range = 96x96-3840x2160
06-22 13:16:30.625 I/MediaCodecsXmlParser( 1775): limit: alignment = 2x2
06-22 13:16:30.625 I/MediaCodecsXmlParser( 1775): limit: block-size = 16x16
06-22 13:16:30.625 I/MediaCodecsXmlParser( 1775): limit: blocks-per-second-range = 24-2073600
06-22 13:16:30.625 I/MediaCodecsXmlParser( 1775): limit: bitrate-range = 1-120000000
06-22 13:16:30.625 I/MediaCodecsXmlParser( 1775): limit: frame-rate-range = 1-480
06-22 13:16:30.625 I/MediaCodecsXmlParser( 1775): limit: performance-point-3840x2160-range = 60-60
06-22 13:16:30.625 I/MediaCodecsXmlParser( 1775): limit: measured-frame-rate-320x240-range = 257-266
06-22 13:16:30.625 I/MediaCodecsXmlParser( 1775): limit: measured-frame-rate-720x480-range = 262-264
06-22 13:16:30.625 I/MediaCodecsXmlParser( 1775): limit: measured-frame-rate-1280x720-range = 227-251
06-22 13:16:30.625 I/MediaCodecsXmlParser( 1775): limit: measured-frame-rate-1920x1080-range = 235-247
06-22 13:16:30.625 I/MediaCodecsXmlParser( 1775): limit: measured-frame-rate-3840x2160-range = 235-247
06-22 13:16:30.625 I/MediaCodecsXmlParser( 1775): limit: feature-adaptive-playback = 0
06-22 13:16:30.625 I/MediaCodecsXmlParser( 1775): limit: size-range = 2x2-2560x2560
06-22 13:16:30.625 I/MediaCodecsXmlParser( 1775): limit: alignment = 2x2
06-22 13:16:30.625 I/MediaCodecsXmlParser( 1775): limit: block-size = 16x16
06-22 13:16:30.625 I/MediaCodecsXmlParser( 1775): limit: blocks-per-second-range = 24-2073600
06-22 13:16:30.625 I/MediaCodecsXmlParser( 1775): limit: bitrate-range = 1-120000000
06-22 13:16:30.625 I/MediaCodecsXmlParser( 1775): limit: frame-rate-range = 1-480
06-22 13:16:30.625 I/MediaCodecsXmlParser( 1775): limit: performance-point-1920x1088-range = 30-30
06-22 13:16:30.625 I/MediaCodecsXmlParser( 1775): limit: measured-frame-rate-320x240-range = 183-183
06-22 13:16:30.625 I/MediaCodecsXmlParser( 1775): limit: measured-frame-rate-720x480-range = 181-181
06-22 13:16:30.625 I/MediaCodecsXmlParser( 1775): limit: measured-frame-rate-1280x720-range = 182-184
06-22 13:16:30.625 I/MediaCodecsXmlParser( 1775): limit: measured-frame-rate-1920x1080-range = 30-40
06-22 13:16:30.625 I/MediaCodecsXmlParser( 1775): limit: feature-adaptive-playback = 0
06-22 13:16:30.625 I/MediaCodecsXmlParser( 1775): limit: size-range = 2x2-2048x2048
06-22 13:16:30.625 I/MediaCodecsXmlParser( 1775): limit: alignment = 2x2
06-22 13:16:30.625 I/MediaCodecsXmlParser( 1775): limit: block-size = 8x8
06-22 13:16:30.625 I/MediaCodecsXmlParser( 1775): limit: block-count-range = 1-139264
06-22 13:16:30.625 I/MediaCodecsXmlParser( 1775): limit: blocks-per-second-range = 1-2000000
06-22 13:16:30.625 I/MediaCodecsXmlParser( 1775): limit: bitrate-range = 1-10000000
06-22 13:16:30.625 I/MediaCodecsXmlParser( 1775): limit: performance-point-1920x1080-range = 30-30
06-22 13:16:30.625 I/MediaCodecsXmlParser( 1775): limit: feature-adaptive-playback = 0
06-22 13:16:30.625 I/MediaCodecsXmlParser( 1775): limit: size-range = 144x144-3840x2160
06-22 13:16:30.626 I/MediaCodecsXmlParser( 1775): limit: alignment = 2x2
06-22 13:16:30.626 I/MediaCodecsXmlParser( 1775): limit: block-size = 16x16
06-22 13:16:30.626 I/MediaCodecsXmlParser( 1775): limit: blocks-per-second-range = 24-2073600
06-22 13:16:30.626 I/MediaCodecsXmlParser( 1775): limit: bitrate-range = 1-120000000
06-22 13:16:30.626 I/MediaCodecsXmlParser( 1775): limit: frame-rate-range = 1-480
06-22 13:16:30.626 I/MediaCodecsXmlParser( 1775): limit: performance-point-3840x2160-range = 60-60
06-22 13:16:30.626 I/MediaCodecsXmlParser( 1775): limit: measured-frame-rate-320x180-range = 743-817
06-22 13:16:30.626 I/MediaCodecsXmlParser( 1775): limit: measured-frame-rate-640x360-range = 582-602
06-22 13:16:30.626 I/MediaCodecsXmlParser( 1775): limit: measured-frame-rate-1280x720-range = 237-258
06-22 13:16:30.626 I/MediaCodecsXmlParser( 1775): limit: measured-frame-rate-1920x1080-range = 148-151
06-22 13:16:30.626 I/MediaCodecsXmlParser( 1775): limit: measured-frame-rate-3840x2160-range = 30-90
06-22 13:16:30.626 I/MediaCodecsXmlParser( 1775): limit: feature-adaptive-playback = 0
06-22 13:16:30.626 I/MediaCodecsXmlParser( 1775): limit: size-range = 144x144-3840x2160
06-22 13:16:30.626 I/MediaCodecsXmlParser( 1775): limit: alignment = 2x2
06-22 13:16:30.626 I/MediaCodecsXmlParser( 1775): limit: block-size = 16x16
06-22 13:16:30.626 I/MediaCodecsXmlParser( 1775): limit: blocks-per-second-range = 24-2073600
06-22 13:16:30.626 I/MediaCodecsXmlParser( 1775): limit: bitrate-range = 1-120000000
06-22 13:16:30.626 I/MediaCodecsXmlParser( 1775): limit: frame-rate-range = 1-480
06-22 13:16:30.626 I/MediaCodecsXmlParser( 1775): limit: performance-point-3840x2160-range = 60-60
06-22 13:16:30.626 I/MediaCodecsXmlParser( 1775): limit: measured-frame-rate-320x180-range = 743-817
06-22 13:16:30.626 I/MediaCodecsXmlParser( 1775): limit: measured-frame-rate-640x360-range = 582-602
06-22 13:16:30.626 I/MediaCodecsXmlParser( 1775): limit: measured-frame-rate-1280x720-range = 237-258
06-22 13:16:30.626 I/MediaCodecsXmlParser( 1775): limit: measured-frame-rate-1920x1080-range = 50-60
06-22 13:16:30.626 I/MediaCodecsXmlParser( 1775): limit: measured-frame-rate-3840x2160-range = 30-90
06-22 13:16:30.626 I/MediaCodecsXmlParser( 1775): limit: feature-adaptive-playback = 0
06-22 13:16:30.626 I/MediaCodecsXmlParser( 1775): limit: size-range = 2x2-2560x2560
06-22 13:16:30.626 I/MediaCodecsXmlParser( 1775): limit: alignment = 2x2
06-22 13:16:30.626 I/MediaCodecsXmlParser( 1775): limit: block-size = 16x16
06-22 13:16:30.626 I/MediaCodecsXmlParser( 1775): limit: blocks-per-second-range = 24-2073600
06-22 13:16:30.626 I/MediaCodecsXmlParser( 1775): limit: bitrate-range = 1-120000000
06-22 13:16:30.626 I/MediaCodecsXmlParser( 1775): limit: frame-rate-range = 1-480
06-22 13:16:30.626 I/MediaCodecsXmlParser( 1775): limit: performance-point-1920x1088-range = 60-60
06-22 13:16:30.626 I/MediaCodecsXmlParser( 1775): limit: measured-frame-rate-320x240-range = 183-183
06-22 13:16:30.626 I/MediaCodecsXmlParser( 1775): limit: measured-frame-rate-720x480-range = 181-181
06-22 13:16:30.626 I/MediaCodecsXmlParser( 1775): limit: measured-frame-rate-1280x720-range = 182-184
06-22 13:16:30.626 I/MediaCodecsXmlParser( 1775): limit: measured-frame-rate-1920x1088-range = 50-60
06-22 13:16:30.626 I/MediaCodecsXmlParser( 1775): limit: measured-frame-rate-2560x1440-range = 30-40
06-22 13:16:30.626 I/MediaCodecsXmlParser( 1775): limit: feature-adaptive-playback = 0
06-22 13:16:30.626 I/MediaCodecsXmlParser( 1775): limit: size-range = 2x2-2560x2560
06-22 13:16:30.626 I/MediaCodecsXmlParser( 1775): limit: alignment = 2x2
06-22 13:16:30.626 I/MediaCodecsXmlParser( 1775): limit: block-size = 16x16
06-22 13:16:30.626 I/MediaCodecsXmlParser( 1775): limit: blocks-per-second-range = 24-2073600
06-22 13:16:30.626 I/MediaCodecsXmlParser( 1775): limit: bitrate-range = 1-120000000
06-22 13:16:30.626 I/MediaCodecsXmlParser( 1775): limit: frame-rate-range = 1-480
06-22 13:16:30.626 I/MediaCodecsXmlParser( 1775): limit: performance-point-1920x1088-range = 60-60
06-22 13:16:30.626 I/MediaCodecsXmlParser( 1775): limit: measured-frame-rate-320x240-range = 183-183
06-22 13:16:30.626 I/MediaCodecsXmlParser( 1775): limit: measured-frame-rate-720x480-range = 181-181
06-22 13:16:30.626 I/MediaCodecsXmlParser( 1775): limit: measured-frame-rate-1280x720-range = 121-125
06-22 13:16:30.626 I/MediaCodecsXmlParser( 1775): limit: measured-frame-rate-1920x1088-range = 148-151
06-22 13:16:30.626 I/MediaCodecsXmlParser( 1775): limit: measured-frame-rate-2560x1440-range = 30-40
06-22 13:16:30.626 I/MediaCodecsXmlParser( 1775): limit: feature-adaptive-playback = 0
06-22 13:16:30.626 I/MediaCodecsXmlParser( 1775): limit: size-range = 176x144-176x144
06-22 13:16:30.626 I/MediaCodecsXmlParser( 1775): limit: alignment = 16x16
06-22 13:16:30.626 I/MediaCodecsXmlParser( 1775): limit: bitrate-range = 1-128000
06-22 13:16:30.626 I/MediaCodecsXmlParser( 1775): limit: size-range = 16x16-1920x1088
06-22 13:16:30.626 I/MediaCodecsXmlParser( 1775): limit: alignment = 2x2
06-22 13:16:30.626 I/MediaCodecsXmlParser( 1775): limit: block-size = 16x16
06-22 13:16:30.626 I/MediaCodecsXmlParser( 1775): limit: blocks-per-second-range = 1-244800
06-22 13:16:30.627 I/MediaCodecsXmlParser( 1775): limit: bitrate-range = 1-20000000
06-22 13:16:30.627 I/MediaCodecsXmlParser( 1775): limit: feature-intra-refresh = 0
06-22 13:16:30.627 I/MediaCodecsXmlParser( 1775): limit: size-range = 16x16-176x144
06-22 13:16:30.627 I/MediaCodecsXmlParser( 1775): limit: alignment = 16x16
06-22 13:16:30.627 I/MediaCodecsXmlParser( 1775): limit: block-size = 16x16
06-22 13:16:30.627 I/MediaCodecsXmlParser( 1775): limit: blocks-per-second-range = 12-1485
06-22 13:16:30.627 I/MediaCodecsXmlParser( 1775): limit: bitrate-range = 1-64000
06-22 13:16:30.627 I/MediaCodecsXmlParser( 1775): limit: size-range = 2x2-2048x2048
06-22 13:16:30.627 I/MediaCodecsXmlParser( 1775): limit: alignment = 2x2
06-22 13:16:30.627 I/MediaCodecsXmlParser( 1775): limit: bitrate-range = 1-40000000
06-22 13:16:30.627 I/MediaCodecsXmlParser( 1775): limit: feature-bitrate-modes = VBR,CBR
06-22 13:16:30.627 D/MediaCodecsXmlParser( 1775): parsing /vendor/etc/media_codecs_performance.xml...
06-22 13:16:30.633 I/MediaCodecsXmlParser( 1775): limit: measured-frame-rate-176x144-range = 849-1008
06-22 13:16:30.633 I/MediaCodecsXmlParser( 1775): limit: measured-frame-rate-320x240-range = 496-629
06-22 13:16:30.633 I/MediaCodecsXmlParser( 1775): limit: measured-frame-rate-720x480-range = 197-203
06-22 13:16:30.633 I/MediaCodecsXmlParser( 1775): limit: measured-frame-rate-1280x720-range = 93-97
06-22 13:16:30.633 I/MediaCodecsXmlParser( 1775): limit: measured-frame-rate-1920x1080-range = 45-47
06-22 13:16:30.633 I/MediaCodecsXmlParser( 1775): limit: measured-frame-rate-176x144-range = 881-1142
06-22 13:16:30.633 I/MediaCodecsXmlParser( 1775): limit: measured-frame-rate-320x180-range = 249-285
06-22 13:16:30.633 I/MediaCodecsXmlParser( 1775): limit: measured-frame-rate-640x360-range = 104-115
06-22 13:16:30.633 I/MediaCodecsXmlParser( 1775): limit: measured-frame-rate-1280x720-range = 34-35
06-22 13:16:30.633 I/MediaCodecsXmlParser( 1775): limit: measured-frame-rate-1920x1080-range = 26-29
06-22 13:16:30.633 I/MediaCodecsXmlParser( 1775): limit: measured-frame-rate-176x144-range = 1246-1390
06-22 13:16:30.633 I/MediaCodecsXmlParser( 1775): limit: measured-frame-rate-352x288-range = 1121-1128
06-22 13:16:30.633 I/MediaCodecsXmlParser( 1775): limit: measured-frame-rate-320x240-range = 299-629
06-22 13:16:30.633 I/MediaCodecsXmlParser( 1775): limit: measured-frame-rate-720x480-range = 215-250
06-22 13:16:30.633 I/MediaCodecsXmlParser( 1775): limit: measured-frame-rate-1280x720-range = 75-85
06-22 13:16:30.633 I/MediaCodecsXmlParser( 1775): limit: measured-frame-rate-1920x1080-range = 31-34
06-22 13:16:30.633 I/MediaCodecsXmlParser( 1775): limit: measured-frame-rate-352x288-range = 754-817
06-22 13:16:30.633 I/MediaCodecsXmlParser( 1775): limit: measured-frame-rate-640x360-range = 323-394
06-22 13:16:30.633 I/MediaCodecsXmlParser( 1775): limit: measured-frame-rate-720x480-range = 349-372
06-22 13:16:30.633 I/MediaCodecsXmlParser( 1775): limit: measured-frame-rate-1280x720-range = 144-157
06-22 13:16:30.633 I/MediaCodecsXmlParser( 1775): limit: measured-frame-rate-1920x1080-range = 74-85
06-22 13:16:30.633 I/MediaCodecsXmlParser( 1775): limit: measured-frame-rate-176x144-range = 1439-1625
06-22 13:16:30.633 I/MediaCodecsXmlParser( 1775): limit: measured-frame-rate-320x180-range = 1129-1261
06-22 13:16:30.633 I/MediaCodecsXmlParser( 1775): limit: measured-frame-rate-640x360-range = 471-525
06-22 13:16:30.633 I/MediaCodecsXmlParser( 1775): limit: measured-frame-rate-1280x720-range = 126-145
06-22 13:16:30.633 I/MediaCodecsXmlParser( 1775): limit: measured-frame-rate-1920x1080-range = 48-51
06-22 13:16:30.633 I/MediaCodecsXmlParser( 1775): limit: measured-frame-rate-2160x2160-range = 31-34
06-22 13:16:30.633 I/MediaCodecsXmlParser( 1775): limit: measured-frame-rate-320x180-range = 968-1101
06-22 13:16:30.633 I/MediaCodecsXmlParser( 1775): limit: measured-frame-rate-640x360-range = 291-338
06-22 13:16:30.633 I/MediaCodecsXmlParser( 1775): limit: measured-frame-rate-1280x720-range = 280-400
06-22 13:16:30.633 I/MediaCodecsXmlParser( 1775): limit: measured-frame-rate-1920x1080-range = 178-240
06-22 13:16:30.633 I/MediaCodecsXmlParser( 1775): limit: measured-frame-rate-2560x1440-range = 31-34
06-22 13:16:30.633 D/MediaCodecsXmlParser( 1775): Cannot find /data/misc/media/media_codecs_profiling_results.xml
06-22 13:16:30.634 I/zygote  ( 1666): Core platform API reporting enabled, enforcing=false
06-22 13:16:30.635 I/ServiceManagement( 1775): Registered android.hardware.media.omx@1.0::IOmx/default (start delay of 601ms)
06-22 13:16:30.635 I/ServiceManagement( 1775): Removing namespace from process name android.hardware.media.omx@1.0-service to omx@1.0-service.
06-22 13:16:30.635 I/media.codec( 1775): IOmx HAL service created.
06-22 13:16:30.635 D/MediaCodecsXmlParser( 1775): parsing /vendor/etc/media_codecs.xml...
06-22 13:16:30.636 D/MediaCodecsXmlParser( 1775): parsing /vendor/etc/media_codecs_google_audio.xml...
06-22 13:16:30.636 I/MediaCodecsXmlParser( 1775): limit: max-channel-count = 2
06-22 13:16:30.636 I/MediaCodecsXmlParser( 1775): limit: sample-rate-ranges = 8000,11025,12000,16000,22050,24000,32000,44100,48000
06-22 13:16:30.636 I/MediaCodecsXmlParser( 1775): limit: bitrate-range = 8000-320000
06-22 13:16:30.636 I/MediaCodecsXmlParser( 1775): limit: max-channel-count = 1
06-22 13:16:30.636 I/MediaCodecsXmlParser( 1775): limit: sample-rate-ranges = 8000
06-22 13:16:30.636 I/MediaCodecsXmlParser( 1775): limit: bitrate-range = 4750-12200
06-22 13:16:30.636 I/MediaCodecsXmlParser( 1775): limit: max-channel-count = 1
06-22 13:16:30.636 I/MediaCodecsXmlParser( 1775): limit: sample-rate-ranges = 16000
06-22 13:16:30.636 I/MediaCodecsXmlParser( 1775): limit: bitrate-range = 6600-23850
06-22 13:16:30.636 I/MediaCodecsXmlParser( 1775): limit: max-channel-count = 8
06-22 13:16:30.636 I/MediaCodecsXmlParser( 1775): limit: sample-rate-ranges = 7350,8000,11025,12000,16000,22050,24000,32000,44100,48000
06-22 13:16:30.636 I/MediaCodecsXmlParser( 1775): limit: bitrate-range = 8000-960000
06-22 13:16:30.636 I/MediaCodecsXmlParser( 1775): limit: max-channel-count = 1
06-22 13:16:30.637 I/MediaCodecsXmlParser( 1775): limit: sample-rate-ranges = 8000-48000
06-22 13:16:30.637 I/MediaCodecsXmlParser( 1775): limit: bitrate-range = 64000
06-22 13:16:30.637 I/MediaCodecsXmlParser( 1775): limit: max-channel-count = 1
06-22 13:16:30.637 I/MediaCodecsXmlParser( 1775): limit: sample-rate-ranges = 8000-48000
06-22 13:16:30.637 I/MediaCodecsXmlParser( 1775): limit: bitrate-range = 64000
06-22 13:16:30.637 I/MediaCodecsXmlParser( 1775): limit: max-channel-count = 8
06-22 13:16:30.637 I/MediaCodecsXmlParser( 1775): limit: sample-rate-ranges = 8000-96000
06-22 13:16:30.637 I/MediaCodecsXmlParser( 1775): limit: bitrate-range = 32000-500000
06-22 13:16:30.637 I/MediaCodecsXmlParser( 1775): limit: max-channel-count = 8
06-22 13:16:30.637 I/MediaCodecsXmlParser( 1775): limit: sample-rate-ranges = 48000
06-22 13:16:30.637 I/MediaCodecsXmlParser( 1775): limit: bitrate-range = 6000-510000
06-22 13:16:30.637 I/MediaCodecsXmlParser( 1775): limit: max-channel-count = 8
06-22 13:16:30.637 I/MediaCodecsXmlParser( 1775): limit: sample-rate-ranges = 8000-192000
06-22 13:16:30.637 I/MediaCodecsXmlParser( 1775): limit: bitrate-range = 1-10000000
06-22 13:16:30.637 I/MediaCodecsXmlParser( 1775): limit: max-channel-count = 8
06-22 13:16:30.637 I/MediaCodecsXmlParser( 1775): limit: sample-rate-ranges = 1-655350
06-22 13:16:30.637 I/MediaCodecsXmlParser( 1775): limit: bitrate-range = 1-21000000
06-22 13:16:30.637 I/MediaCodecsXmlParser( 1775): limit: max-channel-count = 6
06-22 13:16:30.637 I/MediaCodecsXmlParser( 1775): limit: sample-rate-ranges = 8000,11025,12000,16000,22050,24000,32000,44100,48000
06-22 13:16:30.637 I/MediaCodecsXmlParser( 1775): limit: bitrate-range = 8000-960000
06-22 13:16:30.637 I/MediaCodecsXmlParser( 1775): limit: max-channel-count = 1
06-22 13:16:30.637 I/MediaCodecsXmlParser( 1775): limit: sample-rate-ranges = 8000
06-22 13:16:30.637 I/MediaCodecsXmlParser( 1775): limit: bitrate-range = 4750-12200
06-22 13:16:30.637 I/MediaCodecsXmlParser( 1775): limit: feature-bitrate-modes = CBR
06-22 13:16:30.637 I/MediaCodecsXmlParser( 1775): limit: max-channel-count = 1
06-22 13:16:30.637 I/MediaCodecsXmlParser( 1775): limit: sample-rate-ranges = 16000
06-22 13:16:30.637 I/MediaCodecsXmlParser( 1775): limit: bitrate-range = 6600-23850
06-22 13:16:30.637 I/MediaCodecsXmlParser( 1775): limit: feature-bitrate-modes = CBR
06-22 13:16:30.637 I/MediaCodecsXmlParser( 1775): limit: max-channel-count = 2
06-22 13:16:30.637 I/MediaCodecsXmlParser( 1775): limit: sample-rate-ranges = 1-655350
06-22 13:16:30.637 I/MediaCodecsXmlParser( 1775): limit: bitrate-range = 1-21000000
06-22 13:16:30.637 I/MediaCodecsXmlParser( 1775): limit: complexity-default = 5
06-22 13:16:30.637 I/MediaCodecsXmlParser( 1775): limit: complexity-range = 0-8
06-22 13:16:30.637 I/MediaCodecsXmlParser( 1775): limit: feature-bitrate-modes = CQ
06-22 13:16:30.637 D/MediaCodecsXmlParser( 1775): parsing /vendor/etc/media_codecs_google_telephony.xml...
06-22 13:16:30.637 I/MediaCodecsXmlParser( 1775): limit: max-channel-count = 1
06-22 13:16:30.637 I/MediaCodecsXmlParser( 1775): limit: sample-rate-ranges = 8000
06-22 13:16:30.637 I/MediaCodecsXmlParser( 1775): limit: bitrate-range = 13000
06-22 13:16:30.637 D/MediaCodecsXmlParser( 1775): parsing /vendor/etc/media_codecs_google_video.xml...
06-22 13:16:30.637 I/MediaCodecsXmlParser( 1775): limit: size-range = 2x2-352x288
06-22 13:16:30.637 I/MediaCodecsXmlParser( 1775): limit: alignment = 2x2
06-22 13:16:30.637 I/MediaCodecsXmlParser( 1775): limit: block-size = 16x16
06-22 13:16:30.637 I/MediaCodecsXmlParser( 1775): limit: blocks-per-second-range = 12-11880
06-22 13:16:30.637 I/MediaCodecsXmlParser( 1775): limit: bitrate-range = 1-384000
06-22 13:16:30.637 I/MediaCodecsXmlParser( 1775): limit: performance-point-1920x1080-range = 30-30
06-22 13:16:30.637 I/MediaCodecsXmlParser( 1775): limit: feature-adaptive-playback = 0
06-22 13:16:30.637 I/MediaCodecsXmlParser( 1775): limit: size-range = 2x2-352x288
06-22 13:16:30.637 I/MediaCodecsXmlParser( 1775): limit: alignment = 2x2
06-22 13:16:30.637 I/MediaCodecsXmlParser( 1775): limit: bitrate-range = 1-384000
06-22 13:16:30.637 I/MediaCodecsXmlParser( 1775): limit: performance-point-1920x1080-range = 30-30
06-22 13:16:30.637 I/MediaCodecsXmlParser( 1775): limit: feature-adaptive-playback = 0
06-22 13:16:30.637 I/MediaCodecsXmlParser( 1775): limit: size-range = 96x96-3840x2160
06-22 13:16:30.637 I/MediaCodecsXmlParser( 1775): limit: alignment = 2x2
06-22 13:16:30.637 I/MediaCodecsXmlParser( 1775): limit: block-size = 16x16
06-22 13:16:30.637 I/MediaCodecsXmlParser( 1775): limit: blocks-per-second-range = 24-2073600
06-22 13:16:30.637 I/MediaCodecsXmlParser( 1775): limit: bitrate-range = 1-120000000
06-22 13:16:30.638 I/MediaCodecsXmlParser( 1775): limit: frame-rate-range = 1-480
06-22 13:16:30.638 I/MediaCodecsXmlParser( 1775): limit: performance-point-3840x2160-range = 60-60
06-22 13:16:30.638 I/MediaCodecsXmlParser( 1775): limit: measured-frame-rate-320x240-range = 257-266
06-22 13:16:30.638 I/MediaCodecsXmlParser( 1775): limit: measured-frame-rate-720x480-range = 262-264
06-22 13:16:30.638 I/MediaCodecsXmlParser( 1775): limit: measured-frame-rate-1280x720-range = 227-251
06-22 13:16:30.638 I/MediaCodecsXmlParser( 1775): limit: measured-frame-rate-1920x1080-range = 235-247
06-22 13:16:30.638 I/MediaCodecsXmlParser( 1775): limit: measured-frame-rate-3840x2160-range = 235-247
06-22 13:16:30.638 I/MediaCodecsXmlParser( 1775): limit: feature-adaptive-playback = 0
06-22 13:16:30.638 I/MediaCodecsXmlParser( 1775): limit: size-range = 2x2-2560x2560
06-22 13:16:30.638 I/MediaCodecsXmlParser( 1775): limit: alignment = 2x2
06-22 13:16:30.638 I/MediaCodecsXmlParser( 1775): limit: block-size = 16x16
06-22 13:16:30.638 I/MediaCodecsXmlParser( 1775): limit: blocks-per-second-range = 24-2073600
06-22 13:16:30.638 I/MediaCodecsXmlParser( 1775): limit: bitrate-range = 1-120000000
06-22 13:16:30.638 I/MediaCodecsXmlParser( 1775): limit: frame-rate-range = 1-480
06-22 13:16:30.638 I/MediaCodecsXmlParser( 1775): limit: performance-point-1920x1088-range = 30-30
