06-22 13:16:33.786 I/InputReader( 1918): Touch device 'virtio_input_multi_touch_4' could not query the properties of its associated display.  The device will be inoperable until the display size becomes available.
06-22 13:16:33.786 I/InputReader( 1918): Touch device 'virtio_input_multi_touch_8' could not query the properties of its associated display.  The device will be inoperable until the display size becomes available.
06-22 13:16:33.786 I/InputReader( 1918): Touch device 'virtio_input_multi_touch_9' could not query the properties of its associated display.  The device will be inoperable until the display size becomes available.
06-22 13:16:33.795 D/StorageManagerService( 1918): Thinking about init, mBootCompleted=false, mDaemonConnected=true
06-22 13:16:33.795 D/StorageManagerService( 1918): Thinking about reset, mBootCompleted=false, mDaemonConnected=true
06-22 13:16:33.795 D/SystemServerTiming( 1918): StartStorageManagerService took to complete: 10ms
06-22 13:16:33.795 I/SystemServer( 1918): StartStorageStatsService
06-22 13:16:33.795 I/SystemServiceManager( 1918): Starting com.android.server.usage.StorageStatsService$Lifecycle
06-22 13:16:33.796 D/installd( 1762): Found quota mount /dev/block/vdc at /data
06-22 13:16:33.797 D/SystemServerTiming( 1918): StartStorageStatsService took to complete: 2ms
06-22 13:16:33.797 I/SystemServer( 1918): StartUiModeManager
06-22 13:16:33.797 I/SystemServiceManager( 1918): Starting com.android.server.UiModeManagerService
06-22 13:16:33.797 D/SystemServerInitThreadPool( 1918): Started executing UiModeManager.onStart
06-22 13:16:33.798 I/ActivityTaskManager( 1918): Config changes=200 {1.0 ?mcc?mnc [en_US] ldltr sw320dp w320dp h616dp 160dpi nrml long port finger qwerty/v/v -nav/h winConfig={ mBounds=Rect(0, 0 - 320, 640) mAppBounds=Rect(0, 0 - 320, 640) mWindowingMode=fullscreen mDisplayWindowingMode=fullscreen mActivityType=undefined mAlwaysOnTop=undefined mRotation=ROTATION_0} s.4}
06-22 13:16:33.799 I/ActivityTaskManager( 1918): Override config changes=200 {1.0 ?mcc?mnc [en_US] ldltr sw320dp w320dp h616dp 160dpi nrml long port finger qwerty/v/v -nav/h winConfig={ mBounds=Rect(0, 0 - 320, 640) mAppBounds=Rect(0, 0 - 320, 640) mWindowingMode=fullscreen mDisplayWindowingMode=fullscreen mActivityType=undefined mAlwaysOnTop=undefined mRotation=ROTATION_0} s.4} for displayId=0
06-22 13:16:33.801 D/SystemServerTiming( 1918): StartUiModeManager took to complete: 4ms
06-22 13:16:33.801 I/SystemServer( 1918): UpdatePackagesIfNeeded
06-22 13:16:33.801 I/Watchdog( 1918): Pausing HandlerChecker: main thread for reason: dexopt. Pause count: 1
06-22 13:16:33.801 D/SystemServerInitThreadPool( 1918): Finished executing UiModeManager.onStart
06-22 13:16:33.796 D/installd( 1762): Found quota mount /dev/block/vdc at /data
06-22 13:16:33.804 I/system_server( 1918): The ClassLoaderContext is a special shared library.
06-22 13:16:33.840 I/chatty  ( 1918): uid=1000 system_server identical 12 lines
06-22 13:16:33.846 I/system_server( 1918): The ClassLoaderContext is a special shared library.
06-22 13:16:33.848 E/ActivityRecognitionHardware( 1666): activity_recognition HAL is deprecated. class_init is effectively a no-op
06-22 13:16:33.852 I/system_server( 1918): The ClassLoaderContext is a special shared library.
06-22 13:16:33.866 I/chatty  ( 1918): uid=1000 system_server identical 3 lines
06-22 13:16:33.872 I/system_server( 1918): The ClassLoaderContext is a special shared library.
06-22 13:16:33.876 I/zygote  ( 1666): Thread[1,tid=1666,Native,Thread*=0xf2d11e00,peer=0x12c003c8,"main"] recursive attempt to load library "libmedia_jni.so"
06-22 13:16:33.876 D/MtpDeviceJNI( 1666): register_android_mtp_MtpDevice
06-22 13:16:33.876 I/zygote  ( 1666): Thread[1,tid=1666,Native,Thread*=0xf2d11e00,peer=0x12c003c8,"main"] recursive attempt to load library "libmedia_jni.so"
06-22 13:16:33.876 I/zygote  ( 1666): Thread[1,tid=1666,Native,Thread*=0xf2d11e00,peer=0x12c003c8,"main"] recursive attempt to load library "libmedia_jni.so"
06-22 13:16:33.882 W/Zygote  ( 1666): Class not found for preloading: android.media.audiopolicy.AudioProductStrategies
06-22 13:16:33.882 W/Zygote  ( 1666): Class not found for preloading: android.media.audiopolicy.AudioVolumeGroups
06-22 13:16:33.887 I/system_server( 1918): The ClassLoaderContext is a special shared library.
06-22 13:16:33.984 I/chatty  ( 1918): uid=1000 system_server identical 31 lines
06-22 13:16:33.985 I/system_server( 1918): The ClassLoaderContext is a special shared library.
06-22 13:16:33.987 W/Zygote  ( 1666): Class not found for preloading: android.view.textclassifier.-$$Lambda$TextClassificationManager$JIaezIJbMig_-kVzN6oArzkTsJE
06-22 13:16:33.988 I/system_server( 1918): The ClassLoaderContext is a special shared library.
06-22 13:16:33.990 W/Zygote  ( 1666): Class not found for preloading: com.android.internal.net.NetworkStatsFactory
06-22 13:16:33.991 I/system_server( 1918): The ClassLoaderContext is a special shared library.
06-22 13:16:33.993 I/system_server( 1918): The ClassLoaderContext is a special shared library.
06-22 13:16:33.994 W/Zygote  ( 1666): Class not found for preloading: com.android.internal.telephony.-$$Lambda$PhoneSubInfoController$8HFbCDJDN1mrLJG980qYH5MGqMk
06-22 13:16:33.994 W/Zygote  ( 1666): Class not found for preloading: com.android.internal.telephony.-$$Lambda$PhoneSubInfoController$U28a_EGx2cvmQhDfRRgonMt5Zrc
06-22 13:16:33.994 W/Zygote  ( 1666): Class not found for preloading: com.android.internal.telephony.-$$Lambda$SubscriptionInfoUpdater$-zZXM9oMRZ3vZz7dJOG19J00Bmw
06-22 13:16:33.994 W/Zygote  ( 1666): Class not found for preloading: com.android.internal.telephony.-$$Lambda$SubscriptionInfoUpdater$D5yF1HbS4cvCyoAj3FESkPtA_0g
06-22 13:16:33.994 W/Zygote  ( 1666): Class not found for preloading: com.android.internal.telephony.-$$Lambda$SubscriptionInfoUpdater$MMx9iQX0JVqqMPLTUZhdBubFSzU
06-22 13:16:33.996 W/Zygote  ( 1666): Class not found for preloading: com.android.internal.telephony.PhoneConfigurationModels
06-22 13:16:33.997 W/Zygote  ( 1666): Class not found for preloading: com.android.internal.telephony.SubscriptionController$ScLocalLog
06-22 13:16:34.000 I/system_server( 1918): The ClassLoaderContext is a special shared library.
06-22 13:16:34.001 W/Zygote  ( 1666): Class not found for preloading: com.android.internal.telephony.UiccSmsController
06-22 13:16:34.003 I/system_server( 1918): The ClassLoaderContext is a special shared library.
06-22 13:16:34.009 I/chatty  ( 1918): uid=1000 system_server identical 3 lines
06-22 13:16:34.011 I/system_server( 1918): The ClassLoaderContext is a special shared library.
06-22 13:16:34.017 I/Zygote  ( 1666): ...preloaded 7590 classes in 335ms.
06-22 13:16:34.017 I/zygote  ( 1666): VMRuntime.preloadDexCaches starting
06-22 13:16:34.019 I/system_server( 1918): The ClassLoaderContext is a special shared library.
06-22 13:16:34.027 I/chatty  ( 1918): uid=1000 system_server identical 5 lines
06-22 13:16:34.028 I/system_server( 1918): The ClassLoaderContext is a special shared library.
06-22 13:16:34.030 I/zygote  ( 1666): VMRuntime.preloadDexCaches strings total=378948 before=9925 after=9925
06-22 13:16:34.030 I/zygote  ( 1666): VMRuntime.preloadDexCaches types total=35812 before=7199 after=7467
06-22 13:16:34.030 I/zygote  ( 1666): VMRuntime.preloadDexCaches fields total=160603 before=8020 after=8221
06-22 13:16:34.030 I/zygote  ( 1666): VMRuntime.preloadDexCaches methods total=281511 before=10884 after=11316
06-22 13:16:34.030 I/zygote  ( 1666): VMRuntime.preloadDexCaches finished
06-22 13:16:34.030 D/ZygoteInitTiming_lazy( 1666): PreloadClasses took to complete: 348ms
06-22 13:16:34.033 I/zygote  ( 1666): The ClassLoaderContext is a special shared library.
06-22 13:16:34.034 D/ApplicationLoaders( 1666): Created zygote-cached class loader: /system/framework/android.hidl.base-V1.0-java.jar
06-22 13:16:34.036 I/zygote  ( 1666): The ClassLoaderContext is a special shared library.
06-22 13:16:34.036 D/ApplicationLoaders( 1666): Created zygote-cached class loader: /system/framework/android.hidl.manager-V1.0-java.jar
06-22 13:16:34.036 D/ZygoteInitTiming_lazy( 1666): CacheNonBootClasspathClassLoaders took to complete: 6ms
06-22 13:16:34.043 I/system_server( 1918): The ClassLoaderContext is a special shared library.
06-22 13:16:34.068 I/chatty  ( 1918): uid=1000 system_server identical 8 lines
06-22 13:16:34.075 I/system_server( 1918): The ClassLoaderContext is a special shared library.
06-22 13:16:34.077 I/Zygote  ( 1666): Preloading resources...
06-22 13:16:34.078 I/system_server( 1918): The ClassLoaderContext is a special shared library.
06-22 13:16:34.078 I/chatty  ( 1918): uid=1000 system_server identical 2 lines
06-22 13:16:34.091 I/system_server( 1918): The ClassLoaderContext is a special shared library.
06-22 13:16:34.092 W/Resources( 1666): Preloaded drawable resource #0x108027c (android:drawable/dialog_background_material) that varies with configuration!!
06-22 13:16:34.096 I/system_server( 1918): The ClassLoaderContext is a special shared library.
06-22 13:16:34.097 I/Zygote  ( 1666): ...preloaded 64 resources in 20ms.
06-22 13:16:34.098 I/system_server( 1918): The ClassLoaderContext is a special shared library.
06-22 13:16:34.098 I/Zygote  ( 1666): ...preloaded 41 resources in 1ms.
06-22 13:16:34.098 D/ZygoteInitTiming_lazy( 1666): PreloadResources took to complete: 62ms
06-22 13:16:34.105 I/Zygote  ( 1666): Preloading shared libraries...
06-22 13:16:34.113 I/Zygote  ( 1666): Called ZygoteHooks.endPreload()
06-22 13:16:34.113 I/Zygote  ( 1666): Installed AndroidKeyStoreProvider in 0ms.
06-22 13:16:34.116 I/Zygote  ( 1666): Warmed up JCA providers in 4ms.
06-22 13:16:34.116 D/Zygote  ( 1666): end preload
06-22 13:16:34.116 D/SystemServerTimingAsync( 1918): SecondaryZygotePreload took to complete: 504ms
06-22 13:16:34.116 D/SystemServerInitThreadPool( 1918): Finished executing SecondaryZygotePreload
06-22 13:16:34.119 I/system_server( 1918): The ClassLoaderContext is a special shared library.
06-22 13:16:34.304 I/Watchdog( 1918): Resuming HandlerChecker: main thread for reason: dexopt. Pause count: 0
06-22 13:16:34.304 D/SystemServerTiming( 1918): UpdatePackagesIfNeeded took to complete: 503ms
06-22 13:16:34.304 I/SystemServer( 1918): PerformFstrimIfNeeded
06-22 13:16:34.304 W/PackageManager( 1918): No disk maintenance in 1782134194304; running immediately
06-22 13:16:34.304 D/SystemServerTiming( 1918): PerformFstrimIfNeeded took to complete: 1ms
06-22 13:16:34.304 I/SystemServer( 1918): StartLockSettingsService
06-22 13:16:34.305 I/SystemServiceManager( 1918): Starting com.android.server.locksettings.LockSettingsService$Lifecycle
06-22 13:16:34.305 I/StorageManagerService( 1918): Running fstrim idle maintenance
06-22 13:16:34.300 I/chatty  ( 1918): uid=1000 system_server identical 41 lines
06-22 13:16:34.303 I/system_server( 1918): The ClassLoaderContext is a special shared library.
06-22 13:16:34.305 I/hwservicemanager( 1566): getTransport: Cannot find entry android.hardware.boot@1.0::IBootControl/default in either framework or device manifest.
06-22 13:16:34.309 I/vold    ( 1575): Skip mounting partition: /product
06-22 13:16:34.309 I/vold    ( 1575): Skip mounting partition: /product_services
06-22 13:16:34.309 D/vold    ( 1575): Starting trim of /data
06-22 13:16:34.309 W/vold    ( 1575): Trim failed on /data: Operation not supported on transport endpoint
06-22 13:16:34.309 D/vold    ( 1575): Starting trim of none
06-22 13:16:34.309 W/vold    ( 1575): Failed to open none: No such file or directory
06-22 13:16:34.324 D/SystemServerTiming( 1918): StartLockSettingsService took to complete: 19ms
06-22 13:16:34.324 I/SystemServer( 1918): StartTestHarnessMode
06-22 13:16:34.324 I/SystemServiceManager( 1918): Starting com.android.server.testharness.TestHarnessModeService
06-22 13:16:34.324 D/SystemServerTiming( 1918): StartTestHarnessMode took to complete: 1ms
06-22 13:16:34.325 I/hwservicemanager( 1566): getTransport: Cannot find entry android.hardware.oemlock@1.0::IOemLock/default in either framework or device manifest.
06-22 13:16:34.325 I/OemLock ( 1918): OemLock HAL not present on device
06-22 13:16:34.325 I/SystemServer( 1918): StartDeviceIdleController
06-22 13:16:34.325 I/SystemServiceManager( 1918): Starting com.android.server.DeviceIdleController
06-22 13:16:34.329 D/SystemServerTiming( 1918): StartDeviceIdleController took to complete: 4ms
06-22 13:16:34.329 I/SystemServer( 1918): StartDevicePolicyManager
06-22 13:16:34.329 I/SystemServiceManager( 1918): Starting com.android.server.devicepolicy.DevicePolicyManagerService$Lifecycle
06-22 13:16:34.332 D/SystemServerTiming( 1918): StartDevicePolicyManager took to complete: 3ms
06-22 13:16:34.332 I/SystemServer( 1918): StartStatusBarManagerService
06-22 13:16:34.332 D/SystemServerTiming( 1918): StartStatusBarManagerService took to complete: 0ms
06-22 13:16:34.332 D/SystemServer( 1918): ContentCaptureService disabled because resource is not overlaid
06-22 13:16:34.332 D/SystemServer( 1918): AttentionService is not configured on this device
06-22 13:16:34.332 I/SystemServer( 1918): StartSystemCaptionsManagerService
06-22 13:16:34.332 I/SystemServiceManager( 1918): Starting com.android.server.systemcaptions.SystemCaptionsManagerService
06-22 13:16:34.333 D/SystemServerTiming( 1918): StartSystemCaptionsManagerService took to complete: 0ms
06-22 13:16:34.333 I/SystemServer( 1918): StartAppPredictionService
06-22 13:16:34.334 I/SystemServiceManager( 1918): Starting com.android.server.appprediction.AppPredictionManagerService
06-22 13:16:34.334 D/SystemServerTiming( 1918): StartAppPredictionService took to complete: 1ms
06-22 13:16:34.334 I/SystemServer( 1918): StartContentSuggestionsService
06-22 13:16:34.335 I/SystemServiceManager( 1918): Starting com.android.server.contentsuggestions.ContentSuggestionsManagerService
06-22 13:16:34.336 D/SystemServerTiming( 1918): StartContentSuggestionsService took to complete: 1ms
06-22 13:16:34.336 I/SystemServer( 1918): InitNetworkStackClient
06-22 13:16:34.336 D/SystemServerTiming( 1918): InitNetworkStackClient took to complete: 0ms
06-22 13:16:34.336 I/SystemServer( 1918): StartNetworkManagementService
06-22 13:16:34.338 I/netd    ( 1664): registerUnsolicitedEventListener() <0.03ms>
06-22 13:16:34.339 D/SystemServerTiming( 1918): StartNetworkManagementService took to complete: 3ms
06-22 13:16:34.339 I/SystemServer( 1918): StartIpSecService
06-22 13:16:34.339 D/SystemServerTiming( 1918): StartIpSecService took to complete: 1ms
06-22 13:16:34.339 I/SystemServer( 1918): StartTextServicesManager
06-22 13:16:34.339 I/SystemServiceManager( 1918): Starting com.android.server.textservices.TextServicesManagerService$Lifecycle
06-22 13:16:34.341 D/SystemServerTiming( 1918): StartTextServicesManager took to complete: 1ms
06-22 13:16:34.341 I/SystemServer( 1918): StartTextClassificationManagerService
06-22 13:16:34.341 I/SystemServiceManager( 1918): Starting com.android.server.textclassifier.TextClassificationManagerService$Lifecycle
06-22 13:16:34.342 D/SystemServerTiming( 1918): StartTextClassificationManagerService took to complete: 1ms
06-22 13:16:34.342 I/SystemServer( 1918): StartNetworkScoreService
06-22 13:16:34.342 I/SystemServiceManager( 1918): Starting com.android.server.NetworkScoreService$Lifecycle
06-22 13:16:34.343 I/NetworkScoreService( 1918): Registering network_score
06-22 13:16:34.343 D/SystemServerTiming( 1918): StartNetworkScoreService took to complete: 0ms
06-22 13:16:34.343 I/SystemServer( 1918): StartNetworkStatsService
06-22 13:16:34.349 D/SystemServerTiming( 1918): StartNetworkStatsService took to complete: 6ms
06-22 13:16:34.349 I/SystemServer( 1918): StartNetworkPolicyManagerService
06-22 13:16:34.352 D/SystemServerTiming( 1918): StartNetworkPolicyManagerService took to complete: 3ms
06-22 13:16:34.352 I/SystemServer( 1918): StartWifi
06-22 13:16:34.360 I/SystemServiceManager( 1918): Starting com.android.server.wifi.WifiService
06-22 13:16:34.409 E/HostapdHal( 1918): Malformed channel value detected: java.lang.NumberFormatException: For input string: ""
06-22 13:16:34.418 D/WifiCountryCode( 1918): mDefaultCountryCode null mRevertCountryCodeOnCellularLoss false
06-22 13:16:34.418 D/WifiApConfigStore( 1918): 2G band allowed channels are:1,6,11
06-22 13:16:34.418 E/WifiApConfigStore( 1918): Error reading hotspot configuration java.io.FileNotFoundException: /data/misc/wifi/softap.conf: open failed: ENOENT (No such file or directory)
06-22 13:16:34.418 D/WifiApConfigStore( 1918): Fallback to use default AP configuration
06-22 13:16:34.420 I/WifiScoringParams( 1918): rssi2=-83:-80:-73:-60,rssi5=-80:-77:-70:-57,pps=0:1:100,horizon=15,nud=8,expid=0
06-22 13:16:34.441 D/WifiOpenNetworkNotifier( 1918): Settings toggle enabled=true
06-22 13:16:34.441 D/WifiCarrierNetworkNotifier( 1918): Settings toggle enabled=true
06-22 13:16:34.443 D/WifiActiveModeWarden( 1918): Starting Wifi in WifiDisabledState
06-22 13:16:34.443 D/WifiActiveModeWarden( 1918): Entering WifiDisabledState
06-22 13:16:34.444 D/WakeupController( 1918): WifiWake enabled
06-22 13:16:34.445 E/WifiClientModeImpl( 1918): getWifiLinkLayerStats called without an interface
06-22 13:16:34.447 E/SupplicantStaIfaceHal( 1918): Can't call setDebugParams, ISupplicant is null
06-22 13:16:34.447 W/WifiDiags( 1918): no ring buffers found
06-22 13:16:34.447 W/WifiDiags( 1918): Failed to start packet fate monitoring
06-22 13:16:34.447 I/WifiService( 1918): Registering wifi
06-22 13:16:34.447 D/SystemServerTiming( 1918): StartWifi took to complete: 95ms
06-22 13:16:34.447 I/SystemServer( 1918): StartWifiScanning
06-22 13:16:34.448 I/SystemServiceManager( 1918): Starting com.android.server.wifi.scanner.WifiScanningService
06-22 13:16:34.448 I/WifiScanningService( 1918): Creating wifiscanner
06-22 13:16:34.449 I/WifiScanningService( 1918): Publishing wifiscanner
06-22 13:16:34.449 D/SystemServerTiming( 1918): StartWifiScanning took to complete: 3ms
06-22 13:16:34.449 I/SystemServer( 1918): StartWifiP2P
06-22 13:16:34.450 I/SystemServiceManager( 1918): Starting com.android.server.wifi.p2p.WifiP2pService
06-22 13:16:34.454 W/HalDevMgr( 1918): isWifiStarted called but mWifi is null!?
06-22 13:16:34.454 I/WifiP2pService( 1918): Registering wifip2p
06-22 13:16:34.454 D/SystemServerTiming( 1918): StartWifiP2P took to complete: 4ms
06-22 13:16:34.454 I/SystemServer( 1918): StartConnectivityService
06-22 13:16:34.456 D/ConnectivityService( 1918): ConnectivityService starting up
06-22 13:16:34.459 D/ConnectivityService( 1918): wifiOnly=false
06-22 13:16:34.463 D/SystemServerTiming( 1918): StartConnectivityService took to complete: 8ms
06-22 13:16:34.463 I/SystemServer( 1918): StartNsdService
06-22 13:16:34.464 D/NsdService( 1918): Network service discovery is enabled
06-22 13:16:34.465 D/SystemServerTiming( 1918): StartNsdService took to complete: 2ms
06-22 13:16:34.465 I/SystemServer( 1918): StartSystemUpdateManagerService
06-22 13:16:34.465 I/SystemUpdateManagerService( 1918): No existing info file /data/system/system-update-info.xml
06-22 13:16:34.466 D/SystemServerTiming( 1918): StartSystemUpdateManagerService took to complete: 1ms
06-22 13:16:34.466 I/SystemServer( 1918): StartUpdateLockService
06-22 13:16:34.466 D/SystemServerTiming( 1918): StartUpdateLockService took to complete: 0ms
06-22 13:16:34.466 I/SystemServer( 1918): StartNotificationManager
06-22 13:16:34.466 I/SystemServiceManager( 1918): Starting com.android.server.notification.NotificationManagerService
06-22 13:16:34.472 D/ConditionProviders.SCP( 1918): new ScheduleConditionProvider()
06-22 13:16:34.475 I/ConditionProviders( 1918):  Allowing condition provider com.google.android.apps.nexuslauncher/com.android.launcher3.notification.NotificationListener
06-22 13:16:34.475 I/NotificationListeners( 1918):  Allowing notification listener com.google.android.apps.nexuslauncher/com.android.launcher3.notification.NotificationListener
06-22 13:16:34.475 V/NotificationListeners( 1918): enabling notification listener for 0: ComponentInfo{com.google.android.apps.nexuslauncher/com.android.launcher3.notification.NotificationListener}
06-22 13:16:34.475 V/NotificationListeners( 1918): binding: Intent { act=android.service.notification.NotificationListenerService cmp=com.google.android.apps.nexuslauncher/com.android.launcher3.notification.NotificationListener (has extras) }
06-22 13:16:34.476 W/ActivityManager( 1918): Unable to start service Intent { act=android.service.notification.NotificationListenerService cmp=com.google.android.apps.nexuslauncher/com.android.launcher3.notification.NotificationListener } U=0: not found
06-22 13:16:34.476 W/NotificationListeners( 1918): Unable to bind notification listener service: Intent { act=android.service.notification.NotificationListenerService cmp=com.google.android.apps.nexuslauncher/com.android.launcher3.notification.NotificationListener (has extras) } in user 0
06-22 13:16:34.476 I/ConditionProviders( 1918):  Allowing condition provider com.google.android.apps.restore/com.google.android.apps.pixelmigrate.component.NotificationConsolidatorService
06-22 13:16:34.476 I/NotificationListeners( 1918):  Allowing notification listener com.google.android.apps.restore/com.google.android.apps.pixelmigrate.component.NotificationConsolidatorService
06-22 13:16:34.476 V/NotificationListeners( 1918): enabling notification listener for 0: ComponentInfo{com.google.android.apps.restore/com.google.android.apps.pixelmigrate.component.NotificationConsolidatorService}
06-22 13:16:34.476 V/NotificationListeners( 1918): binding: Intent { act=android.service.notification.NotificationListenerService cmp=com.google.android.apps.restore/com.google.android.apps.pixelmigrate.component.NotificationConsolidatorService (has extras) }
06-22 13:16:34.476 W/ActivityManager( 1918): Unable to start service Intent { act=android.service.notification.NotificationListenerService cmp=com.google.android.apps.restore/com.google.android.apps.pixelmigrate.component.NotificationConsolidatorService } U=0: not found
06-22 13:16:34.476 W/NotificationListeners( 1918): Unable to bind notification listener service: Intent { act=android.service.notification.NotificationListenerService cmp=com.google.android.apps.restore/com.google.android.apps.pixelmigrate.component.NotificationConsolidatorService (has extras) } in user 0
06-22 13:16:34.476 V/NotificationListeners( 1918): enabling notification listener for 0: ComponentInfo{com.google.android.apps.nexuslauncher/com.android.launcher3.notification.NotificationListener}
06-22 13:16:34.476 V/NotificationListeners( 1918): binding: Intent { act=android.service.notification.NotificationListenerService cmp=com.google.android.apps.nexuslauncher/com.android.launcher3.notification.NotificationListener (has extras) }
06-22 13:16:34.476 W/ActivityManager( 1918): Unable to start service Intent { act=android.service.notification.NotificationListenerService cmp=com.google.android.apps.nexuslauncher/com.android.launcher3.notification.NotificationListener } U=0: not found
06-22 13:16:34.476 W/NotificationListeners( 1918): Unable to bind notification listener service: Intent { act=android.service.notification.NotificationListenerService cmp=com.google.android.apps.nexuslauncher/com.android.launcher3.notification.NotificationListener (has extras) } in user 0
06-22 13:16:34.476 I/ConditionProviders( 1918):  Allowing condition provider com.google.android.GoogleCamera
06-22 13:16:34.476 I/ConditionProviders( 1918):  Allowing condition provider com.google.android.gms
06-22 13:16:34.476 I/ConditionProviders( 1918):  Allowing condition provider com.google.intelligence.sense
06-22 13:16:34.476 I/ConditionProviders( 1918):  Allowing condition provider com.google.android.settings.intelligence
06-22 13:16:34.477 I/ConditionProviders( 1918):  Allowing condition provider com.google.android.apps.wellbeing
06-22 13:16:34.477 I/ConditionProviders( 1918):  Allowing condition provider com.google.android.apps.safetyhub
06-22 13:16:34.477 I/ConditionProviders( 1918):  Allowing condition provider com.google.android.ext.services/android.ext.services.notification.Assistant
06-22 13:16:34.477 I/NotificationAssistants( 1918):  Allowing notification assistant com.google.android.ext.services/android.ext.services.notification.Assistant
06-22 13:16:34.477 V/NotificationAssistants( 1918): enabling notification assistant for 0: ComponentInfo{com.google.android.ext.services/android.ext.services.notification.Assistant}
06-22 13:16:34.477 V/NotificationAssistants( 1918): binding: Intent { act=android.service.notification.NotificationAssistantService cmp=com.google.android.ext.services/android.ext.services.notification.Assistant (has extras) }
06-22 13:16:34.477 D/NotificationService( 1918): Set default NAS to be com.google.android.ext.services/android.ext.services.notification.Assistant in 0
06-22 13:16:34.488 D/SystemServerTiming( 1918): StartNotificationManager took to complete: 22ms
06-22 13:16:34.488 I/SystemServer( 1918): StartDeviceMonitor
06-22 13:16:34.488 I/SystemServiceManager( 1918): Starting com.android.server.storage.DeviceStorageMonitorService
06-22 13:16:34.490 D/SystemServerTiming( 1918): StartDeviceMonitor took to complete: 2ms
06-22 13:16:34.490 I/SystemServer( 1918): StartLocationManagerService
06-22 13:16:34.491 D/SystemServerTiming( 1918): StartLocationManagerService took to complete: 2ms
06-22 13:16:34.491 I/SystemServer( 1918): StartCountryDetectorService
06-22 13:16:34.492 D/SystemServerTiming( 1918): StartCountryDetectorService took to complete: 0ms
06-22 13:16:34.492 I/SystemServer( 1918): StartTimeDetectorService
06-22 13:16:34.492 I/SystemServiceManager( 1918): Starting com.android.server.timedetector.TimeDetectorService$Lifecycle
06-22 13:16:34.492 D/SystemServerTiming( 1918): StartTimeDetectorService took to complete: 1ms
06-22 13:16:34.492 I/SystemServer( 1918): StartSearchManagerService
06-22 13:16:34.492 I/SystemServiceManager( 1918): Starting com.android.server.search.SearchManagerService$Lifecycle
06-22 13:16:34.493 D/SystemServerTiming( 1918): StartSearchManagerService took to complete: 0ms
06-22 13:16:34.493 I/SystemServer( 1918): StartWallpaperManagerService
06-22 13:16:34.493 I/SystemServiceManager( 1918): Starting com.android.server.wallpaper.WallpaperManagerService$Lifecycle
06-22 13:16:34.494 D/SystemServerTiming( 1918): StartWallpaperManagerService took to complete: 1ms
06-22 13:16:34.494 I/SystemServer( 1918): StartAudioService
06-22 13:16:34.494 I/SystemServiceManager( 1918): Starting com.android.server.audio.AudioService$Lifecycle
06-22 13:16:34.504 D/PermissionCache( 1721): checking android.permission.MODIFY_AUDIO_ROUTING for uid=1000 => granted (315 us)
06-22 13:16:34.505 W/TelecomManager( 1918): Telecom Service not found.
06-22 13:16:34.506 D/PermissionCache( 1721): checking android.permission.MODIFY_AUDIO_SETTINGS for uid=1000 => granted (50 us)
06-22 13:16:34.507 W/AudioFlinger( 1721): no wake lock to update, system not ready yet
06-22 13:16:34.507 W/DeviceHAL( 1685): Error from HAL Device in function set_mic_mute: Function not implemented
06-22 13:16:34.507 E/AudioSystem-JNI( 1918): Command failed for android_media_AudioSystem_muteMicrophone: -38
06-22 13:16:34.523 D/AudioFlinger( 1721): isLowRamDevice:false totalMemory:2089566208 mClientSharedHeapSize:4194304
06-22 13:16:34.524 D/SystemServerTiming( 1918): StartAudioService took to complete: 30ms
06-22 13:16:34.524 I/SystemServer( 1918): StartDockObserver
06-22 13:16:34.524 I/SystemServiceManager( 1918): Starting com.android.server.DockObserver
06-22 13:16:34.524 W/DockObserver( 1918): This kernel does not have dock station support
06-22 13:16:34.525 D/SystemServerTiming( 1918): StartDockObserver took to complete: 1ms
06-22 13:16:34.525 I/SystemServer( 1918): StartWiredAccessoryManager
06-22 13:16:34.525 W/WiredAccessoryManager( 1918): This kernel does not have usb audio support
06-22 13:16:34.525 W/WiredAccessoryManager( 1918): This kernel does not have HDMI audio support
06-22 13:16:34.525 D/SystemServerTiming( 1918): StartWiredAccessoryManager took to complete: 0ms
06-22 13:16:34.525 I/SystemServer( 1918): StartMidiManager
06-22 13:16:34.525 I/SystemServiceManager( 1918): Starting com.android.server.midi.MidiService$Lifecycle
06-22 13:16:34.526 D/SystemServerTiming( 1918): StartMidiManager took to complete: 1ms
06-22 13:16:34.526 I/SystemServer( 1918): StartAdbService
06-22 13:16:34.526 I/SystemServiceManager( 1918): Starting com.android.server.adb.AdbService$Lifecycle
06-22 13:16:34.526 D/SystemServerTiming( 1918): StartAdbService took to complete: 0ms
06-22 13:16:34.526 I/SystemServer( 1918): StartUsbService
06-22 13:16:34.526 I/SystemServiceManager( 1918): Starting com.android.server.usb.UsbService$Lifecycle
06-22 13:16:34.527 E/UsbDeviceManager( 1918): failed to write to /sys/class/android_usb/android0/f_rndis/ethaddr
06-22 13:16:34.527 I/hwservicemanager( 1566): getTransport: Cannot find entry android.hardware.usb.gadget@1.0::IUsbGadget/default in either framework or device manifest.
06-22 13:16:34.528 I/UsbDeviceManager( 1918): USB GADGET HAL not present in the device
06-22 13:16:34.528 I/UsbDeviceManager( 1918): java.util.NoSuchElementException
06-22 13:16:34.528 I/UsbDeviceManager( 1918): 	at android.os.HwBinder.getService(Native Method)
06-22 13:16:34.528 I/UsbDeviceManager( 1918): 	at android.hardware.usb.gadget.V1_0.IUsbGadget.getService(IUsbGadget.java:55)
06-22 13:16:34.528 I/UsbDeviceManager( 1918): 	at android.hardware.usb.gadget.V1_0.IUsbGadget.getService(IUsbGadget.java:62)
06-22 13:16:34.528 I/UsbDeviceManager( 1918): 	at com.android.server.usb.UsbDeviceManager.<init>(UsbDeviceManager.java:262)
06-22 13:16:34.528 I/UsbDeviceManager( 1918): 	at com.android.server.usb.UsbService.<init>(UsbService.java:150)
06-22 13:16:34.528 I/UsbDeviceManager( 1918): 	at com.android.server.usb.UsbService$Lifecycle.onStart(UsbService.java:84)
06-22 13:16:34.528 I/UsbDeviceManager( 1918): 	at com.android.server.SystemServiceManager.startService(SystemServiceManager.java:129)
06-22 13:16:34.528 I/UsbDeviceManager( 1918): 	at com.android.server.SystemServiceManager.startService(SystemServiceManager.java:116)
06-22 13:16:34.528 I/UsbDeviceManager( 1918): 	at com.android.server.SystemServiceManager.startService(SystemServiceManager.java:75)
06-22 13:16:34.528 I/UsbDeviceManager( 1918): 	at com.android.server.SystemServer.startOtherServices(SystemServer.java:1532)
06-22 13:16:34.528 I/UsbDeviceManager( 1918): 	at com.android.server.SystemServer.run(SystemServer.java:512)
06-22 13:16:34.528 I/UsbDeviceManager( 1918): 	at com.android.server.SystemServer.main(SystemServer.java:349)
06-22 13:16:34.528 I/UsbDeviceManager( 1918): 	at java.lang.reflect.Method.invoke(Native Method)
06-22 13:16:34.528 I/UsbDeviceManager( 1918): 	at com.android.internal.os.RuntimeInit$MethodAndArgsCaller.run(RuntimeInit.java:492)
06-22 13:16:34.528 I/UsbDeviceManager( 1918): 	at com.android.internal.os.ZygoteInit.main(ZygoteInit.java:908)
06-22 13:16:34.528 E/UsbDeviceManagerJNI( 1918): could not open control for mtp No such file or directory
06-22 13:16:34.528 E/UsbDeviceManager( 1918): Failed to open control for mtp
06-22 13:16:34.528 E/UsbDeviceManagerJNI( 1918): could not open control for ptp No such file or directory
06-22 13:16:34.528 E/UsbDeviceManager( 1918): Failed to open control for ptp
06-22 13:16:34.532 W/StorageManagerService( 1918): No primary storage defined yet; hacking together a stub
06-22 13:16:34.532 E/UsbDeviceManagerJNI( 1918): could not open /dev/usb_accessory
06-22 13:16:34.533 I/android_os_HwBinder( 1918): HwBinder: Starting thread pool for getting: android.hidl.manager@1.0::IServiceManager/default
06-22 13:16:34.534 I/hwservicemanager( 1566): getTransport: Cannot find entry android.hardware.usb@1.0::IUsb/default in either framework or device manifest.
06-22 13:16:34.534 E/UsbPortManager( 1918): connectToProxy: usb hal service not found. Did the service fail to start?
06-22 13:16:34.534 E/UsbPortManager( 1918): java.util.NoSuchElementException
06-22 13:16:34.534 E/UsbPortManager( 1918): 	at android.os.HwBinder.getService(Native Method)
06-22 13:16:34.534 E/UsbPortManager( 1918): 	at android.os.HwBinder.getService(HwBinder.java:83)
06-22 13:16:34.534 E/UsbPortManager( 1918): 	at android.hardware.usb.V1_0.IUsb.getService(IUsb.java:70)
06-22 13:16:34.534 E/UsbPortManager( 1918): 	at android.hardware.usb.V1_0.IUsb.getService(IUsb.java:77)
06-22 13:16:34.534 E/UsbPortManager( 1918): 	at com.android.server.usb.UsbPortManager.connectToProxy(UsbPortManager.java:780)
06-22 13:16:34.534 E/UsbPortManager( 1918): 	at com.android.server.usb.UsbPortManager.<init>(UsbPortManager.java:175)
06-22 13:16:34.534 E/UsbPortManager( 1918): 	at com.android.server.usb.UsbService.<init>(UsbService.java:153)
06-22 13:16:34.534 E/UsbPortManager( 1918): 	at com.android.server.usb.UsbService$Lifecycle.onStart(UsbService.java:84)
06-22 13:16:34.534 E/UsbPortManager( 1918): 	at com.android.server.SystemServiceManager.startService(SystemServiceManager.java:129)
06-22 13:16:34.534 E/UsbPortManager( 1918): 	at com.android.server.SystemServiceManager.startService(SystemServiceManager.java:116)
06-22 13:16:34.534 E/UsbPortManager( 1918): 	at com.android.server.SystemServiceManager.startService(SystemServiceManager.java:75)
06-22 13:16:34.534 E/UsbPortManager( 1918): 	at com.android.server.SystemServer.startOtherServices(SystemServer.java:1532)
06-22 13:16:34.534 E/UsbPortManager( 1918): 	at com.android.server.SystemServer.run(SystemServer.java:512)
06-22 13:16:34.534 E/UsbPortManager( 1918): 	at com.android.server.SystemServer.main(SystemServer.java:349)
06-22 13:16:34.534 E/UsbPortManager( 1918): 	at java.lang.reflect.Method.invoke(Native Method)
06-22 13:16:34.534 E/UsbPortManager( 1918): 	at com.android.internal.os.RuntimeInit$MethodAndArgsCaller.run(RuntimeInit.java:492)
06-22 13:16:34.534 E/UsbPortManager( 1918): 	at com.android.internal.os.ZygoteInit.main(ZygoteInit.java:908)
06-22 13:16:34.535 D/SystemServerTiming( 1918): StartUsbService took to complete: 9ms
06-22 13:16:34.535 I/SystemServer( 1918): StartSerialService
06-22 13:16:34.535 D/SystemServerTiming( 1918): StartSerialService took to complete: 0ms
06-22 13:16:34.535 I/SystemServer( 1918): StartHardwarePropertiesManagerService
06-22 13:16:34.535 I/hwservicemanager( 1566): getTransport: Cannot find entry android.hardware.thermal@1.0::IThermal/default in either framework or device manifest.
06-22 13:16:34.536 E/HardwarePropertiesManagerService-JNI( 1918): Unable to get Thermal service.
06-22 13:16:34.536 D/SystemServerTiming( 1918): StartHardwarePropertiesManagerService took to complete: 1ms
06-22 13:16:34.536 I/SystemServer( 1918): StartTwilightService
06-22 13:16:34.536 I/SystemServiceManager( 1918): Starting com.android.server.twilight.TwilightService
06-22 13:16:34.536 D/SystemServerTiming( 1918): StartTwilightService took to complete: 0ms
06-22 13:16:34.536 I/SystemServer( 1918): StartColorDisplay
06-22 13:16:34.536 I/SystemServiceManager( 1918): Starting com.android.server.display.color.ColorDisplayService
06-22 13:16:34.536 D/SystemServerTiming( 1918): StartColorDisplay took to complete: 0ms
06-22 13:16:34.536 I/SystemServer( 1918): StartJobScheduler
06-22 13:16:34.536 I/SystemServiceManager( 1918): Starting com.android.server.job.JobSchedulerService
06-22 13:16:34.538 I/JobStore( 1918): Read 0 jobs
06-22 13:16:34.540 D/SystemServerTiming( 1918): StartJobScheduler took to complete: 5ms
06-22 13:16:34.540 I/SystemServer( 1918): StartSoundTrigger
06-22 13:16:34.540 I/SystemServiceManager( 1918): Starting com.android.server.soundtrigger.SoundTriggerService
06-22 13:16:34.541 D/SystemServerTiming( 1918): StartSoundTrigger took to complete: 0ms
06-22 13:16:34.541 I/SystemServer( 1918): StartTrustManager
06-22 13:16:34.541 I/SystemServiceManager( 1918): Starting com.android.server.trust.TrustManagerService
06-22 13:16:34.541 D/SystemServerTiming( 1918): StartTrustManager took to complete: 1ms
06-22 13:16:34.541 I/SystemServer( 1918): StartBackupManager
06-22 13:16:34.541 I/SystemServiceManager( 1918): Starting com.android.server.backup.BackupManagerService$Lifecycle
06-22 13:16:34.543 D/SystemServerTiming( 1918): StartBackupManager took to complete: 1ms
06-22 13:16:34.543 I/SystemServer( 1918): StartAppWidgetService
06-22 13:16:34.543 I/SystemServiceManager( 1918): Starting com.android.server.appwidget.AppWidgetService
06-22 13:16:34.544 D/SystemServerTiming( 1918): StartAppWidgetService took to complete: 1ms
06-22 13:16:34.544 I/SystemServer( 1918): StartRoleManagerService
06-22 13:16:34.545 D/SystemServerTiming( 1918): StartRoleManagerService took to complete: 1ms
06-22 13:16:34.545 I/SystemServer( 1918): StartVoiceRecognitionManager
06-22 13:16:34.545 I/SystemServiceManager( 1918): Starting com.android.server.voiceinteraction.VoiceInteractionManagerService
06-22 13:16:34.546 I/RoleUserState( 1918): roles.xml not found
06-22 13:16:34.546 W/VoiceInteractionManagerService( 1918): Unable to resolve default voice recognition service.
06-22 13:16:34.546 D/SystemServerTiming( 1918): StartVoiceRecognitionManager took to complete: 2ms
06-22 13:16:34.546 I/SystemServer( 1918): StartGestureLauncher
06-22 13:16:34.547 I/SystemServiceManager( 1918): Starting com.android.server.GestureLauncherService
06-22 13:16:34.547 D/SystemServerTiming( 1918): StartGestureLauncher took to complete: 0ms
06-22 13:16:34.547 I/SystemServer( 1918): StartSensorNotification
06-22 13:16:34.547 I/SystemServiceManager( 1918): Starting com.android.server.SensorNotificationService
06-22 13:16:34.547 D/SystemServerTiming( 1918): StartSensorNotification took to complete: 0ms
06-22 13:16:34.547 I/SystemServer( 1918): StartContextHubSystemService
06-22 13:16:34.547 I/SystemServiceManager( 1918): Starting com.android.server.ContextHubSystemService
06-22 13:16:34.547 D/SystemServerInitThreadPool( 1918): Started executing Init ContextHubSystemService
06-22 13:16:34.547 D/SystemServerTiming( 1918): StartContextHubSystemService took to complete: 0ms
06-22 13:16:34.547 I/SystemServer( 1918): StartDiskStatsService
06-22 13:16:34.547 I/hwservicemanager( 1566): getTransport: Cannot find entry android.hardware.contexthub@1.0::IContexthub/default in either framework or device manifest.
06-22 13:16:34.547 I/ContextHubService( 1918): Context Hub HAL service not found
06-22 13:16:34.547 D/SystemServerInitThreadPool( 1918): Finished executing Init ContextHubSystemService
06-22 13:16:34.549 D/SystemServerTiming( 1918): StartDiskStatsService took to complete: 2ms
06-22 13:16:34.549 I/SystemServer( 1918): RuntimeService
06-22 13:16:34.549 D/SystemServerTiming( 1918): RuntimeService took to complete: 0ms
06-22 13:16:34.549 I/SystemServer( 1918): StartNetworkTimeUpdateService
06-22 13:16:34.549 D/SystemServer( 1918): Using networkTimeUpdater class=class com.android.server.NewNetworkTimeUpdateService
06-22 13:16:34.549 D/SystemServerTiming( 1918): StartNetworkTimeUpdateService took to complete: 0ms
06-22 13:16:34.549 I/SystemServer( 1918): CertBlacklister
06-22 13:16:34.549 D/SystemServerTiming( 1918): CertBlacklister took to complete: 1ms
06-22 13:16:34.549 I/SystemServer( 1918): StartEmergencyAffordanceService
06-22 13:16:34.549 I/SystemServiceManager( 1918): Starting com.android.server.emergency.EmergencyAffordanceService
06-22 13:16:34.550 D/SystemServerTiming( 1918): StartEmergencyAffordanceService took to complete: 0ms
06-22 13:16:34.550 I/SystemServer( 1918): StartDreamManager
06-22 13:16:34.550 I/SystemServiceManager( 1918): Starting com.android.server.dreams.DreamManagerService
06-22 13:16:34.550 D/SystemServerTiming( 1918): StartDreamManager took to complete: 0ms
06-22 13:16:34.550 I/SystemServer( 1918): AddGraphicsStatsService
06-22 13:16:34.551 D/SystemServerTiming( 1918): AddGraphicsStatsService took to complete: 1ms
06-22 13:16:34.551 I/SystemServer( 1918): StartPrintManager
06-22 13:16:34.551 I/SystemServiceManager( 1918): Starting com.android.server.print.PrintManagerService
06-22 13:16:34.551 D/SystemServerTiming( 1918): StartPrintManager took to complete: 0ms
06-22 13:16:34.551 I/SystemServer( 1918): StartRestrictionManager
06-22 13:16:34.551 I/SystemServiceManager( 1918): Starting com.android.server.restrictions.RestrictionsManagerService
06-22 13:16:34.552 D/SystemServerTiming( 1918): StartRestrictionManager took to complete: 1ms
06-22 13:16:34.552 I/SystemServer( 1918): StartMediaSessionService
06-22 13:16:34.552 I/SystemServiceManager( 1918): Starting com.android.server.media.MediaSessionService
06-22 13:16:34.557 D/SystemServerTiming( 1918): StartMediaSessionService took to complete: 6ms
06-22 13:16:34.558 I/SystemServer( 1918): StartMediaResourceMonitor
06-22 13:16:34.558 I/SystemServiceManager( 1918): Starting com.android.server.media.MediaResourceMonitorService
06-22 13:16:34.558 D/SystemServerTiming( 1918): StartMediaResourceMonitor took to complete: 0ms
06-22 13:16:34.558 I/SystemServer( 1918): StartMediaRouterService
06-22 13:16:34.558 D/SystemServerTiming( 1918): StartMediaRouterService took to complete: 0ms
06-22 13:16:34.558 I/SystemServer( 1918): StartFingerprintSensor
06-22 13:16:34.558 I/SystemServiceManager( 1918): Starting com.android.server.biometrics.fingerprint.FingerprintService
06-22 13:16:34.559 D/SystemServerInitThreadPool( 1918): Started executing FingerprintService.onStart
06-22 13:16:34.559 D/SystemServerTiming( 1918): StartFingerprintSensor took to complete: 2ms
06-22 13:16:34.559 I/SystemServer( 1918): StartBiometricService
06-22 13:16:34.559 V/FingerprintService( 1918): mDaemon was null, reconnect to fingerprint
06-22 13:16:34.559 I/SystemServiceManager( 1918): Starting com.android.server.biometrics.BiometricService
06-22 13:16:34.560 I/android_os_HwBinder( 1918): HwBinder: Starting thread pool for getting: android.hardware.biometrics.fingerprint@2.1::IBiometricsFingerprint/default
06-22 13:16:34.560 V/FingerprintService( 1918): Fingerprint HAL id: 138536194007040
06-22 13:16:34.560 D/FingerprintHal( 1788): ----------------> fingerprint_set_active_group -----------------> path /data/vendor_de/0/fpdata
06-22 13:16:34.560 D/FingerprintHal( 1788): ----------------> loadFingerprints ----------------->
06-22 13:16:34.560 E/FingerprintHal( 1788): Could not load fingerprints from storage at /data/vendor_de/0/fpdata/emufp.bin; it has not yet been created.
06-22 13:16:34.560 D/FingerprintHal( 1788): ----------------> loadAuthenticatorId ----------------->
06-22 13:16:34.560 E/FingerprintHal( 1788): Could not load authenticator id from storage at /data/vendor_de/0/fpdata/emuauthid.bin; it has not yet been created.
06-22 13:16:34.560 D/FingerprintHal( 1788): ----------------> get_64bit_rand ----------------->
06-22 13:16:34.560 D/FingerprintHal( 1788): ----------------> saveAuthenticatorId ----------------->
06-22 13:16:34.560 D/FingerprintHal( 1788): Save authenticator id (0x6b8b4567327b23c6)
06-22 13:16:34.561 V/FingerprintService( 1918): Enumerating user(0)
06-22 13:16:34.561 D/SystemServerInitThreadPool( 1918): Finished executing FingerprintService.onStart
06-22 13:16:34.562 D/SystemServerTiming( 1918): StartBiometricService took to complete: 2ms
06-22 13:16:34.562 I/SystemServer( 1918): StartBackgroundDexOptService
06-22 13:16:34.562 W/BackgroundDexOptService( 1918): SysProp pm.dexopt.downgrade_after_inactive_days not set
06-22 13:16:34.562 D/SystemServerTiming( 1918): StartBackgroundDexOptService took to complete: 1ms
06-22 13:16:34.562 I/SystemServer( 1918): StartDynamicCodeLoggingService
06-22 13:16:34.563 D/SystemServerTiming( 1918): StartDynamicCodeLoggingService took to complete: 0ms
06-22 13:16:34.563 I/SystemServer( 1918): StartPruneInstantAppsJobService
06-22 13:16:34.563 D/SystemServerTiming( 1918): StartPruneInstantAppsJobService took to complete: 0ms
06-22 13:16:34.563 I/SystemServer( 1918): StartShortcutServiceLifecycle
06-22 13:16:34.563 I/SystemServiceManager( 1918): Starting com.android.server.pm.ShortcutService$Lifecycle
06-22 13:16:34.564 D/SystemServerTiming( 1918): StartShortcutServiceLifecycle took to complete: 1ms
06-22 13:16:34.564 I/SystemServer( 1918): StartLauncherAppsService
06-22 13:16:34.564 I/SystemServiceManager( 1918): Starting com.android.server.pm.LauncherAppsService
06-22 13:16:34.564 D/SystemServerTiming( 1918): StartLauncherAppsService took to complete: 0ms
06-22 13:16:34.564 I/SystemServer( 1918): StartCrossProfileAppsService
06-22 13:16:34.564 I/SystemServiceManager( 1918): Starting com.android.server.pm.CrossProfileAppsService
06-22 13:16:34.564 D/SystemServerTiming( 1918): StartCrossProfileAppsService took to complete: 1ms
06-22 13:16:34.564 I/SystemServer( 1918): StartMediaProjectionManager
06-22 13:16:34.564 I/SystemServiceManager( 1918): Starting com.android.server.media.projection.MediaProjectionManagerService
06-22 13:16:34.565 V/MediaRouter( 1918): Selecting route: RouteInfo{ name=Phone, description=null, status=null, category=RouteCategory{ name=System types=ROUTE_TYPE_LIVE_AUDIO ROUTE_TYPE_LIVE_VIDEO  groupable=false }, supportedTypes=ROUTE_TYPE_LIVE_AUDIO ROUTE_TYPE_LIVE_VIDEO , presentationDisplay=null }
06-22 13:16:34.566 D/SystemServerTiming( 1918): StartMediaProjectionManager took to complete: 1ms
06-22 13:16:34.566 I/SystemServer( 1918): StartSliceManagerService
06-22 13:16:34.566 I/SystemServiceManager( 1918): Starting com.android.server.slice.SliceManagerService$Lifecycle
06-22 13:16:34.567 D/SystemServerTiming( 1918): StartSliceManagerService took to complete: 1ms
06-22 13:16:34.567 I/SystemServer( 1918): StartCameraServiceProxy
06-22 13:16:34.567 I/SystemServiceManager( 1918): Starting com.android.server.camera.CameraServiceProxy
06-22 13:16:34.568 D/SystemServerTiming( 1918): StartCameraServiceProxy took to complete: 1ms
06-22 13:16:34.568 I/SystemServer( 1918): StartStatsCompanionService
06-22 13:16:34.568 I/SystemServiceManager( 1918): Starting com.android.server.stats.StatsCompanionService$Lifecycle
06-22 13:16:34.569 I/StatsCompanionService( 1918): register thermal listener successfully
06-22 13:16:34.571 E/KernelCpuThreadReader( 1918): Failed to initialize KernelCpuThreadReader
06-22 13:16:34.571 E/KernelCpuThreadReader( 1918): java.nio.file.NoSuchFileException: /proc/self/time_in_state
06-22 13:16:34.571 E/KernelCpuThreadReader( 1918): 	at sun.nio.fs.UnixFileSystemProvider.newByteChannel(UnixFileSystemProvider.java:214)
06-22 13:16:34.571 E/KernelCpuThreadReader( 1918): 	at java.nio.file.Files.newByteChannel(Files.java:361)
06-22 13:16:34.571 E/KernelCpuThreadReader( 1918): 	at java.nio.file.Files.newByteChannel(Files.java:407)
06-22 13:16:34.571 E/KernelCpuThreadReader( 1918): 	at java.nio.file.Files.readAllBytes(Files.java:3152)
06-22 13:16:34.571 E/KernelCpuThreadReader( 1918): 	at com.android.internal.os.ProcTimeInStateReader.initializeTimeInStateFormat(ProcTimeInStateReader.java:163)
06-22 13:16:34.571 E/KernelCpuThreadReader( 1918): 	at com.android.internal.os.ProcTimeInStateReader.<init>(ProcTimeInStateReader.java:110)
06-22 13:16:34.571 E/KernelCpuThreadReader( 1918): 	at com.android.internal.os.KernelCpuThreadReader.<init>(KernelCpuThreadReader.java:137)
06-22 13:16:34.571 E/KernelCpuThreadReader( 1918): 	at com.android.internal.os.KernelCpuThreadReader.create(KernelCpuThreadReader.java:150)
06-22 13:16:34.571 E/KernelCpuThreadReader( 1918): 	at com.android.internal.os.KernelCpuThreadReaderSettingsObserver.<init>(KernelCpuThreadReaderSettingsObserver.java:94)
06-22 13:16:34.571 E/KernelCpuThreadReader( 1918): 	at com.android.internal.os.KernelCpuThreadReaderSettingsObserver.getSettingsModifiedReader(KernelCpuThreadReaderSettingsObserver.java:79)
06-22 13:16:34.571 E/KernelCpuThreadReader( 1918): 	at com.android.server.stats.StatsCompanionService.<init>(StatsCompanionService.java:377)
06-22 13:16:34.571 E/KernelCpuThreadReader( 1918): 	at com.android.server.stats.StatsCompanionService$Lifecycle.onStart(StatsCompanionService.java:2539)
06-22 13:16:34.571 E/KernelCpuThreadReader( 1918): 	at com.android.server.SystemServiceManager.startService(SystemServiceManager.java:129)
06-22 13:16:34.571 E/KernelCpuThreadReader( 1918): 	at com.android.server.SystemServiceManager.startService(SystemServiceManager.java:116)
06-22 13:16:34.571 E/KernelCpuThreadReader( 1918): 	at com.android.server.SystemServer.startOtherServices(SystemServer.java:1879)
06-22 13:16:34.571 E/KernelCpuThreadReader( 1918): 	at com.android.server.SystemServer.run(SystemServer.java:512)
06-22 13:16:34.571 E/KernelCpuThreadReader( 1918): 	at com.android.server.SystemServer.main(SystemServer.java:349)
06-22 13:16:34.571 E/KernelCpuThreadReader( 1918): 	at java.lang.reflect.Method.invoke(Native Method)
06-22 13:16:34.571 E/KernelCpuThreadReader( 1918): 	at com.android.internal.os.RuntimeInit$MethodAndArgsCaller.run(RuntimeInit.java:492)
06-22 13:16:34.571 E/KernelCpuThreadReader( 1918): 	at com.android.internal.os.ZygoteInit.main(ZygoteInit.java:908)
06-22 13:16:34.571 D/SystemServerTiming( 1918): StartStatsCompanionService took to complete: 4ms
06-22 13:16:34.572 I/SystemServer( 1918): StartIncidentCompanionService
06-22 13:16:34.572 I/SystemServiceManager( 1918): Starting com.android.server.incident.IncidentCompanionService
06-22 13:16:34.572 D/SystemServerTiming( 1918): StartIncidentCompanionService took to complete: 0ms
06-22 13:16:34.572 I/SystemServer( 1918): StartMmsService
06-22 13:16:34.572 I/SystemServiceManager( 1918): Starting com.android.server.MmsServiceBroker
06-22 13:16:34.572 D/SystemServerTiming( 1918): StartMmsService took to complete: 0ms
06-22 13:16:34.572 I/SystemServer( 1918): StartAutoFillService
06-22 13:16:34.572 I/SystemServiceManager( 1918): Starting com.android.server.autofill.AutofillManagerService
06-22 13:16:34.573 D/AutofillManagerService( 1918): setLogLevelFromSettings(): level=2, debug=true, verbose=false
06-22 13:16:34.574 D/AutofillManagerService( 1918): setMaxPartitionsFromSettings(): 10
