06-22 13:16:32.266 D/FallbackCategoryProvider( 1918): Found 387 fallback categories
06-22 13:16:32.266 I/PackageManager( 1918): No settings file; creating initial state
06-22 13:16:32.269 D/PackageManager( 1918): No files in app dir /vendor/overlay
06-22 13:16:32.274 I/PackageManager( 1918): /system/product/overlay/FontNotoSerifSource changed; collecting certs
06-22 13:16:32.289 I/ServiceManager( 1772): Waiting for service 'package_native' on '/dev/binder'...
06-22 13:16:32.293 V/apexd   ( 1641): Found bundled key in package /system/apex/com.android.apex.cts.shim.apex
06-22 13:16:32.293 E/apexd   ( 1641): Can't open /product/apex for reading : No such file or directory
06-22 13:16:32.301 I/PackageManager( 1918): /system/product/overlay/IconShapeRoundedRect changed; collecting certs
06-22 13:16:32.302 I/PackageManager( 1918): /system/product/overlay/IconPackFilledSettings changed; collecting certs
06-22 13:16:32.302 I/PackageManager( 1918): /system/product/overlay/EmulationPixel4a changed; collecting certs
06-22 13:16:32.303 I/PackageManager( 1918): /system/product/overlay/PixelConfigOverlayCommon.apk changed; collecting certs
06-22 13:16:32.303 I/PackageManager( 1918): /system/product/overlay/AccentColorGreen changed; collecting certs
06-22 13:16:32.304 I/PackageManager( 1918): /system/product/overlay/GoogleConfigOverlay.apk changed; collecting certs
06-22 13:16:32.304 I/PackageManager( 1918): /system/product/overlay/IconShapeSquare changed; collecting certs
06-22 13:16:32.305 I/PackageManager( 1918): /system/product/overlay/IconPackRoundedSettings changed; collecting certs
06-22 13:16:32.305 I/PackageManager( 1918): /system/product/overlay/IconPackFilledThemePicker changed; collecting certs
06-22 13:16:32.306 I/PackageManager( 1918): /system/product/overlay/AccentColorOcean changed; collecting certs
06-22 13:16:32.309 I/PackageManager( 1918): /system/product/overlay/IconShapeTeardrop changed; collecting certs
06-22 13:16:32.310 I/PackageManager( 1918): /system/product/overlay/NavigationBarModeGestural changed; collecting certs
06-22 13:16:32.311 I/PackageManager( 1918): /system/product/overlay/AccentColorOrchid changed; collecting certs
06-22 13:16:32.313 I/PackageManager( 1918): /system/product/overlay/AccentColorBlack changed; collecting certs
06-22 13:16:32.315 I/PackageManager( 1918): /system/product/overlay/NavigationBarModeGesturalNarrowBack changed; collecting certs
06-22 13:16:32.317 I/PackageManager( 1918): /system/product/overlay/IconPackFilledSystemUI changed; collecting certs
06-22 13:16:32.320 I/PackageManager( 1918): /system/product/overlay/DisplayCutoutEmulationTall changed; collecting certs
06-22 13:16:32.322 I/PackageManager( 1918): /system/product/overlay/EmulationPixel4XL changed; collecting certs
06-22 13:16:32.325 I/PackageManager( 1918): /system/product/overlay/SystemUIEmulationPixel4XL changed; collecting certs
06-22 13:16:32.326 I/PackageManager( 1918): /system/product/overlay/IconPackCircularSystemUI changed; collecting certs
06-22 13:16:32.328 I/PackageManager( 1918): /system/product/overlay/NavigationBarMode3Button changed; collecting certs
06-22 13:16:32.328 I/PackageManager( 1918): /system/product/overlay/SystemUIEmulationPixel4 changed; collecting certs
06-22 13:16:32.329 I/PackageManager( 1918): /system/product/overlay/NavigationBarModeGesturalExtraWideBack changed; collecting certs
06-22 13:16:32.330 I/PackageManager( 1918): /system/product/overlay/DisplayCutoutEmulationDouble changed; collecting certs
06-22 13:16:32.330 I/PackageManager( 1918): /system/product/overlay/EmulatorConfigOverlay.apk changed; collecting certs
06-22 13:16:32.331 I/PackageManager( 1918): /system/product/overlay/IconShapeSquircle changed; collecting certs
06-22 13:16:32.331 I/PackageManager( 1918): /system/product/overlay/DisplayCutoutEmulationEmu01 changed; collecting certs
06-22 13:16:32.332 I/PackageManager( 1918): /system/product/overlay/IconPackFilledLauncher changed; collecting certs
06-22 13:16:32.333 I/PackageManager( 1918): /system/product/overlay/AccentColorCinnamon changed; collecting certs
06-22 13:16:32.335 I/PackageManager( 1918): /system/product/overlay/IconPackRoundedAndroid changed; collecting certs
06-22 13:16:32.364 I/PackageManager( 1918): /system/product/overlay/SystemUIEmulationPixel3aXL changed; collecting certs
06-22 13:16:32.366 I/PackageManager( 1918): /system/product/overlay/IconPackRoundedSystemUI changed; collecting certs
06-22 13:16:32.367 I/PackageManager( 1918): /system/product/overlay/SystemUIEmulationPixel3a changed; collecting certs
06-22 13:16:32.368 I/PackageManager( 1918): /system/product/overlay/IconPackCircularSettings changed; collecting certs
06-22 13:16:32.368 I/PackageManager( 1918): /system/product/overlay/IconPackCircularLauncher changed; collecting certs
06-22 13:16:32.369 I/PackageManager( 1918): /system/product/overlay/GoogleWebViewOverlay.apk changed; collecting certs
06-22 13:16:32.369 I/PackageManager( 1918): /system/product/overlay/DisplayCutoutEmulationCorner changed; collecting certs
06-22 13:16:32.370 I/PackageManager( 1918): /system/product/overlay/SystemUIEmulationPixel2XL changed; collecting certs
06-22 13:16:32.370 I/PackageManager( 1918): /system/product/overlay/SystemUIEmulationPixel4a changed; collecting certs
06-22 13:16:32.371 I/PackageManager( 1918): /system/product/overlay/IconPackCircularThemePicker changed; collecting certs
06-22 13:16:32.372 I/PackageManager( 1918): /system/product/overlay/NavigationBarMode2Button changed; collecting certs
06-22 13:16:32.372 I/PackageManager( 1918): /system/product/overlay/IconPackCircularAndroid changed; collecting certs
06-22 13:16:32.373 I/PackageManager( 1918): /system/product/overlay/SystemUIEmulationPixel3 changed; collecting certs
06-22 13:16:32.374 I/PackageManager( 1918): /system/product/overlay/EmulationPixel3XL changed; collecting certs
06-22 13:16:32.374 I/PackageManager( 1918): /system/product/overlay/SystemUIEmulationPixel3XL changed; collecting certs
06-22 13:16:32.375 I/PackageManager( 1918): /system/product/overlay/IconPackRoundedLauncher changed; collecting certs
06-22 13:16:32.375 I/PackageManager( 1918): /system/product/overlay/GooglePermissionControllerOverlay.apk changed; collecting certs
06-22 13:16:32.376 I/PackageManager( 1918): /system/product/overlay/EmulationPixel2XL changed; collecting certs
06-22 13:16:32.376 I/PackageManager( 1918): /system/product/overlay/AccentColorPurple changed; collecting certs
06-22 13:16:32.377 I/PackageManager( 1918): /system/product/overlay/EmulationPixel4 changed; collecting certs
06-22 13:16:32.377 I/PackageManager( 1918): /system/product/overlay/NavigationBarModeGesturalWideBack changed; collecting certs
06-22 13:16:32.378 I/PackageManager( 1918): /system/product/overlay/IconPackFilledAndroid changed; collecting certs
06-22 13:16:32.379 I/PackageManager( 1918): /system/product/overlay/AccentColorSpace changed; collecting certs
06-22 13:16:32.379 D/PackageManager( 1918): No files in app dir /product_services/overlay
06-22 13:16:32.379 D/PackageManager( 1918): No files in app dir /odm/overlay
06-22 13:16:32.379 D/PackageManager( 1918): No files in app dir /oem/overlay
06-22 13:16:32.382 W/PackageManager( 1918): Failed to parse /system/framework/x86: Missing base APK in /system/framework/x86
06-22 13:16:32.385 W/PackageManager( 1918): Failed to parse /system/framework/x86_64: Missing base APK in /system/framework/x86_64
06-22 13:16:32.386 W/PackageManager( 1918): Failed to parse /system/framework/oat: Missing base APK in /system/framework/oat
06-22 13:16:32.391 I/ServiceManager( 1772): Waiting for service 'package_native' on '/dev/binder'...
06-22 13:16:32.407 I/PackageManager( 1918): /system/framework/framework-res.apk changed; collecting certs
06-22 13:16:32.409 E/PackageManager( 1918): Adding duplicate shared id: 1000 name=android
06-22 13:16:32.421 I/PackageManager( 1918): /system/priv-app/MultiDisplayProvider changed; collecting certs
06-22 13:16:32.422 E/PackageManager( 1918): Adding duplicate shared id: 1000 name=com.android.emulator.multidisplay
06-22 13:16:32.428 I/PackageManager( 1918): New shared user android.uid.shared: id=10054
06-22 13:16:32.428 I/PackageManager( 1918): /system/priv-app/UserDictionaryProvider changed; collecting certs
06-22 13:16:32.429 E/PackageManager( 1918): Adding duplicate app id: 10054 name=com.android.providers.userdictionary
06-22 13:16:32.432 I/PackageManager( 1918): New shared user android.media: id=10055
06-22 13:16:32.432 I/PackageManager( 1918): /system/priv-app/DownloadProvider changed; collecting certs
06-22 13:16:32.432 E/PackageManager( 1918): Adding duplicate app id: 10055 name=com.android.providers.downloads
06-22 13:16:32.437 I/PackageManager( 1918): /system/priv-app/ProxyHandler changed; collecting certs
06-22 13:16:32.442 I/PackageManager( 1918): /system/priv-app/CtsShimPrivPrebuilt changed; collecting certs
06-22 13:16:32.444 I/PackageManager( 1918): /system/priv-app/DownloadProviderUi changed; collecting certs
06-22 13:16:32.445 E/PackageManager( 1918): Adding duplicate app id: 10055 name=com.android.providers.downloads.ui
06-22 13:16:32.445 I/PackageManager( 1918): /system/priv-app/CellBroadcastReceiver changed; collecting certs
06-22 13:16:32.448 I/PackageManager( 1918): /system/priv-app/ManagedProvisioning changed; collecting certs
06-22 13:16:32.453 I/PackageManager( 1918): /system/priv-app/VpnDialogs changed; collecting certs
06-22 13:16:32.455 I/PackageManager( 1918): New shared user android.uid.calendar: id=10061
06-22 13:16:32.455 I/PackageManager( 1918): /system/priv-app/CalendarProvider changed; collecting certs
06-22 13:16:32.455 E/PackageManager( 1918): Adding duplicate app id: 10061 name=com.android.providers.calendar
06-22 13:16:32.459 I/PackageManager( 1918): /system/priv-app/NetworkStack changed; collecting certs
06-22 13:16:32.460 E/PackageManager( 1918): Adding duplicate shared id: 1073 name=com.google.android.networkstack
06-22 13:16:32.464 W/PackageParser( 1918): Ignoring duplicate uses-permissions/uses-permissions-sdk-m: android.permission.INSTALL_GRANT_RUNTIME_PERMISSIONS in package: com.android.shell at: Binary XML file line #127
06-22 13:16:32.464 W/PackageParser( 1918): No actions in intent filter at /system/priv-app/GoogleRestorePrebuilt/GoogleRestorePrebuilt.apk Binary XML file line #93
06-22 13:16:32.466 I/PackageManager( 1918): /system/priv-app/GoogleRestorePrebuilt changed; collecting certs
06-22 13:16:32.467 I/PackageManager( 1918): /system/priv-app/Tag changed; collecting certs
06-22 13:16:32.470 I/PackageManager( 1918): /system/priv-app/Shell changed; collecting certs
06-22 13:16:32.471 E/PackageManager( 1918): Adding duplicate shared id: 2000 name=com.android.shell
06-22 13:16:32.475 I/PackageManager( 1918): /system/priv-app/MmsService changed; collecting certs
06-22 13:16:32.476 E/PackageManager( 1918): Adding duplicate shared id: 1001 name=com.android.mms.service
06-22 13:16:32.477 I/PackageManager( 1918): /system/priv-app/StatementService changed; collecting certs
06-22 13:16:32.480 I/PackageManager( 1918): /system/priv-app/TimeZoneUpdater changed; collecting certs
06-22 13:16:32.483 I/PackageManager( 1918): /system/priv-app/InputDevices changed; collecting certs
06-22 13:16:32.484 E/PackageManager( 1918): Adding duplicate shared id: 1000 name=com.android.inputdevices
06-22 13:16:32.486 I/PackageManager( 1918): /system/priv-app/BackupRestoreConfirmation changed; collecting certs
06-22 13:16:32.489 I/PackageManager( 1918): /system/priv-app/DocumentsUI changed; collecting certs
06-22 13:16:32.492 I/ServiceManager( 1772): Waiting for service 'package_native' on '/dev/binder'...
06-22 13:16:32.497 I/PackageManager( 1918): /system/priv-app/DynamicSystemInstallationService changed; collecting certs
06-22 13:16:32.499 E/PackageManager( 1918): Adding duplicate shared id: 1000 name=com.android.dynsystem
06-22 13:16:32.500 I/PackageManager( 1918): /system/priv-app/SharedStorageBackup changed; collecting certs
06-22 13:16:32.501 I/PackageManager( 1918): /system/priv-app/NetworkPermissionConfig changed; collecting certs
06-22 13:16:32.501 E/PackageManager( 1918): Adding duplicate shared id: 1073 name=com.google.android.networkstack.permissionconfig
06-22 13:16:32.502 I/PackageManager( 1918): /system/priv-app/TelephonyProvider changed; collecting certs
06-22 13:16:32.504 E/PackageManager( 1918): Adding duplicate shared id: 1001 name=com.android.providers.telephony
06-22 13:16:32.507 I/PackageManager( 1918): /system/priv-app/ONS changed; collecting certs
06-22 13:16:32.510 E/PackageManager( 1918): Adding duplicate shared id: 1001 name=com.android.ons
06-22 13:16:32.512 I/PackageManager( 1918): /system/priv-app/MtpDocumentsProvider changed; collecting certs
06-22 13:16:32.519 E/PackageManager( 1918): Adding duplicate app id: 10055 name=com.android.mtp
06-22 13:16:32.520 I/PackageManager( 1918): /system/priv-app/SettingsProvider changed; collecting certs
06-22 13:16:32.521 E/PackageManager( 1918): Adding duplicate shared id: 1000 name=com.android.providers.settings
06-22 13:16:32.521 I/PackageManager( 1918): /system/priv-app/ContactsProvider changed; collecting certs
06-22 13:16:32.522 E/PackageManager( 1918): Adding duplicate app id: 10054 name=com.android.providers.contacts
06-22 13:16:32.523 I/PackageManager( 1918): /system/priv-app/BlockedNumberProvider changed; collecting certs
06-22 13:16:32.524 E/PackageManager( 1918): Adding duplicate app id: 10054 name=com.android.providers.blockednumber
06-22 13:16:32.524 I/PackageManager( 1918): /system/priv-app/TeleService changed; collecting certs
06-22 13:16:32.526 E/PackageManager( 1918): Adding duplicate shared id: 1001 name=com.android.phone
06-22 13:16:32.527 I/PackageManager( 1918): /system/priv-app/GoogleExtServices changed; collecting certs
06-22 13:16:32.528 I/PackageManager( 1918): /system/priv-app/MusicFX changed; collecting certs
06-22 13:16:32.530 I/PackageManager( 1918): /system/priv-app/ExternalStorageProvider changed; collecting certs
06-22 13:16:32.531 I/PackageManager( 1918): /system/priv-app/FusedLocation changed; collecting certs
06-22 13:16:32.531 E/PackageManager( 1918): Adding duplicate shared id: 1000 name=com.android.location.fused
06-22 13:16:32.532 I/PackageManager( 1918): /system/priv-app/MediaProvider changed; collecting certs
06-22 13:16:32.533 E/PackageManager( 1918): Adding duplicate app id: 10055 name=com.android.providers.media
06-22 13:16:32.533 I/PackageManager( 1918): /system/priv-app/CallLogBackup changed; collecting certs
06-22 13:16:32.536 E/PackageManager( 1918): Adding duplicate app id: 10054 name=com.android.calllogbackup
06-22 13:16:32.536 I/PackageManager( 1918): /system/priv-app/GoogleSdkSetup changed; collecting certs
06-22 13:16:32.537 I/PackageManager( 1918): /system/priv-app/GooglePackageInstaller changed; collecting certs
06-22 13:16:32.537 I/PackageManager( 1918): /system/priv-app/LocalTransport changed; collecting certs
06-22 13:16:32.538 E/PackageManager( 1918): Adding duplicate shared id: 1000 name=com.android.localtransport
06-22 13:16:32.556 E/        ( 1762): idmap failed, status=0x0100
06-22 13:16:32.557 E/PackageManager( 1918): Failed to generate idmap for /system/priv-app/GooglePermissionController/GooglePermissionController.apk and /product/overlay/GooglePermissionControllerOverlay.apk
06-22 13:16:32.561 I/PackageManager( 1918): /system/priv-app/GooglePermissionController changed; collecting certs
06-22 13:16:32.562 I/PackageManager( 1918): /system/priv-app/Telecom changed; collecting certs
06-22 13:16:32.563 E/PackageManager( 1918): Adding duplicate shared id: 1000 name=com.android.server.telecom
06-22 13:16:32.572 I/PackageManager( 1918): /system/app/BasicDreams changed; collecting certs
06-22 13:16:32.577 I/PackageManager( 1918): /system/app/PrintSpooler changed; collecting certs
06-22 13:16:32.582 I/PackageManager( 1918): /system/app/EasterEgg changed; collecting certs
06-22 13:16:32.585 I/PackageManager( 1918): /system/app/CtsShimPrebuilt changed; collecting certs
06-22 13:16:32.586 I/PackageManager( 1918): /system/app/CompanionDeviceManager changed; collecting certs
06-22 13:16:32.588 I/PackageManager( 1918): /system/app/Traceur changed; collecting certs
06-22 13:16:32.589 I/PackageManager( 1918): /system/app/LiveWallpapersPicker changed; collecting certs
06-22 13:16:32.590 I/PackageManager( 1918): /system/app/WallpaperBackup changed; collecting certs
06-22 13:16:32.591 E/PackageManager( 1918): Adding duplicate shared id: 1000 name=com.android.wallpaperbackup
06-22 13:16:32.592 I/ServiceManager( 1772): Waiting for service 'package_native' on '/dev/binder'...
06-22 13:16:32.593 I/PackageManager( 1918): /system/app/SecureElement changed; collecting certs
06-22 13:16:32.594 E/PackageManager( 1918): Adding duplicate shared id: 1068 name=com.android.se
06-22 13:16:32.597 I/PackageManager( 1918): /system/app/CaptivePortalLogin changed; collecting certs
06-22 13:16:32.600 W/PackageParser( 1918): Ignoring duplicate uses-permissions/uses-permissions-sdk-m: android.permission.READ_CONTACTS in package: com.android.bluetooth at: Binary XML file line #67
06-22 13:16:32.602 W/PackageParser( 1918): No actions in intent filter at /system/app/Bluetooth/Bluetooth.apk Binary XML file line #263
06-22 13:16:32.602 I/PackageManager( 1918): /system/app/CertInstaller changed; collecting certs
06-22 13:16:32.604 I/PackageManager( 1918): /system/app/KeyChain changed; collecting certs
06-22 13:16:32.605 E/PackageManager( 1918): Adding duplicate shared id: 1000 name=com.android.keychain
06-22 13:16:32.607 I/PackageManager( 1918): /system/app/BookmarkProvider changed; collecting certs
06-22 13:16:32.610 I/PackageManager( 1918): /system/app/Bluetooth changed; collecting certs
06-22 13:16:32.612 E/PackageManager( 1918): Adding duplicate shared id: 1002 name=com.android.bluetooth
06-22 13:16:32.613 I/PackageManager( 1918): /system/app/SimAppDialog changed; collecting certs
06-22 13:16:32.614 I/PackageManager( 1918): /system/app/RcsService changed; collecting certs
06-22 13:16:32.615 E/PackageManager( 1918): Adding duplicate shared id: 1001 name=com.android.service.ims
06-22 13:16:32.617 I/PackageManager( 1918): /system/app/WAPPushManager changed; collecting certs
06-22 13:16:32.620 I/PackageManager( 1918): /system/app/BluetoothMidiService changed; collecting certs
06-22 13:16:32.621 I/PackageManager( 1918): /system/app/LicenseChecker changed; collecting certs
06-22 13:16:32.622 I/PackageManager( 1918): /system/app/KoreanIME changed; collecting certs
06-22 13:16:32.627 I/PackageManager( 1918): /system/app/BuiltInPrintService changed; collecting certs
06-22 13:16:32.629 W/PackageParser( 1918): Ignoring duplicate uses-permissions/uses-permissions-sdk-m: android.permission.CHANGE_WIFI_STATE in package: com.android.nfc at: Binary XML file line #52
06-22 13:16:32.630 W/PackageParser( 1918): Ignoring duplicate uses-permissions/uses-permissions-sdk-m: android.permission.ACCESS_WIFI_STATE in package: com.android.nfc at: Binary XML file line #53
06-22 13:16:32.630 I/PackageManager( 1918): /system/app/OsuLogin changed; collecting certs
06-22 13:16:32.631 I/PackageManager( 1918): /system/app/PartnerBookmarksProvider changed; collecting certs
06-22 13:16:32.636 I/PackageManager( 1918): /system/app/NfcNci changed; collecting certs
06-22 13:16:32.638 E/PackageManager( 1918): Adding duplicate shared id: 1027 name=com.android.nfc
06-22 13:16:32.638 I/PackageManager( 1918): /system/app/PresencePolling changed; collecting certs
06-22 13:16:32.640 E/PackageManager( 1918): Adding duplicate shared id: 1001 name=com.android.service.ims.presence
06-22 13:16:32.641 I/PackageManager( 1918): /system/app/PacProcessor changed; collecting certs
06-22 13:16:32.643 I/PackageManager( 1918): /system/app/GooglePrintRecommendationService changed; collecting certs
06-22 13:16:32.648 I/PackageManager( 1918): /system/app/Stk changed; collecting certs
06-22 13:16:32.648 E/PackageManager( 1918): Adding duplicate shared id: 1001 name=com.android.stk
06-22 13:16:32.652 I/PackageManager( 1918): /system/app/SafetyRegulatoryInfo changed; collecting certs
06-22 13:16:32.655 I/PackageManager( 1918): /system/app/GoogleExtShared changed; collecting certs
06-22 13:16:32.657 I/PackageManager( 1918): /system/app/GooglePinyinIME changed; collecting certs
06-22 13:16:32.661 I/PackageManager( 1918): /system/app/GoogleHindiIME changed; collecting certs
06-22 13:16:32.662 W/PackageParser( 1918): No actions in intent filter at /system/app/CarrierDefaultApp/CarrierDefaultApp.apk Binary XML file line #43
06-22 13:16:32.664 I/PackageManager( 1918): /system/app/WallpapersUsTwo changed; collecting certs
06-22 13:16:32.664 I/PackageManager( 1918): /system/app/HTMLViewer changed; collecting certs
06-22 13:16:32.665 I/PackageManager( 1918): /system/app/CarrierDefaultApp changed; collecting certs
06-22 13:16:32.666 D/PackageManager( 1918): No files in app dir /vendor/priv-app
06-22 13:16:32.666 D/PackageManager( 1918): No files in app dir /vendor/app
06-22 13:16:32.666 D/PackageManager( 1918): No files in app dir /odm/priv-app
06-22 13:16:32.666 D/PackageManager( 1918): No files in app dir /odm/app
06-22 13:16:32.666 D/PackageManager( 1918): No files in app dir /oem/app
06-22 13:16:32.674 I/PackageManager( 1918): /system/product/priv-app/GoogleFeedback changed; collecting certs
06-22 13:16:32.682 I/PackageManager( 1918): /system/product/priv-app/SettingsIntelligence changed; collecting certs
06-22 13:16:32.687 I/PackageManager( 1918): /system/product/priv-app/ConfigUpdater changed; collecting certs
06-22 13:16:32.692 I/ServiceManager( 1772): Waiting for service 'package_native' on '/dev/binder'...
06-22 13:16:32.701 I/PackageManager( 1918): /system/product/priv-app/WallpaperPickerGooglePrebuilt changed; collecting certs
06-22 13:16:32.706 W/PackageParser( 1918): Unknown element under <manifest>: meta-data at /system/product/priv-app/Dialer/Dialer.apk Binary XML file line #115
06-22 13:16:32.713 I/PackageManager( 1918): /system/product/priv-app/GoogleANGLE changed; collecting certs
06-22 13:16:32.722 I/PackageManager( 1918): /system/product/priv-app/Dialer changed; collecting certs
06-22 13:16:32.734 I/PackageManager( 1918): /system/product/priv-app/NexusLauncherRelease changed; collecting certs
06-22 13:16:32.744 I/PackageManager( 1918): /system/product/priv-app/SetupWizardPrebuilt changed; collecting certs
06-22 13:16:32.750 I/PackageManager( 1918): /system/product/priv-app/GoogleOneTimeInitializer changed; collecting certs
06-22 13:16:32.753 W/PackageParser( 1918): No actions in intent filter at /system/product/priv-app/Contacts/Contacts.apk Binary XML file line #411
06-22 13:16:32.756 I/PackageManager( 1918): /system/product/priv-app/Contacts changed; collecting certs
06-22 13:16:32.757 I/PackageManager( 1918): /system/product/priv-app/CarrierConfig changed; collecting certs
06-22 13:16:32.760 I/PackageManager( 1918): New shared user com.android.uid.omadm.service: id=10113
06-22 13:16:32.760 I/PackageManager( 1918): /system/product/priv-app/DMService changed; collecting certs
06-22 13:16:32.762 W/PackageParser( 1918): Ignoring duplicate uses-permissions/uses-permissions-sdk-m: android.permission.CONFIGURE_WIFI_DISPLAY in package: com.android.systemui at: Binary XML file line #158
06-22 13:16:32.766 E/PackageManager( 1918): Adding duplicate app id: 10113 name=com.android.omadm.service
06-22 13:16:32.770 I/PackageManager( 1918): New shared user android.uid.systemui: id=10114
06-22 13:16:32.770 I/PackageManager( 1918): /system/product/priv-app/SystemUIGoogle changed; collecting certs
06-22 13:16:32.771 W/PackageParser( 1918): No actions in intent filter at /system/product/priv-app/AndroidAutoFullPrebuilt/AndroidAutoFullPrebuilt.apk Binary XML file line #1276
06-22 13:16:32.771 E/PackageManager( 1918): Adding duplicate app id: 10114 name=com.android.systemui
06-22 13:16:32.774 I/PackageManager( 1918): New shared user com.google.android.projection.gearhead: id=10115
06-22 13:16:32.774 I/PackageManager( 1918): /system/product/priv-app/AndroidAutoFullPrebuilt changed; collecting certs
06-22 13:16:32.777 E/PackageManager( 1918): Adding duplicate app id: 10115 name=com.google.android.projection.gearhead
06-22 13:16:32.782 W/PackageParser( 1918): Ignoring duplicate uses-permissions/uses-permissions-sdk-m: android.permission.READ_PRIVILEGED_PHONE_STATE in package: com.google.android.partnersetup at: Binary XML file line #56
06-22 13:16:32.784 I/PackageManager( 1918): /system/product/priv-app/GooglePartnerSetup changed; collecting certs
06-22 13:16:32.787 I/PackageManager( 1918): /system/product/priv-app/AndroidMigratePrebuilt changed; collecting certs
06-22 13:16:32.794 I/ServiceManager( 1772): Waiting for service 'package_native' on '/dev/binder'...
06-22 13:16:32.794 I/PackageManager( 1918): New shared user com.google.uid.shared: id=10118
06-22 13:16:32.794 I/PackageManager( 1918): /system/product/priv-app/GoogleServicesFramework changed; collecting certs
06-22 13:16:32.795 E/PackageManager( 1918): Adding duplicate app id: 10118 name=com.google.android.gsf
06-22 13:16:32.800 I/PackageManager( 1918): /system/product/priv-app/StorageManager changed; collecting certs
06-22 13:16:32.805 I/PackageManager( 1918): /system/product/priv-app/CarrierServices changed; collecting certs
06-22 13:16:32.833 I/PackageManager( 1918): New shared user com.android.emergency.uid: id=10121
06-22 13:16:32.833 I/PackageManager( 1918): /system/product/priv-app/EmergencyInfo changed; collecting certs
06-22 13:16:32.834 E/PackageManager( 1918): Adding duplicate app id: 10121 name=com.android.emergency
06-22 13:16:32.849 W/PackageParser( 1918): Unknown element under <manifest>: attribution at /system/product/priv-app/PrebuiltGmsCore/PrebuiltGmsCore.apk Binary XML file line #5
06-22 13:16:32.849 W/PackageParser( 1918): Unknown element under <manifest>: attribution at /system/product/priv-app/PrebuiltGmsCore/PrebuiltGmsCore.apk Binary XML file line #6
06-22 13:16:32.849 W/PackageParser( 1918): Unknown element under <manifest>: attribution at /system/product/priv-app/PrebuiltGmsCore/PrebuiltGmsCore.apk Binary XML file line #7
06-22 13:16:32.849 W/PackageParser( 1918): Unknown element under <manifest>: attribution at /system/product/priv-app/PrebuiltGmsCore/PrebuiltGmsCore.apk Binary XML file line #8
06-22 13:16:32.849 W/PackageParser( 1918): Unknown element under <manifest>: attribution at /system/product/priv-app/PrebuiltGmsCore/PrebuiltGmsCore.apk Binary XML file line #9
06-22 13:16:32.849 W/PackageParser( 1918): Unknown element under <manifest>: attribution at /system/product/priv-app/PrebuiltGmsCore/PrebuiltGmsCore.apk Binary XML file line #10
06-22 13:16:32.849 W/PackageParser( 1918): Unknown element under <manifest>: attribution at /system/product/priv-app/PrebuiltGmsCore/PrebuiltGmsCore.apk Binary XML file line #11
06-22 13:16:32.849 W/PackageParser( 1918): Unknown element under <manifest>: attribution at /system/product/priv-app/PrebuiltGmsCore/PrebuiltGmsCore.apk Binary XML file line #12
06-22 13:16:32.849 W/PackageParser( 1918): Unknown element under <manifest>: attribution at /system/product/priv-app/PrebuiltGmsCore/PrebuiltGmsCore.apk Binary XML file line #13
06-22 13:16:32.849 W/PackageParser( 1918): Unknown element under <manifest>: attribution at /system/product/priv-app/PrebuiltGmsCore/PrebuiltGmsCore.apk Binary XML file line #14
06-22 13:16:32.849 W/PackageParser( 1918): Unknown element under <manifest>: attribution at /system/product/priv-app/PrebuiltGmsCore/PrebuiltGmsCore.apk Binary XML file line #15
06-22 13:16:32.849 W/PackageParser( 1918): Unknown element under <manifest>: attribution at /system/product/priv-app/PrebuiltGmsCore/PrebuiltGmsCore.apk Binary XML file line #16
06-22 13:16:32.849 W/PackageParser( 1918): Unknown element under <manifest>: attribution at /system/product/priv-app/PrebuiltGmsCore/PrebuiltGmsCore.apk Binary XML file line #17
06-22 13:16:32.849 W/PackageParser( 1918): Unknown element under <manifest>: attribution at /system/product/priv-app/PrebuiltGmsCore/PrebuiltGmsCore.apk Binary XML file line #18
06-22 13:16:32.849 W/PackageParser( 1918): Unknown element under <manifest>: attribution at /system/product/priv-app/PrebuiltGmsCore/PrebuiltGmsCore.apk Binary XML file line #19
06-22 13:16:32.849 W/PackageParser( 1918): Unknown element under <manifest>: attribution at /system/product/priv-app/PrebuiltGmsCore/PrebuiltGmsCore.apk Binary XML file line #20
06-22 13:16:32.849 W/PackageParser( 1918): Unknown element under <manifest>: attribution at /system/product/priv-app/PrebuiltGmsCore/PrebuiltGmsCore.apk Binary XML file line #21
06-22 13:16:32.849 W/PackageParser( 1918): Unknown element under <manifest>: attribution at /system/product/priv-app/PrebuiltGmsCore/PrebuiltGmsCore.apk Binary XML file line #22
06-22 13:16:32.849 W/PackageParser( 1918): Unknown element under <manifest>: attribution at /system/product/priv-app/PrebuiltGmsCore/PrebuiltGmsCore.apk Binary XML file line #23
06-22 13:16:32.849 W/PackageParser( 1918): Unknown element under <manifest>: attribution at /system/product/priv-app/PrebuiltGmsCore/PrebuiltGmsCore.apk Binary XML file line #24
06-22 13:16:32.849 W/PackageParser( 1918): Unknown element under <manifest>: attribution at /system/product/priv-app/PrebuiltGmsCore/PrebuiltGmsCore.apk Binary XML file line #25
06-22 13:16:32.849 W/PackageParser( 1918): Unknown element under <manifest>: attribution at /system/product/priv-app/PrebuiltGmsCore/PrebuiltGmsCore.apk Binary XML file line #26
06-22 13:16:32.849 W/PackageParser( 1918): Unknown element under <manifest>: attribution at /system/product/priv-app/PrebuiltGmsCore/PrebuiltGmsCore.apk Binary XML file line #27
06-22 13:16:32.849 W/PackageParser( 1918): Unknown element under <manifest>: attribution at /system/product/priv-app/PrebuiltGmsCore/PrebuiltGmsCore.apk Binary XML file line #28
06-22 13:16:32.849 W/PackageParser( 1918): Unknown element under <manifest>: attribution at /system/product/priv-app/PrebuiltGmsCore/PrebuiltGmsCore.apk Binary XML file line #29
06-22 13:16:32.849 W/PackageParser( 1918): Unknown element under <manifest>: attribution at /system/product/priv-app/PrebuiltGmsCore/PrebuiltGmsCore.apk Binary XML file line #30
06-22 13:16:32.849 W/PackageParser( 1918): Unknown element under <manifest>: attribution at /system/product/priv-app/PrebuiltGmsCore/PrebuiltGmsCore.apk Binary XML file line #31
06-22 13:16:32.849 W/PackageParser( 1918): Unknown element under <manifest>: attribution at /system/product/priv-app/PrebuiltGmsCore/PrebuiltGmsCore.apk Binary XML file line #32
06-22 13:16:32.849 W/PackageParser( 1918): Unknown element under <manifest>: attribution at /system/product/priv-app/PrebuiltGmsCore/PrebuiltGmsCore.apk Binary XML file line #33
06-22 13:16:32.849 W/PackageParser( 1918): Unknown element under <manifest>: attribution at /system/product/priv-app/PrebuiltGmsCore/PrebuiltGmsCore.apk Binary XML file line #34
06-22 13:16:32.849 W/PackageParser( 1918): Unknown element under <manifest>: attribution at /system/product/priv-app/PrebuiltGmsCore/PrebuiltGmsCore.apk Binary XML file line #35
06-22 13:16:32.849 W/PackageParser( 1918): Unknown element under <manifest>: attribution at /system/product/priv-app/PrebuiltGmsCore/PrebuiltGmsCore.apk Binary XML file line #36
06-22 13:16:32.849 W/PackageParser( 1918): Unknown element under <manifest>: attribution at /system/product/priv-app/PrebuiltGmsCore/PrebuiltGmsCore.apk Binary XML file line #37
06-22 13:16:32.849 W/PackageParser( 1918): Unknown element under <manifest>: attribution at /system/product/priv-app/PrebuiltGmsCore/PrebuiltGmsCore.apk Binary XML file line #38
06-22 13:16:32.849 W/PackageParser( 1918): Unknown element under <manifest>: attribution at /system/product/priv-app/PrebuiltGmsCore/PrebuiltGmsCore.apk Binary XML file line #39
06-22 13:16:32.849 W/PackageParser( 1918): Unknown element under <manifest>: attribution at /system/product/priv-app/PrebuiltGmsCore/PrebuiltGmsCore.apk Binary XML file line #40
06-22 13:16:32.849 W/PackageParser( 1918): Unknown element under <manifest>: attribution at /system/product/priv-app/PrebuiltGmsCore/PrebuiltGmsCore.apk Binary XML file line #41
06-22 13:16:32.849 W/PackageParser( 1918): Unknown element under <manifest>: attribution at /system/product/priv-app/PrebuiltGmsCore/PrebuiltGmsCore.apk Binary XML file line #42
06-22 13:16:32.849 W/PackageParser( 1918): Unknown element under <manifest>: attribution at /system/product/priv-app/PrebuiltGmsCore/PrebuiltGmsCore.apk Binary XML file line #43
06-22 13:16:32.849 W/PackageParser( 1918): Unknown element under <manifest>: attribution at /system/product/priv-app/PrebuiltGmsCore/PrebuiltGmsCore.apk Binary XML file line #44
06-22 13:16:32.849 W/PackageParser( 1918): Unknown element under <manifest>: attribution at /system/product/priv-app/PrebuiltGmsCore/PrebuiltGmsCore.apk Binary XML file line #45
06-22 13:16:32.849 W/PackageParser( 1918): Unknown element under <manifest>: attribution at /system/product/priv-app/PrebuiltGmsCore/PrebuiltGmsCore.apk Binary XML file line #46
06-22 13:16:32.849 W/PackageParser( 1918): Unknown element under <manifest>: attribution at /system/product/priv-app/PrebuiltGmsCore/PrebuiltGmsCore.apk Binary XML file line #47
06-22 13:16:32.849 W/PackageParser( 1918): Unknown element under <manifest>: attribution at /system/product/priv-app/PrebuiltGmsCore/PrebuiltGmsCore.apk Binary XML file line #48
06-22 13:16:32.849 W/PackageParser( 1918): Unknown element under <manifest>: attribution at /system/product/priv-app/PrebuiltGmsCore/PrebuiltGmsCore.apk Binary XML file line #49
06-22 13:16:32.849 W/PackageParser( 1918): Unknown element under <manifest>: attribution at /system/product/priv-app/PrebuiltGmsCore/PrebuiltGmsCore.apk Binary XML file line #50
06-22 13:16:32.849 W/PackageParser( 1918): Unknown element under <manifest>: attribution at /system/product/priv-app/PrebuiltGmsCore/PrebuiltGmsCore.apk Binary XML file line #51
06-22 13:16:32.849 W/PackageParser( 1918): Unknown element under <manifest>: attribution at /system/product/priv-app/PrebuiltGmsCore/PrebuiltGmsCore.apk Binary XML file line #52
06-22 13:16:32.849 W/PackageParser( 1918): Unknown element under <manifest>: attribution at /system/product/priv-app/PrebuiltGmsCore/PrebuiltGmsCore.apk Binary XML file line #53
06-22 13:16:32.849 W/PackageParser( 1918): Unknown element under <manifest>: attribution at /system/product/priv-app/PrebuiltGmsCore/PrebuiltGmsCore.apk Binary XML file line #54
06-22 13:16:32.849 W/PackageParser( 1918): Unknown element under <manifest>: attribution at /system/product/priv-app/PrebuiltGmsCore/PrebuiltGmsCore.apk Binary XML file line #55
06-22 13:16:32.849 W/PackageParser( 1918): Unknown element under <manifest>: attribution at /system/product/priv-app/PrebuiltGmsCore/PrebuiltGmsCore.apk Binary XML file line #56
06-22 13:16:32.849 W/PackageParser( 1918): Unknown element under <manifest>: attribution at /system/product/priv-app/PrebuiltGmsCore/PrebuiltGmsCore.apk Binary XML file line #57
06-22 13:16:32.849 W/PackageParser( 1918): Unknown element under <manifest>: attribution at /system/product/priv-app/PrebuiltGmsCore/PrebuiltGmsCore.apk Binary XML file line #58
06-22 13:16:32.850 W/PackageParser( 1918): Unknown element under <manifest>: attribution at /system/product/priv-app/PrebuiltGmsCore/PrebuiltGmsCore.apk Binary XML file line #59
06-22 13:16:32.850 W/PackageParser( 1918): Unknown element under <manifest>: attribution at /system/product/priv-app/PrebuiltGmsCore/PrebuiltGmsCore.apk Binary XML file line #60
06-22 13:16:32.850 W/PackageParser( 1918): Unknown element under <manifest>: attribution at /system/product/priv-app/PrebuiltGmsCore/PrebuiltGmsCore.apk Binary XML file line #61
06-22 13:16:32.850 W/PackageParser( 1918): Unknown element under <manifest>: attribution at /system/product/priv-app/PrebuiltGmsCore/PrebuiltGmsCore.apk Binary XML file line #62
06-22 13:16:32.850 W/PackageParser( 1918): Unknown element under <manifest>: attribution at /system/product/priv-app/PrebuiltGmsCore/PrebuiltGmsCore.apk Binary XML file line #63
06-22 13:16:32.850 W/PackageParser( 1918): Unknown element under <manifest>: attribution at /system/product/priv-app/PrebuiltGmsCore/PrebuiltGmsCore.apk Binary XML file line #64
06-22 13:16:32.850 W/PackageParser( 1918): Unknown element under <manifest>: attribution at /system/product/priv-app/PrebuiltGmsCore/PrebuiltGmsCore.apk Binary XML file line #65
06-22 13:16:32.850 W/PackageParser( 1918): Unknown element under <manifest>: attribution at /system/product/priv-app/PrebuiltGmsCore/PrebuiltGmsCore.apk Binary XML file line #66
06-22 13:16:32.850 W/PackageParser( 1918): Unknown element under <manifest>: attribution at /system/product/priv-app/PrebuiltGmsCore/PrebuiltGmsCore.apk Binary XML file line #67
06-22 13:16:32.850 W/PackageParser( 1918): Unknown element under <manifest>: attribution at /system/product/priv-app/PrebuiltGmsCore/PrebuiltGmsCore.apk Binary XML file line #68
06-22 13:16:32.850 W/PackageParser( 1918): Unknown element under <manifest>: attribution at /system/product/priv-app/PrebuiltGmsCore/PrebuiltGmsCore.apk Binary XML file line #69
06-22 13:16:32.850 W/PackageParser( 1918): Unknown element under <manifest>: attribution at /system/product/priv-app/PrebuiltGmsCore/PrebuiltGmsCore.apk Binary XML file line #70
06-22 13:16:32.850 W/PackageParser( 1918): Unknown element under <manifest>: attribution at /system/product/priv-app/PrebuiltGmsCore/PrebuiltGmsCore.apk Binary XML file line #71
06-22 13:16:32.850 W/PackageParser( 1918): Unknown element under <manifest>: attribution at /system/product/priv-app/PrebuiltGmsCore/PrebuiltGmsCore.apk Binary XML file line #72
06-22 13:16:32.850 W/PackageParser( 1918): Unknown element under <manifest>: attribution at /system/product/priv-app/PrebuiltGmsCore/PrebuiltGmsCore.apk Binary XML file line #73
06-22 13:16:32.850 W/PackageParser( 1918): Unknown element under <manifest>: attribution at /system/product/priv-app/PrebuiltGmsCore/PrebuiltGmsCore.apk Binary XML file line #74
06-22 13:16:32.850 W/PackageParser( 1918): Unknown element under <manifest>: attribution at /system/product/priv-app/PrebuiltGmsCore/PrebuiltGmsCore.apk Binary XML file line #75
06-22 13:16:32.850 W/PackageParser( 1918): Unknown element under <manifest>: attribution at /system/product/priv-app/PrebuiltGmsCore/PrebuiltGmsCore.apk Binary XML file line #76
06-22 13:16:32.850 W/PackageParser( 1918): Unknown element under <manifest>: attribution at /system/product/priv-app/PrebuiltGmsCore/PrebuiltGmsCore.apk Binary XML file line #77
06-22 13:16:32.850 W/PackageParser( 1918): Unknown element under <manifest>: attribution at /system/product/priv-app/PrebuiltGmsCore/PrebuiltGmsCore.apk Binary XML file line #78
06-22 13:16:32.850 W/PackageParser( 1918): Unknown element under <manifest>: attribution at /system/product/priv-app/PrebuiltGmsCore/PrebuiltGmsCore.apk Binary XML file line #79
06-22 13:16:32.850 W/PackageParser( 1918): Unknown element under <manifest>: attribution at /system/product/priv-app/PrebuiltGmsCore/PrebuiltGmsCore.apk Binary XML file line #80
06-22 13:16:32.850 W/PackageParser( 1918): Unknown element under <manifest>: attribution at /system/product/priv-app/PrebuiltGmsCore/PrebuiltGmsCore.apk Binary XML file line #81
06-22 13:16:32.850 W/PackageParser( 1918): Unknown element under <manifest>: attribution at /system/product/priv-app/PrebuiltGmsCore/PrebuiltGmsCore.apk Binary XML file line #82
06-22 13:16:32.850 W/PackageParser( 1918): Unknown element under <manifest>: attribution at /system/product/priv-app/PrebuiltGmsCore/PrebuiltGmsCore.apk Binary XML file line #83
06-22 13:16:32.850 W/PackageParser( 1918): Unknown element under <manifest>: attribution at /system/product/priv-app/PrebuiltGmsCore/PrebuiltGmsCore.apk Binary XML file line #84
06-22 13:16:32.850 W/PackageParser( 1918): Unknown element under <manifest>: attribution at /system/product/priv-app/PrebuiltGmsCore/PrebuiltGmsCore.apk Binary XML file line #85
06-22 13:16:32.850 W/PackageParser( 1918): Unknown element under <manifest>: attribution at /system/product/priv-app/PrebuiltGmsCore/PrebuiltGmsCore.apk Binary XML file line #86
06-22 13:16:32.850 W/PackageParser( 1918): Unknown element under <manifest>: attribution at /system/product/priv-app/PrebuiltGmsCore/PrebuiltGmsCore.apk Binary XML file line #87
06-22 13:16:32.850 W/PackageParser( 1918): Unknown element under <manifest>: attribution at /system/product/priv-app/PrebuiltGmsCore/PrebuiltGmsCore.apk Binary XML file line #88
06-22 13:16:32.850 W/PackageParser( 1918): Unknown element under <manifest>: attribution at /system/product/priv-app/PrebuiltGmsCore/PrebuiltGmsCore.apk Binary XML file line #89
06-22 13:16:32.850 W/PackageParser( 1918): Unknown element under <manifest>: attribution at /system/product/priv-app/PrebuiltGmsCore/PrebuiltGmsCore.apk Binary XML file line #90
06-22 13:16:32.850 W/PackageParser( 1918): Unknown element under <manifest>: attribution at /system/product/priv-app/PrebuiltGmsCore/PrebuiltGmsCore.apk Binary XML file line #91
06-22 13:16:32.850 W/PackageParser( 1918): Unknown element under <manifest>: attribution at /system/product/priv-app/PrebuiltGmsCore/PrebuiltGmsCore.apk Binary XML file line #92
06-22 13:16:32.850 W/PackageParser( 1918): Unknown element under <manifest>: attribution at /system/product/priv-app/PrebuiltGmsCore/PrebuiltGmsCore.apk Binary XML file line #93
06-22 13:16:32.850 W/PackageParser( 1918): Unknown element under <manifest>: attribution at /system/product/priv-app/PrebuiltGmsCore/PrebuiltGmsCore.apk Binary XML file line #94
06-22 13:16:32.850 W/PackageParser( 1918): Unknown element under <manifest>: attribution at /system/product/priv-app/PrebuiltGmsCore/PrebuiltGmsCore.apk Binary XML file line #95
06-22 13:16:32.850 W/PackageParser( 1918): Unknown element under <manifest>: attribution at /system/product/priv-app/PrebuiltGmsCore/PrebuiltGmsCore.apk Binary XML file line #96
06-22 13:16:32.850 W/PackageParser( 1918): Unknown element under <manifest>: attribution at /system/product/priv-app/PrebuiltGmsCore/PrebuiltGmsCore.apk Binary XML file line #97
06-22 13:16:32.850 W/PackageParser( 1918): Unknown element under <manifest>: attribution at /system/product/priv-app/PrebuiltGmsCore/PrebuiltGmsCore.apk Binary XML file line #98
06-22 13:16:32.850 W/PackageParser( 1918): Unknown element under <manifest>: attribution at /system/product/priv-app/PrebuiltGmsCore/PrebuiltGmsCore.apk Binary XML file line #99
06-22 13:16:32.850 W/PackageParser( 1918): Unknown element under <manifest>: attribution at /system/product/priv-app/PrebuiltGmsCore/PrebuiltGmsCore.apk Binary XML file line #100
06-22 13:16:32.850 W/PackageParser( 1918): Unknown element under <manifest>: attribution at /system/product/priv-app/PrebuiltGmsCore/PrebuiltGmsCore.apk Binary XML file line #101
06-22 13:16:32.850 W/PackageParser( 1918): Unknown element under <manifest>: attribution at /system/product/priv-app/PrebuiltGmsCore/PrebuiltGmsCore.apk Binary XML file line #102
06-22 13:16:32.850 W/PackageParser( 1918): Unknown element under <manifest>: attribution at /system/product/priv-app/PrebuiltGmsCore/PrebuiltGmsCore.apk Binary XML file line #103
06-22 13:16:32.850 W/PackageParser( 1918): Unknown element under <manifest>: attribution at /system/product/priv-app/PrebuiltGmsCore/PrebuiltGmsCore.apk Binary XML file line #104
06-22 13:16:32.850 W/PackageParser( 1918): Unknown element under <manifest>: attribution at /system/product/priv-app/PrebuiltGmsCore/PrebuiltGmsCore.apk Binary XML file line #105
06-22 13:16:32.850 W/PackageParser( 1918): Unknown element under <manifest>: attribution at /system/product/priv-app/PrebuiltGmsCore/PrebuiltGmsCore.apk Binary XML file line #106
06-22 13:16:32.850 W/PackageParser( 1918): Unknown element under <manifest>: attribution at /system/product/priv-app/PrebuiltGmsCore/PrebuiltGmsCore.apk Binary XML file line #107
06-22 13:16:32.850 W/PackageParser( 1918): Unknown element under <manifest>: attribution at /system/product/priv-app/PrebuiltGmsCore/PrebuiltGmsCore.apk Binary XML file line #108
06-22 13:16:32.850 W/PackageParser( 1918): Unknown element under <manifest>: attribution at /system/product/priv-app/PrebuiltGmsCore/PrebuiltGmsCore.apk Binary XML file line #109
06-22 13:16:32.850 W/PackageParser( 1918): Unknown element under <manifest>: attribution at /system/product/priv-app/PrebuiltGmsCore/PrebuiltGmsCore.apk Binary XML file line #110
06-22 13:16:32.850 W/PackageParser( 1918): Unknown element under <manifest>: attribution at /system/product/priv-app/PrebuiltGmsCore/PrebuiltGmsCore.apk Binary XML file line #111
06-22 13:16:32.850 W/PackageParser( 1918): Unknown element under <manifest>: attribution at /system/product/priv-app/PrebuiltGmsCore/PrebuiltGmsCore.apk Binary XML file line #112
06-22 13:16:32.850 W/PackageParser( 1918): Unknown element under <manifest>: attribution at /system/product/priv-app/PrebuiltGmsCore/PrebuiltGmsCore.apk Binary XML file line #113
06-22 13:16:32.850 W/PackageParser( 1918): Unknown element under <manifest>: attribution at /system/product/priv-app/PrebuiltGmsCore/PrebuiltGmsCore.apk Binary XML file line #114
06-22 13:16:32.850 W/PackageParser( 1918): Unknown element under <manifest>: attribution at /system/product/priv-app/PrebuiltGmsCore/PrebuiltGmsCore.apk Binary XML file line #115
06-22 13:16:32.850 W/PackageParser( 1918): Unknown element under <manifest>: attribution at /system/product/priv-app/PrebuiltGmsCore/PrebuiltGmsCore.apk Binary XML file line #116
06-22 13:16:32.850 W/PackageParser( 1918): Unknown element under <manifest>: attribution at /system/product/priv-app/PrebuiltGmsCore/PrebuiltGmsCore.apk Binary XML file line #117
06-22 13:16:32.851 W/PackageParser( 1918): Unknown element under <manifest>: attribution at /system/product/priv-app/PrebuiltGmsCore/PrebuiltGmsCore.apk Binary XML file line #118
06-22 13:16:32.851 W/PackageParser( 1918): Unknown element under <manifest>: attribution at /system/product/priv-app/PrebuiltGmsCore/PrebuiltGmsCore.apk Binary XML file line #119
06-22 13:16:32.851 W/PackageParser( 1918): Unknown element under <manifest>: attribution at /system/product/priv-app/PrebuiltGmsCore/PrebuiltGmsCore.apk Binary XML file line #120
06-22 13:16:32.851 W/PackageParser( 1918): Unknown element under <manifest>: attribution at /system/product/priv-app/PrebuiltGmsCore/PrebuiltGmsCore.apk Binary XML file line #121
06-22 13:16:32.851 W/PackageParser( 1918): Unknown element under <manifest>: attribution at /system/product/priv-app/PrebuiltGmsCore/PrebuiltGmsCore.apk Binary XML file line #122
06-22 13:16:32.851 W/PackageParser( 1918): Unknown element under <manifest>: attribution at /system/product/priv-app/PrebuiltGmsCore/PrebuiltGmsCore.apk Binary XML file line #123
06-22 13:16:32.851 W/PackageParser( 1918): Unknown element under <manifest>: attribution at /system/product/priv-app/PrebuiltGmsCore/PrebuiltGmsCore.apk Binary XML file line #124
06-22 13:16:32.851 W/PackageParser( 1918): Unknown element under <manifest>: attribution at /system/product/priv-app/PrebuiltGmsCore/PrebuiltGmsCore.apk Binary XML file line #125
06-22 13:16:32.851 W/PackageParser( 1918): Unknown element under <manifest>: attribution at /system/product/priv-app/PrebuiltGmsCore/PrebuiltGmsCore.apk Binary XML file line #126
06-22 13:16:32.851 W/PackageParser( 1918): Unknown element under <manifest>: attribution at /system/product/priv-app/PrebuiltGmsCore/PrebuiltGmsCore.apk Binary XML file line #127
06-22 13:16:32.851 W/PackageParser( 1918): Unknown element under <manifest>: attribution at /system/product/priv-app/PrebuiltGmsCore/PrebuiltGmsCore.apk Binary XML file line #128
06-22 13:16:32.851 W/PackageParser( 1918): Unknown element under <manifest>: attribution at /system/product/priv-app/PrebuiltGmsCore/PrebuiltGmsCore.apk Binary XML file line #129
06-22 13:16:32.851 W/PackageParser( 1918): Unknown element under <manifest>: attribution at /system/product/priv-app/PrebuiltGmsCore/PrebuiltGmsCore.apk Binary XML file line #130
06-22 13:16:32.851 W/PackageParser( 1918): Unknown element under <manifest>: attribution at /system/product/priv-app/PrebuiltGmsCore/PrebuiltGmsCore.apk Binary XML file line #131
06-22 13:16:32.851 W/PackageParser( 1918): Unknown element under <manifest>: attribution at /system/product/priv-app/PrebuiltGmsCore/PrebuiltGmsCore.apk Binary XML file line #132
06-22 13:16:32.851 W/PackageParser( 1918): Unknown element under <manifest>: attribution at /system/product/priv-app/PrebuiltGmsCore/PrebuiltGmsCore.apk Binary XML file line #133
06-22 13:16:32.851 W/PackageParser( 1918): Unknown element under <manifest>: attribution at /system/product/priv-app/PrebuiltGmsCore/PrebuiltGmsCore.apk Binary XML file line #134
06-22 13:16:32.851 W/PackageParser( 1918): Unknown element under <manifest>: attribution at /system/product/priv-app/PrebuiltGmsCore/PrebuiltGmsCore.apk Binary XML file line #135
06-22 13:16:32.851 W/PackageParser( 1918): Unknown element under <manifest>: attribution at /system/product/priv-app/PrebuiltGmsCore/PrebuiltGmsCore.apk Binary XML file line #136
06-22 13:16:32.851 W/PackageParser( 1918): Unknown element under <manifest>: attribution at /system/product/priv-app/PrebuiltGmsCore/PrebuiltGmsCore.apk Binary XML file line #137
06-22 13:16:32.851 W/PackageParser( 1918): Unknown element under <manifest>: attribution at /system/product/priv-app/PrebuiltGmsCore/PrebuiltGmsCore.apk Binary XML file line #138
06-22 13:16:32.851 W/PackageParser( 1918): Unknown element under <manifest>: attribution at /system/product/priv-app/PrebuiltGmsCore/PrebuiltGmsCore.apk Binary XML file line #139
06-22 13:16:32.851 W/PackageParser( 1918): Unknown element under <manifest>: attribution at /system/product/priv-app/PrebuiltGmsCore/PrebuiltGmsCore.apk Binary XML file line #140
