06-22 13:16:35.685 I/PackageManager( 1918): Un-granting permission android.permission.CAPTURE_VIDEO_OUTPUT from package com.google.android.gms (protectionLevel=2 flags=0xb0cabe45)
06-22 13:16:35.685 I/PackageManager( 1918): Un-granting permission android.permission.MANAGE_DEVICE_ADMINS from package com.google.android.gms (protectionLevel=2 flags=0xb0cabe45)
06-22 13:16:35.685 I/PackageManager( 1918): Un-granting permission android.permission.MANAGE_ACTIVITY_STACKS from package com.google.android.gms (protectionLevel=2 flags=0xb0cabe45)
06-22 13:16:35.685 I/PackageManager( 1918): Un-granting permission android.permission.CAPTURE_SECURE_VIDEO_OUTPUT from package com.google.android.gms (protectionLevel=2 flags=0xb0cabe45)
06-22 13:16:35.685 I/PackageManager( 1918): Un-granting permission android.permission.MANAGE_ROLLBACKS from package com.google.android.gms (protectionLevel=514 flags=0xb0cabe45)
06-22 13:16:35.687 W/PackageManager( 1918): Cannot whitelist unknown permission: android.permission.QUERY_ALL_PACKAGES
06-22 13:16:35.687 W/PackageManager( 1918): Cannot whitelist unknown permission: android.permission.PRE_FACTORY_RESET
06-22 13:16:35.687 W/PackageManager( 1918): Cannot whitelist unknown permission: android.permission.MANAGE_FACTORY_RESET_PROTECTION
06-22 13:16:35.687 W/PackageManager( 1918): Cannot whitelist unknown permission: android.car.permission.CAR_POWER
06-22 13:16:35.687 W/PackageManager( 1918): Cannot whitelist unknown permission: com.google.android.wearable.WRITE_SETTINGS
06-22 13:16:35.687 W/PackageManager( 1918): Cannot whitelist unknown permission: com.felicanetworks.mfc.permission.MFC_ACCESS
06-22 13:16:35.688 W/PackageManager( 1918): Cannot whitelist unknown permission: com.felicanetworks.mfc.mfi.permission.MFI_ACCESS
06-22 13:16:35.688 W/PackageManager( 1918): Cannot whitelist unknown permission: com.google.android.finsky.permission.INSTANT_APP_STATE
06-22 13:16:35.688 W/PackageManager( 1918): Cannot whitelist unknown permission: android.permission.UWB
06-22 13:16:35.688 W/PackageManager( 1918): Cannot whitelist unknown permission: com.google.android.finsky.permission.BIND_GET_INSTALL_REFERRER_SERVICE
06-22 13:16:35.688 W/PackageManager( 1918): Cannot whitelist unknown permission: com.google.android.hangouts.START_HANGOUT
06-22 13:16:35.688 W/PackageManager( 1918): Cannot whitelist unknown permission: android.car.permission.CAR_POWERTRAIN
06-22 13:16:35.688 W/PackageManager( 1918): Cannot whitelist unknown permission: android.car.permission.CAR_ENERGY
06-22 13:16:35.688 W/PackageManager( 1918): Cannot whitelist unknown permission: android.car.permission.CAR_ENERGY_PORTS
06-22 13:16:35.688 W/PackageManager( 1918): Cannot whitelist unknown permission: android.car.permission.CAR_EXTERIOR_LIGHTS
06-22 13:16:35.688 W/PackageManager( 1918): Cannot whitelist unknown permission: android.car.permission.CAR_INFO
06-22 13:16:35.688 W/PackageManager( 1918): Cannot whitelist unknown permission: android.car.permission.CAR_MILEAGE
06-22 13:16:35.688 W/PackageManager( 1918): Cannot whitelist unknown permission: android.car.permission.CAR_TIRES
06-22 13:16:35.688 W/PackageManager( 1918): Cannot whitelist unknown permission: android.car.permission.CONTROL_CAR_CLIMATE
06-22 13:16:35.688 W/PackageManager( 1918): Cannot whitelist unknown permission: android.car.permission.CONTROL_CAR_DOORS
06-22 13:16:35.688 W/PackageManager( 1918): Cannot whitelist unknown permission: android.car.permission.CONTROL_CAR_EXTERIOR_LIGHTS
06-22 13:16:35.688 W/PackageManager( 1918): Cannot whitelist unknown permission: android.car.permission.CONTROL_CAR_MIRRORS
06-22 13:16:35.688 W/PackageManager( 1918): Cannot whitelist unknown permission: android.car.permission.CONTROL_CAR_SEATS
06-22 13:16:35.688 W/PackageManager( 1918): Cannot whitelist unknown permission: android.car.permission.CONTROL_CAR_WINDOWS
06-22 13:16:35.688 W/PackageManager( 1918): Cannot whitelist unknown permission: android.car.permission.READ_CAR_DISPLAY_UNITS
06-22 13:16:35.688 W/PackageManager( 1918): Cannot whitelist unknown permission: com.google.android.finsky.permission.GEARHEAD_SERVICE
06-22 13:16:35.688 W/PackageManager( 1918): Cannot whitelist unknown permission: com.google.android.permission.ACCESSIBILITY_SCAN_SERVICE
06-22 13:16:35.688 W/PackageManager( 1918): Cannot whitelist unknown permission: com.google.android.finsky.permission.ACCESS_INSTANT_APP_NOTIFICATION_ENFORCEMENT
06-22 13:16:35.688 W/PackageManager( 1918): Cannot whitelist unknown permission: com.google.android.clockwork.settings.SHOW_FACTORY_RESET_CONFIRMATION
06-22 13:16:35.688 W/PackageManager( 1918): Cannot whitelist unknown permission: com.google.android.wearable.READ_SETTINGS
06-22 13:16:35.688 W/PackageManager( 1918): Cannot whitelist unknown permission: android.permission.READ_MEDIA_AUDIO
06-22 13:16:35.688 W/PackageManager( 1918): Cannot whitelist unknown permission: android.permission.READ_MEDIA_IMAGES
06-22 13:16:35.688 W/PackageManager( 1918): Cannot whitelist unknown permission: android.permission.READ_MEDIA_VIDEO
06-22 13:16:35.688 W/PackageManager( 1918): Cannot whitelist unknown permission: com.android.vending.setup.PLAY_SETUP_SERVICE
06-22 13:16:35.688 W/PackageManager( 1918): Cannot whitelist unknown permission: com.google.android.gms.game.notifications.permission.WRITE
06-22 13:16:35.688 W/PackageManager( 1918): Cannot whitelist unknown permission: com.google.android.vending.verifier.ACCESS_VERIFIER
06-22 13:16:35.688 I/PackageManager( 1918): Un-granting permission android.permission.CAPTURE_VIDEO_OUTPUT from package com.google.android.gms (protectionLevel=2 flags=0xb0cabe45)
06-22 13:16:35.688 I/PackageManager( 1918): Un-granting permission android.permission.MANAGE_DEVICE_ADMINS from package com.google.android.gms (protectionLevel=2 flags=0xb0cabe45)
06-22 13:16:35.688 I/PackageManager( 1918): Un-granting permission android.permission.MANAGE_ACTIVITY_STACKS from package com.google.android.gms (protectionLevel=2 flags=0xb0cabe45)
06-22 13:16:35.688 I/PackageManager( 1918): Un-granting permission android.permission.CAPTURE_SECURE_VIDEO_OUTPUT from package com.google.android.gms (protectionLevel=2 flags=0xb0cabe45)
06-22 13:16:35.688 I/PackageManager( 1918): Un-granting permission android.permission.MANAGE_ROLLBACKS from package com.google.android.gms (protectionLevel=514 flags=0xb0cabe45)
06-22 13:16:35.692 W/PackageManager( 1918): Cannot whitelist unknown permission: android.permission.QUERY_ALL_PACKAGES
06-22 13:16:35.692 W/PackageManager( 1918): Cannot whitelist unknown permission: android.permission.PRE_FACTORY_RESET
06-22 13:16:35.692 W/PackageManager( 1918): Cannot whitelist unknown permission: android.permission.MANAGE_FACTORY_RESET_PROTECTION
06-22 13:16:35.692 W/PackageManager( 1918): Cannot whitelist unknown permission: android.car.permission.CAR_POWER
06-22 13:16:35.692 W/PackageManager( 1918): Cannot whitelist unknown permission: com.google.android.wearable.WRITE_SETTINGS
06-22 13:16:35.692 W/PackageManager( 1918): Cannot whitelist unknown permission: com.felicanetworks.mfc.permission.MFC_ACCESS
06-22 13:16:35.692 W/PackageManager( 1918): Cannot whitelist unknown permission: com.felicanetworks.mfc.mfi.permission.MFI_ACCESS
06-22 13:16:35.692 W/PackageManager( 1918): Cannot whitelist unknown permission: com.google.android.finsky.permission.INSTANT_APP_STATE
06-22 13:16:35.692 W/PackageManager( 1918): Cannot whitelist unknown permission: android.permission.UWB
06-22 13:16:35.692 W/PackageManager( 1918): Cannot whitelist unknown permission: com.google.android.finsky.permission.BIND_GET_INSTALL_REFERRER_SERVICE
06-22 13:16:35.692 W/PackageManager( 1918): Cannot whitelist unknown permission: com.google.android.hangouts.START_HANGOUT
06-22 13:16:35.692 W/PackageManager( 1918): Cannot whitelist unknown permission: android.car.permission.CAR_POWERTRAIN
06-22 13:16:35.692 W/PackageManager( 1918): Cannot whitelist unknown permission: android.car.permission.CAR_ENERGY
06-22 13:16:35.692 W/PackageManager( 1918): Cannot whitelist unknown permission: android.car.permission.CAR_ENERGY_PORTS
06-22 13:16:35.692 W/PackageManager( 1918): Cannot whitelist unknown permission: android.car.permission.CAR_EXTERIOR_LIGHTS
06-22 13:16:35.692 W/PackageManager( 1918): Cannot whitelist unknown permission: android.car.permission.CAR_INFO
06-22 13:16:35.692 W/PackageManager( 1918): Cannot whitelist unknown permission: android.car.permission.CAR_MILEAGE
06-22 13:16:35.692 W/PackageManager( 1918): Cannot whitelist unknown permission: android.car.permission.CAR_TIRES
06-22 13:16:35.692 W/PackageManager( 1918): Cannot whitelist unknown permission: android.car.permission.CONTROL_CAR_CLIMATE
06-22 13:16:35.692 W/PackageManager( 1918): Cannot whitelist unknown permission: android.car.permission.CONTROL_CAR_DOORS
06-22 13:16:35.692 W/PackageManager( 1918): Cannot whitelist unknown permission: android.car.permission.CONTROL_CAR_EXTERIOR_LIGHTS
06-22 13:16:35.692 W/PackageManager( 1918): Cannot whitelist unknown permission: android.car.permission.CONTROL_CAR_MIRRORS
06-22 13:16:35.692 W/PackageManager( 1918): Cannot whitelist unknown permission: android.car.permission.CONTROL_CAR_SEATS
06-22 13:16:35.693 W/PackageManager( 1918): Cannot whitelist unknown permission: android.car.permission.CONTROL_CAR_WINDOWS
06-22 13:16:35.693 W/PackageManager( 1918): Cannot whitelist unknown permission: android.car.permission.READ_CAR_DISPLAY_UNITS
06-22 13:16:35.693 W/PackageManager( 1918): Cannot whitelist unknown permission: com.google.android.finsky.permission.GEARHEAD_SERVICE
06-22 13:16:35.693 W/PackageManager( 1918): Cannot whitelist unknown permission: com.google.android.permission.ACCESSIBILITY_SCAN_SERVICE
06-22 13:16:35.693 W/PackageManager( 1918): Cannot whitelist unknown permission: com.google.android.finsky.permission.ACCESS_INSTANT_APP_NOTIFICATION_ENFORCEMENT
06-22 13:16:35.693 W/PackageManager( 1918): Cannot whitelist unknown permission: com.google.android.clockwork.settings.SHOW_FACTORY_RESET_CONFIRMATION
06-22 13:16:35.693 W/PackageManager( 1918): Cannot whitelist unknown permission: com.google.android.wearable.READ_SETTINGS
06-22 13:16:35.693 W/PackageManager( 1918): Cannot whitelist unknown permission: android.permission.READ_MEDIA_AUDIO
06-22 13:16:35.693 W/PackageManager( 1918): Cannot whitelist unknown permission: android.permission.READ_MEDIA_IMAGES
06-22 13:16:35.693 W/PackageManager( 1918): Cannot whitelist unknown permission: android.permission.READ_MEDIA_VIDEO
06-22 13:16:35.693 W/PackageManager( 1918): Cannot whitelist unknown permission: com.android.vending.setup.PLAY_SETUP_SERVICE
06-22 13:16:35.693 W/PackageManager( 1918): Cannot whitelist unknown permission: com.google.android.gms.game.notifications.permission.WRITE
06-22 13:16:35.693 W/PackageManager( 1918): Cannot whitelist unknown permission: com.google.android.vending.verifier.ACCESS_VERIFIER
06-22 13:16:35.693 I/PackageManager( 1918): Un-granting permission android.permission.CAPTURE_VIDEO_OUTPUT from package com.google.android.gms (protectionLevel=2 flags=0xb0cabe45)
06-22 13:16:35.693 I/PackageManager( 1918): Un-granting permission android.permission.MANAGE_DEVICE_ADMINS from package com.google.android.gms (protectionLevel=2 flags=0xb0cabe45)
06-22 13:16:35.693 I/PackageManager( 1918): Un-granting permission android.permission.MANAGE_ACTIVITY_STACKS from package com.google.android.gms (protectionLevel=2 flags=0xb0cabe45)
06-22 13:16:35.693 I/PackageManager( 1918): Un-granting permission android.permission.CAPTURE_SECURE_VIDEO_OUTPUT from package com.google.android.gms (protectionLevel=2 flags=0xb0cabe45)
06-22 13:16:35.693 I/PackageManager( 1918): Un-granting permission android.permission.MANAGE_ROLLBACKS from package com.google.android.gms (protectionLevel=514 flags=0xb0cabe45)
06-22 13:16:35.699 W/PackageManager( 1918): Cannot whitelist unknown permission: android.permission.QUERY_ALL_PACKAGES
06-22 13:16:35.699 W/PackageManager( 1918): Cannot whitelist unknown permission: android.permission.PRE_FACTORY_RESET
06-22 13:16:35.699 W/PackageManager( 1918): Cannot whitelist unknown permission: android.permission.MANAGE_FACTORY_RESET_PROTECTION
06-22 13:16:35.699 W/PackageManager( 1918): Cannot whitelist unknown permission: android.car.permission.CAR_POWER
06-22 13:16:35.699 W/PackageManager( 1918): Cannot whitelist unknown permission: com.google.android.wearable.WRITE_SETTINGS
06-22 13:16:35.699 W/PackageManager( 1918): Cannot whitelist unknown permission: com.felicanetworks.mfc.permission.MFC_ACCESS
06-22 13:16:35.699 W/PackageManager( 1918): Cannot whitelist unknown permission: com.felicanetworks.mfc.mfi.permission.MFI_ACCESS
06-22 13:16:35.699 W/PackageManager( 1918): Cannot whitelist unknown permission: com.google.android.finsky.permission.INSTANT_APP_STATE
06-22 13:16:35.699 W/PackageManager( 1918): Cannot whitelist unknown permission: android.permission.UWB
06-22 13:16:35.700 W/PackageManager( 1918): Cannot whitelist unknown permission: com.google.android.finsky.permission.BIND_GET_INSTALL_REFERRER_SERVICE
06-22 13:16:35.700 W/PackageManager( 1918): Cannot whitelist unknown permission: com.google.android.hangouts.START_HANGOUT
06-22 13:16:35.700 W/PackageManager( 1918): Cannot whitelist unknown permission: android.car.permission.CAR_POWERTRAIN
06-22 13:16:35.700 W/PackageManager( 1918): Cannot whitelist unknown permission: android.car.permission.CAR_ENERGY
06-22 13:16:35.700 W/PackageManager( 1918): Cannot whitelist unknown permission: android.car.permission.CAR_ENERGY_PORTS
06-22 13:16:35.700 W/PackageManager( 1918): Cannot whitelist unknown permission: android.car.permission.CAR_EXTERIOR_LIGHTS
06-22 13:16:35.700 W/PackageManager( 1918): Cannot whitelist unknown permission: android.car.permission.CAR_INFO
06-22 13:16:35.700 W/PackageManager( 1918): Cannot whitelist unknown permission: android.car.permission.CAR_MILEAGE
06-22 13:16:35.700 W/PackageManager( 1918): Cannot whitelist unknown permission: android.car.permission.CAR_TIRES
06-22 13:16:35.700 W/PackageManager( 1918): Cannot whitelist unknown permission: android.car.permission.CONTROL_CAR_CLIMATE
06-22 13:16:35.700 W/PackageManager( 1918): Cannot whitelist unknown permission: android.car.permission.CONTROL_CAR_DOORS
06-22 13:16:35.700 W/PackageManager( 1918): Cannot whitelist unknown permission: android.car.permission.CONTROL_CAR_EXTERIOR_LIGHTS
06-22 13:16:35.700 W/PackageManager( 1918): Cannot whitelist unknown permission: android.car.permission.CONTROL_CAR_MIRRORS
06-22 13:16:35.700 W/PackageManager( 1918): Cannot whitelist unknown permission: android.car.permission.CONTROL_CAR_SEATS
06-22 13:16:35.700 W/PackageManager( 1918): Cannot whitelist unknown permission: android.car.permission.CONTROL_CAR_WINDOWS
06-22 13:16:35.700 W/PackageManager( 1918): Cannot whitelist unknown permission: android.car.permission.READ_CAR_DISPLAY_UNITS
06-22 13:16:35.700 W/PackageManager( 1918): Cannot whitelist unknown permission: com.google.android.finsky.permission.GEARHEAD_SERVICE
06-22 13:16:35.700 W/PackageManager( 1918): Cannot whitelist unknown permission: com.google.android.permission.ACCESSIBILITY_SCAN_SERVICE
06-22 13:16:35.700 W/PackageManager( 1918): Cannot whitelist unknown permission: com.google.android.finsky.permission.ACCESS_INSTANT_APP_NOTIFICATION_ENFORCEMENT
06-22 13:16:35.700 W/PackageManager( 1918): Cannot whitelist unknown permission: com.google.android.clockwork.settings.SHOW_FACTORY_RESET_CONFIRMATION
06-22 13:16:35.700 W/PackageManager( 1918): Cannot whitelist unknown permission: com.google.android.wearable.READ_SETTINGS
06-22 13:16:35.700 W/PackageManager( 1918): Cannot whitelist unknown permission: android.permission.READ_MEDIA_AUDIO
06-22 13:16:35.700 W/PackageManager( 1918): Cannot whitelist unknown permission: android.permission.READ_MEDIA_IMAGES
06-22 13:16:35.700 W/PackageManager( 1918): Cannot whitelist unknown permission: android.permission.READ_MEDIA_VIDEO
06-22 13:16:35.700 W/PackageManager( 1918): Cannot whitelist unknown permission: com.android.vending.setup.PLAY_SETUP_SERVICE
06-22 13:16:35.700 W/PackageManager( 1918): Cannot whitelist unknown permission: com.google.android.gms.game.notifications.permission.WRITE
06-22 13:16:35.700 W/PackageManager( 1918): Cannot whitelist unknown permission: com.google.android.vending.verifier.ACCESS_VERIFIER
06-22 13:16:35.700 I/PackageManager( 1918): Un-granting permission android.permission.CAPTURE_VIDEO_OUTPUT from package com.google.android.gms (protectionLevel=2 flags=0xb0cabe45)
06-22 13:16:35.700 I/PackageManager( 1918): Un-granting permission android.permission.MANAGE_DEVICE_ADMINS from package com.google.android.gms (protectionLevel=2 flags=0xb0cabe45)
06-22 13:16:35.700 I/PackageManager( 1918): Un-granting permission android.permission.MANAGE_ACTIVITY_STACKS from package com.google.android.gms (protectionLevel=2 flags=0xb0cabe45)
06-22 13:16:35.700 I/PackageManager( 1918): Un-granting permission android.permission.CAPTURE_SECURE_VIDEO_OUTPUT from package com.google.android.gms (protectionLevel=2 flags=0xb0cabe45)
06-22 13:16:35.700 I/PackageManager( 1918): Un-granting permission android.permission.MANAGE_ROLLBACKS from package com.google.android.gms (protectionLevel=514 flags=0xb0cabe45)
06-22 13:16:35.702 W/PackageManager( 1918): Cannot whitelist unknown permission: android.permission.QUERY_ALL_PACKAGES
06-22 13:16:35.702 W/PackageManager( 1918): Cannot whitelist unknown permission: android.permission.PRE_FACTORY_RESET
06-22 13:16:35.702 W/PackageManager( 1918): Cannot whitelist unknown permission: android.permission.MANAGE_FACTORY_RESET_PROTECTION
06-22 13:16:35.702 W/PackageManager( 1918): Cannot whitelist unknown permission: android.car.permission.CAR_POWER
06-22 13:16:35.702 W/PackageManager( 1918): Cannot whitelist unknown permission: com.google.android.wearable.WRITE_SETTINGS
06-22 13:16:35.702 W/PackageManager( 1918): Cannot whitelist unknown permission: com.felicanetworks.mfc.permission.MFC_ACCESS
06-22 13:16:35.702 W/PackageManager( 1918): Cannot whitelist unknown permission: com.felicanetworks.mfc.mfi.permission.MFI_ACCESS
06-22 13:16:35.702 W/PackageManager( 1918): Cannot whitelist unknown permission: com.google.android.finsky.permission.INSTANT_APP_STATE
06-22 13:16:35.702 W/PackageManager( 1918): Cannot whitelist unknown permission: android.permission.UWB
06-22 13:16:35.702 W/PackageManager( 1918): Cannot whitelist unknown permission: com.google.android.finsky.permission.BIND_GET_INSTALL_REFERRER_SERVICE
06-22 13:16:35.702 W/PackageManager( 1918): Cannot whitelist unknown permission: com.google.android.hangouts.START_HANGOUT
06-22 13:16:35.702 W/PackageManager( 1918): Cannot whitelist unknown permission: android.car.permission.CAR_POWERTRAIN
06-22 13:16:35.702 W/PackageManager( 1918): Cannot whitelist unknown permission: android.car.permission.CAR_ENERGY
06-22 13:16:35.702 W/PackageManager( 1918): Cannot whitelist unknown permission: android.car.permission.CAR_ENERGY_PORTS
06-22 13:16:35.702 W/PackageManager( 1918): Cannot whitelist unknown permission: android.car.permission.CAR_EXTERIOR_LIGHTS
06-22 13:16:35.702 W/PackageManager( 1918): Cannot whitelist unknown permission: android.car.permission.CAR_INFO
06-22 13:16:35.702 W/PackageManager( 1918): Cannot whitelist unknown permission: android.car.permission.CAR_MILEAGE
06-22 13:16:35.702 W/PackageManager( 1918): Cannot whitelist unknown permission: android.car.permission.CAR_TIRES
06-22 13:16:35.702 W/PackageManager( 1918): Cannot whitelist unknown permission: android.car.permission.CONTROL_CAR_CLIMATE
06-22 13:16:35.702 W/PackageManager( 1918): Cannot whitelist unknown permission: android.car.permission.CONTROL_CAR_DOORS
06-22 13:16:35.702 W/PackageManager( 1918): Cannot whitelist unknown permission: android.car.permission.CONTROL_CAR_EXTERIOR_LIGHTS
06-22 13:16:35.702 W/PackageManager( 1918): Cannot whitelist unknown permission: android.car.permission.CONTROL_CAR_MIRRORS
06-22 13:16:35.702 W/PackageManager( 1918): Cannot whitelist unknown permission: android.car.permission.CONTROL_CAR_SEATS
06-22 13:16:35.702 W/PackageManager( 1918): Cannot whitelist unknown permission: android.car.permission.CONTROL_CAR_WINDOWS
06-22 13:16:35.702 W/PackageManager( 1918): Cannot whitelist unknown permission: android.car.permission.READ_CAR_DISPLAY_UNITS
06-22 13:16:35.702 W/PackageManager( 1918): Cannot whitelist unknown permission: com.google.android.finsky.permission.GEARHEAD_SERVICE
06-22 13:16:35.702 W/PackageManager( 1918): Cannot whitelist unknown permission: com.google.android.permission.ACCESSIBILITY_SCAN_SERVICE
06-22 13:16:35.702 W/PackageManager( 1918): Cannot whitelist unknown permission: com.google.android.finsky.permission.ACCESS_INSTANT_APP_NOTIFICATION_ENFORCEMENT
06-22 13:16:35.702 W/PackageManager( 1918): Cannot whitelist unknown permission: com.google.android.clockwork.settings.SHOW_FACTORY_RESET_CONFIRMATION
06-22 13:16:35.702 W/PackageManager( 1918): Cannot whitelist unknown permission: com.google.android.wearable.READ_SETTINGS
06-22 13:16:35.702 W/PackageManager( 1918): Cannot whitelist unknown permission: android.permission.READ_MEDIA_AUDIO
06-22 13:16:35.702 W/PackageManager( 1918): Cannot whitelist unknown permission: android.permission.READ_MEDIA_IMAGES
06-22 13:16:35.702 W/PackageManager( 1918): Cannot whitelist unknown permission: android.permission.READ_MEDIA_VIDEO
06-22 13:16:35.702 W/PackageManager( 1918): Cannot whitelist unknown permission: com.android.vending.setup.PLAY_SETUP_SERVICE
06-22 13:16:35.702 W/PackageManager( 1918): Cannot whitelist unknown permission: com.google.android.gms.game.notifications.permission.WRITE
06-22 13:16:35.702 W/PackageManager( 1918): Cannot whitelist unknown permission: com.google.android.vending.verifier.ACCESS_VERIFIER
06-22 13:16:35.702 I/PackageManager( 1918): Un-granting permission android.permission.CAPTURE_VIDEO_OUTPUT from package com.google.android.gms (protectionLevel=2 flags=0xb0cabe45)
06-22 13:16:35.702 I/PackageManager( 1918): Un-granting permission android.permission.MANAGE_DEVICE_ADMINS from package com.google.android.gms (protectionLevel=2 flags=0xb0cabe45)
06-22 13:16:35.702 I/PackageManager( 1918): Un-granting permission android.permission.MANAGE_ACTIVITY_STACKS from package com.google.android.gms (protectionLevel=2 flags=0xb0cabe45)
06-22 13:16:35.703 I/PackageManager( 1918): Un-granting permission android.permission.CAPTURE_SECURE_VIDEO_OUTPUT from package com.google.android.gms (protectionLevel=2 flags=0xb0cabe45)
06-22 13:16:35.703 I/PackageManager( 1918): Un-granting permission android.permission.MANAGE_ROLLBACKS from package com.google.android.gms (protectionLevel=514 flags=0xb0cabe45)
06-22 13:16:35.709 W/PackageManager( 1918): Cannot whitelist unknown permission: android.permission.QUERY_ALL_PACKAGES
06-22 13:16:35.709 W/PackageManager( 1918): Cannot whitelist unknown permission: android.permission.PRE_FACTORY_RESET
06-22 13:16:35.709 W/PackageManager( 1918): Cannot whitelist unknown permission: android.permission.MANAGE_FACTORY_RESET_PROTECTION
06-22 13:16:35.709 W/PackageManager( 1918): Cannot whitelist unknown permission: android.car.permission.CAR_POWER
06-22 13:16:35.709 W/PackageManager( 1918): Cannot whitelist unknown permission: com.google.android.wearable.WRITE_SETTINGS
06-22 13:16:35.709 W/PackageManager( 1918): Cannot whitelist unknown permission: com.felicanetworks.mfc.permission.MFC_ACCESS
06-22 13:16:35.709 W/PackageManager( 1918): Cannot whitelist unknown permission: com.felicanetworks.mfc.mfi.permission.MFI_ACCESS
06-22 13:16:35.709 W/PackageManager( 1918): Cannot whitelist unknown permission: com.google.android.finsky.permission.INSTANT_APP_STATE
06-22 13:16:35.709 W/PackageManager( 1918): Cannot whitelist unknown permission: android.permission.UWB
06-22 13:16:35.709 W/PackageManager( 1918): Cannot whitelist unknown permission: com.google.android.finsky.permission.BIND_GET_INSTALL_REFERRER_SERVICE
06-22 13:16:35.709 W/PackageManager( 1918): Cannot whitelist unknown permission: com.google.android.hangouts.START_HANGOUT
06-22 13:16:35.709 W/PackageManager( 1918): Cannot whitelist unknown permission: android.car.permission.CAR_POWERTRAIN
06-22 13:16:35.709 W/PackageManager( 1918): Cannot whitelist unknown permission: android.car.permission.CAR_ENERGY
06-22 13:16:35.709 W/PackageManager( 1918): Cannot whitelist unknown permission: android.car.permission.CAR_ENERGY_PORTS
06-22 13:16:35.709 W/PackageManager( 1918): Cannot whitelist unknown permission: android.car.permission.CAR_EXTERIOR_LIGHTS
06-22 13:16:35.709 W/PackageManager( 1918): Cannot whitelist unknown permission: android.car.permission.CAR_INFO
06-22 13:16:35.709 W/PackageManager( 1918): Cannot whitelist unknown permission: android.car.permission.CAR_MILEAGE
06-22 13:16:35.709 W/PackageManager( 1918): Cannot whitelist unknown permission: android.car.permission.CAR_TIRES
06-22 13:16:35.709 W/PackageManager( 1918): Cannot whitelist unknown permission: android.car.permission.CONTROL_CAR_CLIMATE
06-22 13:16:35.709 W/PackageManager( 1918): Cannot whitelist unknown permission: android.car.permission.CONTROL_CAR_DOORS
06-22 13:16:35.709 W/PackageManager( 1918): Cannot whitelist unknown permission: android.car.permission.CONTROL_CAR_EXTERIOR_LIGHTS
06-22 13:16:35.709 W/PackageManager( 1918): Cannot whitelist unknown permission: android.car.permission.CONTROL_CAR_MIRRORS
06-22 13:16:35.709 W/PackageManager( 1918): Cannot whitelist unknown permission: android.car.permission.CONTROL_CAR_SEATS
06-22 13:16:35.709 W/PackageManager( 1918): Cannot whitelist unknown permission: android.car.permission.CONTROL_CAR_WINDOWS
06-22 13:16:35.709 W/PackageManager( 1918): Cannot whitelist unknown permission: android.car.permission.READ_CAR_DISPLAY_UNITS
06-22 13:16:35.709 W/PackageManager( 1918): Cannot whitelist unknown permission: com.google.android.finsky.permission.GEARHEAD_SERVICE
06-22 13:16:35.709 W/PackageManager( 1918): Cannot whitelist unknown permission: com.google.android.permission.ACCESSIBILITY_SCAN_SERVICE
06-22 13:16:35.709 W/PackageManager( 1918): Cannot whitelist unknown permission: com.google.android.finsky.permission.ACCESS_INSTANT_APP_NOTIFICATION_ENFORCEMENT
06-22 13:16:35.709 W/PackageManager( 1918): Cannot whitelist unknown permission: com.google.android.clockwork.settings.SHOW_FACTORY_RESET_CONFIRMATION
06-22 13:16:35.709 W/PackageManager( 1918): Cannot whitelist unknown permission: com.google.android.wearable.READ_SETTINGS
06-22 13:16:35.709 W/PackageManager( 1918): Cannot whitelist unknown permission: android.permission.READ_MEDIA_AUDIO
06-22 13:16:35.709 W/PackageManager( 1918): Cannot whitelist unknown permission: android.permission.READ_MEDIA_IMAGES
06-22 13:16:35.709 W/PackageManager( 1918): Cannot whitelist unknown permission: android.permission.READ_MEDIA_VIDEO
06-22 13:16:35.709 W/PackageManager( 1918): Cannot whitelist unknown permission: com.android.vending.setup.PLAY_SETUP_SERVICE
06-22 13:16:35.709 W/PackageManager( 1918): Cannot whitelist unknown permission: com.google.android.gms.game.notifications.permission.WRITE
06-22 13:16:35.709 W/PackageManager( 1918): Cannot whitelist unknown permission: com.google.android.vending.verifier.ACCESS_VERIFIER
06-22 13:16:35.709 I/PackageManager( 1918): Un-granting permission android.permission.CAPTURE_VIDEO_OUTPUT from package com.google.android.gms (protectionLevel=2 flags=0xb0cabe45)
06-22 13:16:35.709 I/PackageManager( 1918): Un-granting permission android.permission.MANAGE_DEVICE_ADMINS from package com.google.android.gms (protectionLevel=2 flags=0xb0cabe45)
06-22 13:16:35.710 I/PackageManager( 1918): Un-granting permission android.permission.MANAGE_ACTIVITY_STACKS from package com.google.android.gms (protectionLevel=2 flags=0xb0cabe45)
06-22 13:16:35.710 I/PackageManager( 1918): Un-granting permission android.permission.CAPTURE_SECURE_VIDEO_OUTPUT from package com.google.android.gms (protectionLevel=2 flags=0xb0cabe45)
06-22 13:16:35.710 I/PackageManager( 1918): Un-granting permission android.permission.MANAGE_ROLLBACKS from package com.google.android.gms (protectionLevel=514 flags=0xb0cabe45)
06-22 13:16:35.725 W/PackageManager( 1918): Cannot whitelist unknown permission: android.permission.ADD_VOICEMAIL
06-22 13:16:35.725 W/PackageManager( 1918): Cannot whitelist unknown permission: com.google.android.apps.messaging.services.ACCESS_JIBESERVICE
06-22 13:16:35.727 W/PackageManager( 1918): Cannot whitelist unknown permission: android.permission.ADD_VOICEMAIL
06-22 13:16:35.727 W/PackageManager( 1918): Cannot whitelist unknown permission: com.google.android.apps.messaging.services.ACCESS_JIBESERVICE
06-22 13:16:35.730 W/PackageManager( 1918): Cannot whitelist unknown permission: android.permission.ADD_VOICEMAIL
06-22 13:16:35.730 W/PackageManager( 1918): Cannot whitelist unknown permission: com.google.android.apps.messaging.services.ACCESS_JIBESERVICE
06-22 13:16:35.733 W/PackageManager( 1918): Cannot whitelist unknown permission: android.permission.ADD_VOICEMAIL
06-22 13:16:35.733 W/PackageManager( 1918): Cannot whitelist unknown permission: com.google.android.apps.messaging.services.ACCESS_JIBESERVICE
06-22 13:16:35.734 W/PackageManager( 1918): Cannot whitelist unknown permission: android.permission.ADD_VOICEMAIL
06-22 13:16:35.734 W/PackageManager( 1918): Cannot whitelist unknown permission: com.google.android.apps.messaging.services.ACCESS_JIBESERVICE
06-22 13:16:35.737 I/PackageManager( 1918): Un-granting permission com.google.android.googleapps.permission.GOOGLE_AUTH from package com.google.android.videos (protectionLevel=2 flags=0x30dbbe45)
06-22 13:16:35.738 I/chatty  ( 1918): uid=1000(system) Binder:1918_1 identical 1 line
06-22 13:16:35.740 I/PackageManager( 1918): Un-granting permission com.google.android.googleapps.permission.GOOGLE_AUTH from package com.google.android.videos (protectionLevel=2 flags=0x30dbbe45)
06-22 13:16:35.741 W/PackageManager( 1918): Cannot whitelist unknown permission: com.google.android.apps.miphone.aiai.matchmaker.overview.service.BIND_SERVICE
06-22 13:16:35.741 W/PackageManager( 1918): Cannot whitelist unknown permission: com.google.android.as.allapps.SUGGESTION_CONSUMER
06-22 13:16:35.741 W/PackageManager( 1918): Cannot whitelist unknown permission: com.google.android.apps.miphone.aiai.matchmaker.overview.service.BIND_SERVICE
06-22 13:16:35.741 W/PackageManager( 1918): Cannot whitelist unknown permission: com.google.android.as.allapps.SUGGESTION_CONSUMER
06-22 13:16:35.746 W/PackageManager( 1918): Cannot whitelist unknown permission: com.android.vending.BILLING
06-22 13:16:35.746 I/PackageManager( 1918): Un-granting permission android.permission.WRITE_MEDIA_STORAGE from package com.google.android.apps.photos (protectionLevel=18 flags=0x38d9be45)
06-22 13:16:35.747 W/PackageManager( 1918): Cannot whitelist unknown permission: com.android.vending.BILLING
06-22 13:16:35.747 I/PackageManager( 1918): Un-granting permission android.permission.WRITE_MEDIA_STORAGE from package com.google.android.apps.photos (protectionLevel=18 flags=0x38d9be45)
06-22 13:16:35.751 E/ActivityThread( 2064): Failed to find provider info for com.google.android.gsf.gservices
06-22 13:16:35.754 I/FileApkMgr( 2064): Extracting modules completed
06-22 13:16:35.754 I/GmsApplication( 2064): Staging modules completed
06-22 13:16:35.754 I/GmsApplication( 2064): Updating config
06-22 13:16:35.752 I/chatty  ( 2064): uid=10118 com.google.android.gms.persistent identical 1 line
06-22 13:16:35.755 E/ActivityThread( 2064): Failed to find provider info for com.google.android.gsf.gservices
06-22 13:16:35.759 W/PackageManager( 1918): Cannot whitelist unknown permission: com.android.launcher.permission.READ_SETTINGS
06-22 13:16:35.759 W/PackageManager( 1918): Cannot whitelist unknown permission: com.android.launcher.permission.WRITE_SETTINGS
06-22 13:16:35.760 E/ActivityThread( 2064): Failed to find provider info for com.google.android.gsf.gservices
06-22 13:16:35.761 W/FileUtils( 2064): Failed to set world readable: /data/user_de/0/com.google.android.gms/app_chimera/current_config.fb
06-22 13:16:35.770 W/PackageManager( 1918): Cannot whitelist unknown permission: com.android.vending.setup.PLAY_SETUP_SERVICE
06-22 13:16:35.770 I/.gms.persisten( 2064): Compiler allocated 5803KB to compile boolean cuf.a(cyl, boolean, caau, caau, int, java.util.List, java.io.File, cyh)
06-22 13:16:35.775 E/ChimeraCfgMgr( 2064): Failed to read module config: java.io.FileNotFoundException: /data/user_de/0/com.google.android.gms/app_chimera/current_config.fb: open failed: ENOENT (No such file or directory)
06-22 13:16:35.771 I/chatty  ( 1918): uid=1000(system) Binder:1918_7 identical 2 lines
06-22 13:16:35.772 W/PackageManager( 1918): Cannot whitelist unknown permission: com.android.vending.setup.PLAY_SETUP_SERVICE
06-22 13:16:35.776 E/ActivityThread( 2064): Failed to find provider info for com.google.android.gsf.gservices
06-22 13:16:35.776 E/GservicesValue( 2064): Gservices key not whitelisted for directboot access: gms:chimera:dev_module_blacklist
06-22 13:16:35.779 I/GmsModuleFndr( 2064): Beginning GMS chimera module scan
06-22 13:16:35.780 E/ChimeraCfgMgr( 2064): Failed to read module config: java.io.FileNotFoundException: /data/user_de/0/com.google.android.gms/app_chimera/current_config.fb: open failed: ENOENT (No such file or directory)
06-22 13:16:35.782 I/ModuleSetMgr( 2064): Config file doesn't exist, writing blank config.
06-22 13:16:35.778 I/chatty  ( 2064): uid=10118 com.google.android.gms.persistent identical 4 lines
06-22 13:16:35.778 E/ActivityThread( 2064): Failed to find provider info for com.google.android.gsf.gservices
06-22 13:16:35.783 W/PackageManager( 1918): Cannot whitelist unknown permission: com.android.permission.CONNMO_SETTINGS
06-22 13:16:35.783 W/PackageManager( 1918): Cannot whitelist unknown permission: com.android.permission.DCMO_SETTINGS
06-22 13:16:35.783 W/PackageManager( 1918): Cannot whitelist unknown permission: com.android.permission.CONNMO_SETTINGS
06-22 13:16:35.783 W/PackageManager( 1918): Cannot whitelist unknown permission: com.android.permission.DCMO_SETTINGS
06-22 13:16:35.787 I/ModuleSetMgr( 2064): Computing pending module set with APKs: [[AdsFdrDynamite.integ:21460000000], [Cronetdynamite:202414040800], [Dynamiteloader:202414040800], [Dynamitemodulesa:202414040000], [Dynamitemodulesc:202414040000], [Googlecertificates:202414040000], [Mapsdynamite:202414040000], [Measurementdynamite:202414040000]]
06-22 13:16:35.787 E/ActivityThread( 2064): Failed to find provider info for com.google.android.gsf.gservices
06-22 13:16:35.788 I/chatty  ( 2064): uid=10118 com.google.android.gms.persistent identical 1 line
06-22 13:16:35.788 E/ActivityThread( 2064): Failed to find provider info for com.google.android.gsf.gservices
06-22 13:16:35.788 W/PackageManager( 1918): Cannot whitelist unknown permission: com.android.permission.BIND_TELEPHONY_NETWORK_SERVICE
06-22 13:16:35.788 E/ActivityThread( 2064): Failed to find provider info for com.google.android.gsf.gservices
06-22 13:16:35.789 I/chatty  ( 2064): uid=10118 com.google.android.gms.persistent identical 2 lines
06-22 13:16:35.789 E/ActivityThread( 2064): Failed to find provider info for com.google.android.gsf.gservices
06-22 13:16:35.789 W/PackageManager( 1918): Cannot whitelist unknown permission: com.android.permission.BIND_TELEPHONY_NETWORK_SERVICE
06-22 13:16:35.789 E/ActivityThread( 2064): Failed to find provider info for com.google.android.gsf.gservices
06-22 13:16:35.791 W/PackageManager( 1918): Cannot whitelist unknown permission: com.android.permission.BIND_TELEPHONY_NETWORK_SERVICE
06-22 13:16:35.803 I/ModuleSetMgr( 2064): Pending container module APKs: []
06-22 13:16:35.803 I/ModuleSetMgr( 2064): Pending non-container module APKs: []
06-22 13:16:35.793 W/PackageManager( 1918): Cannot whitelist unknown permission: com.android.permission.BIND_TELEPHONY_NETWORK_SERVICE
06-22 13:16:35.803 E/ActivityThread( 2064): Failed to find provider info for com.google.android.gsf.gservices
06-22 13:16:35.808 E/ChimeraCfgMgr( 2064): Failed to read module config: java.io.FileNotFoundException: /data/user_de/0/com.google.android.gms/app_chimera/current_config.fb: open failed: ENOENT (No such file or directory)
06-22 13:16:35.808 W/IntentOperation( 2064): Failed to get Chimera config:com.google.android.chimera.config.InvalidConfigException: java.io.FileNotFoundException: /data/user_de/0/com.google.android.gms/app_chimera/current_config.fb: open failed: ENOENT (No such file or directory)
06-22 13:16:35.808 I/chatty  ( 2064): uid=10118 com.google.android.gms.persistent identical 4 lines
06-22 13:16:35.809 E/ActivityThread( 2064): Failed to find provider info for com.google.android.gsf.gservices
06-22 13:16:35.819 W/PackageManager( 1918): Cannot whitelist unknown permission: com.google.restricted_assist_gesture.permission.RESTRICTED_ASSIST_GESTURE_PROVIDER
06-22 13:16:35.820 W/PackageManager( 1918): Cannot whitelist unknown permission: com.google.android.apps.dreamliner.permission.DREAMLINER_SERVICE
06-22 13:16:35.820 W/PackageManager( 1918): Cannot whitelist unknown permission: android.car.permission.CONTROL_CAR_CLIMATE
06-22 13:16:35.820 W/PackageManager( 1918): Cannot whitelist unknown permission: android.car.permission.CAR_DRIVING_STATE
06-22 13:16:35.820 W/PackageManager( 1918): Cannot whitelist unknown permission: android.car.permission.CAR_CONTROL_AUDIO_VOLUME
06-22 13:16:35.828 W/PackageManager( 1918): Cannot whitelist unknown permission: com.google.restricted_assist_gesture.permission.RESTRICTED_ASSIST_GESTURE_PROVIDER
06-22 13:16:35.828 W/PackageManager( 1918): Cannot whitelist unknown permission: com.google.android.apps.dreamliner.permission.DREAMLINER_SERVICE
06-22 13:16:35.828 W/PackageManager( 1918): Cannot whitelist unknown permission: android.car.permission.CONTROL_CAR_CLIMATE
06-22 13:16:35.828 W/PackageManager( 1918): Cannot whitelist unknown permission: android.car.permission.CAR_DRIVING_STATE
06-22 13:16:35.828 W/PackageManager( 1918): Cannot whitelist unknown permission: android.car.permission.CAR_CONTROL_AUDIO_VOLUME
06-22 13:16:35.830 W/PackageManager( 1918): Cannot whitelist unknown permission: com.google.android.gallery3d.permission.GALLERY_PROVIDER
06-22 13:16:35.830 W/PackageManager( 1918): Cannot whitelist unknown permission: com.android.gallery3d.permission.GALLERY_PROVIDER
06-22 13:16:35.831 W/PackageManager( 1918): Cannot whitelist unknown permission: com.google.android.gallery3d.permission.GALLERY_PROVIDER
06-22 13:16:35.831 W/PackageManager( 1918): Cannot whitelist unknown permission: com.android.gallery3d.permission.GALLERY_PROVIDER
06-22 13:16:35.831 W/PackageManager( 1918): Cannot whitelist unknown permission: com.google.android.gallery3d.permission.GALLERY_PROVIDER
06-22 13:16:35.831 W/PackageManager( 1918): Cannot whitelist unknown permission: com.android.gallery3d.permission.GALLERY_PROVIDER
06-22 13:16:35.832 W/PackageManager( 1918): Cannot whitelist unknown permission: com.google.android.gallery3d.permission.GALLERY_PROVIDER
06-22 13:16:35.832 W/PackageManager( 1918): Cannot whitelist unknown permission: com.android.gallery3d.permission.GALLERY_PROVIDER
06-22 13:16:35.834 W/PackageManager( 1918): Cannot whitelist unknown permission: com.google.android.gallery3d.permission.GALLERY_PROVIDER
06-22 13:16:35.834 W/PackageManager( 1918): Cannot whitelist unknown permission: com.android.gallery3d.permission.GALLERY_PROVIDER
06-22 13:16:35.834 W/PackageManager( 1918): Cannot whitelist unknown permission: com.google.android.gallery3d.permission.GALLERY_PROVIDER
06-22 13:16:35.834 W/PackageManager( 1918): Cannot whitelist unknown permission: com.android.gallery3d.permission.GALLERY_PROVIDER
06-22 13:16:35.835 W/PackageManager( 1918): Cannot whitelist unknown permission: com.google.android.gallery3d.permission.GALLERY_PROVIDER
06-22 13:16:35.835 W/PackageManager( 1918): Cannot whitelist unknown permission: com.android.gallery3d.permission.GALLERY_PROVIDER
06-22 13:16:35.843 W/PackageManager( 1918): Cannot whitelist unknown permission: com.android.vending.setup.PLAY_SETUP_SERVICE
06-22 13:16:35.844 W/PackageManager( 1918): Cannot whitelist unknown permission: com.android.vending.setup.PLAY_SETUP_SERVICE
06-22 13:16:35.850 E/ActivityThread( 2064): Failed to find provider info for com.google.android.gsf.gservices
06-22 13:16:35.924 I/RuntimePermissionsUpgradeController( 2106): Grandfathering SMS and CallLog permissions
06-22 13:16:35.937 I/RuntimePermissionsUpgradeController( 2106): Grandfathering location background permissions
06-22 13:16:35.939 I/RuntimePermissionsUpgradeController( 2106): Grandfathering Storage permissions
06-22 13:16:35.851 E/ActivityThread( 2064): Failed to find provider info for com.google.android.gsf.gservices
06-22 13:16:35.951 W/PackageManager( 1918): Cannot whitelist unknown permission: com.android.vending.BILLING
06-22 13:16:35.958 I/RuntimePermissionsUpgradeController( 2106): Not expanding location permissions as this is not an upgrade from Android P
06-22 13:16:35.961 D/vold    ( 1575): Remounting 10144 as mode default
06-22 13:16:35.963 D/vold    ( 1575): Remounting 10122 as mode default
06-22 13:16:35.965 D/vold    ( 1575): Remounting 10131 as mode write
06-22 13:16:35.965 D/vold    ( 1575): Remounting 10128 as mode write
06-22 13:16:35.967 D/vold    ( 1575): Remounting 10111 as mode default
06-22 13:16:35.967 D/vold    ( 1575): Remounting 10134 as mode write
06-22 13:16:35.967 D/vold    ( 1575): Remounting 10098 as mode default
06-22 13:16:35.968 D/vold    ( 1575): Remounting 10143 as mode default
06-22 13:16:35.969 D/vold    ( 1575): Remounting 10138 as mode default
06-22 13:16:35.969 W/SystemServiceManager( 1918): Service com.android.server.policy.PermissionPolicyService took 831 ms in onBootPhase
06-22 13:16:35.969 D/SystemServerTiming( 1918): StartActivityManagerReadyPhase took to complete: 867ms
06-22 13:16:35.969 I/SystemServer( 1918): StartObservingNativeCrashes
06-22 13:16:35.969 D/SystemServerTiming( 1918): StartObservingNativeCrashes took to complete: 0ms
06-22 13:16:35.969 I/SystemServer( 1918): StartSystemUI
06-22 13:16:35.970 D/vold    ( 1575): Remounting 10141 as mode write
06-22 13:16:35.970 D/SystemServerInitThreadPool( 1918): Started executing WebViewFactoryPreparation
06-22 13:16:35.970 I/SystemServer( 1918): WebViewFactoryPreparation
06-22 13:16:35.970 I/WebViewUpdateServiceImpl( 1918): One-time migration: enabling com.google.android.webview
06-22 13:16:35.970 D/vold    ( 1575): Remounting 10107 as mode default
06-22 13:16:35.971 D/vold    ( 1575): Remounting 10118 as mode write
06-22 13:16:35.971 D/vold    ( 1575): Found matching PID 2064
06-22 13:16:35.976 V/SystemUIService( 2083): Starting SystemUI services for user 0.
06-22 13:16:35.978 D/SystemUIBootTiming( 2083): StartServicescom.android.systemui.Dependency$DependencyCreator took to complete: 2ms
06-22 13:16:35.979 D/SystemServerTiming( 1918): StartSystemUI took to complete: 9ms
06-22 13:16:35.979 I/SystemServer( 1918): MakeNetworkManagementServiceReady
06-22 13:16:35.980 W/NetworkManagement( 1918): setDataSaverMode(): already false
06-22 13:16:35.980 I/netd    ( 1664): firewallSetFirewallType(1) <0.02ms>
06-22 13:16:35.981 D/SystemServerTimingAsync( 1918): WebViewFactoryPreparation took to complete: 10ms
06-22 13:16:35.981 D/SystemServerInitThreadPool( 1918): Finished executing WebViewFactoryPreparation
06-22 13:16:35.992 D/SystemServerTiming( 1918): MakeNetworkManagementServiceReady took to complete: 12ms
06-22 13:16:35.992 I/SystemServer( 1918): MakeIpSecServiceReady
06-22 13:16:35.993 I/netd    ( 1664): isAlive() -> {"true"} <0.02ms>
06-22 13:16:35.993 D/IpSecService( 1918): IpSecService is ready
06-22 13:16:35.993 D/SystemServerTiming( 1918): MakeIpSecServiceReady took to complete: 1ms
06-22 13:16:35.993 I/SystemServer( 1918): MakeNetworkStatsServiceReady
06-22 13:16:35.995 W/BestClock( 1918): java.time.DateTimeException: Missing NTP fix
06-22 13:16:35.996 W/NetworkPolicy( 1918): setRestrictBackgroundUL: already false
06-22 13:16:35.998 I/netd    ( 1664): firewallReplaceUidChain("fw_standby", "false", []) -> {"true"} <0.04ms>
06-22 13:16:35.999 D/SystemUIBootTiming( 2083): StartServicescom.android.systemui.util.NotificationChannels took to complete: 20ms
06-22 13:16:36.000 D/SystemUIBootTiming( 2083): StartServicescom.android.systemui.statusbar.CommandQueue$CommandQueueStart took to complete: 1ms
06-22 13:16:36.001 W/BestClock( 1918): java.time.DateTimeException: Missing NTP fix
06-22 13:16:36.014 I/netd    ( 1664): trafficSwapActiveStatsMap() <16.23ms>
06-22 13:16:36.014 I/netd    ( 1664): firewallEnableChildChain(2, "true") <12.23ms>
06-22 13:16:36.015 D/vold    ( 1575): Remounting 10118 as mode write
06-22 13:16:36.015 I/netd    ( 1664): socketDestroy([]) <0.13ms>
06-22 13:16:36.015 D/vold    ( 1575): Found matching PID 2064
06-22 13:16:36.017 I/netd    ( 1664): tetherGetStats() <0.42ms>
06-22 13:16:36.019 V/MediaRouter( 2083): Selecting route: RouteInfo{ name=Phone, description=null, status=null, category=RouteCategory{ name=System types=ROUTE_TYPE_LIVE_AUDIO ROUTE_TYPE_LIVE_VIDEO  groupable=false }, supportedTypes=ROUTE_TYPE_LIVE_AUDIO ROUTE_TYPE_LIVE_VIDEO , presentationDisplay=null }
06-22 13:16:36.027 D/Zygote  ( 1666): Forked child process 2227
06-22 13:16:36.027 I/ActivityManager( 1918): Start proc 2227:WebViewLoader-x86/1037 [android.webkit.WebViewLibraryLoader$RelroFileCreator] for null
06-22 13:16:36.029 I/netd    ( 1664): bandwidthSetGlobalAlert(2097152) <0.55ms>
06-22 13:16:36.029 D/SystemServerTiming( 1918): MakeNetworkStatsServiceReady took to complete: 36ms
06-22 13:16:36.029 I/SystemServer( 1918): MakeConnectivityServiceReady
06-22 13:16:36.031 D/Zygote  ( 1665): Forked child process 2233
06-22 13:16:36.032 D/ConnectivityService( 1918): requestNetwork for uid/pid:1000/1918 NetworkRequest [ REQUEST id=7, [ Capabilities: INTERNET&NOT_RESTRICTED&TRUSTED&NOT_VPN] ]
06-22 13:16:36.032 D/PermissionMonitor( 1918): Monitoring
06-22 13:16:36.035 D/PermissionMonitor( 1918): Users: 1, Apps: 34
06-22 13:16:36.035 I/netd    ( 1664): networkSetPermissionForUser(1, [10145]) <0.02ms>
06-22 13:16:36.036 I/netd    ( 1664): networkSetPermissionForUser(2, [10113,10114,1027,10115,10118,10055,10120,10122,10123,10059,10060,10126,10127,10128,2000,10129,10131,10132,10134,10141,10142,10143,10082,1000,1001,1002,1073,10101,10104,10105,10107,10109,10111]) <0.02ms>
06-22 13:16:36.036 I/netd    ( 1664): trafficSetNetPermForUids(12, [1001,1002,1013,10055,10115,10118]) <0.02ms>
06-22 13:16:36.036 I/netd    ( 1664): trafficSetNetPermForUids(4, [1000,1027,1073,2000,10056,10059,10061,10062,10064,10082,10088,10089,10090,10091,10093,10094,10097,10098,10099,10101,10102,10104,10105,10107,10109,10111,10113,10116,10117,10120,10122,10126,10127,10128,10129,10130,10131,10132,10133,10134,10136,10137,10138,10139,10140,10141,10142,10143,10144,10145]) <0.05ms>
06-22 13:16:36.037 I/netd    ( 1664): trafficSetNetPermForUids(8, [1041,1047]) <0.02ms>
06-22 13:16:36.037 I/netd    ( 1664): trafficSetNetPermForUids(0, [1003,1063,1066,1067,1068,10000,10001,10002,10003,10004,10005,10006,10007,10008,10009,10010,10011,10012,10013,10014,10015,10016,10017,10018,10019,10020,10021,10022,10023,10024,10025,10026,10027,10028,10029,10030,10031,10032,10033,10034,10035,10036,10037,10038,10039,10040,10041,10042,10043,10044,10045,10046,10047,10048,10049,10050,10051,10052,10053,10054,10057,10058,10060,10063,10065,10066,10067,10068,10069,10070,10071,10072,10073,10074,10075,10076,10077,10078,10079,10080,10081,10083,10084,10085,10086,10087,10092,10095,10096,10100,10103,10106,10108,10110,10112,10114,10119,10121,10123,10125,10135]) <0.06ms>
06-22 13:16:36.037 D/SystemServerTiming( 1918): MakeConnectivityServiceReady took to complete: 7ms
06-22 13:16:36.037 I/SystemServer( 1918): MakeNetworkPolicyServiceReady
06-22 13:16:36.037 D/SystemServerTiming( 1918): MakeNetworkPolicyServiceReady took to complete: 0ms
06-22 13:16:36.037 I/SystemServer( 1918): PhaseThirdPartyAppsCanStart
06-22 13:16:36.037 I/SystemServiceManager( 1918): Starting phase 600
06-22 13:16:36.038 I/ExplicitHealthCheckController( 1918): Explicit health checks enabled.
06-22 13:16:36.038 I/PackageWatchdog( 1918): Syncing state, reason: health check state enabled
06-22 13:16:36.038 I/PackageWatchdog( 1918): Not pruning observers, elapsed time: 0ms
06-22 13:16:36.038 I/PackageWatchdog( 1918): Cancelling state sync, nothing to sync
06-22 13:16:36.038 W/ActivityManager( 1918): Slow operation: 57ms so far, now at startProcess: returned from zygote!
06-22 13:16:36.038 W/ActivityManager( 1918): Slow operation: 57ms so far, now at startProcess: done updating battery stats
06-22 13:16:36.038 W/ActivityManager( 1918): Slow operation: 58ms so far, now at startProcess: building log message
06-22 13:16:36.038 I/ActivityManager( 1918): Start proc 2233:WebViewLoader-x86_64/1037 [android.webkit.WebViewLibraryLoader$RelroFileCreator] for null
06-22 13:16:36.038 W/ActivityManager( 1918): Slow operation: 58ms so far, now at startProcess: starting to update pids map
06-22 13:16:36.040 I/PackageWatchdog( 1918): Saving observer state to file
06-22 13:16:36.040 W/ActivityManager( 1918): Slow operation: 59ms so far, now at startProcess: done updating pids map
06-22 13:16:36.041 V/WallpaperManagerService( 1918): bindWallpaperComponentLocked: componentName=null
06-22 13:16:36.041 V/WallpaperManagerService( 1918): No default component; using image wallpaper
06-22 13:16:36.048 W/WebViewLoader-( 2233): Unexpected CPU variant for X86 using defaults: x86_64
06-22 13:16:36.054 I/StatsCompanionService( 1918): Told statsd that StatsCompanionService is alive.
06-22 13:16:36.055 D/SystemServerTiming( 1918): PhaseThirdPartyAppsCanStart took to complete: 18ms
06-22 13:16:36.055 I/SystemServer( 1918): StartNetworkStack
06-22 13:16:36.056 D/SystemServerTiming( 1918): StartNetworkStack took to complete: 1ms
06-22 13:16:36.056 I/SystemServer( 1918): MakeLocationServiceReady
