06-22 12:13:53.400 W/PackageManager( 1922): Cannot whitelist unknown permission: android.car.permission.CONTROL_CAR_EXTERIOR_LIGHTS
06-22 12:13:53.400 E/ActivityThread( 2065): Failed to find provider info for com.google.android.gsf.gservices
06-22 12:13:53.400 W/PackageManager( 1922): Cannot whitelist unknown permission: android.car.permission.CONTROL_CAR_MIRRORS
06-22 12:13:53.401 W/PackageManager( 1922): Cannot whitelist unknown permission: android.car.permission.CONTROL_CAR_SEATS
06-22 12:13:53.401 W/PackageManager( 1922): Cannot whitelist unknown permission: android.car.permission.CONTROL_CAR_WINDOWS
06-22 12:13:53.401 W/PackageManager( 1922): Cannot whitelist unknown permission: android.car.permission.READ_CAR_DISPLAY_UNITS
06-22 12:13:53.401 W/PackageManager( 1922): Cannot whitelist unknown permission: com.google.android.finsky.permission.GEARHEAD_SERVICE
06-22 12:13:53.401 W/PackageManager( 1922): Cannot whitelist unknown permission: com.google.android.permission.ACCESSIBILITY_SCAN_SERVICE
06-22 12:13:53.401 W/PackageManager( 1922): Cannot whitelist unknown permission: com.google.android.finsky.permission.ACCESS_INSTANT_APP_NOTIFICATION_ENFORCEMENT
06-22 12:13:53.401 W/PackageManager( 1922): Cannot whitelist unknown permission: com.google.android.clockwork.settings.SHOW_FACTORY_RESET_CONFIRMATION
06-22 12:13:53.401 W/PackageManager( 1922): Cannot whitelist unknown permission: com.google.android.wearable.READ_SETTINGS
06-22 12:13:53.401 W/PackageManager( 1922): Cannot whitelist unknown permission: android.permission.READ_MEDIA_AUDIO
06-22 12:13:53.401 W/PackageManager( 1922): Cannot whitelist unknown permission: android.permission.READ_MEDIA_IMAGES
06-22 12:13:53.401 W/PackageManager( 1922): Cannot whitelist unknown permission: android.permission.READ_MEDIA_VIDEO
06-22 12:13:53.401 W/PackageManager( 1922): Cannot whitelist unknown permission: com.android.vending.setup.PLAY_SETUP_SERVICE
06-22 12:13:53.401 W/PackageManager( 1922): Cannot whitelist unknown permission: com.google.android.gms.game.notifications.permission.WRITE
06-22 12:13:53.401 W/PackageManager( 1922): Cannot whitelist unknown permission: com.google.android.vending.verifier.ACCESS_VERIFIER
06-22 12:13:53.401 I/PackageManager( 1922): Un-granting permission android.permission.CAPTURE_VIDEO_OUTPUT from package com.google.android.gms (protectionLevel=2 flags=0xb0cabe45)
06-22 12:13:53.401 I/PackageManager( 1922): Un-granting permission android.permission.MANAGE_DEVICE_ADMINS from package com.google.android.gms (protectionLevel=2 flags=0xb0cabe45)
06-22 12:13:53.401 I/PackageManager( 1922): Un-granting permission android.permission.MANAGE_ACTIVITY_STACKS from package com.google.android.gms (protectionLevel=2 flags=0xb0cabe45)
06-22 12:13:53.401 I/PackageManager( 1922): Un-granting permission android.permission.CAPTURE_SECURE_VIDEO_OUTPUT from package com.google.android.gms (protectionLevel=2 flags=0xb0cabe45)
06-22 12:13:53.401 I/PackageManager( 1922): Un-granting permission android.permission.MANAGE_ROLLBACKS from package com.google.android.gms (protectionLevel=514 flags=0xb0cabe45)
06-22 12:13:53.404 I/OMXClient( 1922): IOmx service obtained
06-22 12:13:53.404 I/OMXMaster( 1773): makeComponentInstance(OMX.google.vorbis.decoder) in android.hardwar process
06-22 12:13:53.405 E/OMXNodeInstance( 1773): getConfig(0xf3f191a0:google.vorbis.decoder, ConfigAndroidVendorExtension(0x6f100004)) ERROR: Undefined(0x80001001)
06-22 12:13:53.407 W/PackageManager( 1922): Cannot whitelist unknown permission: android.permission.QUERY_ALL_PACKAGES
06-22 12:13:53.407 W/PackageManager( 1922): Cannot whitelist unknown permission: android.permission.PRE_FACTORY_RESET
06-22 12:13:53.407 W/PackageManager( 1922): Cannot whitelist unknown permission: android.permission.MANAGE_FACTORY_RESET_PROTECTION
06-22 12:13:53.407 W/PackageManager( 1922): Cannot whitelist unknown permission: android.car.permission.CAR_POWER
06-22 12:13:53.407 W/PackageManager( 1922): Cannot whitelist unknown permission: com.google.android.wearable.WRITE_SETTINGS
06-22 12:13:53.407 W/PackageManager( 1922): Cannot whitelist unknown permission: com.felicanetworks.mfc.permission.MFC_ACCESS
06-22 12:13:53.407 W/PackageManager( 1922): Cannot whitelist unknown permission: com.felicanetworks.mfc.mfi.permission.MFI_ACCESS
06-22 12:13:53.407 W/PackageManager( 1922): Cannot whitelist unknown permission: com.google.android.finsky.permission.INSTANT_APP_STATE
06-22 12:13:53.407 W/PackageManager( 1922): Cannot whitelist unknown permission: android.permission.UWB
06-22 12:13:53.407 W/PackageManager( 1922): Cannot whitelist unknown permission: com.google.android.finsky.permission.BIND_GET_INSTALL_REFERRER_SERVICE
06-22 12:13:53.407 W/PackageManager( 1922): Cannot whitelist unknown permission: com.google.android.hangouts.START_HANGOUT
06-22 12:13:53.407 W/PackageManager( 1922): Cannot whitelist unknown permission: android.car.permission.CAR_POWERTRAIN
06-22 12:13:53.407 W/PackageManager( 1922): Cannot whitelist unknown permission: android.car.permission.CAR_ENERGY
06-22 12:13:53.407 W/PackageManager( 1922): Cannot whitelist unknown permission: android.car.permission.CAR_ENERGY_PORTS
06-22 12:13:53.407 W/PackageManager( 1922): Cannot whitelist unknown permission: android.car.permission.CAR_EXTERIOR_LIGHTS
06-22 12:13:53.407 W/PackageManager( 1922): Cannot whitelist unknown permission: android.car.permission.CAR_INFO
06-22 12:13:53.407 W/PackageManager( 1922): Cannot whitelist unknown permission: android.car.permission.CAR_MILEAGE
06-22 12:13:53.407 W/PackageManager( 1922): Cannot whitelist unknown permission: android.car.permission.CAR_TIRES
06-22 12:13:53.407 W/PackageManager( 1922): Cannot whitelist unknown permission: android.car.permission.CONTROL_CAR_CLIMATE
06-22 12:13:53.407 W/PackageManager( 1922): Cannot whitelist unknown permission: android.car.permission.CONTROL_CAR_DOORS
06-22 12:13:53.407 W/PackageManager( 1922): Cannot whitelist unknown permission: android.car.permission.CONTROL_CAR_EXTERIOR_LIGHTS
06-22 12:13:53.407 W/PackageManager( 1922): Cannot whitelist unknown permission: android.car.permission.CONTROL_CAR_MIRRORS
06-22 12:13:53.407 W/PackageManager( 1922): Cannot whitelist unknown permission: android.car.permission.CONTROL_CAR_SEATS
06-22 12:13:53.407 W/PackageManager( 1922): Cannot whitelist unknown permission: android.car.permission.CONTROL_CAR_WINDOWS
06-22 12:13:53.407 W/PackageManager( 1922): Cannot whitelist unknown permission: android.car.permission.READ_CAR_DISPLAY_UNITS
06-22 12:13:53.407 W/PackageManager( 1922): Cannot whitelist unknown permission: com.google.android.finsky.permission.GEARHEAD_SERVICE
06-22 12:13:53.407 W/PackageManager( 1922): Cannot whitelist unknown permission: com.google.android.permission.ACCESSIBILITY_SCAN_SERVICE
06-22 12:13:53.407 W/PackageManager( 1922): Cannot whitelist unknown permission: com.google.android.finsky.permission.ACCESS_INSTANT_APP_NOTIFICATION_ENFORCEMENT
06-22 12:13:53.407 W/PackageManager( 1922): Cannot whitelist unknown permission: com.google.android.clockwork.settings.SHOW_FACTORY_RESET_CONFIRMATION
06-22 12:13:53.407 W/PackageManager( 1922): Cannot whitelist unknown permission: com.google.android.wearable.READ_SETTINGS
06-22 12:13:53.407 W/PackageManager( 1922): Cannot whitelist unknown permission: android.permission.READ_MEDIA_AUDIO
06-22 12:13:53.407 W/PackageManager( 1922): Cannot whitelist unknown permission: android.permission.READ_MEDIA_IMAGES
06-22 12:13:53.407 W/PackageManager( 1922): Cannot whitelist unknown permission: android.permission.READ_MEDIA_VIDEO
06-22 12:13:53.408 W/PackageManager( 1922): Cannot whitelist unknown permission: com.android.vending.setup.PLAY_SETUP_SERVICE
06-22 12:13:53.408 W/PackageManager( 1922): Cannot whitelist unknown permission: com.google.android.gms.game.notifications.permission.WRITE
06-22 12:13:53.408 W/PackageManager( 1922): Cannot whitelist unknown permission: com.google.android.vending.verifier.ACCESS_VERIFIER
06-22 12:13:53.408 I/PackageManager( 1922): Un-granting permission android.permission.CAPTURE_VIDEO_OUTPUT from package com.google.android.gms (protectionLevel=2 flags=0xb0cabe45)
06-22 12:13:53.408 I/PackageManager( 1922): Un-granting permission android.permission.MANAGE_DEVICE_ADMINS from package com.google.android.gms (protectionLevel=2 flags=0xb0cabe45)
06-22 12:13:53.408 I/PackageManager( 1922): Un-granting permission android.permission.MANAGE_ACTIVITY_STACKS from package com.google.android.gms (protectionLevel=2 flags=0xb0cabe45)
06-22 12:13:53.408 I/PackageManager( 1922): Un-granting permission android.permission.CAPTURE_SECURE_VIDEO_OUTPUT from package com.google.android.gms (protectionLevel=2 flags=0xb0cabe45)
06-22 12:13:53.408 I/PackageManager( 1922): Un-granting permission android.permission.MANAGE_ROLLBACKS from package com.google.android.gms (protectionLevel=514 flags=0xb0cabe45)
06-22 12:13:53.408 W/PackageManager( 1922): Cannot whitelist unknown permission: android.permission.QUERY_ALL_PACKAGES
06-22 12:13:53.408 W/PackageManager( 1922): Cannot whitelist unknown permission: android.permission.PRE_FACTORY_RESET
06-22 12:13:53.408 W/PackageManager( 1922): Cannot whitelist unknown permission: android.permission.MANAGE_FACTORY_RESET_PROTECTION
06-22 12:13:53.408 W/PackageManager( 1922): Cannot whitelist unknown permission: android.car.permission.CAR_POWER
06-22 12:13:53.408 W/PackageManager( 1922): Cannot whitelist unknown permission: com.google.android.wearable.WRITE_SETTINGS
06-22 12:13:53.408 W/PackageManager( 1922): Cannot whitelist unknown permission: com.felicanetworks.mfc.permission.MFC_ACCESS
06-22 12:13:53.408 W/PackageManager( 1922): Cannot whitelist unknown permission: com.felicanetworks.mfc.mfi.permission.MFI_ACCESS
06-22 12:13:53.408 W/PackageManager( 1922): Cannot whitelist unknown permission: com.google.android.finsky.permission.INSTANT_APP_STATE
06-22 12:13:53.408 W/PackageManager( 1922): Cannot whitelist unknown permission: android.permission.UWB
06-22 12:13:53.409 W/PackageManager( 1922): Cannot whitelist unknown permission: com.google.android.finsky.permission.BIND_GET_INSTALL_REFERRER_SERVICE
06-22 12:13:53.409 W/PackageManager( 1922): Cannot whitelist unknown permission: com.google.android.hangouts.START_HANGOUT
06-22 12:13:53.409 W/PackageManager( 1922): Cannot whitelist unknown permission: android.car.permission.CAR_POWERTRAIN
06-22 12:13:53.409 W/PackageManager( 1922): Cannot whitelist unknown permission: android.car.permission.CAR_ENERGY
06-22 12:13:53.409 W/PackageManager( 1922): Cannot whitelist unknown permission: android.car.permission.CAR_ENERGY_PORTS
06-22 12:13:53.409 W/PackageManager( 1922): Cannot whitelist unknown permission: android.car.permission.CAR_EXTERIOR_LIGHTS
06-22 12:13:53.409 W/PackageManager( 1922): Cannot whitelist unknown permission: android.car.permission.CAR_INFO
06-22 12:13:53.409 W/PackageManager( 1922): Cannot whitelist unknown permission: android.car.permission.CAR_MILEAGE
06-22 12:13:53.409 W/PackageManager( 1922): Cannot whitelist unknown permission: android.car.permission.CAR_TIRES
06-22 12:13:53.409 W/PackageManager( 1922): Cannot whitelist unknown permission: android.car.permission.CONTROL_CAR_CLIMATE
06-22 12:13:53.409 W/PackageManager( 1922): Cannot whitelist unknown permission: android.car.permission.CONTROL_CAR_DOORS
06-22 12:13:53.409 W/PackageManager( 1922): Cannot whitelist unknown permission: android.car.permission.CONTROL_CAR_EXTERIOR_LIGHTS
06-22 12:13:53.409 W/PackageManager( 1922): Cannot whitelist unknown permission: android.car.permission.CONTROL_CAR_MIRRORS
06-22 12:13:53.409 W/PackageManager( 1922): Cannot whitelist unknown permission: android.car.permission.CONTROL_CAR_SEATS
06-22 12:13:53.409 W/PackageManager( 1922): Cannot whitelist unknown permission: android.car.permission.CONTROL_CAR_WINDOWS
06-22 12:13:53.409 W/PackageManager( 1922): Cannot whitelist unknown permission: android.car.permission.READ_CAR_DISPLAY_UNITS
06-22 12:13:53.409 W/PackageManager( 1922): Cannot whitelist unknown permission: com.google.android.finsky.permission.GEARHEAD_SERVICE
06-22 12:13:53.409 W/PackageManager( 1922): Cannot whitelist unknown permission: com.google.android.permission.ACCESSIBILITY_SCAN_SERVICE
06-22 12:13:53.409 W/PackageManager( 1922): Cannot whitelist unknown permission: com.google.android.finsky.permission.ACCESS_INSTANT_APP_NOTIFICATION_ENFORCEMENT
06-22 12:13:53.409 W/PackageManager( 1922): Cannot whitelist unknown permission: com.google.android.clockwork.settings.SHOW_FACTORY_RESET_CONFIRMATION
06-22 12:13:53.409 W/PackageManager( 1922): Cannot whitelist unknown permission: com.google.android.wearable.READ_SETTINGS
06-22 12:13:53.409 W/PackageManager( 1922): Cannot whitelist unknown permission: android.permission.READ_MEDIA_AUDIO
06-22 12:13:53.409 W/PackageManager( 1922): Cannot whitelist unknown permission: android.permission.READ_MEDIA_IMAGES
06-22 12:13:53.409 W/PackageManager( 1922): Cannot whitelist unknown permission: android.permission.READ_MEDIA_VIDEO
06-22 12:13:53.409 W/PackageManager( 1922): Cannot whitelist unknown permission: com.android.vending.setup.PLAY_SETUP_SERVICE
06-22 12:13:53.409 W/PackageManager( 1922): Cannot whitelist unknown permission: com.google.android.gms.game.notifications.permission.WRITE
06-22 12:13:53.409 W/PackageManager( 1922): Cannot whitelist unknown permission: com.google.android.vending.verifier.ACCESS_VERIFIER
06-22 12:13:53.409 I/PackageManager( 1922): Un-granting permission android.permission.CAPTURE_VIDEO_OUTPUT from package com.google.android.gms (protectionLevel=2 flags=0xb0cabe45)
06-22 12:13:53.409 I/PackageManager( 1922): Un-granting permission android.permission.MANAGE_DEVICE_ADMINS from package com.google.android.gms (protectionLevel=2 flags=0xb0cabe45)
06-22 12:13:53.409 I/PackageManager( 1922): Un-granting permission android.permission.MANAGE_ACTIVITY_STACKS from package com.google.android.gms (protectionLevel=2 flags=0xb0cabe45)
06-22 12:13:53.409 I/PackageManager( 1922): Un-granting permission android.permission.CAPTURE_SECURE_VIDEO_OUTPUT from package com.google.android.gms (protectionLevel=2 flags=0xb0cabe45)
06-22 12:13:53.409 I/PackageManager( 1922): Un-granting permission android.permission.MANAGE_ROLLBACKS from package com.google.android.gms (protectionLevel=514 flags=0xb0cabe45)
06-22 12:13:53.433 W/PackageManager( 1922): Cannot whitelist unknown permission: android.permission.QUERY_ALL_PACKAGES
06-22 12:13:53.433 W/PackageManager( 1922): Cannot whitelist unknown permission: android.permission.PRE_FACTORY_RESET
06-22 12:13:53.433 W/PackageManager( 1922): Cannot whitelist unknown permission: android.permission.MANAGE_FACTORY_RESET_PROTECTION
06-22 12:13:53.433 W/PackageManager( 1922): Cannot whitelist unknown permission: android.car.permission.CAR_POWER
06-22 12:13:53.433 W/PackageManager( 1922): Cannot whitelist unknown permission: com.google.android.wearable.WRITE_SETTINGS
06-22 12:13:53.433 W/PackageManager( 1922): Cannot whitelist unknown permission: com.felicanetworks.mfc.permission.MFC_ACCESS
06-22 12:13:53.433 W/PackageManager( 1922): Cannot whitelist unknown permission: com.felicanetworks.mfc.mfi.permission.MFI_ACCESS
06-22 12:13:53.433 W/PackageManager( 1922): Cannot whitelist unknown permission: com.google.android.finsky.permission.INSTANT_APP_STATE
06-22 12:13:53.433 W/PackageManager( 1922): Cannot whitelist unknown permission: android.permission.UWB
06-22 12:13:53.433 W/PackageManager( 1922): Cannot whitelist unknown permission: com.google.android.finsky.permission.BIND_GET_INSTALL_REFERRER_SERVICE
06-22 12:13:53.433 W/PackageManager( 1922): Cannot whitelist unknown permission: com.google.android.hangouts.START_HANGOUT
06-22 12:13:53.433 W/PackageManager( 1922): Cannot whitelist unknown permission: android.car.permission.CAR_POWERTRAIN
06-22 12:13:53.433 W/PackageManager( 1922): Cannot whitelist unknown permission: android.car.permission.CAR_ENERGY
06-22 12:13:53.433 W/PackageManager( 1922): Cannot whitelist unknown permission: android.car.permission.CAR_ENERGY_PORTS
06-22 12:13:53.433 W/PackageManager( 1922): Cannot whitelist unknown permission: android.car.permission.CAR_EXTERIOR_LIGHTS
06-22 12:13:53.433 W/PackageManager( 1922): Cannot whitelist unknown permission: android.car.permission.CAR_INFO
06-22 12:13:53.433 W/PackageManager( 1922): Cannot whitelist unknown permission: android.car.permission.CAR_MILEAGE
06-22 12:13:53.433 W/PackageManager( 1922): Cannot whitelist unknown permission: android.car.permission.CAR_TIRES
06-22 12:13:53.433 W/PackageManager( 1922): Cannot whitelist unknown permission: android.car.permission.CONTROL_CAR_CLIMATE
06-22 12:13:53.433 W/PackageManager( 1922): Cannot whitelist unknown permission: android.car.permission.CONTROL_CAR_DOORS
06-22 12:13:53.433 W/PackageManager( 1922): Cannot whitelist unknown permission: android.car.permission.CONTROL_CAR_EXTERIOR_LIGHTS
06-22 12:13:53.433 W/PackageManager( 1922): Cannot whitelist unknown permission: android.car.permission.CONTROL_CAR_MIRRORS
06-22 12:13:53.433 W/PackageManager( 1922): Cannot whitelist unknown permission: android.car.permission.CONTROL_CAR_SEATS
06-22 12:13:53.433 W/PackageManager( 1922): Cannot whitelist unknown permission: android.car.permission.CONTROL_CAR_WINDOWS
06-22 12:13:53.433 W/PackageManager( 1922): Cannot whitelist unknown permission: android.car.permission.READ_CAR_DISPLAY_UNITS
06-22 12:13:53.433 W/PackageManager( 1922): Cannot whitelist unknown permission: com.google.android.finsky.permission.GEARHEAD_SERVICE
06-22 12:13:53.433 W/PackageManager( 1922): Cannot whitelist unknown permission: com.google.android.permission.ACCESSIBILITY_SCAN_SERVICE
06-22 12:13:53.433 W/PackageManager( 1922): Cannot whitelist unknown permission: com.google.android.finsky.permission.ACCESS_INSTANT_APP_NOTIFICATION_ENFORCEMENT
06-22 12:13:53.433 W/PackageManager( 1922): Cannot whitelist unknown permission: com.google.android.clockwork.settings.SHOW_FACTORY_RESET_CONFIRMATION
06-22 12:13:53.433 W/PackageManager( 1922): Cannot whitelist unknown permission: com.google.android.wearable.READ_SETTINGS
06-22 12:13:53.433 W/PackageManager( 1922): Cannot whitelist unknown permission: android.permission.READ_MEDIA_AUDIO
06-22 12:13:53.433 W/PackageManager( 1922): Cannot whitelist unknown permission: android.permission.READ_MEDIA_IMAGES
06-22 12:13:53.433 W/PackageManager( 1922): Cannot whitelist unknown permission: android.permission.READ_MEDIA_VIDEO
06-22 12:13:53.434 W/PackageManager( 1922): Cannot whitelist unknown permission: com.android.vending.setup.PLAY_SETUP_SERVICE
06-22 12:13:53.434 W/PackageManager( 1922): Cannot whitelist unknown permission: com.google.android.gms.game.notifications.permission.WRITE
06-22 12:13:53.434 W/PackageManager( 1922): Cannot whitelist unknown permission: com.google.android.vending.verifier.ACCESS_VERIFIER
06-22 12:13:53.434 I/PackageManager( 1922): Un-granting permission android.permission.CAPTURE_VIDEO_OUTPUT from package com.google.android.gms (protectionLevel=2 flags=0xb0cabe45)
06-22 12:13:53.434 I/PackageManager( 1922): Un-granting permission android.permission.MANAGE_DEVICE_ADMINS from package com.google.android.gms (protectionLevel=2 flags=0xb0cabe45)
06-22 12:13:53.434 I/PackageManager( 1922): Un-granting permission android.permission.MANAGE_ACTIVITY_STACKS from package com.google.android.gms (protectionLevel=2 flags=0xb0cabe45)
06-22 12:13:53.434 I/PackageManager( 1922): Un-granting permission android.permission.CAPTURE_SECURE_VIDEO_OUTPUT from package com.google.android.gms (protectionLevel=2 flags=0xb0cabe45)
06-22 12:13:53.434 I/PackageManager( 1922): Un-granting permission android.permission.MANAGE_ROLLBACKS from package com.google.android.gms (protectionLevel=514 flags=0xb0cabe45)
06-22 12:13:53.445 E/ActivityThread( 2065): Failed to find provider info for com.google.android.gsf.gservices
06-22 12:13:53.447 I/OMXClient( 1922): IOmx service obtained
06-22 12:13:53.447 I/OMXMaster( 1773): makeComponentInstance(OMX.google.vorbis.decoder) in android.hardwar process
06-22 12:13:53.448 E/OMXNodeInstance( 1773): getConfig(0xf3f191a0:google.vorbis.decoder, ConfigAndroidVendorExtension(0x6f100004)) ERROR: Undefined(0x80001001)
06-22 12:13:53.445 E/ActivityThread( 2065): Failed to find provider info for com.google.android.gsf.gservices
06-22 12:13:53.451 W/PackageManager( 1922): Cannot whitelist unknown permission: android.permission.ADD_VOICEMAIL
06-22 12:13:53.451 W/PackageManager( 1922): Cannot whitelist unknown permission: com.google.android.apps.messaging.services.ACCESS_JIBESERVICE
06-22 12:13:53.452 W/PackageManager( 1922): Cannot whitelist unknown permission: android.permission.ADD_VOICEMAIL
06-22 12:13:53.452 W/PackageManager( 1922): Cannot whitelist unknown permission: com.google.android.apps.messaging.services.ACCESS_JIBESERVICE
06-22 12:13:53.453 W/PackageManager( 1922): Cannot whitelist unknown permission: android.permission.ADD_VOICEMAIL
06-22 12:13:53.453 W/PackageManager( 1922): Cannot whitelist unknown permission: com.google.android.apps.messaging.services.ACCESS_JIBESERVICE
06-22 12:13:53.455 W/PackageManager( 1922): Cannot whitelist unknown permission: android.permission.ADD_VOICEMAIL
06-22 12:13:53.455 W/PackageManager( 1922): Cannot whitelist unknown permission: com.google.android.apps.messaging.services.ACCESS_JIBESERVICE
06-22 12:13:53.456 W/PackageManager( 1922): Cannot whitelist unknown permission: android.permission.ADD_VOICEMAIL
06-22 12:13:53.456 W/PackageManager( 1922): Cannot whitelist unknown permission: com.google.android.apps.messaging.services.ACCESS_JIBESERVICE
06-22 12:13:53.460 I/PackageManager( 1922): Un-granting permission com.google.android.googleapps.permission.GOOGLE_AUTH from package com.google.android.videos (protectionLevel=2 flags=0x30dbbe45)
06-22 12:13:53.460 I/chatty  ( 1922): uid=1000(system) Binder:1922_6 identical 1 line
06-22 12:13:53.461 I/PackageManager( 1922): Un-granting permission com.google.android.googleapps.permission.GOOGLE_AUTH from package com.google.android.videos (protectionLevel=2 flags=0x30dbbe45)
06-22 12:13:53.464 W/PackageManager( 1922): Cannot whitelist unknown permission: com.google.android.apps.miphone.aiai.matchmaker.overview.service.BIND_SERVICE
06-22 12:13:53.464 W/PackageManager( 1922): Cannot whitelist unknown permission: com.google.android.as.allapps.SUGGESTION_CONSUMER
06-22 12:13:53.466 W/PackageManager( 1922): Cannot whitelist unknown permission: com.google.android.apps.miphone.aiai.matchmaker.overview.service.BIND_SERVICE
06-22 12:13:53.466 W/PackageManager( 1922): Cannot whitelist unknown permission: com.google.android.as.allapps.SUGGESTION_CONSUMER
06-22 12:13:53.488 W/PackageManager( 1922): Cannot whitelist unknown permission: com.android.vending.BILLING
06-22 12:13:53.488 I/PackageManager( 1922): Un-granting permission android.permission.WRITE_MEDIA_STORAGE from package com.google.android.apps.photos (protectionLevel=18 flags=0x38d9be45)
06-22 12:13:53.489 W/PackageManager( 1922): Cannot whitelist unknown permission: com.android.vending.BILLING
06-22 12:13:53.490 I/PackageManager( 1922): Un-granting permission android.permission.WRITE_MEDIA_STORAGE from package com.google.android.apps.photos (protectionLevel=18 flags=0x38d9be45)
06-22 12:13:53.500 W/PackageManager( 1922): Cannot whitelist unknown permission: com.android.launcher.permission.READ_SETTINGS
06-22 12:13:53.500 W/PackageManager( 1922): Cannot whitelist unknown permission: com.android.launcher.permission.WRITE_SETTINGS
06-22 12:13:53.514 W/PackageManager( 1922): Cannot whitelist unknown permission: com.android.vending.setup.PLAY_SETUP_SERVICE
06-22 12:13:53.515 I/chatty  ( 1922): uid=1000(system) Binder:1922_6 identical 2 lines
06-22 12:13:53.516 W/PackageManager( 1922): Cannot whitelist unknown permission: com.android.vending.setup.PLAY_SETUP_SERVICE
06-22 12:13:53.526 W/PackageManager( 1922): Cannot whitelist unknown permission: com.android.permission.CONNMO_SETTINGS
06-22 12:13:53.526 W/PackageManager( 1922): Cannot whitelist unknown permission: com.android.permission.DCMO_SETTINGS
06-22 12:13:53.526 W/PackageManager( 1922): Cannot whitelist unknown permission: com.android.permission.CONNMO_SETTINGS
06-22 12:13:53.526 W/PackageManager( 1922): Cannot whitelist unknown permission: com.android.permission.DCMO_SETTINGS
06-22 12:13:53.530 W/PackageManager( 1922): Cannot whitelist unknown permission: com.android.permission.BIND_TELEPHONY_NETWORK_SERVICE
06-22 12:13:53.530 W/PackageManager( 1922): Cannot whitelist unknown permission: com.android.permission.BIND_TELEPHONY_NETWORK_SERVICE
06-22 12:13:53.532 W/PackageManager( 1922): Cannot whitelist unknown permission: com.android.permission.BIND_TELEPHONY_NETWORK_SERVICE
06-22 12:13:53.534 W/PackageManager( 1922): Cannot whitelist unknown permission: com.android.permission.BIND_TELEPHONY_NETWORK_SERVICE
06-22 12:13:53.554 W/PackageManager( 1922): Cannot whitelist unknown permission: com.google.restricted_assist_gesture.permission.RESTRICTED_ASSIST_GESTURE_PROVIDER
06-22 12:13:53.554 W/PackageManager( 1922): Cannot whitelist unknown permission: com.google.android.apps.dreamliner.permission.DREAMLINER_SERVICE
06-22 12:13:53.554 W/PackageManager( 1922): Cannot whitelist unknown permission: android.car.permission.CONTROL_CAR_CLIMATE
06-22 12:13:53.554 W/PackageManager( 1922): Cannot whitelist unknown permission: android.car.permission.CAR_DRIVING_STATE
06-22 12:13:53.554 W/PackageManager( 1922): Cannot whitelist unknown permission: android.car.permission.CAR_CONTROL_AUDIO_VOLUME
06-22 12:13:53.564 W/PackageManager( 1922): Cannot whitelist unknown permission: com.google.restricted_assist_gesture.permission.RESTRICTED_ASSIST_GESTURE_PROVIDER
06-22 12:13:53.564 W/PackageManager( 1922): Cannot whitelist unknown permission: com.google.android.apps.dreamliner.permission.DREAMLINER_SERVICE
06-22 12:13:53.564 W/PackageManager( 1922): Cannot whitelist unknown permission: android.car.permission.CONTROL_CAR_CLIMATE
06-22 12:13:53.564 W/PackageManager( 1922): Cannot whitelist unknown permission: android.car.permission.CAR_DRIVING_STATE
06-22 12:13:53.564 W/PackageManager( 1922): Cannot whitelist unknown permission: android.car.permission.CAR_CONTROL_AUDIO_VOLUME
06-22 12:13:53.566 W/PackageManager( 1922): Cannot whitelist unknown permission: com.google.android.gallery3d.permission.GALLERY_PROVIDER
06-22 12:13:53.566 W/PackageManager( 1922): Cannot whitelist unknown permission: com.android.gallery3d.permission.GALLERY_PROVIDER
06-22 12:13:53.566 W/PackageManager( 1922): Cannot whitelist unknown permission: com.google.android.gallery3d.permission.GALLERY_PROVIDER
06-22 12:13:53.566 W/PackageManager( 1922): Cannot whitelist unknown permission: com.android.gallery3d.permission.GALLERY_PROVIDER
06-22 12:13:53.567 W/PackageManager( 1922): Cannot whitelist unknown permission: com.google.android.gallery3d.permission.GALLERY_PROVIDER
06-22 12:13:53.567 W/PackageManager( 1922): Cannot whitelist unknown permission: com.android.gallery3d.permission.GALLERY_PROVIDER
06-22 12:13:53.568 W/PackageManager( 1922): Cannot whitelist unknown permission: com.google.android.gallery3d.permission.GALLERY_PROVIDER
06-22 12:13:53.568 W/PackageManager( 1922): Cannot whitelist unknown permission: com.android.gallery3d.permission.GALLERY_PROVIDER
06-22 12:13:53.570 W/PackageManager( 1922): Cannot whitelist unknown permission: com.google.android.gallery3d.permission.GALLERY_PROVIDER
06-22 12:13:53.570 W/PackageManager( 1922): Cannot whitelist unknown permission: com.android.gallery3d.permission.GALLERY_PROVIDER
06-22 12:13:53.570 W/PackageManager( 1922): Cannot whitelist unknown permission: com.google.android.gallery3d.permission.GALLERY_PROVIDER
06-22 12:13:53.570 W/PackageManager( 1922): Cannot whitelist unknown permission: com.android.gallery3d.permission.GALLERY_PROVIDER
06-22 12:13:53.571 W/PackageManager( 1922): Cannot whitelist unknown permission: com.google.android.gallery3d.permission.GALLERY_PROVIDER
06-22 12:13:53.571 W/PackageManager( 1922): Cannot whitelist unknown permission: com.android.gallery3d.permission.GALLERY_PROVIDER
06-22 12:13:53.577 W/PackageManager( 1922): Cannot whitelist unknown permission: com.android.vending.setup.PLAY_SETUP_SERVICE
06-22 12:13:53.689 I/ChimeraCfgMgr( 2065): Updating module config: <no config> -> container:2024149040800
06-22 12:13:53.689 I/RuntimePermissionsUpgradeController( 2102): Grandfathering SMS and CallLog permissions
06-22 12:13:53.578 W/PackageManager( 1922): Cannot whitelist unknown permission: com.android.vending.setup.PLAY_SETUP_SERVICE
06-22 12:13:53.689 E/ActivityThread( 2065): Failed to find provider info for com.google.android.gsf.gservices
06-22 12:13:53.690 E/ConfigFileUtils( 2065): Failed to read config file: /data/user_de/0/com.google.android.gms/app_chimera/current_modules_init.pb: open failed: ENOENT (No such file or directory)
06-22 12:13:53.697 I/.gms.persisten( 2065): Compiler allocated 4147KB to compile cxo cwx.a(int, java.util.List, java.util.List, dae, java.lang.String, java.util.List, java.util.List, java.util.List, java.lang.String, java.util.List)
06-22 12:13:53.698 I/ChmraDebugLogger( 2065): [46] 
06-22 12:13:53.702 D/Zygote  ( 1665): Forked child process 2217
06-22 12:13:53.707 I/GmsApplication( 2065): Updating config completed
06-22 12:13:53.708 I/chatty  ( 2065): uid=10117 com.google.android.gms.persistent identical 2 lines
06-22 12:13:53.708 E/ActivityThread( 2065): Failed to find provider info for com.google.android.gsf.gservices
06-22 12:13:53.709 I/ActivityManager( 1922): Start proc 2217:com.google.android.gms/u0a117 for service {com.google.android.gms/com.google.android.gms.chimera.GmsIntentOperationService}
06-22 12:13:53.710 E/ActivityThread( 2065): Failed to find provider info for com.google.android.gsf.gservices
06-22 12:13:53.713 W/gle.android.gm( 2217): Unexpected CPU variant for X86 using defaults: x86_64
06-22 12:13:53.719 I/RuntimePermissionsUpgradeController( 2102): Grandfathering location background permissions
06-22 12:13:53.721 I/RuntimePermissionsUpgradeController( 2102): Grandfathering Storage permissions
06-22 12:13:53.722 W/DynamiteModule( 2065): Local module descriptor class for providerinstaller not found.
06-22 12:13:53.728 W/ProviderHelper( 2065): Unknown dynamite feature providerinstaller
06-22 12:13:53.732 I/DynamiteModule( 2065): Considering local module providerinstaller:0 and remote module providerinstaller:0
06-22 12:13:53.733 W/ProviderInstaller( 2065): Failed to load providerinstaller module: No acceptable module found. Local version is 0 and remote version is 0.
06-22 12:13:53.735 I/gle.android.gm( 2217): The ClassLoaderContext is a special shared library.
06-22 12:13:53.732 I/chatty  ( 2065): uid=10117 com.google.android.gms.persistent identical 4 lines
06-22 12:13:53.732 E/ActivityThread( 2065): Failed to find provider info for com.google.android.gsf.gservices
06-22 12:13:53.738 W/PackageManager( 1922): Cannot whitelist unknown permission: com.android.vending.BILLING
06-22 12:13:53.736 I/chatty  ( 2217): uid=10117(com.google.android.gms) identical 1 line
06-22 12:13:53.736 I/gle.android.gm( 2217): The ClassLoaderContext is a special shared library.
06-22 12:13:53.740 I/RuntimePermissionsUpgradeController( 2102): Not expanding location permissions as this is not an upgrade from Android P
06-22 12:13:53.743 V/NativeCrypto( 2065): Registering com/google/android/gms/org/conscrypt/NativeCrypto's 286 native methods...
06-22 12:13:53.745 D/vold    ( 1577): Remounting 10144 as mode default
06-22 12:13:53.746 D/vold    ( 1577): Remounting 10122 as mode default
06-22 12:13:53.748 W/SystemServiceManager( 1922): Service com.android.server.policy.PermissionPolicyService took 897 ms in onBootPhase
06-22 12:13:53.748 D/SystemServerTiming( 1922): StartActivityManagerReadyPhase took to complete: 934ms
06-22 12:13:53.748 I/SystemServer( 1922): StartObservingNativeCrashes
06-22 12:13:53.748 D/SystemServerTiming( 1922): StartObservingNativeCrashes took to complete: 0ms
06-22 12:13:53.748 I/SystemServer( 1922): StartSystemUI
06-22 12:13:53.748 D/SystemServerInitThreadPool( 1922): Started executing WebViewFactoryPreparation
06-22 12:13:53.748 I/SystemServer( 1922): WebViewFactoryPreparation
06-22 12:13:53.749 I/WebViewUpdateServiceImpl( 1922): One-time migration: enabling com.google.android.webview
06-22 12:13:53.750 V/SystemUIService( 2085): Starting SystemUI services for user 0.
06-22 12:13:53.750 D/SystemServerTiming( 1922): StartSystemUI took to complete: 2ms
06-22 12:13:53.750 I/SystemServer( 1922): MakeNetworkManagementServiceReady
06-22 12:13:53.750 I/gle.android.gm( 2217): The ClassLoaderContext is a special shared library.
06-22 12:13:53.752 W/NetworkManagement( 1922): setDataSaverMode(): already false
06-22 12:13:53.752 I/netd    ( 1664): firewallSetFirewallType(1) <0.02ms>
06-22 12:13:53.752 W/ContextImpl( 2217): Failed to ensure /data/user/0/com.google.android.gms/cache: mkdir failed: ENOENT (No such file or directory)
06-22 12:13:53.752 D/vold    ( 1577): Remounting 10132 as mode write
06-22 12:13:53.752 W/ContextImpl( 2217): Failed to update user.inode_cache: stat failed: ENOENT (No such file or directory)
06-22 12:13:53.753 D/vold    ( 1577): Remounting 10127 as mode write
06-22 12:13:53.754 D/SystemServerTiming( 1922): MakeNetworkManagementServiceReady took to complete: 5ms
06-22 12:13:53.755 I/SystemServer( 1922): MakeIpSecServiceReady
06-22 12:13:53.755 I/netd    ( 1664): isAlive() -> {"true"} <0.02ms>
06-22 12:13:53.755 D/IpSecService( 1922): IpSecService is ready
06-22 12:13:53.755 D/SystemServerTiming( 1922): MakeIpSecServiceReady took to complete: 1ms
06-22 12:13:53.755 I/SystemServer( 1922): MakeNetworkStatsServiceReady
06-22 12:13:53.755 D/vold    ( 1577): Remounting 10111 as mode default
06-22 12:13:53.756 W/NetworkPolicy( 1922): setRestrictBackgroundUL: already false
06-22 12:13:53.756 D/vold    ( 1577): Remounting 10135 as mode write
06-22 12:13:53.757 D/vold    ( 1577): Remounting 10095 as mode default
06-22 12:13:53.757 D/vold    ( 1577): Remounting 10143 as mode default
06-22 12:13:53.757 I/netd    ( 1664): firewallReplaceUidChain("fw_standby", "false", []) -> {"true"} <0.03ms>
06-22 12:13:53.758 D/vold    ( 1577): Remounting 10139 as mode default
06-22 12:13:53.758 D/SystemUIBootTiming( 2085): StartServicescom.android.systemui.Dependency$DependencyCreator took to complete: 9ms
06-22 12:13:53.761 D/vold    ( 1577): Remounting 10137 as mode write
06-22 12:13:53.763 W/BestClock( 1922): java.time.DateTimeException: Missing NTP fix
06-22 12:13:53.764 I/netd    ( 1664): firewallEnableChildChain(2, "true") <0.02ms>
06-22 12:13:53.764 I/netd    ( 1664): socketDestroy([]) <0.15ms>
06-22 12:13:53.764 D/vold    ( 1577): Remounting 10105 as mode default
06-22 12:13:53.765 D/vold    ( 1577): Remounting 10117 as mode write
06-22 12:13:53.765 D/NetworkSecurityConfig( 2065): Using Network Security Config from resource network_security_config debugBuild: false
06-22 12:13:53.765 D/vold    ( 1577): Found matching PID 2065
06-22 12:13:53.767 I/ProviderInstaller( 2065): Installed default security provider GmsCore_OpenSSL
06-22 12:13:53.769 E/ActivityThread( 2065): Failed to find provider info for com.google.android.gsf.gservices
06-22 12:13:53.770 E/ActivityThread( 2065): Failed to find provider info for com.google.android.gsf.gservices
06-22 12:13:53.770 D/SystemServerTimingAsync( 1922): WebViewFactoryPreparation took to complete: 22ms
06-22 12:13:53.770 D/SystemServerInitThreadPool( 1922): Finished executing WebViewFactoryPreparation
06-22 12:13:53.771 E/ActivityThread( 2065): Failed to find provider info for com.google.android.gsf.gservices
06-22 12:13:53.772 D/SystemUIBootTiming( 2085): StartServicescom.android.systemui.util.NotificationChannels took to complete: 13ms
06-22 12:13:53.772 E/ActivityThread( 2065): Failed to find provider info for com.google.android.gsf.gservices
06-22 12:13:53.772 D/SystemUIBootTiming( 2085): StartServicescom.android.systemui.statusbar.CommandQueue$CommandQueueStart took to complete: 1ms
06-22 12:13:53.774 W/BestClock( 1922): java.time.DateTimeException: Missing NTP fix
06-22 12:13:53.781 E/ActivityThread( 2065): Failed to find provider info for com.google.android.gsf.gservices
06-22 12:13:53.784 V/MediaRouter( 2085): Selecting route: RouteInfo{ name=Phone, description=null, status=null, category=RouteCategory{ name=System types=ROUTE_TYPE_LIVE_AUDIO ROUTE_TYPE_LIVE_VIDEO  groupable=false }, supportedTypes=ROUTE_TYPE_LIVE_AUDIO ROUTE_TYPE_LIVE_VIDEO , presentationDisplay=null }
06-22 12:13:53.784 I/Safeboot( 2065): Checking safeboot...
06-22 12:13:53.786 I/chatty  ( 2065): uid=10117 com.google.android.gms.persistent identical 11 lines
06-22 12:13:53.786 E/ActivityThread( 2065): Failed to find provider info for com.google.android.gsf.gservices
06-22 12:13:53.787 E/ActivityThread( 2217): Failed to find provider info for com.google.android.gsf.gservices
06-22 12:13:53.787 E/ActivityThread( 2065): Failed to find provider info for com.google.android.gsf.gservices
06-22 12:13:53.788 I/chatty  ( 2065): uid=10117 com.google.android.gms.persistent identical 2 lines
06-22 12:13:53.788 E/ActivityThread( 2065): Failed to find provider info for com.google.android.gsf.gservices
06-22 12:13:53.790 E/ActivityThread( 2217): Failed to find provider info for com.google.android.gsf.gservices
06-22 12:13:53.794 E/ActivityThread( 2065): Failed to find provider info for com.google.android.gsf.gservices
06-22 12:13:53.795 I/chatty  ( 2065): uid=10117 com.google.android.gms.persistent identical 2 lines
06-22 12:13:53.795 E/ActivityThread( 2065): Failed to find provider info for com.google.android.gsf.gservices
06-22 12:13:53.796 E/ActivityThread( 2217): Failed to find provider info for com.google.android.gsf.gservices
06-22 12:13:53.796 W/ContextImpl( 2065): Failed to ensure /data/user/0/com.google.android.gms/files: mkdir failed: ENOENT (No such file or directory)
06-22 12:13:53.796 I/Safeboot Condition( 2065): No need to enter Safeboot.
06-22 12:13:53.796 W/ContextImpl( 2065): Failed to ensure /data/user/0/com.google.android.gms/files: mkdir failed: ENOENT (No such file or directory)
06-22 12:13:53.796 E/ActivityThread( 2217): Failed to find provider info for com.google.android.gsf.gservices
06-22 12:13:53.796 E/ActivityThread( 2065): Failed to find provider info for com.google.android.gsf.gservices
06-22 12:13:53.798 W/DirectBootExitBR( 2217): User is in direct boot mode.
06-22 12:13:53.800 E/ActivityThread( 2217): Failed to find provider info for com.google.android.gsf.gservices
06-22 12:13:53.801 E/ActivityThread( 2217): Failed to find provider info for com.google.android.gsf.gservices
06-22 12:13:53.801 E/ActivityThread( 2065): Failed to find provider info for com.google.android.gsf.gservices
06-22 12:13:53.801 I/netd    ( 1664): trafficSwapActiveStatsMap() <23.78ms>
06-22 12:13:53.802 I/netd    ( 1664): tetherGetStats() <0.58ms>
06-22 12:13:53.805 D/Zygote  ( 1666): Forked child process 2246
06-22 12:13:53.802 I/chatty  ( 2065): uid=10117 com.google.android.gms.persistent identical 1 line
06-22 12:13:53.803 E/ActivityThread( 2065): Failed to find provider info for com.google.android.gsf.gservices
06-22 12:13:53.808 E/ActivityThread( 2217): Failed to find provider info for com.google.android.gsf.gservices
06-22 12:13:53.809 E/ActivityThread( 2217): Failed to find provider info for com.google.android.gsf.gservices
06-22 12:13:53.809 I/ActivityManager( 1922): Start proc 2246:WebViewLoader-x86/1037 [android.webkit.WebViewLibraryLoader$RelroFileCreator] for null
06-22 12:13:53.812 D/Zygote  ( 1665): Forked child process 2255
06-22 12:13:53.813 E/ActivityThread( 2217): Failed to find provider info for com.google.android.gsf.gservices
06-22 12:13:53.813 I/netd    ( 1664): bandwidthSetGlobalAlert(2097152) <0.43ms>
06-22 12:13:53.813 E/ActivityThread( 2217): Failed to find provider info for com.google.android.gsf.gservices
06-22 12:13:53.814 D/SystemServerTiming( 1922): MakeNetworkStatsServiceReady took to complete: 59ms
06-22 12:13:53.814 I/SystemServer( 1922): MakeConnectivityServiceReady
06-22 12:13:53.815 D/ConnectivityService( 1922): requestNetwork for uid/pid:1000/1922 NetworkRequest [ REQUEST id=7, [ Capabilities: INTERNET&NOT_RESTRICTED&TRUSTED&NOT_VPN] ]
06-22 12:13:53.815 E/ActivityThread( 2065): Failed to find provider info for com.google.android.gsf.gservices
06-22 12:13:53.816 D/PermissionMonitor( 1922): Monitoring
06-22 12:13:53.818 D/PermissionMonitor( 1922): Users: 1, Apps: 34
06-22 12:13:53.819 I/netd    ( 1664): networkSetPermissionForUser(1, [10145]) <0.02ms>
06-22 12:13:53.820 I/netd    ( 1664): networkSetPermissionForUser(2, [10113,10114,1027,10117,10055,10119,10120,10057,10122,10123,10060,10125,10127,10128,2000,10129,10131,10132,10135,10137,10142,10143,10082,1000,1001,1002,1073,10101,10103,10105,10107,10109,10111]) <0.02ms>
06-22 12:13:53.818 I/chatty  ( 2065): uid=10117 com.google.android.gms.persistent identical 2 lines
06-22 12:13:53.819 E/ActivityThread( 2065): Failed to find provider info for com.google.android.gsf.gservices
06-22 12:13:53.820 I/ActivityManager( 1922): Start proc 2255:WebViewLoader-x86_64/1037 [android.webkit.WebViewLibraryLoader$RelroFileCreator] for null
06-22 12:13:53.820 I/netd    ( 1664): trafficSetNetPermForUids(12, [1001,1002,1013,10057,10114,10117]) <0.02ms>
06-22 12:13:53.821 D/vold    ( 1577): Found matching PID 2217
06-22 12:13:53.822 I/netd    ( 1664): trafficSetNetPermForUids(4, [1000,1027,1073,2000,10055,10056,10061,10063,10064,10082,10083,10087,10088,10091,10093,10094,10095,10099,10100,10101,10102,10103,10105,10107,10109,10111,10113,10116,10118,10120,10122,10125,10127,10128,10129,10130,10131,10132,10133,10135,10136,10137,10138,10139,10140,10141,10142,10143,10144,10145]) <0.05ms>
06-22 12:13:53.823 I/netd    ( 1664): trafficSetNetPermForUids(8, [1041,1047]) <0.02ms>
06-22 12:13:53.824 I/netd    ( 1664): trafficSetNetPermForUids(0, [1003,1063,1066,1067,1068,10000,10001,10002,10003,10004,10005,10006,10007,10008,10009,10010,10011,10012,10013,10014,10015,10016,10017,10018,10019,10020,10021,10022,10023,10024,10025,10026,10027,10028,10029,10030,10031,10032,10033,10034,10035,10036,10037,10038,10039,10040,10041,10042,10043,10044,10045,10046,10047,10048,10049,10050,10051,10052,10053,10054,10058,10059,10060,10062,10065,10066,10067,10068,10069,10070,10071,10072,10073,10074,10075,10076,10077,10078,10079,10080,10081,10084,10085,10086,10089,10090,10092,10096,10097,10098,10104,10106,10108,10110,10112,10115,10119,10121,10123,10126,10134]) <0.06ms>
06-22 12:13:53.824 D/SystemServerTiming( 1922): MakeConnectivityServiceReady took to complete: 9ms
06-22 12:13:53.824 I/SystemServer( 1922): MakeNetworkPolicyServiceReady
06-22 12:13:53.824 D/SystemServerTiming( 1922): MakeNetworkPolicyServiceReady took to complete: 0ms
06-22 12:13:53.824 I/SystemServer( 1922): PhaseThirdPartyAppsCanStart
06-22 12:13:53.824 I/SystemServiceManager( 1922): Starting phase 600
06-22 12:13:53.824 I/ExplicitHealthCheckController( 1922): Explicit health checks enabled.
06-22 12:13:53.824 I/PackageWatchdog( 1922): Syncing state, reason: health check state enabled
06-22 12:13:53.824 I/PackageWatchdog( 1922): Not pruning observers, elapsed time: 0ms
06-22 12:13:53.825 I/PackageWatchdog( 1922): Cancelling state sync, nothing to sync
06-22 12:13:53.825 W/WebViewLoader-( 2255): Unexpected CPU variant for X86 using defaults: x86_64
06-22 12:13:53.826 I/PackageWatchdog( 1922): Saving observer state to file
06-22 12:13:53.826 I/GmsApplication( 2217): Staging modules and/or updating config
06-22 12:13:53.828 D/PackageManager( 1922): Instant App installer not found with android.intent.action.INSTALL_INSTANT_APP_PACKAGE
06-22 12:13:53.828 D/PackageManager( 1922): Clear ephemeral installer activity
06-22 12:13:53.829 E/ActivityThread( 2065): Failed to find provider info for com.google.android.gsf.gservices
06-22 12:13:53.829 E/ActivityThread( 2065): Failed to find provider info for com.google.android.gsf.gservices
06-22 12:13:53.831 E/ActivityThread( 2217): Failed to find provider info for com.google.android.gsf.gservices
06-22 12:13:53.832 V/WallpaperManagerService( 1922): bindWallpaperComponentLocked: componentName=null
06-22 12:13:53.832 V/WallpaperManagerService( 1922): No default component; using image wallpaper
06-22 12:13:53.833 I/GmsApplication( 2065): Registering the BackgroundBroadcastReceiverSupport receiver.
06-22 12:13:53.836 E/ActivityThread( 2065): Failed to find provider info for com.google.android.gsf.gservices
06-22 12:13:53.838 I/GmsReceiverSupport( 2065): Registered Receiver for 18+1 IntentFilters
06-22 12:13:53.841 I/GmsApplication( 2217): Staging modules and/or updating config already complete
06-22 12:13:53.836 I/chatty  ( 2065): uid=10117 com.google.android.gms.persistent identical 1 line
06-22 12:13:53.839 E/ActivityThread( 2065): Failed to find provider info for com.google.android.gsf.gservices
06-22 12:13:53.846 E/ActivityThread( 2217): Failed to find provider info for com.google.android.gsf.gservices
06-22 12:13:53.848 W/DynamiteModule( 2217): Local module descriptor class for providerinstaller not found.
06-22 12:13:53.855 W/WebViewLoader-( 2246): Unexpected CPU variant for X86 using defaults: x86_64
06-22 12:13:53.847 I/chatty  ( 2217): uid=10117(com.google.android.gms) identical 2 lines
06-22 12:13:53.847 E/ActivityThread( 2217): Failed to find provider info for com.google.android.gsf.gservices
06-22 12:13:53.857 E/ActivityThread( 2065): Failed to find provider info for com.google.android.gsf.gservices
06-22 12:13:53.858 I/StatsCompanionService( 1922): Told statsd that StatsCompanionService is alive.
06-22 12:13:53.858 D/SystemServerTiming( 1922): PhaseThirdPartyAppsCanStart took to complete: 34ms
06-22 12:13:53.858 I/SystemServer( 1922): StartNetworkStack
06-22 12:13:53.858 E/ActivityThread( 2065): Failed to find provider info for com.google.android.gsf.gservices
06-22 12:13:53.859 D/SystemUIBootTiming( 2085): StartServicescom.android.systemui.keyguard.KeyguardViewMediator took to complete: 86ms
06-22 12:13:53.859 D/SystemServerTiming( 1922): StartNetworkStack took to complete: 0ms
06-22 12:13:53.859 I/SystemServer( 1922): MakeLocationServiceReady
06-22 12:13:53.860 I/hwservicemanager( 1568): getTransport: Cannot find entry android.hardware.gnss@2.0::IGnss/default in either framework or device manifest.
06-22 12:13:53.862 D/GnssLocationProvider( 1922): gnssHal 2.0 was null, trying 1.1
06-22 12:13:53.862 I/hwservicemanager( 1568): getTransport: Cannot find entry android.hardware.gnss@1.1::IGnss/default in either framework or device manifest.
06-22 12:13:53.862 D/GnssLocationProvider( 1922): gnssHal 1.1 was null, trying 1.0
06-22 12:13:53.862 I/DeviceDrDatabaseHelper( 2065): Creating databases!
06-22 12:13:53.874 D/Zygote  ( 1665): Forked child process 2290
06-22 12:13:53.877 I/OMXClient( 2085): IOmx service obtained
06-22 12:13:53.878 I/OMXMaster( 1773): makeComponentInstance(OMX.google.vorbis.decoder) in android.hardwar process
06-22 12:13:53.879 E/OMXNodeInstance( 1773): getConfig(0xf3f191a0:google.vorbis.decoder, ConfigAndroidVendorExtension(0x6f100004)) ERROR: Undefined(0x80001001)
06-22 12:13:53.890 W/id.networkstac( 2290): Unexpected CPU variant for X86 using defaults: x86_64
06-22 12:13:53.894 D/vold    ( 1577): Remounting 10117 as mode write
06-22 12:13:53.895 D/vold    ( 1577): Found matching PID 2065
06-22 12:13:53.898 W/ProviderHelper( 2217): Unknown dynamite feature providerinstaller
06-22 12:13:53.903 I/NativeLibraryUtils( 2065): Extraction to /data/user_de/0/com.google.android.gms/app_extracted_libs/x86/libconscrypt_gmscore_jni.so true
06-22 12:13:53.906 I/ActivityManager( 1922): Start proc 2290:com.google.android.networkstack/1073 for service {com.google.android.networkstack/com.android.server.NetworkStackService}
06-22 12:13:53.907 V/WebViewLibraryLoader( 2255): RelroFileCreator (64bit = true), package: com.google.android.webview library: libmonochrome.so
06-22 12:13:53.910 E/ActivityThread( 2217): Failed to find provider info for com.google.android.gsf.gservices
06-22 12:13:53.912 I/WebViewLoader-( 2255): The ClassLoaderContext is a special shared library.
06-22 12:13:53.916 E/ActivityThread( 2065): Failed to find provider info for com.google.android.gsf.gservices
06-22 12:13:53.916 E/ActivityThread( 2217): Failed to find provider info for com.google.android.gsf.gservices
06-22 12:13:53.916 D/SystemUIBootTiming( 2085): StartServicescom.android.systemui.recents.Recents took to complete: 58ms
06-22 12:13:53.916 E/ActivityThread( 2065): Failed to find provider info for com.google.android.gsf.gservices
06-22 12:13:53.917 E/ActivityThread( 2217): Failed to find provider info for com.google.android.gsf.gservices
06-22 12:13:53.913 I/WebViewLoader-( 2255): The ClassLoaderContext is a special shared library.
06-22 12:13:53.917 I/DynamiteModule( 2217): Considering local module providerinstaller:0 and remote module providerinstaller:0
06-22 12:13:53.917 W/ProviderInstaller( 2217): Failed to load providerinstaller module: No acceptable module found. Local version is 0 and remote version is 0.
06-22 12:13:53.917 E/ActivityThread( 2217): Failed to find provider info for com.google.android.gsf.gservices
06-22 12:13:53.926 D/vold    ( 1577): Found matching PID 2217
06-22 12:13:53.927 V/WebViewLibraryLoader( 2246): RelroFileCreator (64bit = false), package: com.google.android.webview library: libmonochrome.so
06-22 12:13:53.929 I/WebViewLoader-( 2246): The ClassLoaderContext is a special shared library.
06-22 12:13:53.929 I/WebViewLoader-( 2246): The ClassLoaderContext is a special shared library.
06-22 12:13:53.935 V/NativeCrypto( 2217): Registering com/google/android/gms/org/conscrypt/NativeCrypto's 286 native methods...
06-22 12:13:53.938 I/vol.Events( 2085): writeEvent collection_started
06-22 12:13:53.941 E/ActivityRecognitionHardware( 1922): activity_recognition HAL is deprecated. is_supported is effectively a no-op
