--------- beginning of main
06-22 12:13:41.130 W/auditd  ( 1566): type=2000 audit(0.0:1): state=initialized audit_enabled=0 res=1
06-22 12:13:44.840 I/auditd  ( 1566): type=1403 audit(0.0:2): policy loaded auid=4294967295 ses=4294967295
06-22 12:13:44.840 W/auditd  ( 1566): type=1404 audit(0.0:3): enforcing=1 old_enforcing=0 auid=4294967295 ses=4294967295
06-22 12:13:46.443 I/SELinux ( 1567): SELinux: Loaded service_contexts from:
06-22 12:13:46.444 I/SELinux ( 1567):     /system/etc/selinux/plat_service_contexts
06-22 12:13:46.475 I/SELinux ( 1569): SELinux: Loaded service_contexts from:
06-22 12:13:46.475 I/SELinux ( 1569):     /vendor/etc/selinux/vndservice_contexts
06-22 12:13:46.476 I/hwservicemanager( 1568): hwservicemanager is ready now.
--------- beginning of system
06-22 12:13:46.517 I/vold    ( 1577): Vold 3.0 (the awakening) firing up
06-22 12:13:46.517 D/vold    ( 1577): Detected support for: ext4 f2fs vfat
06-22 12:13:46.519 D/vold    ( 1577): Found unmanaged dm device named vendor
06-22 12:13:46.519 D/vold    ( 1577): Found unmanaged dm device named system
06-22 12:13:46.519 D/vold    ( 1577): Found unmanaged dm device named system-verity
06-22 12:13:46.519 W/vold    ( 1577): Failed to LOOP_GET_STATUS64 /dev/block/loop3: No such device or address
06-22 12:13:46.519 W/vold    ( 1577): Failed to LOOP_GET_STATUS64 /dev/block/loop0: No such device or address
06-22 12:13:46.519 W/vold    ( 1577): Failed to LOOP_GET_STATUS64 /dev/block/loop2: No such device or address
06-22 12:13:46.519 W/vold    ( 1577): Failed to LOOP_GET_STATUS64 /dev/block/loop6: No such device or address
06-22 12:13:46.519 W/vold    ( 1577): Failed to LOOP_GET_STATUS64 /dev/block/loop5: No such device or address
06-22 12:13:46.519 W/vold    ( 1577): Failed to LOOP_GET_STATUS64 /dev/block/loop7: No such device or address
06-22 12:13:46.519 W/vold    ( 1577): Failed to LOOP_GET_STATUS64 /dev/block/loop4: No such device or address
06-22 12:13:46.519 W/vold    ( 1577): Failed to LOOP_GET_STATUS64 /dev/block/loop1: No such device or address
06-22 12:13:46.519 I/vold    ( 1577): Skip mounting partition: /product
06-22 12:13:46.519 I/vold    ( 1577): Skip mounting partition: /product_services
06-22 12:13:46.520 D/vold    ( 1577): VoldNativeService::start() completed OK
06-22 12:13:46.787 I/vold    ( 1577): fscrypt_initialize_global_de
06-22 12:13:46.787 I/vold    ( 1577): Creating new key in /data/unencrypted/key
06-22 12:13:46.799 I/hwservicemanager( 1568): getTransport: Cannot find entry android.hardware.keymaster@4.0::IKeymasterDevice/default in either framework or device manifest.
06-22 12:13:46.800 I/ServiceManagement( 1577): getService: Trying again for android.hardware.keymaster@3.0::IKeymasterDevice/default...
06-22 12:13:46.816 I/android.hardware.keymaster@3.0-impl( 1629): Fetching keymaster device name default
06-22 12:13:46.816 I/android.hardware.keymaster@3.0-impl( 1629): Could not find any keystore module, using software-only implementation.
06-22 12:13:46.817 I/ServiceManagement( 1629): Registered android.hardware.keymaster@3.0::IKeymasterDevice/default (start delay of 55ms)
06-22 12:13:46.817 I/ServiceManagement( 1629): Removing namespace from process name android.hardware.keymaster@3.0-service to keymaster@3.0-service.
06-22 12:13:46.817 I/android.hardware.keymaster@3.0-service( 1629): Registration complete for android.hardware.keymaster@3.0::IKeymasterDevice/default.
06-22 12:13:46.817 I/vold    ( 1577): List of Keymaster HALs found:
06-22 12:13:46.817 I/vold    ( 1577): Keymaster HAL #1: SoftwareKeymasterDevice from Google SecurityLevel: SOFTWARE HAL: android.hardware.keymaster@3.0::IKeymasterDevice/default
06-22 12:13:46.817 I/vold    ( 1577): Using SoftwareKeymasterDevice from Google for encryption.  Security level: SOFTWARE, HAL: android.hardware.keymaster@3.0::IKeymasterDevice/default
06-22 12:13:46.817 D/vold    ( 1577): Creating key that doesn't need auth token
06-22 12:13:46.821 D/RefBase ( 1577): RefBase: Explicit destruction, weak count = 0 (in 0x7e321881e170)
06-22 12:13:46.821 W/RefBase ( 1577): CallStack::getCurrentInternal not linked, returning null
06-22 12:13:46.821 W/RefBase ( 1577): CallStack::logStackInternal not linked
06-22 12:13:46.822 D/vold    ( 1577): Created key: /data/unencrypted/key
06-22 12:13:46.822 D/vold    ( 1577): Added key 464872654 (ext4:f1e8d14a83ce6d9a) to keyring 663523491 in process 1577
06-22 12:13:46.822 D/vold    ( 1577): Added key 105549066 (f2fs:f1e8d14a83ce6d9a) to keyring 663523491 in process 1577
06-22 12:13:46.822 D/vold    ( 1577): Added key 100647863 (fscrypt:f1e8d14a83ce6d9a) to keyring 663523491 in process 1577
06-22 12:13:46.824 I/vold    ( 1577): Wrote system DE key reference to:/data/unencrypted/ref
06-22 12:13:46.847 E/fsverity_init( 1638): Failed to load /product/etc/security/fsverity/*.der
06-22 12:13:46.850 E//system/bin/mini-keyctl( 1639): Cannot find keyring id
06-22 12:13:46.854 E/fsverity_init( 1640): Failed to restrict .fs-verity keyring
06-22 12:13:46.860 W/init    (    1): type=1400 audit(0.0:4): avc: denied { ioctl } for path="/data/misc" dev="vdc" ino=13 ioctlcmd=0x6615 scontext=u:r:init:s0 tcontext=u:object_r:unlabeled:s0 tclass=dir permissive=0
06-22 12:13:46.860 W/ls      ( 1642): type=1400 audit(0.0:5): avc: denied { getattr } for path="/data/misc" dev="vdc" ino=13 scontext=u:r:toolbox:s0 tcontext=u:object_r:unlabeled:s0 tclass=dir permissive=0
06-22 12:13:46.870 I/ls      (    1): ls: /data/misc: Permission denied
06-22 12:13:46.870 I/ls      (    1): ls terminated by exit(1)
06-22 12:13:46.874 I/apexd   ( 1641): Marking APEXd as starting
06-22 12:13:46.895 I/apexd   ( 1641): Scanning /system/apex for embedded keys
06-22 12:13:46.897 V/apexd   ( 1641): Found bundled key in package /system/apex/com.android.apex.cts.shim.apex
06-22 12:13:46.897 I/apexd   ( 1641): Scanning /product/apex for embedded keys
06-22 12:13:46.898 I/apexd   ( 1641): ... does not exist. Skipping
06-22 12:13:46.900 I/apexd   ( 1641): Populating APEX database from mounts...
06-22 12:13:46.901 E/apexd   ( 1641): Failed to walk /product/apex : Can't open /product/apex for reading : No such file or directory
06-22 12:13:46.905 I/apexd   ( 1641): Found "/apex/com.android.runtime@1"
06-22 12:13:46.908 I/apexd   ( 1641): Found "/apex/com.android.tzdata@290000000"
06-22 12:13:46.910 I/apexd   ( 1641): 2 packages restored.
06-22 12:13:46.913 I/apexd   ( 1641): Scanning /data/apex/sessions looking for sessions to be activated.
06-22 12:13:46.915 I/apexd   ( 1641): Scanning /data/apex/active looking for APEX packages.
06-22 12:13:46.918 I/apexd   ( 1641): Activated 0 packages. Skipped: 0
06-22 12:13:46.921 I/apexd   ( 1641): Scanning /system/apex looking for APEX packages.
06-22 12:13:46.923 I/apexd   ( 1641): Found /system/apex/com.android.resolv
06-22 12:13:46.926 V/apexd   ( 1641): Creating mount point: /apex/com.android.resolv@290000000
06-22 12:13:46.926 I/apexd   ( 1641): Successfully bind-mounted flattened package /system/apex/com.android.resolv on /apex/com.android.resolv@290000000
06-22 12:13:46.930 V/apexd   ( 1641): Creating bind-mount for /apex/com.android.resolv for /apex/com.android.resolv@290000000
06-22 12:13:46.930 V/apexd   ( 1641): Creating mountpoint /apex/com.android.resolv
06-22 12:13:46.930 V/apexd   ( 1641): Bind-mounting /apex/com.android.resolv@290000000 to /apex/com.android.resolv
06-22 12:13:46.930 D/apexd   ( 1641): Successfully activated /system/apex/com.android.resolv package_name: com.android.resolv version: 290000000
06-22 12:13:46.930 I/apexd   ( 1641): Found /system/apex/com.android.media.swcodec
06-22 12:13:46.934 V/apexd   ( 1641): Creating mount point: /apex/com.android.media.swcodec@290000000
06-22 12:13:46.934 I/apexd   ( 1641): Successfully bind-mounted flattened package /system/apex/com.android.media.swcodec on /apex/com.android.media.swcodec@290000000
06-22 12:13:46.938 V/apexd   ( 1641): Creating bind-mount for /apex/com.android.media.swcodec for /apex/com.android.media.swcodec@290000000
06-22 12:13:46.940 V/apexd   ( 1641): Creating mountpoint /apex/com.android.media.swcodec
06-22 12:13:46.940 V/apexd   ( 1641): Bind-mounting /apex/com.android.media.swcodec@290000000 to /apex/com.android.media.swcodec
06-22 12:13:46.940 D/apexd   ( 1641): Successfully activated /system/apex/com.android.media.swcodec package_name: com.android.media.swcodec version: 290000000
06-22 12:13:46.940 I/apexd   ( 1641): Found /system/apex/com.android.apex.cts.shim.apex
06-22 12:13:46.942 V/apexd   ( 1641): Found bundled key in package /system/apex/com.android.apex.cts.shim.apex
06-22 12:13:46.942 I/apexd   ( 1641): Skipping activation of non-flattened apex package /system/apex/com.android.apex.cts.shim.apex because device doesn't support it
06-22 12:13:46.947 I/apexd   ( 1641): Found /system/apex/com.android.conscrypt
06-22 12:13:46.951 V/apexd   ( 1641): Creating mount point: /apex/com.android.conscrypt@290000000
06-22 12:13:46.951 I/apexd   ( 1641): Successfully bind-mounted flattened package /system/apex/com.android.conscrypt on /apex/com.android.conscrypt@290000000
06-22 12:13:46.955 V/apexd   ( 1641): Creating bind-mount for /apex/com.android.conscrypt for /apex/com.android.conscrypt@290000000
06-22 12:13:46.957 V/apexd   ( 1641): Creating mountpoint /apex/com.android.conscrypt
06-22 12:13:46.957 V/apexd   ( 1641): Bind-mounting /apex/com.android.conscrypt@290000000 to /apex/com.android.conscrypt
06-22 12:13:46.957 D/apexd   ( 1641): Successfully activated /system/apex/com.android.conscrypt package_name: com.android.conscrypt version: 290000000
06-22 12:13:46.957 I/apexd   ( 1641): Found /system/apex/com.android.runtime.debug
06-22 12:13:46.959 I/apexd   ( 1641): Skipping activation of /system/apex/com.android.runtime.debug same package with higher version 1 is already active
06-22 12:13:46.962 I/apexd   ( 1641): Found /system/apex/com.android.tzdata
06-22 12:13:46.965 I/apexd   ( 1641): Skipping activation of /system/apex/com.android.tzdata same package with higher version 290000000 is already active
06-22 12:13:46.970 I/apexd   ( 1641): Found /system/apex/com.android.media
06-22 12:13:46.972 V/apexd   ( 1641): Creating mount point: /apex/com.android.media@290000000
06-22 12:13:46.973 I/apexd   ( 1641): Successfully bind-mounted flattened package /system/apex/com.android.media on /apex/com.android.media@290000000
06-22 12:13:46.976 V/apexd   ( 1641): Creating bind-mount for /apex/com.android.media for /apex/com.android.media@290000000
06-22 12:13:46.977 V/apexd   ( 1641): Creating mountpoint /apex/com.android.media
06-22 12:13:46.977 V/apexd   ( 1641): Bind-mounting /apex/com.android.media@290000000 to /apex/com.android.media
06-22 12:13:46.978 D/apexd   ( 1641): Successfully activated /system/apex/com.android.media package_name: com.android.media version: 290000000
06-22 12:13:46.978 I/apexd   ( 1641): Activated 4 packages. Skipped: 3
06-22 12:13:46.979 I/apexd   ( 1641): Scanning /product/apex looking for APEX packages.
06-22 12:13:46.981 E/apexd   ( 1641): Failed to activate packages from /product/apex : Failed to scan /product/apex : Can't open /product/apex for reading : No such file or directory
06-22 12:13:46.986 I/apexd   ( 1641): Marking APEXd as ready
06-22 12:13:47.057 D/vold    ( 1577): fscrypt_init_user0
06-22 12:13:47.058 D/vold    ( 1577): Preparing: /data/misc/vold/user_keys
06-22 12:13:47.058 D/vold    ( 1577): Preparing: /data/misc/vold/user_keys/ce
06-22 12:13:47.058 D/vold    ( 1577): Preparing: /data/misc/vold/user_keys/de
06-22 12:13:47.058 D/vold    ( 1577): Preparing: /data/misc/vold/user_keys/ce/0
06-22 12:13:47.058 D/vold    ( 1577): Skipping non-key .
06-22 12:13:47.058 D/vold    ( 1577): Skipping non-key ..
06-22 12:13:47.062 I/hwservicemanager( 1568): getTransport: Cannot find entry android.hardware.keymaster@4.0::IKeymasterDevice/default in either framework or device manifest.
06-22 12:13:47.062 I/vold    ( 1577): List of Keymaster HALs found:
06-22 12:13:47.062 I/vold    ( 1577): Keymaster HAL #1: SoftwareKeymasterDevice from Google SecurityLevel: SOFTWARE HAL: android.hardware.keymaster@3.0::IKeymasterDevice/default
06-22 12:13:47.062 I/vold    ( 1577): Using SoftwareKeymasterDevice from Google for encryption.  Security level: SOFTWARE, HAL: android.hardware.keymaster@3.0::IKeymasterDevice/default
06-22 12:13:47.062 D/vold    ( 1577): Creating key that doesn't need auth token
06-22 12:13:47.064 D/RefBase ( 1577): RefBase: Explicit destruction, weak count = 0 (in 0x7e321881e1f0)
06-22 12:13:47.064 W/RefBase ( 1577): CallStack::getCurrentInternal not linked, returning null
06-22 12:13:47.064 W/RefBase ( 1577): CallStack::logStackInternal not linked
06-22 12:13:47.064 D/vold    ( 1577): Created key: /data/misc/vold/user_keys/ce/0/current
06-22 12:13:47.068 I/hwservicemanager( 1568): getTransport: Cannot find entry android.hardware.keymaster@4.0::IKeymasterDevice/default in either framework or device manifest.
06-22 12:13:47.068 I/vold    ( 1577): List of Keymaster HALs found:
06-22 12:13:47.068 I/vold    ( 1577): Keymaster HAL #1: SoftwareKeymasterDevice from Google SecurityLevel: SOFTWARE HAL: android.hardware.keymaster@3.0::IKeymasterDevice/default
06-22 12:13:47.068 I/vold    ( 1577): Using SoftwareKeymasterDevice from Google for encryption.  Security level: SOFTWARE, HAL: android.hardware.keymaster@3.0::IKeymasterDevice/default
06-22 12:13:47.068 D/vold    ( 1577): Creating key that doesn't need auth token
06-22 12:13:47.069 D/RefBase ( 1577): RefBase: Explicit destruction, weak count = 0 (in 0x7e321881e170)
06-22 12:13:47.069 W/RefBase ( 1577): CallStack::getCurrentInternal not linked, returning null
06-22 12:13:47.069 W/RefBase ( 1577): CallStack::logStackInternal not linked
06-22 12:13:47.070 D/vold    ( 1577): Created key: /data/misc/vold/user_keys/de/0
06-22 12:13:47.070 D/vold    ( 1577): Added key 856139214 (ext4:881d3460ac5b9fb0) to keyring 663523491 in process 1577
06-22 12:13:47.070 D/vold    ( 1577): Added key 905790119 (f2fs:881d3460ac5b9fb0) to keyring 663523491 in process 1577
06-22 12:13:47.070 D/vold    ( 1577): Added key 1029328303 (fscrypt:881d3460ac5b9fb0) to keyring 663523491 in process 1577
06-22 12:13:47.070 D/vold    ( 1577): Added key 577751953 (ext4:aa314b2eebc085a5) to keyring 663523491 in process 1577
06-22 12:13:47.070 D/vold    ( 1577): Added key 678316644 (f2fs:aa314b2eebc085a5) to keyring 663523491 in process 1577
06-22 12:13:47.070 D/vold    ( 1577): Added key 862538952 (fscrypt:aa314b2eebc085a5) to keyring 663523491 in process 1577
06-22 12:13:47.070 D/vold    ( 1577): Created keys for user 0
06-22 12:13:47.070 D/vold    ( 1577): Skipping non-de-key .
06-22 12:13:47.070 D/vold    ( 1577): Skipping non-de-key ..
06-22 12:13:47.070 D/vold    ( 1577): fscrypt_prepare_user_storage for volume null, user 0, serial 0, flags 1
06-22 12:13:47.070 D/vold    ( 1577): Preparing: /data/system/users/0
06-22 12:13:47.071 D/vold    ( 1577): Preparing: /data/misc/profiles/cur/0
06-22 12:13:47.071 D/vold    ( 1577): Preparing: /data/system_de/0
06-22 12:13:47.071 D/vold    ( 1577): Preparing: /data/misc_de/0
06-22 12:13:47.071 D/vold    ( 1577): Preparing: /data/vendor_de/0
06-22 12:13:47.071 D/vold    ( 1577): Preparing: /data/user_de/0
06-22 12:13:47.071 I/vold    ( 1577): Policy for /data/system_de/0 set to 881d3460ac5b9fb0 modes 1/4
06-22 12:13:47.071 I/vold    ( 1577): Policy for /data/misc_de/0 set to 881d3460ac5b9fb0 modes 1/4
06-22 12:13:47.071 I/vold    ( 1577): Policy for /data/vendor_de/0 set to 881d3460ac5b9fb0 modes 1/4
06-22 12:13:47.071 I/vold    ( 1577): Policy for /data/user_de/0 set to 881d3460ac5b9fb0 modes 1/4
06-22 12:13:47.071 D/vold    ( 1577): /system/bin/vold_prepare_subdirs
06-22 12:13:47.071 D/vold    ( 1577):     prepare
06-22 12:13:47.071 D/vold    ( 1577):     
06-22 12:13:47.071 D/vold    ( 1577):     0
06-22 12:13:47.071 D/vold    ( 1577):     1
06-22 12:13:47.076 D/vold_prepare_subdirs( 1646): Setting up mode 700 uid 0 gid 0 context u:object_r:vold_data_file:s0 on path: /data/misc_de/0/vold
06-22 12:13:47.077 D/vold_prepare_subdirs( 1646): Setting up mode 700 uid 0 gid 0 context u:object_r:storaged_data_file:s0 on path: /data/misc_de/0/storaged
06-22 12:13:47.077 D/vold_prepare_subdirs( 1646): Setting up mode 700 uid 0 gid 0 context u:object_r:rollback_data_file:s0 on path: /data/misc_de/0/rollback
06-22 12:13:47.077 D/vold_prepare_subdirs( 1646): Setting up mode 700 uid 1000 gid 1000 context u:object_r:fingerprint_vendor_data_file:s0 on path: /data/vendor_de/0/fpdata
06-22 12:13:47.077 D/vold_prepare_subdirs( 1646): Setting up mode 700 uid 1000 gid 1000 context u:object_r:face_vendor_data_file:s0 on path: /data/vendor_de/0/facedata
06-22 12:13:47.103 I//system/bin/tzdatacheck( 1647): timezone distro dir /data/misc/zoneinfo/current does not exist. No action required.
06-22 12:13:47.131 I/art_apex( 1651): === ART pre-boot integrity checks ===
06-22 12:13:47.138 F/art_apex( 1655): Device is not fsverity-enabled.
06-22 12:13:47.176 W/otapreopt_slot( 1659): Slot property empty.
06-22 12:13:47.243 I//system/bin/flags_health_check( 1662): ServerConfigurableFlagsReset reset_mode value: 0
06-22 12:13:47.243 I//system/bin/flags_health_check( 1662): ServerConfigurableFlagsReset attempted boot count is under threshold, skipping reset.
06-22 12:13:47.320 I/netdClient( 1664): Skipping libnetd_client init since *we* are netd
06-22 12:13:47.327 I/netd    ( 1664): netd 1.0 starting
06-22 12:13:47.329 I/bootstat( 1667): Service started: /system/bin/bootstat --set_system_boot_reason 
06-22 12:13:47.329 I/bootstat( 1667): Canonical boot reason: reboot
06-22 12:13:47.329 I/bootstat( 1667): Canonical boot reason: reboot
06-22 12:13:47.348 I/ServiceManagement( 1669): Registered android.hidl.allocator@1.0::IAllocator/ashmem (start delay of 36ms)
06-22 12:13:47.348 I/ServiceManagement( 1669): Removing namespace from process name android.hidl.allocator@1.0-service to allocator@1.0-service.
06-22 12:13:47.357 I/health@2.0/( 1671): health@2.0/backup: Hal starting main loop...
06-22 12:13:47.357 I/health@2.0/( 1671): health@2.0/backup Hal is starting up...
06-22 12:13:47.357 I/hwservicemanager( 1568): getTransport: Cannot find entry android.hardware.health@1.0::IHealth/default in either framework or device manifest.
06-22 12:13:47.357 I/Netd    ( 1664): Loaded resolver library from /apex/com.android.resolv/lib64/libnetd_resolv.so
06-22 12:13:47.359 I/ServiceManagement( 1671): Registered android.hardware.health@2.0::IHealth/backup (start delay of 27ms)
06-22 12:13:47.359 I/health@2.0/( 1671): health@2.0/backup: Hal init done
06-22 12:13:47.372 I/ServiceManagement( 1670): Registered android.system.suspend@1.0::ISystemSuspend/default (start delay of 50ms)
06-22 12:13:47.372 I/ServiceManagement( 1670): Removing namespace from process name android.system.suspend@1.0-service to suspend@1.0-service.
06-22 12:13:47.402 I/ServiceManagement( 1673): Registered android.hardware.broadcastradio@1.1::IBroadcastRadioFactory/default (start delay of 70ms)
06-22 12:13:47.402 I/ServiceManagement( 1673): Removing namespace from process name android.hardware.broadcastradio@1.1-service to broadcastradio@1.1-service.
06-22 12:13:47.410 W//vendor/bin/hw/android.hardware.configstore@1.1-service( 1688): Could not find seccomp policy file at: /vendor/etc/seccomp_policy/configstore@1.1.policy
06-22 12:13:47.410 I/ServiceManagement( 1688): Registered android.hardware.configstore@1.1::ISurfaceFlingerConfigs/default (start delay of 59ms)
06-22 12:13:47.410 I/ServiceManagement( 1688): Removing namespace from process name android.hardware.configstore@1.1-service to configstore@1.1-service.
06-22 12:13:47.437 I/health@2.0/( 1698): health@2.0/default: Hal starting main loop...
06-22 12:13:47.437 I/health@2.0/( 1698): health@2.0/default Hal is starting up...
06-22 12:13:47.440 I/ServiceManagement( 1698): Registered android.hardware.health@2.0::IHealth/default (start delay of 48ms)
06-22 12:13:47.440 I/ServiceManagement( 1698): Removing namespace from process name android.hardware.health@2.0-service.goldfish to health@2.0-service.goldfish.
06-22 12:13:47.440 I/health@2.0/( 1698): health@2.0/default: Hal init done
06-22 12:13:47.464 I/qemu-props( 1707): connected to 'boot-properties' qemud service.
06-22 12:13:47.465 I/qemu-props( 1707): receiving..
06-22 12:13:47.465 I/qemu-props( 1707): received: qemu.cmdline=androidboot.logcat=*:V androidboot.consolepipe=qemu_pipe,pipe:logcat
06-22 12:13:47.465 E/GoldfishGatekeeper( 1694): called goldfish_gatekeeper_open with gate keeper 0x74e030c09050 device 0x74e0309db000
06-22 12:13:47.466 I/ServiceManagement( 1694): Registered android.hardware.gatekeeper@1.0::IGatekeeper/default (start delay of 85ms)
06-22 12:13:47.466 I/ServiceManagement( 1694): Removing namespace from process name android.hardware.gatekeeper@1.0-service to gatekeeper@1.0-service.
06-22 12:13:47.466 I/android.hardware.gatekeeper@1.0-service( 1694): Registration complete for android.hardware.gatekeeper@1.0::IGatekeeper/default.
06-22 12:13:47.474 I/android.hardware.thermal@2.0-service-mock( 1704): Thermal HAL Service Mock 2.0 starting...
06-22 12:13:47.474 I/ServiceManagement( 1704): Registered android.hardware.thermal@2.0::IThermal/default (start delay of 63ms)
06-22 12:13:47.474 I/ServiceManagement( 1704): Removing namespace from process name android.hardware.thermal@2.0-service.mock to thermal@2.0-service.mock.
06-22 12:13:47.474 I/android.hardware.thermal@2.0-service-mock( 1704): Thermal Service started successfully.
06-22 12:13:47.516 I/android.hardware.power@1.1-service.ranchu( 1699): Power HAL Service 1.1 for Ranchu is starting.
06-22 12:13:47.517 I/ServiceManagement( 1699): Registered android.hardware.power@1.1::IPower/default (start delay of 125ms)
06-22 12:13:47.517 I/ServiceManagement( 1699): Removing namespace from process name android.hardware.power@1.1-service.ranchu to power@1.1-service.ranchu.
06-22 12:13:47.517 I/android.hardware.power@1.1-service.ranchu( 1699): Power Service is ready
06-22 12:13:47.518 I/qemu-props( 1707): successfully set property 'qemu.cmdline' to 'androidboot.logcat=*:V androidboot.consolepipe=qemu_pipe,pipe:logcat'
06-22 12:13:47.518 I/qemu-props( 1707): receiving..
06-22 12:13:47.518 I/qemu-props( 1707): received: qemu.logcat=start
06-22 12:13:47.519 I/qemu-props( 1707): successfully set property 'vendor.qemu.logcat' to 'start'
06-22 12:13:47.519 I/qemu-props( 1707): receiving..
06-22 12:13:47.519 I/qemu-props( 1707): received: ro.opengles.version=196608
06-22 12:13:47.519 I/qemu-props( 1707): receiving..
06-22 12:13:47.519 I/qemu-props( 1707): received: qemu.sf.fake_camera=none
06-22 12:13:47.521 I/lowmemorykiller( 1713): Using psi monitors for memory pressure detection
06-22 12:13:47.522 I/qemu-props( 1707): successfully set property 'vendor.qemu.sf.fake_camera' to 'none'
06-22 12:13:47.522 I/qemu-props( 1707): receiving..
06-22 12:13:47.523 I/qemu-props( 1707): received: dalvik.vm.heapsize=512m
06-22 12:13:47.523 I/qemu-props( 1707): receiving..
06-22 12:13:47.523 I/qemu-props( 1707): received: qemu.hw.mainkeys=1
06-22 12:13:47.526 I/qemu-props( 1707): successfully set property 'qemu.hw.mainkeys' to '1'
06-22 12:13:47.526 I/qemu-props( 1707): receiving..
06-22 12:13:47.526 I/qemu-props( 1707): received: qemu.sf.lcd_density=160
06-22 12:13:47.526 I/qemu-props( 1707): successfully set property 'vendor.qemu.sf.lcd_density' to '160'
06-22 12:13:47.526 I/qemu-props( 1707): receiving..
06-22 12:13:47.527 I/qemu-props( 1707): received: qemu.timezone=Etc/UTC
06-22 12:13:47.527 I/qemu-props( 1707): successfully set property 'vendor.qemu.timezone' to 'Etc/UTC'
06-22 12:13:47.527 I/qemu-props( 1707): receiving..
06-22 12:13:47.539 I/ServiceManagement( 1695): Registered android.hardware.gnss@1.0::IGnss/default (start delay of 157ms)
06-22 12:13:47.539 I/ServiceManagement( 1695): Removing namespace from process name android.hardware.gnss@1.0-service to gnss@1.0-service.
06-22 12:13:47.539 I/android.hardware.gnss@1.0-service( 1695): Registration complete for android.hardware.gnss@1.0::IGnss/default.
06-22 12:13:47.542 I/ServiceManagement( 1700): Registered android.hardware.sensors@1.0::ISensors/default (start delay of 150ms)
06-22 12:13:47.542 I/ServiceManagement( 1700): Removing namespace from process name android.hardware.sensors@1.0-service to sensors@1.0-service.
06-22 12:13:47.542 I/android.hardware.sensors@1.0-service( 1700): Registration complete for android.hardware.sensors@1.0::ISensors/default.
06-22 12:13:47.565 I/ServiceManagement( 1692): Registered android.hardware.drm@1.2::IDrmFactory/clearkey (start delay of 193ms)
06-22 12:13:47.565 I/ServiceManagement( 1692): Removing namespace from process name android.hardware.drm@1.2-service.clearkey to drm@1.2-service.clearkey.
06-22 12:13:47.565 I/ServiceManagement( 1692): Registered android.hardware.drm@1.2::ICryptoFactory/clearkey (start delay of 193ms)
06-22 12:13:47.565 I/ServiceManagement( 1692): Removing namespace from process name android.hardware.drm@1.2-service.clearkey to drm@1.2-service.clearkey.
06-22 12:13:47.636 D/HostConnection( 1697): createUnique: call
06-22 12:13:47.636 D/HostConnection( 1697): HostConnection::get() New Host Connection established 0x730e13221140, tid 1697
06-22 12:13:47.644 D/HostConnection( 1697): HostComposition ext ANDROID_EMU_CHECKSUM_HELPER_v1 ANDROID_EMU_native_sync_v2 ANDROID_EMU_dma_v1 ANDROID_EMU_direct_mem ANDROID_EMU_host_composition_v1 ANDROID_EMU_host_composition_v2 ANDROID_EMU_vulkan ANDROID_EMU_deferred_vulkan_commands ANDROID_EMU_vulkan_null_optional_strings ANDROID_EMU_vulkan_create_resources_with_requirements ANDROID_EMU_YUV_Cache ANDROID_EMU_vulkan_ignored_handles ANDROID_EMU_vulkan_free_memory_sync ANDROID_EMU_vulkan_shader_float16_int8 ANDROID_EMU_vulkan_async_queue_submit ANDROID_EMU_sync_buffer_data ANDROID_EMU_vulkan_async_qsri ANDROID_EMU_hwc_color_transform GL_OES_EGL_image_external_essl3 GL_OES_vertex_array_object GL_KHR_texture_compression_astc_ldr ANDROID_EMU_host_side_tracing ANDROID_EMU_gles_max_version_3_0 
06-22 12:13:47.645 I/hwservicemanager( 1568): getTransport: Cannot find entry android.hardware.graphics.mapper@3.0::IMapper/default in either framework or device manifest.
06-22 12:13:47.645 W/Gralloc3( 1697): mapper 3.x is not supported
06-22 12:13:47.646 I/hwservicemanager( 1568): getTransport: Cannot find entry android.hardware.graphics.allocator@3.0::IAllocator/default in either framework or device manifest.
06-22 12:13:47.646 W/Gralloc3( 1697): allocator 3.x is not supported
06-22 12:13:47.647 I/ServiceManagement( 1697): getService: Trying again for android.hardware.graphics.allocator@2.0::IAllocator/default...
06-22 12:13:47.646 D/HostConnection( 1696): createUnique: call
06-22 12:13:47.647 D/HostConnection( 1696): HostConnection::get() New Host Connection established 0x798a2a81c0a0, tid 1696
06-22 12:13:47.648 I/ServiceManagement( 1696): Registered android.hardware.graphics.allocator@2.0::IAllocator/default (start delay of 266ms)
06-22 12:13:47.648 I/ServiceManagement( 1696): Removing namespace from process name android.hardware.graphics.allocator@2.0-service to allocator@2.0-service.
06-22 12:13:47.648 I/android.hardware.graphics.allocator@2.0-service( 1696): Registration complete for android.hardware.graphics.allocator@2.0::IAllocator/default.
06-22 12:13:47.659 D/HostConnection( 1696): HostComposition ext ANDROID_EMU_CHECKSUM_HELPER_v1 ANDROID_EMU_native_sync_v2 ANDROID_EMU_dma_v1 ANDROID_EMU_direct_mem ANDROID_EMU_host_composition_v1 ANDROID_EMU_host_composition_v2 ANDROID_EMU_vulkan ANDROID_EMU_deferred_vulkan_commands ANDROID_EMU_vulkan_null_optional_strings ANDROID_EMU_vulkan_create_resources_with_requirements ANDROID_EMU_YUV_Cache ANDROID_EMU_vulkan_ignored_handles ANDROID_EMU_vulkan_free_memory_sync ANDROID_EMU_vulkan_shader_float16_int8 ANDROID_EMU_vulkan_async_queue_submit ANDROID_EMU_sync_buffer_data ANDROID_EMU_vulkan_async_qsri ANDROID_EMU_hwc_color_transform GL_OES_EGL_image_external_essl3 GL_OES_vertex_array_object GL_KHR_texture_compression_astc_ldr ANDROID_EMU_host_side_tracing ANDROID_EMU_gles_max_version_3_0 
06-22 12:13:47.659 D/gralloc_ranchu( 1696): gralloc_alloc: Creating ashmem region of size 823296
06-22 12:13:47.660 D/eglCodecCommon( 1696): allocate: Ask for block of size 0x1000
06-22 12:13:47.660 D/eglCodecCommon( 1696): allocate: ioctl allocate returned offset 0x3ffffe000 size 0x2000
06-22 12:13:47.660 D/HostConnection( 1697): createUnique: call
06-22 12:13:47.661 D/HostConnection( 1697): HostConnection::get() New Host Connection established 0x730e13221460, tid 1697
06-22 12:13:47.661 D/HostConnection( 1697): HostComposition ext ANDROID_EMU_CHECKSUM_HELPER_v1 ANDROID_EMU_native_sync_v2 ANDROID_EMU_dma_v1 ANDROID_EMU_direct_mem ANDROID_EMU_host_composition_v1 ANDROID_EMU_host_composition_v2 ANDROID_EMU_vulkan ANDROID_EMU_deferred_vulkan_commands ANDROID_EMU_vulkan_null_optional_strings ANDROID_EMU_vulkan_create_resources_with_requirements ANDROID_EMU_YUV_Cache ANDROID_EMU_vulkan_ignored_handles ANDROID_EMU_vulkan_free_memory_sync ANDROID_EMU_vulkan_shader_float16_int8 ANDROID_EMU_vulkan_async_queue_submit ANDROID_EMU_sync_buffer_data ANDROID_EMU_vulkan_async_qsri ANDROID_EMU_hwc_color_transform GL_OES_EGL_image_external_essl3 GL_OES_vertex_array_object GL_KHR_texture_compression_astc_ldr ANDROID_EMU_host_side_tracing ANDROID_EMU_gles_max_version_3_0 
06-22 12:13:47.661 D/eglCodecCommon( 1697): allocate: Ask for block of size 0x1000
06-22 12:13:47.661 D/eglCodecCommon( 1697): allocate: ioctl allocate returned offset 0x3ffffc000 size 0x2000
06-22 12:13:47.662 I/ServiceManagement( 1697): Registered android.hardware.graphics.composer@2.1::IComposer/default (start delay of 280ms)
06-22 12:13:47.662 I/ServiceManagement( 1697): Removing namespace from process name android.hardware.graphics.composer@2.1-service to composer@2.1-service.
06-22 12:13:47.662 I/android.hardware.graphics.composer@2.1-service( 1697): Registration complete for android.hardware.graphics.composer@2.1::IComposer/default.
06-22 12:13:47.666 I/android.hardware.camera.provider@2.4-service( 1674): CameraProvider@2.4 legacy service is starting.
06-22 12:13:47.666 I/ServiceManagement( 1687): Registered android.hardware.cas@1.1::IMediaCasService/default (start delay of 315ms)
06-22 12:13:47.669 I/ServiceManagement( 1687): Removing namespace from process name android.hardware.cas@1.1-service to cas@1.1-service.
06-22 12:13:47.684 I/ServiceManagement( 1693): Registered android.hardware.drm@1.2::IDrmFactory/widevine (start delay of 312ms)
06-22 12:13:47.684 I/ServiceManagement( 1693): Removing namespace from process name android.hardware.drm@1.2-service.widevine to drm@1.2-service.widevine.
06-22 12:13:47.684 I/ServiceManagement( 1693): Registered android.hardware.drm@1.2::ICryptoFactory/widevine (start delay of 312ms)
06-22 12:13:47.684 I/ServiceManagement( 1693): Removing namespace from process name android.hardware.drm@1.2-service.widevine to drm@1.2-service.widevine.
06-22 12:13:47.714 D/LibBpfLoader( 1743): Loading ELF object /system/etc/bpf/clatd.o with license Apache 2.0
06-22 12:13:47.714 D/LibBpfLoader( 1743): Loaded code section 3 (schedcls_ingress_clat_ether)
06-22 12:13:47.714 D/LibBpfLoader( 1743): Loaded relo section 3 (.relschedcls/ingress/clat_ether)
06-22 12:13:47.714 D/LibBpfLoader( 1743): Adding section 3 to cs list
06-22 12:13:47.714 D/LibBpfLoader( 1743): Loaded code section 5 (schedcls_ingress_clat_rawip)
06-22 12:13:47.714 D/LibBpfLoader( 1743): Loaded relo section 5 (.relschedcls/ingress/clat_rawip)
06-22 12:13:47.714 D/LibBpfLoader( 1743): Adding section 5 to cs list
06-22 12:13:47.714 D/LibBpfLoader( 1743): bpf_create_map name clat_ingress_map, ret: 6
06-22 12:13:47.714 D/LibBpfLoader( 1743): map_fd found at 0 is 6 in /system/etc/bpf/clatd.o
06-22 12:13:47.715 D/LibBpfLoader( 1743): applying relo to instruction at byte offset: 400, 	       insn offset 50 , insn 118
06-22 12:13:47.715 D/LibBpfLoader( 1743): applying relo to instruction at byte offset: 360, 	       insn offset 45 , insn 118
06-22 12:13:47.715 D/LibBpfLoader( 1743): New bpf core prog_load for /system/etc/bpf/clatd.o (schedcls_ingress_clat_ether) returned: 7
06-22 12:13:47.715 D/LibBpfLoader( 1743): New bpf core prog_load for /system/etc/bpf/clatd.o (schedcls_ingress_clat_rawip) returned: 8
06-22 12:13:47.715 I/bpfloader( 1743): Attempted load object: /system/etc/bpf/clatd.o, ret: Success
06-22 12:13:47.717 I/installd( 1754): installd firing up
06-22 12:13:47.717 E/cutils  ( 1754): Failed to read /data/.layout_version: No such file or directory
06-22 12:13:47.717 D/installd( 1754): Assuming that device has multi-user storage layout; upgrade no longer supported
06-22 12:13:47.717 D/installd( 1754): Upgrading to /data/misc/user directories
06-22 12:13:47.722 D/LibBpfLoader( 1743): Loading ELF object /system/etc/bpf/netd.o with license Apache 2.0
06-22 12:13:47.722 D/LibBpfLoader( 1743): Loaded code section 3 (cgroupskb_ingress_stats)
06-22 12:13:47.722 D/LibBpfLoader( 1743): Loaded relo section 3 (.relcgroupskb/ingress/stats)
06-22 12:13:47.722 D/LibBpfLoader( 1743): Adding section 3 to cs list
06-22 12:13:47.722 D/LibBpfLoader( 1743): Loaded code section 5 (cgroupskb_egress_stats)
06-22 12:13:47.722 D/LibBpfLoader( 1743): Loaded relo section 5 (.relcgroupskb/egress/stats)
06-22 12:13:47.722 D/LibBpfLoader( 1743): Adding section 5 to cs list
06-22 12:13:47.722 D/LibBpfLoader( 1743): Loaded code section 7 (skfilter_egress_xtbpf)
06-22 12:13:47.722 D/LibBpfLoader( 1743): Loaded relo section 7 (.relskfilter/egress/xtbpf)
06-22 12:13:47.722 D/LibBpfLoader( 1743): Adding section 7 to cs list
06-22 12:13:47.722 D/LibBpfLoader( 1743): Loaded code section 9 (skfilter_ingress_xtbpf)
06-22 12:13:47.722 D/LibBpfLoader( 1743): Loaded relo section 9 (.relskfilter/ingress/xtbpf)
06-22 12:13:47.722 D/LibBpfLoader( 1743): Adding section 9 to cs list
06-22 12:13:47.722 D/LibBpfLoader( 1743): Loaded code section 11 (skfilter_whitelist_xtbpf)
06-22 12:13:47.722 D/LibBpfLoader( 1743): Loaded relo section 11 (.relskfilter/whitelist/xtbpf)
06-22 12:13:47.722 D/LibBpfLoader( 1743): Adding section 11 to cs list
06-22 12:13:47.722 D/LibBpfLoader( 1743): Loaded code section 13 (skfilter_blacklist_xtbpf)
06-22 12:13:47.722 D/LibBpfLoader( 1743): Loaded relo section 13 (.relskfilter/blacklist/xtbpf)
06-22 12:13:47.722 D/LibBpfLoader( 1743): Adding section 13 to cs list
06-22 12:13:47.722 D/LibBpfLoader( 1743): Loaded code section 15 (cgroupsock_inet_create)
06-22 12:13:47.722 D/LibBpfLoader( 1743): Loaded relo section 15 (.relcgroupsock/inet/create)
06-22 12:13:47.722 D/LibBpfLoader( 1743): Adding section 15 to cs list
06-22 12:13:47.723 D/LibBpfLoader( 1743): bpf_create_map name cookie_tag_map, ret: 9
06-22 12:13:47.723 D/LibBpfLoader( 1743): bpf_create_map name uid_counterset_map, ret: 10
06-22 12:13:47.723 D/LibBpfLoader( 1743): bpf_create_map name app_uid_stats_map, ret: 11
06-22 12:13:47.723 D/LibBpfLoader( 1743): bpf_create_map name stats_map_A, ret: 12
06-22 12:13:47.723 D/LibBpfLoader( 1743): bpf_create_map name stats_map_B, ret: 13
06-22 12:13:47.723 D/LibBpfLoader( 1743): bpf_create_map name iface_stats_map, ret: 14
06-22 12:13:47.723 D/LibBpfLoader( 1743): bpf_create_map name configuration_map, ret: 15
06-22 12:13:47.723 D/LibBpfLoader( 1743): bpf_create_map name uid_owner_map, ret: 16
06-22 12:13:47.724 D/LibBpfLoader( 1743): bpf_create_map name iface_index_name_map, ret: 17
06-22 12:13:47.724 D/LibBpfLoader( 1743): bpf_create_map name uid_permission_map, ret: 18
06-22 12:13:47.724 D/LibBpfLoader( 1743): map_fd found at 0 is 9 in /system/etc/bpf/netd.o
06-22 12:13:47.724 D/LibBpfLoader( 1743): map_fd found at 1 is 10 in /system/etc/bpf/netd.o
06-22 12:13:47.724 D/LibBpfLoader( 1743): map_fd found at 2 is 11 in /system/etc/bpf/netd.o
06-22 12:13:47.724 D/LibBpfLoader( 1743): map_fd found at 3 is 12 in /system/etc/bpf/netd.o
06-22 12:13:47.724 D/LibBpfLoader( 1743): map_fd found at 4 is 13 in /system/etc/bpf/netd.o
06-22 12:13:47.724 D/LibBpfLoader( 1743): map_fd found at 5 is 14 in /system/etc/bpf/netd.o
06-22 12:13:47.724 D/LibBpfLoader( 1743): map_fd found at 6 is 15 in /system/etc/bpf/netd.o
06-22 12:13:47.724 D/LibBpfLoader( 1743): map_fd found at 7 is 16 in /system/etc/bpf/netd.o
06-22 12:13:47.724 D/LibBpfLoader( 1743): map_fd found at 8 is 17 in /system/etc/bpf/netd.o
06-22 12:13:47.724 D/LibBpfLoader( 1743): map_fd found at 9 is 18 in /system/etc/bpf/netd.o
06-22 12:13:47.724 D/LibBpfLoader( 1743): applying relo to instruction at byte offset: 616, 	       insn offset 77 , insn 118
06-22 12:13:47.724 I/perfetto( 1741): probes.cc:56 Starting /system/bin/traced_probes service
06-22 12:13:47.724 D/LibBpfLoader( 1743): applying relo to instruction at byte offset: 688, 	       insn offset 86 , insn 118
06-22 12:13:47.724 D/LibBpfLoader( 1743): applying relo to instruction at byte offset: 1040, 	       insn offset 130 , insn 118
06-22 12:13:47.724 D/LibBpfLoader( 1743): applying relo to instruction at byte offset: 1184, 	       insn offset 148 , insn 118
06-22 12:13:47.724 D/LibBpfLoader( 1743): applying relo to instruction at byte offset: 1264, 	       insn offset 158 , insn 118
06-22 12:13:47.724 D/LibBpfLoader( 1743): applying relo to instruction at byte offset: 1368, 	       insn offset 171 , insn 118
06-22 12:13:47.724 D/LibBpfLoader( 1743): applying relo to instruction at byte offset: 1472, 	       insn offset 184 , insn 118
06-22 12:13:47.724 D/LibBpfLoader( 1743): applying relo to instruction at byte offset: 1512, 	       insn offset 189 , insn 118
06-22 12:13:47.724 D/LibBpfLoader( 1743): applying relo to instruction at byte offset: 1576, 	       insn offset 197 , insn 118
06-22 12:13:47.724 D/LibBpfLoader( 1743): applying relo to instruction at byte offset: 1680, 	       insn offset 210 , insn 118
06-22 12:13:47.724 D/LibBpfLoader( 1743): applying relo to instruction at byte offset: 1720, 	       insn offset 215 , insn 118
06-22 12:13:47.724 D/LibBpfLoader( 1743): applying relo to instruction at byte offset: 1848, 	       insn offset 231 , insn 118
06-22 12:13:47.724 D/LibBpfLoader( 1743): applying relo to instruction at byte offset: 1952, 	       insn offset 244 , insn 118
06-22 12:13:47.724 D/LibBpfLoader( 1743): applying relo to instruction at byte offset: 1992, 	       insn offset 249 , insn 118
06-22 12:13:47.724 D/LibBpfLoader( 1743): applying relo to instruction at byte offset: 2056, 	       insn offset 257 , insn 118
06-22 12:13:47.724 D/LibBpfLoader( 1743): applying relo to instruction at byte offset: 2160, 	       insn offset 270 , insn 118
06-22 12:13:47.724 D/LibBpfLoader( 1743): applying relo to instruction at byte offset: 2200, 	       insn offset 275 , insn 118
06-22 12:13:47.724 D/LibBpfLoader( 1743): applying relo to instruction at byte offset: 2288, 	       insn offset 286 , insn 118
06-22 12:13:47.726 D/LibBpfLoader( 1743): applying relo to instruction at byte offset: 2392, 	       insn offset 299 , insn 118
06-22 12:13:47.726 D/LibBpfLoader( 1743): applying relo to instruction at byte offset: 2432, 	       insn offset 304 , insn 118
06-22 12:13:47.726 D/LibBpfLoader( 1743): applying relo to instruction at byte offset: 608, 	       insn offset 76 , insn 118
06-22 12:13:47.726 D/LibBpfLoader( 1743): applying relo to instruction at byte offset: 680, 	       insn offset 85 , insn 118
06-22 12:13:47.727 D/LibBpfLoader( 1743): applying relo to instruction at byte offset: 904, 	       insn offset 113 , insn 118
06-22 12:13:47.727 D/LibBpfLoader( 1743): applying relo to instruction at byte offset: 1048, 	       insn offset 131 , insn 118
06-22 12:13:47.727 D/LibBpfLoader( 1743): applying relo to instruction at byte offset: 1128, 	       insn offset 141 , insn 118
06-22 12:13:47.727 D/LibBpfLoader( 1743): applying relo to instruction at byte offset: 1232, 	       insn offset 154 , insn 118
06-22 12:13:47.727 D/LibBpfLoader( 1743): applying relo to instruction at byte offset: 1336, 	       insn offset 167 , insn 118
06-22 12:13:47.727 D/LibBpfLoader( 1743): applying relo to instruction at byte offset: 1376, 	       insn offset 172 , insn 118
06-22 12:13:47.727 D/LibBpfLoader( 1743): applying relo to instruction at byte offset: 1440, 	       insn offset 180 , insn 118
06-22 12:13:47.727 D/LibBpfLoader( 1743): applying relo to instruction at byte offset: 1544, 	       insn offset 193 , insn 118
06-22 12:13:47.727 D/LibBpfLoader( 1743): applying relo to instruction at byte offset: 1584, 	       insn offset 198 , insn 118
06-22 12:13:47.727 D/LibBpfLoader( 1743): applying relo to instruction at byte offset: 1712, 	       insn offset 214 , insn 118
06-22 12:13:47.727 D/LibBpfLoader( 1743): applying relo to instruction at byte offset: 1816, 	       insn offset 227 , insn 118
06-22 12:13:47.727 D/LibBpfLoader( 1743): applying relo to instruction at byte offset: 1856, 	       insn offset 232 , insn 118
06-22 12:13:47.727 D/LibBpfLoader( 1743): applying relo to instruction at byte offset: 1920, 	       insn offset 240 , insn 118
06-22 12:13:47.727 D/LibBpfLoader( 1743): applying relo to instruction at byte offset: 2024, 	       insn offset 253 , insn 118
06-22 12:13:47.727 D/LibBpfLoader( 1743): applying relo to instruction at byte offset: 2064, 	       insn offset 258 , insn 118
06-22 12:13:47.727 D/LibBpfLoader( 1743): applying relo to instruction at byte offset: 2152, 	       insn offset 269 , insn 118
06-22 12:13:47.727 D/LibBpfLoader( 1743): applying relo to instruction at byte offset: 2256, 	       insn offset 282 , insn 118
06-22 12:13:47.727 D/LibBpfLoader( 1743): applying relo to instruction at byte offset: 2296, 	       insn offset 287 , insn 118
06-22 12:13:47.727 D/LibBpfLoader( 1743): applying relo to instruction at byte offset: 40, 	       insn offset 5 , insn 118
06-22 12:13:47.727 D/LibBpfLoader( 1743): applying relo to instruction at byte offset: 144, 	       insn offset 18 , insn 118
06-22 12:13:47.727 D/LibBpfLoader( 1743): applying relo to instruction at byte offset: 184, 	       insn offset 23 , insn 118
06-22 12:13:47.727 D/LibBpfLoader( 1743): applying relo to instruction at byte offset: 40, 	       insn offset 5 , insn 118
06-22 12:13:47.727 D/LibBpfLoader( 1743): applying relo to instruction at byte offset: 144, 	       insn offset 18 , insn 118
06-22 12:13:47.727 D/LibBpfLoader( 1743): applying relo to instruction at byte offset: 184, 	       insn offset 23 , insn 118
06-22 12:13:47.727 D/LibBpfLoader( 1743): applying relo to instruction at byte offset: 80, 	       insn offset 10 , insn 118
06-22 12:13:47.727 D/LibBpfLoader( 1743): applying relo to instruction at byte offset: 32, 	       insn offset 4 , insn 118
06-22 12:13:47.727 D/LibBpfLoader( 1743): applying relo to instruction at byte offset: 80, 	       insn offset 10 , insn 118
06-22 12:13:47.728 D/LibBpfLoader( 1743): New bpf core prog_load for /system/etc/bpf/netd.o (cgroupskb_ingress_stats) returned: 19
06-22 12:13:47.728 D/LibBpfLoader( 1743): New bpf core prog_load for /system/etc/bpf/netd.o (cgroupskb_egress_stats) returned: 20
06-22 12:13:47.729 D/LibBpfLoader( 1743): New bpf core prog_load for /system/etc/bpf/netd.o (skfilter_egress_xtbpf) returned: 21
06-22 12:13:47.730 D/LibBpfLoader( 1743): New bpf core prog_load for /system/etc/bpf/netd.o (skfilter_ingress_xtbpf) returned: 22
06-22 12:13:47.730 D/LibBpfLoader( 1743): New bpf core prog_load for /system/etc/bpf/netd.o (skfilter_whitelist_xtbpf) returned: 23
06-22 12:13:47.730 D/LibBpfLoader( 1743): New bpf core prog_load for /system/etc/bpf/netd.o (skfilter_blacklist_xtbpf) returned: 24
06-22 12:13:47.731 D/LibBpfLoader( 1743): New bpf core prog_load for /system/etc/bpf/netd.o (cgroupsock_inet_create) returned: 25
06-22 12:13:47.731 I/bpfloader( 1743): Attempted load object: /system/etc/bpf/netd.o, ret: Success
06-22 12:13:47.748 W/perfetto( 1740): service.cc:65 Started traced, listening on /dev/socket/traced_producer /dev/socket/traced_consumer
06-22 12:13:47.748 I/perfetto( 1741): probes_producer.cc:88 Connected to the service
06-22 12:13:47.758 I/ServiceManagement( 1689): Registered android.hardware.drm@1.0::IDrmFactory/default (start delay of 396ms)
06-22 12:13:47.758 I/ServiceManagement( 1689): Removing namespace from process name android.hardware.drm@1.0-service to drm@1.0-service.
06-22 12:13:47.758 I/        ( 1689): Registration complete for android.hardware.drm@1.0::IDrmFactory/default.
06-22 12:13:47.758 I/ServiceManagement( 1689): Registered android.hardware.drm@1.0::ICryptoFactory/default (start delay of 397ms)
06-22 12:13:47.758 I/ServiceManagement( 1689): Removing namespace from process name android.hardware.drm@1.0-service to drm@1.0-service.
06-22 12:13:47.758 I/        ( 1689): Registration complete for android.hardware.drm@1.0::ICryptoFactory/default.
06-22 12:13:47.766 I/adbd    ( 1738): opening control endpoint /dev/usb-ffs/adb/ep0
06-22 12:13:47.780 I/android.hardware.wifi@1.0-service( 1705): Wifi Hal is booting up...
06-22 12:13:47.781 I/ServiceManagement( 1705): Registered android.hardware.wifi@1.3::IWifi/default (start delay of 369ms)
06-22 12:13:47.781 I/ServiceManagement( 1705): Removing namespace from process name android.hardware.wifi@1.0-service to wifi@1.0-service.
06-22 12:13:47.788 I/wificond( 1771): wificond is starting up...
06-22 12:13:47.789 D/TetherController( 1664): Setting IP forward enable = 0
06-22 12:13:47.789 D/FirewallController( 1664): Could not read /proc/self/uid_map, max uid defaulting to 4294967294
06-22 12:13:47.798 I/hwservicemanager( 1568): getTransport: Cannot find entry android.hardware.usb.gadget@1.0::IUsbGadget/default in either framework or device manifest.
06-22 12:13:47.799 I/usbd    ( 1780): Usb HAL not found
06-22 12:13:47.802 I/adbd    ( 1738): UsbFfsConnection constructed
06-22 12:13:47.805 D/android.hardware.biometrics.fingerprint@2.1-service( 1781): Opening fingerprint hal library...
06-22 12:13:47.805 D/FingerprintHal( 1781): ----------------> fingerprint_open ----------------->
06-22 12:13:47.806 D/FingerprintHal( 1781): ----------------> set_notify_callback ----------------->
06-22 12:13:47.806 D/FingerprintHal( 1781): fingerprint callback notification set
06-22 12:13:47.806 I/ServiceManagement( 1781): Registered android.hardware.biometrics.fingerprint@2.1::IBiometricsFingerprint/default (start delay of 75ms)
06-22 12:13:47.806 I/ServiceManagement( 1781): Removing namespace from process name android.hardware.biometrics.fingerprint@2.1-service to fingerprint@2.1-service.
06-22 12:13:47.814 I//system/bin/tombstoned( 1779): tombstoned successfully initialized
06-22 12:13:47.816 D/FingerprintHal( 1781): ----------------> listenerFunction ----------------->
06-22 12:13:47.843 I/gatekeeperd( 1778): Starting gatekeeperd...
06-22 12:13:47.853 I/netd    ( 1664): Creating child chains: 62.2ms
06-22 12:13:47.853 I/netd    ( 1664): Setting up OEM hooks: 0.1ms
06-22 12:13:47.853 I/netd    ( 1664): Setting up FirewallController hooks: 0.0ms
06-22 12:13:47.854 I/netd    ( 1664): Setting up TetherController hooks: 0.7ms
06-22 12:13:47.854 I/netd    ( 1664): Setting up BandwidthController hooks: 0.5ms
06-22 12:13:47.854 I/netd    ( 1664): Setting up IdletimerController hooks: 0.1ms
06-22 12:13:47.875 I/ServiceManagement( 1769): Registered android.frameworks.stats@1.0::IStats/default (start delay of 203ms)
06-22 12:13:47.875 W/statsd  ( 1769): statscompanion service unavailable!
06-22 12:13:47.875 I/statsd  ( 1769): Statsd starts to listen to socket.
06-22 12:13:47.903 I/hwservicemanager( 1568): getTransport: Cannot find entry android.hardware.keymaster@4.0::IKeymasterDevice/default in either framework or device manifest.
06-22 12:13:47.907 I/keystore( 1755): found android.hardware.keymaster@3.0::IKeymasterDevice with interface name default and seclevel SOFTWARE
06-22 12:13:47.907 W/keystore( 1755): No secure Keymaster implementation found, but device offers insecure Keymaster HAL. Using as default.
06-22 12:13:47.910 I/ServiceManagement( 1755): Registered android.system.wifi.keystore@1.0::IKeystore/default (start delay of 269ms)
06-22 12:13:47.939 E/netmgr  ( 1794): Failed to open QEMU pipe 'qemud:network': Invalid argument
06-22 12:13:47.982 I/ServiceManagement( 1774): Registered android.hardware.radio@1.1::IRadio/slot1 (start delay of 300ms)
06-22 12:13:47.988 I/ServiceManagement( 1774): Registered android.hardware.radio.deprecated@1.0::IOemHook/slot1 (start delay of 307ms)
06-22 12:13:47.991 I/livelock( 1807): started
06-22 12:13:47.993 W/livelock( 1807): [khungtaskd] not configurable
06-22 12:13:47.994 I/livelock( 1807): ro.config.low_ram=false
06-22 12:13:47.994 I/livelock( 1807): ro.llk.sysrq_t=true
06-22 12:13:47.994 I/livelock( 1807): ro.llk.enable=true
06-22 12:13:47.994 I/livelock( 1807): ro.khungtask.enable=true
06-22 12:13:47.994 I/livelock( 1807): ro.llk.mlockall=true
06-22 12:13:47.994 I/livelock( 1807): ro.llk.killtest=true
06-22 12:13:47.994 I/livelock( 1807): ro.khungtask.timeout=720s
06-22 12:13:47.994 I/livelock( 1807): ro.llk.timeout_ms=600.000s
06-22 12:13:47.994 I/livelock( 1807): ro.llk.D.timeout_ms=600.000s
06-22 12:13:47.994 I/livelock( 1807): ro.llk.Z.timeout_ms=600.000s
06-22 12:13:47.994 I/livelock( 1807): ro.llk.stack.timeout_ms=600.000s
06-22 12:13:47.994 I/livelock( 1807): ro.llk.check_ms=120.000s
06-22 12:13:47.994 I/livelock( 1807): ro.llk.stack=wait_on_page_bit_killable,bit_wait_io,__get_user_pages,cma_alloc
06-22 12:13:47.994 I/livelock( 1807): ro.llk.blacklist.process.stack=llkd,lmkd.llkd,apexd,ueventd,keystore,init
06-22 12:13:47.994 I/livelock( 1807): ro.llk.blacklist.process=[watchdog/1],[watchdogd/0],2,1807,[watchdogd],watchdogd,llkd,lmkd,[khungtaskd],[kthreadd],init,1,0
06-22 12:13:47.994 I/livelock( 1807): ro.llk.blacklist.parent=[kthreadd],2,0,adbd&[setsid]
06-22 12:13:47.994 I/livelock( 1807): ro.llk.blacklist.uid=
06-22 12:13:47.997 I/ServiceManager( 1770): Waiting for service 'package_native' on '/dev/binder'...
