06-22 12:13:53.336 W/PackageManager( 1922): Cannot whitelist unknown permission: com.sec.android.provider.badge.permission.WRITE
06-22 12:13:53.336 W/PackageManager( 1922): Cannot whitelist unknown permission: com.htc.launcher.permission.READ_SETTINGS
06-22 12:13:53.336 W/PackageManager( 1922): Cannot whitelist unknown permission: com.htc.launcher.permission.UPDATE_SHORTCUT
06-22 12:13:53.336 W/PackageManager( 1922): Cannot whitelist unknown permission: com.sonyericsson.home.permission.BROADCAST_BADGE
06-22 12:13:53.336 W/PackageManager( 1922): Cannot whitelist unknown permission: com.sonymobile.home.permission.PROVIDER_INSERT_BADGE
06-22 12:13:53.336 W/PackageManager( 1922): Cannot whitelist unknown permission: com.anddoes.launcher.permission.UPDATE_COUNT
06-22 12:13:53.336 W/PackageManager( 1922): Cannot whitelist unknown permission: com.majeur.launcher.permission.UPDATE_BADGE
06-22 12:13:53.336 W/PackageManager( 1922): Cannot whitelist unknown permission: com.huawei.android.launcher.permission.CHANGE_BADGE
06-22 12:13:53.336 W/PackageManager( 1922): Cannot whitelist unknown permission: com.huawei.android.launcher.permission.READ_SETTINGS
06-22 12:13:53.336 W/PackageManager( 1922): Cannot whitelist unknown permission: com.huawei.android.launcher.permission.WRITE_SETTINGS
06-22 12:13:53.336 W/PackageManager( 1922): Cannot whitelist unknown permission: android.permission.READ_APP_BADGE
06-22 12:13:53.336 W/PackageManager( 1922): Cannot whitelist unknown permission: com.oppo.launcher.permission.READ_SETTINGS
06-22 12:13:53.336 W/PackageManager( 1922): Cannot whitelist unknown permission: com.oppo.launcher.permission.WRITE_SETTINGS
06-22 12:13:53.336 W/PackageManager( 1922): Cannot whitelist unknown permission: com.cequint.ecid.CALLER_ID_LOOKUP
06-22 12:13:53.336 W/PackageManager( 1922): Cannot whitelist unknown permission: com.motorola.incallui.permission.INCOMING_CALL_VISIBILITY_CHANGED
06-22 12:13:53.340 W/PackageManager( 1922): Cannot whitelist unknown permission: com.sec.android.provider.badge.permission.READ
06-22 12:13:53.340 W/PackageManager( 1922): Cannot whitelist unknown permission: com.sec.android.provider.badge.permission.WRITE
06-22 12:13:53.340 W/PackageManager( 1922): Cannot whitelist unknown permission: com.htc.launcher.permission.READ_SETTINGS
06-22 12:13:53.340 W/PackageManager( 1922): Cannot whitelist unknown permission: com.htc.launcher.permission.UPDATE_SHORTCUT
06-22 12:13:53.340 W/PackageManager( 1922): Cannot whitelist unknown permission: com.sonyericsson.home.permission.BROADCAST_BADGE
06-22 12:13:53.340 W/PackageManager( 1922): Cannot whitelist unknown permission: com.sonymobile.home.permission.PROVIDER_INSERT_BADGE
06-22 12:13:53.340 W/PackageManager( 1922): Cannot whitelist unknown permission: com.anddoes.launcher.permission.UPDATE_COUNT
06-22 12:13:53.340 W/PackageManager( 1922): Cannot whitelist unknown permission: com.majeur.launcher.permission.UPDATE_BADGE
06-22 12:13:53.340 W/PackageManager( 1922): Cannot whitelist unknown permission: com.huawei.android.launcher.permission.CHANGE_BADGE
06-22 12:13:53.340 W/PackageManager( 1922): Cannot whitelist unknown permission: com.huawei.android.launcher.permission.READ_SETTINGS
06-22 12:13:53.340 W/PackageManager( 1922): Cannot whitelist unknown permission: com.huawei.android.launcher.permission.WRITE_SETTINGS
06-22 12:13:53.340 W/PackageManager( 1922): Cannot whitelist unknown permission: android.permission.READ_APP_BADGE
06-22 12:13:53.340 W/PackageManager( 1922): Cannot whitelist unknown permission: com.oppo.launcher.permission.READ_SETTINGS
06-22 12:13:53.340 W/PackageManager( 1922): Cannot whitelist unknown permission: com.oppo.launcher.permission.WRITE_SETTINGS
06-22 12:13:53.340 W/PackageManager( 1922): Cannot whitelist unknown permission: com.cequint.ecid.CALLER_ID_LOOKUP
06-22 12:13:53.340 W/PackageManager( 1922): Cannot whitelist unknown permission: com.motorola.incallui.permission.INCOMING_CALL_VISIBILITY_CHANGED
06-22 12:13:53.341 I/ModuleSetMgr( 2065): Computing pending module set with APKs: [[AdsFdrDynamite.integ:21460000000], [Cronetdynamite:202414040800], [Dynamiteloader:202414040800], [Dynamitemodulesa:202414040000], [Dynamitemodulesc:202414040000], [Googlecertificates:202414040000], [Mapsdynamite:202414040000], [Measurementdynamite:202414040000]]
06-22 12:13:53.345 W/PackageManager( 1922): Cannot whitelist unknown permission: com.sec.android.provider.badge.permission.READ
06-22 12:13:53.345 W/PackageManager( 1922): Cannot whitelist unknown permission: com.sec.android.provider.badge.permission.WRITE
06-22 12:13:53.345 W/PackageManager( 1922): Cannot whitelist unknown permission: com.htc.launcher.permission.READ_SETTINGS
06-22 12:13:53.345 W/PackageManager( 1922): Cannot whitelist unknown permission: com.htc.launcher.permission.UPDATE_SHORTCUT
06-22 12:13:53.345 W/PackageManager( 1922): Cannot whitelist unknown permission: com.sonyericsson.home.permission.BROADCAST_BADGE
06-22 12:13:53.345 W/PackageManager( 1922): Cannot whitelist unknown permission: com.sonymobile.home.permission.PROVIDER_INSERT_BADGE
06-22 12:13:53.345 W/PackageManager( 1922): Cannot whitelist unknown permission: com.anddoes.launcher.permission.UPDATE_COUNT
06-22 12:13:53.345 W/PackageManager( 1922): Cannot whitelist unknown permission: com.majeur.launcher.permission.UPDATE_BADGE
06-22 12:13:53.345 W/PackageManager( 1922): Cannot whitelist unknown permission: com.huawei.android.launcher.permission.CHANGE_BADGE
06-22 12:13:53.345 W/PackageManager( 1922): Cannot whitelist unknown permission: com.huawei.android.launcher.permission.READ_SETTINGS
06-22 12:13:53.345 W/PackageManager( 1922): Cannot whitelist unknown permission: com.huawei.android.launcher.permission.WRITE_SETTINGS
06-22 12:13:53.345 W/PackageManager( 1922): Cannot whitelist unknown permission: android.permission.READ_APP_BADGE
06-22 12:13:53.345 W/PackageManager( 1922): Cannot whitelist unknown permission: com.oppo.launcher.permission.READ_SETTINGS
06-22 12:13:53.345 W/PackageManager( 1922): Cannot whitelist unknown permission: com.oppo.launcher.permission.WRITE_SETTINGS
06-22 12:13:53.345 W/PackageManager( 1922): Cannot whitelist unknown permission: com.cequint.ecid.CALLER_ID_LOOKUP
06-22 12:13:53.345 W/PackageManager( 1922): Cannot whitelist unknown permission: com.motorola.incallui.permission.INCOMING_CALL_VISIBILITY_CHANGED
06-22 12:13:53.348 W/PackageManager( 1922): Cannot whitelist unknown permission: com.sec.android.provider.badge.permission.READ
06-22 12:13:53.348 W/PackageManager( 1922): Cannot whitelist unknown permission: com.sec.android.provider.badge.permission.WRITE
06-22 12:13:53.348 W/PackageManager( 1922): Cannot whitelist unknown permission: com.htc.launcher.permission.READ_SETTINGS
06-22 12:13:53.348 W/PackageManager( 1922): Cannot whitelist unknown permission: com.htc.launcher.permission.UPDATE_SHORTCUT
06-22 12:13:53.348 W/PackageManager( 1922): Cannot whitelist unknown permission: com.sonyericsson.home.permission.BROADCAST_BADGE
06-22 12:13:53.348 W/PackageManager( 1922): Cannot whitelist unknown permission: com.sonymobile.home.permission.PROVIDER_INSERT_BADGE
06-22 12:13:53.348 W/PackageManager( 1922): Cannot whitelist unknown permission: com.anddoes.launcher.permission.UPDATE_COUNT
06-22 12:13:53.348 W/PackageManager( 1922): Cannot whitelist unknown permission: com.majeur.launcher.permission.UPDATE_BADGE
06-22 12:13:53.348 W/PackageManager( 1922): Cannot whitelist unknown permission: com.huawei.android.launcher.permission.CHANGE_BADGE
06-22 12:13:53.348 W/PackageManager( 1922): Cannot whitelist unknown permission: com.huawei.android.launcher.permission.READ_SETTINGS
06-22 12:13:53.348 W/PackageManager( 1922): Cannot whitelist unknown permission: com.huawei.android.launcher.permission.WRITE_SETTINGS
06-22 12:13:53.348 W/PackageManager( 1922): Cannot whitelist unknown permission: android.permission.READ_APP_BADGE
06-22 12:13:53.348 W/PackageManager( 1922): Cannot whitelist unknown permission: com.oppo.launcher.permission.READ_SETTINGS
06-22 12:13:53.348 W/PackageManager( 1922): Cannot whitelist unknown permission: com.oppo.launcher.permission.WRITE_SETTINGS
06-22 12:13:53.348 W/PackageManager( 1922): Cannot whitelist unknown permission: com.cequint.ecid.CALLER_ID_LOOKUP
06-22 12:13:53.348 W/PackageManager( 1922): Cannot whitelist unknown permission: com.motorola.incallui.permission.INCOMING_CALL_VISIBILITY_CHANGED
06-22 12:13:53.351 W/PackageManager( 1922): Cannot whitelist unknown permission: com.sec.android.provider.badge.permission.READ
06-22 12:13:53.351 W/PackageManager( 1922): Cannot whitelist unknown permission: com.sec.android.provider.badge.permission.WRITE
06-22 12:13:53.351 W/PackageManager( 1922): Cannot whitelist unknown permission: com.htc.launcher.permission.READ_SETTINGS
06-22 12:13:53.351 W/PackageManager( 1922): Cannot whitelist unknown permission: com.htc.launcher.permission.UPDATE_SHORTCUT
06-22 12:13:53.351 W/PackageManager( 1922): Cannot whitelist unknown permission: com.sonyericsson.home.permission.BROADCAST_BADGE
06-22 12:13:53.351 W/PackageManager( 1922): Cannot whitelist unknown permission: com.sonymobile.home.permission.PROVIDER_INSERT_BADGE
06-22 12:13:53.351 W/PackageManager( 1922): Cannot whitelist unknown permission: com.anddoes.launcher.permission.UPDATE_COUNT
06-22 12:13:53.351 W/PackageManager( 1922): Cannot whitelist unknown permission: com.majeur.launcher.permission.UPDATE_BADGE
06-22 12:13:53.351 W/PackageManager( 1922): Cannot whitelist unknown permission: com.huawei.android.launcher.permission.CHANGE_BADGE
06-22 12:13:53.351 W/PackageManager( 1922): Cannot whitelist unknown permission: com.huawei.android.launcher.permission.READ_SETTINGS
06-22 12:13:53.351 W/PackageManager( 1922): Cannot whitelist unknown permission: com.huawei.android.launcher.permission.WRITE_SETTINGS
06-22 12:13:53.351 W/PackageManager( 1922): Cannot whitelist unknown permission: android.permission.READ_APP_BADGE
06-22 12:13:53.351 W/PackageManager( 1922): Cannot whitelist unknown permission: com.oppo.launcher.permission.READ_SETTINGS
06-22 12:13:53.351 W/PackageManager( 1922): Cannot whitelist unknown permission: com.oppo.launcher.permission.WRITE_SETTINGS
06-22 12:13:53.351 W/PackageManager( 1922): Cannot whitelist unknown permission: com.cequint.ecid.CALLER_ID_LOOKUP
06-22 12:13:53.351 W/PackageManager( 1922): Cannot whitelist unknown permission: com.motorola.incallui.permission.INCOMING_CALL_VISIBILITY_CHANGED
06-22 12:13:53.351 E/ActivityThread( 2065): Failed to find provider info for com.google.android.gsf.gservices
06-22 12:13:53.352 E/ActivityThread( 2065): Failed to find provider info for com.google.android.gsf.gservices
06-22 12:13:53.352 W/PackageManager( 1922): Cannot whitelist unknown permission: com.sec.android.provider.badge.permission.READ
06-22 12:13:53.352 W/PackageManager( 1922): Cannot whitelist unknown permission: com.sec.android.provider.badge.permission.WRITE
06-22 12:13:53.352 W/PackageManager( 1922): Cannot whitelist unknown permission: com.htc.launcher.permission.READ_SETTINGS
06-22 12:13:53.352 W/PackageManager( 1922): Cannot whitelist unknown permission: com.htc.launcher.permission.UPDATE_SHORTCUT
06-22 12:13:53.352 W/PackageManager( 1922): Cannot whitelist unknown permission: com.sonyericsson.home.permission.BROADCAST_BADGE
06-22 12:13:53.352 W/PackageManager( 1922): Cannot whitelist unknown permission: com.sonymobile.home.permission.PROVIDER_INSERT_BADGE
06-22 12:13:53.352 W/PackageManager( 1922): Cannot whitelist unknown permission: com.anddoes.launcher.permission.UPDATE_COUNT
06-22 12:13:53.352 W/PackageManager( 1922): Cannot whitelist unknown permission: com.majeur.launcher.permission.UPDATE_BADGE
06-22 12:13:53.352 W/PackageManager( 1922): Cannot whitelist unknown permission: com.huawei.android.launcher.permission.CHANGE_BADGE
06-22 12:13:53.352 W/PackageManager( 1922): Cannot whitelist unknown permission: com.huawei.android.launcher.permission.READ_SETTINGS
06-22 12:13:53.353 W/PackageManager( 1922): Cannot whitelist unknown permission: com.huawei.android.launcher.permission.WRITE_SETTINGS
06-22 12:13:53.353 W/PackageManager( 1922): Cannot whitelist unknown permission: android.permission.READ_APP_BADGE
06-22 12:13:53.353 W/PackageManager( 1922): Cannot whitelist unknown permission: com.oppo.launcher.permission.READ_SETTINGS
06-22 12:13:53.353 W/PackageManager( 1922): Cannot whitelist unknown permission: com.oppo.launcher.permission.WRITE_SETTINGS
06-22 12:13:53.353 W/PackageManager( 1922): Cannot whitelist unknown permission: com.cequint.ecid.CALLER_ID_LOOKUP
06-22 12:13:53.353 W/PackageManager( 1922): Cannot whitelist unknown permission: com.motorola.incallui.permission.INCOMING_CALL_VISIBILITY_CHANGED
06-22 12:13:53.353 E/ActivityThread( 2065): Failed to find provider info for com.google.android.gsf.gservices
06-22 12:13:53.355 I/OMXClient( 1922): IOmx service obtained
06-22 12:13:53.355 I/OMXMaster( 1773): makeComponentInstance(OMX.google.vorbis.decoder) in android.hardwar process
06-22 12:13:53.356 E/OMXNodeInstance( 1773): getConfig(0xf3f191a0:google.vorbis.decoder, ConfigAndroidVendorExtension(0x6f100004)) ERROR: Undefined(0x80001001)
06-22 12:13:53.378 I/.gms.persisten( 2065): Compiler allocated 5803KB to compile boolean cuf.a(cyl, boolean, caau, caau, int, java.util.List, java.io.File, cyh)
06-22 12:13:53.355 I/chatty  ( 2065): uid=10117 com.google.android.gms.persistent identical 4 lines
06-22 12:13:53.356 E/ActivityThread( 2065): Failed to find provider info for com.google.android.gsf.gservices
06-22 12:13:53.379 W/PackageManager( 1922): Cannot whitelist unknown permission: android.permission.QUERY_ALL_PACKAGES
06-22 12:13:53.380 W/PackageManager( 1922): Cannot whitelist unknown permission: android.permission.PRE_FACTORY_RESET
06-22 12:13:53.380 W/PackageManager( 1922): Cannot whitelist unknown permission: android.permission.MANAGE_FACTORY_RESET_PROTECTION
06-22 12:13:53.380 W/PackageManager( 1922): Cannot whitelist unknown permission: android.car.permission.CAR_POWER
06-22 12:13:53.380 W/PackageManager( 1922): Cannot whitelist unknown permission: com.google.android.wearable.WRITE_SETTINGS
06-22 12:13:53.380 W/PackageManager( 1922): Cannot whitelist unknown permission: com.felicanetworks.mfc.permission.MFC_ACCESS
06-22 12:13:53.380 W/PackageManager( 1922): Cannot whitelist unknown permission: com.felicanetworks.mfc.mfi.permission.MFI_ACCESS
06-22 12:13:53.380 W/PackageManager( 1922): Cannot whitelist unknown permission: com.google.android.finsky.permission.INSTANT_APP_STATE
06-22 12:13:53.380 W/PackageManager( 1922): Cannot whitelist unknown permission: android.permission.UWB
06-22 12:13:53.380 W/PackageManager( 1922): Cannot whitelist unknown permission: com.google.android.finsky.permission.BIND_GET_INSTALL_REFERRER_SERVICE
06-22 12:13:53.380 W/PackageManager( 1922): Cannot whitelist unknown permission: com.google.android.hangouts.START_HANGOUT
06-22 12:13:53.380 W/PackageManager( 1922): Cannot whitelist unknown permission: android.car.permission.CAR_POWERTRAIN
06-22 12:13:53.380 W/PackageManager( 1922): Cannot whitelist unknown permission: android.car.permission.CAR_ENERGY
06-22 12:13:53.380 W/PackageManager( 1922): Cannot whitelist unknown permission: android.car.permission.CAR_ENERGY_PORTS
06-22 12:13:53.380 W/PackageManager( 1922): Cannot whitelist unknown permission: android.car.permission.CAR_EXTERIOR_LIGHTS
06-22 12:13:53.380 W/PackageManager( 1922): Cannot whitelist unknown permission: android.car.permission.CAR_INFO
06-22 12:13:53.380 W/PackageManager( 1922): Cannot whitelist unknown permission: android.car.permission.CAR_MILEAGE
06-22 12:13:53.380 W/PackageManager( 1922): Cannot whitelist unknown permission: android.car.permission.CAR_TIRES
06-22 12:13:53.380 W/PackageManager( 1922): Cannot whitelist unknown permission: android.car.permission.CONTROL_CAR_CLIMATE
06-22 12:13:53.380 W/PackageManager( 1922): Cannot whitelist unknown permission: android.car.permission.CONTROL_CAR_DOORS
06-22 12:13:53.380 W/PackageManager( 1922): Cannot whitelist unknown permission: android.car.permission.CONTROL_CAR_EXTERIOR_LIGHTS
06-22 12:13:53.380 W/PackageManager( 1922): Cannot whitelist unknown permission: android.car.permission.CONTROL_CAR_MIRRORS
06-22 12:13:53.380 W/PackageManager( 1922): Cannot whitelist unknown permission: android.car.permission.CONTROL_CAR_SEATS
06-22 12:13:53.380 W/PackageManager( 1922): Cannot whitelist unknown permission: android.car.permission.CONTROL_CAR_WINDOWS
06-22 12:13:53.380 W/PackageManager( 1922): Cannot whitelist unknown permission: android.car.permission.READ_CAR_DISPLAY_UNITS
06-22 12:13:53.380 W/PackageManager( 1922): Cannot whitelist unknown permission: com.google.android.finsky.permission.GEARHEAD_SERVICE
06-22 12:13:53.380 W/PackageManager( 1922): Cannot whitelist unknown permission: com.google.android.permission.ACCESSIBILITY_SCAN_SERVICE
06-22 12:13:53.380 W/PackageManager( 1922): Cannot whitelist unknown permission: com.google.android.finsky.permission.ACCESS_INSTANT_APP_NOTIFICATION_ENFORCEMENT
06-22 12:13:53.380 W/PackageManager( 1922): Cannot whitelist unknown permission: com.google.android.clockwork.settings.SHOW_FACTORY_RESET_CONFIRMATION
06-22 12:13:53.380 W/PackageManager( 1922): Cannot whitelist unknown permission: com.google.android.wearable.READ_SETTINGS
06-22 12:13:53.380 W/PackageManager( 1922): Cannot whitelist unknown permission: android.permission.READ_MEDIA_AUDIO
06-22 12:13:53.380 W/PackageManager( 1922): Cannot whitelist unknown permission: android.permission.READ_MEDIA_IMAGES
06-22 12:13:53.380 W/PackageManager( 1922): Cannot whitelist unknown permission: android.permission.READ_MEDIA_VIDEO
06-22 12:13:53.380 W/PackageManager( 1922): Cannot whitelist unknown permission: com.android.vending.setup.PLAY_SETUP_SERVICE
06-22 12:13:53.380 W/PackageManager( 1922): Cannot whitelist unknown permission: com.google.android.gms.game.notifications.permission.WRITE
06-22 12:13:53.380 W/PackageManager( 1922): Cannot whitelist unknown permission: com.google.android.vending.verifier.ACCESS_VERIFIER
06-22 12:13:53.380 I/PackageManager( 1922): Un-granting permission android.permission.CAPTURE_VIDEO_OUTPUT from package com.google.android.gms (protectionLevel=2 flags=0xb0cabe45)
06-22 12:13:53.380 I/ModuleSetMgr( 2065): Pending container module APKs: []
06-22 12:13:53.380 I/ModuleSetMgr( 2065): Pending non-container module APKs: []
06-22 12:13:53.380 I/PackageManager( 1922): Un-granting permission android.permission.MANAGE_DEVICE_ADMINS from package com.google.android.gms (protectionLevel=2 flags=0xb0cabe45)
06-22 12:13:53.380 I/PackageManager( 1922): Un-granting permission android.permission.MANAGE_ACTIVITY_STACKS from package com.google.android.gms (protectionLevel=2 flags=0xb0cabe45)
06-22 12:13:53.380 I/PackageManager( 1922): Un-granting permission android.permission.CAPTURE_SECURE_VIDEO_OUTPUT from package com.google.android.gms (protectionLevel=2 flags=0xb0cabe45)
06-22 12:13:53.381 I/PackageManager( 1922): Un-granting permission android.permission.MANAGE_ROLLBACKS from package com.google.android.gms (protectionLevel=514 flags=0xb0cabe45)
06-22 12:13:53.382 E/ActivityThread( 2065): Failed to find provider info for com.google.android.gsf.gservices
06-22 12:13:53.385 W/PackageManager( 1922): Cannot whitelist unknown permission: android.permission.QUERY_ALL_PACKAGES
06-22 12:13:53.385 W/PackageManager( 1922): Cannot whitelist unknown permission: android.permission.PRE_FACTORY_RESET
06-22 12:13:53.385 W/PackageManager( 1922): Cannot whitelist unknown permission: android.permission.MANAGE_FACTORY_RESET_PROTECTION
06-22 12:13:53.385 W/PackageManager( 1922): Cannot whitelist unknown permission: android.car.permission.CAR_POWER
06-22 12:13:53.385 W/PackageManager( 1922): Cannot whitelist unknown permission: com.google.android.wearable.WRITE_SETTINGS
06-22 12:13:53.385 W/PackageManager( 1922): Cannot whitelist unknown permission: com.felicanetworks.mfc.permission.MFC_ACCESS
06-22 12:13:53.385 W/PackageManager( 1922): Cannot whitelist unknown permission: com.felicanetworks.mfc.mfi.permission.MFI_ACCESS
06-22 12:13:53.385 W/PackageManager( 1922): Cannot whitelist unknown permission: com.google.android.finsky.permission.INSTANT_APP_STATE
06-22 12:13:53.385 W/PackageManager( 1922): Cannot whitelist unknown permission: android.permission.UWB
06-22 12:13:53.385 W/PackageManager( 1922): Cannot whitelist unknown permission: com.google.android.finsky.permission.BIND_GET_INSTALL_REFERRER_SERVICE
06-22 12:13:53.385 W/PackageManager( 1922): Cannot whitelist unknown permission: com.google.android.hangouts.START_HANGOUT
06-22 12:13:53.385 W/PackageManager( 1922): Cannot whitelist unknown permission: android.car.permission.CAR_POWERTRAIN
06-22 12:13:53.386 W/PackageManager( 1922): Cannot whitelist unknown permission: android.car.permission.CAR_ENERGY
06-22 12:13:53.386 W/PackageManager( 1922): Cannot whitelist unknown permission: android.car.permission.CAR_ENERGY_PORTS
06-22 12:13:53.386 W/PackageManager( 1922): Cannot whitelist unknown permission: android.car.permission.CAR_EXTERIOR_LIGHTS
06-22 12:13:53.386 W/PackageManager( 1922): Cannot whitelist unknown permission: android.car.permission.CAR_INFO
06-22 12:13:53.386 W/PackageManager( 1922): Cannot whitelist unknown permission: android.car.permission.CAR_MILEAGE
06-22 12:13:53.386 W/PackageManager( 1922): Cannot whitelist unknown permission: android.car.permission.CAR_TIRES
06-22 12:13:53.386 W/PackageManager( 1922): Cannot whitelist unknown permission: android.car.permission.CONTROL_CAR_CLIMATE
06-22 12:13:53.386 W/PackageManager( 1922): Cannot whitelist unknown permission: android.car.permission.CONTROL_CAR_DOORS
06-22 12:13:53.386 W/PackageManager( 1922): Cannot whitelist unknown permission: android.car.permission.CONTROL_CAR_EXTERIOR_LIGHTS
06-22 12:13:53.386 W/PackageManager( 1922): Cannot whitelist unknown permission: android.car.permission.CONTROL_CAR_MIRRORS
06-22 12:13:53.386 W/PackageManager( 1922): Cannot whitelist unknown permission: android.car.permission.CONTROL_CAR_SEATS
06-22 12:13:53.386 W/PackageManager( 1922): Cannot whitelist unknown permission: android.car.permission.CONTROL_CAR_WINDOWS
06-22 12:13:53.386 W/PackageManager( 1922): Cannot whitelist unknown permission: android.car.permission.READ_CAR_DISPLAY_UNITS
06-22 12:13:53.386 W/PackageManager( 1922): Cannot whitelist unknown permission: com.google.android.finsky.permission.GEARHEAD_SERVICE
06-22 12:13:53.386 W/PackageManager( 1922): Cannot whitelist unknown permission: com.google.android.permission.ACCESSIBILITY_SCAN_SERVICE
06-22 12:13:53.386 W/PackageManager( 1922): Cannot whitelist unknown permission: com.google.android.finsky.permission.ACCESS_INSTANT_APP_NOTIFICATION_ENFORCEMENT
06-22 12:13:53.386 W/PackageManager( 1922): Cannot whitelist unknown permission: com.google.android.clockwork.settings.SHOW_FACTORY_RESET_CONFIRMATION
06-22 12:13:53.386 W/PackageManager( 1922): Cannot whitelist unknown permission: com.google.android.wearable.READ_SETTINGS
06-22 12:13:53.386 W/PackageManager( 1922): Cannot whitelist unknown permission: android.permission.READ_MEDIA_AUDIO
06-22 12:13:53.386 W/PackageManager( 1922): Cannot whitelist unknown permission: android.permission.READ_MEDIA_IMAGES
06-22 12:13:53.386 W/PackageManager( 1922): Cannot whitelist unknown permission: android.permission.READ_MEDIA_VIDEO
06-22 12:13:53.386 W/PackageManager( 1922): Cannot whitelist unknown permission: com.android.vending.setup.PLAY_SETUP_SERVICE
06-22 12:13:53.386 W/PackageManager( 1922): Cannot whitelist unknown permission: com.google.android.gms.game.notifications.permission.WRITE
06-22 12:13:53.386 W/PackageManager( 1922): Cannot whitelist unknown permission: com.google.android.vending.verifier.ACCESS_VERIFIER
06-22 12:13:53.386 I/PackageManager( 1922): Un-granting permission android.permission.CAPTURE_VIDEO_OUTPUT from package com.google.android.gms (protectionLevel=2 flags=0xb0cabe45)
06-22 12:13:53.386 I/PackageManager( 1922): Un-granting permission android.permission.MANAGE_DEVICE_ADMINS from package com.google.android.gms (protectionLevel=2 flags=0xb0cabe45)
06-22 12:13:53.386 I/PackageManager( 1922): Un-granting permission android.permission.MANAGE_ACTIVITY_STACKS from package com.google.android.gms (protectionLevel=2 flags=0xb0cabe45)
06-22 12:13:53.386 I/PackageManager( 1922): Un-granting permission android.permission.CAPTURE_SECURE_VIDEO_OUTPUT from package com.google.android.gms (protectionLevel=2 flags=0xb0cabe45)
06-22 12:13:53.386 I/PackageManager( 1922): Un-granting permission android.permission.MANAGE_ROLLBACKS from package com.google.android.gms (protectionLevel=514 flags=0xb0cabe45)
06-22 12:13:53.390 W/PackageManager( 1922): Cannot whitelist unknown permission: android.permission.QUERY_ALL_PACKAGES
06-22 12:13:53.390 W/PackageManager( 1922): Cannot whitelist unknown permission: android.permission.PRE_FACTORY_RESET
06-22 12:13:53.390 W/PackageManager( 1922): Cannot whitelist unknown permission: android.permission.MANAGE_FACTORY_RESET_PROTECTION
06-22 12:13:53.390 W/PackageManager( 1922): Cannot whitelist unknown permission: android.car.permission.CAR_POWER
06-22 12:13:53.391 W/PackageManager( 1922): Cannot whitelist unknown permission: com.google.android.wearable.WRITE_SETTINGS
06-22 12:13:53.391 W/PackageManager( 1922): Cannot whitelist unknown permission: com.felicanetworks.mfc.permission.MFC_ACCESS
06-22 12:13:53.391 W/PackageManager( 1922): Cannot whitelist unknown permission: com.felicanetworks.mfc.mfi.permission.MFI_ACCESS
06-22 12:13:53.391 W/PackageManager( 1922): Cannot whitelist unknown permission: com.google.android.finsky.permission.INSTANT_APP_STATE
06-22 12:13:53.391 W/PackageManager( 1922): Cannot whitelist unknown permission: android.permission.UWB
06-22 12:13:53.391 I/hostapd ( 1839): wlan1: interface state COUNTRY_UPDATE->HT_SCAN
06-22 12:13:53.392 W/PackageManager( 1922): Cannot whitelist unknown permission: com.google.android.finsky.permission.BIND_GET_INSTALL_REFERRER_SERVICE
06-22 12:13:53.392 W/PackageManager( 1922): Cannot whitelist unknown permission: com.google.android.hangouts.START_HANGOUT
06-22 12:13:53.392 W/PackageManager( 1922): Cannot whitelist unknown permission: android.car.permission.CAR_POWERTRAIN
06-22 12:13:53.392 W/PackageManager( 1922): Cannot whitelist unknown permission: android.car.permission.CAR_ENERGY
06-22 12:13:53.392 W/PackageManager( 1922): Cannot whitelist unknown permission: android.car.permission.CAR_ENERGY_PORTS
06-22 12:13:53.392 W/PackageManager( 1922): Cannot whitelist unknown permission: android.car.permission.CAR_EXTERIOR_LIGHTS
06-22 12:13:53.392 W/PackageManager( 1922): Cannot whitelist unknown permission: android.car.permission.CAR_INFO
06-22 12:13:53.392 W/PackageManager( 1922): Cannot whitelist unknown permission: android.car.permission.CAR_MILEAGE
06-22 12:13:53.392 W/PackageManager( 1922): Cannot whitelist unknown permission: android.car.permission.CAR_TIRES
06-22 12:13:53.392 W/PackageManager( 1922): Cannot whitelist unknown permission: android.car.permission.CONTROL_CAR_CLIMATE
06-22 12:13:53.392 W/PackageManager( 1922): Cannot whitelist unknown permission: android.car.permission.CONTROL_CAR_DOORS
06-22 12:13:53.392 W/PackageManager( 1922): Cannot whitelist unknown permission: android.car.permission.CONTROL_CAR_EXTERIOR_LIGHTS
06-22 12:13:53.392 W/PackageManager( 1922): Cannot whitelist unknown permission: android.car.permission.CONTROL_CAR_MIRRORS
06-22 12:13:53.392 W/PackageManager( 1922): Cannot whitelist unknown permission: android.car.permission.CONTROL_CAR_SEATS
06-22 12:13:53.392 W/PackageManager( 1922): Cannot whitelist unknown permission: android.car.permission.CONTROL_CAR_WINDOWS
06-22 12:13:53.392 W/PackageManager( 1922): Cannot whitelist unknown permission: android.car.permission.READ_CAR_DISPLAY_UNITS
06-22 12:13:53.392 W/PackageManager( 1922): Cannot whitelist unknown permission: com.google.android.finsky.permission.GEARHEAD_SERVICE
06-22 12:13:53.392 W/PackageManager( 1922): Cannot whitelist unknown permission: com.google.android.permission.ACCESSIBILITY_SCAN_SERVICE
06-22 12:13:53.392 W/PackageManager( 1922): Cannot whitelist unknown permission: com.google.android.finsky.permission.ACCESS_INSTANT_APP_NOTIFICATION_ENFORCEMENT
06-22 12:13:53.392 W/PackageManager( 1922): Cannot whitelist unknown permission: com.google.android.clockwork.settings.SHOW_FACTORY_RESET_CONFIRMATION
06-22 12:13:53.392 W/PackageManager( 1922): Cannot whitelist unknown permission: com.google.android.wearable.READ_SETTINGS
06-22 12:13:53.392 W/PackageManager( 1922): Cannot whitelist unknown permission: android.permission.READ_MEDIA_AUDIO
06-22 12:13:53.392 W/PackageManager( 1922): Cannot whitelist unknown permission: android.permission.READ_MEDIA_IMAGES
06-22 12:13:53.392 W/PackageManager( 1922): Cannot whitelist unknown permission: android.permission.READ_MEDIA_VIDEO
06-22 12:13:53.392 W/PackageManager( 1922): Cannot whitelist unknown permission: com.android.vending.setup.PLAY_SETUP_SERVICE
06-22 12:13:53.392 W/PackageManager( 1922): Cannot whitelist unknown permission: com.google.android.gms.game.notifications.permission.WRITE
06-22 12:13:53.392 W/PackageManager( 1922): Cannot whitelist unknown permission: com.google.android.vending.verifier.ACCESS_VERIFIER
06-22 12:13:53.392 I/PackageManager( 1922): Un-granting permission android.permission.CAPTURE_VIDEO_OUTPUT from package com.google.android.gms (protectionLevel=2 flags=0xb0cabe45)
06-22 12:13:53.393 I/PackageManager( 1922): Un-granting permission android.permission.MANAGE_DEVICE_ADMINS from package com.google.android.gms (protectionLevel=2 flags=0xb0cabe45)
06-22 12:13:53.393 I/PackageManager( 1922): Un-granting permission android.permission.MANAGE_ACTIVITY_STACKS from package com.google.android.gms (protectionLevel=2 flags=0xb0cabe45)
06-22 12:13:53.393 I/PackageManager( 1922): Un-granting permission android.permission.CAPTURE_SECURE_VIDEO_OUTPUT from package com.google.android.gms (protectionLevel=2 flags=0xb0cabe45)
06-22 12:13:53.393 I/PackageManager( 1922): Un-granting permission android.permission.MANAGE_ROLLBACKS from package com.google.android.gms (protectionLevel=514 flags=0xb0cabe45)
06-22 12:13:53.394 E/ActivityThread( 2065): Failed to find provider info for com.google.android.gsf.gservices
06-22 12:13:53.395 W/PackageManager( 1922): Cannot whitelist unknown permission: android.permission.QUERY_ALL_PACKAGES
06-22 12:13:53.395 E/ActivityThread( 2065): Failed to find provider info for com.google.android.gsf.gservices
06-22 12:13:53.395 W/PackageManager( 1922): Cannot whitelist unknown permission: android.permission.PRE_FACTORY_RESET
06-22 12:13:53.395 W/PackageManager( 1922): Cannot whitelist unknown permission: android.permission.MANAGE_FACTORY_RESET_PROTECTION
06-22 12:13:53.395 W/PackageManager( 1922): Cannot whitelist unknown permission: android.car.permission.CAR_POWER
06-22 12:13:53.395 W/PackageManager( 1922): Cannot whitelist unknown permission: com.google.android.wearable.WRITE_SETTINGS
06-22 12:13:53.395 E/ActivityThread( 2065): Failed to find provider info for com.google.android.gsf.gservices
06-22 12:13:53.395 W/PackageManager( 1922): Cannot whitelist unknown permission: com.felicanetworks.mfc.permission.MFC_ACCESS
06-22 12:13:53.395 W/PackageManager( 1922): Cannot whitelist unknown permission: com.felicanetworks.mfc.mfi.permission.MFI_ACCESS
06-22 12:13:53.395 W/PackageManager( 1922): Cannot whitelist unknown permission: com.google.android.finsky.permission.INSTANT_APP_STATE
06-22 12:13:53.395 W/PackageManager( 1922): Cannot whitelist unknown permission: android.permission.UWB
06-22 12:13:53.395 W/PackageManager( 1922): Cannot whitelist unknown permission: com.google.android.finsky.permission.BIND_GET_INSTALL_REFERRER_SERVICE
06-22 12:13:53.395 W/PackageManager( 1922): Cannot whitelist unknown permission: com.google.android.hangouts.START_HANGOUT
06-22 12:13:53.396 W/PackageManager( 1922): Cannot whitelist unknown permission: android.car.permission.CAR_POWERTRAIN
06-22 12:13:53.396 W/PackageManager( 1922): Cannot whitelist unknown permission: android.car.permission.CAR_ENERGY
06-22 12:13:53.396 W/PackageManager( 1922): Cannot whitelist unknown permission: android.car.permission.CAR_ENERGY_PORTS
06-22 12:13:53.396 W/PackageManager( 1922): Cannot whitelist unknown permission: android.car.permission.CAR_EXTERIOR_LIGHTS
06-22 12:13:53.396 W/PackageManager( 1922): Cannot whitelist unknown permission: android.car.permission.CAR_INFO
06-22 12:13:53.396 W/PackageManager( 1922): Cannot whitelist unknown permission: android.car.permission.CAR_MILEAGE
06-22 12:13:53.396 W/PackageManager( 1922): Cannot whitelist unknown permission: android.car.permission.CAR_TIRES
06-22 12:13:53.396 W/PackageManager( 1922): Cannot whitelist unknown permission: android.car.permission.CONTROL_CAR_CLIMATE
06-22 12:13:53.396 W/PackageManager( 1922): Cannot whitelist unknown permission: android.car.permission.CONTROL_CAR_DOORS
06-22 12:13:53.396 W/PackageManager( 1922): Cannot whitelist unknown permission: android.car.permission.CONTROL_CAR_EXTERIOR_LIGHTS
06-22 12:13:53.396 W/PackageManager( 1922): Cannot whitelist unknown permission: android.car.permission.CONTROL_CAR_MIRRORS
06-22 12:13:53.396 W/PackageManager( 1922): Cannot whitelist unknown permission: android.car.permission.CONTROL_CAR_SEATS
06-22 12:13:53.396 W/PackageManager( 1922): Cannot whitelist unknown permission: android.car.permission.CONTROL_CAR_WINDOWS
06-22 12:13:53.396 W/PackageManager( 1922): Cannot whitelist unknown permission: android.car.permission.READ_CAR_DISPLAY_UNITS
06-22 12:13:53.396 W/PackageManager( 1922): Cannot whitelist unknown permission: com.google.android.finsky.permission.GEARHEAD_SERVICE
06-22 12:13:53.396 W/PackageManager( 1922): Cannot whitelist unknown permission: com.google.android.permission.ACCESSIBILITY_SCAN_SERVICE
06-22 12:13:53.396 W/PackageManager( 1922): Cannot whitelist unknown permission: com.google.android.finsky.permission.ACCESS_INSTANT_APP_NOTIFICATION_ENFORCEMENT
06-22 12:13:53.396 W/PackageManager( 1922): Cannot whitelist unknown permission: com.google.android.clockwork.settings.SHOW_FACTORY_RESET_CONFIRMATION
06-22 12:13:53.396 W/PackageManager( 1922): Cannot whitelist unknown permission: com.google.android.wearable.READ_SETTINGS
06-22 12:13:53.396 W/PackageManager( 1922): Cannot whitelist unknown permission: android.permission.READ_MEDIA_AUDIO
06-22 12:13:53.396 W/PackageManager( 1922): Cannot whitelist unknown permission: android.permission.READ_MEDIA_IMAGES
06-22 12:13:53.396 W/PackageManager( 1922): Cannot whitelist unknown permission: android.permission.READ_MEDIA_VIDEO
06-22 12:13:53.396 W/PackageManager( 1922): Cannot whitelist unknown permission: com.android.vending.setup.PLAY_SETUP_SERVICE
06-22 12:13:53.396 W/PackageManager( 1922): Cannot whitelist unknown permission: com.google.android.gms.game.notifications.permission.WRITE
06-22 12:13:53.396 W/PackageManager( 1922): Cannot whitelist unknown permission: com.google.android.vending.verifier.ACCESS_VERIFIER
06-22 12:13:53.396 I/PackageManager( 1922): Un-granting permission android.permission.CAPTURE_VIDEO_OUTPUT from package com.google.android.gms (protectionLevel=2 flags=0xb0cabe45)
06-22 12:13:53.396 I/PackageManager( 1922): Un-granting permission android.permission.MANAGE_DEVICE_ADMINS from package com.google.android.gms (protectionLevel=2 flags=0xb0cabe45)
06-22 12:13:53.396 I/PackageManager( 1922): Un-granting permission android.permission.MANAGE_ACTIVITY_STACKS from package com.google.android.gms (protectionLevel=2 flags=0xb0cabe45)
06-22 12:13:53.396 I/PackageManager( 1922): Un-granting permission android.permission.CAPTURE_SECURE_VIDEO_OUTPUT from package com.google.android.gms (protectionLevel=2 flags=0xb0cabe45)
06-22 12:13:53.396 E/ChimeraCfgMgr( 2065): Failed to read module config: java.io.FileNotFoundException: /data/user_de/0/com.google.android.gms/app_chimera/current_config.fb: open failed: ENOENT (No such file or directory)
06-22 12:13:53.396 I/PackageManager( 1922): Un-granting permission android.permission.MANAGE_ROLLBACKS from package com.google.android.gms (protectionLevel=514 flags=0xb0cabe45)
06-22 12:13:53.396 W/IntentOperation( 2065): Failed to get Chimera config:com.google.android.chimera.config.InvalidConfigException: java.io.FileNotFoundException: /data/user_de/0/com.google.android.gms/app_chimera/current_config.fb: open failed: ENOENT (No such file or directory)
06-22 12:13:53.397 W/PackageManager( 1922): Cannot whitelist unknown permission: android.permission.QUERY_ALL_PACKAGES
06-22 12:13:53.397 W/PackageManager( 1922): Cannot whitelist unknown permission: android.permission.PRE_FACTORY_RESET
06-22 12:13:53.397 W/PackageManager( 1922): Cannot whitelist unknown permission: android.permission.MANAGE_FACTORY_RESET_PROTECTION
06-22 12:13:53.397 W/PackageManager( 1922): Cannot whitelist unknown permission: android.car.permission.CAR_POWER
06-22 12:13:53.397 W/PackageManager( 1922): Cannot whitelist unknown permission: com.google.android.wearable.WRITE_SETTINGS
06-22 12:13:53.397 W/PackageManager( 1922): Cannot whitelist unknown permission: com.felicanetworks.mfc.permission.MFC_ACCESS
06-22 12:13:53.397 W/PackageManager( 1922): Cannot whitelist unknown permission: com.felicanetworks.mfc.mfi.permission.MFI_ACCESS
06-22 12:13:53.397 W/PackageManager( 1922): Cannot whitelist unknown permission: com.google.android.finsky.permission.INSTANT_APP_STATE
06-22 12:13:53.397 W/PackageManager( 1922): Cannot whitelist unknown permission: android.permission.UWB
06-22 12:13:53.397 W/PackageManager( 1922): Cannot whitelist unknown permission: com.google.android.finsky.permission.BIND_GET_INSTALL_REFERRER_SERVICE
06-22 12:13:53.397 W/PackageManager( 1922): Cannot whitelist unknown permission: com.google.android.hangouts.START_HANGOUT
06-22 12:13:53.397 W/PackageManager( 1922): Cannot whitelist unknown permission: android.car.permission.CAR_POWERTRAIN
06-22 12:13:53.397 W/PackageManager( 1922): Cannot whitelist unknown permission: android.car.permission.CAR_ENERGY
06-22 12:13:53.397 W/PackageManager( 1922): Cannot whitelist unknown permission: android.car.permission.CAR_ENERGY_PORTS
06-22 12:13:53.397 W/PackageManager( 1922): Cannot whitelist unknown permission: android.car.permission.CAR_EXTERIOR_LIGHTS
06-22 12:13:53.397 W/PackageManager( 1922): Cannot whitelist unknown permission: android.car.permission.CAR_INFO
06-22 12:13:53.397 W/PackageManager( 1922): Cannot whitelist unknown permission: android.car.permission.CAR_MILEAGE
06-22 12:13:53.397 W/PackageManager( 1922): Cannot whitelist unknown permission: android.car.permission.CAR_TIRES
06-22 12:13:53.397 W/PackageManager( 1922): Cannot whitelist unknown permission: android.car.permission.CONTROL_CAR_CLIMATE
06-22 12:13:53.397 W/PackageManager( 1922): Cannot whitelist unknown permission: android.car.permission.CONTROL_CAR_DOORS
06-22 12:13:53.397 W/PackageManager( 1922): Cannot whitelist unknown permission: android.car.permission.CONTROL_CAR_EXTERIOR_LIGHTS
06-22 12:13:53.397 W/PackageManager( 1922): Cannot whitelist unknown permission: android.car.permission.CONTROL_CAR_MIRRORS
06-22 12:13:53.397 W/PackageManager( 1922): Cannot whitelist unknown permission: android.car.permission.CONTROL_CAR_SEATS
06-22 12:13:53.397 W/PackageManager( 1922): Cannot whitelist unknown permission: android.car.permission.CONTROL_CAR_WINDOWS
06-22 12:13:53.397 W/PackageManager( 1922): Cannot whitelist unknown permission: android.car.permission.READ_CAR_DISPLAY_UNITS
06-22 12:13:53.397 W/PackageManager( 1922): Cannot whitelist unknown permission: com.google.android.finsky.permission.GEARHEAD_SERVICE
06-22 12:13:53.398 W/PackageManager( 1922): Cannot whitelist unknown permission: com.google.android.permission.ACCESSIBILITY_SCAN_SERVICE
06-22 12:13:53.398 W/PackageManager( 1922): Cannot whitelist unknown permission: com.google.android.finsky.permission.ACCESS_INSTANT_APP_NOTIFICATION_ENFORCEMENT
06-22 12:13:53.398 W/PackageManager( 1922): Cannot whitelist unknown permission: com.google.android.clockwork.settings.SHOW_FACTORY_RESET_CONFIRMATION
06-22 12:13:53.398 W/PackageManager( 1922): Cannot whitelist unknown permission: com.google.android.wearable.READ_SETTINGS
06-22 12:13:53.398 W/PackageManager( 1922): Cannot whitelist unknown permission: android.permission.READ_MEDIA_AUDIO
06-22 12:13:53.398 W/PackageManager( 1922): Cannot whitelist unknown permission: android.permission.READ_MEDIA_IMAGES
06-22 12:13:53.398 W/PackageManager( 1922): Cannot whitelist unknown permission: android.permission.READ_MEDIA_VIDEO
06-22 12:13:53.398 W/PackageManager( 1922): Cannot whitelist unknown permission: com.android.vending.setup.PLAY_SETUP_SERVICE
06-22 12:13:53.398 W/PackageManager( 1922): Cannot whitelist unknown permission: com.google.android.gms.game.notifications.permission.WRITE
06-22 12:13:53.398 W/PackageManager( 1922): Cannot whitelist unknown permission: com.google.android.vending.verifier.ACCESS_VERIFIER
06-22 12:13:53.398 I/PackageManager( 1922): Un-granting permission android.permission.CAPTURE_VIDEO_OUTPUT from package com.google.android.gms (protectionLevel=2 flags=0xb0cabe45)
06-22 12:13:53.398 I/PackageManager( 1922): Un-granting permission android.permission.MANAGE_DEVICE_ADMINS from package com.google.android.gms (protectionLevel=2 flags=0xb0cabe45)
06-22 12:13:53.398 I/PackageManager( 1922): Un-granting permission android.permission.MANAGE_ACTIVITY_STACKS from package com.google.android.gms (protectionLevel=2 flags=0xb0cabe45)
06-22 12:13:53.398 I/PackageManager( 1922): Un-granting permission android.permission.CAPTURE_SECURE_VIDEO_OUTPUT from package com.google.android.gms (protectionLevel=2 flags=0xb0cabe45)
06-22 12:13:53.398 I/PackageManager( 1922): Un-granting permission android.permission.MANAGE_ROLLBACKS from package com.google.android.gms (protectionLevel=514 flags=0xb0cabe45)
06-22 12:13:53.399 W/PackageManager( 1922): Cannot whitelist unknown permission: android.permission.QUERY_ALL_PACKAGES
06-22 12:13:53.399 W/PackageManager( 1922): Cannot whitelist unknown permission: android.permission.PRE_FACTORY_RESET
06-22 12:13:53.399 W/PackageManager( 1922): Cannot whitelist unknown permission: android.permission.MANAGE_FACTORY_RESET_PROTECTION
06-22 12:13:53.399 W/PackageManager( 1922): Cannot whitelist unknown permission: android.car.permission.CAR_POWER
06-22 12:13:53.399 W/PackageManager( 1922): Cannot whitelist unknown permission: com.google.android.wearable.WRITE_SETTINGS
06-22 12:13:53.399 W/PackageManager( 1922): Cannot whitelist unknown permission: com.felicanetworks.mfc.permission.MFC_ACCESS
06-22 12:13:53.399 W/PackageManager( 1922): Cannot whitelist unknown permission: com.felicanetworks.mfc.mfi.permission.MFI_ACCESS
06-22 12:13:53.399 W/PackageManager( 1922): Cannot whitelist unknown permission: com.google.android.finsky.permission.INSTANT_APP_STATE
06-22 12:13:53.399 W/PackageManager( 1922): Cannot whitelist unknown permission: android.permission.UWB
06-22 12:13:53.399 W/PackageManager( 1922): Cannot whitelist unknown permission: com.google.android.finsky.permission.BIND_GET_INSTALL_REFERRER_SERVICE
06-22 12:13:53.399 W/PackageManager( 1922): Cannot whitelist unknown permission: com.google.android.hangouts.START_HANGOUT
06-22 12:13:53.399 W/PackageManager( 1922): Cannot whitelist unknown permission: android.car.permission.CAR_POWERTRAIN
06-22 12:13:53.399 W/PackageManager( 1922): Cannot whitelist unknown permission: android.car.permission.CAR_ENERGY
06-22 12:13:53.399 W/PackageManager( 1922): Cannot whitelist unknown permission: android.car.permission.CAR_ENERGY_PORTS
06-22 12:13:53.399 W/PackageManager( 1922): Cannot whitelist unknown permission: android.car.permission.CAR_EXTERIOR_LIGHTS
06-22 12:13:53.399 W/PackageManager( 1922): Cannot whitelist unknown permission: android.car.permission.CAR_INFO
06-22 12:13:53.399 W/PackageManager( 1922): Cannot whitelist unknown permission: android.car.permission.CAR_MILEAGE
06-22 12:13:53.399 W/PackageManager( 1922): Cannot whitelist unknown permission: android.car.permission.CAR_TIRES
06-22 12:13:53.399 W/PackageManager( 1922): Cannot whitelist unknown permission: android.car.permission.CONTROL_CAR_CLIMATE
06-22 12:13:53.399 W/PackageManager( 1922): Cannot whitelist unknown permission: android.car.permission.CONTROL_CAR_DOORS
06-22 12:13:53.399 W/PackageManager( 1922): Cannot whitelist unknown permission: android.car.permission.CONTROL_CAR_EXTERIOR_LIGHTS
06-22 12:13:53.399 W/PackageManager( 1922): Cannot whitelist unknown permission: android.car.permission.CONTROL_CAR_MIRRORS
06-22 12:13:53.399 W/PackageManager( 1922): Cannot whitelist unknown permission: android.car.permission.CONTROL_CAR_SEATS
06-22 12:13:53.399 W/PackageManager( 1922): Cannot whitelist unknown permission: android.car.permission.CONTROL_CAR_WINDOWS
06-22 12:13:53.399 W/PackageManager( 1922): Cannot whitelist unknown permission: android.car.permission.READ_CAR_DISPLAY_UNITS
06-22 12:13:53.399 W/PackageManager( 1922): Cannot whitelist unknown permission: com.google.android.finsky.permission.GEARHEAD_SERVICE
06-22 12:13:53.399 W/PackageManager( 1922): Cannot whitelist unknown permission: com.google.android.permission.ACCESSIBILITY_SCAN_SERVICE
06-22 12:13:53.399 W/PackageManager( 1922): Cannot whitelist unknown permission: com.google.android.finsky.permission.ACCESS_INSTANT_APP_NOTIFICATION_ENFORCEMENT
06-22 12:13:53.399 W/PackageManager( 1922): Cannot whitelist unknown permission: com.google.android.clockwork.settings.SHOW_FACTORY_RESET_CONFIRMATION
06-22 12:13:53.399 W/PackageManager( 1922): Cannot whitelist unknown permission: com.google.android.wearable.READ_SETTINGS
06-22 12:13:53.399 W/PackageManager( 1922): Cannot whitelist unknown permission: android.permission.READ_MEDIA_AUDIO
06-22 12:13:53.399 W/PackageManager( 1922): Cannot whitelist unknown permission: android.permission.READ_MEDIA_IMAGES
06-22 12:13:53.399 W/PackageManager( 1922): Cannot whitelist unknown permission: android.permission.READ_MEDIA_VIDEO
06-22 12:13:53.399 W/PackageManager( 1922): Cannot whitelist unknown permission: com.android.vending.setup.PLAY_SETUP_SERVICE
06-22 12:13:53.399 W/PackageManager( 1922): Cannot whitelist unknown permission: com.google.android.gms.game.notifications.permission.WRITE
06-22 12:13:53.399 W/PackageManager( 1922): Cannot whitelist unknown permission: com.google.android.vending.verifier.ACCESS_VERIFIER
06-22 12:13:53.399 I/PackageManager( 1922): Un-granting permission android.permission.CAPTURE_VIDEO_OUTPUT from package com.google.android.gms (protectionLevel=2 flags=0xb0cabe45)
06-22 12:13:53.399 I/PackageManager( 1922): Un-granting permission android.permission.MANAGE_DEVICE_ADMINS from package com.google.android.gms (protectionLevel=2 flags=0xb0cabe45)
06-22 12:13:53.399 I/PackageManager( 1922): Un-granting permission android.permission.MANAGE_ACTIVITY_STACKS from package com.google.android.gms (protectionLevel=2 flags=0xb0cabe45)
06-22 12:13:53.400 I/PackageManager( 1922): Un-granting permission android.permission.CAPTURE_SECURE_VIDEO_OUTPUT from package com.google.android.gms (protectionLevel=2 flags=0xb0cabe45)
06-22 12:13:53.400 I/PackageManager( 1922): Un-granting permission android.permission.MANAGE_ROLLBACKS from package com.google.android.gms (protectionLevel=514 flags=0xb0cabe45)
06-22 12:13:53.400 W/PackageManager( 1922): Cannot whitelist unknown permission: android.permission.QUERY_ALL_PACKAGES
06-22 12:13:53.400 W/PackageManager( 1922): Cannot whitelist unknown permission: android.permission.PRE_FACTORY_RESET
06-22 12:13:53.400 W/PackageManager( 1922): Cannot whitelist unknown permission: android.permission.MANAGE_FACTORY_RESET_PROTECTION
06-22 12:13:53.400 W/PackageManager( 1922): Cannot whitelist unknown permission: android.car.permission.CAR_POWER
06-22 12:13:53.400 W/PackageManager( 1922): Cannot whitelist unknown permission: com.google.android.wearable.WRITE_SETTINGS
06-22 12:13:53.400 W/PackageManager( 1922): Cannot whitelist unknown permission: com.felicanetworks.mfc.permission.MFC_ACCESS
06-22 12:13:53.400 W/PackageManager( 1922): Cannot whitelist unknown permission: com.felicanetworks.mfc.mfi.permission.MFI_ACCESS
06-22 12:13:53.400 W/PackageManager( 1922): Cannot whitelist unknown permission: com.google.android.finsky.permission.INSTANT_APP_STATE
06-22 12:13:53.400 W/PackageManager( 1922): Cannot whitelist unknown permission: android.permission.UWB
06-22 12:13:53.400 W/PackageManager( 1922): Cannot whitelist unknown permission: com.google.android.finsky.permission.BIND_GET_INSTALL_REFERRER_SERVICE
06-22 12:13:53.400 E/ActivityThread( 2065): Failed to find provider info for com.google.android.gsf.gservices
06-22 12:13:53.400 W/PackageManager( 1922): Cannot whitelist unknown permission: com.google.android.hangouts.START_HANGOUT
06-22 12:13:53.400 W/PackageManager( 1922): Cannot whitelist unknown permission: android.car.permission.CAR_POWERTRAIN
06-22 12:13:53.400 W/PackageManager( 1922): Cannot whitelist unknown permission: android.car.permission.CAR_ENERGY
06-22 12:13:53.400 W/PackageManager( 1922): Cannot whitelist unknown permission: android.car.permission.CAR_ENERGY_PORTS
06-22 12:13:53.400 W/PackageManager( 1922): Cannot whitelist unknown permission: android.car.permission.CAR_EXTERIOR_LIGHTS
06-22 12:13:53.400 W/PackageManager( 1922): Cannot whitelist unknown permission: android.car.permission.CAR_INFO
06-22 12:13:53.400 W/PackageManager( 1922): Cannot whitelist unknown permission: android.car.permission.CAR_MILEAGE
06-22 12:13:53.400 W/PackageManager( 1922): Cannot whitelist unknown permission: android.car.permission.CAR_TIRES
06-22 12:13:53.400 W/PackageManager( 1922): Cannot whitelist unknown permission: android.car.permission.CONTROL_CAR_CLIMATE
06-22 12:13:53.400 W/PackageManager( 1922): Cannot whitelist unknown permission: android.car.permission.CONTROL_CAR_DOORS
