06-22 12:13:50.218 I/ServiceManager( 1770): Waiting for service 'package_native' on '/dev/binder'...
06-22 12:13:50.220 E/PackageManager( 1922): Adding duplicate shared id: 1000 name=com.android.dynsystem
06-22 12:13:50.220 I/PackageManager( 1922): /system/priv-app/SharedStorageBackup changed; collecting certs
06-22 12:13:50.221 I/PackageManager( 1922): /system/priv-app/NetworkPermissionConfig changed; collecting certs
06-22 12:13:50.222 E/PackageManager( 1922): Adding duplicate shared id: 1073 name=com.google.android.networkstack.permissionconfig
06-22 12:13:50.223 I/PackageManager( 1922): /system/priv-app/ONS changed; collecting certs
06-22 12:13:50.223 E/PackageManager( 1922): Adding duplicate shared id: 1001 name=com.android.ons
06-22 12:13:50.224 I/PackageManager( 1922): /system/priv-app/MtpDocumentsProvider changed; collecting certs
06-22 12:13:50.225 E/PackageManager( 1922): Adding duplicate app id: 10057 name=com.android.mtp
06-22 12:13:50.227 I/PackageManager( 1922): /system/priv-app/SettingsProvider changed; collecting certs
06-22 12:13:50.228 E/PackageManager( 1922): Adding duplicate shared id: 1000 name=com.android.providers.settings
06-22 12:13:50.228 I/PackageManager( 1922): /system/priv-app/TelephonyProvider changed; collecting certs
06-22 12:13:50.229 E/PackageManager( 1922): Adding duplicate shared id: 1001 name=com.android.providers.telephony
06-22 12:13:50.230 I/PackageManager( 1922): /system/priv-app/MusicFX changed; collecting certs
06-22 12:13:50.230 I/PackageManager( 1922): /system/priv-app/BlockedNumberProvider changed; collecting certs
06-22 12:13:50.232 E/PackageManager( 1922): Adding duplicate app id: 10054 name=com.android.providers.blockednumber
06-22 12:13:50.233 I/PackageManager( 1922): /system/priv-app/GoogleExtServices changed; collecting certs
06-22 12:13:50.236 I/PackageManager( 1922): /system/priv-app/ContactsProvider changed; collecting certs
06-22 12:13:50.239 E/PackageManager( 1922): Adding duplicate app id: 10054 name=com.android.providers.contacts
06-22 12:13:50.239 I/PackageManager( 1922): /system/priv-app/ExternalStorageProvider changed; collecting certs
06-22 12:13:50.240 I/PackageManager( 1922): /system/priv-app/FusedLocation changed; collecting certs
06-22 12:13:50.241 E/PackageManager( 1922): Adding duplicate shared id: 1000 name=com.android.location.fused
06-22 12:13:50.242 I/PackageManager( 1922): /system/priv-app/MediaProvider changed; collecting certs
06-22 12:13:50.244 E/PackageManager( 1922): Adding duplicate app id: 10057 name=com.android.providers.media
06-22 12:13:50.244 I/PackageManager( 1922): /system/priv-app/CallLogBackup changed; collecting certs
06-22 12:13:50.245 E/PackageManager( 1922): Adding duplicate app id: 10054 name=com.android.calllogbackup
06-22 12:13:50.252 I/PackageManager( 1922): /system/priv-app/TeleService changed; collecting certs
06-22 12:13:50.253 E/PackageManager( 1922): Adding duplicate shared id: 1001 name=com.android.phone
06-22 12:13:50.256 I/PackageManager( 1922): /system/priv-app/GooglePackageInstaller changed; collecting certs
06-22 12:13:50.258 I/PackageManager( 1922): /system/priv-app/GoogleSdkSetup changed; collecting certs
06-22 12:13:50.259 I/PackageManager( 1922): /system/priv-app/LocalTransport changed; collecting certs
06-22 12:13:50.260 E/PackageManager( 1922): Adding duplicate shared id: 1000 name=com.android.localtransport
06-22 12:13:50.283 E/        ( 1754): idmap failed, status=0x0100
06-22 12:13:50.284 E/PackageManager( 1922): Failed to generate idmap for /system/priv-app/GooglePermissionController/GooglePermissionController.apk and /product/overlay/GooglePermissionControllerOverlay.apk
06-22 12:13:50.287 I/PackageManager( 1922): /system/priv-app/GooglePermissionController changed; collecting certs
06-22 12:13:50.290 I/PackageManager( 1922): /system/priv-app/Telecom changed; collecting certs
06-22 12:13:50.290 E/PackageManager( 1922): Adding duplicate shared id: 1000 name=com.android.server.telecom
06-22 12:13:50.296 I/PackageManager( 1922): /system/app/BasicDreams changed; collecting certs
06-22 12:13:50.302 I/PackageManager( 1922): /system/app/LiveWallpapersPicker changed; collecting certs
06-22 12:13:50.303 I/PackageManager( 1922): /system/app/PrintSpooler changed; collecting certs
06-22 12:13:50.308 I/PackageManager( 1922): /system/app/CompanionDeviceManager changed; collecting certs
06-22 12:13:50.309 I/PackageManager( 1922): /system/app/EasterEgg changed; collecting certs
06-22 12:13:50.311 I/PackageManager( 1922): /system/app/CtsShimPrebuilt changed; collecting certs
06-22 12:13:50.316 W/PackageParser( 1922): Ignoring duplicate uses-permissions/uses-permissions-sdk-m: android.permission.READ_CONTACTS in package: com.android.bluetooth at: Binary XML file line #67
06-22 12:13:50.317 W/PackageParser( 1922): No actions in intent filter at /system/app/Bluetooth/Bluetooth.apk Binary XML file line #263
06-22 12:13:50.318 I/PackageManager( 1922): /system/app/WallpaperBackup changed; collecting certs
06-22 12:13:50.319 I/ServiceManager( 1770): Waiting for service 'package_native' on '/dev/binder'...
06-22 12:13:50.319 E/PackageManager( 1922): Adding duplicate shared id: 1000 name=com.android.wallpaperbackup
06-22 12:13:50.321 I/PackageManager( 1922): /system/app/Traceur changed; collecting certs
06-22 12:13:50.325 I/PackageManager( 1922): /system/app/Bluetooth changed; collecting certs
06-22 12:13:50.327 E/PackageManager( 1922): Adding duplicate shared id: 1002 name=com.android.bluetooth
06-22 12:13:50.327 I/PackageManager( 1922): /system/app/CaptivePortalLogin changed; collecting certs
06-22 12:13:50.328 I/PackageManager( 1922): /system/app/KoreanIME changed; collecting certs
06-22 12:13:50.331 I/PackageManager( 1922): /system/app/SecureElement changed; collecting certs
06-22 12:13:50.332 E/PackageManager( 1922): Adding duplicate shared id: 1068 name=com.android.se
06-22 12:13:50.332 I/PackageManager( 1922): /system/app/BookmarkProvider changed; collecting certs
06-22 12:13:50.334 I/PackageManager( 1922): /system/app/KeyChain changed; collecting certs
06-22 12:13:50.335 E/PackageManager( 1922): Adding duplicate shared id: 1000 name=com.android.keychain
06-22 12:13:50.339 I/PackageManager( 1922): /system/app/WAPPushManager changed; collecting certs
06-22 12:13:50.339 I/PackageManager( 1922): /system/app/RcsService changed; collecting certs
06-22 12:13:50.340 E/PackageManager( 1922): Adding duplicate shared id: 1001 name=com.android.service.ims
06-22 12:13:50.342 I/PackageManager( 1922): /system/app/CertInstaller changed; collecting certs
06-22 12:13:50.344 I/PackageManager( 1922): /system/app/LicenseChecker changed; collecting certs
06-22 12:13:50.346 I/PackageManager( 1922): /system/app/BuiltInPrintService changed; collecting certs
06-22 12:13:50.348 I/PackageManager( 1922): /system/app/BluetoothMidiService changed; collecting certs
06-22 12:13:50.349 I/PackageManager( 1922): /system/app/SimAppDialog changed; collecting certs
06-22 12:13:50.352 I/PackageManager( 1922): /system/app/OsuLogin changed; collecting certs
06-22 12:13:50.355 W/PackageParser( 1922): Ignoring duplicate uses-permissions/uses-permissions-sdk-m: android.permission.CHANGE_WIFI_STATE in package: com.android.nfc at: Binary XML file line #52
06-22 12:13:50.355 W/PackageParser( 1922): Ignoring duplicate uses-permissions/uses-permissions-sdk-m: android.permission.ACCESS_WIFI_STATE in package: com.android.nfc at: Binary XML file line #53
06-22 12:13:50.355 I/PackageManager( 1922): /system/app/PartnerBookmarksProvider changed; collecting certs
06-22 12:13:50.358 I/PackageManager( 1922): /system/app/NfcNci changed; collecting certs
06-22 12:13:50.361 E/PackageManager( 1922): Adding duplicate shared id: 1027 name=com.android.nfc
06-22 12:13:50.363 I/PackageManager( 1922): /system/app/PresencePolling changed; collecting certs
06-22 12:13:50.364 E/PackageManager( 1922): Adding duplicate shared id: 1001 name=com.android.service.ims.presence
06-22 12:13:50.364 I/PackageManager( 1922): /system/app/PacProcessor changed; collecting certs
06-22 12:13:50.367 I/PackageManager( 1922): /system/app/GooglePrintRecommendationService changed; collecting certs
06-22 12:13:50.377 I/PackageManager( 1922): /system/app/Stk changed; collecting certs
06-22 12:13:50.381 E/PackageManager( 1922): Adding duplicate shared id: 1001 name=com.android.stk
06-22 12:13:50.383 I/PackageManager( 1922): /system/app/GoogleHindiIME changed; collecting certs
06-22 12:13:50.386 W/PackageParser( 1922): No actions in intent filter at /system/app/CarrierDefaultApp/CarrierDefaultApp.apk Binary XML file line #43
06-22 12:13:50.388 I/PackageManager( 1922): /system/app/SafetyRegulatoryInfo changed; collecting certs
06-22 12:13:50.388 I/PackageManager( 1922): /system/app/GoogleExtShared changed; collecting certs
06-22 12:13:50.389 I/PackageManager( 1922): /system/app/HTMLViewer changed; collecting certs
06-22 12:13:50.389 I/PackageManager( 1922): /system/app/WallpapersUsTwo changed; collecting certs
06-22 12:13:50.390 I/PackageManager( 1922): /system/app/GooglePinyinIME changed; collecting certs
06-22 12:13:50.392 I/PackageManager( 1922): /system/app/CarrierDefaultApp changed; collecting certs
06-22 12:13:50.393 D/PackageManager( 1922): No files in app dir /vendor/priv-app
06-22 12:13:50.393 D/PackageManager( 1922): No files in app dir /vendor/app
06-22 12:13:50.393 D/PackageManager( 1922): No files in app dir /odm/priv-app
06-22 12:13:50.393 D/PackageManager( 1922): No files in app dir /odm/app
06-22 12:13:50.393 D/PackageManager( 1922): No files in app dir /oem/app
06-22 12:13:50.403 I/PackageManager( 1922): /system/product/priv-app/GoogleFeedback changed; collecting certs
06-22 12:13:50.406 I/PackageManager( 1922): /system/product/priv-app/ConfigUpdater changed; collecting certs
06-22 12:13:50.412 I/PackageManager( 1922): /system/product/priv-app/SettingsIntelligence changed; collecting certs
06-22 12:13:50.418 W/PackageParser( 1922): Unknown element under <manifest>: meta-data at /system/product/priv-app/Dialer/Dialer.apk Binary XML file line #115
06-22 12:13:50.419 I/ServiceManager( 1770): Waiting for service 'package_native' on '/dev/binder'...
06-22 12:13:50.425 I/PackageManager( 1922): /system/product/priv-app/Dialer changed; collecting certs
06-22 12:13:50.426 I/PackageManager( 1922): /system/product/priv-app/GoogleANGLE changed; collecting certs
06-22 12:13:50.436 I/PackageManager( 1922): /system/product/priv-app/WallpaperPickerGooglePrebuilt changed; collecting certs
06-22 12:13:50.443 I/PackageManager( 1922): /system/product/priv-app/NexusLauncherRelease changed; collecting certs
06-22 12:13:50.461 I/PackageManager( 1922): /system/product/priv-app/SetupWizardPrebuilt changed; collecting certs
06-22 12:13:50.467 I/PackageManager( 1922): /system/product/priv-app/GoogleOneTimeInitializer changed; collecting certs
06-22 12:13:50.468 W/PackageParser( 1922): No actions in intent filter at /system/product/priv-app/Contacts/Contacts.apk Binary XML file line #411
06-22 12:13:50.470 I/PackageManager( 1922): /system/product/priv-app/Contacts changed; collecting certs
06-22 12:13:50.475 I/PackageManager( 1922): /system/product/priv-app/CarrierConfig changed; collecting certs
06-22 12:13:50.476 I/PackageManager( 1922): New shared user com.android.uid.omadm.service: id=10113
06-22 12:13:50.476 I/PackageManager( 1922): /system/product/priv-app/DMService changed; collecting certs
06-22 12:13:50.477 W/PackageParser( 1922): No actions in intent filter at /system/product/priv-app/AndroidAutoFullPrebuilt/AndroidAutoFullPrebuilt.apk Binary XML file line #1276
06-22 12:13:50.480 E/PackageManager( 1922): Adding duplicate app id: 10113 name=com.android.omadm.service
06-22 12:13:50.481 I/PackageManager( 1922): New shared user com.google.android.projection.gearhead: id=10114
06-22 12:13:50.481 I/PackageManager( 1922): /system/product/priv-app/AndroidAutoFullPrebuilt changed; collecting certs
06-22 12:13:50.483 E/PackageManager( 1922): Adding duplicate app id: 10114 name=com.google.android.projection.gearhead
06-22 12:13:50.503 I/PackageManager( 1922): /system/product/priv-app/StorageManager changed; collecting certs
06-22 12:13:50.505 I/PackageManager( 1922): /system/product/priv-app/AndroidMigratePrebuilt changed; collecting certs
06-22 12:13:50.506 W/PackageParser( 1922): Ignoring duplicate uses-permissions/uses-permissions-sdk-m: android.permission.CONFIGURE_WIFI_DISPLAY in package: com.android.systemui at: Binary XML file line #158
06-22 12:13:50.507 I/PackageManager( 1922): New shared user com.google.uid.shared: id=10117
06-22 12:13:50.507 I/PackageManager( 1922): /system/product/priv-app/GoogleServicesFramework changed; collecting certs
06-22 12:13:50.508 E/PackageManager( 1922): Adding duplicate app id: 10117 name=com.google.android.gsf
06-22 12:13:50.512 W/PackageParser( 1922): Ignoring duplicate uses-permissions/uses-permissions-sdk-m: android.permission.READ_PRIVILEGED_PHONE_STATE in package: com.google.android.partnersetup at: Binary XML file line #56
06-22 12:13:50.515 I/PackageManager( 1922): /system/product/priv-app/GooglePartnerSetup changed; collecting certs
06-22 12:13:50.516 I/PackageParser( 1922): Parse times for '/system/product/priv-app/SystemUIGoogle': parse=113ms, update_cache=7 ms
06-22 12:13:50.516 I/PackageManager( 1922): New shared user android.uid.systemui: id=10119
06-22 12:13:50.516 I/PackageManager( 1922): /system/product/priv-app/SystemUIGoogle changed; collecting certs
06-22 12:13:50.517 E/PackageManager( 1922): Adding duplicate app id: 10119 name=com.android.systemui
06-22 12:13:50.522 I/ServiceManager( 1770): Waiting for service 'package_native' on '/dev/binder'...
06-22 12:13:50.523 I/PackageManager( 1922): /system/product/priv-app/CarrierServices changed; collecting certs
06-22 12:13:50.555 I/PackageManager( 1922): New shared user com.android.emergency.uid: id=10121
06-22 12:13:50.555 I/PackageManager( 1922): /system/product/priv-app/EmergencyInfo changed; collecting certs
06-22 12:13:50.556 E/PackageManager( 1922): Adding duplicate app id: 10121 name=com.android.emergency
06-22 12:13:50.566 W/PackageParser( 1922): Unknown element under <manifest>: attribution at /system/product/priv-app/PrebuiltGmsCore/PrebuiltGmsCore.apk Binary XML file line #5
06-22 12:13:50.566 W/PackageParser( 1922): Unknown element under <manifest>: attribution at /system/product/priv-app/PrebuiltGmsCore/PrebuiltGmsCore.apk Binary XML file line #6
06-22 12:13:50.566 W/PackageParser( 1922): Unknown element under <manifest>: attribution at /system/product/priv-app/PrebuiltGmsCore/PrebuiltGmsCore.apk Binary XML file line #7
06-22 12:13:50.566 W/PackageParser( 1922): Unknown element under <manifest>: attribution at /system/product/priv-app/PrebuiltGmsCore/PrebuiltGmsCore.apk Binary XML file line #8
06-22 12:13:50.566 W/PackageParser( 1922): Unknown element under <manifest>: attribution at /system/product/priv-app/PrebuiltGmsCore/PrebuiltGmsCore.apk Binary XML file line #9
06-22 12:13:50.566 W/PackageParser( 1922): Unknown element under <manifest>: attribution at /system/product/priv-app/PrebuiltGmsCore/PrebuiltGmsCore.apk Binary XML file line #10
06-22 12:13:50.566 W/PackageParser( 1922): Unknown element under <manifest>: attribution at /system/product/priv-app/PrebuiltGmsCore/PrebuiltGmsCore.apk Binary XML file line #11
06-22 12:13:50.566 W/PackageParser( 1922): Unknown element under <manifest>: attribution at /system/product/priv-app/PrebuiltGmsCore/PrebuiltGmsCore.apk Binary XML file line #12
06-22 12:13:50.566 W/PackageParser( 1922): Unknown element under <manifest>: attribution at /system/product/priv-app/PrebuiltGmsCore/PrebuiltGmsCore.apk Binary XML file line #13
06-22 12:13:50.566 W/PackageParser( 1922): Unknown element under <manifest>: attribution at /system/product/priv-app/PrebuiltGmsCore/PrebuiltGmsCore.apk Binary XML file line #14
06-22 12:13:50.566 W/PackageParser( 1922): Unknown element under <manifest>: attribution at /system/product/priv-app/PrebuiltGmsCore/PrebuiltGmsCore.apk Binary XML file line #15
06-22 12:13:50.566 W/PackageParser( 1922): Unknown element under <manifest>: attribution at /system/product/priv-app/PrebuiltGmsCore/PrebuiltGmsCore.apk Binary XML file line #16
06-22 12:13:50.566 W/PackageParser( 1922): Unknown element under <manifest>: attribution at /system/product/priv-app/PrebuiltGmsCore/PrebuiltGmsCore.apk Binary XML file line #17
06-22 12:13:50.566 W/PackageParser( 1922): Unknown element under <manifest>: attribution at /system/product/priv-app/PrebuiltGmsCore/PrebuiltGmsCore.apk Binary XML file line #18
06-22 12:13:50.566 W/PackageParser( 1922): Unknown element under <manifest>: attribution at /system/product/priv-app/PrebuiltGmsCore/PrebuiltGmsCore.apk Binary XML file line #19
06-22 12:13:50.566 W/PackageParser( 1922): Unknown element under <manifest>: attribution at /system/product/priv-app/PrebuiltGmsCore/PrebuiltGmsCore.apk Binary XML file line #20
06-22 12:13:50.566 W/PackageParser( 1922): Unknown element under <manifest>: attribution at /system/product/priv-app/PrebuiltGmsCore/PrebuiltGmsCore.apk Binary XML file line #21
06-22 12:13:50.566 W/PackageParser( 1922): Unknown element under <manifest>: attribution at /system/product/priv-app/PrebuiltGmsCore/PrebuiltGmsCore.apk Binary XML file line #22
06-22 12:13:50.566 W/PackageParser( 1922): Unknown element under <manifest>: attribution at /system/product/priv-app/PrebuiltGmsCore/PrebuiltGmsCore.apk Binary XML file line #23
06-22 12:13:50.566 W/PackageParser( 1922): Unknown element under <manifest>: attribution at /system/product/priv-app/PrebuiltGmsCore/PrebuiltGmsCore.apk Binary XML file line #24
06-22 12:13:50.566 W/PackageParser( 1922): Unknown element under <manifest>: attribution at /system/product/priv-app/PrebuiltGmsCore/PrebuiltGmsCore.apk Binary XML file line #25
06-22 12:13:50.566 W/PackageParser( 1922): Unknown element under <manifest>: attribution at /system/product/priv-app/PrebuiltGmsCore/PrebuiltGmsCore.apk Binary XML file line #26
06-22 12:13:50.566 W/PackageParser( 1922): Unknown element under <manifest>: attribution at /system/product/priv-app/PrebuiltGmsCore/PrebuiltGmsCore.apk Binary XML file line #27
06-22 12:13:50.566 W/PackageParser( 1922): Unknown element under <manifest>: attribution at /system/product/priv-app/PrebuiltGmsCore/PrebuiltGmsCore.apk Binary XML file line #28
06-22 12:13:50.566 W/PackageParser( 1922): Unknown element under <manifest>: attribution at /system/product/priv-app/PrebuiltGmsCore/PrebuiltGmsCore.apk Binary XML file line #29
06-22 12:13:50.566 W/PackageParser( 1922): Unknown element under <manifest>: attribution at /system/product/priv-app/PrebuiltGmsCore/PrebuiltGmsCore.apk Binary XML file line #30
06-22 12:13:50.566 W/PackageParser( 1922): Unknown element under <manifest>: attribution at /system/product/priv-app/PrebuiltGmsCore/PrebuiltGmsCore.apk Binary XML file line #31
06-22 12:13:50.566 W/PackageParser( 1922): Unknown element under <manifest>: attribution at /system/product/priv-app/PrebuiltGmsCore/PrebuiltGmsCore.apk Binary XML file line #32
06-22 12:13:50.566 W/PackageParser( 1922): Unknown element under <manifest>: attribution at /system/product/priv-app/PrebuiltGmsCore/PrebuiltGmsCore.apk Binary XML file line #33
06-22 12:13:50.566 W/PackageParser( 1922): Unknown element under <manifest>: attribution at /system/product/priv-app/PrebuiltGmsCore/PrebuiltGmsCore.apk Binary XML file line #34
06-22 12:13:50.566 W/PackageParser( 1922): Unknown element under <manifest>: attribution at /system/product/priv-app/PrebuiltGmsCore/PrebuiltGmsCore.apk Binary XML file line #35
06-22 12:13:50.566 W/PackageParser( 1922): Unknown element under <manifest>: attribution at /system/product/priv-app/PrebuiltGmsCore/PrebuiltGmsCore.apk Binary XML file line #36
06-22 12:13:50.566 W/PackageParser( 1922): Unknown element under <manifest>: attribution at /system/product/priv-app/PrebuiltGmsCore/PrebuiltGmsCore.apk Binary XML file line #37
06-22 12:13:50.566 W/PackageParser( 1922): Unknown element under <manifest>: attribution at /system/product/priv-app/PrebuiltGmsCore/PrebuiltGmsCore.apk Binary XML file line #38
06-22 12:13:50.566 W/PackageParser( 1922): Unknown element under <manifest>: attribution at /system/product/priv-app/PrebuiltGmsCore/PrebuiltGmsCore.apk Binary XML file line #39
06-22 12:13:50.566 W/PackageParser( 1922): Unknown element under <manifest>: attribution at /system/product/priv-app/PrebuiltGmsCore/PrebuiltGmsCore.apk Binary XML file line #40
06-22 12:13:50.566 W/PackageParser( 1922): Unknown element under <manifest>: attribution at /system/product/priv-app/PrebuiltGmsCore/PrebuiltGmsCore.apk Binary XML file line #41
06-22 12:13:50.566 W/PackageParser( 1922): Unknown element under <manifest>: attribution at /system/product/priv-app/PrebuiltGmsCore/PrebuiltGmsCore.apk Binary XML file line #42
06-22 12:13:50.566 W/PackageParser( 1922): Unknown element under <manifest>: attribution at /system/product/priv-app/PrebuiltGmsCore/PrebuiltGmsCore.apk Binary XML file line #43
06-22 12:13:50.566 W/PackageParser( 1922): Unknown element under <manifest>: attribution at /system/product/priv-app/PrebuiltGmsCore/PrebuiltGmsCore.apk Binary XML file line #44
06-22 12:13:50.566 W/PackageParser( 1922): Unknown element under <manifest>: attribution at /system/product/priv-app/PrebuiltGmsCore/PrebuiltGmsCore.apk Binary XML file line #45
06-22 12:13:50.566 W/PackageParser( 1922): Unknown element under <manifest>: attribution at /system/product/priv-app/PrebuiltGmsCore/PrebuiltGmsCore.apk Binary XML file line #46
06-22 12:13:50.566 W/PackageParser( 1922): Unknown element under <manifest>: attribution at /system/product/priv-app/PrebuiltGmsCore/PrebuiltGmsCore.apk Binary XML file line #47
06-22 12:13:50.566 W/PackageParser( 1922): Unknown element under <manifest>: attribution at /system/product/priv-app/PrebuiltGmsCore/PrebuiltGmsCore.apk Binary XML file line #48
06-22 12:13:50.566 W/PackageParser( 1922): Unknown element under <manifest>: attribution at /system/product/priv-app/PrebuiltGmsCore/PrebuiltGmsCore.apk Binary XML file line #49
06-22 12:13:50.566 W/PackageParser( 1922): Unknown element under <manifest>: attribution at /system/product/priv-app/PrebuiltGmsCore/PrebuiltGmsCore.apk Binary XML file line #50
06-22 12:13:50.566 W/PackageParser( 1922): Unknown element under <manifest>: attribution at /system/product/priv-app/PrebuiltGmsCore/PrebuiltGmsCore.apk Binary XML file line #51
06-22 12:13:50.566 W/PackageParser( 1922): Unknown element under <manifest>: attribution at /system/product/priv-app/PrebuiltGmsCore/PrebuiltGmsCore.apk Binary XML file line #52
06-22 12:13:50.567 W/PackageParser( 1922): Unknown element under <manifest>: attribution at /system/product/priv-app/PrebuiltGmsCore/PrebuiltGmsCore.apk Binary XML file line #53
06-22 12:13:50.567 W/PackageParser( 1922): Unknown element under <manifest>: attribution at /system/product/priv-app/PrebuiltGmsCore/PrebuiltGmsCore.apk Binary XML file line #54
06-22 12:13:50.567 W/PackageParser( 1922): Unknown element under <manifest>: attribution at /system/product/priv-app/PrebuiltGmsCore/PrebuiltGmsCore.apk Binary XML file line #55
06-22 12:13:50.567 W/PackageParser( 1922): Unknown element under <manifest>: attribution at /system/product/priv-app/PrebuiltGmsCore/PrebuiltGmsCore.apk Binary XML file line #56
06-22 12:13:50.567 W/PackageParser( 1922): Unknown element under <manifest>: attribution at /system/product/priv-app/PrebuiltGmsCore/PrebuiltGmsCore.apk Binary XML file line #57
06-22 12:13:50.567 W/PackageParser( 1922): Unknown element under <manifest>: attribution at /system/product/priv-app/PrebuiltGmsCore/PrebuiltGmsCore.apk Binary XML file line #58
06-22 12:13:50.567 W/PackageParser( 1922): Unknown element under <manifest>: attribution at /system/product/priv-app/PrebuiltGmsCore/PrebuiltGmsCore.apk Binary XML file line #59
06-22 12:13:50.567 W/PackageParser( 1922): Unknown element under <manifest>: attribution at /system/product/priv-app/PrebuiltGmsCore/PrebuiltGmsCore.apk Binary XML file line #60
06-22 12:13:50.567 W/PackageParser( 1922): Unknown element under <manifest>: attribution at /system/product/priv-app/PrebuiltGmsCore/PrebuiltGmsCore.apk Binary XML file line #61
06-22 12:13:50.567 W/PackageParser( 1922): Unknown element under <manifest>: attribution at /system/product/priv-app/PrebuiltGmsCore/PrebuiltGmsCore.apk Binary XML file line #62
06-22 12:13:50.567 W/PackageParser( 1922): Unknown element under <manifest>: attribution at /system/product/priv-app/PrebuiltGmsCore/PrebuiltGmsCore.apk Binary XML file line #63
06-22 12:13:50.567 W/PackageParser( 1922): Unknown element under <manifest>: attribution at /system/product/priv-app/PrebuiltGmsCore/PrebuiltGmsCore.apk Binary XML file line #64
06-22 12:13:50.567 W/PackageParser( 1922): Unknown element under <manifest>: attribution at /system/product/priv-app/PrebuiltGmsCore/PrebuiltGmsCore.apk Binary XML file line #65
06-22 12:13:50.567 W/PackageParser( 1922): Unknown element under <manifest>: attribution at /system/product/priv-app/PrebuiltGmsCore/PrebuiltGmsCore.apk Binary XML file line #66
06-22 12:13:50.567 W/PackageParser( 1922): Unknown element under <manifest>: attribution at /system/product/priv-app/PrebuiltGmsCore/PrebuiltGmsCore.apk Binary XML file line #67
06-22 12:13:50.567 W/PackageParser( 1922): Unknown element under <manifest>: attribution at /system/product/priv-app/PrebuiltGmsCore/PrebuiltGmsCore.apk Binary XML file line #68
06-22 12:13:50.567 W/PackageParser( 1922): Unknown element under <manifest>: attribution at /system/product/priv-app/PrebuiltGmsCore/PrebuiltGmsCore.apk Binary XML file line #69
06-22 12:13:50.567 W/PackageParser( 1922): Unknown element under <manifest>: attribution at /system/product/priv-app/PrebuiltGmsCore/PrebuiltGmsCore.apk Binary XML file line #70
06-22 12:13:50.567 W/PackageParser( 1922): Unknown element under <manifest>: attribution at /system/product/priv-app/PrebuiltGmsCore/PrebuiltGmsCore.apk Binary XML file line #71
06-22 12:13:50.567 W/PackageParser( 1922): Unknown element under <manifest>: attribution at /system/product/priv-app/PrebuiltGmsCore/PrebuiltGmsCore.apk Binary XML file line #72
06-22 12:13:50.567 W/PackageParser( 1922): Unknown element under <manifest>: attribution at /system/product/priv-app/PrebuiltGmsCore/PrebuiltGmsCore.apk Binary XML file line #73
06-22 12:13:50.567 W/PackageParser( 1922): Unknown element under <manifest>: attribution at /system/product/priv-app/PrebuiltGmsCore/PrebuiltGmsCore.apk Binary XML file line #74
06-22 12:13:50.567 W/PackageParser( 1922): Unknown element under <manifest>: attribution at /system/product/priv-app/PrebuiltGmsCore/PrebuiltGmsCore.apk Binary XML file line #75
06-22 12:13:50.567 W/PackageParser( 1922): Unknown element under <manifest>: attribution at /system/product/priv-app/PrebuiltGmsCore/PrebuiltGmsCore.apk Binary XML file line #76
06-22 12:13:50.567 W/PackageParser( 1922): Unknown element under <manifest>: attribution at /system/product/priv-app/PrebuiltGmsCore/PrebuiltGmsCore.apk Binary XML file line #77
06-22 12:13:50.567 W/PackageParser( 1922): Unknown element under <manifest>: attribution at /system/product/priv-app/PrebuiltGmsCore/PrebuiltGmsCore.apk Binary XML file line #78
06-22 12:13:50.567 W/PackageParser( 1922): Unknown element under <manifest>: attribution at /system/product/priv-app/PrebuiltGmsCore/PrebuiltGmsCore.apk Binary XML file line #79
06-22 12:13:50.567 W/PackageParser( 1922): Unknown element under <manifest>: attribution at /system/product/priv-app/PrebuiltGmsCore/PrebuiltGmsCore.apk Binary XML file line #80
06-22 12:13:50.567 W/PackageParser( 1922): Unknown element under <manifest>: attribution at /system/product/priv-app/PrebuiltGmsCore/PrebuiltGmsCore.apk Binary XML file line #81
06-22 12:13:50.567 W/PackageParser( 1922): Unknown element under <manifest>: attribution at /system/product/priv-app/PrebuiltGmsCore/PrebuiltGmsCore.apk Binary XML file line #82
06-22 12:13:50.567 W/PackageParser( 1922): Unknown element under <manifest>: attribution at /system/product/priv-app/PrebuiltGmsCore/PrebuiltGmsCore.apk Binary XML file line #83
06-22 12:13:50.567 W/PackageParser( 1922): Unknown element under <manifest>: attribution at /system/product/priv-app/PrebuiltGmsCore/PrebuiltGmsCore.apk Binary XML file line #84
06-22 12:13:50.567 W/PackageParser( 1922): Unknown element under <manifest>: attribution at /system/product/priv-app/PrebuiltGmsCore/PrebuiltGmsCore.apk Binary XML file line #85
06-22 12:13:50.567 W/PackageParser( 1922): Unknown element under <manifest>: attribution at /system/product/priv-app/PrebuiltGmsCore/PrebuiltGmsCore.apk Binary XML file line #86
06-22 12:13:50.567 W/PackageParser( 1922): Unknown element under <manifest>: attribution at /system/product/priv-app/PrebuiltGmsCore/PrebuiltGmsCore.apk Binary XML file line #87
06-22 12:13:50.567 W/PackageParser( 1922): Unknown element under <manifest>: attribution at /system/product/priv-app/PrebuiltGmsCore/PrebuiltGmsCore.apk Binary XML file line #88
06-22 12:13:50.567 W/PackageParser( 1922): Unknown element under <manifest>: attribution at /system/product/priv-app/PrebuiltGmsCore/PrebuiltGmsCore.apk Binary XML file line #89
06-22 12:13:50.567 W/PackageParser( 1922): Unknown element under <manifest>: attribution at /system/product/priv-app/PrebuiltGmsCore/PrebuiltGmsCore.apk Binary XML file line #90
06-22 12:13:50.567 W/PackageParser( 1922): Unknown element under <manifest>: attribution at /system/product/priv-app/PrebuiltGmsCore/PrebuiltGmsCore.apk Binary XML file line #91
06-22 12:13:50.567 W/PackageParser( 1922): Unknown element under <manifest>: attribution at /system/product/priv-app/PrebuiltGmsCore/PrebuiltGmsCore.apk Binary XML file line #92
06-22 12:13:50.567 W/PackageParser( 1922): Unknown element under <manifest>: attribution at /system/product/priv-app/PrebuiltGmsCore/PrebuiltGmsCore.apk Binary XML file line #93
06-22 12:13:50.567 W/PackageParser( 1922): Unknown element under <manifest>: attribution at /system/product/priv-app/PrebuiltGmsCore/PrebuiltGmsCore.apk Binary XML file line #94
06-22 12:13:50.567 W/PackageParser( 1922): Unknown element under <manifest>: attribution at /system/product/priv-app/PrebuiltGmsCore/PrebuiltGmsCore.apk Binary XML file line #95
06-22 12:13:50.567 W/PackageParser( 1922): Unknown element under <manifest>: attribution at /system/product/priv-app/PrebuiltGmsCore/PrebuiltGmsCore.apk Binary XML file line #96
06-22 12:13:50.567 W/PackageParser( 1922): Unknown element under <manifest>: attribution at /system/product/priv-app/PrebuiltGmsCore/PrebuiltGmsCore.apk Binary XML file line #97
06-22 12:13:50.567 W/PackageParser( 1922): Unknown element under <manifest>: attribution at /system/product/priv-app/PrebuiltGmsCore/PrebuiltGmsCore.apk Binary XML file line #98
06-22 12:13:50.567 W/PackageParser( 1922): Unknown element under <manifest>: attribution at /system/product/priv-app/PrebuiltGmsCore/PrebuiltGmsCore.apk Binary XML file line #99
06-22 12:13:50.567 W/PackageParser( 1922): Unknown element under <manifest>: attribution at /system/product/priv-app/PrebuiltGmsCore/PrebuiltGmsCore.apk Binary XML file line #100
06-22 12:13:50.567 W/PackageParser( 1922): Unknown element under <manifest>: attribution at /system/product/priv-app/PrebuiltGmsCore/PrebuiltGmsCore.apk Binary XML file line #101
06-22 12:13:50.567 W/PackageParser( 1922): Unknown element under <manifest>: attribution at /system/product/priv-app/PrebuiltGmsCore/PrebuiltGmsCore.apk Binary XML file line #102
06-22 12:13:50.567 W/PackageParser( 1922): Unknown element under <manifest>: attribution at /system/product/priv-app/PrebuiltGmsCore/PrebuiltGmsCore.apk Binary XML file line #103
06-22 12:13:50.567 W/PackageParser( 1922): Unknown element under <manifest>: attribution at /system/product/priv-app/PrebuiltGmsCore/PrebuiltGmsCore.apk Binary XML file line #104
06-22 12:13:50.567 W/PackageParser( 1922): Unknown element under <manifest>: attribution at /system/product/priv-app/PrebuiltGmsCore/PrebuiltGmsCore.apk Binary XML file line #105
06-22 12:13:50.567 W/PackageParser( 1922): Unknown element under <manifest>: attribution at /system/product/priv-app/PrebuiltGmsCore/PrebuiltGmsCore.apk Binary XML file line #106
06-22 12:13:50.567 W/PackageParser( 1922): Unknown element under <manifest>: attribution at /system/product/priv-app/PrebuiltGmsCore/PrebuiltGmsCore.apk Binary XML file line #107
06-22 12:13:50.567 W/PackageParser( 1922): Unknown element under <manifest>: attribution at /system/product/priv-app/PrebuiltGmsCore/PrebuiltGmsCore.apk Binary XML file line #108
06-22 12:13:50.567 W/PackageParser( 1922): Unknown element under <manifest>: attribution at /system/product/priv-app/PrebuiltGmsCore/PrebuiltGmsCore.apk Binary XML file line #109
06-22 12:13:50.567 W/PackageParser( 1922): Unknown element under <manifest>: attribution at /system/product/priv-app/PrebuiltGmsCore/PrebuiltGmsCore.apk Binary XML file line #110
06-22 12:13:50.567 W/PackageParser( 1922): Unknown element under <manifest>: attribution at /system/product/priv-app/PrebuiltGmsCore/PrebuiltGmsCore.apk Binary XML file line #111
06-22 12:13:50.567 W/PackageParser( 1922): Unknown element under <manifest>: attribution at /system/product/priv-app/PrebuiltGmsCore/PrebuiltGmsCore.apk Binary XML file line #112
06-22 12:13:50.567 W/PackageParser( 1922): Unknown element under <manifest>: attribution at /system/product/priv-app/PrebuiltGmsCore/PrebuiltGmsCore.apk Binary XML file line #113
06-22 12:13:50.567 W/PackageParser( 1922): Unknown element under <manifest>: attribution at /system/product/priv-app/PrebuiltGmsCore/PrebuiltGmsCore.apk Binary XML file line #114
06-22 12:13:50.568 W/PackageParser( 1922): Unknown element under <manifest>: attribution at /system/product/priv-app/PrebuiltGmsCore/PrebuiltGmsCore.apk Binary XML file line #115
06-22 12:13:50.568 W/PackageParser( 1922): Unknown element under <manifest>: attribution at /system/product/priv-app/PrebuiltGmsCore/PrebuiltGmsCore.apk Binary XML file line #116
06-22 12:13:50.568 W/PackageParser( 1922): Unknown element under <manifest>: attribution at /system/product/priv-app/PrebuiltGmsCore/PrebuiltGmsCore.apk Binary XML file line #117
06-22 12:13:50.568 W/PackageParser( 1922): Unknown element under <manifest>: attribution at /system/product/priv-app/PrebuiltGmsCore/PrebuiltGmsCore.apk Binary XML file line #118
06-22 12:13:50.568 W/PackageParser( 1922): Unknown element under <manifest>: attribution at /system/product/priv-app/PrebuiltGmsCore/PrebuiltGmsCore.apk Binary XML file line #119
06-22 12:13:50.568 W/PackageParser( 1922): Unknown element under <manifest>: attribution at /system/product/priv-app/PrebuiltGmsCore/PrebuiltGmsCore.apk Binary XML file line #120
06-22 12:13:50.568 W/PackageParser( 1922): Unknown element under <manifest>: attribution at /system/product/priv-app/PrebuiltGmsCore/PrebuiltGmsCore.apk Binary XML file line #121
06-22 12:13:50.568 W/PackageParser( 1922): Unknown element under <manifest>: attribution at /system/product/priv-app/PrebuiltGmsCore/PrebuiltGmsCore.apk Binary XML file line #122
06-22 12:13:50.568 W/PackageParser( 1922): Unknown element under <manifest>: attribution at /system/product/priv-app/PrebuiltGmsCore/PrebuiltGmsCore.apk Binary XML file line #123
06-22 12:13:50.568 W/PackageParser( 1922): Unknown element under <manifest>: attribution at /system/product/priv-app/PrebuiltGmsCore/PrebuiltGmsCore.apk Binary XML file line #124
06-22 12:13:50.568 W/PackageParser( 1922): Unknown element under <manifest>: attribution at /system/product/priv-app/PrebuiltGmsCore/PrebuiltGmsCore.apk Binary XML file line #125
06-22 12:13:50.568 W/PackageParser( 1922): Unknown element under <manifest>: attribution at /system/product/priv-app/PrebuiltGmsCore/PrebuiltGmsCore.apk Binary XML file line #126
06-22 12:13:50.568 W/PackageParser( 1922): Unknown element under <manifest>: attribution at /system/product/priv-app/PrebuiltGmsCore/PrebuiltGmsCore.apk Binary XML file line #127
06-22 12:13:50.568 W/PackageParser( 1922): Unknown element under <manifest>: attribution at /system/product/priv-app/PrebuiltGmsCore/PrebuiltGmsCore.apk Binary XML file line #128
06-22 12:13:50.568 W/PackageParser( 1922): Unknown element under <manifest>: attribution at /system/product/priv-app/PrebuiltGmsCore/PrebuiltGmsCore.apk Binary XML file line #129
06-22 12:13:50.568 W/PackageParser( 1922): Unknown element under <manifest>: attribution at /system/product/priv-app/PrebuiltGmsCore/PrebuiltGmsCore.apk Binary XML file line #130
06-22 12:13:50.568 W/PackageParser( 1922): Unknown element under <manifest>: attribution at /system/product/priv-app/PrebuiltGmsCore/PrebuiltGmsCore.apk Binary XML file line #131
06-22 12:13:50.568 W/PackageParser( 1922): Unknown element under <manifest>: attribution at /system/product/priv-app/PrebuiltGmsCore/PrebuiltGmsCore.apk Binary XML file line #132
06-22 12:13:50.568 W/PackageParser( 1922): Unknown element under <manifest>: attribution at /system/product/priv-app/PrebuiltGmsCore/PrebuiltGmsCore.apk Binary XML file line #133
06-22 12:13:50.568 W/PackageParser( 1922): Unknown element under <manifest>: attribution at /system/product/priv-app/PrebuiltGmsCore/PrebuiltGmsCore.apk Binary XML file line #134
06-22 12:13:50.568 W/PackageParser( 1922): Unknown element under <manifest>: attribution at /system/product/priv-app/PrebuiltGmsCore/PrebuiltGmsCore.apk Binary XML file line #135
06-22 12:13:50.568 W/PackageParser( 1922): Unknown element under <manifest>: attribution at /system/product/priv-app/PrebuiltGmsCore/PrebuiltGmsCore.apk Binary XML file line #136
06-22 12:13:50.568 W/PackageParser( 1922): Unknown element under <manifest>: attribution at /system/product/priv-app/PrebuiltGmsCore/PrebuiltGmsCore.apk Binary XML file line #137
06-22 12:13:50.568 W/PackageParser( 1922): Unknown element under <manifest>: attribution at /system/product/priv-app/PrebuiltGmsCore/PrebuiltGmsCore.apk Binary XML file line #138
06-22 12:13:50.568 W/PackageParser( 1922): Unknown element under <manifest>: attribution at /system/product/priv-app/PrebuiltGmsCore/PrebuiltGmsCore.apk Binary XML file line #139
06-22 12:13:50.568 W/PackageParser( 1922): Unknown element under <manifest>: attribution at /system/product/priv-app/PrebuiltGmsCore/PrebuiltGmsCore.apk Binary XML file line #140
06-22 12:13:50.572 W/PackageParser( 1922): Unknown element under <manifest>: queries at /system/product/priv-app/PrebuiltGmsCore/PrebuiltGmsCore.apk Binary XML file line #544
06-22 12:13:50.614 I/PackageManager( 1922): /system/product/priv-app/PrebuiltGmsCore changed; collecting certs
06-22 12:13:50.622 I/ServiceManager( 1770): Waiting for service 'package_native' on '/dev/binder'...
06-22 12:13:50.629 E/PackageManager( 1922): Adding duplicate app id: 10117 name=com.google.android.gms
06-22 12:13:50.653 W/PackageParser( 1922): No actions in intent filter at /system/product/priv-app/Velvet/Velvet.apk Binary XML file line #3398
06-22 12:13:50.660 I/PackageParser( 1922): Parse times for '/system/product/priv-app/Velvet': parse=136ms, update_cache=7 ms
06-22 12:13:50.660 I/PackageManager( 1922): /system/product/priv-app/Velvet changed; collecting certs
06-22 12:13:50.675 I/PackageParser( 1922): Parse times for '/system/product/priv-app/Settings': parse=160ms, update_cache=9 ms
06-22 12:13:50.675 I/PackageManager( 1922): /system/product/priv-app/Settings changed; collecting certs
06-22 12:13:50.676 E/PackageManager( 1922): Adding duplicate shared id: 1000 name=com.android.settings
06-22 12:13:50.677 W/PackageManager( 1922): Skipping provider name androidx.lifecycle.process.lifecycle-process (in package com.android.settings): name already used by com.android.systemui
06-22 12:13:50.688 I/PackageManager( 1922): /system/product/app/NexusWallpapersStubPrebuilt2018 changed; collecting certs
06-22 12:13:50.697 I/PackageManager( 1922): /system/product/app/TrichromeLibrary changed; collecting certs
06-22 12:13:50.705 I/PackageManager( 1922): /system/product/app/DMAgent changed; collecting certs
06-22 12:13:50.713 I/PackageManager( 1922): /system/product/app/MarkupGoogle changed; collecting certs
06-22 12:13:50.737 I/PackageManager( 1922): /system/product/app/SoundPickerPrebuilt changed; collecting certs
06-22 12:13:50.744 I/PackageManager( 1922): /system/product/app/Videos changed; collecting certs
06-22 12:13:50.749 I/PackageManager( 1922): /system/product/app/GoogleContactsSyncAdapter changed; collecting certs
06-22 12:13:50.762 I/PackageManager( 1922): /system/product/app/WebViewGoogle changed; collecting certs
06-22 12:13:50.792 W/PackageParser( 1922): No actions in intent filter at /system/product/app/PrebuiltBugle/PrebuiltBugle.apk Binary XML file line #1261
06-22 12:13:50.793 I/PackageParser( 1922): Parse times for '/system/product/app/LatinIMEGooglePrebuilt': parse=106ms, update_cache=6 ms
06-22 12:13:50.793 I/PackageManager( 1922): /system/product/app/LatinIMEGooglePrebuilt changed; collecting certs
06-22 12:13:50.807 I/PackageParser( 1922): Parse times for '/system/product/app/PrebuiltBugle': parse=88ms, update_cache=15 ms
06-22 12:13:50.807 I/PackageManager( 1922): /system/product/app/PrebuiltBugle changed; collecting certs
06-22 12:13:50.823 I/PackageManager( 1922): /system/product/app/Chrome changed; collecting certs
06-22 12:13:50.827 I/PackageManager( 1922): /system/product/app/ModuleMetadataGoogle changed; collecting certs
06-22 12:13:50.828 I/PackageManager( 1922): /system/product/app/Camera2 changed; collecting certs
06-22 12:13:50.838 W/PackageParser( 1922): No actions in intent filter at /system/product/app/Drive/Drive.apk Binary XML file line #1759
06-22 12:13:50.844 I/PackageManager( 1922): /system/product/app/Drive changed; collecting certs
06-22 12:13:50.877 W/PackageParser( 1922): No actions in intent filter at /system/product/app/PrebuiltGmail/PrebuiltGmail.apk Binary XML file line #735
06-22 12:13:50.877 W/PackageParser( 1922): No actions in intent filter at /system/product/app/PrebuiltGmail/PrebuiltGmail.apk Binary XML file line #800
06-22 12:13:50.883 W/PackageParser( 1922): No actions in intent filter at /system/product/app/CalendarGooglePrebuilt/CalendarGooglePrebuilt.apk Binary XML file line #500
06-22 12:13:50.896 I/PackageManager( 1922): /system/product/app/Music2 changed; collecting certs
06-22 12:13:50.723 I/chatty  ( 1770): uid=0(root) /system/bin/storaged identical 1 line
06-22 12:13:50.824 I/ServiceManager( 1770): Waiting for service 'package_native' on '/dev/binder'...
06-22 12:13:50.897 I/PackageManager( 1922): New shared user com.google.android.calendar.uid.shared: id=10138
06-22 12:13:50.897 I/PackageManager( 1922): /system/product/app/CalendarGooglePrebuilt changed; collecting certs
06-22 12:13:50.898 E/PackageManager( 1922): Adding duplicate app id: 10138 name=com.google.android.calendar
06-22 12:13:50.924 I/ServiceManager( 1770): Waiting for service 'package_native' on '/dev/binder'...
06-22 12:13:50.931 I/PackageParser( 1922): Parse times for '/system/product/app/PrebuiltGmail': parse=70ms, update_cache=54 ms
06-22 12:13:50.932 I/PackageManager( 1922): /system/product/app/PrebuiltGmail changed; collecting certs
06-22 12:13:50.935 I/PackageParser( 1922): Parse times for '/system/product/app/Maps': parse=46ms, update_cache=70 ms
06-22 12:13:50.935 I/PackageManager( 1922): New shared user com.google.android.apps.maps: id=10140
06-22 12:13:50.935 I/PackageManager( 1922): /system/product/app/Maps changed; collecting certs
06-22 12:13:50.941 E/PackageManager( 1922): Adding duplicate app id: 10140 name=com.google.android.apps.maps
06-22 12:13:50.943 I/PackageManager( 1922): /system/product/app/WallpapersBReel2018 changed; collecting certs
06-22 12:13:50.958 I/PackageManager( 1922): /system/product/app/GoogleTTS changed; collecting certs
06-22 12:13:50.966 I/PackageManager( 1922): /system/product/app/PrebuiltDeskClockGoogle changed; collecting certs
06-22 12:13:50.995 W/PackageParser( 1922): Unknown element under <manifest>: meta-data at /system/product/app/YouTube/YouTube.apk Binary XML file line #113
06-22 12:13:50.995 W/PackageParser( 1922): Unknown element under <manifest>: queries at /system/product/app/YouTube/YouTube.apk Binary XML file line #115
06-22 12:13:50.999 W/PackageParser( 1922): No actions in intent filter at /system/product/app/Photos/Photos.apk Binary XML file line #1857
06-22 12:13:51.008 I/PackageManager( 1922): /system/product/app/YouTube changed; collecting certs
06-22 12:13:51.015 I/PackageParser( 1922): Parse times for '/system/product/app/Photos': parse=100ms, update_cache=15 ms
06-22 12:13:51.015 I/PackageManager( 1922): /system/product/app/Photos changed; collecting certs
06-22 12:13:51.019 D/PackageManager( 1922): No files in app dir /product_services/priv-app
06-22 12:13:51.019 D/PackageManager( 1922): No files in app dir /product_services/app
06-22 12:13:51.019 I/PackageManager( 1922): Finished scanning system apps. Time: 1037 ms, packageCount: 177 , timePerPackage: 5 , cached: 0
06-22 12:13:51.019 D/PackageManager( 1922): No files in app dir /data/app
06-22 12:13:51.019 I/PackageManager( 1922): Finished scanning non-system apps. Time: 0 ms, packageCount: 0 , timePerPackage: 0 , cached: 0
06-22 12:13:51.020 E/installd( 1754): Invalid path /system/product/priv-app/GoogleServicesFramework: No such file or directory
06-22 12:13:51.021 E/installd( 1754): Invalid path /system/product/priv-app/Settings: No such file or directory
06-22 12:13:51.021 E/installd( 1754): Invalid path /system/framework/framework-res.apk: No such file or directory
06-22 12:13:51.022 I/PackageManager( 1922): Time to scan packages: 1.039 seconds
06-22 12:13:51.022 I/PackageManager( 1922): Un-granting permission android.permission.MANAGE_DOCUMENTS from package com.google.android.youtube (protectionLevel=262146 flags=0x305bbe45)
06-22 12:13:51.023 I/PackageManager( 1922): Un-granting permission com.google.android.googleapps.permission.GOOGLE_AUTH from package com.android.providers.calendar (protectionLevel=2 flags=0x30083e45)
06-22 12:13:51.023 I/PackageManager( 1922): Un-granting permission com.google.android.googleapps.permission.GOOGLE_AUTH.cl from package com.android.providers.calendar (protectionLevel=2 flags=0x30083e45)
06-22 12:13:51.023 I/PackageManager( 1922): Un-granting permission android.permission.WRITE_SECURE_SETTINGS from package com.google.android.apps.enterprise.dmagent (protectionLevel=50 flags=0x30083e05)
06-22 12:13:51.023 I/PackageManager( 1922): Un-granting permission android.permission.CONNECTIVITY_INTERNAL from package com.google.android.apps.enterprise.dmagent (protectionLevel=18 flags=0x30083e05)
06-22 12:13:51.023 I/PackageManager( 1922): Un-granting permission android.permission.MANAGE_USB from package com.google.android.apps.enterprise.dmagent (protectionLevel=18 flags=0x30083e05)
06-22 12:13:51.023 I/PackageManager( 1922): Un-granting permission android.permission.CHANGE_COMPONENT_ENABLED_STATE from package com.google.android.apps.enterprise.dmagent (protectionLevel=18 flags=0x30083e05)
06-22 12:13:51.023 I/PackageManager( 1922): Un-granting permission android.permission.MANAGE_CA_CERTIFICATES from package com.google.android.apps.enterprise.dmagent (protectionLevel=18 flags=0x30083e05)
06-22 12:13:51.023 I/PackageManager( 1922): Un-granting permission android.permission.MANAGE_USERS from package com.google.android.apps.enterprise.dmagent (protectionLevel=18 flags=0x30083e05)
06-22 12:13:51.024 I/PackageManager( 1922): Un-granting permission com.google.android.setupwizard.READ_DEVICE_ORIGIN from package com.google.android.apps.messaging (protectionLevel=18 flags=0x384bbe45)
06-22 12:13:51.024 I/ServiceManager( 1770): Waiting for service 'package_native' on '/dev/binder'...
06-22 12:13:51.025 I/PackageManager( 1922): Un-granting permission android.permission.BIND_WALLPAPER from package com.android.camera2 (protectionLevel=18 flags=0x2058bc45)
06-22 12:13:51.025 I/PackageManager( 1922): Un-granting permission android.permission.REQUEST_INSTALL_PACKAGES from package com.google.android.gm (protectionLevel=66 flags=0x384bbe45)
06-22 12:13:51.025 I/PackageManager( 1922): Un-granting permission android.permission.GRANT_RUNTIME_PERMISSIONS from package com.google.android.permissioncontroller (protectionLevel=770 flags=0x30483e05)
06-22 12:13:51.025 I/PackageManager( 1922): Un-granting permission android.permission.REVOKE_RUNTIME_PERMISSIONS from package com.google.android.permissioncontroller (protectionLevel=770 flags=0x30483e05)
06-22 12:13:51.025 I/PackageManager( 1922): Un-granting permission android.permission.ADJUST_RUNTIME_PERMISSIONS_POLICY from package com.google.android.permissioncontroller (protectionLevel=258 flags=0x30483e05)
06-22 12:13:51.025 I/PackageManager( 1922): Un-granting permission android.permission.WHITELIST_RESTRICTED_PERMISSIONS from package com.google.android.permissioncontroller (protectionLevel=258 flags=0x30483e05)
06-22 12:13:51.025 I/PackageManager( 1922): Un-granting permission android.permission.INTERACT_ACROSS_USERS_FULL from package com.google.android.permissioncontroller (protectionLevel=258 flags=0x30483e05)
06-22 12:13:51.025 I/PackageManager( 1922): Un-granting permission android.permission.MANAGE_APP_OPS_MODES from package com.google.android.permissioncontroller (protectionLevel=770 flags=0x30483e05)
06-22 12:13:51.025 I/PackageManager( 1922): Un-granting permission android.permission.KILL_UID from package com.google.android.permissioncontroller (protectionLevel=258 flags=0x30483e05)
06-22 12:13:51.025 I/PackageManager( 1922): Un-granting permission android.permission.MANAGE_APP_OPS_RESTRICTIONS from package com.google.android.permissioncontroller (protectionLevel=258 flags=0x30483e05)
06-22 12:13:51.025 I/PackageManager( 1922): Un-granting permission android.permission.HIDE_NON_SYSTEM_OVERLAY_WINDOWS from package com.google.android.permissioncontroller (protectionLevel=258 flags=0x30483e05)
