06-23 08:02:35.605 I/PackageManager( 1908): Un-granting permission android.permission.BIND_WALLPAPER from package com.android.camera2 (protectionLevel=18 flags=0x20d8bc45)
06-23 08:02:35.611 W/PackageManager( 1908): Cannot whitelist unknown permission: android.permission.NFC_UNLOCK
06-23 08:02:35.613 W/PackageManager( 1908): Cannot whitelist unknown permission: android.permission.NFC_UNLOCK
06-23 08:02:35.620 W/PackageManager( 1908): Cannot whitelist unknown permission: com.google.android.email.permission.ACCESS_PROVIDER
06-23 08:02:35.620 W/PackageManager( 1908): Cannot whitelist unknown permission: com.google.android.gm.exchange.BIND
06-23 08:02:35.620 W/PackageManager( 1908): Cannot whitelist unknown permission: com.android.email.partnerprovider.PARTNER_PROVIDER
06-23 08:02:35.620 I/PackageManager( 1908): Un-granting permission android.permission.REQUEST_INSTALL_PACKAGES from package com.google.android.gm (protectionLevel=66 flags=0x38cbbe45)
06-23 08:02:35.623 W/PackageManager( 1908): Cannot whitelist unknown permission: com.google.android.email.permission.ACCESS_PROVIDER
06-23 08:02:35.623 W/PackageManager( 1908): Cannot whitelist unknown permission: com.google.android.gm.exchange.BIND
06-23 08:02:35.623 W/PackageManager( 1908): Cannot whitelist unknown permission: com.android.email.partnerprovider.PARTNER_PROVIDER
06-23 08:02:35.623 I/PackageManager( 1908): Un-granting permission android.permission.REQUEST_INSTALL_PACKAGES from package com.google.android.gm (protectionLevel=66 flags=0x38cbbe45)
06-23 08:02:35.624 W/libc    ( 1701): Unable to set property "vendor.wlan.driver.version" to "1.0": error code: 0x18
06-23 08:02:35.624 I/android.hardware.wifi@1.0-service( 1701): Configured chip in mode 0
06-23 08:02:35.624 W/android.hardware.wifi@1.0-service( 1701): No active wlan interfaces in use! Using default
06-23 08:02:35.626 D/HalDevMgr( 1908): updateRttController: no one is interested in RTT controllers
06-23 08:02:35.626 E/android.hardware.wifi@1.0-service( 1701): Failed to set DFS flag; DFS channels may be unavailable.
06-23 08:02:35.627 D/WificondControl( 1908): Setting up interface for client mode
06-23 08:02:35.628 I/wificond( 1756): create scanner for interface with index: 3
06-23 08:02:35.628 I/wificond( 1756): subscribe scan result for interface with index: 3
06-23 08:02:35.628 I/hwservicemanager( 1567): getTransport: Cannot find entry android.hardware.wifi.offload@1.0::IOffload/default in either framework or device manifest.
06-23 08:02:35.628 E/wificond( 1756): No Offload Service available
06-23 08:02:35.628 I/wificond( 1756): Offload HAL not supported 
06-23 08:02:35.629 E/SupplicantStaIfaceHal( 1908): Can't call setupIface, ISupplicantStaIface is null
06-23 08:02:35.629 I/hwservicemanager( 1567): getTransport: Cannot find entry android.hardware.wifi.supplicant@1.1::ISupplicant/default in either framework or device manifest.
06-23 08:02:35.630 I/hwservicemanager( 1567): getTransport: Cannot find entry android.hardware.wifi.supplicant@1.2::ISupplicant/default in either framework or device manifest.
06-23 08:02:35.630 I/hwservicemanager( 1567): getTransport: Cannot find entry android.hardware.wifi.supplicant@1.1::ISupplicant/default in either framework or device manifest.
06-23 08:02:35.631 I/netd    ( 1660): interfaceGetCfg("wlan0") <0.11ms>
06-23 08:02:35.632 I/WifiNative( 1908): Interface state changed on Iface:{Name=wlan0,Id=1,Type=STA_CONNECTIVITY}, isUp=true
06-23 08:02:35.632 I/netd    ( 1660): interfaceClearAddrs("wlan0") <0.19ms>
06-23 08:02:35.632 I/netd    ( 1660): interfaceSetIPv6PrivacyExtensions("wlan0", "true") <0.13ms>
06-23 08:02:35.633 I/netd    ( 1660): interfaceSetEnableIPv6("wlan0", "false") <0.05ms>
06-23 08:02:35.633 I/WifiNative( 1908): Successfully setup Iface:{Name=wlan0,Id=1,Type=STA_CONNECTIVITY}
06-23 08:02:35.633 I/hwservicemanager( 1567): getTransport: Cannot find entry android.hardware.wifi.supplicant@1.2::ISupplicant/default in either framework or device manifest.
06-23 08:02:35.633 E/SupplicantStaIfaceHal( 1908): Method getKeyMgmtCapabilities is not supported in existing HAL
06-23 08:02:35.634 D/WifiClientModeManager( 1908): entering StartedState
06-23 08:02:35.634 I/netd    ( 1660): interfaceGetCfg("wlan0") <0.07ms>
06-23 08:02:35.634 D/WifiClientModeManager( 1908): Wifi is ready to use for client mode
06-23 08:02:35.634 D/WifiActiveModeWarden( 1908): State changed from client mode. state = 3
06-23 08:02:35.634 D/WifiActiveModeWarden( 1908): client mode active
06-23 08:02:35.634 D/WifiScanRequestProxy( 1908): Sending scan available broadcast: true
06-23 08:02:35.635 I/WifiScanRequestProxy( 1908): Scanning is enabled
06-23 08:02:35.635 I/WifiScanRequestProxy( 1908): Scanning for hidden networks is enabled
06-23 08:02:35.635 E/WifiVendorHal( 1908): getBgScanCapabilities(l.630) failed {.code = ERROR_NOT_SUPPORTED, .description = }
06-23 08:02:35.635 D/WifiClientModeImpl( 1908): entering ConnectModeState: ifaceName = wlan0
06-23 08:02:35.635 D/WifiClientModeImpl( 1908): setupClientMode() ifacename = wlan0
06-23 08:02:35.637 I/WifiScanningService( 1908): wifi driver loaded with scan capabilities: max buckets=16
06-23 08:02:35.640 W/PackageManager( 1908): Cannot whitelist unknown permission: com.android.vending.TOS_ACKED
06-23 08:02:35.640 W/PackageManager( 1908): Cannot whitelist unknown permission: com.android.vending.setup.PLAY_SETUP_SERVICE
06-23 08:02:35.641 W/PackageManager( 1908): Cannot whitelist unknown permission: com.samsung.android.providers.context.permission.WRITE_USE_APP_FEATURE_SURVEY
06-23 08:02:35.641 I/PackageManager( 1908): Un-granting permission android.permission.BIND_JOB_SERVICE from package com.google.android.music (protectionLevel=2 flags=0x38cbbe65)
06-23 08:02:35.642 W/PackageManager( 1908): Cannot whitelist unknown permission: com.samsung.android.providers.context.permission.WRITE_USE_APP_FEATURE_SURVEY
06-23 08:02:35.642 I/PackageManager( 1908): Un-granting permission android.permission.BIND_JOB_SERVICE from package com.google.android.music (protectionLevel=2 flags=0x38cbbe65)
06-23 08:02:35.643 W/PackageManager( 1908): Cannot whitelist unknown permission: com.samsung.android.providers.context.permission.WRITE_USE_APP_FEATURE_SURVEY
06-23 08:02:35.643 I/PackageManager( 1908): Un-granting permission android.permission.BIND_JOB_SERVICE from package com.google.android.music (protectionLevel=2 flags=0x38cbbe65)
06-23 08:02:35.645 W/PackageManager( 1908): Cannot whitelist unknown permission: com.android.vending.BILLING
06-23 08:02:35.645 I/PackageManager( 1908): Un-granting permission android.permission.REQUEST_INSTALL_PACKAGES from package com.google.android.apps.docs (protectionLevel=66 flags=0x38cbbe45)
06-23 08:02:35.646 W/PackageManager( 1908): Cannot whitelist unknown permission: com.android.vending.BILLING
06-23 08:02:35.646 I/PackageManager( 1908): Un-granting permission android.permission.REQUEST_INSTALL_PACKAGES from package com.google.android.apps.docs (protectionLevel=66 flags=0x38cbbe45)
06-23 08:02:35.655 I/OMXClient( 1908): IOmx service obtained
06-23 08:02:35.655 I/OMXMaster( 1757): makeComponentInstance(OMX.google.vorbis.decoder) in android.hardwar process
06-23 08:02:35.656 E/OMXNodeInstance( 1757): getConfig(0xe9f190e0:google.vorbis.decoder, ConfigAndroidVendorExtension(0x6f100004)) ERROR: Undefined(0x80001001)
06-23 08:02:35.675 W/PackageManager( 1908): Cannot whitelist unknown permission: android.permission.READ_MEDIA_IMAGES
06-23 08:02:35.675 W/PackageManager( 1908): Cannot whitelist unknown permission: com.chrome.permission.DEVICE_EXTRAS
06-23 08:02:35.675 W/PackageManager( 1908): Cannot whitelist unknown permission: com.sec.enterprise.knox.MDM_CONTENT_PROVIDER
06-23 08:02:35.675 I/PackageManager( 1908): Un-granting permission android.permission.REQUEST_INSTALL_PACKAGES from package com.android.chrome (protectionLevel=66 flags=0xa0cbbe45)
06-23 08:02:35.675 I/PackageManager( 1908): Un-granting permission com.google.android.apps.now.CURRENT_ACCOUNT_ACCESS from package com.android.chrome (protectionLevel=2 flags=0xa0cbbe45)
06-23 08:02:35.677 W/PackageManager( 1908): Cannot whitelist unknown permission: android.permission.READ_MEDIA_IMAGES
06-23 08:02:35.677 W/PackageManager( 1908): Cannot whitelist unknown permission: com.chrome.permission.DEVICE_EXTRAS
06-23 08:02:35.677 W/PackageManager( 1908): Cannot whitelist unknown permission: com.sec.enterprise.knox.MDM_CONTENT_PROVIDER
06-23 08:02:35.677 I/PackageManager( 1908): Un-granting permission android.permission.REQUEST_INSTALL_PACKAGES from package com.android.chrome (protectionLevel=66 flags=0xa0cbbe45)
06-23 08:02:35.677 I/PackageManager( 1908): Un-granting permission com.google.android.apps.now.CURRENT_ACCOUNT_ACCESS from package com.android.chrome (protectionLevel=2 flags=0xa0cbbe45)
06-23 08:02:35.680 W/PackageManager( 1908): Cannot whitelist unknown permission: com.sec.android.provider.badge.permission.READ
06-23 08:02:35.680 W/PackageManager( 1908): Cannot whitelist unknown permission: com.sec.android.provider.badge.permission.WRITE
06-23 08:02:35.681 W/PackageManager( 1908): Cannot whitelist unknown permission: com.htc.launcher.permission.READ_SETTINGS
06-23 08:02:35.681 W/PackageManager( 1908): Cannot whitelist unknown permission: com.htc.launcher.permission.UPDATE_SHORTCUT
06-23 08:02:35.681 W/PackageManager( 1908): Cannot whitelist unknown permission: com.sonyericsson.home.permission.BROADCAST_BADGE
06-23 08:02:35.681 W/PackageManager( 1908): Cannot whitelist unknown permission: com.sonymobile.home.permission.PROVIDER_INSERT_BADGE
06-23 08:02:35.681 W/PackageManager( 1908): Cannot whitelist unknown permission: com.anddoes.launcher.permission.UPDATE_COUNT
06-23 08:02:35.681 W/PackageManager( 1908): Cannot whitelist unknown permission: com.majeur.launcher.permission.UPDATE_BADGE
06-23 08:02:35.681 W/PackageManager( 1908): Cannot whitelist unknown permission: com.huawei.android.launcher.permission.CHANGE_BADGE
06-23 08:02:35.681 W/PackageManager( 1908): Cannot whitelist unknown permission: com.huawei.android.launcher.permission.READ_SETTINGS
06-23 08:02:35.681 W/PackageManager( 1908): Cannot whitelist unknown permission: com.huawei.android.launcher.permission.WRITE_SETTINGS
06-23 08:02:35.681 W/PackageManager( 1908): Cannot whitelist unknown permission: android.permission.READ_APP_BADGE
06-23 08:02:35.681 W/PackageManager( 1908): Cannot whitelist unknown permission: com.oppo.launcher.permission.READ_SETTINGS
06-23 08:02:35.681 W/PackageManager( 1908): Cannot whitelist unknown permission: com.oppo.launcher.permission.WRITE_SETTINGS
06-23 08:02:35.681 W/PackageManager( 1908): Cannot whitelist unknown permission: com.cequint.ecid.CALLER_ID_LOOKUP
06-23 08:02:35.681 W/PackageManager( 1908): Cannot whitelist unknown permission: com.motorola.incallui.permission.INCOMING_CALL_VISIBILITY_CHANGED
06-23 08:02:35.683 W/PackageManager( 1908): Cannot whitelist unknown permission: com.sec.android.provider.badge.permission.READ
06-23 08:02:35.683 W/PackageManager( 1908): Cannot whitelist unknown permission: com.sec.android.provider.badge.permission.WRITE
06-23 08:02:35.683 W/PackageManager( 1908): Cannot whitelist unknown permission: com.htc.launcher.permission.READ_SETTINGS
06-23 08:02:35.683 W/PackageManager( 1908): Cannot whitelist unknown permission: com.htc.launcher.permission.UPDATE_SHORTCUT
06-23 08:02:35.683 W/PackageManager( 1908): Cannot whitelist unknown permission: com.sonyericsson.home.permission.BROADCAST_BADGE
06-23 08:02:35.683 W/PackageManager( 1908): Cannot whitelist unknown permission: com.sonymobile.home.permission.PROVIDER_INSERT_BADGE
06-23 08:02:35.683 W/PackageManager( 1908): Cannot whitelist unknown permission: com.anddoes.launcher.permission.UPDATE_COUNT
06-23 08:02:35.683 W/PackageManager( 1908): Cannot whitelist unknown permission: com.majeur.launcher.permission.UPDATE_BADGE
06-23 08:02:35.683 W/PackageManager( 1908): Cannot whitelist unknown permission: com.huawei.android.launcher.permission.CHANGE_BADGE
06-23 08:02:35.683 W/PackageManager( 1908): Cannot whitelist unknown permission: com.huawei.android.launcher.permission.READ_SETTINGS
06-23 08:02:35.683 W/PackageManager( 1908): Cannot whitelist unknown permission: com.huawei.android.launcher.permission.WRITE_SETTINGS
06-23 08:02:35.683 W/PackageManager( 1908): Cannot whitelist unknown permission: android.permission.READ_APP_BADGE
06-23 08:02:35.684 W/PackageManager( 1908): Cannot whitelist unknown permission: com.oppo.launcher.permission.READ_SETTINGS
06-23 08:02:35.684 W/PackageManager( 1908): Cannot whitelist unknown permission: com.oppo.launcher.permission.WRITE_SETTINGS
06-23 08:02:35.684 W/PackageManager( 1908): Cannot whitelist unknown permission: com.cequint.ecid.CALLER_ID_LOOKUP
06-23 08:02:35.684 W/PackageManager( 1908): Cannot whitelist unknown permission: com.motorola.incallui.permission.INCOMING_CALL_VISIBILITY_CHANGED
06-23 08:02:35.689 W/PackageManager( 1908): Cannot whitelist unknown permission: com.sec.android.provider.badge.permission.READ
06-23 08:02:35.689 W/PackageManager( 1908): Cannot whitelist unknown permission: com.sec.android.provider.badge.permission.WRITE
06-23 08:02:35.689 W/PackageManager( 1908): Cannot whitelist unknown permission: com.htc.launcher.permission.READ_SETTINGS
06-23 08:02:35.689 W/PackageManager( 1908): Cannot whitelist unknown permission: com.htc.launcher.permission.UPDATE_SHORTCUT
06-23 08:02:35.689 W/PackageManager( 1908): Cannot whitelist unknown permission: com.sonyericsson.home.permission.BROADCAST_BADGE
06-23 08:02:35.689 W/PackageManager( 1908): Cannot whitelist unknown permission: com.sonymobile.home.permission.PROVIDER_INSERT_BADGE
06-23 08:02:35.689 W/PackageManager( 1908): Cannot whitelist unknown permission: com.anddoes.launcher.permission.UPDATE_COUNT
06-23 08:02:35.689 W/PackageManager( 1908): Cannot whitelist unknown permission: com.majeur.launcher.permission.UPDATE_BADGE
06-23 08:02:35.689 W/PackageManager( 1908): Cannot whitelist unknown permission: com.huawei.android.launcher.permission.CHANGE_BADGE
06-23 08:02:35.689 W/PackageManager( 1908): Cannot whitelist unknown permission: com.huawei.android.launcher.permission.READ_SETTINGS
06-23 08:02:35.690 W/PackageManager( 1908): Cannot whitelist unknown permission: com.huawei.android.launcher.permission.WRITE_SETTINGS
06-23 08:02:35.690 W/PackageManager( 1908): Cannot whitelist unknown permission: android.permission.READ_APP_BADGE
06-23 08:02:35.690 W/PackageManager( 1908): Cannot whitelist unknown permission: com.oppo.launcher.permission.READ_SETTINGS
06-23 08:02:35.690 W/PackageManager( 1908): Cannot whitelist unknown permission: com.oppo.launcher.permission.WRITE_SETTINGS
06-23 08:02:35.690 W/PackageManager( 1908): Cannot whitelist unknown permission: com.cequint.ecid.CALLER_ID_LOOKUP
06-23 08:02:35.690 W/PackageManager( 1908): Cannot whitelist unknown permission: com.motorola.incallui.permission.INCOMING_CALL_VISIBILITY_CHANGED
06-23 08:02:35.692 I/OMXClient( 1908): IOmx service obtained
06-23 08:02:35.692 I/OMXMaster( 1757): makeComponentInstance(OMX.google.vorbis.decoder) in android.hardwar process
06-23 08:02:35.693 E/OMXNodeInstance( 1757): getConfig(0xe9f190e0:google.vorbis.decoder, ConfigAndroidVendorExtension(0x6f100004)) ERROR: Undefined(0x80001001)
06-23 08:02:35.695 W/PackageManager( 1908): Cannot whitelist unknown permission: com.sec.android.provider.badge.permission.READ
06-23 08:02:35.695 W/PackageManager( 1908): Cannot whitelist unknown permission: com.sec.android.provider.badge.permission.WRITE
06-23 08:02:35.695 W/PackageManager( 1908): Cannot whitelist unknown permission: com.htc.launcher.permission.READ_SETTINGS
06-23 08:02:35.695 W/PackageManager( 1908): Cannot whitelist unknown permission: com.htc.launcher.permission.UPDATE_SHORTCUT
06-23 08:02:35.695 W/PackageManager( 1908): Cannot whitelist unknown permission: com.sonyericsson.home.permission.BROADCAST_BADGE
06-23 08:02:35.695 W/PackageManager( 1908): Cannot whitelist unknown permission: com.sonymobile.home.permission.PROVIDER_INSERT_BADGE
06-23 08:02:35.695 W/PackageManager( 1908): Cannot whitelist unknown permission: com.anddoes.launcher.permission.UPDATE_COUNT
06-23 08:02:35.695 W/PackageManager( 1908): Cannot whitelist unknown permission: com.majeur.launcher.permission.UPDATE_BADGE
06-23 08:02:35.695 W/PackageManager( 1908): Cannot whitelist unknown permission: com.huawei.android.launcher.permission.CHANGE_BADGE
06-23 08:02:35.695 W/PackageManager( 1908): Cannot whitelist unknown permission: com.huawei.android.launcher.permission.READ_SETTINGS
06-23 08:02:35.697 W/PackageManager( 1908): Cannot whitelist unknown permission: com.huawei.android.launcher.permission.WRITE_SETTINGS
06-23 08:02:35.697 W/PackageManager( 1908): Cannot whitelist unknown permission: android.permission.READ_APP_BADGE
06-23 08:02:35.697 W/PackageManager( 1908): Cannot whitelist unknown permission: com.oppo.launcher.permission.READ_SETTINGS
06-23 08:02:35.697 W/PackageManager( 1908): Cannot whitelist unknown permission: com.oppo.launcher.permission.WRITE_SETTINGS
06-23 08:02:35.697 W/PackageManager( 1908): Cannot whitelist unknown permission: com.cequint.ecid.CALLER_ID_LOOKUP
06-23 08:02:35.697 W/PackageManager( 1908): Cannot whitelist unknown permission: com.motorola.incallui.permission.INCOMING_CALL_VISIBILITY_CHANGED
06-23 08:02:35.722 W/PackageManager( 1908): Cannot whitelist unknown permission: com.sec.android.provider.badge.permission.READ
06-23 08:02:35.722 W/PackageManager( 1908): Cannot whitelist unknown permission: com.sec.android.provider.badge.permission.WRITE
06-23 08:02:35.722 W/PackageManager( 1908): Cannot whitelist unknown permission: com.htc.launcher.permission.READ_SETTINGS
06-23 08:02:35.722 W/PackageManager( 1908): Cannot whitelist unknown permission: com.htc.launcher.permission.UPDATE_SHORTCUT
06-23 08:02:35.722 W/PackageManager( 1908): Cannot whitelist unknown permission: com.sonyericsson.home.permission.BROADCAST_BADGE
06-23 08:02:35.722 W/PackageManager( 1908): Cannot whitelist unknown permission: com.sonymobile.home.permission.PROVIDER_INSERT_BADGE
06-23 08:02:35.722 W/PackageManager( 1908): Cannot whitelist unknown permission: com.anddoes.launcher.permission.UPDATE_COUNT
06-23 08:02:35.722 W/PackageManager( 1908): Cannot whitelist unknown permission: com.majeur.launcher.permission.UPDATE_BADGE
06-23 08:02:35.722 W/PackageManager( 1908): Cannot whitelist unknown permission: com.huawei.android.launcher.permission.CHANGE_BADGE
06-23 08:02:35.722 W/PackageManager( 1908): Cannot whitelist unknown permission: com.huawei.android.launcher.permission.READ_SETTINGS
06-23 08:02:35.722 W/PackageManager( 1908): Cannot whitelist unknown permission: com.huawei.android.launcher.permission.WRITE_SETTINGS
06-23 08:02:35.722 W/PackageManager( 1908): Cannot whitelist unknown permission: android.permission.READ_APP_BADGE
06-23 08:02:35.722 W/PackageManager( 1908): Cannot whitelist unknown permission: com.oppo.launcher.permission.READ_SETTINGS
06-23 08:02:35.722 W/PackageManager( 1908): Cannot whitelist unknown permission: com.oppo.launcher.permission.WRITE_SETTINGS
06-23 08:02:35.722 W/PackageManager( 1908): Cannot whitelist unknown permission: com.cequint.ecid.CALLER_ID_LOOKUP
06-23 08:02:35.722 W/PackageManager( 1908): Cannot whitelist unknown permission: com.motorola.incallui.permission.INCOMING_CALL_VISIBILITY_CHANGED
06-23 08:02:35.726 I/OMXClient( 1908): IOmx service obtained
06-23 08:02:35.726 I/OMXMaster( 1757): makeComponentInstance(OMX.google.vorbis.decoder) in android.hardwar process
06-23 08:02:35.726 E/OMXNodeInstance( 1757): getConfig(0xe9f190e0:google.vorbis.decoder, ConfigAndroidVendorExtension(0x6f100004)) ERROR: Undefined(0x80001001)
06-23 08:02:35.728 W/PackageManager( 1908): Cannot whitelist unknown permission: com.sec.android.provider.badge.permission.READ
06-23 08:02:35.728 W/PackageManager( 1908): Cannot whitelist unknown permission: com.sec.android.provider.badge.permission.WRITE
06-23 08:02:35.728 W/PackageManager( 1908): Cannot whitelist unknown permission: com.htc.launcher.permission.READ_SETTINGS
06-23 08:02:35.729 W/PackageManager( 1908): Cannot whitelist unknown permission: com.htc.launcher.permission.UPDATE_SHORTCUT
06-23 08:02:35.729 W/PackageManager( 1908): Cannot whitelist unknown permission: com.sonyericsson.home.permission.BROADCAST_BADGE
06-23 08:02:35.729 W/PackageManager( 1908): Cannot whitelist unknown permission: com.sonymobile.home.permission.PROVIDER_INSERT_BADGE
06-23 08:02:35.729 W/PackageManager( 1908): Cannot whitelist unknown permission: com.anddoes.launcher.permission.UPDATE_COUNT
06-23 08:02:35.730 W/PackageManager( 1908): Cannot whitelist unknown permission: com.majeur.launcher.permission.UPDATE_BADGE
06-23 08:02:35.730 W/PackageManager( 1908): Cannot whitelist unknown permission: com.huawei.android.launcher.permission.CHANGE_BADGE
06-23 08:02:35.730 W/PackageManager( 1908): Cannot whitelist unknown permission: com.huawei.android.launcher.permission.READ_SETTINGS
06-23 08:02:35.730 W/PackageManager( 1908): Cannot whitelist unknown permission: com.huawei.android.launcher.permission.WRITE_SETTINGS
06-23 08:02:35.730 W/PackageManager( 1908): Cannot whitelist unknown permission: android.permission.READ_APP_BADGE
06-23 08:02:35.730 W/PackageManager( 1908): Cannot whitelist unknown permission: com.oppo.launcher.permission.READ_SETTINGS
06-23 08:02:35.730 W/PackageManager( 1908): Cannot whitelist unknown permission: com.oppo.launcher.permission.WRITE_SETTINGS
06-23 08:02:35.744 W/PackageManager( 1908): Cannot whitelist unknown permission: com.cequint.ecid.CALLER_ID_LOOKUP
06-23 08:02:35.744 W/PackageManager( 1908): Cannot whitelist unknown permission: com.motorola.incallui.permission.INCOMING_CALL_VISIBILITY_CHANGED
06-23 08:02:35.747 W/PackageManager( 1908): Cannot whitelist unknown permission: com.sec.android.provider.badge.permission.READ
06-23 08:02:35.747 W/PackageManager( 1908): Cannot whitelist unknown permission: com.sec.android.provider.badge.permission.WRITE
06-23 08:02:35.747 W/PackageManager( 1908): Cannot whitelist unknown permission: com.htc.launcher.permission.READ_SETTINGS
06-23 08:02:35.747 W/PackageManager( 1908): Cannot whitelist unknown permission: com.htc.launcher.permission.UPDATE_SHORTCUT
06-23 08:02:35.747 W/PackageManager( 1908): Cannot whitelist unknown permission: com.sonyericsson.home.permission.BROADCAST_BADGE
06-23 08:02:35.747 W/PackageManager( 1908): Cannot whitelist unknown permission: com.sonymobile.home.permission.PROVIDER_INSERT_BADGE
06-23 08:02:35.747 W/PackageManager( 1908): Cannot whitelist unknown permission: com.anddoes.launcher.permission.UPDATE_COUNT
06-23 08:02:35.747 W/PackageManager( 1908): Cannot whitelist unknown permission: com.majeur.launcher.permission.UPDATE_BADGE
06-23 08:02:35.747 W/PackageManager( 1908): Cannot whitelist unknown permission: com.huawei.android.launcher.permission.CHANGE_BADGE
06-23 08:02:35.747 W/PackageManager( 1908): Cannot whitelist unknown permission: com.huawei.android.launcher.permission.READ_SETTINGS
06-23 08:02:35.747 W/PackageManager( 1908): Cannot whitelist unknown permission: com.huawei.android.launcher.permission.WRITE_SETTINGS
06-23 08:02:35.747 W/PackageManager( 1908): Cannot whitelist unknown permission: android.permission.READ_APP_BADGE
06-23 08:02:35.747 W/PackageManager( 1908): Cannot whitelist unknown permission: com.oppo.launcher.permission.READ_SETTINGS
06-23 08:02:35.747 W/PackageManager( 1908): Cannot whitelist unknown permission: com.oppo.launcher.permission.WRITE_SETTINGS
06-23 08:02:35.747 W/PackageManager( 1908): Cannot whitelist unknown permission: com.cequint.ecid.CALLER_ID_LOOKUP
06-23 08:02:35.747 W/PackageManager( 1908): Cannot whitelist unknown permission: com.motorola.incallui.permission.INCOMING_CALL_VISIBILITY_CHANGED
06-23 08:02:35.754 I/OMXClient( 1908): IOmx service obtained
06-23 08:02:35.755 I/OMXMaster( 1757): makeComponentInstance(OMX.google.vorbis.decoder) in android.hardwar process
06-23 08:02:35.755 E/OMXNodeInstance( 1757): getConfig(0xe9f190e0:google.vorbis.decoder, ConfigAndroidVendorExtension(0x6f100004)) ERROR: Undefined(0x80001001)
06-23 08:02:35.756 W/PackageManager( 1908): Cannot whitelist unknown permission: android.permission.QUERY_ALL_PACKAGES
06-23 08:02:35.757 W/PackageManager( 1908): Cannot whitelist unknown permission: android.permission.PRE_FACTORY_RESET
06-23 08:02:35.757 W/PackageManager( 1908): Cannot whitelist unknown permission: android.permission.MANAGE_FACTORY_RESET_PROTECTION
06-23 08:02:35.757 W/PackageManager( 1908): Cannot whitelist unknown permission: android.car.permission.CAR_POWER
06-23 08:02:35.757 W/PackageManager( 1908): Cannot whitelist unknown permission: com.google.android.wearable.WRITE_SETTINGS
06-23 08:02:35.758 W/PackageManager( 1908): Cannot whitelist unknown permission: com.felicanetworks.mfc.permission.MFC_ACCESS
06-23 08:02:35.758 W/PackageManager( 1908): Cannot whitelist unknown permission: com.felicanetworks.mfc.mfi.permission.MFI_ACCESS
06-23 08:02:35.758 W/PackageManager( 1908): Cannot whitelist unknown permission: com.google.android.finsky.permission.INSTANT_APP_STATE
06-23 08:02:35.758 W/PackageManager( 1908): Cannot whitelist unknown permission: android.permission.UWB
06-23 08:02:35.759 W/PackageManager( 1908): Cannot whitelist unknown permission: com.google.android.finsky.permission.BIND_GET_INSTALL_REFERRER_SERVICE
06-23 08:02:35.759 W/PackageManager( 1908): Cannot whitelist unknown permission: com.google.android.hangouts.START_HANGOUT
06-23 08:02:35.759 W/PackageManager( 1908): Cannot whitelist unknown permission: android.car.permission.CAR_POWERTRAIN
06-23 08:02:35.759 W/PackageManager( 1908): Cannot whitelist unknown permission: android.car.permission.CAR_ENERGY
06-23 08:02:35.759 W/PackageManager( 1908): Cannot whitelist unknown permission: android.car.permission.CAR_ENERGY_PORTS
06-23 08:02:35.759 W/PackageManager( 1908): Cannot whitelist unknown permission: android.car.permission.CAR_EXTERIOR_LIGHTS
06-23 08:02:35.759 W/PackageManager( 1908): Cannot whitelist unknown permission: android.car.permission.CAR_INFO
06-23 08:02:35.759 W/PackageManager( 1908): Cannot whitelist unknown permission: android.car.permission.CAR_MILEAGE
06-23 08:02:35.759 W/PackageManager( 1908): Cannot whitelist unknown permission: android.car.permission.CAR_TIRES
06-23 08:02:35.759 W/PackageManager( 1908): Cannot whitelist unknown permission: android.car.permission.CONTROL_CAR_CLIMATE
06-23 08:02:35.759 W/PackageManager( 1908): Cannot whitelist unknown permission: android.car.permission.CONTROL_CAR_DOORS
06-23 08:02:35.759 W/PackageManager( 1908): Cannot whitelist unknown permission: android.car.permission.CONTROL_CAR_EXTERIOR_LIGHTS
06-23 08:02:35.760 W/PackageManager( 1908): Cannot whitelist unknown permission: android.car.permission.CONTROL_CAR_MIRRORS
06-23 08:02:35.760 W/PackageManager( 1908): Cannot whitelist unknown permission: android.car.permission.CONTROL_CAR_SEATS
06-23 08:02:35.760 W/PackageManager( 1908): Cannot whitelist unknown permission: android.car.permission.CONTROL_CAR_WINDOWS
06-23 08:02:35.760 W/PackageManager( 1908): Cannot whitelist unknown permission: android.car.permission.READ_CAR_DISPLAY_UNITS
06-23 08:02:35.760 W/PackageManager( 1908): Cannot whitelist unknown permission: com.google.android.finsky.permission.GEARHEAD_SERVICE
06-23 08:02:35.760 W/PackageManager( 1908): Cannot whitelist unknown permission: com.google.android.permission.ACCESSIBILITY_SCAN_SERVICE
06-23 08:02:35.760 W/PackageManager( 1908): Cannot whitelist unknown permission: com.google.android.finsky.permission.ACCESS_INSTANT_APP_NOTIFICATION_ENFORCEMENT
06-23 08:02:35.760 W/PackageManager( 1908): Cannot whitelist unknown permission: com.google.android.clockwork.settings.SHOW_FACTORY_RESET_CONFIRMATION
06-23 08:02:35.760 W/PackageManager( 1908): Cannot whitelist unknown permission: com.google.android.wearable.READ_SETTINGS
06-23 08:02:35.760 W/PackageManager( 1908): Cannot whitelist unknown permission: android.permission.READ_MEDIA_AUDIO
06-23 08:02:35.760 W/PackageManager( 1908): Cannot whitelist unknown permission: android.permission.READ_MEDIA_IMAGES
06-23 08:02:35.760 W/PackageManager( 1908): Cannot whitelist unknown permission: android.permission.READ_MEDIA_VIDEO
06-23 08:02:35.760 W/PackageManager( 1908): Cannot whitelist unknown permission: com.android.vending.setup.PLAY_SETUP_SERVICE
06-23 08:02:35.761 W/PackageManager( 1908): Cannot whitelist unknown permission: com.google.android.gms.game.notifications.permission.WRITE
06-23 08:02:35.761 W/PackageManager( 1908): Cannot whitelist unknown permission: com.google.android.vending.verifier.ACCESS_VERIFIER
06-23 08:02:35.763 I/PackageManager( 1908): Un-granting permission android.permission.CAPTURE_VIDEO_OUTPUT from package com.google.android.gms (protectionLevel=2 flags=0xb0cabe45)
06-23 08:02:35.779 I/PackageManager( 1908): Un-granting permission android.permission.MANAGE_DEVICE_ADMINS from package com.google.android.gms (protectionLevel=2 flags=0xb0cabe45)
06-23 08:02:35.779 I/PackageManager( 1908): Un-granting permission android.permission.MANAGE_ACTIVITY_STACKS from package com.google.android.gms (protectionLevel=2 flags=0xb0cabe45)
06-23 08:02:35.779 I/PackageManager( 1908): Un-granting permission android.permission.CAPTURE_SECURE_VIDEO_OUTPUT from package com.google.android.gms (protectionLevel=2 flags=0xb0cabe45)
06-23 08:02:35.780 I/PackageManager( 1908): Un-granting permission android.permission.MANAGE_ROLLBACKS from package com.google.android.gms (protectionLevel=514 flags=0xb0cabe45)
06-23 08:02:35.785 W/PackageManager( 1908): Cannot whitelist unknown permission: android.permission.QUERY_ALL_PACKAGES
06-23 08:02:35.785 W/PackageManager( 1908): Cannot whitelist unknown permission: android.permission.PRE_FACTORY_RESET
06-23 08:02:35.785 W/PackageManager( 1908): Cannot whitelist unknown permission: android.permission.MANAGE_FACTORY_RESET_PROTECTION
06-23 08:02:35.785 W/PackageManager( 1908): Cannot whitelist unknown permission: android.car.permission.CAR_POWER
06-23 08:02:35.785 W/PackageManager( 1908): Cannot whitelist unknown permission: com.google.android.wearable.WRITE_SETTINGS
06-23 08:02:35.785 W/PackageManager( 1908): Cannot whitelist unknown permission: com.felicanetworks.mfc.permission.MFC_ACCESS
06-23 08:02:35.785 W/PackageManager( 1908): Cannot whitelist unknown permission: com.felicanetworks.mfc.mfi.permission.MFI_ACCESS
06-23 08:02:35.785 W/PackageManager( 1908): Cannot whitelist unknown permission: com.google.android.finsky.permission.INSTANT_APP_STATE
06-23 08:02:35.785 W/PackageManager( 1908): Cannot whitelist unknown permission: android.permission.UWB
06-23 08:02:35.785 W/PackageManager( 1908): Cannot whitelist unknown permission: com.google.android.finsky.permission.BIND_GET_INSTALL_REFERRER_SERVICE
06-23 08:02:35.785 W/PackageManager( 1908): Cannot whitelist unknown permission: com.google.android.hangouts.START_HANGOUT
06-23 08:02:35.785 W/PackageManager( 1908): Cannot whitelist unknown permission: android.car.permission.CAR_POWERTRAIN
06-23 08:02:35.785 W/PackageManager( 1908): Cannot whitelist unknown permission: android.car.permission.CAR_ENERGY
06-23 08:02:35.785 W/PackageManager( 1908): Cannot whitelist unknown permission: android.car.permission.CAR_ENERGY_PORTS
06-23 08:02:35.785 W/PackageManager( 1908): Cannot whitelist unknown permission: android.car.permission.CAR_EXTERIOR_LIGHTS
06-23 08:02:35.785 W/PackageManager( 1908): Cannot whitelist unknown permission: android.car.permission.CAR_INFO
06-23 08:02:35.785 W/PackageManager( 1908): Cannot whitelist unknown permission: android.car.permission.CAR_MILEAGE
06-23 08:02:35.785 W/PackageManager( 1908): Cannot whitelist unknown permission: android.car.permission.CAR_TIRES
06-23 08:02:35.786 W/PackageManager( 1908): Cannot whitelist unknown permission: android.car.permission.CONTROL_CAR_CLIMATE
06-23 08:02:35.786 W/PackageManager( 1908): Cannot whitelist unknown permission: android.car.permission.CONTROL_CAR_DOORS
06-23 08:02:35.786 W/PackageManager( 1908): Cannot whitelist unknown permission: android.car.permission.CONTROL_CAR_EXTERIOR_LIGHTS
06-23 08:02:35.786 W/PackageManager( 1908): Cannot whitelist unknown permission: android.car.permission.CONTROL_CAR_MIRRORS
06-23 08:02:35.786 W/PackageManager( 1908): Cannot whitelist unknown permission: android.car.permission.CONTROL_CAR_SEATS
06-23 08:02:35.786 W/PackageManager( 1908): Cannot whitelist unknown permission: android.car.permission.CONTROL_CAR_WINDOWS
06-23 08:02:35.786 W/PackageManager( 1908): Cannot whitelist unknown permission: android.car.permission.READ_CAR_DISPLAY_UNITS
06-23 08:02:35.786 W/PackageManager( 1908): Cannot whitelist unknown permission: com.google.android.finsky.permission.GEARHEAD_SERVICE
06-23 08:02:35.786 W/PackageManager( 1908): Cannot whitelist unknown permission: com.google.android.permission.ACCESSIBILITY_SCAN_SERVICE
06-23 08:02:35.786 W/PackageManager( 1908): Cannot whitelist unknown permission: com.google.android.finsky.permission.ACCESS_INSTANT_APP_NOTIFICATION_ENFORCEMENT
06-23 08:02:35.786 W/PackageManager( 1908): Cannot whitelist unknown permission: com.google.android.clockwork.settings.SHOW_FACTORY_RESET_CONFIRMATION
06-23 08:02:35.786 W/PackageManager( 1908): Cannot whitelist unknown permission: com.google.android.wearable.READ_SETTINGS
06-23 08:02:35.786 W/PackageManager( 1908): Cannot whitelist unknown permission: android.permission.READ_MEDIA_AUDIO
06-23 08:02:35.786 W/PackageManager( 1908): Cannot whitelist unknown permission: android.permission.READ_MEDIA_IMAGES
06-23 08:02:35.786 W/PackageManager( 1908): Cannot whitelist unknown permission: android.permission.READ_MEDIA_VIDEO
06-23 08:02:35.786 W/PackageManager( 1908): Cannot whitelist unknown permission: com.android.vending.setup.PLAY_SETUP_SERVICE
06-23 08:02:35.786 W/PackageManager( 1908): Cannot whitelist unknown permission: com.google.android.gms.game.notifications.permission.WRITE
06-23 08:02:35.786 W/PackageManager( 1908): Cannot whitelist unknown permission: com.google.android.vending.verifier.ACCESS_VERIFIER
06-23 08:02:35.786 I/PackageManager( 1908): Un-granting permission android.permission.CAPTURE_VIDEO_OUTPUT from package com.google.android.gms (protectionLevel=2 flags=0xb0cabe45)
06-23 08:02:35.786 I/PackageManager( 1908): Un-granting permission android.permission.MANAGE_DEVICE_ADMINS from package com.google.android.gms (protectionLevel=2 flags=0xb0cabe45)
06-23 08:02:35.786 I/PackageManager( 1908): Un-granting permission android.permission.MANAGE_ACTIVITY_STACKS from package com.google.android.gms (protectionLevel=2 flags=0xb0cabe45)
06-23 08:02:35.786 I/PackageManager( 1908): Un-granting permission android.permission.CAPTURE_SECURE_VIDEO_OUTPUT from package com.google.android.gms (protectionLevel=2 flags=0xb0cabe45)
06-23 08:02:35.786 I/PackageManager( 1908): Un-granting permission android.permission.MANAGE_ROLLBACKS from package com.google.android.gms (protectionLevel=514 flags=0xb0cabe45)
06-23 08:02:35.787 W/PackageManager( 1908): Cannot whitelist unknown permission: android.permission.QUERY_ALL_PACKAGES
06-23 08:02:35.787 W/PackageManager( 1908): Cannot whitelist unknown permission: android.permission.PRE_FACTORY_RESET
06-23 08:02:35.787 W/PackageManager( 1908): Cannot whitelist unknown permission: android.permission.MANAGE_FACTORY_RESET_PROTECTION
06-23 08:02:35.787 W/PackageManager( 1908): Cannot whitelist unknown permission: android.car.permission.CAR_POWER
06-23 08:02:35.787 W/PackageManager( 1908): Cannot whitelist unknown permission: com.google.android.wearable.WRITE_SETTINGS
06-23 08:02:35.787 W/PackageManager( 1908): Cannot whitelist unknown permission: com.felicanetworks.mfc.permission.MFC_ACCESS
06-23 08:02:35.787 W/PackageManager( 1908): Cannot whitelist unknown permission: com.felicanetworks.mfc.mfi.permission.MFI_ACCESS
06-23 08:02:35.787 W/PackageManager( 1908): Cannot whitelist unknown permission: com.google.android.finsky.permission.INSTANT_APP_STATE
06-23 08:02:35.787 W/PackageManager( 1908): Cannot whitelist unknown permission: android.permission.UWB
06-23 08:02:35.787 W/PackageManager( 1908): Cannot whitelist unknown permission: com.google.android.finsky.permission.BIND_GET_INSTALL_REFERRER_SERVICE
06-23 08:02:35.787 W/PackageManager( 1908): Cannot whitelist unknown permission: com.google.android.hangouts.START_HANGOUT
06-23 08:02:35.787 W/PackageManager( 1908): Cannot whitelist unknown permission: android.car.permission.CAR_POWERTRAIN
06-23 08:02:35.787 W/PackageManager( 1908): Cannot whitelist unknown permission: android.car.permission.CAR_ENERGY
06-23 08:02:35.787 W/PackageManager( 1908): Cannot whitelist unknown permission: android.car.permission.CAR_ENERGY_PORTS
06-23 08:02:35.787 W/PackageManager( 1908): Cannot whitelist unknown permission: android.car.permission.CAR_EXTERIOR_LIGHTS
06-23 08:02:35.787 W/PackageManager( 1908): Cannot whitelist unknown permission: android.car.permission.CAR_INFO
06-23 08:02:35.787 W/PackageManager( 1908): Cannot whitelist unknown permission: android.car.permission.CAR_MILEAGE
06-23 08:02:35.788 W/PackageManager( 1908): Cannot whitelist unknown permission: android.car.permission.CAR_TIRES
06-23 08:02:35.788 W/PackageManager( 1908): Cannot whitelist unknown permission: android.car.permission.CONTROL_CAR_CLIMATE
06-23 08:02:35.788 W/PackageManager( 1908): Cannot whitelist unknown permission: android.car.permission.CONTROL_CAR_DOORS
06-23 08:02:35.788 W/PackageManager( 1908): Cannot whitelist unknown permission: android.car.permission.CONTROL_CAR_EXTERIOR_LIGHTS
06-23 08:02:35.788 W/PackageManager( 1908): Cannot whitelist unknown permission: android.car.permission.CONTROL_CAR_MIRRORS
06-23 08:02:35.788 W/PackageManager( 1908): Cannot whitelist unknown permission: android.car.permission.CONTROL_CAR_SEATS
06-23 08:02:35.788 W/PackageManager( 1908): Cannot whitelist unknown permission: android.car.permission.CONTROL_CAR_WINDOWS
06-23 08:02:35.788 W/PackageManager( 1908): Cannot whitelist unknown permission: android.car.permission.READ_CAR_DISPLAY_UNITS
06-23 08:02:35.788 W/PackageManager( 1908): Cannot whitelist unknown permission: com.google.android.finsky.permission.GEARHEAD_SERVICE
06-23 08:02:35.788 W/PackageManager( 1908): Cannot whitelist unknown permission: com.google.android.permission.ACCESSIBILITY_SCAN_SERVICE
06-23 08:02:35.788 W/PackageManager( 1908): Cannot whitelist unknown permission: com.google.android.finsky.permission.ACCESS_INSTANT_APP_NOTIFICATION_ENFORCEMENT
06-23 08:02:35.788 W/PackageManager( 1908): Cannot whitelist unknown permission: com.google.android.clockwork.settings.SHOW_FACTORY_RESET_CONFIRMATION
06-23 08:02:35.788 W/PackageManager( 1908): Cannot whitelist unknown permission: com.google.android.wearable.READ_SETTINGS
06-23 08:02:35.788 W/PackageManager( 1908): Cannot whitelist unknown permission: android.permission.READ_MEDIA_AUDIO
06-23 08:02:35.788 W/PackageManager( 1908): Cannot whitelist unknown permission: android.permission.READ_MEDIA_IMAGES
06-23 08:02:35.788 W/PackageManager( 1908): Cannot whitelist unknown permission: android.permission.READ_MEDIA_VIDEO
06-23 08:02:35.788 W/PackageManager( 1908): Cannot whitelist unknown permission: com.android.vending.setup.PLAY_SETUP_SERVICE
06-23 08:02:35.788 W/PackageManager( 1908): Cannot whitelist unknown permission: com.google.android.gms.game.notifications.permission.WRITE
06-23 08:02:35.788 W/PackageManager( 1908): Cannot whitelist unknown permission: com.google.android.vending.verifier.ACCESS_VERIFIER
06-23 08:02:35.788 I/PackageManager( 1908): Un-granting permission android.permission.CAPTURE_VIDEO_OUTPUT from package com.google.android.gms (protectionLevel=2 flags=0xb0cabe45)
06-23 08:02:35.788 I/PackageManager( 1908): Un-granting permission android.permission.MANAGE_DEVICE_ADMINS from package com.google.android.gms (protectionLevel=2 flags=0xb0cabe45)
06-23 08:02:35.788 I/PackageManager( 1908): Un-granting permission android.permission.MANAGE_ACTIVITY_STACKS from package com.google.android.gms (protectionLevel=2 flags=0xb0cabe45)
06-23 08:02:35.788 I/PackageManager( 1908): Un-granting permission android.permission.CAPTURE_SECURE_VIDEO_OUTPUT from package com.google.android.gms (protectionLevel=2 flags=0xb0cabe45)
06-23 08:02:35.788 I/PackageManager( 1908): Un-granting permission android.permission.MANAGE_ROLLBACKS from package com.google.android.gms (protectionLevel=514 flags=0xb0cabe45)
06-23 08:02:35.789 W/PackageManager( 1908): Cannot whitelist unknown permission: android.permission.QUERY_ALL_PACKAGES
06-23 08:02:35.789 W/PackageManager( 1908): Cannot whitelist unknown permission: android.permission.PRE_FACTORY_RESET
06-23 08:02:35.789 W/PackageManager( 1908): Cannot whitelist unknown permission: android.permission.MANAGE_FACTORY_RESET_PROTECTION
06-23 08:02:35.789 W/PackageManager( 1908): Cannot whitelist unknown permission: android.car.permission.CAR_POWER
06-23 08:02:35.789 W/PackageManager( 1908): Cannot whitelist unknown permission: com.google.android.wearable.WRITE_SETTINGS
06-23 08:02:35.789 W/PackageManager( 1908): Cannot whitelist unknown permission: com.felicanetworks.mfc.permission.MFC_ACCESS
06-23 08:02:35.789 W/PackageManager( 1908): Cannot whitelist unknown permission: com.felicanetworks.mfc.mfi.permission.MFI_ACCESS
06-23 08:02:35.789 W/PackageManager( 1908): Cannot whitelist unknown permission: com.google.android.finsky.permission.INSTANT_APP_STATE
06-23 08:02:35.790 W/PackageManager( 1908): Cannot whitelist unknown permission: android.permission.UWB
06-23 08:02:35.790 W/PackageManager( 1908): Cannot whitelist unknown permission: com.google.android.finsky.permission.BIND_GET_INSTALL_REFERRER_SERVICE
06-23 08:02:35.790 W/PackageManager( 1908): Cannot whitelist unknown permission: com.google.android.hangouts.START_HANGOUT
06-23 08:02:35.790 W/PackageManager( 1908): Cannot whitelist unknown permission: android.car.permission.CAR_POWERTRAIN
06-23 08:02:35.790 W/PackageManager( 1908): Cannot whitelist unknown permission: android.car.permission.CAR_ENERGY
06-23 08:02:35.790 W/PackageManager( 1908): Cannot whitelist unknown permission: android.car.permission.CAR_ENERGY_PORTS
06-23 08:02:35.790 W/PackageManager( 1908): Cannot whitelist unknown permission: android.car.permission.CAR_EXTERIOR_LIGHTS
06-23 08:02:35.790 W/PackageManager( 1908): Cannot whitelist unknown permission: android.car.permission.CAR_INFO
06-23 08:02:35.790 W/PackageManager( 1908): Cannot whitelist unknown permission: android.car.permission.CAR_MILEAGE
06-23 08:02:35.790 W/PackageManager( 1908): Cannot whitelist unknown permission: android.car.permission.CAR_TIRES
06-23 08:02:35.790 W/PackageManager( 1908): Cannot whitelist unknown permission: android.car.permission.CONTROL_CAR_CLIMATE
06-23 08:02:35.790 W/PackageManager( 1908): Cannot whitelist unknown permission: android.car.permission.CONTROL_CAR_DOORS
06-23 08:02:35.790 W/PackageManager( 1908): Cannot whitelist unknown permission: android.car.permission.CONTROL_CAR_EXTERIOR_LIGHTS
06-23 08:02:35.790 W/PackageManager( 1908): Cannot whitelist unknown permission: android.car.permission.CONTROL_CAR_MIRRORS
06-23 08:02:35.790 W/PackageManager( 1908): Cannot whitelist unknown permission: android.car.permission.CONTROL_CAR_SEATS
06-23 08:02:35.790 W/PackageManager( 1908): Cannot whitelist unknown permission: android.car.permission.CONTROL_CAR_WINDOWS
06-23 08:02:35.790 W/PackageManager( 1908): Cannot whitelist unknown permission: android.car.permission.READ_CAR_DISPLAY_UNITS
06-23 08:02:35.790 W/PackageManager( 1908): Cannot whitelist unknown permission: com.google.android.finsky.permission.GEARHEAD_SERVICE
06-23 08:02:35.790 W/PackageManager( 1908): Cannot whitelist unknown permission: com.google.android.permission.ACCESSIBILITY_SCAN_SERVICE
06-23 08:02:35.790 W/PackageManager( 1908): Cannot whitelist unknown permission: com.google.android.finsky.permission.ACCESS_INSTANT_APP_NOTIFICATION_ENFORCEMENT
06-23 08:02:35.790 W/PackageManager( 1908): Cannot whitelist unknown permission: com.google.android.clockwork.settings.SHOW_FACTORY_RESET_CONFIRMATION
06-23 08:02:35.790 W/PackageManager( 1908): Cannot whitelist unknown permission: com.google.android.wearable.READ_SETTINGS
06-23 08:02:35.790 W/PackageManager( 1908): Cannot whitelist unknown permission: android.permission.READ_MEDIA_AUDIO
06-23 08:02:35.790 W/PackageManager( 1908): Cannot whitelist unknown permission: android.permission.READ_MEDIA_IMAGES
06-23 08:02:35.790 W/PackageManager( 1908): Cannot whitelist unknown permission: android.permission.READ_MEDIA_VIDEO
06-23 08:02:35.790 W/PackageManager( 1908): Cannot whitelist unknown permission: com.android.vending.setup.PLAY_SETUP_SERVICE
06-23 08:02:35.790 W/PackageManager( 1908): Cannot whitelist unknown permission: com.google.android.gms.game.notifications.permission.WRITE
06-23 08:02:35.790 W/PackageManager( 1908): Cannot whitelist unknown permission: com.google.android.vending.verifier.ACCESS_VERIFIER
06-23 08:02:35.790 I/PackageManager( 1908): Un-granting permission android.permission.CAPTURE_VIDEO_OUTPUT from package com.google.android.gms (protectionLevel=2 flags=0xb0cabe45)
06-23 08:02:35.790 I/PackageManager( 1908): Un-granting permission android.permission.MANAGE_DEVICE_ADMINS from package com.google.android.gms (protectionLevel=2 flags=0xb0cabe45)
06-23 08:02:35.790 I/PackageManager( 1908): Un-granting permission android.permission.MANAGE_ACTIVITY_STACKS from package com.google.android.gms (protectionLevel=2 flags=0xb0cabe45)
06-23 08:02:35.790 I/PackageManager( 1908): Un-granting permission android.permission.CAPTURE_SECURE_VIDEO_OUTPUT from package com.google.android.gms (protectionLevel=2 flags=0xb0cabe45)
06-23 08:02:35.790 I/PackageManager( 1908): Un-granting permission android.permission.MANAGE_ROLLBACKS from package com.google.android.gms (protectionLevel=514 flags=0xb0cabe45)
06-23 08:02:35.794 W/PackageManager( 1908): Cannot whitelist unknown permission: android.permission.QUERY_ALL_PACKAGES
06-23 08:02:35.794 W/PackageManager( 1908): Cannot whitelist unknown permission: android.permission.PRE_FACTORY_RESET
06-23 08:02:35.794 W/PackageManager( 1908): Cannot whitelist unknown permission: android.permission.MANAGE_FACTORY_RESET_PROTECTION
06-23 08:02:35.794 W/PackageManager( 1908): Cannot whitelist unknown permission: android.car.permission.CAR_POWER
06-23 08:02:35.794 W/PackageManager( 1908): Cannot whitelist unknown permission: com.google.android.wearable.WRITE_SETTINGS
06-23 08:02:35.794 W/PackageManager( 1908): Cannot whitelist unknown permission: com.felicanetworks.mfc.permission.MFC_ACCESS
06-23 08:02:35.794 W/PackageManager( 1908): Cannot whitelist unknown permission: com.felicanetworks.mfc.mfi.permission.MFI_ACCESS
06-23 08:02:35.794 W/PackageManager( 1908): Cannot whitelist unknown permission: com.google.android.finsky.permission.INSTANT_APP_STATE
06-23 08:02:35.796 I/.gms.persisten( 2052): Compiler allocated 5343KB to compile boolean cuf.a(cyl, boolean, caau, caau, int, java.util.List, java.io.File, cyh)
06-23 08:02:35.802 W/PackageManager( 1908): Cannot whitelist unknown permission: android.permission.UWB
06-23 08:02:35.802 W/PackageManager( 1908): Cannot whitelist unknown permission: com.google.android.finsky.permission.BIND_GET_INSTALL_REFERRER_SERVICE
06-23 08:02:35.802 W/PackageManager( 1908): Cannot whitelist unknown permission: com.google.android.hangouts.START_HANGOUT
06-23 08:02:35.802 W/PackageManager( 1908): Cannot whitelist unknown permission: android.car.permission.CAR_POWERTRAIN
06-23 08:02:35.802 W/PackageManager( 1908): Cannot whitelist unknown permission: android.car.permission.CAR_ENERGY
06-23 08:02:35.802 W/PackageManager( 1908): Cannot whitelist unknown permission: android.car.permission.CAR_ENERGY_PORTS
06-23 08:02:35.802 W/PackageManager( 1908): Cannot whitelist unknown permission: android.car.permission.CAR_EXTERIOR_LIGHTS
06-23 08:02:35.802 W/PackageManager( 1908): Cannot whitelist unknown permission: android.car.permission.CAR_INFO
06-23 08:02:35.802 W/PackageManager( 1908): Cannot whitelist unknown permission: android.car.permission.CAR_MILEAGE
06-23 08:02:35.802 W/PackageManager( 1908): Cannot whitelist unknown permission: android.car.permission.CAR_TIRES
06-23 08:02:35.802 W/PackageManager( 1908): Cannot whitelist unknown permission: android.car.permission.CONTROL_CAR_CLIMATE
06-23 08:02:35.802 W/PackageManager( 1908): Cannot whitelist unknown permission: android.car.permission.CONTROL_CAR_DOORS
06-23 08:02:35.802 W/PackageManager( 1908): Cannot whitelist unknown permission: android.car.permission.CONTROL_CAR_EXTERIOR_LIGHTS
06-23 08:02:35.802 W/PackageManager( 1908): Cannot whitelist unknown permission: android.car.permission.CONTROL_CAR_MIRRORS
06-23 08:02:35.802 W/PackageManager( 1908): Cannot whitelist unknown permission: android.car.permission.CONTROL_CAR_SEATS
06-23 08:02:35.802 W/PackageManager( 1908): Cannot whitelist unknown permission: android.car.permission.CONTROL_CAR_WINDOWS
06-23 08:02:35.802 W/PackageManager( 1908): Cannot whitelist unknown permission: android.car.permission.READ_CAR_DISPLAY_UNITS
06-23 08:02:35.802 W/PackageManager( 1908): Cannot whitelist unknown permission: com.google.android.finsky.permission.GEARHEAD_SERVICE
06-23 08:02:35.802 W/PackageManager( 1908): Cannot whitelist unknown permission: com.google.android.permission.ACCESSIBILITY_SCAN_SERVICE
06-23 08:02:35.802 W/PackageManager( 1908): Cannot whitelist unknown permission: com.google.android.finsky.permission.ACCESS_INSTANT_APP_NOTIFICATION_ENFORCEMENT
06-23 08:02:35.802 W/PackageManager( 1908): Cannot whitelist unknown permission: com.google.android.clockwork.settings.SHOW_FACTORY_RESET_CONFIRMATION
06-23 08:02:35.802 W/PackageManager( 1908): Cannot whitelist unknown permission: com.google.android.wearable.READ_SETTINGS
06-23 08:02:35.802 W/PackageManager( 1908): Cannot whitelist unknown permission: android.permission.READ_MEDIA_AUDIO
