06-23 08:02:31.189 I/MediaCodecsXmlParser( 1757): limit: size-range = 16x16-1920x1088
06-23 08:02:31.189 I/MediaCodecsXmlParser( 1757): limit: alignment = 2x2
06-23 08:02:31.189 I/MediaCodecsXmlParser( 1757): limit: block-size = 16x16
06-23 08:02:31.189 I/MediaCodecsXmlParser( 1757): limit: blocks-per-second-range = 1-244800
06-23 08:02:31.189 I/MediaCodecsXmlParser( 1757): limit: bitrate-range = 1-20000000
06-23 08:02:31.189 I/MediaCodecsXmlParser( 1757): limit: feature-intra-refresh = 0
06-23 08:02:31.189 I/MediaCodecsXmlParser( 1757): limit: size-range = 16x16-176x144
06-23 08:02:31.189 I/MediaCodecsXmlParser( 1757): limit: alignment = 16x16
06-23 08:02:31.189 I/MediaCodecsXmlParser( 1757): limit: block-size = 16x16
06-23 08:02:31.189 I/MediaCodecsXmlParser( 1757): limit: blocks-per-second-range = 12-1485
06-23 08:02:31.189 I/MediaCodecsXmlParser( 1757): limit: bitrate-range = 1-64000
06-23 08:02:31.189 I/MediaCodecsXmlParser( 1757): limit: size-range = 2x2-2048x2048
06-23 08:02:31.189 I/MediaCodecsXmlParser( 1757): limit: alignment = 2x2
06-23 08:02:31.189 I/MediaCodecsXmlParser( 1757): limit: bitrate-range = 1-40000000
06-23 08:02:31.189 I/MediaCodecsXmlParser( 1757): limit: feature-bitrate-modes = VBR,CBR
06-23 08:02:31.189 D/MediaCodecsXmlParser( 1757): parsing /vendor/etc/media_codecs_performance.xml...
06-23 08:02:31.189 I/MediaCodecsXmlParser( 1757): limit: measured-frame-rate-176x144-range = 849-1008
06-23 08:02:31.189 I/MediaCodecsXmlParser( 1757): limit: measured-frame-rate-320x240-range = 496-629
06-23 08:02:31.189 I/MediaCodecsXmlParser( 1757): limit: measured-frame-rate-720x480-range = 197-203
06-23 08:02:31.189 I/MediaCodecsXmlParser( 1757): limit: measured-frame-rate-1280x720-range = 93-97
06-23 08:02:31.189 I/MediaCodecsXmlParser( 1757): limit: measured-frame-rate-1920x1080-range = 45-47
06-23 08:02:31.189 I/MediaCodecsXmlParser( 1757): limit: measured-frame-rate-176x144-range = 881-1142
06-23 08:02:31.189 I/MediaCodecsXmlParser( 1757): limit: measured-frame-rate-320x180-range = 249-285
06-23 08:02:31.189 I/MediaCodecsXmlParser( 1757): limit: measured-frame-rate-640x360-range = 104-115
06-23 08:02:31.189 I/MediaCodecsXmlParser( 1757): limit: measured-frame-rate-1280x720-range = 34-35
06-23 08:02:31.189 I/MediaCodecsXmlParser( 1757): limit: measured-frame-rate-1920x1080-range = 26-29
06-23 08:02:31.189 I/MediaCodecsXmlParser( 1757): limit: measured-frame-rate-176x144-range = 1246-1390
06-23 08:02:31.189 I/MediaCodecsXmlParser( 1757): limit: measured-frame-rate-352x288-range = 1121-1128
06-23 08:02:31.189 I/MediaCodecsXmlParser( 1757): limit: measured-frame-rate-320x240-range = 299-629
06-23 08:02:31.189 I/MediaCodecsXmlParser( 1757): limit: measured-frame-rate-720x480-range = 215-250
06-23 08:02:31.189 I/MediaCodecsXmlParser( 1757): limit: measured-frame-rate-1280x720-range = 75-85
06-23 08:02:31.189 I/MediaCodecsXmlParser( 1757): limit: measured-frame-rate-1920x1080-range = 31-34
06-23 08:02:31.189 I/MediaCodecsXmlParser( 1757): limit: measured-frame-rate-352x288-range = 754-817
06-23 08:02:31.189 I/MediaCodecsXmlParser( 1757): limit: measured-frame-rate-640x360-range = 323-394
06-23 08:02:31.189 I/MediaCodecsXmlParser( 1757): limit: measured-frame-rate-720x480-range = 349-372
06-23 08:02:31.190 I/MediaCodecsXmlParser( 1757): limit: measured-frame-rate-1280x720-range = 144-157
06-23 08:02:31.190 I/MediaCodecsXmlParser( 1757): limit: measured-frame-rate-1920x1080-range = 74-85
06-23 08:02:31.190 I/MediaCodecsXmlParser( 1757): limit: measured-frame-rate-176x144-range = 1439-1625
06-23 08:02:31.190 I/MediaCodecsXmlParser( 1757): limit: measured-frame-rate-320x180-range = 1129-1261
06-23 08:02:31.190 I/MediaCodecsXmlParser( 1757): limit: measured-frame-rate-640x360-range = 471-525
06-23 08:02:31.190 I/MediaCodecsXmlParser( 1757): limit: measured-frame-rate-1280x720-range = 126-145
06-23 08:02:31.190 I/MediaCodecsXmlParser( 1757): limit: measured-frame-rate-1920x1080-range = 48-51
06-23 08:02:31.190 I/MediaCodecsXmlParser( 1757): limit: measured-frame-rate-2160x2160-range = 31-34
06-23 08:02:31.190 I/MediaCodecsXmlParser( 1757): limit: measured-frame-rate-320x180-range = 968-1101
06-23 08:02:31.190 I/MediaCodecsXmlParser( 1757): limit: measured-frame-rate-640x360-range = 291-338
06-23 08:02:31.190 I/MediaCodecsXmlParser( 1757): limit: measured-frame-rate-1280x720-range = 280-400
06-23 08:02:31.190 I/MediaCodecsXmlParser( 1757): limit: measured-frame-rate-1920x1080-range = 178-240
06-23 08:02:31.190 I/MediaCodecsXmlParser( 1757): limit: measured-frame-rate-2560x1440-range = 31-34
06-23 08:02:31.190 D/MediaCodecsXmlParser( 1757): Cannot find /data/misc/media/media_codecs_profiling_results.xml
06-23 08:02:31.195 E/SoundTriggerHalImpl( 1668): couldn't load sound trigger module sound_trigger.primary (No such file or directory)
06-23 08:02:31.195 I/ServiceManagement( 1668): Registered android.hardware.soundtrigger@2.0::ISoundTriggerHw/default (start delay of 901ms)
06-23 08:02:31.196 I/audiohalservice( 1668): Registration complete for android.hardware.soundtrigger@2.0::ISoundTriggerHw/default.
06-23 08:02:31.196 I/hwservicemanager( 1567): getTransport: Cannot find entry android.hardware.bluetooth.audio@2.0::IBluetoothAudioProvidersFactory/default in either framework or device manifest.
06-23 08:02:31.196 E/audiohalservice( 1668): Could not get passthrough implementation for android.hardware.bluetooth.audio@2.0::IBluetoothAudioProvidersFactory/default.
06-23 08:02:31.196 W/audiohalservice( 1668): Could not register Bluetooth Audio API 2.0
06-23 08:02:31.196 I/hwservicemanager( 1567): getTransport: Cannot find entry android.hardware.bluetooth.a2dp@1.0::IBluetoothAudioOffload/default in either framework or device manifest.
06-23 08:02:31.196 E/audiohalservice( 1668): Could not get passthrough implementation for android.hardware.bluetooth.a2dp@1.0::IBluetoothAudioOffload/default.
06-23 08:02:31.196 W/audiohalservice( 1668): Could not register Bluetooth audio offload 1.0
06-23 08:02:31.210 D/RenderEngine( 1723): shader cache generated - 48 shaders in 148.728607 ms
06-23 08:02:31.210 I/ServiceManagement( 1723): Registered android.frameworks.displayservice@1.0::IDisplayService/default (start delay of 786ms)
06-23 08:02:31.211 D/SurfaceFlinger( 1723): Setting power mode 2 on display 0
06-23 08:02:31.211 D/SurfaceFlinger( 1723): Finished setting power mode 2 on display 0
06-23 08:02:31.212 I/ServiceManagement( 1757): Registered android.hardware.media.omx@1.0::IOmxStore/default (start delay of 598ms)
06-23 08:02:31.212 I/ServiceManagement( 1757): Removing namespace from process name android.hardware.media.omx@1.0-service to omx@1.0-service.
06-23 08:02:31.213 I/zygote64( 1661): Core platform API reporting enabled, enforcing=false
06-23 08:02:31.231 D/AndroidRuntime( 1662): >>>>>> START com.android.internal.os.ZygoteInit uid 0 <<<<<<
06-23 08:02:31.261 I/cameraserver( 1739): ServiceManager: 0x7ad5bfb1a100
06-23 08:02:31.265 I/CameraService( 1739): CameraService started (pid=1739)
06-23 08:02:31.265 I/CameraService( 1739): CameraService process starting
06-23 08:02:31.265 W/BatteryNotifier( 1739): batterystats service unavailable!
06-23 08:02:31.265 W/BatteryNotifier( 1739): batterystats service unavailable!
06-23 08:02:31.267 I/CameraProviderManager( 1739): Connecting to new camera provider: legacy/0, isRemote? 1
06-23 08:02:31.267 I/CameraProviderManager( 1739): Camera provider legacy/0 ready with 0 camera devices
06-23 08:02:31.267 I/hwservicemanager( 1567): getTransport: Cannot find entry android.hardware.camera.provider@2.4::ICameraProvider/external/0 in either framework or device manifest.
06-23 08:02:31.269 I/        ( 1739): Waiting for activity service
06-23 08:02:31.270 I/ServiceManager( 1752): Waiting for service 'package_native' on '/dev/binder'...
06-23 08:02:31.277 I/AndroidRuntime( 1662): Using default boot image
06-23 08:02:31.277 I/AndroidRuntime( 1662): Leaving lock profiling enabled
06-23 08:02:31.281 W/CameraProviderManager( 1739): addProviderLocked: Camera provider HAL with name 'legacy/0' already registered
06-23 08:02:31.284 I/netd    ( 1660): Setting up StrictController hooks: 496.2ms
06-23 08:02:31.284 I/ClatdController( 1660): 4.9+ kernel and device shipped with P - clat ebpf might work.
06-23 08:02:31.284 I/netd    ( 1660): Initializing ClatdController: 0.1ms
06-23 08:02:31.287 I/netd    ( 1660): Initializing traffic control: 2.3ms
06-23 08:02:31.288 I/netd    ( 1660): Enabling bandwidth control: 1.4ms
06-23 08:02:31.288 E/Netd    ( 1660): cannot find interface dummy0
06-23 08:02:31.288 I/netd    ( 1660): Initializing RouteController: 0.3ms
06-23 08:02:31.288 D/XfrmController( 1660): XfrmController::ipSecAddXfrmInterface, line=1379
06-23 08:02:31.289 D/XfrmController( 1660): XfrmController::ipSecRemoveTunnelInterface, line=1592
06-23 08:02:31.289 D/XfrmController( 1660): deviceName=ipsec_test
06-23 08:02:31.292 I/zygote  ( 1662): option[0]=-Xzygote
06-23 08:02:31.292 I/zygote  ( 1662): option[1]=exit
06-23 08:02:31.292 I/zygote  ( 1662): option[2]=vfprintf
06-23 08:02:31.292 I/zygote  ( 1662): option[3]=sensitiveThread
06-23 08:02:31.292 I/zygote  ( 1662): option[4]=-verbose:gc
06-23 08:02:31.292 I/zygote  ( 1662): option[5]=-Xms4m
06-23 08:02:31.292 I/zygote  ( 1662): option[6]=-Xmx512m
06-23 08:02:31.292 I/zygote  ( 1662): option[7]=-Xusejit:true
06-23 08:02:31.292 I/zygote  ( 1662): option[8]=-Xjitsaveprofilinginfo
06-23 08:02:31.292 I/zygote  ( 1662): option[9]=-XjdwpOptions:suspend=n,server=y
06-23 08:02:31.292 I/zygote  ( 1662): option[10]=-XjdwpProvider:default
06-23 08:02:31.292 I/zygote  ( 1662): option[11]=-Xlockprofthreshold:500
06-23 08:02:31.292 I/zygote  ( 1662): option[12]=-Ximage-compiler-option
06-23 08:02:31.292 I/zygote  ( 1662): option[13]=--runtime-arg
06-23 08:02:31.292 I/zygote  ( 1662): option[14]=-Ximage-compiler-option
06-23 08:02:31.292 I/zygote  ( 1662): option[15]=-Xms64m
06-23 08:02:31.292 I/zygote  ( 1662): option[16]=-Ximage-compiler-option
06-23 08:02:31.292 I/zygote  ( 1662): option[17]=--runtime-arg
06-23 08:02:31.292 I/zygote  ( 1662): option[18]=-Ximage-compiler-option
06-23 08:02:31.292 I/zygote  ( 1662): option[19]=-Xmx64m
06-23 08:02:31.292 I/zygote  ( 1662): option[20]=-Ximage-compiler-option
06-23 08:02:31.292 I/zygote  ( 1662): option[21]=--profile-file=/system/etc/boot-image.prof
06-23 08:02:31.292 I/zygote  ( 1662): option[22]=-Ximage-compiler-option
06-23 08:02:31.292 I/zygote  ( 1662): option[23]=--compiler-filter=speed-profile
06-23 08:02:31.292 I/zygote  ( 1662): option[24]=-Xcompiler-option
06-23 08:02:31.292 I/zygote  ( 1662): option[25]=--runtime-arg
06-23 08:02:31.292 I/zygote  ( 1662): option[26]=-Xcompiler-option
06-23 08:02:31.292 I/zygote  ( 1662): option[27]=-Xms64m
06-23 08:02:31.292 I/zygote  ( 1662): option[28]=-Xcompiler-option
06-23 08:02:31.292 I/zygote  ( 1662): option[29]=--runtime-arg
06-23 08:02:31.292 I/zygote  ( 1662): option[30]=-Xcompiler-option
06-23 08:02:31.292 I/zygote  ( 1662): option[31]=-Xmx512m
06-23 08:02:31.292 I/zygote  ( 1662): option[32]=-Ximage-compiler-option
06-23 08:02:31.292 I/zygote  ( 1662): option[33]=--instruction-set-variant=x86_64
06-23 08:02:31.292 I/zygote  ( 1662): option[34]=-Xcompiler-option
06-23 08:02:31.292 I/zygote  ( 1662): option[35]=--instruction-set-variant=x86_64
06-23 08:02:31.292 I/zygote  ( 1662): option[36]=-Ximage-compiler-option
06-23 08:02:31.292 I/zygote  ( 1662): option[37]=--instruction-set-features=default
06-23 08:02:31.292 I/zygote  ( 1662): option[38]=-Xcompiler-option
06-23 08:02:31.292 I/zygote  ( 1662): option[39]=--instruction-set-features=default
06-23 08:02:31.292 I/zygote  ( 1662): option[40]=-Duser.locale=en-US
06-23 08:02:31.292 I/zygote  ( 1662): option[41]=--cpu-abilist=x86
06-23 08:02:31.292 I/zygote  ( 1662): option[42]=-Xcompiler-option
06-23 08:02:31.292 I/zygote  ( 1662): option[43]=--generate-mini-debug-info
06-23 08:02:31.292 I/zygote  ( 1662): option[44]=-Xcore-platform-api-policy:just-warn
06-23 08:02:31.292 I/zygote  ( 1662): option[45]=-Xfingerprint:google/sdk_gphone_x86_64/generic_x86_64:10/QSR1.211112.011/13135432:userdebug/dev-keys
06-23 08:02:31.307 E/MediaExtractorFactory( 1748): couldn't opendir(/system/lib64/extractors)
06-23 08:02:31.307 W/zygote  ( 1662): Could not reserve sentinel fault page
06-23 08:02:31.312 I/zygote  ( 1662): Core platform API reporting enabled, enforcing=false
06-23 08:02:31.324 I//apex/com.android.media.swcodec/bin/mediaswcodec( 1761): media swcodec service starting
06-23 08:02:31.324 D/XfrmController( 1660): Sending Netlink XFRM Message: XFRM_MSG_FLUSHSA
06-23 08:02:31.325 D/XfrmController( 1660): Sending Netlink XFRM Message: XFRM_MSG_FLUSHPOLICY
06-23 08:02:31.325 I/netd    ( 1660): Initializing XfrmController: 36.2ms
06-23 08:02:31.325 W//apex/com.android.media.swcodec/bin/mediaswcodec( 1761): Could not read additional policy file '/vendor/etc/seccomp_policy/mediaswcodec.policy'
06-23 08:02:31.325 E/Netd    ( 1660): Unable to create netlink socket for family 5: Protocol not supported
06-23 08:02:31.325 W/Netd    ( 1660): Unable to open qlog quota socket, check if xt_quota2 can send via UeventHandler
06-23 08:02:31.325 W//apex/com.android.media.swcodec/bin/mediaswcodec( 1761): libminijail[1761]: failed to get path of fd 4: No such file or directory
06-23 08:02:31.325 W//apex/com.android.media.swcodec/bin/mediaswcodec( 1761): libminijail[1761]: allowing syscall: socket
06-23 08:02:31.325 W//apex/com.android.media.swcodec/bin/mediaswcodec( 1761): libminijail[1761]: allowing syscall: connect
06-23 08:02:31.325 W//apex/com.android.media.swcodec/bin/mediaswcodec( 1761): libminijail[1761]: allowing syscall: fcntl
06-23 08:02:31.325 W//apex/com.android.media.swcodec/bin/mediaswcodec( 1761): libminijail[1761]: allowing syscall: writev
06-23 08:02:31.325 W//apex/com.android.media.swcodec/bin/mediaswcodec( 1761): libminijail[1761]: compile_file: <fd>(20): nonexistent syscall 'getuid32'
06-23 08:02:31.325 W//apex/com.android.media.swcodec/bin/mediaswcodec( 1761): libminijail[1761]: compile_file: <fd>(26): nonexistent syscall 'mmap2'
06-23 08:02:31.325 W//apex/com.android.media.swcodec/bin/mediaswcodec( 1761): libminijail[1761]: compile_file: <fd>(28): nonexistent syscall 'fstat64'
06-23 08:02:31.325 W//apex/com.android.media.swcodec/bin/mediaswcodec( 1761): libminijail[1761]: compile_file: <fd>(30): nonexistent syscall 'stat64'
06-23 08:02:31.325 W//apex/com.android.media.swcodec/bin/mediaswcodec( 1761): libminijail[1761]: compile_file: <fd>(31): nonexistent syscall 'statfs64'
06-23 08:02:31.325 W//apex/com.android.media.swcodec/bin/mediaswcodec( 1761): libminijail[1761]: compile_file: <fd>(33): nonexistent syscall 'fstatat64'
06-23 08:02:31.325 W//apex/com.android.media.swcodec/bin/mediaswcodec( 1761): libminijail[1761]: compile_file: <fd>(38): nonexistent syscall '_llseek'
06-23 08:02:31.326 W//apex/com.android.media.swcodec/bin/mediaswcodec( 1761): libminijail[1761]: compile_file: <fd>(47): nonexistent syscall 'ugetrlimit'
06-23 08:02:31.326 W//apex/com.android.media.swcodec/bin/mediaswcodec( 1761): libminijail[1761]: compile_file: <fd>(50): nonexistent syscall '_llseek'
06-23 08:02:31.326 W//apex/com.android.media.swcodec/bin/mediaswcodec( 1761): libminijail[1761]: compile_file: <fd>(51): nonexistent syscall 'fstatfs64'
06-23 08:02:31.326 W//apex/com.android.media.swcodec/bin/mediaswcodec( 1761): libminijail[1761]: compile_file: <fd>(63): nonexistent syscall 'ftruncate64'
06-23 08:02:31.326 W//apex/com.android.media.swcodec/bin/mediaswcodec( 1761): libminijail[1761]: compile_file: /system/etc/seccomp_policy/crash_dump.x86.policy(5): nonexistent syscall 'sigreturn'
06-23 08:02:31.326 W//apex/com.android.media.swcodec/bin/mediaswcodec( 1761): libminijail[1761]: compile_file: /system/etc/seccomp_policy/crash_dump.x86.policy(31): nonexistent syscall 'getuid32'
06-23 08:02:31.326 W//apex/com.android.media.swcodec/bin/mediaswcodec( 1761): libminijail[1761]: compile_file: /system/etc/seccomp_policy/crash_dump.x86.policy(32): nonexistent syscall 'fstat64'
06-23 08:02:31.326 W//apex/com.android.media.swcodec/bin/mediaswcodec( 1761): libminijail[1761]: compile_file: /system/etc/seccomp_policy/crash_dump.x86.policy(33): nonexistent syscall 'mmap2'
06-23 08:02:31.326 W//apex/com.android.media.swcodec/bin/mediaswcodec( 1761): libminijail[1761]: compile_file: /system/etc/seccomp_policy/crash_dump.x86.policy(34): nonexistent syscall 'geteuid32'
06-23 08:02:31.326 W//apex/com.android.media.swcodec/bin/mediaswcodec( 1761): libminijail[1761]: compile_file: /system/etc/seccomp_policy/crash_dump.x86.policy(35): nonexistent syscall 'getgid32'
06-23 08:02:31.326 W//apex/com.android.media.swcodec/bin/mediaswcodec( 1761): libminijail[1761]: compile_file: /system/etc/seccomp_policy/crash_dump.x86.policy(36): nonexistent syscall 'getegid32'
06-23 08:02:31.326 W//apex/com.android.media.swcodec/bin/mediaswcodec( 1761): libminijail[1761]: compile_file: /system/etc/seccomp_policy/crash_dump.x86.policy(37): nonexistent syscall 'getgroups32'
06-23 08:02:31.326 W//apex/com.android.media.swcodec/bin/mediaswcodec( 1761): libminijail[1761]: logging seccomp filter failures
06-23 08:02:31.326 I/CodecServiceRegistrant( 1761): Creating software Codec2 service...
06-23 08:02:31.327 I/libnetd_resolv( 1660): resolv_init: Initializing resolver
06-23 08:02:31.328 D/MDnsDS  ( 1660): MDnsSdListener::Hander starting up
06-23 08:02:31.328 I/netd    ( 1660): Registering NetdNativeService: 0.1ms
06-23 08:02:31.329 I/ServiceManagement( 1660): Registered android.system.net.netd@1.1::INetd/default (start delay of 1124ms)
06-23 08:02:31.329 I/netd    ( 1660): Registering NetdHwService: 0.8ms
06-23 08:02:31.329 I/netd    ( 1660): Netd started in 1061ms
06-23 08:02:31.330 I/ServiceManagement( 1761): Registered android.hardware.media.c2@1.0::IComponentStore/software (start delay of 685ms)
06-23 08:02:31.330 I/CodecServiceRegistrant( 1761): Software Codec2 service created.
06-23 08:02:31.335 D/MDnsDS  ( 1660): MDnsSdListener starting to monitor
06-23 08:02:31.335 D/MDnsDS  ( 1660): Going to poll with pollCount 1
06-23 08:02:31.368 I/mediaserver( 1750): ServiceManager: 0xf2106ca0
06-23 08:02:31.371 I/ServiceManager( 1752): Waiting for service 'package_native' on '/dev/binder'...
06-23 08:02:31.385 W/BatteryNotifier( 1750): batterystats service unavailable!
06-23 08:02:31.392 I/BootAnimation( 1842): boot animation disabled
06-23 08:02:31.459 I/FastMixerState( 1710): sMaxFastTracks = 8
06-23 08:02:31.460 V/MediaUtils( 1710): physMem: 2089566208
06-23 08:02:31.460 V/MediaUtils( 1710): requested limit: 417913240
06-23 08:02:31.460 I/libc    ( 1710): malloc_limit: Allocation limit enabled, max size 417913240 bytes
06-23 08:02:31.461 I/audioserver( 1710): ServiceManager: 0x7ad1cd11adc0
06-23 08:02:31.461 W/BatteryNotifier( 1710): batterystats service unavailable!
06-23 08:02:31.461 I/hwservicemanager( 1567): getTransport: Cannot find entry android.hardware.audio@5.0::IDevicesFactory/default in either framework or device manifest.
06-23 08:02:31.462 I/hwservicemanager( 1567): getTransport: Cannot find entry android.hardware.audio@4.0::IDevicesFactory/msd in either framework or device manifest.
06-23 08:02:31.462 I/hwservicemanager( 1567): getTransport: Cannot find entry android.hardware.audio.effect@5.0::IEffectsFactory/default in either framework or device manifest.
06-23 08:02:31.463 I/AudioFlinger( 1710): Using default 3000 mSec as standby time.
06-23 08:02:31.469 E/APM::Serializer( 1710): deserialize: Could not parse /odm/etc/audio_policy_configuration.xml document.
06-23 08:02:31.471 I/ServiceManager( 1752): Waiting for service 'package_native' on '/dev/binder'...
06-23 08:02:31.473 E/APM::AudioPolicyEngine/Config( 1710): parse: Could not parse document /vendor/etc/audio_policy_engine_configuration.xml
06-23 08:02:31.473 W/APM::AudioPolicyEngine/Base( 1710): loadAudioPolicyEngineConfig: No configuration found, using default matching phone experience.
06-23 08:02:31.473 E/APM::AudioPolicyEngine/Config( 1710): parseLegacyVolumeFile: Could not parse document /odm/etc/audio_policy_configuration.xml
06-23 08:02:31.479 D/audio_hw_generic( 1668): Emulator host-side ALSA audio emulation detected.
06-23 08:02:31.479 D/audio_hw_generic( 1668): mixer 0 name Master Playback Volume
06-23 08:02:31.479 D/audio_hw_generic( 1668): set ctl 0 to 100
06-23 08:02:31.479 D/audio_hw_generic( 1668): set ctl 1 to 100
06-23 08:02:31.480 D/audio_hw_generic( 1668): mixer 1 name Master Playback Switch
06-23 08:02:31.480 D/audio_hw_generic( 1668): set ctl 0 to 1
06-23 08:02:31.480 D/audio_hw_generic( 1668): set ctl 1 to 1
06-23 08:02:31.481 D/audio_hw_generic( 1668): mixer 2 name Capture Volume
06-23 08:02:31.481 D/audio_hw_generic( 1668): set ctl 0 to 100
06-23 08:02:31.481 D/audio_hw_generic( 1668): set ctl 1 to 100
06-23 08:02:31.481 D/audio_hw_generic( 1668): mixer 3 name Capture Switch
06-23 08:02:31.481 D/audio_hw_generic( 1668): set ctl 0 to 1
06-23 08:02:31.481 D/audio_hw_generic( 1668): set ctl 1 to 1
06-23 08:02:31.481 D/audio_hw_generic( 1668): mixer 4 name Line Phantom Jack
06-23 08:02:31.481 D/audio_hw_generic( 1668): mixer 5 name Line Out Phantom Jack
06-23 08:02:31.482 D/audio_hw_generic( 1668): mixer 6 name Playback Channel Map
06-23 08:02:31.482 D/audio_hw_generic( 1668): mixer 7 name Capture Channel Map
06-23 08:02:31.482 W/DeviceHAL( 1668): Error from HAL Device in function get_master_volume: Function not implemented
06-23 08:02:31.482 W/DeviceHAL( 1668): Error from HAL Device in function get_master_mute: Function not implemented
06-23 08:02:31.482 W/DeviceHAL( 1668): Error from HAL Device in function set_master_volume: Function not implemented
06-23 08:02:31.482 W/DeviceHAL( 1668): Error from HAL Device in function set_master_mute: Function not implemented
06-23 08:02:31.482 I/AudioFlinger( 1710): loadHwModule() Loaded primary audio interface, handle 10
06-23 08:02:31.483 I/AudioFlinger( 1710): openOutput() this 0x7ad1cd125600, module 10 Device 0x2, SamplingRate 44100, Format 0x000001, Channels 0x3, flags 0x2
06-23 08:02:31.485 W/AudioFlinger( 1710): HAL output buffer size is 661 frames but AudioMixer requires multiples of 16 frames
06-23 08:02:31.485 I/AudioFlinger( 1710): HAL output buffer size 661 frames, normal sink buffer size 1056 frames
06-23 08:02:31.486 I/hwservicemanager( 1567): getTransport: Cannot find entry android.hardware.audio.effect@5.0::IEffectsFactory/default in either framework or device manifest.
06-23 08:02:31.505 I/BufferProvider( 1710): found effect "Multichannel Downmix To Stereo" from The Android Open Source Project
06-23 08:02:31.506 I/AudioFlinger( 1710): Using module 10 as the primary audio interface
06-23 08:02:31.507 I/AudioFlinger( 1710): AudioFlinger's thread 0x7ad1cd1c8f00 tid=1879 ready to run
06-23 08:02:31.507 W/AudioFlinger( 1710): no wake lock to update, system not ready yet
06-23 08:02:31.508 W/AudioFlinger( 1710): no wake lock to update, system not ready yet
06-23 08:02:31.508 V/APM_AudioPolicyManager( 1710): checkAndSetVolume cannot set volume group 3 volume with force use = 0 for comm
06-23 08:02:31.511 W/AudioFlinger( 1710): moveEffects() bad srcOutput 0
06-23 08:02:31.511 V/APM_AudioPolicyManager( 1710): selectOutputForMusicEffects selected output 13
06-23 08:02:31.511 V/APM_AudioPolicyManager( 1710): setOutputDevices device {type:0x2,@:} delayMs 0
06-23 08:02:31.511 V/APM_AudioPolicyManager( 1710): setOutputDevices() prevDevice {type:0x2,@:}
06-23 08:02:31.511 V/APM_AudioPolicyManager( 1710): setOutputDevices changing device to {type:0x2,@:}
06-23 08:02:31.515 V/APM_AudioPolicyManager( 1710): setOutputDevices() AF::createAudioPatch returned 0 patchHandle 12 num_sources 1 num_sinks 1
06-23 08:02:31.516 V/APM_AudioPolicyManager( 1710): checkAndSetVolume cannot set volume group 3 volume with force use = 0 for comm
06-23 08:02:31.519 I/AudioFlinger( 1710): AudioFlinger's thread 0x7ad1c838cac0 tid=1881 ready to run
06-23 08:02:31.522 W/AudioFlinger( 1710): no wake lock to update, system not ready yet
06-23 08:02:31.522 W/AudioFlinger( 1710): no wake lock to update, system not ready yet
06-23 08:02:31.525 I/r_submix( 1668): adev_open(name=audio_hw_if)
06-23 08:02:31.525 I/r_submix( 1668): adev_init_check()
06-23 08:02:31.525 W/DeviceHAL( 1668): Error from HAL Device in function set_master_volume: Function not implemented
06-23 08:02:31.525 W/DeviceHAL( 1668): Error from HAL Device in function set_master_mute: Function not implemented
06-23 08:02:31.525 I/AudioFlinger( 1710): loadHwModule() Loaded r_submix audio interface, handle 18
06-23 08:02:31.525 D/r_submix( 1668): adev_open_input_stream(addr=0)
06-23 08:02:31.525 D/r_submix( 1668): submix_audio_device_create_pipe_l(addr=0, idx=9)
06-23 08:02:31.525 D/r_submix( 1668):   now using address 0 for route 9
06-23 08:02:31.527 I/AudioFlinger( 1710): AudioFlinger's thread 0x7ad1c838cd00 tid=1884 ready to run
06-23 08:02:31.527 I/r_submix( 1668): in_standby()
06-23 08:02:31.527 W/AudioFlinger( 1710): no wake lock to update, system not ready yet
06-23 08:02:31.527 I/r_submix( 1668): in_standby()
06-23 08:02:31.530 W/AudioFlinger( 1710): no wake lock to update, system not ready yet
06-23 08:02:31.531 D/r_submix( 1668): adev_close_input_stream()
06-23 08:02:31.531 D/r_submix( 1668): submix_audio_device_release_pipe_l(idx=9) addr=0
06-23 08:02:31.531 D/r_submix( 1668): submix_audio_device_destroy_pipe_l(): pipe destroyed
06-23 08:02:31.532 I/        ( 1710): Waiting for activity service
06-23 08:02:31.541 D/ICU     ( 1662): Time zone APEX file found: /apex/com.android.tzdata/etc/icu/icu_tzdata.dat
06-23 08:02:31.544 D/ICU     ( 1661): Time zone APEX file found: /apex/com.android.tzdata/etc/icu/icu_tzdata.dat
06-23 08:02:31.572 I/ServiceManager( 1752): Waiting for service 'package_native' on '/dev/binder'...
06-23 08:02:31.574 W/zygote  ( 1662): Unexpected CPU variant for X86 using defaults: x86_64
06-23 08:02:31.581 W/zygote64( 1661): Unexpected CPU variant for X86 using defaults: x86_64
06-23 08:02:31.639 W/zygote  ( 1662): JNI RegisterNativeMethods: attempt to register 0 native methods for android.media.AudioAttributes
06-23 08:02:31.639 W/zygote64( 1661): JNI RegisterNativeMethods: attempt to register 0 native methods for android.media.AudioAttributes
06-23 08:02:31.648 D/Zygote  ( 1661): begin preload
06-23 08:02:31.649 I/Zygote  ( 1661): Calling ZygoteHooks.beginPreload()
06-23 08:02:31.655 I/zygote  ( 1662): Explicit concurrent copying GC freed 296(39KB) AllocSpace objects, 0(0B) LOS objects, 98% free, 24KB/1560KB, paused 1.100ms total 4.905ms
06-23 08:02:31.660 I/zygote  ( 1662): Explicit concurrent copying GC freed 5(32KB) AllocSpace objects, 0(0B) LOS objects, 98% free, 24KB/1560KB, paused 717us total 3.974ms
06-23 08:02:31.661 D/Zygote32Timing( 1662): PostZygoteInitGC took to complete: 11ms
06-23 08:02:31.661 D/Zygote32Timing( 1662): ZygoteInit took to complete: 11ms
06-23 08:02:31.665 D/Zygote64Timing( 1661): BeginPreload took to complete: 17ms
06-23 08:02:31.665 I/Zygote  ( 1661): Preloading classes...
06-23 08:02:31.666 W/Zygote  ( 1661): Class not found for preloading: android.app.-$$Lambda$ActivityThread$ZXDWm3IBeFmLnFVblhB-IOZCr9o
06-23 08:02:31.673 I/ServiceManager( 1752): Waiting for service 'package_native' on '/dev/binder'...
06-23 08:02:31.702 W/Zygote  ( 1661): Class not found for preloading: android.bluetooth.BluetoothA2dp$2
06-23 08:02:31.707 I/adbd    ( 1731): adbd listening on port 5555
06-23 08:02:31.708 I/PackageBackwardCompatibility( 1661): Could not find android.content.pm.AndroidTestBaseUpdater, ignoring
06-23 08:02:31.709 I/adbd    ( 1731): USB event: FUNCTIONFS_ENABLE
06-23 08:02:31.709 W/adbd    ( 1731): received FUNCTIONFS_ENABLE while not bound?
06-23 08:02:31.709 I/adbd    ( 1731): UsbFfs: connection terminated: monitor thread finished
06-23 08:02:31.709 I/adbd    ( 1731): UsbFfs: already offline
06-23 08:02:31.709 I/adbd    ( 1731): destroying transport UsbFfs
06-23 08:02:31.709 I/adbd    ( 1731): UsbFfsConnection being destroyed
06-23 08:02:31.711 I/Zygote  ( 1662): Accepting command socket connections
06-23 08:02:31.773 I/ServiceManager( 1752): Waiting for service 'package_native' on '/dev/binder'...
06-23 08:02:31.784 I/adbd    ( 1731): opening control endpoint /dev/usb-ffs/adb/ep0
06-23 08:02:31.793 I/adbd    ( 1731): UsbFfsConnection constructed
06-23 08:02:31.793 I/adbd    ( 1731): USB event: FUNCTIONFS_BIND
06-23 08:02:31.874 I/ServiceManager( 1752): Waiting for service 'package_native' on '/dev/binder'...
06-23 08:02:31.923 E/ActivityRecognitionHardware( 1661): activity_recognition HAL is deprecated. class_init is effectively a no-op
06-23 08:02:31.948 I/zygote64( 1661): Thread[1,tid=1661,Native,Thread*=0x73ed46d41000,peer=0x12c02208,"main"] recursive attempt to load library "libmedia_jni.so"
06-23 08:02:31.948 D/MtpDeviceJNI( 1661): register_android_mtp_MtpDevice
06-23 08:02:31.949 I/zygote64( 1661): Thread[1,tid=1661,Native,Thread*=0x73ed46d41000,peer=0x12c02208,"main"] recursive attempt to load library "libmedia_jni.so"
06-23 08:02:31.949 I/zygote64( 1661): Thread[1,tid=1661,Native,Thread*=0x73ed46d41000,peer=0x12c02208,"main"] recursive attempt to load library "libmedia_jni.so"
06-23 08:02:31.955 W/Zygote  ( 1661): Class not found for preloading: android.media.audiopolicy.AudioProductStrategies
06-23 08:02:31.955 W/Zygote  ( 1661): Class not found for preloading: android.media.audiopolicy.AudioVolumeGroups
06-23 08:02:31.977 I/ServiceManager( 1752): Waiting for service 'package_native' on '/dev/binder'...
06-23 08:02:32.026 W/Zygote  ( 1661): Class not found for preloading: android.view.textclassifier.-$$Lambda$TextClassificationManager$JIaezIJbMig_-kVzN6oArzkTsJE
06-23 08:02:32.031 W/Zygote  ( 1661): Class not found for preloading: com.android.internal.net.NetworkStatsFactory
06-23 08:02:32.035 W/Zygote  ( 1661): Class not found for preloading: com.android.internal.telephony.-$$Lambda$PhoneSubInfoController$8HFbCDJDN1mrLJG980qYH5MGqMk
06-23 08:02:32.035 W/Zygote  ( 1661): Class not found for preloading: com.android.internal.telephony.-$$Lambda$PhoneSubInfoController$U28a_EGx2cvmQhDfRRgonMt5Zrc
06-23 08:02:32.035 W/Zygote  ( 1661): Class not found for preloading: com.android.internal.telephony.-$$Lambda$SubscriptionInfoUpdater$-zZXM9oMRZ3vZz7dJOG19J00Bmw
06-23 08:02:32.035 W/Zygote  ( 1661): Class not found for preloading: com.android.internal.telephony.-$$Lambda$SubscriptionInfoUpdater$D5yF1HbS4cvCyoAj3FESkPtA_0g
06-23 08:02:32.035 W/Zygote  ( 1661): Class not found for preloading: com.android.internal.telephony.-$$Lambda$SubscriptionInfoUpdater$MMx9iQX0JVqqMPLTUZhdBubFSzU
06-23 08:02:32.041 W/Zygote  ( 1661): Class not found for preloading: com.android.internal.telephony.PhoneConfigurationModels
06-23 08:02:32.044 W/Zygote  ( 1661): Class not found for preloading: com.android.internal.telephony.SubscriptionController$ScLocalLog
06-23 08:02:32.045 W/Zygote  ( 1661): Class not found for preloading: com.android.internal.telephony.UiccSmsController
06-23 08:02:32.066 I/Zygote  ( 1661): ...preloaded 7590 classes in 401ms.
06-23 08:02:32.066 I/zygote64( 1661): VMRuntime.preloadDexCaches starting
06-23 08:02:32.077 I/zygote64( 1661): VMRuntime.preloadDexCaches strings total=378948 before=9925 after=9925
06-23 08:02:32.077 I/zygote64( 1661): VMRuntime.preloadDexCaches types total=35812 before=7199 after=7467
06-23 08:02:32.077 I/zygote64( 1661): VMRuntime.preloadDexCaches fields total=160603 before=8020 after=8221
06-23 08:02:32.077 I/zygote64( 1661): VMRuntime.preloadDexCaches methods total=281511 before=10884 after=11316
06-23 08:02:32.077 I/zygote64( 1661): VMRuntime.preloadDexCaches finished
06-23 08:02:32.078 D/Zygote64Timing( 1661): PreloadClasses took to complete: 412ms
06-23 08:02:32.078 I/ServiceManager( 1752): Waiting for service 'package_native' on '/dev/binder'...
06-23 08:02:32.080 I/zygote64( 1661): The ClassLoaderContext is a special shared library.
06-23 08:02:32.080 D/ApplicationLoaders( 1661): Created zygote-cached class loader: /system/framework/android.hidl.base-V1.0-java.jar
06-23 08:02:32.082 I/zygote64( 1661): The ClassLoaderContext is a special shared library.
06-23 08:02:32.082 D/ApplicationLoaders( 1661): Created zygote-cached class loader: /system/framework/android.hidl.manager-V1.0-java.jar
06-23 08:02:32.082 D/Zygote64Timing( 1661): CacheNonBootClasspathClassLoaders took to complete: 5ms
06-23 08:02:32.178 I/ServiceManager( 1752): Waiting for service 'package_native' on '/dev/binder'...
06-23 08:02:32.248 I/Zygote  ( 1661): Preloading resources...
06-23 08:02:32.258 W/Resources( 1661): Preloaded drawable resource #0x108027c (android:drawable/dialog_background_material) that varies with configuration!!
06-23 08:02:32.270 I/Zygote  ( 1661): ...preloaded 64 resources in 21ms.
06-23 08:02:32.271 I/Zygote  ( 1661): ...preloaded 41 resources in 1ms.
06-23 08:02:32.271 D/Zygote64Timing( 1661): PreloadResources took to complete: 188ms
06-23 08:02:32.274 I/Zygote  ( 1661): Preloading shared libraries...
06-23 08:02:32.279 I/ServiceManager( 1752): Waiting for service 'package_native' on '/dev/binder'...
06-23 08:02:32.280 I/Zygote  ( 1661): Called ZygoteHooks.endPreload()
06-23 08:02:32.280 I/Zygote  ( 1661): Installed AndroidKeyStoreProvider in 1ms.
06-23 08:02:32.282 I/Zygote  ( 1661): Warmed up JCA providers in 1ms.
06-23 08:02:32.282 D/Zygote  ( 1661): end preload
06-23 08:02:32.282 D/Zygote64Timing( 1661): ZygotePreload took to complete: 633ms
06-23 08:02:32.287 I/zygote64( 1661): Explicit concurrent copying GC freed 12354(521KB) AllocSpace objects, 0(0B) LOS objects, 71% free, 2402KB/8546KB, paused 372us total 5.304ms
06-23 08:02:32.292 I/zygote64( 1661): Explicit concurrent copying GC freed 872(63KB) AllocSpace objects, 0(0B) LOS objects, 72% free, 2371KB/8515KB, paused 367us total 4.620ms
06-23 08:02:32.292 D/Zygote64Timing( 1661): PostZygoteInitGC took to complete: 11ms
06-23 08:02:32.292 D/Zygote64Timing( 1661): ZygoteInit took to complete: 644ms
06-23 08:02:32.360 D/Zygote  ( 1661): Forked child process 1908
06-23 08:02:32.360 I/Zygote  ( 1661): System server process 1908 has been created
06-23 08:02:32.361 I/Zygote  ( 1661): Accepting command socket connections
06-23 08:02:32.366 I/system_server( 1908): The ClassLoaderContext is a special shared library.
06-23 08:02:32.377 I/system_server( 1908): The ClassLoaderContext is a special shared library.
06-23 08:02:32.379 I/ServiceManager( 1752): Waiting for service 'package_native' on '/dev/binder'...
06-23 08:02:32.387 I/system_server( 1908): The ClassLoaderContext is a special shared library.
06-23 08:02:32.390 I/system_server( 1908): The ClassLoaderContext is a special shared library.
06-23 08:02:32.392 W/system_server( 1908): Unexpected CPU variant for X86 using defaults: x86_64
06-23 08:02:32.418 I/SystemServer( 1908): InitBeforeStartServices
06-23 08:02:32.420 W/SystemServer( 1908): Timezone not set; setting to GMT.
06-23 08:02:32.422 I/SystemServer( 1908): Entered the Android system server!
06-23 08:02:32.446 I/adbd    ( 1731): USB event: FUNCTIONFS_ENABLE
06-23 08:02:32.480 I/ServiceManager( 1752): Waiting for service 'package_native' on '/dev/binder'...
06-23 08:02:32.508 E/UsbAlsaJackDetectorJNI( 1908): Can't register UsbAlsaJackDetector native methods
06-23 08:02:32.518 D/SystemServerTiming( 1908): InitBeforeStartServices took to complete: 100ms
06-23 08:02:32.518 I/SystemServer( 1908): StartServices
06-23 08:02:32.518 I/SystemServer( 1908): StartWatchdog
06-23 08:02:32.526 D/SystemServerTiming( 1908): StartWatchdog took to complete: 9ms
06-23 08:02:32.526 I/SystemServer( 1908): Reading configuration...
06-23 08:02:32.526 I/SystemServer( 1908): ReadingSystemConfig
06-23 08:02:32.530 D/SystemServerTiming( 1908): ReadingSystemConfig took to complete: 3ms
06-23 08:02:32.530 I/SystemServer( 1908): StartInstaller
06-23 08:02:32.530 D/SystemServerInitThreadPool( 1908): Started executing ReadingSystemConfig
06-23 08:02:32.530 I/SystemServiceManager( 1908): Starting com.android.server.pm.Installer
06-23 08:02:32.533 D/installd( 1743): Found quota mount /dev/block/vdc at /data
06-23 08:02:32.533 D/SystemServerTiming( 1908): StartInstaller took to complete: 4ms
06-23 08:02:32.533 I/SystemServer( 1908): DeviceIdentifiersPolicyService
06-23 08:02:32.534 I/SystemServiceManager( 1908): Starting com.android.server.os.DeviceIdentifiersPolicyService
06-23 08:02:32.534 D/SystemServerTiming( 1908): DeviceIdentifiersPolicyService took to complete: 0ms
06-23 08:02:32.534 I/SystemServer( 1908): UriGrantsManagerService
06-23 08:02:32.534 I/SystemServiceManager( 1908): Starting com.android.server.uri.UriGrantsManagerService$Lifecycle
06-23 08:02:32.538 D/SystemServerTiming( 1908): UriGrantsManagerService took to complete: 4ms
06-23 08:02:32.538 I/SystemServer( 1908): StartActivityManager
06-23 08:02:32.538 I/SystemServiceManager( 1908): Starting com.android.server.wm.ActivityTaskManagerService$Lifecycle
06-23 08:02:32.546 I/SystemServiceManager( 1908): Starting com.android.server.am.ActivityManagerService$Lifecycle
06-23 08:02:32.555 I/SystemConfig( 1908): Adding association: com.google.android.as <- com.android.providers.contacts
06-23 08:02:32.555 I/SystemConfig( 1908): Adding association: com.google.android.as <- com.android.providers.media
06-23 08:02:32.555 I/SystemConfig( 1908): Adding association: com.google.android.as <- com.android.providers.telephony
06-23 08:02:32.555 I/SystemConfig( 1908): Adding association: com.google.android.as <- com.android.systemui
06-23 08:02:32.555 I/SystemConfig( 1908): Adding association: com.google.android.as <- com.google.android.gms
06-23 08:02:32.555 I/SystemConfig( 1908): Adding association: com.google.android.as <- com.google.android.gsf
06-23 08:02:32.557 I/ActivityManager( 1908): Memory class: 512
06-23 08:02:32.568 D/BatteryStatsImpl( 1908): Reading daily items from /data/system/batterystats-daily.xml
06-23 08:02:32.570 E/BatteryStatsImpl( 1908): Error reading battery statistics
06-23 08:02:32.570 E/BatteryStatsImpl( 1908): java.io.FileNotFoundException: /data/system/batterystats.bin: open failed: ENOENT (No such file or directory)
06-23 08:02:32.570 E/BatteryStatsImpl( 1908): 	at libcore.io.IoBridge.open(IoBridge.java:496)
06-23 08:02:32.570 E/BatteryStatsImpl( 1908): 	at java.io.FileInputStream.<init>(FileInputStream.java:159)
06-23 08:02:32.570 E/BatteryStatsImpl( 1908): 	at com.android.internal.os.AtomicFile.openRead(AtomicFile.java:157)
06-23 08:02:32.570 E/BatteryStatsImpl( 1908): 	at com.android.internal.os.AtomicFile.readFully(AtomicFile.java:162)
06-23 08:02:32.570 E/BatteryStatsImpl( 1908): 	at com.android.internal.os.BatteryStatsImpl.readLocked(BatteryStatsImpl.java:13339)
06-23 08:02:32.570 E/BatteryStatsImpl( 1908): 	at com.android.server.am.ActivityManagerService.<init>(ActivityManagerService.java:2501)
06-23 08:02:32.570 E/BatteryStatsImpl( 1908): 	at com.android.server.am.ActivityManagerService$Lifecycle.<init>(ActivityManagerService.java:2215)
06-23 08:02:32.570 E/BatteryStatsImpl( 1908): 	at java.lang.reflect.Constructor.newInstance0(Native Method)
06-23 08:02:32.570 E/BatteryStatsImpl( 1908): 	at java.lang.reflect.Constructor.newInstance(Constructor.java:343)
06-23 08:02:32.570 E/BatteryStatsImpl( 1908): 	at com.android.server.SystemServiceManager.startService(SystemServiceManager.java:101)
06-23 08:02:32.570 E/BatteryStatsImpl( 1908): 	at com.android.server.am.ActivityManagerService$Lifecycle.startService(ActivityManagerService.java:2221)
06-23 08:02:32.570 E/BatteryStatsImpl( 1908): 	at com.android.server.SystemServer.startBootstrapServices(SystemServer.java:660)
06-23 08:02:32.570 E/BatteryStatsImpl( 1908): 	at com.android.server.SystemServer.run(SystemServer.java:510)
06-23 08:02:32.570 E/BatteryStatsImpl( 1908): 	at com.android.server.SystemServer.main(SystemServer.java:349)
06-23 08:02:32.570 E/BatteryStatsImpl( 1908): 	at java.lang.reflect.Method.invoke(Native Method)
06-23 08:02:32.570 E/BatteryStatsImpl( 1908): 	at com.android.internal.os.RuntimeInit$MethodAndArgsCaller.run(RuntimeInit.java:492)
06-23 08:02:32.570 E/BatteryStatsImpl( 1908): 	at com.android.internal.os.ZygoteInit.main(ZygoteInit.java:908)
06-23 08:02:32.570 E/BatteryStatsImpl( 1908): Caused by: android.system.ErrnoException: open failed: ENOENT (No such file or directory)
06-23 08:02:32.570 E/BatteryStatsImpl( 1908): 	at libcore.io.Linux.open(Native Method)
06-23 08:02:32.570 E/BatteryStatsImpl( 1908): 	at libcore.io.ForwardingOs.open(ForwardingOs.java:167)
06-23 08:02:32.570 E/BatteryStatsImpl( 1908): 	at libcore.io.BlockGuardOs.open(BlockGuardOs.java:252)
06-23 08:02:32.570 E/BatteryStatsImpl( 1908): 	at libcore.io.IoBridge.open(IoBridge.java:482)
06-23 08:02:32.570 E/BatteryStatsImpl( 1908): 	... 16 more
06-23 08:02:32.571 E/BatteryStatsImpl( 1908): Error reading battery history
06-23 08:02:32.571 E/BatteryStatsImpl( 1908): java.io.FileNotFoundException: /data/system/battery-history/0.bin: open failed: ENOENT (No such file or directory)
06-23 08:02:32.571 E/BatteryStatsImpl( 1908): 	at libcore.io.IoBridge.open(IoBridge.java:496)
06-23 08:02:32.571 E/BatteryStatsImpl( 1908): 	at java.io.FileInputStream.<init>(FileInputStream.java:159)
06-23 08:02:32.571 E/BatteryStatsImpl( 1908): 	at com.android.internal.os.AtomicFile.openRead(AtomicFile.java:157)
06-23 08:02:32.571 E/BatteryStatsImpl( 1908): 	at com.android.internal.os.AtomicFile.readFully(AtomicFile.java:162)
06-23 08:02:32.571 E/BatteryStatsImpl( 1908): 	at com.android.internal.os.BatteryStatsImpl.readLocked(BatteryStatsImpl.java:13358)
06-23 08:02:32.571 E/BatteryStatsImpl( 1908): 	at com.android.server.am.ActivityManagerService.<init>(ActivityManagerService.java:2501)
06-23 08:02:32.571 E/BatteryStatsImpl( 1908): 	at com.android.server.am.ActivityManagerService$Lifecycle.<init>(ActivityManagerService.java:2215)
06-23 08:02:32.571 E/BatteryStatsImpl( 1908): 	at java.lang.reflect.Constructor.newInstance0(Native Method)
06-23 08:02:32.571 E/BatteryStatsImpl( 1908): 	at java.lang.reflect.Constructor.newInstance(Constructor.java:343)
06-23 08:02:32.571 E/BatteryStatsImpl( 1908): 	at com.android.server.SystemServiceManager.startService(SystemServiceManager.java:101)
06-23 08:02:32.571 E/BatteryStatsImpl( 1908): 	at com.android.server.am.ActivityManagerService$Lifecycle.startService(ActivityManagerService.java:2221)
06-23 08:02:32.571 E/BatteryStatsImpl( 1908): 	at com.android.server.SystemServer.startBootstrapServices(SystemServer.java:660)
06-23 08:02:32.571 E/BatteryStatsImpl( 1908): 	at com.android.server.SystemServer.run(SystemServer.java:510)
06-23 08:02:32.571 E/BatteryStatsImpl( 1908): 	at com.android.server.SystemServer.main(SystemServer.java:349)
06-23 08:02:32.571 E/BatteryStatsImpl( 1908): 	at java.lang.reflect.Method.invoke(Native Method)
06-23 08:02:32.571 E/BatteryStatsImpl( 1908): 	at com.android.internal.os.RuntimeInit$MethodAndArgsCaller.run(RuntimeInit.java:492)
06-23 08:02:32.571 E/BatteryStatsImpl( 1908): 	at com.android.internal.os.ZygoteInit.main(ZygoteInit.java:908)
06-23 08:02:32.571 E/BatteryStatsImpl( 1908): Caused by: android.system.ErrnoException: open failed: ENOENT (No such file or directory)
06-23 08:02:32.571 E/BatteryStatsImpl( 1908): 	at libcore.io.Linux.open(Native Method)
06-23 08:02:32.571 E/BatteryStatsImpl( 1908): 	at libcore.io.ForwardingOs.open(ForwardingOs.java:167)
06-23 08:02:32.571 E/BatteryStatsImpl( 1908): 	at libcore.io.BlockGuardOs.open(BlockGuardOs.java:252)
06-23 08:02:32.571 E/BatteryStatsImpl( 1908): 	at libcore.io.IoBridge.open(IoBridge.java:482)
06-23 08:02:32.571 E/BatteryStatsImpl( 1908): 	... 16 more
06-23 08:02:32.572 W/SystemConfig( 1908): No directory /product_services/etc/sysconfig, skipping
06-23 08:02:32.572 W/SystemConfig( 1908): No directory /product_services/etc/permissions, skipping
06-23 08:02:32.572 D/SystemServerInitThreadPool( 1908): Finished executing ReadingSystemConfig
06-23 08:02:32.573 I/hwservicemanager( 1567): getTransport: Cannot find entry android.hardware.power.stats@1.0::IPowerStats/default in either framework or device manifest.
06-23 08:02:32.574 I/BatteryStatsService( 1908): Using power HAL
06-23 08:02:32.574 E/BatteryStatsService( 1908): Unable to load Power.Stats.HAL. Setting rail availability to false
06-23 08:02:32.574 E/BluetoothAdapter( 1908): Bluetooth binder is null
06-23 08:02:32.575 E/BatteryExternalStatsWorker( 1908): no controller energy info supplied for telephony
06-23 08:02:32.576 E/KernelCpuUidFreqTimeReader( 1908): Failed to read /proc/uid_time_in_state: java.nio.file.NoSuchFileException: /proc/uid_time_in_state
06-23 08:02:32.577 W/KernelCpuProcStringReader( 1908): File not found. It's normal if not implemented: /proc/uid_time_in_state
06-23 08:02:32.577 W/KernelCpuProcStringReader( 1908): File not found. It's normal if not implemented: /proc/uid_concurrent_active_time
06-23 08:02:32.577 W/KernelCpuProcStringReader( 1908): File not found. It's normal if not implemented: /proc/uid_concurrent_policy_time
06-23 08:02:32.577 W/KernelMemoryBandwidthStats( 1908): No kernel memory bandwidth stats available
06-23 08:02:32.578 I/PowerManagerService-JNI( 1908): Loaded power HAL 1.0 service
06-23 08:02:32.578 I/PowerManagerService-JNI( 1908): Loaded power HAL 1.1 service
06-23 08:02:32.586 I/ServiceManager( 1752): Waiting for service 'package_native' on '/dev/binder'...
06-23 08:02:32.586 I/hwservicemanager( 1567): getTransport: Cannot find entry android.hardware.memtrack@1.0::IMemtrack/default in either framework or device manifest.
06-23 08:02:32.586 E/memtrack( 1908): Couldn't load memtrack module
06-23 08:02:32.586 W/android.os.Debug( 1908): failed to get memory consumption info: -1
06-23 08:02:32.588 I/AppOps  ( 1908): No existing app ops /data/system/appops.xml; starting empty
06-23 08:02:32.591 I/IntentFirewall( 1908): Read new rules (A:0 B:0 S:0)
06-23 08:02:32.600 W/libprocessgroup( 1908): Failed to remove /acct/uid_1003: Permission denied
06-23 08:02:32.605 D/AppOps  ( 1908): AppOpsService published
06-23 08:02:32.607 D/SystemServerTiming( 1908): StartActivityManager took to complete: 69ms
06-23 08:02:32.607 I/SystemServer( 1908): StartPowerManager
06-23 08:02:32.607 I/SystemServiceManager( 1908): Starting com.android.server.power.PowerManagerService
06-23 08:02:32.613 D/SystemServerTiming( 1908): StartPowerManager took to complete: 5ms
06-23 08:02:32.613 I/SystemServer( 1908): StartThermalManager
06-23 08:02:32.613 I/SystemServiceManager( 1908): Starting com.android.server.power.ThermalManagerService
06-23 08:02:32.613 D/SystemServerTiming( 1908): StartThermalManager took to complete: 1ms
06-23 08:02:32.614 I/SystemServer( 1908): InitPowerManagement
06-23 08:02:32.614 D/SystemServerTiming( 1908): InitPowerManagement took to complete: 0ms
06-23 08:02:32.614 I/SystemServer( 1908): StartRecoverySystemService
06-23 08:02:32.614 I/SystemServiceManager( 1908): Starting com.android.server.RecoverySystemService
06-23 08:02:32.615 D/SystemServerTiming( 1908): StartRecoverySystemService took to complete: 1ms
06-23 08:02:32.615 V/RescueParty( 1908): Disabled because of active USB connection
06-23 08:02:32.615 I/SystemServer( 1908): StartLightsService
06-23 08:02:32.615 I/SystemServiceManager( 1908): Starting com.android.server.lights.LightsService
06-23 08:02:32.617 D/SystemServerTiming( 1908): StartLightsService took to complete: 1ms
06-23 08:02:32.617 I/SystemServer( 1908): StartSidekickService
06-23 08:02:32.617 D/SystemServerTiming( 1908): StartSidekickService took to complete: 0ms
06-23 08:02:32.617 I/SystemServer( 1908): StartDisplayManager
06-23 08:02:32.617 I/SystemServiceManager( 1908): Starting com.android.server.display.DisplayManagerService
06-23 08:02:32.619 D/SystemServerTiming( 1908): StartDisplayManager took to complete: 1ms
06-23 08:02:32.619 I/SystemServer( 1908): WaitForDisplay
06-23 08:02:32.619 I/SystemServiceManager( 1908): Starting phase 100
06-23 08:02:32.620 E/SurfaceFlinger( 1723): ro.sf.lcd_density must be defined as a build property
06-23 08:02:32.624 I/DisplayManagerService( 1908): Display device added: DisplayDeviceInfo{"Built-in Screen": uniqueId="local:0", 320 x 640, modeId 1, defaultModeId 1, supportedModes [{id=1, width=320, height=640, fps=60.000004}], colorMode 0, supportedColorModes [0], HdrCapabilities android.view.Display$HdrCapabilities@40f16308, density 160, 160.0 x 160.0 dpi, appVsyncOff 1000000, presDeadline 16666666, touch INTERNAL, rotation 0, type BUILT_IN, address {port=0}, state UNKNOWN, FLAG_DEFAULT_DISPLAY, FLAG_ROTATES_WITH_CONTENT, FLAG_SECURE, FLAG_SUPPORTS_PROTECTED_BUFFERS}
06-23 08:02:32.626 D/SurfaceFlinger( 1723): Setting power mode 2 on display 0
06-23 08:02:32.627 I/hwservicemanager( 1567): getTransport: Cannot find entry android.hardware.light@2.0::ILight/default in either framework or device manifest.
06-23 08:02:32.627 D/SystemServerTiming( 1908): WaitForDisplay took to complete: 8ms
06-23 08:02:32.628 W/StrictMode( 1908): No activity manager; failed to Dropbox violation.
06-23 08:02:32.628 I/SystemServer( 1908): StartPackageManagerService
06-23 08:02:32.628 I/Watchdog( 1908): Pausing HandlerChecker: main thread for reason: packagemanagermain. Pause count: 1
06-23 08:02:32.628 I/DisplayManagerService( 1908): Display device changed state: "Built-in Screen", ON
06-23 08:02:32.642 W/FileUtils( 1908): Failed to chmod(/data/system/packages.list): android.system.ErrnoException: chmod failed: ENOENT (No such file or directory)
06-23 08:02:32.645 D/SELinuxMMAC( 1908): Using policy file /system/etc/selinux/plat_mac_permissions.xml
06-23 08:02:32.646 D/SELinuxMMAC( 1908): Using policy file /vendor/etc/selinux/vendor_mac_permissions.xml
06-23 08:02:32.628 I/chatty  ( 1908): uid=1000(system) android.display identical 4 lines
06-23 08:02:32.628 W/StrictMode( 1908): No activity manager; failed to Dropbox violation.
06-23 08:02:32.647 D/FallbackCategoryProvider( 1908): Found 387 fallback categories
06-23 08:02:32.647 I/PackageManager( 1908): No settings file; creating initial state
