06-23 08:02:35.346 I/OMXMaster( 1757): makeComponentInstance(OMX.google.gsm.decoder) in android.hardwar process
06-23 08:02:35.356 I/OMXClient( 1750): IOmx service obtained
06-23 08:02:35.357 I/OMXMaster( 1757): makeComponentInstance(OMX.google.mp3.decoder) in android.hardwar process
06-23 08:02:35.361 D/ProtoStore( 2065): no cached data
06-23 08:02:35.368 I/SystemConfig( 2081): Adding association: com.google.android.as <- com.android.providers.contacts
06-23 08:02:35.361 D/ProtoStore( 2065): no cached data
06-23 08:02:35.368 I/OMXClient( 1750): IOmx service obtained
06-23 08:02:35.368 I/SystemConfig( 2081): Adding association: com.google.android.as <- com.android.providers.media
06-23 08:02:35.368 I/SystemConfig( 2081): Adding association: com.google.android.as <- com.android.providers.telephony
06-23 08:02:35.368 I/SystemConfig( 2081): Adding association: com.google.android.as <- com.android.systemui
06-23 08:02:35.368 I/SystemConfig( 2081): Adding association: com.google.android.as <- com.google.android.gms
06-23 08:02:35.368 I/SystemConfig( 2081): Adding association: com.google.android.as <- com.google.android.gsf
06-23 08:02:35.368 I/OMXMaster( 1757): makeComponentInstance(OMX.google.opus.decoder) in android.hardwar process
06-23 08:02:35.372 I/OMXClient( 1750): IOmx service obtained
06-23 08:02:35.372 I/OMXMaster( 1757): makeComponentInstance(OMX.google.raw.decoder) in android.hardwar process
06-23 08:02:35.377 W/SystemConfig( 2081): No directory /product_services/etc/sysconfig, skipping
06-23 08:02:35.377 W/SystemConfig( 2081): No directory /product_services/etc/permissions, skipping
06-23 08:02:35.379 I/OMXClient( 1750): IOmx service obtained
06-23 08:02:35.379 I/OMXMaster( 1757): makeComponentInstance(OMX.google.vorbis.decoder) in android.hardwar process
06-23 08:02:35.383 E/ActivityThread( 2052): Failed to find provider info for com.google.android.gsf.gservices
06-23 08:02:35.387 I/OMXClient( 1750): IOmx service obtained
06-23 08:02:35.387 I/OMXMaster( 1757): makeComponentInstance(OMX.google.aac.encoder) in android.hardwar process
06-23 08:02:35.388 D/WifiController( 1908): DEFERRED_TOGGLE handled
06-23 08:02:35.388 D/WifiController( 1908): StaEnabledState.enter()
06-23 08:02:35.389 D/WifiActiveModeWarden( 1908): Switching from ScanOnlyModeActiveState to ClientMode
06-23 08:02:35.389 D/WifiScanOnlyModeManager( 1908):  currentstate: StartedState
06-23 08:02:35.389 D/WifiScanRequestProxy( 1908): Sending scan available broadcast: false
06-23 08:02:35.389 I/WifiScanningService( 1908): wifi driver unloaded
06-23 08:02:35.389 I/WifiScanRequestProxy( 1908): Scanning is disabled
06-23 08:02:35.389 D/WifiActiveModeWarden( 1908): Entering ClientModeActiveState
06-23 08:02:35.390 D/WifiClientModeManager( 1908): entering IdleState
06-23 08:02:35.390 D/WakeupController( 1908): stop()
06-23 08:02:35.390 W/wificond( 1756): No pno scan started
06-23 08:02:35.390 E/wificond( 1756): Receive ERROR message in response to 'stop scheduled scan' request: Operation not supported on transport endpoint
06-23 08:02:35.391 I/OMXClient( 1750): IOmx service obtained
06-23 08:02:35.391 I/OMXMaster( 1757): makeComponentInstance(OMX.google.amrnb.encoder) in android.hardwar process
06-23 08:02:35.392 W/android.hardware.wifi@1.0-service( 1701): No active wlan interfaces in use! Using default
06-23 08:02:35.394 I/wificond( 1756): Unsubscribe scan result for interface with index: 3
06-23 08:02:35.396 D/WificondControl( 1908): tearing down interfaces in wificond
06-23 08:02:35.397 E/ActivityThread( 2052): Failed to find provider info for com.google.android.gsf.gservices
06-23 08:02:35.400 I/android.hardware.wifi@1.0-service( 1701): Legacy HAL stop complete callback received
06-23 08:02:35.400 I/android.hardware.wifi@1.0-service( 1701): Wifi HAL stopped
06-23 08:02:35.401 I/WifiVendorHal( 1908): Vendor Hal stopped
06-23 08:02:35.401 I/WifiNative( 1908): Successfully torn down Iface:{Name=wlan0,Id=0,Type=STA_SCAN}
06-23 08:02:35.401 E/HalDevMgr( 1908): getAllChipInfo: called but mWifi is null!?
06-23 08:02:35.401 E/HalDevMgr( 1908): dispatchAvailableForRequestListeners: no chip info found
06-23 08:02:35.401 W/HalDevMgr( 1908): stopWifi called but mWifi is null!?
06-23 08:02:35.401 I/WifiNative( 1908): Successfully initiated teardown for iface=wlan0
06-23 08:02:35.401 D/WifiScanOnlyModeManager( 1908): expected stop, not triggering callbacks: state = 1
06-23 08:02:35.401 E/WifiNative( 1908): Could not get Iface object for interface null
06-23 08:02:35.401 D/WifiActiveModeWarden( 1908): State changed from client mode. state = 2
06-23 08:02:35.401 W/HalDevMgr( 1908): isWifiStarted called but mWifi is null!?
06-23 08:02:35.404 I/OMXClient( 1750): IOmx service obtained
06-23 08:02:35.404 I/OMXMaster( 1757): makeComponentInstance(OMX.google.amrwb.encoder) in android.hardwar process
06-23 08:02:35.406 I/android_os_HwBinder( 1908): HwBinder: Starting thread pool for getting: android.hardware.wifi@1.0::IWifi/default
06-23 08:02:35.408 I/android.hardware.wifi@1.0-service( 1701): Wifi HAL started
06-23 08:02:35.408 I/WifiVendorHal( 1908): Vendor Hal started successfully
06-23 08:02:35.408 I/WifiP2pNative( 1908): Registering for interface available listener
06-23 08:02:35.409 I/android_os_HwBinder( 1908): HwBinder: Starting thread pool for getting: android.hidl.manager@1.0::IServiceManager/default
06-23 08:02:35.411 E/ActivityThread( 2052): Failed to find provider info for com.google.android.gsf.gservices
06-23 08:02:35.411 I/hwservicemanager( 1567): getTransport: Cannot find entry android.hardware.wifi.supplicant@1.1::ISupplicant/default in either framework or device manifest.
06-23 08:02:35.411 I/WifiP2pNative( 1908): Registering for interface available listener
06-23 08:02:35.411 D/WifiP2pNative( 1908): P2P InterfaceAvailableListener true
06-23 08:02:35.411 D/WifiP2pService( 1908): Wifi enabled=false, P2P Interface availability=true, Number of clients=0
06-23 08:02:35.411 D/WifiP2pService( 1908): Wifi enabled=false, P2P Interface availability=true
06-23 08:02:35.412 I/SupplicantStaIfaceHal( 1908): Starting supplicant using init
06-23 08:02:35.416 I/OMXClient( 1750): IOmx service obtained
06-23 08:02:35.416 I/OMXMaster( 1757): makeComponentInstance(OMX.google.flac.encoder) in android.hardwar process
06-23 08:02:35.418 W/DirectBootExitBR( 2052): User is in direct boot mode.
06-23 08:02:35.428 I/OMXClient( 1750): IOmx service obtained
06-23 08:02:35.428 I/OMXMaster( 1757): makeComponentInstance(OMX.android.goldfish.h264.decoder) in android.hardwar process
06-23 08:02:35.428 I/GoldfishOMXPlugin( 1757): makeComponentInstance 'OMX.android.goldfish.h264.decoder'
06-23 08:02:35.428 I/GoldfishOMXPlugin( 1757): Using goldfish codec for 'avcdec'
06-23 08:02:35.431 I/GmsApplication( 2052): Staging modules and/or updating config
06-23 08:02:35.433 E/ChimeraCfgMgr( 2052): Failed to read module config: java.io.FileNotFoundException: /data/user_de/0/com.google.android.gms/app_chimera/current_config.fb: open failed: ENOENT (No such file or directory)
06-23 08:02:35.434 I/GmsApplication( 2052): Staging modules
06-23 08:02:35.435 I/FileApkMgr( 2052): Extracting modules...
06-23 08:02:35.436 I/goldfish_avcdec( 1757): created GoldfishAVCDec 98 object 0xe9f7f000
06-23 08:02:35.437 E/ConfigFileUtils( 2052): Failed to read config file: /data/user_de/0/com.google.android.gms/app_chimera/current_fileapks.pb: open failed: ENOENT (No such file or directory)
06-23 08:02:35.438 E/OMXNodeInstance( 1757): getExtensionIndex(0xe9f18d20:android.goldfish.h264.decoder, OMX.google.android.index.configureVideoTunnelMode) ERROR: UnsupportedIndex(0x8000101a)
06-23 08:02:35.438 D/MediaCodecInfo( 1750): detail feature-tunneled-playback wasn't present to remove
06-23 08:02:35.438 W/OMXNodeInstance( 1757): [0xe9f18d20:android.goldfish.h264.decoder] component does not support metadata mode; using fallback
06-23 08:02:35.443 I/OMXClient( 1750): IOmx service obtained
06-23 08:02:35.443 I/OMXMaster( 1757): makeComponentInstance(OMX.google.h264.decoder) in android.hardwar process
06-23 08:02:35.444 E/OMXNodeInstance( 1757): getExtensionIndex(0xe9f18d20:google.h264.decoder, OMX.google.android.index.configureVideoTunnelMode) ERROR: UnsupportedIndex(0x8000101a)
06-23 08:02:35.444 D/MediaCodecInfo( 1750): detail feature-tunneled-playback wasn't present to remove
06-23 08:02:35.444 E/OMXNodeInstance( 1757): getExtensionIndex(0xe9f18d20:google.h264.decoder, OMX.google.android.index.enableAndroidNativeBuffers) ERROR: UnsupportedIndex(0x8000101a)
06-23 08:02:35.471 I/OMXClient( 1750): IOmx service obtained
06-23 08:02:35.471 I/OMXMaster( 1757): makeComponentInstance(OMX.google.h263.decoder) in android.hardwar process
06-23 08:02:35.472 E/OMXNodeInstance( 1757): getExtensionIndex(0xe9f18d20:google.h263.decoder, OMX.google.android.index.configureVideoTunnelMode) ERROR: UnsupportedIndex(0x8000101a)
06-23 08:02:35.472 D/MediaCodecInfo( 1750): detail feature-tunneled-playback wasn't present to remove
06-23 08:02:35.472 E/OMXNodeInstance( 1757): getExtensionIndex(0xe9f18d20:google.h263.decoder, OMX.google.android.index.enableAndroidNativeBuffers) ERROR: UnsupportedIndex(0x8000101a)
06-23 08:02:35.483 I/OMXClient( 1750): IOmx service obtained
06-23 08:02:35.483 I/OMXMaster( 1757): makeComponentInstance(OMX.google.hevc.decoder) in android.hardwar process
06-23 08:02:35.487 I/wpa_supplicant( 2152): Processing hidl events on FD 3
06-23 08:02:35.487 E/OMXNodeInstance( 1757): getExtensionIndex(0xe9f18d20:google.hevc.decoder, OMX.google.android.index.configureVideoTunnelMode) ERROR: UnsupportedIndex(0x8000101a)
06-23 08:02:35.487 D/MediaCodecInfo( 1750): detail feature-tunneled-playback wasn't present to remove
06-23 08:02:35.487 E/OMXNodeInstance( 1757): getExtensionIndex(0xe9f18d20:google.hevc.decoder, OMX.google.android.index.enableAndroidNativeBuffers) ERROR: UnsupportedIndex(0x8000101a)
06-23 08:02:35.488 I/ServiceManagement( 2152): Registered android.hardware.wifi.supplicant@1.2::ISupplicant/default (start delay of 73ms)
06-23 08:02:35.488 I/wpa_supplicant( 2152): Successfully initialized wpa_supplicant
06-23 08:02:35.489 I/wpa_supplicant( 2152): rfkill: Cannot open RFKILL control device
06-23 08:02:35.492 I/OMXClient( 1750): IOmx service obtained
06-23 08:02:35.492 I/OMXMaster( 1757): makeComponentInstance(OMX.google.mpeg4.decoder) in android.hardwar process
06-23 08:02:35.493 E/OMXNodeInstance( 1757): getExtensionIndex(0xe9f190e0:google.mpeg4.decoder, OMX.google.android.index.configureVideoTunnelMode) ERROR: UnsupportedIndex(0x8000101a)
06-23 08:02:35.493 D/MediaCodecInfo( 1750): detail feature-tunneled-playback wasn't present to remove
06-23 08:02:35.493 E/OMXNodeInstance( 1757): getExtensionIndex(0xe9f190e0:google.mpeg4.decoder, OMX.google.android.index.enableAndroidNativeBuffers) ERROR: UnsupportedIndex(0x8000101a)
06-23 08:02:35.505 I/OMXClient( 1750): IOmx service obtained
06-23 08:02:35.505 I/OMXMaster( 1757): makeComponentInstance(OMX.android.goldfish.vp8.decoder) in android.hardwar process
06-23 08:02:35.505 I/GoldfishOMXPlugin( 1757): makeComponentInstance 'OMX.android.goldfish.vp8.decoder'
06-23 08:02:35.505 I/GoldfishOMXPlugin( 1757): Using goldfish codec for 'vpxdec'
06-23 08:02:35.505 I/goldfish_vpxdec( 1757): calling constructor of GoldfishVPX
06-23 08:02:35.506 E/OMXNodeInstance( 1757): getExtensionIndex(0xe9f190e0:android.goldfish.vp8.decoder, OMX.google.android.index.configureVideoTunnelMode) ERROR: UnsupportedIndex(0x8000101a)
06-23 08:02:35.506 D/MediaCodecInfo( 1750): detail feature-tunneled-playback wasn't present to remove
06-23 08:02:35.506 W/OMXNodeInstance( 1757): [0xe9f190e0:android.goldfish.vp8.decoder] component does not support metadata mode; using fallback
06-23 08:02:35.507 I/goldfish_vpxdec( 1757): calling destructor of GoldfishVPX
06-23 08:02:35.507 I/OMXClient( 1750): IOmx service obtained
06-23 08:02:35.507 I/OMXMaster( 1757): makeComponentInstance(OMX.google.vp8.decoder) in android.hardwar process
06-23 08:02:35.509 E/OMXNodeInstance( 1757): getExtensionIndex(0xe9f190e0:google.vp8.decoder, OMX.google.android.index.configureVideoTunnelMode) ERROR: UnsupportedIndex(0x8000101a)
06-23 08:02:35.509 D/MediaCodecInfo( 1750): detail feature-tunneled-playback wasn't present to remove
06-23 08:02:35.509 E/OMXNodeInstance( 1757): getExtensionIndex(0xe9f190e0:google.vp8.decoder, OMX.google.android.index.enableAndroidNativeBuffers) ERROR: UnsupportedIndex(0x8000101a)
06-23 08:02:35.510 I/OMXClient( 1750): IOmx service obtained
06-23 08:02:35.510 I/OMXMaster( 1757): makeComponentInstance(OMX.android.goldfish.vp9.decoder) in android.hardwar process
06-23 08:02:35.510 I/GoldfishOMXPlugin( 1757): makeComponentInstance 'OMX.android.goldfish.vp9.decoder'
06-23 08:02:35.511 I/GoldfishOMXPlugin( 1757): Using goldfish codec for 'vpxdec'
06-23 08:02:35.511 I/goldfish_vpxdec( 1757): calling constructor of GoldfishVPX
06-23 08:02:35.511 E/OMXNodeInstance( 1757): getExtensionIndex(0xe9f190e0:android.goldfish.vp9.decoder, OMX.google.android.index.configureVideoTunnelMode) ERROR: UnsupportedIndex(0x8000101a)
06-23 08:02:35.511 D/MediaCodecInfo( 1750): detail feature-tunneled-playback wasn't present to remove
06-23 08:02:35.511 W/OMXNodeInstance( 1757): [0xe9f190e0:android.goldfish.vp9.decoder] component does not support metadata mode; using fallback
06-23 08:02:35.511 I/goldfish_vpxdec( 1757): calling destructor of GoldfishVPX
06-23 08:02:35.516 I/OMXClient( 1750): IOmx service obtained
06-23 08:02:35.516 I/OMXMaster( 1757): makeComponentInstance(OMX.google.vp9.decoder) in android.hardwar process
06-23 08:02:35.517 E/OMXNodeInstance( 1757): getExtensionIndex(0xe9f190e0:google.vp9.decoder, OMX.google.android.index.configureVideoTunnelMode) ERROR: UnsupportedIndex(0x8000101a)
06-23 08:02:35.517 D/MediaCodecInfo( 1750): detail feature-tunneled-playback wasn't present to remove
06-23 08:02:35.517 E/OMXNodeInstance( 1757): getExtensionIndex(0xe9f190e0:google.vp9.decoder, OMX.google.android.index.enableAndroidNativeBuffers) ERROR: UnsupportedIndex(0x8000101a)
06-23 08:02:35.518 I/OMXClient( 1750): IOmx service obtained
06-23 08:02:35.518 I/OMXMaster( 1757): makeComponentInstance(OMX.google.h264.encoder) in android.hardwar process
06-23 08:02:35.470 I/chatty  ( 2052): uid=10116 com.google.android.gms.persistent identical 9 lines
06-23 08:02:35.472 E/ActivityThread( 2052): Failed to find provider info for com.google.android.gsf.gservices
06-23 08:02:35.520 I/SystemConfig( 2052): Adding association: com.google.android.as <- com.android.providers.contacts
06-23 08:02:35.520 I/SystemConfig( 2052): Adding association: com.google.android.as <- com.android.providers.media
06-23 08:02:35.520 I/SystemConfig( 2052): Adding association: com.google.android.as <- com.android.providers.telephony
06-23 08:02:35.520 I/SystemConfig( 2052): Adding association: com.google.android.as <- com.android.systemui
06-23 08:02:35.520 I/SystemConfig( 2052): Adding association: com.google.android.as <- com.google.android.gms
06-23 08:02:35.520 I/SystemConfig( 2052): Adding association: com.google.android.as <- com.google.android.gsf
06-23 08:02:35.520 W/OMXUtils( 1750): do not know color format 0x7f000789 = 2130708361
06-23 08:02:35.522 W/SystemConfig( 2052): No directory /product_services/etc/sysconfig, skipping
06-23 08:02:35.522 W/SystemConfig( 2052): No directory /product_services/etc/permissions, skipping
06-23 08:02:35.528 I/OMXClient( 1750): IOmx service obtained
06-23 08:02:35.528 I/OMXMaster( 1757): makeComponentInstance(OMX.google.h263.encoder) in android.hardwar process
06-23 08:02:35.529 I/SoftMPEG4Encoder( 1757): Construct SoftMPEG4Encoder
06-23 08:02:35.529 W/OMXUtils( 1750): do not know color format 0x7f000789 = 2130708361
06-23 08:02:35.530 E/OMXNodeInstance( 1757): getConfig(0xe9f190e0:google.h263.encoder, ConfigAndroidIntraRefresh(0x6f60000a)) ERROR: Undefined(0x80001001)
06-23 08:02:35.530 E/OMXNodeInstance( 1757): getParameter(0xe9f190e0:google.h263.encoder, ParamVideoIntraRefresh(0x6000006)) ERROR: UnsupportedIndex(0x8000101a)
06-23 08:02:35.530 D/MediaCodecInfo( 1750): detail feature-frame-parsing wasn't present to remove
06-23 08:02:35.531 I/OMXClient( 1750): IOmx service obtained
06-23 08:02:35.531 I/OMXMaster( 1757): makeComponentInstance(OMX.google.mpeg4.encoder) in android.hardwar process
06-23 08:02:35.531 I/SoftMPEG4Encoder( 1757): Construct SoftMPEG4Encoder
06-23 08:02:35.532 W/OMXUtils( 1750): do not know color format 0x7f000789 = 2130708361
06-23 08:02:35.532 E/OMXNodeInstance( 1757): getConfig(0xe9f190e0:google.mpeg4.encoder, ConfigAndroidIntraRefresh(0x6f60000a)) ERROR: Undefined(0x80001001)
06-23 08:02:35.532 E/OMXNodeInstance( 1757): getParameter(0xe9f190e0:google.mpeg4.encoder, ParamVideoIntraRefresh(0x6000006)) ERROR: UnsupportedIndex(0x8000101a)
06-23 08:02:35.532 D/MediaCodecInfo( 1750): detail feature-frame-parsing wasn't present to remove
06-23 08:02:35.533 I/OMXClient( 1750): IOmx service obtained
06-23 08:02:35.533 I/OMXMaster( 1757): makeComponentInstance(OMX.google.vp8.encoder) in android.hardwar process
06-23 08:02:35.534 W/OMXUtils( 1750): do not know color format 0x7f000789 = 2130708361
06-23 08:02:35.534 E/OMXNodeInstance( 1757): getConfig(0xe9f190e0:google.vp8.encoder, ConfigAndroidIntraRefresh(0x6f60000a)) ERROR: Undefined(0x80001001)
06-23 08:02:35.534 E/OMXNodeInstance( 1757): getParameter(0xe9f190e0:google.vp8.encoder, ParamVideoIntraRefresh(0x6000006)) ERROR: UnsupportedIndex(0x8000101a)
06-23 08:02:35.534 D/MediaCodecInfo( 1750): detail feature-frame-parsing wasn't present to remove
06-23 08:02:35.536 D/MediaCodecList( 1750): ignored a null builder
06-23 08:02:35.537 I/OMXClient( 1908): IOmx service obtained
06-23 08:02:35.538 I/OMXMaster( 1757): makeComponentInstance(OMX.google.vorbis.decoder) in android.hardwar process
06-23 08:02:35.539 E/OMXNodeInstance( 1757): getConfig(0xe9f190e0:google.vorbis.decoder, ConfigAndroidVendorExtension(0x6f100004)) ERROR: Undefined(0x80001001)
06-23 08:02:35.540 W/PackageManager( 1908): Cannot whitelist unknown permission: com.sec.android.provider.badge.permission.READ
06-23 08:02:35.540 W/PackageManager( 1908): Cannot whitelist unknown permission: com.sec.android.provider.badge.permission.WRITE
06-23 08:02:35.540 W/PackageManager( 1908): Cannot whitelist unknown permission: com.htc.launcher.permission.READ_SETTINGS
06-23 08:02:35.540 W/PackageManager( 1908): Cannot whitelist unknown permission: com.htc.launcher.permission.UPDATE_SHORTCUT
06-23 08:02:35.540 W/PackageManager( 1908): Cannot whitelist unknown permission: com.sonyericsson.home.permission.BROADCAST_BADGE
06-23 08:02:35.540 W/PackageManager( 1908): Cannot whitelist unknown permission: com.sonymobile.home.permission.PROVIDER_INSERT_BADGE
06-23 08:02:35.540 I/PackageManager( 1908): Un-granting permission android.permission.MANAGE_DOCUMENTS from package com.google.android.youtube (protectionLevel=262146 flags=0x30dbbe45)
06-23 08:02:35.542 W/PackageManager( 1908): Cannot whitelist unknown permission: com.sec.android.provider.badge.permission.READ
06-23 08:02:35.542 W/PackageManager( 1908): Cannot whitelist unknown permission: com.sec.android.provider.badge.permission.WRITE
06-23 08:02:35.542 W/PackageManager( 1908): Cannot whitelist unknown permission: com.htc.launcher.permission.READ_SETTINGS
06-23 08:02:35.542 W/PackageManager( 1908): Cannot whitelist unknown permission: com.htc.launcher.permission.UPDATE_SHORTCUT
06-23 08:02:35.542 W/PackageManager( 1908): Cannot whitelist unknown permission: com.sonyericsson.home.permission.BROADCAST_BADGE
06-23 08:02:35.542 W/PackageManager( 1908): Cannot whitelist unknown permission: com.sonymobile.home.permission.PROVIDER_INSERT_BADGE
06-23 08:02:35.542 I/PackageManager( 1908): Un-granting permission android.permission.MANAGE_DOCUMENTS from package com.google.android.youtube (protectionLevel=262146 flags=0x30dbbe45)
06-23 08:02:35.547 W/PackageManager( 1908): Cannot whitelist unknown permission: com.google.android.launcher.permission.CONTENT_REDIRECT
06-23 08:02:35.547 W/PackageManager( 1908): Cannot whitelist unknown permission: com.google.android.voicesearch.SHORTCUTS_ACCESS
06-23 08:02:35.547 W/PackageManager( 1908): Cannot whitelist unknown permission: com.google.android.voicesearch.ACCESS_SETTINGS
06-23 08:02:35.547 W/PackageManager( 1908): Cannot whitelist unknown permission: com.android.browser.permission.PRELOAD
06-23 08:02:35.547 W/PackageManager( 1908): Cannot whitelist unknown permission: com.google.android.ears.permission.WRITE
06-23 08:02:35.547 W/PackageManager( 1908): Cannot whitelist unknown permission: com.google.googlenav.friend.permission.OPT_IN
06-23 08:02:35.547 W/PackageManager( 1908): Cannot whitelist unknown permission: com.google.android.apps.googlevoice.permission.AUTO_SEND
06-23 08:02:35.547 W/PackageManager( 1908): Cannot whitelist unknown permission: com.google.android.hangouts.START_HANGOUT
06-23 08:02:35.548 W/PackageManager( 1908): Cannot whitelist unknown permission: com.android.chrome.PRERENDER_URL
06-23 08:02:35.548 W/PackageManager( 1908): Cannot whitelist unknown permission: com.google.android.apps.gsa.nga.permissions.EDIT_PREFERENCES
06-23 08:02:35.549 W/PackageManager( 1908): Cannot whitelist unknown permission: com.google.android.launcher.permission.CONTENT_REDIRECT
06-23 08:02:35.549 W/PackageManager( 1908): Cannot whitelist unknown permission: com.google.android.voicesearch.SHORTCUTS_ACCESS
06-23 08:02:35.549 W/PackageManager( 1908): Cannot whitelist unknown permission: com.google.android.voicesearch.ACCESS_SETTINGS
06-23 08:02:35.549 W/PackageManager( 1908): Cannot whitelist unknown permission: com.android.browser.permission.PRELOAD
06-23 08:02:35.549 W/PackageManager( 1908): Cannot whitelist unknown permission: com.google.android.ears.permission.WRITE
06-23 08:02:35.549 W/PackageManager( 1908): Cannot whitelist unknown permission: com.google.googlenav.friend.permission.OPT_IN
06-23 08:02:35.549 W/PackageManager( 1908): Cannot whitelist unknown permission: com.google.android.apps.googlevoice.permission.AUTO_SEND
06-23 08:02:35.549 W/PackageManager( 1908): Cannot whitelist unknown permission: com.google.android.hangouts.START_HANGOUT
06-23 08:02:35.549 W/PackageManager( 1908): Cannot whitelist unknown permission: com.android.chrome.PRERENDER_URL
06-23 08:02:35.550 W/PackageManager( 1908): Cannot whitelist unknown permission: com.google.android.apps.gsa.nga.permissions.EDIT_PREFERENCES
06-23 08:02:35.550 W/PackageManager( 1908): Cannot whitelist unknown permission: com.google.android.launcher.permission.CONTENT_REDIRECT
06-23 08:02:35.550 W/PackageManager( 1908): Cannot whitelist unknown permission: com.google.android.voicesearch.SHORTCUTS_ACCESS
06-23 08:02:35.550 W/PackageManager( 1908): Cannot whitelist unknown permission: com.google.android.voicesearch.ACCESS_SETTINGS
06-23 08:02:35.550 W/PackageManager( 1908): Cannot whitelist unknown permission: com.android.browser.permission.PRELOAD
06-23 08:02:35.550 W/PackageManager( 1908): Cannot whitelist unknown permission: com.google.android.ears.permission.WRITE
06-23 08:02:35.550 W/PackageManager( 1908): Cannot whitelist unknown permission: com.google.googlenav.friend.permission.OPT_IN
06-23 08:02:35.551 W/PackageManager( 1908): Cannot whitelist unknown permission: com.google.android.apps.googlevoice.permission.AUTO_SEND
06-23 08:02:35.551 W/PackageManager( 1908): Cannot whitelist unknown permission: com.google.android.hangouts.START_HANGOUT
06-23 08:02:35.551 W/PackageManager( 1908): Cannot whitelist unknown permission: com.android.chrome.PRERENDER_URL
06-23 08:02:35.551 W/PackageManager( 1908): Cannot whitelist unknown permission: com.google.android.apps.gsa.nga.permissions.EDIT_PREFERENCES
06-23 08:02:35.552 W/PackageManager( 1908): Cannot whitelist unknown permission: com.google.android.launcher.permission.CONTENT_REDIRECT
06-23 08:02:35.552 W/PackageManager( 1908): Cannot whitelist unknown permission: com.google.android.voicesearch.SHORTCUTS_ACCESS
06-23 08:02:35.552 W/PackageManager( 1908): Cannot whitelist unknown permission: com.google.android.voicesearch.ACCESS_SETTINGS
06-23 08:02:35.552 W/PackageManager( 1908): Cannot whitelist unknown permission: com.android.browser.permission.PRELOAD
06-23 08:02:35.552 W/PackageManager( 1908): Cannot whitelist unknown permission: com.google.android.ears.permission.WRITE
06-23 08:02:35.552 W/PackageManager( 1908): Cannot whitelist unknown permission: com.google.googlenav.friend.permission.OPT_IN
06-23 08:02:35.552 W/PackageManager( 1908): Cannot whitelist unknown permission: com.google.android.apps.googlevoice.permission.AUTO_SEND
06-23 08:02:35.552 W/PackageManager( 1908): Cannot whitelist unknown permission: com.google.android.hangouts.START_HANGOUT
06-23 08:02:35.552 W/PackageManager( 1908): Cannot whitelist unknown permission: com.android.chrome.PRERENDER_URL
06-23 08:02:35.552 W/PackageManager( 1908): Cannot whitelist unknown permission: com.google.android.apps.gsa.nga.permissions.EDIT_PREFERENCES
06-23 08:02:35.552 W/PackageManager( 1908): Cannot whitelist unknown permission: com.google.android.launcher.permission.CONTENT_REDIRECT
06-23 08:02:35.552 W/PackageManager( 1908): Cannot whitelist unknown permission: com.google.android.voicesearch.SHORTCUTS_ACCESS
06-23 08:02:35.553 W/PackageManager( 1908): Cannot whitelist unknown permission: com.google.android.voicesearch.ACCESS_SETTINGS
06-23 08:02:35.553 W/PackageManager( 1908): Cannot whitelist unknown permission: com.android.browser.permission.PRELOAD
06-23 08:02:35.553 W/PackageManager( 1908): Cannot whitelist unknown permission: com.google.android.ears.permission.WRITE
06-23 08:02:35.553 W/PackageManager( 1908): Cannot whitelist unknown permission: com.google.googlenav.friend.permission.OPT_IN
06-23 08:02:35.553 W/PackageManager( 1908): Cannot whitelist unknown permission: com.google.android.apps.googlevoice.permission.AUTO_SEND
06-23 08:02:35.553 W/PackageManager( 1908): Cannot whitelist unknown permission: com.google.android.hangouts.START_HANGOUT
06-23 08:02:35.553 W/PackageManager( 1908): Cannot whitelist unknown permission: com.android.chrome.PRERENDER_URL
06-23 08:02:35.553 W/PackageManager( 1908): Cannot whitelist unknown permission: com.google.android.apps.gsa.nga.permissions.EDIT_PREFERENCES
06-23 08:02:35.555 W/PackageManager( 1908): Cannot whitelist unknown permission: com.google.android.launcher.permission.CONTENT_REDIRECT
06-23 08:02:35.555 W/PackageManager( 1908): Cannot whitelist unknown permission: com.google.android.voicesearch.SHORTCUTS_ACCESS
06-23 08:02:35.556 W/PackageManager( 1908): Cannot whitelist unknown permission: com.google.android.voicesearch.ACCESS_SETTINGS
06-23 08:02:35.556 W/PackageManager( 1908): Cannot whitelist unknown permission: com.android.browser.permission.PRELOAD
06-23 08:02:35.556 W/PackageManager( 1908): Cannot whitelist unknown permission: com.google.android.ears.permission.WRITE
06-23 08:02:35.556 W/PackageManager( 1908): Cannot whitelist unknown permission: com.google.googlenav.friend.permission.OPT_IN
06-23 08:02:35.556 W/PackageManager( 1908): Cannot whitelist unknown permission: com.google.android.apps.googlevoice.permission.AUTO_SEND
06-23 08:02:35.556 W/PackageManager( 1908): Cannot whitelist unknown permission: com.google.android.hangouts.START_HANGOUT
06-23 08:02:35.556 W/PackageManager( 1908): Cannot whitelist unknown permission: com.android.chrome.PRERENDER_URL
06-23 08:02:35.556 W/PackageManager( 1908): Cannot whitelist unknown permission: com.google.android.apps.gsa.nga.permissions.EDIT_PREFERENCES
06-23 08:02:35.557 I/PackageManager( 1908): Un-granting permission com.google.android.googleapps.permission.GOOGLE_AUTH from package com.android.providers.calendar (protectionLevel=2 flags=0x30883e45)
06-23 08:02:35.557 I/PackageManager( 1908): Un-granting permission com.google.android.googleapps.permission.GOOGLE_AUTH.cl from package com.android.providers.calendar (protectionLevel=2 flags=0x30883e45)
06-23 08:02:35.558 I/PackageManager( 1908): Un-granting permission com.google.android.googleapps.permission.GOOGLE_AUTH from package com.android.providers.calendar (protectionLevel=2 flags=0x30883e45)
06-23 08:02:35.558 I/PackageManager( 1908): Un-granting permission com.google.android.googleapps.permission.GOOGLE_AUTH.cl from package com.android.providers.calendar (protectionLevel=2 flags=0x30883e45)
06-23 08:02:35.562 I/PackageManager( 1908): Un-granting permission android.permission.WRITE_SECURE_SETTINGS from package com.google.android.apps.enterprise.dmagent (protectionLevel=50 flags=0x30883e05)
06-23 08:02:35.562 I/PackageManager( 1908): Un-granting permission android.permission.CONNECTIVITY_INTERNAL from package com.google.android.apps.enterprise.dmagent (protectionLevel=18 flags=0x30883e05)
06-23 08:02:35.562 I/PackageManager( 1908): Un-granting permission android.permission.MANAGE_USB from package com.google.android.apps.enterprise.dmagent (protectionLevel=18 flags=0x30883e05)
06-23 08:02:35.562 I/PackageManager( 1908): Un-granting permission android.permission.CHANGE_COMPONENT_ENABLED_STATE from package com.google.android.apps.enterprise.dmagent (protectionLevel=18 flags=0x30883e05)
06-23 08:02:35.562 I/PackageManager( 1908): Un-granting permission android.permission.MANAGE_CA_CERTIFICATES from package com.google.android.apps.enterprise.dmagent (protectionLevel=18 flags=0x30883e05)
06-23 08:02:35.562 I/PackageManager( 1908): Un-granting permission android.permission.MANAGE_USERS from package com.google.android.apps.enterprise.dmagent (protectionLevel=18 flags=0x30883e05)
06-23 08:02:35.571 W/PackageManager( 1908): Cannot whitelist unknown permission: com.google.android.ims.LOG_ACCESS
06-23 08:02:35.571 W/PackageManager( 1908): Cannot whitelist unknown permission: com.cequint.ecid.CALLER_ID_EXTERNAL_LOOKUP_SMS
06-23 08:02:35.571 W/PackageManager( 1908): Cannot whitelist unknown permission: com.sec.android.provider.badge.permission.READ
06-23 08:02:35.571 W/PackageManager( 1908): Cannot whitelist unknown permission: com.sec.android.provider.badge.permission.WRITE
06-23 08:02:35.571 W/PackageManager( 1908): Cannot whitelist unknown permission: com.htc.launcher.permission.READ_SETTINGS
06-23 08:02:35.571 W/PackageManager( 1908): Cannot whitelist unknown permission: com.htc.launcher.permission.UPDATE_SHORTCUT
06-23 08:02:35.571 W/PackageManager( 1908): Cannot whitelist unknown permission: com.sonyericsson.home.permission.BROADCAST_BADGE
06-23 08:02:35.571 W/PackageManager( 1908): Cannot whitelist unknown permission: com.sonymobile.home.permission.PROVIDER_INSERT_BADGE
06-23 08:02:35.571 W/PackageManager( 1908): Cannot whitelist unknown permission: com.sonymobile.launcher.permission.PROVIDER_INSERT_BADGE
06-23 08:02:35.571 W/PackageManager( 1908): Cannot whitelist unknown permission: com.anddoes.launcher.permission.UPDATE_COUNT
06-23 08:02:35.571 W/PackageManager( 1908): Cannot whitelist unknown permission: com.majeur.launcher.permission.UPDATE_BADGE
06-23 08:02:35.571 W/PackageManager( 1908): Cannot whitelist unknown permission: com.huawei.android.launcher.permission.CHANGE_BADGE
06-23 08:02:35.571 W/PackageManager( 1908): Cannot whitelist unknown permission: com.huawei.android.launcher.permission.READ_SETTINGS
06-23 08:02:35.571 W/PackageManager( 1908): Cannot whitelist unknown permission: com.huawei.android.launcher.permission.WRITE_SETTINGS
06-23 08:02:35.571 W/PackageManager( 1908): Cannot whitelist unknown permission: android.permission.READ_APP_BADGE
06-23 08:02:35.571 W/PackageManager( 1908): Cannot whitelist unknown permission: com.oppo.launcher.permission.READ_SETTINGS
06-23 08:02:35.571 W/PackageManager( 1908): Cannot whitelist unknown permission: com.oppo.launcher.permission.WRITE_SETTINGS
06-23 08:02:35.572 I/PackageManager( 1908): Un-granting permission com.google.android.setupwizard.READ_DEVICE_ORIGIN from package com.google.android.apps.messaging (protectionLevel=18 flags=0x38cbbe45)
06-23 08:02:35.572 W/PackageManager( 1908): Cannot whitelist unknown permission: com.google.android.ims.LOG_ACCESS
06-23 08:02:35.573 W/PackageManager( 1908): Cannot whitelist unknown permission: com.cequint.ecid.CALLER_ID_EXTERNAL_LOOKUP_SMS
06-23 08:02:35.573 W/PackageManager( 1908): Cannot whitelist unknown permission: com.sec.android.provider.badge.permission.READ
06-23 08:02:35.573 W/PackageManager( 1908): Cannot whitelist unknown permission: com.sec.android.provider.badge.permission.WRITE
06-23 08:02:35.573 W/PackageManager( 1908): Cannot whitelist unknown permission: com.htc.launcher.permission.READ_SETTINGS
06-23 08:02:35.573 W/PackageManager( 1908): Cannot whitelist unknown permission: com.htc.launcher.permission.UPDATE_SHORTCUT
06-23 08:02:35.573 W/PackageManager( 1908): Cannot whitelist unknown permission: com.sonyericsson.home.permission.BROADCAST_BADGE
06-23 08:02:35.573 W/PackageManager( 1908): Cannot whitelist unknown permission: com.sonymobile.home.permission.PROVIDER_INSERT_BADGE
06-23 08:02:35.573 W/PackageManager( 1908): Cannot whitelist unknown permission: com.sonymobile.launcher.permission.PROVIDER_INSERT_BADGE
06-23 08:02:35.573 W/PackageManager( 1908): Cannot whitelist unknown permission: com.anddoes.launcher.permission.UPDATE_COUNT
06-23 08:02:35.573 W/PackageManager( 1908): Cannot whitelist unknown permission: com.majeur.launcher.permission.UPDATE_BADGE
06-23 08:02:35.573 W/PackageManager( 1908): Cannot whitelist unknown permission: com.huawei.android.launcher.permission.CHANGE_BADGE
06-23 08:02:35.573 W/PackageManager( 1908): Cannot whitelist unknown permission: com.huawei.android.launcher.permission.READ_SETTINGS
06-23 08:02:35.573 W/PackageManager( 1908): Cannot whitelist unknown permission: com.huawei.android.launcher.permission.WRITE_SETTINGS
06-23 08:02:35.573 W/PackageManager( 1908): Cannot whitelist unknown permission: android.permission.READ_APP_BADGE
06-23 08:02:35.573 W/PackageManager( 1908): Cannot whitelist unknown permission: com.oppo.launcher.permission.READ_SETTINGS
06-23 08:02:35.573 W/PackageManager( 1908): Cannot whitelist unknown permission: com.oppo.launcher.permission.WRITE_SETTINGS
06-23 08:02:35.573 I/PackageManager( 1908): Un-granting permission com.google.android.setupwizard.READ_DEVICE_ORIGIN from package com.google.android.apps.messaging (protectionLevel=18 flags=0x38cbbe45)
06-23 08:02:35.573 W/PackageManager( 1908): Cannot whitelist unknown permission: com.google.android.ims.LOG_ACCESS
06-23 08:02:35.573 W/PackageManager( 1908): Cannot whitelist unknown permission: com.cequint.ecid.CALLER_ID_EXTERNAL_LOOKUP_SMS
06-23 08:02:35.573 W/PackageManager( 1908): Cannot whitelist unknown permission: com.sec.android.provider.badge.permission.READ
06-23 08:02:35.573 W/PackageManager( 1908): Cannot whitelist unknown permission: com.sec.android.provider.badge.permission.WRITE
06-23 08:02:35.573 W/PackageManager( 1908): Cannot whitelist unknown permission: com.htc.launcher.permission.READ_SETTINGS
06-23 08:02:35.574 W/PackageManager( 1908): Cannot whitelist unknown permission: com.htc.launcher.permission.UPDATE_SHORTCUT
06-23 08:02:35.574 W/PackageManager( 1908): Cannot whitelist unknown permission: com.sonyericsson.home.permission.BROADCAST_BADGE
06-23 08:02:35.574 W/PackageManager( 1908): Cannot whitelist unknown permission: com.sonymobile.home.permission.PROVIDER_INSERT_BADGE
06-23 08:02:35.574 W/PackageManager( 1908): Cannot whitelist unknown permission: com.sonymobile.launcher.permission.PROVIDER_INSERT_BADGE
06-23 08:02:35.574 W/PackageManager( 1908): Cannot whitelist unknown permission: com.anddoes.launcher.permission.UPDATE_COUNT
06-23 08:02:35.574 W/PackageManager( 1908): Cannot whitelist unknown permission: com.majeur.launcher.permission.UPDATE_BADGE
06-23 08:02:35.574 W/PackageManager( 1908): Cannot whitelist unknown permission: com.huawei.android.launcher.permission.CHANGE_BADGE
06-23 08:02:35.574 W/PackageManager( 1908): Cannot whitelist unknown permission: com.huawei.android.launcher.permission.READ_SETTINGS
06-23 08:02:35.574 W/PackageManager( 1908): Cannot whitelist unknown permission: com.huawei.android.launcher.permission.WRITE_SETTINGS
06-23 08:02:35.574 W/PackageManager( 1908): Cannot whitelist unknown permission: android.permission.READ_APP_BADGE
06-23 08:02:35.574 W/PackageManager( 1908): Cannot whitelist unknown permission: com.oppo.launcher.permission.READ_SETTINGS
06-23 08:02:35.574 W/PackageManager( 1908): Cannot whitelist unknown permission: com.oppo.launcher.permission.WRITE_SETTINGS
06-23 08:02:35.574 I/PackageManager( 1908): Un-granting permission com.google.android.setupwizard.READ_DEVICE_ORIGIN from package com.google.android.apps.messaging (protectionLevel=18 flags=0x38cbbe45)
06-23 08:02:35.575 W/PackageManager( 1908): Cannot whitelist unknown permission: com.google.android.ims.LOG_ACCESS
06-23 08:02:35.575 W/PackageManager( 1908): Cannot whitelist unknown permission: com.cequint.ecid.CALLER_ID_EXTERNAL_LOOKUP_SMS
06-23 08:02:35.576 W/PackageManager( 1908): Cannot whitelist unknown permission: com.sec.android.provider.badge.permission.READ
06-23 08:02:35.576 W/PackageManager( 1908): Cannot whitelist unknown permission: com.sec.android.provider.badge.permission.WRITE
06-23 08:02:35.576 W/PackageManager( 1908): Cannot whitelist unknown permission: com.htc.launcher.permission.READ_SETTINGS
06-23 08:02:35.576 W/PackageManager( 1908): Cannot whitelist unknown permission: com.htc.launcher.permission.UPDATE_SHORTCUT
06-23 08:02:35.576 W/PackageManager( 1908): Cannot whitelist unknown permission: com.sonyericsson.home.permission.BROADCAST_BADGE
06-23 08:02:35.576 W/PackageManager( 1908): Cannot whitelist unknown permission: com.sonymobile.home.permission.PROVIDER_INSERT_BADGE
06-23 08:02:35.576 W/PackageManager( 1908): Cannot whitelist unknown permission: com.sonymobile.launcher.permission.PROVIDER_INSERT_BADGE
06-23 08:02:35.576 W/PackageManager( 1908): Cannot whitelist unknown permission: com.anddoes.launcher.permission.UPDATE_COUNT
06-23 08:02:35.576 W/PackageManager( 1908): Cannot whitelist unknown permission: com.majeur.launcher.permission.UPDATE_BADGE
06-23 08:02:35.576 W/PackageManager( 1908): Cannot whitelist unknown permission: com.huawei.android.launcher.permission.CHANGE_BADGE
06-23 08:02:35.576 W/PackageManager( 1908): Cannot whitelist unknown permission: com.huawei.android.launcher.permission.READ_SETTINGS
06-23 08:02:35.576 W/PackageManager( 1908): Cannot whitelist unknown permission: com.huawei.android.launcher.permission.WRITE_SETTINGS
06-23 08:02:35.576 W/PackageManager( 1908): Cannot whitelist unknown permission: android.permission.READ_APP_BADGE
06-23 08:02:35.576 W/PackageManager( 1908): Cannot whitelist unknown permission: com.oppo.launcher.permission.READ_SETTINGS
06-23 08:02:35.576 W/PackageManager( 1908): Cannot whitelist unknown permission: com.oppo.launcher.permission.WRITE_SETTINGS
06-23 08:02:35.576 I/PackageManager( 1908): Un-granting permission com.google.android.setupwizard.READ_DEVICE_ORIGIN from package com.google.android.apps.messaging (protectionLevel=18 flags=0x38cbbe45)
06-23 08:02:35.576 W/PackageManager( 1908): Cannot whitelist unknown permission: com.google.android.ims.LOG_ACCESS
06-23 08:02:35.577 W/PackageManager( 1908): Cannot whitelist unknown permission: com.cequint.ecid.CALLER_ID_EXTERNAL_LOOKUP_SMS
06-23 08:02:35.577 W/PackageManager( 1908): Cannot whitelist unknown permission: com.sec.android.provider.badge.permission.READ
06-23 08:02:35.577 W/PackageManager( 1908): Cannot whitelist unknown permission: com.sec.android.provider.badge.permission.WRITE
06-23 08:02:35.577 W/PackageManager( 1908): Cannot whitelist unknown permission: com.htc.launcher.permission.READ_SETTINGS
06-23 08:02:35.577 W/PackageManager( 1908): Cannot whitelist unknown permission: com.htc.launcher.permission.UPDATE_SHORTCUT
06-23 08:02:35.577 W/PackageManager( 1908): Cannot whitelist unknown permission: com.sonyericsson.home.permission.BROADCAST_BADGE
06-23 08:02:35.577 W/PackageManager( 1908): Cannot whitelist unknown permission: com.sonymobile.home.permission.PROVIDER_INSERT_BADGE
06-23 08:02:35.577 W/PackageManager( 1908): Cannot whitelist unknown permission: com.sonymobile.launcher.permission.PROVIDER_INSERT_BADGE
06-23 08:02:35.577 W/PackageManager( 1908): Cannot whitelist unknown permission: com.anddoes.launcher.permission.UPDATE_COUNT
06-23 08:02:35.577 W/PackageManager( 1908): Cannot whitelist unknown permission: com.majeur.launcher.permission.UPDATE_BADGE
06-23 08:02:35.577 W/PackageManager( 1908): Cannot whitelist unknown permission: com.huawei.android.launcher.permission.CHANGE_BADGE
06-23 08:02:35.577 W/PackageManager( 1908): Cannot whitelist unknown permission: com.huawei.android.launcher.permission.READ_SETTINGS
06-23 08:02:35.577 W/PackageManager( 1908): Cannot whitelist unknown permission: com.huawei.android.launcher.permission.WRITE_SETTINGS
06-23 08:02:35.577 W/PackageManager( 1908): Cannot whitelist unknown permission: android.permission.READ_APP_BADGE
06-23 08:02:35.577 W/PackageManager( 1908): Cannot whitelist unknown permission: com.oppo.launcher.permission.READ_SETTINGS
06-23 08:02:35.577 W/PackageManager( 1908): Cannot whitelist unknown permission: com.oppo.launcher.permission.WRITE_SETTINGS
06-23 08:02:35.577 I/PackageManager( 1908): Un-granting permission com.google.android.setupwizard.READ_DEVICE_ORIGIN from package com.google.android.apps.messaging (protectionLevel=18 flags=0x38cbbe45)
06-23 08:02:35.578 I/wpa_supplicant( 2152): rfkill: Cannot get wiphy information
06-23 08:02:35.578 W/PackageManager( 1908): Cannot whitelist unknown permission: com.google.android.ims.LOG_ACCESS
06-23 08:02:35.578 W/PackageManager( 1908): Cannot whitelist unknown permission: com.cequint.ecid.CALLER_ID_EXTERNAL_LOOKUP_SMS
06-23 08:02:35.578 W/PackageManager( 1908): Cannot whitelist unknown permission: com.sec.android.provider.badge.permission.READ
06-23 08:02:35.578 W/PackageManager( 1908): Cannot whitelist unknown permission: com.sec.android.provider.badge.permission.WRITE
06-23 08:02:35.578 W/PackageManager( 1908): Cannot whitelist unknown permission: com.htc.launcher.permission.READ_SETTINGS
06-23 08:02:35.578 W/PackageManager( 1908): Cannot whitelist unknown permission: com.htc.launcher.permission.UPDATE_SHORTCUT
06-23 08:02:35.578 W/PackageManager( 1908): Cannot whitelist unknown permission: com.sonyericsson.home.permission.BROADCAST_BADGE
06-23 08:02:35.578 W/PackageManager( 1908): Cannot whitelist unknown permission: com.sonymobile.home.permission.PROVIDER_INSERT_BADGE
06-23 08:02:35.579 W/PackageManager( 1908): Cannot whitelist unknown permission: com.sonymobile.launcher.permission.PROVIDER_INSERT_BADGE
06-23 08:02:35.579 W/PackageManager( 1908): Cannot whitelist unknown permission: com.anddoes.launcher.permission.UPDATE_COUNT
06-23 08:02:35.579 W/PackageManager( 1908): Cannot whitelist unknown permission: com.majeur.launcher.permission.UPDATE_BADGE
06-23 08:02:35.579 W/PackageManager( 1908): Cannot whitelist unknown permission: com.huawei.android.launcher.permission.CHANGE_BADGE
06-23 08:02:35.579 W/PackageManager( 1908): Cannot whitelist unknown permission: com.huawei.android.launcher.permission.READ_SETTINGS
06-23 08:02:35.579 W/PackageManager( 1908): Cannot whitelist unknown permission: com.huawei.android.launcher.permission.WRITE_SETTINGS
06-23 08:02:35.579 W/PackageManager( 1908): Cannot whitelist unknown permission: android.permission.READ_APP_BADGE
06-23 08:02:35.579 W/PackageManager( 1908): Cannot whitelist unknown permission: com.oppo.launcher.permission.READ_SETTINGS
06-23 08:02:35.579 W/PackageManager( 1908): Cannot whitelist unknown permission: com.oppo.launcher.permission.WRITE_SETTINGS
06-23 08:02:35.579 I/PackageManager( 1908): Un-granting permission com.google.android.setupwizard.READ_DEVICE_ORIGIN from package com.google.android.apps.messaging (protectionLevel=18 flags=0x38cbbe45)
06-23 08:02:35.579 W/PackageManager( 1908): Cannot whitelist unknown permission: com.google.android.ims.LOG_ACCESS
06-23 08:02:35.579 W/PackageManager( 1908): Cannot whitelist unknown permission: com.cequint.ecid.CALLER_ID_EXTERNAL_LOOKUP_SMS
06-23 08:02:35.579 W/PackageManager( 1908): Cannot whitelist unknown permission: com.sec.android.provider.badge.permission.READ
06-23 08:02:35.579 W/PackageManager( 1908): Cannot whitelist unknown permission: com.sec.android.provider.badge.permission.WRITE
06-23 08:02:35.579 W/PackageManager( 1908): Cannot whitelist unknown permission: com.htc.launcher.permission.READ_SETTINGS
06-23 08:02:35.579 W/PackageManager( 1908): Cannot whitelist unknown permission: com.htc.launcher.permission.UPDATE_SHORTCUT
06-23 08:02:35.579 I/android_os_HwBinder( 1908): HwBinder: Starting thread pool for getting: android.hardware.wifi.supplicant@1.0::ISupplicant/default
06-23 08:02:35.579 W/PackageManager( 1908): Cannot whitelist unknown permission: com.sonyericsson.home.permission.BROADCAST_BADGE
06-23 08:02:35.579 W/PackageManager( 1908): Cannot whitelist unknown permission: com.sonymobile.home.permission.PROVIDER_INSERT_BADGE
06-23 08:02:35.579 W/PackageManager( 1908): Cannot whitelist unknown permission: com.sonymobile.launcher.permission.PROVIDER_INSERT_BADGE
06-23 08:02:35.579 W/PackageManager( 1908): Cannot whitelist unknown permission: com.anddoes.launcher.permission.UPDATE_COUNT
06-23 08:02:35.579 W/PackageManager( 1908): Cannot whitelist unknown permission: com.majeur.launcher.permission.UPDATE_BADGE
06-23 08:02:35.579 W/PackageManager( 1908): Cannot whitelist unknown permission: com.huawei.android.launcher.permission.CHANGE_BADGE
06-23 08:02:35.579 W/PackageManager( 1908): Cannot whitelist unknown permission: com.huawei.android.launcher.permission.READ_SETTINGS
06-23 08:02:35.579 W/PackageManager( 1908): Cannot whitelist unknown permission: com.huawei.android.launcher.permission.WRITE_SETTINGS
06-23 08:02:35.579 W/PackageManager( 1908): Cannot whitelist unknown permission: android.permission.READ_APP_BADGE
06-23 08:02:35.579 W/PackageManager( 1908): Cannot whitelist unknown permission: com.oppo.launcher.permission.READ_SETTINGS
06-23 08:02:35.579 W/PackageManager( 1908): Cannot whitelist unknown permission: com.oppo.launcher.permission.WRITE_SETTINGS
06-23 08:02:35.579 I/PackageManager( 1908): Un-granting permission com.google.android.setupwizard.READ_DEVICE_ORIGIN from package com.google.android.apps.messaging (protectionLevel=18 flags=0x38cbbe45)
06-23 08:02:35.580 I/SupplicantStaIfaceHal( 1908): Completed initialization of ISupplicant.
06-23 08:02:35.582 I/android.hardware.wifi@1.0-service( 1701): Adding interface handle for wlan0
06-23 08:02:35.583 W/android.hardware.wifi@1.0-service( 1701): No active wlan interfaces in use! Using default
06-23 08:02:35.583 E/android.hardware.wifi@1.0-service( 1701): Failed to register radio mode change callback
06-23 08:02:35.583 W/android.hardware.wifi@1.0-service( 1701): No active wlan interfaces in use! Using default
06-23 08:02:35.585 W/PackageManager( 1908): Cannot whitelist unknown permission: com.google.android.ims.LOG_ACCESS
06-23 08:02:35.585 W/PackageManager( 1908): Cannot whitelist unknown permission: com.cequint.ecid.CALLER_ID_EXTERNAL_LOOKUP_SMS
06-23 08:02:35.585 W/PackageManager( 1908): Cannot whitelist unknown permission: com.sec.android.provider.badge.permission.READ
06-23 08:02:35.585 W/PackageManager( 1908): Cannot whitelist unknown permission: com.sec.android.provider.badge.permission.WRITE
06-23 08:02:35.585 W/PackageManager( 1908): Cannot whitelist unknown permission: com.htc.launcher.permission.READ_SETTINGS
06-23 08:02:35.585 W/PackageManager( 1908): Cannot whitelist unknown permission: com.htc.launcher.permission.UPDATE_SHORTCUT
06-23 08:02:35.585 W/PackageManager( 1908): Cannot whitelist unknown permission: com.sonyericsson.home.permission.BROADCAST_BADGE
06-23 08:02:35.585 W/PackageManager( 1908): Cannot whitelist unknown permission: com.sonymobile.home.permission.PROVIDER_INSERT_BADGE
06-23 08:02:35.585 W/PackageManager( 1908): Cannot whitelist unknown permission: com.sonymobile.launcher.permission.PROVIDER_INSERT_BADGE
06-23 08:02:35.585 W/PackageManager( 1908): Cannot whitelist unknown permission: com.anddoes.launcher.permission.UPDATE_COUNT
06-23 08:02:35.585 W/PackageManager( 1908): Cannot whitelist unknown permission: com.majeur.launcher.permission.UPDATE_BADGE
06-23 08:02:35.585 W/PackageManager( 1908): Cannot whitelist unknown permission: com.huawei.android.launcher.permission.CHANGE_BADGE
06-23 08:02:35.585 W/PackageManager( 1908): Cannot whitelist unknown permission: com.huawei.android.launcher.permission.READ_SETTINGS
06-23 08:02:35.585 W/PackageManager( 1908): Cannot whitelist unknown permission: com.huawei.android.launcher.permission.WRITE_SETTINGS
06-23 08:02:35.585 W/PackageManager( 1908): Cannot whitelist unknown permission: android.permission.READ_APP_BADGE
06-23 08:02:35.585 W/PackageManager( 1908): Cannot whitelist unknown permission: com.oppo.launcher.permission.READ_SETTINGS
06-23 08:02:35.585 W/PackageManager( 1908): Cannot whitelist unknown permission: com.oppo.launcher.permission.WRITE_SETTINGS
06-23 08:02:35.585 I/PackageManager( 1908): Un-granting permission com.google.android.setupwizard.READ_DEVICE_ORIGIN from package com.google.android.apps.messaging (protectionLevel=18 flags=0x38cbbe45)
06-23 08:02:35.594 W/libc    ( 1701): Unable to set property "vendor.wlan.firmware.version" to "1.0": error code: 0x18
06-23 08:02:35.603 I/OMXClient( 1908): IOmx service obtained
06-23 08:02:35.603 I/OMXMaster( 1757): makeComponentInstance(OMX.google.vorbis.decoder) in android.hardwar process
06-23 08:02:35.604 I/PackageManager( 1908): Un-granting permission android.permission.BIND_WALLPAPER from package com.android.camera2 (protectionLevel=18 flags=0x20d8bc45)
06-23 08:02:35.604 E/OMXNodeInstance( 1757): getConfig(0xe9f190e0:google.vorbis.decoder, ConfigAndroidVendorExtension(0x6f100004)) ERROR: Undefined(0x80001001)
06-23 08:02:35.605 I/chatty  ( 1908): uid=1000(system) Binder:1908_2 identical 1 line
