06-23 08:02:34.780 I/SystemServer( 1908): StartIncidentCompanionService
06-23 08:02:34.780 I/SystemServiceManager( 1908): Starting com.android.server.incident.IncidentCompanionService
06-23 08:02:34.780 D/SystemServerTiming( 1908): StartIncidentCompanionService took to complete: 1ms
06-23 08:02:34.780 I/SystemServer( 1908): StartMmsService
06-23 08:02:34.780 I/SystemServiceManager( 1908): Starting com.android.server.MmsServiceBroker
06-23 08:02:34.780 D/SystemServerTiming( 1908): StartMmsService took to complete: 0ms
06-23 08:02:34.780 I/SystemServer( 1908): StartAutoFillService
06-23 08:02:34.780 I/SystemServiceManager( 1908): Starting com.android.server.autofill.AutofillManagerService
06-23 08:02:34.781 D/AutofillManagerService( 1908): setLogLevelFromSettings(): level=2, debug=true, verbose=false
06-23 08:02:34.782 D/AutofillManagerService( 1908): setMaxPartitionsFromSettings(): 10
06-23 08:02:34.782 D/AutofillManagerService( 1908): setMaxVisibleDatasetsFromSettings(): 0
06-23 08:02:34.782 E/AutofillManagerServiceImpl( 1908): Bad service name: com.google.android.gms/.autofill.service.AutofillService
06-23 08:02:34.782 D/AutofillManagerServiceImpl( 1908): Reset component for user 0:com.google.android.gms/.autofill.service.AutofillService
06-23 08:02:34.782 D/AutofillUI( 1908): destroySaveUiUiThread(): already destroyed
06-23 08:02:34.782 D/SystemServerTiming( 1908): StartAutoFillService took to complete: 2ms
06-23 08:02:34.782 I/SystemServer( 1908): StartClipboardService
06-23 08:02:34.783 I/SystemServiceManager( 1908): Starting com.android.server.clipboard.ClipboardService
06-23 08:02:34.783 D/SystemServerTiming( 1908): StartClipboardService took to complete: 1ms
06-23 08:02:34.783 I/SystemServer( 1908): AppServiceManager
06-23 08:02:34.783 I/SystemServiceManager( 1908): Starting com.android.server.appbinding.AppBindingService$Lifecycle
06-23 08:02:34.783 D/SystemServerTiming( 1908): AppServiceManager took to complete: 0ms
06-23 08:02:34.783 I/SystemServer( 1908): MakeVibratorServiceReady
06-23 08:02:34.784 D/SystemServerTiming( 1908): MakeVibratorServiceReady took to complete: 0ms
06-23 08:02:34.784 I/SystemServer( 1908): MakeLockSettingsServiceReady
06-23 08:02:34.798 I/LockSettingsService( 1908): Migrated lock settings to new location
06-23 08:02:34.800 I/LockSettingsService( 1908): Migrated per-user lock settings to new location
06-23 08:02:34.804 I/LockSettingsService( 1908): Migrated biometric weak to use the fallback instead
06-23 08:02:34.806 I/LockSettingsService( 1908): Migrated lockscreen disabled flag
06-23 08:02:34.807 I/hwservicemanager( 1567): getTransport: Cannot find entry android.hardware.weaver@1.0::IWeaver/default in either framework or device manifest.
06-23 08:02:34.807 I/SyntheticPasswordManager( 1908): Device does not support weaver
06-23 08:02:34.808 I/hwservicemanager( 1567): getTransport: Cannot find entry android.hardware.authsecret@1.0::IAuthSecret/default in either framework or device manifest.
06-23 08:02:34.808 I/LockSettingsService( 1908): Device doesn't implement AuthSecret HAL
06-23 08:02:34.808 E/LockSettingsStorage( 1908): Cannot read file java.io.FileNotFoundException: /data/system/gatekeeper.password.key: open failed: ENOENT (No such file or directory)
06-23 08:02:34.809 E/LockSettingsStorage( 1908): Cannot read file java.io.FileNotFoundException: /data/system/password.key: open failed: ENOENT (No such file or directory)
06-23 08:02:34.809 E/LockSettingsStorage( 1908): Cannot read file java.io.FileNotFoundException: /data/system/gatekeeper.pattern.key: open failed: ENOENT (No such file or directory)
06-23 08:02:34.809 E/LockSettingsStorage( 1908): Cannot read file java.io.FileNotFoundException: /data/system/gatekeeper.gesture.key: open failed: ENOENT (No such file or directory)
06-23 08:02:34.809 E/LockSettingsStorage( 1908): Cannot read file java.io.FileNotFoundException: /data/system/gesture.key: open failed: ENOENT (No such file or directory)
06-23 08:02:34.809 D/SystemServerTiming( 1908): MakeLockSettingsServiceReady took to complete: 25ms
06-23 08:02:34.809 I/SystemServer( 1908): StartBootPhaseLockSettingsReady
06-23 08:02:34.809 I/SystemServiceManager( 1908): Starting phase 480
06-23 08:02:34.811 D/SystemServerInitThreadPool( 1908): Started executing DevicePolicyManager
06-23 08:02:34.811 D/SystemServerInitThreadPool( 1908): Finished executing DevicePolicyManager
06-23 08:02:34.813 D/SystemServerTiming( 1908): StartBootPhaseLockSettingsReady took to complete: 5ms
06-23 08:02:34.813 I/SystemServer( 1908): StartBootPhaseSystemServicesReady
06-23 08:02:34.813 I/SystemServiceManager( 1908): Starting phase 500
06-23 08:02:34.814 D/AppStandbyController( 1908): Setting app idle enabled state
06-23 08:02:34.815 D/AppStandbyController( 1908): Initializing defaults for system apps on user 0, appIdleEnabled=true
06-23 08:02:34.816 E/AppIdleHistory( 1908): Unable to read app idle file for user 0
06-23 08:02:34.821 D/TestHarnessModeService( 1908): Setting up test harness mode
06-23 08:02:34.821 D/TestHarnessModeService( 1908): Getting PersistentDataBlockManagerInternal from LocalServices
06-23 08:02:34.821 E/TestHarnessModeService( 1908): Failed to start Test Harness Mode; no implementation of PersistentDataBlockManagerInternal was bound!
06-23 08:02:34.822 I/WifiService( 1908): WifiService starting up with Wi-Fi enabled
06-23 08:02:34.824 I/android_os_HwBinder( 1908): HwBinder: Starting thread pool for getting: android.hidl.manager@1.2::IServiceManager/default
06-23 08:02:34.825 D/HalDevMgr( 1908): IWifi registration notification: fqName=android.hardware.wifi@1.0::IWifi, name=default, preexisting=true
06-23 08:02:34.825 I/android_os_HwBinder( 1908): HwBinder: Starting thread pool for getting: android.hardware.wifi@1.0::IWifi/default
06-23 08:02:34.826 D/WificondControl( 1908): tearing down interfaces in wificond
06-23 08:02:34.834 D/WifiController( 1908): isAirplaneModeOn = false, isWifiEnabled = true, isScanningAvailable = true, isLocationModeActive = true
06-23 08:02:34.834 I/WifiService( 1908): setWifiEnabled package=android uid=1000 enable=true
06-23 08:02:34.834 I/WifiScanningService( 1908): Starting wifiscanner
06-23 08:02:34.842 D/PermissionCache( 1710): checking android.permission.CAPTURE_AUDIO_HOTWORD for uid=1000 => granted (113 us)
06-23 08:02:34.842 W/SoundTriggerHelper( 1908): listModules status=0, # of modules=0
06-23 08:02:34.843 D/ContextHubSystemService( 1908): onBootPhase: PHASE_SYSTEM_SERVICES_READY
06-23 08:02:34.843 D/SystemServerTiming( 1908): StartBootPhaseSystemServicesReady took to complete: 30ms
06-23 08:02:34.843 I/SystemServer( 1908): MakeWindowManagerServiceReady
06-23 08:02:34.844 I/android_os_HwBinder( 1908): HwBinder: Starting thread pool for getting: android.hardware.configstore@1.0::ISurfaceFlingerConfigs/default
06-23 08:02:34.845 D/SystemServerTiming( 1908): MakeWindowManagerServiceReady took to complete: 2ms
06-23 08:02:34.845 I/android_os_HwBinder( 1908): HwBinder: Starting thread pool for getting: android.hardware.configstore@1.0::ISurfaceFlingerConfigs/default
06-23 08:02:34.846 W/InputReader( 1908): Device has associated, but no associated display id.
06-23 08:02:34.851 I/SystemServer( 1908): MakePowerManagerServiceReady
06-23 08:02:34.853 E/DisplayPowerController( 1908): failed to set up display white-balance: java.lang.IllegalStateException: cannot find sensor com.google.sensor.color
06-23 08:02:34.857 E/KernelCpuUidFreqTimeReader( 1908): Failed to read /proc/uid_time_in_state: java.nio.file.NoSuchFileException: /proc/uid_time_in_state
06-23 08:02:34.857 W/KernelCpuProcStringReader( 1908): File not found. It's normal if not implemented: /proc/uid_time_in_state
06-23 08:02:34.857 W/KernelCpuProcStringReader( 1908): File not found. It's normal if not implemented: /proc/uid_concurrent_active_time
06-23 08:02:34.857 W/KernelCpuProcStringReader( 1908): File not found. It's normal if not implemented: /proc/uid_concurrent_policy_time
06-23 08:02:34.858 W/KeyguardServiceDelegate( 1908): onScreenTurningOn(): no keyguard service!
06-23 08:02:34.858 V/DisplayPowerController( 1908): Brightness [102] reason changing to: 'override', previous reason: '0'.
06-23 08:02:34.859 D/SystemServerTiming( 1908): MakePowerManagerServiceReady took to complete: 7ms
06-23 08:02:34.859 I/SystemServer( 1908): MakePackageManagerServiceReady
06-23 08:02:34.846 I/chatty  ( 1908): uid=1000 system_server identical 8 lines
06-23 08:02:34.846 W/InputReader( 1908): Device has associated, but no associated display id.
06-23 08:02:34.859 I/DefaultPermGrantPolicy( 1908): Granting permissions to platform components for user 0
06-23 08:02:34.862 D/vold    ( 1576): Remounting 1001 as mode default
06-23 08:02:34.863 D/vold    ( 1576): Found matching PID 1758
06-23 08:02:34.863 W/vold    ( 1576): Skipping due to root namespace
06-23 08:02:34.863 D/vold    ( 1576): Remounting 1001 as mode default
06-23 08:02:34.864 D/vold    ( 1576): Found matching PID 1758
06-23 08:02:34.864 W/vold    ( 1576): Skipping due to root namespace
06-23 08:02:34.864 D/vold    ( 1576): Remounting 1001 as mode default
06-23 08:02:34.864 D/vold    ( 1576): Found matching PID 1758
06-23 08:02:34.864 W/vold    ( 1576): Skipping due to root namespace
06-23 08:02:34.865 D/vold    ( 1576): Remounting 1001 as mode default
06-23 08:02:34.865 D/vold    ( 1576): Found matching PID 1758
06-23 08:02:34.865 W/vold    ( 1576): Skipping due to root namespace
06-23 08:02:34.868 D/vold    ( 1576): Remounting 1027 as mode default
06-23 08:02:34.870 I/chatty  ( 1576): uid=0(root) Binder:1576_2 identical 2 lines
06-23 08:02:34.871 D/vold    ( 1576): Remounting 1027 as mode default
06-23 08:02:34.872 D/vold    ( 1576): Remounting 1000 as mode full
06-23 08:02:34.873 D/vold    ( 1576): Found matching PID 1566
06-23 08:02:34.873 W/vold    ( 1576): Skipping due to root namespace
06-23 08:02:34.873 D/vold    ( 1576): Found matching PID 1567
06-23 08:02:34.873 W/vold    ( 1576): Skipping due to root namespace
06-23 08:02:34.873 D/vold    ( 1576): Found matching PID 1568
06-23 08:02:34.873 W/vold    ( 1576): Skipping due to root namespace
06-23 08:02:34.873 D/vold    ( 1576): Found matching PID 1665
06-23 08:02:34.873 W/vold    ( 1576): Skipping due to root namespace
06-23 08:02:34.873 D/vold    ( 1576): Found matching PID 1666
06-23 08:02:34.873 W/vold    ( 1576): Skipping due to root namespace
06-23 08:02:34.873 D/vold    ( 1576): Found matching PID 1686
06-23 08:02:34.873 W/vold    ( 1576): Skipping due to root namespace
06-23 08:02:34.873 D/vold    ( 1576): Found matching PID 1690
06-23 08:02:34.873 W/vold    ( 1576): Skipping due to root namespace
06-23 08:02:34.873 D/vold    ( 1576): Found matching PID 1693
06-23 08:02:34.873 W/vold    ( 1576): Skipping due to root namespace
06-23 08:02:34.873 D/vold    ( 1576): Found matching PID 1694
06-23 08:02:34.873 W/vold    ( 1576): Skipping due to root namespace
06-23 08:02:34.873 D/vold    ( 1576): Found matching PID 1695
06-23 08:02:34.873 W/vold    ( 1576): Skipping due to root namespace
06-23 08:02:34.873 D/vold    ( 1576): Found matching PID 1696
06-23 08:02:34.873 W/vold    ( 1576): Skipping due to root namespace
06-23 08:02:34.873 D/vold    ( 1576): Found matching PID 1697
06-23 08:02:34.873 W/vold    ( 1576): Skipping due to root namespace
06-23 08:02:34.873 D/vold    ( 1576): Found matching PID 1699
06-23 08:02:34.873 W/vold    ( 1576): Skipping due to root namespace
06-23 08:02:34.873 D/vold    ( 1576): Found matching PID 1723
06-23 08:02:34.873 W/vold    ( 1576): Skipping due to root namespace
06-23 08:02:34.873 D/vold    ( 1576): Found matching PID 1741
06-23 08:02:34.873 W/vold    ( 1576): Skipping due to root namespace
06-23 08:02:34.873 D/vold    ( 1576): Found matching PID 1765
06-23 08:02:34.873 W/vold    ( 1576): Skipping due to root namespace
06-23 08:02:34.873 D/vold    ( 1576): Found matching PID 1771
06-23 08:02:34.873 W/vold    ( 1576): Skipping due to root namespace
06-23 08:02:34.873 D/vold    ( 1576): Found matching PID 1908
06-23 08:02:34.883 D/WifiActiveModeWarden( 1908): received a message in WifiDisabledState: { when=0 what=1 target=com.android.internal.util.StateMachine$SmHandler }
06-23 08:02:34.883 D/WifiController( 1908): WifiController msg { when=-48ms what=155656 target=com.android.internal.util.StateMachine$SmHandler } deferred for 500ms
06-23 08:02:34.883 D/WifiActiveModeWarden( 1908): Switching from WifiDisabledState to ScanOnlyMode
06-23 08:02:34.883 D/WifiActiveModeWarden( 1908): Entering ScanOnlyModeActiveState
06-23 08:02:34.883 D/WifiScanOnlyModeManager( 1908): entering IdleState
06-23 08:02:34.884 I/android.hardware.wifi@1.0-service( 1701): Wifi HAL started
06-23 08:02:34.884 I/WifiVendorHal( 1908): Vendor Hal started successfully
06-23 08:02:34.890 I/android.hardware.wifi@1.0-service( 1701): Adding interface handle for wlan0
06-23 08:02:34.890 W/android.hardware.wifi@1.0-service( 1701): No active wlan interfaces in use! Using default
06-23 08:02:34.890 E/android.hardware.wifi@1.0-service( 1701): Failed to register radio mode change callback
06-23 08:02:34.890 W/android.hardware.wifi@1.0-service( 1701): No active wlan interfaces in use! Using default
06-23 08:02:34.898 I/AccountsDb( 1908): Creating DE database for user 0
06-23 08:02:34.903 W/libc    ( 1701): Unable to set property "vendor.wlan.firmware.version" to "1.0": error code: 0x18
06-23 08:02:34.912 W/libc    ( 1701): Unable to set property "vendor.wlan.driver.version" to "1.0": error code: 0x18
06-23 08:02:34.912 I/android.hardware.wifi@1.0-service( 1701): Configured chip in mode 0
06-23 08:02:34.912 W/android.hardware.wifi@1.0-service( 1701): No active wlan interfaces in use! Using default
06-23 08:02:34.913 D/HalDevMgr( 1908): updateRttController: no one is interested in RTT controllers
06-23 08:02:34.914 E/android.hardware.wifi@1.0-service( 1701): Failed to set DFS flag; DFS channels may be unavailable.
06-23 08:02:34.916 D/vold    ( 1576): Remounting 1000 as mode full
06-23 08:02:34.917 D/vold    ( 1576): Found matching PID 1566
06-23 08:02:34.917 W/vold    ( 1576): Skipping due to root namespace
06-23 08:02:34.917 D/vold    ( 1576): Found matching PID 1567
06-23 08:02:34.917 W/vold    ( 1576): Skipping due to root namespace
06-23 08:02:34.917 D/vold    ( 1576): Found matching PID 1568
06-23 08:02:34.917 W/vold    ( 1576): Skipping due to root namespace
06-23 08:02:34.917 D/vold    ( 1576): Found matching PID 1665
06-23 08:02:34.917 W/vold    ( 1576): Skipping due to root namespace
06-23 08:02:34.917 D/vold    ( 1576): Found matching PID 1666
06-23 08:02:34.917 W/vold    ( 1576): Skipping due to root namespace
06-23 08:02:34.917 D/vold    ( 1576): Found matching PID 1686
06-23 08:02:34.917 W/vold    ( 1576): Skipping due to root namespace
06-23 08:02:34.917 D/vold    ( 1576): Found matching PID 1690
06-23 08:02:34.917 W/vold    ( 1576): Skipping due to root namespace
06-23 08:02:34.917 D/vold    ( 1576): Found matching PID 1693
06-23 08:02:34.917 W/vold    ( 1576): Skipping due to root namespace
06-23 08:02:34.917 D/vold    ( 1576): Found matching PID 1694
06-23 08:02:34.917 W/vold    ( 1576): Skipping due to root namespace
06-23 08:02:34.917 D/vold    ( 1576): Found matching PID 1695
06-23 08:02:34.917 W/vold    ( 1576): Skipping due to root namespace
06-23 08:02:34.917 D/vold    ( 1576): Found matching PID 1696
06-23 08:02:34.917 W/vold    ( 1576): Skipping due to root namespace
06-23 08:02:34.917 D/vold    ( 1576): Found matching PID 1697
06-23 08:02:34.917 W/vold    ( 1576): Skipping due to root namespace
06-23 08:02:34.917 D/vold    ( 1576): Found matching PID 1699
06-23 08:02:34.917 W/vold    ( 1576): Skipping due to root namespace
06-23 08:02:34.917 D/vold    ( 1576): Found matching PID 1723
06-23 08:02:34.917 W/vold    ( 1576): Skipping due to root namespace
06-23 08:02:34.917 D/vold    ( 1576): Found matching PID 1741
06-23 08:02:34.917 W/vold    ( 1576): Skipping due to root namespace
06-23 08:02:34.917 D/vold    ( 1576): Found matching PID 1765
06-23 08:02:34.917 W/vold    ( 1576): Skipping due to root namespace
06-23 08:02:34.917 D/vold    ( 1576): Found matching PID 1771
06-23 08:02:34.917 W/vold    ( 1576): Skipping due to root namespace
06-23 08:02:34.917 D/vold    ( 1576): Found matching PID 1908
06-23 08:02:34.923 I/WifiP2pNative( 1908): Registering for interface available listener
06-23 08:02:34.925 D/WifiP2pNative( 1908): P2P InterfaceAvailableListener true
06-23 08:02:34.926 D/WifiP2pService( 1908): Wifi enabled=false, P2P Interface availability=true, Number of clients=0
06-23 08:02:34.926 D/WifiP2pService( 1908): Wifi enabled=false, P2P Interface availability=true
06-23 08:02:34.927 D/WificondControl( 1908): Setting up interface for client mode
06-23 08:02:34.928 I/wificond( 1756): create scanner for interface with index: 3
06-23 08:02:34.928 I/wificond( 1756): subscribe scan result for interface with index: 3
06-23 08:02:34.928 I/hwservicemanager( 1567): getTransport: Cannot find entry android.hardware.wifi.offload@1.0::IOffload/default in either framework or device manifest.
06-23 08:02:34.928 E/wificond( 1756): No Offload Service available
06-23 08:02:34.928 I/wificond( 1756): Offload HAL not supported 
06-23 08:02:34.930 I/netd    ( 1660): interfaceGetCfg("wlan0") <0.26ms>
06-23 08:02:34.930 I/WifiNative( 1908): Interface state changed on Iface:{Name=wlan0,Id=0,Type=STA_SCAN}, isUp=true
06-23 08:02:34.930 I/WifiNative( 1908): Successfully setup Iface:{Name=wlan0,Id=0,Type=STA_SCAN}
06-23 08:02:34.930 E/SupplicantStaIfaceHal( 1908): checkHalVersionByInterfaceName: called but mServiceManager is null
06-23 08:02:34.930 E/SupplicantStaIfaceHal( 1908): Method getKeyMgmtCapabilities is not supported in existing HAL
06-23 08:02:34.934 D/WifiScanOnlyModeManager( 1908): entering StartedState
06-23 08:02:34.934 I/netd    ( 1660): interfaceGetCfg("wlan0") <0.11ms>
06-23 08:02:34.934 D/WifiScanOnlyModeManager( 1908): Wifi is ready to use for scanning
06-23 08:02:34.934 D/WakeupController( 1908): start()
06-23 08:02:34.934 D/WakeupController( 1908): Setting active to true
06-23 08:02:34.934 E/WifiConfigManager( 1908): Cannot save to store before store is read!
06-23 08:02:34.934 D/WifiActiveModeWarden( 1908): scan mode active
06-23 08:02:34.935 D/WifiScanRequestProxy( 1908): Sending scan available broadcast: true
06-23 08:02:34.936 I/WifiScanRequestProxy( 1908): Scanning is enabled
06-23 08:02:34.936 I/WifiScanRequestProxy( 1908): Scanning for hidden networks is disabled
06-23 08:02:34.936 E/WifiNative( 1908): Could not get Iface object for interface null
06-23 08:02:34.938 E/WifiVendorHal( 1908): getBgScanCapabilities(l.630) failed {.code = ERROR_NOT_SUPPORTED, .description = }
06-23 08:02:34.939 I/DropBoxManagerService( 1908): add tag=system_server_strictmode isTagEnabled=true flags=0x2
06-23 08:02:34.942 I/WifiScanningService( 1908): wifi driver loaded with scan capabilities: max buckets=16
06-23 08:02:34.949 I/chatty  ( 1908): uid=1000(system) android.io identical 8 lines
06-23 08:02:34.950 I/DropBoxManagerService( 1908): add tag=system_server_strictmode isTagEnabled=true flags=0x2
06-23 08:02:34.957 D/vold    ( 1576): Remounting 1000 as mode full
06-23 08:02:34.957 D/vold    ( 1576): Found matching PID 1566
06-23 08:02:34.957 W/vold    ( 1576): Skipping due to root namespace
06-23 08:02:34.957 D/vold    ( 1576): Found matching PID 1567
06-23 08:02:34.957 W/vold    ( 1576): Skipping due to root namespace
06-23 08:02:34.957 D/vold    ( 1576): Found matching PID 1568
06-23 08:02:34.957 W/vold    ( 1576): Skipping due to root namespace
06-23 08:02:34.957 D/vold    ( 1576): Found matching PID 1665
06-23 08:02:34.957 W/vold    ( 1576): Skipping due to root namespace
06-23 08:02:34.957 D/vold    ( 1576): Found matching PID 1666
06-23 08:02:34.957 W/vold    ( 1576): Skipping due to root namespace
06-23 08:02:34.957 D/vold    ( 1576): Found matching PID 1686
06-23 08:02:34.957 W/vold    ( 1576): Skipping due to root namespace
06-23 08:02:34.957 D/vold    ( 1576): Found matching PID 1690
06-23 08:02:34.957 W/vold    ( 1576): Skipping due to root namespace
06-23 08:02:34.957 D/vold    ( 1576): Found matching PID 1693
06-23 08:02:34.957 W/vold    ( 1576): Skipping due to root namespace
06-23 08:02:34.957 D/vold    ( 1576): Found matching PID 1694
06-23 08:02:34.958 W/vold    ( 1576): Skipping due to root namespace
06-23 08:02:34.958 D/vold    ( 1576): Found matching PID 1695
06-23 08:02:34.958 W/vold    ( 1576): Skipping due to root namespace
06-23 08:02:34.958 D/vold    ( 1576): Found matching PID 1696
06-23 08:02:34.958 W/vold    ( 1576): Skipping due to root namespace
06-23 08:02:34.958 D/vold    ( 1576): Found matching PID 1697
06-23 08:02:34.958 W/vold    ( 1576): Skipping due to root namespace
06-23 08:02:34.958 D/vold    ( 1576): Found matching PID 1699
06-23 08:02:34.958 W/vold    ( 1576): Skipping due to root namespace
06-23 08:02:34.958 D/vold    ( 1576): Found matching PID 1723
06-23 08:02:34.958 W/vold    ( 1576): Skipping due to root namespace
06-23 08:02:34.958 D/vold    ( 1576): Found matching PID 1741
06-23 08:02:34.958 W/vold    ( 1576): Skipping due to root namespace
06-23 08:02:34.958 D/vold    ( 1576): Found matching PID 1765
06-23 08:02:34.958 W/vold    ( 1576): Skipping due to root namespace
06-23 08:02:34.958 D/vold    ( 1576): Found matching PID 1771
06-23 08:02:34.958 W/vold    ( 1576): Skipping due to root namespace
06-23 08:02:34.958 D/vold    ( 1576): Found matching PID 1908
06-23 08:02:35.005 D/vold    ( 1576): Remounting 1000 as mode full
06-23 08:02:35.006 D/vold    ( 1576): Found matching PID 1566
06-23 08:02:35.006 W/vold    ( 1576): Skipping due to root namespace
06-23 08:02:35.006 D/vold    ( 1576): Found matching PID 1567
06-23 08:02:35.006 W/vold    ( 1576): Skipping due to root namespace
06-23 08:02:35.006 D/vold    ( 1576): Found matching PID 1568
06-23 08:02:35.006 W/vold    ( 1576): Skipping due to root namespace
06-23 08:02:35.006 D/vold    ( 1576): Found matching PID 1665
06-23 08:02:35.006 W/vold    ( 1576): Skipping due to root namespace
06-23 08:02:35.006 D/vold    ( 1576): Found matching PID 1666
06-23 08:02:35.006 W/vold    ( 1576): Skipping due to root namespace
06-23 08:02:35.006 D/vold    ( 1576): Found matching PID 1686
06-23 08:02:35.006 W/vold    ( 1576): Skipping due to root namespace
06-23 08:02:35.006 D/vold    ( 1576): Found matching PID 1690
06-23 08:02:35.006 W/vold    ( 1576): Skipping due to root namespace
06-23 08:02:35.006 D/vold    ( 1576): Found matching PID 1693
06-23 08:02:35.006 W/vold    ( 1576): Skipping due to root namespace
06-23 08:02:35.006 D/vold    ( 1576): Found matching PID 1694
06-23 08:02:35.006 W/vold    ( 1576): Skipping due to root namespace
06-23 08:02:35.006 D/vold    ( 1576): Found matching PID 1695
06-23 08:02:35.006 W/vold    ( 1576): Skipping due to root namespace
06-23 08:02:35.006 D/vold    ( 1576): Found matching PID 1696
06-23 08:02:35.006 W/vold    ( 1576): Skipping due to root namespace
06-23 08:02:35.006 D/vold    ( 1576): Found matching PID 1697
06-23 08:02:35.006 W/vold    ( 1576): Skipping due to root namespace
06-23 08:02:35.006 D/vold    ( 1576): Found matching PID 1699
06-23 08:02:35.006 W/vold    ( 1576): Skipping due to root namespace
06-23 08:02:35.007 D/vold    ( 1576): Found matching PID 1723
06-23 08:02:35.007 W/vold    ( 1576): Skipping due to root namespace
06-23 08:02:35.007 D/vold    ( 1576): Found matching PID 1741
06-23 08:02:35.008 W/vold    ( 1576): Skipping due to root namespace
06-23 08:02:35.008 D/vold    ( 1576): Found matching PID 1765
06-23 08:02:35.008 W/vold    ( 1576): Skipping due to root namespace
06-23 08:02:35.008 D/vold    ( 1576): Found matching PID 1771
06-23 08:02:35.008 W/vold    ( 1576): Skipping due to root namespace
06-23 08:02:35.008 D/vold    ( 1576): Found matching PID 1908
06-23 08:02:35.054 D/vold    ( 1576): Remounting 2000 as mode default
06-23 08:02:35.054 D/vold    ( 1576): Found matching PID 1728
06-23 08:02:35.054 W/vold    ( 1576): Skipping due to root namespace
06-23 08:02:35.055 D/vold    ( 1576): Found matching PID 1731
06-23 08:02:35.055 W/vold    ( 1576): Skipping due to root namespace
06-23 08:02:35.055 D/vold    ( 1576): Remounting 2000 as mode default
06-23 08:02:35.056 D/vold    ( 1576): Found matching PID 1728
06-23 08:02:35.056 W/vold    ( 1576): Skipping due to root namespace
06-23 08:02:35.056 D/vold    ( 1576): Found matching PID 1731
06-23 08:02:35.056 W/vold    ( 1576): Skipping due to root namespace
06-23 08:02:35.057 D/vold    ( 1576): Remounting 2000 as mode full
06-23 08:02:35.057 D/vold    ( 1576): Found matching PID 1728
06-23 08:02:35.057 W/vold    ( 1576): Skipping due to root namespace
06-23 08:02:35.057 D/vold    ( 1576): Found matching PID 1731
06-23 08:02:35.057 W/vold    ( 1576): Skipping due to root namespace
06-23 08:02:35.058 D/vold    ( 1576): Remounting 2000 as mode full
06-23 08:02:35.058 D/vold    ( 1576): Found matching PID 1728
06-23 08:02:35.058 W/vold    ( 1576): Skipping due to root namespace
06-23 08:02:35.058 D/vold    ( 1576): Found matching PID 1731
06-23 08:02:35.058 W/vold    ( 1576): Skipping due to root namespace
06-23 08:02:35.059 D/vold    ( 1576): Remounting 10115 as mode default
06-23 08:02:35.060 D/vold    ( 1576): Remounting 10115 as mode default
06-23 08:02:35.063 D/vold    ( 1576): Remounting 1002 as mode default
06-23 08:02:35.069 I/DefaultPermGrantPolicy( 1908): Granting permissions to default platform handlers for user 0
06-23 08:02:35.065 I/chatty  ( 1576): uid=0(root) Binder:1576_4 identical 2 lines
06-23 08:02:35.066 D/vold    ( 1576): Remounting 1002 as mode default
06-23 08:02:35.074 I/SyncManager( 1908): No initial accounts
06-23 08:02:35.074 I/SyncManager( 1908): No initial status
06-23 08:02:35.074 I/SyncManager( 1908): No initial statistics
06-23 08:02:35.097 D/vold    ( 1576): Remounting 10133 as mode default
06-23 08:02:35.098 D/vold    ( 1576): Remounting 10133 as mode default
06-23 08:02:35.099 D/vold    ( 1576): Remounting 10133 as mode default
06-23 08:02:35.099 D/vold    ( 1576): Remounting 10133 as mode default
06-23 08:02:35.100 D/vold    ( 1576): Remounting 10056 as mode full
06-23 08:02:35.101 I/chatty  ( 1576): uid=0(root) Binder:1576_4 identical 2 lines
06-23 08:02:35.102 D/vold    ( 1576): Remounting 10056 as mode full
06-23 08:02:35.103 D/vold    ( 1576): Remounting 10071 as mode default
06-23 08:02:35.103 D/vold    ( 1576): Remounting 10071 as mode default
06-23 08:02:35.104 D/vold    ( 1576): Remounting 10071 as mode full
06-23 08:02:35.105 D/vold    ( 1576): Remounting 10071 as mode full
06-23 08:02:35.115 D/vold    ( 1576): Remounting 10135 as mode default
06-23 08:02:35.116 I/chatty  ( 1576): uid=0(root) Binder:1576_1 identical 2 lines
06-23 08:02:35.117 D/vold    ( 1576): Remounting 10135 as mode default
06-23 08:02:35.122 D/vold    ( 1576): Remounting 10061 as mode default
06-23 08:02:35.123 D/vold    ( 1576): Remounting 10061 as mode default
06-23 08:02:35.124 D/vold    ( 1576): Remounting 10061 as mode default
06-23 08:02:35.125 D/vold    ( 1576): Remounting 10061 as mode default
06-23 08:02:35.132 D/vold    ( 1576): Remounting 10145 as mode default
06-23 08:02:35.134 I/chatty  ( 1576): uid=0(root) Binder:1576_1 identical 2 lines
06-23 08:02:35.135 D/vold    ( 1576): Remounting 10145 as mode default
06-23 08:02:35.155 D/vold    ( 1576): Remounting 10116 as mode default
06-23 08:02:35.155 D/vold    ( 1576): Remounting 10116 as mode default
06-23 08:02:35.156 D/vold    ( 1576): Remounting 10116 as mode default
06-23 08:02:35.157 D/vold    ( 1576): Remounting 10116 as mode default
06-23 08:02:35.159 E/DefaultPermGrantPolicy( 1908): PackageNot found: com.google.android.gms.location.history
06-23 08:02:35.159 E/DefaultPermGrantPolicy( 1908): android.content.pm.PackageManager$NameNotFoundException: com.google.android.gms.location.history
06-23 08:02:35.159 E/DefaultPermGrantPolicy( 1908): 	at android.app.ApplicationPackageManager.getPackageInfoAsUser(ApplicationPackageManager.java:190)
06-23 08:02:35.159 E/DefaultPermGrantPolicy( 1908): 	at android.app.ApplicationPackageManager.getPackageInfo(ApplicationPackageManager.java:159)
06-23 08:02:35.159 E/DefaultPermGrantPolicy( 1908): 	at com.android.server.pm.permission.DefaultPermissionGrantPolicy.getPackageInfo(DefaultPermissionGrantPolicy.java:1302)
06-23 08:02:35.159 E/DefaultPermGrantPolicy( 1908): 	at com.android.server.pm.permission.DefaultPermissionGrantPolicy.getPackageInfo(DefaultPermissionGrantPolicy.java:1293)
06-23 08:02:35.159 E/DefaultPermGrantPolicy( 1908): 	at com.android.server.pm.permission.DefaultPermissionGrantPolicy.isSystemPackage(DefaultPermissionGrantPolicy.java:962)
06-23 08:02:35.159 E/DefaultPermGrantPolicy( 1908): 	at com.android.server.pm.permission.DefaultPermissionGrantPolicy.grantPermissionsToSystemPackage(DefaultPermissionGrantPolicy.java:363)
06-23 08:02:35.159 E/DefaultPermGrantPolicy( 1908): 	at com.android.server.pm.permission.DefaultPermissionGrantPolicy.grantPermissionsToSystemPackage(DefaultPermissionGrantPolicy.java:356)
06-23 08:02:35.159 E/DefaultPermGrantPolicy( 1908): 	at com.android.server.pm.permission.DefaultPermissionGrantPolicy.grantDefaultSystemHandlerPermissions(DefaultPermissionGrantPolicy.java:647)
06-23 08:02:35.159 E/DefaultPermGrantPolicy( 1908): 	at com.android.server.pm.permission.DefaultPermissionGrantPolicy.grantDefaultPermissions(DefaultPermissionGrantPolicy.java:295)
06-23 08:02:35.159 E/DefaultPermGrantPolicy( 1908): 	at com.android.server.pm.PackageManagerService.systemReady(PackageManagerService.java:21619)
06-23 08:02:35.159 E/DefaultPermGrantPolicy( 1908): 	at com.android.server.SystemServer.startOtherServices(SystemServer.java:1977)
06-23 08:02:35.159 E/DefaultPermGrantPolicy( 1908): 	at com.android.server.SystemServer.run(SystemServer.java:512)
06-23 08:02:35.159 E/DefaultPermGrantPolicy( 1908): 	at com.android.server.SystemServer.main(SystemServer.java:349)
06-23 08:02:35.159 E/DefaultPermGrantPolicy( 1908): 	at java.lang.reflect.Method.invoke(Native Method)
06-23 08:02:35.159 E/DefaultPermGrantPolicy( 1908): 	at com.android.internal.os.RuntimeInit$MethodAndArgsCaller.run(RuntimeInit.java:492)
06-23 08:02:35.159 E/DefaultPermGrantPolicy( 1908): 	at com.android.internal.os.ZygoteInit.main(ZygoteInit.java:908)
06-23 08:02:35.160 D/vold    ( 1576): Remounting 10139 as mode default
06-23 08:02:35.161 D/vold    ( 1576): Remounting 10139 as mode default
06-23 08:02:35.161 D/vold    ( 1576): Remounting 10139 as mode default
06-23 08:02:35.162 D/vold    ( 1576): Remounting 10139 as mode default
06-23 08:02:35.165 D/vold    ( 1576): Remounting 10118 as mode default
06-23 08:02:35.166 I/chatty  ( 1576): uid=0(root) Binder:1576_1 identical 2 lines
06-23 08:02:35.167 D/vold    ( 1576): Remounting 10118 as mode default
06-23 08:02:35.169 D/vold    ( 1576): Remounting 10128 as mode default
06-23 08:02:35.169 I/chatty  ( 1576): uid=0(root) Binder:1576_1 identical 1 line
06-23 08:02:35.170 D/vold    ( 1576): Remounting 10128 as mode default
06-23 08:02:35.171 D/vold    ( 1576): Remounting 10128 as mode default
06-23 08:02:35.171 E/DefaultPermGrantPolicy( 1908): PackageNot found: com.google.android.as
06-23 08:02:35.171 E/DefaultPermGrantPolicy( 1908): android.content.pm.PackageManager$NameNotFoundException: com.google.android.as
06-23 08:02:35.171 E/DefaultPermGrantPolicy( 1908): 	at android.app.ApplicationPackageManager.getPackageInfoAsUser(ApplicationPackageManager.java:190)
06-23 08:02:35.171 E/DefaultPermGrantPolicy( 1908): 	at android.app.ApplicationPackageManager.getPackageInfo(ApplicationPackageManager.java:159)
06-23 08:02:35.171 E/DefaultPermGrantPolicy( 1908): 	at com.android.server.pm.permission.DefaultPermissionGrantPolicy.getPackageInfo(DefaultPermissionGrantPolicy.java:1302)
06-23 08:02:35.171 E/DefaultPermGrantPolicy( 1908): 	at com.android.server.pm.permission.DefaultPermissionGrantPolicy.getPackageInfo(DefaultPermissionGrantPolicy.java:1293)
06-23 08:02:35.171 E/DefaultPermGrantPolicy( 1908): 	at com.android.server.pm.permission.DefaultPermissionGrantPolicy.isSystemPackage(DefaultPermissionGrantPolicy.java:962)
06-23 08:02:35.171 E/DefaultPermGrantPolicy( 1908): 	at com.android.server.pm.permission.DefaultPermissionGrantPolicy.grantPermissionsToSystemPackage(DefaultPermissionGrantPolicy.java:363)
06-23 08:02:35.171 E/DefaultPermGrantPolicy( 1908): 	at com.android.server.pm.permission.DefaultPermissionGrantPolicy.grantPermissionsToSystemPackage(DefaultPermissionGrantPolicy.java:356)
06-23 08:02:35.171 E/DefaultPermGrantPolicy( 1908): 	at com.android.server.pm.permission.DefaultPermissionGrantPolicy.grantDefaultSystemHandlerPermissions(DefaultPermissionGrantPolicy.java:721)
06-23 08:02:35.171 E/DefaultPermGrantPolicy( 1908): 	at com.android.server.pm.permission.DefaultPermissionGrantPolicy.grantDefaultPermissions(DefaultPermissionGrantPolicy.java:295)
06-23 08:02:35.171 E/DefaultPermGrantPolicy( 1908): 	at com.android.server.pm.PackageManagerService.systemReady(PackageManagerService.java:21619)
06-23 08:02:35.171 E/DefaultPermGrantPolicy( 1908): 	at com.android.server.SystemServer.startOtherServices(SystemServer.java:1977)
06-23 08:02:35.171 E/DefaultPermGrantPolicy( 1908): 	at com.android.server.SystemServer.run(SystemServer.java:512)
06-23 08:02:35.171 E/DefaultPermGrantPolicy( 1908): 	at com.android.server.SystemServer.main(SystemServer.java:349)
06-23 08:02:35.171 E/DefaultPermGrantPolicy( 1908): 	at java.lang.reflect.Method.invoke(Native Method)
06-23 08:02:35.171 E/DefaultPermGrantPolicy( 1908): 	at com.android.internal.os.RuntimeInit$MethodAndArgsCaller.run(RuntimeInit.java:492)
06-23 08:02:35.171 E/DefaultPermGrantPolicy( 1908): 	at com.android.internal.os.ZygoteInit.main(ZygoteInit.java:908)
06-23 08:02:35.172 D/vold    ( 1576): Remounting 10068 as mode full
06-23 08:02:35.173 I/chatty  ( 1576): uid=0(root) Binder:1576_1 identical 2 lines
06-23 08:02:35.174 D/vold    ( 1576): Remounting 10068 as mode full
06-23 08:02:35.174 E/DefaultPermGrantPolicy( 1908): PackageNot found: com.google.android.as
06-23 08:02:35.174 E/DefaultPermGrantPolicy( 1908): android.content.pm.PackageManager$NameNotFoundException: com.google.android.as
06-23 08:02:35.174 E/DefaultPermGrantPolicy( 1908): 	at android.app.ApplicationPackageManager.getPackageInfoAsUser(ApplicationPackageManager.java:190)
06-23 08:02:35.174 E/DefaultPermGrantPolicy( 1908): 	at android.app.ApplicationPackageManager.getPackageInfo(ApplicationPackageManager.java:159)
06-23 08:02:35.174 E/DefaultPermGrantPolicy( 1908): 	at com.android.server.pm.permission.DefaultPermissionGrantPolicy.getPackageInfo(DefaultPermissionGrantPolicy.java:1302)
06-23 08:02:35.174 E/DefaultPermGrantPolicy( 1908): 	at com.android.server.pm.permission.DefaultPermissionGrantPolicy.getPackageInfo(DefaultPermissionGrantPolicy.java:1293)
06-23 08:02:35.174 E/DefaultPermGrantPolicy( 1908): 	at com.android.server.pm.permission.DefaultPermissionGrantPolicy.isSystemPackage(DefaultPermissionGrantPolicy.java:962)
06-23 08:02:35.174 E/DefaultPermGrantPolicy( 1908): 	at com.android.server.pm.permission.DefaultPermissionGrantPolicy.grantPermissionsToSystemPackage(DefaultPermissionGrantPolicy.java:363)
06-23 08:02:35.174 E/DefaultPermGrantPolicy( 1908): 	at com.android.server.pm.permission.DefaultPermissionGrantPolicy.grantPermissionsToSystemPackage(DefaultPermissionGrantPolicy.java:356)
06-23 08:02:35.174 E/DefaultPermGrantPolicy( 1908): 	at com.android.server.pm.permission.DefaultPermissionGrantPolicy.grantDefaultSystemHandlerPermissions(DefaultPermissionGrantPolicy.java:743)
06-23 08:02:35.174 E/DefaultPermGrantPolicy( 1908): 	at com.android.server.pm.permission.DefaultPermissionGrantPolicy.grantDefaultPermissions(DefaultPermissionGrantPolicy.java:295)
06-23 08:02:35.174 E/DefaultPermGrantPolicy( 1908): 	at com.android.server.pm.PackageManagerService.systemReady(PackageManagerService.java:21619)
06-23 08:02:35.174 E/DefaultPermGrantPolicy( 1908): 	at com.android.server.SystemServer.startOtherServices(SystemServer.java:1977)
06-23 08:02:35.174 E/DefaultPermGrantPolicy( 1908): 	at com.android.server.SystemServer.run(SystemServer.java:512)
06-23 08:02:35.174 E/DefaultPermGrantPolicy( 1908): 	at com.android.server.SystemServer.main(SystemServer.java:349)
06-23 08:02:35.174 E/DefaultPermGrantPolicy( 1908): 	at java.lang.reflect.Method.invoke(Native Method)
06-23 08:02:35.174 E/DefaultPermGrantPolicy( 1908): 	at com.android.internal.os.RuntimeInit$MethodAndArgsCaller.run(RuntimeInit.java:492)
06-23 08:02:35.174 E/DefaultPermGrantPolicy( 1908): 	at com.android.internal.os.ZygoteInit.main(ZygoteInit.java:908)
06-23 08:02:35.182 I/PackageManager( 1908): Un-granting permission android.permission.MANAGE_DOCUMENTS from package com.google.android.youtube (protectionLevel=262146 flags=0x30dbbe45)
06-23 08:02:35.183 I/PackageManager( 1908): Un-granting permission com.google.android.googleapps.permission.GOOGLE_AUTH from package com.android.providers.calendar (protectionLevel=2 flags=0x30883e45)
06-23 08:02:35.183 I/PackageManager( 1908): Un-granting permission com.google.android.googleapps.permission.GOOGLE_AUTH.cl from package com.android.providers.calendar (protectionLevel=2 flags=0x30883e45)
06-23 08:02:35.183 I/PackageManager( 1908): Un-granting permission android.permission.WRITE_SECURE_SETTINGS from package com.google.android.apps.enterprise.dmagent (protectionLevel=50 flags=0x30883e05)
06-23 08:02:35.183 I/PackageManager( 1908): Un-granting permission android.permission.CONNECTIVITY_INTERNAL from package com.google.android.apps.enterprise.dmagent (protectionLevel=18 flags=0x30883e05)
06-23 08:02:35.183 I/PackageManager( 1908): Un-granting permission android.permission.MANAGE_USB from package com.google.android.apps.enterprise.dmagent (protectionLevel=18 flags=0x30883e05)
06-23 08:02:35.183 I/PackageManager( 1908): Un-granting permission android.permission.CHANGE_COMPONENT_ENABLED_STATE from package com.google.android.apps.enterprise.dmagent (protectionLevel=18 flags=0x30883e05)
06-23 08:02:35.183 I/PackageManager( 1908): Un-granting permission android.permission.MANAGE_CA_CERTIFICATES from package com.google.android.apps.enterprise.dmagent (protectionLevel=18 flags=0x30883e05)
06-23 08:02:35.183 I/PackageManager( 1908): Un-granting permission android.permission.MANAGE_USERS from package com.google.android.apps.enterprise.dmagent (protectionLevel=18 flags=0x30883e05)
06-23 08:02:35.183 I/PackageManager( 1908): Un-granting permission com.google.android.setupwizard.READ_DEVICE_ORIGIN from package com.google.android.apps.messaging (protectionLevel=18 flags=0x38cbbe45)
06-23 08:02:35.184 I/PackageManager( 1908): Un-granting permission android.permission.BIND_WALLPAPER from package com.android.camera2 (protectionLevel=18 flags=0x20d8bc45)
06-23 08:02:35.184 I/PackageManager( 1908): Un-granting permission android.permission.REQUEST_INSTALL_PACKAGES from package com.google.android.gm (protectionLevel=66 flags=0x38cbbe45)
06-23 08:02:35.184 I/PackageManager( 1908): Un-granting permission android.permission.BIND_JOB_SERVICE from package com.google.android.music (protectionLevel=2 flags=0x38cbbe65)
06-23 08:02:35.185 I/PackageManager( 1908): Un-granting permission android.permission.CONNECTIVITY_USE_RESTRICTED_NETWORKS from package com.google.android.captiveportallogin (protectionLevel=18 flags=0x38c8be45)
06-23 08:02:35.185 I/PackageManager( 1908): Un-granting permission android.permission.NETWORK_BYPASS_PRIVATE_DNS from package com.google.android.captiveportallogin (protectionLevel=2 flags=0x38c8be45)
06-23 08:02:35.185 I/PackageManager( 1908): Un-granting permission android.permission.REQUEST_INSTALL_PACKAGES from package com.google.android.apps.docs (protectionLevel=66 flags=0x38cbbe45)
06-23 08:02:35.185 I/PackageManager( 1908): Un-granting permission android.permission.INTERACT_ACROSS_USERS from package com.google.android.syncadapters.contacts (protectionLevel=50 flags=0x20883e45)
06-23 08:02:35.185 I/PackageManager( 1908): Un-granting permission android.permission.REQUEST_INSTALL_PACKAGES from package com.android.chrome (protectionLevel=66 flags=0xa0cbbe45)
06-23 08:02:35.185 I/PackageManager( 1908): Un-granting permission com.google.android.apps.now.CURRENT_ACCOUNT_ACCESS from package com.android.chrome (protectionLevel=2 flags=0xa0cbbe45)
06-23 08:02:35.185 I/PackageManager( 1908): Un-granting permission android.permission.CAPTURE_VIDEO_OUTPUT from package com.google.android.gms (protectionLevel=2 flags=0xb0cabe45)
06-23 08:02:35.185 I/PackageManager( 1908): Un-granting permission android.permission.MANAGE_DEVICE_ADMINS from package com.google.android.gms (protectionLevel=2 flags=0xb0cabe45)
06-23 08:02:35.185 I/PackageManager( 1908): Un-granting permission android.permission.MANAGE_ACTIVITY_STACKS from package com.google.android.gms (protectionLevel=2 flags=0xb0cabe45)
06-23 08:02:35.185 I/PackageManager( 1908): Un-granting permission android.permission.CAPTURE_SECURE_VIDEO_OUTPUT from package com.google.android.gms (protectionLevel=2 flags=0xb0cabe45)
06-23 08:02:35.185 I/PackageManager( 1908): Un-granting permission android.permission.MANAGE_ROLLBACKS from package com.google.android.gms (protectionLevel=514 flags=0xb0cabe45)
06-23 08:02:35.186 I/PackageManager( 1908): Un-granting permission com.google.android.googleapps.permission.GOOGLE_AUTH from package com.google.android.videos (protectionLevel=2 flags=0x30dbbe45)
06-23 08:02:35.186 I/PackageManager( 1908): Un-granting permission android.permission.WRITE_MEDIA_STORAGE from package com.google.android.apps.photos (protectionLevel=18 flags=0x38d9be45)
06-23 08:02:35.190 V/UserDataPreparer( 1908): Found /data/user_de/0 with serial number -1
06-23 08:02:35.190 D/UserDataPreparer( 1908): Serial number missing on /data/user_de/0; assuming current is valid
06-23 08:02:35.191 V/UserDataPreparer( 1908): Found /data/user/0 with serial number -1
06-23 08:02:35.191 D/UserDataPreparer( 1908): Serial number missing on /data/user/0; assuming current is valid
06-23 08:02:35.191 V/UserDataPreparer( 1908): Found /data/system_de/0 with serial number -1
06-23 08:02:35.191 D/UserDataPreparer( 1908): Serial number missing on /data/system_de/0; assuming current is valid
06-23 08:02:35.192 D/SystemServerTiming( 1908): MakePackageManagerServiceReady took to complete: 333ms
06-23 08:02:35.192 I/SystemServer( 1908): MakeDisplayManagerServiceReady
06-23 08:02:35.199 E/DisplayModeDirector( 1908): Asked about unknown display, returning empty allowed set! (id=0)
06-23 08:02:35.199 E/DisplayModeDirector( 1908): Asked about unknown display, returning empty allowed set! (id=0)
06-23 08:02:35.201 D/SystemServerTiming( 1908): MakeDisplayManagerServiceReady took to complete: 9ms
06-23 08:02:35.201 I/SystemServer( 1908): StartDeviceSpecificServices
06-23 08:02:35.201 D/SystemServerTiming( 1908): StartDeviceSpecificServices took to complete: 0ms
06-23 08:02:35.201 I/SystemServer( 1908): StartBootPhaseDeviceSpecificServicesReady
06-23 08:02:35.201 I/SystemServiceManager( 1908): Starting phase 520
06-23 08:02:35.203 D/SystemServerTiming( 1908): StartBootPhaseDeviceSpecificServicesReady took to complete: 2ms
06-23 08:02:35.203 I/SystemServer( 1908): StartPermissionPolicyService
06-23 08:02:35.203 I/SystemServiceManager( 1908): Starting com.android.server.policy.PermissionPolicyService
06-23 08:02:35.204 D/SystemServerTiming( 1908): StartPermissionPolicyService took to complete: 1ms
06-23 08:02:35.204 W/UsageStatsService( 1908): Event reported without a package name, eventType:15
06-23 08:02:35.205 I/AppOps  ( 1908): Pruning old package system/com.android.server.appop.AppOpsService$UidState@312cfc6: new uid=-1
06-23 08:02:35.205 I/ActivityManager( 1908): System now ready
06-23 08:02:35.228 I/SystemServer( 1908): Making services ready
06-23 08:02:35.228 I/SystemServer( 1908): StartActivityManagerReadyPhase
06-23 08:02:35.228 I/SystemServiceManager( 1908): Starting phase 550
06-23 08:02:35.229 I/android_os_HwBinder( 1908): HwBinder: Starting thread pool for getting: android.hardware.thermal@2.0::IThermal/default
06-23 08:02:35.229 I/android.hardware.thermal@2.0-service-mock( 1699): A callback has been registered to ThermalHAL, isFilter: 0 Type: CPU
06-23 08:02:35.230 W/ActivityManager( 1908): Too early to start/bind service in system_server: Phase=550 ComponentInfo{com.android.server.telecom/com.android.server.telecom.components.TelecomService}
06-23 08:02:35.231 W/ActivityManager( 1908): Too early to start/bind service in system_server: Phase=550 ComponentInfo{com.android.server.telecom/com.android.server.telecom.components.TelecomService}
06-23 08:02:35.241 D/PackageManager( 1908): Instant App installer not found with android.intent.action.INSTALL_INSTANT_APP_PACKAGE
06-23 08:02:35.241 D/PackageManager( 1908): Clear ephemeral installer activity
06-23 08:02:35.241 D/PackageManager( 1908): Instant App installer not found with android.intent.action.INSTALL_INSTANT_APP_PACKAGE
06-23 08:02:35.241 D/PackageManager( 1908): Clear ephemeral installer activity
06-23 08:02:35.241 D/PackageManager( 1908): Instant App installer not found with android.intent.action.INSTALL_INSTANT_APP_PACKAGE
06-23 08:02:35.241 D/PackageManager( 1908): Clear ephemeral installer activity
06-23 08:02:35.246 D/StorageManagerService( 1908): Isolated storage local flag 0 and remote flag 0 resolved to true
06-23 08:02:35.248 D/Zygote  ( 1661): Forked child process 2052
06-23 08:02:35.254 I/LockSettingsService( 1908): Migrated migrated_frp.
06-23 08:02:35.256 W/.gms.persisten( 2052): Unexpected CPU variant for X86 using defaults: x86_64
06-23 08:02:35.256 I/WallpaperManagerService( 1908): No static wallpaper imagery; defaults will be shown
06-23 08:02:35.256 V/WallpaperManagerService( 1908): bindWallpaperComponentLocked: componentName=ComponentInfo{com.android.systemui/com.android.systemui.ImageWallpaper}
06-23 08:02:35.257 W/WallpaperManagerService( 1908): no current wallpaper -- first boot?
06-23 08:02:35.258 I/ActivityManager( 1908): Start proc 2052:com.google.android.gms.persistent/u0a116 for broadcast {com.google.android.gms/com.google.android.gms.chimera.GmsIntentOperationService$PersistentTrustedReceiver}
06-23 08:02:35.258 E/BluetoothAdapter( 1908): Bluetooth binder is null
06-23 08:02:35.258 E/BluetoothAdapter( 1908): Bluetooth binder is null
06-23 08:02:35.259 I/AudioFlinger( 1710): systemReady
06-23 08:02:35.260 D/Zygote  ( 1661): Forked child process 2065
06-23 08:02:35.262 I/AppBindingService( 1908): Updating constants with: null
06-23 08:02:35.265 W/ndroid.systemu( 2065): Unexpected CPU variant for X86 using defaults: x86_64
06-23 08:02:35.269 I/ActivityManager( 1908): Start proc 2065:com.android.systemui/u0a115 for service {com.android.systemui/com.android.systemui.ImageWallpaper}
06-23 08:02:35.272 D/Zygote  ( 1661): Forked child process 2081
06-23 08:02:35.281 I/ActivityManager( 1908): Start proc 2081:com.google.android.permissioncontroller/u0a74 for service {com.google.android.permissioncontroller/com.android.packageinstaller.permission.service.PermissionControllerServiceImpl}
06-23 08:02:35.283 I/.gms.persisten( 2052): The ClassLoaderContext is a special shared library.
06-23 08:02:35.286 D/StagefrightPluginLoader( 1750): CCodec is disabled.
06-23 08:02:35.286 D/StagefrightPluginLoader( 1750): Handle or CreateInputSurface symbol is null
06-23 08:02:35.286 D/MediaCodecList( 1750): Allowing all OMX codecs
06-23 08:02:35.286 D/StagefrightPluginLoader( 1750): Handle or CreateBuilder symbol is null
06-23 08:02:35.287 I/.gms.persisten( 2052): The ClassLoaderContext is a special shared library.
06-23 08:02:35.288 I/.gms.persisten( 2052): The ClassLoaderContext is a special shared library.
06-23 08:02:35.289 I/OMXClient( 1750): IOmx service obtained
06-23 08:02:35.289 I/OMXMaster( 1757): makeComponentInstance(OMX.google.aac.decoder) in android.hardwar process
06-23 08:02:35.290 I/.gms.persisten( 2052): The ClassLoaderContext is a special shared library.
06-23 08:02:35.290 W/ssioncontrolle( 2081): Unexpected CPU variant for X86 using defaults: x86_64
06-23 08:02:35.294 I/OMXClient( 1750): IOmx service obtained
06-23 08:02:35.294 I/OMXMaster( 1757): makeComponentInstance(OMX.google.amrnb.decoder) in android.hardwar process
06-23 08:02:35.299 I/ndroid.systemu( 2065): The ClassLoaderContext is a special shared library.
06-23 08:02:35.309 I/ssioncontrolle( 2081): The ClassLoaderContext is a special shared library.
06-23 08:02:35.311 I/OMXClient( 1750): IOmx service obtained
06-23 08:02:35.311 I/OMXMaster( 1757): makeComponentInstance(OMX.google.amrwb.decoder) in android.hardwar process
06-23 08:02:35.316 W/ContextImpl( 2052): Failed to ensure /data/user/0/com.google.android.gms/cache: mkdir failed: ENOENT (No such file or directory)
06-23 08:02:35.316 W/ContextImpl( 2052): Failed to update user.inode_cache: stat failed: ENOENT (No such file or directory)
06-23 08:02:35.317 I/OMXClient( 1750): IOmx service obtained
06-23 08:02:35.317 I/OMXMaster( 1757): makeComponentInstance(OMX.google.flac.decoder) in android.hardwar process
06-23 08:02:35.325 I/OMXClient( 1750): IOmx service obtained
06-23 08:02:35.325 I/OMXMaster( 1757): makeComponentInstance(OMX.google.g711.alaw.decoder) in android.hardwar process
06-23 08:02:35.329 W/StorageManagerService( 1908): No primary storage defined yet; hacking together a stub
06-23 08:02:35.337 I/OMXClient( 1750): IOmx service obtained
06-23 08:02:35.337 I/OMXMaster( 1757): makeComponentInstance(OMX.google.g711.mlaw.decoder) in android.hardwar process
06-23 08:02:35.338 D/PackageManager( 1908): Instant App installer not found with android.intent.action.INSTALL_INSTANT_APP_PACKAGE
06-23 08:02:35.338 D/PackageManager( 1908): Clear ephemeral installer activity
06-23 08:02:35.342 W/AlarmManager( 2065): Unrecognized alarm listener com.android.systemui.keyguard.-$$Lambda$KeyguardSliceProvider$IhzByd8TsqFuOrSyuGurVskyPLo@9552a88
06-23 08:02:35.346 I/OMXClient( 1750): IOmx service obtained
