06-21 10:48:34.240 I/PackageManager( 1909): /system/product/priv-app/PrebuiltGmsCore changed; collecting certs
06-21 10:48:34.249 E/PackageManager( 1909): Adding duplicate app id: 10115 name=com.google.android.gms
06-21 10:48:34.256 W/PackageParser( 1909): No actions in intent filter at /system/product/priv-app/Velvet/Velvet.apk Binary XML file line #3398
06-21 10:48:34.264 I/PackageParser( 1909): Parse times for '/system/product/priv-app/Velvet': parse=114ms, update_cache=8 ms
06-21 10:48:34.264 I/PackageManager( 1909): /system/product/priv-app/Velvet changed; collecting certs
06-21 10:48:34.279 I/PackageParser( 1909): Parse times for '/system/product/priv-app/Settings': parse=130ms, update_cache=8 ms
06-21 10:48:34.279 I/PackageManager( 1909): /system/product/priv-app/Settings changed; collecting certs
06-21 10:48:34.280 E/PackageManager( 1909): Adding duplicate shared id: 1000 name=com.android.settings
06-21 10:48:34.281 W/PackageManager( 1909): Skipping provider name androidx.lifecycle.process.lifecycle-process (in package com.android.settings): name already used by com.android.systemui
06-21 10:48:34.286 I/PackageManager( 1909): /system/product/app/NexusWallpapersStubPrebuilt2018 changed; collecting certs
06-21 10:48:34.290 I/PackageManager( 1909): /system/product/app/TrichromeLibrary changed; collecting certs
06-21 10:48:34.300 I/PackageManager( 1909): /system/product/app/DMAgent changed; collecting certs
06-21 10:48:34.303 I/PackageManager( 1909): /system/product/app/MarkupGoogle changed; collecting certs
06-21 10:48:34.315 I/PackageManager( 1909): /system/product/app/SoundPickerPrebuilt changed; collecting certs
06-21 10:48:34.327 I/PackageManager( 1909): /system/product/app/GoogleContactsSyncAdapter changed; collecting certs
06-21 10:48:34.330 I/PackageManager( 1909): /system/product/app/Videos changed; collecting certs
06-21 10:48:34.342 I/PackageManager( 1909): /system/product/app/WebViewGoogle changed; collecting certs
06-21 10:48:34.354 W/PackageParser( 1909): No actions in intent filter at /system/product/app/PrebuiltBugle/PrebuiltBugle.apk Binary XML file line #1261
06-21 10:48:34.359 I/PackageManager( 1909): /system/product/app/PrebuiltBugle changed; collecting certs
06-21 10:48:34.378 I/PackageManager( 1909): /system/product/app/LatinIMEGooglePrebuilt changed; collecting certs
06-21 10:48:34.381 I/PackageManager( 1909): /system/product/app/Chrome changed; collecting certs
06-21 10:48:34.383 I/PackageManager( 1909): /system/product/app/Camera2 changed; collecting certs
06-21 10:48:34.385 I/PackageManager( 1909): /system/product/app/ModuleMetadataGoogle changed; collecting certs
06-21 10:48:34.405 W/PackageParser( 1909): No actions in intent filter at /system/product/app/Drive/Drive.apk Binary XML file line #1759
06-21 10:48:34.412 I/PackageManager( 1909): /system/product/app/Drive changed; collecting certs
06-21 10:48:34.321 I/chatty  ( 1756): uid=0(root) /system/bin/storaged identical 1 line
06-21 10:48:34.422 I/ServiceManager( 1756): Waiting for service 'package_native' on '/dev/binder'...
06-21 10:48:34.425 I/PackageManager( 1909): New shared user com.google.android.apps.maps: id=10137
06-21 10:48:34.425 I/PackageManager( 1909): /system/product/app/Maps changed; collecting certs
06-21 10:48:34.427 E/PackageManager( 1909): Adding duplicate app id: 10137 name=com.google.android.apps.maps
06-21 10:48:34.429 W/PackageParser( 1909): No actions in intent filter at /system/product/app/CalendarGooglePrebuilt/CalendarGooglePrebuilt.apk Binary XML file line #500
06-21 10:48:34.432 I/PackageManager( 1909): New shared user com.google.android.calendar.uid.shared: id=10138
06-21 10:48:34.432 I/PackageManager( 1909): /system/product/app/CalendarGooglePrebuilt changed; collecting certs
06-21 10:48:34.434 W/PackageParser( 1909): No actions in intent filter at /system/product/app/PrebuiltGmail/PrebuiltGmail.apk Binary XML file line #735
06-21 10:48:34.434 W/PackageParser( 1909): No actions in intent filter at /system/product/app/PrebuiltGmail/PrebuiltGmail.apk Binary XML file line #800
06-21 10:48:34.476 E/PackageManager( 1909): Adding duplicate app id: 10138 name=com.google.android.calendar
06-21 10:48:34.477 I/PackageManager( 1909): /system/product/app/PrebuiltGmail changed; collecting certs
06-21 10:48:34.484 I/PackageManager( 1909): /system/product/app/WallpapersBReel2018 changed; collecting certs
06-21 10:48:34.486 I/PackageManager( 1909): /system/product/app/Music2 changed; collecting certs
06-21 10:48:34.503 I/PackageManager( 1909): /system/product/app/GoogleTTS changed; collecting certs
06-21 10:48:34.512 I/PackageManager( 1909): /system/product/app/PrebuiltDeskClockGoogle changed; collecting certs
06-21 10:48:34.522 I/ServiceManager( 1756): Waiting for service 'package_native' on '/dev/binder'...
06-21 10:48:34.527 W/PackageParser( 1909): Unknown element under <manifest>: meta-data at /system/product/app/YouTube/YouTube.apk Binary XML file line #113
06-21 10:48:34.527 W/PackageParser( 1909): Unknown element under <manifest>: queries at /system/product/app/YouTube/YouTube.apk Binary XML file line #115
06-21 10:48:34.531 W/PackageParser( 1909): No actions in intent filter at /system/product/app/Photos/Photos.apk Binary XML file line #1857
06-21 10:48:34.533 I/PackageManager( 1909): /system/product/app/YouTube changed; collecting certs
06-21 10:48:34.539 I/PackageParser( 1909): Parse times for '/system/product/app/Photos': parse=99ms, update_cache=8 ms
06-21 10:48:34.539 I/PackageManager( 1909): /system/product/app/Photos changed; collecting certs
06-21 10:48:34.543 D/PackageManager( 1909): No files in app dir /product_services/priv-app
06-21 10:48:34.543 D/PackageManager( 1909): No files in app dir /product_services/app
06-21 10:48:34.543 I/PackageManager( 1909): Finished scanning system apps. Time: 889 ms, packageCount: 177 , timePerPackage: 5 , cached: 0
06-21 10:48:34.543 D/PackageManager( 1909): No files in app dir /data/app
06-21 10:48:34.543 I/PackageManager( 1909): Finished scanning non-system apps. Time: 1 ms, packageCount: 0 , timePerPackage: 0 , cached: 0
06-21 10:48:34.544 E/installd( 1743): Invalid path /system/product/priv-app/GoogleServicesFramework: No such file or directory
06-21 10:48:34.544 E/installd( 1743): Invalid path /system/framework/framework-res.apk: No such file or directory
06-21 10:48:34.544 E/installd( 1743): Invalid path /system/product/priv-app/Settings: No such file or directory
06-21 10:48:34.544 I/PackageManager( 1909): Time to scan packages: 0.891 seconds
06-21 10:48:34.545 I/PackageManager( 1909): Un-granting permission android.permission.MANAGE_DOCUMENTS from package com.google.android.youtube (protectionLevel=262146 flags=0x305bbe45)
06-21 10:48:34.545 I/PackageManager( 1909): Un-granting permission com.google.android.googleapps.permission.GOOGLE_AUTH from package com.android.providers.calendar (protectionLevel=2 flags=0x30083e45)
06-21 10:48:34.545 I/PackageManager( 1909): Un-granting permission com.google.android.googleapps.permission.GOOGLE_AUTH.cl from package com.android.providers.calendar (protectionLevel=2 flags=0x30083e45)
06-21 10:48:34.546 I/PackageManager( 1909): Un-granting permission android.permission.WRITE_SECURE_SETTINGS from package com.google.android.apps.enterprise.dmagent (protectionLevel=50 flags=0x30083e05)
06-21 10:48:34.546 I/PackageManager( 1909): Un-granting permission android.permission.CONNECTIVITY_INTERNAL from package com.google.android.apps.enterprise.dmagent (protectionLevel=18 flags=0x30083e05)
06-21 10:48:34.546 I/PackageManager( 1909): Un-granting permission android.permission.MANAGE_USB from package com.google.android.apps.enterprise.dmagent (protectionLevel=18 flags=0x30083e05)
06-21 10:48:34.546 I/PackageManager( 1909): Un-granting permission android.permission.CHANGE_COMPONENT_ENABLED_STATE from package com.google.android.apps.enterprise.dmagent (protectionLevel=18 flags=0x30083e05)
06-21 10:48:34.546 I/PackageManager( 1909): Un-granting permission android.permission.MANAGE_CA_CERTIFICATES from package com.google.android.apps.enterprise.dmagent (protectionLevel=18 flags=0x30083e05)
06-21 10:48:34.546 I/PackageManager( 1909): Un-granting permission android.permission.MANAGE_USERS from package com.google.android.apps.enterprise.dmagent (protectionLevel=18 flags=0x30083e05)
06-21 10:48:34.546 I/PackageManager( 1909): Un-granting permission com.google.android.setupwizard.READ_DEVICE_ORIGIN from package com.google.android.apps.messaging (protectionLevel=18 flags=0x384bbe45)
06-21 10:48:34.547 I/PackageManager( 1909): Un-granting permission android.permission.BIND_WALLPAPER from package com.android.camera2 (protectionLevel=18 flags=0x2058bc45)
06-21 10:48:34.547 I/PackageManager( 1909): Un-granting permission android.permission.REQUEST_INSTALL_PACKAGES from package com.google.android.gm (protectionLevel=66 flags=0x384bbe45)
06-21 10:48:34.547 I/PackageManager( 1909): Un-granting permission android.permission.GRANT_RUNTIME_PERMISSIONS from package com.google.android.permissioncontroller (protectionLevel=770 flags=0x30483e05)
06-21 10:48:34.547 I/PackageManager( 1909): Un-granting permission android.permission.REVOKE_RUNTIME_PERMISSIONS from package com.google.android.permissioncontroller (protectionLevel=770 flags=0x30483e05)
06-21 10:48:34.547 I/PackageManager( 1909): Un-granting permission android.permission.ADJUST_RUNTIME_PERMISSIONS_POLICY from package com.google.android.permissioncontroller (protectionLevel=258 flags=0x30483e05)
06-21 10:48:34.547 I/PackageManager( 1909): Un-granting permission android.permission.WHITELIST_RESTRICTED_PERMISSIONS from package com.google.android.permissioncontroller (protectionLevel=258 flags=0x30483e05)
06-21 10:48:34.547 I/PackageManager( 1909): Un-granting permission android.permission.INTERACT_ACROSS_USERS_FULL from package com.google.android.permissioncontroller (protectionLevel=258 flags=0x30483e05)
06-21 10:48:34.547 I/PackageManager( 1909): Un-granting permission android.permission.MANAGE_APP_OPS_MODES from package com.google.android.permissioncontroller (protectionLevel=770 flags=0x30483e05)
06-21 10:48:34.547 I/PackageManager( 1909): Un-granting permission android.permission.KILL_UID from package com.google.android.permissioncontroller (protectionLevel=258 flags=0x30483e05)
06-21 10:48:34.547 I/PackageManager( 1909): Un-granting permission android.permission.MANAGE_APP_OPS_RESTRICTIONS from package com.google.android.permissioncontroller (protectionLevel=258 flags=0x30483e05)
06-21 10:48:34.547 I/PackageManager( 1909): Un-granting permission android.permission.HIDE_NON_SYSTEM_OVERLAY_WINDOWS from package com.google.android.permissioncontroller (protectionLevel=258 flags=0x30483e05)
06-21 10:48:34.547 I/PackageManager( 1909): Un-granting permission android.permission.MANAGE_ROLE_HOLDERS from package com.google.android.permissioncontroller (protectionLevel=258 flags=0x30483e05)
06-21 10:48:34.547 I/PackageManager( 1909): Un-granting permission android.permission.OBSERVE_ROLE_HOLDERS from package com.google.android.permissioncontroller (protectionLevel=258 flags=0x30483e05)
06-21 10:48:34.547 I/PackageManager( 1909): Un-granting permission android.permission.SET_PREFERRED_APPLICATIONS from package com.google.android.permissioncontroller (protectionLevel=770 flags=0x30483e05)
06-21 10:48:34.547 I/PackageManager( 1909): Un-granting permission android.permission.ACCESS_SHARED_LIBRARIES from package com.google.android.permissioncontroller (protectionLevel=258 flags=0x30483e05)
06-21 10:48:34.547 I/PackageManager( 1909): Un-granting permission android.permission.ACCESS_INSTANT_APPS from package com.google.android.permissioncontroller (protectionLevel=131842 flags=0x30483e05)
06-21 10:48:34.547 I/PackageManager( 1909): Un-granting permission android.permission.OPEN_ACCESSIBILITY_DETAILS_SETTINGS from package com.google.android.permissioncontroller (protectionLevel=258 flags=0x30483e05)
06-21 10:48:34.548 I/PackageManager( 1909): Un-granting permission android.permission.BIND_JOB_SERVICE from package com.google.android.music (protectionLevel=2 flags=0x384bbe65)
06-21 10:48:34.548 I/PackageManager( 1909): Un-granting permission android.permission.CONNECTIVITY_USE_RESTRICTED_NETWORKS from package com.google.android.captiveportallogin (protectionLevel=18 flags=0x3848be45)
06-21 10:48:34.548 I/PackageManager( 1909): Un-granting permission android.permission.NETWORK_BYPASS_PRIVATE_DNS from package com.google.android.captiveportallogin (protectionLevel=2 flags=0x3848be45)
06-21 10:48:34.548 I/PackageManager( 1909): Un-granting permission android.permission.REQUEST_INSTALL_PACKAGES from package com.google.android.apps.docs (protectionLevel=66 flags=0x384bbe45)
06-21 10:48:34.548 I/PackageManager( 1909): Un-granting permission android.permission.INTERACT_ACROSS_USERS from package com.google.android.syncadapters.contacts (protectionLevel=50 flags=0x20083e45)
06-21 10:48:34.548 I/PackageManager( 1909): Un-granting permission android.permission.REQUEST_INSTALL_PACKAGES from package com.android.chrome (protectionLevel=66 flags=0xa04bbe45)
06-21 10:48:34.548 I/PackageManager( 1909): Un-granting permission com.google.android.apps.now.CURRENT_ACCOUNT_ACCESS from package com.android.chrome (protectionLevel=2 flags=0xa04bbe45)
06-21 10:48:34.549 I/PackageManager( 1909): Un-granting permission android.permission.HIDE_NON_SYSTEM_OVERLAY_WINDOWS from package com.google.android.packageinstaller (protectionLevel=258 flags=0x30483e45)
06-21 10:48:34.549 I/PackageManager( 1909): Un-granting permission android.permission.MANAGE_APP_OPS_MODES from package com.google.android.packageinstaller (protectionLevel=770 flags=0x30483e45)
06-21 10:48:34.549 I/PackageManager( 1909): Un-granting permission android.permission.INTERACT_ACROSS_USERS_FULL from package com.google.android.packageinstaller (protectionLevel=258 flags=0x30483e45)
06-21 10:48:34.549 I/PackageManager( 1909): Un-granting permission android.permission.CAPTURE_VIDEO_OUTPUT from package com.google.android.gms (protectionLevel=2 flags=0xb04abe45)
06-21 10:48:34.549 I/PackageManager( 1909): Un-granting permission android.permission.MANAGE_DEVICE_ADMINS from package com.google.android.gms (protectionLevel=2 flags=0xb04abe45)
06-21 10:48:34.549 I/PackageManager( 1909): Un-granting permission android.permission.MANAGE_ACTIVITY_STACKS from package com.google.android.gms (protectionLevel=2 flags=0xb04abe45)
06-21 10:48:34.549 I/PackageManager( 1909): Un-granting permission android.permission.CAPTURE_SECURE_VIDEO_OUTPUT from package com.google.android.gms (protectionLevel=2 flags=0xb04abe45)
06-21 10:48:34.549 I/PackageManager( 1909): Un-granting permission android.permission.MANAGE_ROLLBACKS from package com.google.android.gms (protectionLevel=514 flags=0xb04abe45)
06-21 10:48:34.550 I/PackageManager( 1909): Un-granting permission com.google.android.googleapps.permission.GOOGLE_AUTH from package com.google.android.videos (protectionLevel=2 flags=0x305bbe45)
06-21 10:48:34.550 I/PackageManager( 1909): Un-granting permission android.permission.WRITE_MEDIA_STORAGE from package com.google.android.apps.photos (protectionLevel=18 flags=0x3859be45)
06-21 10:48:34.553 W/PackageManager( 1909): Unknown package com.google.android.apps.docs.editors.docs in sysconfig <app-link>
06-21 10:48:34.553 W/PackageManager( 1909): Unknown package com.google.android.apps.docs.editors.sheets in sysconfig <app-link>
06-21 10:48:34.553 W/PackageManager( 1909): Unknown package com.google.android.apps.docs.editors.slides in sysconfig <app-link>
06-21 10:48:34.553 W/PackageManager( 1909): Sysconfig <app-link> package 'com.android.vending' does not handle web links
06-21 10:48:34.553 W/PackageManager( 1909): Unknown package com.google.android.apps.plus in sysconfig <app-link>
06-21 10:48:34.553 W/PackageManager( 1909): Unknown package com.google.android.apps.tycho in sysconfig <app-link>
06-21 10:48:34.553 W/PackageManager( 1909): Unknown package com.google.android.talk in sysconfig <app-link>
06-21 10:48:34.553 V/PackageManager( 1909): reconcileAppsData for null u0 0x1 migrateAppData=true
06-21 10:48:34.554 I/SELinux ( 1743): SELinux: Loaded file_contexts
06-21 10:48:34.568 V/PackageManager( 1909): reconcileAppsData finished 20 packages
06-21 10:48:34.569 D/SystemServerInitThreadPool( 1909): Started executing prepareAppData
06-21 10:48:34.569 D/SystemServerTimingAsync( 1909): AppDataFixup took to complete: 1ms
06-21 10:48:34.578 I/SELinux ( 1909): SELinux: Loaded file_contexts
06-21 10:48:34.581 E/PackageManager( 1909): There should probably be a verifier, but, none were found
06-21 10:48:34.582 V/PackageManager( 1909): Ephemeral resolver found; pkg: com.google.android.gms, info:ResolveInfo{2e73f08 com.google.android.gms/.chimera.PersistentBoundBrokerService m=0x108000}
06-21 10:48:34.582 D/PackageManager( 1909): Set ephemeral resolver: Pair{ComponentInfo{com.google.android.gms/com.google.android.gms.chimera.PersistentBoundBrokerService} android.intent.action.RESOLVE_INSTANT_APP_PACKAGE}
06-21 10:48:34.582 D/PackageManager( 1909): Instant App installer not found with android.intent.action.INSTALL_INSTANT_APP_PACKAGE
06-21 10:48:34.582 D/PackageManager( 1909): Clear ephemeral installer activity
06-21 10:48:34.613 I/system_server( 1909): Explicit concurrent copying GC freed 202003(16MB) AllocSpace objects, 154(4964KB) LOS objects, 42% free, 6472KB/11MB, paused 478us total 29.091ms
06-21 10:48:34.614 I/Watchdog( 1909): Resuming HandlerChecker: main thread for reason: packagemanagermain. Pause count: 0
06-21 10:48:34.615 D/SystemServerTiming( 1909): StartPackageManagerService took to complete: 982ms
06-21 10:48:34.615 I/SystemServer( 1909): StartOtaDexOptService
06-21 10:48:34.615 I/Watchdog( 1909): Pausing HandlerChecker: main thread for reason: moveab. Pause count: 1
06-21 10:48:34.616 D/OTADexopt( 1909): No upgrade, skipping A/B artifacts check.
06-21 10:48:34.616 I/Watchdog( 1909): Resuming HandlerChecker: main thread for reason: moveab. Pause count: 0
06-21 10:48:34.616 D/SystemServerTiming( 1909): StartOtaDexOptService took to complete: 1ms
06-21 10:48:34.616 I/SystemServer( 1909): StartUserManagerService
06-21 10:48:34.616 I/SystemServiceManager( 1909): Starting com.android.server.pm.UserManagerService$LifeCycle
06-21 10:48:34.616 D/SystemServerTiming( 1909): StartUserManagerService took to complete: 1ms
06-21 10:48:34.616 I/SystemServer( 1909): InitAttributerCache
06-21 10:48:34.616 D/SystemServerTiming( 1909): InitAttributerCache took to complete: 0ms
06-21 10:48:34.616 I/SystemServer( 1909): SetSystemProcess
06-21 10:48:34.625 I/lowmemorykiller( 1720): lmkd data connection established
06-21 10:48:34.625 D/SystemServerTiming( 1909): SetSystemProcess took to complete: 9ms
06-21 10:48:34.625 I/SystemServer( 1909): InitWatchdog
06-21 10:48:34.626 D/SystemServerTiming( 1909): InitWatchdog took to complete: 1ms
06-21 10:48:34.627 I/SystemServer( 1909): StartOverlayManagerService
06-21 10:48:34.627 I/        ( 1738): Waiting for sensor privacy service
06-21 10:48:34.627 I/        ( 1718): Waiting for sensor privacy service
06-21 10:48:34.628 I/storaged( 1756): storaged: Start
06-21 10:48:34.745 D/SystemServerTimingAsync( 1909): AppDataPrepare took to complete: 175ms
06-21 10:48:34.745 I/PackageManager( 1909): Deferred reconcileAppsData finished 157 packages
06-21 10:48:34.745 D/SystemServerInitThreadPool( 1909): Finished executing prepareAppData
06-21 10:48:34.775 D/SystemServerTiming( 1909): StartOverlayManagerService took to complete: 149ms
06-21 10:48:34.775 I/SystemServer( 1909): StartSensorPrivacyService
06-21 10:48:34.775 D/SystemServerTiming( 1909): StartSensorPrivacyService took to complete: 0ms
06-21 10:48:34.776 D/SystemServerInitThreadPool( 1909): Started executing StartSensorService
06-21 10:48:34.776 I/SystemServer( 1909): StartBatteryService
06-21 10:48:34.776 D/SensorService( 1909): nuSensorService starting...
06-21 10:48:34.776 I/SystemServiceManager( 1909): Starting com.android.server.BatteryService
06-21 10:48:34.776 I/hwservicemanager( 1568): getTransport: Cannot find entry android.hardware.sensors@2.0::ISensors/default in either framework or device manifest.
06-21 10:48:34.777 I/SensorService( 1909): Reported power 0.000000 not deemed sane, clamping to 0.001000
06-21 10:48:34.779 I/SensorService( 1909): Generated new HMAC key.
06-21 10:48:34.779 D/SensorService( 1909): nuSensorService thread starting...
06-21 10:48:34.779 D/SensorService( 1909): new thread SensorEventAckReceiver
06-21 10:48:34.780 D/SystemServerTimingAsync( 1909): StartSensorService took to complete: 5ms
06-21 10:48:34.780 D/SystemServerInitThreadPool( 1909): Finished executing StartSensorService
06-21 10:48:34.780 I/hwservicemanager( 1568): getTransport: Cannot find entry android.hardware.soundtrigger@2.0::ISoundTriggerHw/default in either framework or device manifest.
06-21 10:48:34.780 E/SoundTriggerHwService( 1718): could not read implementation properties
06-21 10:48:34.780 I/ServiceManagement( 1738): Registered android.frameworks.cameraservice.service@2.0::ICameraService/default (start delay of 3224ms)
06-21 10:48:34.781 I/android_os_HwBinder( 1909): HwBinder: Starting thread pool for getting: android.hardware.health@2.0::IHealth/default
06-21 10:48:34.788 I/android_os_HwBinder( 1909): HwBinder: Starting thread pool for getting: android.hidl.manager@1.0::IServiceManager/default
06-21 10:48:34.789 I/HealthServiceWrapper( 1909): health: HealthServiceWrapper listening to instance default
06-21 10:48:34.789 I/BatteryService( 1909): health: Waited 0ms and received the update.
06-21 10:48:34.789 I/android_os_HwBinder( 1909): HwBinder: Starting thread pool for getting: android.hardware.health@2.0::IHealth/default
06-21 10:48:34.789 D/SystemServerTiming( 1909): StartBatteryService took to complete: 13ms
06-21 10:48:34.789 I/SystemServer( 1909): StartUsageService
06-21 10:48:34.789 I/SystemServiceManager( 1909): Starting com.android.server.usage.UsageStatsService
06-21 10:48:34.794 I/UsageStatsDatabase( 1909): Upgrading from version 0 to 4
06-21 10:48:34.794 I/UsageStatsDatabase( 1909): Deleting all usage stats files
06-21 10:48:34.794 I/UsageStatsService( 1909): User[0] Rollover scheduled @ 2026-06-22 10:48:34(1782125314792)
06-21 10:48:34.795 D/SystemServerTiming( 1909): StartUsageService took to complete: 6ms
06-21 10:48:34.795 I/SystemServer( 1909): StartWebViewUpdateService
06-21 10:48:34.795 I/SystemServiceManager( 1909): Starting com.android.server.webkit.WebViewUpdateService
06-21 10:48:34.797 D/SystemServerTiming( 1909): StartWebViewUpdateService took to complete: 2ms
06-21 10:48:34.797 I/SystemServer( 1909): StartCachedDeviceStateService
06-21 10:48:34.797 I/SystemServiceManager( 1909): Starting com.android.server.CachedDeviceStateService
06-21 10:48:34.798 D/SystemServerTiming( 1909): StartCachedDeviceStateService took to complete: 0ms
06-21 10:48:34.798 I/SystemServer( 1909): StartBinderCallsStatsService
06-21 10:48:34.798 I/SystemServiceManager( 1909): Starting com.android.server.BinderCallsStatsService$LifeCycle
06-21 10:48:34.798 D/SystemServerTiming( 1909): StartBinderCallsStatsService took to complete: 0ms
06-21 10:48:34.798 I/SystemServer( 1909): StartLooperStatsService
06-21 10:48:34.798 I/SystemServiceManager( 1909): Starting com.android.server.LooperStatsService$Lifecycle
06-21 10:48:34.798 D/SystemServerTiming( 1909): StartLooperStatsService took to complete: 1ms
06-21 10:48:34.798 I/SystemServer( 1909): StartRollbackManagerService
06-21 10:48:34.798 I/SystemServiceManager( 1909): Starting com.android.server.rollback.RollbackManagerService
06-21 10:48:34.799 D/installd( 1743): Found quota mount /dev/block/vdc at /data
06-21 10:48:34.801 D/SystemServerTiming( 1909): StartRollbackManagerService took to complete: 2ms
06-21 10:48:34.801 I/SystemServer( 1909): StartBugreportManagerService
06-21 10:48:34.801 I/SystemServiceManager( 1909): Starting com.android.server.os.BugreportManagerService
06-21 10:48:34.801 D/SystemServerTiming( 1909): StartBugreportManagerService took to complete: 0ms
06-21 10:48:34.801 I/SystemServer( 1909): GpuService
06-21 10:48:34.801 I/SystemServiceManager( 1909): Starting com.android.server.gpu.GpuService
06-21 10:48:34.801 D/SystemServerTiming( 1909): GpuService took to complete: 1ms
06-21 10:48:34.801 I/SystemServer( 1909): StartKeyAttestationApplicationIdProviderService
06-21 10:48:34.801 D/SystemServerInitThreadPool( 1909): Started executing SecondaryZygotePreload
06-21 10:48:34.801 I/SystemServer( 1909): SecondaryZygotePreload
06-21 10:48:34.801 D/SystemServerTiming( 1909): StartKeyAttestationApplicationIdProviderService took to complete: 0ms
06-21 10:48:34.801 I/SystemServer( 1909): StartKeyChainSystemService
06-21 10:48:34.801 I/SystemServiceManager( 1909): Starting com.android.server.security.KeyChainSystemService
06-21 10:48:34.801 D/SystemServerTiming( 1909): StartKeyChainSystemService took to complete: 0ms
06-21 10:48:34.801 I/SystemServer( 1909): StartSchedulingPolicyService
06-21 10:48:34.802 D/SystemServerTiming( 1909): StartSchedulingPolicyService took to complete: 0ms
06-21 10:48:34.802 I/SystemServer( 1909): StartTelecomLoaderService
06-21 10:48:34.802 D/SystemServerInitThreadPool( 1909): Started executing SchedulingPolicyService.<init>
06-21 10:48:34.802 I/SystemServiceManager( 1909): Starting com.android.server.telecom.TelecomLoaderService
06-21 10:48:34.802 D/SystemServerTiming( 1909): StartTelecomLoaderService took to complete: 1ms
06-21 10:48:34.802 I/SystemServer( 1909): StartTelephonyRegistry
06-21 10:48:34.803 D/SystemServerTiming( 1909): StartTelephonyRegistry took to complete: 0ms
06-21 10:48:34.803 I/SystemServer( 1909): StartEntropyMixer
06-21 10:48:34.803 W/EntropyMixer( 1909): No existing entropy file -- first boot?
06-21 10:48:34.803 I/SchedulingPolicyService( 1909): Moving 1764 back to group default
06-21 10:48:34.803 D/SystemServerInitThreadPool( 1909): Finished executing SchedulingPolicyService.<init>
06-21 10:48:34.812 I/EntropyMixer( 1909): Added HW RNG output to entropy pool
06-21 10:48:34.812 I/EntropyMixer( 1909): Writing entropy...
06-21 10:48:34.815 D/SystemServerTiming( 1909): StartEntropyMixer took to complete: 12ms
06-21 10:48:34.815 I/SystemServer( 1909): StartAccountManagerService
06-21 10:48:34.815 I/SystemServiceManager( 1909): Starting com.android.server.accounts.AccountManagerService$Lifecycle
06-21 10:48:34.817 D/SystemServerTiming( 1909): StartAccountManagerService took to complete: 2ms
06-21 10:48:34.817 I/SystemServer( 1909): StartContentService
06-21 10:48:34.817 I/SystemServiceManager( 1909): Starting com.android.server.content.ContentService$Lifecycle
06-21 10:48:34.819 D/SystemServerTiming( 1909): StartContentService took to complete: 2ms
06-21 10:48:34.819 I/SystemServer( 1909): InstallSystemProviders
06-21 10:48:34.822 I/system_server( 1909): The ClassLoaderContext is a special shared library.
06-21 10:48:34.844 I/SettingsState( 1909): No settings state /data/system/users/0/settings_system.xml
06-21 10:48:34.847 I/SettingsState( 1909): No settings state /data/system/users/0/settings_secure.xml
06-21 10:48:34.850 D/SettingsProvider( 1909): Generated and saved new ANDROID_ID [7a529bac1b5a7fc0] for user 0
06-21 10:48:34.851 I/SettingsState( 1909): No settings state /data/system/users/0/settings_global.xml
06-21 10:48:34.856 D/SettingsProvider( 1909): Setting [com.google.android.gms/.autofill.service.AutofillService] as Autofill Service for user 0
06-21 10:48:34.861 I/SettingsState( 1909): No settings state /data/system/users/0/settings_config.xml
06-21 10:48:34.861 I/SettingsState( 1909): No settings state /data/system/users/0/settings_ssaid.xml
06-21 10:48:34.863 I/Zygote  ( 1666): Lazily preloading resources.
06-21 10:48:34.863 D/Zygote  ( 1666): begin preload
06-21 10:48:34.863 I/Zygote  ( 1666): Calling ZygoteHooks.beginPreload()
06-21 10:48:34.866 D/SystemServerTiming( 1909): InstallSystemProviders took to complete: 47ms
06-21 10:48:34.866 I/SystemServer( 1909): StartDropBoxManager
06-21 10:48:34.866 I/SystemServiceManager( 1909): Starting com.android.server.DropBoxManagerService
06-21 10:48:34.866 D/SystemServerTiming( 1909): StartDropBoxManager took to complete: 1ms
06-21 10:48:34.866 I/SystemServer( 1909): StartVibratorService
06-21 10:48:34.867 I/hwservicemanager( 1568): getTransport: Cannot find entry android.hardware.vibrator@1.0::IVibrator/default in either framework or device manifest.
06-21 10:48:34.867 I/hwservicemanager( 1568): getTransport: Cannot find entry android.hardware.vibrator@1.0::IVibrator/default in either framework or device manifest.
06-21 10:48:34.868 E/VibratorService( 1909): vibratorOff command failed (1).
06-21 10:48:34.868 I/hwservicemanager( 1568): getTransport: Cannot find entry android.hardware.vibrator@1.0::IVibrator/default in either framework or device manifest.
06-21 10:48:34.868 I/hwservicemanager( 1568): getTransport: Cannot find entry android.hardware.vibrator@1.3::IVibrator/default in either framework or device manifest.
06-21 10:48:34.869 D/SystemServerTiming( 1909): StartVibratorService took to complete: 2ms
06-21 10:48:34.869 I/SystemServer( 1909): StartDynamicSystemService
06-21 10:48:34.869 D/SystemServerTiming( 1909): StartDynamicSystemService took to complete: 1ms
06-21 10:48:34.869 I/SystemServer( 1909): StartConsumerIrService
06-21 10:48:34.870 I/hwservicemanager( 1568): getTransport: Cannot find entry android.hardware.ir@1.0::IConsumerIr/default in either framework or device manifest.
06-21 10:48:34.870 D/SystemServerTiming( 1909): StartConsumerIrService took to complete: 0ms
06-21 10:48:34.870 I/SystemServer( 1909): StartAlarmManagerService
06-21 10:48:34.871 D/AlarmManagerService( 1909): Kernel timezone updated to 0 minutes west of GMT
06-21 10:48:34.871 D/ZygoteInitTiming_lazy( 1666): BeginPreload took to complete: 7ms
06-21 10:48:34.871 I/Zygote  ( 1666): Preloading classes...
06-21 10:48:34.871 W/Zygote  ( 1666): Class not found for preloading: android.app.-$$Lambda$ActivityThread$ZXDWm3IBeFmLnFVblhB-IOZCr9o
06-21 10:48:34.871 D/SystemServerTiming( 1909): StartAlarmManagerService took to complete: 2ms
06-21 10:48:34.871 I/SystemServer( 1909): StartInputManagerService
06-21 10:48:34.871 I/InputManager( 1909): Initializing input manager, mUseDevInputEventForAudioJack=true
06-21 10:48:34.880 I/InputClassifier( 1909): Deep press feature enabled.
06-21 10:48:34.880 I/hwservicemanager( 1568): getTransport: Cannot find entry android.hardware.input.classifier@1.0::IInputClassifier/default in either framework or device manifest.
06-21 10:48:34.880 I/InputClassifier( 1909): Could not obtain InputClassifier HAL
06-21 10:48:34.880 D/SystemServerTiming( 1909): StartInputManagerService took to complete: 9ms
06-21 10:48:34.880 I/SystemServer( 1909): StartWindowManagerService
06-21 10:48:34.881 E/InputClassifier( 1909): InputClassifier HAL has died. Setting mMotionClassifier to null
06-21 10:48:34.882 I/WindowManager( 1909): No existing display settings, starting empty
06-21 10:48:34.884 I/WindowTracing( 1909): Setting window tracing log level to 1
06-21 10:48:34.884 I/WindowTracing( 1909): Setting window tracing buffer capacity to 2097152bytes
06-21 10:48:34.887 D/SystemServerTiming( 1909): StartWindowManagerService took to complete: 6ms
06-21 10:48:34.887 I/SystemServer( 1909): SetWindowManagerService
06-21 10:48:34.887 I/DropBoxManagerService( 1909): add tag=system_server_strictmode isTagEnabled=true flags=0x2
06-21 10:48:34.889 I/DropBoxManagerService( 1909): add tag=system_server_strictmode isTagEnabled=true flags=0x2
06-21 10:48:34.899 D/SystemServerTiming( 1909): SetWindowManagerService took to complete: 13ms
06-21 10:48:34.899 I/SystemServer( 1909): WindowManagerServiceOnInitReady
06-21 10:48:34.902 W/ShortcutManager( 1909): Unable to add bookmark: com.google.android.talk/com.google.android.talk.SigningInActivity
06-21 10:48:34.902 W/ShortcutManager( 1909): android.content.pm.PackageManager$NameNotFoundException: ComponentInfo{com.google.android.talk/com.google.android.talk.SigningInActivity}
06-21 10:48:34.902 W/ShortcutManager( 1909): 	at android.app.ApplicationPackageManager.getActivityInfo(ApplicationPackageManager.java:456)
06-21 10:48:34.902 W/ShortcutManager( 1909): 	at com.android.server.policy.ShortcutManager.loadShortcuts(ShortcutManager.java:142)
06-21 10:48:34.902 W/ShortcutManager( 1909): 	at com.android.server.policy.ShortcutManager.<init>(ShortcutManager.java:62)
06-21 10:48:34.902 W/ShortcutManager( 1909): 	at com.android.server.policy.PhoneWindowManager.init(PhoneWindowManager.java:1797)
06-21 10:48:34.902 W/ShortcutManager( 1909): 	at com.android.server.wm.WindowManagerService$5.run(WindowManagerService.java:988)
06-21 10:48:34.902 W/ShortcutManager( 1909): 	at android.os.Handler$BlockingRunnable.run(Handler.java:906)
06-21 10:48:34.902 W/ShortcutManager( 1909): 	at android.os.Handler.handleCallback(Handler.java:883)
06-21 10:48:34.902 W/ShortcutManager( 1909): 	at android.os.Handler.dispatchMessage(Handler.java:100)
06-21 10:48:34.902 W/ShortcutManager( 1909): 	at android.os.Looper.loop(Looper.java:214)
06-21 10:48:34.902 W/ShortcutManager( 1909): 	at android.os.HandlerThread.run(HandlerThread.java:67)
06-21 10:48:34.902 W/ShortcutManager( 1909): 	at com.android.server.ServiceThread.run(ServiceThread.java:44)
06-21 10:48:34.902 W/ShortcutManager( 1909): 	at com.android.server.UiThread.run(UiThread.java:43)
06-21 10:48:34.904 D/SystemServerTiming( 1909): WindowManagerServiceOnInitReady took to complete: 5ms
06-21 10:48:34.904 I/SystemServer( 1909): StartInputManager
06-21 10:48:34.904 D/SystemServerInitThreadPool( 1909): Started executing StartHidlServices
06-21 10:48:34.904 I/InputManager( 1909): Starting input manager
06-21 10:48:34.905 I/ServiceManagement( 1909): Registered android.frameworks.sensorservice@1.0::ISensorManager/default (start delay of 1549ms)
06-21 10:48:34.905 D/SystemServerTiming( 1909): StartInputManager took to complete: 0ms
06-21 10:48:34.905 I/SystemServer( 1909): DisplayManagerWindowManagerAndInputReady
06-21 10:48:34.905 D/SystemServerTiming( 1909): DisplayManagerWindowManagerAndInputReady took to complete: 0ms
06-21 10:48:34.905 I/ServiceManagement( 1909): Registered android.frameworks.schedulerservice@1.0::ISchedulingPolicyService/default (start delay of 1549ms)
06-21 10:48:34.905 I/SystemServer( 1909): No Bluetooth Service (Bluetooth Hardware Not Present)
06-21 10:48:34.905 I/SystemServer( 1909): IpConnectivityMetrics
06-21 10:48:34.905 D/SystemServerTimingAsync( 1909): StartHidlServices took to complete: 1ms
06-21 10:48:34.905 D/SystemServerInitThreadPool( 1909): Finished executing StartHidlServices
06-21 10:48:34.905 I/SystemServiceManager( 1909): Starting com.android.server.connectivity.IpConnectivityMetrics
06-21 10:48:34.906 D/SystemServerTiming( 1909): IpConnectivityMetrics took to complete: 0ms
06-21 10:48:34.906 I/SystemServer( 1909): NetworkWatchlistService
06-21 10:48:34.906 I/SystemServiceManager( 1909): Starting com.android.server.net.watchlist.NetworkWatchlistService$Lifecycle
06-21 10:48:34.907 D/EventHub( 1909): No input device configuration file found for device 'Power Button'.
06-21 10:48:34.908 W/EventHub( 1909): Unable to disable kernel key repeat for /dev/input/event0: Function not implemented
06-21 10:48:34.908 I/EventHub( 1909): wakeMechanism=EPOLLWAKEUP, usingClockIoctl=true
06-21 10:48:34.908 I/EventHub( 1909): New device: id=1, fd=125, path='/dev/input/event0', name='Power Button', classes=0x1, configuration='', keyLayout='/system/usr/keylayout/Generic.kl', keyCharacterMap='/system/usr/keychars/Generic.kcm', builtinKeyboard=false, 
06-21 10:48:34.909 I/EventHub( 1909): wakeMechanism=EPOLLWAKEUP, usingClockIoctl=true
06-21 10:48:34.909 I/EventHub( 1909): New device: id=2, fd=126, path='/dev/input/event10', name='virtio_input_multi_touch_10', classes=0x94, configuration='/vendor/usr/idc/virtio_input_multi_touch_10.idc', keyLayout='', keyCharacterMap='', builtinKeyboard=false, 
06-21 10:48:34.909 I/EventHub( 1909): wakeMechanism=EPOLLWAKEUP, usingClockIoctl=true
06-21 10:48:34.909 I/EventHub( 1909): New device: id=3, fd=127, path='/dev/input/event7', name='virtio_input_multi_touch_7', classes=0x94, configuration='/vendor/usr/idc/virtio_input_multi_touch_7.idc', keyLayout='', keyCharacterMap='', builtinKeyboard=false, 
06-21 10:48:34.909 I/EventHub( 1909): wakeMechanism=EPOLLWAKEUP, usingClockIoctl=true
06-21 10:48:34.909 I/EventHub( 1909): New device: id=4, fd=128, path='/dev/input/event4', name='virtio_input_multi_touch_4', classes=0x94, configuration='/vendor/usr/idc/virtio_input_multi_touch_4.idc', keyLayout='', keyCharacterMap='', builtinKeyboard=false, 
06-21 10:48:34.909 I/EventHub( 1909): wakeMechanism=EPOLLWAKEUP, usingClockIoctl=true
06-21 10:48:34.909 I/EventHub( 1909): New device: id=5, fd=129, path='/dev/input/event8', name='virtio_input_multi_touch_8', classes=0x94, configuration='/vendor/usr/idc/virtio_input_multi_touch_8.idc', keyLayout='', keyCharacterMap='', builtinKeyboard=false, 
06-21 10:48:34.910 W/Zygote  ( 1666): Class not found for preloading: android.bluetooth.BluetoothA2dp$2
06-21 10:48:34.910 I/EventHub( 1909): wakeMechanism=EPOLLWAKEUP, usingClockIoctl=true
06-21 10:48:34.910 I/EventHub( 1909): New device: id=6, fd=130, path='/dev/input/event9', name='virtio_input_multi_touch_9', classes=0x94, configuration='/vendor/usr/idc/virtio_input_multi_touch_9.idc', keyLayout='', keyCharacterMap='', builtinKeyboard=false, 
06-21 10:48:34.910 D/EventHub( 1909): No input device configuration file found for device 'AT Translated Set 2 keyboard'.
06-21 10:48:34.912 D/SystemServerTiming( 1909): NetworkWatchlistService took to complete: 6ms
06-21 10:48:34.912 I/SystemServer( 1909): PinnerService
06-21 10:48:34.912 I/SystemServiceManager( 1909): Starting com.android.server.PinnerService
06-21 10:48:34.913 I/WatchlistLoggingHandler( 1909): Start aggregating watchlist records.
06-21 10:48:34.914 D/SystemServerTiming( 1909): PinnerService took to complete: 1ms
06-21 10:48:34.914 I/SystemServer( 1909): SignedConfigService
06-21 10:48:34.914 D/SystemServerTiming( 1909): SignedConfigService took to complete: 1ms
06-21 10:48:34.914 I/EventHub( 1909): wakeMechanism=EPOLLWAKEUP, usingClockIoctl=true
06-21 10:48:34.914 I/EventHub( 1909): New device: id=7, fd=131, path='/dev/input/event13', name='AT Translated Set 2 keyboard', classes=0x3, configuration='', keyLayout='/system/usr/keylayout/Generic.kl', keyCharacterMap='/system/usr/keychars/Generic.kcm', builtinKeyboard=false, 
06-21 10:48:34.915 I/EventHub( 1909): wakeMechanism=EPOLLWAKEUP, usingClockIoctl=true
06-21 10:48:34.915 I/EventHub( 1909): New device: id=8, fd=135, path='/dev/input/event12', name='goldfish_rotary', classes=0x1000, configuration='/vendor/usr/idc/goldfish_rotary.idc', keyLayout='', keyCharacterMap='', builtinKeyboard=false, 
06-21 10:48:34.915 I/EventHub( 1909): wakeMechanism=EPOLLWAKEUP, usingClockIoctl=true
06-21 10:48:34.915 I/EventHub( 1909): New device: id=9, fd=136, path='/dev/input/event1', name='virtio_input_multi_touch_1', classes=0x94, configuration='/vendor/usr/idc/virtio_input_multi_touch_1.idc', keyLayout='', keyCharacterMap='', builtinKeyboard=false, 
06-21 10:48:34.915 I/EventHub( 1909): wakeMechanism=EPOLLWAKEUP, usingClockIoctl=true
06-21 10:48:34.915 I/EventHub( 1909): New device: id=10, fd=137, path='/dev/input/event11', name='virtio_input_multi_touch_11', classes=0x94, configuration='/vendor/usr/idc/virtio_input_multi_touch_11.idc', keyLayout='', keyCharacterMap='', builtinKeyboard=false, 
06-21 10:48:34.915 I/EventHub( 1909): wakeMechanism=EPOLLWAKEUP, usingClockIoctl=true
06-21 10:48:34.915 I/PackageBackwardCompatibility( 1666): Could not find android.content.pm.AndroidTestBaseUpdater, ignoring
06-21 10:48:34.915 I/EventHub( 1909): New device: id=11, fd=138, path='/dev/input/event5', name='virtio_input_multi_touch_5', classes=0x94, configuration='/vendor/usr/idc/virtio_input_multi_touch_5.idc', keyLayout='', keyCharacterMap='', builtinKeyboard=false, 
06-21 10:48:34.916 I/EventHub( 1909): wakeMechanism=EPOLLWAKEUP, usingClockIoctl=true
06-21 10:48:34.916 I/EventHub( 1909): New device: id=12, fd=139, path='/dev/input/event2', name='virtio_input_multi_touch_2', classes=0x94, configuration='/vendor/usr/idc/virtio_input_multi_touch_2.idc', keyLayout='', keyCharacterMap='', builtinKeyboard=false, 
06-21 10:48:34.916 I/EventHub( 1909): wakeMechanism=EPOLLWAKEUP, usingClockIoctl=true
06-21 10:48:34.916 I/EventHub( 1909): New device: id=13, fd=140, path='/dev/input/event6', name='virtio_input_multi_touch_6', classes=0x94, configuration='/vendor/usr/idc/virtio_input_multi_touch_6.idc', keyLayout='', keyCharacterMap='', builtinKeyboard=false, 
06-21 10:48:34.916 I/EventHub( 1909): wakeMechanism=EPOLLWAKEUP, usingClockIoctl=true
06-21 10:48:34.916 I/EventHub( 1909): New device: id=14, fd=141, path='/dev/input/event3', name='virtio_input_multi_touch_3', classes=0x94, configuration='/vendor/usr/idc/virtio_input_multi_touch_3.idc', keyLayout='', keyCharacterMap='', builtinKeyboard=false, 
06-21 10:48:34.917 I/InputReader( 1909): Device added: id=-1, name='Virtual', sources=0x00000301
06-21 10:48:34.918 I/InputReader( 1909): Touch device 'virtio_input_multi_touch_3' could not query the properties of its associated display.  The device will be inoperable until the display size becomes available.
06-21 10:48:34.918 I/InputReader( 1909): Device added: id=14, name='virtio_input_multi_touch_3', sources=0x80005002
06-21 10:48:34.918 I/InputReader( 1909): Touch device 'virtio_input_multi_touch_6' could not query the properties of its associated display.  The device will be inoperable until the display size becomes available.
06-21 10:48:34.918 I/InputReader( 1909): Device added: id=13, name='virtio_input_multi_touch_6', sources=0x80005002
06-21 10:48:34.918 I/InputReader( 1909): Touch device 'virtio_input_multi_touch_2' could not query the properties of its associated display.  The device will be inoperable until the display size becomes available.
06-21 10:48:34.918 I/InputReader( 1909): Device added: id=12, name='virtio_input_multi_touch_2', sources=0x80005002
06-21 10:48:34.918 I/InputReader( 1909): Touch device 'virtio_input_multi_touch_5' could not query the properties of its associated display.  The device will be inoperable until the display size becomes available.
06-21 10:48:34.918 I/InputReader( 1909): Device added: id=11, name='virtio_input_multi_touch_5', sources=0x80005002
06-21 10:48:34.918 I/InputReader( 1909): Touch device 'virtio_input_multi_touch_11' could not query the properties of its associated display.  The device will be inoperable until the display size becomes available.
06-21 10:48:34.918 I/InputReader( 1909): Device added: id=10, name='virtio_input_multi_touch_11', sources=0x80005002
06-21 10:48:34.918 I/InputReader( 1909): Touch device 'virtio_input_multi_touch_1' could not query the properties of its associated display.  The device will be inoperable until the display size becomes available.
06-21 10:48:34.918 I/InputReader( 1909): Device added: id=9, name='virtio_input_multi_touch_1', sources=0x80005002
06-21 10:48:34.918 I/InputReader( 1909): Device added: id=8, name='goldfish_rotary', sources=0x00400000
06-21 10:48:34.918 I/InputReader( 1909): Device added: id=7, name='AT Translated Set 2 keyboard', sources=0x00000101
06-21 10:48:34.918 I/InputReader( 1909): Touch device 'virtio_input_multi_touch_9' could not query the properties of its associated display.  The device will be inoperable until the display size becomes available.
06-21 10:48:34.918 I/InputReader( 1909): Device added: id=6, name='virtio_input_multi_touch_9', sources=0x80005002
06-21 10:48:34.918 I/InputReader( 1909): Touch device 'virtio_input_multi_touch_8' could not query the properties of its associated display.  The device will be inoperable until the display size becomes available.
06-21 10:48:34.918 I/InputReader( 1909): Device added: id=5, name='virtio_input_multi_touch_8', sources=0x80005002
06-21 10:48:34.918 I/InputReader( 1909): Touch device 'virtio_input_multi_touch_4' could not query the properties of its associated display.  The device will be inoperable until the display size becomes available.
06-21 10:48:34.918 I/InputReader( 1909): Device added: id=4, name='virtio_input_multi_touch_4', sources=0x80005002
06-21 10:48:34.918 I/InputReader( 1909): Touch device 'virtio_input_multi_touch_7' could not query the properties of its associated display.  The device will be inoperable until the display size becomes available.
06-21 10:48:34.918 I/InputReader( 1909): Device added: id=3, name='virtio_input_multi_touch_7', sources=0x80005002
06-21 10:48:34.918 I/InputReader( 1909): Touch device 'virtio_input_multi_touch_10' could not query the properties of its associated display.  The device will be inoperable until the display size becomes available.
06-21 10:48:34.918 I/InputReader( 1909): Device added: id=2, name='virtio_input_multi_touch_10', sources=0x80005002
06-21 10:48:34.918 I/InputReader( 1909): Device added: id=1, name='Power Button', sources=0x00000101
06-21 10:48:34.926 I/WindowManager( 1909): SAFE MODE not enabled
06-21 10:48:34.926 I/SystemServer( 1909): StartInputMethodManagerLifecycle
06-21 10:48:34.926 I/SystemServiceManager( 1909): Starting com.android.server.inputmethod.InputMethodManagerService$Lifecycle
06-21 10:48:34.931 D/SystemServerTiming( 1909): StartInputMethodManagerLifecycle took to complete: 2ms
06-21 10:48:34.931 I/SystemServer( 1909): StartAccessibilityManagerService
06-21 10:48:34.931 I/SystemServiceManager( 1909): Starting com.android.server.accessibility.AccessibilityManagerService$Lifecycle
06-21 10:48:34.932 D/SystemServerTiming( 1909): StartAccessibilityManagerService took to complete: 0ms
06-21 10:48:34.932 I/SystemServer( 1909): MakeDisplayReady
06-21 10:48:34.932 W/InputReader( 1909): Device has associated, but no associated display id.
06-21 10:48:34.933 I/ActivityTaskManager( 1909): Config changes=20005df8 {1.0 ?mcc?mnc [en_US] ldltr sw320dp w320dp h616dp 160dpi nrml long port ?uimode ?night finger qwerty/v/v -nav/h winConfig={ mBounds=Rect(0, 0 - 320, 640) mAppBounds=Rect(0, 0 - 320, 640) mWindowingMode=fullscreen mDisplayWindowingMode=fullscreen mActivityType=undefined mAlwaysOnTop=undefined mRotation=ROTATION_0} s.2}
06-21 10:48:34.934 I/ActivityTaskManager( 1909): Override config changes=60007dfc {1.0 ?mcc?mnc [en_US] ldltr sw320dp w320dp h616dp 160dpi nrml long port ?uimode ?night finger qwerty/v/v -nav/h winConfig={ mBounds=Rect(0, 0 - 320, 640) mAppBounds=Rect(0, 0 - 320, 640) mWindowingMode=fullscreen mDisplayWindowingMode=fullscreen mActivityType=undefined mAlwaysOnTop=undefined mRotation=ROTATION_0} s.2} for displayId=0
06-21 10:48:34.932 I/chatty  ( 1909): uid=1000 system_server identical 9 lines
06-21 10:48:34.932 W/InputReader( 1909): Device has associated, but no associated display id.
06-21 10:48:34.942 I/InputManager-JNI( 1909): Viewport [0] to add: local:0
06-21 10:48:34.942 D/SystemServerTiming( 1909): MakeDisplayReady took to complete: 9ms
06-21 10:48:34.942 I/SystemServer( 1909): StartStorageManagerService
06-21 10:48:34.942 I/SystemServiceManager( 1909): Starting com.android.server.StorageManagerService$Lifecycle
06-21 10:48:34.943 I/InputReader( 1909): Reconfiguring input devices.  changes=0x00000004
06-21 10:48:34.943 I/InputReader( 1909): Touch device 'virtio_input_multi_touch_10' could not query the properties of its associated display.  The device will be inoperable until the display size becomes available.
06-21 10:48:34.943 I/InputReader( 1909): Touch device 'virtio_input_multi_touch_7' could not query the properties of its associated display.  The device will be inoperable until the display size becomes available.
06-21 10:48:34.943 I/InputReader( 1909): Touch device 'virtio_input_multi_touch_4' could not query the properties of its associated display.  The device will be inoperable until the display size becomes available.
06-21 10:48:34.943 I/InputReader( 1909): Touch device 'virtio_input_multi_touch_8' could not query the properties of its associated display.  The device will be inoperable until the display size becomes available.
06-21 10:48:34.943 I/InputReader( 1909): Touch device 'virtio_input_multi_touch_9' could not query the properties of its associated display.  The device will be inoperable until the display size becomes available.
06-21 10:48:34.943 I/InputReader( 1909): Device reconfigured: id=9, name='virtio_input_multi_touch_1', size 320x640, orientation 0, mode 1, display id 0
06-21 10:48:34.943 I/InputReader( 1909): Touch device 'virtio_input_multi_touch_11' could not query the properties of its associated display.  The device will be inoperable until the display size becomes available.
06-21 10:48:34.943 I/InputReader( 1909): Touch device 'virtio_input_multi_touch_5' could not query the properties of its associated display.  The device will be inoperable until the display size becomes available.
06-21 10:48:34.943 I/InputReader( 1909): Touch device 'virtio_input_multi_touch_2' could not query the properties of its associated display.  The device will be inoperable until the display size becomes available.
06-21 10:48:34.943 I/InputReader( 1909): Touch device 'virtio_input_multi_touch_6' could not query the properties of its associated display.  The device will be inoperable until the display size becomes available.
06-21 10:48:34.943 I/InputReader( 1909): Touch device 'virtio_input_multi_touch_3' could not query the properties of its associated display.  The device will be inoperable until the display size becomes available.
06-21 10:48:34.946 D/StorageManagerService( 1909): Thinking about init, mBootCompleted=false, mDaemonConnected=true
06-21 10:48:34.946 D/StorageManagerService( 1909): Thinking about reset, mBootCompleted=false, mDaemonConnected=true
06-21 10:48:34.946 D/SystemServerTiming( 1909): StartStorageManagerService took to complete: 5ms
