06-21 10:48:35.590 D/AutofillUI( 1909): destroySaveUiUiThread(): already destroyed
06-21 10:48:35.590 D/SystemServerTiming( 1909): StartAutoFillService took to complete: 3ms
06-21 10:48:35.590 I/SystemServer( 1909): StartClipboardService
06-21 10:48:35.590 I/SystemServiceManager( 1909): Starting com.android.server.clipboard.ClipboardService
06-21 10:48:35.591 D/SystemServerTiming( 1909): StartClipboardService took to complete: 0ms
06-21 10:48:35.591 I/SystemServer( 1909): AppServiceManager
06-21 10:48:35.591 I/SystemServiceManager( 1909): Starting com.android.server.appbinding.AppBindingService$Lifecycle
06-21 10:48:35.591 D/SystemServerTiming( 1909): AppServiceManager took to complete: 1ms
06-21 10:48:35.591 I/SystemServer( 1909): MakeVibratorServiceReady
06-21 10:48:35.592 D/SystemServerTiming( 1909): MakeVibratorServiceReady took to complete: 1ms
06-21 10:48:35.592 I/SystemServer( 1909): MakeLockSettingsServiceReady
06-21 10:48:35.607 I/LockSettingsService( 1909): Migrated lock settings to new location
06-21 10:48:35.608 I/LockSettingsService( 1909): Migrated per-user lock settings to new location
06-21 10:48:35.611 I/LockSettingsService( 1909): Migrated biometric weak to use the fallback instead
06-21 10:48:35.612 I/LockSettingsService( 1909): Migrated lockscreen disabled flag
06-21 10:48:35.613 I/hwservicemanager( 1568): getTransport: Cannot find entry android.hardware.weaver@1.0::IWeaver/default in either framework or device manifest.
06-21 10:48:35.614 I/SyntheticPasswordManager( 1909): Device does not support weaver
06-21 10:48:35.614 I/hwservicemanager( 1568): getTransport: Cannot find entry android.hardware.authsecret@1.0::IAuthSecret/default in either framework or device manifest.
06-21 10:48:35.614 I/LockSettingsService( 1909): Device doesn't implement AuthSecret HAL
06-21 10:48:35.614 E/LockSettingsStorage( 1909): Cannot read file java.io.FileNotFoundException: /data/system/gatekeeper.password.key: open failed: ENOENT (No such file or directory)
06-21 10:48:35.614 E/LockSettingsStorage( 1909): Cannot read file java.io.FileNotFoundException: /data/system/password.key: open failed: ENOENT (No such file or directory)
06-21 10:48:35.614 E/LockSettingsStorage( 1909): Cannot read file java.io.FileNotFoundException: /data/system/gatekeeper.pattern.key: open failed: ENOENT (No such file or directory)
06-21 10:48:35.614 E/LockSettingsStorage( 1909): Cannot read file java.io.FileNotFoundException: /data/system/gatekeeper.gesture.key: open failed: ENOENT (No such file or directory)
06-21 10:48:35.614 E/LockSettingsStorage( 1909): Cannot read file java.io.FileNotFoundException: /data/system/gesture.key: open failed: ENOENT (No such file or directory)
06-21 10:48:35.614 D/SystemServerTiming( 1909): MakeLockSettingsServiceReady took to complete: 22ms
06-21 10:48:35.614 I/SystemServer( 1909): StartBootPhaseLockSettingsReady
06-21 10:48:35.614 I/SystemServiceManager( 1909): Starting phase 480
06-21 10:48:35.617 D/SystemServerInitThreadPool( 1909): Started executing DevicePolicyManager
06-21 10:48:35.618 D/SystemServerInitThreadPool( 1909): Finished executing DevicePolicyManager
06-21 10:48:35.619 D/SystemServerTiming( 1909): StartBootPhaseLockSettingsReady took to complete: 5ms
06-21 10:48:35.619 I/SystemServer( 1909): StartBootPhaseSystemServicesReady
06-21 10:48:35.619 I/SystemServiceManager( 1909): Starting phase 500
06-21 10:48:35.620 D/AppStandbyController( 1909): Setting app idle enabled state
06-21 10:48:35.621 D/AppStandbyController( 1909): Initializing defaults for system apps on user 0, appIdleEnabled=true
06-21 10:48:35.622 E/AppIdleHistory( 1909): Unable to read app idle file for user 0
06-21 10:48:35.627 D/TestHarnessModeService( 1909): Setting up test harness mode
06-21 10:48:35.627 D/TestHarnessModeService( 1909): Getting PersistentDataBlockManagerInternal from LocalServices
06-21 10:48:35.627 E/TestHarnessModeService( 1909): Failed to start Test Harness Mode; no implementation of PersistentDataBlockManagerInternal was bound!
06-21 10:48:35.629 I/WifiService( 1909): WifiService starting up with Wi-Fi enabled
06-21 10:48:35.635 I/android_os_HwBinder( 1909): HwBinder: Starting thread pool for getting: android.hidl.manager@1.2::IServiceManager/default
06-21 10:48:35.636 D/HalDevMgr( 1909): IWifi registration notification: fqName=android.hardware.wifi@1.0::IWifi, name=default, preexisting=true
06-21 10:48:35.637 I/android_os_HwBinder( 1909): HwBinder: Starting thread pool for getting: android.hardware.wifi@1.0::IWifi/default
06-21 10:48:35.638 D/WificondControl( 1909): tearing down interfaces in wificond
06-21 10:48:35.640 D/WifiController( 1909): isAirplaneModeOn = false, isWifiEnabled = true, isScanningAvailable = true, isLocationModeActive = true
06-21 10:48:35.641 I/WifiService( 1909): setWifiEnabled package=android uid=1000 enable=true
06-21 10:48:35.641 I/WifiScanningService( 1909): Starting wifiscanner
06-21 10:48:35.651 D/PermissionCache( 1718): checking android.permission.CAPTURE_AUDIO_HOTWORD for uid=1000 => granted (26 us)
06-21 10:48:35.651 W/SoundTriggerHelper( 1909): listModules status=0, # of modules=0
06-21 10:48:35.651 D/ContextHubSystemService( 1909): onBootPhase: PHASE_SYSTEM_SERVICES_READY
06-21 10:48:35.652 D/SystemServerTiming( 1909): StartBootPhaseSystemServicesReady took to complete: 33ms
06-21 10:48:35.652 I/SystemServer( 1909): MakeWindowManagerServiceReady
06-21 10:48:35.653 I/android_os_HwBinder( 1909): HwBinder: Starting thread pool for getting: android.hardware.configstore@1.0::ISurfaceFlingerConfigs/default
06-21 10:48:35.653 D/SystemServerTiming( 1909): MakeWindowManagerServiceReady took to complete: 1ms
06-21 10:48:35.653 I/android_os_HwBinder( 1909): HwBinder: Starting thread pool for getting: android.hardware.configstore@1.0::ISurfaceFlingerConfigs/default
06-21 10:48:35.654 W/InputReader( 1909): Device has associated, but no associated display id.
06-21 10:48:35.654 I/SystemServer( 1909): MakePowerManagerServiceReady
06-21 10:48:35.655 E/DisplayPowerController( 1909): failed to set up display white-balance: java.lang.IllegalStateException: cannot find sensor com.google.sensor.color
06-21 10:48:35.657 E/KernelCpuUidFreqTimeReader( 1909): Failed to read /proc/uid_time_in_state: java.nio.file.NoSuchFileException: /proc/uid_time_in_state
06-21 10:48:35.658 W/KernelCpuProcStringReader( 1909): File not found. It's normal if not implemented: /proc/uid_time_in_state
06-21 10:48:35.658 W/KernelCpuProcStringReader( 1909): File not found. It's normal if not implemented: /proc/uid_concurrent_active_time
06-21 10:48:35.659 W/KernelCpuProcStringReader( 1909): File not found. It's normal if not implemented: /proc/uid_concurrent_policy_time
06-21 10:48:35.659 W/KeyguardServiceDelegate( 1909): onScreenTurningOn(): no keyguard service!
06-21 10:48:35.660 D/SystemServerTiming( 1909): MakePowerManagerServiceReady took to complete: 7ms
06-21 10:48:35.660 I/SystemServer( 1909): MakePackageManagerServiceReady
06-21 10:48:35.654 I/chatty  ( 1909): uid=1000 system_server identical 8 lines
06-21 10:48:35.654 W/InputReader( 1909): Device has associated, but no associated display id.
06-21 10:48:35.661 I/DefaultPermGrantPolicy( 1909): Granting permissions to platform components for user 0
06-21 10:48:35.664 V/DisplayPowerController( 1909): Brightness [102] reason changing to: 'override', previous reason: '0'.
06-21 10:48:35.667 D/vold    ( 1575): Remounting 1001 as mode default
06-21 10:48:35.668 D/vold    ( 1575): Found matching PID 1761
06-21 10:48:35.669 W/vold    ( 1575): Skipping due to root namespace
06-21 10:48:35.669 D/vold    ( 1575): Remounting 1001 as mode default
06-21 10:48:35.669 D/vold    ( 1575): Found matching PID 1761
06-21 10:48:35.669 W/vold    ( 1575): Skipping due to root namespace
06-21 10:48:35.670 D/vold    ( 1575): Remounting 1001 as mode default
06-21 10:48:35.670 D/vold    ( 1575): Found matching PID 1761
06-21 10:48:35.670 W/vold    ( 1575): Skipping due to root namespace
06-21 10:48:35.670 D/vold    ( 1575): Remounting 1001 as mode default
06-21 10:48:35.670 D/vold    ( 1575): Found matching PID 1761
06-21 10:48:35.670 W/vold    ( 1575): Skipping due to root namespace
06-21 10:48:35.672 D/WifiController( 1909): WifiController msg { when=-32ms what=155656 target=com.android.internal.util.StateMachine$SmHandler } deferred for 500ms
06-21 10:48:35.672 D/WifiActiveModeWarden( 1909): received a message in WifiDisabledState: { when=0 what=1 target=com.android.internal.util.StateMachine$SmHandler }
06-21 10:48:35.672 D/WifiActiveModeWarden( 1909): Switching from WifiDisabledState to ScanOnlyMode
06-21 10:48:35.672 D/WifiActiveModeWarden( 1909): Entering ScanOnlyModeActiveState
06-21 10:48:35.673 D/WifiScanOnlyModeManager( 1909): entering IdleState
06-21 10:48:35.674 I/android.hardware.wifi@1.0-service( 1714): Wifi HAL started
06-21 10:48:35.675 I/WifiVendorHal( 1909): Vendor Hal started successfully
06-21 10:48:35.676 D/vold    ( 1575): Remounting 1027 as mode default
06-21 10:48:35.676 D/vold    ( 1575): Remounting 1027 as mode default
06-21 10:48:35.677 D/vold    ( 1575): Remounting 1027 as mode default
06-21 10:48:35.678 D/vold    ( 1575): Remounting 1027 as mode default
06-21 10:48:35.679 I/android.hardware.wifi@1.0-service( 1714): Adding interface handle for wlan0
06-21 10:48:35.679 W/android.hardware.wifi@1.0-service( 1714): No active wlan interfaces in use! Using default
06-21 10:48:35.679 E/android.hardware.wifi@1.0-service( 1714): Failed to register radio mode change callback
06-21 10:48:35.679 W/android.hardware.wifi@1.0-service( 1714): No active wlan interfaces in use! Using default
06-21 10:48:35.680 D/vold    ( 1575): Remounting 1000 as mode full
06-21 10:48:35.681 D/vold    ( 1575): Found matching PID 1567
06-21 10:48:35.681 W/vold    ( 1575): Skipping due to root namespace
06-21 10:48:35.681 D/vold    ( 1575): Found matching PID 1568
06-21 10:48:35.681 W/vold    ( 1575): Skipping due to root namespace
06-21 10:48:35.681 D/vold    ( 1575): Found matching PID 1569
06-21 10:48:35.681 W/vold    ( 1575): Skipping due to root namespace
06-21 10:48:35.681 D/vold    ( 1575): Found matching PID 1669
06-21 10:48:35.681 W/vold    ( 1575): Skipping due to root namespace
06-21 10:48:35.681 D/vold    ( 1575): Found matching PID 1670
06-21 10:48:35.681 W/vold    ( 1575): Skipping due to root namespace
06-21 10:48:35.681 D/vold    ( 1575): Found matching PID 1690
06-21 10:48:35.681 W/vold    ( 1575): Skipping due to root namespace
06-21 10:48:35.681 D/vold    ( 1575): Found matching PID 1697
06-21 10:48:35.681 W/vold    ( 1575): Skipping due to root namespace
06-21 10:48:35.681 D/vold    ( 1575): Found matching PID 1700
06-21 10:48:35.681 W/vold    ( 1575): Skipping due to root namespace
06-21 10:48:35.681 D/vold    ( 1575): Found matching PID 1701
06-21 10:48:35.681 W/vold    ( 1575): Skipping due to root namespace
06-21 10:48:35.681 D/vold    ( 1575): Found matching PID 1703
06-21 10:48:35.681 W/vold    ( 1575): Skipping due to root namespace
06-21 10:48:35.681 D/vold    ( 1575): Found matching PID 1710
06-21 10:48:35.681 W/vold    ( 1575): Skipping due to root namespace
06-21 10:48:35.681 D/vold    ( 1575): Found matching PID 1711
06-21 10:48:35.681 W/vold    ( 1575): Skipping due to root namespace
06-21 10:48:35.681 D/vold    ( 1575): Found matching PID 1713
06-21 10:48:35.681 W/vold    ( 1575): Skipping due to root namespace
06-21 10:48:35.681 D/vold    ( 1575): Found matching PID 1721
06-21 10:48:35.681 W/vold    ( 1575): Skipping due to root namespace
06-21 10:48:35.681 D/vold    ( 1575): Found matching PID 1741
06-21 10:48:35.681 W/vold    ( 1575): Skipping due to root namespace
06-21 10:48:35.681 D/vold    ( 1575): Found matching PID 1765
06-21 10:48:35.681 W/vold    ( 1575): Skipping due to root namespace
06-21 10:48:35.681 D/vold    ( 1575): Found matching PID 1770
06-21 10:48:35.681 W/vold    ( 1575): Skipping due to root namespace
06-21 10:48:35.681 D/vold    ( 1575): Found matching PID 1909
06-21 10:48:35.693 W/libc    ( 1714): Unable to set property "vendor.wlan.firmware.version" to "1.0": error code: 0x18
06-21 10:48:35.707 W/libc    ( 1714): Unable to set property "vendor.wlan.driver.version" to "1.0": error code: 0x18
06-21 10:48:35.707 I/android.hardware.wifi@1.0-service( 1714): Configured chip in mode 0
06-21 10:48:35.707 W/android.hardware.wifi@1.0-service( 1714): No active wlan interfaces in use! Using default
06-21 10:48:35.709 D/HalDevMgr( 1909): updateRttController: no one is interested in RTT controllers
06-21 10:48:35.710 I/AccountsDb( 1909): Creating DE database for user 0
06-21 10:48:35.712 E/android.hardware.wifi@1.0-service( 1714): Failed to set DFS flag; DFS channels may be unavailable.
06-21 10:48:35.715 I/WifiP2pNative( 1909): Registering for interface available listener
06-21 10:48:35.716 D/WifiP2pNative( 1909): P2P InterfaceAvailableListener true
06-21 10:48:35.716 D/WifiP2pService( 1909): Wifi enabled=false, P2P Interface availability=true, Number of clients=0
06-21 10:48:35.716 D/WifiP2pService( 1909): Wifi enabled=false, P2P Interface availability=true
06-21 10:48:35.716 D/vold    ( 1575): Remounting 1000 as mode full
06-21 10:48:35.716 D/vold    ( 1575): Found matching PID 1567
06-21 10:48:35.716 W/vold    ( 1575): Skipping due to root namespace
06-21 10:48:35.716 D/vold    ( 1575): Found matching PID 1568
06-21 10:48:35.716 W/vold    ( 1575): Skipping due to root namespace
06-21 10:48:35.716 D/vold    ( 1575): Found matching PID 1569
06-21 10:48:35.716 W/vold    ( 1575): Skipping due to root namespace
06-21 10:48:35.716 D/vold    ( 1575): Found matching PID 1669
06-21 10:48:35.716 W/vold    ( 1575): Skipping due to root namespace
06-21 10:48:35.716 D/vold    ( 1575): Found matching PID 1670
06-21 10:48:35.716 W/vold    ( 1575): Skipping due to root namespace
06-21 10:48:35.716 D/vold    ( 1575): Found matching PID 1690
06-21 10:48:35.716 W/vold    ( 1575): Skipping due to root namespace
06-21 10:48:35.716 D/vold    ( 1575): Found matching PID 1697
06-21 10:48:35.716 W/vold    ( 1575): Skipping due to root namespace
06-21 10:48:35.716 D/vold    ( 1575): Found matching PID 1700
06-21 10:48:35.716 W/vold    ( 1575): Skipping due to root namespace
06-21 10:48:35.716 D/vold    ( 1575): Found matching PID 1701
06-21 10:48:35.717 W/vold    ( 1575): Skipping due to root namespace
06-21 10:48:35.717 D/vold    ( 1575): Found matching PID 1703
06-21 10:48:35.717 W/vold    ( 1575): Skipping due to root namespace
06-21 10:48:35.717 D/vold    ( 1575): Found matching PID 1710
06-21 10:48:35.717 W/vold    ( 1575): Skipping due to root namespace
06-21 10:48:35.717 D/vold    ( 1575): Found matching PID 1711
06-21 10:48:35.717 W/vold    ( 1575): Skipping due to root namespace
06-21 10:48:35.717 D/vold    ( 1575): Found matching PID 1713
06-21 10:48:35.717 W/vold    ( 1575): Skipping due to root namespace
06-21 10:48:35.717 D/vold    ( 1575): Found matching PID 1721
06-21 10:48:35.717 W/vold    ( 1575): Skipping due to root namespace
06-21 10:48:35.717 D/vold    ( 1575): Found matching PID 1741
06-21 10:48:35.717 W/vold    ( 1575): Skipping due to root namespace
06-21 10:48:35.717 D/vold    ( 1575): Found matching PID 1765
06-21 10:48:35.717 W/vold    ( 1575): Skipping due to root namespace
06-21 10:48:35.717 D/vold    ( 1575): Found matching PID 1770
06-21 10:48:35.717 W/vold    ( 1575): Skipping due to root namespace
06-21 10:48:35.717 D/vold    ( 1575): Found matching PID 1909
06-21 10:48:35.723 D/WificondControl( 1909): Setting up interface for client mode
06-21 10:48:35.724 I/wificond( 1757): create scanner for interface with index: 3
06-21 10:48:35.724 I/wificond( 1757): subscribe scan result for interface with index: 3
06-21 10:48:35.724 I/hwservicemanager( 1568): getTransport: Cannot find entry android.hardware.wifi.offload@1.0::IOffload/default in either framework or device manifest.
06-21 10:48:35.724 E/wificond( 1757): No Offload Service available
06-21 10:48:35.724 I/wificond( 1757): Offload HAL not supported 
06-21 10:48:35.726 I/netd    ( 1664): interfaceGetCfg("wlan0") <0.14ms>
06-21 10:48:35.726 I/WifiNative( 1909): Interface state changed on Iface:{Name=wlan0,Id=0,Type=STA_SCAN}, isUp=true
06-21 10:48:35.726 I/WifiNative( 1909): Successfully setup Iface:{Name=wlan0,Id=0,Type=STA_SCAN}
06-21 10:48:35.726 E/SupplicantStaIfaceHal( 1909): checkHalVersionByInterfaceName: called but mServiceManager is null
06-21 10:48:35.726 E/SupplicantStaIfaceHal( 1909): Method getKeyMgmtCapabilities is not supported in existing HAL
06-21 10:48:35.730 D/WifiScanOnlyModeManager( 1909): entering StartedState
06-21 10:48:35.730 I/netd    ( 1664): interfaceGetCfg("wlan0") <0.08ms>
06-21 10:48:35.731 D/WifiScanOnlyModeManager( 1909): Wifi is ready to use for scanning
06-21 10:48:35.732 D/WakeupController( 1909): start()
06-21 10:48:35.732 D/WakeupController( 1909): Setting active to true
06-21 10:48:35.732 E/WifiConfigManager( 1909): Cannot save to store before store is read!
06-21 10:48:35.732 D/WifiActiveModeWarden( 1909): scan mode active
06-21 10:48:35.733 D/WifiScanRequestProxy( 1909): Sending scan available broadcast: true
06-21 10:48:35.734 I/WifiScanRequestProxy( 1909): Scanning is enabled
06-21 10:48:35.734 I/WifiScanRequestProxy( 1909): Scanning for hidden networks is disabled
06-21 10:48:35.734 E/WifiNative( 1909): Could not get Iface object for interface null
06-21 10:48:35.734 E/WifiVendorHal( 1909): getBgScanCapabilities(l.630) failed {.code = ERROR_NOT_SUPPORTED, .description = }
06-21 10:48:35.735 I/DropBoxManagerService( 1909): add tag=system_server_strictmode isTagEnabled=true flags=0x2
06-21 10:48:35.737 I/WifiScanningService( 1909): wifi driver loaded with scan capabilities: max buckets=16
06-21 10:48:35.743 I/chatty  ( 1909): uid=1000(system) android.io identical 8 lines
06-21 10:48:35.744 I/DropBoxManagerService( 1909): add tag=system_server_strictmode isTagEnabled=true flags=0x2
06-21 10:48:35.758 D/vold    ( 1575): Remounting 1000 as mode full
06-21 10:48:35.758 D/vold    ( 1575): Found matching PID 1567
06-21 10:48:35.758 W/vold    ( 1575): Skipping due to root namespace
06-21 10:48:35.758 D/vold    ( 1575): Found matching PID 1568
06-21 10:48:35.758 W/vold    ( 1575): Skipping due to root namespace
06-21 10:48:35.759 D/vold    ( 1575): Found matching PID 1569
06-21 10:48:35.759 W/vold    ( 1575): Skipping due to root namespace
06-21 10:48:35.759 D/vold    ( 1575): Found matching PID 1669
06-21 10:48:35.759 W/vold    ( 1575): Skipping due to root namespace
06-21 10:48:35.759 D/vold    ( 1575): Found matching PID 1670
06-21 10:48:35.759 W/vold    ( 1575): Skipping due to root namespace
06-21 10:48:35.759 D/vold    ( 1575): Found matching PID 1690
06-21 10:48:35.759 W/vold    ( 1575): Skipping due to root namespace
06-21 10:48:35.759 D/vold    ( 1575): Found matching PID 1697
06-21 10:48:35.759 W/vold    ( 1575): Skipping due to root namespace
06-21 10:48:35.759 D/vold    ( 1575): Found matching PID 1700
06-21 10:48:35.759 W/vold    ( 1575): Skipping due to root namespace
06-21 10:48:35.759 D/vold    ( 1575): Found matching PID 1701
06-21 10:48:35.759 W/vold    ( 1575): Skipping due to root namespace
06-21 10:48:35.759 D/vold    ( 1575): Found matching PID 1703
06-21 10:48:35.759 W/vold    ( 1575): Skipping due to root namespace
06-21 10:48:35.759 D/vold    ( 1575): Found matching PID 1710
06-21 10:48:35.759 W/vold    ( 1575): Skipping due to root namespace
06-21 10:48:35.759 D/vold    ( 1575): Found matching PID 1711
06-21 10:48:35.759 W/vold    ( 1575): Skipping due to root namespace
06-21 10:48:35.759 D/vold    ( 1575): Found matching PID 1713
06-21 10:48:35.759 W/vold    ( 1575): Skipping due to root namespace
06-21 10:48:35.759 D/vold    ( 1575): Found matching PID 1721
06-21 10:48:35.759 W/vold    ( 1575): Skipping due to root namespace
06-21 10:48:35.759 D/vold    ( 1575): Found matching PID 1741
06-21 10:48:35.759 W/vold    ( 1575): Skipping due to root namespace
06-21 10:48:35.759 D/vold    ( 1575): Found matching PID 1765
06-21 10:48:35.759 W/vold    ( 1575): Skipping due to root namespace
06-21 10:48:35.759 D/vold    ( 1575): Found matching PID 1770
06-21 10:48:35.759 W/vold    ( 1575): Skipping due to root namespace
06-21 10:48:35.759 D/vold    ( 1575): Found matching PID 1909
06-21 10:48:35.796 D/vold    ( 1575): Remounting 1000 as mode full
06-21 10:48:35.796 D/vold    ( 1575): Found matching PID 1567
06-21 10:48:35.796 W/vold    ( 1575): Skipping due to root namespace
06-21 10:48:35.796 D/vold    ( 1575): Found matching PID 1568
06-21 10:48:35.796 W/vold    ( 1575): Skipping due to root namespace
06-21 10:48:35.796 D/vold    ( 1575): Found matching PID 1569
06-21 10:48:35.796 W/vold    ( 1575): Skipping due to root namespace
06-21 10:48:35.796 D/vold    ( 1575): Found matching PID 1669
06-21 10:48:35.796 W/vold    ( 1575): Skipping due to root namespace
06-21 10:48:35.796 D/vold    ( 1575): Found matching PID 1670
06-21 10:48:35.796 W/vold    ( 1575): Skipping due to root namespace
06-21 10:48:35.796 D/vold    ( 1575): Found matching PID 1690
06-21 10:48:35.796 W/vold    ( 1575): Skipping due to root namespace
06-21 10:48:35.796 D/vold    ( 1575): Found matching PID 1697
06-21 10:48:35.796 W/vold    ( 1575): Skipping due to root namespace
06-21 10:48:35.796 D/vold    ( 1575): Found matching PID 1700
06-21 10:48:35.796 W/vold    ( 1575): Skipping due to root namespace
06-21 10:48:35.796 D/vold    ( 1575): Found matching PID 1701
06-21 10:48:35.796 W/vold    ( 1575): Skipping due to root namespace
06-21 10:48:35.796 D/vold    ( 1575): Found matching PID 1703
06-21 10:48:35.796 W/vold    ( 1575): Skipping due to root namespace
06-21 10:48:35.796 D/vold    ( 1575): Found matching PID 1710
06-21 10:48:35.796 W/vold    ( 1575): Skipping due to root namespace
06-21 10:48:35.796 D/vold    ( 1575): Found matching PID 1711
06-21 10:48:35.796 W/vold    ( 1575): Skipping due to root namespace
06-21 10:48:35.796 D/vold    ( 1575): Found matching PID 1713
06-21 10:48:35.796 W/vold    ( 1575): Skipping due to root namespace
06-21 10:48:35.797 D/vold    ( 1575): Found matching PID 1721
06-21 10:48:35.797 W/vold    ( 1575): Skipping due to root namespace
06-21 10:48:35.797 D/vold    ( 1575): Found matching PID 1741
06-21 10:48:35.797 W/vold    ( 1575): Skipping due to root namespace
06-21 10:48:35.797 D/vold    ( 1575): Found matching PID 1765
06-21 10:48:35.797 W/vold    ( 1575): Skipping due to root namespace
06-21 10:48:35.797 D/vold    ( 1575): Found matching PID 1770
06-21 10:48:35.797 W/vold    ( 1575): Skipping due to root namespace
06-21 10:48:35.797 D/vold    ( 1575): Found matching PID 1909
06-21 10:48:35.845 D/vold    ( 1575): Remounting 2000 as mode default
06-21 10:48:35.845 D/vold    ( 1575): Found matching PID 1726
06-21 10:48:35.845 W/vold    ( 1575): Skipping due to root namespace
06-21 10:48:35.845 D/vold    ( 1575): Found matching PID 1728
06-21 10:48:35.845 W/vold    ( 1575): Skipping due to root namespace
06-21 10:48:35.846 D/vold    ( 1575): Remounting 2000 as mode default
06-21 10:48:35.846 D/vold    ( 1575): Found matching PID 1726
06-21 10:48:35.846 W/vold    ( 1575): Skipping due to root namespace
06-21 10:48:35.846 D/vold    ( 1575): Found matching PID 1728
06-21 10:48:35.846 W/vold    ( 1575): Skipping due to root namespace
06-21 10:48:35.846 D/vold    ( 1575): Remounting 2000 as mode full
06-21 10:48:35.847 D/vold    ( 1575): Found matching PID 1726
06-21 10:48:35.847 W/vold    ( 1575): Skipping due to root namespace
06-21 10:48:35.847 D/vold    ( 1575): Found matching PID 1728
06-21 10:48:35.847 W/vold    ( 1575): Skipping due to root namespace
06-21 10:48:35.847 D/vold    ( 1575): Remounting 2000 as mode full
06-21 10:48:35.847 D/vold    ( 1575): Found matching PID 1726
06-21 10:48:35.847 W/vold    ( 1575): Skipping due to root namespace
06-21 10:48:35.847 D/vold    ( 1575): Found matching PID 1728
06-21 10:48:35.847 W/vold    ( 1575): Skipping due to root namespace
06-21 10:48:35.849 D/vold    ( 1575): Remounting 10114 as mode default
06-21 10:48:35.849 D/vold    ( 1575): Remounting 10114 as mode default
06-21 10:48:35.853 D/vold    ( 1575): Remounting 1002 as mode default
06-21 10:48:35.857 I/DefaultPermGrantPolicy( 1909): Granting permissions to default platform handlers for user 0
06-21 10:48:35.854 I/chatty  ( 1575): uid=0(root) Binder:1575_4 identical 2 lines
06-21 10:48:35.854 D/vold    ( 1575): Remounting 1002 as mode default
06-21 10:48:35.861 I/SyncManager( 1909): No initial accounts
06-21 10:48:35.861 I/SyncManager( 1909): No initial status
06-21 10:48:35.862 I/SyncManager( 1909): No initial statistics
06-21 10:48:35.882 D/vold    ( 1575): Remounting 10134 as mode default
06-21 10:48:35.883 I/chatty  ( 1575): uid=0(root) Binder:1575_4 identical 2 lines
06-21 10:48:35.884 D/vold    ( 1575): Remounting 10134 as mode default
06-21 10:48:35.885 D/vold    ( 1575): Remounting 10057 as mode full
06-21 10:48:35.885 D/vold    ( 1575): Remounting 10057 as mode full
06-21 10:48:35.886 D/vold    ( 1575): Remounting 10057 as mode full
06-21 10:48:35.886 D/vold    ( 1575): Remounting 10057 as mode full
06-21 10:48:35.887 D/vold    ( 1575): Remounting 10071 as mode default
06-21 10:48:35.888 D/vold    ( 1575): Remounting 10071 as mode default
06-21 10:48:35.888 D/vold    ( 1575): Remounting 10071 as mode full
06-21 10:48:35.889 D/vold    ( 1575): Remounting 10071 as mode full
06-21 10:48:35.896 D/vold    ( 1575): Remounting 10131 as mode default
06-21 10:48:35.898 I/chatty  ( 1575): uid=0(root) Binder:1575_4 identical 2 lines
06-21 10:48:35.898 D/vold    ( 1575): Remounting 10131 as mode default
06-21 10:48:35.902 D/vold    ( 1575): Remounting 10061 as mode default
06-21 10:48:35.903 I/chatty  ( 1575): uid=0(root) Binder:1575_4 identical 2 lines
06-21 10:48:35.903 D/vold    ( 1575): Remounting 10061 as mode default
06-21 10:48:35.909 D/vold    ( 1575): Remounting 10145 as mode default
06-21 10:48:35.910 I/chatty  ( 1575): uid=0(root) Binder:1575_4 identical 2 lines
06-21 10:48:35.910 D/vold    ( 1575): Remounting 10145 as mode default
06-21 10:48:35.936 D/vold    ( 1575): Remounting 10115 as mode default
06-21 10:48:35.937 D/vold    ( 1575): Remounting 10115 as mode default
06-21 10:48:35.938 D/vold    ( 1575): Remounting 10115 as mode default
06-21 10:48:35.938 D/vold    ( 1575): Remounting 10115 as mode default
06-21 10:48:35.941 E/DefaultPermGrantPolicy( 1909): PackageNot found: com.google.android.gms.location.history
06-21 10:48:35.941 E/DefaultPermGrantPolicy( 1909): android.content.pm.PackageManager$NameNotFoundException: com.google.android.gms.location.history
06-21 10:48:35.941 E/DefaultPermGrantPolicy( 1909): 	at android.app.ApplicationPackageManager.getPackageInfoAsUser(ApplicationPackageManager.java:190)
06-21 10:48:35.941 E/DefaultPermGrantPolicy( 1909): 	at android.app.ApplicationPackageManager.getPackageInfo(ApplicationPackageManager.java:159)
06-21 10:48:35.941 E/DefaultPermGrantPolicy( 1909): 	at com.android.server.pm.permission.DefaultPermissionGrantPolicy.getPackageInfo(DefaultPermissionGrantPolicy.java:1302)
06-21 10:48:35.941 E/DefaultPermGrantPolicy( 1909): 	at com.android.server.pm.permission.DefaultPermissionGrantPolicy.getPackageInfo(DefaultPermissionGrantPolicy.java:1293)
06-21 10:48:35.941 E/DefaultPermGrantPolicy( 1909): 	at com.android.server.pm.permission.DefaultPermissionGrantPolicy.isSystemPackage(DefaultPermissionGrantPolicy.java:962)
06-21 10:48:35.941 E/DefaultPermGrantPolicy( 1909): 	at com.android.server.pm.permission.DefaultPermissionGrantPolicy.grantPermissionsToSystemPackage(DefaultPermissionGrantPolicy.java:363)
06-21 10:48:35.941 E/DefaultPermGrantPolicy( 1909): 	at com.android.server.pm.permission.DefaultPermissionGrantPolicy.grantPermissionsToSystemPackage(DefaultPermissionGrantPolicy.java:356)
06-21 10:48:35.941 E/DefaultPermGrantPolicy( 1909): 	at com.android.server.pm.permission.DefaultPermissionGrantPolicy.grantDefaultSystemHandlerPermissions(DefaultPermissionGrantPolicy.java:647)
06-21 10:48:35.941 E/DefaultPermGrantPolicy( 1909): 	at com.android.server.pm.permission.DefaultPermissionGrantPolicy.grantDefaultPermissions(DefaultPermissionGrantPolicy.java:295)
06-21 10:48:35.941 E/DefaultPermGrantPolicy( 1909): 	at com.android.server.pm.PackageManagerService.systemReady(PackageManagerService.java:21619)
06-21 10:48:35.941 E/DefaultPermGrantPolicy( 1909): 	at com.android.server.SystemServer.startOtherServices(SystemServer.java:1977)
06-21 10:48:35.941 E/DefaultPermGrantPolicy( 1909): 	at com.android.server.SystemServer.run(SystemServer.java:512)
06-21 10:48:35.941 E/DefaultPermGrantPolicy( 1909): 	at com.android.server.SystemServer.main(SystemServer.java:349)
06-21 10:48:35.941 E/DefaultPermGrantPolicy( 1909): 	at java.lang.reflect.Method.invoke(Native Method)
06-21 10:48:35.941 E/DefaultPermGrantPolicy( 1909): 	at com.android.internal.os.RuntimeInit$MethodAndArgsCaller.run(RuntimeInit.java:492)
06-21 10:48:35.941 E/DefaultPermGrantPolicy( 1909): 	at com.android.internal.os.ZygoteInit.main(ZygoteInit.java:908)
06-21 10:48:35.942 D/vold    ( 1575): Remounting 10141 as mode default
06-21 10:48:35.943 I/chatty  ( 1575): uid=0(root) Binder:1575_4 identical 2 lines
06-21 10:48:35.944 D/vold    ( 1575): Remounting 10141 as mode default
06-21 10:48:35.947 D/vold    ( 1575): Remounting 10117 as mode default
06-21 10:48:35.948 I/chatty  ( 1575): uid=0(root) Binder:1575_4 identical 2 lines
06-21 10:48:35.948 D/vold    ( 1575): Remounting 10117 as mode default
06-21 10:48:35.950 D/vold    ( 1575): Remounting 10127 as mode default
06-21 10:48:35.951 I/chatty  ( 1575): uid=0(root) Binder:1575_4 identical 2 lines
06-21 10:48:35.952 D/vold    ( 1575): Remounting 10127 as mode default
06-21 10:48:35.952 E/DefaultPermGrantPolicy( 1909): PackageNot found: com.google.android.as
06-21 10:48:35.952 E/DefaultPermGrantPolicy( 1909): android.content.pm.PackageManager$NameNotFoundException: com.google.android.as
06-21 10:48:35.952 E/DefaultPermGrantPolicy( 1909): 	at android.app.ApplicationPackageManager.getPackageInfoAsUser(ApplicationPackageManager.java:190)
06-21 10:48:35.952 E/DefaultPermGrantPolicy( 1909): 	at android.app.ApplicationPackageManager.getPackageInfo(ApplicationPackageManager.java:159)
06-21 10:48:35.952 E/DefaultPermGrantPolicy( 1909): 	at com.android.server.pm.permission.DefaultPermissionGrantPolicy.getPackageInfo(DefaultPermissionGrantPolicy.java:1302)
06-21 10:48:35.952 E/DefaultPermGrantPolicy( 1909): 	at com.android.server.pm.permission.DefaultPermissionGrantPolicy.getPackageInfo(DefaultPermissionGrantPolicy.java:1293)
06-21 10:48:35.952 E/DefaultPermGrantPolicy( 1909): 	at com.android.server.pm.permission.DefaultPermissionGrantPolicy.isSystemPackage(DefaultPermissionGrantPolicy.java:962)
06-21 10:48:35.952 E/DefaultPermGrantPolicy( 1909): 	at com.android.server.pm.permission.DefaultPermissionGrantPolicy.grantPermissionsToSystemPackage(DefaultPermissionGrantPolicy.java:363)
06-21 10:48:35.952 E/DefaultPermGrantPolicy( 1909): 	at com.android.server.pm.permission.DefaultPermissionGrantPolicy.grantPermissionsToSystemPackage(DefaultPermissionGrantPolicy.java:356)
06-21 10:48:35.952 E/DefaultPermGrantPolicy( 1909): 	at com.android.server.pm.permission.DefaultPermissionGrantPolicy.grantDefaultSystemHandlerPermissions(DefaultPermissionGrantPolicy.java:721)
06-21 10:48:35.952 E/DefaultPermGrantPolicy( 1909): 	at com.android.server.pm.permission.DefaultPermissionGrantPolicy.grantDefaultPermissions(DefaultPermissionGrantPolicy.java:295)
06-21 10:48:35.952 E/DefaultPermGrantPolicy( 1909): 	at com.android.server.pm.PackageManagerService.systemReady(PackageManagerService.java:21619)
06-21 10:48:35.952 E/DefaultPermGrantPolicy( 1909): 	at com.android.server.SystemServer.startOtherServices(SystemServer.java:1977)
06-21 10:48:35.952 E/DefaultPermGrantPolicy( 1909): 	at com.android.server.SystemServer.run(SystemServer.java:512)
06-21 10:48:35.952 E/DefaultPermGrantPolicy( 1909): 	at com.android.server.SystemServer.main(SystemServer.java:349)
06-21 10:48:35.952 E/DefaultPermGrantPolicy( 1909): 	at java.lang.reflect.Method.invoke(Native Method)
06-21 10:48:35.952 E/DefaultPermGrantPolicy( 1909): 	at com.android.internal.os.RuntimeInit$MethodAndArgsCaller.run(RuntimeInit.java:492)
06-21 10:48:35.952 E/DefaultPermGrantPolicy( 1909): 	at com.android.internal.os.ZygoteInit.main(ZygoteInit.java:908)
06-21 10:48:35.952 D/vold    ( 1575): Remounting 10067 as mode full
06-21 10:48:35.953 D/vold    ( 1575): Remounting 10067 as mode full
06-21 10:48:35.954 D/vold    ( 1575): Remounting 10067 as mode full
06-21 10:48:35.954 D/vold    ( 1575): Remounting 10067 as mode full
06-21 10:48:35.955 E/DefaultPermGrantPolicy( 1909): PackageNot found: com.google.android.as
06-21 10:48:35.955 E/DefaultPermGrantPolicy( 1909): android.content.pm.PackageManager$NameNotFoundException: com.google.android.as
06-21 10:48:35.955 E/DefaultPermGrantPolicy( 1909): 	at android.app.ApplicationPackageManager.getPackageInfoAsUser(ApplicationPackageManager.java:190)
06-21 10:48:35.955 E/DefaultPermGrantPolicy( 1909): 	at android.app.ApplicationPackageManager.getPackageInfo(ApplicationPackageManager.java:159)
06-21 10:48:35.955 E/DefaultPermGrantPolicy( 1909): 	at com.android.server.pm.permission.DefaultPermissionGrantPolicy.getPackageInfo(DefaultPermissionGrantPolicy.java:1302)
06-21 10:48:35.955 E/DefaultPermGrantPolicy( 1909): 	at com.android.server.pm.permission.DefaultPermissionGrantPolicy.getPackageInfo(DefaultPermissionGrantPolicy.java:1293)
06-21 10:48:35.955 E/DefaultPermGrantPolicy( 1909): 	at com.android.server.pm.permission.DefaultPermissionGrantPolicy.isSystemPackage(DefaultPermissionGrantPolicy.java:962)
06-21 10:48:35.955 E/DefaultPermGrantPolicy( 1909): 	at com.android.server.pm.permission.DefaultPermissionGrantPolicy.grantPermissionsToSystemPackage(DefaultPermissionGrantPolicy.java:363)
06-21 10:48:35.955 E/DefaultPermGrantPolicy( 1909): 	at com.android.server.pm.permission.DefaultPermissionGrantPolicy.grantPermissionsToSystemPackage(DefaultPermissionGrantPolicy.java:356)
06-21 10:48:35.955 E/DefaultPermGrantPolicy( 1909): 	at com.android.server.pm.permission.DefaultPermissionGrantPolicy.grantDefaultSystemHandlerPermissions(DefaultPermissionGrantPolicy.java:743)
06-21 10:48:35.955 E/DefaultPermGrantPolicy( 1909): 	at com.android.server.pm.permission.DefaultPermissionGrantPolicy.grantDefaultPermissions(DefaultPermissionGrantPolicy.java:295)
06-21 10:48:35.955 E/DefaultPermGrantPolicy( 1909): 	at com.android.server.pm.PackageManagerService.systemReady(PackageManagerService.java:21619)
06-21 10:48:35.955 E/DefaultPermGrantPolicy( 1909): 	at com.android.server.SystemServer.startOtherServices(SystemServer.java:1977)
06-21 10:48:35.955 E/DefaultPermGrantPolicy( 1909): 	at com.android.server.SystemServer.run(SystemServer.java:512)
06-21 10:48:35.955 E/DefaultPermGrantPolicy( 1909): 	at com.android.server.SystemServer.main(SystemServer.java:349)
06-21 10:48:35.955 E/DefaultPermGrantPolicy( 1909): 	at java.lang.reflect.Method.invoke(Native Method)
06-21 10:48:35.955 E/DefaultPermGrantPolicy( 1909): 	at com.android.internal.os.RuntimeInit$MethodAndArgsCaller.run(RuntimeInit.java:492)
06-21 10:48:35.955 E/DefaultPermGrantPolicy( 1909): 	at com.android.internal.os.ZygoteInit.main(ZygoteInit.java:908)
06-21 10:48:35.962 I/PackageManager( 1909): Un-granting permission android.permission.MANAGE_DOCUMENTS from package com.google.android.youtube (protectionLevel=262146 flags=0x30dbbe45)
06-21 10:48:35.963 I/PackageManager( 1909): Un-granting permission com.google.android.googleapps.permission.GOOGLE_AUTH from package com.android.providers.calendar (protectionLevel=2 flags=0x30883e45)
06-21 10:48:35.963 I/PackageManager( 1909): Un-granting permission com.google.android.googleapps.permission.GOOGLE_AUTH.cl from package com.android.providers.calendar (protectionLevel=2 flags=0x30883e45)
06-21 10:48:35.963 I/PackageManager( 1909): Un-granting permission android.permission.WRITE_SECURE_SETTINGS from package com.google.android.apps.enterprise.dmagent (protectionLevel=50 flags=0x30883e05)
06-21 10:48:35.963 I/PackageManager( 1909): Un-granting permission android.permission.CONNECTIVITY_INTERNAL from package com.google.android.apps.enterprise.dmagent (protectionLevel=18 flags=0x30883e05)
06-21 10:48:35.963 I/PackageManager( 1909): Un-granting permission android.permission.MANAGE_USB from package com.google.android.apps.enterprise.dmagent (protectionLevel=18 flags=0x30883e05)
06-21 10:48:35.963 I/PackageManager( 1909): Un-granting permission android.permission.CHANGE_COMPONENT_ENABLED_STATE from package com.google.android.apps.enterprise.dmagent (protectionLevel=18 flags=0x30883e05)
06-21 10:48:35.963 I/PackageManager( 1909): Un-granting permission android.permission.MANAGE_CA_CERTIFICATES from package com.google.android.apps.enterprise.dmagent (protectionLevel=18 flags=0x30883e05)
06-21 10:48:35.963 I/PackageManager( 1909): Un-granting permission android.permission.MANAGE_USERS from package com.google.android.apps.enterprise.dmagent (protectionLevel=18 flags=0x30883e05)
06-21 10:48:35.963 I/PackageManager( 1909): Un-granting permission com.google.android.setupwizard.READ_DEVICE_ORIGIN from package com.google.android.apps.messaging (protectionLevel=18 flags=0x38cbbe45)
06-21 10:48:35.964 I/PackageManager( 1909): Un-granting permission android.permission.BIND_WALLPAPER from package com.android.camera2 (protectionLevel=18 flags=0x20d8bc45)
06-21 10:48:35.964 I/PackageManager( 1909): Un-granting permission android.permission.REQUEST_INSTALL_PACKAGES from package com.google.android.gm (protectionLevel=66 flags=0x38cbbe45)
06-21 10:48:35.964 I/PackageManager( 1909): Un-granting permission android.permission.BIND_JOB_SERVICE from package com.google.android.music (protectionLevel=2 flags=0x38cbbe65)
06-21 10:48:35.964 I/PackageManager( 1909): Un-granting permission android.permission.CONNECTIVITY_USE_RESTRICTED_NETWORKS from package com.google.android.captiveportallogin (protectionLevel=18 flags=0x38c8be45)
06-21 10:48:35.964 I/PackageManager( 1909): Un-granting permission android.permission.NETWORK_BYPASS_PRIVATE_DNS from package com.google.android.captiveportallogin (protectionLevel=2 flags=0x38c8be45)
06-21 10:48:35.964 I/PackageManager( 1909): Un-granting permission android.permission.REQUEST_INSTALL_PACKAGES from package com.google.android.apps.docs (protectionLevel=66 flags=0x38cbbe45)
06-21 10:48:35.965 I/PackageManager( 1909): Un-granting permission android.permission.INTERACT_ACROSS_USERS from package com.google.android.syncadapters.contacts (protectionLevel=50 flags=0x20883e45)
06-21 10:48:35.965 I/PackageManager( 1909): Un-granting permission android.permission.REQUEST_INSTALL_PACKAGES from package com.android.chrome (protectionLevel=66 flags=0xa0cbbe45)
06-21 10:48:35.965 I/PackageManager( 1909): Un-granting permission com.google.android.apps.now.CURRENT_ACCOUNT_ACCESS from package com.android.chrome (protectionLevel=2 flags=0xa0cbbe45)
06-21 10:48:35.965 I/PackageManager( 1909): Un-granting permission android.permission.CAPTURE_VIDEO_OUTPUT from package com.google.android.gms (protectionLevel=2 flags=0xb0cabe45)
06-21 10:48:35.965 I/PackageManager( 1909): Un-granting permission android.permission.MANAGE_DEVICE_ADMINS from package com.google.android.gms (protectionLevel=2 flags=0xb0cabe45)
06-21 10:48:35.965 I/PackageManager( 1909): Un-granting permission android.permission.MANAGE_ACTIVITY_STACKS from package com.google.android.gms (protectionLevel=2 flags=0xb0cabe45)
06-21 10:48:35.965 I/PackageManager( 1909): Un-granting permission android.permission.CAPTURE_SECURE_VIDEO_OUTPUT from package com.google.android.gms (protectionLevel=2 flags=0xb0cabe45)
06-21 10:48:35.965 I/PackageManager( 1909): Un-granting permission android.permission.MANAGE_ROLLBACKS from package com.google.android.gms (protectionLevel=514 flags=0xb0cabe45)
06-21 10:48:35.966 I/PackageManager( 1909): Un-granting permission com.google.android.googleapps.permission.GOOGLE_AUTH from package com.google.android.videos (protectionLevel=2 flags=0x30dbbe45)
06-21 10:48:35.966 I/PackageManager( 1909): Un-granting permission android.permission.WRITE_MEDIA_STORAGE from package com.google.android.apps.photos (protectionLevel=18 flags=0x38d9be45)
06-21 10:48:35.970 V/UserDataPreparer( 1909): Found /data/user_de/0 with serial number -1
06-21 10:48:35.970 D/UserDataPreparer( 1909): Serial number missing on /data/user_de/0; assuming current is valid
06-21 10:48:35.970 V/UserDataPreparer( 1909): Found /data/user/0 with serial number -1
06-21 10:48:35.970 D/UserDataPreparer( 1909): Serial number missing on /data/user/0; assuming current is valid
06-21 10:48:35.970 V/UserDataPreparer( 1909): Found /data/system_de/0 with serial number -1
06-21 10:48:35.970 D/UserDataPreparer( 1909): Serial number missing on /data/system_de/0; assuming current is valid
06-21 10:48:35.971 D/SystemServerTiming( 1909): MakePackageManagerServiceReady took to complete: 311ms
06-21 10:48:35.971 I/SystemServer( 1909): MakeDisplayManagerServiceReady
06-21 10:48:35.973 D/SystemServerTiming( 1909): MakeDisplayManagerServiceReady took to complete: 2ms
06-21 10:48:35.973 I/SystemServer( 1909): StartDeviceSpecificServices
06-21 10:48:35.973 D/SystemServerTiming( 1909): StartDeviceSpecificServices took to complete: 0ms
06-21 10:48:35.973 I/SystemServer( 1909): StartBootPhaseDeviceSpecificServicesReady
06-21 10:48:35.973 I/SystemServiceManager( 1909): Starting phase 520
06-21 10:48:35.976 D/SystemServerTiming( 1909): StartBootPhaseDeviceSpecificServicesReady took to complete: 3ms
06-21 10:48:35.976 I/SystemServer( 1909): StartPermissionPolicyService
06-21 10:48:35.976 I/SystemServiceManager( 1909): Starting com.android.server.policy.PermissionPolicyService
06-21 10:48:35.977 D/SystemServerTiming( 1909): StartPermissionPolicyService took to complete: 0ms
06-21 10:48:35.977 W/UsageStatsService( 1909): Event reported without a package name, eventType:15
06-21 10:48:35.977 I/AppOps  ( 1909): Pruning old package system/com.android.server.appop.AppOpsService$UidState@8d1d444: new uid=-1
06-21 10:48:35.978 I/ActivityManager( 1909): System now ready
06-21 10:48:36.000 I/SystemServer( 1909): Making services ready
06-21 10:48:36.000 I/SystemServer( 1909): StartActivityManagerReadyPhase
06-21 10:48:36.000 I/SystemServiceManager( 1909): Starting phase 550
06-21 10:48:36.001 I/android_os_HwBinder( 1909): HwBinder: Starting thread pool for getting: android.hardware.thermal@2.0::IThermal/default
06-21 10:48:36.001 I/android.hardware.thermal@2.0-service-mock( 1713): A callback has been registered to ThermalHAL, isFilter: 0 Type: CPU
06-21 10:48:36.002 W/ActivityManager( 1909): Too early to start/bind service in system_server: Phase=550 ComponentInfo{com.android.server.telecom/com.android.server.telecom.components.TelecomService}
06-21 10:48:36.003 W/ActivityManager( 1909): Too early to start/bind service in system_server: Phase=550 ComponentInfo{com.android.server.telecom/com.android.server.telecom.components.TelecomService}
06-21 10:48:36.013 D/PackageManager( 1909): Instant App installer not found with android.intent.action.INSTALL_INSTANT_APP_PACKAGE
06-21 10:48:36.013 D/PackageManager( 1909): Clear ephemeral installer activity
06-21 10:48:36.013 D/PackageManager( 1909): Instant App installer not found with android.intent.action.INSTALL_INSTANT_APP_PACKAGE
06-21 10:48:36.013 D/PackageManager( 1909): Clear ephemeral installer activity
06-21 10:48:36.013 D/PackageManager( 1909): Instant App installer not found with android.intent.action.INSTALL_INSTANT_APP_PACKAGE
06-21 10:48:36.013 D/PackageManager( 1909): Clear ephemeral installer activity
06-21 10:48:36.022 D/Zygote  ( 1665): Forked child process 2053
06-21 10:48:36.025 D/StorageManagerService( 1909): Isolated storage local flag 0 and remote flag 0 resolved to true
06-21 10:48:36.027 W/.gms.persisten( 2053): Unexpected CPU variant for X86 using defaults: x86_64
06-21 10:48:36.029 I/LockSettingsService( 1909): Migrated migrated_frp.
06-21 10:48:36.029 I/WallpaperManagerService( 1909): No static wallpaper imagery; defaults will be shown
06-21 10:48:36.029 V/WallpaperManagerService( 1909): bindWallpaperComponentLocked: componentName=ComponentInfo{com.android.systemui/com.android.systemui.ImageWallpaper}
06-21 10:48:36.030 W/WallpaperManagerService( 1909): no current wallpaper -- first boot?
06-21 10:48:36.031 I/ActivityManager( 1909): Start proc 2053:com.google.android.gms.persistent/u0a115 for broadcast {com.google.android.gms/com.google.android.gms.chimera.GmsIntentOperationService$PersistentTrustedReceiver}
06-21 10:48:36.032 I/AppBindingService( 1909): Updating constants with: null
06-21 10:48:36.035 D/Zygote  ( 1665): Forked child process 2067
06-21 10:48:36.040 W/ndroid.systemu( 2067): Unexpected CPU variant for X86 using defaults: x86_64
06-21 10:48:36.040 E/BluetoothAdapter( 1909): Bluetooth binder is null
06-21 10:48:36.042 I/ActivityManager( 1909): Start proc 2067:com.android.systemui/u0a114 for service {com.android.systemui/com.android.systemui.ImageWallpaper}
06-21 10:48:36.041 E/BluetoothAdapter( 1909): Bluetooth binder is null
06-21 10:48:36.044 I/AudioFlinger( 1718): systemReady
06-21 10:48:36.049 D/Zygote  ( 1665): Forked child process 2090
06-21 10:48:36.051 W/ssioncontrolle( 2090): Unexpected CPU variant for X86 using defaults: x86_64
06-21 10:48:36.057 I/ActivityManager( 1909): Start proc 2090:com.google.android.permissioncontroller/u0a74 for service {com.google.android.permissioncontroller/com.android.packageinstaller.permission.service.PermissionControllerServiceImpl}
06-21 10:48:36.067 I/ndroid.systemu( 2067): The ClassLoaderContext is a special shared library.
06-21 10:48:36.075 I/.gms.persisten( 2053): The ClassLoaderContext is a special shared library.
06-21 10:48:36.078 I/chatty  ( 2053): uid=10115 com.google.android.gms.persistent identical 1 line
06-21 10:48:36.078 I/.gms.persisten( 2053): The ClassLoaderContext is a special shared library.
06-21 10:48:36.083 I/ssioncontrolle( 2090): The ClassLoaderContext is a special shared library.
06-21 10:48:36.084 I/.gms.persisten( 2053): The ClassLoaderContext is a special shared library.
06-21 10:48:36.090 D/StagefrightPluginLoader( 1751): CCodec is disabled.
06-21 10:48:36.090 D/StagefrightPluginLoader( 1751): Handle or CreateInputSurface symbol is null
06-21 10:48:36.090 D/MediaCodecList( 1751): Allowing all OMX codecs
06-21 10:48:36.090 D/StagefrightPluginLoader( 1751): Handle or CreateBuilder symbol is null
06-21 10:48:36.094 I/OMXClient( 1751): IOmx service obtained
06-21 10:48:36.094 I/OMXMaster( 1760): makeComponentInstance(OMX.google.aac.decoder) in android.hardwar process
06-21 10:48:36.099 I/OMXClient( 1751): IOmx service obtained
06-21 10:48:36.099 I/OMXMaster( 1760): makeComponentInstance(OMX.google.amrnb.decoder) in android.hardwar process
06-21 10:48:36.101 W/StorageManagerService( 1909): No primary storage defined yet; hacking together a stub
06-21 10:48:36.106 I/OMXClient( 1751): IOmx service obtained
06-21 10:48:36.106 I/OMXMaster( 1760): makeComponentInstance(OMX.google.amrwb.decoder) in android.hardwar process
06-21 10:48:36.115 W/AlarmManager( 2067): Unrecognized alarm listener com.android.systemui.keyguard.-$$Lambda$KeyguardSliceProvider$IhzByd8TsqFuOrSyuGurVskyPLo@775e971
06-21 10:48:36.116 I/OMXClient( 1751): IOmx service obtained
06-21 10:48:36.116 I/OMXMaster( 1760): makeComponentInstance(OMX.google.flac.decoder) in android.hardwar process
06-21 10:48:36.117 W/ContextImpl( 2053): Failed to ensure /data/user/0/com.google.android.gms/cache: mkdir failed: ENOENT (No such file or directory)
06-21 10:48:36.117 W/ContextImpl( 2053): Failed to update user.inode_cache: stat failed: ENOENT (No such file or directory)
06-21 10:48:36.126 I/OMXClient( 1751): IOmx service obtained
06-21 10:48:36.127 I/OMXMaster( 1760): makeComponentInstance(OMX.google.g711.alaw.decoder) in android.hardwar process
06-21 10:48:36.128 D/PackageManager( 1909): Instant App installer not found with android.intent.action.INSTALL_INSTANT_APP_PACKAGE
06-21 10:48:36.128 D/PackageManager( 1909): Clear ephemeral installer activity
06-21 10:48:36.131 I/OMXClient( 1751): IOmx service obtained
06-21 10:48:36.131 I/OMXMaster( 1760): makeComponentInstance(OMX.google.g711.mlaw.decoder) in android.hardwar process
06-21 10:48:36.134 I/OMXClient( 1751): IOmx service obtained
06-21 10:48:36.134 I/OMXMaster( 1760): makeComponentInstance(OMX.google.gsm.decoder) in android.hardwar process
06-21 10:48:36.136 I/SystemConfig( 2090): Adding association: com.google.android.as <- com.android.providers.contacts
06-21 10:48:36.136 I/SystemConfig( 2090): Adding association: com.google.android.as <- com.android.providers.media
06-21 10:48:36.136 I/SystemConfig( 2090): Adding association: com.google.android.as <- com.android.providers.telephony
06-21 10:48:36.136 I/SystemConfig( 2090): Adding association: com.google.android.as <- com.android.systemui
06-21 10:48:36.136 I/SystemConfig( 2090): Adding association: com.google.android.as <- com.google.android.gms
06-21 10:48:36.136 I/SystemConfig( 2090): Adding association: com.google.android.as <- com.google.android.gsf
06-21 10:48:36.139 W/SystemConfig( 2090): No directory /product_services/etc/sysconfig, skipping
06-21 10:48:36.139 W/SystemConfig( 2090): No directory /product_services/etc/permissions, skipping
06-21 10:48:36.140 I/OMXClient( 1751): IOmx service obtained
06-21 10:48:36.140 I/OMXMaster( 1760): makeComponentInstance(OMX.google.mp3.decoder) in android.hardwar process
06-21 10:48:36.155 I/OMXClient( 1751): IOmx service obtained
06-21 10:48:36.155 I/OMXMaster( 1760): makeComponentInstance(OMX.google.opus.decoder) in android.hardwar process
06-21 10:48:36.163 I/OMXClient( 1751): IOmx service obtained
06-21 10:48:36.163 I/OMXMaster( 1760): makeComponentInstance(OMX.google.raw.decoder) in android.hardwar process
06-21 10:48:36.168 I/OMXClient( 1751): IOmx service obtained
