06-21 10:48:36.378 W/PackageManager( 1909): Cannot whitelist unknown permission: com.samsung.android.providers.context.permission.WRITE_USE_APP_FEATURE_SURVEY
06-21 10:48:36.378 I/PackageManager( 1909): Un-granting permission android.permission.BIND_JOB_SERVICE from package com.google.android.music (protectionLevel=2 flags=0x38cbbe65)
06-21 10:48:36.381 W/PackageManager( 1909): Cannot whitelist unknown permission: com.android.vending.BILLING
06-21 10:48:36.381 I/PackageManager( 1909): Un-granting permission android.permission.REQUEST_INSTALL_PACKAGES from package com.google.android.apps.docs (protectionLevel=66 flags=0x38cbbe45)
06-21 10:48:36.382 W/PackageManager( 1909): Cannot whitelist unknown permission: com.android.vending.BILLING
06-21 10:48:36.382 I/PackageManager( 1909): Un-granting permission android.permission.REQUEST_INSTALL_PACKAGES from package com.google.android.apps.docs (protectionLevel=66 flags=0x38cbbe45)
06-21 10:48:36.385 I/OMXClient( 1751): IOmx service obtained
06-21 10:48:36.385 I/OMXMaster( 1760): makeComponentInstance(OMX.google.vp8.encoder) in android.hardwar process
06-21 10:48:36.386 W/OMXUtils( 1751): do not know color format 0x7f000789 = 2130708361
06-21 10:48:36.386 E/OMXNodeInstance( 1760): getConfig(0xeb818f00:google.vp8.encoder, ConfigAndroidIntraRefresh(0x6f60000a)) ERROR: Undefined(0x80001001)
06-21 10:48:36.386 E/OMXNodeInstance( 1760): getParameter(0xeb818f00:google.vp8.encoder, ParamVideoIntraRefresh(0x6000006)) ERROR: UnsupportedIndex(0x8000101a)
06-21 10:48:36.386 D/MediaCodecInfo( 1751): detail feature-frame-parsing wasn't present to remove
06-21 10:48:36.386 D/HalDevMgr( 1909): updateRttController: no one is interested in RTT controllers
06-21 10:48:36.386 E/android.hardware.wifi@1.0-service( 1714): Failed to set DFS flag; DFS channels may be unavailable.
06-21 10:48:36.388 D/WificondControl( 1909): Setting up interface for client mode
06-21 10:48:36.389 I/wificond( 1757): create scanner for interface with index: 3
06-21 10:48:36.389 I/wificond( 1757): subscribe scan result for interface with index: 3
06-21 10:48:36.389 I/hwservicemanager( 1568): getTransport: Cannot find entry android.hardware.wifi.offload@1.0::IOffload/default in either framework or device manifest.
06-21 10:48:36.389 E/wificond( 1757): No Offload Service available
06-21 10:48:36.389 I/wificond( 1757): Offload HAL not supported 
06-21 10:48:36.390 E/SupplicantStaIfaceHal( 1909): Can't call setupIface, ISupplicantStaIface is null
06-21 10:48:36.390 I/hwservicemanager( 1568): getTransport: Cannot find entry android.hardware.wifi.supplicant@1.1::ISupplicant/default in either framework or device manifest.
06-21 10:48:36.391 I/hwservicemanager( 1568): getTransport: Cannot find entry android.hardware.wifi.supplicant@1.2::ISupplicant/default in either framework or device manifest.
06-21 10:48:36.391 I/hwservicemanager( 1568): getTransport: Cannot find entry android.hardware.wifi.supplicant@1.1::ISupplicant/default in either framework or device manifest.
06-21 10:48:36.392 I/netd    ( 1664): interfaceGetCfg("wlan0") <0.10ms>
06-21 10:48:36.392 I/WifiNative( 1909): Interface state changed on Iface:{Name=wlan0,Id=1,Type=STA_CONNECTIVITY}, isUp=true
06-21 10:48:36.392 D/MediaCodecList( 1751): ignored a null builder
06-21 10:48:36.393 I/netd    ( 1664): interfaceClearAddrs("wlan0") <0.11ms>
06-21 10:48:36.393 I/netd    ( 1664): interfaceSetIPv6PrivacyExtensions("wlan0", "true") <0.04ms>
06-21 10:48:36.393 I/netd    ( 1664): interfaceSetEnableIPv6("wlan0", "false") <0.04ms>
06-21 10:48:36.393 I/WifiNative( 1909): Successfully setup Iface:{Name=wlan0,Id=1,Type=STA_CONNECTIVITY}
06-21 10:48:36.393 I/hwservicemanager( 1568): getTransport: Cannot find entry android.hardware.wifi.supplicant@1.2::ISupplicant/default in either framework or device manifest.
06-21 10:48:36.394 I/OMXClient( 1909): IOmx service obtained
06-21 10:48:36.394 I/OMXMaster( 1760): makeComponentInstance(OMX.google.vorbis.decoder) in android.hardwar process
06-21 10:48:36.394 E/SupplicantStaIfaceHal( 1909): Method getKeyMgmtCapabilities is not supported in existing HAL
06-21 10:48:36.394 E/OMXNodeInstance( 1760): getConfig(0xeb819140:google.vorbis.decoder, ConfigAndroidVendorExtension(0x6f100004)) ERROR: Undefined(0x80001001)
06-21 10:48:36.397 D/WifiClientModeManager( 1909): entering StartedState
06-21 10:48:36.397 I/netd    ( 1664): interfaceGetCfg("wlan0") <0.10ms>
06-21 10:48:36.397 D/WifiClientModeManager( 1909): Wifi is ready to use for client mode
06-21 10:48:36.397 D/WifiActiveModeWarden( 1909): State changed from client mode. state = 3
06-21 10:48:36.397 D/WifiActiveModeWarden( 1909): client mode active
06-21 10:48:36.399 E/WifiVendorHal( 1909): getBgScanCapabilities(l.630) failed {.code = ERROR_NOT_SUPPORTED, .description = }
06-21 10:48:36.399 D/WifiScanRequestProxy( 1909): Sending scan available broadcast: true
06-21 10:48:36.399 I/WifiScanRequestProxy( 1909): Scanning is enabled
06-21 10:48:36.399 I/WifiScanRequestProxy( 1909): Scanning for hidden networks is enabled
06-21 10:48:36.399 D/WifiClientModeImpl( 1909): entering ConnectModeState: ifaceName = wlan0
06-21 10:48:36.399 D/WifiClientModeImpl( 1909): setupClientMode() ifacename = wlan0
06-21 10:48:36.400 I/WifiScanningService( 1909): wifi driver loaded with scan capabilities: max buckets=16
06-21 10:48:36.413 E/ActivityThread( 2053): Failed to find provider info for com.google.android.gsf.gservices
06-21 10:48:36.415 I/FileApkMgr( 2053): Extracting modules completed
06-21 10:48:36.415 I/GmsApplication( 2053): Staging modules completed
06-21 10:48:36.415 I/GmsApplication( 2053): Updating config
06-21 10:48:36.413 E/ActivityThread( 2053): Failed to find provider info for com.google.android.gsf.gservices
06-21 10:48:36.417 W/PackageManager( 1909): Cannot whitelist unknown permission: android.permission.READ_MEDIA_IMAGES
06-21 10:48:36.417 W/PackageManager( 1909): Cannot whitelist unknown permission: com.chrome.permission.DEVICE_EXTRAS
06-21 10:48:36.417 W/PackageManager( 1909): Cannot whitelist unknown permission: com.sec.enterprise.knox.MDM_CONTENT_PROVIDER
06-21 10:48:36.417 I/PackageManager( 1909): Un-granting permission android.permission.REQUEST_INSTALL_PACKAGES from package com.android.chrome (protectionLevel=66 flags=0xa0cbbe45)
06-21 10:48:36.417 I/PackageManager( 1909): Un-granting permission com.google.android.apps.now.CURRENT_ACCOUNT_ACCESS from package com.android.chrome (protectionLevel=2 flags=0xa0cbbe45)
06-21 10:48:36.418 E/ActivityThread( 2053): Failed to find provider info for com.google.android.gsf.gservices
06-21 10:48:36.419 W/FileUtils( 2053): Failed to set world readable: /data/user_de/0/com.google.android.gms/app_chimera/current_config.fb
06-21 10:48:36.418 E/ActivityThread( 2053): Failed to find provider info for com.google.android.gsf.gservices
06-21 10:48:36.426 W/PackageManager( 1909): Cannot whitelist unknown permission: android.permission.READ_MEDIA_IMAGES
06-21 10:48:36.426 W/PackageManager( 1909): Cannot whitelist unknown permission: com.chrome.permission.DEVICE_EXTRAS
06-21 10:48:36.426 W/PackageManager( 1909): Cannot whitelist unknown permission: com.sec.enterprise.knox.MDM_CONTENT_PROVIDER
06-21 10:48:36.426 I/PackageManager( 1909): Un-granting permission android.permission.REQUEST_INSTALL_PACKAGES from package com.android.chrome (protectionLevel=66 flags=0xa0cbbe45)
06-21 10:48:36.426 I/PackageManager( 1909): Un-granting permission com.google.android.apps.now.CURRENT_ACCOUNT_ACCESS from package com.android.chrome (protectionLevel=2 flags=0xa0cbbe45)
06-21 10:48:36.426 E/ChimeraCfgMgr( 2053): Failed to read module config: java.io.FileNotFoundException: /data/user_de/0/com.google.android.gms/app_chimera/current_config.fb: open failed: ENOENT (No such file or directory)
06-21 10:48:36.428 E/ActivityThread( 2053): Failed to find provider info for com.google.android.gsf.gservices
06-21 10:48:36.429 E/GservicesValue( 2053): Gservices key not whitelisted for directboot access: gms:chimera:dev_module_blacklist
06-21 10:48:36.431 I/GmsModuleFndr( 2053): Beginning GMS chimera module scan
06-21 10:48:36.431 I/chatty  ( 2053): uid=10115 com.google.android.gms.persistent identical 4 lines
06-21 10:48:36.431 E/ActivityThread( 2053): Failed to find provider info for com.google.android.gsf.gservices
06-21 10:48:36.433 W/PackageManager( 1909): Cannot whitelist unknown permission: com.sec.android.provider.badge.permission.READ
06-21 10:48:36.433 W/PackageManager( 1909): Cannot whitelist unknown permission: com.sec.android.provider.badge.permission.WRITE
06-21 10:48:36.433 W/PackageManager( 1909): Cannot whitelist unknown permission: com.htc.launcher.permission.READ_SETTINGS
06-21 10:48:36.433 W/PackageManager( 1909): Cannot whitelist unknown permission: com.htc.launcher.permission.UPDATE_SHORTCUT
06-21 10:48:36.433 W/PackageManager( 1909): Cannot whitelist unknown permission: com.sonyericsson.home.permission.BROADCAST_BADGE
06-21 10:48:36.433 W/PackageManager( 1909): Cannot whitelist unknown permission: com.sonymobile.home.permission.PROVIDER_INSERT_BADGE
06-21 10:48:36.433 W/PackageManager( 1909): Cannot whitelist unknown permission: com.anddoes.launcher.permission.UPDATE_COUNT
06-21 10:48:36.433 W/PackageManager( 1909): Cannot whitelist unknown permission: com.majeur.launcher.permission.UPDATE_BADGE
06-21 10:48:36.433 W/PackageManager( 1909): Cannot whitelist unknown permission: com.huawei.android.launcher.permission.CHANGE_BADGE
06-21 10:48:36.433 W/PackageManager( 1909): Cannot whitelist unknown permission: com.huawei.android.launcher.permission.READ_SETTINGS
06-21 10:48:36.433 W/PackageManager( 1909): Cannot whitelist unknown permission: com.huawei.android.launcher.permission.WRITE_SETTINGS
06-21 10:48:36.433 W/PackageManager( 1909): Cannot whitelist unknown permission: android.permission.READ_APP_BADGE
06-21 10:48:36.434 E/ChimeraCfgMgr( 2053): Failed to read module config: java.io.FileNotFoundException: /data/user_de/0/com.google.android.gms/app_chimera/current_config.fb: open failed: ENOENT (No such file or directory)
06-21 10:48:36.433 W/PackageManager( 1909): Cannot whitelist unknown permission: com.oppo.launcher.permission.READ_SETTINGS
06-21 10:48:36.434 W/PackageManager( 1909): Cannot whitelist unknown permission: com.oppo.launcher.permission.WRITE_SETTINGS
06-21 10:48:36.434 W/PackageManager( 1909): Cannot whitelist unknown permission: com.cequint.ecid.CALLER_ID_LOOKUP
06-21 10:48:36.434 W/PackageManager( 1909): Cannot whitelist unknown permission: com.motorola.incallui.permission.INCOMING_CALL_VISIBILITY_CHANGED
06-21 10:48:36.436 I/ModuleSetMgr( 2053): Config file doesn't exist, writing blank config.
06-21 10:48:36.437 W/PackageManager( 1909): Cannot whitelist unknown permission: com.sec.android.provider.badge.permission.READ
06-21 10:48:36.437 W/PackageManager( 1909): Cannot whitelist unknown permission: com.sec.android.provider.badge.permission.WRITE
06-21 10:48:36.437 W/PackageManager( 1909): Cannot whitelist unknown permission: com.htc.launcher.permission.READ_SETTINGS
06-21 10:48:36.437 W/PackageManager( 1909): Cannot whitelist unknown permission: com.htc.launcher.permission.UPDATE_SHORTCUT
06-21 10:48:36.437 W/PackageManager( 1909): Cannot whitelist unknown permission: com.sonyericsson.home.permission.BROADCAST_BADGE
06-21 10:48:36.437 W/PackageManager( 1909): Cannot whitelist unknown permission: com.sonymobile.home.permission.PROVIDER_INSERT_BADGE
06-21 10:48:36.437 W/PackageManager( 1909): Cannot whitelist unknown permission: com.anddoes.launcher.permission.UPDATE_COUNT
06-21 10:48:36.437 W/PackageManager( 1909): Cannot whitelist unknown permission: com.majeur.launcher.permission.UPDATE_BADGE
06-21 10:48:36.437 W/PackageManager( 1909): Cannot whitelist unknown permission: com.huawei.android.launcher.permission.CHANGE_BADGE
06-21 10:48:36.437 W/PackageManager( 1909): Cannot whitelist unknown permission: com.huawei.android.launcher.permission.READ_SETTINGS
06-21 10:48:36.437 W/PackageManager( 1909): Cannot whitelist unknown permission: com.huawei.android.launcher.permission.WRITE_SETTINGS
06-21 10:48:36.437 W/PackageManager( 1909): Cannot whitelist unknown permission: android.permission.READ_APP_BADGE
06-21 10:48:36.437 W/PackageManager( 1909): Cannot whitelist unknown permission: com.oppo.launcher.permission.READ_SETTINGS
06-21 10:48:36.437 W/PackageManager( 1909): Cannot whitelist unknown permission: com.oppo.launcher.permission.WRITE_SETTINGS
06-21 10:48:36.437 W/PackageManager( 1909): Cannot whitelist unknown permission: com.cequint.ecid.CALLER_ID_LOOKUP
06-21 10:48:36.437 W/PackageManager( 1909): Cannot whitelist unknown permission: com.motorola.incallui.permission.INCOMING_CALL_VISIBILITY_CHANGED
06-21 10:48:36.439 W/PackageManager( 1909): Cannot whitelist unknown permission: com.sec.android.provider.badge.permission.READ
06-21 10:48:36.439 W/PackageManager( 1909): Cannot whitelist unknown permission: com.sec.android.provider.badge.permission.WRITE
06-21 10:48:36.439 W/PackageManager( 1909): Cannot whitelist unknown permission: com.htc.launcher.permission.READ_SETTINGS
06-21 10:48:36.439 W/PackageManager( 1909): Cannot whitelist unknown permission: com.htc.launcher.permission.UPDATE_SHORTCUT
06-21 10:48:36.439 W/PackageManager( 1909): Cannot whitelist unknown permission: com.sonyericsson.home.permission.BROADCAST_BADGE
06-21 10:48:36.439 W/PackageManager( 1909): Cannot whitelist unknown permission: com.sonymobile.home.permission.PROVIDER_INSERT_BADGE
06-21 10:48:36.439 W/PackageManager( 1909): Cannot whitelist unknown permission: com.anddoes.launcher.permission.UPDATE_COUNT
06-21 10:48:36.439 W/PackageManager( 1909): Cannot whitelist unknown permission: com.majeur.launcher.permission.UPDATE_BADGE
06-21 10:48:36.439 I/OMXClient( 1909): IOmx service obtained
06-21 10:48:36.439 W/PackageManager( 1909): Cannot whitelist unknown permission: com.huawei.android.launcher.permission.CHANGE_BADGE
06-21 10:48:36.439 W/PackageManager( 1909): Cannot whitelist unknown permission: com.huawei.android.launcher.permission.READ_SETTINGS
06-21 10:48:36.439 W/PackageManager( 1909): Cannot whitelist unknown permission: com.huawei.android.launcher.permission.WRITE_SETTINGS
06-21 10:48:36.439 W/PackageManager( 1909): Cannot whitelist unknown permission: android.permission.READ_APP_BADGE
06-21 10:48:36.439 W/PackageManager( 1909): Cannot whitelist unknown permission: com.oppo.launcher.permission.READ_SETTINGS
06-21 10:48:36.439 W/PackageManager( 1909): Cannot whitelist unknown permission: com.oppo.launcher.permission.WRITE_SETTINGS
06-21 10:48:36.439 I/OMXMaster( 1760): makeComponentInstance(OMX.google.vorbis.decoder) in android.hardwar process
06-21 10:48:36.439 W/PackageManager( 1909): Cannot whitelist unknown permission: com.cequint.ecid.CALLER_ID_LOOKUP
06-21 10:48:36.439 W/PackageManager( 1909): Cannot whitelist unknown permission: com.motorola.incallui.permission.INCOMING_CALL_VISIBILITY_CHANGED
06-21 10:48:36.439 E/OMXNodeInstance( 1760): getConfig(0xeb818de0:google.vorbis.decoder, ConfigAndroidVendorExtension(0x6f100004)) ERROR: Undefined(0x80001001)
06-21 10:48:36.440 W/PackageManager( 1909): Cannot whitelist unknown permission: com.sec.android.provider.badge.permission.READ
06-21 10:48:36.440 W/PackageManager( 1909): Cannot whitelist unknown permission: com.sec.android.provider.badge.permission.WRITE
06-21 10:48:36.440 W/PackageManager( 1909): Cannot whitelist unknown permission: com.htc.launcher.permission.READ_SETTINGS
06-21 10:48:36.441 W/PackageManager( 1909): Cannot whitelist unknown permission: com.htc.launcher.permission.UPDATE_SHORTCUT
06-21 10:48:36.441 W/PackageManager( 1909): Cannot whitelist unknown permission: com.sonyericsson.home.permission.BROADCAST_BADGE
06-21 10:48:36.441 W/PackageManager( 1909): Cannot whitelist unknown permission: com.sonymobile.home.permission.PROVIDER_INSERT_BADGE
06-21 10:48:36.441 W/PackageManager( 1909): Cannot whitelist unknown permission: com.anddoes.launcher.permission.UPDATE_COUNT
06-21 10:48:36.441 W/PackageManager( 1909): Cannot whitelist unknown permission: com.majeur.launcher.permission.UPDATE_BADGE
06-21 10:48:36.441 W/PackageManager( 1909): Cannot whitelist unknown permission: com.huawei.android.launcher.permission.CHANGE_BADGE
06-21 10:48:36.441 W/PackageManager( 1909): Cannot whitelist unknown permission: com.huawei.android.launcher.permission.READ_SETTINGS
06-21 10:48:36.441 W/PackageManager( 1909): Cannot whitelist unknown permission: com.huawei.android.launcher.permission.WRITE_SETTINGS
06-21 10:48:36.441 W/PackageManager( 1909): Cannot whitelist unknown permission: android.permission.READ_APP_BADGE
06-21 10:48:36.441 W/PackageManager( 1909): Cannot whitelist unknown permission: com.oppo.launcher.permission.READ_SETTINGS
06-21 10:48:36.441 W/PackageManager( 1909): Cannot whitelist unknown permission: com.oppo.launcher.permission.WRITE_SETTINGS
06-21 10:48:36.441 W/PackageManager( 1909): Cannot whitelist unknown permission: com.cequint.ecid.CALLER_ID_LOOKUP
06-21 10:48:36.441 W/PackageManager( 1909): Cannot whitelist unknown permission: com.motorola.incallui.permission.INCOMING_CALL_VISIBILITY_CHANGED
06-21 10:48:36.441 I/.gms.persisten( 2053): Compiler allocated 5796KB to compile boolean cuf.a(cyl, boolean, caau, caau, int, java.util.List, java.io.File, cyh)
06-21 10:48:36.443 W/PackageManager( 1909): Cannot whitelist unknown permission: com.sec.android.provider.badge.permission.READ
06-21 10:48:36.443 W/PackageManager( 1909): Cannot whitelist unknown permission: com.sec.android.provider.badge.permission.WRITE
06-21 10:48:36.443 W/PackageManager( 1909): Cannot whitelist unknown permission: com.htc.launcher.permission.READ_SETTINGS
06-21 10:48:36.443 W/PackageManager( 1909): Cannot whitelist unknown permission: com.htc.launcher.permission.UPDATE_SHORTCUT
06-21 10:48:36.443 W/PackageManager( 1909): Cannot whitelist unknown permission: com.sonyericsson.home.permission.BROADCAST_BADGE
06-21 10:48:36.443 W/PackageManager( 1909): Cannot whitelist unknown permission: com.sonymobile.home.permission.PROVIDER_INSERT_BADGE
06-21 10:48:36.443 W/PackageManager( 1909): Cannot whitelist unknown permission: com.anddoes.launcher.permission.UPDATE_COUNT
06-21 10:48:36.443 W/PackageManager( 1909): Cannot whitelist unknown permission: com.majeur.launcher.permission.UPDATE_BADGE
06-21 10:48:36.443 W/PackageManager( 1909): Cannot whitelist unknown permission: com.huawei.android.launcher.permission.CHANGE_BADGE
06-21 10:48:36.443 W/PackageManager( 1909): Cannot whitelist unknown permission: com.huawei.android.launcher.permission.READ_SETTINGS
06-21 10:48:36.443 W/PackageManager( 1909): Cannot whitelist unknown permission: com.huawei.android.launcher.permission.WRITE_SETTINGS
06-21 10:48:36.443 W/PackageManager( 1909): Cannot whitelist unknown permission: android.permission.READ_APP_BADGE
06-21 10:48:36.443 W/PackageManager( 1909): Cannot whitelist unknown permission: com.oppo.launcher.permission.READ_SETTINGS
06-21 10:48:36.443 W/PackageManager( 1909): Cannot whitelist unknown permission: com.oppo.launcher.permission.WRITE_SETTINGS
06-21 10:48:36.443 W/PackageManager( 1909): Cannot whitelist unknown permission: com.cequint.ecid.CALLER_ID_LOOKUP
06-21 10:48:36.443 W/PackageManager( 1909): Cannot whitelist unknown permission: com.motorola.incallui.permission.INCOMING_CALL_VISIBILITY_CHANGED
06-21 10:48:36.445 W/PackageManager( 1909): Cannot whitelist unknown permission: com.sec.android.provider.badge.permission.READ
06-21 10:48:36.445 W/PackageManager( 1909): Cannot whitelist unknown permission: com.sec.android.provider.badge.permission.WRITE
06-21 10:48:36.445 W/PackageManager( 1909): Cannot whitelist unknown permission: com.htc.launcher.permission.READ_SETTINGS
06-21 10:48:36.445 W/PackageManager( 1909): Cannot whitelist unknown permission: com.htc.launcher.permission.UPDATE_SHORTCUT
06-21 10:48:36.445 W/PackageManager( 1909): Cannot whitelist unknown permission: com.sonyericsson.home.permission.BROADCAST_BADGE
06-21 10:48:36.445 W/PackageManager( 1909): Cannot whitelist unknown permission: com.sonymobile.home.permission.PROVIDER_INSERT_BADGE
06-21 10:48:36.445 W/PackageManager( 1909): Cannot whitelist unknown permission: com.anddoes.launcher.permission.UPDATE_COUNT
06-21 10:48:36.445 W/PackageManager( 1909): Cannot whitelist unknown permission: com.majeur.launcher.permission.UPDATE_BADGE
06-21 10:48:36.445 W/PackageManager( 1909): Cannot whitelist unknown permission: com.huawei.android.launcher.permission.CHANGE_BADGE
06-21 10:48:36.445 W/PackageManager( 1909): Cannot whitelist unknown permission: com.huawei.android.launcher.permission.READ_SETTINGS
06-21 10:48:36.445 W/PackageManager( 1909): Cannot whitelist unknown permission: com.huawei.android.launcher.permission.WRITE_SETTINGS
06-21 10:48:36.445 W/PackageManager( 1909): Cannot whitelist unknown permission: android.permission.READ_APP_BADGE
06-21 10:48:36.445 W/PackageManager( 1909): Cannot whitelist unknown permission: com.oppo.launcher.permission.READ_SETTINGS
06-21 10:48:36.445 W/PackageManager( 1909): Cannot whitelist unknown permission: com.oppo.launcher.permission.WRITE_SETTINGS
06-21 10:48:36.445 W/PackageManager( 1909): Cannot whitelist unknown permission: com.cequint.ecid.CALLER_ID_LOOKUP
06-21 10:48:36.445 W/PackageManager( 1909): Cannot whitelist unknown permission: com.motorola.incallui.permission.INCOMING_CALL_VISIBILITY_CHANGED
06-21 10:48:36.446 I/ModuleSetMgr( 2053): Computing pending module set with APKs: [[AdsFdrDynamite.integ:21460000000], [Cronetdynamite:202414040800], [Dynamiteloader:202414040800], [Dynamitemodulesa:202414040000], [Dynamitemodulesc:202414040000], [Googlecertificates:202414040000], [Mapsdynamite:202414040000], [Measurementdynamite:202414040000]]
06-21 10:48:36.446 W/PackageManager( 1909): Cannot whitelist unknown permission: com.sec.android.provider.badge.permission.READ
06-21 10:48:36.446 W/PackageManager( 1909): Cannot whitelist unknown permission: com.sec.android.provider.badge.permission.WRITE
06-21 10:48:36.446 W/PackageManager( 1909): Cannot whitelist unknown permission: com.htc.launcher.permission.READ_SETTINGS
06-21 10:48:36.446 W/PackageManager( 1909): Cannot whitelist unknown permission: com.htc.launcher.permission.UPDATE_SHORTCUT
06-21 10:48:36.446 W/PackageManager( 1909): Cannot whitelist unknown permission: com.sonyericsson.home.permission.BROADCAST_BADGE
06-21 10:48:36.446 W/PackageManager( 1909): Cannot whitelist unknown permission: com.sonymobile.home.permission.PROVIDER_INSERT_BADGE
06-21 10:48:36.446 W/PackageManager( 1909): Cannot whitelist unknown permission: com.anddoes.launcher.permission.UPDATE_COUNT
06-21 10:48:36.446 E/ActivityThread( 2053): Failed to find provider info for com.google.android.gsf.gservices
06-21 10:48:36.446 W/PackageManager( 1909): Cannot whitelist unknown permission: com.majeur.launcher.permission.UPDATE_BADGE
06-21 10:48:36.446 W/PackageManager( 1909): Cannot whitelist unknown permission: com.huawei.android.launcher.permission.CHANGE_BADGE
06-21 10:48:36.446 W/PackageManager( 1909): Cannot whitelist unknown permission: com.huawei.android.launcher.permission.READ_SETTINGS
06-21 10:48:36.446 W/PackageManager( 1909): Cannot whitelist unknown permission: com.huawei.android.launcher.permission.WRITE_SETTINGS
06-21 10:48:36.446 W/PackageManager( 1909): Cannot whitelist unknown permission: android.permission.READ_APP_BADGE
06-21 10:48:36.446 W/PackageManager( 1909): Cannot whitelist unknown permission: com.oppo.launcher.permission.READ_SETTINGS
06-21 10:48:36.446 W/PackageManager( 1909): Cannot whitelist unknown permission: com.oppo.launcher.permission.WRITE_SETTINGS
06-21 10:48:36.446 W/PackageManager( 1909): Cannot whitelist unknown permission: com.cequint.ecid.CALLER_ID_LOOKUP
06-21 10:48:36.446 W/PackageManager( 1909): Cannot whitelist unknown permission: com.motorola.incallui.permission.INCOMING_CALL_VISIBILITY_CHANGED
06-21 10:48:36.446 E/ActivityThread( 2053): Failed to find provider info for com.google.android.gsf.gservices
06-21 10:48:36.448 I/chatty  ( 2053): uid=10115 com.google.android.gms.persistent identical 5 lines
06-21 10:48:36.449 E/ActivityThread( 2053): Failed to find provider info for com.google.android.gsf.gservices
06-21 10:48:36.454 W/PackageManager( 1909): Cannot whitelist unknown permission: android.permission.QUERY_ALL_PACKAGES
06-21 10:48:36.454 W/PackageManager( 1909): Cannot whitelist unknown permission: android.permission.PRE_FACTORY_RESET
06-21 10:48:36.454 W/PackageManager( 1909): Cannot whitelist unknown permission: android.permission.MANAGE_FACTORY_RESET_PROTECTION
06-21 10:48:36.454 W/PackageManager( 1909): Cannot whitelist unknown permission: android.car.permission.CAR_POWER
06-21 10:48:36.454 W/PackageManager( 1909): Cannot whitelist unknown permission: com.google.android.wearable.WRITE_SETTINGS
06-21 10:48:36.454 W/PackageManager( 1909): Cannot whitelist unknown permission: com.felicanetworks.mfc.permission.MFC_ACCESS
06-21 10:48:36.454 W/PackageManager( 1909): Cannot whitelist unknown permission: com.felicanetworks.mfc.mfi.permission.MFI_ACCESS
06-21 10:48:36.454 W/PackageManager( 1909): Cannot whitelist unknown permission: com.google.android.finsky.permission.INSTANT_APP_STATE
06-21 10:48:36.455 W/PackageManager( 1909): Cannot whitelist unknown permission: android.permission.UWB
06-21 10:48:36.455 W/PackageManager( 1909): Cannot whitelist unknown permission: com.google.android.finsky.permission.BIND_GET_INSTALL_REFERRER_SERVICE
06-21 10:48:36.455 W/PackageManager( 1909): Cannot whitelist unknown permission: com.google.android.hangouts.START_HANGOUT
06-21 10:48:36.455 W/PackageManager( 1909): Cannot whitelist unknown permission: android.car.permission.CAR_POWERTRAIN
06-21 10:48:36.455 W/PackageManager( 1909): Cannot whitelist unknown permission: android.car.permission.CAR_ENERGY
06-21 10:48:36.455 W/PackageManager( 1909): Cannot whitelist unknown permission: android.car.permission.CAR_ENERGY_PORTS
06-21 10:48:36.455 W/PackageManager( 1909): Cannot whitelist unknown permission: android.car.permission.CAR_EXTERIOR_LIGHTS
06-21 10:48:36.455 W/PackageManager( 1909): Cannot whitelist unknown permission: android.car.permission.CAR_INFO
06-21 10:48:36.455 W/PackageManager( 1909): Cannot whitelist unknown permission: android.car.permission.CAR_MILEAGE
06-21 10:48:36.455 W/PackageManager( 1909): Cannot whitelist unknown permission: android.car.permission.CAR_TIRES
06-21 10:48:36.455 W/PackageManager( 1909): Cannot whitelist unknown permission: android.car.permission.CONTROL_CAR_CLIMATE
06-21 10:48:36.455 W/PackageManager( 1909): Cannot whitelist unknown permission: android.car.permission.CONTROL_CAR_DOORS
06-21 10:48:36.455 W/PackageManager( 1909): Cannot whitelist unknown permission: android.car.permission.CONTROL_CAR_EXTERIOR_LIGHTS
06-21 10:48:36.455 W/PackageManager( 1909): Cannot whitelist unknown permission: android.car.permission.CONTROL_CAR_MIRRORS
06-21 10:48:36.455 W/PackageManager( 1909): Cannot whitelist unknown permission: android.car.permission.CONTROL_CAR_SEATS
06-21 10:48:36.455 W/PackageManager( 1909): Cannot whitelist unknown permission: android.car.permission.CONTROL_CAR_WINDOWS
06-21 10:48:36.455 W/PackageManager( 1909): Cannot whitelist unknown permission: android.car.permission.READ_CAR_DISPLAY_UNITS
06-21 10:48:36.455 W/PackageManager( 1909): Cannot whitelist unknown permission: com.google.android.finsky.permission.GEARHEAD_SERVICE
06-21 10:48:36.455 W/PackageManager( 1909): Cannot whitelist unknown permission: com.google.android.permission.ACCESSIBILITY_SCAN_SERVICE
06-21 10:48:36.455 W/PackageManager( 1909): Cannot whitelist unknown permission: com.google.android.finsky.permission.ACCESS_INSTANT_APP_NOTIFICATION_ENFORCEMENT
06-21 10:48:36.455 W/PackageManager( 1909): Cannot whitelist unknown permission: com.google.android.clockwork.settings.SHOW_FACTORY_RESET_CONFIRMATION
06-21 10:48:36.455 W/PackageManager( 1909): Cannot whitelist unknown permission: com.google.android.wearable.READ_SETTINGS
06-21 10:48:36.455 W/PackageManager( 1909): Cannot whitelist unknown permission: android.permission.READ_MEDIA_AUDIO
06-21 10:48:36.455 W/PackageManager( 1909): Cannot whitelist unknown permission: android.permission.READ_MEDIA_IMAGES
06-21 10:48:36.455 W/PackageManager( 1909): Cannot whitelist unknown permission: android.permission.READ_MEDIA_VIDEO
06-21 10:48:36.455 W/PackageManager( 1909): Cannot whitelist unknown permission: com.android.vending.setup.PLAY_SETUP_SERVICE
06-21 10:48:36.455 W/PackageManager( 1909): Cannot whitelist unknown permission: com.google.android.gms.game.notifications.permission.WRITE
06-21 10:48:36.455 W/PackageManager( 1909): Cannot whitelist unknown permission: com.google.android.vending.verifier.ACCESS_VERIFIER
06-21 10:48:36.455 I/PackageManager( 1909): Un-granting permission android.permission.CAPTURE_VIDEO_OUTPUT from package com.google.android.gms (protectionLevel=2 flags=0xb0cabe45)
06-21 10:48:36.455 I/PackageManager( 1909): Un-granting permission android.permission.MANAGE_DEVICE_ADMINS from package com.google.android.gms (protectionLevel=2 flags=0xb0cabe45)
06-21 10:48:36.455 I/PackageManager( 1909): Un-granting permission android.permission.MANAGE_ACTIVITY_STACKS from package com.google.android.gms (protectionLevel=2 flags=0xb0cabe45)
06-21 10:48:36.455 I/PackageManager( 1909): Un-granting permission android.permission.CAPTURE_SECURE_VIDEO_OUTPUT from package com.google.android.gms (protectionLevel=2 flags=0xb0cabe45)
06-21 10:48:36.455 I/PackageManager( 1909): Un-granting permission android.permission.MANAGE_ROLLBACKS from package com.google.android.gms (protectionLevel=514 flags=0xb0cabe45)
06-21 10:48:36.459 W/PackageManager( 1909): Cannot whitelist unknown permission: android.permission.QUERY_ALL_PACKAGES
06-21 10:48:36.459 W/PackageManager( 1909): Cannot whitelist unknown permission: android.permission.PRE_FACTORY_RESET
06-21 10:48:36.459 W/PackageManager( 1909): Cannot whitelist unknown permission: android.permission.MANAGE_FACTORY_RESET_PROTECTION
06-21 10:48:36.459 W/PackageManager( 1909): Cannot whitelist unknown permission: android.car.permission.CAR_POWER
06-21 10:48:36.459 W/PackageManager( 1909): Cannot whitelist unknown permission: com.google.android.wearable.WRITE_SETTINGS
06-21 10:48:36.459 W/PackageManager( 1909): Cannot whitelist unknown permission: com.felicanetworks.mfc.permission.MFC_ACCESS
06-21 10:48:36.459 W/PackageManager( 1909): Cannot whitelist unknown permission: com.felicanetworks.mfc.mfi.permission.MFI_ACCESS
06-21 10:48:36.459 W/PackageManager( 1909): Cannot whitelist unknown permission: com.google.android.finsky.permission.INSTANT_APP_STATE
06-21 10:48:36.459 W/PackageManager( 1909): Cannot whitelist unknown permission: android.permission.UWB
06-21 10:48:36.459 W/PackageManager( 1909): Cannot whitelist unknown permission: com.google.android.finsky.permission.BIND_GET_INSTALL_REFERRER_SERVICE
06-21 10:48:36.459 W/PackageManager( 1909): Cannot whitelist unknown permission: com.google.android.hangouts.START_HANGOUT
06-21 10:48:36.459 W/PackageManager( 1909): Cannot whitelist unknown permission: android.car.permission.CAR_POWERTRAIN
06-21 10:48:36.459 W/PackageManager( 1909): Cannot whitelist unknown permission: android.car.permission.CAR_ENERGY
06-21 10:48:36.459 W/PackageManager( 1909): Cannot whitelist unknown permission: android.car.permission.CAR_ENERGY_PORTS
06-21 10:48:36.459 W/PackageManager( 1909): Cannot whitelist unknown permission: android.car.permission.CAR_EXTERIOR_LIGHTS
06-21 10:48:36.459 W/PackageManager( 1909): Cannot whitelist unknown permission: android.car.permission.CAR_INFO
06-21 10:48:36.459 W/PackageManager( 1909): Cannot whitelist unknown permission: android.car.permission.CAR_MILEAGE
06-21 10:48:36.459 W/PackageManager( 1909): Cannot whitelist unknown permission: android.car.permission.CAR_TIRES
06-21 10:48:36.459 W/PackageManager( 1909): Cannot whitelist unknown permission: android.car.permission.CONTROL_CAR_CLIMATE
06-21 10:48:36.459 W/PackageManager( 1909): Cannot whitelist unknown permission: android.car.permission.CONTROL_CAR_DOORS
06-21 10:48:36.459 W/PackageManager( 1909): Cannot whitelist unknown permission: android.car.permission.CONTROL_CAR_EXTERIOR_LIGHTS
06-21 10:48:36.459 W/PackageManager( 1909): Cannot whitelist unknown permission: android.car.permission.CONTROL_CAR_MIRRORS
06-21 10:48:36.459 W/PackageManager( 1909): Cannot whitelist unknown permission: android.car.permission.CONTROL_CAR_SEATS
06-21 10:48:36.459 W/PackageManager( 1909): Cannot whitelist unknown permission: android.car.permission.CONTROL_CAR_WINDOWS
06-21 10:48:36.459 W/PackageManager( 1909): Cannot whitelist unknown permission: android.car.permission.READ_CAR_DISPLAY_UNITS
06-21 10:48:36.459 W/PackageManager( 1909): Cannot whitelist unknown permission: com.google.android.finsky.permission.GEARHEAD_SERVICE
06-21 10:48:36.459 W/PackageManager( 1909): Cannot whitelist unknown permission: com.google.android.permission.ACCESSIBILITY_SCAN_SERVICE
06-21 10:48:36.459 W/PackageManager( 1909): Cannot whitelist unknown permission: com.google.android.finsky.permission.ACCESS_INSTANT_APP_NOTIFICATION_ENFORCEMENT
06-21 10:48:36.459 W/PackageManager( 1909): Cannot whitelist unknown permission: com.google.android.clockwork.settings.SHOW_FACTORY_RESET_CONFIRMATION
06-21 10:48:36.459 W/PackageManager( 1909): Cannot whitelist unknown permission: com.google.android.wearable.READ_SETTINGS
06-21 10:48:36.460 W/PackageManager( 1909): Cannot whitelist unknown permission: android.permission.READ_MEDIA_AUDIO
06-21 10:48:36.460 W/PackageManager( 1909): Cannot whitelist unknown permission: android.permission.READ_MEDIA_IMAGES
06-21 10:48:36.460 W/PackageManager( 1909): Cannot whitelist unknown permission: android.permission.READ_MEDIA_VIDEO
06-21 10:48:36.460 W/PackageManager( 1909): Cannot whitelist unknown permission: com.android.vending.setup.PLAY_SETUP_SERVICE
06-21 10:48:36.460 W/PackageManager( 1909): Cannot whitelist unknown permission: com.google.android.gms.game.notifications.permission.WRITE
06-21 10:48:36.460 W/PackageManager( 1909): Cannot whitelist unknown permission: com.google.android.vending.verifier.ACCESS_VERIFIER
06-21 10:48:36.460 I/PackageManager( 1909): Un-granting permission android.permission.CAPTURE_VIDEO_OUTPUT from package com.google.android.gms (protectionLevel=2 flags=0xb0cabe45)
06-21 10:48:36.460 I/PackageManager( 1909): Un-granting permission android.permission.MANAGE_DEVICE_ADMINS from package com.google.android.gms (protectionLevel=2 flags=0xb0cabe45)
06-21 10:48:36.460 I/PackageManager( 1909): Un-granting permission android.permission.MANAGE_ACTIVITY_STACKS from package com.google.android.gms (protectionLevel=2 flags=0xb0cabe45)
06-21 10:48:36.460 I/PackageManager( 1909): Un-granting permission android.permission.CAPTURE_SECURE_VIDEO_OUTPUT from package com.google.android.gms (protectionLevel=2 flags=0xb0cabe45)
06-21 10:48:36.460 I/PackageManager( 1909): Un-granting permission android.permission.MANAGE_ROLLBACKS from package com.google.android.gms (protectionLevel=514 flags=0xb0cabe45)
06-21 10:48:36.462 W/PackageManager( 1909): Cannot whitelist unknown permission: android.permission.QUERY_ALL_PACKAGES
06-21 10:48:36.462 W/PackageManager( 1909): Cannot whitelist unknown permission: android.permission.PRE_FACTORY_RESET
06-21 10:48:36.462 W/PackageManager( 1909): Cannot whitelist unknown permission: android.permission.MANAGE_FACTORY_RESET_PROTECTION
06-21 10:48:36.462 W/PackageManager( 1909): Cannot whitelist unknown permission: android.car.permission.CAR_POWER
06-21 10:48:36.462 W/PackageManager( 1909): Cannot whitelist unknown permission: com.google.android.wearable.WRITE_SETTINGS
06-21 10:48:36.462 W/PackageManager( 1909): Cannot whitelist unknown permission: com.felicanetworks.mfc.permission.MFC_ACCESS
06-21 10:48:36.462 W/PackageManager( 1909): Cannot whitelist unknown permission: com.felicanetworks.mfc.mfi.permission.MFI_ACCESS
06-21 10:48:36.462 W/PackageManager( 1909): Cannot whitelist unknown permission: com.google.android.finsky.permission.INSTANT_APP_STATE
06-21 10:48:36.462 W/PackageManager( 1909): Cannot whitelist unknown permission: android.permission.UWB
06-21 10:48:36.462 W/PackageManager( 1909): Cannot whitelist unknown permission: com.google.android.finsky.permission.BIND_GET_INSTALL_REFERRER_SERVICE
06-21 10:48:36.462 W/PackageManager( 1909): Cannot whitelist unknown permission: com.google.android.hangouts.START_HANGOUT
06-21 10:48:36.462 W/PackageManager( 1909): Cannot whitelist unknown permission: android.car.permission.CAR_POWERTRAIN
06-21 10:48:36.462 W/PackageManager( 1909): Cannot whitelist unknown permission: android.car.permission.CAR_ENERGY
06-21 10:48:36.462 W/PackageManager( 1909): Cannot whitelist unknown permission: android.car.permission.CAR_ENERGY_PORTS
06-21 10:48:36.462 W/PackageManager( 1909): Cannot whitelist unknown permission: android.car.permission.CAR_EXTERIOR_LIGHTS
06-21 10:48:36.462 W/PackageManager( 1909): Cannot whitelist unknown permission: android.car.permission.CAR_INFO
06-21 10:48:36.462 W/PackageManager( 1909): Cannot whitelist unknown permission: android.car.permission.CAR_MILEAGE
06-21 10:48:36.462 W/PackageManager( 1909): Cannot whitelist unknown permission: android.car.permission.CAR_TIRES
06-21 10:48:36.462 W/PackageManager( 1909): Cannot whitelist unknown permission: android.car.permission.CONTROL_CAR_CLIMATE
06-21 10:48:36.462 W/PackageManager( 1909): Cannot whitelist unknown permission: android.car.permission.CONTROL_CAR_DOORS
06-21 10:48:36.462 W/PackageManager( 1909): Cannot whitelist unknown permission: android.car.permission.CONTROL_CAR_EXTERIOR_LIGHTS
06-21 10:48:36.462 W/PackageManager( 1909): Cannot whitelist unknown permission: android.car.permission.CONTROL_CAR_MIRRORS
06-21 10:48:36.462 W/PackageManager( 1909): Cannot whitelist unknown permission: android.car.permission.CONTROL_CAR_SEATS
06-21 10:48:36.462 W/PackageManager( 1909): Cannot whitelist unknown permission: android.car.permission.CONTROL_CAR_WINDOWS
06-21 10:48:36.462 W/PackageManager( 1909): Cannot whitelist unknown permission: android.car.permission.READ_CAR_DISPLAY_UNITS
06-21 10:48:36.462 W/PackageManager( 1909): Cannot whitelist unknown permission: com.google.android.finsky.permission.GEARHEAD_SERVICE
06-21 10:48:36.462 W/PackageManager( 1909): Cannot whitelist unknown permission: com.google.android.permission.ACCESSIBILITY_SCAN_SERVICE
06-21 10:48:36.462 W/PackageManager( 1909): Cannot whitelist unknown permission: com.google.android.finsky.permission.ACCESS_INSTANT_APP_NOTIFICATION_ENFORCEMENT
06-21 10:48:36.462 W/PackageManager( 1909): Cannot whitelist unknown permission: com.google.android.clockwork.settings.SHOW_FACTORY_RESET_CONFIRMATION
06-21 10:48:36.462 W/PackageManager( 1909): Cannot whitelist unknown permission: com.google.android.wearable.READ_SETTINGS
06-21 10:48:36.462 W/PackageManager( 1909): Cannot whitelist unknown permission: android.permission.READ_MEDIA_AUDIO
06-21 10:48:36.462 W/PackageManager( 1909): Cannot whitelist unknown permission: android.permission.READ_MEDIA_IMAGES
06-21 10:48:36.462 W/PackageManager( 1909): Cannot whitelist unknown permission: android.permission.READ_MEDIA_VIDEO
06-21 10:48:36.462 W/PackageManager( 1909): Cannot whitelist unknown permission: com.android.vending.setup.PLAY_SETUP_SERVICE
06-21 10:48:36.462 W/PackageManager( 1909): Cannot whitelist unknown permission: com.google.android.gms.game.notifications.permission.WRITE
06-21 10:48:36.462 W/PackageManager( 1909): Cannot whitelist unknown permission: com.google.android.vending.verifier.ACCESS_VERIFIER
06-21 10:48:36.462 I/PackageManager( 1909): Un-granting permission android.permission.CAPTURE_VIDEO_OUTPUT from package com.google.android.gms (protectionLevel=2 flags=0xb0cabe45)
06-21 10:48:36.462 I/PackageManager( 1909): Un-granting permission android.permission.MANAGE_DEVICE_ADMINS from package com.google.android.gms (protectionLevel=2 flags=0xb0cabe45)
06-21 10:48:36.463 I/PackageManager( 1909): Un-granting permission android.permission.MANAGE_ACTIVITY_STACKS from package com.google.android.gms (protectionLevel=2 flags=0xb0cabe45)
06-21 10:48:36.463 I/PackageManager( 1909): Un-granting permission android.permission.CAPTURE_SECURE_VIDEO_OUTPUT from package com.google.android.gms (protectionLevel=2 flags=0xb0cabe45)
06-21 10:48:36.463 I/PackageManager( 1909): Un-granting permission android.permission.MANAGE_ROLLBACKS from package com.google.android.gms (protectionLevel=514 flags=0xb0cabe45)
06-21 10:48:36.464 W/PackageManager( 1909): Cannot whitelist unknown permission: android.permission.QUERY_ALL_PACKAGES
06-21 10:48:36.464 W/PackageManager( 1909): Cannot whitelist unknown permission: android.permission.PRE_FACTORY_RESET
06-21 10:48:36.464 W/PackageManager( 1909): Cannot whitelist unknown permission: android.permission.MANAGE_FACTORY_RESET_PROTECTION
06-21 10:48:36.464 W/PackageManager( 1909): Cannot whitelist unknown permission: android.car.permission.CAR_POWER
06-21 10:48:36.464 W/PackageManager( 1909): Cannot whitelist unknown permission: com.google.android.wearable.WRITE_SETTINGS
06-21 10:48:36.464 W/PackageManager( 1909): Cannot whitelist unknown permission: com.felicanetworks.mfc.permission.MFC_ACCESS
06-21 10:48:36.464 W/PackageManager( 1909): Cannot whitelist unknown permission: com.felicanetworks.mfc.mfi.permission.MFI_ACCESS
06-21 10:48:36.464 I/ModuleSetMgr( 2053): Pending container module APKs: []
06-21 10:48:36.464 W/PackageManager( 1909): Cannot whitelist unknown permission: com.google.android.finsky.permission.INSTANT_APP_STATE
06-21 10:48:36.464 I/ModuleSetMgr( 2053): Pending non-container module APKs: []
06-21 10:48:36.464 W/PackageManager( 1909): Cannot whitelist unknown permission: android.permission.UWB
06-21 10:48:36.464 W/PackageManager( 1909): Cannot whitelist unknown permission: com.google.android.finsky.permission.BIND_GET_INSTALL_REFERRER_SERVICE
06-21 10:48:36.464 W/PackageManager( 1909): Cannot whitelist unknown permission: com.google.android.hangouts.START_HANGOUT
06-21 10:48:36.464 W/PackageManager( 1909): Cannot whitelist unknown permission: android.car.permission.CAR_POWERTRAIN
06-21 10:48:36.464 W/PackageManager( 1909): Cannot whitelist unknown permission: android.car.permission.CAR_ENERGY
06-21 10:48:36.464 W/PackageManager( 1909): Cannot whitelist unknown permission: android.car.permission.CAR_ENERGY_PORTS
06-21 10:48:36.464 W/PackageManager( 1909): Cannot whitelist unknown permission: android.car.permission.CAR_EXTERIOR_LIGHTS
06-21 10:48:36.464 W/PackageManager( 1909): Cannot whitelist unknown permission: android.car.permission.CAR_INFO
06-21 10:48:36.464 W/PackageManager( 1909): Cannot whitelist unknown permission: android.car.permission.CAR_MILEAGE
06-21 10:48:36.464 W/PackageManager( 1909): Cannot whitelist unknown permission: android.car.permission.CAR_TIRES
06-21 10:48:36.464 W/PackageManager( 1909): Cannot whitelist unknown permission: android.car.permission.CONTROL_CAR_CLIMATE
06-21 10:48:36.464 W/PackageManager( 1909): Cannot whitelist unknown permission: android.car.permission.CONTROL_CAR_DOORS
06-21 10:48:36.464 W/PackageManager( 1909): Cannot whitelist unknown permission: android.car.permission.CONTROL_CAR_EXTERIOR_LIGHTS
06-21 10:48:36.464 W/PackageManager( 1909): Cannot whitelist unknown permission: android.car.permission.CONTROL_CAR_MIRRORS
06-21 10:48:36.464 W/PackageManager( 1909): Cannot whitelist unknown permission: android.car.permission.CONTROL_CAR_SEATS
06-21 10:48:36.464 W/PackageManager( 1909): Cannot whitelist unknown permission: android.car.permission.CONTROL_CAR_WINDOWS
06-21 10:48:36.464 W/PackageManager( 1909): Cannot whitelist unknown permission: android.car.permission.READ_CAR_DISPLAY_UNITS
06-21 10:48:36.464 W/PackageManager( 1909): Cannot whitelist unknown permission: com.google.android.finsky.permission.GEARHEAD_SERVICE
06-21 10:48:36.464 E/ActivityThread( 2053): Failed to find provider info for com.google.android.gsf.gservices
06-21 10:48:36.464 W/PackageManager( 1909): Cannot whitelist unknown permission: com.google.android.permission.ACCESSIBILITY_SCAN_SERVICE
06-21 10:48:36.464 W/PackageManager( 1909): Cannot whitelist unknown permission: com.google.android.finsky.permission.ACCESS_INSTANT_APP_NOTIFICATION_ENFORCEMENT
06-21 10:48:36.464 W/PackageManager( 1909): Cannot whitelist unknown permission: com.google.android.clockwork.settings.SHOW_FACTORY_RESET_CONFIRMATION
06-21 10:48:36.464 W/PackageManager( 1909): Cannot whitelist unknown permission: com.google.android.wearable.READ_SETTINGS
06-21 10:48:36.464 W/PackageManager( 1909): Cannot whitelist unknown permission: android.permission.READ_MEDIA_AUDIO
06-21 10:48:36.464 W/PackageManager( 1909): Cannot whitelist unknown permission: android.permission.READ_MEDIA_IMAGES
06-21 10:48:36.464 W/PackageManager( 1909): Cannot whitelist unknown permission: android.permission.READ_MEDIA_VIDEO
06-21 10:48:36.464 W/PackageManager( 1909): Cannot whitelist unknown permission: com.android.vending.setup.PLAY_SETUP_SERVICE
06-21 10:48:36.464 W/PackageManager( 1909): Cannot whitelist unknown permission: com.google.android.gms.game.notifications.permission.WRITE
06-21 10:48:36.464 E/ActivityThread( 2053): Failed to find provider info for com.google.android.gsf.gservices
06-21 10:48:36.464 W/PackageManager( 1909): Cannot whitelist unknown permission: com.google.android.vending.verifier.ACCESS_VERIFIER
06-21 10:48:36.464 I/PackageManager( 1909): Un-granting permission android.permission.CAPTURE_VIDEO_OUTPUT from package com.google.android.gms (protectionLevel=2 flags=0xb0cabe45)
06-21 10:48:36.464 I/PackageManager( 1909): Un-granting permission android.permission.MANAGE_DEVICE_ADMINS from package com.google.android.gms (protectionLevel=2 flags=0xb0cabe45)
06-21 10:48:36.464 I/PackageManager( 1909): Un-granting permission android.permission.MANAGE_ACTIVITY_STACKS from package com.google.android.gms (protectionLevel=2 flags=0xb0cabe45)
06-21 10:48:36.464 I/PackageManager( 1909): Un-granting permission android.permission.CAPTURE_SECURE_VIDEO_OUTPUT from package com.google.android.gms (protectionLevel=2 flags=0xb0cabe45)
06-21 10:48:36.464 I/PackageManager( 1909): Un-granting permission android.permission.MANAGE_ROLLBACKS from package com.google.android.gms (protectionLevel=514 flags=0xb0cabe45)
06-21 10:48:36.465 W/PackageManager( 1909): Cannot whitelist unknown permission: android.permission.QUERY_ALL_PACKAGES
06-21 10:48:36.465 W/PackageManager( 1909): Cannot whitelist unknown permission: android.permission.PRE_FACTORY_RESET
06-21 10:48:36.465 W/PackageManager( 1909): Cannot whitelist unknown permission: android.permission.MANAGE_FACTORY_RESET_PROTECTION
06-21 10:48:36.465 W/PackageManager( 1909): Cannot whitelist unknown permission: android.car.permission.CAR_POWER
06-21 10:48:36.465 W/PackageManager( 1909): Cannot whitelist unknown permission: com.google.android.wearable.WRITE_SETTINGS
06-21 10:48:36.465 W/PackageManager( 1909): Cannot whitelist unknown permission: com.felicanetworks.mfc.permission.MFC_ACCESS
06-21 10:48:36.465 W/PackageManager( 1909): Cannot whitelist unknown permission: com.felicanetworks.mfc.mfi.permission.MFI_ACCESS
06-21 10:48:36.465 W/PackageManager( 1909): Cannot whitelist unknown permission: com.google.android.finsky.permission.INSTANT_APP_STATE
06-21 10:48:36.465 W/PackageManager( 1909): Cannot whitelist unknown permission: android.permission.UWB
06-21 10:48:36.465 W/PackageManager( 1909): Cannot whitelist unknown permission: com.google.android.finsky.permission.BIND_GET_INSTALL_REFERRER_SERVICE
06-21 10:48:36.465 E/ActivityThread( 2053): Failed to find provider info for com.google.android.gsf.gservices
06-21 10:48:36.465 W/PackageManager( 1909): Cannot whitelist unknown permission: com.google.android.hangouts.START_HANGOUT
06-21 10:48:36.465 W/PackageManager( 1909): Cannot whitelist unknown permission: android.car.permission.CAR_POWERTRAIN
06-21 10:48:36.465 W/PackageManager( 1909): Cannot whitelist unknown permission: android.car.permission.CAR_ENERGY
06-21 10:48:36.465 W/PackageManager( 1909): Cannot whitelist unknown permission: android.car.permission.CAR_ENERGY_PORTS
06-21 10:48:36.465 W/PackageManager( 1909): Cannot whitelist unknown permission: android.car.permission.CAR_EXTERIOR_LIGHTS
06-21 10:48:36.465 W/PackageManager( 1909): Cannot whitelist unknown permission: android.car.permission.CAR_INFO
06-21 10:48:36.465 W/PackageManager( 1909): Cannot whitelist unknown permission: android.car.permission.CAR_MILEAGE
06-21 10:48:36.465 W/PackageManager( 1909): Cannot whitelist unknown permission: android.car.permission.CAR_TIRES
06-21 10:48:36.465 W/PackageManager( 1909): Cannot whitelist unknown permission: android.car.permission.CONTROL_CAR_CLIMATE
06-21 10:48:36.465 W/PackageManager( 1909): Cannot whitelist unknown permission: android.car.permission.CONTROL_CAR_DOORS
06-21 10:48:36.465 W/PackageManager( 1909): Cannot whitelist unknown permission: android.car.permission.CONTROL_CAR_EXTERIOR_LIGHTS
06-21 10:48:36.465 W/PackageManager( 1909): Cannot whitelist unknown permission: android.car.permission.CONTROL_CAR_MIRRORS
06-21 10:48:36.465 W/PackageManager( 1909): Cannot whitelist unknown permission: android.car.permission.CONTROL_CAR_SEATS
06-21 10:48:36.465 W/PackageManager( 1909): Cannot whitelist unknown permission: android.car.permission.CONTROL_CAR_WINDOWS
06-21 10:48:36.465 W/PackageManager( 1909): Cannot whitelist unknown permission: android.car.permission.READ_CAR_DISPLAY_UNITS
06-21 10:48:36.465 W/PackageManager( 1909): Cannot whitelist unknown permission: com.google.android.finsky.permission.GEARHEAD_SERVICE
06-21 10:48:36.465 W/PackageManager( 1909): Cannot whitelist unknown permission: com.google.android.permission.ACCESSIBILITY_SCAN_SERVICE
06-21 10:48:36.465 W/PackageManager( 1909): Cannot whitelist unknown permission: com.google.android.finsky.permission.ACCESS_INSTANT_APP_NOTIFICATION_ENFORCEMENT
