06-21 10:48:33.674 E/apexd   ( 1641): Can't open /product/apex for reading : No such file or directory
06-21 10:48:33.692 I/PackageManager( 1909): /system/product/overlay/IconShapeRoundedRect changed; collecting certs
06-21 10:48:33.693 I/PackageManager( 1909): /system/product/overlay/IconShapeSquare changed; collecting certs
06-21 10:48:33.693 I/PackageManager( 1909): /system/product/overlay/EmulationPixel4a changed; collecting certs
06-21 10:48:33.694 I/PackageManager( 1909): /system/product/overlay/PixelConfigOverlayCommon.apk changed; collecting certs
06-21 10:48:33.694 I/PackageManager( 1909): /system/product/overlay/GoogleConfigOverlay.apk changed; collecting certs
06-21 10:48:33.694 I/PackageManager( 1909): /system/product/overlay/AccentColorGreen changed; collecting certs
06-21 10:48:33.695 I/PackageManager( 1909): /system/product/overlay/IconPackRoundedSettings changed; collecting certs
06-21 10:48:33.702 I/PackageManager( 1909): /system/product/overlay/IconShapeTeardrop changed; collecting certs
06-21 10:48:33.704 I/PackageManager( 1909): /system/product/overlay/IconPackFilledThemePicker changed; collecting certs
06-21 10:48:33.705 I/PackageManager( 1909): /system/product/overlay/AccentColorOcean changed; collecting certs
06-21 10:48:33.705 I/PackageManager( 1909): /system/product/overlay/IconPackFilledSettings changed; collecting certs
06-21 10:48:33.706 I/PackageManager( 1909): /system/product/overlay/NavigationBarModeGestural changed; collecting certs
06-21 10:48:33.707 I/PackageManager( 1909): /system/product/overlay/AccentColorOrchid changed; collecting certs
06-21 10:48:33.708 I/PackageManager( 1909): /system/product/overlay/AccentColorBlack changed; collecting certs
06-21 10:48:33.709 I/PackageManager( 1909): /system/product/overlay/EmulationPixel4XL changed; collecting certs
06-21 10:48:33.709 I/PackageManager( 1909): /system/product/overlay/DisplayCutoutEmulationTall changed; collecting certs
06-21 10:48:33.710 I/PackageManager( 1909): /system/product/overlay/IconPackFilledSystemUI changed; collecting certs
06-21 10:48:33.710 I/PackageManager( 1909): /system/product/overlay/NavigationBarModeGesturalNarrowBack changed; collecting certs
06-21 10:48:33.711 I/PackageManager( 1909): /system/product/overlay/IconPackCircularSystemUI changed; collecting certs
06-21 10:48:33.711 I/ServiceManager( 1756): Waiting for service 'package_native' on '/dev/binder'...
06-21 10:48:33.712 I/PackageManager( 1909): /system/product/overlay/EmulatorConfigOverlay.apk changed; collecting certs
06-21 10:48:33.714 I/PackageManager( 1909): /system/product/overlay/SystemUIEmulationPixel4XL changed; collecting certs
06-21 10:48:33.714 I/PackageManager( 1909): /system/product/overlay/NavigationBarMode3Button changed; collecting certs
06-21 10:48:33.715 I/PackageManager( 1909): /system/product/overlay/SystemUIEmulationPixel4 changed; collecting certs
06-21 10:48:33.716 I/PackageManager( 1909): /system/product/overlay/DisplayCutoutEmulationDouble changed; collecting certs
06-21 10:48:33.716 I/PackageManager( 1909): /system/product/overlay/DisplayCutoutEmulationEmu01 changed; collecting certs
06-21 10:48:33.717 I/PackageManager( 1909): /system/product/overlay/IconPackFilledLauncher changed; collecting certs
06-21 10:48:33.717 I/PackageManager( 1909): /system/product/overlay/SystemUIEmulationPixel3aXL changed; collecting certs
06-21 10:48:33.718 I/PackageManager( 1909): /system/product/overlay/IconShapeSquircle changed; collecting certs
06-21 10:48:33.718 I/PackageManager( 1909): /system/product/overlay/NavigationBarModeGesturalExtraWideBack changed; collecting certs
06-21 10:48:33.718 I/PackageManager( 1909): /system/product/overlay/IconPackRoundedAndroid changed; collecting certs
06-21 10:48:33.719 I/PackageManager( 1909): /system/product/overlay/SystemUIEmulationPixel2XL changed; collecting certs
06-21 10:48:33.719 I/PackageManager( 1909): /system/product/overlay/AccentColorCinnamon changed; collecting certs
06-21 10:48:33.720 I/PackageManager( 1909): /system/product/overlay/SystemUIEmulationPixel3a changed; collecting certs
06-21 10:48:33.721 I/PackageManager( 1909): /system/product/overlay/IconPackCircularSettings changed; collecting certs
06-21 10:48:33.723 I/PackageManager( 1909): /system/product/overlay/IconPackCircularLauncher changed; collecting certs
06-21 10:48:33.758 I/PackageManager( 1909): /system/product/overlay/GoogleWebViewOverlay.apk changed; collecting certs
06-21 10:48:33.759 I/PackageManager( 1909): /system/product/overlay/NavigationBarModeGesturalWideBack changed; collecting certs
06-21 10:48:33.761 I/PackageManager( 1909): /system/product/overlay/IconPackCircularThemePicker changed; collecting certs
06-21 10:48:33.763 I/PackageManager( 1909): /system/product/overlay/DisplayCutoutEmulationCorner changed; collecting certs
06-21 10:48:33.764 I/PackageManager( 1909): /system/product/overlay/SystemUIEmulationPixel4a changed; collecting certs
06-21 10:48:33.765 I/PackageManager( 1909): /system/product/overlay/SystemUIEmulationPixel3 changed; collecting certs
06-21 10:48:33.765 I/PackageManager( 1909): /system/product/overlay/IconPackRoundedSystemUI changed; collecting certs
06-21 10:48:33.766 I/PackageManager( 1909): /system/product/overlay/NavigationBarMode2Button changed; collecting certs
06-21 10:48:33.766 I/PackageManager( 1909): /system/product/overlay/IconPackCircularAndroid changed; collecting certs
06-21 10:48:33.767 I/PackageManager( 1909): /system/product/overlay/AccentColorSpace changed; collecting certs
06-21 10:48:33.767 I/PackageManager( 1909): /system/product/overlay/IconPackFilledAndroid changed; collecting certs
06-21 10:48:33.768 I/PackageManager( 1909): /system/product/overlay/EmulationPixel3XL changed; collecting certs
06-21 10:48:33.768 I/PackageManager( 1909): /system/product/overlay/SystemUIEmulationPixel3XL changed; collecting certs
06-21 10:48:33.769 I/PackageManager( 1909): /system/product/overlay/EmulationPixel2XL changed; collecting certs
06-21 10:48:33.769 I/PackageManager( 1909): /system/product/overlay/IconPackRoundedLauncher changed; collecting certs
06-21 10:48:33.769 I/PackageManager( 1909): /system/product/overlay/EmulationPixel4 changed; collecting certs
06-21 10:48:33.770 I/PackageManager( 1909): /system/product/overlay/GooglePermissionControllerOverlay.apk changed; collecting certs
06-21 10:48:33.770 I/PackageManager( 1909): /system/product/overlay/AccentColorPurple changed; collecting certs
06-21 10:48:33.771 D/PackageManager( 1909): No files in app dir /product_services/overlay
06-21 10:48:33.771 D/PackageManager( 1909): No files in app dir /odm/overlay
06-21 10:48:33.771 D/PackageManager( 1909): No files in app dir /oem/overlay
06-21 10:48:33.775 W/PackageManager( 1909): Failed to parse /system/framework/x86: Missing base APK in /system/framework/x86
06-21 10:48:33.781 W/PackageManager( 1909): Failed to parse /system/framework/oat: Missing base APK in /system/framework/oat
06-21 10:48:33.782 W/PackageManager( 1909): Failed to parse /system/framework/x86_64: Missing base APK in /system/framework/x86_64
06-21 10:48:33.793 I/PackageManager( 1909): /system/framework/framework-res.apk changed; collecting certs
06-21 10:48:33.794 E/PackageManager( 1909): Adding duplicate shared id: 1000 name=android
06-21 10:48:33.804 I/PackageManager( 1909): New shared user android.uid.shared: id=10054
06-21 10:48:33.804 I/PackageManager( 1909): /system/priv-app/UserDictionaryProvider changed; collecting certs
06-21 10:48:33.805 E/PackageManager( 1909): Adding duplicate app id: 10054 name=com.android.providers.userdictionary
06-21 10:48:33.807 I/PackageManager( 1909): /system/priv-app/MultiDisplayProvider changed; collecting certs
06-21 10:48:33.808 E/PackageManager( 1909): Adding duplicate shared id: 1000 name=com.android.emulator.multidisplay
06-21 10:48:33.812 I/ServiceManager( 1756): Waiting for service 'package_native' on '/dev/binder'...
06-21 10:48:33.814 I/PackageManager( 1909): /system/priv-app/ProxyHandler changed; collecting certs
06-21 10:48:33.815 I/PackageManager( 1909): /system/priv-app/ManagedProvisioning changed; collecting certs
06-21 10:48:33.817 I/PackageManager( 1909): New shared user android.media: id=10057
06-21 10:48:33.817 I/PackageManager( 1909): /system/priv-app/DownloadProvider changed; collecting certs
06-21 10:48:33.817 E/PackageManager( 1909): Adding duplicate app id: 10057 name=com.android.providers.downloads
06-21 10:48:33.818 I/PackageManager( 1909): /system/priv-app/CtsShimPrivPrebuilt changed; collecting certs
06-21 10:48:33.825 I/PackageManager( 1909): /system/priv-app/DownloadProviderUi changed; collecting certs
06-21 10:48:33.826 E/PackageManager( 1909): Adding duplicate app id: 10057 name=com.android.providers.downloads.ui
06-21 10:48:33.827 I/PackageManager( 1909): /system/priv-app/CellBroadcastReceiver changed; collecting certs
06-21 10:48:33.830 I/PackageManager( 1909): /system/priv-app/VpnDialogs changed; collecting certs
06-21 10:48:33.834 I/PackageManager( 1909): New shared user android.uid.calendar: id=10061
06-21 10:48:33.834 I/PackageManager( 1909): /system/priv-app/CalendarProvider changed; collecting certs
06-21 10:48:33.835 E/PackageManager( 1909): Adding duplicate app id: 10061 name=com.android.providers.calendar
06-21 10:48:33.838 W/PackageParser( 1909): Ignoring duplicate uses-permissions/uses-permissions-sdk-m: android.permission.INSTALL_GRANT_RUNTIME_PERMISSIONS in package: com.android.shell at: Binary XML file line #127
06-21 10:48:33.838 I/PackageManager( 1909): /system/priv-app/NetworkStack changed; collecting certs
06-21 10:48:33.839 E/PackageManager( 1909): Adding duplicate shared id: 1073 name=com.google.android.networkstack
06-21 10:48:33.841 I/PackageManager( 1909): /system/priv-app/Shell changed; collecting certs
06-21 10:48:33.842 E/PackageManager( 1909): Adding duplicate shared id: 2000 name=com.android.shell
06-21 10:48:33.843 W/PackageParser( 1909): No actions in intent filter at /system/priv-app/GoogleRestorePrebuilt/GoogleRestorePrebuilt.apk Binary XML file line #93
06-21 10:48:33.845 I/PackageManager( 1909): /system/priv-app/GoogleRestorePrebuilt changed; collecting certs
06-21 10:48:33.845 I/PackageManager( 1909): /system/priv-app/Tag changed; collecting certs
06-21 10:48:33.848 I/PackageManager( 1909): /system/priv-app/MmsService changed; collecting certs
06-21 10:48:33.848 E/PackageManager( 1909): Adding duplicate shared id: 1001 name=com.android.mms.service
06-21 10:48:33.849 I/PackageManager( 1909): /system/priv-app/StatementService changed; collecting certs
06-21 10:48:33.851 I/PackageManager( 1909): /system/priv-app/TimeZoneUpdater changed; collecting certs
06-21 10:48:33.853 I/PackageManager( 1909): /system/priv-app/InputDevices changed; collecting certs
06-21 10:48:33.853 E/PackageManager( 1909): Adding duplicate shared id: 1000 name=com.android.inputdevices
06-21 10:48:33.856 I/PackageManager( 1909): /system/priv-app/DynamicSystemInstallationService changed; collecting certs
06-21 10:48:33.856 E/PackageManager( 1909): Adding duplicate shared id: 1000 name=com.android.dynsystem
06-21 10:48:33.856 I/PackageManager( 1909): /system/priv-app/BackupRestoreConfirmation changed; collecting certs
06-21 10:48:33.858 I/PackageManager( 1909): /system/priv-app/SharedStorageBackup changed; collecting certs
06-21 10:48:33.859 I/PackageManager( 1909): /system/priv-app/DocumentsUI changed; collecting certs
06-21 10:48:33.861 I/PackageManager( 1909): /system/priv-app/TelephonyProvider changed; collecting certs
06-21 10:48:33.862 E/PackageManager( 1909): Adding duplicate shared id: 1001 name=com.android.providers.telephony
06-21 10:48:33.864 I/PackageManager( 1909): /system/priv-app/NetworkPermissionConfig changed; collecting certs
06-21 10:48:33.864 E/PackageManager( 1909): Adding duplicate shared id: 1073 name=com.google.android.networkstack.permissionconfig
06-21 10:48:33.864 I/PackageManager( 1909): /system/priv-app/MtpDocumentsProvider changed; collecting certs
06-21 10:48:33.865 E/PackageManager( 1909): Adding duplicate app id: 10057 name=com.android.mtp
06-21 10:48:33.865 I/PackageManager( 1909): /system/priv-app/ONS changed; collecting certs
06-21 10:48:33.866 E/PackageManager( 1909): Adding duplicate shared id: 1001 name=com.android.ons
06-21 10:48:33.868 I/PackageManager( 1909): /system/priv-app/SettingsProvider changed; collecting certs
06-21 10:48:33.868 E/PackageManager( 1909): Adding duplicate shared id: 1000 name=com.android.providers.settings
06-21 10:48:33.870 I/PackageManager( 1909): /system/priv-app/BlockedNumberProvider changed; collecting certs
06-21 10:48:33.870 E/PackageManager( 1909): Adding duplicate app id: 10054 name=com.android.providers.blockednumber
06-21 10:48:33.871 I/PackageManager( 1909): /system/priv-app/MusicFX changed; collecting certs
06-21 10:48:33.874 I/PackageManager( 1909): /system/priv-app/GoogleExtServices changed; collecting certs
06-21 10:48:33.876 I/PackageManager( 1909): /system/priv-app/ContactsProvider changed; collecting certs
06-21 10:48:33.877 E/PackageManager( 1909): Adding duplicate app id: 10054 name=com.android.providers.contacts
06-21 10:48:33.878 I/PackageManager( 1909): /system/priv-app/ExternalStorageProvider changed; collecting certs
06-21 10:48:33.881 I/PackageManager( 1909): /system/priv-app/FusedLocation changed; collecting certs
06-21 10:48:33.881 E/PackageManager( 1909): Adding duplicate shared id: 1000 name=com.android.location.fused
06-21 10:48:33.882 I/PackageManager( 1909): /system/priv-app/MediaProvider changed; collecting certs
06-21 10:48:33.882 E/PackageManager( 1909): Adding duplicate app id: 10057 name=com.android.providers.media
06-21 10:48:33.886 I/PackageManager( 1909): /system/priv-app/CallLogBackup changed; collecting certs
06-21 10:48:33.886 E/PackageManager( 1909): Adding duplicate app id: 10054 name=com.android.calllogbackup
06-21 10:48:33.887 I/PackageManager( 1909): /system/priv-app/TeleService changed; collecting certs
06-21 10:48:33.887 E/PackageManager( 1909): Adding duplicate shared id: 1001 name=com.android.phone
06-21 10:48:33.893 I/PackageManager( 1909): /system/priv-app/GoogleSdkSetup changed; collecting certs
06-21 10:48:33.893 I/PackageManager( 1909): /system/priv-app/GooglePackageInstaller changed; collecting certs
06-21 10:48:33.894 I/PackageManager( 1909): /system/priv-app/LocalTransport changed; collecting certs
06-21 10:48:33.894 E/PackageManager( 1909): Adding duplicate shared id: 1000 name=com.android.localtransport
06-21 10:48:33.915 I/adbd    ( 1728): host-11: read thread spawning
06-21 10:48:33.915 I/adbd    ( 1728): host-11: write thread spawning
06-21 10:48:33.916 I/adbd    ( 1728): host-11: already offline
06-21 10:48:33.916 I/ServiceManager( 1756): Waiting for service 'package_native' on '/dev/binder'...
06-21 10:48:33.917 E/        ( 1743): idmap failed, status=0x0100
06-21 10:48:33.918 E/PackageManager( 1909): Failed to generate idmap for /system/priv-app/GooglePermissionController/GooglePermissionController.apk and /product/overlay/GooglePermissionControllerOverlay.apk
06-21 10:48:33.921 I/PackageManager( 1909): /system/priv-app/Telecom changed; collecting certs
06-21 10:48:33.922 E/PackageManager( 1909): Adding duplicate shared id: 1000 name=com.android.server.telecom
06-21 10:48:33.923 I/PackageManager( 1909): /system/priv-app/GooglePermissionController changed; collecting certs
06-21 10:48:33.930 I/PackageManager( 1909): /system/app/BasicDreams changed; collecting certs
06-21 10:48:33.931 I/PackageManager( 1909): /system/app/CtsShimPrebuilt changed; collecting certs
06-21 10:48:33.937 I/PackageManager( 1909): /system/app/LiveWallpapersPicker changed; collecting certs
06-21 10:48:33.941 I/PackageManager( 1909): /system/app/PrintSpooler changed; collecting certs
06-21 10:48:33.942 I/PackageManager( 1909): /system/app/EasterEgg changed; collecting certs
06-21 10:48:33.944 I/PackageManager( 1909): /system/app/CompanionDeviceManager changed; collecting certs
06-21 10:48:33.946 I/PackageManager( 1909): /system/app/WallpaperBackup changed; collecting certs
06-21 10:48:33.947 E/PackageManager( 1909): Adding duplicate shared id: 1000 name=com.android.wallpaperbackup
06-21 10:48:33.949 W/PackageParser( 1909): Ignoring duplicate uses-permissions/uses-permissions-sdk-m: android.permission.READ_CONTACTS in package: com.android.bluetooth at: Binary XML file line #67
06-21 10:48:33.950 I/PackageManager( 1909): /system/app/Traceur changed; collecting certs
06-21 10:48:33.952 W/PackageParser( 1909): No actions in intent filter at /system/app/Bluetooth/Bluetooth.apk Binary XML file line #263
06-21 10:48:33.954 I/PackageManager( 1909): /system/app/CaptivePortalLogin changed; collecting certs
06-21 10:48:33.955 I/PackageManager( 1909): /system/app/SecureElement changed; collecting certs
06-21 10:48:33.955 E/PackageManager( 1909): Adding duplicate shared id: 1068 name=com.android.se
06-21 10:48:33.956 I/PackageManager( 1909): /system/app/Bluetooth changed; collecting certs
06-21 10:48:33.956 E/PackageManager( 1909): Adding duplicate shared id: 1002 name=com.android.bluetooth
06-21 10:48:33.958 I/PackageManager( 1909): /system/app/KeyChain changed; collecting certs
06-21 10:48:33.959 E/PackageManager( 1909): Adding duplicate shared id: 1000 name=com.android.keychain
06-21 10:48:33.961 I/PackageManager( 1909): /system/app/CertInstaller changed; collecting certs
06-21 10:48:33.962 I/PackageManager( 1909): /system/app/BookmarkProvider changed; collecting certs
06-21 10:48:33.964 I/PackageManager( 1909): /system/app/SimAppDialog changed; collecting certs
06-21 10:48:33.964 I/PackageManager( 1909): /system/app/RcsService changed; collecting certs
06-21 10:48:33.965 E/PackageManager( 1909): Adding duplicate shared id: 1001 name=com.android.service.ims
06-21 10:48:33.966 I/PackageManager( 1909): /system/app/WAPPushManager changed; collecting certs
06-21 10:48:33.968 I/PackageManager( 1909): /system/app/KoreanIME changed; collecting certs
06-21 10:48:33.970 I/PackageManager( 1909): /system/app/LicenseChecker changed; collecting certs
06-21 10:48:33.971 I/PackageManager( 1909): /system/app/BluetoothMidiService changed; collecting certs
06-21 10:48:33.972 I/PackageManager( 1909): /system/app/OsuLogin changed; collecting certs
06-21 10:48:33.974 I/PackageManager( 1909): /system/app/BuiltInPrintService changed; collecting certs
06-21 10:48:33.977 I/PackageManager( 1909): /system/app/PartnerBookmarksProvider changed; collecting certs
06-21 10:48:33.979 W/PackageParser( 1909): Ignoring duplicate uses-permissions/uses-permissions-sdk-m: android.permission.CHANGE_WIFI_STATE in package: com.android.nfc at: Binary XML file line #52
06-21 10:48:33.979 W/PackageParser( 1909): Ignoring duplicate uses-permissions/uses-permissions-sdk-m: android.permission.ACCESS_WIFI_STATE in package: com.android.nfc at: Binary XML file line #53
06-21 10:48:33.984 I/PackageManager( 1909): /system/app/PresencePolling changed; collecting certs
06-21 10:48:33.985 E/PackageManager( 1909): Adding duplicate shared id: 1001 name=com.android.service.ims.presence
06-21 10:48:33.985 I/PackageManager( 1909): /system/app/NfcNci changed; collecting certs
06-21 10:48:33.987 E/PackageManager( 1909): Adding duplicate shared id: 1027 name=com.android.nfc
06-21 10:48:33.989 I/PackageManager( 1909): /system/app/PacProcessor changed; collecting certs
06-21 10:48:33.992 I/PackageManager( 1909): /system/app/GooglePrintRecommendationService changed; collecting certs
06-21 10:48:33.996 I/PackageManager( 1909): /system/app/GooglePinyinIME changed; collecting certs
06-21 10:48:34.003 I/PackageManager( 1909): /system/app/Stk changed; collecting certs
06-21 10:48:34.004 E/PackageManager( 1909): Adding duplicate shared id: 1001 name=com.android.stk
06-21 10:48:34.004 I/PackageManager( 1909): /system/app/SafetyRegulatoryInfo changed; collecting certs
06-21 10:48:34.005 I/PackageManager( 1909): /system/app/GoogleExtShared changed; collecting certs
06-21 10:48:34.006 I/PackageManager( 1909): /system/app/HTMLViewer changed; collecting certs
06-21 10:48:34.007 W/PackageParser( 1909): No actions in intent filter at /system/app/CarrierDefaultApp/CarrierDefaultApp.apk Binary XML file line #43
06-21 10:48:34.008 I/PackageManager( 1909): /system/app/GoogleHindiIME changed; collecting certs
06-21 10:48:34.011 I/PackageManager( 1909): /system/app/CarrierDefaultApp changed; collecting certs
06-21 10:48:34.011 I/PackageManager( 1909): /system/app/WallpapersUsTwo changed; collecting certs
06-21 10:48:34.013 D/PackageManager( 1909): No files in app dir /vendor/priv-app
06-21 10:48:34.013 D/PackageManager( 1909): No files in app dir /vendor/app
06-21 10:48:34.013 D/PackageManager( 1909): No files in app dir /odm/priv-app
06-21 10:48:34.013 D/PackageManager( 1909): No files in app dir /odm/app
06-21 10:48:34.013 D/PackageManager( 1909): No files in app dir /oem/app
06-21 10:48:34.019 I/ServiceManager( 1756): Waiting for service 'package_native' on '/dev/binder'...
06-21 10:48:34.021 I/PackageManager( 1909): /system/product/priv-app/ConfigUpdater changed; collecting certs
06-21 10:48:34.028 I/PackageManager( 1909): /system/product/priv-app/SettingsIntelligence changed; collecting certs
06-21 10:48:34.041 I/PackageManager( 1909): /system/product/priv-app/GoogleFeedback changed; collecting certs
06-21 10:48:34.046 W/PackageParser( 1909): Unknown element under <manifest>: meta-data at /system/product/priv-app/Dialer/Dialer.apk Binary XML file line #115
06-21 10:48:34.055 I/PackageManager( 1909): /system/product/priv-app/WallpaperPickerGooglePrebuilt changed; collecting certs
06-21 10:48:34.056 I/PackageManager( 1909): /system/product/priv-app/Dialer changed; collecting certs
06-21 10:48:34.060 I/PackageManager( 1909): /system/product/priv-app/GoogleANGLE changed; collecting certs
06-21 10:48:34.078 I/PackageManager( 1909): /system/product/priv-app/NexusLauncherRelease changed; collecting certs
06-21 10:48:34.091 I/PackageManager( 1909): /system/product/priv-app/SetupWizardPrebuilt changed; collecting certs
06-21 10:48:34.096 I/PackageManager( 1909): /system/product/priv-app/GoogleOneTimeInitializer changed; collecting certs
06-21 10:48:34.101 I/PackageManager( 1909): /system/product/priv-app/CarrierConfig changed; collecting certs
06-21 10:48:34.103 W/PackageParser( 1909): No actions in intent filter at /system/product/priv-app/Contacts/Contacts.apk Binary XML file line #411
06-21 10:48:34.105 I/PackageManager( 1909): /system/product/priv-app/Contacts changed; collecting certs
06-21 10:48:34.109 I/PackageManager( 1909): New shared user com.android.uid.omadm.service: id=10113
06-21 10:48:34.109 I/PackageManager( 1909): /system/product/priv-app/DMService changed; collecting certs
06-21 10:48:34.110 E/PackageManager( 1909): Adding duplicate app id: 10113 name=com.android.omadm.service
06-21 10:48:34.112 W/PackageParser( 1909): Ignoring duplicate uses-permissions/uses-permissions-sdk-m: android.permission.CONFIGURE_WIFI_DISPLAY in package: com.android.systemui at: Binary XML file line #158
06-21 10:48:34.120 I/PackageParser( 1909): Parse times for '/system/product/priv-app/SystemUIGoogle': parse=101ms, update_cache=3 ms
06-21 10:48:34.120 I/PackageManager( 1909): New shared user android.uid.systemui: id=10114
06-21 10:48:34.120 I/PackageManager( 1909): /system/product/priv-app/SystemUIGoogle changed; collecting certs
06-21 10:48:34.120 I/ServiceManager( 1756): Waiting for service 'package_native' on '/dev/binder'...
06-21 10:48:34.121 E/PackageManager( 1909): Adding duplicate app id: 10114 name=com.android.systemui
06-21 10:48:34.130 W/PackageParser( 1909): No actions in intent filter at /system/product/priv-app/AndroidAutoFullPrebuilt/AndroidAutoFullPrebuilt.apk Binary XML file line #1276
06-21 10:48:34.136 I/PackageManager( 1909): New shared user com.google.uid.shared: id=10115
06-21 10:48:34.136 I/PackageManager( 1909): /system/product/priv-app/GoogleServicesFramework changed; collecting certs
06-21 10:48:34.137 E/PackageManager( 1909): Adding duplicate app id: 10115 name=com.google.android.gsf
06-21 10:48:34.137 I/PackageManager( 1909): /system/product/priv-app/AndroidMigratePrebuilt changed; collecting certs
06-21 10:48:34.140 I/PackageManager( 1909): /system/product/priv-app/StorageManager changed; collecting certs
06-21 10:48:34.141 W/PackageParser( 1909): Ignoring duplicate uses-permissions/uses-permissions-sdk-m: android.permission.READ_PRIVILEGED_PHONE_STATE in package: com.google.android.partnersetup at: Binary XML file line #56
06-21 10:48:34.142 I/PackageManager( 1909): New shared user com.google.android.projection.gearhead: id=10118
06-21 10:48:34.142 I/PackageManager( 1909): /system/product/priv-app/AndroidAutoFullPrebuilt changed; collecting certs
06-21 10:48:34.144 E/PackageManager( 1909): Adding duplicate app id: 10118 name=com.google.android.projection.gearhead
06-21 10:48:34.144 I/PackageManager( 1909): /system/product/priv-app/GooglePartnerSetup changed; collecting certs
06-21 10:48:34.155 I/PackageManager( 1909): /system/product/priv-app/CarrierServices changed; collecting certs
06-21 10:48:34.178 I/PackageManager( 1909): New shared user com.android.emergency.uid: id=10121
06-21 10:48:34.178 I/PackageManager( 1909): /system/product/priv-app/EmergencyInfo changed; collecting certs
06-21 10:48:34.179 E/PackageManager( 1909): Adding duplicate app id: 10121 name=com.android.emergency
06-21 10:48:34.187 W/PackageParser( 1909): Unknown element under <manifest>: attribution at /system/product/priv-app/PrebuiltGmsCore/PrebuiltGmsCore.apk Binary XML file line #5
06-21 10:48:34.187 W/PackageParser( 1909): Unknown element under <manifest>: attribution at /system/product/priv-app/PrebuiltGmsCore/PrebuiltGmsCore.apk Binary XML file line #6
06-21 10:48:34.187 W/PackageParser( 1909): Unknown element under <manifest>: attribution at /system/product/priv-app/PrebuiltGmsCore/PrebuiltGmsCore.apk Binary XML file line #7
06-21 10:48:34.187 W/PackageParser( 1909): Unknown element under <manifest>: attribution at /system/product/priv-app/PrebuiltGmsCore/PrebuiltGmsCore.apk Binary XML file line #8
06-21 10:48:34.187 W/PackageParser( 1909): Unknown element under <manifest>: attribution at /system/product/priv-app/PrebuiltGmsCore/PrebuiltGmsCore.apk Binary XML file line #9
06-21 10:48:34.187 W/PackageParser( 1909): Unknown element under <manifest>: attribution at /system/product/priv-app/PrebuiltGmsCore/PrebuiltGmsCore.apk Binary XML file line #10
06-21 10:48:34.187 W/PackageParser( 1909): Unknown element under <manifest>: attribution at /system/product/priv-app/PrebuiltGmsCore/PrebuiltGmsCore.apk Binary XML file line #11
06-21 10:48:34.187 W/PackageParser( 1909): Unknown element under <manifest>: attribution at /system/product/priv-app/PrebuiltGmsCore/PrebuiltGmsCore.apk Binary XML file line #12
06-21 10:48:34.187 W/PackageParser( 1909): Unknown element under <manifest>: attribution at /system/product/priv-app/PrebuiltGmsCore/PrebuiltGmsCore.apk Binary XML file line #13
06-21 10:48:34.187 W/PackageParser( 1909): Unknown element under <manifest>: attribution at /system/product/priv-app/PrebuiltGmsCore/PrebuiltGmsCore.apk Binary XML file line #14
06-21 10:48:34.187 W/PackageParser( 1909): Unknown element under <manifest>: attribution at /system/product/priv-app/PrebuiltGmsCore/PrebuiltGmsCore.apk Binary XML file line #15
06-21 10:48:34.187 W/PackageParser( 1909): Unknown element under <manifest>: attribution at /system/product/priv-app/PrebuiltGmsCore/PrebuiltGmsCore.apk Binary XML file line #16
06-21 10:48:34.187 W/PackageParser( 1909): Unknown element under <manifest>: attribution at /system/product/priv-app/PrebuiltGmsCore/PrebuiltGmsCore.apk Binary XML file line #17
06-21 10:48:34.187 W/PackageParser( 1909): Unknown element under <manifest>: attribution at /system/product/priv-app/PrebuiltGmsCore/PrebuiltGmsCore.apk Binary XML file line #18
06-21 10:48:34.187 W/PackageParser( 1909): Unknown element under <manifest>: attribution at /system/product/priv-app/PrebuiltGmsCore/PrebuiltGmsCore.apk Binary XML file line #19
06-21 10:48:34.187 W/PackageParser( 1909): Unknown element under <manifest>: attribution at /system/product/priv-app/PrebuiltGmsCore/PrebuiltGmsCore.apk Binary XML file line #20
06-21 10:48:34.187 W/PackageParser( 1909): Unknown element under <manifest>: attribution at /system/product/priv-app/PrebuiltGmsCore/PrebuiltGmsCore.apk Binary XML file line #21
06-21 10:48:34.187 W/PackageParser( 1909): Unknown element under <manifest>: attribution at /system/product/priv-app/PrebuiltGmsCore/PrebuiltGmsCore.apk Binary XML file line #22
06-21 10:48:34.187 W/PackageParser( 1909): Unknown element under <manifest>: attribution at /system/product/priv-app/PrebuiltGmsCore/PrebuiltGmsCore.apk Binary XML file line #23
06-21 10:48:34.187 W/PackageParser( 1909): Unknown element under <manifest>: attribution at /system/product/priv-app/PrebuiltGmsCore/PrebuiltGmsCore.apk Binary XML file line #24
06-21 10:48:34.187 W/PackageParser( 1909): Unknown element under <manifest>: attribution at /system/product/priv-app/PrebuiltGmsCore/PrebuiltGmsCore.apk Binary XML file line #25
06-21 10:48:34.187 W/PackageParser( 1909): Unknown element under <manifest>: attribution at /system/product/priv-app/PrebuiltGmsCore/PrebuiltGmsCore.apk Binary XML file line #26
06-21 10:48:34.187 W/PackageParser( 1909): Unknown element under <manifest>: attribution at /system/product/priv-app/PrebuiltGmsCore/PrebuiltGmsCore.apk Binary XML file line #27
06-21 10:48:34.187 W/PackageParser( 1909): Unknown element under <manifest>: attribution at /system/product/priv-app/PrebuiltGmsCore/PrebuiltGmsCore.apk Binary XML file line #28
06-21 10:48:34.187 W/PackageParser( 1909): Unknown element under <manifest>: attribution at /system/product/priv-app/PrebuiltGmsCore/PrebuiltGmsCore.apk Binary XML file line #29
06-21 10:48:34.187 W/PackageParser( 1909): Unknown element under <manifest>: attribution at /system/product/priv-app/PrebuiltGmsCore/PrebuiltGmsCore.apk Binary XML file line #30
06-21 10:48:34.187 W/PackageParser( 1909): Unknown element under <manifest>: attribution at /system/product/priv-app/PrebuiltGmsCore/PrebuiltGmsCore.apk Binary XML file line #31
06-21 10:48:34.187 W/PackageParser( 1909): Unknown element under <manifest>: attribution at /system/product/priv-app/PrebuiltGmsCore/PrebuiltGmsCore.apk Binary XML file line #32
06-21 10:48:34.187 W/PackageParser( 1909): Unknown element under <manifest>: attribution at /system/product/priv-app/PrebuiltGmsCore/PrebuiltGmsCore.apk Binary XML file line #33
06-21 10:48:34.187 W/PackageParser( 1909): Unknown element under <manifest>: attribution at /system/product/priv-app/PrebuiltGmsCore/PrebuiltGmsCore.apk Binary XML file line #34
06-21 10:48:34.188 W/PackageParser( 1909): Unknown element under <manifest>: attribution at /system/product/priv-app/PrebuiltGmsCore/PrebuiltGmsCore.apk Binary XML file line #35
06-21 10:48:34.188 W/PackageParser( 1909): Unknown element under <manifest>: attribution at /system/product/priv-app/PrebuiltGmsCore/PrebuiltGmsCore.apk Binary XML file line #36
06-21 10:48:34.188 W/PackageParser( 1909): Unknown element under <manifest>: attribution at /system/product/priv-app/PrebuiltGmsCore/PrebuiltGmsCore.apk Binary XML file line #37
06-21 10:48:34.188 W/PackageParser( 1909): Unknown element under <manifest>: attribution at /system/product/priv-app/PrebuiltGmsCore/PrebuiltGmsCore.apk Binary XML file line #38
06-21 10:48:34.188 W/PackageParser( 1909): Unknown element under <manifest>: attribution at /system/product/priv-app/PrebuiltGmsCore/PrebuiltGmsCore.apk Binary XML file line #39
06-21 10:48:34.188 W/PackageParser( 1909): Unknown element under <manifest>: attribution at /system/product/priv-app/PrebuiltGmsCore/PrebuiltGmsCore.apk Binary XML file line #40
06-21 10:48:34.188 W/PackageParser( 1909): Unknown element under <manifest>: attribution at /system/product/priv-app/PrebuiltGmsCore/PrebuiltGmsCore.apk Binary XML file line #41
06-21 10:48:34.188 W/PackageParser( 1909): Unknown element under <manifest>: attribution at /system/product/priv-app/PrebuiltGmsCore/PrebuiltGmsCore.apk Binary XML file line #42
06-21 10:48:34.188 W/PackageParser( 1909): Unknown element under <manifest>: attribution at /system/product/priv-app/PrebuiltGmsCore/PrebuiltGmsCore.apk Binary XML file line #43
06-21 10:48:34.188 W/PackageParser( 1909): Unknown element under <manifest>: attribution at /system/product/priv-app/PrebuiltGmsCore/PrebuiltGmsCore.apk Binary XML file line #44
06-21 10:48:34.188 W/PackageParser( 1909): Unknown element under <manifest>: attribution at /system/product/priv-app/PrebuiltGmsCore/PrebuiltGmsCore.apk Binary XML file line #45
06-21 10:48:34.188 W/PackageParser( 1909): Unknown element under <manifest>: attribution at /system/product/priv-app/PrebuiltGmsCore/PrebuiltGmsCore.apk Binary XML file line #46
06-21 10:48:34.188 W/PackageParser( 1909): Unknown element under <manifest>: attribution at /system/product/priv-app/PrebuiltGmsCore/PrebuiltGmsCore.apk Binary XML file line #47
06-21 10:48:34.188 W/PackageParser( 1909): Unknown element under <manifest>: attribution at /system/product/priv-app/PrebuiltGmsCore/PrebuiltGmsCore.apk Binary XML file line #48
06-21 10:48:34.188 W/PackageParser( 1909): Unknown element under <manifest>: attribution at /system/product/priv-app/PrebuiltGmsCore/PrebuiltGmsCore.apk Binary XML file line #49
06-21 10:48:34.188 W/PackageParser( 1909): Unknown element under <manifest>: attribution at /system/product/priv-app/PrebuiltGmsCore/PrebuiltGmsCore.apk Binary XML file line #50
06-21 10:48:34.188 W/PackageParser( 1909): Unknown element under <manifest>: attribution at /system/product/priv-app/PrebuiltGmsCore/PrebuiltGmsCore.apk Binary XML file line #51
06-21 10:48:34.188 W/PackageParser( 1909): Unknown element under <manifest>: attribution at /system/product/priv-app/PrebuiltGmsCore/PrebuiltGmsCore.apk Binary XML file line #52
06-21 10:48:34.188 W/PackageParser( 1909): Unknown element under <manifest>: attribution at /system/product/priv-app/PrebuiltGmsCore/PrebuiltGmsCore.apk Binary XML file line #53
06-21 10:48:34.188 W/PackageParser( 1909): Unknown element under <manifest>: attribution at /system/product/priv-app/PrebuiltGmsCore/PrebuiltGmsCore.apk Binary XML file line #54
06-21 10:48:34.188 W/PackageParser( 1909): Unknown element under <manifest>: attribution at /system/product/priv-app/PrebuiltGmsCore/PrebuiltGmsCore.apk Binary XML file line #55
06-21 10:48:34.188 W/PackageParser( 1909): Unknown element under <manifest>: attribution at /system/product/priv-app/PrebuiltGmsCore/PrebuiltGmsCore.apk Binary XML file line #56
06-21 10:48:34.188 W/PackageParser( 1909): Unknown element under <manifest>: attribution at /system/product/priv-app/PrebuiltGmsCore/PrebuiltGmsCore.apk Binary XML file line #57
06-21 10:48:34.188 W/PackageParser( 1909): Unknown element under <manifest>: attribution at /system/product/priv-app/PrebuiltGmsCore/PrebuiltGmsCore.apk Binary XML file line #58
06-21 10:48:34.188 W/PackageParser( 1909): Unknown element under <manifest>: attribution at /system/product/priv-app/PrebuiltGmsCore/PrebuiltGmsCore.apk Binary XML file line #59
06-21 10:48:34.188 W/PackageParser( 1909): Unknown element under <manifest>: attribution at /system/product/priv-app/PrebuiltGmsCore/PrebuiltGmsCore.apk Binary XML file line #60
06-21 10:48:34.188 W/PackageParser( 1909): Unknown element under <manifest>: attribution at /system/product/priv-app/PrebuiltGmsCore/PrebuiltGmsCore.apk Binary XML file line #61
06-21 10:48:34.188 W/PackageParser( 1909): Unknown element under <manifest>: attribution at /system/product/priv-app/PrebuiltGmsCore/PrebuiltGmsCore.apk Binary XML file line #62
06-21 10:48:34.188 W/PackageParser( 1909): Unknown element under <manifest>: attribution at /system/product/priv-app/PrebuiltGmsCore/PrebuiltGmsCore.apk Binary XML file line #63
06-21 10:48:34.188 W/PackageParser( 1909): Unknown element under <manifest>: attribution at /system/product/priv-app/PrebuiltGmsCore/PrebuiltGmsCore.apk Binary XML file line #64
06-21 10:48:34.188 W/PackageParser( 1909): Unknown element under <manifest>: attribution at /system/product/priv-app/PrebuiltGmsCore/PrebuiltGmsCore.apk Binary XML file line #65
06-21 10:48:34.188 W/PackageParser( 1909): Unknown element under <manifest>: attribution at /system/product/priv-app/PrebuiltGmsCore/PrebuiltGmsCore.apk Binary XML file line #66
06-21 10:48:34.188 W/PackageParser( 1909): Unknown element under <manifest>: attribution at /system/product/priv-app/PrebuiltGmsCore/PrebuiltGmsCore.apk Binary XML file line #67
06-21 10:48:34.188 W/PackageParser( 1909): Unknown element under <manifest>: attribution at /system/product/priv-app/PrebuiltGmsCore/PrebuiltGmsCore.apk Binary XML file line #68
06-21 10:48:34.188 W/PackageParser( 1909): Unknown element under <manifest>: attribution at /system/product/priv-app/PrebuiltGmsCore/PrebuiltGmsCore.apk Binary XML file line #69
06-21 10:48:34.188 W/PackageParser( 1909): Unknown element under <manifest>: attribution at /system/product/priv-app/PrebuiltGmsCore/PrebuiltGmsCore.apk Binary XML file line #70
06-21 10:48:34.188 W/PackageParser( 1909): Unknown element under <manifest>: attribution at /system/product/priv-app/PrebuiltGmsCore/PrebuiltGmsCore.apk Binary XML file line #71
06-21 10:48:34.188 W/PackageParser( 1909): Unknown element under <manifest>: attribution at /system/product/priv-app/PrebuiltGmsCore/PrebuiltGmsCore.apk Binary XML file line #72
06-21 10:48:34.188 W/PackageParser( 1909): Unknown element under <manifest>: attribution at /system/product/priv-app/PrebuiltGmsCore/PrebuiltGmsCore.apk Binary XML file line #73
06-21 10:48:34.188 W/PackageParser( 1909): Unknown element under <manifest>: attribution at /system/product/priv-app/PrebuiltGmsCore/PrebuiltGmsCore.apk Binary XML file line #74
06-21 10:48:34.188 W/PackageParser( 1909): Unknown element under <manifest>: attribution at /system/product/priv-app/PrebuiltGmsCore/PrebuiltGmsCore.apk Binary XML file line #75
06-21 10:48:34.188 W/PackageParser( 1909): Unknown element under <manifest>: attribution at /system/product/priv-app/PrebuiltGmsCore/PrebuiltGmsCore.apk Binary XML file line #76
06-21 10:48:34.188 W/PackageParser( 1909): Unknown element under <manifest>: attribution at /system/product/priv-app/PrebuiltGmsCore/PrebuiltGmsCore.apk Binary XML file line #77
06-21 10:48:34.188 W/PackageParser( 1909): Unknown element under <manifest>: attribution at /system/product/priv-app/PrebuiltGmsCore/PrebuiltGmsCore.apk Binary XML file line #78
06-21 10:48:34.188 W/PackageParser( 1909): Unknown element under <manifest>: attribution at /system/product/priv-app/PrebuiltGmsCore/PrebuiltGmsCore.apk Binary XML file line #79
06-21 10:48:34.188 W/PackageParser( 1909): Unknown element under <manifest>: attribution at /system/product/priv-app/PrebuiltGmsCore/PrebuiltGmsCore.apk Binary XML file line #80
06-21 10:48:34.188 W/PackageParser( 1909): Unknown element under <manifest>: attribution at /system/product/priv-app/PrebuiltGmsCore/PrebuiltGmsCore.apk Binary XML file line #81
06-21 10:48:34.188 W/PackageParser( 1909): Unknown element under <manifest>: attribution at /system/product/priv-app/PrebuiltGmsCore/PrebuiltGmsCore.apk Binary XML file line #82
06-21 10:48:34.188 W/PackageParser( 1909): Unknown element under <manifest>: attribution at /system/product/priv-app/PrebuiltGmsCore/PrebuiltGmsCore.apk Binary XML file line #83
06-21 10:48:34.188 W/PackageParser( 1909): Unknown element under <manifest>: attribution at /system/product/priv-app/PrebuiltGmsCore/PrebuiltGmsCore.apk Binary XML file line #84
06-21 10:48:34.188 W/PackageParser( 1909): Unknown element under <manifest>: attribution at /system/product/priv-app/PrebuiltGmsCore/PrebuiltGmsCore.apk Binary XML file line #85
06-21 10:48:34.188 W/PackageParser( 1909): Unknown element under <manifest>: attribution at /system/product/priv-app/PrebuiltGmsCore/PrebuiltGmsCore.apk Binary XML file line #86
06-21 10:48:34.188 W/PackageParser( 1909): Unknown element under <manifest>: attribution at /system/product/priv-app/PrebuiltGmsCore/PrebuiltGmsCore.apk Binary XML file line #87
06-21 10:48:34.188 W/PackageParser( 1909): Unknown element under <manifest>: attribution at /system/product/priv-app/PrebuiltGmsCore/PrebuiltGmsCore.apk Binary XML file line #88
06-21 10:48:34.188 W/PackageParser( 1909): Unknown element under <manifest>: attribution at /system/product/priv-app/PrebuiltGmsCore/PrebuiltGmsCore.apk Binary XML file line #89
06-21 10:48:34.188 W/PackageParser( 1909): Unknown element under <manifest>: attribution at /system/product/priv-app/PrebuiltGmsCore/PrebuiltGmsCore.apk Binary XML file line #90
06-21 10:48:34.188 W/PackageParser( 1909): Unknown element under <manifest>: attribution at /system/product/priv-app/PrebuiltGmsCore/PrebuiltGmsCore.apk Binary XML file line #91
06-21 10:48:34.188 W/PackageParser( 1909): Unknown element under <manifest>: attribution at /system/product/priv-app/PrebuiltGmsCore/PrebuiltGmsCore.apk Binary XML file line #92
06-21 10:48:34.188 W/PackageParser( 1909): Unknown element under <manifest>: attribution at /system/product/priv-app/PrebuiltGmsCore/PrebuiltGmsCore.apk Binary XML file line #93
06-21 10:48:34.188 W/PackageParser( 1909): Unknown element under <manifest>: attribution at /system/product/priv-app/PrebuiltGmsCore/PrebuiltGmsCore.apk Binary XML file line #94
06-21 10:48:34.188 W/PackageParser( 1909): Unknown element under <manifest>: attribution at /system/product/priv-app/PrebuiltGmsCore/PrebuiltGmsCore.apk Binary XML file line #95
06-21 10:48:34.188 W/PackageParser( 1909): Unknown element under <manifest>: attribution at /system/product/priv-app/PrebuiltGmsCore/PrebuiltGmsCore.apk Binary XML file line #96
06-21 10:48:34.188 W/PackageParser( 1909): Unknown element under <manifest>: attribution at /system/product/priv-app/PrebuiltGmsCore/PrebuiltGmsCore.apk Binary XML file line #97
06-21 10:48:34.188 W/PackageParser( 1909): Unknown element under <manifest>: attribution at /system/product/priv-app/PrebuiltGmsCore/PrebuiltGmsCore.apk Binary XML file line #98
06-21 10:48:34.188 W/PackageParser( 1909): Unknown element under <manifest>: attribution at /system/product/priv-app/PrebuiltGmsCore/PrebuiltGmsCore.apk Binary XML file line #99
06-21 10:48:34.188 W/PackageParser( 1909): Unknown element under <manifest>: attribution at /system/product/priv-app/PrebuiltGmsCore/PrebuiltGmsCore.apk Binary XML file line #100
06-21 10:48:34.188 W/PackageParser( 1909): Unknown element under <manifest>: attribution at /system/product/priv-app/PrebuiltGmsCore/PrebuiltGmsCore.apk Binary XML file line #101
06-21 10:48:34.188 W/PackageParser( 1909): Unknown element under <manifest>: attribution at /system/product/priv-app/PrebuiltGmsCore/PrebuiltGmsCore.apk Binary XML file line #102
06-21 10:48:34.188 W/PackageParser( 1909): Unknown element under <manifest>: attribution at /system/product/priv-app/PrebuiltGmsCore/PrebuiltGmsCore.apk Binary XML file line #103
06-21 10:48:34.188 W/PackageParser( 1909): Unknown element under <manifest>: attribution at /system/product/priv-app/PrebuiltGmsCore/PrebuiltGmsCore.apk Binary XML file line #104
06-21 10:48:34.189 W/PackageParser( 1909): Unknown element under <manifest>: attribution at /system/product/priv-app/PrebuiltGmsCore/PrebuiltGmsCore.apk Binary XML file line #105
06-21 10:48:34.189 W/PackageParser( 1909): Unknown element under <manifest>: attribution at /system/product/priv-app/PrebuiltGmsCore/PrebuiltGmsCore.apk Binary XML file line #106
06-21 10:48:34.189 W/PackageParser( 1909): Unknown element under <manifest>: attribution at /system/product/priv-app/PrebuiltGmsCore/PrebuiltGmsCore.apk Binary XML file line #107
06-21 10:48:34.189 W/PackageParser( 1909): Unknown element under <manifest>: attribution at /system/product/priv-app/PrebuiltGmsCore/PrebuiltGmsCore.apk Binary XML file line #108
06-21 10:48:34.189 W/PackageParser( 1909): Unknown element under <manifest>: attribution at /system/product/priv-app/PrebuiltGmsCore/PrebuiltGmsCore.apk Binary XML file line #109
06-21 10:48:34.189 W/PackageParser( 1909): Unknown element under <manifest>: attribution at /system/product/priv-app/PrebuiltGmsCore/PrebuiltGmsCore.apk Binary XML file line #110
06-21 10:48:34.189 W/PackageParser( 1909): Unknown element under <manifest>: attribution at /system/product/priv-app/PrebuiltGmsCore/PrebuiltGmsCore.apk Binary XML file line #111
06-21 10:48:34.189 W/PackageParser( 1909): Unknown element under <manifest>: attribution at /system/product/priv-app/PrebuiltGmsCore/PrebuiltGmsCore.apk Binary XML file line #112
06-21 10:48:34.189 W/PackageParser( 1909): Unknown element under <manifest>: attribution at /system/product/priv-app/PrebuiltGmsCore/PrebuiltGmsCore.apk Binary XML file line #113
06-21 10:48:34.189 W/PackageParser( 1909): Unknown element under <manifest>: attribution at /system/product/priv-app/PrebuiltGmsCore/PrebuiltGmsCore.apk Binary XML file line #114
06-21 10:48:34.189 W/PackageParser( 1909): Unknown element under <manifest>: attribution at /system/product/priv-app/PrebuiltGmsCore/PrebuiltGmsCore.apk Binary XML file line #115
06-21 10:48:34.189 W/PackageParser( 1909): Unknown element under <manifest>: attribution at /system/product/priv-app/PrebuiltGmsCore/PrebuiltGmsCore.apk Binary XML file line #116
06-21 10:48:34.189 W/PackageParser( 1909): Unknown element under <manifest>: attribution at /system/product/priv-app/PrebuiltGmsCore/PrebuiltGmsCore.apk Binary XML file line #117
06-21 10:48:34.189 W/PackageParser( 1909): Unknown element under <manifest>: attribution at /system/product/priv-app/PrebuiltGmsCore/PrebuiltGmsCore.apk Binary XML file line #118
06-21 10:48:34.189 W/PackageParser( 1909): Unknown element under <manifest>: attribution at /system/product/priv-app/PrebuiltGmsCore/PrebuiltGmsCore.apk Binary XML file line #119
06-21 10:48:34.189 W/PackageParser( 1909): Unknown element under <manifest>: attribution at /system/product/priv-app/PrebuiltGmsCore/PrebuiltGmsCore.apk Binary XML file line #120
06-21 10:48:34.189 W/PackageParser( 1909): Unknown element under <manifest>: attribution at /system/product/priv-app/PrebuiltGmsCore/PrebuiltGmsCore.apk Binary XML file line #121
06-21 10:48:34.189 W/PackageParser( 1909): Unknown element under <manifest>: attribution at /system/product/priv-app/PrebuiltGmsCore/PrebuiltGmsCore.apk Binary XML file line #122
06-21 10:48:34.189 W/PackageParser( 1909): Unknown element under <manifest>: attribution at /system/product/priv-app/PrebuiltGmsCore/PrebuiltGmsCore.apk Binary XML file line #123
06-21 10:48:34.189 W/PackageParser( 1909): Unknown element under <manifest>: attribution at /system/product/priv-app/PrebuiltGmsCore/PrebuiltGmsCore.apk Binary XML file line #124
06-21 10:48:34.189 W/PackageParser( 1909): Unknown element under <manifest>: attribution at /system/product/priv-app/PrebuiltGmsCore/PrebuiltGmsCore.apk Binary XML file line #125
06-21 10:48:34.189 W/PackageParser( 1909): Unknown element under <manifest>: attribution at /system/product/priv-app/PrebuiltGmsCore/PrebuiltGmsCore.apk Binary XML file line #126
06-21 10:48:34.189 W/PackageParser( 1909): Unknown element under <manifest>: attribution at /system/product/priv-app/PrebuiltGmsCore/PrebuiltGmsCore.apk Binary XML file line #127
06-21 10:48:34.189 W/PackageParser( 1909): Unknown element under <manifest>: attribution at /system/product/priv-app/PrebuiltGmsCore/PrebuiltGmsCore.apk Binary XML file line #128
06-21 10:48:34.189 W/PackageParser( 1909): Unknown element under <manifest>: attribution at /system/product/priv-app/PrebuiltGmsCore/PrebuiltGmsCore.apk Binary XML file line #129
06-21 10:48:34.189 W/PackageParser( 1909): Unknown element under <manifest>: attribution at /system/product/priv-app/PrebuiltGmsCore/PrebuiltGmsCore.apk Binary XML file line #130
06-21 10:48:34.189 W/PackageParser( 1909): Unknown element under <manifest>: attribution at /system/product/priv-app/PrebuiltGmsCore/PrebuiltGmsCore.apk Binary XML file line #131
06-21 10:48:34.189 W/PackageParser( 1909): Unknown element under <manifest>: attribution at /system/product/priv-app/PrebuiltGmsCore/PrebuiltGmsCore.apk Binary XML file line #132
06-21 10:48:34.189 W/PackageParser( 1909): Unknown element under <manifest>: attribution at /system/product/priv-app/PrebuiltGmsCore/PrebuiltGmsCore.apk Binary XML file line #133
06-21 10:48:34.189 W/PackageParser( 1909): Unknown element under <manifest>: attribution at /system/product/priv-app/PrebuiltGmsCore/PrebuiltGmsCore.apk Binary XML file line #134
06-21 10:48:34.189 W/PackageParser( 1909): Unknown element under <manifest>: attribution at /system/product/priv-app/PrebuiltGmsCore/PrebuiltGmsCore.apk Binary XML file line #135
06-21 10:48:34.189 W/PackageParser( 1909): Unknown element under <manifest>: attribution at /system/product/priv-app/PrebuiltGmsCore/PrebuiltGmsCore.apk Binary XML file line #136
06-21 10:48:34.189 W/PackageParser( 1909): Unknown element under <manifest>: attribution at /system/product/priv-app/PrebuiltGmsCore/PrebuiltGmsCore.apk Binary XML file line #137
06-21 10:48:34.189 W/PackageParser( 1909): Unknown element under <manifest>: attribution at /system/product/priv-app/PrebuiltGmsCore/PrebuiltGmsCore.apk Binary XML file line #138
06-21 10:48:34.189 W/PackageParser( 1909): Unknown element under <manifest>: attribution at /system/product/priv-app/PrebuiltGmsCore/PrebuiltGmsCore.apk Binary XML file line #139
06-21 10:48:34.189 W/PackageParser( 1909): Unknown element under <manifest>: attribution at /system/product/priv-app/PrebuiltGmsCore/PrebuiltGmsCore.apk Binary XML file line #140
06-21 10:48:34.192 W/PackageParser( 1909): Unknown element under <manifest>: queries at /system/product/priv-app/PrebuiltGmsCore/PrebuiltGmsCore.apk Binary XML file line #544
06-21 10:48:34.221 I/ServiceManager( 1756): Waiting for service 'package_native' on '/dev/binder'...
