06-18 13:53:39.664 I/SystemServiceManager( 1922): Starting com.android.server.MmsServiceBroker
06-18 13:53:39.664 D/SystemServerTiming( 1922): StartMmsService took to complete: 0ms
06-18 13:53:39.664 I/SystemServer( 1922): StartAutoFillService
06-18 13:53:39.664 I/SystemServiceManager( 1922): Starting com.android.server.autofill.AutofillManagerService
06-18 13:53:39.666 D/AutofillManagerService( 1922): setLogLevelFromSettings(): level=2, debug=true, verbose=false
06-18 13:53:39.666 D/AutofillManagerService( 1922): setMaxPartitionsFromSettings(): 10
06-18 13:53:39.666 D/AutofillManagerService( 1922): setMaxVisibleDatasetsFromSettings(): 0
06-18 13:53:39.667 D/AutofillUI( 1922): destroySaveUiUiThread(): already destroyed
06-18 13:53:39.667 E/AutofillManagerServiceImpl( 1922): Bad service name: com.google.android.gms/.autofill.service.AutofillService
06-18 13:53:39.667 D/AutofillManagerServiceImpl( 1922): Reset component for user 0:com.google.android.gms/.autofill.service.AutofillService
06-18 13:53:39.668 D/SystemServerTiming( 1922): StartAutoFillService took to complete: 3ms
06-18 13:53:39.668 I/SystemServer( 1922): StartClipboardService
06-18 13:53:39.668 I/SystemServiceManager( 1922): Starting com.android.server.clipboard.ClipboardService
06-18 13:53:39.668 D/SystemServerTiming( 1922): StartClipboardService took to complete: 1ms
06-18 13:53:39.668 I/SystemServer( 1922): AppServiceManager
06-18 13:53:39.668 I/SystemServiceManager( 1922): Starting com.android.server.appbinding.AppBindingService$Lifecycle
06-18 13:53:39.669 D/SystemServerTiming( 1922): AppServiceManager took to complete: 0ms
06-18 13:53:39.669 I/SystemServer( 1922): MakeVibratorServiceReady
06-18 13:53:39.669 D/SystemServerTiming( 1922): MakeVibratorServiceReady took to complete: 1ms
06-18 13:53:39.669 I/SystemServer( 1922): MakeLockSettingsServiceReady
06-18 13:53:39.684 I/LockSettingsService( 1922): Migrated lock settings to new location
06-18 13:53:39.686 I/LockSettingsService( 1922): Migrated per-user lock settings to new location
06-18 13:53:39.690 I/LockSettingsService( 1922): Migrated biometric weak to use the fallback instead
06-18 13:53:39.691 I/LockSettingsService( 1922): Migrated lockscreen disabled flag
06-18 13:53:39.693 I/hwservicemanager( 1567): getTransport: Cannot find entry android.hardware.weaver@1.0::IWeaver/default in either framework or device manifest.
06-18 13:53:39.693 I/SyntheticPasswordManager( 1922): Device does not support weaver
06-18 13:53:39.693 I/hwservicemanager( 1567): getTransport: Cannot find entry android.hardware.authsecret@1.0::IAuthSecret/default in either framework or device manifest.
06-18 13:53:39.693 I/LockSettingsService( 1922): Device doesn't implement AuthSecret HAL
06-18 13:53:39.694 E/LockSettingsStorage( 1922): Cannot read file java.io.FileNotFoundException: /data/system/gatekeeper.password.key: open failed: ENOENT (No such file or directory)
06-18 13:53:39.694 E/LockSettingsStorage( 1922): Cannot read file java.io.FileNotFoundException: /data/system/password.key: open failed: ENOENT (No such file or directory)
06-18 13:53:39.694 E/LockSettingsStorage( 1922): Cannot read file java.io.FileNotFoundException: /data/system/gatekeeper.pattern.key: open failed: ENOENT (No such file or directory)
06-18 13:53:39.694 E/LockSettingsStorage( 1922): Cannot read file java.io.FileNotFoundException: /data/system/gatekeeper.gesture.key: open failed: ENOENT (No such file or directory)
06-18 13:53:39.694 E/LockSettingsStorage( 1922): Cannot read file java.io.FileNotFoundException: /data/system/gesture.key: open failed: ENOENT (No such file or directory)
06-18 13:53:39.694 D/SystemServerTiming( 1922): MakeLockSettingsServiceReady took to complete: 25ms
06-18 13:53:39.694 I/SystemServer( 1922): StartBootPhaseLockSettingsReady
06-18 13:53:39.694 I/SystemServiceManager( 1922): Starting phase 480
06-18 13:53:39.697 D/SystemServerInitThreadPool( 1922): Started executing DevicePolicyManager
06-18 13:53:39.698 D/SystemServerInitThreadPool( 1922): Finished executing DevicePolicyManager
06-18 13:53:39.700 D/SystemServerTiming( 1922): StartBootPhaseLockSettingsReady took to complete: 5ms
06-18 13:53:39.700 I/SystemServer( 1922): StartBootPhaseSystemServicesReady
06-18 13:53:39.700 I/SystemServiceManager( 1922): Starting phase 500
06-18 13:53:39.701 D/AppStandbyController( 1922): Setting app idle enabled state
06-18 13:53:39.701 D/AppStandbyController( 1922): Initializing defaults for system apps on user 0, appIdleEnabled=true
06-18 13:53:39.702 E/AppIdleHistory( 1922): Unable to read app idle file for user 0
06-18 13:53:39.708 D/TestHarnessModeService( 1922): Setting up test harness mode
06-18 13:53:39.708 D/TestHarnessModeService( 1922): Getting PersistentDataBlockManagerInternal from LocalServices
06-18 13:53:39.708 E/TestHarnessModeService( 1922): Failed to start Test Harness Mode; no implementation of PersistentDataBlockManagerInternal was bound!
06-18 13:53:39.710 I/WifiService( 1922): WifiService starting up with Wi-Fi enabled
06-18 13:53:39.711 I/android_os_HwBinder( 1922): HwBinder: Starting thread pool for getting: android.hidl.manager@1.2::IServiceManager/default
06-18 13:53:39.712 D/HalDevMgr( 1922): IWifi registration notification: fqName=android.hardware.wifi@1.0::IWifi, name=default, preexisting=true
06-18 13:53:39.712 I/android_os_HwBinder( 1922): HwBinder: Starting thread pool for getting: android.hardware.wifi@1.0::IWifi/default
06-18 13:53:39.713 D/WificondControl( 1922): tearing down interfaces in wificond
06-18 13:53:39.721 D/WifiController( 1922): isAirplaneModeOn = false, isWifiEnabled = true, isScanningAvailable = true, isLocationModeActive = true
06-18 13:53:39.722 I/WifiService( 1922): setWifiEnabled package=android uid=1000 enable=true
06-18 13:53:39.722 I/WifiScanningService( 1922): Starting wifiscanner
06-18 13:53:39.728 D/PermissionCache( 1720): checking android.permission.CAPTURE_AUDIO_HOTWORD for uid=1000 => granted (44 us)
06-18 13:53:39.729 W/SoundTriggerHelper( 1922): listModules status=0, # of modules=0
06-18 13:53:39.729 D/ContextHubSystemService( 1922): onBootPhase: PHASE_SYSTEM_SERVICES_READY
06-18 13:53:39.730 D/SystemServerTiming( 1922): StartBootPhaseSystemServicesReady took to complete: 30ms
06-18 13:53:39.730 I/SystemServer( 1922): MakeWindowManagerServiceReady
06-18 13:53:39.732 I/android_os_HwBinder( 1922): HwBinder: Starting thread pool for getting: android.hardware.configstore@1.0::ISurfaceFlingerConfigs/default
06-18 13:53:39.733 D/SystemServerTiming( 1922): MakeWindowManagerServiceReady took to complete: 4ms
06-18 13:53:39.733 I/android_os_HwBinder( 1922): HwBinder: Starting thread pool for getting: android.hardware.configstore@1.0::ISurfaceFlingerConfigs/default
06-18 13:53:39.734 W/InputReader( 1922): Device has associated, but no associated display id.
06-18 13:53:39.735 I/SystemServer( 1922): MakePowerManagerServiceReady
06-18 13:53:39.737 E/DisplayPowerController( 1922): failed to set up display white-balance: java.lang.IllegalStateException: cannot find sensor com.google.sensor.color
06-18 13:53:39.739 W/KeyguardServiceDelegate( 1922): onScreenTurningOn(): no keyguard service!
06-18 13:53:39.739 V/DisplayPowerController( 1922): Brightness [102] reason changing to: 'override', previous reason: '0'.
06-18 13:53:39.740 E/KernelCpuUidFreqTimeReader( 1922): Failed to read /proc/uid_time_in_state: java.nio.file.NoSuchFileException: /proc/uid_time_in_state
06-18 13:53:39.741 W/KernelCpuProcStringReader( 1922): File not found. It's normal if not implemented: /proc/uid_time_in_state
06-18 13:53:39.741 W/KernelCpuProcStringReader( 1922): File not found. It's normal if not implemented: /proc/uid_concurrent_active_time
06-18 13:53:39.741 W/KernelCpuProcStringReader( 1922): File not found. It's normal if not implemented: /proc/uid_concurrent_policy_time
06-18 13:53:39.742 D/SystemServerTiming( 1922): MakePowerManagerServiceReady took to complete: 6ms
06-18 13:53:39.742 I/SystemServer( 1922): MakePackageManagerServiceReady
06-18 13:53:39.734 I/chatty  ( 1922): uid=1000 system_server identical 8 lines
06-18 13:53:39.734 W/InputReader( 1922): Device has associated, but no associated display id.
06-18 13:53:39.742 I/DefaultPermGrantPolicy( 1922): Granting permissions to platform components for user 0
06-18 13:53:39.746 D/vold    ( 1574): Remounting 1001 as mode default
06-18 13:53:39.747 D/vold    ( 1574): Found matching PID 1788
06-18 13:53:39.747 W/vold    ( 1574): Skipping due to root namespace
06-18 13:53:39.748 D/vold    ( 1574): Remounting 1001 as mode default
06-18 13:53:39.748 D/vold    ( 1574): Found matching PID 1788
06-18 13:53:39.748 W/vold    ( 1574): Skipping due to root namespace
06-18 13:53:39.750 D/vold    ( 1574): Remounting 1001 as mode default
06-18 13:53:39.750 D/vold    ( 1574): Found matching PID 1788
06-18 13:53:39.750 W/vold    ( 1574): Skipping due to root namespace
06-18 13:53:39.751 D/vold    ( 1574): Remounting 1001 as mode default
06-18 13:53:39.751 D/vold    ( 1574): Found matching PID 1788
06-18 13:53:39.751 W/vold    ( 1574): Skipping due to root namespace
06-18 13:53:39.760 D/WifiController( 1922): WifiController msg { when=-38ms what=155656 target=com.android.internal.util.StateMachine$SmHandler } deferred for 500ms
06-18 13:53:39.760 D/WifiActiveModeWarden( 1922): received a message in WifiDisabledState: { when=0 what=1 target=com.android.internal.util.StateMachine$SmHandler }
06-18 13:53:39.760 D/WifiActiveModeWarden( 1922): Switching from WifiDisabledState to ScanOnlyMode
06-18 13:53:39.760 D/WifiActiveModeWarden( 1922): Entering ScanOnlyModeActiveState
06-18 13:53:39.761 D/WifiScanOnlyModeManager( 1922): entering IdleState
06-18 13:53:39.761 I/android.hardware.wifi@1.0-service( 1706): Wifi HAL started
06-18 13:53:39.762 I/WifiVendorHal( 1922): Vendor Hal started successfully
06-18 13:53:39.762 I/WifiP2pNative( 1922): Registering for interface available listener
06-18 13:53:39.763 D/vold    ( 1574): Remounting 1027 as mode default
06-18 13:53:39.765 I/chatty  ( 1574): uid=0(root) Binder:1574_2 identical 2 lines
06-18 13:53:39.765 D/vold    ( 1574): Remounting 1027 as mode default
06-18 13:53:39.766 I/android.hardware.wifi@1.0-service( 1706): Adding interface handle for wlan0
06-18 13:53:39.766 W/android.hardware.wifi@1.0-service( 1706): No active wlan interfaces in use! Using default
06-18 13:53:39.766 E/android.hardware.wifi@1.0-service( 1706): Failed to register radio mode change callback
06-18 13:53:39.766 W/android.hardware.wifi@1.0-service( 1706): No active wlan interfaces in use! Using default
06-18 13:53:39.769 D/vold    ( 1574): Remounting 1000 as mode full
06-18 13:53:39.769 D/vold    ( 1574): Found matching PID 1566
06-18 13:53:39.769 W/vold    ( 1574): Skipping due to root namespace
06-18 13:53:39.769 D/vold    ( 1574): Found matching PID 1567
06-18 13:53:39.769 W/vold    ( 1574): Skipping due to root namespace
06-18 13:53:39.769 D/vold    ( 1574): Found matching PID 1568
06-18 13:53:39.769 W/vold    ( 1574): Skipping due to root namespace
06-18 13:53:39.769 D/vold    ( 1574): Found matching PID 1668
06-18 13:53:39.769 W/vold    ( 1574): Skipping due to root namespace
06-18 13:53:39.769 D/vold    ( 1574): Found matching PID 1675
06-18 13:53:39.769 W/vold    ( 1574): Skipping due to root namespace
06-18 13:53:39.769 D/vold    ( 1574): Found matching PID 1688
06-18 13:53:39.769 W/vold    ( 1574): Skipping due to root namespace
06-18 13:53:39.769 D/vold    ( 1574): Found matching PID 1692
06-18 13:53:39.769 W/vold    ( 1574): Skipping due to root namespace
06-18 13:53:39.769 D/vold    ( 1574): Found matching PID 1694
06-18 13:53:39.769 W/vold    ( 1574): Skipping due to root namespace
06-18 13:53:39.769 D/vold    ( 1574): Found matching PID 1695
06-18 13:53:39.769 W/vold    ( 1574): Skipping due to root namespace
06-18 13:53:39.769 D/vold    ( 1574): Found matching PID 1699
06-18 13:53:39.769 W/vold    ( 1574): Skipping due to root namespace
06-18 13:53:39.769 D/vold    ( 1574): Found matching PID 1700
06-18 13:53:39.769 W/vold    ( 1574): Skipping due to root namespace
06-18 13:53:39.769 D/vold    ( 1574): Found matching PID 1701
06-18 13:53:39.769 W/vold    ( 1574): Skipping due to root namespace
06-18 13:53:39.769 D/vold    ( 1574): Found matching PID 1704
06-18 13:53:39.769 W/vold    ( 1574): Skipping due to root namespace
06-18 13:53:39.769 D/vold    ( 1574): Found matching PID 1724
06-18 13:53:39.769 W/vold    ( 1574): Skipping due to root namespace
06-18 13:53:39.770 D/vold    ( 1574): Found matching PID 1765
06-18 13:53:39.770 W/vold    ( 1574): Skipping due to root namespace
06-18 13:53:39.770 D/vold    ( 1574): Found matching PID 1792
06-18 13:53:39.770 W/vold    ( 1574): Skipping due to root namespace
06-18 13:53:39.770 D/vold    ( 1574): Found matching PID 1798
06-18 13:53:39.770 W/vold    ( 1574): Skipping due to root namespace
06-18 13:53:39.770 D/vold    ( 1574): Found matching PID 1922
06-18 13:53:39.776 D/WifiP2pNative( 1922): P2P InterfaceAvailableListener true
06-18 13:53:39.776 D/WifiP2pService( 1922): Wifi enabled=false, P2P Interface availability=true, Number of clients=0
06-18 13:53:39.776 D/WifiP2pService( 1922): Wifi enabled=false, P2P Interface availability=true
06-18 13:53:39.782 I/AccountsDb( 1922): Creating DE database for user 0
06-18 13:53:39.788 W/libc    ( 1706): Unable to set property "vendor.wlan.firmware.version" to "1.0": error code: 0x18
06-18 13:53:39.804 W/libc    ( 1706): Unable to set property "vendor.wlan.driver.version" to "1.0": error code: 0x18
06-18 13:53:39.804 I/android.hardware.wifi@1.0-service( 1706): Configured chip in mode 0
06-18 13:53:39.804 W/android.hardware.wifi@1.0-service( 1706): No active wlan interfaces in use! Using default
06-18 13:53:39.804 D/vold    ( 1574): Remounting 1000 as mode full
06-18 13:53:39.805 D/vold    ( 1574): Found matching PID 1566
06-18 13:53:39.805 W/vold    ( 1574): Skipping due to root namespace
06-18 13:53:39.805 D/vold    ( 1574): Found matching PID 1567
06-18 13:53:39.805 W/vold    ( 1574): Skipping due to root namespace
06-18 13:53:39.805 D/vold    ( 1574): Found matching PID 1568
06-18 13:53:39.805 W/vold    ( 1574): Skipping due to root namespace
06-18 13:53:39.805 D/vold    ( 1574): Found matching PID 1668
06-18 13:53:39.805 W/vold    ( 1574): Skipping due to root namespace
06-18 13:53:39.805 D/vold    ( 1574): Found matching PID 1675
06-18 13:53:39.805 W/vold    ( 1574): Skipping due to root namespace
06-18 13:53:39.805 D/vold    ( 1574): Found matching PID 1688
06-18 13:53:39.805 W/vold    ( 1574): Skipping due to root namespace
06-18 13:53:39.805 D/vold    ( 1574): Found matching PID 1692
06-18 13:53:39.805 W/vold    ( 1574): Skipping due to root namespace
06-18 13:53:39.805 D/vold    ( 1574): Found matching PID 1694
06-18 13:53:39.805 W/vold    ( 1574): Skipping due to root namespace
06-18 13:53:39.805 D/vold    ( 1574): Found matching PID 1695
06-18 13:53:39.805 W/vold    ( 1574): Skipping due to root namespace
06-18 13:53:39.805 D/vold    ( 1574): Found matching PID 1699
06-18 13:53:39.805 W/vold    ( 1574): Skipping due to root namespace
06-18 13:53:39.805 D/vold    ( 1574): Found matching PID 1700
06-18 13:53:39.805 W/vold    ( 1574): Skipping due to root namespace
06-18 13:53:39.806 D/vold    ( 1574): Found matching PID 1701
06-18 13:53:39.806 W/vold    ( 1574): Skipping due to root namespace
06-18 13:53:39.806 D/vold    ( 1574): Found matching PID 1704
06-18 13:53:39.806 W/vold    ( 1574): Skipping due to root namespace
06-18 13:53:39.806 D/vold    ( 1574): Found matching PID 1724
06-18 13:53:39.806 W/vold    ( 1574): Skipping due to root namespace
06-18 13:53:39.806 D/vold    ( 1574): Found matching PID 1765
06-18 13:53:39.806 W/vold    ( 1574): Skipping due to root namespace
06-18 13:53:39.806 D/vold    ( 1574): Found matching PID 1792
06-18 13:53:39.806 W/vold    ( 1574): Skipping due to root namespace
06-18 13:53:39.806 D/vold    ( 1574): Found matching PID 1798
06-18 13:53:39.806 W/vold    ( 1574): Skipping due to root namespace
06-18 13:53:39.806 D/vold    ( 1574): Found matching PID 1922
06-18 13:53:39.807 D/HalDevMgr( 1922): updateRttController: no one is interested in RTT controllers
06-18 13:53:39.807 E/android.hardware.wifi@1.0-service( 1706): Failed to set DFS flag; DFS channels may be unavailable.
06-18 13:53:39.813 D/WificondControl( 1922): Setting up interface for client mode
06-18 13:53:39.813 I/DropBoxManagerService( 1922): add tag=system_server_strictmode isTagEnabled=true flags=0x2
06-18 13:53:39.815 I/wificond( 1783): create scanner for interface with index: 3
06-18 13:53:39.815 I/wificond( 1783): subscribe scan result for interface with index: 3
06-18 13:53:39.815 I/hwservicemanager( 1567): getTransport: Cannot find entry android.hardware.wifi.offload@1.0::IOffload/default in either framework or device manifest.
06-18 13:53:39.816 E/wificond( 1783): No Offload Service available
06-18 13:53:39.816 I/wificond( 1783): Offload HAL not supported 
06-18 13:53:39.817 I/DropBoxManagerService( 1922): add tag=system_server_strictmode isTagEnabled=true flags=0x2
06-18 13:53:39.818 I/netd    ( 1663): interfaceGetCfg("wlan0") <0.14ms>
06-18 13:53:39.818 I/WifiNative( 1922): Interface state changed on Iface:{Name=wlan0,Id=0,Type=STA_SCAN}, isUp=true
06-18 13:53:39.818 I/WifiNative( 1922): Successfully setup Iface:{Name=wlan0,Id=0,Type=STA_SCAN}
06-18 13:53:39.819 E/SupplicantStaIfaceHal( 1922): checkHalVersionByInterfaceName: called but mServiceManager is null
06-18 13:53:39.819 E/SupplicantStaIfaceHal( 1922): Method getKeyMgmtCapabilities is not supported in existing HAL
06-18 13:53:39.821 D/WifiScanOnlyModeManager( 1922): entering StartedState
06-18 13:53:39.821 I/netd    ( 1663): interfaceGetCfg("wlan0") <0.17ms>
06-18 13:53:39.821 D/WifiScanOnlyModeManager( 1922): Wifi is ready to use for scanning
06-18 13:53:39.821 D/WakeupController( 1922): start()
06-18 13:53:39.822 D/WakeupController( 1922): Setting active to true
06-18 13:53:39.822 E/WifiConfigManager( 1922): Cannot save to store before store is read!
06-18 13:53:39.822 D/WifiActiveModeWarden( 1922): scan mode active
06-18 13:53:39.823 D/WifiScanRequestProxy( 1922): Sending scan available broadcast: true
06-18 13:53:39.823 I/WifiScanRequestProxy( 1922): Scanning is enabled
06-18 13:53:39.823 I/WifiScanRequestProxy( 1922): Scanning for hidden networks is disabled
06-18 13:53:39.823 E/WifiNative( 1922): Could not get Iface object for interface null
06-18 13:53:39.826 E/WifiVendorHal( 1922): getBgScanCapabilities(l.630) failed {.code = ERROR_NOT_SUPPORTED, .description = }
06-18 13:53:39.828 I/WifiScanningService( 1922): wifi driver loaded with scan capabilities: max buckets=16
06-18 13:53:39.829 I/chatty  ( 1922): uid=1000(system) android.io identical 7 lines
06-18 13:53:39.830 I/DropBoxManagerService( 1922): add tag=system_server_strictmode isTagEnabled=true flags=0x2
06-18 13:53:39.858 D/vold    ( 1574): Remounting 1000 as mode full
06-18 13:53:39.858 D/vold    ( 1574): Found matching PID 1566
06-18 13:53:39.858 W/vold    ( 1574): Skipping due to root namespace
06-18 13:53:39.858 D/vold    ( 1574): Found matching PID 1567
06-18 13:53:39.858 W/vold    ( 1574): Skipping due to root namespace
06-18 13:53:39.858 D/vold    ( 1574): Found matching PID 1568
06-18 13:53:39.858 W/vold    ( 1574): Skipping due to root namespace
06-18 13:53:39.858 D/vold    ( 1574): Found matching PID 1668
06-18 13:53:39.858 W/vold    ( 1574): Skipping due to root namespace
06-18 13:53:39.859 D/vold    ( 1574): Found matching PID 1675
06-18 13:53:39.859 W/vold    ( 1574): Skipping due to root namespace
06-18 13:53:39.859 D/vold    ( 1574): Found matching PID 1688
06-18 13:53:39.859 W/vold    ( 1574): Skipping due to root namespace
06-18 13:53:39.859 D/vold    ( 1574): Found matching PID 1692
06-18 13:53:39.859 W/vold    ( 1574): Skipping due to root namespace
06-18 13:53:39.859 D/vold    ( 1574): Found matching PID 1694
06-18 13:53:39.859 W/vold    ( 1574): Skipping due to root namespace
06-18 13:53:39.859 D/vold    ( 1574): Found matching PID 1695
06-18 13:53:39.859 W/vold    ( 1574): Skipping due to root namespace
06-18 13:53:39.859 D/vold    ( 1574): Found matching PID 1699
06-18 13:53:39.859 W/vold    ( 1574): Skipping due to root namespace
06-18 13:53:39.859 D/vold    ( 1574): Found matching PID 1700
06-18 13:53:39.859 W/vold    ( 1574): Skipping due to root namespace
06-18 13:53:39.859 D/vold    ( 1574): Found matching PID 1701
06-18 13:53:39.859 W/vold    ( 1574): Skipping due to root namespace
06-18 13:53:39.859 D/vold    ( 1574): Found matching PID 1704
06-18 13:53:39.859 W/vold    ( 1574): Skipping due to root namespace
06-18 13:53:39.859 D/vold    ( 1574): Found matching PID 1724
06-18 13:53:39.859 W/vold    ( 1574): Skipping due to root namespace
06-18 13:53:39.859 D/vold    ( 1574): Found matching PID 1765
06-18 13:53:39.859 W/vold    ( 1574): Skipping due to root namespace
06-18 13:53:39.859 D/vold    ( 1574): Found matching PID 1792
06-18 13:53:39.859 W/vold    ( 1574): Skipping due to root namespace
06-18 13:53:39.859 D/vold    ( 1574): Found matching PID 1798
06-18 13:53:39.859 W/vold    ( 1574): Skipping due to root namespace
06-18 13:53:39.859 D/vold    ( 1574): Found matching PID 1922
06-18 13:53:39.904 D/vold    ( 1574): Remounting 1000 as mode full
06-18 13:53:39.904 D/vold    ( 1574): Found matching PID 1566
06-18 13:53:39.904 W/vold    ( 1574): Skipping due to root namespace
06-18 13:53:39.904 D/vold    ( 1574): Found matching PID 1567
06-18 13:53:39.904 W/vold    ( 1574): Skipping due to root namespace
06-18 13:53:39.904 D/vold    ( 1574): Found matching PID 1568
06-18 13:53:39.904 W/vold    ( 1574): Skipping due to root namespace
06-18 13:53:39.905 D/vold    ( 1574): Found matching PID 1668
06-18 13:53:39.905 W/vold    ( 1574): Skipping due to root namespace
06-18 13:53:39.905 D/vold    ( 1574): Found matching PID 1675
06-18 13:53:39.905 W/vold    ( 1574): Skipping due to root namespace
06-18 13:53:39.905 D/vold    ( 1574): Found matching PID 1688
06-18 13:53:39.905 W/vold    ( 1574): Skipping due to root namespace
06-18 13:53:39.905 D/vold    ( 1574): Found matching PID 1692
06-18 13:53:39.905 W/vold    ( 1574): Skipping due to root namespace
06-18 13:53:39.905 D/vold    ( 1574): Found matching PID 1694
06-18 13:53:39.905 W/vold    ( 1574): Skipping due to root namespace
06-18 13:53:39.905 D/vold    ( 1574): Found matching PID 1695
06-18 13:53:39.905 W/vold    ( 1574): Skipping due to root namespace
06-18 13:53:39.905 D/vold    ( 1574): Found matching PID 1699
06-18 13:53:39.905 W/vold    ( 1574): Skipping due to root namespace
06-18 13:53:39.905 D/vold    ( 1574): Found matching PID 1700
06-18 13:53:39.905 W/vold    ( 1574): Skipping due to root namespace
06-18 13:53:39.905 D/vold    ( 1574): Found matching PID 1701
06-18 13:53:39.905 W/vold    ( 1574): Skipping due to root namespace
06-18 13:53:39.905 D/vold    ( 1574): Found matching PID 1704
06-18 13:53:39.905 W/vold    ( 1574): Skipping due to root namespace
06-18 13:53:39.905 D/vold    ( 1574): Found matching PID 1724
06-18 13:53:39.905 W/vold    ( 1574): Skipping due to root namespace
06-18 13:53:39.905 D/vold    ( 1574): Found matching PID 1765
06-18 13:53:39.905 W/vold    ( 1574): Skipping due to root namespace
06-18 13:53:39.905 D/vold    ( 1574): Found matching PID 1792
06-18 13:53:39.905 W/vold    ( 1574): Skipping due to root namespace
06-18 13:53:39.905 D/vold    ( 1574): Found matching PID 1798
06-18 13:53:39.905 W/vold    ( 1574): Skipping due to root namespace
06-18 13:53:39.905 D/vold    ( 1574): Found matching PID 1922
06-18 13:53:39.954 D/vold    ( 1574): Remounting 2000 as mode default
06-18 13:53:39.955 D/vold    ( 1574): Found matching PID 1736
06-18 13:53:39.955 W/vold    ( 1574): Skipping due to root namespace
06-18 13:53:39.955 D/vold    ( 1574): Found matching PID 1752
06-18 13:53:39.955 W/vold    ( 1574): Skipping due to root namespace
06-18 13:53:39.956 D/vold    ( 1574): Remounting 2000 as mode default
06-18 13:53:39.956 D/vold    ( 1574): Found matching PID 1736
06-18 13:53:39.956 W/vold    ( 1574): Skipping due to root namespace
06-18 13:53:39.956 D/vold    ( 1574): Found matching PID 1752
06-18 13:53:39.956 W/vold    ( 1574): Skipping due to root namespace
06-18 13:53:39.957 D/vold    ( 1574): Remounting 2000 as mode full
06-18 13:53:39.957 D/vold    ( 1574): Found matching PID 1736
06-18 13:53:39.957 W/vold    ( 1574): Skipping due to root namespace
06-18 13:53:39.957 D/vold    ( 1574): Found matching PID 1752
06-18 13:53:39.957 W/vold    ( 1574): Skipping due to root namespace
06-18 13:53:39.958 D/vold    ( 1574): Remounting 2000 as mode full
06-18 13:53:39.958 D/vold    ( 1574): Found matching PID 1736
06-18 13:53:39.958 W/vold    ( 1574): Skipping due to root namespace
06-18 13:53:39.958 D/vold    ( 1574): Found matching PID 1752
06-18 13:53:39.958 W/vold    ( 1574): Skipping due to root namespace
06-18 13:53:39.960 D/vold    ( 1574): Remounting 10112 as mode default
06-18 13:53:39.961 D/vold    ( 1574): Remounting 10112 as mode default
06-18 13:53:39.965 D/vold    ( 1574): Remounting 1002 as mode default
06-18 13:53:39.971 I/DefaultPermGrantPolicy( 1922): Granting permissions to default platform handlers for user 0
06-18 13:53:39.966 I/chatty  ( 1574): uid=0(root) Binder:1574_3 identical 2 lines
06-18 13:53:39.967 D/vold    ( 1574): Remounting 1002 as mode default
06-18 13:53:39.976 I/SyncManager( 1922): No initial accounts
06-18 13:53:39.976 I/SyncManager( 1922): No initial status
06-18 13:53:39.976 I/SyncManager( 1922): No initial statistics
06-18 13:53:40.004 D/vold    ( 1574): Remounting 10133 as mode default
06-18 13:53:40.006 I/chatty  ( 1574): uid=0(root) Binder:1574_3 identical 2 lines
06-18 13:53:40.007 D/vold    ( 1574): Remounting 10133 as mode default
06-18 13:53:40.008 D/vold    ( 1574): Remounting 10056 as mode full
06-18 13:53:40.009 I/chatty  ( 1574): uid=0(root) Binder:1574_3 identical 2 lines
06-18 13:53:40.010 D/vold    ( 1574): Remounting 10056 as mode full
06-18 13:53:40.011 D/vold    ( 1574): Remounting 10071 as mode default
06-18 13:53:40.012 D/vold    ( 1574): Remounting 10071 as mode default
06-18 13:53:40.012 D/vold    ( 1574): Remounting 10071 as mode full
06-18 13:53:40.013 D/vold    ( 1574): Remounting 10071 as mode full
06-18 13:53:40.026 D/vold    ( 1574): Remounting 10131 as mode default
06-18 13:53:40.028 I/chatty  ( 1574): uid=0(root) Binder:1574_3 identical 2 lines
06-18 13:53:40.028 D/vold    ( 1574): Remounting 10131 as mode default
06-18 13:53:40.034 D/vold    ( 1574): Remounting 10061 as mode default
06-18 13:53:40.035 I/chatty  ( 1574): uid=0(root) Binder:1574_3 identical 2 lines
06-18 13:53:40.036 D/vold    ( 1574): Remounting 10061 as mode default
06-18 13:53:40.044 D/vold    ( 1574): Remounting 10145 as mode default
06-18 13:53:40.046 I/chatty  ( 1574): uid=0(root) Binder:1574_3 identical 2 lines
06-18 13:53:40.046 D/vold    ( 1574): Remounting 10145 as mode default
06-18 13:53:40.071 D/vold    ( 1574): Remounting 10118 as mode default
06-18 13:53:40.073 I/chatty  ( 1574): uid=0(root) Binder:1574_3 identical 2 lines
06-18 13:53:40.074 D/vold    ( 1574): Remounting 10118 as mode default
06-18 13:53:40.077 E/DefaultPermGrantPolicy( 1922): PackageNot found: com.google.android.gms.location.history
06-18 13:53:40.077 E/DefaultPermGrantPolicy( 1922): android.content.pm.PackageManager$NameNotFoundException: com.google.android.gms.location.history
06-18 13:53:40.077 E/DefaultPermGrantPolicy( 1922): 	at android.app.ApplicationPackageManager.getPackageInfoAsUser(ApplicationPackageManager.java:190)
06-18 13:53:40.077 E/DefaultPermGrantPolicy( 1922): 	at android.app.ApplicationPackageManager.getPackageInfo(ApplicationPackageManager.java:159)
06-18 13:53:40.077 E/DefaultPermGrantPolicy( 1922): 	at com.android.server.pm.permission.DefaultPermissionGrantPolicy.getPackageInfo(DefaultPermissionGrantPolicy.java:1302)
06-18 13:53:40.077 E/DefaultPermGrantPolicy( 1922): 	at com.android.server.pm.permission.DefaultPermissionGrantPolicy.getPackageInfo(DefaultPermissionGrantPolicy.java:1293)
06-18 13:53:40.077 E/DefaultPermGrantPolicy( 1922): 	at com.android.server.pm.permission.DefaultPermissionGrantPolicy.isSystemPackage(DefaultPermissionGrantPolicy.java:962)
06-18 13:53:40.077 E/DefaultPermGrantPolicy( 1922): 	at com.android.server.pm.permission.DefaultPermissionGrantPolicy.grantPermissionsToSystemPackage(DefaultPermissionGrantPolicy.java:363)
06-18 13:53:40.077 E/DefaultPermGrantPolicy( 1922): 	at com.android.server.pm.permission.DefaultPermissionGrantPolicy.grantPermissionsToSystemPackage(DefaultPermissionGrantPolicy.java:356)
06-18 13:53:40.077 E/DefaultPermGrantPolicy( 1922): 	at com.android.server.pm.permission.DefaultPermissionGrantPolicy.grantDefaultSystemHandlerPermissions(DefaultPermissionGrantPolicy.java:647)
06-18 13:53:40.077 E/DefaultPermGrantPolicy( 1922): 	at com.android.server.pm.permission.DefaultPermissionGrantPolicy.grantDefaultPermissions(DefaultPermissionGrantPolicy.java:295)
06-18 13:53:40.077 E/DefaultPermGrantPolicy( 1922): 	at com.android.server.pm.PackageManagerService.systemReady(PackageManagerService.java:21619)
06-18 13:53:40.077 E/DefaultPermGrantPolicy( 1922): 	at com.android.server.SystemServer.startOtherServices(SystemServer.java:1977)
06-18 13:53:40.077 E/DefaultPermGrantPolicy( 1922): 	at com.android.server.SystemServer.run(SystemServer.java:512)
06-18 13:53:40.077 E/DefaultPermGrantPolicy( 1922): 	at com.android.server.SystemServer.main(SystemServer.java:349)
06-18 13:53:40.077 E/DefaultPermGrantPolicy( 1922): 	at java.lang.reflect.Method.invoke(Native Method)
06-18 13:53:40.077 E/DefaultPermGrantPolicy( 1922): 	at com.android.internal.os.RuntimeInit$MethodAndArgsCaller.run(RuntimeInit.java:492)
06-18 13:53:40.077 E/DefaultPermGrantPolicy( 1922): 	at com.android.internal.os.ZygoteInit.main(ZygoteInit.java:908)
06-18 13:53:40.078 D/vold    ( 1574): Remounting 10141 as mode default
06-18 13:53:40.080 I/chatty  ( 1574): uid=0(root) Binder:1574_3 identical 2 lines
06-18 13:53:40.080 D/vold    ( 1574): Remounting 10141 as mode default
06-18 13:53:40.084 D/vold    ( 1574): Remounting 10119 as mode default
06-18 13:53:40.085 I/chatty  ( 1574): uid=0(root) Binder:1574_3 identical 2 lines
06-18 13:53:40.086 D/vold    ( 1574): Remounting 10119 as mode default
06-18 13:53:40.088 D/vold    ( 1574): Remounting 10127 as mode default
06-18 13:53:40.089 I/chatty  ( 1574): uid=0(root) Binder:1574_3 identical 2 lines
06-18 13:53:40.090 D/vold    ( 1574): Remounting 10127 as mode default
06-18 13:53:40.090 E/DefaultPermGrantPolicy( 1922): PackageNot found: com.google.android.as
06-18 13:53:40.090 E/DefaultPermGrantPolicy( 1922): android.content.pm.PackageManager$NameNotFoundException: com.google.android.as
06-18 13:53:40.090 E/DefaultPermGrantPolicy( 1922): 	at android.app.ApplicationPackageManager.getPackageInfoAsUser(ApplicationPackageManager.java:190)
06-18 13:53:40.090 E/DefaultPermGrantPolicy( 1922): 	at android.app.ApplicationPackageManager.getPackageInfo(ApplicationPackageManager.java:159)
06-18 13:53:40.090 E/DefaultPermGrantPolicy( 1922): 	at com.android.server.pm.permission.DefaultPermissionGrantPolicy.getPackageInfo(DefaultPermissionGrantPolicy.java:1302)
06-18 13:53:40.090 E/DefaultPermGrantPolicy( 1922): 	at com.android.server.pm.permission.DefaultPermissionGrantPolicy.getPackageInfo(DefaultPermissionGrantPolicy.java:1293)
06-18 13:53:40.090 E/DefaultPermGrantPolicy( 1922): 	at com.android.server.pm.permission.DefaultPermissionGrantPolicy.isSystemPackage(DefaultPermissionGrantPolicy.java:962)
06-18 13:53:40.090 E/DefaultPermGrantPolicy( 1922): 	at com.android.server.pm.permission.DefaultPermissionGrantPolicy.grantPermissionsToSystemPackage(DefaultPermissionGrantPolicy.java:363)
06-18 13:53:40.090 E/DefaultPermGrantPolicy( 1922): 	at com.android.server.pm.permission.DefaultPermissionGrantPolicy.grantPermissionsToSystemPackage(DefaultPermissionGrantPolicy.java:356)
06-18 13:53:40.090 E/DefaultPermGrantPolicy( 1922): 	at com.android.server.pm.permission.DefaultPermissionGrantPolicy.grantDefaultSystemHandlerPermissions(DefaultPermissionGrantPolicy.java:721)
06-18 13:53:40.090 E/DefaultPermGrantPolicy( 1922): 	at com.android.server.pm.permission.DefaultPermissionGrantPolicy.grantDefaultPermissions(DefaultPermissionGrantPolicy.java:295)
06-18 13:53:40.090 E/DefaultPermGrantPolicy( 1922): 	at com.android.server.pm.PackageManagerService.systemReady(PackageManagerService.java:21619)
06-18 13:53:40.090 E/DefaultPermGrantPolicy( 1922): 	at com.android.server.SystemServer.startOtherServices(SystemServer.java:1977)
06-18 13:53:40.090 E/DefaultPermGrantPolicy( 1922): 	at com.android.server.SystemServer.run(SystemServer.java:512)
06-18 13:53:40.090 E/DefaultPermGrantPolicy( 1922): 	at com.android.server.SystemServer.main(SystemServer.java:349)
06-18 13:53:40.090 E/DefaultPermGrantPolicy( 1922): 	at java.lang.reflect.Method.invoke(Native Method)
06-18 13:53:40.090 E/DefaultPermGrantPolicy( 1922): 	at com.android.internal.os.RuntimeInit$MethodAndArgsCaller.run(RuntimeInit.java:492)
06-18 13:53:40.090 E/DefaultPermGrantPolicy( 1922): 	at com.android.internal.os.ZygoteInit.main(ZygoteInit.java:908)
06-18 13:53:40.091 D/vold    ( 1574): Remounting 10068 as mode full
06-18 13:53:40.092 I/chatty  ( 1574): uid=0(root) Binder:1574_3 identical 2 lines
06-18 13:53:40.093 D/vold    ( 1574): Remounting 10068 as mode full
06-18 13:53:40.094 E/DefaultPermGrantPolicy( 1922): PackageNot found: com.google.android.as
06-18 13:53:40.094 E/DefaultPermGrantPolicy( 1922): android.content.pm.PackageManager$NameNotFoundException: com.google.android.as
06-18 13:53:40.094 E/DefaultPermGrantPolicy( 1922): 	at android.app.ApplicationPackageManager.getPackageInfoAsUser(ApplicationPackageManager.java:190)
06-18 13:53:40.094 E/DefaultPermGrantPolicy( 1922): 	at android.app.ApplicationPackageManager.getPackageInfo(ApplicationPackageManager.java:159)
06-18 13:53:40.094 E/DefaultPermGrantPolicy( 1922): 	at com.android.server.pm.permission.DefaultPermissionGrantPolicy.getPackageInfo(DefaultPermissionGrantPolicy.java:1302)
06-18 13:53:40.094 E/DefaultPermGrantPolicy( 1922): 	at com.android.server.pm.permission.DefaultPermissionGrantPolicy.getPackageInfo(DefaultPermissionGrantPolicy.java:1293)
06-18 13:53:40.094 E/DefaultPermGrantPolicy( 1922): 	at com.android.server.pm.permission.DefaultPermissionGrantPolicy.isSystemPackage(DefaultPermissionGrantPolicy.java:962)
06-18 13:53:40.094 E/DefaultPermGrantPolicy( 1922): 	at com.android.server.pm.permission.DefaultPermissionGrantPolicy.grantPermissionsToSystemPackage(DefaultPermissionGrantPolicy.java:363)
06-18 13:53:40.094 E/DefaultPermGrantPolicy( 1922): 	at com.android.server.pm.permission.DefaultPermissionGrantPolicy.grantPermissionsToSystemPackage(DefaultPermissionGrantPolicy.java:356)
06-18 13:53:40.094 E/DefaultPermGrantPolicy( 1922): 	at com.android.server.pm.permission.DefaultPermissionGrantPolicy.grantDefaultSystemHandlerPermissions(DefaultPermissionGrantPolicy.java:743)
06-18 13:53:40.094 E/DefaultPermGrantPolicy( 1922): 	at com.android.server.pm.permission.DefaultPermissionGrantPolicy.grantDefaultPermissions(DefaultPermissionGrantPolicy.java:295)
06-18 13:53:40.094 E/DefaultPermGrantPolicy( 1922): 	at com.android.server.pm.PackageManagerService.systemReady(PackageManagerService.java:21619)
06-18 13:53:40.094 E/DefaultPermGrantPolicy( 1922): 	at com.android.server.SystemServer.startOtherServices(SystemServer.java:1977)
06-18 13:53:40.094 E/DefaultPermGrantPolicy( 1922): 	at com.android.server.SystemServer.run(SystemServer.java:512)
06-18 13:53:40.094 E/DefaultPermGrantPolicy( 1922): 	at com.android.server.SystemServer.main(SystemServer.java:349)
06-18 13:53:40.094 E/DefaultPermGrantPolicy( 1922): 	at java.lang.reflect.Method.invoke(Native Method)
06-18 13:53:40.094 E/DefaultPermGrantPolicy( 1922): 	at com.android.internal.os.RuntimeInit$MethodAndArgsCaller.run(RuntimeInit.java:492)
06-18 13:53:40.094 E/DefaultPermGrantPolicy( 1922): 	at com.android.internal.os.ZygoteInit.main(ZygoteInit.java:908)
06-18 13:53:40.102 I/PackageManager( 1922): Un-granting permission android.permission.MANAGE_DOCUMENTS from package com.google.android.youtube (protectionLevel=262146 flags=0x30dbbe45)
06-18 13:53:40.103 I/PackageManager( 1922): Un-granting permission com.google.android.googleapps.permission.GOOGLE_AUTH from package com.android.providers.calendar (protectionLevel=2 flags=0x30883e45)
06-18 13:53:40.103 I/PackageManager( 1922): Un-granting permission com.google.android.googleapps.permission.GOOGLE_AUTH.cl from package com.android.providers.calendar (protectionLevel=2 flags=0x30883e45)
06-18 13:53:40.103 I/PackageManager( 1922): Un-granting permission android.permission.WRITE_SECURE_SETTINGS from package com.google.android.apps.enterprise.dmagent (protectionLevel=50 flags=0x30883e05)
06-18 13:53:40.104 I/PackageManager( 1922): Un-granting permission android.permission.CONNECTIVITY_INTERNAL from package com.google.android.apps.enterprise.dmagent (protectionLevel=18 flags=0x30883e05)
06-18 13:53:40.104 I/PackageManager( 1922): Un-granting permission android.permission.MANAGE_USB from package com.google.android.apps.enterprise.dmagent (protectionLevel=18 flags=0x30883e05)
06-18 13:53:40.104 I/PackageManager( 1922): Un-granting permission android.permission.CHANGE_COMPONENT_ENABLED_STATE from package com.google.android.apps.enterprise.dmagent (protectionLevel=18 flags=0x30883e05)
06-18 13:53:40.104 I/PackageManager( 1922): Un-granting permission android.permission.MANAGE_CA_CERTIFICATES from package com.google.android.apps.enterprise.dmagent (protectionLevel=18 flags=0x30883e05)
06-18 13:53:40.104 I/PackageManager( 1922): Un-granting permission android.permission.MANAGE_USERS from package com.google.android.apps.enterprise.dmagent (protectionLevel=18 flags=0x30883e05)
06-18 13:53:40.104 I/PackageManager( 1922): Un-granting permission com.google.android.setupwizard.READ_DEVICE_ORIGIN from package com.google.android.apps.messaging (protectionLevel=18 flags=0x38cbbe45)
06-18 13:53:40.104 I/PackageManager( 1922): Un-granting permission android.permission.BIND_WALLPAPER from package com.android.camera2 (protectionLevel=18 flags=0x20d8bc45)
06-18 13:53:40.105 I/PackageManager( 1922): Un-granting permission android.permission.REQUEST_INSTALL_PACKAGES from package com.google.android.gm (protectionLevel=66 flags=0x38cbbe45)
06-18 13:53:40.105 I/PackageManager( 1922): Un-granting permission android.permission.BIND_JOB_SERVICE from package com.google.android.music (protectionLevel=2 flags=0x38cbbe65)
06-18 13:53:40.105 I/PackageManager( 1922): Un-granting permission android.permission.CONNECTIVITY_USE_RESTRICTED_NETWORKS from package com.google.android.captiveportallogin (protectionLevel=18 flags=0x38c8be45)
06-18 13:53:40.105 I/PackageManager( 1922): Un-granting permission android.permission.NETWORK_BYPASS_PRIVATE_DNS from package com.google.android.captiveportallogin (protectionLevel=2 flags=0x38c8be45)
06-18 13:53:40.105 I/PackageManager( 1922): Un-granting permission android.permission.REQUEST_INSTALL_PACKAGES from package com.google.android.apps.docs (protectionLevel=66 flags=0x38cbbe45)
06-18 13:53:40.106 I/PackageManager( 1922): Un-granting permission android.permission.INTERACT_ACROSS_USERS from package com.google.android.syncadapters.contacts (protectionLevel=50 flags=0x20883e45)
06-18 13:53:40.106 I/PackageManager( 1922): Un-granting permission android.permission.REQUEST_INSTALL_PACKAGES from package com.android.chrome (protectionLevel=66 flags=0xa0cbbe45)
06-18 13:53:40.106 I/PackageManager( 1922): Un-granting permission com.google.android.apps.now.CURRENT_ACCOUNT_ACCESS from package com.android.chrome (protectionLevel=2 flags=0xa0cbbe45)
06-18 13:53:40.106 I/PackageManager( 1922): Un-granting permission android.permission.CAPTURE_VIDEO_OUTPUT from package com.google.android.gms (protectionLevel=2 flags=0xb0cabe45)
06-18 13:53:40.106 I/PackageManager( 1922): Un-granting permission android.permission.MANAGE_DEVICE_ADMINS from package com.google.android.gms (protectionLevel=2 flags=0xb0cabe45)
06-18 13:53:40.106 I/PackageManager( 1922): Un-granting permission android.permission.MANAGE_ACTIVITY_STACKS from package com.google.android.gms (protectionLevel=2 flags=0xb0cabe45)
06-18 13:53:40.106 I/PackageManager( 1922): Un-granting permission android.permission.CAPTURE_SECURE_VIDEO_OUTPUT from package com.google.android.gms (protectionLevel=2 flags=0xb0cabe45)
06-18 13:53:40.106 I/PackageManager( 1922): Un-granting permission android.permission.MANAGE_ROLLBACKS from package com.google.android.gms (protectionLevel=514 flags=0xb0cabe45)
06-18 13:53:40.107 I/PackageManager( 1922): Un-granting permission com.google.android.googleapps.permission.GOOGLE_AUTH from package com.google.android.videos (protectionLevel=2 flags=0x30dbbe45)
06-18 13:53:40.107 I/PackageManager( 1922): Un-granting permission android.permission.WRITE_MEDIA_STORAGE from package com.google.android.apps.photos (protectionLevel=18 flags=0x38d9be45)
06-18 13:53:40.111 V/UserDataPreparer( 1922): Found /data/user_de/0 with serial number -1
06-18 13:53:40.111 D/UserDataPreparer( 1922): Serial number missing on /data/user_de/0; assuming current is valid
06-18 13:53:40.112 V/UserDataPreparer( 1922): Found /data/user/0 with serial number -1
06-18 13:53:40.112 D/UserDataPreparer( 1922): Serial number missing on /data/user/0; assuming current is valid
06-18 13:53:40.112 V/UserDataPreparer( 1922): Found /data/system_de/0 with serial number -1
06-18 13:53:40.112 D/UserDataPreparer( 1922): Serial number missing on /data/system_de/0; assuming current is valid
06-18 13:53:40.113 D/SystemServerTiming( 1922): MakePackageManagerServiceReady took to complete: 370ms
06-18 13:53:40.113 I/SystemServer( 1922): MakeDisplayManagerServiceReady
06-18 13:53:40.120 E/DisplayModeDirector( 1922): Asked about unknown display, returning empty allowed set! (id=0)
06-18 13:53:40.120 E/DisplayModeDirector( 1922): Asked about unknown display, returning empty allowed set! (id=0)
06-18 13:53:40.122 D/SystemServerTiming( 1922): MakeDisplayManagerServiceReady took to complete: 9ms
06-18 13:53:40.122 I/SystemServer( 1922): StartDeviceSpecificServices
06-18 13:53:40.122 D/SystemServerTiming( 1922): StartDeviceSpecificServices took to complete: 0ms
06-18 13:53:40.122 I/SystemServer( 1922): StartBootPhaseDeviceSpecificServicesReady
06-18 13:53:40.122 I/SystemServiceManager( 1922): Starting phase 520
06-18 13:53:40.125 D/SystemServerTiming( 1922): StartBootPhaseDeviceSpecificServicesReady took to complete: 3ms
06-18 13:53:40.125 I/SystemServer( 1922): StartPermissionPolicyService
06-18 13:53:40.125 I/SystemServiceManager( 1922): Starting com.android.server.policy.PermissionPolicyService
06-18 13:53:40.126 D/SystemServerTiming( 1922): StartPermissionPolicyService took to complete: 1ms
06-18 13:53:40.126 W/UsageStatsService( 1922): Event reported without a package name, eventType:15
06-18 13:53:40.126 I/AppOps  ( 1922): Pruning old package system/com.android.server.appop.AppOpsService$UidState@a72d8d0: new uid=-1
06-18 13:53:40.127 I/ActivityManager( 1922): System now ready
06-18 13:53:40.129 I/SystemServer( 1922): Making services ready
06-18 13:53:40.129 I/SystemServer( 1922): StartActivityManagerReadyPhase
06-18 13:53:40.129 I/SystemServiceManager( 1922): Starting phase 550
06-18 13:53:40.130 I/android_os_HwBinder( 1922): HwBinder: Starting thread pool for getting: android.hardware.thermal@2.0::IThermal/default
06-18 13:53:40.131 I/android.hardware.thermal@2.0-service-mock( 1704): A callback has been registered to ThermalHAL, isFilter: 0 Type: CPU
06-18 13:53:40.132 W/ActivityManager( 1922): Too early to start/bind service in system_server: Phase=550 ComponentInfo{com.android.server.telecom/com.android.server.telecom.components.TelecomService}
06-18 13:53:40.132 W/ActivityManager( 1922): Too early to start/bind service in system_server: Phase=550 ComponentInfo{com.android.server.telecom/com.android.server.telecom.components.TelecomService}
06-18 13:53:40.146 D/PackageManager( 1922): Instant App installer not found with android.intent.action.INSTALL_INSTANT_APP_PACKAGE
06-18 13:53:40.146 D/PackageManager( 1922): Clear ephemeral installer activity
06-18 13:53:40.146 D/PackageManager( 1922): Instant App installer not found with android.intent.action.INSTALL_INSTANT_APP_PACKAGE
06-18 13:53:40.146 D/PackageManager( 1922): Clear ephemeral installer activity
06-18 13:53:40.146 D/PackageManager( 1922): Instant App installer not found with android.intent.action.INSTALL_INSTANT_APP_PACKAGE
06-18 13:53:40.146 D/PackageManager( 1922): Clear ephemeral installer activity
06-18 13:53:40.158 D/StorageManagerService( 1922): Isolated storage local flag 0 and remote flag 0 resolved to true
06-18 13:53:40.162 I/LockSettingsService( 1922): Migrated migrated_frp.
06-18 13:53:40.163 I/WallpaperManagerService( 1922): No static wallpaper imagery; defaults will be shown
06-18 13:53:40.163 V/WallpaperManagerService( 1922): bindWallpaperComponentLocked: componentName=ComponentInfo{com.android.systemui/com.android.systemui.ImageWallpaper}
06-18 13:53:40.163 D/Zygote  ( 1664): Forked child process 2066
06-18 13:53:40.164 W/WallpaperManagerService( 1922): no current wallpaper -- first boot?
06-18 13:53:40.165 I/AppBindingService( 1922): Updating constants with: null
06-18 13:53:40.167 E/BluetoothAdapter( 1922): Bluetooth binder is null
06-18 13:53:40.168 I/ActivityManager( 1922): Start proc 2066:com.google.android.gms.persistent/u0a118 for broadcast {com.google.android.gms/com.google.android.gms.chimera.GmsIntentOperationService$PersistentTrustedReceiver}
06-18 13:53:40.168 E/BluetoothAdapter( 1922): Bluetooth binder is null
06-18 13:53:40.169 I/AudioFlinger( 1720): systemReady
06-18 13:53:40.173 W/.gms.persisten( 2066): Unexpected CPU variant for X86 using defaults: x86_64
06-18 13:53:40.180 D/Zygote  ( 1664): Forked child process 2085
06-18 13:53:40.181 I/ActivityManager( 1922): Start proc 2085:com.android.systemui/u0a112 for service {com.android.systemui/com.android.systemui.ImageWallpaper}
06-18 13:53:40.183 W/ndroid.systemu( 2085): Unexpected CPU variant for X86 using defaults: x86_64
06-18 13:53:40.188 D/StagefrightPluginLoader( 1779): CCodec is disabled.
06-18 13:53:40.188 D/StagefrightPluginLoader( 1779): Handle or CreateInputSurface symbol is null
06-18 13:53:40.188 D/MediaCodecList( 1779): Allowing all OMX codecs
06-18 13:53:40.188 D/StagefrightPluginLoader( 1779): Handle or CreateBuilder symbol is null
06-18 13:53:40.190 I/OMXClient( 1779): IOmx service obtained
06-18 13:53:40.190 I/OMXMaster( 1787): makeComponentInstance(OMX.google.aac.decoder) in android.hardwar process
06-18 13:53:40.194 I/OMXClient( 1779): IOmx service obtained
06-18 13:53:40.194 I/OMXMaster( 1787): makeComponentInstance(OMX.google.amrnb.decoder) in android.hardwar process
06-18 13:53:40.200 D/Zygote  ( 1664): Forked child process 2110
06-18 13:53:40.201 I/ActivityManager( 1922): Start proc 2110:com.google.android.permissioncontroller/u0a74 for service {com.google.android.permissioncontroller/com.android.packageinstaller.permission.service.PermissionControllerServiceImpl}
06-18 13:53:40.202 I/.gms.persisten( 2066): The ClassLoaderContext is a special shared library.
06-18 13:53:40.203 I/OMXClient( 1779): IOmx service obtained
06-18 13:53:40.203 I/OMXMaster( 1787): makeComponentInstance(OMX.google.amrwb.decoder) in android.hardwar process
06-18 13:53:40.203 I/OMXClient( 1779): IOmx service obtained
06-18 13:53:40.203 I/OMXMaster( 1787): makeComponentInstance(OMX.google.flac.decoder) in android.hardwar process
06-18 13:53:40.207 W/ssioncontrolle( 2110): Unexpected CPU variant for X86 using defaults: x86_64
06-18 13:53:40.209 I/OMXClient( 1779): IOmx service obtained
06-18 13:53:40.209 I/OMXMaster( 1787): makeComponentInstance(OMX.google.g711.alaw.decoder) in android.hardwar process
06-18 13:53:40.210 I/.gms.persisten( 2066): The ClassLoaderContext is a special shared library.
06-18 13:53:40.211 I/chatty  ( 2066): uid=10118 com.google.android.gms.persistent identical 1 line
06-18 13:53:40.212 I/.gms.persisten( 2066): The ClassLoaderContext is a special shared library.
06-18 13:53:40.215 I/ndroid.systemu( 2085): The ClassLoaderContext is a special shared library.
06-18 13:53:40.218 I/OMXClient( 1779): IOmx service obtained
06-18 13:53:40.218 I/OMXMaster( 1787): makeComponentInstance(OMX.google.g711.mlaw.decoder) in android.hardwar process
06-18 13:53:40.234 I/OMXClient( 1779): IOmx service obtained
06-18 13:53:40.234 I/OMXMaster( 1787): makeComponentInstance(OMX.google.gsm.decoder) in android.hardwar process
06-18 13:53:40.238 I/ssioncontrolle( 2110): The ClassLoaderContext is a special shared library.
06-18 13:53:40.239 W/ContextImpl( 2066): Failed to ensure /data/user/0/com.google.android.gms/cache: mkdir failed: ENOENT (No such file or directory)
06-18 13:53:40.240 W/ContextImpl( 2066): Failed to update user.inode_cache: stat failed: ENOENT (No such file or directory)
06-18 13:53:40.244 I/OMXClient( 1779): IOmx service obtained
06-18 13:53:40.245 I/OMXMaster( 1787): makeComponentInstance(OMX.google.mp3.decoder) in android.hardwar process
06-18 13:53:40.248 W/StorageManagerService( 1922): No primary storage defined yet; hacking together a stub
06-18 13:53:40.251 I/OMXClient( 1779): IOmx service obtained
06-18 13:53:40.251 I/OMXMaster( 1787): makeComponentInstance(OMX.google.opus.decoder) in android.hardwar process
06-18 13:53:40.258 I/OMXClient( 1779): IOmx service obtained
06-18 13:53:40.258 I/OMXMaster( 1787): makeComponentInstance(OMX.google.raw.decoder) in android.hardwar process
06-18 13:53:40.264 I/OMXClient( 1779): IOmx service obtained
06-18 13:53:40.264 I/OMXMaster( 1787): makeComponentInstance(OMX.google.vorbis.decoder) in android.hardwar process
06-18 13:53:40.266 D/WifiController( 1922): DEFERRED_TOGGLE handled
06-18 13:53:40.266 D/WifiController( 1922): StaEnabledState.enter()
