06-18 13:53:40.780 W/PackageManager( 1922): Cannot whitelist unknown permission: com.felicanetworks.mfc.mfi.permission.MFI_ACCESS
06-18 13:53:40.780 W/PackageManager( 1922): Cannot whitelist unknown permission: com.google.android.finsky.permission.INSTANT_APP_STATE
06-18 13:53:40.780 W/PackageManager( 1922): Cannot whitelist unknown permission: android.permission.UWB
06-18 13:53:40.780 W/PackageManager( 1922): Cannot whitelist unknown permission: com.google.android.finsky.permission.BIND_GET_INSTALL_REFERRER_SERVICE
06-18 13:53:40.780 W/PackageManager( 1922): Cannot whitelist unknown permission: com.google.android.hangouts.START_HANGOUT
06-18 13:53:40.780 W/PackageManager( 1922): Cannot whitelist unknown permission: android.car.permission.CAR_POWERTRAIN
06-18 13:53:40.780 W/PackageManager( 1922): Cannot whitelist unknown permission: android.car.permission.CAR_ENERGY
06-18 13:53:40.780 W/PackageManager( 1922): Cannot whitelist unknown permission: android.car.permission.CAR_ENERGY_PORTS
06-18 13:53:40.780 W/PackageManager( 1922): Cannot whitelist unknown permission: android.car.permission.CAR_EXTERIOR_LIGHTS
06-18 13:53:40.780 W/PackageManager( 1922): Cannot whitelist unknown permission: android.car.permission.CAR_INFO
06-18 13:53:40.780 W/PackageManager( 1922): Cannot whitelist unknown permission: android.car.permission.CAR_MILEAGE
06-18 13:53:40.780 W/PackageManager( 1922): Cannot whitelist unknown permission: android.car.permission.CAR_TIRES
06-18 13:53:40.780 W/PackageManager( 1922): Cannot whitelist unknown permission: android.car.permission.CONTROL_CAR_CLIMATE
06-18 13:53:40.780 W/PackageManager( 1922): Cannot whitelist unknown permission: android.car.permission.CONTROL_CAR_DOORS
06-18 13:53:40.780 W/PackageManager( 1922): Cannot whitelist unknown permission: android.car.permission.CONTROL_CAR_EXTERIOR_LIGHTS
06-18 13:53:40.780 W/PackageManager( 1922): Cannot whitelist unknown permission: android.car.permission.CONTROL_CAR_MIRRORS
06-18 13:53:40.780 W/PackageManager( 1922): Cannot whitelist unknown permission: android.car.permission.CONTROL_CAR_SEATS
06-18 13:53:40.780 W/PackageManager( 1922): Cannot whitelist unknown permission: android.car.permission.CONTROL_CAR_WINDOWS
06-18 13:53:40.780 W/PackageManager( 1922): Cannot whitelist unknown permission: android.car.permission.READ_CAR_DISPLAY_UNITS
06-18 13:53:40.780 W/PackageManager( 1922): Cannot whitelist unknown permission: com.google.android.finsky.permission.GEARHEAD_SERVICE
06-18 13:53:40.780 W/PackageManager( 1922): Cannot whitelist unknown permission: com.google.android.permission.ACCESSIBILITY_SCAN_SERVICE
06-18 13:53:40.780 W/PackageManager( 1922): Cannot whitelist unknown permission: com.google.android.finsky.permission.ACCESS_INSTANT_APP_NOTIFICATION_ENFORCEMENT
06-18 13:53:40.780 W/PackageManager( 1922): Cannot whitelist unknown permission: com.google.android.clockwork.settings.SHOW_FACTORY_RESET_CONFIRMATION
06-18 13:53:40.780 W/PackageManager( 1922): Cannot whitelist unknown permission: com.google.android.wearable.READ_SETTINGS
06-18 13:53:40.781 W/PackageManager( 1922): Cannot whitelist unknown permission: android.permission.READ_MEDIA_AUDIO
06-18 13:53:40.781 W/PackageManager( 1922): Cannot whitelist unknown permission: android.permission.READ_MEDIA_IMAGES
06-18 13:53:40.781 W/PackageManager( 1922): Cannot whitelist unknown permission: android.permission.READ_MEDIA_VIDEO
06-18 13:53:40.781 W/PackageManager( 1922): Cannot whitelist unknown permission: com.android.vending.setup.PLAY_SETUP_SERVICE
06-18 13:53:40.781 W/PackageManager( 1922): Cannot whitelist unknown permission: com.google.android.gms.game.notifications.permission.WRITE
06-18 13:53:40.781 W/PackageManager( 1922): Cannot whitelist unknown permission: com.google.android.vending.verifier.ACCESS_VERIFIER
06-18 13:53:40.781 I/PackageManager( 1922): Un-granting permission android.permission.CAPTURE_VIDEO_OUTPUT from package com.google.android.gms (protectionLevel=2 flags=0xb0cabe45)
06-18 13:53:40.781 I/PackageManager( 1922): Un-granting permission android.permission.MANAGE_DEVICE_ADMINS from package com.google.android.gms (protectionLevel=2 flags=0xb0cabe45)
06-18 13:53:40.781 I/PackageManager( 1922): Un-granting permission android.permission.MANAGE_ACTIVITY_STACKS from package com.google.android.gms (protectionLevel=2 flags=0xb0cabe45)
06-18 13:53:40.781 I/PackageManager( 1922): Un-granting permission android.permission.CAPTURE_SECURE_VIDEO_OUTPUT from package com.google.android.gms (protectionLevel=2 flags=0xb0cabe45)
06-18 13:53:40.781 I/PackageManager( 1922): Un-granting permission android.permission.MANAGE_ROLLBACKS from package com.google.android.gms (protectionLevel=514 flags=0xb0cabe45)
06-18 13:53:40.782 W/PackageManager( 1922): Cannot whitelist unknown permission: android.permission.QUERY_ALL_PACKAGES
06-18 13:53:40.782 W/PackageManager( 1922): Cannot whitelist unknown permission: android.permission.PRE_FACTORY_RESET
06-18 13:53:40.782 W/PackageManager( 1922): Cannot whitelist unknown permission: android.permission.MANAGE_FACTORY_RESET_PROTECTION
06-18 13:53:40.782 W/PackageManager( 1922): Cannot whitelist unknown permission: android.car.permission.CAR_POWER
06-18 13:53:40.782 W/PackageManager( 1922): Cannot whitelist unknown permission: com.google.android.wearable.WRITE_SETTINGS
06-18 13:53:40.782 W/PackageManager( 1922): Cannot whitelist unknown permission: com.felicanetworks.mfc.permission.MFC_ACCESS
06-18 13:53:40.782 W/PackageManager( 1922): Cannot whitelist unknown permission: com.felicanetworks.mfc.mfi.permission.MFI_ACCESS
06-18 13:53:40.782 W/PackageManager( 1922): Cannot whitelist unknown permission: com.google.android.finsky.permission.INSTANT_APP_STATE
06-18 13:53:40.782 W/PackageManager( 1922): Cannot whitelist unknown permission: android.permission.UWB
06-18 13:53:40.782 W/PackageManager( 1922): Cannot whitelist unknown permission: com.google.android.finsky.permission.BIND_GET_INSTALL_REFERRER_SERVICE
06-18 13:53:40.782 W/PackageManager( 1922): Cannot whitelist unknown permission: com.google.android.hangouts.START_HANGOUT
06-18 13:53:40.782 W/PackageManager( 1922): Cannot whitelist unknown permission: android.car.permission.CAR_POWERTRAIN
06-18 13:53:40.782 W/PackageManager( 1922): Cannot whitelist unknown permission: android.car.permission.CAR_ENERGY
06-18 13:53:40.782 W/PackageManager( 1922): Cannot whitelist unknown permission: android.car.permission.CAR_ENERGY_PORTS
06-18 13:53:40.782 W/PackageManager( 1922): Cannot whitelist unknown permission: android.car.permission.CAR_EXTERIOR_LIGHTS
06-18 13:53:40.782 W/PackageManager( 1922): Cannot whitelist unknown permission: android.car.permission.CAR_INFO
06-18 13:53:40.783 W/PackageManager( 1922): Cannot whitelist unknown permission: android.car.permission.CAR_MILEAGE
06-18 13:53:40.783 W/PackageManager( 1922): Cannot whitelist unknown permission: android.car.permission.CAR_TIRES
06-18 13:53:40.783 W/PackageManager( 1922): Cannot whitelist unknown permission: android.car.permission.CONTROL_CAR_CLIMATE
06-18 13:53:40.783 W/PackageManager( 1922): Cannot whitelist unknown permission: android.car.permission.CONTROL_CAR_DOORS
06-18 13:53:40.783 W/PackageManager( 1922): Cannot whitelist unknown permission: android.car.permission.CONTROL_CAR_EXTERIOR_LIGHTS
06-18 13:53:40.783 W/PackageManager( 1922): Cannot whitelist unknown permission: android.car.permission.CONTROL_CAR_MIRRORS
06-18 13:53:40.783 W/PackageManager( 1922): Cannot whitelist unknown permission: android.car.permission.CONTROL_CAR_SEATS
06-18 13:53:40.783 W/PackageManager( 1922): Cannot whitelist unknown permission: android.car.permission.CONTROL_CAR_WINDOWS
06-18 13:53:40.783 W/PackageManager( 1922): Cannot whitelist unknown permission: android.car.permission.READ_CAR_DISPLAY_UNITS
06-18 13:53:40.783 W/PackageManager( 1922): Cannot whitelist unknown permission: com.google.android.finsky.permission.GEARHEAD_SERVICE
06-18 13:53:40.783 W/PackageManager( 1922): Cannot whitelist unknown permission: com.google.android.permission.ACCESSIBILITY_SCAN_SERVICE
06-18 13:53:40.783 W/PackageManager( 1922): Cannot whitelist unknown permission: com.google.android.finsky.permission.ACCESS_INSTANT_APP_NOTIFICATION_ENFORCEMENT
06-18 13:53:40.783 W/PackageManager( 1922): Cannot whitelist unknown permission: com.google.android.clockwork.settings.SHOW_FACTORY_RESET_CONFIRMATION
06-18 13:53:40.783 W/PackageManager( 1922): Cannot whitelist unknown permission: com.google.android.wearable.READ_SETTINGS
06-18 13:53:40.783 W/PackageManager( 1922): Cannot whitelist unknown permission: android.permission.READ_MEDIA_AUDIO
06-18 13:53:40.783 W/PackageManager( 1922): Cannot whitelist unknown permission: android.permission.READ_MEDIA_IMAGES
06-18 13:53:40.783 W/PackageManager( 1922): Cannot whitelist unknown permission: android.permission.READ_MEDIA_VIDEO
06-18 13:53:40.783 W/PackageManager( 1922): Cannot whitelist unknown permission: com.android.vending.setup.PLAY_SETUP_SERVICE
06-18 13:53:40.783 W/PackageManager( 1922): Cannot whitelist unknown permission: com.google.android.gms.game.notifications.permission.WRITE
06-18 13:53:40.783 W/PackageManager( 1922): Cannot whitelist unknown permission: com.google.android.vending.verifier.ACCESS_VERIFIER
06-18 13:53:40.783 I/PackageManager( 1922): Un-granting permission android.permission.CAPTURE_VIDEO_OUTPUT from package com.google.android.gms (protectionLevel=2 flags=0xb0cabe45)
06-18 13:53:40.783 I/PackageManager( 1922): Un-granting permission android.permission.MANAGE_DEVICE_ADMINS from package com.google.android.gms (protectionLevel=2 flags=0xb0cabe45)
06-18 13:53:40.783 I/PackageManager( 1922): Un-granting permission android.permission.MANAGE_ACTIVITY_STACKS from package com.google.android.gms (protectionLevel=2 flags=0xb0cabe45)
06-18 13:53:40.783 I/PackageManager( 1922): Un-granting permission android.permission.CAPTURE_SECURE_VIDEO_OUTPUT from package com.google.android.gms (protectionLevel=2 flags=0xb0cabe45)
06-18 13:53:40.783 I/PackageManager( 1922): Un-granting permission android.permission.MANAGE_ROLLBACKS from package com.google.android.gms (protectionLevel=514 flags=0xb0cabe45)
06-18 13:53:40.784 W/PackageManager( 1922): Cannot whitelist unknown permission: android.permission.QUERY_ALL_PACKAGES
06-18 13:53:40.784 W/PackageManager( 1922): Cannot whitelist unknown permission: android.permission.PRE_FACTORY_RESET
06-18 13:53:40.784 W/PackageManager( 1922): Cannot whitelist unknown permission: android.permission.MANAGE_FACTORY_RESET_PROTECTION
06-18 13:53:40.784 W/PackageManager( 1922): Cannot whitelist unknown permission: android.car.permission.CAR_POWER
06-18 13:53:40.784 W/PackageManager( 1922): Cannot whitelist unknown permission: com.google.android.wearable.WRITE_SETTINGS
06-18 13:53:40.784 W/PackageManager( 1922): Cannot whitelist unknown permission: com.felicanetworks.mfc.permission.MFC_ACCESS
06-18 13:53:40.784 W/PackageManager( 1922): Cannot whitelist unknown permission: com.felicanetworks.mfc.mfi.permission.MFI_ACCESS
06-18 13:53:40.784 W/PackageManager( 1922): Cannot whitelist unknown permission: com.google.android.finsky.permission.INSTANT_APP_STATE
06-18 13:53:40.784 W/PackageManager( 1922): Cannot whitelist unknown permission: android.permission.UWB
06-18 13:53:40.784 W/PackageManager( 1922): Cannot whitelist unknown permission: com.google.android.finsky.permission.BIND_GET_INSTALL_REFERRER_SERVICE
06-18 13:53:40.784 W/PackageManager( 1922): Cannot whitelist unknown permission: com.google.android.hangouts.START_HANGOUT
06-18 13:53:40.784 W/PackageManager( 1922): Cannot whitelist unknown permission: android.car.permission.CAR_POWERTRAIN
06-18 13:53:40.784 W/PackageManager( 1922): Cannot whitelist unknown permission: android.car.permission.CAR_ENERGY
06-18 13:53:40.784 W/PackageManager( 1922): Cannot whitelist unknown permission: android.car.permission.CAR_ENERGY_PORTS
06-18 13:53:40.784 W/PackageManager( 1922): Cannot whitelist unknown permission: android.car.permission.CAR_EXTERIOR_LIGHTS
06-18 13:53:40.784 W/PackageManager( 1922): Cannot whitelist unknown permission: android.car.permission.CAR_INFO
06-18 13:53:40.784 W/PackageManager( 1922): Cannot whitelist unknown permission: android.car.permission.CAR_MILEAGE
06-18 13:53:40.784 W/PackageManager( 1922): Cannot whitelist unknown permission: android.car.permission.CAR_TIRES
06-18 13:53:40.784 W/PackageManager( 1922): Cannot whitelist unknown permission: android.car.permission.CONTROL_CAR_CLIMATE
06-18 13:53:40.784 W/PackageManager( 1922): Cannot whitelist unknown permission: android.car.permission.CONTROL_CAR_DOORS
06-18 13:53:40.784 W/PackageManager( 1922): Cannot whitelist unknown permission: android.car.permission.CONTROL_CAR_EXTERIOR_LIGHTS
06-18 13:53:40.784 W/PackageManager( 1922): Cannot whitelist unknown permission: android.car.permission.CONTROL_CAR_MIRRORS
06-18 13:53:40.784 W/PackageManager( 1922): Cannot whitelist unknown permission: android.car.permission.CONTROL_CAR_SEATS
06-18 13:53:40.785 W/PackageManager( 1922): Cannot whitelist unknown permission: android.car.permission.CONTROL_CAR_WINDOWS
06-18 13:53:40.785 W/PackageManager( 1922): Cannot whitelist unknown permission: android.car.permission.READ_CAR_DISPLAY_UNITS
06-18 13:53:40.785 W/PackageManager( 1922): Cannot whitelist unknown permission: com.google.android.finsky.permission.GEARHEAD_SERVICE
06-18 13:53:40.785 W/PackageManager( 1922): Cannot whitelist unknown permission: com.google.android.permission.ACCESSIBILITY_SCAN_SERVICE
06-18 13:53:40.785 W/PackageManager( 1922): Cannot whitelist unknown permission: com.google.android.finsky.permission.ACCESS_INSTANT_APP_NOTIFICATION_ENFORCEMENT
06-18 13:53:40.785 W/PackageManager( 1922): Cannot whitelist unknown permission: com.google.android.clockwork.settings.SHOW_FACTORY_RESET_CONFIRMATION
06-18 13:53:40.785 W/PackageManager( 1922): Cannot whitelist unknown permission: com.google.android.wearable.READ_SETTINGS
06-18 13:53:40.785 W/PackageManager( 1922): Cannot whitelist unknown permission: android.permission.READ_MEDIA_AUDIO
06-18 13:53:40.785 W/PackageManager( 1922): Cannot whitelist unknown permission: android.permission.READ_MEDIA_IMAGES
06-18 13:53:40.785 W/PackageManager( 1922): Cannot whitelist unknown permission: android.permission.READ_MEDIA_VIDEO
06-18 13:53:40.785 W/PackageManager( 1922): Cannot whitelist unknown permission: com.android.vending.setup.PLAY_SETUP_SERVICE
06-18 13:53:40.785 W/PackageManager( 1922): Cannot whitelist unknown permission: com.google.android.gms.game.notifications.permission.WRITE
06-18 13:53:40.785 W/PackageManager( 1922): Cannot whitelist unknown permission: com.google.android.vending.verifier.ACCESS_VERIFIER
06-18 13:53:40.785 I/PackageManager( 1922): Un-granting permission android.permission.CAPTURE_VIDEO_OUTPUT from package com.google.android.gms (protectionLevel=2 flags=0xb0cabe45)
06-18 13:53:40.785 I/PackageManager( 1922): Un-granting permission android.permission.MANAGE_DEVICE_ADMINS from package com.google.android.gms (protectionLevel=2 flags=0xb0cabe45)
06-18 13:53:40.785 I/PackageManager( 1922): Un-granting permission android.permission.MANAGE_ACTIVITY_STACKS from package com.google.android.gms (protectionLevel=2 flags=0xb0cabe45)
06-18 13:53:40.785 I/PackageManager( 1922): Un-granting permission android.permission.CAPTURE_SECURE_VIDEO_OUTPUT from package com.google.android.gms (protectionLevel=2 flags=0xb0cabe45)
06-18 13:53:40.785 I/PackageManager( 1922): Un-granting permission android.permission.MANAGE_ROLLBACKS from package com.google.android.gms (protectionLevel=514 flags=0xb0cabe45)
06-18 13:53:40.790 W/PackageManager( 1922): Cannot whitelist unknown permission: android.permission.QUERY_ALL_PACKAGES
06-18 13:53:40.790 W/PackageManager( 1922): Cannot whitelist unknown permission: android.permission.PRE_FACTORY_RESET
06-18 13:53:40.790 W/PackageManager( 1922): Cannot whitelist unknown permission: android.permission.MANAGE_FACTORY_RESET_PROTECTION
06-18 13:53:40.790 W/PackageManager( 1922): Cannot whitelist unknown permission: android.car.permission.CAR_POWER
06-18 13:53:40.790 W/PackageManager( 1922): Cannot whitelist unknown permission: com.google.android.wearable.WRITE_SETTINGS
06-18 13:53:40.790 W/PackageManager( 1922): Cannot whitelist unknown permission: com.felicanetworks.mfc.permission.MFC_ACCESS
06-18 13:53:40.790 W/PackageManager( 1922): Cannot whitelist unknown permission: com.felicanetworks.mfc.mfi.permission.MFI_ACCESS
06-18 13:53:40.790 W/PackageManager( 1922): Cannot whitelist unknown permission: com.google.android.finsky.permission.INSTANT_APP_STATE
06-18 13:53:40.790 W/PackageManager( 1922): Cannot whitelist unknown permission: android.permission.UWB
06-18 13:53:40.790 W/PackageManager( 1922): Cannot whitelist unknown permission: com.google.android.finsky.permission.BIND_GET_INSTALL_REFERRER_SERVICE
06-18 13:53:40.790 W/PackageManager( 1922): Cannot whitelist unknown permission: com.google.android.hangouts.START_HANGOUT
06-18 13:53:40.790 W/PackageManager( 1922): Cannot whitelist unknown permission: android.car.permission.CAR_POWERTRAIN
06-18 13:53:40.790 W/PackageManager( 1922): Cannot whitelist unknown permission: android.car.permission.CAR_ENERGY
06-18 13:53:40.790 W/PackageManager( 1922): Cannot whitelist unknown permission: android.car.permission.CAR_ENERGY_PORTS
06-18 13:53:40.790 W/PackageManager( 1922): Cannot whitelist unknown permission: android.car.permission.CAR_EXTERIOR_LIGHTS
06-18 13:53:40.790 W/PackageManager( 1922): Cannot whitelist unknown permission: android.car.permission.CAR_INFO
06-18 13:53:40.790 W/PackageManager( 1922): Cannot whitelist unknown permission: android.car.permission.CAR_MILEAGE
06-18 13:53:40.790 W/PackageManager( 1922): Cannot whitelist unknown permission: android.car.permission.CAR_TIRES
06-18 13:53:40.790 W/PackageManager( 1922): Cannot whitelist unknown permission: android.car.permission.CONTROL_CAR_CLIMATE
06-18 13:53:40.790 W/PackageManager( 1922): Cannot whitelist unknown permission: android.car.permission.CONTROL_CAR_DOORS
06-18 13:53:40.790 W/PackageManager( 1922): Cannot whitelist unknown permission: android.car.permission.CONTROL_CAR_EXTERIOR_LIGHTS
06-18 13:53:40.790 W/PackageManager( 1922): Cannot whitelist unknown permission: android.car.permission.CONTROL_CAR_MIRRORS
06-18 13:53:40.790 W/PackageManager( 1922): Cannot whitelist unknown permission: android.car.permission.CONTROL_CAR_SEATS
06-18 13:53:40.790 W/PackageManager( 1922): Cannot whitelist unknown permission: android.car.permission.CONTROL_CAR_WINDOWS
06-18 13:53:40.790 W/PackageManager( 1922): Cannot whitelist unknown permission: android.car.permission.READ_CAR_DISPLAY_UNITS
06-18 13:53:40.790 W/PackageManager( 1922): Cannot whitelist unknown permission: com.google.android.finsky.permission.GEARHEAD_SERVICE
06-18 13:53:40.790 W/PackageManager( 1922): Cannot whitelist unknown permission: com.google.android.permission.ACCESSIBILITY_SCAN_SERVICE
06-18 13:53:40.790 W/PackageManager( 1922): Cannot whitelist unknown permission: com.google.android.finsky.permission.ACCESS_INSTANT_APP_NOTIFICATION_ENFORCEMENT
06-18 13:53:40.790 W/PackageManager( 1922): Cannot whitelist unknown permission: com.google.android.clockwork.settings.SHOW_FACTORY_RESET_CONFIRMATION
06-18 13:53:40.790 W/PackageManager( 1922): Cannot whitelist unknown permission: com.google.android.wearable.READ_SETTINGS
06-18 13:53:40.790 W/PackageManager( 1922): Cannot whitelist unknown permission: android.permission.READ_MEDIA_AUDIO
06-18 13:53:40.790 W/PackageManager( 1922): Cannot whitelist unknown permission: android.permission.READ_MEDIA_IMAGES
06-18 13:53:40.790 W/PackageManager( 1922): Cannot whitelist unknown permission: android.permission.READ_MEDIA_VIDEO
06-18 13:53:40.790 W/PackageManager( 1922): Cannot whitelist unknown permission: com.android.vending.setup.PLAY_SETUP_SERVICE
06-18 13:53:40.790 W/PackageManager( 1922): Cannot whitelist unknown permission: com.google.android.gms.game.notifications.permission.WRITE
06-18 13:53:40.790 W/PackageManager( 1922): Cannot whitelist unknown permission: com.google.android.vending.verifier.ACCESS_VERIFIER
06-18 13:53:40.790 I/PackageManager( 1922): Un-granting permission android.permission.CAPTURE_VIDEO_OUTPUT from package com.google.android.gms (protectionLevel=2 flags=0xb0cabe45)
06-18 13:53:40.791 I/PackageManager( 1922): Un-granting permission android.permission.MANAGE_DEVICE_ADMINS from package com.google.android.gms (protectionLevel=2 flags=0xb0cabe45)
06-18 13:53:40.791 I/PackageManager( 1922): Un-granting permission android.permission.MANAGE_ACTIVITY_STACKS from package com.google.android.gms (protectionLevel=2 flags=0xb0cabe45)
06-18 13:53:40.791 I/PackageManager( 1922): Un-granting permission android.permission.CAPTURE_SECURE_VIDEO_OUTPUT from package com.google.android.gms (protectionLevel=2 flags=0xb0cabe45)
06-18 13:53:40.791 I/PackageManager( 1922): Un-granting permission android.permission.MANAGE_ROLLBACKS from package com.google.android.gms (protectionLevel=514 flags=0xb0cabe45)
06-18 13:53:40.791 W/PackageManager( 1922): Cannot whitelist unknown permission: android.permission.QUERY_ALL_PACKAGES
06-18 13:53:40.791 W/PackageManager( 1922): Cannot whitelist unknown permission: android.permission.PRE_FACTORY_RESET
06-18 13:53:40.791 W/PackageManager( 1922): Cannot whitelist unknown permission: android.permission.MANAGE_FACTORY_RESET_PROTECTION
06-18 13:53:40.791 W/PackageManager( 1922): Cannot whitelist unknown permission: android.car.permission.CAR_POWER
06-18 13:53:40.791 W/PackageManager( 1922): Cannot whitelist unknown permission: com.google.android.wearable.WRITE_SETTINGS
06-18 13:53:40.791 W/PackageManager( 1922): Cannot whitelist unknown permission: com.felicanetworks.mfc.permission.MFC_ACCESS
06-18 13:53:40.791 W/PackageManager( 1922): Cannot whitelist unknown permission: com.felicanetworks.mfc.mfi.permission.MFI_ACCESS
06-18 13:53:40.791 W/PackageManager( 1922): Cannot whitelist unknown permission: com.google.android.finsky.permission.INSTANT_APP_STATE
06-18 13:53:40.791 W/PackageManager( 1922): Cannot whitelist unknown permission: android.permission.UWB
06-18 13:53:40.791 W/PackageManager( 1922): Cannot whitelist unknown permission: com.google.android.finsky.permission.BIND_GET_INSTALL_REFERRER_SERVICE
06-18 13:53:40.791 W/PackageManager( 1922): Cannot whitelist unknown permission: com.google.android.hangouts.START_HANGOUT
06-18 13:53:40.791 W/PackageManager( 1922): Cannot whitelist unknown permission: android.car.permission.CAR_POWERTRAIN
06-18 13:53:40.791 W/PackageManager( 1922): Cannot whitelist unknown permission: android.car.permission.CAR_ENERGY
06-18 13:53:40.791 W/PackageManager( 1922): Cannot whitelist unknown permission: android.car.permission.CAR_ENERGY_PORTS
06-18 13:53:40.791 W/PackageManager( 1922): Cannot whitelist unknown permission: android.car.permission.CAR_EXTERIOR_LIGHTS
06-18 13:53:40.791 W/PackageManager( 1922): Cannot whitelist unknown permission: android.car.permission.CAR_INFO
06-18 13:53:40.791 W/PackageManager( 1922): Cannot whitelist unknown permission: android.car.permission.CAR_MILEAGE
06-18 13:53:40.791 W/PackageManager( 1922): Cannot whitelist unknown permission: android.car.permission.CAR_TIRES
06-18 13:53:40.791 W/PackageManager( 1922): Cannot whitelist unknown permission: android.car.permission.CONTROL_CAR_CLIMATE
06-18 13:53:40.791 W/PackageManager( 1922): Cannot whitelist unknown permission: android.car.permission.CONTROL_CAR_DOORS
06-18 13:53:40.791 W/PackageManager( 1922): Cannot whitelist unknown permission: android.car.permission.CONTROL_CAR_EXTERIOR_LIGHTS
06-18 13:53:40.792 W/PackageManager( 1922): Cannot whitelist unknown permission: android.car.permission.CONTROL_CAR_MIRRORS
06-18 13:53:40.792 W/PackageManager( 1922): Cannot whitelist unknown permission: android.car.permission.CONTROL_CAR_SEATS
06-18 13:53:40.792 W/PackageManager( 1922): Cannot whitelist unknown permission: android.car.permission.CONTROL_CAR_WINDOWS
06-18 13:53:40.792 W/PackageManager( 1922): Cannot whitelist unknown permission: android.car.permission.READ_CAR_DISPLAY_UNITS
06-18 13:53:40.792 W/PackageManager( 1922): Cannot whitelist unknown permission: com.google.android.finsky.permission.GEARHEAD_SERVICE
06-18 13:53:40.792 W/PackageManager( 1922): Cannot whitelist unknown permission: com.google.android.permission.ACCESSIBILITY_SCAN_SERVICE
06-18 13:53:40.792 W/PackageManager( 1922): Cannot whitelist unknown permission: com.google.android.finsky.permission.ACCESS_INSTANT_APP_NOTIFICATION_ENFORCEMENT
06-18 13:53:40.792 W/PackageManager( 1922): Cannot whitelist unknown permission: com.google.android.clockwork.settings.SHOW_FACTORY_RESET_CONFIRMATION
06-18 13:53:40.792 W/PackageManager( 1922): Cannot whitelist unknown permission: com.google.android.wearable.READ_SETTINGS
06-18 13:53:40.792 W/PackageManager( 1922): Cannot whitelist unknown permission: android.permission.READ_MEDIA_AUDIO
06-18 13:53:40.792 W/PackageManager( 1922): Cannot whitelist unknown permission: android.permission.READ_MEDIA_IMAGES
06-18 13:53:40.792 W/PackageManager( 1922): Cannot whitelist unknown permission: android.permission.READ_MEDIA_VIDEO
06-18 13:53:40.792 W/PackageManager( 1922): Cannot whitelist unknown permission: com.android.vending.setup.PLAY_SETUP_SERVICE
06-18 13:53:40.792 W/PackageManager( 1922): Cannot whitelist unknown permission: com.google.android.gms.game.notifications.permission.WRITE
06-18 13:53:40.792 W/PackageManager( 1922): Cannot whitelist unknown permission: com.google.android.vending.verifier.ACCESS_VERIFIER
06-18 13:53:40.792 I/PackageManager( 1922): Un-granting permission android.permission.CAPTURE_VIDEO_OUTPUT from package com.google.android.gms (protectionLevel=2 flags=0xb0cabe45)
06-18 13:53:40.792 I/PackageManager( 1922): Un-granting permission android.permission.MANAGE_DEVICE_ADMINS from package com.google.android.gms (protectionLevel=2 flags=0xb0cabe45)
06-18 13:53:40.792 I/PackageManager( 1922): Un-granting permission android.permission.MANAGE_ACTIVITY_STACKS from package com.google.android.gms (protectionLevel=2 flags=0xb0cabe45)
06-18 13:53:40.792 I/PackageManager( 1922): Un-granting permission android.permission.CAPTURE_SECURE_VIDEO_OUTPUT from package com.google.android.gms (protectionLevel=2 flags=0xb0cabe45)
06-18 13:53:40.792 I/PackageManager( 1922): Un-granting permission android.permission.MANAGE_ROLLBACKS from package com.google.android.gms (protectionLevel=514 flags=0xb0cabe45)
06-18 13:53:40.801 W/PackageManager( 1922): Cannot whitelist unknown permission: android.permission.QUERY_ALL_PACKAGES
06-18 13:53:40.801 W/PackageManager( 1922): Cannot whitelist unknown permission: android.permission.PRE_FACTORY_RESET
06-18 13:53:40.801 W/PackageManager( 1922): Cannot whitelist unknown permission: android.permission.MANAGE_FACTORY_RESET_PROTECTION
06-18 13:53:40.801 W/PackageManager( 1922): Cannot whitelist unknown permission: android.car.permission.CAR_POWER
06-18 13:53:40.801 W/PackageManager( 1922): Cannot whitelist unknown permission: com.google.android.wearable.WRITE_SETTINGS
06-18 13:53:40.801 W/PackageManager( 1922): Cannot whitelist unknown permission: com.felicanetworks.mfc.permission.MFC_ACCESS
06-18 13:53:40.801 W/PackageManager( 1922): Cannot whitelist unknown permission: com.felicanetworks.mfc.mfi.permission.MFI_ACCESS
06-18 13:53:40.801 W/PackageManager( 1922): Cannot whitelist unknown permission: com.google.android.finsky.permission.INSTANT_APP_STATE
06-18 13:53:40.801 W/PackageManager( 1922): Cannot whitelist unknown permission: android.permission.UWB
06-18 13:53:40.801 W/PackageManager( 1922): Cannot whitelist unknown permission: com.google.android.finsky.permission.BIND_GET_INSTALL_REFERRER_SERVICE
06-18 13:53:40.801 W/PackageManager( 1922): Cannot whitelist unknown permission: com.google.android.hangouts.START_HANGOUT
06-18 13:53:40.801 W/PackageManager( 1922): Cannot whitelist unknown permission: android.car.permission.CAR_POWERTRAIN
06-18 13:53:40.801 W/PackageManager( 1922): Cannot whitelist unknown permission: android.car.permission.CAR_ENERGY
06-18 13:53:40.801 W/PackageManager( 1922): Cannot whitelist unknown permission: android.car.permission.CAR_ENERGY_PORTS
06-18 13:53:40.801 W/PackageManager( 1922): Cannot whitelist unknown permission: android.car.permission.CAR_EXTERIOR_LIGHTS
06-18 13:53:40.801 W/PackageManager( 1922): Cannot whitelist unknown permission: android.car.permission.CAR_INFO
06-18 13:53:40.801 W/PackageManager( 1922): Cannot whitelist unknown permission: android.car.permission.CAR_MILEAGE
06-18 13:53:40.801 W/PackageManager( 1922): Cannot whitelist unknown permission: android.car.permission.CAR_TIRES
06-18 13:53:40.801 W/PackageManager( 1922): Cannot whitelist unknown permission: android.car.permission.CONTROL_CAR_CLIMATE
06-18 13:53:40.801 W/PackageManager( 1922): Cannot whitelist unknown permission: android.car.permission.CONTROL_CAR_DOORS
06-18 13:53:40.801 W/PackageManager( 1922): Cannot whitelist unknown permission: android.car.permission.CONTROL_CAR_EXTERIOR_LIGHTS
06-18 13:53:40.801 W/PackageManager( 1922): Cannot whitelist unknown permission: android.car.permission.CONTROL_CAR_MIRRORS
06-18 13:53:40.801 W/PackageManager( 1922): Cannot whitelist unknown permission: android.car.permission.CONTROL_CAR_SEATS
06-18 13:53:40.801 W/PackageManager( 1922): Cannot whitelist unknown permission: android.car.permission.CONTROL_CAR_WINDOWS
06-18 13:53:40.801 W/PackageManager( 1922): Cannot whitelist unknown permission: android.car.permission.READ_CAR_DISPLAY_UNITS
06-18 13:53:40.801 W/PackageManager( 1922): Cannot whitelist unknown permission: com.google.android.finsky.permission.GEARHEAD_SERVICE
06-18 13:53:40.801 W/PackageManager( 1922): Cannot whitelist unknown permission: com.google.android.permission.ACCESSIBILITY_SCAN_SERVICE
06-18 13:53:40.801 W/PackageManager( 1922): Cannot whitelist unknown permission: com.google.android.finsky.permission.ACCESS_INSTANT_APP_NOTIFICATION_ENFORCEMENT
06-18 13:53:40.801 W/PackageManager( 1922): Cannot whitelist unknown permission: com.google.android.clockwork.settings.SHOW_FACTORY_RESET_CONFIRMATION
06-18 13:53:40.802 W/PackageManager( 1922): Cannot whitelist unknown permission: com.google.android.wearable.READ_SETTINGS
06-18 13:53:40.802 W/PackageManager( 1922): Cannot whitelist unknown permission: android.permission.READ_MEDIA_AUDIO
06-18 13:53:40.802 W/PackageManager( 1922): Cannot whitelist unknown permission: android.permission.READ_MEDIA_IMAGES
06-18 13:53:40.802 W/PackageManager( 1922): Cannot whitelist unknown permission: android.permission.READ_MEDIA_VIDEO
06-18 13:53:40.802 W/PackageManager( 1922): Cannot whitelist unknown permission: com.android.vending.setup.PLAY_SETUP_SERVICE
06-18 13:53:40.802 W/PackageManager( 1922): Cannot whitelist unknown permission: com.google.android.gms.game.notifications.permission.WRITE
06-18 13:53:40.802 W/PackageManager( 1922): Cannot whitelist unknown permission: com.google.android.vending.verifier.ACCESS_VERIFIER
06-18 13:53:40.802 I/PackageManager( 1922): Un-granting permission android.permission.CAPTURE_VIDEO_OUTPUT from package com.google.android.gms (protectionLevel=2 flags=0xb0cabe45)
06-18 13:53:40.802 I/PackageManager( 1922): Un-granting permission android.permission.MANAGE_DEVICE_ADMINS from package com.google.android.gms (protectionLevel=2 flags=0xb0cabe45)
06-18 13:53:40.802 I/PackageManager( 1922): Un-granting permission android.permission.MANAGE_ACTIVITY_STACKS from package com.google.android.gms (protectionLevel=2 flags=0xb0cabe45)
06-18 13:53:40.802 I/PackageManager( 1922): Un-granting permission android.permission.CAPTURE_SECURE_VIDEO_OUTPUT from package com.google.android.gms (protectionLevel=2 flags=0xb0cabe45)
06-18 13:53:40.802 I/PackageManager( 1922): Un-granting permission android.permission.MANAGE_ROLLBACKS from package com.google.android.gms (protectionLevel=514 flags=0xb0cabe45)
06-18 13:53:40.821 W/PackageManager( 1922): Cannot whitelist unknown permission: android.permission.ADD_VOICEMAIL
06-18 13:53:40.821 W/PackageManager( 1922): Cannot whitelist unknown permission: com.google.android.apps.messaging.services.ACCESS_JIBESERVICE
06-18 13:53:40.824 W/PackageManager( 1922): Cannot whitelist unknown permission: android.permission.ADD_VOICEMAIL
06-18 13:53:40.824 W/PackageManager( 1922): Cannot whitelist unknown permission: com.google.android.apps.messaging.services.ACCESS_JIBESERVICE
06-18 13:53:40.825 W/PackageManager( 1922): Cannot whitelist unknown permission: android.permission.ADD_VOICEMAIL
06-18 13:53:40.825 W/PackageManager( 1922): Cannot whitelist unknown permission: com.google.android.apps.messaging.services.ACCESS_JIBESERVICE
06-18 13:53:40.826 W/PackageManager( 1922): Cannot whitelist unknown permission: android.permission.ADD_VOICEMAIL
06-18 13:53:40.826 W/PackageManager( 1922): Cannot whitelist unknown permission: com.google.android.apps.messaging.services.ACCESS_JIBESERVICE
06-18 13:53:40.828 W/PackageManager( 1922): Cannot whitelist unknown permission: android.permission.ADD_VOICEMAIL
06-18 13:53:40.828 W/PackageManager( 1922): Cannot whitelist unknown permission: com.google.android.apps.messaging.services.ACCESS_JIBESERVICE
06-18 13:53:40.834 I/PackageManager( 1922): Un-granting permission com.google.android.googleapps.permission.GOOGLE_AUTH from package com.google.android.videos (protectionLevel=2 flags=0x30dbbe45)
06-18 13:53:40.835 I/chatty  ( 1922): uid=1000(system) Binder:1922_5 identical 1 line
06-18 13:53:40.836 I/PackageManager( 1922): Un-granting permission com.google.android.googleapps.permission.GOOGLE_AUTH from package com.google.android.videos (protectionLevel=2 flags=0x30dbbe45)
06-18 13:53:40.838 W/PackageManager( 1922): Cannot whitelist unknown permission: com.google.android.apps.miphone.aiai.matchmaker.overview.service.BIND_SERVICE
06-18 13:53:40.838 W/PackageManager( 1922): Cannot whitelist unknown permission: com.google.android.as.allapps.SUGGESTION_CONSUMER
06-18 13:53:40.839 W/PackageManager( 1922): Cannot whitelist unknown permission: com.google.android.apps.miphone.aiai.matchmaker.overview.service.BIND_SERVICE
06-18 13:53:40.839 W/PackageManager( 1922): Cannot whitelist unknown permission: com.google.android.as.allapps.SUGGESTION_CONSUMER
06-18 13:53:40.844 W/PackageManager( 1922): Cannot whitelist unknown permission: com.android.vending.BILLING
06-18 13:53:40.844 I/PackageManager( 1922): Un-granting permission android.permission.WRITE_MEDIA_STORAGE from package com.google.android.apps.photos (protectionLevel=18 flags=0x38d9be45)
06-18 13:53:40.845 W/PackageManager( 1922): Cannot whitelist unknown permission: com.android.vending.BILLING
06-18 13:53:40.845 I/PackageManager( 1922): Un-granting permission android.permission.WRITE_MEDIA_STORAGE from package com.google.android.apps.photos (protectionLevel=18 flags=0x38d9be45)
06-18 13:53:40.865 E/ActivityThread( 2066): Failed to find provider info for com.google.android.gsf.gservices
06-18 13:53:40.866 E/ActivityThread( 2066): Failed to find provider info for com.google.android.gsf.gservices
06-18 13:53:40.870 W/PackageManager( 1922): Cannot whitelist unknown permission: com.android.launcher.permission.READ_SETTINGS
06-18 13:53:40.870 W/PackageManager( 1922): Cannot whitelist unknown permission: com.android.launcher.permission.WRITE_SETTINGS
06-18 13:53:40.889 W/PackageManager( 1922): Cannot whitelist unknown permission: com.android.vending.setup.PLAY_SETUP_SERVICE
06-18 13:53:40.900 I/chatty  ( 1922): uid=1000(system) Binder:1922_2 identical 2 lines
06-18 13:53:40.902 W/PackageManager( 1922): Cannot whitelist unknown permission: com.android.vending.setup.PLAY_SETUP_SERVICE
06-18 13:53:40.930 W/PackageManager( 1922): Cannot whitelist unknown permission: com.android.permission.CONNMO_SETTINGS
06-18 13:53:40.930 W/PackageManager( 1922): Cannot whitelist unknown permission: com.android.permission.DCMO_SETTINGS
06-18 13:53:40.930 W/PackageManager( 1922): Cannot whitelist unknown permission: com.android.permission.CONNMO_SETTINGS
06-18 13:53:40.930 W/PackageManager( 1922): Cannot whitelist unknown permission: com.android.permission.DCMO_SETTINGS
06-18 13:53:40.938 W/PackageManager( 1922): Cannot whitelist unknown permission: com.android.permission.BIND_TELEPHONY_NETWORK_SERVICE
06-18 13:53:40.948 I/chatty  ( 1922): uid=1000(system) Binder:1922_2 identical 2 lines
06-18 13:53:40.950 W/PackageManager( 1922): Cannot whitelist unknown permission: com.android.permission.BIND_TELEPHONY_NETWORK_SERVICE
06-18 13:53:41.030 W/PackageManager( 1922): Cannot whitelist unknown permission: com.google.restricted_assist_gesture.permission.RESTRICTED_ASSIST_GESTURE_PROVIDER
06-18 13:53:41.030 W/PackageManager( 1922): Cannot whitelist unknown permission: com.google.android.apps.dreamliner.permission.DREAMLINER_SERVICE
06-18 13:53:41.030 W/PackageManager( 1922): Cannot whitelist unknown permission: android.car.permission.CONTROL_CAR_CLIMATE
06-18 13:53:41.030 W/PackageManager( 1922): Cannot whitelist unknown permission: android.car.permission.CAR_DRIVING_STATE
06-18 13:53:41.030 W/PackageManager( 1922): Cannot whitelist unknown permission: android.car.permission.CAR_CONTROL_AUDIO_VOLUME
06-18 13:53:41.073 W/PackageManager( 1922): Cannot whitelist unknown permission: com.google.restricted_assist_gesture.permission.RESTRICTED_ASSIST_GESTURE_PROVIDER
06-18 13:53:41.073 W/PackageManager( 1922): Cannot whitelist unknown permission: com.google.android.apps.dreamliner.permission.DREAMLINER_SERVICE
06-18 13:53:41.073 W/PackageManager( 1922): Cannot whitelist unknown permission: android.car.permission.CONTROL_CAR_CLIMATE
06-18 13:53:41.073 W/PackageManager( 1922): Cannot whitelist unknown permission: android.car.permission.CAR_DRIVING_STATE
06-18 13:53:41.073 W/PackageManager( 1922): Cannot whitelist unknown permission: android.car.permission.CAR_CONTROL_AUDIO_VOLUME
06-18 13:53:41.076 W/PackageManager( 1922): Cannot whitelist unknown permission: com.google.android.gallery3d.permission.GALLERY_PROVIDER
06-18 13:53:41.076 W/PackageManager( 1922): Cannot whitelist unknown permission: com.android.gallery3d.permission.GALLERY_PROVIDER
06-18 13:53:41.077 W/PackageManager( 1922): Cannot whitelist unknown permission: com.google.android.gallery3d.permission.GALLERY_PROVIDER
06-18 13:53:41.077 W/PackageManager( 1922): Cannot whitelist unknown permission: com.android.gallery3d.permission.GALLERY_PROVIDER
06-18 13:53:41.084 W/PackageManager( 1922): Cannot whitelist unknown permission: com.google.android.gallery3d.permission.GALLERY_PROVIDER
06-18 13:53:41.084 W/PackageManager( 1922): Cannot whitelist unknown permission: com.android.gallery3d.permission.GALLERY_PROVIDER
06-18 13:53:41.084 W/PackageManager( 1922): Cannot whitelist unknown permission: com.google.android.gallery3d.permission.GALLERY_PROVIDER
06-18 13:53:41.084 W/PackageManager( 1922): Cannot whitelist unknown permission: com.android.gallery3d.permission.GALLERY_PROVIDER
06-18 13:53:41.087 W/PackageManager( 1922): Cannot whitelist unknown permission: com.google.android.gallery3d.permission.GALLERY_PROVIDER
06-18 13:53:41.087 W/PackageManager( 1922): Cannot whitelist unknown permission: com.android.gallery3d.permission.GALLERY_PROVIDER
06-18 13:53:41.087 W/PackageManager( 1922): Cannot whitelist unknown permission: com.google.android.gallery3d.permission.GALLERY_PROVIDER
06-18 13:53:41.087 W/PackageManager( 1922): Cannot whitelist unknown permission: com.android.gallery3d.permission.GALLERY_PROVIDER
06-18 13:53:41.088 W/PackageManager( 1922): Cannot whitelist unknown permission: com.google.android.gallery3d.permission.GALLERY_PROVIDER
06-18 13:53:41.088 W/PackageManager( 1922): Cannot whitelist unknown permission: com.android.gallery3d.permission.GALLERY_PROVIDER
06-18 13:53:41.105 W/PackageManager( 1922): Cannot whitelist unknown permission: com.android.vending.setup.PLAY_SETUP_SERVICE
06-18 13:53:41.145 I/ChimeraCfgMgr( 2066): Updating module config: <no config> -> container:2024149040800
06-18 13:53:41.106 W/PackageManager( 1922): Cannot whitelist unknown permission: com.android.vending.setup.PLAY_SETUP_SERVICE
06-18 13:53:41.146 E/ActivityThread( 2066): Failed to find provider info for com.google.android.gsf.gservices
06-18 13:53:41.146 E/ConfigFileUtils( 2066): Failed to read config file: /data/user_de/0/com.google.android.gms/app_chimera/current_modules_init.pb: open failed: ENOENT (No such file or directory)
06-18 13:53:41.172 W/gle.android.gm( 2221): Unexpected CPU variant for X86 using defaults: x86_64
06-18 13:53:41.173 D/Zygote  ( 1664): Forked child process 2221
06-18 13:53:41.146 E/ActivityThread( 2066): Failed to find provider info for com.google.android.gsf.gservices
06-18 13:53:41.176 I/ActivityManager( 1922): Start proc 2221:com.google.android.gms/u0a118 for service {com.google.android.gms/com.google.android.gms.chimera.GmsIntentOperationService}
06-18 13:53:41.177 I/ChmraDebugLogger( 2066): [46] 
06-18 13:53:41.181 I/GmsApplication( 2066): Updating config completed
06-18 13:53:41.182 E/ActivityThread( 2066): Failed to find provider info for com.google.android.gsf.gservices
06-18 13:53:41.189 I/gle.android.gm( 2221): The ClassLoaderContext is a special shared library.
06-18 13:53:41.190 I/chatty  ( 2221): uid=10118(com.google.android.gms) identical 2 lines
06-18 13:53:41.192 I/gle.android.gm( 2221): The ClassLoaderContext is a special shared library.
06-18 13:53:41.194 W/DynamiteModule( 2066): Local module descriptor class for providerinstaller not found.
06-18 13:53:41.197 W/ProviderHelper( 2066): Unknown dynamite feature providerinstaller
06-18 13:53:41.197 I/DynamiteModule( 2066): Considering local module providerinstaller:0 and remote module providerinstaller:0
06-18 13:53:41.198 W/ProviderInstaller( 2066): Failed to load providerinstaller module: No acceptable module found. Local version is 0 and remote version is 0.
06-18 13:53:41.204 W/ContextImpl( 2221): Failed to ensure /data/user/0/com.google.android.gms/cache: mkdir failed: ENOENT (No such file or directory)
06-18 13:53:41.204 W/ContextImpl( 2221): Failed to update user.inode_cache: stat failed: ENOENT (No such file or directory)
06-18 13:53:41.197 I/chatty  ( 2066): uid=10118 com.google.android.gms.persistent identical 6 lines
06-18 13:53:41.197 E/ActivityThread( 2066): Failed to find provider info for com.google.android.gsf.gservices
06-18 13:53:41.209 E/ActivityThread( 2221): Failed to find provider info for com.google.android.gsf.gservices
06-18 13:53:41.216 W/DirectBootExitBR( 2221): User is in direct boot mode.
06-18 13:53:41.219 V/NativeCrypto( 2066): Registering com/google/android/gms/org/conscrypt/NativeCrypto's 286 native methods...
06-18 13:53:41.223 I/GmsApplication( 2221): Staging modules and/or updating config
06-18 13:53:41.226 I/GmsApplication( 2221): Staging modules and/or updating config already complete
06-18 13:53:41.230 W/DynamiteModule( 2221): Local module descriptor class for providerinstaller not found.
06-18 13:53:41.231 D/NetworkSecurityConfig( 2066): Using Network Security Config from resource network_security_config debugBuild: false
06-18 13:53:41.232 W/ProviderHelper( 2221): Unknown dynamite feature providerinstaller
06-18 13:53:41.233 I/DynamiteModule( 2221): Considering local module providerinstaller:0 and remote module providerinstaller:0
06-18 13:53:41.233 W/ProviderInstaller( 2221): Failed to load providerinstaller module: No acceptable module found. Local version is 0 and remote version is 0.
06-18 13:53:41.235 I/ProviderInstaller( 2066): Installed default security provider GmsCore_OpenSSL
06-18 13:53:41.233 I/chatty  ( 2221): uid=10118(com.google.android.gms) identical 17 lines
06-18 13:53:41.233 E/ActivityThread( 2221): Failed to find provider info for com.google.android.gsf.gservices
06-18 13:53:41.236 E/ActivityThread( 2066): Failed to find provider info for com.google.android.gsf.gservices
06-18 13:53:41.239 V/NativeCrypto( 2221): Registering com/google/android/gms/org/conscrypt/NativeCrypto's 286 native methods...
06-18 13:53:41.241 I/Safeboot( 2066): Checking safeboot...
06-18 13:53:41.246 I/RuntimePermissionsUpgradeController( 2110): Grandfathering SMS and CallLog permissions
06-18 13:53:41.252 D/NetworkSecurityConfig( 2221): Using Network Security Config from resource network_security_config debugBuild: false
06-18 13:53:41.255 I/ProviderInstaller( 2221): Installed default security provider GmsCore_OpenSSL
06-18 13:53:41.244 I/chatty  ( 2066): uid=10118 com.google.android.gms.persistent identical 19 lines
06-18 13:53:41.244 E/ActivityThread( 2066): Failed to find provider info for com.google.android.gsf.gservices
06-18 13:53:41.255 E/ActivityThread( 2221): Failed to find provider info for com.google.android.gsf.gservices
06-18 13:53:41.258 I/RuntimePermissionsUpgradeController( 2110): Grandfathering location background permissions
06-18 13:53:41.258 I/chatty  ( 2221): uid=10118(com.google.android.gms) identical 5 lines
06-18 13:53:41.259 E/ActivityThread( 2221): Failed to find provider info for com.google.android.gsf.gservices
06-18 13:53:41.259 E/ActivityThread( 2066): Failed to find provider info for com.google.android.gsf.gservices
06-18 13:53:41.259 E/ActivityThread( 2066): Failed to find provider info for com.google.android.gsf.gservices
06-18 13:53:41.259 E/ActivityThread( 2221): Failed to find provider info for com.google.android.gsf.gservices
06-18 13:53:41.259 E/ActivityThread( 2066): Failed to find provider info for com.google.android.gsf.gservices
06-18 13:53:41.260 E/ActivityThread( 2221): Failed to find provider info for com.google.android.gsf.gservices
06-18 13:53:41.260 E/ActivityThread( 2066): Failed to find provider info for com.google.android.gsf.gservices
06-18 13:53:41.260 E/ActivityThread( 2221): Failed to find provider info for com.google.android.gsf.gservices
06-18 13:53:41.260 W/ContextImpl( 2066): Failed to ensure /data/user/0/com.google.android.gms/files: mkdir failed: ENOENT (No such file or directory)
06-18 13:53:41.260 I/Safeboot Condition( 2066): No need to enter Safeboot.
06-18 13:53:41.260 W/ContextImpl( 2066): Failed to ensure /data/user/0/com.google.android.gms/files: mkdir failed: ENOENT (No such file or directory)
06-18 13:53:41.260 I/chatty  ( 2221): uid=10118(com.google.android.gms) identical 1 line
06-18 13:53:41.261 E/ActivityThread( 2221): Failed to find provider info for com.google.android.gsf.gservices
06-18 13:53:41.261 E/ActivityThread( 2066): Failed to find provider info for com.google.android.gsf.gservices
06-18 13:53:41.261 E/ActivityThread( 2066): Failed to find provider info for com.google.android.gsf.gservices
06-18 13:53:41.261 E/ActivityThread( 2221): Failed to find provider info for com.google.android.gsf.gservices
06-18 13:53:41.261 E/ActivityThread( 2066): Failed to find provider info for com.google.android.gsf.gservices
06-18 13:53:41.261 I/Safeboot( 2221): Checking safeboot...
06-18 13:53:41.262 I/Safeboot( 2221): Not entering safeboot; wrong process.
06-18 13:53:41.261 E/ActivityThread( 2066): Failed to find provider info for com.google.android.gsf.gservices
06-18 13:53:41.262 E/ActivityThread( 2221): Failed to find provider info for com.google.android.gsf.gservices
06-18 13:53:41.266 I/RuntimePermissionsUpgradeController( 2110): Grandfathering Storage permissions
06-18 13:53:41.264 I/chatty  ( 2221): uid=10118(com.google.android.gms) identical 4 lines
06-18 13:53:41.265 E/ActivityThread( 2221): Failed to find provider info for com.google.android.gsf.gservices
06-18 13:53:41.274 E/ActivityThread( 2221): Failed to find provider info for com.google.android.gsf.gservices
06-18 13:53:41.276 I/chatty  ( 2221): uid=10118(com.google.android.gms) identical 4 lines
06-18 13:53:41.276 E/ActivityThread( 2221): Failed to find provider info for com.google.android.gsf.gservices
06-18 13:53:41.278 W/PackageManager( 1922): Cannot whitelist unknown permission: com.android.vending.BILLING
06-18 13:53:41.280 E/ActivityThread( 2221): Failed to find provider info for com.google.android.gsf.gservices
06-18 13:53:41.280 E/ActivityThread( 2221): Failed to find provider info for com.google.android.gsf.gservices
06-18 13:53:41.280 E/ActivityThread( 2221): Failed to find provider info for com.google.android.gsf.gservices
06-18 13:53:41.281 E/ActivityThread( 2221): Failed to find provider info for com.google.android.gsf.gservices
06-18 13:53:41.282 E/ActivityThread( 2221): Failed to find provider info for com.google.android.gsf.gservices
06-18 13:53:41.282 E/ActivityThread( 2221): Failed to find provider info for com.google.android.gsf.gservices
06-18 13:53:41.284 E/ActivityThread( 2221): Failed to find provider info for com.google.android.gsf.gservices
06-18 13:53:41.285 I/RuntimePermissionsUpgradeController( 2110): Not expanding location permissions as this is not an upgrade from Android P
06-18 13:53:41.285 E/ActivityThread( 2221): Failed to find provider info for com.google.android.gsf.gservices
06-18 13:53:41.289 D/vold    ( 1574): Remounting 10144 as mode default
06-18 13:53:41.291 D/vold    ( 1574): Remounting 10122 as mode default
06-18 13:53:41.292 D/vold    ( 1574): Remounting 10131 as mode write
06-18 13:53:41.292 W/SystemServiceManager( 1922): Service com.android.server.policy.PermissionPolicyService took 1127 ms in onBootPhase
06-18 13:53:41.292 D/SystemServerTiming( 1922): StartActivityManagerReadyPhase took to complete: 1163ms
06-18 13:53:41.292 I/SystemServer( 1922): StartObservingNativeCrashes
06-18 13:53:41.293 D/SystemServerTiming( 1922): StartObservingNativeCrashes took to complete: 0ms
06-18 13:53:41.293 D/SystemServerInitThreadPool( 1922): Started executing WebViewFactoryPreparation
06-18 13:53:41.293 I/SystemServer( 1922): WebViewFactoryPreparation
06-18 13:53:41.293 I/WebViewUpdateServiceImpl( 1922): One-time migration: enabling com.google.android.webview
06-18 13:53:41.293 D/vold    ( 1574): Remounting 10127 as mode write
06-18 13:53:41.294 I/SystemServer( 1922): StartSystemUI
