06-18 13:53:35.712 I/MediaCodecsXmlParser( 1787): limit: block-size = 16x16
06-18 13:53:35.712 I/MediaCodecsXmlParser( 1787): limit: blocks-per-second-range = 24-2073600
06-18 13:53:35.712 I/MediaCodecsXmlParser( 1787): limit: bitrate-range = 1-120000000
06-18 13:53:35.712 I/MediaCodecsXmlParser( 1787): limit: frame-rate-range = 1-480
06-18 13:53:35.712 I/MediaCodecsXmlParser( 1787): limit: performance-point-1920x1088-range = 60-60
06-18 13:53:35.712 I/MediaCodecsXmlParser( 1787): limit: measured-frame-rate-320x240-range = 183-183
06-18 13:53:35.712 I/MediaCodecsXmlParser( 1787): limit: measured-frame-rate-720x480-range = 181-181
06-18 13:53:35.712 I/MediaCodecsXmlParser( 1787): limit: measured-frame-rate-1280x720-range = 182-184
06-18 13:53:35.712 I/MediaCodecsXmlParser( 1787): limit: measured-frame-rate-1920x1088-range = 50-60
06-18 13:53:35.712 I/MediaCodecsXmlParser( 1787): limit: measured-frame-rate-2560x1440-range = 30-40
06-18 13:53:35.712 I/MediaCodecsXmlParser( 1787): limit: feature-adaptive-playback = 0
06-18 13:53:35.712 I/MediaCodecsXmlParser( 1787): limit: size-range = 2x2-2560x2560
06-18 13:53:35.712 I/MediaCodecsXmlParser( 1787): limit: alignment = 2x2
06-18 13:53:35.712 I/MediaCodecsXmlParser( 1787): limit: block-size = 16x16
06-18 13:53:35.712 I/MediaCodecsXmlParser( 1787): limit: blocks-per-second-range = 24-2073600
06-18 13:53:35.712 I/MediaCodecsXmlParser( 1787): limit: bitrate-range = 1-120000000
06-18 13:53:35.712 I/MediaCodecsXmlParser( 1787): limit: frame-rate-range = 1-480
06-18 13:53:35.712 I/MediaCodecsXmlParser( 1787): limit: performance-point-1920x1088-range = 60-60
06-18 13:53:35.712 I/MediaCodecsXmlParser( 1787): limit: measured-frame-rate-320x240-range = 183-183
06-18 13:53:35.712 I/MediaCodecsXmlParser( 1787): limit: measured-frame-rate-720x480-range = 181-181
06-18 13:53:35.712 I/MediaCodecsXmlParser( 1787): limit: measured-frame-rate-1280x720-range = 121-125
06-18 13:53:35.712 I/MediaCodecsXmlParser( 1787): limit: measured-frame-rate-1920x1088-range = 148-151
06-18 13:53:35.712 I/MediaCodecsXmlParser( 1787): limit: measured-frame-rate-2560x1440-range = 30-40
06-18 13:53:35.712 I/MediaCodecsXmlParser( 1787): limit: feature-adaptive-playback = 0
06-18 13:53:35.712 I/MediaCodecsXmlParser( 1787): limit: size-range = 176x144-176x144
06-18 13:53:35.713 I/MediaCodecsXmlParser( 1787): limit: alignment = 16x16
06-18 13:53:35.713 I/MediaCodecsXmlParser( 1787): limit: bitrate-range = 1-128000
06-18 13:53:35.713 I/MediaCodecsXmlParser( 1787): limit: size-range = 16x16-1920x1088
06-18 13:53:35.713 I/MediaCodecsXmlParser( 1787): limit: alignment = 2x2
06-18 13:53:35.713 I/MediaCodecsXmlParser( 1787): limit: block-size = 16x16
06-18 13:53:35.713 I/MediaCodecsXmlParser( 1787): limit: blocks-per-second-range = 1-244800
06-18 13:53:35.713 I/MediaCodecsXmlParser( 1787): limit: bitrate-range = 1-20000000
06-18 13:53:35.713 I/MediaCodecsXmlParser( 1787): limit: feature-intra-refresh = 0
06-18 13:53:35.713 I/MediaCodecsXmlParser( 1787): limit: size-range = 16x16-176x144
06-18 13:53:35.713 I/MediaCodecsXmlParser( 1787): limit: alignment = 16x16
06-18 13:53:35.713 I/MediaCodecsXmlParser( 1787): limit: block-size = 16x16
06-18 13:53:35.713 I/MediaCodecsXmlParser( 1787): limit: blocks-per-second-range = 12-1485
06-18 13:53:35.713 I/MediaCodecsXmlParser( 1787): limit: bitrate-range = 1-64000
06-18 13:53:35.713 I/MediaCodecsXmlParser( 1787): limit: size-range = 2x2-2048x2048
06-18 13:53:35.713 I/MediaCodecsXmlParser( 1787): limit: alignment = 2x2
06-18 13:53:35.713 I/MediaCodecsXmlParser( 1787): limit: bitrate-range = 1-40000000
06-18 13:53:35.713 I/MediaCodecsXmlParser( 1787): limit: feature-bitrate-modes = VBR,CBR
06-18 13:53:35.713 D/MediaCodecsXmlParser( 1787): parsing /vendor/etc/media_codecs_performance.xml...
06-18 13:53:35.713 I/MediaCodecsXmlParser( 1787): limit: measured-frame-rate-176x144-range = 849-1008
06-18 13:53:35.731 I/MediaCodecsXmlParser( 1787): limit: measured-frame-rate-320x240-range = 496-629
06-18 13:53:35.731 I/MediaCodecsXmlParser( 1787): limit: measured-frame-rate-720x480-range = 197-203
06-18 13:53:35.731 I/MediaCodecsXmlParser( 1787): limit: measured-frame-rate-1280x720-range = 93-97
06-18 13:53:35.731 I/MediaCodecsXmlParser( 1787): limit: measured-frame-rate-1920x1080-range = 45-47
06-18 13:53:35.731 I/MediaCodecsXmlParser( 1787): limit: measured-frame-rate-176x144-range = 881-1142
06-18 13:53:35.731 I/MediaCodecsXmlParser( 1787): limit: measured-frame-rate-320x180-range = 249-285
06-18 13:53:35.731 I/MediaCodecsXmlParser( 1787): limit: measured-frame-rate-640x360-range = 104-115
06-18 13:53:35.731 I/MediaCodecsXmlParser( 1787): limit: measured-frame-rate-1280x720-range = 34-35
06-18 13:53:35.731 I/MediaCodecsXmlParser( 1787): limit: measured-frame-rate-1920x1080-range = 26-29
06-18 13:53:35.731 I/MediaCodecsXmlParser( 1787): limit: measured-frame-rate-176x144-range = 1246-1390
06-18 13:53:35.731 I/MediaCodecsXmlParser( 1787): limit: measured-frame-rate-352x288-range = 1121-1128
06-18 13:53:35.731 I/MediaCodecsXmlParser( 1787): limit: measured-frame-rate-320x240-range = 299-629
06-18 13:53:35.731 I/MediaCodecsXmlParser( 1787): limit: measured-frame-rate-720x480-range = 215-250
06-18 13:53:35.731 I/MediaCodecsXmlParser( 1787): limit: measured-frame-rate-1280x720-range = 75-85
06-18 13:53:35.731 I/MediaCodecsXmlParser( 1787): limit: measured-frame-rate-1920x1080-range = 31-34
06-18 13:53:35.731 I/MediaCodecsXmlParser( 1787): limit: measured-frame-rate-352x288-range = 754-817
06-18 13:53:35.731 I/MediaCodecsXmlParser( 1787): limit: measured-frame-rate-640x360-range = 323-394
06-18 13:53:35.731 I/MediaCodecsXmlParser( 1787): limit: measured-frame-rate-720x480-range = 349-372
06-18 13:53:35.731 I/MediaCodecsXmlParser( 1787): limit: measured-frame-rate-1280x720-range = 144-157
06-18 13:53:35.731 I/MediaCodecsXmlParser( 1787): limit: measured-frame-rate-1920x1080-range = 74-85
06-18 13:53:35.732 I/MediaCodecsXmlParser( 1787): limit: measured-frame-rate-176x144-range = 1439-1625
06-18 13:53:35.732 I/MediaCodecsXmlParser( 1787): limit: measured-frame-rate-320x180-range = 1129-1261
06-18 13:53:35.732 I/MediaCodecsXmlParser( 1787): limit: measured-frame-rate-640x360-range = 471-525
06-18 13:53:35.732 I/MediaCodecsXmlParser( 1787): limit: measured-frame-rate-1280x720-range = 126-145
06-18 13:53:35.732 I/MediaCodecsXmlParser( 1787): limit: measured-frame-rate-1920x1080-range = 48-51
06-18 13:53:35.732 I/MediaCodecsXmlParser( 1787): limit: measured-frame-rate-2160x2160-range = 31-34
06-18 13:53:35.732 I/MediaCodecsXmlParser( 1787): limit: measured-frame-rate-320x180-range = 968-1101
06-18 13:53:35.732 I/MediaCodecsXmlParser( 1787): limit: measured-frame-rate-640x360-range = 291-338
06-18 13:53:35.732 I/MediaCodecsXmlParser( 1787): limit: measured-frame-rate-1280x720-range = 280-400
06-18 13:53:35.732 I/MediaCodecsXmlParser( 1787): limit: measured-frame-rate-1920x1080-range = 178-240
06-18 13:53:35.732 I/MediaCodecsXmlParser( 1787): limit: measured-frame-rate-2560x1440-range = 31-34
06-18 13:53:35.732 D/MediaCodecsXmlParser( 1787): Cannot find /data/misc/media/media_codecs_profiling_results.xml
06-18 13:53:35.739 I/ServiceManagement( 1787): Registered android.hardware.media.omx@1.0::IOmxStore/default (start delay of 585ms)
06-18 13:53:35.739 I/ServiceManagement( 1787): Removing namespace from process name android.hardware.media.omx@1.0-service to omx@1.0-service.
06-18 13:53:35.745 I/FastMixerState( 1720): sMaxFastTracks = 8
06-18 13:53:35.749 V/MediaUtils( 1720): physMem: 2089566208
06-18 13:53:35.749 V/MediaUtils( 1720): requested limit: 417913240
06-18 13:53:35.749 I/libc    ( 1720): malloc_limit: Allocation limit enabled, max size 417913240 bytes
06-18 13:53:35.751 I/audioserver( 1720): ServiceManager: 0x73c4fecfadc0
06-18 13:53:35.751 W/BatteryNotifier( 1720): batterystats service unavailable!
06-18 13:53:35.751 I/hwservicemanager( 1567): getTransport: Cannot find entry android.hardware.audio@5.0::IDevicesFactory/default in either framework or device manifest.
06-18 13:53:35.752 I/hwservicemanager( 1567): getTransport: Cannot find entry android.hardware.audio@4.0::IDevicesFactory/msd in either framework or device manifest.
06-18 13:53:35.752 I/hwservicemanager( 1567): getTransport: Cannot find entry android.hardware.audio.effect@5.0::IEffectsFactory/default in either framework or device manifest.
06-18 13:53:35.753 I/AudioFlinger( 1720): Using default 3000 mSec as standby time.
06-18 13:53:35.754 I/AndroidRuntime( 1665): Using default boot image
06-18 13:53:35.754 I/AndroidRuntime( 1665): Leaving lock profiling enabled
06-18 13:53:35.774 E/APM::Serializer( 1720): deserialize: Could not parse /odm/etc/audio_policy_configuration.xml document.
06-18 13:53:35.776 E/APM::AudioPolicyEngine/Config( 1720): parse: Could not parse document /vendor/etc/audio_policy_engine_configuration.xml
06-18 13:53:35.776 W/APM::AudioPolicyEngine/Base( 1720): loadAudioPolicyEngineConfig: No configuration found, using default matching phone experience.
06-18 13:53:35.776 E/APM::AudioPolicyEngine/Config( 1720): parseLegacyVolumeFile: Could not parse document /odm/etc/audio_policy_configuration.xml
06-18 13:53:35.779 I/zygote  ( 1665): option[0]=-Xzygote
06-18 13:53:35.779 I/zygote  ( 1665): option[1]=exit
06-18 13:53:35.779 I/zygote  ( 1665): option[2]=vfprintf
06-18 13:53:35.779 I/zygote  ( 1665): option[3]=sensitiveThread
06-18 13:53:35.779 I/zygote  ( 1665): option[4]=-verbose:gc
06-18 13:53:35.779 I/zygote  ( 1665): option[5]=-Xms4m
06-18 13:53:35.779 I/zygote  ( 1665): option[6]=-Xmx512m
06-18 13:53:35.779 I/zygote  ( 1665): option[7]=-Xusejit:true
06-18 13:53:35.779 I/zygote  ( 1665): option[8]=-Xjitsaveprofilinginfo
06-18 13:53:35.779 I/zygote  ( 1665): option[9]=-XjdwpOptions:suspend=n,server=y
06-18 13:53:35.779 I/zygote  ( 1665): option[10]=-XjdwpProvider:default
06-18 13:53:35.779 I/zygote  ( 1665): option[11]=-Xlockprofthreshold:500
06-18 13:53:35.779 I/zygote  ( 1665): option[12]=-Ximage-compiler-option
06-18 13:53:35.779 I/zygote  ( 1665): option[13]=--runtime-arg
06-18 13:53:35.779 I/zygote  ( 1665): option[14]=-Ximage-compiler-option
06-18 13:53:35.779 I/zygote  ( 1665): option[15]=-Xms64m
06-18 13:53:35.779 I/zygote  ( 1665): option[16]=-Ximage-compiler-option
06-18 13:53:35.779 I/zygote  ( 1665): option[17]=--runtime-arg
06-18 13:53:35.779 I/zygote  ( 1665): option[18]=-Ximage-compiler-option
06-18 13:53:35.779 I/zygote  ( 1665): option[19]=-Xmx64m
06-18 13:53:35.779 I/zygote  ( 1665): option[20]=-Ximage-compiler-option
06-18 13:53:35.779 I/zygote  ( 1665): option[21]=--profile-file=/system/etc/boot-image.prof
06-18 13:53:35.779 I/zygote  ( 1665): option[22]=-Ximage-compiler-option
06-18 13:53:35.779 I/zygote  ( 1665): option[23]=--compiler-filter=speed-profile
06-18 13:53:35.779 I/zygote  ( 1665): option[24]=-Xcompiler-option
06-18 13:53:35.779 I/zygote  ( 1665): option[25]=--runtime-arg
06-18 13:53:35.779 I/zygote  ( 1665): option[26]=-Xcompiler-option
06-18 13:53:35.779 I/zygote  ( 1665): option[27]=-Xms64m
06-18 13:53:35.779 I/zygote  ( 1665): option[28]=-Xcompiler-option
06-18 13:53:35.779 I/zygote  ( 1665): option[29]=--runtime-arg
06-18 13:53:35.779 I/zygote  ( 1665): option[30]=-Xcompiler-option
06-18 13:53:35.779 I/zygote  ( 1665): option[31]=-Xmx512m
06-18 13:53:35.779 I/zygote  ( 1665): option[32]=-Ximage-compiler-option
06-18 13:53:35.779 I/zygote  ( 1665): option[33]=--instruction-set-variant=x86_64
06-18 13:53:35.779 I/zygote  ( 1665): option[34]=-Xcompiler-option
06-18 13:53:35.779 I/zygote  ( 1665): option[35]=--instruction-set-variant=x86_64
06-18 13:53:35.780 I/zygote  ( 1665): option[36]=-Ximage-compiler-option
06-18 13:53:35.780 I/zygote  ( 1665): option[37]=--instruction-set-features=default
06-18 13:53:35.780 I/zygote  ( 1665): option[38]=-Xcompiler-option
06-18 13:53:35.780 I/zygote  ( 1665): option[39]=--instruction-set-features=default
06-18 13:53:35.780 I/zygote  ( 1665): option[40]=-Duser.locale=en-US
06-18 13:53:35.780 I/zygote  ( 1665): option[41]=--cpu-abilist=x86
06-18 13:53:35.780 I/zygote  ( 1665): option[42]=-Xcompiler-option
06-18 13:53:35.780 I/zygote  ( 1665): option[43]=--generate-mini-debug-info
06-18 13:53:35.780 I/zygote  ( 1665): option[44]=-Xcore-platform-api-policy:just-warn
06-18 13:53:35.780 I/zygote  ( 1665): option[45]=-Xfingerprint:google/sdk_gphone_x86_64/generic_x86_64:10/QSR1.211112.011/13135432:userdebug/dev-keys
06-18 13:53:35.781 D/audio_hw_generic( 1684): Emulator host-side ALSA audio emulation detected.
06-18 13:53:35.781 D/audio_hw_generic( 1684): mixer 0 name Master Playback Volume
06-18 13:53:35.781 D/audio_hw_generic( 1684): set ctl 0 to 100
06-18 13:53:35.781 D/audio_hw_generic( 1684): set ctl 1 to 100
06-18 13:53:35.781 D/audio_hw_generic( 1684): mixer 1 name Master Playback Switch
06-18 13:53:35.781 D/audio_hw_generic( 1684): set ctl 0 to 1
06-18 13:53:35.781 D/audio_hw_generic( 1684): set ctl 1 to 1
06-18 13:53:35.781 D/audio_hw_generic( 1684): mixer 2 name Capture Volume
06-18 13:53:35.781 D/audio_hw_generic( 1684): set ctl 0 to 100
06-18 13:53:35.781 D/audio_hw_generic( 1684): set ctl 1 to 100
06-18 13:53:35.781 D/audio_hw_generic( 1684): mixer 3 name Capture Switch
06-18 13:53:35.781 D/audio_hw_generic( 1684): set ctl 0 to 1
06-18 13:53:35.781 D/audio_hw_generic( 1684): set ctl 1 to 1
06-18 13:53:35.782 D/audio_hw_generic( 1684): mixer 4 name Line Phantom Jack
06-18 13:53:35.782 D/audio_hw_generic( 1684): mixer 5 name Line Out Phantom Jack
06-18 13:53:35.782 D/audio_hw_generic( 1684): mixer 6 name Playback Channel Map
06-18 13:53:35.782 D/audio_hw_generic( 1684): mixer 7 name Capture Channel Map
06-18 13:53:35.782 W/DeviceHAL( 1684): Error from HAL Device in function get_master_volume: Function not implemented
06-18 13:53:35.782 W/DeviceHAL( 1684): Error from HAL Device in function get_master_mute: Function not implemented
06-18 13:53:35.782 W/DeviceHAL( 1684): Error from HAL Device in function set_master_volume: Function not implemented
06-18 13:53:35.782 W/DeviceHAL( 1684): Error from HAL Device in function set_master_mute: Function not implemented
06-18 13:53:35.782 I/AudioFlinger( 1720): loadHwModule() Loaded primary audio interface, handle 10
06-18 13:53:35.782 I/AudioFlinger( 1720): openOutput() this 0x73c4fed05600, module 10 Device 0x2, SamplingRate 44100, Format 0x000001, Channels 0x3, flags 0x2
06-18 13:53:35.790 I/ServiceManager( 1782): Waiting for service 'package_native' on '/dev/binder'...
06-18 13:53:35.792 W/AudioFlinger( 1720): HAL output buffer size is 661 frames but AudioMixer requires multiples of 16 frames
06-18 13:53:35.792 I/AudioFlinger( 1720): HAL output buffer size 661 frames, normal sink buffer size 1056 frames
06-18 13:53:35.796 I/hwservicemanager( 1567): getTransport: Cannot find entry android.hardware.audio.effect@5.0::IEffectsFactory/default in either framework or device manifest.
06-18 13:53:35.797 I/mediaserver( 1779): ServiceManager: 0xf2d06ca0
06-18 13:53:35.820 I/BufferProvider( 1720): found effect "Multichannel Downmix To Stereo" from The Android Open Source Project
06-18 13:53:35.820 I/AudioFlinger( 1720): Using module 10 as the primary audio interface
06-18 13:53:35.821 V/APM_AudioPolicyManager( 1720): checkAndSetVolume cannot set volume group 3 volume with force use = 0 for comm
06-18 13:53:35.824 W/AudioFlinger( 1720): moveEffects() bad srcOutput 0
06-18 13:53:35.824 V/APM_AudioPolicyManager( 1720): selectOutputForMusicEffects selected output 13
06-18 13:53:35.824 V/APM_AudioPolicyManager( 1720): setOutputDevices device {type:0x2,@:} delayMs 0
06-18 13:53:35.824 V/APM_AudioPolicyManager( 1720): setOutputDevices() prevDevice {type:0x2,@:}
06-18 13:53:35.824 V/APM_AudioPolicyManager( 1720): setOutputDevices changing device to {type:0x2,@:}
06-18 13:53:35.825 I/AudioFlinger( 1720): AudioFlinger's thread 0x73c4feda3380 tid=1858 ready to run
06-18 13:53:35.825 W/AudioFlinger( 1720): no wake lock to update, system not ready yet
06-18 13:53:35.825 V/APM_AudioPolicyManager( 1720): setOutputDevices() AF::createAudioPatch returned 0 patchHandle 12 num_sources 1 num_sinks 1
06-18 13:53:35.826 W/AudioFlinger( 1720): no wake lock to update, system not ready yet
06-18 13:53:35.826 V/APM_AudioPolicyManager( 1720): checkAndSetVolume cannot set volume group 3 volume with force use = 0 for comm
06-18 13:53:35.835 I/zygote  ( 1665): Core platform API reporting enabled, enforcing=false
06-18 13:53:35.836 I/AudioFlinger( 1720): AudioFlinger's thread 0x73c4fa089e00 tid=1860 ready to run
06-18 13:53:35.836 W/AudioFlinger( 1720): no wake lock to update, system not ready yet
06-18 13:53:35.836 W/AudioFlinger( 1720): no wake lock to update, system not ready yet
06-18 13:53:35.839 I/r_submix( 1684): adev_open(name=audio_hw_if)
06-18 13:53:35.839 I/r_submix( 1684): adev_init_check()
06-18 13:53:35.839 W/DeviceHAL( 1684): Error from HAL Device in function set_master_volume: Function not implemented
06-18 13:53:35.839 W/DeviceHAL( 1684): Error from HAL Device in function set_master_mute: Function not implemented
06-18 13:53:35.839 I/AudioFlinger( 1720): loadHwModule() Loaded r_submix audio interface, handle 18
06-18 13:53:35.839 D/r_submix( 1684): adev_open_input_stream(addr=0)
06-18 13:53:35.839 D/r_submix( 1684): submix_audio_device_create_pipe_l(addr=0, idx=9)
06-18 13:53:35.839 D/r_submix( 1684):   now using address 0 for route 9
06-18 13:53:35.841 W/BatteryNotifier( 1779): batterystats service unavailable!
06-18 13:53:35.845 I/AudioFlinger( 1720): AudioFlinger's thread 0x73c4fa089a00 tid=1863 ready to run
06-18 13:53:35.847 I/        ( 1720): Waiting for activity service
06-18 13:53:35.847 D/r_submix( 1684): adev_close_input_stream()
06-18 13:53:35.847 D/r_submix( 1684): submix_audio_device_release_pipe_l(idx=9) addr=0
06-18 13:53:35.847 D/r_submix( 1684): submix_audio_device_destroy_pipe_l(): pipe destroyed
06-18 13:53:35.848 I/BootAnimation( 1846): boot animation disabled
06-18 13:53:35.869 I//apex/com.android.media.swcodec/bin/mediaswcodec( 1789): media swcodec service starting
06-18 13:53:35.871 W//apex/com.android.media.swcodec/bin/mediaswcodec( 1789): Could not read additional policy file '/vendor/etc/seccomp_policy/mediaswcodec.policy'
06-18 13:53:35.871 W//apex/com.android.media.swcodec/bin/mediaswcodec( 1789): libminijail[1789]: failed to get path of fd 4: No such file or directory
06-18 13:53:35.872 W//apex/com.android.media.swcodec/bin/mediaswcodec( 1789): libminijail[1789]: allowing syscall: socket
06-18 13:53:35.872 W//apex/com.android.media.swcodec/bin/mediaswcodec( 1789): libminijail[1789]: allowing syscall: connect
06-18 13:53:35.872 W//apex/com.android.media.swcodec/bin/mediaswcodec( 1789): libminijail[1789]: allowing syscall: fcntl
06-18 13:53:35.872 W//apex/com.android.media.swcodec/bin/mediaswcodec( 1789): libminijail[1789]: allowing syscall: writev
06-18 13:53:35.872 W//apex/com.android.media.swcodec/bin/mediaswcodec( 1789): libminijail[1789]: compile_file: <fd>(20): nonexistent syscall 'getuid32'
06-18 13:53:35.872 W//apex/com.android.media.swcodec/bin/mediaswcodec( 1789): libminijail[1789]: compile_file: <fd>(26): nonexistent syscall 'mmap2'
06-18 13:53:35.872 W//apex/com.android.media.swcodec/bin/mediaswcodec( 1789): libminijail[1789]: compile_file: <fd>(28): nonexistent syscall 'fstat64'
06-18 13:53:35.872 W//apex/com.android.media.swcodec/bin/mediaswcodec( 1789): libminijail[1789]: compile_file: <fd>(30): nonexistent syscall 'stat64'
06-18 13:53:35.872 W//apex/com.android.media.swcodec/bin/mediaswcodec( 1789): libminijail[1789]: compile_file: <fd>(31): nonexistent syscall 'statfs64'
06-18 13:53:35.872 W//apex/com.android.media.swcodec/bin/mediaswcodec( 1789): libminijail[1789]: compile_file: <fd>(33): nonexistent syscall 'fstatat64'
06-18 13:53:35.872 W//apex/com.android.media.swcodec/bin/mediaswcodec( 1789): libminijail[1789]: compile_file: <fd>(38): nonexistent syscall '_llseek'
06-18 13:53:35.872 W//apex/com.android.media.swcodec/bin/mediaswcodec( 1789): libminijail[1789]: compile_file: <fd>(47): nonexistent syscall 'ugetrlimit'
06-18 13:53:35.872 W//apex/com.android.media.swcodec/bin/mediaswcodec( 1789): libminijail[1789]: compile_file: <fd>(50): nonexistent syscall '_llseek'
06-18 13:53:35.872 W//apex/com.android.media.swcodec/bin/mediaswcodec( 1789): libminijail[1789]: compile_file: <fd>(51): nonexistent syscall 'fstatfs64'
06-18 13:53:35.873 W//apex/com.android.media.swcodec/bin/mediaswcodec( 1789): libminijail[1789]: compile_file: <fd>(63): nonexistent syscall 'ftruncate64'
06-18 13:53:35.873 W//apex/com.android.media.swcodec/bin/mediaswcodec( 1789): libminijail[1789]: compile_file: /system/etc/seccomp_policy/crash_dump.x86.policy(5): nonexistent syscall 'sigreturn'
06-18 13:53:35.873 W//apex/com.android.media.swcodec/bin/mediaswcodec( 1789): libminijail[1789]: compile_file: /system/etc/seccomp_policy/crash_dump.x86.policy(31): nonexistent syscall 'getuid32'
06-18 13:53:35.873 W//apex/com.android.media.swcodec/bin/mediaswcodec( 1789): libminijail[1789]: compile_file: /system/etc/seccomp_policy/crash_dump.x86.policy(32): nonexistent syscall 'fstat64'
06-18 13:53:35.873 W//apex/com.android.media.swcodec/bin/mediaswcodec( 1789): libminijail[1789]: compile_file: /system/etc/seccomp_policy/crash_dump.x86.policy(33): nonexistent syscall 'mmap2'
06-18 13:53:35.873 W//apex/com.android.media.swcodec/bin/mediaswcodec( 1789): libminijail[1789]: compile_file: /system/etc/seccomp_policy/crash_dump.x86.policy(34): nonexistent syscall 'geteuid32'
06-18 13:53:35.873 W//apex/com.android.media.swcodec/bin/mediaswcodec( 1789): libminijail[1789]: compile_file: /system/etc/seccomp_policy/crash_dump.x86.policy(35): nonexistent syscall 'getgid32'
06-18 13:53:35.873 W//apex/com.android.media.swcodec/bin/mediaswcodec( 1789): libminijail[1789]: compile_file: /system/etc/seccomp_policy/crash_dump.x86.policy(36): nonexistent syscall 'getegid32'
06-18 13:53:35.874 W//apex/com.android.media.swcodec/bin/mediaswcodec( 1789): libminijail[1789]: compile_file: /system/etc/seccomp_policy/crash_dump.x86.policy(37): nonexistent syscall 'getgroups32'
06-18 13:53:35.874 W//apex/com.android.media.swcodec/bin/mediaswcodec( 1789): libminijail[1789]: logging seccomp filter failures
06-18 13:53:35.874 I/CodecServiceRegistrant( 1789): Creating software Codec2 service...
06-18 13:53:35.879 I/ServiceManagement( 1789): Registered android.hardware.media.c2@1.0::IComponentStore/software (start delay of 705ms)
06-18 13:53:35.879 I/CodecServiceRegistrant( 1789): Software Codec2 service created.
06-18 13:53:35.886 E/MediaExtractorFactory( 1777): couldn't opendir(/system/lib64/extractors)
06-18 13:53:35.890 I/ServiceManager( 1782): Waiting for service 'package_native' on '/dev/binder'...
06-18 13:53:35.903 I/netd    ( 1663): Setting up StrictController hooks: 452.8ms
06-18 13:53:35.903 I/ClatdController( 1663): 4.9+ kernel and device shipped with P - clat ebpf might work.
06-18 13:53:35.903 I/netd    ( 1663): Initializing ClatdController: 0.1ms
06-18 13:53:35.906 I/netd    ( 1663): Initializing traffic control: 3.1ms
06-18 13:53:35.909 I/netd    ( 1663): Enabling bandwidth control: 2.8ms
06-18 13:53:35.910 E/Netd    ( 1663): cannot find interface dummy0
06-18 13:53:35.910 I/netd    ( 1663): Initializing RouteController: 0.7ms
06-18 13:53:35.910 D/XfrmController( 1663): XfrmController::ipSecAddXfrmInterface, line=1379
06-18 13:53:35.912 D/XfrmController( 1663): XfrmController::ipSecRemoveTunnelInterface, line=1592
06-18 13:53:35.912 D/XfrmController( 1663): deviceName=ipsec_test
06-18 13:53:35.963 D/XfrmController( 1663): Sending Netlink XFRM Message: XFRM_MSG_FLUSHSA
06-18 13:53:35.963 D/XfrmController( 1663): Sending Netlink XFRM Message: XFRM_MSG_FLUSHPOLICY
06-18 13:53:35.963 I/netd    ( 1663): Initializing XfrmController: 53.4ms
06-18 13:53:35.964 E/Netd    ( 1663): Unable to create netlink socket for family 5: Protocol not supported
06-18 13:53:35.964 W/Netd    ( 1663): Unable to open qlog quota socket, check if xt_quota2 can send via UeventHandler
06-18 13:53:35.965 I/libnetd_resolv( 1663): resolv_init: Initializing resolver
06-18 13:53:35.966 D/MDnsDS  ( 1663): MDnsSdListener::Hander starting up
06-18 13:53:35.966 I/netd    ( 1663): Registering NetdNativeService: 0.3ms
06-18 13:53:35.969 I/ServiceManagement( 1663): Registered android.system.net.netd@1.1::INetd/default (start delay of 1515ms)
06-18 13:53:35.969 I/netd    ( 1663): Registering NetdHwService: 2.9ms
06-18 13:53:35.969 I/netd    ( 1663): Netd started in 1434ms
06-18 13:53:35.977 D/MDnsDS  ( 1663): MDnsSdListener starting to monitor
06-18 13:53:35.977 D/MDnsDS  ( 1663): Going to poll with pollCount 1
06-18 13:53:35.991 I/ServiceManager( 1782): Waiting for service 'package_native' on '/dev/binder'...
06-18 13:53:36.058 D/ICU     ( 1665): Time zone APEX file found: /apex/com.android.tzdata/etc/icu/icu_tzdata.dat
06-18 13:53:36.059 D/ICU     ( 1664): Time zone APEX file found: /apex/com.android.tzdata/etc/icu/icu_tzdata.dat
06-18 13:53:36.091 I/ServiceManager( 1782): Waiting for service 'package_native' on '/dev/binder'...
06-18 13:53:36.101 W/zygote  ( 1665): Unexpected CPU variant for X86 using defaults: x86_64
06-18 13:53:36.102 W/zygote64( 1664): Unexpected CPU variant for X86 using defaults: x86_64
06-18 13:53:36.156 I/adbd    ( 1752): adbd listening on port 5555
06-18 13:53:36.157 I/adbd    ( 1752): USB event: FUNCTIONFS_ENABLE
06-18 13:53:36.157 W/adbd    ( 1752): received FUNCTIONFS_ENABLE while not bound?
06-18 13:53:36.157 I/adbd    ( 1752): UsbFfs: connection terminated: monitor thread finished
06-18 13:53:36.158 I/adbd    ( 1752): UsbFfs: already offline
06-18 13:53:36.158 I/adbd    ( 1752): destroying transport UsbFfs
06-18 13:53:36.158 I/adbd    ( 1752): UsbFfsConnection being destroyed
06-18 13:53:36.180 W/zygote  ( 1665): JNI RegisterNativeMethods: attempt to register 0 native methods for android.media.AudioAttributes
06-18 13:53:36.181 W/zygote64( 1664): JNI RegisterNativeMethods: attempt to register 0 native methods for android.media.AudioAttributes
06-18 13:53:36.191 D/Zygote  ( 1664): begin preload
06-18 13:53:36.192 I/ServiceManager( 1782): Waiting for service 'package_native' on '/dev/binder'...
06-18 13:53:36.192 I/Zygote  ( 1664): Calling ZygoteHooks.beginPreload()
06-18 13:53:36.200 I/zygote  ( 1665): Explicit concurrent copying GC freed 296(39KB) AllocSpace objects, 0(0B) LOS objects, 98% free, 24KB/1560KB, paused 1.173ms total 7.208ms
06-18 13:53:36.205 I/zygote  ( 1665): Explicit concurrent copying GC freed 5(32KB) AllocSpace objects, 0(0B) LOS objects, 98% free, 24KB/1560KB, paused 689us total 4.112ms
06-18 13:53:36.206 D/Zygote32Timing( 1665): PostZygoteInitGC took to complete: 13ms
06-18 13:53:36.206 D/Zygote32Timing( 1665): ZygoteInit took to complete: 13ms
06-18 13:53:36.210 D/Zygote64Timing( 1664): BeginPreload took to complete: 18ms
06-18 13:53:36.210 I/Zygote  ( 1664): Preloading classes...
06-18 13:53:36.211 W/Zygote  ( 1664): Class not found for preloading: android.app.-$$Lambda$ActivityThread$ZXDWm3IBeFmLnFVblhB-IOZCr9o
06-18 13:53:36.233 I/adbd    ( 1752): opening control endpoint /dev/usb-ffs/adb/ep0
06-18 13:53:36.241 I/adbd    ( 1752): UsbFfsConnection constructed
06-18 13:53:36.243 I/adbd    ( 1752): USB event: FUNCTIONFS_BIND
06-18 13:53:36.243 I/adbd    ( 1752): host-15: write thread spawning
06-18 13:53:36.243 I/adbd    ( 1752): host-15: read thread spawning
06-18 13:53:36.247 I/Zygote  ( 1665): Accepting command socket connections
06-18 13:53:36.263 W/Zygote  ( 1664): Class not found for preloading: android.bluetooth.BluetoothA2dp$2
06-18 13:53:36.270 I/PackageBackwardCompatibility( 1664): Could not find android.content.pm.AndroidTestBaseUpdater, ignoring
06-18 13:53:36.292 I/ServiceManager( 1782): Waiting for service 'package_native' on '/dev/binder'...
06-18 13:53:36.392 I/ServiceManager( 1782): Waiting for service 'package_native' on '/dev/binder'...
06-18 13:53:36.415 I/adbd    ( 1752): host-15: already offline
06-18 13:53:36.493 I/ServiceManager( 1782): Waiting for service 'package_native' on '/dev/binder'...
06-18 13:53:36.502 E/ActivityRecognitionHardware( 1664): activity_recognition HAL is deprecated. class_init is effectively a no-op
06-18 13:53:36.532 I/zygote64( 1664): Thread[1,tid=1664,Native,Thread*=0x759fdbceb000,peer=0x12c02208,"main"] recursive attempt to load library "libmedia_jni.so"
06-18 13:53:36.532 D/MtpDeviceJNI( 1664): register_android_mtp_MtpDevice
06-18 13:53:36.532 I/zygote64( 1664): Thread[1,tid=1664,Native,Thread*=0x759fdbceb000,peer=0x12c02208,"main"] recursive attempt to load library "libmedia_jni.so"
06-18 13:53:36.532 I/zygote64( 1664): Thread[1,tid=1664,Native,Thread*=0x759fdbceb000,peer=0x12c02208,"main"] recursive attempt to load library "libmedia_jni.so"
06-18 13:53:36.539 W/Zygote  ( 1664): Class not found for preloading: android.media.audiopolicy.AudioProductStrategies
06-18 13:53:36.539 W/Zygote  ( 1664): Class not found for preloading: android.media.audiopolicy.AudioVolumeGroups
06-18 13:53:36.594 I/ServiceManager( 1782): Waiting for service 'package_native' on '/dev/binder'...
06-18 13:53:36.617 W/Zygote  ( 1664): Class not found for preloading: android.view.textclassifier.-$$Lambda$TextClassificationManager$JIaezIJbMig_-kVzN6oArzkTsJE
06-18 13:53:36.622 W/Zygote  ( 1664): Class not found for preloading: com.android.internal.net.NetworkStatsFactory
06-18 13:53:36.626 W/Zygote  ( 1664): Class not found for preloading: com.android.internal.telephony.-$$Lambda$PhoneSubInfoController$8HFbCDJDN1mrLJG980qYH5MGqMk
06-18 13:53:36.626 W/Zygote  ( 1664): Class not found for preloading: com.android.internal.telephony.-$$Lambda$PhoneSubInfoController$U28a_EGx2cvmQhDfRRgonMt5Zrc
06-18 13:53:36.626 W/Zygote  ( 1664): Class not found for preloading: com.android.internal.telephony.-$$Lambda$SubscriptionInfoUpdater$-zZXM9oMRZ3vZz7dJOG19J00Bmw
06-18 13:53:36.626 W/Zygote  ( 1664): Class not found for preloading: com.android.internal.telephony.-$$Lambda$SubscriptionInfoUpdater$D5yF1HbS4cvCyoAj3FESkPtA_0g
06-18 13:53:36.626 W/Zygote  ( 1664): Class not found for preloading: com.android.internal.telephony.-$$Lambda$SubscriptionInfoUpdater$MMx9iQX0JVqqMPLTUZhdBubFSzU
06-18 13:53:36.633 W/Zygote  ( 1664): Class not found for preloading: com.android.internal.telephony.PhoneConfigurationModels
06-18 13:53:36.636 W/Zygote  ( 1664): Class not found for preloading: com.android.internal.telephony.SubscriptionController$ScLocalLog
06-18 13:53:36.637 W/Zygote  ( 1664): Class not found for preloading: com.android.internal.telephony.UiccSmsController
06-18 13:53:36.658 I/Zygote  ( 1664): ...preloaded 7590 classes in 449ms.
06-18 13:53:36.658 I/zygote64( 1664): VMRuntime.preloadDexCaches starting
06-18 13:53:36.671 I/zygote64( 1664): VMRuntime.preloadDexCaches strings total=378948 before=9925 after=9925
06-18 13:53:36.671 I/zygote64( 1664): VMRuntime.preloadDexCaches types total=35812 before=7199 after=7467
06-18 13:53:36.671 I/zygote64( 1664): VMRuntime.preloadDexCaches fields total=160603 before=8020 after=8221
06-18 13:53:36.671 I/zygote64( 1664): VMRuntime.preloadDexCaches methods total=281511 before=10884 after=11316
06-18 13:53:36.671 I/zygote64( 1664): VMRuntime.preloadDexCaches finished
06-18 13:53:36.671 D/Zygote64Timing( 1664): PreloadClasses took to complete: 462ms
06-18 13:53:36.674 I/zygote64( 1664): The ClassLoaderContext is a special shared library.
06-18 13:53:36.674 D/ApplicationLoaders( 1664): Created zygote-cached class loader: /system/framework/android.hidl.base-V1.0-java.jar
06-18 13:53:36.676 I/zygote64( 1664): The ClassLoaderContext is a special shared library.
06-18 13:53:36.676 D/ApplicationLoaders( 1664): Created zygote-cached class loader: /system/framework/android.hidl.manager-V1.0-java.jar
06-18 13:53:36.676 D/Zygote64Timing( 1664): CacheNonBootClasspathClassLoaders took to complete: 5ms
06-18 13:53:36.694 I/ServiceManager( 1782): Waiting for service 'package_native' on '/dev/binder'...
06-18 13:53:36.798 I/ServiceManager( 1782): Waiting for service 'package_native' on '/dev/binder'...
06-18 13:53:36.860 I/Zygote  ( 1664): Preloading resources...
06-18 13:53:36.870 W/Resources( 1664): Preloaded drawable resource #0x108027c (android:drawable/dialog_background_material) that varies with configuration!!
06-18 13:53:36.882 I/Zygote  ( 1664): ...preloaded 64 resources in 21ms.
06-18 13:53:36.883 I/Zygote  ( 1664): ...preloaded 41 resources in 2ms.
06-18 13:53:36.883 D/Zygote64Timing( 1664): PreloadResources took to complete: 207ms
06-18 13:53:36.887 I/Zygote  ( 1664): Preloading shared libraries...
06-18 13:53:36.895 I/adbd    ( 1752): USB event: FUNCTIONFS_ENABLE
06-18 13:53:36.897 I/Zygote  ( 1664): Called ZygoteHooks.endPreload()
06-18 13:53:36.897 I/Zygote  ( 1664): Installed AndroidKeyStoreProvider in 0ms.
06-18 13:53:36.899 I/Zygote  ( 1664): Warmed up JCA providers in 2ms.
06-18 13:53:36.899 D/Zygote  ( 1664): end preload
06-18 13:53:36.899 D/Zygote64Timing( 1664): ZygotePreload took to complete: 708ms
06-18 13:53:36.905 I/zygote64( 1664): Explicit concurrent copying GC freed 24565(1301KB) AllocSpace objects, 0(0B) LOS objects, 71% free, 2436KB/8580KB, paused 332us total 5.908ms
06-18 13:53:36.914 I/zygote64( 1664): Explicit concurrent copying GC freed 1659(81KB) AllocSpace objects, 0(0B) LOS objects, 72% free, 2371KB/8515KB, paused 326us total 4.843ms
06-18 13:53:36.914 D/Zygote64Timing( 1664): PostZygoteInitGC took to complete: 14ms
06-18 13:53:36.914 D/Zygote64Timing( 1664): ZygoteInit took to complete: 722ms
06-18 13:53:36.914 I/ServiceManager( 1782): Waiting for service 'package_native' on '/dev/binder'...
06-18 13:53:36.979 D/Zygote  ( 1664): Forked child process 1922
06-18 13:53:36.979 I/Zygote  ( 1664): System server process 1922 has been created
06-18 13:53:36.980 I/Zygote  ( 1664): Accepting command socket connections
06-18 13:53:36.985 I/system_server( 1922): The ClassLoaderContext is a special shared library.
06-18 13:53:37.009 I/chatty  ( 1922): uid=1000 system_server identical 2 lines
06-18 13:53:37.013 I/system_server( 1922): The ClassLoaderContext is a special shared library.
06-18 13:53:37.014 I/ServiceManager( 1782): Waiting for service 'package_native' on '/dev/binder'...
06-18 13:53:37.016 W/system_server( 1922): Unexpected CPU variant for X86 using defaults: x86_64
06-18 13:53:37.044 I/SystemServer( 1922): InitBeforeStartServices
06-18 13:53:37.046 W/SystemServer( 1922): Timezone not set; setting to GMT.
06-18 13:53:37.049 I/SystemServer( 1922): Entered the Android system server!
06-18 13:53:37.115 I/ServiceManager( 1782): Waiting for service 'package_native' on '/dev/binder'...
06-18 13:53:37.164 E/UsbAlsaJackDetectorJNI( 1922): Can't register UsbAlsaJackDetector native methods
06-18 13:53:37.179 D/SystemServerTiming( 1922): InitBeforeStartServices took to complete: 135ms
06-18 13:53:37.180 I/SystemServer( 1922): StartServices
06-18 13:53:37.180 I/SystemServer( 1922): StartWatchdog
06-18 13:53:37.192 D/SystemServerTiming( 1922): StartWatchdog took to complete: 13ms
06-18 13:53:37.192 I/SystemServer( 1922): Reading configuration...
06-18 13:53:37.192 I/SystemServer( 1922): ReadingSystemConfig
06-18 13:53:37.195 D/SystemServerTiming( 1922): ReadingSystemConfig took to complete: 2ms
06-18 13:53:37.195 I/SystemServer( 1922): StartInstaller
06-18 13:53:37.195 I/SystemServiceManager( 1922): Starting com.android.server.pm.Installer
06-18 13:53:37.196 D/SystemServerInitThreadPool( 1922): Started executing ReadingSystemConfig
06-18 13:53:37.198 D/installd( 1770): Found quota mount /dev/block/vdc at /data
06-18 13:53:37.199 D/SystemServerTiming( 1922): StartInstaller took to complete: 3ms
06-18 13:53:37.199 I/SystemServer( 1922): DeviceIdentifiersPolicyService
06-18 13:53:37.199 I/SystemServiceManager( 1922): Starting com.android.server.os.DeviceIdentifiersPolicyService
06-18 13:53:37.199 D/SystemServerTiming( 1922): DeviceIdentifiersPolicyService took to complete: 1ms
06-18 13:53:37.199 I/SystemServer( 1922): UriGrantsManagerService
06-18 13:53:37.199 I/SystemServiceManager( 1922): Starting com.android.server.uri.UriGrantsManagerService$Lifecycle
06-18 13:53:37.202 D/SystemServerTiming( 1922): UriGrantsManagerService took to complete: 3ms
06-18 13:53:37.202 I/SystemServer( 1922): StartActivityManager
06-18 13:53:37.202 I/SystemServiceManager( 1922): Starting com.android.server.wm.ActivityTaskManagerService$Lifecycle
06-18 13:53:37.207 I/SystemServiceManager( 1922): Starting com.android.server.am.ActivityManagerService$Lifecycle
06-18 13:53:37.215 I/ServiceManager( 1782): Waiting for service 'package_native' on '/dev/binder'...
06-18 13:53:37.221 I/ActivityManager( 1922): Memory class: 512
06-18 13:53:37.228 I/SystemConfig( 1922): Adding association: com.google.android.as <- com.android.providers.contacts
06-18 13:53:37.228 I/SystemConfig( 1922): Adding association: com.google.android.as <- com.android.providers.media
06-18 13:53:37.228 I/SystemConfig( 1922): Adding association: com.google.android.as <- com.android.providers.telephony
06-18 13:53:37.228 I/SystemConfig( 1922): Adding association: com.google.android.as <- com.android.systemui
06-18 13:53:37.228 I/SystemConfig( 1922): Adding association: com.google.android.as <- com.google.android.gms
06-18 13:53:37.228 I/SystemConfig( 1922): Adding association: com.google.android.as <- com.google.android.gsf
06-18 13:53:37.235 D/BatteryStatsImpl( 1922): Reading daily items from /data/system/batterystats-daily.xml
06-18 13:53:37.237 E/BatteryStatsImpl( 1922): Error reading battery statistics
06-18 13:53:37.237 E/BatteryStatsImpl( 1922): java.io.FileNotFoundException: /data/system/batterystats.bin: open failed: ENOENT (No such file or directory)
06-18 13:53:37.237 E/BatteryStatsImpl( 1922): 	at libcore.io.IoBridge.open(IoBridge.java:496)
06-18 13:53:37.237 E/BatteryStatsImpl( 1922): 	at java.io.FileInputStream.<init>(FileInputStream.java:159)
06-18 13:53:37.237 E/BatteryStatsImpl( 1922): 	at com.android.internal.os.AtomicFile.openRead(AtomicFile.java:157)
06-18 13:53:37.237 E/BatteryStatsImpl( 1922): 	at com.android.internal.os.AtomicFile.readFully(AtomicFile.java:162)
06-18 13:53:37.237 E/BatteryStatsImpl( 1922): 	at com.android.internal.os.BatteryStatsImpl.readLocked(BatteryStatsImpl.java:13339)
06-18 13:53:37.237 E/BatteryStatsImpl( 1922): 	at com.android.server.am.ActivityManagerService.<init>(ActivityManagerService.java:2501)
06-18 13:53:37.237 E/BatteryStatsImpl( 1922): 	at com.android.server.am.ActivityManagerService$Lifecycle.<init>(ActivityManagerService.java:2215)
06-18 13:53:37.237 E/BatteryStatsImpl( 1922): 	at java.lang.reflect.Constructor.newInstance0(Native Method)
06-18 13:53:37.237 E/BatteryStatsImpl( 1922): 	at java.lang.reflect.Constructor.newInstance(Constructor.java:343)
06-18 13:53:37.237 E/BatteryStatsImpl( 1922): 	at com.android.server.SystemServiceManager.startService(SystemServiceManager.java:101)
06-18 13:53:37.237 E/BatteryStatsImpl( 1922): 	at com.android.server.am.ActivityManagerService$Lifecycle.startService(ActivityManagerService.java:2221)
06-18 13:53:37.237 E/BatteryStatsImpl( 1922): 	at com.android.server.SystemServer.startBootstrapServices(SystemServer.java:660)
06-18 13:53:37.237 E/BatteryStatsImpl( 1922): 	at com.android.server.SystemServer.run(SystemServer.java:510)
06-18 13:53:37.237 E/BatteryStatsImpl( 1922): 	at com.android.server.SystemServer.main(SystemServer.java:349)
06-18 13:53:37.237 E/BatteryStatsImpl( 1922): 	at java.lang.reflect.Method.invoke(Native Method)
06-18 13:53:37.237 E/BatteryStatsImpl( 1922): 	at com.android.internal.os.RuntimeInit$MethodAndArgsCaller.run(RuntimeInit.java:492)
06-18 13:53:37.237 E/BatteryStatsImpl( 1922): 	at com.android.internal.os.ZygoteInit.main(ZygoteInit.java:908)
06-18 13:53:37.237 E/BatteryStatsImpl( 1922): Caused by: android.system.ErrnoException: open failed: ENOENT (No such file or directory)
06-18 13:53:37.237 E/BatteryStatsImpl( 1922): 	at libcore.io.Linux.open(Native Method)
06-18 13:53:37.237 E/BatteryStatsImpl( 1922): 	at libcore.io.ForwardingOs.open(ForwardingOs.java:167)
06-18 13:53:37.237 E/BatteryStatsImpl( 1922): 	at libcore.io.BlockGuardOs.open(BlockGuardOs.java:252)
06-18 13:53:37.237 E/BatteryStatsImpl( 1922): 	at libcore.io.IoBridge.open(IoBridge.java:482)
06-18 13:53:37.237 E/BatteryStatsImpl( 1922): 	... 16 more
06-18 13:53:37.237 E/BatteryStatsImpl( 1922): Error reading battery history
06-18 13:53:37.237 E/BatteryStatsImpl( 1922): java.io.FileNotFoundException: /data/system/battery-history/0.bin: open failed: ENOENT (No such file or directory)
06-18 13:53:37.237 E/BatteryStatsImpl( 1922): 	at libcore.io.IoBridge.open(IoBridge.java:496)
06-18 13:53:37.237 E/BatteryStatsImpl( 1922): 	at java.io.FileInputStream.<init>(FileInputStream.java:159)
06-18 13:53:37.237 E/BatteryStatsImpl( 1922): 	at com.android.internal.os.AtomicFile.openRead(AtomicFile.java:157)
06-18 13:53:37.237 E/BatteryStatsImpl( 1922): 	at com.android.internal.os.AtomicFile.readFully(AtomicFile.java:162)
06-18 13:53:37.237 E/BatteryStatsImpl( 1922): 	at com.android.internal.os.BatteryStatsImpl.readLocked(BatteryStatsImpl.java:13358)
06-18 13:53:37.237 E/BatteryStatsImpl( 1922): 	at com.android.server.am.ActivityManagerService.<init>(ActivityManagerService.java:2501)
06-18 13:53:37.237 E/BatteryStatsImpl( 1922): 	at com.android.server.am.ActivityManagerService$Lifecycle.<init>(ActivityManagerService.java:2215)
06-18 13:53:37.237 E/BatteryStatsImpl( 1922): 	at java.lang.reflect.Constructor.newInstance0(Native Method)
06-18 13:53:37.237 E/BatteryStatsImpl( 1922): 	at java.lang.reflect.Constructor.newInstance(Constructor.java:343)
06-18 13:53:37.237 E/BatteryStatsImpl( 1922): 	at com.android.server.SystemServiceManager.startService(SystemServiceManager.java:101)
06-18 13:53:37.237 E/BatteryStatsImpl( 1922): 	at com.android.server.am.ActivityManagerService$Lifecycle.startService(ActivityManagerService.java:2221)
06-18 13:53:37.237 E/BatteryStatsImpl( 1922): 	at com.android.server.SystemServer.startBootstrapServices(SystemServer.java:660)
06-18 13:53:37.237 E/BatteryStatsImpl( 1922): 	at com.android.server.SystemServer.run(SystemServer.java:510)
06-18 13:53:37.237 E/BatteryStatsImpl( 1922): 	at com.android.server.SystemServer.main(SystemServer.java:349)
06-18 13:53:37.237 E/BatteryStatsImpl( 1922): 	at java.lang.reflect.Method.invoke(Native Method)
06-18 13:53:37.237 E/BatteryStatsImpl( 1922): 	at com.android.internal.os.RuntimeInit$MethodAndArgsCaller.run(RuntimeInit.java:492)
06-18 13:53:37.237 E/BatteryStatsImpl( 1922): 	at com.android.internal.os.ZygoteInit.main(ZygoteInit.java:908)
06-18 13:53:37.237 E/BatteryStatsImpl( 1922): Caused by: android.system.ErrnoException: open failed: ENOENT (No such file or directory)
06-18 13:53:37.237 E/BatteryStatsImpl( 1922): 	at libcore.io.Linux.open(Native Method)
06-18 13:53:37.237 E/BatteryStatsImpl( 1922): 	at libcore.io.ForwardingOs.open(ForwardingOs.java:167)
06-18 13:53:37.237 E/BatteryStatsImpl( 1922): 	at libcore.io.BlockGuardOs.open(BlockGuardOs.java:252)
06-18 13:53:37.237 E/BatteryStatsImpl( 1922): 	at libcore.io.IoBridge.open(IoBridge.java:482)
06-18 13:53:37.237 E/BatteryStatsImpl( 1922): 	... 16 more
06-18 13:53:37.240 I/hwservicemanager( 1567): getTransport: Cannot find entry android.hardware.power.stats@1.0::IPowerStats/default in either framework or device manifest.
06-18 13:53:37.241 I/BatteryStatsService( 1922): Using power HAL
06-18 13:53:37.241 E/BatteryStatsService( 1922): Unable to load Power.Stats.HAL. Setting rail availability to false
06-18 13:53:37.242 E/BluetoothAdapter( 1922): Bluetooth binder is null
06-18 13:53:37.244 E/BatteryExternalStatsWorker( 1922): no controller energy info supplied for telephony
06-18 13:53:37.245 W/SystemConfig( 1922): No directory /product_services/etc/sysconfig, skipping
06-18 13:53:37.245 W/SystemConfig( 1922): No directory /product_services/etc/permissions, skipping
06-18 13:53:37.245 D/SystemServerInitThreadPool( 1922): Finished executing ReadingSystemConfig
06-18 13:53:37.246 E/KernelCpuUidFreqTimeReader( 1922): Failed to read /proc/uid_time_in_state: java.nio.file.NoSuchFileException: /proc/uid_time_in_state
06-18 13:53:37.247 W/KernelCpuProcStringReader( 1922): File not found. It's normal if not implemented: /proc/uid_time_in_state
06-18 13:53:37.247 W/KernelCpuProcStringReader( 1922): File not found. It's normal if not implemented: /proc/uid_concurrent_active_time
06-18 13:53:37.247 W/KernelCpuProcStringReader( 1922): File not found. It's normal if not implemented: /proc/uid_concurrent_policy_time
06-18 13:53:37.248 W/KernelMemoryBandwidthStats( 1922): No kernel memory bandwidth stats available
06-18 13:53:37.249 I/PowerManagerService-JNI( 1922): Loaded power HAL 1.0 service
06-18 13:53:37.249 I/PowerManagerService-JNI( 1922): Loaded power HAL 1.1 service
06-18 13:53:37.257 I/hwservicemanager( 1567): getTransport: Cannot find entry android.hardware.memtrack@1.0::IMemtrack/default in either framework or device manifest.
06-18 13:53:37.257 E/memtrack( 1922): Couldn't load memtrack module
06-18 13:53:37.257 W/android.os.Debug( 1922): failed to get memory consumption info: -1
06-18 13:53:37.259 I/AppOps  ( 1922): No existing app ops /data/system/appops.xml; starting empty
06-18 13:53:37.263 I/IntentFirewall( 1922): Read new rules (A:0 B:0 S:0)
06-18 13:53:37.274 W/libprocessgroup( 1922): Failed to remove /acct/uid_1003: Permission denied
06-18 13:53:37.279 D/AppOps  ( 1922): AppOpsService published
06-18 13:53:37.282 D/SystemServerTiming( 1922): StartActivityManager took to complete: 79ms
06-18 13:53:37.282 I/SystemServer( 1922): StartPowerManager
06-18 13:53:37.282 I/SystemServiceManager( 1922): Starting com.android.server.power.PowerManagerService
06-18 13:53:37.289 D/SystemServerTiming( 1922): StartPowerManager took to complete: 8ms
06-18 13:53:37.289 I/SystemServer( 1922): StartThermalManager
06-18 13:53:37.289 I/SystemServiceManager( 1922): Starting com.android.server.power.ThermalManagerService
06-18 13:53:37.290 D/SystemServerTiming( 1922): StartThermalManager took to complete: 0ms
06-18 13:53:37.290 I/SystemServer( 1922): InitPowerManagement
06-18 13:53:37.290 D/SystemServerTiming( 1922): InitPowerManagement took to complete: 1ms
06-18 13:53:37.290 I/SystemServer( 1922): StartRecoverySystemService
06-18 13:53:37.290 I/SystemServiceManager( 1922): Starting com.android.server.RecoverySystemService
06-18 13:53:37.291 D/SystemServerTiming( 1922): StartRecoverySystemService took to complete: 1ms
06-18 13:53:37.291 V/RescueParty( 1922): Disabled because of active USB connection
06-18 13:53:37.291 I/SystemServer( 1922): StartLightsService
06-18 13:53:37.291 I/SystemServiceManager( 1922): Starting com.android.server.lights.LightsService
06-18 13:53:37.297 D/SystemServerTiming( 1922): StartLightsService took to complete: 5ms
06-18 13:53:37.297 I/SystemServer( 1922): StartSidekickService
06-18 13:53:37.297 D/SystemServerTiming( 1922): StartSidekickService took to complete: 0ms
06-18 13:53:37.297 I/SystemServer( 1922): StartDisplayManager
06-18 13:53:37.297 I/SystemServiceManager( 1922): Starting com.android.server.display.DisplayManagerService
06-18 13:53:37.299 D/SystemServerTiming( 1922): StartDisplayManager took to complete: 2ms
06-18 13:53:37.299 I/SystemServer( 1922): WaitForDisplay
06-18 13:53:37.299 I/SystemServiceManager( 1922): Starting phase 100
06-18 13:53:37.301 E/SurfaceFlinger( 1724): ro.sf.lcd_density must be defined as a build property
06-18 13:53:37.306 I/DisplayManagerService( 1922): Display device added: DisplayDeviceInfo{"Built-in Screen": uniqueId="local:0", 320 x 640, modeId 1, defaultModeId 1, supportedModes [{id=1, width=320, height=640, fps=60.000004}], colorMode 0, supportedColorModes [0], HdrCapabilities android.view.Display$HdrCapabilities@40f16308, density 160, 160.0 x 160.0 dpi, appVsyncOff 1000000, presDeadline 16666666, touch INTERNAL, rotation 0, type BUILT_IN, address {port=0}, state UNKNOWN, FLAG_DEFAULT_DISPLAY, FLAG_ROTATES_WITH_CONTENT, FLAG_SECURE, FLAG_SUPPORTS_PROTECTED_BUFFERS}
06-18 13:53:37.309 D/SurfaceFlinger( 1724): Setting power mode 2 on display 0
06-18 13:53:37.311 I/hwservicemanager( 1567): getTransport: Cannot find entry android.hardware.light@2.0::ILight/default in either framework or device manifest.
06-18 13:53:37.311 D/SystemServerTiming( 1922): WaitForDisplay took to complete: 12ms
06-18 13:53:37.311 W/StrictMode( 1922): No activity manager; failed to Dropbox violation.
06-18 13:53:37.311 I/SystemServer( 1922): StartPackageManagerService
06-18 13:53:37.311 I/Watchdog( 1922): Pausing HandlerChecker: main thread for reason: packagemanagermain. Pause count: 1
06-18 13:53:37.312 I/DisplayManagerService( 1922): Display device changed state: "Built-in Screen", ON
06-18 13:53:37.312 I/chatty  ( 1922): uid=1000(system) android.display identical 4 lines
06-18 13:53:37.312 W/StrictMode( 1922): No activity manager; failed to Dropbox violation.
06-18 13:53:37.315 I/ServiceManager( 1782): Waiting for service 'package_native' on '/dev/binder'...
06-18 13:53:37.333 W/FileUtils( 1922): Failed to chmod(/data/system/packages.list): android.system.ErrnoException: chmod failed: ENOENT (No such file or directory)
06-18 13:53:37.337 D/SELinuxMMAC( 1922): Using policy file /system/etc/selinux/plat_mac_permissions.xml
06-18 13:53:37.338 D/SELinuxMMAC( 1922): Using policy file /vendor/etc/selinux/vendor_mac_permissions.xml
06-18 13:53:37.339 D/FallbackCategoryProvider( 1922): Found 387 fallback categories
06-18 13:53:37.339 I/PackageManager( 1922): No settings file; creating initial state
06-18 13:53:37.342 D/PackageManager( 1922): No files in app dir /vendor/overlay
06-18 13:53:37.349 I/PackageManager( 1922): /system/product/overlay/FontNotoSerifSource changed; collecting certs
06-18 13:53:37.367 V/apexd   ( 1640): Found bundled key in package /system/apex/com.android.apex.cts.shim.apex
06-18 13:53:37.367 E/apexd   ( 1640): Can't open /product/apex for reading : No such file or directory
