06-18 13:53:40.266 D/WifiActiveModeWarden( 1922): Switching from ScanOnlyModeActiveState to ClientMode
06-18 13:53:40.266 D/WifiScanOnlyModeManager( 1922):  currentstate: StartedState
06-18 13:53:40.266 D/WifiScanRequestProxy( 1922): Sending scan available broadcast: false
06-18 13:53:40.266 I/WifiScanningService( 1922): wifi driver unloaded
06-18 13:53:40.267 I/WifiScanRequestProxy( 1922): Scanning is disabled
06-18 13:53:40.267 W/wificond( 1783): No pno scan started
06-18 13:53:40.267 E/wificond( 1783): Receive ERROR message in response to 'stop scheduled scan' request: Operation not supported on transport endpoint
06-18 13:53:40.267 D/WifiActiveModeWarden( 1922): Entering ClientModeActiveState
06-18 13:53:40.267 D/WifiClientModeManager( 1922): entering IdleState
06-18 13:53:40.267 D/WakeupController( 1922): stop()
06-18 13:53:40.269 W/android.hardware.wifi@1.0-service( 1706): No active wlan interfaces in use! Using default
06-18 13:53:40.271 I/wificond( 1783): Unsubscribe scan result for interface with index: 3
06-18 13:53:40.273 D/WificondControl( 1922): tearing down interfaces in wificond
06-18 13:53:40.277 I/OMXClient( 1779): IOmx service obtained
06-18 13:53:40.277 I/OMXMaster( 1787): makeComponentInstance(OMX.google.aac.encoder) in android.hardwar process
06-18 13:53:40.282 W/AlarmManager( 2085): Unrecognized alarm listener com.android.systemui.keyguard.-$$Lambda$KeyguardSliceProvider$IhzByd8TsqFuOrSyuGurVskyPLo@f7b3d50
06-18 13:53:40.284 I/android.hardware.wifi@1.0-service( 1706): Legacy HAL stop complete callback received
06-18 13:53:40.285 I/android.hardware.wifi@1.0-service( 1706): Wifi HAL stopped
06-18 13:53:40.286 I/WifiVendorHal( 1922): Vendor Hal stopped
06-18 13:53:40.286 I/WifiNative( 1922): Successfully torn down Iface:{Name=wlan0,Id=0,Type=STA_SCAN}
06-18 13:53:40.286 E/HalDevMgr( 1922): getAllChipInfo: called but mWifi is null!?
06-18 13:53:40.286 E/HalDevMgr( 1922): dispatchAvailableForRequestListeners: no chip info found
06-18 13:53:40.286 W/HalDevMgr( 1922): stopWifi called but mWifi is null!?
06-18 13:53:40.286 I/WifiNative( 1922): Successfully initiated teardown for iface=wlan0
06-18 13:53:40.286 D/WifiScanOnlyModeManager( 1922): expected stop, not triggering callbacks: state = 1
06-18 13:53:40.286 D/WifiActiveModeWarden( 1922): State changed from client mode. state = 2
06-18 13:53:40.286 W/HalDevMgr( 1922): isWifiStarted called but mWifi is null!?
06-18 13:53:40.288 I/android_os_HwBinder( 1922): HwBinder: Starting thread pool for getting: android.hardware.wifi@1.0::IWifi/default
06-18 13:53:40.290 I/android.hardware.wifi@1.0-service( 1706): Wifi HAL started
06-18 13:53:40.291 I/WifiVendorHal( 1922): Vendor Hal started successfully
06-18 13:53:40.291 I/WifiP2pNative( 1922): Registering for interface available listener
06-18 13:53:40.292 I/android_os_HwBinder( 1922): HwBinder: Starting thread pool for getting: android.hidl.manager@1.0::IServiceManager/default
06-18 13:53:40.293 D/PackageManager( 1922): Instant App installer not found with android.intent.action.INSTALL_INSTANT_APP_PACKAGE
06-18 13:53:40.293 D/PackageManager( 1922): Clear ephemeral installer activity
06-18 13:53:40.294 I/hwservicemanager( 1567): getTransport: Cannot find entry android.hardware.wifi.supplicant@1.1::ISupplicant/default in either framework or device manifest.
06-18 13:53:40.294 I/SupplicantStaIfaceHal( 1922): Starting supplicant using init
06-18 13:53:40.299 I/WifiP2pNative( 1922): Registering for interface available listener
06-18 13:53:40.299 D/WifiP2pNative( 1922): P2P InterfaceAvailableListener true
06-18 13:53:40.299 D/WifiP2pService( 1922): Wifi enabled=false, P2P Interface availability=true, Number of clients=0
06-18 13:53:40.299 D/WifiP2pService( 1922): Wifi enabled=false, P2P Interface availability=true
06-18 13:53:40.305 I/OMXClient( 1779): IOmx service obtained
06-18 13:53:40.305 I/OMXMaster( 1787): makeComponentInstance(OMX.google.amrnb.encoder) in android.hardwar process
06-18 13:53:40.310 E/ActivityThread( 2066): Failed to find provider info for com.google.android.gsf.gservices
06-18 13:53:40.312 I/OMXClient( 1779): IOmx service obtained
06-18 13:53:40.312 I/OMXMaster( 1787): makeComponentInstance(OMX.google.amrwb.encoder) in android.hardwar process
06-18 13:53:40.315 I/OMXClient( 1779): IOmx service obtained
06-18 13:53:40.315 I/OMXMaster( 1787): makeComponentInstance(OMX.google.flac.encoder) in android.hardwar process
06-18 13:53:40.316 I/SystemConfig( 2110): Adding association: com.google.android.as <- com.android.providers.contacts
06-18 13:53:40.316 I/SystemConfig( 2110): Adding association: com.google.android.as <- com.android.providers.media
06-18 13:53:40.316 I/SystemConfig( 2110): Adding association: com.google.android.as <- com.android.providers.telephony
06-18 13:53:40.316 I/SystemConfig( 2110): Adding association: com.google.android.as <- com.android.systemui
06-18 13:53:40.316 I/SystemConfig( 2110): Adding association: com.google.android.as <- com.google.android.gms
06-18 13:53:40.316 I/SystemConfig( 2110): Adding association: com.google.android.as <- com.google.android.gsf
06-18 13:53:40.318 E/ActivityThread( 2066): Failed to find provider info for com.google.android.gsf.gservices
06-18 13:53:40.320 W/SystemConfig( 2110): No directory /product_services/etc/sysconfig, skipping
06-18 13:53:40.320 W/SystemConfig( 2110): No directory /product_services/etc/permissions, skipping
06-18 13:53:40.326 E/ActivityThread( 2066): Failed to find provider info for com.google.android.gsf.gservices
06-18 13:53:40.328 I/OMXClient( 1779): IOmx service obtained
06-18 13:53:40.328 I/OMXMaster( 1787): makeComponentInstance(OMX.android.goldfish.h264.decoder) in android.hardwar process
06-18 13:53:40.328 I/GoldfishOMXPlugin( 1787): makeComponentInstance 'OMX.android.goldfish.h264.decoder'
06-18 13:53:40.328 I/GoldfishOMXPlugin( 1787): Using goldfish codec for 'avcdec'
06-18 13:53:40.330 W/DirectBootExitBR( 2066): User is in direct boot mode.
06-18 13:53:40.337 D/ProtoStore( 2085): no cached data
06-18 13:53:40.337 D/ProtoStore( 2085): no cached data
06-18 13:53:40.341 I/goldfish_avcdec( 1787): created GoldfishAVCDec 98 object 0xf124b000
06-18 13:53:40.342 E/OMXNodeInstance( 1787): getExtensionIndex(0xf11e4d80:android.goldfish.h264.decoder, OMX.google.android.index.configureVideoTunnelMode) ERROR: UnsupportedIndex(0x8000101a)
06-18 13:53:40.342 D/MediaCodecInfo( 1779): detail feature-tunneled-playback wasn't present to remove
06-18 13:53:40.342 W/OMXNodeInstance( 1787): [0xf11e4d80:android.goldfish.h264.decoder] component does not support metadata mode; using fallback
06-18 13:53:40.351 I/OMXClient( 1779): IOmx service obtained
06-18 13:53:40.351 I/OMXMaster( 1787): makeComponentInstance(OMX.google.h264.decoder) in android.hardwar process
06-18 13:53:40.352 E/OMXNodeInstance( 1787): getExtensionIndex(0xf11e4d80:google.h264.decoder, OMX.google.android.index.configureVideoTunnelMode) ERROR: UnsupportedIndex(0x8000101a)
06-18 13:53:40.352 D/MediaCodecInfo( 1779): detail feature-tunneled-playback wasn't present to remove
06-18 13:53:40.353 E/OMXNodeInstance( 1787): getExtensionIndex(0xf11e4d80:google.h264.decoder, OMX.google.android.index.enableAndroidNativeBuffers) ERROR: UnsupportedIndex(0x8000101a)
06-18 13:53:40.359 I/OMXClient( 1779): IOmx service obtained
06-18 13:53:40.359 I/OMXMaster( 1787): makeComponentInstance(OMX.google.h263.decoder) in android.hardwar process
06-18 13:53:40.360 E/OMXNodeInstance( 1787): getExtensionIndex(0xf11e4d80:google.h263.decoder, OMX.google.android.index.configureVideoTunnelMode) ERROR: UnsupportedIndex(0x8000101a)
06-18 13:53:40.360 D/MediaCodecInfo( 1779): detail feature-tunneled-playback wasn't present to remove
06-18 13:53:40.360 E/OMXNodeInstance( 1787): getExtensionIndex(0xf11e4d80:google.h263.decoder, OMX.google.android.index.enableAndroidNativeBuffers) ERROR: UnsupportedIndex(0x8000101a)
06-18 13:53:40.361 I/OMXClient( 1779): IOmx service obtained
06-18 13:53:40.361 I/OMXMaster( 1787): makeComponentInstance(OMX.google.hevc.decoder) in android.hardwar process
06-18 13:53:40.365 E/OMXNodeInstance( 1787): getExtensionIndex(0xf11e4d80:google.hevc.decoder, OMX.google.android.index.configureVideoTunnelMode) ERROR: UnsupportedIndex(0x8000101a)
06-18 13:53:40.365 D/MediaCodecInfo( 1779): detail feature-tunneled-playback wasn't present to remove
06-18 13:53:40.365 E/OMXNodeInstance( 1787): getExtensionIndex(0xf11e4d80:google.hevc.decoder, OMX.google.android.index.enableAndroidNativeBuffers) ERROR: UnsupportedIndex(0x8000101a)
06-18 13:53:40.366 I/OMXClient( 1779): IOmx service obtained
06-18 13:53:40.366 I/OMXMaster( 1787): makeComponentInstance(OMX.google.mpeg4.decoder) in android.hardwar process
06-18 13:53:40.367 E/OMXNodeInstance( 1787): getExtensionIndex(0xf11e4d80:google.mpeg4.decoder, OMX.google.android.index.configureVideoTunnelMode) ERROR: UnsupportedIndex(0x8000101a)
06-18 13:53:40.367 D/MediaCodecInfo( 1779): detail feature-tunneled-playback wasn't present to remove
06-18 13:53:40.367 E/OMXNodeInstance( 1787): getExtensionIndex(0xf11e4d80:google.mpeg4.decoder, OMX.google.android.index.enableAndroidNativeBuffers) ERROR: UnsupportedIndex(0x8000101a)
06-18 13:53:40.367 I/OMXClient( 1779): IOmx service obtained
06-18 13:53:40.368 I/OMXMaster( 1787): makeComponentInstance(OMX.android.goldfish.vp8.decoder) in android.hardwar process
06-18 13:53:40.368 I/GoldfishOMXPlugin( 1787): makeComponentInstance 'OMX.android.goldfish.vp8.decoder'
06-18 13:53:40.368 I/GoldfishOMXPlugin( 1787): Using goldfish codec for 'vpxdec'
06-18 13:53:40.369 I/goldfish_vpxdec( 1787): calling constructor of GoldfishVPX
06-18 13:53:40.369 E/OMXNodeInstance( 1787): getExtensionIndex(0xf11e4d80:android.goldfish.vp8.decoder, OMX.google.android.index.configureVideoTunnelMode) ERROR: UnsupportedIndex(0x8000101a)
06-18 13:53:40.369 D/MediaCodecInfo( 1779): detail feature-tunneled-playback wasn't present to remove
06-18 13:53:40.369 W/OMXNodeInstance( 1787): [0xf11e4d80:android.goldfish.vp8.decoder] component does not support metadata mode; using fallback
06-18 13:53:40.370 I/goldfish_vpxdec( 1787): calling destructor of GoldfishVPX
06-18 13:53:40.370 I/OMXClient( 1779): IOmx service obtained
06-18 13:53:40.370 I/OMXMaster( 1787): makeComponentInstance(OMX.google.vp8.decoder) in android.hardwar process
06-18 13:53:40.374 E/OMXNodeInstance( 1787): getExtensionIndex(0xf11e4d80:google.vp8.decoder, OMX.google.android.index.configureVideoTunnelMode) ERROR: UnsupportedIndex(0x8000101a)
06-18 13:53:40.374 D/MediaCodecInfo( 1779): detail feature-tunneled-playback wasn't present to remove
06-18 13:53:40.374 E/OMXNodeInstance( 1787): getExtensionIndex(0xf11e4d80:google.vp8.decoder, OMX.google.android.index.enableAndroidNativeBuffers) ERROR: UnsupportedIndex(0x8000101a)
06-18 13:53:40.376 I/GmsApplication( 2066): Staging modules and/or updating config
06-18 13:53:40.378 I/wpa_supplicant( 2160): Processing hidl events on FD 3
06-18 13:53:40.379 E/ChimeraCfgMgr( 2066): Failed to read module config: java.io.FileNotFoundException: /data/user_de/0/com.google.android.gms/app_chimera/current_config.fb: open failed: ENOENT (No such file or directory)
06-18 13:53:40.379 I/ServiceManagement( 2160): Registered android.hardware.wifi.supplicant@1.2::ISupplicant/default (start delay of 76ms)
06-18 13:53:40.379 I/wpa_supplicant( 2160): Successfully initialized wpa_supplicant
06-18 13:53:40.380 I/wpa_supplicant( 2160): rfkill: Cannot open RFKILL control device
06-18 13:53:40.384 I/OMXClient( 1779): IOmx service obtained
06-18 13:53:40.384 I/OMXMaster( 1787): makeComponentInstance(OMX.android.goldfish.vp9.decoder) in android.hardwar process
06-18 13:53:40.384 I/GoldfishOMXPlugin( 1787): makeComponentInstance 'OMX.android.goldfish.vp9.decoder'
06-18 13:53:40.384 I/GoldfishOMXPlugin( 1787): Using goldfish codec for 'vpxdec'
06-18 13:53:40.384 I/goldfish_vpxdec( 1787): calling constructor of GoldfishVPX
06-18 13:53:40.384 E/OMXNodeInstance( 1787): getExtensionIndex(0xf11e4d80:android.goldfish.vp9.decoder, OMX.google.android.index.configureVideoTunnelMode) ERROR: UnsupportedIndex(0x8000101a)
06-18 13:53:40.384 I/GmsApplication( 2066): Staging modules
06-18 13:53:40.384 D/MediaCodecInfo( 1779): detail feature-tunneled-playback wasn't present to remove
06-18 13:53:40.384 W/OMXNodeInstance( 1787): [0xf11e4d80:android.goldfish.vp9.decoder] component does not support metadata mode; using fallback
06-18 13:53:40.385 I/FileApkMgr( 2066): Extracting modules...
06-18 13:53:40.386 I/goldfish_vpxdec( 1787): calling destructor of GoldfishVPX
06-18 13:53:40.392 E/ConfigFileUtils( 2066): Failed to read config file: /data/user_de/0/com.google.android.gms/app_chimera/current_fileapks.pb: open failed: ENOENT (No such file or directory)
06-18 13:53:40.395 I/OMXClient( 1779): IOmx service obtained
06-18 13:53:40.395 I/OMXMaster( 1787): makeComponentInstance(OMX.google.vp9.decoder) in android.hardwar process
06-18 13:53:40.395 E/OMXNodeInstance( 1787): getExtensionIndex(0xf11e4d80:google.vp9.decoder, OMX.google.android.index.configureVideoTunnelMode) ERROR: UnsupportedIndex(0x8000101a)
06-18 13:53:40.395 D/MediaCodecInfo( 1779): detail feature-tunneled-playback wasn't present to remove
06-18 13:53:40.396 E/OMXNodeInstance( 1787): getExtensionIndex(0xf11e4d80:google.vp9.decoder, OMX.google.android.index.enableAndroidNativeBuffers) ERROR: UnsupportedIndex(0x8000101a)
06-18 13:53:40.399 I/OMXClient( 1779): IOmx service obtained
06-18 13:53:40.399 I/OMXMaster( 1787): makeComponentInstance(OMX.google.h264.encoder) in android.hardwar process
06-18 13:53:40.400 W/OMXUtils( 1779): do not know color format 0x7f000789 = 2130708361
06-18 13:53:40.405 I/OMXClient( 1779): IOmx service obtained
06-18 13:53:40.405 I/OMXMaster( 1787): makeComponentInstance(OMX.google.h263.encoder) in android.hardwar process
06-18 13:53:40.406 I/SoftMPEG4Encoder( 1787): Construct SoftMPEG4Encoder
06-18 13:53:40.406 W/OMXUtils( 1779): do not know color format 0x7f000789 = 2130708361
06-18 13:53:40.406 E/OMXNodeInstance( 1787): getConfig(0xf11e4d80:google.h263.encoder, ConfigAndroidIntraRefresh(0x6f60000a)) ERROR: Undefined(0x80001001)
06-18 13:53:40.406 E/OMXNodeInstance( 1787): getParameter(0xf11e4d80:google.h263.encoder, ParamVideoIntraRefresh(0x6000006)) ERROR: UnsupportedIndex(0x8000101a)
06-18 13:53:40.406 D/MediaCodecInfo( 1779): detail feature-frame-parsing wasn't present to remove
06-18 13:53:40.415 I/OMXClient( 1779): IOmx service obtained
06-18 13:53:40.415 I/OMXMaster( 1787): makeComponentInstance(OMX.google.mpeg4.encoder) in android.hardwar process
06-18 13:53:40.415 I/SoftMPEG4Encoder( 1787): Construct SoftMPEG4Encoder
06-18 13:53:40.416 W/OMXUtils( 1779): do not know color format 0x7f000789 = 2130708361
06-18 13:53:40.416 E/OMXNodeInstance( 1787): getConfig(0xf11e4d80:google.mpeg4.encoder, ConfigAndroidIntraRefresh(0x6f60000a)) ERROR: Undefined(0x80001001)
06-18 13:53:40.416 E/OMXNodeInstance( 1787): getParameter(0xf11e4d80:google.mpeg4.encoder, ParamVideoIntraRefresh(0x6000006)) ERROR: UnsupportedIndex(0x8000101a)
06-18 13:53:40.416 D/MediaCodecInfo( 1779): detail feature-frame-parsing wasn't present to remove
06-18 13:53:40.402 I/chatty  ( 2066): uid=10118 com.google.android.gms.persistent identical 9 lines
06-18 13:53:40.402 E/ActivityThread( 2066): Failed to find provider info for com.google.android.gsf.gservices
06-18 13:53:40.426 I/SystemConfig( 2066): Adding association: com.google.android.as <- com.android.providers.contacts
06-18 13:53:40.426 I/SystemConfig( 2066): Adding association: com.google.android.as <- com.android.providers.media
06-18 13:53:40.426 I/SystemConfig( 2066): Adding association: com.google.android.as <- com.android.providers.telephony
06-18 13:53:40.426 I/SystemConfig( 2066): Adding association: com.google.android.as <- com.android.systemui
06-18 13:53:40.426 I/SystemConfig( 2066): Adding association: com.google.android.as <- com.google.android.gms
06-18 13:53:40.426 I/SystemConfig( 2066): Adding association: com.google.android.as <- com.google.android.gsf
06-18 13:53:40.428 W/SystemConfig( 2066): No directory /product_services/etc/sysconfig, skipping
06-18 13:53:40.428 W/SystemConfig( 2066): No directory /product_services/etc/permissions, skipping
06-18 13:53:40.433 I/OMXClient( 1779): IOmx service obtained
06-18 13:53:40.434 I/OMXMaster( 1787): makeComponentInstance(OMX.google.vp8.encoder) in android.hardwar process
06-18 13:53:40.437 W/OMXUtils( 1779): do not know color format 0x7f000789 = 2130708361
06-18 13:53:40.437 E/OMXNodeInstance( 1787): getConfig(0xf11e4d80:google.vp8.encoder, ConfigAndroidIntraRefresh(0x6f60000a)) ERROR: Undefined(0x80001001)
06-18 13:53:40.437 E/OMXNodeInstance( 1787): getParameter(0xf11e4d80:google.vp8.encoder, ParamVideoIntraRefresh(0x6000006)) ERROR: UnsupportedIndex(0x8000101a)
06-18 13:53:40.437 D/MediaCodecInfo( 1779): detail feature-frame-parsing wasn't present to remove
06-18 13:53:40.451 D/MediaCodecList( 1779): ignored a null builder
06-18 13:53:40.452 I/OMXClient( 1922): IOmx service obtained
06-18 13:53:40.452 I/OMXMaster( 1787): makeComponentInstance(OMX.google.vorbis.decoder) in android.hardwar process
06-18 13:53:40.453 E/OMXNodeInstance( 1787): getConfig(0xf11e5260:google.vorbis.decoder, ConfigAndroidVendorExtension(0x6f100004)) ERROR: Undefined(0x80001001)
06-18 13:53:40.457 W/PackageManager( 1922): Cannot whitelist unknown permission: com.sec.android.provider.badge.permission.READ
06-18 13:53:40.458 W/PackageManager( 1922): Cannot whitelist unknown permission: com.sec.android.provider.badge.permission.WRITE
06-18 13:53:40.458 W/PackageManager( 1922): Cannot whitelist unknown permission: com.htc.launcher.permission.READ_SETTINGS
06-18 13:53:40.458 W/PackageManager( 1922): Cannot whitelist unknown permission: com.htc.launcher.permission.UPDATE_SHORTCUT
06-18 13:53:40.458 W/PackageManager( 1922): Cannot whitelist unknown permission: com.sonyericsson.home.permission.BROADCAST_BADGE
06-18 13:53:40.458 W/PackageManager( 1922): Cannot whitelist unknown permission: com.sonymobile.home.permission.PROVIDER_INSERT_BADGE
06-18 13:53:40.458 I/PackageManager( 1922): Un-granting permission android.permission.MANAGE_DOCUMENTS from package com.google.android.youtube (protectionLevel=262146 flags=0x30dbbe45)
06-18 13:53:40.461 W/PackageManager( 1922): Cannot whitelist unknown permission: com.sec.android.provider.badge.permission.READ
06-18 13:53:40.461 W/PackageManager( 1922): Cannot whitelist unknown permission: com.sec.android.provider.badge.permission.WRITE
06-18 13:53:40.461 W/PackageManager( 1922): Cannot whitelist unknown permission: com.htc.launcher.permission.READ_SETTINGS
06-18 13:53:40.461 W/PackageManager( 1922): Cannot whitelist unknown permission: com.htc.launcher.permission.UPDATE_SHORTCUT
06-18 13:53:40.461 W/PackageManager( 1922): Cannot whitelist unknown permission: com.sonyericsson.home.permission.BROADCAST_BADGE
06-18 13:53:40.461 W/PackageManager( 1922): Cannot whitelist unknown permission: com.sonymobile.home.permission.PROVIDER_INSERT_BADGE
06-18 13:53:40.462 I/PackageManager( 1922): Un-granting permission android.permission.MANAGE_DOCUMENTS from package com.google.android.youtube (protectionLevel=262146 flags=0x30dbbe45)
06-18 13:53:40.470 W/PackageManager( 1922): Cannot whitelist unknown permission: com.google.android.launcher.permission.CONTENT_REDIRECT
06-18 13:53:40.470 W/PackageManager( 1922): Cannot whitelist unknown permission: com.google.android.voicesearch.SHORTCUTS_ACCESS
06-18 13:53:40.470 W/PackageManager( 1922): Cannot whitelist unknown permission: com.google.android.voicesearch.ACCESS_SETTINGS
06-18 13:53:40.470 W/PackageManager( 1922): Cannot whitelist unknown permission: com.android.browser.permission.PRELOAD
06-18 13:53:40.470 W/PackageManager( 1922): Cannot whitelist unknown permission: com.google.android.ears.permission.WRITE
06-18 13:53:40.473 W/PackageManager( 1922): Cannot whitelist unknown permission: com.google.googlenav.friend.permission.OPT_IN
06-18 13:53:40.473 W/PackageManager( 1922): Cannot whitelist unknown permission: com.google.android.apps.googlevoice.permission.AUTO_SEND
06-18 13:53:40.473 W/PackageManager( 1922): Cannot whitelist unknown permission: com.google.android.hangouts.START_HANGOUT
06-18 13:53:40.473 W/PackageManager( 1922): Cannot whitelist unknown permission: com.android.chrome.PRERENDER_URL
06-18 13:53:40.473 W/PackageManager( 1922): Cannot whitelist unknown permission: com.google.android.apps.gsa.nga.permissions.EDIT_PREFERENCES
06-18 13:53:40.475 W/PackageManager( 1922): Cannot whitelist unknown permission: com.google.android.launcher.permission.CONTENT_REDIRECT
06-18 13:53:40.475 W/PackageManager( 1922): Cannot whitelist unknown permission: com.google.android.voicesearch.SHORTCUTS_ACCESS
06-18 13:53:40.476 W/PackageManager( 1922): Cannot whitelist unknown permission: com.google.android.voicesearch.ACCESS_SETTINGS
06-18 13:53:40.476 W/PackageManager( 1922): Cannot whitelist unknown permission: com.android.browser.permission.PRELOAD
06-18 13:53:40.476 W/PackageManager( 1922): Cannot whitelist unknown permission: com.google.android.ears.permission.WRITE
06-18 13:53:40.476 W/PackageManager( 1922): Cannot whitelist unknown permission: com.google.googlenav.friend.permission.OPT_IN
06-18 13:53:40.476 W/PackageManager( 1922): Cannot whitelist unknown permission: com.google.android.apps.googlevoice.permission.AUTO_SEND
06-18 13:53:40.476 W/PackageManager( 1922): Cannot whitelist unknown permission: com.google.android.hangouts.START_HANGOUT
06-18 13:53:40.476 W/PackageManager( 1922): Cannot whitelist unknown permission: com.android.chrome.PRERENDER_URL
06-18 13:53:40.476 W/PackageManager( 1922): Cannot whitelist unknown permission: com.google.android.apps.gsa.nga.permissions.EDIT_PREFERENCES
06-18 13:53:40.477 W/PackageManager( 1922): Cannot whitelist unknown permission: com.google.android.launcher.permission.CONTENT_REDIRECT
06-18 13:53:40.477 W/PackageManager( 1922): Cannot whitelist unknown permission: com.google.android.voicesearch.SHORTCUTS_ACCESS
06-18 13:53:40.477 W/PackageManager( 1922): Cannot whitelist unknown permission: com.google.android.voicesearch.ACCESS_SETTINGS
06-18 13:53:40.477 W/PackageManager( 1922): Cannot whitelist unknown permission: com.android.browser.permission.PRELOAD
06-18 13:53:40.477 W/PackageManager( 1922): Cannot whitelist unknown permission: com.google.android.ears.permission.WRITE
06-18 13:53:40.477 W/PackageManager( 1922): Cannot whitelist unknown permission: com.google.googlenav.friend.permission.OPT_IN
06-18 13:53:40.478 W/PackageManager( 1922): Cannot whitelist unknown permission: com.google.android.apps.googlevoice.permission.AUTO_SEND
06-18 13:53:40.478 W/PackageManager( 1922): Cannot whitelist unknown permission: com.google.android.hangouts.START_HANGOUT
06-18 13:53:40.478 W/PackageManager( 1922): Cannot whitelist unknown permission: com.android.chrome.PRERENDER_URL
06-18 13:53:40.478 W/PackageManager( 1922): Cannot whitelist unknown permission: com.google.android.apps.gsa.nga.permissions.EDIT_PREFERENCES
06-18 13:53:40.478 W/PackageManager( 1922): Cannot whitelist unknown permission: com.google.android.launcher.permission.CONTENT_REDIRECT
06-18 13:53:40.478 W/PackageManager( 1922): Cannot whitelist unknown permission: com.google.android.voicesearch.SHORTCUTS_ACCESS
06-18 13:53:40.478 W/PackageManager( 1922): Cannot whitelist unknown permission: com.google.android.voicesearch.ACCESS_SETTINGS
06-18 13:53:40.478 W/PackageManager( 1922): Cannot whitelist unknown permission: com.android.browser.permission.PRELOAD
06-18 13:53:40.478 W/PackageManager( 1922): Cannot whitelist unknown permission: com.google.android.ears.permission.WRITE
06-18 13:53:40.478 W/PackageManager( 1922): Cannot whitelist unknown permission: com.google.googlenav.friend.permission.OPT_IN
06-18 13:53:40.479 W/PackageManager( 1922): Cannot whitelist unknown permission: com.google.android.apps.googlevoice.permission.AUTO_SEND
06-18 13:53:40.479 W/PackageManager( 1922): Cannot whitelist unknown permission: com.google.android.hangouts.START_HANGOUT
06-18 13:53:40.479 W/PackageManager( 1922): Cannot whitelist unknown permission: com.android.chrome.PRERENDER_URL
06-18 13:53:40.479 W/PackageManager( 1922): Cannot whitelist unknown permission: com.google.android.apps.gsa.nga.permissions.EDIT_PREFERENCES
06-18 13:53:40.479 I/wpa_supplicant( 2160): rfkill: Cannot get wiphy information
06-18 13:53:40.480 I/android_os_HwBinder( 1922): HwBinder: Starting thread pool for getting: android.hardware.wifi.supplicant@1.0::ISupplicant/default
06-18 13:53:40.481 I/SupplicantStaIfaceHal( 1922): Completed initialization of ISupplicant.
06-18 13:53:40.481 W/PackageManager( 1922): Cannot whitelist unknown permission: com.google.android.launcher.permission.CONTENT_REDIRECT
06-18 13:53:40.481 W/PackageManager( 1922): Cannot whitelist unknown permission: com.google.android.voicesearch.SHORTCUTS_ACCESS
06-18 13:53:40.481 W/PackageManager( 1922): Cannot whitelist unknown permission: com.google.android.voicesearch.ACCESS_SETTINGS
06-18 13:53:40.481 W/PackageManager( 1922): Cannot whitelist unknown permission: com.android.browser.permission.PRELOAD
06-18 13:53:40.481 W/PackageManager( 1922): Cannot whitelist unknown permission: com.google.android.ears.permission.WRITE
06-18 13:53:40.481 W/PackageManager( 1922): Cannot whitelist unknown permission: com.google.googlenav.friend.permission.OPT_IN
06-18 13:53:40.482 W/PackageManager( 1922): Cannot whitelist unknown permission: com.google.android.apps.googlevoice.permission.AUTO_SEND
06-18 13:53:40.482 W/PackageManager( 1922): Cannot whitelist unknown permission: com.google.android.hangouts.START_HANGOUT
06-18 13:53:40.482 W/PackageManager( 1922): Cannot whitelist unknown permission: com.android.chrome.PRERENDER_URL
06-18 13:53:40.482 W/PackageManager( 1922): Cannot whitelist unknown permission: com.google.android.apps.gsa.nga.permissions.EDIT_PREFERENCES
06-18 13:53:40.485 W/PackageManager( 1922): Cannot whitelist unknown permission: com.google.android.launcher.permission.CONTENT_REDIRECT
06-18 13:53:40.485 W/PackageManager( 1922): Cannot whitelist unknown permission: com.google.android.voicesearch.SHORTCUTS_ACCESS
06-18 13:53:40.485 W/PackageManager( 1922): Cannot whitelist unknown permission: com.google.android.voicesearch.ACCESS_SETTINGS
06-18 13:53:40.485 W/PackageManager( 1922): Cannot whitelist unknown permission: com.android.browser.permission.PRELOAD
06-18 13:53:40.485 W/PackageManager( 1922): Cannot whitelist unknown permission: com.google.android.ears.permission.WRITE
06-18 13:53:40.486 W/PackageManager( 1922): Cannot whitelist unknown permission: com.google.googlenav.friend.permission.OPT_IN
06-18 13:53:40.486 W/PackageManager( 1922): Cannot whitelist unknown permission: com.google.android.apps.googlevoice.permission.AUTO_SEND
06-18 13:53:40.486 W/PackageManager( 1922): Cannot whitelist unknown permission: com.google.android.hangouts.START_HANGOUT
06-18 13:53:40.486 W/PackageManager( 1922): Cannot whitelist unknown permission: com.android.chrome.PRERENDER_URL
06-18 13:53:40.486 W/PackageManager( 1922): Cannot whitelist unknown permission: com.google.android.apps.gsa.nga.permissions.EDIT_PREFERENCES
06-18 13:53:40.488 I/PackageManager( 1922): Un-granting permission com.google.android.googleapps.permission.GOOGLE_AUTH from package com.android.providers.calendar (protectionLevel=2 flags=0x30883e45)
06-18 13:53:40.488 I/PackageManager( 1922): Un-granting permission com.google.android.googleapps.permission.GOOGLE_AUTH.cl from package com.android.providers.calendar (protectionLevel=2 flags=0x30883e45)
06-18 13:53:40.489 I/PackageManager( 1922): Un-granting permission com.google.android.googleapps.permission.GOOGLE_AUTH from package com.android.providers.calendar (protectionLevel=2 flags=0x30883e45)
06-18 13:53:40.489 I/PackageManager( 1922): Un-granting permission com.google.android.googleapps.permission.GOOGLE_AUTH.cl from package com.android.providers.calendar (protectionLevel=2 flags=0x30883e45)
06-18 13:53:40.494 I/PackageManager( 1922): Un-granting permission android.permission.WRITE_SECURE_SETTINGS from package com.google.android.apps.enterprise.dmagent (protectionLevel=50 flags=0x30883e05)
06-18 13:53:40.494 I/PackageManager( 1922): Un-granting permission android.permission.CONNECTIVITY_INTERNAL from package com.google.android.apps.enterprise.dmagent (protectionLevel=18 flags=0x30883e05)
06-18 13:53:40.494 I/PackageManager( 1922): Un-granting permission android.permission.MANAGE_USB from package com.google.android.apps.enterprise.dmagent (protectionLevel=18 flags=0x30883e05)
06-18 13:53:40.494 I/PackageManager( 1922): Un-granting permission android.permission.CHANGE_COMPONENT_ENABLED_STATE from package com.google.android.apps.enterprise.dmagent (protectionLevel=18 flags=0x30883e05)
06-18 13:53:40.494 I/PackageManager( 1922): Un-granting permission android.permission.MANAGE_CA_CERTIFICATES from package com.google.android.apps.enterprise.dmagent (protectionLevel=18 flags=0x30883e05)
06-18 13:53:40.494 I/PackageManager( 1922): Un-granting permission android.permission.MANAGE_USERS from package com.google.android.apps.enterprise.dmagent (protectionLevel=18 flags=0x30883e05)
06-18 13:53:40.497 I/android.hardware.wifi@1.0-service( 1706): Adding interface handle for wlan0
06-18 13:53:40.497 W/android.hardware.wifi@1.0-service( 1706): No active wlan interfaces in use! Using default
06-18 13:53:40.497 E/android.hardware.wifi@1.0-service( 1706): Failed to register radio mode change callback
06-18 13:53:40.497 W/android.hardware.wifi@1.0-service( 1706): No active wlan interfaces in use! Using default
06-18 13:53:40.508 W/PackageManager( 1922): Cannot whitelist unknown permission: com.google.android.ims.LOG_ACCESS
06-18 13:53:40.508 W/PackageManager( 1922): Cannot whitelist unknown permission: com.cequint.ecid.CALLER_ID_EXTERNAL_LOOKUP_SMS
06-18 13:53:40.508 W/PackageManager( 1922): Cannot whitelist unknown permission: com.sec.android.provider.badge.permission.READ
06-18 13:53:40.508 W/PackageManager( 1922): Cannot whitelist unknown permission: com.sec.android.provider.badge.permission.WRITE
06-18 13:53:40.508 W/PackageManager( 1922): Cannot whitelist unknown permission: com.htc.launcher.permission.READ_SETTINGS
06-18 13:53:40.508 W/PackageManager( 1922): Cannot whitelist unknown permission: com.htc.launcher.permission.UPDATE_SHORTCUT
06-18 13:53:40.508 W/PackageManager( 1922): Cannot whitelist unknown permission: com.sonyericsson.home.permission.BROADCAST_BADGE
06-18 13:53:40.508 W/PackageManager( 1922): Cannot whitelist unknown permission: com.sonymobile.home.permission.PROVIDER_INSERT_BADGE
06-18 13:53:40.508 W/PackageManager( 1922): Cannot whitelist unknown permission: com.sonymobile.launcher.permission.PROVIDER_INSERT_BADGE
06-18 13:53:40.508 W/PackageManager( 1922): Cannot whitelist unknown permission: com.anddoes.launcher.permission.UPDATE_COUNT
06-18 13:53:40.508 W/PackageManager( 1922): Cannot whitelist unknown permission: com.majeur.launcher.permission.UPDATE_BADGE
06-18 13:53:40.508 W/PackageManager( 1922): Cannot whitelist unknown permission: com.huawei.android.launcher.permission.CHANGE_BADGE
06-18 13:53:40.508 W/PackageManager( 1922): Cannot whitelist unknown permission: com.huawei.android.launcher.permission.READ_SETTINGS
06-18 13:53:40.508 W/PackageManager( 1922): Cannot whitelist unknown permission: com.huawei.android.launcher.permission.WRITE_SETTINGS
06-18 13:53:40.508 W/PackageManager( 1922): Cannot whitelist unknown permission: android.permission.READ_APP_BADGE
06-18 13:53:40.508 W/PackageManager( 1922): Cannot whitelist unknown permission: com.oppo.launcher.permission.READ_SETTINGS
06-18 13:53:40.508 W/PackageManager( 1922): Cannot whitelist unknown permission: com.oppo.launcher.permission.WRITE_SETTINGS
06-18 13:53:40.508 I/PackageManager( 1922): Un-granting permission com.google.android.setupwizard.READ_DEVICE_ORIGIN from package com.google.android.apps.messaging (protectionLevel=18 flags=0x38cbbe45)
06-18 13:53:40.510 W/PackageManager( 1922): Cannot whitelist unknown permission: com.google.android.ims.LOG_ACCESS
06-18 13:53:40.510 W/PackageManager( 1922): Cannot whitelist unknown permission: com.cequint.ecid.CALLER_ID_EXTERNAL_LOOKUP_SMS
06-18 13:53:40.510 W/PackageManager( 1922): Cannot whitelist unknown permission: com.sec.android.provider.badge.permission.READ
06-18 13:53:40.510 W/PackageManager( 1922): Cannot whitelist unknown permission: com.sec.android.provider.badge.permission.WRITE
06-18 13:53:40.510 W/PackageManager( 1922): Cannot whitelist unknown permission: com.htc.launcher.permission.READ_SETTINGS
06-18 13:53:40.510 W/PackageManager( 1922): Cannot whitelist unknown permission: com.htc.launcher.permission.UPDATE_SHORTCUT
06-18 13:53:40.510 W/PackageManager( 1922): Cannot whitelist unknown permission: com.sonyericsson.home.permission.BROADCAST_BADGE
06-18 13:53:40.510 W/PackageManager( 1922): Cannot whitelist unknown permission: com.sonymobile.home.permission.PROVIDER_INSERT_BADGE
06-18 13:53:40.510 W/PackageManager( 1922): Cannot whitelist unknown permission: com.sonymobile.launcher.permission.PROVIDER_INSERT_BADGE
06-18 13:53:40.510 W/PackageManager( 1922): Cannot whitelist unknown permission: com.anddoes.launcher.permission.UPDATE_COUNT
06-18 13:53:40.510 W/PackageManager( 1922): Cannot whitelist unknown permission: com.majeur.launcher.permission.UPDATE_BADGE
06-18 13:53:40.510 W/PackageManager( 1922): Cannot whitelist unknown permission: com.huawei.android.launcher.permission.CHANGE_BADGE
06-18 13:53:40.510 W/PackageManager( 1922): Cannot whitelist unknown permission: com.huawei.android.launcher.permission.READ_SETTINGS
06-18 13:53:40.510 W/PackageManager( 1922): Cannot whitelist unknown permission: com.huawei.android.launcher.permission.WRITE_SETTINGS
06-18 13:53:40.510 W/PackageManager( 1922): Cannot whitelist unknown permission: android.permission.READ_APP_BADGE
06-18 13:53:40.510 W/PackageManager( 1922): Cannot whitelist unknown permission: com.oppo.launcher.permission.READ_SETTINGS
06-18 13:53:40.510 W/PackageManager( 1922): Cannot whitelist unknown permission: com.oppo.launcher.permission.WRITE_SETTINGS
06-18 13:53:40.510 I/PackageManager( 1922): Un-granting permission com.google.android.setupwizard.READ_DEVICE_ORIGIN from package com.google.android.apps.messaging (protectionLevel=18 flags=0x38cbbe45)
06-18 13:53:40.512 W/PackageManager( 1922): Cannot whitelist unknown permission: com.google.android.ims.LOG_ACCESS
06-18 13:53:40.512 W/PackageManager( 1922): Cannot whitelist unknown permission: com.cequint.ecid.CALLER_ID_EXTERNAL_LOOKUP_SMS
06-18 13:53:40.512 W/PackageManager( 1922): Cannot whitelist unknown permission: com.sec.android.provider.badge.permission.READ
06-18 13:53:40.512 W/PackageManager( 1922): Cannot whitelist unknown permission: com.sec.android.provider.badge.permission.WRITE
06-18 13:53:40.512 W/PackageManager( 1922): Cannot whitelist unknown permission: com.htc.launcher.permission.READ_SETTINGS
06-18 13:53:40.512 W/PackageManager( 1922): Cannot whitelist unknown permission: com.htc.launcher.permission.UPDATE_SHORTCUT
06-18 13:53:40.512 W/PackageManager( 1922): Cannot whitelist unknown permission: com.sonyericsson.home.permission.BROADCAST_BADGE
06-18 13:53:40.512 W/PackageManager( 1922): Cannot whitelist unknown permission: com.sonymobile.home.permission.PROVIDER_INSERT_BADGE
06-18 13:53:40.512 W/PackageManager( 1922): Cannot whitelist unknown permission: com.sonymobile.launcher.permission.PROVIDER_INSERT_BADGE
06-18 13:53:40.512 W/PackageManager( 1922): Cannot whitelist unknown permission: com.anddoes.launcher.permission.UPDATE_COUNT
06-18 13:53:40.512 W/PackageManager( 1922): Cannot whitelist unknown permission: com.majeur.launcher.permission.UPDATE_BADGE
06-18 13:53:40.512 W/PackageManager( 1922): Cannot whitelist unknown permission: com.huawei.android.launcher.permission.CHANGE_BADGE
06-18 13:53:40.512 W/PackageManager( 1922): Cannot whitelist unknown permission: com.huawei.android.launcher.permission.READ_SETTINGS
06-18 13:53:40.512 W/PackageManager( 1922): Cannot whitelist unknown permission: com.huawei.android.launcher.permission.WRITE_SETTINGS
06-18 13:53:40.512 W/PackageManager( 1922): Cannot whitelist unknown permission: android.permission.READ_APP_BADGE
06-18 13:53:40.512 W/PackageManager( 1922): Cannot whitelist unknown permission: com.oppo.launcher.permission.READ_SETTINGS
06-18 13:53:40.512 W/PackageManager( 1922): Cannot whitelist unknown permission: com.oppo.launcher.permission.WRITE_SETTINGS
06-18 13:53:40.512 I/PackageManager( 1922): Un-granting permission com.google.android.setupwizard.READ_DEVICE_ORIGIN from package com.google.android.apps.messaging (protectionLevel=18 flags=0x38cbbe45)
06-18 13:53:40.513 W/PackageManager( 1922): Cannot whitelist unknown permission: com.google.android.ims.LOG_ACCESS
06-18 13:53:40.513 W/PackageManager( 1922): Cannot whitelist unknown permission: com.cequint.ecid.CALLER_ID_EXTERNAL_LOOKUP_SMS
06-18 13:53:40.513 W/PackageManager( 1922): Cannot whitelist unknown permission: com.sec.android.provider.badge.permission.READ
06-18 13:53:40.513 W/libc    ( 1706): Unable to set property "vendor.wlan.firmware.version" to "1.0": error code: 0x18
06-18 13:53:40.513 W/PackageManager( 1922): Cannot whitelist unknown permission: com.sec.android.provider.badge.permission.WRITE
06-18 13:53:40.513 W/PackageManager( 1922): Cannot whitelist unknown permission: com.htc.launcher.permission.READ_SETTINGS
06-18 13:53:40.513 W/PackageManager( 1922): Cannot whitelist unknown permission: com.htc.launcher.permission.UPDATE_SHORTCUT
06-18 13:53:40.513 W/PackageManager( 1922): Cannot whitelist unknown permission: com.sonyericsson.home.permission.BROADCAST_BADGE
06-18 13:53:40.513 W/PackageManager( 1922): Cannot whitelist unknown permission: com.sonymobile.home.permission.PROVIDER_INSERT_BADGE
06-18 13:53:40.513 W/PackageManager( 1922): Cannot whitelist unknown permission: com.sonymobile.launcher.permission.PROVIDER_INSERT_BADGE
06-18 13:53:40.513 W/PackageManager( 1922): Cannot whitelist unknown permission: com.anddoes.launcher.permission.UPDATE_COUNT
06-18 13:53:40.513 W/PackageManager( 1922): Cannot whitelist unknown permission: com.majeur.launcher.permission.UPDATE_BADGE
06-18 13:53:40.513 W/PackageManager( 1922): Cannot whitelist unknown permission: com.huawei.android.launcher.permission.CHANGE_BADGE
06-18 13:53:40.513 W/PackageManager( 1922): Cannot whitelist unknown permission: com.huawei.android.launcher.permission.READ_SETTINGS
06-18 13:53:40.513 W/PackageManager( 1922): Cannot whitelist unknown permission: com.huawei.android.launcher.permission.WRITE_SETTINGS
06-18 13:53:40.513 W/PackageManager( 1922): Cannot whitelist unknown permission: android.permission.READ_APP_BADGE
06-18 13:53:40.513 W/PackageManager( 1922): Cannot whitelist unknown permission: com.oppo.launcher.permission.READ_SETTINGS
06-18 13:53:40.513 W/PackageManager( 1922): Cannot whitelist unknown permission: com.oppo.launcher.permission.WRITE_SETTINGS
06-18 13:53:40.513 I/PackageManager( 1922): Un-granting permission com.google.android.setupwizard.READ_DEVICE_ORIGIN from package com.google.android.apps.messaging (protectionLevel=18 flags=0x38cbbe45)
06-18 13:53:40.514 W/PackageManager( 1922): Cannot whitelist unknown permission: com.google.android.ims.LOG_ACCESS
06-18 13:53:40.514 W/PackageManager( 1922): Cannot whitelist unknown permission: com.cequint.ecid.CALLER_ID_EXTERNAL_LOOKUP_SMS
06-18 13:53:40.514 W/PackageManager( 1922): Cannot whitelist unknown permission: com.sec.android.provider.badge.permission.READ
06-18 13:53:40.514 W/PackageManager( 1922): Cannot whitelist unknown permission: com.sec.android.provider.badge.permission.WRITE
06-18 13:53:40.514 W/PackageManager( 1922): Cannot whitelist unknown permission: com.htc.launcher.permission.READ_SETTINGS
06-18 13:53:40.514 W/PackageManager( 1922): Cannot whitelist unknown permission: com.htc.launcher.permission.UPDATE_SHORTCUT
06-18 13:53:40.514 W/PackageManager( 1922): Cannot whitelist unknown permission: com.sonyericsson.home.permission.BROADCAST_BADGE
06-18 13:53:40.514 W/PackageManager( 1922): Cannot whitelist unknown permission: com.sonymobile.home.permission.PROVIDER_INSERT_BADGE
06-18 13:53:40.514 W/PackageManager( 1922): Cannot whitelist unknown permission: com.sonymobile.launcher.permission.PROVIDER_INSERT_BADGE
06-18 13:53:40.514 W/PackageManager( 1922): Cannot whitelist unknown permission: com.anddoes.launcher.permission.UPDATE_COUNT
06-18 13:53:40.514 W/PackageManager( 1922): Cannot whitelist unknown permission: com.majeur.launcher.permission.UPDATE_BADGE
06-18 13:53:40.514 W/PackageManager( 1922): Cannot whitelist unknown permission: com.huawei.android.launcher.permission.CHANGE_BADGE
06-18 13:53:40.514 W/PackageManager( 1922): Cannot whitelist unknown permission: com.huawei.android.launcher.permission.READ_SETTINGS
06-18 13:53:40.514 W/PackageManager( 1922): Cannot whitelist unknown permission: com.huawei.android.launcher.permission.WRITE_SETTINGS
06-18 13:53:40.514 W/PackageManager( 1922): Cannot whitelist unknown permission: android.permission.READ_APP_BADGE
06-18 13:53:40.514 W/PackageManager( 1922): Cannot whitelist unknown permission: com.oppo.launcher.permission.READ_SETTINGS
06-18 13:53:40.514 W/PackageManager( 1922): Cannot whitelist unknown permission: com.oppo.launcher.permission.WRITE_SETTINGS
06-18 13:53:40.514 I/PackageManager( 1922): Un-granting permission com.google.android.setupwizard.READ_DEVICE_ORIGIN from package com.google.android.apps.messaging (protectionLevel=18 flags=0x38cbbe45)
06-18 13:53:40.516 W/PackageManager( 1922): Cannot whitelist unknown permission: com.google.android.ims.LOG_ACCESS
06-18 13:53:40.516 W/PackageManager( 1922): Cannot whitelist unknown permission: com.cequint.ecid.CALLER_ID_EXTERNAL_LOOKUP_SMS
06-18 13:53:40.516 W/PackageManager( 1922): Cannot whitelist unknown permission: com.sec.android.provider.badge.permission.READ
06-18 13:53:40.516 W/PackageManager( 1922): Cannot whitelist unknown permission: com.sec.android.provider.badge.permission.WRITE
06-18 13:53:40.516 W/PackageManager( 1922): Cannot whitelist unknown permission: com.htc.launcher.permission.READ_SETTINGS
06-18 13:53:40.516 W/PackageManager( 1922): Cannot whitelist unknown permission: com.htc.launcher.permission.UPDATE_SHORTCUT
06-18 13:53:40.516 W/PackageManager( 1922): Cannot whitelist unknown permission: com.sonyericsson.home.permission.BROADCAST_BADGE
06-18 13:53:40.516 W/PackageManager( 1922): Cannot whitelist unknown permission: com.sonymobile.home.permission.PROVIDER_INSERT_BADGE
06-18 13:53:40.516 W/PackageManager( 1922): Cannot whitelist unknown permission: com.sonymobile.launcher.permission.PROVIDER_INSERT_BADGE
06-18 13:53:40.516 W/PackageManager( 1922): Cannot whitelist unknown permission: com.anddoes.launcher.permission.UPDATE_COUNT
06-18 13:53:40.516 W/PackageManager( 1922): Cannot whitelist unknown permission: com.majeur.launcher.permission.UPDATE_BADGE
06-18 13:53:40.516 W/PackageManager( 1922): Cannot whitelist unknown permission: com.huawei.android.launcher.permission.CHANGE_BADGE
06-18 13:53:40.516 W/PackageManager( 1922): Cannot whitelist unknown permission: com.huawei.android.launcher.permission.READ_SETTINGS
06-18 13:53:40.516 W/PackageManager( 1922): Cannot whitelist unknown permission: com.huawei.android.launcher.permission.WRITE_SETTINGS
06-18 13:53:40.516 W/PackageManager( 1922): Cannot whitelist unknown permission: android.permission.READ_APP_BADGE
06-18 13:53:40.516 W/PackageManager( 1922): Cannot whitelist unknown permission: com.oppo.launcher.permission.READ_SETTINGS
06-18 13:53:40.516 W/PackageManager( 1922): Cannot whitelist unknown permission: com.oppo.launcher.permission.WRITE_SETTINGS
06-18 13:53:40.516 I/PackageManager( 1922): Un-granting permission com.google.android.setupwizard.READ_DEVICE_ORIGIN from package com.google.android.apps.messaging (protectionLevel=18 flags=0x38cbbe45)
06-18 13:53:40.517 W/PackageManager( 1922): Cannot whitelist unknown permission: com.google.android.ims.LOG_ACCESS
06-18 13:53:40.517 W/PackageManager( 1922): Cannot whitelist unknown permission: com.cequint.ecid.CALLER_ID_EXTERNAL_LOOKUP_SMS
06-18 13:53:40.517 W/PackageManager( 1922): Cannot whitelist unknown permission: com.sec.android.provider.badge.permission.READ
06-18 13:53:40.517 W/PackageManager( 1922): Cannot whitelist unknown permission: com.sec.android.provider.badge.permission.WRITE
06-18 13:53:40.517 W/PackageManager( 1922): Cannot whitelist unknown permission: com.htc.launcher.permission.READ_SETTINGS
06-18 13:53:40.517 W/PackageManager( 1922): Cannot whitelist unknown permission: com.htc.launcher.permission.UPDATE_SHORTCUT
06-18 13:53:40.517 W/PackageManager( 1922): Cannot whitelist unknown permission: com.sonyericsson.home.permission.BROADCAST_BADGE
06-18 13:53:40.517 W/PackageManager( 1922): Cannot whitelist unknown permission: com.sonymobile.home.permission.PROVIDER_INSERT_BADGE
06-18 13:53:40.517 W/PackageManager( 1922): Cannot whitelist unknown permission: com.sonymobile.launcher.permission.PROVIDER_INSERT_BADGE
06-18 13:53:40.517 W/PackageManager( 1922): Cannot whitelist unknown permission: com.anddoes.launcher.permission.UPDATE_COUNT
06-18 13:53:40.517 W/PackageManager( 1922): Cannot whitelist unknown permission: com.majeur.launcher.permission.UPDATE_BADGE
06-18 13:53:40.517 W/PackageManager( 1922): Cannot whitelist unknown permission: com.huawei.android.launcher.permission.CHANGE_BADGE
06-18 13:53:40.517 W/PackageManager( 1922): Cannot whitelist unknown permission: com.huawei.android.launcher.permission.READ_SETTINGS
06-18 13:53:40.517 W/PackageManager( 1922): Cannot whitelist unknown permission: com.huawei.android.launcher.permission.WRITE_SETTINGS
06-18 13:53:40.517 W/PackageManager( 1922): Cannot whitelist unknown permission: android.permission.READ_APP_BADGE
06-18 13:53:40.517 W/PackageManager( 1922): Cannot whitelist unknown permission: com.oppo.launcher.permission.READ_SETTINGS
06-18 13:53:40.517 W/PackageManager( 1922): Cannot whitelist unknown permission: com.oppo.launcher.permission.WRITE_SETTINGS
06-18 13:53:40.518 I/PackageManager( 1922): Un-granting permission com.google.android.setupwizard.READ_DEVICE_ORIGIN from package com.google.android.apps.messaging (protectionLevel=18 flags=0x38cbbe45)
06-18 13:53:40.526 W/PackageManager( 1922): Cannot whitelist unknown permission: com.google.android.ims.LOG_ACCESS
06-18 13:53:40.526 W/PackageManager( 1922): Cannot whitelist unknown permission: com.cequint.ecid.CALLER_ID_EXTERNAL_LOOKUP_SMS
06-18 13:53:40.526 W/PackageManager( 1922): Cannot whitelist unknown permission: com.sec.android.provider.badge.permission.READ
06-18 13:53:40.526 W/PackageManager( 1922): Cannot whitelist unknown permission: com.sec.android.provider.badge.permission.WRITE
06-18 13:53:40.526 W/PackageManager( 1922): Cannot whitelist unknown permission: com.htc.launcher.permission.READ_SETTINGS
06-18 13:53:40.526 W/PackageManager( 1922): Cannot whitelist unknown permission: com.htc.launcher.permission.UPDATE_SHORTCUT
06-18 13:53:40.526 W/PackageManager( 1922): Cannot whitelist unknown permission: com.sonyericsson.home.permission.BROADCAST_BADGE
06-18 13:53:40.526 W/PackageManager( 1922): Cannot whitelist unknown permission: com.sonymobile.home.permission.PROVIDER_INSERT_BADGE
06-18 13:53:40.526 W/PackageManager( 1922): Cannot whitelist unknown permission: com.sonymobile.launcher.permission.PROVIDER_INSERT_BADGE
06-18 13:53:40.526 W/PackageManager( 1922): Cannot whitelist unknown permission: com.anddoes.launcher.permission.UPDATE_COUNT
06-18 13:53:40.526 W/PackageManager( 1922): Cannot whitelist unknown permission: com.majeur.launcher.permission.UPDATE_BADGE
06-18 13:53:40.526 W/PackageManager( 1922): Cannot whitelist unknown permission: com.huawei.android.launcher.permission.CHANGE_BADGE
06-18 13:53:40.526 W/PackageManager( 1922): Cannot whitelist unknown permission: com.huawei.android.launcher.permission.READ_SETTINGS
06-18 13:53:40.526 W/PackageManager( 1922): Cannot whitelist unknown permission: com.huawei.android.launcher.permission.WRITE_SETTINGS
06-18 13:53:40.526 W/PackageManager( 1922): Cannot whitelist unknown permission: android.permission.READ_APP_BADGE
06-18 13:53:40.526 W/PackageManager( 1922): Cannot whitelist unknown permission: com.oppo.launcher.permission.READ_SETTINGS
06-18 13:53:40.526 W/PackageManager( 1922): Cannot whitelist unknown permission: com.oppo.launcher.permission.WRITE_SETTINGS
06-18 13:53:40.527 I/PackageManager( 1922): Un-granting permission com.google.android.setupwizard.READ_DEVICE_ORIGIN from package com.google.android.apps.messaging (protectionLevel=18 flags=0x38cbbe45)
06-18 13:53:40.543 I/OMXClient( 1922): IOmx service obtained
06-18 13:53:40.543 I/OMXMaster( 1787): makeComponentInstance(OMX.google.vorbis.decoder) in android.hardwar process
06-18 13:53:40.545 E/OMXNodeInstance( 1787): getConfig(0xf11e5260:google.vorbis.decoder, ConfigAndroidVendorExtension(0x6f100004)) ERROR: Undefined(0x80001001)
06-18 13:53:40.547 I/PackageManager( 1922): Un-granting permission android.permission.BIND_WALLPAPER from package com.android.camera2 (protectionLevel=18 flags=0x20d8bc45)
06-18 13:53:40.548 I/chatty  ( 1922): uid=1000(system) Binder:1922_5 identical 1 line
06-18 13:53:40.548 I/PackageManager( 1922): Un-granting permission android.permission.BIND_WALLPAPER from package com.android.camera2 (protectionLevel=18 flags=0x20d8bc45)
06-18 13:53:40.558 W/PackageManager( 1922): Cannot whitelist unknown permission: android.permission.NFC_UNLOCK
06-18 13:53:40.570 W/PackageManager( 1922): Cannot whitelist unknown permission: android.permission.NFC_UNLOCK
06-18 13:53:40.580 W/PackageManager( 1922): Cannot whitelist unknown permission: com.google.android.email.permission.ACCESS_PROVIDER
06-18 13:53:40.580 W/PackageManager( 1922): Cannot whitelist unknown permission: com.google.android.gm.exchange.BIND
