06-18 08:31:18.930 W/PackageManager( 1919): Cannot whitelist unknown permission: android.car.permission.CAR_POWERTRAIN
06-18 08:31:18.930 W/PackageManager( 1919): Cannot whitelist unknown permission: android.car.permission.CAR_ENERGY
06-18 08:31:18.930 W/PackageManager( 1919): Cannot whitelist unknown permission: android.car.permission.CAR_ENERGY_PORTS
06-18 08:31:18.930 W/PackageManager( 1919): Cannot whitelist unknown permission: android.car.permission.CAR_EXTERIOR_LIGHTS
06-18 08:31:18.930 W/PackageManager( 1919): Cannot whitelist unknown permission: android.car.permission.CAR_INFO
06-18 08:31:18.930 W/PackageManager( 1919): Cannot whitelist unknown permission: android.car.permission.CAR_MILEAGE
06-18 08:31:18.930 W/PackageManager( 1919): Cannot whitelist unknown permission: android.car.permission.CAR_TIRES
06-18 08:31:18.930 W/PackageManager( 1919): Cannot whitelist unknown permission: android.car.permission.CONTROL_CAR_CLIMATE
06-18 08:31:18.930 W/PackageManager( 1919): Cannot whitelist unknown permission: android.car.permission.CONTROL_CAR_DOORS
06-18 08:31:18.930 W/PackageManager( 1919): Cannot whitelist unknown permission: android.car.permission.CONTROL_CAR_EXTERIOR_LIGHTS
06-18 08:31:18.930 W/PackageManager( 1919): Cannot whitelist unknown permission: android.car.permission.CONTROL_CAR_MIRRORS
06-18 08:31:18.930 W/PackageManager( 1919): Cannot whitelist unknown permission: android.car.permission.CONTROL_CAR_SEATS
06-18 08:31:18.930 W/PackageManager( 1919): Cannot whitelist unknown permission: android.car.permission.CONTROL_CAR_WINDOWS
06-18 08:31:18.930 W/PackageManager( 1919): Cannot whitelist unknown permission: android.car.permission.READ_CAR_DISPLAY_UNITS
06-18 08:31:18.930 W/PackageManager( 1919): Cannot whitelist unknown permission: com.google.android.finsky.permission.GEARHEAD_SERVICE
06-18 08:31:18.930 W/PackageManager( 1919): Cannot whitelist unknown permission: com.google.android.permission.ACCESSIBILITY_SCAN_SERVICE
06-18 08:31:18.930 W/PackageManager( 1919): Cannot whitelist unknown permission: com.google.android.finsky.permission.ACCESS_INSTANT_APP_NOTIFICATION_ENFORCEMENT
06-18 08:31:18.930 W/PackageManager( 1919): Cannot whitelist unknown permission: com.google.android.clockwork.settings.SHOW_FACTORY_RESET_CONFIRMATION
06-18 08:31:18.930 W/PackageManager( 1919): Cannot whitelist unknown permission: com.google.android.wearable.READ_SETTINGS
06-18 08:31:18.930 W/PackageManager( 1919): Cannot whitelist unknown permission: android.permission.READ_MEDIA_AUDIO
06-18 08:31:18.930 W/PackageManager( 1919): Cannot whitelist unknown permission: android.permission.READ_MEDIA_IMAGES
06-18 08:31:18.930 W/PackageManager( 1919): Cannot whitelist unknown permission: android.permission.READ_MEDIA_VIDEO
06-18 08:31:18.930 W/PackageManager( 1919): Cannot whitelist unknown permission: com.android.vending.setup.PLAY_SETUP_SERVICE
06-18 08:31:18.930 W/PackageManager( 1919): Cannot whitelist unknown permission: com.google.android.gms.game.notifications.permission.WRITE
06-18 08:31:18.930 W/PackageManager( 1919): Cannot whitelist unknown permission: com.google.android.vending.verifier.ACCESS_VERIFIER
06-18 08:31:18.931 I/PackageManager( 1919): Un-granting permission android.permission.CAPTURE_VIDEO_OUTPUT from package com.google.android.gms (protectionLevel=2 flags=0xb0cabe45)
06-18 08:31:18.931 I/PackageManager( 1919): Un-granting permission android.permission.MANAGE_DEVICE_ADMINS from package com.google.android.gms (protectionLevel=2 flags=0xb0cabe45)
06-18 08:31:18.931 I/PackageManager( 1919): Un-granting permission android.permission.MANAGE_ACTIVITY_STACKS from package com.google.android.gms (protectionLevel=2 flags=0xb0cabe45)
06-18 08:31:18.931 I/PackageManager( 1919): Un-granting permission android.permission.CAPTURE_SECURE_VIDEO_OUTPUT from package com.google.android.gms (protectionLevel=2 flags=0xb0cabe45)
06-18 08:31:18.931 I/PackageManager( 1919): Un-granting permission android.permission.MANAGE_ROLLBACKS from package com.google.android.gms (protectionLevel=514 flags=0xb0cabe45)
06-18 08:31:18.932 W/PackageManager( 1919): Cannot whitelist unknown permission: android.permission.QUERY_ALL_PACKAGES
06-18 08:31:18.933 W/PackageManager( 1919): Cannot whitelist unknown permission: android.permission.PRE_FACTORY_RESET
06-18 08:31:18.933 W/PackageManager( 1919): Cannot whitelist unknown permission: android.permission.MANAGE_FACTORY_RESET_PROTECTION
06-18 08:31:18.933 W/PackageManager( 1919): Cannot whitelist unknown permission: android.car.permission.CAR_POWER
06-18 08:31:18.933 W/PackageManager( 1919): Cannot whitelist unknown permission: com.google.android.wearable.WRITE_SETTINGS
06-18 08:31:18.933 W/PackageManager( 1919): Cannot whitelist unknown permission: com.felicanetworks.mfc.permission.MFC_ACCESS
06-18 08:31:18.933 W/PackageManager( 1919): Cannot whitelist unknown permission: com.felicanetworks.mfc.mfi.permission.MFI_ACCESS
06-18 08:31:18.933 W/PackageManager( 1919): Cannot whitelist unknown permission: com.google.android.finsky.permission.INSTANT_APP_STATE
06-18 08:31:18.933 W/PackageManager( 1919): Cannot whitelist unknown permission: android.permission.UWB
06-18 08:31:18.933 W/PackageManager( 1919): Cannot whitelist unknown permission: com.google.android.finsky.permission.BIND_GET_INSTALL_REFERRER_SERVICE
06-18 08:31:18.933 W/PackageManager( 1919): Cannot whitelist unknown permission: com.google.android.hangouts.START_HANGOUT
06-18 08:31:18.933 W/PackageManager( 1919): Cannot whitelist unknown permission: android.car.permission.CAR_POWERTRAIN
06-18 08:31:18.933 W/PackageManager( 1919): Cannot whitelist unknown permission: android.car.permission.CAR_ENERGY
06-18 08:31:18.933 W/PackageManager( 1919): Cannot whitelist unknown permission: android.car.permission.CAR_ENERGY_PORTS
06-18 08:31:18.933 W/PackageManager( 1919): Cannot whitelist unknown permission: android.car.permission.CAR_EXTERIOR_LIGHTS
06-18 08:31:18.933 W/PackageManager( 1919): Cannot whitelist unknown permission: android.car.permission.CAR_INFO
06-18 08:31:18.934 E/ActivityThread( 2061): Failed to find provider info for com.google.android.gsf.gservices
06-18 08:31:18.937 I/FileApkMgr( 2061): Extracting modules completed
06-18 08:31:18.937 I/GmsApplication( 2061): Staging modules completed
06-18 08:31:18.937 I/GmsApplication( 2061): Updating config
06-18 08:31:18.941 W/FileUtils( 2061): Failed to set world readable: /data/user_de/0/com.google.android.gms/app_chimera/current_config.fb
06-18 08:31:18.947 I/.gms.persisten( 2061): Compiler allocated 5776KB to compile boolean cuf.a(cyl, boolean, caau, caau, int, java.util.List, java.io.File, cyh)
06-18 08:31:18.950 E/ChimeraCfgMgr( 2061): Failed to read module config: java.io.FileNotFoundException: /data/user_de/0/com.google.android.gms/app_chimera/current_config.fb: open failed: ENOENT (No such file or directory)
06-18 08:31:18.953 E/GservicesValue( 2061): Gservices key not whitelisted for directboot access: gms:chimera:dev_module_blacklist
06-18 08:31:18.951 I/chatty  ( 2061): uid=10119 com.google.android.gms.persistent identical 4 lines
06-18 08:31:18.952 E/ActivityThread( 2061): Failed to find provider info for com.google.android.gsf.gservices
06-18 08:31:18.962 W/PackageManager( 1919): Cannot whitelist unknown permission: android.car.permission.CAR_MILEAGE
06-18 08:31:18.963 W/PackageManager( 1919): Cannot whitelist unknown permission: android.car.permission.CAR_TIRES
06-18 08:31:18.963 W/PackageManager( 1919): Cannot whitelist unknown permission: android.car.permission.CONTROL_CAR_CLIMATE
06-18 08:31:18.963 W/PackageManager( 1919): Cannot whitelist unknown permission: android.car.permission.CONTROL_CAR_DOORS
06-18 08:31:18.963 W/PackageManager( 1919): Cannot whitelist unknown permission: android.car.permission.CONTROL_CAR_EXTERIOR_LIGHTS
06-18 08:31:18.963 W/PackageManager( 1919): Cannot whitelist unknown permission: android.car.permission.CONTROL_CAR_MIRRORS
06-18 08:31:18.963 W/PackageManager( 1919): Cannot whitelist unknown permission: android.car.permission.CONTROL_CAR_SEATS
06-18 08:31:18.963 W/PackageManager( 1919): Cannot whitelist unknown permission: android.car.permission.CONTROL_CAR_WINDOWS
06-18 08:31:18.963 W/PackageManager( 1919): Cannot whitelist unknown permission: android.car.permission.READ_CAR_DISPLAY_UNITS
06-18 08:31:18.963 W/PackageManager( 1919): Cannot whitelist unknown permission: com.google.android.finsky.permission.GEARHEAD_SERVICE
06-18 08:31:18.963 W/PackageManager( 1919): Cannot whitelist unknown permission: com.google.android.permission.ACCESSIBILITY_SCAN_SERVICE
06-18 08:31:18.963 W/PackageManager( 1919): Cannot whitelist unknown permission: com.google.android.finsky.permission.ACCESS_INSTANT_APP_NOTIFICATION_ENFORCEMENT
06-18 08:31:18.963 W/PackageManager( 1919): Cannot whitelist unknown permission: com.google.android.clockwork.settings.SHOW_FACTORY_RESET_CONFIRMATION
06-18 08:31:18.963 W/PackageManager( 1919): Cannot whitelist unknown permission: com.google.android.wearable.READ_SETTINGS
06-18 08:31:18.963 W/PackageManager( 1919): Cannot whitelist unknown permission: android.permission.READ_MEDIA_AUDIO
06-18 08:31:18.963 W/PackageManager( 1919): Cannot whitelist unknown permission: android.permission.READ_MEDIA_IMAGES
06-18 08:31:18.963 W/PackageManager( 1919): Cannot whitelist unknown permission: android.permission.READ_MEDIA_VIDEO
06-18 08:31:18.963 W/PackageManager( 1919): Cannot whitelist unknown permission: com.android.vending.setup.PLAY_SETUP_SERVICE
06-18 08:31:18.963 W/PackageManager( 1919): Cannot whitelist unknown permission: com.google.android.gms.game.notifications.permission.WRITE
06-18 08:31:18.963 W/PackageManager( 1919): Cannot whitelist unknown permission: com.google.android.vending.verifier.ACCESS_VERIFIER
06-18 08:31:18.963 I/PackageManager( 1919): Un-granting permission android.permission.CAPTURE_VIDEO_OUTPUT from package com.google.android.gms (protectionLevel=2 flags=0xb0cabe45)
06-18 08:31:18.963 I/PackageManager( 1919): Un-granting permission android.permission.MANAGE_DEVICE_ADMINS from package com.google.android.gms (protectionLevel=2 flags=0xb0cabe45)
06-18 08:31:18.964 I/PackageManager( 1919): Un-granting permission android.permission.MANAGE_ACTIVITY_STACKS from package com.google.android.gms (protectionLevel=2 flags=0xb0cabe45)
06-18 08:31:18.964 I/PackageManager( 1919): Un-granting permission android.permission.CAPTURE_SECURE_VIDEO_OUTPUT from package com.google.android.gms (protectionLevel=2 flags=0xb0cabe45)
06-18 08:31:18.964 I/PackageManager( 1919): Un-granting permission android.permission.MANAGE_ROLLBACKS from package com.google.android.gms (protectionLevel=514 flags=0xb0cabe45)
06-18 08:31:18.971 E/ActivityThread( 2061): Failed to find provider info for com.google.android.gsf.gservices
06-18 08:31:18.971 W/PackageManager( 1919): Cannot whitelist unknown permission: android.permission.QUERY_ALL_PACKAGES
06-18 08:31:18.971 W/PackageManager( 1919): Cannot whitelist unknown permission: android.permission.PRE_FACTORY_RESET
06-18 08:31:18.971 W/PackageManager( 1919): Cannot whitelist unknown permission: android.permission.MANAGE_FACTORY_RESET_PROTECTION
06-18 08:31:18.972 W/PackageManager( 1919): Cannot whitelist unknown permission: android.car.permission.CAR_POWER
06-18 08:31:18.972 W/PackageManager( 1919): Cannot whitelist unknown permission: com.google.android.wearable.WRITE_SETTINGS
06-18 08:31:18.972 W/PackageManager( 1919): Cannot whitelist unknown permission: com.felicanetworks.mfc.permission.MFC_ACCESS
06-18 08:31:18.972 W/PackageManager( 1919): Cannot whitelist unknown permission: com.felicanetworks.mfc.mfi.permission.MFI_ACCESS
06-18 08:31:18.972 W/PackageManager( 1919): Cannot whitelist unknown permission: com.google.android.finsky.permission.INSTANT_APP_STATE
06-18 08:31:18.972 W/PackageManager( 1919): Cannot whitelist unknown permission: android.permission.UWB
06-18 08:31:18.972 W/PackageManager( 1919): Cannot whitelist unknown permission: com.google.android.finsky.permission.BIND_GET_INSTALL_REFERRER_SERVICE
06-18 08:31:18.972 W/PackageManager( 1919): Cannot whitelist unknown permission: com.google.android.hangouts.START_HANGOUT
06-18 08:31:18.972 W/PackageManager( 1919): Cannot whitelist unknown permission: android.car.permission.CAR_POWERTRAIN
06-18 08:31:18.972 W/PackageManager( 1919): Cannot whitelist unknown permission: android.car.permission.CAR_ENERGY
06-18 08:31:18.972 W/PackageManager( 1919): Cannot whitelist unknown permission: android.car.permission.CAR_ENERGY_PORTS
06-18 08:31:18.972 W/PackageManager( 1919): Cannot whitelist unknown permission: android.car.permission.CAR_EXTERIOR_LIGHTS
06-18 08:31:18.972 W/PackageManager( 1919): Cannot whitelist unknown permission: android.car.permission.CAR_INFO
06-18 08:31:18.972 W/PackageManager( 1919): Cannot whitelist unknown permission: android.car.permission.CAR_MILEAGE
06-18 08:31:18.972 W/PackageManager( 1919): Cannot whitelist unknown permission: android.car.permission.CAR_TIRES
06-18 08:31:18.972 W/PackageManager( 1919): Cannot whitelist unknown permission: android.car.permission.CONTROL_CAR_CLIMATE
06-18 08:31:18.972 W/PackageManager( 1919): Cannot whitelist unknown permission: android.car.permission.CONTROL_CAR_DOORS
06-18 08:31:18.972 W/PackageManager( 1919): Cannot whitelist unknown permission: android.car.permission.CONTROL_CAR_EXTERIOR_LIGHTS
06-18 08:31:18.972 W/PackageManager( 1919): Cannot whitelist unknown permission: android.car.permission.CONTROL_CAR_MIRRORS
06-18 08:31:18.972 W/PackageManager( 1919): Cannot whitelist unknown permission: android.car.permission.CONTROL_CAR_SEATS
06-18 08:31:18.972 W/PackageManager( 1919): Cannot whitelist unknown permission: android.car.permission.CONTROL_CAR_WINDOWS
06-18 08:31:18.972 W/PackageManager( 1919): Cannot whitelist unknown permission: android.car.permission.READ_CAR_DISPLAY_UNITS
06-18 08:31:18.972 W/PackageManager( 1919): Cannot whitelist unknown permission: com.google.android.finsky.permission.GEARHEAD_SERVICE
06-18 08:31:18.972 W/PackageManager( 1919): Cannot whitelist unknown permission: com.google.android.permission.ACCESSIBILITY_SCAN_SERVICE
06-18 08:31:18.972 W/PackageManager( 1919): Cannot whitelist unknown permission: com.google.android.finsky.permission.ACCESS_INSTANT_APP_NOTIFICATION_ENFORCEMENT
06-18 08:31:18.972 W/PackageManager( 1919): Cannot whitelist unknown permission: com.google.android.clockwork.settings.SHOW_FACTORY_RESET_CONFIRMATION
06-18 08:31:18.972 W/PackageManager( 1919): Cannot whitelist unknown permission: com.google.android.wearable.READ_SETTINGS
06-18 08:31:18.972 W/PackageManager( 1919): Cannot whitelist unknown permission: android.permission.READ_MEDIA_AUDIO
06-18 08:31:18.973 W/PackageManager( 1919): Cannot whitelist unknown permission: android.permission.READ_MEDIA_IMAGES
06-18 08:31:18.973 W/PackageManager( 1919): Cannot whitelist unknown permission: android.permission.READ_MEDIA_VIDEO
06-18 08:31:18.973 W/PackageManager( 1919): Cannot whitelist unknown permission: com.android.vending.setup.PLAY_SETUP_SERVICE
06-18 08:31:18.973 W/PackageManager( 1919): Cannot whitelist unknown permission: com.google.android.gms.game.notifications.permission.WRITE
06-18 08:31:18.973 W/PackageManager( 1919): Cannot whitelist unknown permission: com.google.android.vending.verifier.ACCESS_VERIFIER
06-18 08:31:18.973 I/PackageManager( 1919): Un-granting permission android.permission.CAPTURE_VIDEO_OUTPUT from package com.google.android.gms (protectionLevel=2 flags=0xb0cabe45)
06-18 08:31:18.973 I/PackageManager( 1919): Un-granting permission android.permission.MANAGE_DEVICE_ADMINS from package com.google.android.gms (protectionLevel=2 flags=0xb0cabe45)
06-18 08:31:18.973 I/PackageManager( 1919): Un-granting permission android.permission.MANAGE_ACTIVITY_STACKS from package com.google.android.gms (protectionLevel=2 flags=0xb0cabe45)
06-18 08:31:18.973 E/ActivityThread( 2061): Failed to find provider info for com.google.android.gsf.gservices
06-18 08:31:18.973 I/PackageManager( 1919): Un-granting permission android.permission.CAPTURE_SECURE_VIDEO_OUTPUT from package com.google.android.gms (protectionLevel=2 flags=0xb0cabe45)
06-18 08:31:18.974 I/PackageManager( 1919): Un-granting permission android.permission.MANAGE_ROLLBACKS from package com.google.android.gms (protectionLevel=514 flags=0xb0cabe45)
06-18 08:31:18.975 E/ActivityThread( 2061): Failed to find provider info for com.google.android.gsf.gservices
06-18 08:31:18.976 I/GmsModuleFndr( 2061): Beginning GMS chimera module scan
06-18 08:31:18.979 E/ChimeraCfgMgr( 2061): Failed to read module config: java.io.FileNotFoundException: /data/user_de/0/com.google.android.gms/app_chimera/current_config.fb: open failed: ENOENT (No such file or directory)
06-18 08:31:18.981 I/OMXClient( 1919): IOmx service obtained
06-18 08:31:18.981 I/OMXMaster( 1786): makeComponentInstance(OMX.google.vorbis.decoder) in android.hardwar process
06-18 08:31:18.981 E/OMXNodeInstance( 1786): getConfig(0xf4b18cc0:google.vorbis.decoder, ConfigAndroidVendorExtension(0x6f100004)) ERROR: Undefined(0x80001001)
06-18 08:31:18.975 E/ActivityThread( 2061): Failed to find provider info for com.google.android.gsf.gservices
06-18 08:31:18.983 W/PackageManager( 1919): Cannot whitelist unknown permission: android.permission.QUERY_ALL_PACKAGES
06-18 08:31:18.983 W/PackageManager( 1919): Cannot whitelist unknown permission: android.permission.PRE_FACTORY_RESET
06-18 08:31:18.983 W/PackageManager( 1919): Cannot whitelist unknown permission: android.permission.MANAGE_FACTORY_RESET_PROTECTION
06-18 08:31:18.983 W/PackageManager( 1919): Cannot whitelist unknown permission: android.car.permission.CAR_POWER
06-18 08:31:18.983 W/PackageManager( 1919): Cannot whitelist unknown permission: com.google.android.wearable.WRITE_SETTINGS
06-18 08:31:18.983 W/PackageManager( 1919): Cannot whitelist unknown permission: com.felicanetworks.mfc.permission.MFC_ACCESS
06-18 08:31:18.983 W/PackageManager( 1919): Cannot whitelist unknown permission: com.felicanetworks.mfc.mfi.permission.MFI_ACCESS
06-18 08:31:18.983 W/PackageManager( 1919): Cannot whitelist unknown permission: com.google.android.finsky.permission.INSTANT_APP_STATE
06-18 08:31:18.983 W/PackageManager( 1919): Cannot whitelist unknown permission: android.permission.UWB
06-18 08:31:18.983 W/PackageManager( 1919): Cannot whitelist unknown permission: com.google.android.finsky.permission.BIND_GET_INSTALL_REFERRER_SERVICE
06-18 08:31:18.984 W/PackageManager( 1919): Cannot whitelist unknown permission: com.google.android.hangouts.START_HANGOUT
06-18 08:31:18.984 W/PackageManager( 1919): Cannot whitelist unknown permission: android.car.permission.CAR_POWERTRAIN
06-18 08:31:18.984 W/PackageManager( 1919): Cannot whitelist unknown permission: android.car.permission.CAR_ENERGY
06-18 08:31:18.984 W/PackageManager( 1919): Cannot whitelist unknown permission: android.car.permission.CAR_ENERGY_PORTS
06-18 08:31:18.984 W/PackageManager( 1919): Cannot whitelist unknown permission: android.car.permission.CAR_EXTERIOR_LIGHTS
06-18 08:31:18.984 W/PackageManager( 1919): Cannot whitelist unknown permission: android.car.permission.CAR_INFO
06-18 08:31:18.984 W/PackageManager( 1919): Cannot whitelist unknown permission: android.car.permission.CAR_MILEAGE
06-18 08:31:18.984 W/PackageManager( 1919): Cannot whitelist unknown permission: android.car.permission.CAR_TIRES
06-18 08:31:18.984 W/PackageManager( 1919): Cannot whitelist unknown permission: android.car.permission.CONTROL_CAR_CLIMATE
06-18 08:31:18.984 W/PackageManager( 1919): Cannot whitelist unknown permission: android.car.permission.CONTROL_CAR_DOORS
06-18 08:31:18.984 W/PackageManager( 1919): Cannot whitelist unknown permission: android.car.permission.CONTROL_CAR_EXTERIOR_LIGHTS
06-18 08:31:18.984 W/PackageManager( 1919): Cannot whitelist unknown permission: android.car.permission.CONTROL_CAR_MIRRORS
06-18 08:31:18.984 W/PackageManager( 1919): Cannot whitelist unknown permission: android.car.permission.CONTROL_CAR_SEATS
06-18 08:31:18.984 W/PackageManager( 1919): Cannot whitelist unknown permission: android.car.permission.CONTROL_CAR_WINDOWS
06-18 08:31:18.984 W/PackageManager( 1919): Cannot whitelist unknown permission: android.car.permission.READ_CAR_DISPLAY_UNITS
06-18 08:31:18.984 W/PackageManager( 1919): Cannot whitelist unknown permission: com.google.android.finsky.permission.GEARHEAD_SERVICE
06-18 08:31:18.984 W/PackageManager( 1919): Cannot whitelist unknown permission: com.google.android.permission.ACCESSIBILITY_SCAN_SERVICE
06-18 08:31:18.984 W/PackageManager( 1919): Cannot whitelist unknown permission: com.google.android.finsky.permission.ACCESS_INSTANT_APP_NOTIFICATION_ENFORCEMENT
06-18 08:31:18.984 W/PackageManager( 1919): Cannot whitelist unknown permission: com.google.android.clockwork.settings.SHOW_FACTORY_RESET_CONFIRMATION
06-18 08:31:18.984 W/PackageManager( 1919): Cannot whitelist unknown permission: com.google.android.wearable.READ_SETTINGS
06-18 08:31:18.984 W/PackageManager( 1919): Cannot whitelist unknown permission: android.permission.READ_MEDIA_AUDIO
06-18 08:31:18.984 W/PackageManager( 1919): Cannot whitelist unknown permission: android.permission.READ_MEDIA_IMAGES
06-18 08:31:18.984 W/PackageManager( 1919): Cannot whitelist unknown permission: android.permission.READ_MEDIA_VIDEO
06-18 08:31:18.984 W/PackageManager( 1919): Cannot whitelist unknown permission: com.android.vending.setup.PLAY_SETUP_SERVICE
06-18 08:31:18.984 W/PackageManager( 1919): Cannot whitelist unknown permission: com.google.android.gms.game.notifications.permission.WRITE
06-18 08:31:18.984 W/PackageManager( 1919): Cannot whitelist unknown permission: com.google.android.vending.verifier.ACCESS_VERIFIER
06-18 08:31:18.984 I/PackageManager( 1919): Un-granting permission android.permission.CAPTURE_VIDEO_OUTPUT from package com.google.android.gms (protectionLevel=2 flags=0xb0cabe45)
06-18 08:31:18.985 I/PackageManager( 1919): Un-granting permission android.permission.MANAGE_DEVICE_ADMINS from package com.google.android.gms (protectionLevel=2 flags=0xb0cabe45)
06-18 08:31:18.985 I/PackageManager( 1919): Un-granting permission android.permission.MANAGE_ACTIVITY_STACKS from package com.google.android.gms (protectionLevel=2 flags=0xb0cabe45)
06-18 08:31:18.985 I/PackageManager( 1919): Un-granting permission android.permission.CAPTURE_SECURE_VIDEO_OUTPUT from package com.google.android.gms (protectionLevel=2 flags=0xb0cabe45)
06-18 08:31:18.985 I/PackageManager( 1919): Un-granting permission android.permission.MANAGE_ROLLBACKS from package com.google.android.gms (protectionLevel=514 flags=0xb0cabe45)
06-18 08:31:18.985 W/PackageManager( 1919): Cannot whitelist unknown permission: android.permission.QUERY_ALL_PACKAGES
06-18 08:31:18.986 W/PackageManager( 1919): Cannot whitelist unknown permission: android.permission.PRE_FACTORY_RESET
06-18 08:31:18.986 W/PackageManager( 1919): Cannot whitelist unknown permission: android.permission.MANAGE_FACTORY_RESET_PROTECTION
06-18 08:31:18.986 W/PackageManager( 1919): Cannot whitelist unknown permission: android.car.permission.CAR_POWER
06-18 08:31:18.986 W/PackageManager( 1919): Cannot whitelist unknown permission: com.google.android.wearable.WRITE_SETTINGS
06-18 08:31:18.986 W/PackageManager( 1919): Cannot whitelist unknown permission: com.felicanetworks.mfc.permission.MFC_ACCESS
06-18 08:31:18.986 W/PackageManager( 1919): Cannot whitelist unknown permission: com.felicanetworks.mfc.mfi.permission.MFI_ACCESS
06-18 08:31:18.986 W/PackageManager( 1919): Cannot whitelist unknown permission: com.google.android.finsky.permission.INSTANT_APP_STATE
06-18 08:31:18.986 W/PackageManager( 1919): Cannot whitelist unknown permission: android.permission.UWB
06-18 08:31:18.986 W/PackageManager( 1919): Cannot whitelist unknown permission: com.google.android.finsky.permission.BIND_GET_INSTALL_REFERRER_SERVICE
06-18 08:31:18.986 W/PackageManager( 1919): Cannot whitelist unknown permission: com.google.android.hangouts.START_HANGOUT
06-18 08:31:18.986 W/PackageManager( 1919): Cannot whitelist unknown permission: android.car.permission.CAR_POWERTRAIN
06-18 08:31:18.986 W/PackageManager( 1919): Cannot whitelist unknown permission: android.car.permission.CAR_ENERGY
06-18 08:31:18.986 W/PackageManager( 1919): Cannot whitelist unknown permission: android.car.permission.CAR_ENERGY_PORTS
06-18 08:31:18.986 W/PackageManager( 1919): Cannot whitelist unknown permission: android.car.permission.CAR_EXTERIOR_LIGHTS
06-18 08:31:18.986 W/PackageManager( 1919): Cannot whitelist unknown permission: android.car.permission.CAR_INFO
06-18 08:31:18.986 W/PackageManager( 1919): Cannot whitelist unknown permission: android.car.permission.CAR_MILEAGE
06-18 08:31:18.986 W/PackageManager( 1919): Cannot whitelist unknown permission: android.car.permission.CAR_TIRES
06-18 08:31:18.986 W/PackageManager( 1919): Cannot whitelist unknown permission: android.car.permission.CONTROL_CAR_CLIMATE
06-18 08:31:18.986 W/PackageManager( 1919): Cannot whitelist unknown permission: android.car.permission.CONTROL_CAR_DOORS
06-18 08:31:18.986 W/PackageManager( 1919): Cannot whitelist unknown permission: android.car.permission.CONTROL_CAR_EXTERIOR_LIGHTS
06-18 08:31:18.986 W/PackageManager( 1919): Cannot whitelist unknown permission: android.car.permission.CONTROL_CAR_MIRRORS
06-18 08:31:18.986 W/PackageManager( 1919): Cannot whitelist unknown permission: android.car.permission.CONTROL_CAR_SEATS
06-18 08:31:18.986 W/PackageManager( 1919): Cannot whitelist unknown permission: android.car.permission.CONTROL_CAR_WINDOWS
06-18 08:31:18.986 W/PackageManager( 1919): Cannot whitelist unknown permission: android.car.permission.READ_CAR_DISPLAY_UNITS
06-18 08:31:18.986 W/PackageManager( 1919): Cannot whitelist unknown permission: com.google.android.finsky.permission.GEARHEAD_SERVICE
06-18 08:31:18.986 W/PackageManager( 1919): Cannot whitelist unknown permission: com.google.android.permission.ACCESSIBILITY_SCAN_SERVICE
06-18 08:31:18.986 W/PackageManager( 1919): Cannot whitelist unknown permission: com.google.android.finsky.permission.ACCESS_INSTANT_APP_NOTIFICATION_ENFORCEMENT
06-18 08:31:18.986 W/PackageManager( 1919): Cannot whitelist unknown permission: com.google.android.clockwork.settings.SHOW_FACTORY_RESET_CONFIRMATION
06-18 08:31:18.986 W/PackageManager( 1919): Cannot whitelist unknown permission: com.google.android.wearable.READ_SETTINGS
06-18 08:31:18.987 W/PackageManager( 1919): Cannot whitelist unknown permission: android.permission.READ_MEDIA_AUDIO
06-18 08:31:18.987 W/PackageManager( 1919): Cannot whitelist unknown permission: android.permission.READ_MEDIA_IMAGES
06-18 08:31:18.987 W/PackageManager( 1919): Cannot whitelist unknown permission: android.permission.READ_MEDIA_VIDEO
06-18 08:31:18.987 W/PackageManager( 1919): Cannot whitelist unknown permission: com.android.vending.setup.PLAY_SETUP_SERVICE
06-18 08:31:18.987 W/PackageManager( 1919): Cannot whitelist unknown permission: com.google.android.gms.game.notifications.permission.WRITE
06-18 08:31:18.987 W/PackageManager( 1919): Cannot whitelist unknown permission: com.google.android.vending.verifier.ACCESS_VERIFIER
06-18 08:31:18.987 I/PackageManager( 1919): Un-granting permission android.permission.CAPTURE_VIDEO_OUTPUT from package com.google.android.gms (protectionLevel=2 flags=0xb0cabe45)
06-18 08:31:18.987 I/PackageManager( 1919): Un-granting permission android.permission.MANAGE_DEVICE_ADMINS from package com.google.android.gms (protectionLevel=2 flags=0xb0cabe45)
06-18 08:31:18.987 I/PackageManager( 1919): Un-granting permission android.permission.MANAGE_ACTIVITY_STACKS from package com.google.android.gms (protectionLevel=2 flags=0xb0cabe45)
06-18 08:31:18.987 I/PackageManager( 1919): Un-granting permission android.permission.CAPTURE_SECURE_VIDEO_OUTPUT from package com.google.android.gms (protectionLevel=2 flags=0xb0cabe45)
06-18 08:31:18.987 I/PackageManager( 1919): Un-granting permission android.permission.MANAGE_ROLLBACKS from package com.google.android.gms (protectionLevel=514 flags=0xb0cabe45)
06-18 08:31:18.996 W/PackageManager( 1919): Cannot whitelist unknown permission: android.permission.QUERY_ALL_PACKAGES
06-18 08:31:18.996 W/PackageManager( 1919): Cannot whitelist unknown permission: android.permission.PRE_FACTORY_RESET
06-18 08:31:18.996 W/PackageManager( 1919): Cannot whitelist unknown permission: android.permission.MANAGE_FACTORY_RESET_PROTECTION
06-18 08:31:18.996 W/PackageManager( 1919): Cannot whitelist unknown permission: android.car.permission.CAR_POWER
06-18 08:31:18.996 W/PackageManager( 1919): Cannot whitelist unknown permission: com.google.android.wearable.WRITE_SETTINGS
06-18 08:31:18.996 W/PackageManager( 1919): Cannot whitelist unknown permission: com.felicanetworks.mfc.permission.MFC_ACCESS
06-18 08:31:18.996 W/PackageManager( 1919): Cannot whitelist unknown permission: com.felicanetworks.mfc.mfi.permission.MFI_ACCESS
06-18 08:31:18.996 W/PackageManager( 1919): Cannot whitelist unknown permission: com.google.android.finsky.permission.INSTANT_APP_STATE
06-18 08:31:18.996 W/PackageManager( 1919): Cannot whitelist unknown permission: android.permission.UWB
06-18 08:31:18.996 W/PackageManager( 1919): Cannot whitelist unknown permission: com.google.android.finsky.permission.BIND_GET_INSTALL_REFERRER_SERVICE
06-18 08:31:18.996 W/PackageManager( 1919): Cannot whitelist unknown permission: com.google.android.hangouts.START_HANGOUT
06-18 08:31:18.996 W/PackageManager( 1919): Cannot whitelist unknown permission: android.car.permission.CAR_POWERTRAIN
06-18 08:31:18.996 W/PackageManager( 1919): Cannot whitelist unknown permission: android.car.permission.CAR_ENERGY
06-18 08:31:18.996 W/PackageManager( 1919): Cannot whitelist unknown permission: android.car.permission.CAR_ENERGY_PORTS
06-18 08:31:18.996 W/PackageManager( 1919): Cannot whitelist unknown permission: android.car.permission.CAR_EXTERIOR_LIGHTS
06-18 08:31:18.996 W/PackageManager( 1919): Cannot whitelist unknown permission: android.car.permission.CAR_INFO
06-18 08:31:18.996 W/PackageManager( 1919): Cannot whitelist unknown permission: android.car.permission.CAR_MILEAGE
06-18 08:31:18.996 W/PackageManager( 1919): Cannot whitelist unknown permission: android.car.permission.CAR_TIRES
06-18 08:31:18.996 W/PackageManager( 1919): Cannot whitelist unknown permission: android.car.permission.CONTROL_CAR_CLIMATE
06-18 08:31:18.996 W/PackageManager( 1919): Cannot whitelist unknown permission: android.car.permission.CONTROL_CAR_DOORS
06-18 08:31:18.996 W/PackageManager( 1919): Cannot whitelist unknown permission: android.car.permission.CONTROL_CAR_EXTERIOR_LIGHTS
06-18 08:31:18.996 W/PackageManager( 1919): Cannot whitelist unknown permission: android.car.permission.CONTROL_CAR_MIRRORS
06-18 08:31:18.996 W/PackageManager( 1919): Cannot whitelist unknown permission: android.car.permission.CONTROL_CAR_SEATS
06-18 08:31:18.996 W/PackageManager( 1919): Cannot whitelist unknown permission: android.car.permission.CONTROL_CAR_WINDOWS
06-18 08:31:18.997 W/PackageManager( 1919): Cannot whitelist unknown permission: android.car.permission.READ_CAR_DISPLAY_UNITS
06-18 08:31:18.997 W/PackageManager( 1919): Cannot whitelist unknown permission: com.google.android.finsky.permission.GEARHEAD_SERVICE
06-18 08:31:18.997 W/PackageManager( 1919): Cannot whitelist unknown permission: com.google.android.permission.ACCESSIBILITY_SCAN_SERVICE
06-18 08:31:18.997 W/PackageManager( 1919): Cannot whitelist unknown permission: com.google.android.finsky.permission.ACCESS_INSTANT_APP_NOTIFICATION_ENFORCEMENT
06-18 08:31:18.997 W/PackageManager( 1919): Cannot whitelist unknown permission: com.google.android.clockwork.settings.SHOW_FACTORY_RESET_CONFIRMATION
06-18 08:31:18.997 W/PackageManager( 1919): Cannot whitelist unknown permission: com.google.android.wearable.READ_SETTINGS
06-18 08:31:18.997 W/PackageManager( 1919): Cannot whitelist unknown permission: android.permission.READ_MEDIA_AUDIO
06-18 08:31:18.997 W/PackageManager( 1919): Cannot whitelist unknown permission: android.permission.READ_MEDIA_IMAGES
06-18 08:31:18.997 W/PackageManager( 1919): Cannot whitelist unknown permission: android.permission.READ_MEDIA_VIDEO
06-18 08:31:18.997 W/PackageManager( 1919): Cannot whitelist unknown permission: com.android.vending.setup.PLAY_SETUP_SERVICE
06-18 08:31:18.997 W/PackageManager( 1919): Cannot whitelist unknown permission: com.google.android.gms.game.notifications.permission.WRITE
06-18 08:31:18.997 W/PackageManager( 1919): Cannot whitelist unknown permission: com.google.android.vending.verifier.ACCESS_VERIFIER
06-18 08:31:18.997 I/PackageManager( 1919): Un-granting permission android.permission.CAPTURE_VIDEO_OUTPUT from package com.google.android.gms (protectionLevel=2 flags=0xb0cabe45)
06-18 08:31:18.997 I/PackageManager( 1919): Un-granting permission android.permission.MANAGE_DEVICE_ADMINS from package com.google.android.gms (protectionLevel=2 flags=0xb0cabe45)
06-18 08:31:18.997 I/PackageManager( 1919): Un-granting permission android.permission.MANAGE_ACTIVITY_STACKS from package com.google.android.gms (protectionLevel=2 flags=0xb0cabe45)
06-18 08:31:18.997 I/PackageManager( 1919): Un-granting permission android.permission.CAPTURE_SECURE_VIDEO_OUTPUT from package com.google.android.gms (protectionLevel=2 flags=0xb0cabe45)
06-18 08:31:18.997 I/PackageManager( 1919): Un-granting permission android.permission.MANAGE_ROLLBACKS from package com.google.android.gms (protectionLevel=514 flags=0xb0cabe45)
06-18 08:31:18.999 I/ModuleSetMgr( 2061): Config file doesn't exist, writing blank config.
06-18 08:31:19.009 I/ModuleSetMgr( 2061): Computing pending module set with APKs: [[AdsFdrDynamite.integ:21460000000], [Cronetdynamite:202414040800], [Dynamiteloader:202414040800], [Dynamitemodulesa:202414040000], [Dynamitemodulesc:202414040000], [Googlecertificates:202414040000], [Mapsdynamite:202414040000], [Measurementdynamite:202414040000]]
06-18 08:31:19.015 E/ActivityThread( 2061): Failed to find provider info for com.google.android.gsf.gservices
06-18 08:31:19.016 I/chatty  ( 2061): uid=10119 com.google.android.gms.persistent identical 6 lines
06-18 08:31:19.016 E/ActivityThread( 2061): Failed to find provider info for com.google.android.gsf.gservices
06-18 08:31:19.027 W/PackageManager( 1919): Cannot whitelist unknown permission: android.permission.ADD_VOICEMAIL
06-18 08:31:19.027 W/PackageManager( 1919): Cannot whitelist unknown permission: com.google.android.apps.messaging.services.ACCESS_JIBESERVICE
06-18 08:31:19.028 W/PackageManager( 1919): Cannot whitelist unknown permission: android.permission.ADD_VOICEMAIL
06-18 08:31:19.028 W/PackageManager( 1919): Cannot whitelist unknown permission: com.google.android.apps.messaging.services.ACCESS_JIBESERVICE
06-18 08:31:19.030 W/PackageManager( 1919): Cannot whitelist unknown permission: android.permission.ADD_VOICEMAIL
06-18 08:31:19.030 W/PackageManager( 1919): Cannot whitelist unknown permission: com.google.android.apps.messaging.services.ACCESS_JIBESERVICE
06-18 08:31:19.032 W/PackageManager( 1919): Cannot whitelist unknown permission: android.permission.ADD_VOICEMAIL
06-18 08:31:19.032 W/PackageManager( 1919): Cannot whitelist unknown permission: com.google.android.apps.messaging.services.ACCESS_JIBESERVICE
06-18 08:31:19.033 W/PackageManager( 1919): Cannot whitelist unknown permission: android.permission.ADD_VOICEMAIL
06-18 08:31:19.033 W/PackageManager( 1919): Cannot whitelist unknown permission: com.google.android.apps.messaging.services.ACCESS_JIBESERVICE
06-18 08:31:19.038 I/PackageManager( 1919): Un-granting permission com.google.android.googleapps.permission.GOOGLE_AUTH from package com.google.android.videos (protectionLevel=2 flags=0x30dbbe45)
06-18 08:31:19.039 I/chatty  ( 1919): uid=1000(system) Binder:1919_4 identical 1 line
06-18 08:31:19.041 I/PackageManager( 1919): Un-granting permission com.google.android.googleapps.permission.GOOGLE_AUTH from package com.google.android.videos (protectionLevel=2 flags=0x30dbbe45)
06-18 08:31:19.042 W/PackageManager( 1919): Cannot whitelist unknown permission: com.google.android.apps.miphone.aiai.matchmaker.overview.service.BIND_SERVICE
06-18 08:31:19.042 W/PackageManager( 1919): Cannot whitelist unknown permission: com.google.android.as.allapps.SUGGESTION_CONSUMER
06-18 08:31:19.043 W/PackageManager( 1919): Cannot whitelist unknown permission: com.google.android.apps.miphone.aiai.matchmaker.overview.service.BIND_SERVICE
06-18 08:31:19.043 W/PackageManager( 1919): Cannot whitelist unknown permission: com.google.android.as.allapps.SUGGESTION_CONSUMER
06-18 08:31:19.049 W/PackageManager( 1919): Cannot whitelist unknown permission: com.android.vending.BILLING
06-18 08:31:19.049 I/PackageManager( 1919): Un-granting permission android.permission.WRITE_MEDIA_STORAGE from package com.google.android.apps.photos (protectionLevel=18 flags=0x38d9be45)
06-18 08:31:19.051 W/PackageManager( 1919): Cannot whitelist unknown permission: com.android.vending.BILLING
06-18 08:31:19.051 I/PackageManager( 1919): Un-granting permission android.permission.WRITE_MEDIA_STORAGE from package com.google.android.apps.photos (protectionLevel=18 flags=0x38d9be45)
06-18 08:31:19.068 I/ModuleSetMgr( 2061): Pending container module APKs: []
06-18 08:31:19.068 I/ModuleSetMgr( 2061): Pending non-container module APKs: []
06-18 08:31:19.069 E/ActivityThread( 2061): Failed to find provider info for com.google.android.gsf.gservices
06-18 08:31:19.071 E/ChimeraCfgMgr( 2061): Failed to read module config: java.io.FileNotFoundException: /data/user_de/0/com.google.android.gms/app_chimera/current_config.fb: open failed: ENOENT (No such file or directory)
06-18 08:31:19.071 W/IntentOperation( 2061): Failed to get Chimera config:com.google.android.chimera.config.InvalidConfigException: java.io.FileNotFoundException: /data/user_de/0/com.google.android.gms/app_chimera/current_config.fb: open failed: ENOENT (No such file or directory)
06-18 08:31:19.072 I/chatty  ( 2061): uid=10119 com.google.android.gms.persistent identical 4 lines
06-18 08:31:19.072 E/ActivityThread( 2061): Failed to find provider info for com.google.android.gsf.gservices
06-18 08:31:19.076 W/PackageManager( 1919): Cannot whitelist unknown permission: com.android.launcher.permission.READ_SETTINGS
06-18 08:31:19.076 W/PackageManager( 1919): Cannot whitelist unknown permission: com.android.launcher.permission.WRITE_SETTINGS
06-18 08:31:19.094 I/OMXClient( 1919): IOmx service obtained
06-18 08:31:19.094 I/OMXMaster( 1786): makeComponentInstance(OMX.google.vorbis.decoder) in android.hardwar process
06-18 08:31:19.095 E/OMXNodeInstance( 1786): getConfig(0xf4b19200:google.vorbis.decoder, ConfigAndroidVendorExtension(0x6f100004)) ERROR: Undefined(0x80001001)
06-18 08:31:19.117 W/PackageManager( 1919): Cannot whitelist unknown permission: com.android.vending.setup.PLAY_SETUP_SERVICE
06-18 08:31:19.122 I/chatty  ( 1919): uid=1000(system) Binder:1919_2 identical 2 lines
06-18 08:31:19.133 W/PackageManager( 1919): Cannot whitelist unknown permission: com.android.vending.setup.PLAY_SETUP_SERVICE
06-18 08:31:19.155 E/ActivityThread( 2061): Failed to find provider info for com.google.android.gsf.gservices
06-18 08:31:19.155 E/ActivityThread( 2061): Failed to find provider info for com.google.android.gsf.gservices
06-18 08:31:19.176 W/PackageManager( 1919): Cannot whitelist unknown permission: com.android.permission.CONNMO_SETTINGS
06-18 08:31:19.177 W/PackageManager( 1919): Cannot whitelist unknown permission: com.android.permission.DCMO_SETTINGS
06-18 08:31:19.177 W/PackageManager( 1919): Cannot whitelist unknown permission: com.android.permission.CONNMO_SETTINGS
06-18 08:31:19.177 W/PackageManager( 1919): Cannot whitelist unknown permission: com.android.permission.DCMO_SETTINGS
06-18 08:31:19.204 W/PackageManager( 1919): Cannot whitelist unknown permission: com.android.permission.BIND_TELEPHONY_NETWORK_SERVICE
06-18 08:31:19.208 I/chatty  ( 1919): uid=1000(system) Binder:1919_4 identical 2 lines
06-18 08:31:19.210 W/PackageManager( 1919): Cannot whitelist unknown permission: com.android.permission.BIND_TELEPHONY_NETWORK_SERVICE
06-18 08:31:19.300 W/PackageManager( 1919): Cannot whitelist unknown permission: com.google.restricted_assist_gesture.permission.RESTRICTED_ASSIST_GESTURE_PROVIDER
06-18 08:31:19.300 W/PackageManager( 1919): Cannot whitelist unknown permission: com.google.android.apps.dreamliner.permission.DREAMLINER_SERVICE
06-18 08:31:19.300 W/PackageManager( 1919): Cannot whitelist unknown permission: android.car.permission.CONTROL_CAR_CLIMATE
06-18 08:31:19.300 W/PackageManager( 1919): Cannot whitelist unknown permission: android.car.permission.CAR_DRIVING_STATE
06-18 08:31:19.300 W/PackageManager( 1919): Cannot whitelist unknown permission: android.car.permission.CAR_CONTROL_AUDIO_VOLUME
06-18 08:31:19.318 W/PackageManager( 1919): Cannot whitelist unknown permission: com.google.restricted_assist_gesture.permission.RESTRICTED_ASSIST_GESTURE_PROVIDER
06-18 08:31:19.318 W/PackageManager( 1919): Cannot whitelist unknown permission: com.google.android.apps.dreamliner.permission.DREAMLINER_SERVICE
06-18 08:31:19.319 W/PackageManager( 1919): Cannot whitelist unknown permission: android.car.permission.CONTROL_CAR_CLIMATE
06-18 08:31:19.319 W/PackageManager( 1919): Cannot whitelist unknown permission: android.car.permission.CAR_DRIVING_STATE
06-18 08:31:19.319 W/PackageManager( 1919): Cannot whitelist unknown permission: android.car.permission.CAR_CONTROL_AUDIO_VOLUME
06-18 08:31:19.320 W/PackageManager( 1919): Cannot whitelist unknown permission: com.google.android.gallery3d.permission.GALLERY_PROVIDER
06-18 08:31:19.320 W/PackageManager( 1919): Cannot whitelist unknown permission: com.android.gallery3d.permission.GALLERY_PROVIDER
06-18 08:31:19.321 W/PackageManager( 1919): Cannot whitelist unknown permission: com.google.android.gallery3d.permission.GALLERY_PROVIDER
06-18 08:31:19.321 W/PackageManager( 1919): Cannot whitelist unknown permission: com.android.gallery3d.permission.GALLERY_PROVIDER
06-18 08:31:19.322 W/PackageManager( 1919): Cannot whitelist unknown permission: com.google.android.gallery3d.permission.GALLERY_PROVIDER
06-18 08:31:19.322 W/PackageManager( 1919): Cannot whitelist unknown permission: com.android.gallery3d.permission.GALLERY_PROVIDER
06-18 08:31:19.322 W/PackageManager( 1919): Cannot whitelist unknown permission: com.google.android.gallery3d.permission.GALLERY_PROVIDER
06-18 08:31:19.322 W/PackageManager( 1919): Cannot whitelist unknown permission: com.android.gallery3d.permission.GALLERY_PROVIDER
06-18 08:31:19.325 W/PackageManager( 1919): Cannot whitelist unknown permission: com.google.android.gallery3d.permission.GALLERY_PROVIDER
06-18 08:31:19.325 W/PackageManager( 1919): Cannot whitelist unknown permission: com.android.gallery3d.permission.GALLERY_PROVIDER
06-18 08:31:19.325 W/PackageManager( 1919): Cannot whitelist unknown permission: com.google.android.gallery3d.permission.GALLERY_PROVIDER
06-18 08:31:19.325 W/PackageManager( 1919): Cannot whitelist unknown permission: com.android.gallery3d.permission.GALLERY_PROVIDER
06-18 08:31:19.326 W/PackageManager( 1919): Cannot whitelist unknown permission: com.google.android.gallery3d.permission.GALLERY_PROVIDER
06-18 08:31:19.326 W/PackageManager( 1919): Cannot whitelist unknown permission: com.android.gallery3d.permission.GALLERY_PROVIDER
06-18 08:31:19.332 W/PackageManager( 1919): Cannot whitelist unknown permission: com.android.vending.setup.PLAY_SETUP_SERVICE
06-18 08:31:19.445 I/ChimeraCfgMgr( 2061): Updating module config: <no config> -> container:2024149040800
06-18 08:31:19.333 W/PackageManager( 1919): Cannot whitelist unknown permission: com.android.vending.setup.PLAY_SETUP_SERVICE
06-18 08:31:19.445 E/ActivityThread( 2061): Failed to find provider info for com.google.android.gsf.gservices
06-18 08:31:19.446 E/ConfigFileUtils( 2061): Failed to read config file: /data/user_de/0/com.google.android.gms/app_chimera/current_modules_init.pb: open failed: ENOENT (No such file or directory)
06-18 08:31:19.456 I/ChmraDebugLogger( 2061): [46] 
06-18 08:31:19.461 I/GmsApplication( 2061): Updating config completed
06-18 08:31:19.474 W/DynamiteModule( 2061): Local module descriptor class for providerinstaller not found.
06-18 08:31:19.477 W/ProviderHelper( 2061): Unknown dynamite feature providerinstaller
06-18 08:31:19.479 I/DynamiteModule( 2061): Considering local module providerinstaller:0 and remote module providerinstaller:0
06-18 08:31:19.480 W/ProviderInstaller( 2061): Failed to load providerinstaller module: No acceptable module found. Local version is 0 and remote version is 0.
06-18 08:31:19.491 D/Zygote  ( 1688): Forked child process 2218
06-18 08:31:19.478 I/chatty  ( 2061): uid=10119 com.google.android.gms.persistent identical 8 lines
06-18 08:31:19.479 E/ActivityThread( 2061): Failed to find provider info for com.google.android.gsf.gservices
06-18 08:31:19.491 I/ActivityManager( 1919): Start proc 2218:com.google.android.gms/u0a119 for service {com.google.android.gms/com.google.android.gms.chimera.GmsIntentOperationService}
06-18 08:31:19.494 W/gle.android.gm( 2218): Unexpected CPU variant for X86 using defaults: x86_64
06-18 08:31:19.525 I/gle.android.gm( 2218): The ClassLoaderContext is a special shared library.
06-18 08:31:19.527 I/chatty  ( 2218): uid=10119(com.google.android.gms) identical 2 lines
06-18 08:31:19.528 I/gle.android.gm( 2218): The ClassLoaderContext is a special shared library.
06-18 08:31:19.531 V/NativeCrypto( 2061): Registering com/google/android/gms/org/conscrypt/NativeCrypto's 286 native methods...
06-18 08:31:19.536 I/RuntimePermissionsUpgradeController( 2103): Grandfathering SMS and CallLog permissions
06-18 08:31:19.537 W/ContextImpl( 2218): Failed to ensure /data/user/0/com.google.android.gms/cache: mkdir failed: ENOENT (No such file or directory)
06-18 08:31:19.537 W/ContextImpl( 2218): Failed to update user.inode_cache: stat failed: ENOENT (No such file or directory)
06-18 08:31:19.549 E/ActivityThread( 2218): Failed to find provider info for com.google.android.gsf.gservices
06-18 08:31:19.561 W/DirectBootExitBR( 2218): User is in direct boot mode.
06-18 08:31:19.567 I/RuntimePermissionsUpgradeController( 2103): Grandfathering location background permissions
06-18 08:31:19.568 I/RuntimePermissionsUpgradeController( 2103): Grandfathering Storage permissions
06-18 08:31:19.574 D/NetworkSecurityConfig( 2061): Using Network Security Config from resource network_security_config debugBuild: false
06-18 08:31:19.580 I/GmsApplication( 2218): Staging modules and/or updating config
06-18 08:31:19.578 I/chatty  ( 2218): uid=10119(com.google.android.gms) identical 9 lines
06-18 08:31:19.581 E/ActivityThread( 2218): Failed to find provider info for com.google.android.gsf.gservices
06-18 08:31:19.584 W/PackageManager( 1919): Cannot whitelist unknown permission: com.android.vending.BILLING
06-18 08:31:19.584 I/ProviderInstaller( 2061): Installed default security provider GmsCore_OpenSSL
06-18 08:31:19.585 E/ActivityThread( 2061): Failed to find provider info for com.google.android.gsf.gservices
06-18 08:31:19.587 I/RuntimePermissionsUpgradeController( 2103): Not expanding location permissions as this is not an upgrade from Android P
06-18 08:31:19.589 I/chatty  ( 2061): uid=10119 com.google.android.gms.persistent identical 9 lines
06-18 08:31:19.594 E/ActivityThread( 2061): Failed to find provider info for com.google.android.gsf.gservices
06-18 08:31:19.595 D/vold    ( 1575): Remounting 10145 as mode default
06-18 08:31:19.595 E/ActivityThread( 2061): Failed to find provider info for com.google.android.gsf.gservices
06-18 08:31:19.596 I/Safeboot( 2061): Checking safeboot...
06-18 08:31:19.595 I/chatty  ( 2061): uid=10119 com.google.android.gms.persistent identical 1 line
06-18 08:31:19.596 E/ActivityThread( 2061): Failed to find provider info for com.google.android.gsf.gservices
06-18 08:31:19.597 D/vold    ( 1575): Remounting 10122 as mode default
06-18 08:31:19.597 E/ActivityThread( 2061): Failed to find provider info for com.google.android.gsf.gservices
06-18 08:31:19.598 I/chatty  ( 2061): uid=10119 com.google.android.gms.persistent identical 1 line
06-18 08:31:19.598 E/ActivityThread( 2061): Failed to find provider info for com.google.android.gsf.gservices
06-18 08:31:19.598 D/vold    ( 1575): Remounting 10132 as mode write
06-18 08:31:19.599 E/ActivityThread( 2061): Failed to find provider info for com.google.android.gsf.gservices
06-18 08:31:19.599 E/ActivityThread( 2061): Failed to find provider info for com.google.android.gsf.gservices
06-18 08:31:19.600 D/vold    ( 1575): Remounting 10127 as mode write
06-18 08:31:19.600 E/ActivityThread( 2061): Failed to find provider info for com.google.android.gsf.gservices
06-18 08:31:19.600 E/ActivityThread( 2061): Failed to find provider info for com.google.android.gsf.gservices
06-18 08:31:19.601 D/vold    ( 1575): Remounting 10114 as mode default
06-18 08:31:19.602 D/vold    ( 1575): Remounting 10133 as mode write
06-18 08:31:19.605 D/vold    ( 1575): Remounting 10096 as mode default
06-18 08:31:19.606 I/GmsApplication( 2218): Staging modules and/or updating config already complete
06-18 08:31:19.609 E/ActivityThread( 2061): Failed to find provider info for com.google.android.gsf.gservices
06-18 08:31:19.611 E/ActivityThread( 2061): Failed to find provider info for com.google.android.gsf.gservices
06-18 08:31:19.611 D/vold    ( 1575): Remounting 10143 as mode default
06-18 08:31:19.612 E/ActivityThread( 2061): Failed to find provider info for com.google.android.gsf.gservices
06-18 08:31:19.612 E/ActivityThread( 2218): Failed to find provider info for com.google.android.gsf.gservices
06-18 08:31:19.613 E/ActivityThread( 2061): Failed to find provider info for com.google.android.gsf.gservices
06-18 08:31:19.614 E/ActivityThread( 2218): Failed to find provider info for com.google.android.gsf.gservices
