--------- beginning of main
06-18 08:31:08.251 I/SELinux ( 1565): SELinux: Loaded service_contexts from:
06-18 08:31:08.253 I/SELinux ( 1565):     /system/etc/selinux/plat_service_contexts
06-18 08:31:08.274 I/SELinux ( 1567): SELinux: Loaded service_contexts from:
06-18 08:31:08.274 I/SELinux ( 1567):     /vendor/etc/selinux/vndservice_contexts
06-18 08:31:08.281 I/hwservicemanager( 1566): hwservicemanager is ready now.
06-18 08:31:01.650 W/auditd  ( 1564): type=2000 audit(0.0:1): state=initialized audit_enabled=0 res=1
06-18 08:31:06.020 I/auditd  ( 1564): type=1403 audit(0.0:2): policy loaded auid=4294967295 ses=4294967295
06-18 08:31:06.020 W/auditd  ( 1564): type=1404 audit(0.0:3): enforcing=1 old_enforcing=0 auid=4294967295 ses=4294967295
--------- beginning of system
06-18 08:31:08.374 I/vold    ( 1575): Vold 3.0 (the awakening) firing up
06-18 08:31:08.374 D/vold    ( 1575): Detected support for: ext4 f2fs vfat
06-18 08:31:08.375 D/vold    ( 1575): Found unmanaged dm device named vendor
06-18 08:31:08.375 D/vold    ( 1575): Found unmanaged dm device named system
06-18 08:31:08.375 D/vold    ( 1575): Found unmanaged dm device named system-verity
06-18 08:31:08.375 W/vold    ( 1575): Failed to LOOP_GET_STATUS64 /dev/block/loop5: No such device or address
06-18 08:31:08.375 W/vold    ( 1575): Failed to LOOP_GET_STATUS64 /dev/block/loop7: No such device or address
06-18 08:31:08.375 W/vold    ( 1575): Failed to LOOP_GET_STATUS64 /dev/block/loop4: No such device or address
06-18 08:31:08.375 W/vold    ( 1575): Failed to LOOP_GET_STATUS64 /dev/block/loop1: No such device or address
06-18 08:31:08.375 W/vold    ( 1575): Failed to LOOP_GET_STATUS64 /dev/block/loop3: No such device or address
06-18 08:31:08.375 W/vold    ( 1575): Failed to LOOP_GET_STATUS64 /dev/block/loop0: No such device or address
06-18 08:31:08.375 W/vold    ( 1575): Failed to LOOP_GET_STATUS64 /dev/block/loop2: No such device or address
06-18 08:31:08.375 W/vold    ( 1575): Failed to LOOP_GET_STATUS64 /dev/block/loop6: No such device or address
06-18 08:31:08.375 I/vold    ( 1575): Skip mounting partition: /product
06-18 08:31:08.375 I/vold    ( 1575): Skip mounting partition: /product_services
06-18 08:31:08.376 D/vold    ( 1575): VoldNativeService::start() completed OK
06-18 08:31:08.966 I/vold    ( 1575): fscrypt_initialize_global_de
06-18 08:31:08.967 I/vold    ( 1575): Creating new key in /data/unencrypted/key
06-18 08:31:08.980 I/hwservicemanager( 1566): getTransport: Cannot find entry android.hardware.keymaster@4.0::IKeymasterDevice/default in either framework or device manifest.
06-18 08:31:08.981 I/ServiceManagement( 1575): getService: Trying again for android.hardware.keymaster@3.0::IKeymasterDevice/default...
06-18 08:31:09.017 I/android.hardware.keymaster@3.0-impl( 1628): Fetching keymaster device name default
06-18 08:31:09.017 I/android.hardware.keymaster@3.0-impl( 1628): Could not find any keystore module, using software-only implementation.
06-18 08:31:09.018 I/ServiceManagement( 1628): Registered android.hardware.keymaster@3.0::IKeymasterDevice/default (start delay of 105ms)
06-18 08:31:09.018 I/ServiceManagement( 1628): Removing namespace from process name android.hardware.keymaster@3.0-service to keymaster@3.0-service.
06-18 08:31:09.018 I/android.hardware.keymaster@3.0-service( 1628): Registration complete for android.hardware.keymaster@3.0::IKeymasterDevice/default.
06-18 08:31:09.019 I/vold    ( 1575): List of Keymaster HALs found:
06-18 08:31:09.019 I/vold    ( 1575): Keymaster HAL #1: SoftwareKeymasterDevice from Google SecurityLevel: SOFTWARE HAL: android.hardware.keymaster@3.0::IKeymasterDevice/default
06-18 08:31:09.019 I/vold    ( 1575): Using SoftwareKeymasterDevice from Google for encryption.  Security level: SOFTWARE, HAL: android.hardware.keymaster@3.0::IKeymasterDevice/default
06-18 08:31:09.019 D/vold    ( 1575): Creating key that doesn't need auth token
06-18 08:31:09.024 D/RefBase ( 1575): RefBase: Explicit destruction, weak count = 0 (in 0x75984441e170)
06-18 08:31:09.024 W/RefBase ( 1575): CallStack::getCurrentInternal not linked, returning null
06-18 08:31:09.024 W/RefBase ( 1575): CallStack::logStackInternal not linked
06-18 08:31:09.026 D/vold    ( 1575): Created key: /data/unencrypted/key
06-18 08:31:09.026 D/vold    ( 1575): Added key 44687153 (ext4:457b437210b869bc) to keyring 406608509 in process 1575
06-18 08:31:09.026 D/vold    ( 1575): Added key 939865226 (f2fs:457b437210b869bc) to keyring 406608509 in process 1575
06-18 08:31:09.026 D/vold    ( 1575): Added key 303520042 (fscrypt:457b437210b869bc) to keyring 406608509 in process 1575
06-18 08:31:09.028 I/vold    ( 1575): Wrote system DE key reference to:/data/unencrypted/ref
06-18 08:31:09.081 E/fsverity_init( 1638): Failed to load /product/etc/security/fsverity/*.der
06-18 08:31:09.086 E//system/bin/mini-keyctl( 1639): Cannot find keyring id
06-18 08:31:09.090 E/fsverity_init( 1640): Failed to restrict .fs-verity keyring
06-18 08:31:09.110 W/init    (    1): type=1400 audit(0.0:4): avc: denied { ioctl } for path="/data/misc" dev="vdc" ino=13 ioctlcmd=0x6615 scontext=u:r:init:s0 tcontext=u:object_r:unlabeled:s0 tclass=dir permissive=0
06-18 08:31:09.139 I/apexd   ( 1641): Marking APEXd as starting
06-18 08:31:09.140 W/ls      ( 1642): type=1400 audit(0.0:5): avc: denied { getattr } for path="/data/misc" dev="vdc" ino=13 scontext=u:r:toolbox:s0 tcontext=u:object_r:unlabeled:s0 tclass=dir permissive=0
06-18 08:31:09.147 I/ls      (    1): ls: /data/misc: Permission denied
06-18 08:31:09.147 I/ls      (    1): ls terminated by exit(1)
06-18 08:31:09.188 I/apexd   ( 1641): Scanning /system/apex for embedded keys
06-18 08:31:09.192 V/apexd   ( 1641): Found bundled key in package /system/apex/com.android.apex.cts.shim.apex
06-18 08:31:09.193 I/apexd   ( 1641): Scanning /product/apex for embedded keys
06-18 08:31:09.197 I/apexd   ( 1641): ... does not exist. Skipping
06-18 08:31:09.200 I/apexd   ( 1641): Populating APEX database from mounts...
06-18 08:31:09.204 E/apexd   ( 1641): Failed to walk /product/apex : Can't open /product/apex for reading : No such file or directory
06-18 08:31:09.215 I/apexd   ( 1641): Found "/apex/com.android.runtime@1"
06-18 08:31:09.222 I/apexd   ( 1641): Found "/apex/com.android.tzdata@290000000"
06-18 08:31:09.226 I/apexd   ( 1641): 2 packages restored.
06-18 08:31:09.232 I/apexd   ( 1641): Scanning /data/apex/sessions looking for sessions to be activated.
06-18 08:31:09.237 I/apexd   ( 1641): Scanning /data/apex/active looking for APEX packages.
06-18 08:31:09.244 I/apexd   ( 1641): Activated 0 packages. Skipped: 0
06-18 08:31:09.252 I/apexd   ( 1641): Scanning /system/apex looking for APEX packages.
06-18 08:31:09.256 I/apexd   ( 1641): Found /system/apex/com.android.resolv
06-18 08:31:09.263 V/apexd   ( 1641): Creating mount point: /apex/com.android.resolv@290000000
06-18 08:31:09.267 I/apexd   ( 1641): Successfully bind-mounted flattened package /system/apex/com.android.resolv on /apex/com.android.resolv@290000000
06-18 08:31:09.276 V/apexd   ( 1641): Creating bind-mount for /apex/com.android.resolv for /apex/com.android.resolv@290000000
06-18 08:31:09.276 V/apexd   ( 1641): Creating mountpoint /apex/com.android.resolv
06-18 08:31:09.276 V/apexd   ( 1641): Bind-mounting /apex/com.android.resolv@290000000 to /apex/com.android.resolv
06-18 08:31:09.280 D/apexd   ( 1641): Successfully activated /system/apex/com.android.resolv package_name: com.android.resolv version: 290000000
06-18 08:31:09.280 I/apexd   ( 1641): Found /system/apex/com.android.media.swcodec
06-18 08:31:09.284 V/apexd   ( 1641): Creating mount point: /apex/com.android.media.swcodec@290000000
06-18 08:31:09.284 I/apexd   ( 1641): Successfully bind-mounted flattened package /system/apex/com.android.media.swcodec on /apex/com.android.media.swcodec@290000000
06-18 08:31:09.297 V/apexd   ( 1641): Creating bind-mount for /apex/com.android.media.swcodec for /apex/com.android.media.swcodec@290000000
06-18 08:31:09.302 V/apexd   ( 1641): Creating mountpoint /apex/com.android.media.swcodec
06-18 08:31:09.302 V/apexd   ( 1641): Bind-mounting /apex/com.android.media.swcodec@290000000 to /apex/com.android.media.swcodec
06-18 08:31:09.302 D/apexd   ( 1641): Successfully activated /system/apex/com.android.media.swcodec package_name: com.android.media.swcodec version: 290000000
06-18 08:31:09.302 I/apexd   ( 1641): Found /system/apex/com.android.apex.cts.shim.apex
06-18 08:31:09.307 V/apexd   ( 1641): Found bundled key in package /system/apex/com.android.apex.cts.shim.apex
06-18 08:31:09.307 I/apexd   ( 1641): Skipping activation of non-flattened apex package /system/apex/com.android.apex.cts.shim.apex because device doesn't support it
06-18 08:31:09.316 I/apexd   ( 1641): Found /system/apex/com.android.conscrypt
06-18 08:31:09.323 V/apexd   ( 1641): Creating mount point: /apex/com.android.conscrypt@290000000
06-18 08:31:09.328 I/apexd   ( 1641): Successfully bind-mounted flattened package /system/apex/com.android.conscrypt on /apex/com.android.conscrypt@290000000
06-18 08:31:09.336 V/apexd   ( 1641): Creating bind-mount for /apex/com.android.conscrypt for /apex/com.android.conscrypt@290000000
06-18 08:31:09.336 V/apexd   ( 1641): Creating mountpoint /apex/com.android.conscrypt
06-18 08:31:09.336 V/apexd   ( 1641): Bind-mounting /apex/com.android.conscrypt@290000000 to /apex/com.android.conscrypt
06-18 08:31:09.336 D/apexd   ( 1641): Successfully activated /system/apex/com.android.conscrypt package_name: com.android.conscrypt version: 290000000
06-18 08:31:09.339 I/apexd   ( 1641): Found /system/apex/com.android.runtime.debug
06-18 08:31:09.348 I/apexd   ( 1641): Skipping activation of /system/apex/com.android.runtime.debug same package with higher version 1 is already active
06-18 08:31:09.356 I/apexd   ( 1641): Found /system/apex/com.android.tzdata
06-18 08:31:09.363 I/apexd   ( 1641): Skipping activation of /system/apex/com.android.tzdata same package with higher version 290000000 is already active
06-18 08:31:09.376 I/apexd   ( 1641): Found /system/apex/com.android.media
06-18 08:31:09.380 V/apexd   ( 1641): Creating mount point: /apex/com.android.media@290000000
06-18 08:31:09.383 I/apexd   ( 1641): Successfully bind-mounted flattened package /system/apex/com.android.media on /apex/com.android.media@290000000
06-18 08:31:09.392 V/apexd   ( 1641): Creating bind-mount for /apex/com.android.media for /apex/com.android.media@290000000
06-18 08:31:09.392 V/apexd   ( 1641): Creating mountpoint /apex/com.android.media
06-18 08:31:09.392 V/apexd   ( 1641): Bind-mounting /apex/com.android.media@290000000 to /apex/com.android.media
06-18 08:31:09.393 D/apexd   ( 1641): Successfully activated /system/apex/com.android.media package_name: com.android.media version: 290000000
06-18 08:31:09.396 I/apexd   ( 1641): Activated 4 packages. Skipped: 3
06-18 08:31:09.398 I/apexd   ( 1641): Scanning /product/apex looking for APEX packages.
06-18 08:31:09.406 E/apexd   ( 1641): Failed to activate packages from /product/apex : Failed to scan /product/apex : Can't open /product/apex for reading : No such file or directory
06-18 08:31:09.411 I/apexd   ( 1641): Marking APEXd as ready
06-18 08:31:09.591 D/vold    ( 1575): fscrypt_init_user0
06-18 08:31:09.591 D/vold    ( 1575): Preparing: /data/misc/vold/user_keys
06-18 08:31:09.591 D/vold    ( 1575): Preparing: /data/misc/vold/user_keys/ce
06-18 08:31:09.591 D/vold    ( 1575): Preparing: /data/misc/vold/user_keys/de
06-18 08:31:09.591 D/vold    ( 1575): Preparing: /data/misc/vold/user_keys/ce/0
06-18 08:31:09.591 D/vold    ( 1575): Skipping non-key .
06-18 08:31:09.591 D/vold    ( 1575): Skipping non-key ..
06-18 08:31:09.597 I/hwservicemanager( 1566): getTransport: Cannot find entry android.hardware.keymaster@4.0::IKeymasterDevice/default in either framework or device manifest.
06-18 08:31:09.597 I/vold    ( 1575): List of Keymaster HALs found:
06-18 08:31:09.598 I/vold    ( 1575): Keymaster HAL #1: SoftwareKeymasterDevice from Google SecurityLevel: SOFTWARE HAL: android.hardware.keymaster@3.0::IKeymasterDevice/default
06-18 08:31:09.598 I/vold    ( 1575): Using SoftwareKeymasterDevice from Google for encryption.  Security level: SOFTWARE, HAL: android.hardware.keymaster@3.0::IKeymasterDevice/default
06-18 08:31:09.598 D/vold    ( 1575): Creating key that doesn't need auth token
06-18 08:31:09.601 D/RefBase ( 1575): RefBase: Explicit destruction, weak count = 0 (in 0x75984441e1f0)
06-18 08:31:09.601 W/RefBase ( 1575): CallStack::getCurrentInternal not linked, returning null
06-18 08:31:09.601 W/RefBase ( 1575): CallStack::logStackInternal not linked
06-18 08:31:09.602 D/vold    ( 1575): Created key: /data/misc/vold/user_keys/ce/0/current
06-18 08:31:09.607 I/hwservicemanager( 1566): getTransport: Cannot find entry android.hardware.keymaster@4.0::IKeymasterDevice/default in either framework or device manifest.
06-18 08:31:09.607 I/vold    ( 1575): List of Keymaster HALs found:
06-18 08:31:09.607 I/vold    ( 1575): Keymaster HAL #1: SoftwareKeymasterDevice from Google SecurityLevel: SOFTWARE HAL: android.hardware.keymaster@3.0::IKeymasterDevice/default
06-18 08:31:09.608 I/vold    ( 1575): Using SoftwareKeymasterDevice from Google for encryption.  Security level: SOFTWARE, HAL: android.hardware.keymaster@3.0::IKeymasterDevice/default
06-18 08:31:09.608 D/vold    ( 1575): Creating key that doesn't need auth token
06-18 08:31:09.610 D/RefBase ( 1575): RefBase: Explicit destruction, weak count = 0 (in 0x75984441e170)
06-18 08:31:09.610 W/RefBase ( 1575): CallStack::getCurrentInternal not linked, returning null
06-18 08:31:09.610 W/RefBase ( 1575): CallStack::logStackInternal not linked
06-18 08:31:09.611 D/vold    ( 1575): Created key: /data/misc/vold/user_keys/de/0
06-18 08:31:09.611 D/vold    ( 1575): Added key 548895083 (ext4:08fd8dd7e4fbd2a0) to keyring 406608509 in process 1575
06-18 08:31:09.611 D/vold    ( 1575): Added key 1042602955 (f2fs:08fd8dd7e4fbd2a0) to keyring 406608509 in process 1575
06-18 08:31:09.612 D/vold    ( 1575): Added key 849777288 (fscrypt:08fd8dd7e4fbd2a0) to keyring 406608509 in process 1575
06-18 08:31:09.612 D/vold    ( 1575): Added key 800193399 (ext4:09adbe81c24088f6) to keyring 406608509 in process 1575
06-18 08:31:09.612 D/vold    ( 1575): Added key 180876746 (f2fs:09adbe81c24088f6) to keyring 406608509 in process 1575
06-18 08:31:09.612 D/vold    ( 1575): Added key 778375966 (fscrypt:09adbe81c24088f6) to keyring 406608509 in process 1575
06-18 08:31:09.612 D/vold    ( 1575): Created keys for user 0
06-18 08:31:09.612 D/vold    ( 1575): Skipping non-de-key .
06-18 08:31:09.612 D/vold    ( 1575): Skipping non-de-key ..
06-18 08:31:09.612 D/vold    ( 1575): fscrypt_prepare_user_storage for volume null, user 0, serial 0, flags 1
06-18 08:31:09.612 D/vold    ( 1575): Preparing: /data/system/users/0
06-18 08:31:09.612 D/vold    ( 1575): Preparing: /data/misc/profiles/cur/0
06-18 08:31:09.612 D/vold    ( 1575): Preparing: /data/system_de/0
06-18 08:31:09.612 D/vold    ( 1575): Preparing: /data/misc_de/0
06-18 08:31:09.612 D/vold    ( 1575): Preparing: /data/vendor_de/0
06-18 08:31:09.612 D/vold    ( 1575): Preparing: /data/user_de/0
06-18 08:31:09.612 I/vold    ( 1575): Policy for /data/system_de/0 set to 08fd8dd7e4fbd2a0 modes 1/4
06-18 08:31:09.612 I/vold    ( 1575): Policy for /data/misc_de/0 set to 08fd8dd7e4fbd2a0 modes 1/4
06-18 08:31:09.612 I/vold    ( 1575): Policy for /data/vendor_de/0 set to 08fd8dd7e4fbd2a0 modes 1/4
06-18 08:31:09.612 I/vold    ( 1575): Policy for /data/user_de/0 set to 08fd8dd7e4fbd2a0 modes 1/4
06-18 08:31:09.612 D/vold    ( 1575): /system/bin/vold_prepare_subdirs
06-18 08:31:09.612 D/vold    ( 1575):     prepare
06-18 08:31:09.613 D/vold    ( 1575):     
06-18 08:31:09.613 D/vold    ( 1575):     0
06-18 08:31:09.613 D/vold    ( 1575):     1
06-18 08:31:09.620 D/vold_prepare_subdirs( 1646): Setting up mode 700 uid 0 gid 0 context u:object_r:vold_data_file:s0 on path: /data/misc_de/0/vold
06-18 08:31:09.620 D/vold_prepare_subdirs( 1646): Setting up mode 700 uid 0 gid 0 context u:object_r:storaged_data_file:s0 on path: /data/misc_de/0/storaged
06-18 08:31:09.620 D/vold_prepare_subdirs( 1646): Setting up mode 700 uid 0 gid 0 context u:object_r:rollback_data_file:s0 on path: /data/misc_de/0/rollback
06-18 08:31:09.621 D/vold_prepare_subdirs( 1646): Setting up mode 700 uid 1000 gid 1000 context u:object_r:fingerprint_vendor_data_file:s0 on path: /data/vendor_de/0/fpdata
06-18 08:31:09.621 D/vold_prepare_subdirs( 1646): Setting up mode 700 uid 1000 gid 1000 context u:object_r:face_vendor_data_file:s0 on path: /data/vendor_de/0/facedata
06-18 08:31:09.654 I//system/bin/tzdatacheck( 1647): timezone distro dir /data/misc/zoneinfo/current does not exist. No action required.
06-18 08:31:09.726 I/art_apex( 1651): === ART pre-boot integrity checks ===
06-18 08:31:09.739 F/art_apex( 1655): Device is not fsverity-enabled.
06-18 08:31:09.817 W/otapreopt_slot( 1659): Slot property empty.
06-18 08:31:09.979 I//system/bin/flags_health_check( 1675): ServerConfigurableFlagsReset reset_mode value: 0
06-18 08:31:09.979 I//system/bin/flags_health_check( 1675): ServerConfigurableFlagsReset attempted boot count is under threshold, skipping reset.
06-18 08:31:10.118 I/netdClient( 1681): Skipping libnetd_client init since *we* are netd
06-18 08:31:10.134 I/netd    ( 1681): netd 1.0 starting
06-18 08:31:10.141 I/bootstat( 1691): Service started: /system/bin/bootstat --set_system_boot_reason 
06-18 08:31:10.141 I/bootstat( 1691): Canonical boot reason: reboot
06-18 08:31:10.142 I/bootstat( 1691): Canonical boot reason: reboot
06-18 08:31:10.154 I/Netd    ( 1681): Loaded resolver library from /apex/com.android.resolv/lib64/libnetd_resolv.so
06-18 08:31:10.253 I/ServiceManagement( 1701): Registered android.hidl.allocator@1.0::IAllocator/ashmem (start delay of 19ms)
06-18 08:31:10.264 I/ServiceManagement( 1701): Removing namespace from process name android.hidl.allocator@1.0-service to allocator@1.0-service.
06-18 08:31:10.273 I/health@2.0/( 1703): health@2.0/backup: Hal starting main loop...
06-18 08:31:10.273 I/health@2.0/( 1703): health@2.0/backup Hal is starting up...
06-18 08:31:10.326 I/hwservicemanager( 1566): getTransport: Cannot find entry android.hardware.health@1.0::IHealth/default in either framework or device manifest.
06-18 08:31:10.327 I/ServiceManagement( 1703): Registered android.hardware.health@2.0::IHealth/backup (start delay of 83ms)
06-18 08:31:10.327 I/health@2.0/( 1703): health@2.0/backup: Hal init done
06-18 08:31:10.334 I/ServiceManagement( 1702): Registered android.system.suspend@1.0::ISystemSuspend/default (start delay of 90ms)
06-18 08:31:10.334 I/ServiceManagement( 1702): Removing namespace from process name android.system.suspend@1.0-service to suspend@1.0-service.
06-18 08:31:10.350 W//vendor/bin/hw/android.hardware.configstore@1.1-service( 1708): Could not find seccomp policy file at: /vendor/etc/seccomp_policy/configstore@1.1.policy
06-18 08:31:10.354 I/ServiceManagement( 1708): Registered android.hardware.configstore@1.1::ISurfaceFlingerConfigs/default (start delay of 70ms)
06-18 08:31:10.354 I/ServiceManagement( 1708): Removing namespace from process name android.hardware.configstore@1.1-service to configstore@1.1-service.
06-18 08:31:10.375 I/ServiceManagement( 1705): Registered android.hardware.broadcastradio@1.1::IBroadcastRadioFactory/default (start delay of 112ms)
06-18 08:31:10.376 I/ServiceManagement( 1705): Removing namespace from process name android.hardware.broadcastradio@1.1-service to broadcastradio@1.1-service.
06-18 08:31:10.448 I/qemu-props( 1731): connected to 'boot-properties' qemud service.
06-18 08:31:10.448 I/qemu-props( 1731): receiving..
06-18 08:31:10.448 I/qemu-props( 1731): received: qemu.cmdline=androidboot.logcat=*:V androidboot.consolepipe=qemu_pipe,pipe:logcat
06-18 08:31:10.467 I/qemu-props( 1731): successfully set property 'qemu.cmdline' to 'androidboot.logcat=*:V androidboot.consolepipe=qemu_pipe,pipe:logcat'
06-18 08:31:10.467 I/qemu-props( 1731): receiving..
06-18 08:31:10.467 I/qemu-props( 1731): received: qemu.logcat=start
06-18 08:31:10.509 D/HostConnection( 1714): createUnique: call
06-18 08:31:10.509 D/HostConnection( 1714): HostConnection::get() New Host Connection established 0x7fb65581c0a0, tid 1714
06-18 08:31:10.511 I/ServiceManagement( 1714): Registered android.hardware.graphics.allocator@2.0::IAllocator/default (start delay of 197ms)
06-18 08:31:10.511 I/ServiceManagement( 1714): Removing namespace from process name android.hardware.graphics.allocator@2.0-service to allocator@2.0-service.
06-18 08:31:10.511 I/android.hardware.graphics.allocator@2.0-service( 1714): Registration complete for android.hardware.graphics.allocator@2.0::IAllocator/default.
06-18 08:31:10.541 D/HostConnection( 1719): createUnique: call
06-18 08:31:10.541 D/HostConnection( 1719): HostConnection::get() New Host Connection established 0x746b9fe21140, tid 1719
06-18 08:31:10.542 I/android.hardware.thermal@2.0-service-mock( 1724): Thermal HAL Service Mock 2.0 starting...
06-18 08:31:10.549 D/HostConnection( 1719): HostComposition ext ANDROID_EMU_CHECKSUM_HELPER_v1 ANDROID_EMU_native_sync_v2 ANDROID_EMU_dma_v1 ANDROID_EMU_direct_mem ANDROID_EMU_host_composition_v1 ANDROID_EMU_host_composition_v2 ANDROID_EMU_vulkan ANDROID_EMU_deferred_vulkan_commands ANDROID_EMU_vulkan_null_optional_strings ANDROID_EMU_vulkan_create_resources_with_requirements ANDROID_EMU_YUV_Cache ANDROID_EMU_vulkan_ignored_handles ANDROID_EMU_vulkan_free_memory_sync ANDROID_EMU_vulkan_shader_float16_int8 ANDROID_EMU_vulkan_async_queue_submit ANDROID_EMU_sync_buffer_data ANDROID_EMU_vulkan_async_qsri ANDROID_EMU_hwc_color_transform GL_OES_EGL_image_external_essl3 GL_OES_vertex_array_object GL_KHR_texture_compression_astc_ldr ANDROID_EMU_host_side_tracing ANDROID_EMU_gles_max_version_3_0 
06-18 08:31:10.551 I/ServiceManagement( 1724): Registered android.hardware.thermal@2.0::IThermal/default (start delay of 197ms)
06-18 08:31:10.551 I/hwservicemanager( 1566): getTransport: Cannot find entry android.hardware.graphics.mapper@3.0::IMapper/default in either framework or device manifest.
06-18 08:31:10.551 I/ServiceManagement( 1724): Removing namespace from process name android.hardware.thermal@2.0-service.mock to thermal@2.0-service.mock.
06-18 08:31:10.551 W/Gralloc3( 1719): mapper 3.x is not supported
06-18 08:31:10.551 I/android.hardware.thermal@2.0-service-mock( 1724): Thermal Service started successfully.
06-18 08:31:10.553 I/health@2.0/( 1720): health@2.0/default: Hal starting main loop...
06-18 08:31:10.553 I/hwservicemanager( 1566): getTransport: Cannot find entry android.hardware.graphics.allocator@3.0::IAllocator/default in either framework or device manifest.
06-18 08:31:10.553 W/Gralloc3( 1719): allocator 3.x is not supported
06-18 08:31:10.556 D/HostConnection( 1714): HostComposition ext ANDROID_EMU_CHECKSUM_HELPER_v1 ANDROID_EMU_native_sync_v2 ANDROID_EMU_dma_v1 ANDROID_EMU_direct_mem ANDROID_EMU_host_composition_v1 ANDROID_EMU_host_composition_v2 ANDROID_EMU_vulkan ANDROID_EMU_deferred_vulkan_commands ANDROID_EMU_vulkan_null_optional_strings ANDROID_EMU_vulkan_create_resources_with_requirements ANDROID_EMU_YUV_Cache ANDROID_EMU_vulkan_ignored_handles ANDROID_EMU_vulkan_free_memory_sync ANDROID_EMU_vulkan_shader_float16_int8 ANDROID_EMU_vulkan_async_queue_submit ANDROID_EMU_sync_buffer_data ANDROID_EMU_vulkan_async_qsri ANDROID_EMU_hwc_color_transform GL_OES_EGL_image_external_essl3 GL_OES_vertex_array_object GL_KHR_texture_compression_astc_ldr ANDROID_EMU_host_side_tracing ANDROID_EMU_gles_max_version_3_0 
06-18 08:31:10.556 D/gralloc_ranchu( 1714): gralloc_alloc: Creating ashmem region of size 823296
06-18 08:31:10.557 D/eglCodecCommon( 1714): allocate: Ask for block of size 0x1000
06-18 08:31:10.557 D/eglCodecCommon( 1714): allocate: ioctl allocate returned offset 0x3ffffe000 size 0x2000
06-18 08:31:10.561 D/HostConnection( 1719): createUnique: call
06-18 08:31:10.562 D/HostConnection( 1719): HostConnection::get() New Host Connection established 0x746b9fe213c0, tid 1719
06-18 08:31:10.562 D/HostConnection( 1719): HostComposition ext ANDROID_EMU_CHECKSUM_HELPER_v1 ANDROID_EMU_native_sync_v2 ANDROID_EMU_dma_v1 ANDROID_EMU_direct_mem ANDROID_EMU_host_composition_v1 ANDROID_EMU_host_composition_v2 ANDROID_EMU_vulkan ANDROID_EMU_deferred_vulkan_commands ANDROID_EMU_vulkan_null_optional_strings ANDROID_EMU_vulkan_create_resources_with_requirements ANDROID_EMU_YUV_Cache ANDROID_EMU_vulkan_ignored_handles ANDROID_EMU_vulkan_free_memory_sync ANDROID_EMU_vulkan_shader_float16_int8 ANDROID_EMU_vulkan_async_queue_submit ANDROID_EMU_sync_buffer_data ANDROID_EMU_vulkan_async_qsri ANDROID_EMU_hwc_color_transform GL_OES_EGL_image_external_essl3 GL_OES_vertex_array_object GL_KHR_texture_compression_astc_ldr ANDROID_EMU_host_side_tracing ANDROID_EMU_gles_max_version_3_0 
06-18 08:31:10.562 D/eglCodecCommon( 1719): allocate: Ask for block of size 0x1000
06-18 08:31:10.562 D/eglCodecCommon( 1719): allocate: ioctl allocate returned offset 0x3ffffc000 size 0x2000
06-18 08:31:10.565 I/qemu-props( 1731): successfully set property 'vendor.qemu.logcat' to 'start'
06-18 08:31:10.565 I/qemu-props( 1731): receiving..
06-18 08:31:10.565 I/qemu-props( 1731): received: ro.opengles.version=196608
06-18 08:31:10.565 I/qemu-props( 1731): receiving..
06-18 08:31:10.565 I/qemu-props( 1731): received: qemu.sf.fake_camera=none
06-18 08:31:10.567 I/android.hardware.power@1.1-service.ranchu( 1721): Power HAL Service 1.1 for Ranchu is starting.
06-18 08:31:10.572 I/qemu-props( 1731): successfully set property 'vendor.qemu.sf.fake_camera' to 'none'
06-18 08:31:10.572 I/qemu-props( 1731): receiving..
06-18 08:31:10.572 I/qemu-props( 1731): received: dalvik.vm.heapsize=512m
06-18 08:31:10.572 I/qemu-props( 1731): receiving..
06-18 08:31:10.572 I/qemu-props( 1731): received: qemu.hw.mainkeys=1
06-18 08:31:10.575 I/qemu-props( 1731): successfully set property 'qemu.hw.mainkeys' to '1'
06-18 08:31:10.575 I/qemu-props( 1731): receiving..
06-18 08:31:10.575 I/qemu-props( 1731): received: qemu.sf.lcd_density=160
06-18 08:31:10.576 I/qemu-props( 1731): successfully set property 'vendor.qemu.sf.lcd_density' to '160'
06-18 08:31:10.576 I/qemu-props( 1731): receiving..
06-18 08:31:10.576 I/qemu-props( 1731): received: qemu.timezone=Etc/UTC
06-18 08:31:10.577 I/ServiceManagement( 1719): Registered android.hardware.graphics.composer@2.1::IComposer/default (start delay of 254ms)
06-18 08:31:10.577 I/ServiceManagement( 1719): Removing namespace from process name android.hardware.graphics.composer@2.1-service to composer@2.1-service.
06-18 08:31:10.577 I/android.hardware.graphics.composer@2.1-service( 1719): Registration complete for android.hardware.graphics.composer@2.1::IComposer/default.
06-18 08:31:10.577 I/ServiceManagement( 1721): Registered android.hardware.power@1.1::IPower/default (start delay of 234ms)
06-18 08:31:10.578 I/ServiceManagement( 1721): Removing namespace from process name android.hardware.power@1.1-service.ranchu to power@1.1-service.ranchu.
06-18 08:31:10.578 I/android.hardware.power@1.1-service.ranchu( 1721): Power Service is ready
06-18 08:31:10.579 I/qemu-props( 1731): successfully set property 'vendor.qemu.timezone' to 'Etc/UTC'
06-18 08:31:10.579 I/qemu-props( 1731): receiving..
06-18 08:31:10.580 E/GoldfishGatekeeper( 1712): called goldfish_gatekeeper_open with gate keeper 0x711eea009050 device 0x711ee9c4b000
06-18 08:31:10.581 I/ServiceManagement( 1723): Registered android.hardware.sensors@1.0::ISensors/default (start delay of 227ms)
06-18 08:31:10.581 I/ServiceManagement( 1723): Removing namespace from process name android.hardware.sensors@1.0-service to sensors@1.0-service.
06-18 08:31:10.581 I/android.hardware.sensors@1.0-service( 1723): Registration complete for android.hardware.sensors@1.0::ISensors/default.
06-18 08:31:10.581 I/ServiceManagement( 1712): Registered android.hardware.gatekeeper@1.0::IGatekeeper/default (start delay of 278ms)
06-18 08:31:10.582 I/ServiceManagement( 1712): Removing namespace from process name android.hardware.gatekeeper@1.0-service to gatekeeper@1.0-service.
06-18 08:31:10.582 I/android.hardware.gatekeeper@1.0-service( 1712): Registration complete for android.hardware.gatekeeper@1.0::IGatekeeper/default.
06-18 08:31:10.587 I/health@2.0/( 1720): health@2.0/default Hal is starting up...
06-18 08:31:10.588 I/ServiceManagement( 1720): Registered android.hardware.health@2.0::IHealth/default (start delay of 254ms)
06-18 08:31:10.593 I/ServiceManagement( 1720): Removing namespace from process name android.hardware.health@2.0-service.goldfish to health@2.0-service.goldfish.
06-18 08:31:10.594 I/health@2.0/( 1720): health@2.0/default: Hal init done
06-18 08:31:10.630 I/ServiceManagement( 1710): Registered android.hardware.drm@1.2::IDrmFactory/clearkey (start delay of 336ms)
06-18 08:31:10.630 I/ServiceManagement( 1710): Removing namespace from process name android.hardware.drm@1.2-service.clearkey to drm@1.2-service.clearkey.
06-18 08:31:10.631 I/ServiceManagement( 1710): Registered android.hardware.drm@1.2::ICryptoFactory/clearkey (start delay of 337ms)
06-18 08:31:10.631 I/ServiceManagement( 1710): Removing namespace from process name android.hardware.drm@1.2-service.clearkey to drm@1.2-service.clearkey.
06-18 08:31:10.686 I/lowmemorykiller( 1738): Using psi monitors for memory pressure detection
06-18 08:31:10.687 I/ServiceManagement( 1713): Registered android.hardware.gnss@1.0::IGnss/default (start delay of 373ms)
06-18 08:31:10.687 I/ServiceManagement( 1713): Removing namespace from process name android.hardware.gnss@1.0-service to gnss@1.0-service.
06-18 08:31:10.687 I/android.hardware.gnss@1.0-service( 1713): Registration complete for android.hardware.gnss@1.0::IGnss/default.
06-18 08:31:10.692 I/ServiceManagement( 1707): Registered android.hardware.cas@1.1::IMediaCasService/default (start delay of 418ms)
06-18 08:31:10.692 I/ServiceManagement( 1707): Removing namespace from process name android.hardware.cas@1.1-service to cas@1.1-service.
06-18 08:31:10.697 I/android.hardware.camera.provider@2.4-service( 1706): CameraProvider@2.4 legacy service is starting.
06-18 08:31:10.703 E/wifi_forwarder( 1745): RemoteConnection failed to initialize: RemoteConnection failed to open pipe
06-18 08:31:10.723 I/ServiceManagement( 1711): Registered android.hardware.drm@1.2::IDrmFactory/widevine (start delay of 419ms)
06-18 08:31:10.723 I/ServiceManagement( 1711): Removing namespace from process name android.hardware.drm@1.2-service.widevine to drm@1.2-service.widevine.
06-18 08:31:10.723 I/ServiceManagement( 1711): Registered android.hardware.drm@1.2::ICryptoFactory/widevine (start delay of 419ms)
06-18 08:31:10.723 I/ServiceManagement( 1711): Removing namespace from process name android.hardware.drm@1.2-service.widevine to drm@1.2-service.widevine.
06-18 08:31:10.754 E/hostapd ( 1757): Configuration file: /data/vendor/wifi/hostapd/hostapd.conf
06-18 08:31:10.755 I/hostapd ( 1757): rfkill: Cannot get wiphy information
06-18 08:31:10.774 I/android.hardware.wifi@1.0-service( 1725): Wifi Hal is booting up...
06-18 08:31:10.784 I/ServiceManagement( 1725): Registered android.hardware.wifi@1.3::IWifi/default (start delay of 420ms)
06-18 08:31:10.784 I/ServiceManagement( 1725): Removing namespace from process name android.hardware.wifi@1.0-service to wifi@1.0-service.
06-18 08:31:10.804 I/hostapd ( 1757): wlan1: interface state UNINITIALIZED->COUNTRY_UPDATE
06-18 08:31:10.807 E/netmgr  ( 1728): Failed to open QEMU pipe 'qemud:network': Invalid argument
06-18 08:31:10.820 I/ServiceManagement( 1709): Registered android.hardware.drm@1.0::IDrmFactory/default (start delay of 526ms)
06-18 08:31:10.820 I/ServiceManagement( 1709): Removing namespace from process name android.hardware.drm@1.0-service to drm@1.0-service.
06-18 08:31:10.820 I/        ( 1709): Registration complete for android.hardware.drm@1.0::IDrmFactory/default.
06-18 08:31:10.821 I/ServiceManagement( 1709): Registered android.hardware.drm@1.0::ICryptoFactory/default (start delay of 528ms)
06-18 08:31:10.821 I/ServiceManagement( 1709): Removing namespace from process name android.hardware.drm@1.0-service to drm@1.0-service.
06-18 08:31:10.821 I/        ( 1709): Registration complete for android.hardware.drm@1.0::ICryptoFactory/default.
06-18 08:31:10.887 D/LibBpfLoader( 1771): Loading ELF object /system/etc/bpf/clatd.o with license Apache 2.0
06-18 08:31:10.887 D/LibBpfLoader( 1771): Loaded code section 3 (schedcls_ingress_clat_ether)
06-18 08:31:10.887 D/LibBpfLoader( 1771): Loaded relo section 3 (.relschedcls/ingress/clat_ether)
06-18 08:31:10.887 D/LibBpfLoader( 1771): Adding section 3 to cs list
06-18 08:31:10.887 D/LibBpfLoader( 1771): Loaded code section 5 (schedcls_ingress_clat_rawip)
06-18 08:31:10.887 D/LibBpfLoader( 1771): Loaded relo section 5 (.relschedcls/ingress/clat_rawip)
06-18 08:31:10.887 D/LibBpfLoader( 1771): Adding section 5 to cs list
06-18 08:31:10.887 D/LibBpfLoader( 1771): bpf_create_map name clat_ingress_map, ret: 6
06-18 08:31:10.888 D/LibBpfLoader( 1771): map_fd found at 0 is 6 in /system/etc/bpf/clatd.o
06-18 08:31:10.888 D/LibBpfLoader( 1771): applying relo to instruction at byte offset: 400, 	       insn offset 50 , insn 118
06-18 08:31:10.888 D/LibBpfLoader( 1771): applying relo to instruction at byte offset: 360, 	       insn offset 45 , insn 118
06-18 08:31:10.888 D/LibBpfLoader( 1771): New bpf core prog_load for /system/etc/bpf/clatd.o (schedcls_ingress_clat_ether) returned: 7
06-18 08:31:10.890 D/LibBpfLoader( 1771): New bpf core prog_load for /system/etc/bpf/clatd.o (schedcls_ingress_clat_rawip) returned: 8
06-18 08:31:10.890 I/bpfloader( 1771): Attempted load object: /system/etc/bpf/clatd.o, ret: Success
06-18 08:31:10.900 D/LibBpfLoader( 1771): Loading ELF object /system/etc/bpf/netd.o with license Apache 2.0
06-18 08:31:10.900 D/LibBpfLoader( 1771): Loaded code section 3 (cgroupskb_ingress_stats)
06-18 08:31:10.900 D/LibBpfLoader( 1771): Loaded relo section 3 (.relcgroupskb/ingress/stats)
06-18 08:31:10.900 D/LibBpfLoader( 1771): Adding section 3 to cs list
06-18 08:31:10.900 D/LibBpfLoader( 1771): Loaded code section 5 (cgroupskb_egress_stats)
06-18 08:31:10.900 D/LibBpfLoader( 1771): Loaded relo section 5 (.relcgroupskb/egress/stats)
06-18 08:31:10.900 D/LibBpfLoader( 1771): Adding section 5 to cs list
06-18 08:31:10.900 D/LibBpfLoader( 1771): Loaded code section 7 (skfilter_egress_xtbpf)
06-18 08:31:10.900 D/LibBpfLoader( 1771): Loaded relo section 7 (.relskfilter/egress/xtbpf)
06-18 08:31:10.900 D/LibBpfLoader( 1771): Adding section 7 to cs list
06-18 08:31:10.900 D/LibBpfLoader( 1771): Loaded code section 9 (skfilter_ingress_xtbpf)
06-18 08:31:10.900 D/LibBpfLoader( 1771): Loaded relo section 9 (.relskfilter/ingress/xtbpf)
06-18 08:31:10.901 D/LibBpfLoader( 1771): Adding section 9 to cs list
06-18 08:31:10.901 D/LibBpfLoader( 1771): Loaded code section 11 (skfilter_whitelist_xtbpf)
06-18 08:31:10.901 D/LibBpfLoader( 1771): Loaded relo section 11 (.relskfilter/whitelist/xtbpf)
06-18 08:31:10.901 D/LibBpfLoader( 1771): Adding section 11 to cs list
06-18 08:31:10.901 D/LibBpfLoader( 1771): Loaded code section 13 (skfilter_blacklist_xtbpf)
06-18 08:31:10.901 D/LibBpfLoader( 1771): Loaded relo section 13 (.relskfilter/blacklist/xtbpf)
06-18 08:31:10.901 D/LibBpfLoader( 1771): Adding section 13 to cs list
06-18 08:31:10.901 D/LibBpfLoader( 1771): Loaded code section 15 (cgroupsock_inet_create)
06-18 08:31:10.901 D/LibBpfLoader( 1771): Loaded relo section 15 (.relcgroupsock/inet/create)
06-18 08:31:10.901 D/LibBpfLoader( 1771): Adding section 15 to cs list
06-18 08:31:10.901 D/LibBpfLoader( 1771): bpf_create_map name cookie_tag_map, ret: 9
06-18 08:31:10.902 D/LibBpfLoader( 1771): bpf_create_map name uid_counterset_map, ret: 10
06-18 08:31:10.902 D/LibBpfLoader( 1771): bpf_create_map name app_uid_stats_map, ret: 11
06-18 08:31:10.902 D/LibBpfLoader( 1771): bpf_create_map name stats_map_A, ret: 12
06-18 08:31:10.903 D/LibBpfLoader( 1771): bpf_create_map name stats_map_B, ret: 13
06-18 08:31:10.903 D/LibBpfLoader( 1771): bpf_create_map name iface_stats_map, ret: 14
06-18 08:31:10.903 D/LibBpfLoader( 1771): bpf_create_map name configuration_map, ret: 15
06-18 08:31:10.903 D/LibBpfLoader( 1771): bpf_create_map name uid_owner_map, ret: 16
06-18 08:31:10.903 D/LibBpfLoader( 1771): bpf_create_map name iface_index_name_map, ret: 17
06-18 08:31:10.929 D/LibBpfLoader( 1771): bpf_create_map name uid_permission_map, ret: 18
06-18 08:31:10.931 D/LibBpfLoader( 1771): map_fd found at 0 is 9 in /system/etc/bpf/netd.o
06-18 08:31:10.931 D/LibBpfLoader( 1771): map_fd found at 1 is 10 in /system/etc/bpf/netd.o
06-18 08:31:10.931 D/LibBpfLoader( 1771): map_fd found at 2 is 11 in /system/etc/bpf/netd.o
06-18 08:31:10.931 D/LibBpfLoader( 1771): map_fd found at 3 is 12 in /system/etc/bpf/netd.o
06-18 08:31:10.931 D/LibBpfLoader( 1771): map_fd found at 4 is 13 in /system/etc/bpf/netd.o
06-18 08:31:10.931 D/LibBpfLoader( 1771): map_fd found at 5 is 14 in /system/etc/bpf/netd.o
06-18 08:31:10.931 D/LibBpfLoader( 1771): map_fd found at 6 is 15 in /system/etc/bpf/netd.o
06-18 08:31:10.931 D/LibBpfLoader( 1771): map_fd found at 7 is 16 in /system/etc/bpf/netd.o
06-18 08:31:10.931 D/LibBpfLoader( 1771): map_fd found at 8 is 17 in /system/etc/bpf/netd.o
06-18 08:31:10.932 D/LibBpfLoader( 1771): map_fd found at 9 is 18 in /system/etc/bpf/netd.o
06-18 08:31:10.932 D/LibBpfLoader( 1771): applying relo to instruction at byte offset: 616, 	       insn offset 77 , insn 118
06-18 08:31:10.932 D/LibBpfLoader( 1771): applying relo to instruction at byte offset: 688, 	       insn offset 86 , insn 118
06-18 08:31:10.932 D/LibBpfLoader( 1771): applying relo to instruction at byte offset: 1040, 	       insn offset 130 , insn 118
06-18 08:31:10.933 D/LibBpfLoader( 1771): applying relo to instruction at byte offset: 1184, 	       insn offset 148 , insn 118
06-18 08:31:10.933 D/LibBpfLoader( 1771): applying relo to instruction at byte offset: 1264, 	       insn offset 158 , insn 118
06-18 08:31:10.933 D/LibBpfLoader( 1771): applying relo to instruction at byte offset: 1368, 	       insn offset 171 , insn 118
06-18 08:31:10.933 D/LibBpfLoader( 1771): applying relo to instruction at byte offset: 1472, 	       insn offset 184 , insn 118
06-18 08:31:10.933 D/LibBpfLoader( 1771): applying relo to instruction at byte offset: 1512, 	       insn offset 189 , insn 118
06-18 08:31:10.933 D/LibBpfLoader( 1771): applying relo to instruction at byte offset: 1576, 	       insn offset 197 , insn 118
06-18 08:31:10.936 D/LibBpfLoader( 1771): applying relo to instruction at byte offset: 1680, 	       insn offset 210 , insn 118
06-18 08:31:10.937 D/LibBpfLoader( 1771): applying relo to instruction at byte offset: 1720, 	       insn offset 215 , insn 118
06-18 08:31:10.937 D/LibBpfLoader( 1771): applying relo to instruction at byte offset: 1848, 	       insn offset 231 , insn 118
06-18 08:31:10.937 D/LibBpfLoader( 1771): applying relo to instruction at byte offset: 1952, 	       insn offset 244 , insn 118
06-18 08:31:10.937 D/LibBpfLoader( 1771): applying relo to instruction at byte offset: 1992, 	       insn offset 249 , insn 118
06-18 08:31:10.937 D/LibBpfLoader( 1771): applying relo to instruction at byte offset: 2056, 	       insn offset 257 , insn 118
06-18 08:31:10.937 D/LibBpfLoader( 1771): applying relo to instruction at byte offset: 2160, 	       insn offset 270 , insn 118
06-18 08:31:10.937 D/LibBpfLoader( 1771): applying relo to instruction at byte offset: 2200, 	       insn offset 275 , insn 118
06-18 08:31:10.937 D/LibBpfLoader( 1771): applying relo to instruction at byte offset: 2288, 	       insn offset 286 , insn 118
06-18 08:31:10.937 D/LibBpfLoader( 1771): applying relo to instruction at byte offset: 2392, 	       insn offset 299 , insn 118
06-18 08:31:10.937 D/LibBpfLoader( 1771): applying relo to instruction at byte offset: 2432, 	       insn offset 304 , insn 118
06-18 08:31:10.937 D/LibBpfLoader( 1771): applying relo to instruction at byte offset: 608, 	       insn offset 76 , insn 118
06-18 08:31:10.937 I/perfetto( 1770): probes.cc:56 Starting /system/bin/traced_probes service
06-18 08:31:10.937 D/LibBpfLoader( 1771): applying relo to instruction at byte offset: 680, 	       insn offset 85 , insn 118
06-18 08:31:10.937 D/LibBpfLoader( 1771): applying relo to instruction at byte offset: 904, 	       insn offset 113 , insn 118
06-18 08:31:10.937 D/LibBpfLoader( 1771): applying relo to instruction at byte offset: 1048, 	       insn offset 131 , insn 118
06-18 08:31:10.938 D/LibBpfLoader( 1771): applying relo to instruction at byte offset: 1128, 	       insn offset 141 , insn 118
06-18 08:31:10.938 D/LibBpfLoader( 1771): applying relo to instruction at byte offset: 1232, 	       insn offset 154 , insn 118
06-18 08:31:10.938 D/LibBpfLoader( 1771): applying relo to instruction at byte offset: 1336, 	       insn offset 167 , insn 118
06-18 08:31:10.938 D/LibBpfLoader( 1771): applying relo to instruction at byte offset: 1376, 	       insn offset 172 , insn 118
06-18 08:31:10.938 D/LibBpfLoader( 1771): applying relo to instruction at byte offset: 1440, 	       insn offset 180 , insn 118
06-18 08:31:10.938 D/LibBpfLoader( 1771): applying relo to instruction at byte offset: 1544, 	       insn offset 193 , insn 118
06-18 08:31:10.938 D/LibBpfLoader( 1771): applying relo to instruction at byte offset: 1584, 	       insn offset 198 , insn 118
06-18 08:31:10.938 D/LibBpfLoader( 1771): applying relo to instruction at byte offset: 1712, 	       insn offset 214 , insn 118
06-18 08:31:10.938 D/LibBpfLoader( 1771): applying relo to instruction at byte offset: 1816, 	       insn offset 227 , insn 118
06-18 08:31:10.938 D/LibBpfLoader( 1771): applying relo to instruction at byte offset: 1856, 	       insn offset 232 , insn 118
06-18 08:31:10.938 D/LibBpfLoader( 1771): applying relo to instruction at byte offset: 1920, 	       insn offset 240 , insn 118
06-18 08:31:10.938 D/LibBpfLoader( 1771): applying relo to instruction at byte offset: 2024, 	       insn offset 253 , insn 118
06-18 08:31:10.938 D/LibBpfLoader( 1771): applying relo to instruction at byte offset: 2064, 	       insn offset 258 , insn 118
06-18 08:31:10.939 D/LibBpfLoader( 1771): applying relo to instruction at byte offset: 2152, 	       insn offset 269 , insn 118
06-18 08:31:10.939 D/LibBpfLoader( 1771): applying relo to instruction at byte offset: 2256, 	       insn offset 282 , insn 118
06-18 08:31:10.939 D/LibBpfLoader( 1771): applying relo to instruction at byte offset: 2296, 	       insn offset 287 , insn 118
06-18 08:31:10.939 D/LibBpfLoader( 1771): applying relo to instruction at byte offset: 40, 	       insn offset 5 , insn 118
06-18 08:31:10.939 D/LibBpfLoader( 1771): applying relo to instruction at byte offset: 144, 	       insn offset 18 , insn 118
06-18 08:31:10.939 D/LibBpfLoader( 1771): applying relo to instruction at byte offset: 184, 	       insn offset 23 , insn 118
06-18 08:31:10.939 D/LibBpfLoader( 1771): applying relo to instruction at byte offset: 40, 	       insn offset 5 , insn 118
06-18 08:31:10.939 D/LibBpfLoader( 1771): applying relo to instruction at byte offset: 144, 	       insn offset 18 , insn 118
06-18 08:31:10.939 D/LibBpfLoader( 1771): applying relo to instruction at byte offset: 184, 	       insn offset 23 , insn 118
06-18 08:31:10.939 D/LibBpfLoader( 1771): applying relo to instruction at byte offset: 80, 	       insn offset 10 , insn 118
06-18 08:31:10.939 D/LibBpfLoader( 1771): applying relo to instruction at byte offset: 32, 	       insn offset 4 , insn 118
06-18 08:31:10.939 D/LibBpfLoader( 1771): applying relo to instruction at byte offset: 80, 	       insn offset 10 , insn 118
06-18 08:31:10.940 D/LibBpfLoader( 1771): New bpf core prog_load for /system/etc/bpf/netd.o (cgroupskb_ingress_stats) returned: 19
06-18 08:31:10.941 D/LibBpfLoader( 1771): New bpf core prog_load for /system/etc/bpf/netd.o (cgroupskb_egress_stats) returned: 20
06-18 08:31:10.942 D/LibBpfLoader( 1771): New bpf core prog_load for /system/etc/bpf/netd.o (skfilter_egress_xtbpf) returned: 21
06-18 08:31:10.942 D/LibBpfLoader( 1771): New bpf core prog_load for /system/etc/bpf/netd.o (skfilter_ingress_xtbpf) returned: 22
06-18 08:31:10.942 D/LibBpfLoader( 1771): New bpf core prog_load for /system/etc/bpf/netd.o (skfilter_whitelist_xtbpf) returned: 23
06-18 08:31:10.943 D/LibBpfLoader( 1771): New bpf core prog_load for /system/etc/bpf/netd.o (skfilter_blacklist_xtbpf) returned: 24
06-18 08:31:10.944 D/LibBpfLoader( 1771): New bpf core prog_load for /system/etc/bpf/netd.o (cgroupsock_inet_create) returned: 25
06-18 08:31:10.944 I/bpfloader( 1771): Attempted load object: /system/etc/bpf/netd.o, ret: Success
06-18 08:31:10.963 D/TetherController( 1681): Setting IP forward enable = 0
06-18 08:31:10.964 D/FirewallController( 1681): Could not read /proc/self/uid_map, max uid defaulting to 4294967294
06-18 08:31:10.968 I/adbd    ( 1767): opening control endpoint /dev/usb-ffs/adb/ep0
06-18 08:31:10.978 I/installd( 1776): installd firing up
06-18 08:31:10.978 E/cutils  ( 1776): Failed to read /data/.layout_version: No such file or directory
06-18 08:31:10.978 D/installd( 1776): Assuming that device has multi-user storage layout; upgrade no longer supported
06-18 08:31:10.978 D/installd( 1776): Upgrading to /data/misc/user directories
06-18 08:31:10.980 W/perfetto( 1769): service.cc:65 Started traced, listening on /dev/socket/traced_producer /dev/socket/traced_consumer
06-18 08:31:10.982 I/perfetto( 1770): probes_producer.cc:88 Connected to the service
06-18 08:31:11.016 I/ServiceManager( 1784): Waiting for service 'package_native' on '/dev/binder'...
06-18 08:31:11.052 D/android.hardware.biometrics.fingerprint@2.1-service( 1801): Opening fingerprint hal library...
06-18 08:31:11.052 D/FingerprintHal( 1801): ----------------> fingerprint_open ----------------->
06-18 08:31:11.053 D/FingerprintHal( 1801): ----------------> set_notify_callback ----------------->
06-18 08:31:11.053 D/FingerprintHal( 1801): fingerprint callback notification set
06-18 08:31:11.054 I/ServiceManagement( 1801): Registered android.hardware.biometrics.fingerprint@2.1::IBiometricsFingerprint/default (start delay of 50ms)
06-18 08:31:11.054 I/ServiceManagement( 1801): Removing namespace from process name android.hardware.biometrics.fingerprint@2.1-service to fingerprint@2.1-service.
06-18 08:31:11.069 I/netd    ( 1681): Creating child chains: 103.0ms
06-18 08:31:11.069 I/netd    ( 1681): Setting up OEM hooks: 0.1ms
06-18 08:31:11.069 I/netd    ( 1681): Setting up FirewallController hooks: 0.1ms
06-18 08:31:11.071 I/wificond( 1785): wificond is starting up...
06-18 08:31:11.079 D/FingerprintHal( 1801): ----------------> listenerFunction ----------------->
06-18 08:31:11.080 I/adbd    ( 1767): UsbFfsConnection constructed
06-18 08:31:11.112 I/SurfaceFlinger( 1739): Using HWComposer service: 'default'
06-18 08:31:11.112 I/SurfaceFlinger( 1739): SurfaceFlinger is starting
06-18 08:31:11.112 I/hwservicemanager( 1566): getTransport: Cannot find entry android.hardware.configstore@1.1::ISurfaceFlingerConfigs/default in either framework or device manifest.
06-18 08:31:11.112 I/SurfaceFlinger( 1739): Treble testing override: 'false'
06-18 08:31:11.112 I/SurfaceFlinger( 1739): SurfaceFlinger's main thread ready to run. Initializing graphics H/W...
06-18 08:31:11.112 I/SurfaceFlinger( 1739): Phase offset NS: 1000000
06-18 08:31:11.114 W/SurfaceFlinger( 1739): Ignoring VSYNC request while display is disconnected
06-18 08:31:11.114 W/SurfaceFlinger( 1739): Ignoring VSYNC request while display is disconnected
06-18 08:31:11.114 W/SurfaceFlinger( 1739): Ignoring VSYNC request while display is disconnected
06-18 08:31:11.114 W/SurfaceFlinger( 1739): Ignoring VSYNC request while display is disconnected
06-18 08:31:11.114 D/RenderEngine( 1739): RenderEngine GLES Backend
06-18 08:31:11.115 D/libEGL  ( 1739): Emulator has host GPU support, qemu.gles is set to 1.
06-18 08:31:11.117 I/hwservicemanager( 1566): getTransport: Cannot find entry android.hardware.usb.gadget@1.0::IUsbGadget/default in either framework or device manifest.
06-18 08:31:11.118 I/usbd    ( 1800): Usb HAL not found
06-18 08:31:11.139 I/netd    ( 1681): Setting up TetherController hooks: 69.6ms
06-18 08:31:11.140 I/netd    ( 1681): Setting up BandwidthController hooks: 1.0ms
06-18 08:31:11.140 I/netd    ( 1681): Setting up IdletimerController hooks: 0.1ms
06-18 08:31:11.150 D/EmulatedCamera_QemuClient( 1706): Emulated camera list: 
06-18 08:31:11.150 E/EmulatedCamera_Factory( 1706): 0 cameras are being emulated. 0 of them are fake cameras.
06-18 08:31:11.155 I/ServiceManager( 1784): Waiting for service 'package_native' on '/dev/binder'...
06-18 08:31:11.159 I/CamPrvdr@2.4-legacy( 1706): Loaded "Emulated Camera Module" camera module
06-18 08:31:11.159 E/CamPrvdr@2.4-legacy( 1706): setUpVendorTags: Vendor tag operations not fully defined. Ignoring definitions.
06-18 08:31:11.159 E/CamPrvdr@2.4-legacy( 1706): initialize: Vendor tag setup failed, will not be available.
06-18 08:31:11.164 I/ServiceManagement( 1706): Registered android.hardware.camera.provider@2.4::ICameraProvider/legacy/0 (start delay of 900ms)
06-18 08:31:11.164 I/ServiceManagement( 1706): Removing namespace from process name android.hardware.camera.provider@2.4-service to provider@2.4-service.
06-18 08:31:11.164 I/android.hardware.camera.provider@2.4-service( 1706): Registration complete for android.hardware.camera.provider@2.4::ICameraProvider/legacy/0.
06-18 08:31:11.171 I/gatekeeperd( 1794): Starting gatekeeperd...
06-18 08:31:11.201 I/ServiceManagement( 1783): Registered android.frameworks.stats@1.0::IStats/default (start delay of 317ms)
06-18 08:31:11.201 W/statsd  ( 1783): statscompanion service unavailable!
