06-18 08:31:18.001 I/WifiNative( 1919): Successfully torn down Iface:{Name=wlan0,Id=0,Type=STA_SCAN}
06-18 08:31:18.001 W/HalDevMgr( 1919): isWifiStarted called but mWifi is null!?
06-18 08:31:18.001 E/HalDevMgr( 1919): getAllChipInfo: called but mWifi is null!?
06-18 08:31:18.001 E/HalDevMgr( 1919): dispatchAvailableForRequestListeners: no chip info found
06-18 08:31:18.001 W/HalDevMgr( 1919): stopWifi called but mWifi is null!?
06-18 08:31:18.001 I/WifiNative( 1919): Successfully initiated teardown for iface=wlan0
06-18 08:31:18.001 D/WifiScanOnlyModeManager( 1919): expected stop, not triggering callbacks: state = 1
06-18 08:31:18.001 D/WifiActiveModeWarden( 1919): State changed from client mode. state = 2
06-18 08:31:18.005 D/Zygote  ( 1688): Forked child process 2082
06-18 08:31:18.008 W/ndroid.systemu( 2082): Unexpected CPU variant for X86 using defaults: x86_64
06-18 08:31:18.013 I/ActivityManager( 1919): Start proc 2082:com.android.systemui/u0a117 for service {com.android.systemui/com.android.systemui.ImageWallpaper}
06-18 08:31:18.014 I/android_os_HwBinder( 1919): HwBinder: Starting thread pool for getting: android.hardware.wifi@1.0::IWifi/default
06-18 08:31:18.019 I/.gms.persisten( 2061): The ClassLoaderContext is a special shared library.
06-18 08:31:18.021 I/android.hardware.wifi@1.0-service( 1725): Wifi HAL started
06-18 08:31:18.022 I/chatty  ( 2061): uid=10119 com.google.android.gms.persistent identical 1 line
06-18 08:31:18.022 I/.gms.persisten( 2061): The ClassLoaderContext is a special shared library.
06-18 08:31:18.023 I/WifiVendorHal( 1919): Vendor Hal started successfully
06-18 08:31:18.024 I/WifiP2pNative( 1919): Registering for interface available listener
06-18 08:31:18.029 I/android_os_HwBinder( 1919): HwBinder: Starting thread pool for getting: android.hidl.manager@1.0::IServiceManager/default
06-18 08:31:18.029 I/hwservicemanager( 1566): getTransport: Cannot find entry android.hardware.wifi.supplicant@1.1::ISupplicant/default in either framework or device manifest.
06-18 08:31:18.029 I/SupplicantStaIfaceHal( 1919): Starting supplicant using init
06-18 08:31:18.031 I/ndroid.systemu( 2082): The ClassLoaderContext is a special shared library.
06-18 08:31:18.034 I/WifiP2pNative( 1919): Registering for interface available listener
06-18 08:31:18.034 D/WifiP2pNative( 1919): P2P InterfaceAvailableListener true
06-18 08:31:18.034 D/WifiP2pService( 1919): Wifi enabled=false, P2P Interface availability=true, Number of clients=0
06-18 08:31:18.034 D/WifiP2pService( 1919): Wifi enabled=false, P2P Interface availability=true
06-18 08:31:18.042 I/.gms.persisten( 2061): The ClassLoaderContext is a special shared library.
06-18 08:31:18.047 D/Zygote  ( 1688): Forked child process 2103
06-18 08:31:18.048 W/ActivityManager( 1919): Slow operation: 52ms so far, now at startProcess: returned from zygote!
06-18 08:31:18.048 W/ActivityManager( 1919): Slow operation: 52ms so far, now at startProcess: done updating battery stats
06-18 08:31:18.048 W/ActivityManager( 1919): Slow operation: 53ms so far, now at startProcess: building log message
06-18 08:31:18.048 I/ActivityManager( 1919): Start proc 2103:com.google.android.permissioncontroller/u0a74 for service {com.google.android.permissioncontroller/com.android.packageinstaller.permission.service.PermissionControllerServiceImpl}
06-18 08:31:18.048 W/ActivityManager( 1919): Slow operation: 53ms so far, now at startProcess: starting to update pids map
06-18 08:31:18.049 W/ActivityManager( 1919): Slow operation: 53ms so far, now at startProcess: done updating pids map
06-18 08:31:18.063 W/ssioncontrolle( 2103): Unexpected CPU variant for X86 using defaults: x86_64
06-18 08:31:18.102 I/ssioncontrolle( 2103): The ClassLoaderContext is a special shared library.
06-18 08:31:18.106 W/ContextImpl( 2061): Failed to ensure /data/user/0/com.google.android.gms/cache: mkdir failed: ENOENT (No such file or directory)
06-18 08:31:18.106 W/ContextImpl( 2061): Failed to update user.inode_cache: stat failed: ENOENT (No such file or directory)
06-18 08:31:18.107 D/StagefrightPluginLoader( 1782): CCodec is disabled.
06-18 08:31:18.107 D/StagefrightPluginLoader( 1782): Handle or CreateInputSurface symbol is null
06-18 08:31:18.107 D/MediaCodecList( 1782): Allowing all OMX codecs
06-18 08:31:18.107 D/StagefrightPluginLoader( 1782): Handle or CreateBuilder symbol is null
06-18 08:31:18.114 I/OMXClient( 1782): IOmx service obtained
06-18 08:31:18.114 I/OMXMaster( 1786): makeComponentInstance(OMX.google.aac.decoder) in android.hardwar process
06-18 08:31:18.114 I/wpa_supplicant( 2105): Processing hidl events on FD 3
06-18 08:31:18.116 I/ServiceManagement( 2105): Registered android.hardware.wifi.supplicant@1.2::ISupplicant/default (start delay of 73ms)
06-18 08:31:18.116 I/wpa_supplicant( 2105): Successfully initialized wpa_supplicant
06-18 08:31:18.119 I/wpa_supplicant( 2105): rfkill: Cannot open RFKILL control device
06-18 08:31:18.132 W/StorageManagerService( 1919): No primary storage defined yet; hacking together a stub
06-18 08:31:18.133 I/OMXClient( 1782): IOmx service obtained
06-18 08:31:18.142 I/OMXMaster( 1786): makeComponentInstance(OMX.google.amrnb.decoder) in android.hardwar process
06-18 08:31:18.145 I/OMXClient( 1782): IOmx service obtained
06-18 08:31:18.145 I/OMXMaster( 1786): makeComponentInstance(OMX.google.amrwb.decoder) in android.hardwar process
06-18 08:31:18.147 I/OMXClient( 1782): IOmx service obtained
06-18 08:31:18.147 I/OMXMaster( 1786): makeComponentInstance(OMX.google.flac.decoder) in android.hardwar process
06-18 08:31:18.150 I/OMXClient( 1782): IOmx service obtained
06-18 08:31:18.150 I/OMXMaster( 1786): makeComponentInstance(OMX.google.g711.alaw.decoder) in android.hardwar process
06-18 08:31:18.154 I/OMXClient( 1782): IOmx service obtained
06-18 08:31:18.154 I/OMXMaster( 1786): makeComponentInstance(OMX.google.g711.mlaw.decoder) in android.hardwar process
06-18 08:31:18.161 W/AlarmManager( 2082): Unrecognized alarm listener com.android.systemui.keyguard.-$$Lambda$KeyguardSliceProvider$IhzByd8TsqFuOrSyuGurVskyPLo@fa041c0
06-18 08:31:18.196 D/PackageManager( 1919): Instant App installer not found with android.intent.action.INSTALL_INSTANT_APP_PACKAGE
06-18 08:31:18.196 D/PackageManager( 1919): Clear ephemeral installer activity
06-18 08:31:18.206 I/OMXClient( 1782): IOmx service obtained
06-18 08:31:18.209 I/OMXMaster( 1786): makeComponentInstance(OMX.google.gsm.decoder) in android.hardwar process
06-18 08:31:18.216 I/OMXClient( 1782): IOmx service obtained
06-18 08:31:18.216 I/OMXMaster( 1786): makeComponentInstance(OMX.google.mp3.decoder) in android.hardwar process
06-18 08:31:18.219 I/SystemConfig( 2103): Adding association: com.google.android.as <- com.android.providers.contacts
06-18 08:31:18.219 I/SystemConfig( 2103): Adding association: com.google.android.as <- com.android.providers.media
06-18 08:31:18.219 E/ActivityThread( 2061): Failed to find provider info for com.google.android.gsf.gservices
06-18 08:31:18.219 I/SystemConfig( 2103): Adding association: com.google.android.as <- com.android.providers.telephony
06-18 08:31:18.220 I/SystemConfig( 2103): Adding association: com.google.android.as <- com.android.systemui
06-18 08:31:18.220 I/SystemConfig( 2103): Adding association: com.google.android.as <- com.google.android.gms
06-18 08:31:18.220 I/SystemConfig( 2103): Adding association: com.google.android.as <- com.google.android.gsf
06-18 08:31:18.223 W/SystemConfig( 2103): No directory /product_services/etc/sysconfig, skipping
06-18 08:31:18.224 W/SystemConfig( 2103): No directory /product_services/etc/permissions, skipping
06-18 08:31:18.227 E/ActivityThread( 2061): Failed to find provider info for com.google.android.gsf.gservices
06-18 08:31:18.233 I/wpa_supplicant( 2105): rfkill: Cannot get wiphy information
06-18 08:31:18.234 I/android_os_HwBinder( 1919): HwBinder: Starting thread pool for getting: android.hardware.wifi.supplicant@1.0::ISupplicant/default
06-18 08:31:18.234 I/SupplicantStaIfaceHal( 1919): Completed initialization of ISupplicant.
06-18 08:31:18.245 I/OMXClient( 1782): IOmx service obtained
06-18 08:31:18.246 I/OMXMaster( 1786): makeComponentInstance(OMX.google.opus.decoder) in android.hardwar process
06-18 08:31:18.246 I/chatty  ( 2061): uid=10119 com.google.android.gms.persistent identical 1 line
06-18 08:31:18.248 E/ActivityThread( 2061): Failed to find provider info for com.google.android.gsf.gservices
06-18 08:31:18.249 I/android.hardware.wifi@1.0-service( 1725): Adding interface handle for wlan0
06-18 08:31:18.249 W/android.hardware.wifi@1.0-service( 1725): No active wlan interfaces in use! Using default
06-18 08:31:18.249 E/android.hardware.wifi@1.0-service( 1725): Failed to register radio mode change callback
06-18 08:31:18.249 W/android.hardware.wifi@1.0-service( 1725): No active wlan interfaces in use! Using default
06-18 08:31:18.266 D/ProtoStore( 2082): no cached data
06-18 08:31:18.266 D/ProtoStore( 2082): no cached data
06-18 08:31:18.271 W/DirectBootExitBR( 2061): User is in direct boot mode.
06-18 08:31:18.274 I/OMXClient( 1782): IOmx service obtained
06-18 08:31:18.274 I/OMXMaster( 1786): makeComponentInstance(OMX.google.raw.decoder) in android.hardwar process
06-18 08:31:18.282 W/libc    ( 1725): Unable to set property "vendor.wlan.firmware.version" to "1.0": error code: 0x18
06-18 08:31:18.273 E/ActivityThread( 2061): Failed to find provider info for com.google.android.gsf.gservices
06-18 08:31:18.299 I/OMXClient( 1782): IOmx service obtained
06-18 08:31:18.299 I/OMXMaster( 1786): makeComponentInstance(OMX.google.vorbis.decoder) in android.hardwar process
06-18 08:31:18.309 W/libc    ( 1725): Unable to set property "vendor.wlan.driver.version" to "1.0": error code: 0x18
06-18 08:31:18.294 E/ActivityThread( 2061): Failed to find provider info for com.google.android.gsf.gservices
06-18 08:31:18.309 I/android.hardware.wifi@1.0-service( 1725): Configured chip in mode 0
06-18 08:31:18.309 W/android.hardware.wifi@1.0-service( 1725): No active wlan interfaces in use! Using default
06-18 08:31:18.311 I/OMXClient( 1782): IOmx service obtained
06-18 08:31:18.311 I/OMXMaster( 1786): makeComponentInstance(OMX.google.aac.encoder) in android.hardwar process
06-18 08:31:18.312 D/HalDevMgr( 1919): updateRttController: no one is interested in RTT controllers
06-18 08:31:18.314 I/OMXClient( 1782): IOmx service obtained
06-18 08:31:18.314 I/OMXMaster( 1786): makeComponentInstance(OMX.google.amrnb.encoder) in android.hardwar process
06-18 08:31:18.317 I/OMXClient( 1782): IOmx service obtained
06-18 08:31:18.317 I/OMXMaster( 1786): makeComponentInstance(OMX.google.amrwb.encoder) in android.hardwar process
06-18 08:31:18.319 I/OMXClient( 1782): IOmx service obtained
06-18 08:31:18.319 I/OMXMaster( 1786): makeComponentInstance(OMX.google.flac.encoder) in android.hardwar process
06-18 08:31:18.320 I/OMXClient( 1782): IOmx service obtained
06-18 08:31:18.320 I/OMXMaster( 1786): makeComponentInstance(OMX.android.goldfish.h264.decoder) in android.hardwar process
06-18 08:31:18.320 I/GoldfishOMXPlugin( 1786): makeComponentInstance 'OMX.android.goldfish.h264.decoder'
06-18 08:31:18.320 I/GoldfishOMXPlugin( 1786): Using goldfish codec for 'avcdec'
06-18 08:31:18.328 E/android.hardware.wifi@1.0-service( 1725): Failed to set DFS flag; DFS channels may be unavailable.
06-18 08:31:18.332 I/goldfish_avcdec( 1786): created GoldfishAVCDec 98 object 0xf4b7f600
06-18 08:31:18.341 D/WificondControl( 1919): Setting up interface for client mode
06-18 08:31:18.342 I/wificond( 1785): create scanner for interface with index: 3
06-18 08:31:18.342 I/wificond( 1785): subscribe scan result for interface with index: 3
06-18 08:31:18.343 I/hwservicemanager( 1566): getTransport: Cannot find entry android.hardware.wifi.offload@1.0::IOffload/default in either framework or device manifest.
06-18 08:31:18.343 E/wificond( 1785): No Offload Service available
06-18 08:31:18.343 I/wificond( 1785): Offload HAL not supported 
06-18 08:31:18.354 E/OMXNodeInstance( 1786): getExtensionIndex(0xf4b18de0:android.goldfish.h264.decoder, OMX.google.android.index.configureVideoTunnelMode) ERROR: UnsupportedIndex(0x8000101a)
06-18 08:31:18.354 D/MediaCodecInfo( 1782): detail feature-tunneled-playback wasn't present to remove
06-18 08:31:18.354 W/OMXNodeInstance( 1786): [0xf4b18de0:android.goldfish.h264.decoder] component does not support metadata mode; using fallback
06-18 08:31:18.355 I/OMXClient( 1782): IOmx service obtained
06-18 08:31:18.355 I/OMXMaster( 1786): makeComponentInstance(OMX.google.h264.decoder) in android.hardwar process
06-18 08:31:18.356 E/SupplicantStaIfaceHal( 1919): Can't call setupIface, ISupplicantStaIface is null
06-18 08:31:18.356 I/hwservicemanager( 1566): getTransport: Cannot find entry android.hardware.wifi.supplicant@1.1::ISupplicant/default in either framework or device manifest.
06-18 08:31:18.357 E/OMXNodeInstance( 1786): getExtensionIndex(0xf4b18de0:google.h264.decoder, OMX.google.android.index.configureVideoTunnelMode) ERROR: UnsupportedIndex(0x8000101a)
06-18 08:31:18.357 D/MediaCodecInfo( 1782): detail feature-tunneled-playback wasn't present to remove
06-18 08:31:18.357 E/OMXNodeInstance( 1786): getExtensionIndex(0xf4b18de0:google.h264.decoder, OMX.google.android.index.enableAndroidNativeBuffers) ERROR: UnsupportedIndex(0x8000101a)
06-18 08:31:18.359 E/ActivityThread( 2061): Failed to find provider info for com.google.android.gsf.gservices
06-18 08:31:18.360 I/hwservicemanager( 1566): getTransport: Cannot find entry android.hardware.wifi.supplicant@1.2::ISupplicant/default in either framework or device manifest.
06-18 08:31:18.360 I/hwservicemanager( 1566): getTransport: Cannot find entry android.hardware.wifi.supplicant@1.1::ISupplicant/default in either framework or device manifest.
06-18 08:31:18.363 I/OMXClient( 1782): IOmx service obtained
06-18 08:31:18.363 I/OMXMaster( 1786): makeComponentInstance(OMX.google.h263.decoder) in android.hardwar process
06-18 08:31:18.364 I/netd    ( 1681): interfaceGetCfg("wlan0") <0.18ms>
06-18 08:31:18.365 I/WifiNative( 1919): Interface state changed on Iface:{Name=wlan0,Id=1,Type=STA_CONNECTIVITY}, isUp=true
06-18 08:31:18.365 I/netd    ( 1681): interfaceClearAddrs("wlan0") <0.10ms>
06-18 08:31:18.365 I/netd    ( 1681): interfaceSetIPv6PrivacyExtensions("wlan0", "true") <0.07ms>
06-18 08:31:18.366 I/netd    ( 1681): interfaceSetEnableIPv6("wlan0", "false") <0.06ms>
06-18 08:31:18.366 I/WifiNative( 1919): Successfully setup Iface:{Name=wlan0,Id=1,Type=STA_CONNECTIVITY}
06-18 08:31:18.366 I/hwservicemanager( 1566): getTransport: Cannot find entry android.hardware.wifi.supplicant@1.2::ISupplicant/default in either framework or device manifest.
06-18 08:31:18.367 E/SupplicantStaIfaceHal( 1919): Method getKeyMgmtCapabilities is not supported in existing HAL
06-18 08:31:18.367 E/OMXNodeInstance( 1786): getExtensionIndex(0xf4b18de0:google.h263.decoder, OMX.google.android.index.configureVideoTunnelMode) ERROR: UnsupportedIndex(0x8000101a)
06-18 08:31:18.367 D/MediaCodecInfo( 1782): detail feature-tunneled-playback wasn't present to remove
06-18 08:31:18.367 E/OMXNodeInstance( 1786): getExtensionIndex(0xf4b18de0:google.h263.decoder, OMX.google.android.index.enableAndroidNativeBuffers) ERROR: UnsupportedIndex(0x8000101a)
06-18 08:31:18.369 I/GmsApplication( 2061): Staging modules and/or updating config
06-18 08:31:18.371 I/OMXClient( 1782): IOmx service obtained
06-18 08:31:18.371 I/OMXMaster( 1786): makeComponentInstance(OMX.google.hevc.decoder) in android.hardwar process
06-18 08:31:18.371 E/ChimeraCfgMgr( 2061): Failed to read module config: java.io.FileNotFoundException: /data/user_de/0/com.google.android.gms/app_chimera/current_config.fb: open failed: ENOENT (No such file or directory)
06-18 08:31:18.375 I/GmsApplication( 2061): Staging modules
06-18 08:31:18.375 I/FileApkMgr( 2061): Extracting modules...
06-18 08:31:18.378 E/ConfigFileUtils( 2061): Failed to read config file: /data/user_de/0/com.google.android.gms/app_chimera/current_fileapks.pb: open failed: ENOENT (No such file or directory)
06-18 08:31:18.384 E/OMXNodeInstance( 1786): getExtensionIndex(0xf4b18de0:google.hevc.decoder, OMX.google.android.index.configureVideoTunnelMode) ERROR: UnsupportedIndex(0x8000101a)
06-18 08:31:18.384 D/MediaCodecInfo( 1782): detail feature-tunneled-playback wasn't present to remove
06-18 08:31:18.384 E/OMXNodeInstance( 1786): getExtensionIndex(0xf4b18de0:google.hevc.decoder, OMX.google.android.index.enableAndroidNativeBuffers) ERROR: UnsupportedIndex(0x8000101a)
06-18 08:31:18.388 D/WifiClientModeManager( 1919): entering StartedState
06-18 08:31:18.389 I/netd    ( 1681): interfaceGetCfg("wlan0") <0.16ms>
06-18 08:31:18.389 D/WifiClientModeManager( 1919): Wifi is ready to use for client mode
06-18 08:31:18.389 D/WifiActiveModeWarden( 1919): State changed from client mode. state = 3
06-18 08:31:18.389 D/WifiActiveModeWarden( 1919): client mode active
06-18 08:31:18.389 D/WifiScanRequestProxy( 1919): Sending scan available broadcast: true
06-18 08:31:18.390 I/WifiScanRequestProxy( 1919): Scanning is enabled
06-18 08:31:18.390 I/WifiScanRequestProxy( 1919): Scanning for hidden networks is enabled
06-18 08:31:18.390 D/WifiClientModeImpl( 1919): entering ConnectModeState: ifaceName = wlan0
06-18 08:31:18.390 D/WifiClientModeImpl( 1919): setupClientMode() ifacename = wlan0
06-18 08:31:18.392 E/WifiVendorHal( 1919): getBgScanCapabilities(l.630) failed {.code = ERROR_NOT_SUPPORTED, .description = }
06-18 08:31:18.404 I/OMXClient( 1782): IOmx service obtained
06-18 08:31:18.404 I/OMXMaster( 1786): makeComponentInstance(OMX.google.mpeg4.decoder) in android.hardwar process
06-18 08:31:18.405 E/OMXNodeInstance( 1786): getExtensionIndex(0xf4b18de0:google.mpeg4.decoder, OMX.google.android.index.configureVideoTunnelMode) ERROR: UnsupportedIndex(0x8000101a)
06-18 08:31:18.405 D/MediaCodecInfo( 1782): detail feature-tunneled-playback wasn't present to remove
06-18 08:31:18.405 E/OMXNodeInstance( 1786): getExtensionIndex(0xf4b18de0:google.mpeg4.decoder, OMX.google.android.index.enableAndroidNativeBuffers) ERROR: UnsupportedIndex(0x8000101a)
06-18 08:31:18.423 I/WifiScanningService( 1919): wifi driver loaded with scan capabilities: max buckets=16
06-18 08:31:18.424 I/OMXClient( 1782): IOmx service obtained
06-18 08:31:18.424 I/OMXMaster( 1786): makeComponentInstance(OMX.android.goldfish.vp8.decoder) in android.hardwar process
06-18 08:31:18.424 I/GoldfishOMXPlugin( 1786): makeComponentInstance 'OMX.android.goldfish.vp8.decoder'
06-18 08:31:18.424 I/GoldfishOMXPlugin( 1786): Using goldfish codec for 'vpxdec'
06-18 08:31:18.425 I/goldfish_vpxdec( 1786): calling constructor of GoldfishVPX
06-18 08:31:18.425 E/OMXNodeInstance( 1786): getExtensionIndex(0xf4b18de0:android.goldfish.vp8.decoder, OMX.google.android.index.configureVideoTunnelMode) ERROR: UnsupportedIndex(0x8000101a)
06-18 08:31:18.425 D/MediaCodecInfo( 1782): detail feature-tunneled-playback wasn't present to remove
06-18 08:31:18.425 W/OMXNodeInstance( 1786): [0xf4b18de0:android.goldfish.vp8.decoder] component does not support metadata mode; using fallback
06-18 08:31:18.434 I/goldfish_vpxdec( 1786): calling destructor of GoldfishVPX
06-18 08:31:18.434 I/OMXClient( 1782): IOmx service obtained
06-18 08:31:18.434 I/OMXMaster( 1786): makeComponentInstance(OMX.google.vp8.decoder) in android.hardwar process
06-18 08:31:18.436 E/OMXNodeInstance( 1786): getExtensionIndex(0xf4b18de0:google.vp8.decoder, OMX.google.android.index.configureVideoTunnelMode) ERROR: UnsupportedIndex(0x8000101a)
06-18 08:31:18.437 D/MediaCodecInfo( 1782): detail feature-tunneled-playback wasn't present to remove
06-18 08:31:18.437 E/OMXNodeInstance( 1786): getExtensionIndex(0xf4b18de0:google.vp8.decoder, OMX.google.android.index.enableAndroidNativeBuffers) ERROR: UnsupportedIndex(0x8000101a)
06-18 08:31:18.440 I/OMXClient( 1782): IOmx service obtained
06-18 08:31:18.440 I/OMXMaster( 1786): makeComponentInstance(OMX.android.goldfish.vp9.decoder) in android.hardwar process
06-18 08:31:18.440 I/GoldfishOMXPlugin( 1786): makeComponentInstance 'OMX.android.goldfish.vp9.decoder'
06-18 08:31:18.440 I/GoldfishOMXPlugin( 1786): Using goldfish codec for 'vpxdec'
06-18 08:31:18.440 I/goldfish_vpxdec( 1786): calling constructor of GoldfishVPX
06-18 08:31:18.440 E/OMXNodeInstance( 1786): getExtensionIndex(0xf4b18de0:android.goldfish.vp9.decoder, OMX.google.android.index.configureVideoTunnelMode) ERROR: UnsupportedIndex(0x8000101a)
06-18 08:31:18.441 D/MediaCodecInfo( 1782): detail feature-tunneled-playback wasn't present to remove
06-18 08:31:18.441 W/OMXNodeInstance( 1786): [0xf4b18de0:android.goldfish.vp9.decoder] component does not support metadata mode; using fallback
06-18 08:31:18.454 I/goldfish_vpxdec( 1786): calling destructor of GoldfishVPX
06-18 08:31:18.454 I/OMXClient( 1782): IOmx service obtained
06-18 08:31:18.455 I/OMXMaster( 1786): makeComponentInstance(OMX.google.vp9.decoder) in android.hardwar process
06-18 08:31:18.455 E/OMXNodeInstance( 1786): getExtensionIndex(0xf4b18cc0:google.vp9.decoder, OMX.google.android.index.configureVideoTunnelMode) ERROR: UnsupportedIndex(0x8000101a)
06-18 08:31:18.455 D/MediaCodecInfo( 1782): detail feature-tunneled-playback wasn't present to remove
06-18 08:31:18.455 E/OMXNodeInstance( 1786): getExtensionIndex(0xf4b18cc0:google.vp9.decoder, OMX.google.android.index.enableAndroidNativeBuffers) ERROR: UnsupportedIndex(0x8000101a)
06-18 08:31:18.476 I/OMXClient( 1782): IOmx service obtained
06-18 08:31:18.476 I/OMXMaster( 1786): makeComponentInstance(OMX.google.h264.encoder) in android.hardwar process
06-18 08:31:18.478 I/system_server( 1919): Background young concurrent copying GC freed 44111(3691KB) AllocSpace objects, 28(704KB) LOS objects, 36% free, 7533KB/11MB, paused 1.121ms total 162.161ms
06-18 08:31:18.480 W/OMXUtils( 1782): do not know color format 0x7f000789 = 2130708361
06-18 08:31:18.485 I/OMXClient( 1782): IOmx service obtained
06-18 08:31:18.485 I/OMXMaster( 1786): makeComponentInstance(OMX.google.h263.encoder) in android.hardwar process
06-18 08:31:18.486 I/SoftMPEG4Encoder( 1786): Construct SoftMPEG4Encoder
06-18 08:31:18.487 W/OMXUtils( 1782): do not know color format 0x7f000789 = 2130708361
06-18 08:31:18.487 E/OMXNodeInstance( 1786): getConfig(0xf4b18cc0:google.h263.encoder, ConfigAndroidIntraRefresh(0x6f60000a)) ERROR: Undefined(0x80001001)
06-18 08:31:18.487 E/OMXNodeInstance( 1786): getParameter(0xf4b18cc0:google.h263.encoder, ParamVideoIntraRefresh(0x6000006)) ERROR: UnsupportedIndex(0x8000101a)
06-18 08:31:18.487 D/MediaCodecInfo( 1782): detail feature-frame-parsing wasn't present to remove
06-18 08:31:18.496 I/OMXClient( 1782): IOmx service obtained
06-18 08:31:18.496 I/OMXMaster( 1786): makeComponentInstance(OMX.google.mpeg4.encoder) in android.hardwar process
06-18 08:31:18.496 I/SoftMPEG4Encoder( 1786): Construct SoftMPEG4Encoder
06-18 08:31:18.496 W/OMXUtils( 1782): do not know color format 0x7f000789 = 2130708361
06-18 08:31:18.496 E/OMXNodeInstance( 1786): getConfig(0xf4b18cc0:google.mpeg4.encoder, ConfigAndroidIntraRefresh(0x6f60000a)) ERROR: Undefined(0x80001001)
06-18 08:31:18.497 E/OMXNodeInstance( 1786): getParameter(0xf4b18cc0:google.mpeg4.encoder, ParamVideoIntraRefresh(0x6000006)) ERROR: UnsupportedIndex(0x8000101a)
06-18 08:31:18.497 D/MediaCodecInfo( 1782): detail feature-frame-parsing wasn't present to remove
06-18 08:31:18.442 I/chatty  ( 2061): uid=10119 com.google.android.gms.persistent identical 5 lines
06-18 08:31:18.442 E/ActivityThread( 2061): Failed to find provider info for com.google.android.gsf.gservices
06-18 08:31:18.517 I/SystemConfig( 2061): Adding association: com.google.android.as <- com.android.providers.contacts
06-18 08:31:18.517 I/SystemConfig( 2061): Adding association: com.google.android.as <- com.android.providers.media
06-18 08:31:18.517 I/SystemConfig( 2061): Adding association: com.google.android.as <- com.android.providers.telephony
06-18 08:31:18.517 I/SystemConfig( 2061): Adding association: com.google.android.as <- com.android.systemui
06-18 08:31:18.517 I/SystemConfig( 2061): Adding association: com.google.android.as <- com.google.android.gms
06-18 08:31:18.517 I/SystemConfig( 2061): Adding association: com.google.android.as <- com.google.android.gsf
06-18 08:31:18.520 W/SystemConfig( 2061): No directory /product_services/etc/sysconfig, skipping
06-18 08:31:18.520 W/SystemConfig( 2061): No directory /product_services/etc/permissions, skipping
06-18 08:31:18.525 I/OMXClient( 1782): IOmx service obtained
06-18 08:31:18.526 I/OMXMaster( 1786): makeComponentInstance(OMX.google.vp8.encoder) in android.hardwar process
06-18 08:31:18.531 W/OMXUtils( 1782): do not know color format 0x7f000789 = 2130708361
06-18 08:31:18.531 E/OMXNodeInstance( 1786): getConfig(0xf4b18cc0:google.vp8.encoder, ConfigAndroidIntraRefresh(0x6f60000a)) ERROR: Undefined(0x80001001)
06-18 08:31:18.531 E/OMXNodeInstance( 1786): getParameter(0xf4b18cc0:google.vp8.encoder, ParamVideoIntraRefresh(0x6000006)) ERROR: UnsupportedIndex(0x8000101a)
06-18 08:31:18.531 D/MediaCodecInfo( 1782): detail feature-frame-parsing wasn't present to remove
06-18 08:31:18.532 D/MediaCodecList( 1782): ignored a null builder
06-18 08:31:18.549 W/PackageManager( 1919): Cannot whitelist unknown permission: com.sec.android.provider.badge.permission.READ
06-18 08:31:18.549 W/PackageManager( 1919): Cannot whitelist unknown permission: com.sec.android.provider.badge.permission.WRITE
06-18 08:31:18.549 W/PackageManager( 1919): Cannot whitelist unknown permission: com.htc.launcher.permission.READ_SETTINGS
06-18 08:31:18.549 W/PackageManager( 1919): Cannot whitelist unknown permission: com.htc.launcher.permission.UPDATE_SHORTCUT
06-18 08:31:18.549 W/PackageManager( 1919): Cannot whitelist unknown permission: com.sonyericsson.home.permission.BROADCAST_BADGE
06-18 08:31:18.549 W/PackageManager( 1919): Cannot whitelist unknown permission: com.sonymobile.home.permission.PROVIDER_INSERT_BADGE
06-18 08:31:18.549 I/PackageManager( 1919): Un-granting permission android.permission.MANAGE_DOCUMENTS from package com.google.android.youtube (protectionLevel=262146 flags=0x30dbbe45)
06-18 08:31:18.554 W/PackageManager( 1919): Cannot whitelist unknown permission: com.sec.android.provider.badge.permission.READ
06-18 08:31:18.554 W/PackageManager( 1919): Cannot whitelist unknown permission: com.sec.android.provider.badge.permission.WRITE
06-18 08:31:18.554 W/PackageManager( 1919): Cannot whitelist unknown permission: com.htc.launcher.permission.READ_SETTINGS
06-18 08:31:18.554 W/PackageManager( 1919): Cannot whitelist unknown permission: com.htc.launcher.permission.UPDATE_SHORTCUT
06-18 08:31:18.554 W/PackageManager( 1919): Cannot whitelist unknown permission: com.sonyericsson.home.permission.BROADCAST_BADGE
06-18 08:31:18.554 W/PackageManager( 1919): Cannot whitelist unknown permission: com.sonymobile.home.permission.PROVIDER_INSERT_BADGE
06-18 08:31:18.560 I/PackageManager( 1919): Un-granting permission android.permission.MANAGE_DOCUMENTS from package com.google.android.youtube (protectionLevel=262146 flags=0x30dbbe45)
06-18 08:31:18.577 I/OMXClient( 1919): IOmx service obtained
06-18 08:31:18.577 I/OMXMaster( 1786): makeComponentInstance(OMX.google.vorbis.decoder) in android.hardwar process
06-18 08:31:18.588 E/OMXNodeInstance( 1786): getConfig(0xf4b18cc0:google.vorbis.decoder, ConfigAndroidVendorExtension(0x6f100004)) ERROR: Undefined(0x80001001)
06-18 08:31:18.594 W/PackageManager( 1919): Cannot whitelist unknown permission: com.google.android.launcher.permission.CONTENT_REDIRECT
06-18 08:31:18.594 W/PackageManager( 1919): Cannot whitelist unknown permission: com.google.android.voicesearch.SHORTCUTS_ACCESS
06-18 08:31:18.595 W/PackageManager( 1919): Cannot whitelist unknown permission: com.google.android.voicesearch.ACCESS_SETTINGS
06-18 08:31:18.595 W/PackageManager( 1919): Cannot whitelist unknown permission: com.android.browser.permission.PRELOAD
06-18 08:31:18.595 W/PackageManager( 1919): Cannot whitelist unknown permission: com.google.android.ears.permission.WRITE
06-18 08:31:18.595 W/PackageManager( 1919): Cannot whitelist unknown permission: com.google.googlenav.friend.permission.OPT_IN
06-18 08:31:18.595 W/PackageManager( 1919): Cannot whitelist unknown permission: com.google.android.apps.googlevoice.permission.AUTO_SEND
06-18 08:31:18.595 W/PackageManager( 1919): Cannot whitelist unknown permission: com.google.android.hangouts.START_HANGOUT
06-18 08:31:18.595 W/PackageManager( 1919): Cannot whitelist unknown permission: com.android.chrome.PRERENDER_URL
06-18 08:31:18.595 W/PackageManager( 1919): Cannot whitelist unknown permission: com.google.android.apps.gsa.nga.permissions.EDIT_PREFERENCES
06-18 08:31:18.600 W/PackageManager( 1919): Cannot whitelist unknown permission: com.google.android.launcher.permission.CONTENT_REDIRECT
06-18 08:31:18.600 W/PackageManager( 1919): Cannot whitelist unknown permission: com.google.android.voicesearch.SHORTCUTS_ACCESS
06-18 08:31:18.600 W/PackageManager( 1919): Cannot whitelist unknown permission: com.google.android.voicesearch.ACCESS_SETTINGS
06-18 08:31:18.600 W/PackageManager( 1919): Cannot whitelist unknown permission: com.android.browser.permission.PRELOAD
06-18 08:31:18.600 W/PackageManager( 1919): Cannot whitelist unknown permission: com.google.android.ears.permission.WRITE
06-18 08:31:18.600 W/PackageManager( 1919): Cannot whitelist unknown permission: com.google.googlenav.friend.permission.OPT_IN
06-18 08:31:18.600 W/PackageManager( 1919): Cannot whitelist unknown permission: com.google.android.apps.googlevoice.permission.AUTO_SEND
06-18 08:31:18.600 W/PackageManager( 1919): Cannot whitelist unknown permission: com.google.android.hangouts.START_HANGOUT
06-18 08:31:18.600 W/PackageManager( 1919): Cannot whitelist unknown permission: com.android.chrome.PRERENDER_URL
06-18 08:31:18.600 W/PackageManager( 1919): Cannot whitelist unknown permission: com.google.android.apps.gsa.nga.permissions.EDIT_PREFERENCES
06-18 08:31:18.601 W/PackageManager( 1919): Cannot whitelist unknown permission: com.google.android.launcher.permission.CONTENT_REDIRECT
06-18 08:31:18.601 W/PackageManager( 1919): Cannot whitelist unknown permission: com.google.android.voicesearch.SHORTCUTS_ACCESS
06-18 08:31:18.601 W/PackageManager( 1919): Cannot whitelist unknown permission: com.google.android.voicesearch.ACCESS_SETTINGS
06-18 08:31:18.601 W/PackageManager( 1919): Cannot whitelist unknown permission: com.android.browser.permission.PRELOAD
06-18 08:31:18.601 W/PackageManager( 1919): Cannot whitelist unknown permission: com.google.android.ears.permission.WRITE
06-18 08:31:18.601 W/PackageManager( 1919): Cannot whitelist unknown permission: com.google.googlenav.friend.permission.OPT_IN
06-18 08:31:18.601 W/PackageManager( 1919): Cannot whitelist unknown permission: com.google.android.apps.googlevoice.permission.AUTO_SEND
06-18 08:31:18.601 W/PackageManager( 1919): Cannot whitelist unknown permission: com.google.android.hangouts.START_HANGOUT
06-18 08:31:18.601 W/PackageManager( 1919): Cannot whitelist unknown permission: com.android.chrome.PRERENDER_URL
06-18 08:31:18.601 W/PackageManager( 1919): Cannot whitelist unknown permission: com.google.android.apps.gsa.nga.permissions.EDIT_PREFERENCES
06-18 08:31:18.614 W/PackageManager( 1919): Cannot whitelist unknown permission: com.google.android.launcher.permission.CONTENT_REDIRECT
06-18 08:31:18.614 W/PackageManager( 1919): Cannot whitelist unknown permission: com.google.android.voicesearch.SHORTCUTS_ACCESS
06-18 08:31:18.614 W/PackageManager( 1919): Cannot whitelist unknown permission: com.google.android.voicesearch.ACCESS_SETTINGS
06-18 08:31:18.614 W/PackageManager( 1919): Cannot whitelist unknown permission: com.android.browser.permission.PRELOAD
06-18 08:31:18.614 W/PackageManager( 1919): Cannot whitelist unknown permission: com.google.android.ears.permission.WRITE
06-18 08:31:18.614 W/PackageManager( 1919): Cannot whitelist unknown permission: com.google.googlenav.friend.permission.OPT_IN
06-18 08:31:18.614 W/PackageManager( 1919): Cannot whitelist unknown permission: com.google.android.apps.googlevoice.permission.AUTO_SEND
06-18 08:31:18.614 W/PackageManager( 1919): Cannot whitelist unknown permission: com.google.android.hangouts.START_HANGOUT
06-18 08:31:18.614 W/PackageManager( 1919): Cannot whitelist unknown permission: com.android.chrome.PRERENDER_URL
06-18 08:31:18.614 W/PackageManager( 1919): Cannot whitelist unknown permission: com.google.android.apps.gsa.nga.permissions.EDIT_PREFERENCES
06-18 08:31:18.616 W/PackageManager( 1919): Cannot whitelist unknown permission: com.google.android.launcher.permission.CONTENT_REDIRECT
06-18 08:31:18.616 W/PackageManager( 1919): Cannot whitelist unknown permission: com.google.android.voicesearch.SHORTCUTS_ACCESS
06-18 08:31:18.616 W/PackageManager( 1919): Cannot whitelist unknown permission: com.google.android.voicesearch.ACCESS_SETTINGS
06-18 08:31:18.616 W/PackageManager( 1919): Cannot whitelist unknown permission: com.android.browser.permission.PRELOAD
06-18 08:31:18.616 W/PackageManager( 1919): Cannot whitelist unknown permission: com.google.android.ears.permission.WRITE
06-18 08:31:18.616 W/PackageManager( 1919): Cannot whitelist unknown permission: com.google.googlenav.friend.permission.OPT_IN
06-18 08:31:18.617 W/PackageManager( 1919): Cannot whitelist unknown permission: com.google.android.apps.googlevoice.permission.AUTO_SEND
06-18 08:31:18.617 W/PackageManager( 1919): Cannot whitelist unknown permission: com.google.android.hangouts.START_HANGOUT
06-18 08:31:18.617 W/PackageManager( 1919): Cannot whitelist unknown permission: com.android.chrome.PRERENDER_URL
06-18 08:31:18.617 W/PackageManager( 1919): Cannot whitelist unknown permission: com.google.android.apps.gsa.nga.permissions.EDIT_PREFERENCES
06-18 08:31:18.622 W/PackageManager( 1919): Cannot whitelist unknown permission: com.google.android.launcher.permission.CONTENT_REDIRECT
06-18 08:31:18.622 W/PackageManager( 1919): Cannot whitelist unknown permission: com.google.android.voicesearch.SHORTCUTS_ACCESS
06-18 08:31:18.622 W/PackageManager( 1919): Cannot whitelist unknown permission: com.google.android.voicesearch.ACCESS_SETTINGS
06-18 08:31:18.622 W/PackageManager( 1919): Cannot whitelist unknown permission: com.android.browser.permission.PRELOAD
06-18 08:31:18.622 W/PackageManager( 1919): Cannot whitelist unknown permission: com.google.android.ears.permission.WRITE
06-18 08:31:18.622 W/PackageManager( 1919): Cannot whitelist unknown permission: com.google.googlenav.friend.permission.OPT_IN
06-18 08:31:18.622 W/PackageManager( 1919): Cannot whitelist unknown permission: com.google.android.apps.googlevoice.permission.AUTO_SEND
06-18 08:31:18.622 W/PackageManager( 1919): Cannot whitelist unknown permission: com.google.android.hangouts.START_HANGOUT
06-18 08:31:18.622 W/PackageManager( 1919): Cannot whitelist unknown permission: com.android.chrome.PRERENDER_URL
06-18 08:31:18.622 W/PackageManager( 1919): Cannot whitelist unknown permission: com.google.android.apps.gsa.nga.permissions.EDIT_PREFERENCES
06-18 08:31:18.627 I/PackageManager( 1919): Un-granting permission com.google.android.googleapps.permission.GOOGLE_AUTH from package com.android.providers.calendar (protectionLevel=2 flags=0x30883e45)
06-18 08:31:18.628 I/PackageManager( 1919): Un-granting permission com.google.android.googleapps.permission.GOOGLE_AUTH.cl from package com.android.providers.calendar (protectionLevel=2 flags=0x30883e45)
06-18 08:31:18.629 I/PackageManager( 1919): Un-granting permission com.google.android.googleapps.permission.GOOGLE_AUTH from package com.android.providers.calendar (protectionLevel=2 flags=0x30883e45)
06-18 08:31:18.629 I/PackageManager( 1919): Un-granting permission com.google.android.googleapps.permission.GOOGLE_AUTH.cl from package com.android.providers.calendar (protectionLevel=2 flags=0x30883e45)
06-18 08:31:18.637 I/PackageManager( 1919): Un-granting permission android.permission.WRITE_SECURE_SETTINGS from package com.google.android.apps.enterprise.dmagent (protectionLevel=50 flags=0x30883e05)
06-18 08:31:18.637 I/PackageManager( 1919): Un-granting permission android.permission.CONNECTIVITY_INTERNAL from package com.google.android.apps.enterprise.dmagent (protectionLevel=18 flags=0x30883e05)
06-18 08:31:18.637 I/PackageManager( 1919): Un-granting permission android.permission.MANAGE_USB from package com.google.android.apps.enterprise.dmagent (protectionLevel=18 flags=0x30883e05)
06-18 08:31:18.637 I/PackageManager( 1919): Un-granting permission android.permission.CHANGE_COMPONENT_ENABLED_STATE from package com.google.android.apps.enterprise.dmagent (protectionLevel=18 flags=0x30883e05)
06-18 08:31:18.637 I/PackageManager( 1919): Un-granting permission android.permission.MANAGE_CA_CERTIFICATES from package com.google.android.apps.enterprise.dmagent (protectionLevel=18 flags=0x30883e05)
06-18 08:31:18.637 I/PackageManager( 1919): Un-granting permission android.permission.MANAGE_USERS from package com.google.android.apps.enterprise.dmagent (protectionLevel=18 flags=0x30883e05)
06-18 08:31:18.642 W/PackageManager( 1919): Cannot whitelist unknown permission: com.google.android.ims.LOG_ACCESS
06-18 08:31:18.642 W/PackageManager( 1919): Cannot whitelist unknown permission: com.cequint.ecid.CALLER_ID_EXTERNAL_LOOKUP_SMS
06-18 08:31:18.642 W/PackageManager( 1919): Cannot whitelist unknown permission: com.sec.android.provider.badge.permission.READ
06-18 08:31:18.642 W/PackageManager( 1919): Cannot whitelist unknown permission: com.sec.android.provider.badge.permission.WRITE
06-18 08:31:18.642 W/PackageManager( 1919): Cannot whitelist unknown permission: com.htc.launcher.permission.READ_SETTINGS
06-18 08:31:18.642 W/PackageManager( 1919): Cannot whitelist unknown permission: com.htc.launcher.permission.UPDATE_SHORTCUT
06-18 08:31:18.642 W/PackageManager( 1919): Cannot whitelist unknown permission: com.sonyericsson.home.permission.BROADCAST_BADGE
06-18 08:31:18.642 W/PackageManager( 1919): Cannot whitelist unknown permission: com.sonymobile.home.permission.PROVIDER_INSERT_BADGE
06-18 08:31:18.642 W/PackageManager( 1919): Cannot whitelist unknown permission: com.sonymobile.launcher.permission.PROVIDER_INSERT_BADGE
06-18 08:31:18.642 W/PackageManager( 1919): Cannot whitelist unknown permission: com.anddoes.launcher.permission.UPDATE_COUNT
06-18 08:31:18.642 W/PackageManager( 1919): Cannot whitelist unknown permission: com.majeur.launcher.permission.UPDATE_BADGE
06-18 08:31:18.642 W/PackageManager( 1919): Cannot whitelist unknown permission: com.huawei.android.launcher.permission.CHANGE_BADGE
06-18 08:31:18.642 W/PackageManager( 1919): Cannot whitelist unknown permission: com.huawei.android.launcher.permission.READ_SETTINGS
06-18 08:31:18.642 W/PackageManager( 1919): Cannot whitelist unknown permission: com.huawei.android.launcher.permission.WRITE_SETTINGS
06-18 08:31:18.642 W/PackageManager( 1919): Cannot whitelist unknown permission: android.permission.READ_APP_BADGE
06-18 08:31:18.642 W/PackageManager( 1919): Cannot whitelist unknown permission: com.oppo.launcher.permission.READ_SETTINGS
06-18 08:31:18.642 W/PackageManager( 1919): Cannot whitelist unknown permission: com.oppo.launcher.permission.WRITE_SETTINGS
06-18 08:31:18.642 I/PackageManager( 1919): Un-granting permission com.google.android.setupwizard.READ_DEVICE_ORIGIN from package com.google.android.apps.messaging (protectionLevel=18 flags=0x38cbbe45)
06-18 08:31:18.643 W/PackageManager( 1919): Cannot whitelist unknown permission: com.google.android.ims.LOG_ACCESS
06-18 08:31:18.643 W/PackageManager( 1919): Cannot whitelist unknown permission: com.cequint.ecid.CALLER_ID_EXTERNAL_LOOKUP_SMS
06-18 08:31:18.643 W/PackageManager( 1919): Cannot whitelist unknown permission: com.sec.android.provider.badge.permission.READ
06-18 08:31:18.643 W/PackageManager( 1919): Cannot whitelist unknown permission: com.sec.android.provider.badge.permission.WRITE
06-18 08:31:18.643 W/PackageManager( 1919): Cannot whitelist unknown permission: com.htc.launcher.permission.READ_SETTINGS
06-18 08:31:18.643 W/PackageManager( 1919): Cannot whitelist unknown permission: com.htc.launcher.permission.UPDATE_SHORTCUT
06-18 08:31:18.643 W/PackageManager( 1919): Cannot whitelist unknown permission: com.sonyericsson.home.permission.BROADCAST_BADGE
06-18 08:31:18.643 W/PackageManager( 1919): Cannot whitelist unknown permission: com.sonymobile.home.permission.PROVIDER_INSERT_BADGE
06-18 08:31:18.643 W/PackageManager( 1919): Cannot whitelist unknown permission: com.sonymobile.launcher.permission.PROVIDER_INSERT_BADGE
06-18 08:31:18.643 W/PackageManager( 1919): Cannot whitelist unknown permission: com.anddoes.launcher.permission.UPDATE_COUNT
06-18 08:31:18.643 W/PackageManager( 1919): Cannot whitelist unknown permission: com.majeur.launcher.permission.UPDATE_BADGE
06-18 08:31:18.643 W/PackageManager( 1919): Cannot whitelist unknown permission: com.huawei.android.launcher.permission.CHANGE_BADGE
06-18 08:31:18.643 W/PackageManager( 1919): Cannot whitelist unknown permission: com.huawei.android.launcher.permission.READ_SETTINGS
06-18 08:31:18.643 W/PackageManager( 1919): Cannot whitelist unknown permission: com.huawei.android.launcher.permission.WRITE_SETTINGS
06-18 08:31:18.643 W/PackageManager( 1919): Cannot whitelist unknown permission: android.permission.READ_APP_BADGE
06-18 08:31:18.643 W/PackageManager( 1919): Cannot whitelist unknown permission: com.oppo.launcher.permission.READ_SETTINGS
06-18 08:31:18.643 W/PackageManager( 1919): Cannot whitelist unknown permission: com.oppo.launcher.permission.WRITE_SETTINGS
06-18 08:31:18.643 I/PackageManager( 1919): Un-granting permission com.google.android.setupwizard.READ_DEVICE_ORIGIN from package com.google.android.apps.messaging (protectionLevel=18 flags=0x38cbbe45)
06-18 08:31:18.644 W/PackageManager( 1919): Cannot whitelist unknown permission: com.google.android.ims.LOG_ACCESS
06-18 08:31:18.644 W/PackageManager( 1919): Cannot whitelist unknown permission: com.cequint.ecid.CALLER_ID_EXTERNAL_LOOKUP_SMS
06-18 08:31:18.645 W/PackageManager( 1919): Cannot whitelist unknown permission: com.sec.android.provider.badge.permission.READ
06-18 08:31:18.645 W/PackageManager( 1919): Cannot whitelist unknown permission: com.sec.android.provider.badge.permission.WRITE
06-18 08:31:18.645 W/PackageManager( 1919): Cannot whitelist unknown permission: com.htc.launcher.permission.READ_SETTINGS
06-18 08:31:18.645 W/PackageManager( 1919): Cannot whitelist unknown permission: com.htc.launcher.permission.UPDATE_SHORTCUT
06-18 08:31:18.645 W/PackageManager( 1919): Cannot whitelist unknown permission: com.sonyericsson.home.permission.BROADCAST_BADGE
06-18 08:31:18.645 W/PackageManager( 1919): Cannot whitelist unknown permission: com.sonymobile.home.permission.PROVIDER_INSERT_BADGE
06-18 08:31:18.645 W/PackageManager( 1919): Cannot whitelist unknown permission: com.sonymobile.launcher.permission.PROVIDER_INSERT_BADGE
06-18 08:31:18.645 W/PackageManager( 1919): Cannot whitelist unknown permission: com.anddoes.launcher.permission.UPDATE_COUNT
06-18 08:31:18.645 W/PackageManager( 1919): Cannot whitelist unknown permission: com.majeur.launcher.permission.UPDATE_BADGE
06-18 08:31:18.645 W/PackageManager( 1919): Cannot whitelist unknown permission: com.huawei.android.launcher.permission.CHANGE_BADGE
06-18 08:31:18.645 W/PackageManager( 1919): Cannot whitelist unknown permission: com.huawei.android.launcher.permission.READ_SETTINGS
06-18 08:31:18.645 W/PackageManager( 1919): Cannot whitelist unknown permission: com.huawei.android.launcher.permission.WRITE_SETTINGS
06-18 08:31:18.645 W/PackageManager( 1919): Cannot whitelist unknown permission: android.permission.READ_APP_BADGE
06-18 08:31:18.645 W/PackageManager( 1919): Cannot whitelist unknown permission: com.oppo.launcher.permission.READ_SETTINGS
06-18 08:31:18.645 W/PackageManager( 1919): Cannot whitelist unknown permission: com.oppo.launcher.permission.WRITE_SETTINGS
06-18 08:31:18.645 I/PackageManager( 1919): Un-granting permission com.google.android.setupwizard.READ_DEVICE_ORIGIN from package com.google.android.apps.messaging (protectionLevel=18 flags=0x38cbbe45)
06-18 08:31:18.646 W/PackageManager( 1919): Cannot whitelist unknown permission: com.google.android.ims.LOG_ACCESS
06-18 08:31:18.646 W/PackageManager( 1919): Cannot whitelist unknown permission: com.cequint.ecid.CALLER_ID_EXTERNAL_LOOKUP_SMS
06-18 08:31:18.646 W/PackageManager( 1919): Cannot whitelist unknown permission: com.sec.android.provider.badge.permission.READ
06-18 08:31:18.646 W/PackageManager( 1919): Cannot whitelist unknown permission: com.sec.android.provider.badge.permission.WRITE
06-18 08:31:18.646 W/PackageManager( 1919): Cannot whitelist unknown permission: com.htc.launcher.permission.READ_SETTINGS
06-18 08:31:18.646 W/PackageManager( 1919): Cannot whitelist unknown permission: com.htc.launcher.permission.UPDATE_SHORTCUT
06-18 08:31:18.646 W/PackageManager( 1919): Cannot whitelist unknown permission: com.sonyericsson.home.permission.BROADCAST_BADGE
06-18 08:31:18.646 W/PackageManager( 1919): Cannot whitelist unknown permission: com.sonymobile.home.permission.PROVIDER_INSERT_BADGE
06-18 08:31:18.646 W/PackageManager( 1919): Cannot whitelist unknown permission: com.sonymobile.launcher.permission.PROVIDER_INSERT_BADGE
06-18 08:31:18.646 W/PackageManager( 1919): Cannot whitelist unknown permission: com.anddoes.launcher.permission.UPDATE_COUNT
06-18 08:31:18.646 W/PackageManager( 1919): Cannot whitelist unknown permission: com.majeur.launcher.permission.UPDATE_BADGE
06-18 08:31:18.646 W/PackageManager( 1919): Cannot whitelist unknown permission: com.huawei.android.launcher.permission.CHANGE_BADGE
06-18 08:31:18.646 W/PackageManager( 1919): Cannot whitelist unknown permission: com.huawei.android.launcher.permission.READ_SETTINGS
06-18 08:31:18.646 W/PackageManager( 1919): Cannot whitelist unknown permission: com.huawei.android.launcher.permission.WRITE_SETTINGS
06-18 08:31:18.646 W/PackageManager( 1919): Cannot whitelist unknown permission: android.permission.READ_APP_BADGE
06-18 08:31:18.646 W/PackageManager( 1919): Cannot whitelist unknown permission: com.oppo.launcher.permission.READ_SETTINGS
06-18 08:31:18.646 W/PackageManager( 1919): Cannot whitelist unknown permission: com.oppo.launcher.permission.WRITE_SETTINGS
06-18 08:31:18.646 I/PackageManager( 1919): Un-granting permission com.google.android.setupwizard.READ_DEVICE_ORIGIN from package com.google.android.apps.messaging (protectionLevel=18 flags=0x38cbbe45)
06-18 08:31:18.647 W/PackageManager( 1919): Cannot whitelist unknown permission: com.google.android.ims.LOG_ACCESS
06-18 08:31:18.647 W/PackageManager( 1919): Cannot whitelist unknown permission: com.cequint.ecid.CALLER_ID_EXTERNAL_LOOKUP_SMS
06-18 08:31:18.647 W/PackageManager( 1919): Cannot whitelist unknown permission: com.sec.android.provider.badge.permission.READ
06-18 08:31:18.647 W/PackageManager( 1919): Cannot whitelist unknown permission: com.sec.android.provider.badge.permission.WRITE
06-18 08:31:18.647 W/PackageManager( 1919): Cannot whitelist unknown permission: com.htc.launcher.permission.READ_SETTINGS
06-18 08:31:18.647 W/PackageManager( 1919): Cannot whitelist unknown permission: com.htc.launcher.permission.UPDATE_SHORTCUT
06-18 08:31:18.647 W/PackageManager( 1919): Cannot whitelist unknown permission: com.sonyericsson.home.permission.BROADCAST_BADGE
06-18 08:31:18.647 W/PackageManager( 1919): Cannot whitelist unknown permission: com.sonymobile.home.permission.PROVIDER_INSERT_BADGE
06-18 08:31:18.647 W/PackageManager( 1919): Cannot whitelist unknown permission: com.sonymobile.launcher.permission.PROVIDER_INSERT_BADGE
06-18 08:31:18.647 W/PackageManager( 1919): Cannot whitelist unknown permission: com.anddoes.launcher.permission.UPDATE_COUNT
06-18 08:31:18.647 W/PackageManager( 1919): Cannot whitelist unknown permission: com.majeur.launcher.permission.UPDATE_BADGE
06-18 08:31:18.647 W/PackageManager( 1919): Cannot whitelist unknown permission: com.huawei.android.launcher.permission.CHANGE_BADGE
06-18 08:31:18.647 W/PackageManager( 1919): Cannot whitelist unknown permission: com.huawei.android.launcher.permission.READ_SETTINGS
06-18 08:31:18.647 W/PackageManager( 1919): Cannot whitelist unknown permission: com.huawei.android.launcher.permission.WRITE_SETTINGS
06-18 08:31:18.647 W/PackageManager( 1919): Cannot whitelist unknown permission: android.permission.READ_APP_BADGE
06-18 08:31:18.647 W/PackageManager( 1919): Cannot whitelist unknown permission: com.oppo.launcher.permission.READ_SETTINGS
06-18 08:31:18.647 W/PackageManager( 1919): Cannot whitelist unknown permission: com.oppo.launcher.permission.WRITE_SETTINGS
06-18 08:31:18.647 I/PackageManager( 1919): Un-granting permission com.google.android.setupwizard.READ_DEVICE_ORIGIN from package com.google.android.apps.messaging (protectionLevel=18 flags=0x38cbbe45)
06-18 08:31:18.649 W/PackageManager( 1919): Cannot whitelist unknown permission: com.google.android.ims.LOG_ACCESS
06-18 08:31:18.649 W/PackageManager( 1919): Cannot whitelist unknown permission: com.cequint.ecid.CALLER_ID_EXTERNAL_LOOKUP_SMS
06-18 08:31:18.649 W/PackageManager( 1919): Cannot whitelist unknown permission: com.sec.android.provider.badge.permission.READ
06-18 08:31:18.649 W/PackageManager( 1919): Cannot whitelist unknown permission: com.sec.android.provider.badge.permission.WRITE
06-18 08:31:18.649 W/PackageManager( 1919): Cannot whitelist unknown permission: com.htc.launcher.permission.READ_SETTINGS
06-18 08:31:18.649 W/PackageManager( 1919): Cannot whitelist unknown permission: com.htc.launcher.permission.UPDATE_SHORTCUT
06-18 08:31:18.649 W/PackageManager( 1919): Cannot whitelist unknown permission: com.sonyericsson.home.permission.BROADCAST_BADGE
