06-18 08:31:11.201 I/statsd  ( 1783): Statsd starts to listen to socket.
06-18 08:31:11.212 D/libEGL  ( 1739): loaded /vendor/lib64/egl/libEGL_emulation.so
06-18 08:31:11.213 D/libEGL  ( 1739): loaded /vendor/lib64/egl/libGLESv1_CM_emulation.so
06-18 08:31:11.214 D/libEGL  ( 1739): loaded /vendor/lib64/egl/libGLESv2_emulation.so
06-18 08:31:11.219 D/HostConnection( 1739): HostConnection::get() New Host Connection established 0x71987f7405a0, tid 1739
06-18 08:31:11.222 D/HostConnection( 1739): HostComposition ext ANDROID_EMU_CHECKSUM_HELPER_v1 ANDROID_EMU_native_sync_v2 ANDROID_EMU_dma_v1 ANDROID_EMU_direct_mem ANDROID_EMU_host_composition_v1 ANDROID_EMU_host_composition_v2 ANDROID_EMU_vulkan ANDROID_EMU_deferred_vulkan_commands ANDROID_EMU_vulkan_null_optional_strings ANDROID_EMU_vulkan_create_resources_with_requirements ANDROID_EMU_YUV_Cache ANDROID_EMU_vulkan_ignored_handles ANDROID_EMU_vulkan_free_memory_sync ANDROID_EMU_vulkan_shader_float16_int8 ANDROID_EMU_vulkan_async_queue_submit ANDROID_EMU_sync_buffer_data ANDROID_EMU_vulkan_async_qsri ANDROID_EMU_hwc_color_transform GL_OES_EGL_image_external_essl3 GL_OES_vertex_array_object GL_KHR_texture_compression_astc_ldr ANDROID_EMU_host_side_tracing ANDROID_EMU_gles_max_version_3_0 
06-18 08:31:11.237 I/hwservicemanager( 1566): getTransport: Cannot find entry android.hardware.keymaster@4.0::IKeymasterDevice/default in either framework or device manifest.
06-18 08:31:11.237 I//system/bin/tombstoned( 1795): tombstoned successfully initialized
06-18 08:31:11.238 I/keystore( 1777): found android.hardware.keymaster@3.0::IKeymasterDevice with interface name default and seclevel SOFTWARE
06-18 08:31:11.238 W/keystore( 1777): No secure Keymaster implementation found, but device offers insecure Keymaster HAL. Using as default.
06-18 08:31:11.253 I/RenderEngine( 1739): EGL information:
06-18 08:31:11.253 I/RenderEngine( 1739): vendor    : Android
06-18 08:31:11.253 I/RenderEngine( 1739): version   : 1.4 Android META-EGL
06-18 08:31:11.253 I/RenderEngine( 1739): extensions: EGL_KHR_get_all_proc_addresses EGL_ANDROID_presentation_time EGL_KHR_swap_buffers_with_damage EGL_ANDROID_get_native_client_buffer EGL_ANDROID_front_buffer_auto_refresh EGL_ANDROID_get_frame_timestamps EGL_EXT_surface_SMPTE2086_metadata EGL_EXT_surface_CTA861_3_metadata EGL_KHR_image EGL_KHR_image_base EGL_KHR_gl_texture_2D_image EGL_KHR_fence_sync EGL_KHR_create_context EGL_ANDROID_image_native_buffer EGL_ANDROID_recordable 
06-18 08:31:11.253 I/RenderEngine( 1739): Client API: OpenGL_ES
06-18 08:31:11.253 I/RenderEngine( 1739): EGLSurface: 8-8-8-8, config=0x5
06-18 08:31:11.254 D/EGL_emulation( 1739): eglCreateContext: 0x71987f740640: maj 3 min 0 rcv 3
06-18 08:31:11.255 D/EGL_emulation( 1739): eglMakeCurrent: 0x71987f740640: ver 3 0 (tinfo 0x71987f72ffa0)
06-18 08:31:11.259 I/RenderEngine( 1739): OpenGL ES informations:
06-18 08:31:11.259 I/RenderEngine( 1739): vendor    : Google (Google Inc.)
06-18 08:31:11.259 I/RenderEngine( 1739): renderer  : Android Emulator OpenGL ES Translator (Google SwiftShader)
06-18 08:31:11.259 I/RenderEngine( 1739): version   : OpenGL ES 3.0 (OpenGL ES 3.0 SwiftShader 4.0.0.1)
06-18 08:31:11.259 I/RenderEngine( 1739): extensions: GL_EXT_debug_marker GL_EXT_robustness GL_OES_EGL_sync GL_OES_EGL_image GL_OES_EGL_image_external GL_OES_depth24 GL_OES_depth32 GL_OES_element_index_uint GL_OES_texture_float GL_OES_texture_float_linear GL_OES_compressed_paletted_texture GL_OES_compressed_ETC1_RGB8_texture GL_OES_depth_texture GL_OES_texture_half_float GL_OES_texture_half_float_linear GL_OES_packed_depth_stencil GL_OES_vertex_half_float GL_OES_standard_derivatives GL_OES_texture_npot GL_OES_rgb8_rgba8 GL_EXT_color_buffer_float GL_EXT_color_buffer_half_float GL_EXT_texture_format_BGRA8888 GL_APPLE_texture_format_BGRA8888 ANDROID_EMU_CHECKSUM_HELPER_v1 ANDROID_EMU_native_sync_v2 ANDROID_EMU_dma_v1 ANDROID_EMU_direct_mem ANDROID_EMU_host_composition_v1 ANDROID_EMU_host_composition_v2 ANDROID_EMU_vulkan ANDROID_EMU_deferred_vulkan_commands ANDROID_EMU_vulkan_null_optional_strings ANDROID_EMU_vulkan_create_resources_with_requirements ANDROID_EMU_YUV_Cache ANDROID_EMU_vulkan_ignored_handles ANDROID_EMU_vulkan_free_memory_sync ANDROID_EM
06-18 08:31:11.260 I/RenderEngine( 1739): GL_MAX_TEXTURE_SIZE = 8192
06-18 08:31:11.260 I/RenderEngine( 1739): GL_MAX_VIEWPORT_DIMS = 8192
06-18 08:31:11.260 I/hwservicemanager( 1566): getTransport: Cannot find entry android.hardware.graphics.mapper@3.0::IMapper/default in either framework or device manifest.
06-18 08:31:11.260 D/ComposerHal( 1719): failed to get mapper 3.0 service, falling back to mapper 2.0
06-18 08:31:11.261 I/HWComposer( 1739): Switching to legacy multi-display mode
06-18 08:31:11.272 I/ServiceManagement( 1777): Registered android.system.wifi.keystore@1.0::IKeystore/default (start delay of 408ms)
06-18 08:31:11.274 I/ServiceManager( 1784): Waiting for service 'package_native' on '/dev/binder'...
06-18 08:31:11.294 I/hwservicemanager( 1566): getTransport: Cannot find entry android.hardware.graphics.mapper@3.0::IMapper/default in either framework or device manifest.
06-18 08:31:11.297 W/Gralloc3( 1739): mapper 3.x is not supported
06-18 08:31:11.303 I/hwservicemanager( 1566): getTransport: Cannot find entry android.hardware.graphics.allocator@3.0::IAllocator/default in either framework or device manifest.
06-18 08:31:11.304 W/Gralloc3( 1739): allocator 3.x is not supported
06-18 08:31:11.305 I/livelock( 1823): started
06-18 08:31:11.305 W/livelock( 1823): [khungtaskd] not configurable
06-18 08:31:11.308 I/livelock( 1823): ro.config.low_ram=false
06-18 08:31:11.308 I/livelock( 1823): ro.llk.sysrq_t=true
06-18 08:31:11.308 I/livelock( 1823): ro.llk.enable=true
06-18 08:31:11.308 I/livelock( 1823): ro.khungtask.enable=true
06-18 08:31:11.308 I/livelock( 1823): ro.llk.mlockall=true
06-18 08:31:11.308 I/livelock( 1823): ro.llk.killtest=true
06-18 08:31:11.308 I/livelock( 1823): ro.khungtask.timeout=720s
06-18 08:31:11.308 I/livelock( 1823): ro.llk.timeout_ms=600.000s
06-18 08:31:11.308 I/livelock( 1823): ro.llk.D.timeout_ms=600.000s
06-18 08:31:11.308 I/livelock( 1823): ro.llk.Z.timeout_ms=600.000s
06-18 08:31:11.308 I/livelock( 1823): ro.llk.stack.timeout_ms=600.000s
06-18 08:31:11.308 I/livelock( 1823): ro.llk.check_ms=120.000s
06-18 08:31:11.308 I/livelock( 1823): ro.llk.stack=wait_on_page_bit_killable,bit_wait_io,__get_user_pages,cma_alloc
06-18 08:31:11.308 I/livelock( 1823): ro.llk.blacklist.process.stack=llkd,lmkd.llkd,apexd,ueventd,keystore,init
06-18 08:31:11.308 I/livelock( 1823): ro.llk.blacklist.process=[watchdog/1],[watchdogd/0],2,[watchdogd],llkd,lmkd,[khungtaskd],[kthreadd],init,watchdogd,1823,1,0
06-18 08:31:11.308 I/livelock( 1823): ro.llk.blacklist.parent=[kthreadd],2,0,adbd&[setsid]
06-18 08:31:11.308 I/livelock( 1823): ro.llk.blacklist.uid=
06-18 08:31:11.315 D/gralloc_ranchu( 1714): gralloc_alloc: Creating ashmem region of size 823296
06-18 08:31:11.315 D/HostConnection( 1739): createUnique: call
06-18 08:31:11.316 D/HostConnection( 1739): HostConnection::get() New Host Connection established 0x71987f740e60, tid 1739
06-18 08:31:11.316 D/HostConnection( 1739): HostComposition ext ANDROID_EMU_CHECKSUM_HELPER_v1 ANDROID_EMU_native_sync_v2 ANDROID_EMU_dma_v1 ANDROID_EMU_direct_mem ANDROID_EMU_host_composition_v1 ANDROID_EMU_host_composition_v2 ANDROID_EMU_vulkan ANDROID_EMU_deferred_vulkan_commands ANDROID_EMU_vulkan_null_optional_strings ANDROID_EMU_vulkan_create_resources_with_requirements ANDROID_EMU_YUV_Cache ANDROID_EMU_vulkan_ignored_handles ANDROID_EMU_vulkan_free_memory_sync ANDROID_EMU_vulkan_shader_float16_int8 ANDROID_EMU_vulkan_async_queue_submit ANDROID_EMU_sync_buffer_data ANDROID_EMU_vulkan_async_qsri ANDROID_EMU_hwc_color_transform GL_OES_EGL_image_external_essl3 GL_OES_vertex_array_object GL_KHR_texture_compression_astc_ldr ANDROID_EMU_host_side_tracing ANDROID_EMU_gles_max_version_3_0 
06-18 08:31:11.316 D/eglCodecCommon( 1739): allocate: Ask for block of size 0x1000
06-18 08:31:11.316 D/eglCodecCommon( 1739): allocate: ioctl allocate returned offset 0x3ffffa000 size 0x2000
06-18 08:31:11.317 D/gralloc_ranchu( 1714): gralloc_alloc: Creating ashmem region of size 823296
06-18 08:31:11.317 D/gralloc_ranchu( 1714): gralloc_alloc: Creating ashmem region of size 823296
06-18 08:31:11.328 I/mediaserver( 1779): ServiceManager: 0xed776740
06-18 08:31:11.349 I/ServiceManagement( 1787): Registered android.hardware.radio@1.1::IRadio/slot1 (start delay of 425ms)
06-18 08:31:11.349 I/ServiceManagement( 1787): Registered android.hardware.radio.deprecated@1.0::IOemHook/slot1 (start delay of 425ms)
06-18 08:31:11.376 I/mediametrics( 1781): ServiceManager: 0x7e110925a280
06-18 08:31:11.376 D/MediaAnalyticsService( 1781): MediaAnalyticsService created
06-18 08:31:11.382 I/ServiceManager( 1784): Waiting for service 'package_native' on '/dev/binder'...
06-18 08:31:11.402 V/MediaUtils( 1780): physMem: 2089566208
06-18 08:31:11.402 V/MediaUtils( 1780): requested limit: 417913240
06-18 08:31:11.402 I/libc    ( 1780): malloc_limit: Allocation limit enabled, max size 417913240 bytes
06-18 08:31:11.441 D/AndroidRuntime( 1688): >>>>>> START com.android.internal.os.ZygoteInit uid 0 <<<<<<
06-18 08:31:11.465 W//system/bin/mediaextractor( 1780): Could not read additional policy file '/vendor/etc/seccomp_policy/mediaextractor.policy'
06-18 08:31:11.465 W//system/bin/mediaextractor( 1780): libminijail[1780]: failed to get path of fd 4: No such file or directory
06-18 08:31:11.465 W//system/bin/mediaextractor( 1780): libminijail[1780]: allowing syscall: socket
06-18 08:31:11.465 W//system/bin/mediaextractor( 1780): libminijail[1780]: allowing syscall: connect
06-18 08:31:11.465 W//system/bin/mediaextractor( 1780): libminijail[1780]: allowing syscall: fcntl
06-18 08:31:11.465 W//system/bin/mediaextractor( 1780): libminijail[1780]: allowing syscall: writev
06-18 08:31:11.473 I/hwservicemanager( 1566): getTransport: Cannot find entry android.hardware.audio@5.0::IDevicesFactory/default in either framework or device manifest.
06-18 08:31:11.475 I/media.codec( 1786): mediacodecservice starting
06-18 08:31:11.478 E/audiohalservice( 1704): Could not get passthrough implementation for android.hardware.audio@5.0::IDevicesFactory/default.
06-18 08:31:11.479 W//system/bin/mediaextractor( 1780): libminijail[1780]: logging seccomp filter failures
06-18 08:31:11.480 W/media.codec( 1786): Could not read additional policy file '/vendor/etc/seccomp_policy/mediacodec.policy'
06-18 08:31:11.480 W/media.codec( 1786): libminijail[1786]: failed to get path of fd 4: No such file or directory
06-18 08:31:11.480 W/media.codec( 1786): libminijail[1786]: allowing syscall: socketcall
06-18 08:31:11.480 W/media.codec( 1786): libminijail[1786]: allowing syscall: writev
06-18 08:31:11.480 W/media.codec( 1786): libminijail[1786]: allowing syscall: fcntl64
06-18 08:31:11.480 W/media.codec( 1786): libminijail[1786]: allowing syscall: clock_gettime
06-18 08:31:11.480 W/media.codec( 1786): libminijail[1786]: compile_file: <fd>(34): nonexistent syscall 'newfstatat'
06-18 08:31:11.481 I/ServiceManagement( 1704): Registered android.hardware.audio@4.0::IDevicesFactory/default (start delay of 1227ms)
06-18 08:31:11.481 I/ServiceManagement( 1704): Removing namespace from process name android.hardware.audio@2.0-service to audio@2.0-service.
06-18 08:31:11.481 I/audiohalservice( 1704): Registration complete for android.hardware.audio@4.0::IDevicesFactory/default.
06-18 08:31:11.481 I/hwservicemanager( 1566): getTransport: Cannot find entry android.hardware.audio.effect@5.0::IEffectsFactory/default in either framework or device manifest.
06-18 08:31:11.481 E/audiohalservice( 1704): Could not get passthrough implementation for android.hardware.audio.effect@5.0::IEffectsFactory/default.
06-18 08:31:11.482 W/media.codec( 1786): libminijail[1786]: logging seccomp filter failures
06-18 08:31:11.490 D/AndroidRuntime( 1689): >>>>>> START com.android.internal.os.ZygoteInit uid 0 <<<<<<
06-18 08:31:11.517 I/ServiceManager( 1784): Waiting for service 'package_native' on '/dev/binder'...
06-18 08:31:11.549 D/RenderEngine( 1739): shader cache generated - 48 shaders in 230.762161 ms
06-18 08:31:11.549 D/GoldfishOMXPlugin( 1786): called createOMXPlugin for Goldfish
06-18 08:31:11.549 D/GoldfishOMXPlugin( 1786): useAndroidGoldfishComponentInstance 73 found prop ro.kernel.qemu.hwcodec.vpxdec val 2
06-18 08:31:11.549 D/GoldfishOMXPlugin( 1786): found and use kComponents[i].name OMX.android.goldfish.vp8.decoder
06-18 08:31:11.549 D/GoldfishOMXPlugin( 1786): useAndroidGoldfishComponentInstance 73 found prop ro.kernel.qemu.hwcodec.vpxdec val 2
06-18 08:31:11.549 D/GoldfishOMXPlugin( 1786): found and use kComponents[i].name OMX.android.goldfish.vp9.decoder
06-18 08:31:11.549 D/GoldfishOMXPlugin( 1786): useAndroidGoldfishComponentInstance 73 found prop ro.kernel.qemu.hwcodec.avcdec val 2
06-18 08:31:11.549 D/GoldfishOMXPlugin( 1786): found and use kComponents[i].name OMX.android.goldfish.h264.decoder
06-18 08:31:11.549 D/GoldfishOMXPlugin( 1786): enumerate OMX.android.goldfish.vp8.decoder component
06-18 08:31:11.549 D/GoldfishOMXPlugin( 1786): enumerate OMX.android.goldfish.vp9.decoder component
06-18 08:31:11.549 D/GoldfishOMXPlugin( 1786): enumerate OMX.android.goldfish.h264.decoder component
06-18 08:31:11.550 I/ServiceManagement( 1739): Registered android.frameworks.displayservice@1.0::IDisplayService/default (start delay of 1087ms)
06-18 08:31:11.551 D/SurfaceFlinger( 1739): Setting power mode 2 on display 0
06-18 08:31:11.551 D/SurfaceFlinger( 1739): Finished setting power mode 2 on display 0
06-18 08:31:11.552 I/SoftOMXPlugin( 1786): createOMXPlugin
06-18 08:31:11.554 D/MediaCodecsXmlParser( 1786): parsing /vendor/etc/media_codecs.xml...
06-18 08:31:11.556 I/AndroidRuntime( 1688): Using default boot image
06-18 08:31:11.556 I/AndroidRuntime( 1688): Leaving lock profiling enabled
06-18 08:31:11.556 I/ServiceManagement( 1704): Registered android.hardware.audio.effect@4.0::IEffectsFactory/default (start delay of 1303ms)
06-18 08:31:11.556 I/audiohalservice( 1704): Registration complete for android.hardware.audio.effect@4.0::IEffectsFactory/default.
06-18 08:31:11.556 I/hwservicemanager( 1566): getTransport: Cannot find entry android.hardware.soundtrigger@2.2::ISoundTriggerHw/default in either framework or device manifest.
06-18 08:31:11.557 E/audiohalservice( 1704): Could not get passthrough implementation for android.hardware.soundtrigger@2.2::ISoundTriggerHw/default.
06-18 08:31:11.557 I/hwservicemanager( 1566): getTransport: Cannot find entry android.hardware.soundtrigger@2.1::ISoundTriggerHw/default in either framework or device manifest.
06-18 08:31:11.557 E/audiohalservice( 1704): Could not get passthrough implementation for android.hardware.soundtrigger@2.1::ISoundTriggerHw/default.
06-18 08:31:11.557 I/hwservicemanager( 1566): getTransport: Cannot find entry android.hardware.soundtrigger@2.0::ISoundTriggerHw/default in either framework or device manifest.
06-18 08:31:11.558 D/MediaCodecsXmlParser( 1786): parsing /vendor/etc/media_codecs_google_audio.xml...
06-18 08:31:11.558 I/MediaCodecsXmlParser( 1786): limit: max-channel-count = 2
06-18 08:31:11.559 I/MediaCodecsXmlParser( 1786): limit: sample-rate-ranges = 8000,11025,12000,16000,22050,24000,32000,44100,48000
06-18 08:31:11.559 I/MediaCodecsXmlParser( 1786): limit: bitrate-range = 8000-320000
06-18 08:31:11.559 I/MediaCodecsXmlParser( 1786): limit: max-channel-count = 1
06-18 08:31:11.559 I/MediaCodecsXmlParser( 1786): limit: sample-rate-ranges = 8000
06-18 08:31:11.559 I/MediaCodecsXmlParser( 1786): limit: bitrate-range = 4750-12200
06-18 08:31:11.559 E/SoundTriggerHalImpl( 1704): couldn't load sound trigger module sound_trigger.primary (No such file or directory)
06-18 08:31:11.560 I/ServiceManagement( 1704): Registered android.hardware.soundtrigger@2.0::ISoundTriggerHw/default (start delay of 1306ms)
06-18 08:31:11.560 I/audiohalservice( 1704): Registration complete for android.hardware.soundtrigger@2.0::ISoundTriggerHw/default.
06-18 08:31:11.560 I/hwservicemanager( 1566): getTransport: Cannot find entry android.hardware.bluetooth.audio@2.0::IBluetoothAudioProvidersFactory/default in either framework or device manifest.
06-18 08:31:11.560 E/audiohalservice( 1704): Could not get passthrough implementation for android.hardware.bluetooth.audio@2.0::IBluetoothAudioProvidersFactory/default.
06-18 08:31:11.560 W/audiohalservice( 1704): Could not register Bluetooth Audio API 2.0
06-18 08:31:11.560 I/hwservicemanager( 1566): getTransport: Cannot find entry android.hardware.bluetooth.a2dp@1.0::IBluetoothAudioOffload/default in either framework or device manifest.
06-18 08:31:11.560 E/audiohalservice( 1704): Could not get passthrough implementation for android.hardware.bluetooth.a2dp@1.0::IBluetoothAudioOffload/default.
06-18 08:31:11.560 W/audiohalservice( 1704): Could not register Bluetooth audio offload 1.0
06-18 08:31:11.559 I/MediaCodecsXmlParser( 1786): limit: max-channel-count = 1
06-18 08:31:11.560 I/MediaCodecsXmlParser( 1786): limit: sample-rate-ranges = 16000
06-18 08:31:11.560 I/MediaCodecsXmlParser( 1786): limit: bitrate-range = 6600-23850
06-18 08:31:11.560 I/MediaCodecsXmlParser( 1786): limit: max-channel-count = 8
06-18 08:31:11.560 I/MediaCodecsXmlParser( 1786): limit: sample-rate-ranges = 7350,8000,11025,12000,16000,22050,24000,32000,44100,48000
06-18 08:31:11.560 I/MediaCodecsXmlParser( 1786): limit: bitrate-range = 8000-960000
06-18 08:31:11.560 I/MediaCodecsXmlParser( 1786): limit: max-channel-count = 1
06-18 08:31:11.560 I/MediaCodecsXmlParser( 1786): limit: sample-rate-ranges = 8000-48000
06-18 08:31:11.560 I/MediaCodecsXmlParser( 1786): limit: bitrate-range = 64000
06-18 08:31:11.561 I/MediaCodecsXmlParser( 1786): limit: max-channel-count = 1
06-18 08:31:11.561 I/MediaCodecsXmlParser( 1786): limit: sample-rate-ranges = 8000-48000
06-18 08:31:11.561 I/MediaCodecsXmlParser( 1786): limit: bitrate-range = 64000
06-18 08:31:11.561 I/MediaCodecsXmlParser( 1786): limit: max-channel-count = 8
06-18 08:31:11.561 I/MediaCodecsXmlParser( 1786): limit: sample-rate-ranges = 8000-96000
06-18 08:31:11.561 I/MediaCodecsXmlParser( 1786): limit: bitrate-range = 32000-500000
06-18 08:31:11.561 I/MediaCodecsXmlParser( 1786): limit: max-channel-count = 8
06-18 08:31:11.561 I/MediaCodecsXmlParser( 1786): limit: sample-rate-ranges = 48000
06-18 08:31:11.561 I/MediaCodecsXmlParser( 1786): limit: bitrate-range = 6000-510000
06-18 08:31:11.561 I/MediaCodecsXmlParser( 1786): limit: max-channel-count = 8
06-18 08:31:11.561 I/MediaCodecsXmlParser( 1786): limit: sample-rate-ranges = 8000-192000
06-18 08:31:11.561 I/MediaCodecsXmlParser( 1786): limit: bitrate-range = 1-10000000
06-18 08:31:11.561 I/MediaCodecsXmlParser( 1786): limit: max-channel-count = 8
06-18 08:31:11.562 I/MediaCodecsXmlParser( 1786): limit: sample-rate-ranges = 1-655350
06-18 08:31:11.562 I/MediaCodecsXmlParser( 1786): limit: bitrate-range = 1-21000000
06-18 08:31:11.562 I/MediaCodecsXmlParser( 1786): limit: max-channel-count = 6
06-18 08:31:11.562 I/MediaCodecsXmlParser( 1786): limit: sample-rate-ranges = 8000,11025,12000,16000,22050,24000,32000,44100,48000
06-18 08:31:11.562 I/MediaCodecsXmlParser( 1786): limit: bitrate-range = 8000-960000
06-18 08:31:11.562 I/MediaCodecsXmlParser( 1786): limit: max-channel-count = 1
06-18 08:31:11.562 I/MediaCodecsXmlParser( 1786): limit: sample-rate-ranges = 8000
06-18 08:31:11.562 I/MediaCodecsXmlParser( 1786): limit: bitrate-range = 4750-12200
06-18 08:31:11.562 I/MediaCodecsXmlParser( 1786): limit: feature-bitrate-modes = CBR
06-18 08:31:11.562 I/MediaCodecsXmlParser( 1786): limit: max-channel-count = 1
06-18 08:31:11.562 I/MediaCodecsXmlParser( 1786): limit: sample-rate-ranges = 16000
06-18 08:31:11.562 I/MediaCodecsXmlParser( 1786): limit: bitrate-range = 6600-23850
06-18 08:31:11.562 I/MediaCodecsXmlParser( 1786): limit: feature-bitrate-modes = CBR
06-18 08:31:11.562 I/MediaCodecsXmlParser( 1786): limit: max-channel-count = 2
06-18 08:31:11.562 I/MediaCodecsXmlParser( 1786): limit: sample-rate-ranges = 1-655350
06-18 08:31:11.562 I/MediaCodecsXmlParser( 1786): limit: bitrate-range = 1-21000000
06-18 08:31:11.562 I/MediaCodecsXmlParser( 1786): limit: complexity-default = 5
06-18 08:31:11.562 I/AndroidRuntime( 1689): Using default boot image
06-18 08:31:11.562 I/AndroidRuntime( 1689): Leaving lock profiling enabled
06-18 08:31:11.563 I/MediaCodecsXmlParser( 1786): limit: complexity-range = 0-8
06-18 08:31:11.563 I/MediaCodecsXmlParser( 1786): limit: feature-bitrate-modes = CQ
06-18 08:31:11.563 D/MediaCodecsXmlParser( 1786): parsing /vendor/etc/media_codecs_google_telephony.xml...
06-18 08:31:11.563 I/MediaCodecsXmlParser( 1786): limit: max-channel-count = 1
06-18 08:31:11.564 I/zygote64( 1688): option[0]=-Xzygote
06-18 08:31:11.564 I/zygote64( 1688): option[1]=exit
06-18 08:31:11.564 I/zygote64( 1688): option[2]=vfprintf
06-18 08:31:11.564 I/zygote64( 1688): option[3]=sensitiveThread
06-18 08:31:11.564 I/zygote64( 1688): option[4]=-verbose:gc
06-18 08:31:11.564 I/zygote64( 1688): option[5]=-Xms4m
06-18 08:31:11.564 I/zygote64( 1688): option[6]=-Xmx512m
06-18 08:31:11.564 I/zygote64( 1688): option[7]=-Xusejit:true
06-18 08:31:11.564 I/zygote64( 1688): option[8]=-Xjitsaveprofilinginfo
06-18 08:31:11.564 I/zygote64( 1688): option[9]=-XjdwpOptions:suspend=n,server=y
06-18 08:31:11.564 I/zygote64( 1688): option[10]=-XjdwpProvider:default
06-18 08:31:11.564 I/zygote64( 1688): option[11]=-Xlockprofthreshold:500
06-18 08:31:11.564 I/zygote64( 1688): option[12]=-Ximage-compiler-option
06-18 08:31:11.564 I/zygote64( 1688): option[13]=--runtime-arg
06-18 08:31:11.564 I/zygote64( 1688): option[14]=-Ximage-compiler-option
06-18 08:31:11.564 I/zygote64( 1688): option[15]=-Xms64m
06-18 08:31:11.564 I/zygote64( 1688): option[16]=-Ximage-compiler-option
06-18 08:31:11.564 I/zygote64( 1688): option[17]=--runtime-arg
06-18 08:31:11.565 I/zygote64( 1688): option[18]=-Ximage-compiler-option
06-18 08:31:11.565 I/zygote64( 1688): option[19]=-Xmx64m
06-18 08:31:11.565 I/zygote64( 1688): option[20]=-Ximage-compiler-option
06-18 08:31:11.565 I/zygote64( 1688): option[21]=--profile-file=/system/etc/boot-image.prof
06-18 08:31:11.565 I/zygote64( 1688): option[22]=-Ximage-compiler-option
06-18 08:31:11.565 I/zygote64( 1688): option[23]=--compiler-filter=speed-profile
06-18 08:31:11.565 I/zygote64( 1688): option[24]=-Xcompiler-option
06-18 08:31:11.565 I/zygote64( 1688): option[25]=--runtime-arg
06-18 08:31:11.565 I/zygote64( 1688): option[26]=-Xcompiler-option
06-18 08:31:11.565 I/zygote64( 1688): option[27]=-Xms64m
06-18 08:31:11.565 I/zygote64( 1688): option[28]=-Xcompiler-option
06-18 08:31:11.565 I/zygote64( 1688): option[29]=--runtime-arg
06-18 08:31:11.565 I/zygote64( 1688): option[30]=-Xcompiler-option
06-18 08:31:11.565 I/zygote64( 1688): option[31]=-Xmx512m
06-18 08:31:11.565 I/zygote64( 1688): option[32]=-Ximage-compiler-option
06-18 08:31:11.565 I/zygote64( 1688): option[33]=--instruction-set-variant=x86_64
06-18 08:31:11.565 I/zygote64( 1688): option[34]=-Xcompiler-option
06-18 08:31:11.565 I/zygote64( 1688): option[35]=--instruction-set-variant=x86_64
06-18 08:31:11.565 I/zygote64( 1688): option[36]=-Ximage-compiler-option
06-18 08:31:11.565 I/zygote64( 1688): option[37]=--instruction-set-features=default
06-18 08:31:11.565 I/zygote64( 1688): option[38]=-Xcompiler-option
06-18 08:31:11.565 I/zygote64( 1688): option[39]=--instruction-set-features=default
06-18 08:31:11.565 I/zygote64( 1688): option[40]=-Duser.locale=en-US
06-18 08:31:11.565 I/zygote64( 1688): option[41]=--cpu-abilist=x86_64
06-18 08:31:11.565 I/zygote64( 1688): option[42]=-Xcompiler-option
06-18 08:31:11.565 I/zygote64( 1688): option[43]=--generate-mini-debug-info
06-18 08:31:11.565 I/zygote64( 1688): option[44]=-Xcore-platform-api-policy:just-warn
06-18 08:31:11.565 I/zygote64( 1688): option[45]=-Xfingerprint:google/sdk_gphone_x86_64/generic_x86_64:10/QSR1.211112.011/13135432:userdebug/dev-keys
06-18 08:31:11.569 I/MediaCodecsXmlParser( 1786): limit: sample-rate-ranges = 8000
06-18 08:31:11.569 I/MediaCodecsXmlParser( 1786): limit: bitrate-range = 13000
06-18 08:31:11.569 D/MediaCodecsXmlParser( 1786): parsing /vendor/etc/media_codecs_google_video.xml...
06-18 08:31:11.570 I/MediaCodecsXmlParser( 1786): limit: size-range = 2x2-352x288
06-18 08:31:11.570 I/MediaCodecsXmlParser( 1786): limit: alignment = 2x2
06-18 08:31:11.570 I/MediaCodecsXmlParser( 1786): limit: block-size = 16x16
06-18 08:31:11.570 I/MediaCodecsXmlParser( 1786): limit: blocks-per-second-range = 12-11880
06-18 08:31:11.570 I/MediaCodecsXmlParser( 1786): limit: bitrate-range = 1-384000
06-18 08:31:11.570 I/MediaCodecsXmlParser( 1786): limit: performance-point-1920x1080-range = 30-30
06-18 08:31:11.570 I/MediaCodecsXmlParser( 1786): limit: feature-adaptive-playback = 0
06-18 08:31:11.570 I/MediaCodecsXmlParser( 1786): limit: size-range = 2x2-352x288
06-18 08:31:11.570 I/MediaCodecsXmlParser( 1786): limit: alignment = 2x2
06-18 08:31:11.570 I/MediaCodecsXmlParser( 1786): limit: bitrate-range = 1-384000
06-18 08:31:11.570 I/MediaCodecsXmlParser( 1786): limit: performance-point-1920x1080-range = 30-30
06-18 08:31:11.570 I/MediaCodecsXmlParser( 1786): limit: feature-adaptive-playback = 0
06-18 08:31:11.570 I/MediaCodecsXmlParser( 1786): limit: size-range = 96x96-3840x2160
06-18 08:31:11.570 I/MediaCodecsXmlParser( 1786): limit: alignment = 2x2
06-18 08:31:11.570 I/MediaCodecsXmlParser( 1786): limit: block-size = 16x16
06-18 08:31:11.570 I/MediaCodecsXmlParser( 1786): limit: blocks-per-second-range = 24-2073600
06-18 08:31:11.570 I/MediaCodecsXmlParser( 1786): limit: bitrate-range = 1-120000000
06-18 08:31:11.570 I/MediaCodecsXmlParser( 1786): limit: frame-rate-range = 1-480
06-18 08:31:11.570 I/MediaCodecsXmlParser( 1786): limit: performance-point-3840x2160-range = 60-60
06-18 08:31:11.570 I/MediaCodecsXmlParser( 1786): limit: measured-frame-rate-320x240-range = 257-266
06-18 08:31:11.570 I/MediaCodecsXmlParser( 1786): limit: measured-frame-rate-720x480-range = 262-264
06-18 08:31:11.570 I/MediaCodecsXmlParser( 1786): limit: measured-frame-rate-1280x720-range = 227-251
06-18 08:31:11.570 I/MediaCodecsXmlParser( 1786): limit: measured-frame-rate-1920x1080-range = 235-247
06-18 08:31:11.571 I/MediaCodecsXmlParser( 1786): limit: measured-frame-rate-3840x2160-range = 235-247
06-18 08:31:11.571 I/MediaCodecsXmlParser( 1786): limit: feature-adaptive-playback = 0
06-18 08:31:11.571 I/MediaCodecsXmlParser( 1786): limit: size-range = 2x2-2560x2560
06-18 08:31:11.571 I/MediaCodecsXmlParser( 1786): limit: alignment = 2x2
06-18 08:31:11.571 I/MediaCodecsXmlParser( 1786): limit: block-size = 16x16
06-18 08:31:11.571 I/MediaCodecsXmlParser( 1786): limit: blocks-per-second-range = 24-2073600
06-18 08:31:11.571 I/MediaCodecsXmlParser( 1786): limit: bitrate-range = 1-120000000
06-18 08:31:11.571 I/MediaCodecsXmlParser( 1786): limit: frame-rate-range = 1-480
06-18 08:31:11.571 I/MediaCodecsXmlParser( 1786): limit: performance-point-1920x1088-range = 30-30
06-18 08:31:11.571 I/MediaCodecsXmlParser( 1786): limit: measured-frame-rate-320x240-range = 183-183
06-18 08:31:11.571 I/MediaCodecsXmlParser( 1786): limit: measured-frame-rate-720x480-range = 181-181
06-18 08:31:11.571 I/MediaCodecsXmlParser( 1786): limit: measured-frame-rate-1280x720-range = 182-184
06-18 08:31:11.571 I/MediaCodecsXmlParser( 1786): limit: measured-frame-rate-1920x1080-range = 30-40
06-18 08:31:11.571 I/MediaCodecsXmlParser( 1786): limit: feature-adaptive-playback = 0
06-18 08:31:11.571 I/MediaCodecsXmlParser( 1786): limit: size-range = 2x2-2048x2048
06-18 08:31:11.571 I/MediaCodecsXmlParser( 1786): limit: alignment = 2x2
06-18 08:31:11.571 I/MediaCodecsXmlParser( 1786): limit: block-size = 8x8
06-18 08:31:11.571 I/MediaCodecsXmlParser( 1786): limit: block-count-range = 1-139264
06-18 08:31:11.571 I/MediaCodecsXmlParser( 1786): limit: blocks-per-second-range = 1-2000000
06-18 08:31:11.571 I/MediaCodecsXmlParser( 1786): limit: bitrate-range = 1-10000000
06-18 08:31:11.571 I/MediaCodecsXmlParser( 1786): limit: performance-point-1920x1080-range = 30-30
06-18 08:31:11.571 I/MediaCodecsXmlParser( 1786): limit: feature-adaptive-playback = 0
06-18 08:31:11.571 I/MediaCodecsXmlParser( 1786): limit: size-range = 144x144-3840x2160
06-18 08:31:11.571 I/MediaCodecsXmlParser( 1786): limit: alignment = 2x2
06-18 08:31:11.571 I/MediaCodecsXmlParser( 1786): limit: block-size = 16x16
06-18 08:31:11.571 I/MediaCodecsXmlParser( 1786): limit: blocks-per-second-range = 24-2073600
06-18 08:31:11.571 I/MediaCodecsXmlParser( 1786): limit: bitrate-range = 1-120000000
06-18 08:31:11.571 I/MediaCodecsXmlParser( 1786): limit: frame-rate-range = 1-480
06-18 08:31:11.571 I/MediaCodecsXmlParser( 1786): limit: performance-point-3840x2160-range = 60-60
06-18 08:31:11.571 I/MediaCodecsXmlParser( 1786): limit: measured-frame-rate-320x180-range = 743-817
06-18 08:31:11.571 I/MediaCodecsXmlParser( 1786): limit: measured-frame-rate-640x360-range = 582-602
06-18 08:31:11.571 I/MediaCodecsXmlParser( 1786): limit: measured-frame-rate-1280x720-range = 237-258
06-18 08:31:11.571 I/MediaCodecsXmlParser( 1786): limit: measured-frame-rate-1920x1080-range = 148-151
06-18 08:31:11.572 I/MediaCodecsXmlParser( 1786): limit: measured-frame-rate-3840x2160-range = 30-90
06-18 08:31:11.572 I/MediaCodecsXmlParser( 1786): limit: feature-adaptive-playback = 0
06-18 08:31:11.572 I/MediaCodecsXmlParser( 1786): limit: size-range = 144x144-3840x2160
06-18 08:31:11.572 I/MediaCodecsXmlParser( 1786): limit: alignment = 2x2
06-18 08:31:11.572 I/MediaCodecsXmlParser( 1786): limit: block-size = 16x16
06-18 08:31:11.572 I/MediaCodecsXmlParser( 1786): limit: blocks-per-second-range = 24-2073600
06-18 08:31:11.572 I/MediaCodecsXmlParser( 1786): limit: bitrate-range = 1-120000000
06-18 08:31:11.572 I/MediaCodecsXmlParser( 1786): limit: frame-rate-range = 1-480
06-18 08:31:11.572 I/MediaCodecsXmlParser( 1786): limit: performance-point-3840x2160-range = 60-60
06-18 08:31:11.572 I/MediaCodecsXmlParser( 1786): limit: measured-frame-rate-320x180-range = 743-817
06-18 08:31:11.572 I/MediaCodecsXmlParser( 1786): limit: measured-frame-rate-640x360-range = 582-602
06-18 08:31:11.572 I/MediaCodecsXmlParser( 1786): limit: measured-frame-rate-1280x720-range = 237-258
06-18 08:31:11.572 I/MediaCodecsXmlParser( 1786): limit: measured-frame-rate-1920x1080-range = 50-60
06-18 08:31:11.572 I/MediaCodecsXmlParser( 1786): limit: measured-frame-rate-3840x2160-range = 30-90
06-18 08:31:11.572 I/MediaCodecsXmlParser( 1786): limit: feature-adaptive-playback = 0
06-18 08:31:11.572 I/MediaCodecsXmlParser( 1786): limit: size-range = 2x2-2560x2560
06-18 08:31:11.572 I/MediaCodecsXmlParser( 1786): limit: alignment = 2x2
06-18 08:31:11.572 I/MediaCodecsXmlParser( 1786): limit: block-size = 16x16
06-18 08:31:11.572 I/MediaCodecsXmlParser( 1786): limit: blocks-per-second-range = 24-2073600
06-18 08:31:11.572 I/MediaCodecsXmlParser( 1786): limit: bitrate-range = 1-120000000
06-18 08:31:11.572 I/MediaCodecsXmlParser( 1786): limit: frame-rate-range = 1-480
06-18 08:31:11.572 I/MediaCodecsXmlParser( 1786): limit: performance-point-1920x1088-range = 60-60
06-18 08:31:11.572 I/MediaCodecsXmlParser( 1786): limit: measured-frame-rate-320x240-range = 183-183
06-18 08:31:11.572 I/MediaCodecsXmlParser( 1786): limit: measured-frame-rate-720x480-range = 181-181
06-18 08:31:11.572 I/MediaCodecsXmlParser( 1786): limit: measured-frame-rate-1280x720-range = 182-184
06-18 08:31:11.572 I/MediaCodecsXmlParser( 1786): limit: measured-frame-rate-1920x1088-range = 50-60
06-18 08:31:11.572 I/MediaCodecsXmlParser( 1786): limit: measured-frame-rate-2560x1440-range = 30-40
06-18 08:31:11.572 I/MediaCodecsXmlParser( 1786): limit: feature-adaptive-playback = 0
06-18 08:31:11.572 I/MediaCodecsXmlParser( 1786): limit: size-range = 2x2-2560x2560
06-18 08:31:11.572 I/MediaCodecsXmlParser( 1786): limit: alignment = 2x2
06-18 08:31:11.573 I/MediaCodecsXmlParser( 1786): limit: block-size = 16x16
06-18 08:31:11.573 I/MediaCodecsXmlParser( 1786): limit: blocks-per-second-range = 24-2073600
06-18 08:31:11.573 I/MediaCodecsXmlParser( 1786): limit: bitrate-range = 1-120000000
06-18 08:31:11.573 I/MediaCodecsXmlParser( 1786): limit: frame-rate-range = 1-480
06-18 08:31:11.573 I/MediaCodecsXmlParser( 1786): limit: performance-point-1920x1088-range = 60-60
06-18 08:31:11.573 I/MediaCodecsXmlParser( 1786): limit: measured-frame-rate-320x240-range = 183-183
06-18 08:31:11.573 I/MediaCodecsXmlParser( 1786): limit: measured-frame-rate-720x480-range = 181-181
06-18 08:31:11.573 I/MediaCodecsXmlParser( 1786): limit: measured-frame-rate-1280x720-range = 121-125
06-18 08:31:11.573 I/MediaCodecsXmlParser( 1786): limit: measured-frame-rate-1920x1088-range = 148-151
06-18 08:31:11.573 I/MediaCodecsXmlParser( 1786): limit: measured-frame-rate-2560x1440-range = 30-40
06-18 08:31:11.573 I/MediaCodecsXmlParser( 1786): limit: feature-adaptive-playback = 0
06-18 08:31:11.573 I/MediaCodecsXmlParser( 1786): limit: size-range = 176x144-176x144
06-18 08:31:11.573 I/MediaCodecsXmlParser( 1786): limit: alignment = 16x16
06-18 08:31:11.573 I/MediaCodecsXmlParser( 1786): limit: bitrate-range = 1-128000
06-18 08:31:11.573 I/MediaCodecsXmlParser( 1786): limit: size-range = 16x16-1920x1088
06-18 08:31:11.573 I/MediaCodecsXmlParser( 1786): limit: alignment = 2x2
06-18 08:31:11.573 I/MediaCodecsXmlParser( 1786): limit: block-size = 16x16
06-18 08:31:11.573 I/MediaCodecsXmlParser( 1786): limit: blocks-per-second-range = 1-244800
06-18 08:31:11.573 I/MediaCodecsXmlParser( 1786): limit: bitrate-range = 1-20000000
06-18 08:31:11.573 I/MediaCodecsXmlParser( 1786): limit: feature-intra-refresh = 0
06-18 08:31:11.573 I/MediaCodecsXmlParser( 1786): limit: size-range = 16x16-176x144
06-18 08:31:11.573 I/MediaCodecsXmlParser( 1786): limit: alignment = 16x16
06-18 08:31:11.573 I/MediaCodecsXmlParser( 1786): limit: block-size = 16x16
06-18 08:31:11.574 I/MediaCodecsXmlParser( 1786): limit: blocks-per-second-range = 12-1485
06-18 08:31:11.574 I/MediaCodecsXmlParser( 1786): limit: bitrate-range = 1-64000
06-18 08:31:11.574 I/MediaCodecsXmlParser( 1786): limit: size-range = 2x2-2048x2048
06-18 08:31:11.574 I/MediaCodecsXmlParser( 1786): limit: alignment = 2x2
06-18 08:31:11.574 I/MediaCodecsXmlParser( 1786): limit: bitrate-range = 1-40000000
06-18 08:31:11.574 I/MediaCodecsXmlParser( 1786): limit: feature-bitrate-modes = VBR,CBR
06-18 08:31:11.574 D/MediaCodecsXmlParser( 1786): parsing /vendor/etc/media_codecs_performance.xml...
06-18 08:31:11.584 I/zygote  ( 1689): option[0]=-Xzygote
06-18 08:31:11.584 I/zygote  ( 1689): option[1]=exit
06-18 08:31:11.584 I/zygote  ( 1689): option[2]=vfprintf
06-18 08:31:11.584 I/zygote  ( 1689): option[3]=sensitiveThread
06-18 08:31:11.584 I/zygote  ( 1689): option[4]=-verbose:gc
06-18 08:31:11.584 I/zygote  ( 1689): option[5]=-Xms4m
06-18 08:31:11.584 I/zygote  ( 1689): option[6]=-Xmx512m
06-18 08:31:11.584 I/zygote  ( 1689): option[7]=-Xusejit:true
06-18 08:31:11.584 I/zygote  ( 1689): option[8]=-Xjitsaveprofilinginfo
06-18 08:31:11.584 I/zygote  ( 1689): option[9]=-XjdwpOptions:suspend=n,server=y
06-18 08:31:11.584 I/zygote  ( 1689): option[10]=-XjdwpProvider:default
06-18 08:31:11.584 I/zygote  ( 1689): option[11]=-Xlockprofthreshold:500
06-18 08:31:11.584 I/zygote  ( 1689): option[12]=-Ximage-compiler-option
06-18 08:31:11.584 I/zygote  ( 1689): option[13]=--runtime-arg
06-18 08:31:11.584 I/zygote  ( 1689): option[14]=-Ximage-compiler-option
06-18 08:31:11.585 I/zygote  ( 1689): option[15]=-Xms64m
06-18 08:31:11.585 I/zygote  ( 1689): option[16]=-Ximage-compiler-option
06-18 08:31:11.585 I/zygote  ( 1689): option[17]=--runtime-arg
06-18 08:31:11.585 I/zygote  ( 1689): option[18]=-Ximage-compiler-option
06-18 08:31:11.585 I/zygote  ( 1689): option[19]=-Xmx64m
06-18 08:31:11.585 I/zygote  ( 1689): option[20]=-Ximage-compiler-option
06-18 08:31:11.585 I/zygote  ( 1689): option[21]=--profile-file=/system/etc/boot-image.prof
06-18 08:31:11.585 I/zygote  ( 1689): option[22]=-Ximage-compiler-option
06-18 08:31:11.585 I/zygote  ( 1689): option[23]=--compiler-filter=speed-profile
06-18 08:31:11.585 I/zygote  ( 1689): option[24]=-Xcompiler-option
06-18 08:31:11.585 I/zygote  ( 1689): option[25]=--runtime-arg
06-18 08:31:11.585 I/zygote  ( 1689): option[26]=-Xcompiler-option
06-18 08:31:11.585 I/zygote  ( 1689): option[27]=-Xms64m
06-18 08:31:11.585 I/zygote  ( 1689): option[28]=-Xcompiler-option
06-18 08:31:11.585 I/zygote  ( 1689): option[29]=--runtime-arg
06-18 08:31:11.585 I/zygote  ( 1689): option[30]=-Xcompiler-option
06-18 08:31:11.585 I/zygote  ( 1689): option[31]=-Xmx512m
06-18 08:31:11.585 I/zygote  ( 1689): option[32]=-Ximage-compiler-option
06-18 08:31:11.585 I/zygote  ( 1689): option[33]=--instruction-set-variant=x86_64
06-18 08:31:11.585 I/zygote  ( 1689): option[34]=-Xcompiler-option
06-18 08:31:11.585 I/zygote  ( 1689): option[35]=--instruction-set-variant=x86_64
06-18 08:31:11.585 I/zygote  ( 1689): option[36]=-Ximage-compiler-option
06-18 08:31:11.585 I/zygote  ( 1689): option[37]=--instruction-set-features=default
06-18 08:31:11.585 I/zygote  ( 1689): option[38]=-Xcompiler-option
06-18 08:31:11.585 I/zygote  ( 1689): option[39]=--instruction-set-features=default
06-18 08:31:11.585 I/zygote  ( 1689): option[40]=-Duser.locale=en-US
06-18 08:31:11.585 I/zygote  ( 1689): option[41]=--cpu-abilist=x86
06-18 08:31:11.585 I/zygote  ( 1689): option[42]=-Xcompiler-option
06-18 08:31:11.585 I/zygote  ( 1689): option[43]=--generate-mini-debug-info
06-18 08:31:11.585 I/zygote  ( 1689): option[44]=-Xcore-platform-api-policy:just-warn
06-18 08:31:11.585 I/zygote  ( 1689): option[45]=-Xfingerprint:google/sdk_gphone_x86_64/generic_x86_64:10/QSR1.211112.011/13135432:userdebug/dev-keys
06-18 08:31:11.588 I/zygote64( 1688): Core platform API reporting enabled, enforcing=false
06-18 08:31:11.595 I/MediaCodecsXmlParser( 1786): limit: measured-frame-rate-176x144-range = 849-1008
06-18 08:31:11.595 I/MediaCodecsXmlParser( 1786): limit: measured-frame-rate-320x240-range = 496-629
06-18 08:31:11.595 I/MediaCodecsXmlParser( 1786): limit: measured-frame-rate-720x480-range = 197-203
06-18 08:31:11.595 I/MediaCodecsXmlParser( 1786): limit: measured-frame-rate-1280x720-range = 93-97
06-18 08:31:11.596 I/MediaCodecsXmlParser( 1786): limit: measured-frame-rate-1920x1080-range = 45-47
06-18 08:31:11.596 I/MediaCodecsXmlParser( 1786): limit: measured-frame-rate-176x144-range = 881-1142
06-18 08:31:11.596 I/MediaCodecsXmlParser( 1786): limit: measured-frame-rate-320x180-range = 249-285
06-18 08:31:11.596 I/MediaCodecsXmlParser( 1786): limit: measured-frame-rate-640x360-range = 104-115
06-18 08:31:11.597 I/MediaCodecsXmlParser( 1786): limit: measured-frame-rate-1280x720-range = 34-35
06-18 08:31:11.597 I/MediaCodecsXmlParser( 1786): limit: measured-frame-rate-1920x1080-range = 26-29
06-18 08:31:11.597 I/MediaCodecsXmlParser( 1786): limit: measured-frame-rate-176x144-range = 1246-1390
06-18 08:31:11.597 I/MediaCodecsXmlParser( 1786): limit: measured-frame-rate-352x288-range = 1121-1128
06-18 08:31:11.597 I/MediaCodecsXmlParser( 1786): limit: measured-frame-rate-320x240-range = 299-629
06-18 08:31:11.597 I/MediaCodecsXmlParser( 1786): limit: measured-frame-rate-720x480-range = 215-250
06-18 08:31:11.597 I/mediaserver( 1782): ServiceManager: 0xe7b06ca0
06-18 08:31:11.599 I/MediaCodecsXmlParser( 1786): limit: measured-frame-rate-1280x720-range = 75-85
06-18 08:31:11.599 I/MediaCodecsXmlParser( 1786): limit: measured-frame-rate-1920x1080-range = 31-34
06-18 08:31:11.599 I/MediaCodecsXmlParser( 1786): limit: measured-frame-rate-352x288-range = 754-817
06-18 08:31:11.599 I/MediaCodecsXmlParser( 1786): limit: measured-frame-rate-640x360-range = 323-394
06-18 08:31:11.599 I/MediaCodecsXmlParser( 1786): limit: measured-frame-rate-720x480-range = 349-372
06-18 08:31:11.599 I/MediaCodecsXmlParser( 1786): limit: measured-frame-rate-1280x720-range = 144-157
06-18 08:31:11.599 I/MediaCodecsXmlParser( 1786): limit: measured-frame-rate-1920x1080-range = 74-85
06-18 08:31:11.599 I/MediaCodecsXmlParser( 1786): limit: measured-frame-rate-176x144-range = 1439-1625
06-18 08:31:11.600 I/MediaCodecsXmlParser( 1786): limit: measured-frame-rate-320x180-range = 1129-1261
06-18 08:31:11.601 I/MediaCodecsXmlParser( 1786): limit: measured-frame-rate-640x360-range = 471-525
06-18 08:31:11.601 I/MediaCodecsXmlParser( 1786): limit: measured-frame-rate-1280x720-range = 126-145
06-18 08:31:11.601 I/MediaCodecsXmlParser( 1786): limit: measured-frame-rate-1920x1080-range = 48-51
06-18 08:31:11.601 I/MediaCodecsXmlParser( 1786): limit: measured-frame-rate-2160x2160-range = 31-34
06-18 08:31:11.601 I/MediaCodecsXmlParser( 1786): limit: measured-frame-rate-320x180-range = 968-1101
06-18 08:31:11.601 I/MediaCodecsXmlParser( 1786): limit: measured-frame-rate-640x360-range = 291-338
06-18 08:31:11.601 I/MediaCodecsXmlParser( 1786): limit: measured-frame-rate-1280x720-range = 280-400
06-18 08:31:11.601 I/MediaCodecsXmlParser( 1786): limit: measured-frame-rate-1920x1080-range = 178-240
06-18 08:31:11.601 I/MediaCodecsXmlParser( 1786): limit: measured-frame-rate-2560x1440-range = 31-34
06-18 08:31:11.601 D/MediaCodecsXmlParser( 1786): Cannot find /data/misc/media/media_codecs_profiling_results.xml
06-18 08:31:11.607 I/ServiceManagement( 1786): Registered android.hardware.media.omx@1.0::IOmx/default (start delay of 693ms)
06-18 08:31:11.607 I/ServiceManagement( 1786): Removing namespace from process name android.hardware.media.omx@1.0-service to omx@1.0-service.
06-18 08:31:11.607 I/media.codec( 1786): IOmx HAL service created.
06-18 08:31:11.607 D/MediaCodecsXmlParser( 1786): parsing /vendor/etc/media_codecs.xml...
06-18 08:31:11.607 D/MediaCodecsXmlParser( 1786): parsing /vendor/etc/media_codecs_google_audio.xml...
06-18 08:31:11.607 I/MediaCodecsXmlParser( 1786): limit: max-channel-count = 2
06-18 08:31:11.607 I/MediaCodecsXmlParser( 1786): limit: sample-rate-ranges = 8000,11025,12000,16000,22050,24000,32000,44100,48000
06-18 08:31:11.607 I/MediaCodecsXmlParser( 1786): limit: bitrate-range = 8000-320000
06-18 08:31:11.607 I/MediaCodecsXmlParser( 1786): limit: max-channel-count = 1
06-18 08:31:11.607 I/MediaCodecsXmlParser( 1786): limit: sample-rate-ranges = 8000
06-18 08:31:11.607 I/MediaCodecsXmlParser( 1786): limit: bitrate-range = 4750-12200
06-18 08:31:11.607 I/MediaCodecsXmlParser( 1786): limit: max-channel-count = 1
06-18 08:31:11.607 I/MediaCodecsXmlParser( 1786): limit: sample-rate-ranges = 16000
06-18 08:31:11.607 I/MediaCodecsXmlParser( 1786): limit: bitrate-range = 6600-23850
06-18 08:31:11.607 I/MediaCodecsXmlParser( 1786): limit: max-channel-count = 8
06-18 08:31:11.607 I/MediaCodecsXmlParser( 1786): limit: sample-rate-ranges = 7350,8000,11025,12000,16000,22050,24000,32000,44100,48000
06-18 08:31:11.607 I/MediaCodecsXmlParser( 1786): limit: bitrate-range = 8000-960000
06-18 08:31:11.607 I/MediaCodecsXmlParser( 1786): limit: max-channel-count = 1
06-18 08:31:11.607 I/MediaCodecsXmlParser( 1786): limit: sample-rate-ranges = 8000-48000
06-18 08:31:11.608 I/MediaCodecsXmlParser( 1786): limit: bitrate-range = 64000
06-18 08:31:11.608 I/MediaCodecsXmlParser( 1786): limit: max-channel-count = 1
06-18 08:31:11.608 I/MediaCodecsXmlParser( 1786): limit: sample-rate-ranges = 8000-48000
06-18 08:31:11.608 I/MediaCodecsXmlParser( 1786): limit: bitrate-range = 64000
06-18 08:31:11.608 I/MediaCodecsXmlParser( 1786): limit: max-channel-count = 8
06-18 08:31:11.608 I/MediaCodecsXmlParser( 1786): limit: sample-rate-ranges = 8000-96000
06-18 08:31:11.608 I/MediaCodecsXmlParser( 1786): limit: bitrate-range = 32000-500000
06-18 08:31:11.608 I/MediaCodecsXmlParser( 1786): limit: max-channel-count = 8
06-18 08:31:11.608 I/MediaCodecsXmlParser( 1786): limit: sample-rate-ranges = 48000
06-18 08:31:11.608 I/MediaCodecsXmlParser( 1786): limit: bitrate-range = 6000-510000
06-18 08:31:11.608 I/MediaCodecsXmlParser( 1786): limit: max-channel-count = 8
06-18 08:31:11.608 I/MediaCodecsXmlParser( 1786): limit: sample-rate-ranges = 8000-192000
06-18 08:31:11.608 I/MediaCodecsXmlParser( 1786): limit: bitrate-range = 1-10000000
06-18 08:31:11.608 I/MediaCodecsXmlParser( 1786): limit: max-channel-count = 8
06-18 08:31:11.608 I/MediaCodecsXmlParser( 1786): limit: sample-rate-ranges = 1-655350
06-18 08:31:11.608 I/MediaCodecsXmlParser( 1786): limit: bitrate-range = 1-21000000
06-18 08:31:11.608 I/MediaCodecsXmlParser( 1786): limit: max-channel-count = 6
06-18 08:31:11.608 I/MediaCodecsXmlParser( 1786): limit: sample-rate-ranges = 8000,11025,12000,16000,22050,24000,32000,44100,48000
06-18 08:31:11.608 I/MediaCodecsXmlParser( 1786): limit: bitrate-range = 8000-960000
06-18 08:31:11.608 I/MediaCodecsXmlParser( 1786): limit: max-channel-count = 1
06-18 08:31:11.608 I/MediaCodecsXmlParser( 1786): limit: sample-rate-ranges = 8000
06-18 08:31:11.608 I/MediaCodecsXmlParser( 1786): limit: bitrate-range = 4750-12200
06-18 08:31:11.608 I/MediaCodecsXmlParser( 1786): limit: feature-bitrate-modes = CBR
06-18 08:31:11.608 I/MediaCodecsXmlParser( 1786): limit: max-channel-count = 1
06-18 08:31:11.608 I/MediaCodecsXmlParser( 1786): limit: sample-rate-ranges = 16000
06-18 08:31:11.608 I/MediaCodecsXmlParser( 1786): limit: bitrate-range = 6600-23850
06-18 08:31:11.608 I/MediaCodecsXmlParser( 1786): limit: feature-bitrate-modes = CBR
06-18 08:31:11.608 I/MediaCodecsXmlParser( 1786): limit: max-channel-count = 2
06-18 08:31:11.608 I/MediaCodecsXmlParser( 1786): limit: sample-rate-ranges = 1-655350
06-18 08:31:11.609 I/MediaCodecsXmlParser( 1786): limit: bitrate-range = 1-21000000
06-18 08:31:11.609 I/MediaCodecsXmlParser( 1786): limit: complexity-default = 5
06-18 08:31:11.609 I/MediaCodecsXmlParser( 1786): limit: complexity-range = 0-8
06-18 08:31:11.609 I/MediaCodecsXmlParser( 1786): limit: feature-bitrate-modes = CQ
06-18 08:31:11.609 D/MediaCodecsXmlParser( 1786): parsing /vendor/etc/media_codecs_google_telephony.xml...
06-18 08:31:11.609 I/MediaCodecsXmlParser( 1786): limit: max-channel-count = 1
06-18 08:31:11.609 I/MediaCodecsXmlParser( 1786): limit: sample-rate-ranges = 8000
06-18 08:31:11.609 I/MediaCodecsXmlParser( 1786): limit: bitrate-range = 13000
06-18 08:31:11.609 D/MediaCodecsXmlParser( 1786): parsing /vendor/etc/media_codecs_google_video.xml...
06-18 08:31:11.609 I/MediaCodecsXmlParser( 1786): limit: size-range = 2x2-352x288
06-18 08:31:11.609 I/MediaCodecsXmlParser( 1786): limit: alignment = 2x2
06-18 08:31:11.609 I/MediaCodecsXmlParser( 1786): limit: block-size = 16x16
06-18 08:31:11.609 I/MediaCodecsXmlParser( 1786): limit: blocks-per-second-range = 12-11880
06-18 08:31:11.609 I/MediaCodecsXmlParser( 1786): limit: bitrate-range = 1-384000
06-18 08:31:11.609 I/MediaCodecsXmlParser( 1786): limit: performance-point-1920x1080-range = 30-30
06-18 08:31:11.609 I/MediaCodecsXmlParser( 1786): limit: feature-adaptive-playback = 0
06-18 08:31:11.609 I/MediaCodecsXmlParser( 1786): limit: size-range = 2x2-352x288
06-18 08:31:11.609 I/MediaCodecsXmlParser( 1786): limit: alignment = 2x2
06-18 08:31:11.609 I/MediaCodecsXmlParser( 1786): limit: bitrate-range = 1-384000
06-18 08:31:11.609 I/MediaCodecsXmlParser( 1786): limit: performance-point-1920x1080-range = 30-30
06-18 08:31:11.609 I/MediaCodecsXmlParser( 1786): limit: feature-adaptive-playback = 0
06-18 08:31:11.609 I/MediaCodecsXmlParser( 1786): limit: size-range = 96x96-3840x2160
06-18 08:31:11.609 I/MediaCodecsXmlParser( 1786): limit: alignment = 2x2
06-18 08:31:11.609 I/MediaCodecsXmlParser( 1786): limit: block-size = 16x16
06-18 08:31:11.609 I/MediaCodecsXmlParser( 1786): limit: blocks-per-second-range = 24-2073600
06-18 08:31:11.609 I/MediaCodecsXmlParser( 1786): limit: bitrate-range = 1-120000000
06-18 08:31:11.609 I/MediaCodecsXmlParser( 1786): limit: frame-rate-range = 1-480
06-18 08:31:11.609 I/MediaCodecsXmlParser( 1786): limit: performance-point-3840x2160-range = 60-60
06-18 08:31:11.610 I/MediaCodecsXmlParser( 1786): limit: measured-frame-rate-320x240-range = 257-266
06-18 08:31:11.610 I/MediaCodecsXmlParser( 1786): limit: measured-frame-rate-720x480-range = 262-264
06-18 08:31:11.610 I/MediaCodecsXmlParser( 1786): limit: measured-frame-rate-1280x720-range = 227-251
06-18 08:31:11.610 I/MediaCodecsXmlParser( 1786): limit: measured-frame-rate-1920x1080-range = 235-247
06-18 08:31:11.610 I/MediaCodecsXmlParser( 1786): limit: measured-frame-rate-3840x2160-range = 235-247
06-18 08:31:11.610 I/MediaCodecsXmlParser( 1786): limit: feature-adaptive-playback = 0
06-18 08:31:11.610 I/MediaCodecsXmlParser( 1786): limit: size-range = 2x2-2560x2560
06-18 08:31:11.610 I/MediaCodecsXmlParser( 1786): limit: alignment = 2x2
06-18 08:31:11.610 I/MediaCodecsXmlParser( 1786): limit: block-size = 16x16
06-18 08:31:11.610 I/MediaCodecsXmlParser( 1786): limit: blocks-per-second-range = 24-2073600
06-18 08:31:11.610 I/MediaCodecsXmlParser( 1786): limit: bitrate-range = 1-120000000
06-18 08:31:11.610 I/MediaCodecsXmlParser( 1786): limit: frame-rate-range = 1-480
06-18 08:31:11.610 I/MediaCodecsXmlParser( 1786): limit: performance-point-1920x1088-range = 30-30
06-18 08:31:11.610 I/MediaCodecsXmlParser( 1786): limit: measured-frame-rate-320x240-range = 183-183
06-18 08:31:11.610 I/MediaCodecsXmlParser( 1786): limit: measured-frame-rate-720x480-range = 181-181
06-18 08:31:11.610 I/MediaCodecsXmlParser( 1786): limit: measured-frame-rate-1280x720-range = 182-184
06-18 08:31:11.610 I/MediaCodecsXmlParser( 1786): limit: measured-frame-rate-1920x1080-range = 30-40
06-18 08:31:11.610 I/MediaCodecsXmlParser( 1786): limit: feature-adaptive-playback = 0
06-18 08:31:11.610 I/MediaCodecsXmlParser( 1786): limit: size-range = 2x2-2048x2048
06-18 08:31:11.610 I/MediaCodecsXmlParser( 1786): limit: alignment = 2x2
06-18 08:31:11.610 I/MediaCodecsXmlParser( 1786): limit: block-size = 8x8
