06-18 14:27:31.386 W/PackageManager( 1908): Cannot whitelist unknown permission: com.huawei.android.launcher.permission.READ_SETTINGS
06-18 14:27:31.386 W/PackageManager( 1908): Cannot whitelist unknown permission: com.huawei.android.launcher.permission.WRITE_SETTINGS
06-18 14:27:31.386 W/PackageManager( 1908): Cannot whitelist unknown permission: android.permission.READ_APP_BADGE
06-18 14:27:31.386 W/PackageManager( 1908): Cannot whitelist unknown permission: com.oppo.launcher.permission.READ_SETTINGS
06-18 14:27:31.386 W/PackageManager( 1908): Cannot whitelist unknown permission: com.oppo.launcher.permission.WRITE_SETTINGS
06-18 14:27:31.386 I/PackageManager( 1908): Un-granting permission com.google.android.setupwizard.READ_DEVICE_ORIGIN from package com.google.android.apps.messaging (protectionLevel=18 flags=0x38cbbe45)
06-18 14:27:31.391 W/PackageManager( 1908): Cannot whitelist unknown permission: com.google.android.ims.LOG_ACCESS
06-18 14:27:31.391 W/PackageManager( 1908): Cannot whitelist unknown permission: com.cequint.ecid.CALLER_ID_EXTERNAL_LOOKUP_SMS
06-18 14:27:31.391 W/PackageManager( 1908): Cannot whitelist unknown permission: com.sec.android.provider.badge.permission.READ
06-18 14:27:31.391 W/PackageManager( 1908): Cannot whitelist unknown permission: com.sec.android.provider.badge.permission.WRITE
06-18 14:27:31.391 W/PackageManager( 1908): Cannot whitelist unknown permission: com.htc.launcher.permission.READ_SETTINGS
06-18 14:27:31.391 W/PackageManager( 1908): Cannot whitelist unknown permission: com.htc.launcher.permission.UPDATE_SHORTCUT
06-18 14:27:31.391 W/PackageManager( 1908): Cannot whitelist unknown permission: com.sonyericsson.home.permission.BROADCAST_BADGE
06-18 14:27:31.391 W/PackageManager( 1908): Cannot whitelist unknown permission: com.sonymobile.home.permission.PROVIDER_INSERT_BADGE
06-18 14:27:31.391 W/PackageManager( 1908): Cannot whitelist unknown permission: com.sonymobile.launcher.permission.PROVIDER_INSERT_BADGE
06-18 14:27:31.391 W/PackageManager( 1908): Cannot whitelist unknown permission: com.anddoes.launcher.permission.UPDATE_COUNT
06-18 14:27:31.391 W/PackageManager( 1908): Cannot whitelist unknown permission: com.majeur.launcher.permission.UPDATE_BADGE
06-18 14:27:31.391 W/PackageManager( 1908): Cannot whitelist unknown permission: com.huawei.android.launcher.permission.CHANGE_BADGE
06-18 14:27:31.392 W/PackageManager( 1908): Cannot whitelist unknown permission: com.huawei.android.launcher.permission.READ_SETTINGS
06-18 14:27:31.392 W/PackageManager( 1908): Cannot whitelist unknown permission: com.huawei.android.launcher.permission.WRITE_SETTINGS
06-18 14:27:31.392 W/PackageManager( 1908): Cannot whitelist unknown permission: android.permission.READ_APP_BADGE
06-18 14:27:31.392 W/PackageManager( 1908): Cannot whitelist unknown permission: com.oppo.launcher.permission.READ_SETTINGS
06-18 14:27:31.392 W/PackageManager( 1908): Cannot whitelist unknown permission: com.oppo.launcher.permission.WRITE_SETTINGS
06-18 14:27:31.392 I/PackageManager( 1908): Un-granting permission com.google.android.setupwizard.READ_DEVICE_ORIGIN from package com.google.android.apps.messaging (protectionLevel=18 flags=0x38cbbe45)
06-18 14:27:31.422 I/PackageManager( 1908): Un-granting permission android.permission.BIND_WALLPAPER from package com.android.camera2 (protectionLevel=18 flags=0x20d8bc45)
06-18 14:27:31.423 I/chatty  ( 1908): uid=1000(system) Binder:1908_3 identical 1 line
06-18 14:27:31.424 I/PackageManager( 1908): Un-granting permission android.permission.BIND_WALLPAPER from package com.android.camera2 (protectionLevel=18 flags=0x20d8bc45)
06-18 14:27:31.432 W/PackageManager( 1908): Cannot whitelist unknown permission: android.permission.NFC_UNLOCK
06-18 14:27:31.447 I/OMXClient( 1908): IOmx service obtained
06-18 14:27:31.448 I/OMXMaster( 1803): makeComponentInstance(OMX.google.vorbis.decoder) in android.hardwar process
06-18 14:27:31.449 E/OMXNodeInstance( 1803): getConfig(0xf6618c60:google.vorbis.decoder, ConfigAndroidVendorExtension(0x6f100004)) ERROR: Undefined(0x80001001)
06-18 14:27:31.465 W/PackageManager( 1908): Cannot whitelist unknown permission: android.permission.NFC_UNLOCK
06-18 14:27:31.486 W/PackageManager( 1908): Cannot whitelist unknown permission: com.google.android.email.permission.ACCESS_PROVIDER
06-18 14:27:31.486 W/PackageManager( 1908): Cannot whitelist unknown permission: com.google.android.gm.exchange.BIND
06-18 14:27:31.486 W/PackageManager( 1908): Cannot whitelist unknown permission: com.android.email.partnerprovider.PARTNER_PROVIDER
06-18 14:27:31.491 I/.gms.persisten( 2050): Compiler allocated 5328KB to compile boolean cuf.a(cyl, boolean, caau, caau, int, java.util.List, java.io.File, cyh)
06-18 14:27:31.492 I/PackageManager( 1908): Un-granting permission android.permission.REQUEST_INSTALL_PACKAGES from package com.google.android.gm (protectionLevel=66 flags=0x38cbbe45)
06-18 14:27:31.513 W/PackageManager( 1908): Cannot whitelist unknown permission: com.google.android.email.permission.ACCESS_PROVIDER
06-18 14:27:31.513 W/PackageManager( 1908): Cannot whitelist unknown permission: com.google.android.gm.exchange.BIND
06-18 14:27:31.513 W/PackageManager( 1908): Cannot whitelist unknown permission: com.android.email.partnerprovider.PARTNER_PROVIDER
06-18 14:27:31.513 I/PackageManager( 1908): Un-granting permission android.permission.REQUEST_INSTALL_PACKAGES from package com.google.android.gm (protectionLevel=66 flags=0x38cbbe45)
06-18 14:27:31.523 I/OMXClient( 1908): IOmx service obtained
06-18 14:27:31.523 I/OMXMaster( 1803): makeComponentInstance(OMX.google.vorbis.decoder) in android.hardwar process
06-18 14:27:31.525 E/OMXNodeInstance( 1803): getConfig(0xf6618c60:google.vorbis.decoder, ConfigAndroidVendorExtension(0x6f100004)) ERROR: Undefined(0x80001001)
06-18 14:27:31.595 I/OMXClient( 1908): IOmx service obtained
06-18 14:27:31.595 I/OMXMaster( 1803): makeComponentInstance(OMX.google.vorbis.decoder) in android.hardwar process
06-18 14:27:31.597 E/OMXNodeInstance( 1803): getConfig(0xf6618c60:google.vorbis.decoder, ConfigAndroidVendorExtension(0x6f100004)) ERROR: Undefined(0x80001001)
06-18 14:27:31.607 W/PackageManager( 1908): Cannot whitelist unknown permission: com.android.vending.TOS_ACKED
06-18 14:27:31.607 W/PackageManager( 1908): Cannot whitelist unknown permission: com.android.vending.setup.PLAY_SETUP_SERVICE
06-18 14:27:31.627 E/ActivityThread( 2050): Failed to find provider info for com.google.android.gsf.gservices
06-18 14:27:31.631 I/FileApkMgr( 2050): Extracting modules completed
06-18 14:27:31.631 I/GmsApplication( 2050): Staging modules completed
06-18 14:27:31.631 I/GmsApplication( 2050): Updating config
06-18 14:27:31.633 W/FileUtils( 2050): Failed to set world readable: /data/user_de/0/com.google.android.gms/app_chimera/current_config.fb
06-18 14:27:31.648 E/ChimeraCfgMgr( 2050): Failed to read module config: java.io.FileNotFoundException: /data/user_de/0/com.google.android.gms/app_chimera/current_config.fb: open failed: ENOENT (No such file or directory)
06-18 14:27:31.651 E/GservicesValue( 2050): Gservices key not whitelisted for directboot access: gms:chimera:dev_module_blacklist
06-18 14:27:31.654 I/GmsModuleFndr( 2050): Beginning GMS chimera module scan
06-18 14:27:31.669 I/.gms.persisten( 2050): Compiler allocated 5803KB to compile boolean cuf.a(cyl, boolean, caau, caau, int, java.util.List, java.io.File, cyh)
06-18 14:27:31.653 I/chatty  ( 2050): uid=10117 com.google.android.gms.persistent identical 8 lines
06-18 14:27:31.653 E/ActivityThread( 2050): Failed to find provider info for com.google.android.gsf.gservices
06-18 14:27:31.673 W/PackageManager( 1908): Cannot whitelist unknown permission: com.samsung.android.providers.context.permission.WRITE_USE_APP_FEATURE_SURVEY
06-18 14:27:31.674 I/PackageManager( 1908): Un-granting permission android.permission.BIND_JOB_SERVICE from package com.google.android.music (protectionLevel=2 flags=0x38cbbe65)
06-18 14:27:31.676 E/ChimeraCfgMgr( 2050): Failed to read module config: java.io.FileNotFoundException: /data/user_de/0/com.google.android.gms/app_chimera/current_config.fb: open failed: ENOENT (No such file or directory)
06-18 14:27:31.678 W/PackageManager( 1908): Cannot whitelist unknown permission: com.samsung.android.providers.context.permission.WRITE_USE_APP_FEATURE_SURVEY
06-18 14:27:31.678 I/PackageManager( 1908): Un-granting permission android.permission.BIND_JOB_SERVICE from package com.google.android.music (protectionLevel=2 flags=0x38cbbe65)
06-18 14:27:31.679 I/ModuleSetMgr( 2050): Config file doesn't exist, writing blank config.
06-18 14:27:31.679 W/PackageManager( 1908): Cannot whitelist unknown permission: com.samsung.android.providers.context.permission.WRITE_USE_APP_FEATURE_SURVEY
06-18 14:27:31.679 I/PackageManager( 1908): Un-granting permission android.permission.BIND_JOB_SERVICE from package com.google.android.music (protectionLevel=2 flags=0x38cbbe65)
06-18 14:27:31.684 I/ModuleSetMgr( 2050): Computing pending module set with APKs: [[AdsFdrDynamite.integ:21460000000], [Cronetdynamite:202414040800], [Dynamiteloader:202414040800], [Dynamitemodulesa:202414040000], [Dynamitemodulesc:202414040000], [Googlecertificates:202414040000], [Mapsdynamite:202414040000], [Measurementdynamite:202414040000]]
06-18 14:27:31.685 W/PackageManager( 1908): Cannot whitelist unknown permission: com.android.vending.BILLING
06-18 14:27:31.685 I/PackageManager( 1908): Un-granting permission android.permission.REQUEST_INSTALL_PACKAGES from package com.google.android.apps.docs (protectionLevel=66 flags=0x38cbbe45)
06-18 14:27:31.686 E/ActivityThread( 2050): Failed to find provider info for com.google.android.gsf.gservices
06-18 14:27:31.687 E/ActivityThread( 2050): Failed to find provider info for com.google.android.gsf.gservices
06-18 14:27:31.687 W/PackageManager( 1908): Cannot whitelist unknown permission: com.android.vending.BILLING
06-18 14:27:31.687 I/PackageManager( 1908): Un-granting permission android.permission.REQUEST_INSTALL_PACKAGES from package com.google.android.apps.docs (protectionLevel=66 flags=0x38cbbe45)
06-18 14:27:31.687 E/ActivityThread( 2050): Failed to find provider info for com.google.android.gsf.gservices
06-18 14:27:31.697 I/OMXClient( 1908): IOmx service obtained
06-18 14:27:31.697 I/OMXMaster( 1803): makeComponentInstance(OMX.google.vorbis.decoder) in android.hardwar process
06-18 14:27:31.698 E/OMXNodeInstance( 1803): getConfig(0xf44be300:google.vorbis.decoder, ConfigAndroidVendorExtension(0x6f100004)) ERROR: Undefined(0x80001001)
06-18 14:27:31.728 I/ModuleSetMgr( 2050): Pending container module APKs: []
06-18 14:27:31.728 I/ModuleSetMgr( 2050): Pending non-container module APKs: []
06-18 14:27:31.731 E/ChimeraCfgMgr( 2050): Failed to read module config: java.io.FileNotFoundException: /data/user_de/0/com.google.android.gms/app_chimera/current_config.fb: open failed: ENOENT (No such file or directory)
06-18 14:27:31.731 W/IntentOperation( 2050): Failed to get Chimera config:com.google.android.chimera.config.InvalidConfigException: java.io.FileNotFoundException: /data/user_de/0/com.google.android.gms/app_chimera/current_config.fb: open failed: ENOENT (No such file or directory)
06-18 14:27:31.732 I/chatty  ( 2050): uid=10117 com.google.android.gms.persistent identical 10 lines
06-18 14:27:31.732 E/ActivityThread( 2050): Failed to find provider info for com.google.android.gsf.gservices
06-18 14:27:31.742 W/PackageManager( 1908): Cannot whitelist unknown permission: android.permission.READ_MEDIA_IMAGES
06-18 14:27:31.742 W/PackageManager( 1908): Cannot whitelist unknown permission: com.chrome.permission.DEVICE_EXTRAS
06-18 14:27:31.742 W/PackageManager( 1908): Cannot whitelist unknown permission: com.sec.enterprise.knox.MDM_CONTENT_PROVIDER
06-18 14:27:31.742 I/PackageManager( 1908): Un-granting permission android.permission.REQUEST_INSTALL_PACKAGES from package com.android.chrome (protectionLevel=66 flags=0xa0cbbe45)
06-18 14:27:31.742 I/PackageManager( 1908): Un-granting permission com.google.android.apps.now.CURRENT_ACCOUNT_ACCESS from package com.android.chrome (protectionLevel=2 flags=0xa0cbbe45)
06-18 14:27:31.743 W/PackageManager( 1908): Cannot whitelist unknown permission: android.permission.READ_MEDIA_IMAGES
06-18 14:27:31.743 W/PackageManager( 1908): Cannot whitelist unknown permission: com.chrome.permission.DEVICE_EXTRAS
06-18 14:27:31.743 W/PackageManager( 1908): Cannot whitelist unknown permission: com.sec.enterprise.knox.MDM_CONTENT_PROVIDER
06-18 14:27:31.743 I/PackageManager( 1908): Un-granting permission android.permission.REQUEST_INSTALL_PACKAGES from package com.android.chrome (protectionLevel=66 flags=0xa0cbbe45)
06-18 14:27:31.743 I/PackageManager( 1908): Un-granting permission com.google.android.apps.now.CURRENT_ACCOUNT_ACCESS from package com.android.chrome (protectionLevel=2 flags=0xa0cbbe45)
06-18 14:27:31.745 W/PackageManager( 1908): Cannot whitelist unknown permission: com.sec.android.provider.badge.permission.READ
06-18 14:27:31.745 W/PackageManager( 1908): Cannot whitelist unknown permission: com.sec.android.provider.badge.permission.WRITE
06-18 14:27:31.746 W/PackageManager( 1908): Cannot whitelist unknown permission: com.htc.launcher.permission.READ_SETTINGS
06-18 14:27:31.746 W/PackageManager( 1908): Cannot whitelist unknown permission: com.htc.launcher.permission.UPDATE_SHORTCUT
06-18 14:27:31.746 W/PackageManager( 1908): Cannot whitelist unknown permission: com.sonyericsson.home.permission.BROADCAST_BADGE
06-18 14:27:31.746 W/PackageManager( 1908): Cannot whitelist unknown permission: com.sonymobile.home.permission.PROVIDER_INSERT_BADGE
06-18 14:27:31.746 W/PackageManager( 1908): Cannot whitelist unknown permission: com.anddoes.launcher.permission.UPDATE_COUNT
06-18 14:27:31.746 W/PackageManager( 1908): Cannot whitelist unknown permission: com.majeur.launcher.permission.UPDATE_BADGE
06-18 14:27:31.746 W/PackageManager( 1908): Cannot whitelist unknown permission: com.huawei.android.launcher.permission.CHANGE_BADGE
06-18 14:27:31.746 W/PackageManager( 1908): Cannot whitelist unknown permission: com.huawei.android.launcher.permission.READ_SETTINGS
06-18 14:27:31.746 W/PackageManager( 1908): Cannot whitelist unknown permission: com.huawei.android.launcher.permission.WRITE_SETTINGS
06-18 14:27:31.746 W/PackageManager( 1908): Cannot whitelist unknown permission: android.permission.READ_APP_BADGE
06-18 14:27:31.746 W/PackageManager( 1908): Cannot whitelist unknown permission: com.oppo.launcher.permission.READ_SETTINGS
06-18 14:27:31.746 W/PackageManager( 1908): Cannot whitelist unknown permission: com.oppo.launcher.permission.WRITE_SETTINGS
06-18 14:27:31.746 W/PackageManager( 1908): Cannot whitelist unknown permission: com.cequint.ecid.CALLER_ID_LOOKUP
06-18 14:27:31.746 W/PackageManager( 1908): Cannot whitelist unknown permission: com.motorola.incallui.permission.INCOMING_CALL_VISIBILITY_CHANGED
06-18 14:27:31.747 W/PackageManager( 1908): Cannot whitelist unknown permission: com.sec.android.provider.badge.permission.READ
06-18 14:27:31.747 W/PackageManager( 1908): Cannot whitelist unknown permission: com.sec.android.provider.badge.permission.WRITE
06-18 14:27:31.747 W/PackageManager( 1908): Cannot whitelist unknown permission: com.htc.launcher.permission.READ_SETTINGS
06-18 14:27:31.747 W/PackageManager( 1908): Cannot whitelist unknown permission: com.htc.launcher.permission.UPDATE_SHORTCUT
06-18 14:27:31.747 W/PackageManager( 1908): Cannot whitelist unknown permission: com.sonyericsson.home.permission.BROADCAST_BADGE
06-18 14:27:31.747 W/PackageManager( 1908): Cannot whitelist unknown permission: com.sonymobile.home.permission.PROVIDER_INSERT_BADGE
06-18 14:27:31.747 W/PackageManager( 1908): Cannot whitelist unknown permission: com.anddoes.launcher.permission.UPDATE_COUNT
06-18 14:27:31.747 W/PackageManager( 1908): Cannot whitelist unknown permission: com.majeur.launcher.permission.UPDATE_BADGE
06-18 14:27:31.747 W/PackageManager( 1908): Cannot whitelist unknown permission: com.huawei.android.launcher.permission.CHANGE_BADGE
06-18 14:27:31.747 W/PackageManager( 1908): Cannot whitelist unknown permission: com.huawei.android.launcher.permission.READ_SETTINGS
06-18 14:27:31.747 W/PackageManager( 1908): Cannot whitelist unknown permission: com.huawei.android.launcher.permission.WRITE_SETTINGS
06-18 14:27:31.747 W/PackageManager( 1908): Cannot whitelist unknown permission: android.permission.READ_APP_BADGE
06-18 14:27:31.747 W/PackageManager( 1908): Cannot whitelist unknown permission: com.oppo.launcher.permission.READ_SETTINGS
06-18 14:27:31.747 W/PackageManager( 1908): Cannot whitelist unknown permission: com.oppo.launcher.permission.WRITE_SETTINGS
06-18 14:27:31.747 W/PackageManager( 1908): Cannot whitelist unknown permission: com.cequint.ecid.CALLER_ID_LOOKUP
06-18 14:27:31.747 W/PackageManager( 1908): Cannot whitelist unknown permission: com.motorola.incallui.permission.INCOMING_CALL_VISIBILITY_CHANGED
06-18 14:27:31.748 W/PackageManager( 1908): Cannot whitelist unknown permission: com.sec.android.provider.badge.permission.READ
06-18 14:27:31.748 W/PackageManager( 1908): Cannot whitelist unknown permission: com.sec.android.provider.badge.permission.WRITE
06-18 14:27:31.748 W/PackageManager( 1908): Cannot whitelist unknown permission: com.htc.launcher.permission.READ_SETTINGS
06-18 14:27:31.748 W/PackageManager( 1908): Cannot whitelist unknown permission: com.htc.launcher.permission.UPDATE_SHORTCUT
06-18 14:27:31.748 W/PackageManager( 1908): Cannot whitelist unknown permission: com.sonyericsson.home.permission.BROADCAST_BADGE
06-18 14:27:31.748 W/PackageManager( 1908): Cannot whitelist unknown permission: com.sonymobile.home.permission.PROVIDER_INSERT_BADGE
06-18 14:27:31.748 W/PackageManager( 1908): Cannot whitelist unknown permission: com.anddoes.launcher.permission.UPDATE_COUNT
06-18 14:27:31.748 W/PackageManager( 1908): Cannot whitelist unknown permission: com.majeur.launcher.permission.UPDATE_BADGE
06-18 14:27:31.748 W/PackageManager( 1908): Cannot whitelist unknown permission: com.huawei.android.launcher.permission.CHANGE_BADGE
06-18 14:27:31.748 W/PackageManager( 1908): Cannot whitelist unknown permission: com.huawei.android.launcher.permission.READ_SETTINGS
06-18 14:27:31.748 W/PackageManager( 1908): Cannot whitelist unknown permission: com.huawei.android.launcher.permission.WRITE_SETTINGS
06-18 14:27:31.749 W/PackageManager( 1908): Cannot whitelist unknown permission: android.permission.READ_APP_BADGE
06-18 14:27:31.749 W/PackageManager( 1908): Cannot whitelist unknown permission: com.oppo.launcher.permission.READ_SETTINGS
06-18 14:27:31.749 W/PackageManager( 1908): Cannot whitelist unknown permission: com.oppo.launcher.permission.WRITE_SETTINGS
06-18 14:27:31.749 W/PackageManager( 1908): Cannot whitelist unknown permission: com.cequint.ecid.CALLER_ID_LOOKUP
06-18 14:27:31.749 W/PackageManager( 1908): Cannot whitelist unknown permission: com.motorola.incallui.permission.INCOMING_CALL_VISIBILITY_CHANGED
06-18 14:27:31.749 W/PackageManager( 1908): Cannot whitelist unknown permission: com.sec.android.provider.badge.permission.READ
06-18 14:27:31.749 W/PackageManager( 1908): Cannot whitelist unknown permission: com.sec.android.provider.badge.permission.WRITE
06-18 14:27:31.749 W/PackageManager( 1908): Cannot whitelist unknown permission: com.htc.launcher.permission.READ_SETTINGS
06-18 14:27:31.750 W/PackageManager( 1908): Cannot whitelist unknown permission: com.htc.launcher.permission.UPDATE_SHORTCUT
06-18 14:27:31.750 W/PackageManager( 1908): Cannot whitelist unknown permission: com.sonyericsson.home.permission.BROADCAST_BADGE
06-18 14:27:31.750 W/PackageManager( 1908): Cannot whitelist unknown permission: com.sonymobile.home.permission.PROVIDER_INSERT_BADGE
06-18 14:27:31.750 W/PackageManager( 1908): Cannot whitelist unknown permission: com.anddoes.launcher.permission.UPDATE_COUNT
06-18 14:27:31.750 W/PackageManager( 1908): Cannot whitelist unknown permission: com.majeur.launcher.permission.UPDATE_BADGE
06-18 14:27:31.750 W/PackageManager( 1908): Cannot whitelist unknown permission: com.huawei.android.launcher.permission.CHANGE_BADGE
06-18 14:27:31.750 W/PackageManager( 1908): Cannot whitelist unknown permission: com.huawei.android.launcher.permission.READ_SETTINGS
06-18 14:27:31.750 W/PackageManager( 1908): Cannot whitelist unknown permission: com.huawei.android.launcher.permission.WRITE_SETTINGS
06-18 14:27:31.750 W/PackageManager( 1908): Cannot whitelist unknown permission: android.permission.READ_APP_BADGE
06-18 14:27:31.750 W/PackageManager( 1908): Cannot whitelist unknown permission: com.oppo.launcher.permission.READ_SETTINGS
06-18 14:27:31.750 W/PackageManager( 1908): Cannot whitelist unknown permission: com.oppo.launcher.permission.WRITE_SETTINGS
06-18 14:27:31.750 W/PackageManager( 1908): Cannot whitelist unknown permission: com.cequint.ecid.CALLER_ID_LOOKUP
06-18 14:27:31.750 W/PackageManager( 1908): Cannot whitelist unknown permission: com.motorola.incallui.permission.INCOMING_CALL_VISIBILITY_CHANGED
06-18 14:27:31.752 W/PackageManager( 1908): Cannot whitelist unknown permission: com.sec.android.provider.badge.permission.READ
06-18 14:27:31.752 W/PackageManager( 1908): Cannot whitelist unknown permission: com.sec.android.provider.badge.permission.WRITE
06-18 14:27:31.752 W/PackageManager( 1908): Cannot whitelist unknown permission: com.htc.launcher.permission.READ_SETTINGS
06-18 14:27:31.752 W/PackageManager( 1908): Cannot whitelist unknown permission: com.htc.launcher.permission.UPDATE_SHORTCUT
06-18 14:27:31.752 W/PackageManager( 1908): Cannot whitelist unknown permission: com.sonyericsson.home.permission.BROADCAST_BADGE
06-18 14:27:31.752 W/PackageManager( 1908): Cannot whitelist unknown permission: com.sonymobile.home.permission.PROVIDER_INSERT_BADGE
06-18 14:27:31.752 W/PackageManager( 1908): Cannot whitelist unknown permission: com.anddoes.launcher.permission.UPDATE_COUNT
06-18 14:27:31.752 W/PackageManager( 1908): Cannot whitelist unknown permission: com.majeur.launcher.permission.UPDATE_BADGE
06-18 14:27:31.752 W/PackageManager( 1908): Cannot whitelist unknown permission: com.huawei.android.launcher.permission.CHANGE_BADGE
06-18 14:27:31.752 W/PackageManager( 1908): Cannot whitelist unknown permission: com.huawei.android.launcher.permission.READ_SETTINGS
06-18 14:27:31.752 W/PackageManager( 1908): Cannot whitelist unknown permission: com.huawei.android.launcher.permission.WRITE_SETTINGS
06-18 14:27:31.752 W/PackageManager( 1908): Cannot whitelist unknown permission: android.permission.READ_APP_BADGE
06-18 14:27:31.752 W/PackageManager( 1908): Cannot whitelist unknown permission: com.oppo.launcher.permission.READ_SETTINGS
06-18 14:27:31.752 W/PackageManager( 1908): Cannot whitelist unknown permission: com.oppo.launcher.permission.WRITE_SETTINGS
06-18 14:27:31.752 W/PackageManager( 1908): Cannot whitelist unknown permission: com.cequint.ecid.CALLER_ID_LOOKUP
06-18 14:27:31.752 W/PackageManager( 1908): Cannot whitelist unknown permission: com.motorola.incallui.permission.INCOMING_CALL_VISIBILITY_CHANGED
06-18 14:27:31.757 W/PackageManager( 1908): Cannot whitelist unknown permission: com.sec.android.provider.badge.permission.READ
06-18 14:27:31.757 W/PackageManager( 1908): Cannot whitelist unknown permission: com.sec.android.provider.badge.permission.WRITE
06-18 14:27:31.757 W/PackageManager( 1908): Cannot whitelist unknown permission: com.htc.launcher.permission.READ_SETTINGS
06-18 14:27:31.757 W/PackageManager( 1908): Cannot whitelist unknown permission: com.htc.launcher.permission.UPDATE_SHORTCUT
06-18 14:27:31.757 W/PackageManager( 1908): Cannot whitelist unknown permission: com.sonyericsson.home.permission.BROADCAST_BADGE
06-18 14:27:31.757 W/PackageManager( 1908): Cannot whitelist unknown permission: com.sonymobile.home.permission.PROVIDER_INSERT_BADGE
06-18 14:27:31.757 W/PackageManager( 1908): Cannot whitelist unknown permission: com.anddoes.launcher.permission.UPDATE_COUNT
06-18 14:27:31.757 W/PackageManager( 1908): Cannot whitelist unknown permission: com.majeur.launcher.permission.UPDATE_BADGE
06-18 14:27:31.757 W/PackageManager( 1908): Cannot whitelist unknown permission: com.huawei.android.launcher.permission.CHANGE_BADGE
06-18 14:27:31.757 W/PackageManager( 1908): Cannot whitelist unknown permission: com.huawei.android.launcher.permission.READ_SETTINGS
06-18 14:27:31.757 W/PackageManager( 1908): Cannot whitelist unknown permission: com.huawei.android.launcher.permission.WRITE_SETTINGS
06-18 14:27:31.757 W/PackageManager( 1908): Cannot whitelist unknown permission: android.permission.READ_APP_BADGE
06-18 14:27:31.757 W/PackageManager( 1908): Cannot whitelist unknown permission: com.oppo.launcher.permission.READ_SETTINGS
06-18 14:27:31.757 W/PackageManager( 1908): Cannot whitelist unknown permission: com.oppo.launcher.permission.WRITE_SETTINGS
06-18 14:27:31.757 W/PackageManager( 1908): Cannot whitelist unknown permission: com.cequint.ecid.CALLER_ID_LOOKUP
06-18 14:27:31.757 W/PackageManager( 1908): Cannot whitelist unknown permission: com.motorola.incallui.permission.INCOMING_CALL_VISIBILITY_CHANGED
06-18 14:27:31.759 W/PackageManager( 1908): Cannot whitelist unknown permission: com.sec.android.provider.badge.permission.READ
06-18 14:27:31.759 W/PackageManager( 1908): Cannot whitelist unknown permission: com.sec.android.provider.badge.permission.WRITE
06-18 14:27:31.759 W/PackageManager( 1908): Cannot whitelist unknown permission: com.htc.launcher.permission.READ_SETTINGS
06-18 14:27:31.759 W/PackageManager( 1908): Cannot whitelist unknown permission: com.htc.launcher.permission.UPDATE_SHORTCUT
06-18 14:27:31.759 W/PackageManager( 1908): Cannot whitelist unknown permission: com.sonyericsson.home.permission.BROADCAST_BADGE
06-18 14:27:31.759 W/PackageManager( 1908): Cannot whitelist unknown permission: com.sonymobile.home.permission.PROVIDER_INSERT_BADGE
06-18 14:27:31.759 W/PackageManager( 1908): Cannot whitelist unknown permission: com.anddoes.launcher.permission.UPDATE_COUNT
06-18 14:27:31.759 W/PackageManager( 1908): Cannot whitelist unknown permission: com.majeur.launcher.permission.UPDATE_BADGE
06-18 14:27:31.759 W/PackageManager( 1908): Cannot whitelist unknown permission: com.huawei.android.launcher.permission.CHANGE_BADGE
06-18 14:27:31.759 W/PackageManager( 1908): Cannot whitelist unknown permission: com.huawei.android.launcher.permission.READ_SETTINGS
06-18 14:27:31.759 W/PackageManager( 1908): Cannot whitelist unknown permission: com.huawei.android.launcher.permission.WRITE_SETTINGS
06-18 14:27:31.759 W/PackageManager( 1908): Cannot whitelist unknown permission: android.permission.READ_APP_BADGE
06-18 14:27:31.759 W/PackageManager( 1908): Cannot whitelist unknown permission: com.oppo.launcher.permission.READ_SETTINGS
06-18 14:27:31.759 W/PackageManager( 1908): Cannot whitelist unknown permission: com.oppo.launcher.permission.WRITE_SETTINGS
06-18 14:27:31.759 W/PackageManager( 1908): Cannot whitelist unknown permission: com.cequint.ecid.CALLER_ID_LOOKUP
06-18 14:27:31.759 W/PackageManager( 1908): Cannot whitelist unknown permission: com.motorola.incallui.permission.INCOMING_CALL_VISIBILITY_CHANGED
06-18 14:27:31.765 W/PackageManager( 1908): Cannot whitelist unknown permission: android.permission.QUERY_ALL_PACKAGES
06-18 14:27:31.765 W/PackageManager( 1908): Cannot whitelist unknown permission: android.permission.PRE_FACTORY_RESET
06-18 14:27:31.765 W/PackageManager( 1908): Cannot whitelist unknown permission: android.permission.MANAGE_FACTORY_RESET_PROTECTION
06-18 14:27:31.765 W/PackageManager( 1908): Cannot whitelist unknown permission: android.car.permission.CAR_POWER
06-18 14:27:31.766 W/PackageManager( 1908): Cannot whitelist unknown permission: com.google.android.wearable.WRITE_SETTINGS
06-18 14:27:31.766 W/PackageManager( 1908): Cannot whitelist unknown permission: com.felicanetworks.mfc.permission.MFC_ACCESS
06-18 14:27:31.766 W/PackageManager( 1908): Cannot whitelist unknown permission: com.felicanetworks.mfc.mfi.permission.MFI_ACCESS
06-18 14:27:31.766 W/PackageManager( 1908): Cannot whitelist unknown permission: com.google.android.finsky.permission.INSTANT_APP_STATE
06-18 14:27:31.766 W/PackageManager( 1908): Cannot whitelist unknown permission: android.permission.UWB
06-18 14:27:31.766 W/PackageManager( 1908): Cannot whitelist unknown permission: com.google.android.finsky.permission.BIND_GET_INSTALL_REFERRER_SERVICE
06-18 14:27:31.766 W/PackageManager( 1908): Cannot whitelist unknown permission: com.google.android.hangouts.START_HANGOUT
06-18 14:27:31.766 W/PackageManager( 1908): Cannot whitelist unknown permission: android.car.permission.CAR_POWERTRAIN
06-18 14:27:31.766 W/PackageManager( 1908): Cannot whitelist unknown permission: android.car.permission.CAR_ENERGY
06-18 14:27:31.766 W/PackageManager( 1908): Cannot whitelist unknown permission: android.car.permission.CAR_ENERGY_PORTS
06-18 14:27:31.766 W/PackageManager( 1908): Cannot whitelist unknown permission: android.car.permission.CAR_EXTERIOR_LIGHTS
06-18 14:27:31.766 W/PackageManager( 1908): Cannot whitelist unknown permission: android.car.permission.CAR_INFO
06-18 14:27:31.766 W/PackageManager( 1908): Cannot whitelist unknown permission: android.car.permission.CAR_MILEAGE
06-18 14:27:31.766 W/PackageManager( 1908): Cannot whitelist unknown permission: android.car.permission.CAR_TIRES
06-18 14:27:31.766 W/PackageManager( 1908): Cannot whitelist unknown permission: android.car.permission.CONTROL_CAR_CLIMATE
06-18 14:27:31.766 W/PackageManager( 1908): Cannot whitelist unknown permission: android.car.permission.CONTROL_CAR_DOORS
06-18 14:27:31.766 W/PackageManager( 1908): Cannot whitelist unknown permission: android.car.permission.CONTROL_CAR_EXTERIOR_LIGHTS
06-18 14:27:31.766 W/PackageManager( 1908): Cannot whitelist unknown permission: android.car.permission.CONTROL_CAR_MIRRORS
06-18 14:27:31.766 W/PackageManager( 1908): Cannot whitelist unknown permission: android.car.permission.CONTROL_CAR_SEATS
06-18 14:27:31.766 W/PackageManager( 1908): Cannot whitelist unknown permission: android.car.permission.CONTROL_CAR_WINDOWS
06-18 14:27:31.766 W/PackageManager( 1908): Cannot whitelist unknown permission: android.car.permission.READ_CAR_DISPLAY_UNITS
06-18 14:27:31.766 W/PackageManager( 1908): Cannot whitelist unknown permission: com.google.android.finsky.permission.GEARHEAD_SERVICE
06-18 14:27:31.767 W/PackageManager( 1908): Cannot whitelist unknown permission: com.google.android.permission.ACCESSIBILITY_SCAN_SERVICE
06-18 14:27:31.767 W/PackageManager( 1908): Cannot whitelist unknown permission: com.google.android.finsky.permission.ACCESS_INSTANT_APP_NOTIFICATION_ENFORCEMENT
06-18 14:27:31.767 W/PackageManager( 1908): Cannot whitelist unknown permission: com.google.android.clockwork.settings.SHOW_FACTORY_RESET_CONFIRMATION
06-18 14:27:31.767 W/PackageManager( 1908): Cannot whitelist unknown permission: com.google.android.wearable.READ_SETTINGS
06-18 14:27:31.767 W/PackageManager( 1908): Cannot whitelist unknown permission: android.permission.READ_MEDIA_AUDIO
06-18 14:27:31.767 W/PackageManager( 1908): Cannot whitelist unknown permission: android.permission.READ_MEDIA_IMAGES
06-18 14:27:31.767 W/PackageManager( 1908): Cannot whitelist unknown permission: android.permission.READ_MEDIA_VIDEO
06-18 14:27:31.767 W/PackageManager( 1908): Cannot whitelist unknown permission: com.android.vending.setup.PLAY_SETUP_SERVICE
06-18 14:27:31.767 W/PackageManager( 1908): Cannot whitelist unknown permission: com.google.android.gms.game.notifications.permission.WRITE
06-18 14:27:31.767 W/PackageManager( 1908): Cannot whitelist unknown permission: com.google.android.vending.verifier.ACCESS_VERIFIER
06-18 14:27:31.767 I/PackageManager( 1908): Un-granting permission android.permission.CAPTURE_VIDEO_OUTPUT from package com.google.android.gms (protectionLevel=2 flags=0xb0cabe45)
06-18 14:27:31.767 I/PackageManager( 1908): Un-granting permission android.permission.MANAGE_DEVICE_ADMINS from package com.google.android.gms (protectionLevel=2 flags=0xb0cabe45)
06-18 14:27:31.767 I/PackageManager( 1908): Un-granting permission android.permission.MANAGE_ACTIVITY_STACKS from package com.google.android.gms (protectionLevel=2 flags=0xb0cabe45)
06-18 14:27:31.767 I/PackageManager( 1908): Un-granting permission android.permission.CAPTURE_SECURE_VIDEO_OUTPUT from package com.google.android.gms (protectionLevel=2 flags=0xb0cabe45)
06-18 14:27:31.767 I/PackageManager( 1908): Un-granting permission android.permission.MANAGE_ROLLBACKS from package com.google.android.gms (protectionLevel=514 flags=0xb0cabe45)
06-18 14:27:31.770 W/PackageManager( 1908): Cannot whitelist unknown permission: android.permission.QUERY_ALL_PACKAGES
06-18 14:27:31.770 W/PackageManager( 1908): Cannot whitelist unknown permission: android.permission.PRE_FACTORY_RESET
06-18 14:27:31.770 W/PackageManager( 1908): Cannot whitelist unknown permission: android.permission.MANAGE_FACTORY_RESET_PROTECTION
06-18 14:27:31.770 W/PackageManager( 1908): Cannot whitelist unknown permission: android.car.permission.CAR_POWER
06-18 14:27:31.770 W/PackageManager( 1908): Cannot whitelist unknown permission: com.google.android.wearable.WRITE_SETTINGS
06-18 14:27:31.770 W/PackageManager( 1908): Cannot whitelist unknown permission: com.felicanetworks.mfc.permission.MFC_ACCESS
06-18 14:27:31.770 W/PackageManager( 1908): Cannot whitelist unknown permission: com.felicanetworks.mfc.mfi.permission.MFI_ACCESS
06-18 14:27:31.770 W/PackageManager( 1908): Cannot whitelist unknown permission: com.google.android.finsky.permission.INSTANT_APP_STATE
06-18 14:27:31.770 W/PackageManager( 1908): Cannot whitelist unknown permission: android.permission.UWB
06-18 14:27:31.770 W/PackageManager( 1908): Cannot whitelist unknown permission: com.google.android.finsky.permission.BIND_GET_INSTALL_REFERRER_SERVICE
06-18 14:27:31.770 W/PackageManager( 1908): Cannot whitelist unknown permission: com.google.android.hangouts.START_HANGOUT
06-18 14:27:31.770 W/PackageManager( 1908): Cannot whitelist unknown permission: android.car.permission.CAR_POWERTRAIN
06-18 14:27:31.770 W/PackageManager( 1908): Cannot whitelist unknown permission: android.car.permission.CAR_ENERGY
06-18 14:27:31.770 W/PackageManager( 1908): Cannot whitelist unknown permission: android.car.permission.CAR_ENERGY_PORTS
06-18 14:27:31.770 W/PackageManager( 1908): Cannot whitelist unknown permission: android.car.permission.CAR_EXTERIOR_LIGHTS
06-18 14:27:31.770 W/PackageManager( 1908): Cannot whitelist unknown permission: android.car.permission.CAR_INFO
06-18 14:27:31.770 W/PackageManager( 1908): Cannot whitelist unknown permission: android.car.permission.CAR_MILEAGE
06-18 14:27:31.770 W/PackageManager( 1908): Cannot whitelist unknown permission: android.car.permission.CAR_TIRES
06-18 14:27:31.770 W/PackageManager( 1908): Cannot whitelist unknown permission: android.car.permission.CONTROL_CAR_CLIMATE
06-18 14:27:31.771 W/PackageManager( 1908): Cannot whitelist unknown permission: android.car.permission.CONTROL_CAR_DOORS
06-18 14:27:31.771 W/PackageManager( 1908): Cannot whitelist unknown permission: android.car.permission.CONTROL_CAR_EXTERIOR_LIGHTS
06-18 14:27:31.771 W/PackageManager( 1908): Cannot whitelist unknown permission: android.car.permission.CONTROL_CAR_MIRRORS
06-18 14:27:31.771 W/PackageManager( 1908): Cannot whitelist unknown permission: android.car.permission.CONTROL_CAR_SEATS
06-18 14:27:31.771 W/PackageManager( 1908): Cannot whitelist unknown permission: android.car.permission.CONTROL_CAR_WINDOWS
06-18 14:27:31.771 W/PackageManager( 1908): Cannot whitelist unknown permission: android.car.permission.READ_CAR_DISPLAY_UNITS
06-18 14:27:31.771 W/PackageManager( 1908): Cannot whitelist unknown permission: com.google.android.finsky.permission.GEARHEAD_SERVICE
06-18 14:27:31.771 W/PackageManager( 1908): Cannot whitelist unknown permission: com.google.android.permission.ACCESSIBILITY_SCAN_SERVICE
06-18 14:27:31.771 W/PackageManager( 1908): Cannot whitelist unknown permission: com.google.android.finsky.permission.ACCESS_INSTANT_APP_NOTIFICATION_ENFORCEMENT
06-18 14:27:31.771 W/PackageManager( 1908): Cannot whitelist unknown permission: com.google.android.clockwork.settings.SHOW_FACTORY_RESET_CONFIRMATION
06-18 14:27:31.771 W/PackageManager( 1908): Cannot whitelist unknown permission: com.google.android.wearable.READ_SETTINGS
06-18 14:27:31.771 W/PackageManager( 1908): Cannot whitelist unknown permission: android.permission.READ_MEDIA_AUDIO
06-18 14:27:31.771 W/PackageManager( 1908): Cannot whitelist unknown permission: android.permission.READ_MEDIA_IMAGES
06-18 14:27:31.771 W/PackageManager( 1908): Cannot whitelist unknown permission: android.permission.READ_MEDIA_VIDEO
06-18 14:27:31.771 W/PackageManager( 1908): Cannot whitelist unknown permission: com.android.vending.setup.PLAY_SETUP_SERVICE
06-18 14:27:31.771 W/PackageManager( 1908): Cannot whitelist unknown permission: com.google.android.gms.game.notifications.permission.WRITE
06-18 14:27:31.771 W/PackageManager( 1908): Cannot whitelist unknown permission: com.google.android.vending.verifier.ACCESS_VERIFIER
06-18 14:27:31.771 I/PackageManager( 1908): Un-granting permission android.permission.CAPTURE_VIDEO_OUTPUT from package com.google.android.gms (protectionLevel=2 flags=0xb0cabe45)
06-18 14:27:31.771 I/PackageManager( 1908): Un-granting permission android.permission.MANAGE_DEVICE_ADMINS from package com.google.android.gms (protectionLevel=2 flags=0xb0cabe45)
06-18 14:27:31.771 I/PackageManager( 1908): Un-granting permission android.permission.MANAGE_ACTIVITY_STACKS from package com.google.android.gms (protectionLevel=2 flags=0xb0cabe45)
06-18 14:27:31.771 I/PackageManager( 1908): Un-granting permission android.permission.CAPTURE_SECURE_VIDEO_OUTPUT from package com.google.android.gms (protectionLevel=2 flags=0xb0cabe45)
06-18 14:27:31.772 I/PackageManager( 1908): Un-granting permission android.permission.MANAGE_ROLLBACKS from package com.google.android.gms (protectionLevel=514 flags=0xb0cabe45)
06-18 14:27:31.774 W/PackageManager( 1908): Cannot whitelist unknown permission: android.permission.QUERY_ALL_PACKAGES
06-18 14:27:31.774 W/PackageManager( 1908): Cannot whitelist unknown permission: android.permission.PRE_FACTORY_RESET
06-18 14:27:31.774 W/PackageManager( 1908): Cannot whitelist unknown permission: android.permission.MANAGE_FACTORY_RESET_PROTECTION
06-18 14:27:31.774 W/PackageManager( 1908): Cannot whitelist unknown permission: android.car.permission.CAR_POWER
06-18 14:27:31.774 W/PackageManager( 1908): Cannot whitelist unknown permission: com.google.android.wearable.WRITE_SETTINGS
06-18 14:27:31.774 W/PackageManager( 1908): Cannot whitelist unknown permission: com.felicanetworks.mfc.permission.MFC_ACCESS
06-18 14:27:31.774 W/PackageManager( 1908): Cannot whitelist unknown permission: com.felicanetworks.mfc.mfi.permission.MFI_ACCESS
06-18 14:27:31.774 W/PackageManager( 1908): Cannot whitelist unknown permission: com.google.android.finsky.permission.INSTANT_APP_STATE
06-18 14:27:31.774 W/PackageManager( 1908): Cannot whitelist unknown permission: android.permission.UWB
06-18 14:27:31.774 W/PackageManager( 1908): Cannot whitelist unknown permission: com.google.android.finsky.permission.BIND_GET_INSTALL_REFERRER_SERVICE
06-18 14:27:31.774 W/PackageManager( 1908): Cannot whitelist unknown permission: com.google.android.hangouts.START_HANGOUT
06-18 14:27:31.774 W/PackageManager( 1908): Cannot whitelist unknown permission: android.car.permission.CAR_POWERTRAIN
06-18 14:27:31.774 W/PackageManager( 1908): Cannot whitelist unknown permission: android.car.permission.CAR_ENERGY
06-18 14:27:31.774 W/PackageManager( 1908): Cannot whitelist unknown permission: android.car.permission.CAR_ENERGY_PORTS
06-18 14:27:31.774 W/PackageManager( 1908): Cannot whitelist unknown permission: android.car.permission.CAR_EXTERIOR_LIGHTS
06-18 14:27:31.774 W/PackageManager( 1908): Cannot whitelist unknown permission: android.car.permission.CAR_INFO
06-18 14:27:31.774 W/PackageManager( 1908): Cannot whitelist unknown permission: android.car.permission.CAR_MILEAGE
06-18 14:27:31.774 W/PackageManager( 1908): Cannot whitelist unknown permission: android.car.permission.CAR_TIRES
06-18 14:27:31.774 W/PackageManager( 1908): Cannot whitelist unknown permission: android.car.permission.CONTROL_CAR_CLIMATE
06-18 14:27:31.775 W/PackageManager( 1908): Cannot whitelist unknown permission: android.car.permission.CONTROL_CAR_DOORS
06-18 14:27:31.775 W/PackageManager( 1908): Cannot whitelist unknown permission: android.car.permission.CONTROL_CAR_EXTERIOR_LIGHTS
06-18 14:27:31.775 W/PackageManager( 1908): Cannot whitelist unknown permission: android.car.permission.CONTROL_CAR_MIRRORS
06-18 14:27:31.775 W/PackageManager( 1908): Cannot whitelist unknown permission: android.car.permission.CONTROL_CAR_SEATS
06-18 14:27:31.775 W/PackageManager( 1908): Cannot whitelist unknown permission: android.car.permission.CONTROL_CAR_WINDOWS
06-18 14:27:31.775 W/PackageManager( 1908): Cannot whitelist unknown permission: android.car.permission.READ_CAR_DISPLAY_UNITS
06-18 14:27:31.775 W/PackageManager( 1908): Cannot whitelist unknown permission: com.google.android.finsky.permission.GEARHEAD_SERVICE
06-18 14:27:31.775 W/PackageManager( 1908): Cannot whitelist unknown permission: com.google.android.permission.ACCESSIBILITY_SCAN_SERVICE
06-18 14:27:31.775 W/PackageManager( 1908): Cannot whitelist unknown permission: com.google.android.finsky.permission.ACCESS_INSTANT_APP_NOTIFICATION_ENFORCEMENT
06-18 14:27:31.775 W/PackageManager( 1908): Cannot whitelist unknown permission: com.google.android.clockwork.settings.SHOW_FACTORY_RESET_CONFIRMATION
06-18 14:27:31.775 W/PackageManager( 1908): Cannot whitelist unknown permission: com.google.android.wearable.READ_SETTINGS
06-18 14:27:31.775 W/PackageManager( 1908): Cannot whitelist unknown permission: android.permission.READ_MEDIA_AUDIO
06-18 14:27:31.775 W/PackageManager( 1908): Cannot whitelist unknown permission: android.permission.READ_MEDIA_IMAGES
06-18 14:27:31.775 W/PackageManager( 1908): Cannot whitelist unknown permission: android.permission.READ_MEDIA_VIDEO
06-18 14:27:31.775 W/PackageManager( 1908): Cannot whitelist unknown permission: com.android.vending.setup.PLAY_SETUP_SERVICE
06-18 14:27:31.775 W/PackageManager( 1908): Cannot whitelist unknown permission: com.google.android.gms.game.notifications.permission.WRITE
06-18 14:27:31.775 W/PackageManager( 1908): Cannot whitelist unknown permission: com.google.android.vending.verifier.ACCESS_VERIFIER
06-18 14:27:31.775 I/PackageManager( 1908): Un-granting permission android.permission.CAPTURE_VIDEO_OUTPUT from package com.google.android.gms (protectionLevel=2 flags=0xb0cabe45)
06-18 14:27:31.775 I/PackageManager( 1908): Un-granting permission android.permission.MANAGE_DEVICE_ADMINS from package com.google.android.gms (protectionLevel=2 flags=0xb0cabe45)
06-18 14:27:31.775 I/PackageManager( 1908): Un-granting permission android.permission.MANAGE_ACTIVITY_STACKS from package com.google.android.gms (protectionLevel=2 flags=0xb0cabe45)
06-18 14:27:31.775 I/PackageManager( 1908): Un-granting permission android.permission.CAPTURE_SECURE_VIDEO_OUTPUT from package com.google.android.gms (protectionLevel=2 flags=0xb0cabe45)
06-18 14:27:31.775 I/PackageManager( 1908): Un-granting permission android.permission.MANAGE_ROLLBACKS from package com.google.android.gms (protectionLevel=514 flags=0xb0cabe45)
06-18 14:27:31.778 W/PackageManager( 1908): Cannot whitelist unknown permission: android.permission.QUERY_ALL_PACKAGES
06-18 14:27:31.778 W/PackageManager( 1908): Cannot whitelist unknown permission: android.permission.PRE_FACTORY_RESET
06-18 14:27:31.778 W/PackageManager( 1908): Cannot whitelist unknown permission: android.permission.MANAGE_FACTORY_RESET_PROTECTION
06-18 14:27:31.778 W/PackageManager( 1908): Cannot whitelist unknown permission: android.car.permission.CAR_POWER
06-18 14:27:31.778 W/PackageManager( 1908): Cannot whitelist unknown permission: com.google.android.wearable.WRITE_SETTINGS
06-18 14:27:31.778 W/PackageManager( 1908): Cannot whitelist unknown permission: com.felicanetworks.mfc.permission.MFC_ACCESS
06-18 14:27:31.778 W/PackageManager( 1908): Cannot whitelist unknown permission: com.felicanetworks.mfc.mfi.permission.MFI_ACCESS
06-18 14:27:31.778 W/PackageManager( 1908): Cannot whitelist unknown permission: com.google.android.finsky.permission.INSTANT_APP_STATE
06-18 14:27:31.778 W/PackageManager( 1908): Cannot whitelist unknown permission: android.permission.UWB
06-18 14:27:31.778 W/PackageManager( 1908): Cannot whitelist unknown permission: com.google.android.finsky.permission.BIND_GET_INSTALL_REFERRER_SERVICE
06-18 14:27:31.778 W/PackageManager( 1908): Cannot whitelist unknown permission: com.google.android.hangouts.START_HANGOUT
06-18 14:27:31.778 W/PackageManager( 1908): Cannot whitelist unknown permission: android.car.permission.CAR_POWERTRAIN
06-18 14:27:31.778 W/PackageManager( 1908): Cannot whitelist unknown permission: android.car.permission.CAR_ENERGY
06-18 14:27:31.778 W/PackageManager( 1908): Cannot whitelist unknown permission: android.car.permission.CAR_ENERGY_PORTS
06-18 14:27:31.778 W/PackageManager( 1908): Cannot whitelist unknown permission: android.car.permission.CAR_EXTERIOR_LIGHTS
06-18 14:27:31.779 W/PackageManager( 1908): Cannot whitelist unknown permission: android.car.permission.CAR_INFO
06-18 14:27:31.779 W/PackageManager( 1908): Cannot whitelist unknown permission: android.car.permission.CAR_MILEAGE
06-18 14:27:31.779 W/PackageManager( 1908): Cannot whitelist unknown permission: android.car.permission.CAR_TIRES
06-18 14:27:31.779 W/PackageManager( 1908): Cannot whitelist unknown permission: android.car.permission.CONTROL_CAR_CLIMATE
06-18 14:27:31.779 W/PackageManager( 1908): Cannot whitelist unknown permission: android.car.permission.CONTROL_CAR_DOORS
06-18 14:27:31.779 W/PackageManager( 1908): Cannot whitelist unknown permission: android.car.permission.CONTROL_CAR_EXTERIOR_LIGHTS
06-18 14:27:31.779 W/PackageManager( 1908): Cannot whitelist unknown permission: android.car.permission.CONTROL_CAR_MIRRORS
06-18 14:27:31.779 W/PackageManager( 1908): Cannot whitelist unknown permission: android.car.permission.CONTROL_CAR_SEATS
06-18 14:27:31.779 W/PackageManager( 1908): Cannot whitelist unknown permission: android.car.permission.CONTROL_CAR_WINDOWS
06-18 14:27:31.779 W/PackageManager( 1908): Cannot whitelist unknown permission: android.car.permission.READ_CAR_DISPLAY_UNITS
06-18 14:27:31.779 W/PackageManager( 1908): Cannot whitelist unknown permission: com.google.android.finsky.permission.GEARHEAD_SERVICE
06-18 14:27:31.779 W/PackageManager( 1908): Cannot whitelist unknown permission: com.google.android.permission.ACCESSIBILITY_SCAN_SERVICE
06-18 14:27:31.779 W/PackageManager( 1908): Cannot whitelist unknown permission: com.google.android.finsky.permission.ACCESS_INSTANT_APP_NOTIFICATION_ENFORCEMENT
06-18 14:27:31.779 W/PackageManager( 1908): Cannot whitelist unknown permission: com.google.android.clockwork.settings.SHOW_FACTORY_RESET_CONFIRMATION
06-18 14:27:31.779 W/PackageManager( 1908): Cannot whitelist unknown permission: com.google.android.wearable.READ_SETTINGS
06-18 14:27:31.779 W/PackageManager( 1908): Cannot whitelist unknown permission: android.permission.READ_MEDIA_AUDIO
06-18 14:27:31.779 W/PackageManager( 1908): Cannot whitelist unknown permission: android.permission.READ_MEDIA_IMAGES
06-18 14:27:31.779 W/PackageManager( 1908): Cannot whitelist unknown permission: android.permission.READ_MEDIA_VIDEO
06-18 14:27:31.779 W/PackageManager( 1908): Cannot whitelist unknown permission: com.android.vending.setup.PLAY_SETUP_SERVICE
06-18 14:27:31.779 W/PackageManager( 1908): Cannot whitelist unknown permission: com.google.android.gms.game.notifications.permission.WRITE
06-18 14:27:31.779 W/PackageManager( 1908): Cannot whitelist unknown permission: com.google.android.vending.verifier.ACCESS_VERIFIER
06-18 14:27:31.779 I/PackageManager( 1908): Un-granting permission android.permission.CAPTURE_VIDEO_OUTPUT from package com.google.android.gms (protectionLevel=2 flags=0xb0cabe45)
06-18 14:27:31.779 I/PackageManager( 1908): Un-granting permission android.permission.MANAGE_DEVICE_ADMINS from package com.google.android.gms (protectionLevel=2 flags=0xb0cabe45)
06-18 14:27:31.779 I/PackageManager( 1908): Un-granting permission android.permission.MANAGE_ACTIVITY_STACKS from package com.google.android.gms (protectionLevel=2 flags=0xb0cabe45)
06-18 14:27:31.779 I/PackageManager( 1908): Un-granting permission android.permission.CAPTURE_SECURE_VIDEO_OUTPUT from package com.google.android.gms (protectionLevel=2 flags=0xb0cabe45)
06-18 14:27:31.779 I/PackageManager( 1908): Un-granting permission android.permission.MANAGE_ROLLBACKS from package com.google.android.gms (protectionLevel=514 flags=0xb0cabe45)
06-18 14:27:31.780 W/PackageManager( 1908): Cannot whitelist unknown permission: android.permission.QUERY_ALL_PACKAGES
06-18 14:27:31.780 W/PackageManager( 1908): Cannot whitelist unknown permission: android.permission.PRE_FACTORY_RESET
06-18 14:27:31.780 W/PackageManager( 1908): Cannot whitelist unknown permission: android.permission.MANAGE_FACTORY_RESET_PROTECTION
06-18 14:27:31.780 W/PackageManager( 1908): Cannot whitelist unknown permission: android.car.permission.CAR_POWER
06-18 14:27:31.780 W/PackageManager( 1908): Cannot whitelist unknown permission: com.google.android.wearable.WRITE_SETTINGS
06-18 14:27:31.781 W/PackageManager( 1908): Cannot whitelist unknown permission: com.felicanetworks.mfc.permission.MFC_ACCESS
06-18 14:27:31.781 W/PackageManager( 1908): Cannot whitelist unknown permission: com.felicanetworks.mfc.mfi.permission.MFI_ACCESS
