06-18 14:27:31.781 W/PackageManager( 1908): Cannot whitelist unknown permission: com.google.android.finsky.permission.INSTANT_APP_STATE
06-18 14:27:31.781 W/PackageManager( 1908): Cannot whitelist unknown permission: android.permission.UWB
06-18 14:27:31.781 W/PackageManager( 1908): Cannot whitelist unknown permission: com.google.android.finsky.permission.BIND_GET_INSTALL_REFERRER_SERVICE
06-18 14:27:31.823 E/ActivityThread( 2050): Failed to find provider info for com.google.android.gsf.gservices
06-18 14:27:31.824 E/ActivityThread( 2050): Failed to find provider info for com.google.android.gsf.gservices
06-18 14:27:31.938 W/PackageManager( 1908): Cannot whitelist unknown permission: com.android.launcher.permission.READ_SETTINGS
06-18 14:27:31.938 W/PackageManager( 1908): Cannot whitelist unknown permission: com.android.launcher.permission.WRITE_SETTINGS
06-18 14:27:31.967 W/PackageManager( 1908): Cannot whitelist unknown permission: com.android.vending.setup.PLAY_SETUP_SERVICE
06-18 14:27:31.968 W/PackageManager( 1908): Cannot whitelist unknown permission: com.android.vending.setup.PLAY_SETUP_SERVICE
06-18 14:27:31.969 I/chatty  ( 1908): uid=1000(system) Binder:1908_4 identical 1 line
06-18 14:27:31.970 W/PackageManager( 1908): Cannot whitelist unknown permission: com.android.vending.setup.PLAY_SETUP_SERVICE
06-18 14:27:31.986 W/PackageManager( 1908): Cannot whitelist unknown permission: com.android.permission.CONNMO_SETTINGS
06-18 14:27:31.986 W/PackageManager( 1908): Cannot whitelist unknown permission: com.android.permission.DCMO_SETTINGS
06-18 14:27:31.987 W/PackageManager( 1908): Cannot whitelist unknown permission: com.android.permission.CONNMO_SETTINGS
06-18 14:27:31.987 W/PackageManager( 1908): Cannot whitelist unknown permission: com.android.permission.DCMO_SETTINGS
06-18 14:27:31.993 W/PackageManager( 1908): Cannot whitelist unknown permission: com.android.permission.BIND_TELEPHONY_NETWORK_SERVICE
06-18 14:27:31.993 I/chatty  ( 1908): uid=1000(system) Binder:1908_4 identical 1 line
06-18 14:27:31.998 W/PackageManager( 1908): Cannot whitelist unknown permission: com.android.permission.BIND_TELEPHONY_NETWORK_SERVICE
06-18 14:27:31.999 W/PackageManager( 1908): Cannot whitelist unknown permission: com.android.permission.BIND_TELEPHONY_NETWORK_SERVICE
06-18 14:27:32.035 W/PackageManager( 1908): Cannot whitelist unknown permission: com.google.restricted_assist_gesture.permission.RESTRICTED_ASSIST_GESTURE_PROVIDER
06-18 14:27:32.035 W/PackageManager( 1908): Cannot whitelist unknown permission: com.google.android.apps.dreamliner.permission.DREAMLINER_SERVICE
06-18 14:27:32.036 W/PackageManager( 1908): Cannot whitelist unknown permission: android.car.permission.CONTROL_CAR_CLIMATE
06-18 14:27:32.036 W/PackageManager( 1908): Cannot whitelist unknown permission: android.car.permission.CAR_DRIVING_STATE
06-18 14:27:32.036 W/PackageManager( 1908): Cannot whitelist unknown permission: android.car.permission.CAR_CONTROL_AUDIO_VOLUME
06-18 14:27:32.052 W/PackageManager( 1908): Cannot whitelist unknown permission: com.google.restricted_assist_gesture.permission.RESTRICTED_ASSIST_GESTURE_PROVIDER
06-18 14:27:32.052 W/PackageManager( 1908): Cannot whitelist unknown permission: com.google.android.apps.dreamliner.permission.DREAMLINER_SERVICE
06-18 14:27:32.052 W/PackageManager( 1908): Cannot whitelist unknown permission: android.car.permission.CONTROL_CAR_CLIMATE
06-18 14:27:32.052 W/PackageManager( 1908): Cannot whitelist unknown permission: android.car.permission.CAR_DRIVING_STATE
06-18 14:27:32.052 W/PackageManager( 1908): Cannot whitelist unknown permission: android.car.permission.CAR_CONTROL_AUDIO_VOLUME
06-18 14:27:32.055 W/PackageManager( 1908): Cannot whitelist unknown permission: com.google.android.gallery3d.permission.GALLERY_PROVIDER
06-18 14:27:32.055 W/PackageManager( 1908): Cannot whitelist unknown permission: com.android.gallery3d.permission.GALLERY_PROVIDER
06-18 14:27:32.055 W/PackageManager( 1908): Cannot whitelist unknown permission: com.google.android.gallery3d.permission.GALLERY_PROVIDER
06-18 14:27:32.055 W/PackageManager( 1908): Cannot whitelist unknown permission: com.android.gallery3d.permission.GALLERY_PROVIDER
06-18 14:27:32.057 W/PackageManager( 1908): Cannot whitelist unknown permission: com.google.android.gallery3d.permission.GALLERY_PROVIDER
06-18 14:27:32.057 W/PackageManager( 1908): Cannot whitelist unknown permission: com.android.gallery3d.permission.GALLERY_PROVIDER
06-18 14:27:32.057 W/PackageManager( 1908): Cannot whitelist unknown permission: com.google.android.gallery3d.permission.GALLERY_PROVIDER
06-18 14:27:32.058 W/PackageManager( 1908): Cannot whitelist unknown permission: com.android.gallery3d.permission.GALLERY_PROVIDER
06-18 14:27:32.061 W/PackageManager( 1908): Cannot whitelist unknown permission: com.google.android.gallery3d.permission.GALLERY_PROVIDER
06-18 14:27:32.061 W/PackageManager( 1908): Cannot whitelist unknown permission: com.android.gallery3d.permission.GALLERY_PROVIDER
06-18 14:27:32.062 W/PackageManager( 1908): Cannot whitelist unknown permission: com.google.android.gallery3d.permission.GALLERY_PROVIDER
06-18 14:27:32.062 W/PackageManager( 1908): Cannot whitelist unknown permission: com.android.gallery3d.permission.GALLERY_PROVIDER
06-18 14:27:32.062 W/PackageManager( 1908): Cannot whitelist unknown permission: com.google.android.gallery3d.permission.GALLERY_PROVIDER
06-18 14:27:32.062 W/PackageManager( 1908): Cannot whitelist unknown permission: com.android.gallery3d.permission.GALLERY_PROVIDER
06-18 14:27:32.071 W/PackageManager( 1908): Cannot whitelist unknown permission: com.android.vending.setup.PLAY_SETUP_SERVICE
06-18 14:27:32.119 I/ChimeraCfgMgr( 2050): Updating module config: <no config> -> container:2024149040800
06-18 14:27:32.074 W/PackageManager( 1908): Cannot whitelist unknown permission: com.android.vending.setup.PLAY_SETUP_SERVICE
06-18 14:27:32.120 E/ActivityThread( 2050): Failed to find provider info for com.google.android.gsf.gservices
06-18 14:27:32.121 E/ConfigFileUtils( 2050): Failed to read config file: /data/user_de/0/com.google.android.gms/app_chimera/current_modules_init.pb: open failed: ENOENT (No such file or directory)
06-18 14:27:32.142 I/ChmraDebugLogger( 2050): [46] 
06-18 14:27:32.147 I/GmsApplication( 2050): Updating config completed
06-18 14:27:32.158 D/Zygote  ( 1674): Forked child process 2203
06-18 14:27:32.164 W/DynamiteModule( 2050): Local module descriptor class for providerinstaller not found.
06-18 14:27:32.149 I/chatty  ( 2050): uid=10117 com.google.android.gms.persistent identical 4 lines
06-18 14:27:32.150 E/ActivityThread( 2050): Failed to find provider info for com.google.android.gsf.gservices
06-18 14:27:32.165 I/ActivityManager( 1908): Start proc 2203:com.google.android.gms/u0a117 for service {com.google.android.gms/com.google.android.gms.chimera.GmsIntentOperationService}
06-18 14:27:32.167 W/gle.android.gm( 2203): Unexpected CPU variant for X86 using defaults: x86_64
06-18 14:27:32.186 W/ProviderHelper( 2050): Unknown dynamite feature providerinstaller
06-18 14:27:32.190 I/gle.android.gm( 2203): The ClassLoaderContext is a special shared library.
06-18 14:27:32.191 I/chatty  ( 2203): uid=10117(com.google.android.gms) identical 2 lines
06-18 14:27:32.192 I/gle.android.gm( 2203): The ClassLoaderContext is a special shared library.
06-18 14:27:32.195 W/ContextImpl( 2203): Failed to ensure /data/user/0/com.google.android.gms/cache: mkdir failed: ENOENT (No such file or directory)
06-18 14:27:32.195 W/ContextImpl( 2203): Failed to update user.inode_cache: stat failed: ENOENT (No such file or directory)
06-18 14:27:32.198 E/ActivityThread( 2050): Failed to find provider info for com.google.android.gsf.gservices
06-18 14:27:32.198 I/.gms.persisten( 2050): Compiler allocated 4147KB to compile cxo cwx.a(int, java.util.List, java.util.List, dae, java.lang.String, java.util.List, java.util.List, java.util.List, java.lang.String, java.util.List)
06-18 14:27:32.199 I/DynamiteModule( 2050): Considering local module providerinstaller:0 and remote module providerinstaller:0
06-18 14:27:32.200 W/ProviderInstaller( 2050): Failed to load providerinstaller module: No acceptable module found. Local version is 0 and remote version is 0.
06-18 14:27:32.215 V/NativeCrypto( 2050): Registering com/google/android/gms/org/conscrypt/NativeCrypto's 286 native methods...
06-18 14:27:32.234 D/NetworkSecurityConfig( 2050): Using Network Security Config from resource network_security_config debugBuild: false
06-18 14:27:32.198 I/chatty  ( 2050): uid=10117 com.google.android.gms.persistent identical 2 lines
06-18 14:27:32.199 E/ActivityThread( 2050): Failed to find provider info for com.google.android.gsf.gservices
06-18 14:27:32.236 E/ActivityThread( 2203): Failed to find provider info for com.google.android.gsf.gservices
06-18 14:27:32.238 I/ProviderInstaller( 2050): Installed default security provider GmsCore_OpenSSL
06-18 14:27:32.239 E/ActivityThread( 2050): Failed to find provider info for com.google.android.gsf.gservices
06-18 14:27:32.244 I/Safeboot( 2050): Checking safeboot...
06-18 14:27:32.245 I/chatty  ( 2050): uid=10117 com.google.android.gms.persistent identical 14 lines
06-18 14:27:32.246 E/ActivityThread( 2050): Failed to find provider info for com.google.android.gsf.gservices
06-18 14:27:32.247 E/ActivityThread( 2203): Failed to find provider info for com.google.android.gsf.gservices
06-18 14:27:32.255 E/ActivityThread( 2050): Failed to find provider info for com.google.android.gsf.gservices
06-18 14:27:32.259 I/chatty  ( 2050): uid=10117 com.google.android.gms.persistent identical 3 lines
06-18 14:27:32.260 E/ActivityThread( 2050): Failed to find provider info for com.google.android.gsf.gservices
06-18 14:27:32.271 E/ActivityThread( 2203): Failed to find provider info for com.google.android.gsf.gservices
06-18 14:27:32.273 W/DirectBootExitBR( 2203): User is in direct boot mode.
06-18 14:27:32.273 I/chatty  ( 2203): uid=10117(com.google.android.gms) identical 2 lines
06-18 14:27:32.274 E/ActivityThread( 2203): Failed to find provider info for com.google.android.gsf.gservices
06-18 14:27:32.280 E/ActivityThread( 2050): Failed to find provider info for com.google.android.gsf.gservices
06-18 14:27:32.282 W/ContextImpl( 2050): Failed to ensure /data/user/0/com.google.android.gms/files: mkdir failed: ENOENT (No such file or directory)
06-18 14:27:32.282 I/Safeboot Condition( 2050): No need to enter Safeboot.
06-18 14:27:32.282 W/ContextImpl( 2050): Failed to ensure /data/user/0/com.google.android.gms/files: mkdir failed: ENOENT (No such file or directory)
06-18 14:27:32.283 I/chatty  ( 2050): uid=10117 com.google.android.gms.persistent identical 6 lines
06-18 14:27:32.283 E/ActivityThread( 2050): Failed to find provider info for com.google.android.gsf.gservices
06-18 14:27:32.289 E/ActivityThread( 2203): Failed to find provider info for com.google.android.gsf.gservices
06-18 14:27:32.307 I/GmsApplication( 2203): Staging modules and/or updating config
06-18 14:27:32.290 I/chatty  ( 2203): uid=10117(com.google.android.gms) identical 3 lines
06-18 14:27:32.308 E/ActivityThread( 2203): Failed to find provider info for com.google.android.gsf.gservices
06-18 14:27:32.311 E/ActivityThread( 2050): Failed to find provider info for com.google.android.gsf.gservices
06-18 14:27:32.314 I/GmsApplication( 2203): Staging modules and/or updating config already complete
06-18 14:27:32.324 I/GmsApplication( 2050): Registering the BackgroundBroadcastReceiverSupport receiver.
06-18 14:27:32.321 I/chatty  ( 2050): uid=10117 com.google.android.gms.persistent identical 4 lines
06-18 14:27:32.321 E/ActivityThread( 2050): Failed to find provider info for com.google.android.gsf.gservices
06-18 14:27:32.337 E/ActivityThread( 2203): Failed to find provider info for com.google.android.gsf.gservices
06-18 14:27:32.338 E/ActivityThread( 2050): Failed to find provider info for com.google.android.gsf.gservices
06-18 14:27:32.338 E/ActivityThread( 2203): Failed to find provider info for com.google.android.gsf.gservices
06-18 14:27:32.339 E/ActivityThread( 2203): Failed to find provider info for com.google.android.gsf.gservices
06-18 14:27:32.339 E/ActivityThread( 2050): Failed to find provider info for com.google.android.gsf.gservices
06-18 14:27:32.340 E/ActivityThread( 2203): Failed to find provider info for com.google.android.gsf.gservices
06-18 14:27:32.341 W/DynamiteModule( 2203): Local module descriptor class for providerinstaller not found.
06-18 14:27:32.343 I/RuntimePermissionsUpgradeController( 2077): Grandfathering SMS and CallLog permissions
06-18 14:27:32.344 W/ProviderHelper( 2203): Unknown dynamite feature providerinstaller
06-18 14:27:32.346 I/DynamiteModule( 2203): Considering local module providerinstaller:0 and remote module providerinstaller:0
06-18 14:27:32.346 W/ProviderInstaller( 2203): Failed to load providerinstaller module: No acceptable module found. Local version is 0 and remote version is 0.
06-18 14:27:32.348 I/GmsReceiverSupport( 2050): Registered Receiver for 18+1 IntentFilters
06-18 14:27:32.345 I/chatty  ( 2203): uid=10117(com.google.android.gms) identical 3 lines
06-18 14:27:32.346 E/ActivityThread( 2203): Failed to find provider info for com.google.android.gsf.gservices
06-18 14:27:32.348 E/ActivityThread( 2050): Failed to find provider info for com.google.android.gsf.gservices
06-18 14:27:32.353 V/NativeCrypto( 2203): Registering com/google/android/gms/org/conscrypt/NativeCrypto's 286 native methods...
06-18 14:27:32.360 D/NetworkSecurityConfig( 2203): Using Network Security Config from resource network_security_config debugBuild: false
06-18 14:27:32.361 I/ProviderInstaller( 2203): Installed default security provider GmsCore_OpenSSL
06-18 14:27:32.362 E/ActivityThread( 2203): Failed to find provider info for com.google.android.gsf.gservices
06-18 14:27:32.364 I/chatty  ( 2203): uid=10117(com.google.android.gms) identical 2 lines
06-18 14:27:32.364 E/ActivityThread( 2203): Failed to find provider info for com.google.android.gsf.gservices
06-18 14:27:32.365 E/ActivityThread( 2050): Failed to find provider info for com.google.android.gsf.gservices
06-18 14:27:32.365 E/ActivityThread( 2203): Failed to find provider info for com.google.android.gsf.gservices
06-18 14:27:32.365 E/ActivityThread( 2203): Failed to find provider info for com.google.android.gsf.gservices
06-18 14:27:32.365 E/ActivityThread( 2050): Failed to find provider info for com.google.android.gsf.gservices
06-18 14:27:32.365 E/ActivityThread( 2203): Failed to find provider info for com.google.android.gsf.gservices
06-18 14:27:32.366 E/ActivityThread( 2050): Failed to find provider info for com.google.android.gsf.gservices
06-18 14:27:32.366 E/ActivityThread( 2203): Failed to find provider info for com.google.android.gsf.gservices
06-18 14:27:32.366 E/ActivityThread( 2050): Failed to find provider info for com.google.android.gsf.gservices
06-18 14:27:32.366 E/ActivityThread( 2203): Failed to find provider info for com.google.android.gsf.gservices
06-18 14:27:32.371 I/RuntimePermissionsUpgradeController( 2077): Grandfathering location background permissions
06-18 14:27:32.372 I/Safeboot( 2203): Checking safeboot...
06-18 14:27:32.372 I/Safeboot( 2203): Not entering safeboot; wrong process.
06-18 14:27:32.374 I/RuntimePermissionsUpgradeController( 2077): Grandfathering Storage permissions
06-18 14:27:32.374 I/chatty  ( 2203): uid=10117(com.google.android.gms) identical 9 lines
06-18 14:27:32.375 E/ActivityThread( 2203): Failed to find provider info for com.google.android.gsf.gservices
06-18 14:27:32.381 E/ActivityThread( 2203): Failed to find provider info for com.google.android.gsf.gservices
06-18 14:27:32.383 I/chatty  ( 2203): uid=10117(com.google.android.gms) identical 4 lines
06-18 14:27:32.384 E/ActivityThread( 2203): Failed to find provider info for com.google.android.gsf.gservices
06-18 14:27:32.388 E/ActivityThread( 2203): Failed to find provider info for com.google.android.gsf.gservices
06-18 14:27:32.397 I/NativeLibraryUtils( 2050): Extraction to /data/user_de/0/com.google.android.gms/app_extracted_libs/x86/libconscrypt_gmscore_jni.so true
06-18 14:27:32.398 I/DeviceDrDatabaseHelper( 2050): Creating databases!
06-18 14:27:32.393 I/chatty  ( 2203): uid=10117(com.google.android.gms) identical 4 lines
06-18 14:27:32.394 E/ActivityThread( 2203): Failed to find provider info for com.google.android.gsf.gservices
06-18 14:27:32.399 W/PackageManager( 1908): Cannot whitelist unknown permission: com.android.vending.BILLING
06-18 14:27:32.403 E/ActivityThread( 2050): Failed to find provider info for com.google.android.gsf.gservices
06-18 14:27:32.403 I/RuntimePermissionsUpgradeController( 2077): Not expanding location permissions as this is not an upgrade from Android P
06-18 14:27:32.405 I/chatty  ( 2050): uid=10117 com.google.android.gms.persistent identical 2 lines
06-18 14:27:32.411 E/ActivityThread( 2050): Failed to find provider info for com.google.android.gsf.gservices
06-18 14:27:32.411 E/ActivityThread( 2203): Failed to find provider info for com.google.android.gsf.gservices
06-18 14:27:32.412 E/ActivityThread( 2203): Failed to find provider info for com.google.android.gsf.gservices
06-18 14:27:32.412 E/ActivityThread( 2050): Failed to find provider info for com.google.android.gsf.gservices
06-18 14:27:32.412 E/ActivityThread( 2203): Failed to find provider info for com.google.android.gsf.gservices
06-18 14:27:32.412 E/ActivityThread( 2050): Failed to find provider info for com.google.android.gsf.gservices
06-18 14:27:32.413 E/ActivityThread( 2203): Failed to find provider info for com.google.android.gsf.gservices
06-18 14:27:32.417 E/ActivityThread( 2050): Failed to find provider info for com.google.android.gsf.gservices
06-18 14:27:32.417 D/vold    ( 1575): Remounting 10145 as mode default
06-18 14:27:32.418 D/vold    ( 1575): Remounting 10122 as mode default
06-18 14:27:32.419 E/ActivityThread( 2050): Failed to find provider info for com.google.android.gsf.gservices
06-18 14:27:32.419 D/vold    ( 1575): Remounting 10132 as mode write
06-18 14:27:32.420 E/ActivityThread( 2050): Failed to find provider info for com.google.android.gsf.gservices
06-18 14:27:32.423 E/ActivityThread( 2050): Failed to find provider info for com.google.android.gsf.gservices
06-18 14:27:32.423 D/vold    ( 1575): Remounting 10127 as mode write
06-18 14:27:32.424 D/vold    ( 1575): Remounting 10115 as mode default
06-18 14:27:32.425 E/ActivityThread( 2050): Failed to find provider info for com.google.android.gsf.gservices
06-18 14:27:32.425 D/vold    ( 1575): Remounting 10133 as mode write
06-18 14:27:32.426 D/vold    ( 1575): Remounting 10096 as mode default
06-18 14:27:32.427 E/ActivityThread( 2050): Failed to find provider info for com.google.android.gsf.gservices
06-18 14:27:32.427 D/vold    ( 1575): Remounting 10144 as mode default
06-18 14:27:32.428 E/ActivityThread( 2050): Failed to find provider info for com.google.android.gsf.gservices
06-18 14:27:32.428 D/vold    ( 1575): Remounting 10141 as mode default
06-18 14:27:32.429 D/vold    ( 1575): Remounting 10140 as mode write
06-18 14:27:32.430 D/vold    ( 1575): Remounting 10107 as mode default
06-18 14:27:32.431 D/vold    ( 1575): Remounting 10117 as mode write
06-18 14:27:32.432 D/vold    ( 1575): Found matching PID 2050
06-18 14:27:32.442 E/ActivityThread( 2203): Failed to find provider info for com.google.android.gsf.gservices
06-18 14:27:32.442 I/NativeLibraryUtils( 2050): Extraction to /data/user_de/0/com.google.android.gms/app_extracted_libs/x86_64/libAppDataSearch.so true
06-18 14:27:32.442 E/ActivityThread( 2050): Failed to find provider info for com.google.android.gsf.gservices
06-18 14:27:32.444 E/ActivityThread( 2050): Failed to find provider info for com.google.android.gsf.gservices
06-18 14:27:32.448 E/ActivityThread( 2203): Failed to find provider info for com.google.android.gsf.gservices
06-18 14:27:32.450 I/chatty  ( 2203): uid=10117(com.google.android.gms) identical 2 lines
06-18 14:27:32.451 E/ActivityThread( 2203): Failed to find provider info for com.google.android.gsf.gservices
06-18 14:27:32.452 W/SystemServiceManager( 1908): Service com.android.server.policy.PermissionPolicyService took 1736 ms in onBootPhase
06-18 14:27:32.452 D/SystemServerTiming( 1908): StartActivityManagerReadyPhase took to complete: 1830ms
06-18 14:27:32.452 I/SystemServer( 1908): StartObservingNativeCrashes
06-18 14:27:32.452 D/SystemServerTiming( 1908): StartObservingNativeCrashes took to complete: 1ms
06-18 14:27:32.452 I/SystemServer( 1908): StartSystemUI
06-18 14:27:32.452 D/SystemServerInitThreadPool( 1908): Started executing WebViewFactoryPreparation
06-18 14:27:32.452 I/SystemServer( 1908): WebViewFactoryPreparation
06-18 14:27:32.453 I/WebViewUpdateServiceImpl( 1908): One-time migration: enabling com.google.android.webview
06-18 14:27:32.455 V/SystemUIService( 2069): Starting SystemUI services for user 0.
06-18 14:27:32.457 D/vold    ( 1575): Found matching PID 2203
06-18 14:27:32.458 I/NativeLibraryUtils( 2050): Extraction to /data/user_de/0/com.google.android.gms/app_extracted_libs/x86_64/libWhisper.so true
06-18 14:27:32.459 D/SystemServerTiming( 1908): StartSystemUI took to complete: 7ms
06-18 14:27:32.459 I/SystemServer( 1908): MakeNetworkManagementServiceReady
06-18 14:27:32.461 W/NetworkManagement( 1908): setDataSaverMode(): already false
06-18 14:27:32.461 D/SystemServerTimingAsync( 1908): WebViewFactoryPreparation took to complete: 9ms
06-18 14:27:32.461 D/SystemServerInitThreadPool( 1908): Finished executing WebViewFactoryPreparation
06-18 14:27:32.463 I/netd    ( 1673): firewallSetFirewallType(1) <0.03ms>
06-18 14:27:32.464 D/SystemServerTiming( 1908): MakeNetworkManagementServiceReady took to complete: 5ms
06-18 14:27:32.464 I/SystemServer( 1908): MakeIpSecServiceReady
06-18 14:27:32.466 E/ActivityThread( 2203): Failed to find provider info for com.google.android.gsf.gservices
06-18 14:27:32.467 I/netd    ( 1673): isAlive() -> {"true"} <0.03ms>
06-18 14:27:32.466 I/chatty  ( 2203): uid=10117(com.google.android.gms) identical 1 line
06-18 14:27:32.467 E/ActivityThread( 2203): Failed to find provider info for com.google.android.gsf.gservices
06-18 14:27:32.467 D/IpSecService( 1908): IpSecService is ready
06-18 14:27:32.468 D/SystemServerTiming( 1908): MakeIpSecServiceReady took to complete: 3ms
06-18 14:27:32.468 I/SystemServer( 1908): MakeNetworkStatsServiceReady
06-18 14:27:32.468 E/ActivityThread( 2203): Failed to find provider info for com.google.android.gsf.gservices
06-18 14:27:32.469 W/BestClock( 1908): java.time.DateTimeException: Missing NTP fix
06-18 14:27:32.469 I/NativeLibraryUtils( 2050): Extraction to /data/user_de/0/com.google.android.gms/app_extracted_libs/x86_64/libconscrypt_gmscore_jni.so true
06-18 14:27:32.468 E/ActivityThread( 2203): Failed to find provider info for com.google.android.gsf.gservices
06-18 14:27:32.470 W/NetworkPolicy( 1908): setRestrictBackgroundUL: already false
06-18 14:27:32.474 E/ActivityThread( 2203): Failed to find provider info for com.google.android.gsf.gservices
06-18 14:27:32.475 I/NativeLibraryUtils( 2050): Extraction to /data/user_de/0/com.google.android.gms/app_extracted_libs/x86_64/libgcastv2_base.so true
06-18 14:27:32.477 I/chatty  ( 2203): uid=10117(com.google.android.gms) identical 2 lines
06-18 14:27:32.477 E/ActivityThread( 2203): Failed to find provider info for com.google.android.gsf.gservices
06-18 14:27:32.478 D/SystemUIBootTiming( 2069): StartServicescom.android.systemui.Dependency$DependencyCreator took to complete: 23ms
06-18 14:27:32.481 D/SystemUIBootTiming( 2069): StartServicescom.android.systemui.util.NotificationChannels took to complete: 3ms
06-18 14:27:32.483 E/ActivityThread( 2203): Failed to find provider info for com.google.android.gsf.gservices
06-18 14:27:32.484 E/ActivityThread( 2203): Failed to find provider info for com.google.android.gsf.gservices
06-18 14:27:32.484 D/SystemUIBootTiming( 2069): StartServicescom.android.systemui.statusbar.CommandQueue$CommandQueueStart took to complete: 2ms
06-18 14:27:32.486 E/ActivityThread( 2203): Failed to find provider info for com.google.android.gsf.gservices
06-18 14:27:32.495 I/zygote  ( 1675): Background concurrent copying GC freed 2080(151KB) AllocSpace objects, 1(16KB) LOS objects, 72% free, 2364KB/8508KB, paused 17.020ms total 30.803ms
06-18 14:27:32.497 I/NativeLibraryUtils( 2050): Extraction to /data/user_de/0/com.google.android.gms/app_extracted_libs/x86_64/libgcastv2_support.so true
06-18 14:27:32.500 V/MediaRouter( 2069): Selecting route: RouteInfo{ name=Phone, description=null, status=null, category=RouteCategory{ name=System types=ROUTE_TYPE_LIVE_AUDIO ROUTE_TYPE_LIVE_VIDEO  groupable=false }, supportedTypes=ROUTE_TYPE_LIVE_AUDIO ROUTE_TYPE_LIVE_VIDEO , presentationDisplay=null }
06-18 14:27:32.507 I/netd    ( 1673): trafficSwapActiveStatsMap() <35.45ms>
06-18 14:27:32.507 I/netd    ( 1673): firewallReplaceUidChain("fw_standby", "false", []) -> {"true"} <34.30ms>
06-18 14:27:32.508 I/netd    ( 1673): tetherGetStats() <0.47ms>
06-18 14:27:32.489 I/chatty  ( 2203): uid=10117(com.google.android.gms) identical 2 lines
06-18 14:27:32.493 E/ActivityThread( 2203): Failed to find provider info for com.google.android.gsf.gservices
06-18 14:27:32.511 E/ActivityThread( 2050): Failed to find provider info for com.google.android.gsf.gservices
06-18 14:27:32.512 W/BestClock( 1908): java.time.DateTimeException: Missing NTP fix
06-18 14:27:32.512 D/vold    ( 1575): Remounting 10117 as mode write
06-18 14:27:32.513 D/vold    ( 1575): Found matching PID 2050
06-18 14:27:32.515 I/netd    ( 1673): firewallEnableChildChain(2, "true") <0.04ms>
06-18 14:27:32.515 I/netd    ( 1673): socketDestroy([]) <0.10ms>
06-18 14:27:32.516 E/ActivityThread( 2050): Failed to find provider info for com.google.android.gsf.gservices
06-18 14:27:32.522 I/NativeLibraryUtils( 2050): Extraction to /data/user_de/0/com.google.android.gms/app_extracted_libs/x86_64/libgmscore.so true
06-18 14:27:32.524 I/chatty  ( 2050): uid=10117 com.google.android.gms.persistent identical 6 lines
06-18 14:27:32.526 E/ActivityThread( 2050): Failed to find provider info for com.google.android.gsf.gservices
06-18 14:27:32.532 D/PackageManager( 1908): Instant App installer not found with android.intent.action.INSTALL_INSTANT_APP_PACKAGE
06-18 14:27:32.532 D/PackageManager( 1908): Clear ephemeral installer activity
06-18 14:27:32.538 E/ActivityThread( 2050): Failed to find provider info for com.google.android.gsf.gservices
06-18 14:27:32.538 I/NativeLibraryUtils( 2050): Extraction to /data/user_de/0/com.google.android.gms/app_extracted_libs/x86_64/libgoogle-ocrclient-v3.so true
06-18 14:27:32.540 D/Zygote  ( 1675): Forked child process 2250
06-18 14:27:32.540 W/ActivityManager( 1908): Slow operation: 80ms so far, now at startProcess: returned from zygote!
06-18 14:27:32.540 W/ActivityManager( 1908): Slow operation: 80ms so far, now at startProcess: done updating battery stats
06-18 14:27:32.540 W/ActivityManager( 1908): Slow operation: 80ms so far, now at startProcess: building log message
06-18 14:27:32.540 I/ActivityManager( 1908): Start proc 2250:WebViewLoader-x86/1037 [android.webkit.WebViewLibraryLoader$RelroFileCreator] for null
06-18 14:27:32.541 W/ActivityManager( 1908): Slow operation: 80ms so far, now at startProcess: starting to update pids map
06-18 14:27:32.541 I/netd    ( 1673): bandwidthSetGlobalAlert(2097152) <3.20ms>
06-18 14:27:32.541 W/ActivityManager( 1908): Slow operation: 80ms so far, now at startProcess: done updating pids map
06-18 14:27:32.541 W/ActivityManager( 1908): Slow operation: 80ms so far, now at startProcess: asking zygote to start proc
06-18 14:27:32.541 D/SystemServerTiming( 1908): MakeNetworkStatsServiceReady took to complete: 74ms
06-18 14:27:32.541 I/SystemServer( 1908): MakeConnectivityServiceReady
06-18 14:27:32.542 D/ConnectivityService( 1908): requestNetwork for uid/pid:1000/1908 NetworkRequest [ REQUEST id=7, [ Capabilities: INTERNET&NOT_RESTRICTED&TRUSTED&NOT_VPN] ]
06-18 14:27:32.547 D/PermissionMonitor( 1908): Monitoring
06-18 14:27:32.548 I/NativeLibraryUtils( 2050): Extraction to /data/user_de/0/com.google.android.gms/app_extracted_libs/x86_64/libinertial-anchor-jni.so true
06-18 14:27:32.550 I/NativeLibraryUtils( 2050): Extraction to /data/user_de/0/com.google.android.gms/app_extracted_libs/x86_64/libjgcastservice.so true
06-18 14:27:32.552 W/WebViewLoader-( 2256): Unexpected CPU variant for X86 using defaults: x86_64
06-18 14:27:32.556 D/Zygote  ( 1674): Forked child process 2256
06-18 14:27:32.557 W/ActivityManager( 1908): Slow operation: 97ms so far, now at startProcess: returned from zygote!
06-18 14:27:32.557 W/ActivityManager( 1908): Slow operation: 97ms so far, now at startProcess: done updating battery stats
06-18 14:27:32.557 W/ActivityManager( 1908): Slow operation: 97ms so far, now at startProcess: building log message
06-18 14:27:32.557 I/ActivityManager( 1908): Start proc 2256:WebViewLoader-x86_64/1037 [android.webkit.WebViewLibraryLoader$RelroFileCreator] for null
06-18 14:27:32.558 W/ActivityManager( 1908): Slow operation: 97ms so far, now at startProcess: starting to update pids map
06-18 14:27:32.558 W/ActivityManager( 1908): Slow operation: 97ms so far, now at startProcess: done updating pids map
06-18 14:27:32.561 I/bezl    ( 2203): background initialization
06-18 14:27:32.564 E/ActivityThread( 2203): Failed to find provider info for com.google.android.gsf.gservices
06-18 14:27:32.565 D/PermissionMonitor( 1908): Users: 1, Apps: 34
06-18 14:27:32.565 W/WebViewLoader-( 2250): Unexpected CPU variant for X86 using defaults: x86_64
06-18 14:27:32.565 E/ActivityThread( 2203): Failed to find provider info for com.google.android.gsf.gservices
06-18 14:27:32.567 D/vold    ( 1575): Found matching PID 2203
06-18 14:27:32.573 E/ActivityThread( 2203): Failed to find provider info for com.google.android.gsf.gservices
06-18 14:27:32.574 V/WebViewLibraryLoader( 2256): RelroFileCreator (64bit = true), package: com.google.android.webview library: libmonochrome.so
06-18 14:27:32.576 I/netd    ( 1673): networkSetPermissionForUser(1, [10142]) <0.05ms>
06-18 14:27:32.579 I/WebViewLoader-( 2256): The ClassLoaderContext is a special shared library.
06-18 14:27:32.580 I/WebViewLoader-( 2256): The ClassLoaderContext is a special shared library.
06-18 14:27:32.587 I/netd    ( 1673): networkSetPermissionForUser(2, [10113,10114,10115,1027,10117,10054,10120,10122,10123,10059,10060,10126,10127,10128,2000,10129,10131,10132,10133,10140,10143,10144,10081,1000,1001,1002,1073,10100,10103,10106,10107,10109,10110]) <0.04ms>
06-18 14:27:32.589 I/netd    ( 1673): trafficSetNetPermForUids(12, [1001,1002,1013,10054,10109,10117]) <0.03ms>
06-18 14:27:32.591 I/netd    ( 1673): trafficSetNetPermForUids(4, [1000,1027,1073,2000,10056,10059,10061,10063,10064,10081,10083,10088,10089,10091,10092,10094,10095,10096,10099,10100,10102,10103,10106,10107,10110,10114,10115,10116,10119,10120,10122,10126,10127,10128,10129,10130,10131,10132,10133,10135,10136,10137,10138,10139,10140,10141,10142,10143,10144,10145]) <0.05ms>
06-18 14:27:32.591 I/netd    ( 1673): trafficSetNetPermForUids(8, [1041,1047]) <0.03ms>
06-18 14:27:32.592 I/netd    ( 1673): trafficSetNetPermForUids(0, [1003,1063,1066,1067,1068,10000,10001,10002,10003,10004,10005,10006,10007,10008,10009,10010,10011,10012,10013,10014,10015,10016,10017,10018,10019,10020,10021,10022,10023,10024,10025,10026,10027,10028,10029,10030,10031,10032,10033,10034,10035,10036,10037,10038,10039,10040,10041,10042,10043,10044,10045,10046,10047,10048,10049,10050,10051,10052,10053,10055,10057,10058,10060,10062,10065,10066,10067,10068,10069,10070,10071,10072,10073,10074,10075,10076,10077,10078,10079,10080,10082,10084,10085,10086,10087,10090,10093,10097,10098,10101,10104,10105,10108,10111,10112,10113,10118,10121,10123,10125,10134]) <0.09ms>
06-18 14:27:32.593 D/SystemServerTiming( 1908): MakeConnectivityServiceReady took to complete: 51ms
06-18 14:27:32.593 I/SystemServer( 1908): MakeNetworkPolicyServiceReady
06-18 14:27:32.593 D/SystemServerTiming( 1908): MakeNetworkPolicyServiceReady took to complete: 0ms
06-18 14:27:32.593 I/SystemServer( 1908): PhaseThirdPartyAppsCanStart
06-18 14:27:32.593 I/SystemServiceManager( 1908): Starting phase 600
06-18 14:27:32.596 I/ExplicitHealthCheckController( 1908): Explicit health checks enabled.
06-18 14:27:32.596 I/PackageWatchdog( 1908): Syncing state, reason: health check state enabled
06-18 14:27:32.596 I/PackageWatchdog( 1908): Not pruning observers, elapsed time: 0ms
06-18 14:27:32.596 I/PackageWatchdog( 1908): Cancelling state sync, nothing to sync
06-18 14:27:32.596 I/PackageWatchdog( 1908): Saving observer state to file
06-18 14:27:32.598 D/vold    ( 1575): Remounting 10120 as mode default
06-18 14:27:32.600 D/vold    ( 1575): Remounting 10128 as mode default
06-18 14:27:32.601 D/vold    ( 1575): Remounting 10142 as mode write
06-18 14:27:32.602 D/vold    ( 1575): Remounting 10083 as mode default
06-18 14:27:32.603 D/vold    ( 1575): Remounting 10092 as mode default
06-18 14:27:32.604 D/SystemUIBootTiming( 2069): StartServicescom.android.systemui.keyguard.KeyguardViewMediator took to complete: 121ms
06-18 14:27:32.604 D/vold    ( 1575): Remounting 10116 as mode default
06-18 14:27:32.605 D/vold    ( 1575): Remounting 10106 as mode default
06-18 14:27:32.609 D/SystemUIBootTiming( 2069): StartServicescom.android.systemui.recents.Recents took to complete: 4ms
06-18 14:27:32.611 I/vol.Events( 2069): writeEvent collection_started
06-18 14:27:32.613 V/WallpaperManagerService( 1908): bindWallpaperComponentLocked: componentName=null
06-18 14:27:32.613 V/WallpaperManagerService( 1908): No default component; using image wallpaper
06-18 14:27:32.617 D/vold    ( 1575): Remounting 1002 as mode write
06-18 14:27:32.618 D/vold    ( 1575): Remounting 10131 as mode default
06-18 14:27:32.618 D/vold    ( 1575): Remounting 10063 as mode default
06-18 14:27:32.620 D/vold    ( 1575): Remounting 1001 as mode default
06-18 14:27:32.620 D/vold    ( 1575): Found matching PID 1804
06-18 14:27:32.620 W/vold    ( 1575): Skipping due to root namespace
06-18 14:27:32.621 D/vold    ( 1575): Remounting 1001 as mode default
06-18 14:27:32.621 D/vold    ( 1575): Found matching PID 1804
06-18 14:27:32.621 W/vold    ( 1575): Skipping due to root namespace
06-18 14:27:32.627 D/vold    ( 1575): Remounting 1001 as mode default
06-18 14:27:32.627 D/vold    ( 1575): Found matching PID 1804
06-18 14:27:32.628 W/vold    ( 1575): Skipping due to root namespace
06-18 14:27:32.628 D/vold    ( 1575): Remounting 1001 as mode default
06-18 14:27:32.629 D/vold    ( 1575): Found matching PID 1804
06-18 14:27:32.629 W/vold    ( 1575): Skipping due to root namespace
06-18 14:27:32.629 D/vold    ( 1575): Remounting 1001 as mode default
06-18 14:27:32.630 D/vold    ( 1575): Found matching PID 1804
06-18 14:27:32.630 W/vold    ( 1575): Skipping due to root namespace
06-18 14:27:32.631 D/vold    ( 1575): Remounting 1001 as mode default
06-18 14:27:32.631 D/vold    ( 1575): Found matching PID 1804
06-18 14:27:32.631 W/vold    ( 1575): Skipping due to root namespace
06-18 14:27:32.632 D/vold    ( 1575): Remounting 1001 as mode default
06-18 14:27:32.632 D/vold    ( 1575): Found matching PID 1804
06-18 14:27:32.632 W/vold    ( 1575): Skipping due to root namespace
06-18 14:27:32.633 D/vold    ( 1575): Remounting 10061 as mode default
06-18 14:27:32.633 I/StatsCompanionService( 1908): Told statsd that StatsCompanionService is alive.
06-18 14:27:32.634 D/SystemServerTiming( 1908): PhaseThirdPartyAppsCanStart took to complete: 40ms
06-18 14:27:32.634 I/SystemServer( 1908): StartNetworkStack
06-18 14:27:32.635 D/SystemServerTiming( 1908): StartNetworkStack took to complete: 2ms
06-18 14:27:32.635 I/SystemServer( 1908): MakeLocationServiceReady
06-18 14:27:32.637 D/vold    ( 1575): Remounting 10054 as mode full
06-18 14:27:32.638 D/vold    ( 1575): Remounting 10054 as mode full
06-18 14:27:32.639 V/WebViewLibraryLoader( 2250): RelroFileCreator (64bit = false), package: com.google.android.webview library: libmonochrome.so
06-18 14:27:32.640 D/vold    ( 1575): Remounting 10054 as mode full
06-18 14:27:32.640 D/vold    ( 1575): Remounting 10054 as mode full
06-18 14:27:32.644 D/Zygote  ( 1674): Forked child process 2293
06-18 14:27:32.646 D/vold    ( 1575): Remounting 10070 as mode full
06-18 14:27:32.648 I/ActivityManager( 1908): Start proc 2293:com.google.android.networkstack/1073 for service {com.google.android.networkstack/com.android.server.NetworkStackService}
06-18 14:27:32.648 W/id.networkstac( 2293): Unexpected CPU variant for X86 using defaults: x86_64
06-18 14:27:32.649 D/vold    ( 1575): Remounting 10138 as mode default
06-18 14:27:32.650 D/vold    ( 1575): Remounting 1027 as mode default
06-18 14:27:32.656 D/vold    ( 1575): Remounting 10068 as mode full
06-18 14:27:32.657 D/vold    ( 1575): Remounting 10135 as mode default
06-18 14:27:32.658 D/vold    ( 1575): Remounting 10139 as mode default
06-18 14:27:32.659 D/vold    ( 1575): Remounting 10125 as mode default
06-18 14:27:32.660 D/vold    ( 1575): Remounting 1000 as mode full
06-18 14:27:32.660 D/vold    ( 1575): Found matching PID 1567
06-18 14:27:32.660 W/vold    ( 1575): Skipping due to root namespace
06-18 14:27:32.660 D/vold    ( 1575): Found matching PID 1568
06-18 14:27:32.660 W/vold    ( 1575): Skipping due to root namespace
06-18 14:27:32.660 D/vold    ( 1575): Found matching PID 1569
06-18 14:27:32.660 W/vold    ( 1575): Skipping due to root namespace
06-18 14:27:32.660 D/vold    ( 1575): Found matching PID 1690
06-18 14:27:32.660 W/vold    ( 1575): Skipping due to root namespace
06-18 14:27:32.660 D/vold    ( 1575): Found matching PID 1691
06-18 14:27:32.660 W/vold    ( 1575): Skipping due to root namespace
06-18 14:27:32.661 D/vold    ( 1575): Found matching PID 1700
06-18 14:27:32.661 W/vold    ( 1575): Skipping due to root namespace
06-18 14:27:32.661 D/vold    ( 1575): Found matching PID 1708
06-18 14:27:32.661 W/vold    ( 1575): Skipping due to root namespace
06-18 14:27:32.661 D/vold    ( 1575): Found matching PID 1711
06-18 14:27:32.661 W/vold    ( 1575): Skipping due to root namespace
06-18 14:27:32.661 D/vold    ( 1575): Found matching PID 1712
06-18 14:27:32.661 W/vold    ( 1575): Skipping due to root namespace
06-18 14:27:32.661 D/vold    ( 1575): Found matching PID 1713
06-18 14:27:32.661 W/vold    ( 1575): Skipping due to root namespace
06-18 14:27:32.661 D/vold    ( 1575): Found matching PID 1714
06-18 14:27:32.661 W/vold    ( 1575): Skipping due to root namespace
06-18 14:27:32.661 D/vold    ( 1575): Found matching PID 1716
06-18 14:27:32.661 W/vold    ( 1575): Skipping due to root namespace
06-18 14:27:32.661 D/vold    ( 1575): Found matching PID 1717
06-18 14:27:32.661 W/vold    ( 1575): Skipping due to root namespace
06-18 14:27:32.661 D/vold    ( 1575): Found matching PID 1729
06-18 14:27:32.661 W/vold    ( 1575): Skipping due to root namespace
06-18 14:27:32.661 D/vold    ( 1575): Found matching PID 1775
06-18 14:27:32.661 W/vold    ( 1575): Skipping due to root namespace
06-18 14:27:32.661 D/vold    ( 1575): Found matching PID 1818
06-18 14:27:32.661 W/vold    ( 1575): Skipping due to root namespace
06-18 14:27:32.661 D/vold    ( 1575): Found matching PID 1823
06-18 14:27:32.662 W/vold    ( 1575): Skipping due to root namespace
06-18 14:27:32.662 D/vold    ( 1575): Found matching PID 1908
06-18 14:27:32.666 I/OMXClient( 2069): IOmx service obtained
06-18 14:27:32.667 I/OMXMaster( 1803): makeComponentInstance(OMX.google.vorbis.decoder) in android.hardwar process
06-18 14:27:32.673 E/OMXNodeInstance( 1803): getConfig(0xf44be300:google.vorbis.decoder, ConfigAndroidVendorExtension(0x6f100004)) ERROR: Undefined(0x80001001)
06-18 14:27:32.673 I/WebViewLoader-( 2250): The ClassLoaderContext is a special shared library.
06-18 14:27:32.675 E/ActivityThread( 2203): Failed to find provider info for com.google.android.gsf.gservices
06-18 14:27:32.677 E/ActivityThread( 2203): Failed to find provider info for com.google.android.gsf.gservices
06-18 14:27:32.674 I/WebViewLoader-( 2250): The ClassLoaderContext is a special shared library.
06-18 14:27:32.680 I/hwservicemanager( 1568): getTransport: Cannot find entry android.hardware.gnss@2.0::IGnss/default in either framework or device manifest.
06-18 14:27:32.681 E/ActivityThread( 2050): Failed to find provider info for com.google.android.gsf.gservices
06-18 14:27:32.681 D/GnssLocationProvider( 1908): gnssHal 2.0 was null, trying 1.1
06-18 14:27:32.681 E/ActivityThread( 2050): Failed to find provider info for com.google.android.gsf.gservices
06-18 14:27:32.681 E/ActivityThread( 2203): Failed to find provider info for com.google.android.gsf.gservices
06-18 14:27:32.683 I/hwservicemanager( 1568): getTransport: Cannot find entry android.hardware.gnss@1.1::IGnss/default in either framework or device manifest.
06-18 14:27:32.683 D/GnssLocationProvider( 1908): gnssHal 1.1 was null, trying 1.0
06-18 14:27:32.682 E/ActivityThread( 2203): Failed to find provider info for com.google.android.gsf.gservices
06-18 14:27:32.684 E/ActivityThread( 2050): Failed to find provider info for com.google.android.gsf.gservices
06-18 14:27:32.685 E/ActivityThread( 2203): Failed to find provider info for com.google.android.gsf.gservices
06-18 14:27:32.686 E/ActivityThread( 2050): Failed to find provider info for com.google.android.gsf.gservices
06-18 14:27:32.687 E/ActivityThread( 2050): Failed to find provider info for com.google.android.gsf.gservices
06-18 14:27:32.688 D/vold    ( 1575): Remounting 1000 as mode full
06-18 14:27:32.688 D/vold    ( 1575): Found matching PID 1567
06-18 14:27:32.689 W/vold    ( 1575): Skipping due to root namespace
06-18 14:27:32.689 D/vold    ( 1575): Found matching PID 1568
06-18 14:27:32.689 W/vold    ( 1575): Skipping due to root namespace
06-18 14:27:32.689 D/vold    ( 1575): Found matching PID 1569
06-18 14:27:32.689 W/vold    ( 1575): Skipping due to root namespace
06-18 14:27:32.689 D/vold    ( 1575): Found matching PID 1690
06-18 14:27:32.689 W/vold    ( 1575): Skipping due to root namespace
06-18 14:27:32.689 D/vold    ( 1575): Found matching PID 1691
06-18 14:27:32.689 W/vold    ( 1575): Skipping due to root namespace
06-18 14:27:32.689 D/vold    ( 1575): Found matching PID 1700
06-18 14:27:32.689 W/vold    ( 1575): Skipping due to root namespace
06-18 14:27:32.689 D/vold    ( 1575): Found matching PID 1708
06-18 14:27:32.689 W/vold    ( 1575): Skipping due to root namespace
06-18 14:27:32.689 D/vold    ( 1575): Found matching PID 1711
06-18 14:27:32.689 W/vold    ( 1575): Skipping due to root namespace
06-18 14:27:32.689 D/vold    ( 1575): Found matching PID 1712
06-18 14:27:32.689 W/vold    ( 1575): Skipping due to root namespace
06-18 14:27:32.689 D/vold    ( 1575): Found matching PID 1713
06-18 14:27:32.689 W/vold    ( 1575): Skipping due to root namespace
06-18 14:27:32.689 D/vold    ( 1575): Found matching PID 1714
06-18 14:27:32.689 W/vold    ( 1575): Skipping due to root namespace
06-18 14:27:32.689 D/vold    ( 1575): Found matching PID 1716
06-18 14:27:32.689 W/vold    ( 1575): Skipping due to root namespace
06-18 14:27:32.689 D/vold    ( 1575): Found matching PID 1717
06-18 14:27:32.689 W/vold    ( 1575): Skipping due to root namespace
06-18 14:27:32.690 D/vold    ( 1575): Found matching PID 1729
06-18 14:27:32.690 W/vold    ( 1575): Skipping due to root namespace
06-18 14:27:32.690 D/vold    ( 1575): Found matching PID 1775
06-18 14:27:32.690 W/vold    ( 1575): Skipping due to root namespace
06-18 14:27:32.690 D/vold    ( 1575): Found matching PID 1818
06-18 14:27:32.690 W/vold    ( 1575): Skipping due to root namespace
06-18 14:27:32.693 E/ActivityThread( 2050): Failed to find provider info for com.google.android.gsf.gservices
06-18 14:27:32.690 D/vold    ( 1575): Found matching PID 1823
06-18 14:27:32.693 W/vold    ( 1575): Skipping due to root namespace
06-18 14:27:32.694 D/vold    ( 1575): Found matching PID 1908
06-18 14:27:32.698 I/bezl    ( 2050): background initialization
06-18 14:27:32.699 E/ActivityThread( 2050): Failed to find provider info for com.google.android.gsf.gservices
06-18 14:27:32.708 E/ActivityThread( 2050): Failed to find provider info for com.google.android.gsf.gservices
06-18 14:27:32.724 E/ActivityRecognitionHardware( 1908): activity_recognition HAL is deprecated. is_supported is effectively a no-op
06-18 14:27:32.724 D/LocationManagerService( 1908): Hardware Activity-Recognition not supported.
06-18 14:27:32.726 D/SystemServerTiming( 1908): MakeLocationServiceReady took to complete: 90ms
06-18 14:27:32.726 I/SystemServer( 1908): MakeCountryDetectionServiceReady
06-18 14:27:32.726 D/SystemServerTiming( 1908): MakeCountryDetectionServiceReady took to complete: 0ms
06-18 14:27:32.726 I/SystemServer( 1908): MakeNetworkTimeUpdateReady
06-18 14:27:32.728 I/id.networkstac( 2293): The ClassLoaderContext is a special shared library.
06-18 14:27:32.739 E/ActivityThread( 2050): Failed to find provider info for com.google.android.gsf.gservices
06-18 14:27:32.745 I/DynamiteModule( 2050): Considering local module com.google.android.gms.googlecertificates:4 and remote module com.google.android.gms.googlecertificates:4
06-18 14:27:32.745 I/DynamiteModule( 2050): Selected local version of com.google.android.gms.googlecertificates
06-18 14:27:32.741 E/ActivityThread( 2050): Failed to find provider info for com.google.android.gsf.gservices
06-18 14:27:32.746 D/ConnectivityService( 1908): requestNetwork for uid/pid:1000/1908 NetworkRequest [ TRACK_DEFAULT id=9, [ Capabilities: INTERNET&NOT_RESTRICTED&TRUSTED Uid: 1000] ]
06-18 14:27:32.747 D/SystemServerTiming( 1908): MakeNetworkTimeUpdateReady took to complete: 21ms
06-18 14:27:32.747 I/SystemServer( 1908): MakeInputManagerServiceReady
06-18 14:27:32.747 D/SystemServerTiming( 1908): MakeInputManagerServiceReady took to complete: 1ms
06-18 14:27:32.747 I/SystemServer( 1908): MakeTelephonyRegistryReady
06-18 14:27:32.747 D/SystemServerTiming( 1908): MakeTelephonyRegistryReady took to complete: 0ms
06-18 14:27:32.748 I/SystemServer( 1908): MakeMediaRouterServiceReady
06-18 14:27:32.748 D/SystemServerTiming( 1908): MakeMediaRouterServiceReady took to complete: 0ms
06-18 14:27:32.748 I/SystemServer( 1908): MakeMmsServiceReady
06-18 14:27:32.748 I/MmsServiceBroker( 1908): Delay connecting to MmsService until an API is called
06-18 14:27:32.748 D/SystemServerTiming( 1908): MakeMmsServiceReady took to complete: 0ms
06-18 14:27:32.748 I/SystemServer( 1908): IncidentDaemonReady
06-18 14:27:32.755 D/SystemServerTiming( 1908): IncidentDaemonReady took to complete: 1ms
06-18 14:27:32.755 I/ActivityManager( 1908): Current user:0
06-18 14:27:32.755 I/SystemServiceManager( 1908): Calling onStartUser u0
06-18 14:27:32.761 E/ActivityThread( 2203): Failed to find provider info for com.google.android.gsf.gservices
06-18 14:27:32.763 D/vold    ( 1575): Remounting 1000 as mode full
06-18 14:27:32.764 D/vold    ( 1575): Found matching PID 1567
06-18 14:27:32.764 W/vold    ( 1575): Skipping due to root namespace
06-18 14:27:32.764 D/vold    ( 1575): Found matching PID 1568
06-18 14:27:32.764 W/vold    ( 1575): Skipping due to root namespace
06-18 14:27:32.764 D/vold    ( 1575): Found matching PID 1569
06-18 14:27:32.764 W/vold    ( 1575): Skipping due to root namespace
06-18 14:27:32.764 D/vold    ( 1575): Found matching PID 1690
06-18 14:27:32.764 W/vold    ( 1575): Skipping due to root namespace
06-18 14:27:32.764 D/vold    ( 1575): Found matching PID 1691
06-18 14:27:32.764 W/vold    ( 1575): Skipping due to root namespace
06-18 14:27:32.764 D/vold    ( 1575): Found matching PID 1700
06-18 14:27:32.764 W/vold    ( 1575): Skipping due to root namespace
06-18 14:27:32.764 D/vold    ( 1575): Found matching PID 1708
06-18 14:27:32.764 W/vold    ( 1575): Skipping due to root namespace
06-18 14:27:32.764 D/vold    ( 1575): Found matching PID 1711
06-18 14:27:32.764 W/vold    ( 1575): Skipping due to root namespace
06-18 14:27:32.764 D/vold    ( 1575): Found matching PID 1712
06-18 14:27:32.764 W/vold    ( 1575): Skipping due to root namespace
06-18 14:27:32.764 D/vold    ( 1575): Found matching PID 1713
06-18 14:27:32.764 W/vold    ( 1575): Skipping due to root namespace
06-18 14:27:32.764 D/vold    ( 1575): Found matching PID 1714
06-18 14:27:32.764 W/vold    ( 1575): Skipping due to root namespace
06-18 14:27:32.764 D/vold    ( 1575): Found matching PID 1716
06-18 14:27:32.764 W/vold    ( 1575): Skipping due to root namespace
06-18 14:27:32.764 D/vold    ( 1575): Found matching PID 1717
06-18 14:27:32.765 W/vold    ( 1575): Skipping due to root namespace
06-18 14:27:32.765 D/vold    ( 1575): Found matching PID 1729
06-18 14:27:32.765 W/vold    ( 1575): Skipping due to root namespace
06-18 14:27:32.765 D/vold    ( 1575): Found matching PID 1775
06-18 14:27:32.765 W/vold    ( 1575): Skipping due to root namespace
06-18 14:27:32.765 D/vold    ( 1575): Found matching PID 1818
06-18 14:27:32.765 W/vold    ( 1575): Skipping due to root namespace
06-18 14:27:32.765 D/vold    ( 1575): Found matching PID 1823
06-18 14:27:32.765 W/vold    ( 1575): Skipping due to root namespace
06-18 14:27:32.765 D/vold    ( 1575): Found matching PID 1908
06-18 14:27:32.768 I/InputReader( 1908): Reconfiguring input devices.  changes=0x00000020
06-18 14:27:32.769 I/InputReader( 1908): Reconfiguring input devices.  changes=0x00000010
06-18 14:27:32.791 E/ActivityThread( 2203): Failed to find provider info for com.google.android.gsf.gservices
06-18 14:27:32.793 I/RoleManagerService( 1908): Migrating android.app.role.SMS, legacy holders: [com.google.android.apps.messaging]
06-18 14:27:32.793 I/RoleUserState( 1908): Added new role: android.app.role.SMS
06-18 14:27:32.794 E/ActivityThread( 2050): Failed to find provider info for com.google.android.gsf.gservices
