--------- beginning of main
06-18 14:27:21.387 I/SELinux ( 1567): SELinux: Loaded service_contexts from:
06-18 14:27:21.390 I/SELinux ( 1567):     /system/etc/selinux/plat_service_contexts
06-18 14:27:21.398 I/SELinux ( 1569): SELinux: Loaded service_contexts from:
06-18 14:27:21.398 I/SELinux ( 1569):     /vendor/etc/selinux/vndservice_contexts
06-18 14:27:14.630 W/auditd  ( 1566): type=2000 audit(0.0:1): state=initialized audit_enabled=0 res=1
06-18 14:27:19.000 I/auditd  ( 1566): type=1403 audit(0.0:2): policy loaded auid=4294967295 ses=4294967295
06-18 14:27:19.010 W/auditd  ( 1566): type=1404 audit(0.0:3): enforcing=1 old_enforcing=0 auid=4294967295 ses=4294967295
06-18 14:27:21.417 I/hwservicemanager( 1568): hwservicemanager is ready now.
--------- beginning of system
06-18 14:27:21.467 I/vold    ( 1575): Vold 3.0 (the awakening) firing up
06-18 14:27:21.467 D/vold    ( 1575): Detected support for: ext4 f2fs vfat
06-18 14:27:21.468 D/vold    ( 1575): Found unmanaged dm device named vendor
06-18 14:27:21.468 D/vold    ( 1575): Found unmanaged dm device named system
06-18 14:27:21.468 D/vold    ( 1575): Found unmanaged dm device named system-verity
06-18 14:27:21.468 W/vold    ( 1575): Failed to LOOP_GET_STATUS64 /dev/block/loop5: No such device or address
06-18 14:27:21.468 W/vold    ( 1575): Failed to LOOP_GET_STATUS64 /dev/block/loop7: No such device or address
06-18 14:27:21.468 W/vold    ( 1575): Failed to LOOP_GET_STATUS64 /dev/block/loop4: No such device or address
06-18 14:27:21.468 W/vold    ( 1575): Failed to LOOP_GET_STATUS64 /dev/block/loop1: No such device or address
06-18 14:27:21.468 W/vold    ( 1575): Failed to LOOP_GET_STATUS64 /dev/block/loop3: No such device or address
06-18 14:27:21.468 W/vold    ( 1575): Failed to LOOP_GET_STATUS64 /dev/block/loop0: No such device or address
06-18 14:27:21.468 W/vold    ( 1575): Failed to LOOP_GET_STATUS64 /dev/block/loop2: No such device or address
06-18 14:27:21.468 W/vold    ( 1575): Failed to LOOP_GET_STATUS64 /dev/block/loop6: No such device or address
06-18 14:27:21.468 I/vold    ( 1575): Skip mounting partition: /product
06-18 14:27:21.468 I/vold    ( 1575): Skip mounting partition: /product_services
06-18 14:27:21.469 D/vold    ( 1575): VoldNativeService::start() completed OK
06-18 14:27:21.932 I/android.hardware.keymaster@3.0-impl( 1630): Fetching keymaster device name default
06-18 14:27:21.932 I/android.hardware.keymaster@3.0-impl( 1630): Could not find any keystore module, using software-only implementation.
06-18 14:27:21.932 I/ServiceManagement( 1630): Registered android.hardware.keymaster@3.0::IKeymasterDevice/default (start delay of 36ms)
06-18 14:27:21.932 I/ServiceManagement( 1630): Removing namespace from process name android.hardware.keymaster@3.0-service to keymaster@3.0-service.
06-18 14:27:21.932 I/android.hardware.keymaster@3.0-service( 1630): Registration complete for android.hardware.keymaster@3.0::IKeymasterDevice/default.
06-18 14:27:21.948 I/vold    ( 1575): fscrypt_initialize_global_de
06-18 14:27:21.948 I/vold    ( 1575): Creating new key in /data/unencrypted/key
06-18 14:27:21.953 I/hwservicemanager( 1568): getTransport: Cannot find entry android.hardware.keymaster@4.0::IKeymasterDevice/default in either framework or device manifest.
06-18 14:27:21.953 I/vold    ( 1575): List of Keymaster HALs found:
06-18 14:27:21.953 I/vold    ( 1575): Keymaster HAL #1: SoftwareKeymasterDevice from Google SecurityLevel: SOFTWARE HAL: android.hardware.keymaster@3.0::IKeymasterDevice/default
06-18 14:27:21.953 I/vold    ( 1575): Using SoftwareKeymasterDevice from Google for encryption.  Security level: SOFTWARE, HAL: android.hardware.keymaster@3.0::IKeymasterDevice/default
06-18 14:27:21.953 D/vold    ( 1575): Creating key that doesn't need auth token
06-18 14:27:21.957 D/RefBase ( 1575): RefBase: Explicit destruction, weak count = 0 (in 0x70b75c81e1f0)
06-18 14:27:21.957 W/RefBase ( 1575): CallStack::getCurrentInternal not linked, returning null
06-18 14:27:21.957 W/RefBase ( 1575): CallStack::logStackInternal not linked
06-18 14:27:21.958 D/vold    ( 1575): Created key: /data/unencrypted/key
06-18 14:27:21.959 D/vold    ( 1575): Added key 764785148 (ext4:dc99111ee3d9a799) to keyring 635057234 in process 1575
06-18 14:27:21.959 D/vold    ( 1575): Added key 577425840 (f2fs:dc99111ee3d9a799) to keyring 635057234 in process 1575
06-18 14:27:21.959 D/vold    ( 1575): Added key 264062290 (fscrypt:dc99111ee3d9a799) to keyring 635057234 in process 1575
06-18 14:27:21.961 I/vold    ( 1575): Wrote system DE key reference to:/data/unencrypted/ref
06-18 14:27:21.989 E/fsverity_init( 1636): Failed to load /product/etc/security/fsverity/*.der
06-18 14:27:21.993 E//system/bin/mini-keyctl( 1637): Cannot find keyring id
06-18 14:27:21.997 E/fsverity_init( 1638): Failed to restrict .fs-verity keyring
06-18 14:27:22.010 W/init    (    1): type=1400 audit(0.0:4): avc: denied { ioctl } for path="/data/misc" dev="vdc" ino=13 ioctlcmd=0x6615 scontext=u:r:init:s0 tcontext=u:object_r:unlabeled:s0 tclass=dir permissive=0
06-18 14:27:22.027 I/apexd   ( 1639): Marking APEXd as starting
06-18 14:27:22.030 W/ls      ( 1640): type=1400 audit(0.0:5): avc: denied { getattr } for path="/data/misc" dev="vdc" ino=13 scontext=u:r:toolbox:s0 tcontext=u:object_r:unlabeled:s0 tclass=dir permissive=0
06-18 14:27:22.044 I/ls      (    1): ls: /data/misc: Permission denied
06-18 14:27:22.044 I/ls      (    1): ls terminated by exit(1)
06-18 14:27:22.074 I/apexd   ( 1639): Scanning /system/apex for embedded keys
06-18 14:27:22.078 V/apexd   ( 1639): Found bundled key in package /system/apex/com.android.apex.cts.shim.apex
06-18 14:27:22.079 I/apexd   ( 1639): Scanning /product/apex for embedded keys
06-18 14:27:22.084 I/apexd   ( 1639): ... does not exist. Skipping
06-18 14:27:22.092 I/apexd   ( 1639): Populating APEX database from mounts...
06-18 14:27:22.100 E/apexd   ( 1639): Failed to walk /product/apex : Can't open /product/apex for reading : No such file or directory
06-18 14:27:22.109 I/apexd   ( 1639): Found "/apex/com.android.runtime@1"
06-18 14:27:22.115 I/apexd   ( 1639): Found "/apex/com.android.tzdata@290000000"
06-18 14:27:22.121 I/apexd   ( 1639): 2 packages restored.
06-18 14:27:22.126 I/apexd   ( 1639): Scanning /data/apex/sessions looking for sessions to be activated.
06-18 14:27:22.133 I/apexd   ( 1639): Scanning /data/apex/active looking for APEX packages.
06-18 14:27:22.139 I/apexd   ( 1639): Activated 0 packages. Skipped: 0
06-18 14:27:22.145 I/apexd   ( 1639): Scanning /system/apex looking for APEX packages.
06-18 14:27:22.152 I/apexd   ( 1639): Found /system/apex/com.android.resolv
06-18 14:27:22.161 V/apexd   ( 1639): Creating mount point: /apex/com.android.resolv@290000000
06-18 14:27:22.164 I/apexd   ( 1639): Successfully bind-mounted flattened package /system/apex/com.android.resolv on /apex/com.android.resolv@290000000
06-18 14:27:22.177 V/apexd   ( 1639): Creating bind-mount for /apex/com.android.resolv for /apex/com.android.resolv@290000000
06-18 14:27:22.180 V/apexd   ( 1639): Creating mountpoint /apex/com.android.resolv
06-18 14:27:22.185 V/apexd   ( 1639): Bind-mounting /apex/com.android.resolv@290000000 to /apex/com.android.resolv
06-18 14:27:22.185 D/apexd   ( 1639): Successfully activated /system/apex/com.android.resolv package_name: com.android.resolv version: 290000000
06-18 14:27:22.185 I/apexd   ( 1639): Found /system/apex/com.android.media.swcodec
06-18 14:27:22.190 V/apexd   ( 1639): Creating mount point: /apex/com.android.media.swcodec@290000000
06-18 14:27:22.193 I/apexd   ( 1639): Successfully bind-mounted flattened package /system/apex/com.android.media.swcodec on /apex/com.android.media.swcodec@290000000
06-18 14:27:22.202 V/apexd   ( 1639): Creating bind-mount for /apex/com.android.media.swcodec for /apex/com.android.media.swcodec@290000000
06-18 14:27:22.207 V/apexd   ( 1639): Creating mountpoint /apex/com.android.media.swcodec
06-18 14:27:22.207 V/apexd   ( 1639): Bind-mounting /apex/com.android.media.swcodec@290000000 to /apex/com.android.media.swcodec
06-18 14:27:22.207 D/apexd   ( 1639): Successfully activated /system/apex/com.android.media.swcodec package_name: com.android.media.swcodec version: 290000000
06-18 14:27:22.207 I/apexd   ( 1639): Found /system/apex/com.android.apex.cts.shim.apex
06-18 14:27:22.211 V/apexd   ( 1639): Found bundled key in package /system/apex/com.android.apex.cts.shim.apex
06-18 14:27:22.215 I/apexd   ( 1639): Skipping activation of non-flattened apex package /system/apex/com.android.apex.cts.shim.apex because device doesn't support it
06-18 14:27:22.229 I/apexd   ( 1639): Found /system/apex/com.android.conscrypt
06-18 14:27:22.236 V/apexd   ( 1639): Creating mount point: /apex/com.android.conscrypt@290000000
06-18 14:27:22.242 I/apexd   ( 1639): Successfully bind-mounted flattened package /system/apex/com.android.conscrypt on /apex/com.android.conscrypt@290000000
06-18 14:27:22.250 V/apexd   ( 1639): Creating bind-mount for /apex/com.android.conscrypt for /apex/com.android.conscrypt@290000000
06-18 14:27:22.254 V/apexd   ( 1639): Creating mountpoint /apex/com.android.conscrypt
06-18 14:27:22.254 V/apexd   ( 1639): Bind-mounting /apex/com.android.conscrypt@290000000 to /apex/com.android.conscrypt
06-18 14:27:22.259 D/apexd   ( 1639): Successfully activated /system/apex/com.android.conscrypt package_name: com.android.conscrypt version: 290000000
06-18 14:27:22.259 I/apexd   ( 1639): Found /system/apex/com.android.runtime.debug
06-18 14:27:22.263 I/apexd   ( 1639): Skipping activation of /system/apex/com.android.runtime.debug same package with higher version 1 is already active
06-18 14:27:22.275 I/apexd   ( 1639): Found /system/apex/com.android.tzdata
06-18 14:27:22.283 I/apexd   ( 1639): Skipping activation of /system/apex/com.android.tzdata same package with higher version 290000000 is already active
06-18 14:27:22.295 I/apexd   ( 1639): Found /system/apex/com.android.media
06-18 14:27:22.304 V/apexd   ( 1639): Creating mount point: /apex/com.android.media@290000000
06-18 14:27:22.308 I/apexd   ( 1639): Successfully bind-mounted flattened package /system/apex/com.android.media on /apex/com.android.media@290000000
06-18 14:27:22.316 V/apexd   ( 1639): Creating bind-mount for /apex/com.android.media for /apex/com.android.media@290000000
06-18 14:27:22.321 V/apexd   ( 1639): Creating mountpoint /apex/com.android.media
06-18 14:27:22.321 V/apexd   ( 1639): Bind-mounting /apex/com.android.media@290000000 to /apex/com.android.media
06-18 14:27:22.321 D/apexd   ( 1639): Successfully activated /system/apex/com.android.media package_name: com.android.media version: 290000000
06-18 14:27:22.321 I/apexd   ( 1639): Activated 4 packages. Skipped: 3
06-18 14:27:22.325 I/apexd   ( 1639): Scanning /product/apex looking for APEX packages.
06-18 14:27:22.333 E/apexd   ( 1639): Failed to activate packages from /product/apex : Failed to scan /product/apex : Can't open /product/apex for reading : No such file or directory
06-18 14:27:22.346 I/apexd   ( 1639): Marking APEXd as ready
06-18 14:27:22.481 D/vold    ( 1575): fscrypt_init_user0
06-18 14:27:22.481 D/vold    ( 1575): Preparing: /data/misc/vold/user_keys
06-18 14:27:22.481 D/vold    ( 1575): Preparing: /data/misc/vold/user_keys/ce
06-18 14:27:22.481 D/vold    ( 1575): Preparing: /data/misc/vold/user_keys/de
06-18 14:27:22.481 D/vold    ( 1575): Preparing: /data/misc/vold/user_keys/ce/0
06-18 14:27:22.481 D/vold    ( 1575): Skipping non-key .
06-18 14:27:22.481 D/vold    ( 1575): Skipping non-key ..
06-18 14:27:22.486 I/hwservicemanager( 1568): getTransport: Cannot find entry android.hardware.keymaster@4.0::IKeymasterDevice/default in either framework or device manifest.
06-18 14:27:22.487 I/vold    ( 1575): List of Keymaster HALs found:
06-18 14:27:22.487 I/vold    ( 1575): Keymaster HAL #1: SoftwareKeymasterDevice from Google SecurityLevel: SOFTWARE HAL: android.hardware.keymaster@3.0::IKeymasterDevice/default
06-18 14:27:22.487 I/vold    ( 1575): Using SoftwareKeymasterDevice from Google for encryption.  Security level: SOFTWARE, HAL: android.hardware.keymaster@3.0::IKeymasterDevice/default
06-18 14:27:22.487 D/vold    ( 1575): Creating key that doesn't need auth token
06-18 14:27:22.488 D/RefBase ( 1575): RefBase: Explicit destruction, weak count = 0 (in 0x70b75c81e170)
06-18 14:27:22.489 W/RefBase ( 1575): CallStack::getCurrentInternal not linked, returning null
06-18 14:27:22.489 W/RefBase ( 1575): CallStack::logStackInternal not linked
06-18 14:27:22.490 D/vold    ( 1575): Created key: /data/misc/vold/user_keys/ce/0/current
06-18 14:27:22.495 I/hwservicemanager( 1568): getTransport: Cannot find entry android.hardware.keymaster@4.0::IKeymasterDevice/default in either framework or device manifest.
06-18 14:27:22.496 I/vold    ( 1575): List of Keymaster HALs found:
06-18 14:27:22.496 I/vold    ( 1575): Keymaster HAL #1: SoftwareKeymasterDevice from Google SecurityLevel: SOFTWARE HAL: android.hardware.keymaster@3.0::IKeymasterDevice/default
06-18 14:27:22.496 I/vold    ( 1575): Using SoftwareKeymasterDevice from Google for encryption.  Security level: SOFTWARE, HAL: android.hardware.keymaster@3.0::IKeymasterDevice/default
06-18 14:27:22.496 D/vold    ( 1575): Creating key that doesn't need auth token
06-18 14:27:22.497 D/RefBase ( 1575): RefBase: Explicit destruction, weak count = 0 (in 0x70b75c81e1f0)
06-18 14:27:22.497 W/RefBase ( 1575): CallStack::getCurrentInternal not linked, returning null
06-18 14:27:22.497 W/RefBase ( 1575): CallStack::logStackInternal not linked
06-18 14:27:22.499 D/vold    ( 1575): Created key: /data/misc/vold/user_keys/de/0
06-18 14:27:22.499 D/vold    ( 1575): Added key 709567095 (ext4:1b63c2b2e02d8afe) to keyring 635057234 in process 1575
06-18 14:27:22.499 D/vold    ( 1575): Added key 695102687 (f2fs:1b63c2b2e02d8afe) to keyring 635057234 in process 1575
06-18 14:27:22.499 D/vold    ( 1575): Added key 223653236 (fscrypt:1b63c2b2e02d8afe) to keyring 635057234 in process 1575
06-18 14:27:22.499 D/vold    ( 1575): Added key 577046567 (ext4:450d51bdb9a1bad6) to keyring 635057234 in process 1575
06-18 14:27:22.499 D/vold    ( 1575): Added key 800944182 (f2fs:450d51bdb9a1bad6) to keyring 635057234 in process 1575
06-18 14:27:22.499 D/vold    ( 1575): Added key 377147930 (fscrypt:450d51bdb9a1bad6) to keyring 635057234 in process 1575
06-18 14:27:22.499 D/vold    ( 1575): Created keys for user 0
06-18 14:27:22.499 D/vold    ( 1575): Skipping non-de-key .
06-18 14:27:22.499 D/vold    ( 1575): Skipping non-de-key ..
06-18 14:27:22.499 D/vold    ( 1575): fscrypt_prepare_user_storage for volume null, user 0, serial 0, flags 1
06-18 14:27:22.499 D/vold    ( 1575): Preparing: /data/system/users/0
06-18 14:27:22.499 D/vold    ( 1575): Preparing: /data/misc/profiles/cur/0
06-18 14:27:22.499 D/vold    ( 1575): Preparing: /data/system_de/0
06-18 14:27:22.499 D/vold    ( 1575): Preparing: /data/misc_de/0
06-18 14:27:22.499 D/vold    ( 1575): Preparing: /data/vendor_de/0
06-18 14:27:22.499 D/vold    ( 1575): Preparing: /data/user_de/0
06-18 14:27:22.500 I/vold    ( 1575): Policy for /data/system_de/0 set to 1b63c2b2e02d8afe modes 1/4
06-18 14:27:22.500 I/vold    ( 1575): Policy for /data/misc_de/0 set to 1b63c2b2e02d8afe modes 1/4
06-18 14:27:22.500 I/vold    ( 1575): Policy for /data/vendor_de/0 set to 1b63c2b2e02d8afe modes 1/4
06-18 14:27:22.500 I/vold    ( 1575): Policy for /data/user_de/0 set to 1b63c2b2e02d8afe modes 1/4
06-18 14:27:22.500 D/vold    ( 1575): /system/bin/vold_prepare_subdirs
06-18 14:27:22.500 D/vold    ( 1575):     prepare
06-18 14:27:22.500 D/vold    ( 1575):     
06-18 14:27:22.500 D/vold    ( 1575):     0
06-18 14:27:22.500 D/vold    ( 1575):     1
06-18 14:27:22.507 D/vold_prepare_subdirs( 1644): Setting up mode 700 uid 0 gid 0 context u:object_r:vold_data_file:s0 on path: /data/misc_de/0/vold
06-18 14:27:22.508 D/vold_prepare_subdirs( 1644): Setting up mode 700 uid 0 gid 0 context u:object_r:storaged_data_file:s0 on path: /data/misc_de/0/storaged
06-18 14:27:22.508 D/vold_prepare_subdirs( 1644): Setting up mode 700 uid 0 gid 0 context u:object_r:rollback_data_file:s0 on path: /data/misc_de/0/rollback
06-18 14:27:22.508 D/vold_prepare_subdirs( 1644): Setting up mode 700 uid 1000 gid 1000 context u:object_r:fingerprint_vendor_data_file:s0 on path: /data/vendor_de/0/fpdata
06-18 14:27:22.508 D/vold_prepare_subdirs( 1644): Setting up mode 700 uid 1000 gid 1000 context u:object_r:face_vendor_data_file:s0 on path: /data/vendor_de/0/facedata
06-18 14:27:22.545 I//system/bin/tzdatacheck( 1645): timezone distro dir /data/misc/zoneinfo/current does not exist. No action required.
06-18 14:27:22.619 I/art_apex( 1651): === ART pre-boot integrity checks ===
06-18 14:27:22.628 F/art_apex( 1653): Device is not fsverity-enabled.
06-18 14:27:22.683 W/otapreopt_slot( 1657): Slot property empty.
06-18 14:27:22.807 I//system/bin/flags_health_check( 1660): ServerConfigurableFlagsReset reset_mode value: 0
06-18 14:27:22.807 I//system/bin/flags_health_check( 1660): ServerConfigurableFlagsReset attempted boot count is under threshold, skipping reset.
06-18 14:27:22.906 I/bootstat( 1677): Service started: /system/bin/bootstat --set_system_boot_reason 
06-18 14:27:22.906 I/bootstat( 1677): Canonical boot reason: reboot
06-18 14:27:22.906 I/bootstat( 1677): Canonical boot reason: reboot
06-18 14:27:22.951 I/netdClient( 1673): Skipping libnetd_client init since *we* are netd
06-18 14:27:22.964 I/netd    ( 1673): netd 1.0 starting
06-18 14:27:22.986 I/Netd    ( 1673): Loaded resolver library from /apex/com.android.resolv/lib64/libnetd_resolv.so
06-18 14:27:23.033 I/ServiceManagement( 1691): Registered android.system.suspend@1.0::ISystemSuspend/default (start delay of 57ms)
06-18 14:27:23.033 I/ServiceManagement( 1691): Removing namespace from process name android.system.suspend@1.0-service to suspend@1.0-service.
06-18 14:27:23.033 I/ServiceManagement( 1690): Registered android.hidl.allocator@1.0::IAllocator/ashmem (start delay of 57ms)
06-18 14:27:23.033 I/ServiceManagement( 1690): Removing namespace from process name android.hidl.allocator@1.0-service to allocator@1.0-service.
06-18 14:27:23.065 I/health@2.0/( 1693): health@2.0/backup: Hal starting main loop...
06-18 14:27:23.066 I/health@2.0/( 1693): health@2.0/backup Hal is starting up...
06-18 14:27:23.085 W//vendor/bin/hw/android.hardware.configstore@1.1-service( 1700): Could not find seccomp policy file at: /vendor/etc/seccomp_policy/configstore@1.1.policy
06-18 14:27:23.086 I/hwservicemanager( 1568): getTransport: Cannot find entry android.hardware.health@1.0::IHealth/default in either framework or device manifest.
06-18 14:27:23.087 I/ServiceManagement( 1695): Registered android.hardware.broadcastradio@1.1::IBroadcastRadioFactory/default (start delay of 80ms)
06-18 14:27:23.087 I/ServiceManagement( 1695): Removing namespace from process name android.hardware.broadcastradio@1.1-service to broadcastradio@1.1-service.
06-18 14:27:23.089 I/ServiceManagement( 1700): Registered android.hardware.configstore@1.1::ISurfaceFlingerConfigs/default (start delay of 42ms)
06-18 14:27:23.089 I/ServiceManagement( 1693): Registered android.hardware.health@2.0::IHealth/backup (start delay of 102ms)
06-18 14:27:23.089 I/health@2.0/( 1693): health@2.0/backup: Hal init done
06-18 14:27:23.109 I/ServiceManagement( 1700): Removing namespace from process name android.hardware.configstore@1.1-service to configstore@1.1-service.
06-18 14:27:23.217 I/qemu-props( 1722): connected to 'boot-properties' qemud service.
06-18 14:27:23.217 I/qemu-props( 1722): receiving..
06-18 14:27:23.217 I/qemu-props( 1722): received: qemu.cmdline=androidboot.logcat=*:V androidboot.consolepipe=qemu_pipe,pipe:logcat
06-18 14:27:23.242 I/health@2.0/( 1713): health@2.0/default: Hal starting main loop...
06-18 14:27:23.242 I/health@2.0/( 1713): health@2.0/default Hal is starting up...
06-18 14:27:23.255 I/qemu-props( 1722): successfully set property 'qemu.cmdline' to 'androidboot.logcat=*:V androidboot.consolepipe=qemu_pipe,pipe:logcat'
06-18 14:27:23.255 I/qemu-props( 1722): receiving..
06-18 14:27:23.255 I/qemu-props( 1722): received: qemu.logcat=start
06-18 14:27:23.258 I/ServiceManagement( 1713): Registered android.hardware.health@2.0::IHealth/default (start delay of 121ms)
06-18 14:27:23.258 I/ServiceManagement( 1713): Removing namespace from process name android.hardware.health@2.0-service.goldfish to health@2.0-service.goldfish.
06-18 14:27:23.258 I/health@2.0/( 1713): health@2.0/default: Hal init done
06-18 14:27:23.258 I/ServiceManagement( 1716): Registered android.hardware.sensors@1.0::ISensors/default (start delay of 101ms)
06-18 14:27:23.258 I/ServiceManagement( 1716): Removing namespace from process name android.hardware.sensors@1.0-service to sensors@1.0-service.
06-18 14:27:23.258 I/android.hardware.sensors@1.0-service( 1716): Registration complete for android.hardware.sensors@1.0::ISensors/default.
06-18 14:27:23.278 I/android.hardware.power@1.1-service.ranchu( 1714): Power HAL Service 1.1 for Ranchu is starting.
06-18 14:27:23.283 I/ServiceManagement( 1714): Registered android.hardware.power@1.1::IPower/default (start delay of 146ms)
06-18 14:27:23.283 I/ServiceManagement( 1714): Removing namespace from process name android.hardware.power@1.1-service.ranchu to power@1.1-service.ranchu.
06-18 14:27:23.283 I/android.hardware.power@1.1-service.ranchu( 1714): Power Service is ready
06-18 14:27:23.285 E/GoldfishGatekeeper( 1708): called goldfish_gatekeeper_open with gate keeper 0x771516409050 device 0x771515f5c000
06-18 14:27:23.287 I/ServiceManagement( 1708): Registered android.hardware.gatekeeper@1.0::IGatekeeper/default (start delay of 180ms)
06-18 14:27:23.287 I/ServiceManagement( 1708): Removing namespace from process name android.hardware.gatekeeper@1.0-service to gatekeeper@1.0-service.
06-18 14:27:23.287 I/android.hardware.gatekeeper@1.0-service( 1708): Registration complete for android.hardware.gatekeeper@1.0::IGatekeeper/default.
06-18 14:27:23.297 I/lowmemorykiller( 1726): Using psi monitors for memory pressure detection
06-18 14:27:23.306 I/android.hardware.thermal@2.0-service-mock( 1717): Thermal HAL Service Mock 2.0 starting...
06-18 14:27:23.322 I/android.hardware.camera.provider@2.4-service( 1696): CameraProvider@2.4 legacy service is starting.
06-18 14:27:23.334 I/ServiceManagement( 1717): Registered android.hardware.thermal@2.0::IThermal/default (start delay of 157ms)
06-18 14:27:23.334 I/ServiceManagement( 1717): Removing namespace from process name android.hardware.thermal@2.0-service.mock to thermal@2.0-service.mock.
06-18 14:27:23.334 I/android.hardware.thermal@2.0-service-mock( 1717): Thermal Service started successfully.
06-18 14:27:23.335 I/ServiceManagement( 1697): Registered android.hardware.cas@1.1::IMediaCasService/default (start delay of 308ms)
06-18 14:27:23.335 I/ServiceManagement( 1697): Removing namespace from process name android.hardware.cas@1.1-service to cas@1.1-service.
06-18 14:27:23.360 I/qemu-props( 1722): successfully set property 'vendor.qemu.logcat' to 'start'
06-18 14:27:23.360 I/qemu-props( 1722): receiving..
06-18 14:27:23.360 I/qemu-props( 1722): received: ro.opengles.version=196608
06-18 14:27:23.360 I/qemu-props( 1722): receiving..
06-18 14:27:23.360 I/qemu-props( 1722): received: qemu.sf.fake_camera=none
06-18 14:27:23.364 D/HostConnection( 1711): createUnique: call
06-18 14:27:23.365 D/HostConnection( 1711): HostConnection::get() New Host Connection established 0x701af6c1c0a0, tid 1711
06-18 14:27:23.367 I/qemu-props( 1722): successfully set property 'vendor.qemu.sf.fake_camera' to 'none'
06-18 14:27:23.367 I/qemu-props( 1722): receiving..
06-18 14:27:23.367 I/qemu-props( 1722): received: dalvik.vm.heapsize=512m
06-18 14:27:23.367 I/qemu-props( 1722): receiving..
06-18 14:27:23.367 I/qemu-props( 1722): received: qemu.hw.mainkeys=1
06-18 14:27:23.371 I/qemu-props( 1722): successfully set property 'qemu.hw.mainkeys' to '1'
06-18 14:27:23.371 I/qemu-props( 1722): receiving..
06-18 14:27:23.371 I/qemu-props( 1722): received: qemu.sf.lcd_density=160
06-18 14:27:23.371 I/ServiceManagement( 1707): Registered android.hardware.drm@1.2::IDrmFactory/widevine (start delay of 275ms)
06-18 14:27:23.372 I/ServiceManagement( 1707): Removing namespace from process name android.hardware.drm@1.2-service.widevine to drm@1.2-service.widevine.
06-18 14:27:23.373 I/ServiceManagement( 1707): Registered android.hardware.drm@1.2::ICryptoFactory/widevine (start delay of 276ms)
06-18 14:27:23.373 I/ServiceManagement( 1707): Removing namespace from process name android.hardware.drm@1.2-service.widevine to drm@1.2-service.widevine.
06-18 14:27:23.373 I/ServiceManagement( 1706): Registered android.hardware.drm@1.2::IDrmFactory/clearkey (start delay of 296ms)
06-18 14:27:23.373 I/ServiceManagement( 1706): Removing namespace from process name android.hardware.drm@1.2-service.clearkey to drm@1.2-service.clearkey.
06-18 14:27:23.373 I/ServiceManagement( 1711): Registered android.hardware.graphics.allocator@2.0::IAllocator/default (start delay of 257ms)
06-18 14:27:23.373 I/ServiceManagement( 1711): Removing namespace from process name android.hardware.graphics.allocator@2.0-service to allocator@2.0-service.
06-18 14:27:23.373 I/android.hardware.graphics.allocator@2.0-service( 1711): Registration complete for android.hardware.graphics.allocator@2.0::IAllocator/default.
06-18 14:27:23.374 I/ServiceManagement( 1706): Registered android.hardware.drm@1.2::ICryptoFactory/clearkey (start delay of 297ms)
06-18 14:27:23.374 I/ServiceManagement( 1706): Removing namespace from process name android.hardware.drm@1.2-service.clearkey to drm@1.2-service.clearkey.
06-18 14:27:23.374 I/qemu-props( 1722): successfully set property 'vendor.qemu.sf.lcd_density' to '160'
06-18 14:27:23.374 I/qemu-props( 1722): receiving..
06-18 14:27:23.374 I/qemu-props( 1722): received: qemu.timezone=Etc/UTC
06-18 14:27:23.375 I/qemu-props( 1722): successfully set property 'vendor.qemu.timezone' to 'Etc/UTC'
06-18 14:27:23.375 I/qemu-props( 1722): receiving..
06-18 14:27:23.375 I/ServiceManagement( 1709): Registered android.hardware.gnss@1.0::IGnss/default (start delay of 259ms)
06-18 14:27:23.375 I/ServiceManagement( 1709): Removing namespace from process name android.hardware.gnss@1.0-service to gnss@1.0-service.
06-18 14:27:23.375 I/android.hardware.gnss@1.0-service( 1709): Registration complete for android.hardware.gnss@1.0::IGnss/default.
06-18 14:27:23.420 I/ServiceManagement( 1701): Registered android.hardware.drm@1.0::IDrmFactory/default (start delay of 373ms)
06-18 14:27:23.420 I/ServiceManagement( 1701): Removing namespace from process name android.hardware.drm@1.0-service to drm@1.0-service.
06-18 14:27:23.420 I/        ( 1701): Registration complete for android.hardware.drm@1.0::IDrmFactory/default.
06-18 14:27:23.420 I/ServiceManagement( 1701): Registered android.hardware.drm@1.0::ICryptoFactory/default (start delay of 374ms)
06-18 14:27:23.420 I/ServiceManagement( 1701): Removing namespace from process name android.hardware.drm@1.0-service to drm@1.0-service.
06-18 14:27:23.420 I/        ( 1701): Registration complete for android.hardware.drm@1.0::ICryptoFactory/default.
06-18 14:27:23.490 D/HostConnection( 1712): createUnique: call
06-18 14:27:23.491 D/HostConnection( 1712): HostConnection::get() New Host Connection established 0x7e4537421140, tid 1712
06-18 14:27:23.498 D/HostConnection( 1712): HostComposition ext ANDROID_EMU_CHECKSUM_HELPER_v1 ANDROID_EMU_native_sync_v2 ANDROID_EMU_dma_v1 ANDROID_EMU_direct_mem ANDROID_EMU_host_composition_v1 ANDROID_EMU_host_composition_v2 ANDROID_EMU_vulkan ANDROID_EMU_deferred_vulkan_commands ANDROID_EMU_vulkan_null_optional_strings ANDROID_EMU_vulkan_create_resources_with_requirements ANDROID_EMU_YUV_Cache ANDROID_EMU_vulkan_ignored_handles ANDROID_EMU_vulkan_free_memory_sync ANDROID_EMU_vulkan_shader_float16_int8 ANDROID_EMU_vulkan_async_queue_submit ANDROID_EMU_sync_buffer_data ANDROID_EMU_vulkan_async_qsri ANDROID_EMU_hwc_color_transform GL_OES_EGL_image_external_essl3 GL_OES_vertex_array_object GL_KHR_texture_compression_astc_ldr ANDROID_EMU_host_side_tracing ANDROID_EMU_gles_max_version_3_0 
06-18 14:27:23.506 I/hwservicemanager( 1568): getTransport: Cannot find entry android.hardware.graphics.mapper@3.0::IMapper/default in either framework or device manifest.
06-18 14:27:23.511 W/Gralloc3( 1712): mapper 3.x is not supported
06-18 14:27:23.558 I/hwservicemanager( 1568): getTransport: Cannot find entry android.hardware.graphics.allocator@3.0::IAllocator/default in either framework or device manifest.
06-18 14:27:23.559 W/Gralloc3( 1712): allocator 3.x is not supported
06-18 14:27:23.563 D/HostConnection( 1711): HostComposition ext ANDROID_EMU_CHECKSUM_HELPER_v1 ANDROID_EMU_native_sync_v2 ANDROID_EMU_dma_v1 ANDROID_EMU_direct_mem ANDROID_EMU_host_composition_v1 ANDROID_EMU_host_composition_v2 ANDROID_EMU_vulkan ANDROID_EMU_deferred_vulkan_commands ANDROID_EMU_vulkan_null_optional_strings ANDROID_EMU_vulkan_create_resources_with_requirements ANDROID_EMU_YUV_Cache ANDROID_EMU_vulkan_ignored_handles ANDROID_EMU_vulkan_free_memory_sync ANDROID_EMU_vulkan_shader_float16_int8 ANDROID_EMU_vulkan_async_queue_submit ANDROID_EMU_sync_buffer_data ANDROID_EMU_vulkan_async_qsri ANDROID_EMU_hwc_color_transform GL_OES_EGL_image_external_essl3 GL_OES_vertex_array_object GL_KHR_texture_compression_astc_ldr ANDROID_EMU_host_side_tracing ANDROID_EMU_gles_max_version_3_0 
06-18 14:27:23.563 D/gralloc_ranchu( 1711): gralloc_alloc: Creating ashmem region of size 823296
06-18 14:27:23.564 D/eglCodecCommon( 1711): allocate: Ask for block of size 0x1000
06-18 14:27:23.564 D/eglCodecCommon( 1711): allocate: ioctl allocate returned offset 0x3ffffe000 size 0x2000
06-18 14:27:23.564 D/HostConnection( 1712): createUnique: call
06-18 14:27:23.565 D/HostConnection( 1712): HostConnection::get() New Host Connection established 0x7e45374213c0, tid 1712
06-18 14:27:23.565 D/HostConnection( 1712): HostComposition ext ANDROID_EMU_CHECKSUM_HELPER_v1 ANDROID_EMU_native_sync_v2 ANDROID_EMU_dma_v1 ANDROID_EMU_direct_mem ANDROID_EMU_host_composition_v1 ANDROID_EMU_host_composition_v2 ANDROID_EMU_vulkan ANDROID_EMU_deferred_vulkan_commands ANDROID_EMU_vulkan_null_optional_strings ANDROID_EMU_vulkan_create_resources_with_requirements ANDROID_EMU_YUV_Cache ANDROID_EMU_vulkan_ignored_handles ANDROID_EMU_vulkan_free_memory_sync ANDROID_EMU_vulkan_shader_float16_int8 ANDROID_EMU_vulkan_async_queue_submit ANDROID_EMU_sync_buffer_data ANDROID_EMU_vulkan_async_qsri ANDROID_EMU_hwc_color_transform GL_OES_EGL_image_external_essl3 GL_OES_vertex_array_object GL_KHR_texture_compression_astc_ldr ANDROID_EMU_host_side_tracing ANDROID_EMU_gles_max_version_3_0 
06-18 14:27:23.566 D/eglCodecCommon( 1712): allocate: Ask for block of size 0x1000
06-18 14:27:23.566 D/eglCodecCommon( 1712): allocate: ioctl allocate returned offset 0x3ffffc000 size 0x2000
06-18 14:27:23.567 I/ServiceManagement( 1712): Registered android.hardware.graphics.composer@2.1::IComposer/default (start delay of 441ms)
06-18 14:27:23.567 I/ServiceManagement( 1712): Removing namespace from process name android.hardware.graphics.composer@2.1-service to composer@2.1-service.
06-18 14:27:23.567 I/android.hardware.graphics.composer@2.1-service( 1712): Registration complete for android.hardware.graphics.composer@2.1::IComposer/default.
06-18 14:27:23.579 I/android.hardware.wifi@1.0-service( 1718): Wifi Hal is booting up...
06-18 14:27:23.590 I/ServiceManagement( 1718): Registered android.hardware.wifi@1.3::IWifi/default (start delay of 414ms)
06-18 14:27:23.590 I/ServiceManagement( 1718): Removing namespace from process name android.hardware.wifi@1.0-service to wifi@1.0-service.
06-18 14:27:23.594 I/hwservicemanager( 1568): getTransport: Cannot find entry android.hardware.audio@5.0::IDevicesFactory/default in either framework or device manifest.
06-18 14:27:23.595 E/audiohalservice( 1694): Could not get passthrough implementation for android.hardware.audio@5.0::IDevicesFactory/default.
06-18 14:27:23.604 E/wifi_forwarder( 1753): RemoteConnection failed to initialize: RemoteConnection failed to open pipe
06-18 14:27:23.650 I/ServiceManagement( 1694): Registered android.hardware.audio@4.0::IDevicesFactory/default (start delay of 664ms)
06-18 14:27:23.650 I/ServiceManagement( 1694): Removing namespace from process name android.hardware.audio@2.0-service to audio@2.0-service.
06-18 14:27:23.651 I/audiohalservice( 1694): Registration complete for android.hardware.audio@4.0::IDevicesFactory/default.
06-18 14:27:23.653 I/hwservicemanager( 1568): getTransport: Cannot find entry android.hardware.audio.effect@5.0::IEffectsFactory/default in either framework or device manifest.
06-18 14:27:23.653 E/audiohalservice( 1694): Could not get passthrough implementation for android.hardware.audio.effect@5.0::IEffectsFactory/default.
06-18 14:27:23.657 I/ServiceManagement( 1694): Registered android.hardware.audio.effect@4.0::IEffectsFactory/default (start delay of 671ms)
06-18 14:27:23.657 I/audiohalservice( 1694): Registration complete for android.hardware.audio.effect@4.0::IEffectsFactory/default.
06-18 14:27:23.657 I/hwservicemanager( 1568): getTransport: Cannot find entry android.hardware.soundtrigger@2.2::ISoundTriggerHw/default in either framework or device manifest.
06-18 14:27:23.657 E/audiohalservice( 1694): Could not get passthrough implementation for android.hardware.soundtrigger@2.2::ISoundTriggerHw/default.
06-18 14:27:23.658 I/hwservicemanager( 1568): getTransport: Cannot find entry android.hardware.soundtrigger@2.1::ISoundTriggerHw/default in either framework or device manifest.
06-18 14:27:23.658 E/audiohalservice( 1694): Could not get passthrough implementation for android.hardware.soundtrigger@2.1::ISoundTriggerHw/default.
06-18 14:27:23.658 I/hwservicemanager( 1568): getTransport: Cannot find entry android.hardware.soundtrigger@2.0::ISoundTriggerHw/default in either framework or device manifest.
06-18 14:27:23.686 E/SoundTriggerHalImpl( 1694): couldn't load sound trigger module sound_trigger.primary (No such file or directory)
06-18 14:27:23.688 I/ServiceManagement( 1694): Registered android.hardware.soundtrigger@2.0::ISoundTriggerHw/default (start delay of 701ms)
06-18 14:27:23.688 I/audiohalservice( 1694): Registration complete for android.hardware.soundtrigger@2.0::ISoundTriggerHw/default.
06-18 14:27:23.688 I/hwservicemanager( 1568): getTransport: Cannot find entry android.hardware.bluetooth.audio@2.0::IBluetoothAudioProvidersFactory/default in either framework or device manifest.
06-18 14:27:23.688 E/audiohalservice( 1694): Could not get passthrough implementation for android.hardware.bluetooth.audio@2.0::IBluetoothAudioProvidersFactory/default.
06-18 14:27:23.688 W/audiohalservice( 1694): Could not register Bluetooth Audio API 2.0
06-18 14:27:23.688 I/hwservicemanager( 1568): getTransport: Cannot find entry android.hardware.bluetooth.a2dp@1.0::IBluetoothAudioOffload/default in either framework or device manifest.
06-18 14:27:23.689 E/audiohalservice( 1694): Could not get passthrough implementation for android.hardware.bluetooth.a2dp@1.0::IBluetoothAudioOffload/default.
06-18 14:27:23.689 W/audiohalservice( 1694): Could not register Bluetooth audio offload 1.0
06-18 14:27:23.714 D/LibBpfLoader( 1769): Loading ELF object /system/etc/bpf/clatd.o with license Apache 2.0
06-18 14:27:23.714 D/LibBpfLoader( 1769): Loaded code section 3 (schedcls_ingress_clat_ether)
06-18 14:27:23.714 D/LibBpfLoader( 1769): Loaded relo section 3 (.relschedcls/ingress/clat_ether)
06-18 14:27:23.714 D/LibBpfLoader( 1769): Adding section 3 to cs list
06-18 14:27:23.714 D/LibBpfLoader( 1769): Loaded code section 5 (schedcls_ingress_clat_rawip)
06-18 14:27:23.714 D/LibBpfLoader( 1769): Loaded relo section 5 (.relschedcls/ingress/clat_rawip)
06-18 14:27:23.714 D/LibBpfLoader( 1769): Adding section 5 to cs list
06-18 14:27:23.715 D/LibBpfLoader( 1769): bpf_create_map name clat_ingress_map, ret: 6
06-18 14:27:23.715 D/LibBpfLoader( 1769): map_fd found at 0 is 6 in /system/etc/bpf/clatd.o
06-18 14:27:23.715 D/LibBpfLoader( 1769): applying relo to instruction at byte offset: 400, 	       insn offset 50 , insn 118
06-18 14:27:23.715 D/LibBpfLoader( 1769): applying relo to instruction at byte offset: 360, 	       insn offset 45 , insn 118
06-18 14:27:23.715 D/LibBpfLoader( 1769): New bpf core prog_load for /system/etc/bpf/clatd.o (schedcls_ingress_clat_ether) returned: 7
06-18 14:27:23.716 D/LibBpfLoader( 1769): New bpf core prog_load for /system/etc/bpf/clatd.o (schedcls_ingress_clat_rawip) returned: 8
06-18 14:27:23.716 I/bpfloader( 1769): Attempted load object: /system/etc/bpf/clatd.o, ret: Success
06-18 14:27:23.729 D/LibBpfLoader( 1769): Loading ELF object /system/etc/bpf/netd.o with license Apache 2.0
06-18 14:27:23.729 D/LibBpfLoader( 1769): Loaded code section 3 (cgroupskb_ingress_stats)
06-18 14:27:23.729 D/LibBpfLoader( 1769): Loaded relo section 3 (.relcgroupskb/ingress/stats)
06-18 14:27:23.729 D/LibBpfLoader( 1769): Adding section 3 to cs list
06-18 14:27:23.729 D/LibBpfLoader( 1769): Loaded code section 5 (cgroupskb_egress_stats)
06-18 14:27:23.729 D/LibBpfLoader( 1769): Loaded relo section 5 (.relcgroupskb/egress/stats)
06-18 14:27:23.729 D/LibBpfLoader( 1769): Adding section 5 to cs list
06-18 14:27:23.729 D/LibBpfLoader( 1769): Loaded code section 7 (skfilter_egress_xtbpf)
06-18 14:27:23.729 D/LibBpfLoader( 1769): Loaded relo section 7 (.relskfilter/egress/xtbpf)
06-18 14:27:23.729 D/LibBpfLoader( 1769): Adding section 7 to cs list
06-18 14:27:23.729 D/LibBpfLoader( 1769): Loaded code section 9 (skfilter_ingress_xtbpf)
06-18 14:27:23.729 D/LibBpfLoader( 1769): Loaded relo section 9 (.relskfilter/ingress/xtbpf)
06-18 14:27:23.729 D/LibBpfLoader( 1769): Adding section 9 to cs list
06-18 14:27:23.729 D/LibBpfLoader( 1769): Loaded code section 11 (skfilter_whitelist_xtbpf)
06-18 14:27:23.729 D/LibBpfLoader( 1769): Loaded relo section 11 (.relskfilter/whitelist/xtbpf)
06-18 14:27:23.729 D/LibBpfLoader( 1769): Adding section 11 to cs list
06-18 14:27:23.729 D/LibBpfLoader( 1769): Loaded code section 13 (skfilter_blacklist_xtbpf)
06-18 14:27:23.729 D/LibBpfLoader( 1769): Loaded relo section 13 (.relskfilter/blacklist/xtbpf)
06-18 14:27:23.729 D/LibBpfLoader( 1769): Adding section 13 to cs list
06-18 14:27:23.729 D/LibBpfLoader( 1769): Loaded code section 15 (cgroupsock_inet_create)
06-18 14:27:23.730 D/LibBpfLoader( 1769): Loaded relo section 15 (.relcgroupsock/inet/create)
06-18 14:27:23.730 D/LibBpfLoader( 1769): Adding section 15 to cs list
06-18 14:27:23.731 D/LibBpfLoader( 1769): bpf_create_map name cookie_tag_map, ret: 9
06-18 14:27:23.731 D/LibBpfLoader( 1769): bpf_create_map name uid_counterset_map, ret: 10
06-18 14:27:23.731 D/LibBpfLoader( 1769): bpf_create_map name app_uid_stats_map, ret: 11
06-18 14:27:23.731 D/LibBpfLoader( 1769): bpf_create_map name stats_map_A, ret: 12
06-18 14:27:23.732 D/LibBpfLoader( 1769): bpf_create_map name stats_map_B, ret: 13
06-18 14:27:23.732 D/LibBpfLoader( 1769): bpf_create_map name iface_stats_map, ret: 14
06-18 14:27:23.732 D/LibBpfLoader( 1769): bpf_create_map name configuration_map, ret: 15
06-18 14:27:23.732 D/LibBpfLoader( 1769): bpf_create_map name uid_owner_map, ret: 16
06-18 14:27:23.732 D/LibBpfLoader( 1769): bpf_create_map name iface_index_name_map, ret: 17
06-18 14:27:23.732 D/LibBpfLoader( 1769): bpf_create_map name uid_permission_map, ret: 18
06-18 14:27:23.732 D/LibBpfLoader( 1769): map_fd found at 0 is 9 in /system/etc/bpf/netd.o
06-18 14:27:23.732 D/LibBpfLoader( 1769): map_fd found at 1 is 10 in /system/etc/bpf/netd.o
06-18 14:27:23.732 D/LibBpfLoader( 1769): map_fd found at 2 is 11 in /system/etc/bpf/netd.o
06-18 14:27:23.732 D/LibBpfLoader( 1769): map_fd found at 3 is 12 in /system/etc/bpf/netd.o
06-18 14:27:23.732 D/LibBpfLoader( 1769): map_fd found at 4 is 13 in /system/etc/bpf/netd.o
06-18 14:27:23.732 D/LibBpfLoader( 1769): map_fd found at 5 is 14 in /system/etc/bpf/netd.o
06-18 14:27:23.733 D/LibBpfLoader( 1769): map_fd found at 6 is 15 in /system/etc/bpf/netd.o
06-18 14:27:23.733 D/LibBpfLoader( 1769): map_fd found at 7 is 16 in /system/etc/bpf/netd.o
06-18 14:27:23.733 D/LibBpfLoader( 1769): map_fd found at 8 is 17 in /system/etc/bpf/netd.o
06-18 14:27:23.733 D/LibBpfLoader( 1769): map_fd found at 9 is 18 in /system/etc/bpf/netd.o
06-18 14:27:23.733 D/LibBpfLoader( 1769): applying relo to instruction at byte offset: 616, 	       insn offset 77 , insn 118
06-18 14:27:23.733 D/LibBpfLoader( 1769): applying relo to instruction at byte offset: 688, 	       insn offset 86 , insn 118
06-18 14:27:23.733 D/LibBpfLoader( 1769): applying relo to instruction at byte offset: 1040, 	       insn offset 130 , insn 118
06-18 14:27:23.733 D/LibBpfLoader( 1769): applying relo to instruction at byte offset: 1184, 	       insn offset 148 , insn 118
06-18 14:27:23.733 D/LibBpfLoader( 1769): applying relo to instruction at byte offset: 1264, 	       insn offset 158 , insn 118
06-18 14:27:23.733 D/LibBpfLoader( 1769): applying relo to instruction at byte offset: 1368, 	       insn offset 171 , insn 118
06-18 14:27:23.733 D/LibBpfLoader( 1769): applying relo to instruction at byte offset: 1472, 	       insn offset 184 , insn 118
06-18 14:27:23.733 D/LibBpfLoader( 1769): applying relo to instruction at byte offset: 1512, 	       insn offset 189 , insn 118
06-18 14:27:23.733 D/LibBpfLoader( 1769): applying relo to instruction at byte offset: 1576, 	       insn offset 197 , insn 118
06-18 14:27:23.733 D/LibBpfLoader( 1769): applying relo to instruction at byte offset: 1680, 	       insn offset 210 , insn 118
06-18 14:27:23.733 D/LibBpfLoader( 1769): applying relo to instruction at byte offset: 1720, 	       insn offset 215 , insn 118
06-18 14:27:23.733 D/LibBpfLoader( 1769): applying relo to instruction at byte offset: 1848, 	       insn offset 231 , insn 118
06-18 14:27:23.733 D/LibBpfLoader( 1769): applying relo to instruction at byte offset: 1952, 	       insn offset 244 , insn 118
06-18 14:27:23.733 D/LibBpfLoader( 1769): applying relo to instruction at byte offset: 1992, 	       insn offset 249 , insn 118
06-18 14:27:23.734 D/LibBpfLoader( 1769): applying relo to instruction at byte offset: 2056, 	       insn offset 257 , insn 118
06-18 14:27:23.734 D/LibBpfLoader( 1769): applying relo to instruction at byte offset: 2160, 	       insn offset 270 , insn 118
06-18 14:27:23.734 D/LibBpfLoader( 1769): applying relo to instruction at byte offset: 2200, 	       insn offset 275 , insn 118
06-18 14:27:23.734 D/LibBpfLoader( 1769): applying relo to instruction at byte offset: 2288, 	       insn offset 286 , insn 118
06-18 14:27:23.734 D/LibBpfLoader( 1769): applying relo to instruction at byte offset: 2392, 	       insn offset 299 , insn 118
06-18 14:27:23.734 D/LibBpfLoader( 1769): applying relo to instruction at byte offset: 2432, 	       insn offset 304 , insn 118
06-18 14:27:23.734 D/LibBpfLoader( 1769): applying relo to instruction at byte offset: 608, 	       insn offset 76 , insn 118
06-18 14:27:23.734 D/LibBpfLoader( 1769): applying relo to instruction at byte offset: 680, 	       insn offset 85 , insn 118
06-18 14:27:23.734 D/LibBpfLoader( 1769): applying relo to instruction at byte offset: 904, 	       insn offset 113 , insn 118
06-18 14:27:23.734 D/LibBpfLoader( 1769): applying relo to instruction at byte offset: 1048, 	       insn offset 131 , insn 118
06-18 14:27:23.734 D/LibBpfLoader( 1769): applying relo to instruction at byte offset: 1128, 	       insn offset 141 , insn 118
06-18 14:27:23.734 D/LibBpfLoader( 1769): applying relo to instruction at byte offset: 1232, 	       insn offset 154 , insn 118
06-18 14:27:23.734 D/LibBpfLoader( 1769): applying relo to instruction at byte offset: 1336, 	       insn offset 167 , insn 118
06-18 14:27:23.734 D/LibBpfLoader( 1769): applying relo to instruction at byte offset: 1376, 	       insn offset 172 , insn 118
06-18 14:27:23.734 D/LibBpfLoader( 1769): applying relo to instruction at byte offset: 1440, 	       insn offset 180 , insn 118
06-18 14:27:23.734 D/LibBpfLoader( 1769): applying relo to instruction at byte offset: 1544, 	       insn offset 193 , insn 118
06-18 14:27:23.734 D/LibBpfLoader( 1769): applying relo to instruction at byte offset: 1584, 	       insn offset 198 , insn 118
06-18 14:27:23.734 D/LibBpfLoader( 1769): applying relo to instruction at byte offset: 1712, 	       insn offset 214 , insn 118
06-18 14:27:23.734 D/LibBpfLoader( 1769): applying relo to instruction at byte offset: 1816, 	       insn offset 227 , insn 118
06-18 14:27:23.734 D/LibBpfLoader( 1769): applying relo to instruction at byte offset: 1856, 	       insn offset 232 , insn 118
06-18 14:27:23.734 D/LibBpfLoader( 1769): applying relo to instruction at byte offset: 1920, 	       insn offset 240 , insn 118
06-18 14:27:23.735 D/LibBpfLoader( 1769): applying relo to instruction at byte offset: 2024, 	       insn offset 253 , insn 118
06-18 14:27:23.735 D/LibBpfLoader( 1769): applying relo to instruction at byte offset: 2064, 	       insn offset 258 , insn 118
06-18 14:27:23.735 D/LibBpfLoader( 1769): applying relo to instruction at byte offset: 2152, 	       insn offset 269 , insn 118
06-18 14:27:23.735 D/LibBpfLoader( 1769): applying relo to instruction at byte offset: 2256, 	       insn offset 282 , insn 118
06-18 14:27:23.735 D/LibBpfLoader( 1769): applying relo to instruction at byte offset: 2296, 	       insn offset 287 , insn 118
06-18 14:27:23.735 D/LibBpfLoader( 1769): applying relo to instruction at byte offset: 40, 	       insn offset 5 , insn 118
06-18 14:27:23.735 D/LibBpfLoader( 1769): applying relo to instruction at byte offset: 144, 	       insn offset 18 , insn 118
06-18 14:27:23.735 D/LibBpfLoader( 1769): applying relo to instruction at byte offset: 184, 	       insn offset 23 , insn 118
06-18 14:27:23.735 D/LibBpfLoader( 1769): applying relo to instruction at byte offset: 40, 	       insn offset 5 , insn 118
06-18 14:27:23.735 D/LibBpfLoader( 1769): applying relo to instruction at byte offset: 144, 	       insn offset 18 , insn 118
06-18 14:27:23.735 D/LibBpfLoader( 1769): applying relo to instruction at byte offset: 184, 	       insn offset 23 , insn 118
06-18 14:27:23.735 D/LibBpfLoader( 1769): applying relo to instruction at byte offset: 80, 	       insn offset 10 , insn 118
06-18 14:27:23.735 D/LibBpfLoader( 1769): applying relo to instruction at byte offset: 32, 	       insn offset 4 , insn 118
06-18 14:27:23.735 D/LibBpfLoader( 1769): applying relo to instruction at byte offset: 80, 	       insn offset 10 , insn 118
06-18 14:27:23.736 D/LibBpfLoader( 1769): New bpf core prog_load for /system/etc/bpf/netd.o (cgroupskb_ingress_stats) returned: 19
06-18 14:27:23.740 I/perfetto( 1768): probes.cc:56 Starting /system/bin/traced_probes service
06-18 14:27:23.742 D/EmulatedCamera_QemuClient( 1696): Emulated camera list: 
06-18 14:27:23.742 E/EmulatedCamera_Factory( 1696): 0 cameras are being emulated. 0 of them are fake cameras.
06-18 14:27:23.743 I/CamPrvdr@2.4-legacy( 1696): Loaded "Emulated Camera Module" camera module
06-18 14:27:23.743 E/CamPrvdr@2.4-legacy( 1696): setUpVendorTags: Vendor tag operations not fully defined. Ignoring definitions.
06-18 14:27:23.743 E/CamPrvdr@2.4-legacy( 1696): initialize: Vendor tag setup failed, will not be available.
06-18 14:27:23.743 I/ServiceManagement( 1696): Registered android.hardware.camera.provider@2.4::ICameraProvider/legacy/0 (start delay of 727ms)
06-18 14:27:23.744 I/ServiceManagement( 1696): Removing namespace from process name android.hardware.camera.provider@2.4-service to provider@2.4-service.
06-18 14:27:23.744 I/android.hardware.camera.provider@2.4-service( 1696): Registration complete for android.hardware.camera.provider@2.4::ICameraProvider/legacy/0.
06-18 14:27:23.748 W/perfetto( 1767): service.cc:65 Started traced, listening on /dev/socket/traced_producer /dev/socket/traced_consumer
06-18 14:27:23.749 I/perfetto( 1768): probes_producer.cc:88 Connected to the service
06-18 14:27:23.756 I/SurfaceFlinger( 1729): Using HWComposer service: 'default'
06-18 14:27:23.756 I/SurfaceFlinger( 1729): SurfaceFlinger is starting
06-18 14:27:23.758 I/hwservicemanager( 1568): getTransport: Cannot find entry android.hardware.configstore@1.1::ISurfaceFlingerConfigs/default in either framework or device manifest.
06-18 14:27:23.766 I/SurfaceFlinger( 1729): Treble testing override: 'false'
06-18 14:27:23.767 I/SurfaceFlinger( 1729): SurfaceFlinger's main thread ready to run. Initializing graphics H/W...
06-18 14:27:23.767 I/SurfaceFlinger( 1729): Phase offset NS: 1000000
06-18 14:27:23.768 W/SurfaceFlinger( 1729): Ignoring VSYNC request while display is disconnected
06-18 14:27:23.769 W/SurfaceFlinger( 1729): Ignoring VSYNC request while display is disconnected
06-18 14:27:23.769 W/SurfaceFlinger( 1729): Ignoring VSYNC request while display is disconnected
06-18 14:27:23.769 W/SurfaceFlinger( 1729): Ignoring VSYNC request while display is disconnected
06-18 14:27:23.769 D/RenderEngine( 1729): RenderEngine GLES Backend
06-18 14:27:23.769 D/libEGL  ( 1729): Emulator has host GPU support, qemu.gles is set to 1.
06-18 14:27:23.779 D/AndroidRuntime( 1674): >>>>>> START com.android.internal.os.ZygoteInit uid 0 <<<<<<
06-18 14:27:23.780 I/installd( 1777): installd firing up
06-18 14:27:23.780 E/cutils  ( 1777): Failed to read /data/.layout_version: No such file or directory
06-18 14:27:23.780 D/installd( 1777): Assuming that device has multi-user storage layout; upgrade no longer supported
06-18 14:27:23.780 D/installd( 1777): Upgrading to /data/misc/user directories
06-18 14:27:23.797 D/LibBpfLoader( 1769): New bpf core prog_load for /system/etc/bpf/netd.o (cgroupskb_egress_stats) returned: 20
