06-18 14:27:30.714 I/AudioFlinger( 1724): systemReady
06-18 14:27:30.715 I/AppBindingService( 1908): Updating constants with: null
06-18 14:27:30.725 D/Zygote  ( 1674): Forked child process 2069
06-18 14:27:30.727 I/.gms.persisten( 2050): The ClassLoaderContext is a special shared library.
06-18 14:27:30.730 I/ActivityManager( 1908): Start proc 2069:com.android.systemui/u0a113 for service {com.android.systemui/com.android.systemui.ImageWallpaper}
06-18 14:27:30.736 W/ndroid.systemu( 2069): Unexpected CPU variant for X86 using defaults: x86_64
06-18 14:27:30.738 I/.gms.persisten( 2050): The ClassLoaderContext is a special shared library.
06-18 14:27:30.739 I/.gms.persisten( 2050): The ClassLoaderContext is a special shared library.
06-18 14:27:30.740 D/Zygote  ( 1674): Forked child process 2077
06-18 14:27:30.741 I/.gms.persisten( 2050): The ClassLoaderContext is a special shared library.
06-18 14:27:30.742 I/ActivityManager( 1908): Start proc 2077:com.google.android.permissioncontroller/u0a74 for service {com.google.android.permissioncontroller/com.android.packageinstaller.permission.service.PermissionControllerServiceImpl}
06-18 14:27:30.750 W/ssioncontrolle( 2077): Unexpected CPU variant for X86 using defaults: x86_64
06-18 14:27:30.759 D/StagefrightPluginLoader( 1799): CCodec is disabled.
06-18 14:27:30.759 D/StagefrightPluginLoader( 1799): Handle or CreateInputSurface symbol is null
06-18 14:27:30.759 D/MediaCodecList( 1799): Allowing all OMX codecs
06-18 14:27:30.759 D/StagefrightPluginLoader( 1799): Handle or CreateBuilder symbol is null
06-18 14:27:30.766 I/OMXClient( 1799): IOmx service obtained
06-18 14:27:30.773 I/ssioncontrolle( 2077): The ClassLoaderContext is a special shared library.
06-18 14:27:30.774 W/ContextImpl( 2050): Failed to ensure /data/user/0/com.google.android.gms/cache: mkdir failed: ENOENT (No such file or directory)
06-18 14:27:30.775 W/ContextImpl( 2050): Failed to update user.inode_cache: stat failed: ENOENT (No such file or directory)
06-18 14:27:30.778 I/wpa_supplicant( 2048): rfkill: Cannot get wiphy information
06-18 14:27:30.779 I/android_os_HwBinder( 1908): HwBinder: Starting thread pool for getting: android.hardware.wifi.supplicant@1.0::ISupplicant/default
06-18 14:27:30.779 I/SupplicantStaIfaceHal( 1908): Completed initialization of ISupplicant.
06-18 14:27:30.782 I/android.hardware.wifi@1.0-service( 1718): Adding interface handle for wlan0
06-18 14:27:30.782 W/android.hardware.wifi@1.0-service( 1718): No active wlan interfaces in use! Using default
06-18 14:27:30.782 E/android.hardware.wifi@1.0-service( 1718): Failed to register radio mode change callback
06-18 14:27:30.782 W/android.hardware.wifi@1.0-service( 1718): No active wlan interfaces in use! Using default
06-18 14:27:30.766 I/OMXMaster( 1803): makeComponentInstance(OMX.google.aac.decoder) in android.hardwar process
06-18 14:27:30.798 I/OMXClient( 1799): IOmx service obtained
06-18 14:27:30.798 I/OMXMaster( 1803): makeComponentInstance(OMX.google.amrnb.decoder) in android.hardwar process
06-18 14:27:30.807 I/OMXClient( 1799): IOmx service obtained
06-18 14:27:30.808 I/OMXMaster( 1803): makeComponentInstance(OMX.google.amrwb.decoder) in android.hardwar process
06-18 14:27:30.811 W/libc    ( 1718): Unable to set property "vendor.wlan.firmware.version" to "1.0": error code: 0x18
06-18 14:27:30.813 I/OMXClient( 1799): IOmx service obtained
06-18 14:27:30.813 I/OMXMaster( 1803): makeComponentInstance(OMX.google.flac.decoder) in android.hardwar process
06-18 14:27:30.831 I/ndroid.systemu( 2069): The ClassLoaderContext is a special shared library.
06-18 14:27:30.838 I/OMXClient( 1799): IOmx service obtained
06-18 14:27:30.838 I/OMXMaster( 1803): makeComponentInstance(OMX.google.g711.alaw.decoder) in android.hardwar process
06-18 14:27:30.844 W/libc    ( 1718): Unable to set property "vendor.wlan.driver.version" to "1.0": error code: 0x18
06-18 14:27:30.844 I/android.hardware.wifi@1.0-service( 1718): Configured chip in mode 0
06-18 14:27:30.844 W/android.hardware.wifi@1.0-service( 1718): No active wlan interfaces in use! Using default
06-18 14:27:30.847 I/OMXClient( 1799): IOmx service obtained
06-18 14:27:30.847 I/OMXMaster( 1803): makeComponentInstance(OMX.google.g711.mlaw.decoder) in android.hardwar process
06-18 14:27:30.849 D/HalDevMgr( 1908): updateRttController: no one is interested in RTT controllers
06-18 14:27:30.849 E/android.hardware.wifi@1.0-service( 1718): Failed to set DFS flag; DFS channels may be unavailable.
06-18 14:27:30.852 D/WificondControl( 1908): Setting up interface for client mode
06-18 14:27:30.855 I/wificond( 1802): create scanner for interface with index: 3
06-18 14:27:30.855 I/wificond( 1802): subscribe scan result for interface with index: 3
06-18 14:27:30.857 I/hwservicemanager( 1568): getTransport: Cannot find entry android.hardware.wifi.offload@1.0::IOffload/default in either framework or device manifest.
06-18 14:27:30.858 E/hostapd ( 1808): Using interface wlan1 with hwaddr 02:00:00:00:01:00 and ssid "AndroidWifi"
06-18 14:27:30.858 I/hostapd ( 1808): wlan1: interface state HT_SCAN->ENABLED
06-18 14:27:30.858 I/hostapd ( 1808): wlan1: AP-ENABLED 
06-18 14:27:30.859 E/wificond( 1802): No Offload Service available
06-18 14:27:30.859 I/wificond( 1802): Offload HAL not supported 
06-18 14:27:30.859 E/SupplicantStaIfaceHal( 1908): Can't call setupIface, ISupplicantStaIface is null
06-18 14:27:30.873 I/hwservicemanager( 1568): getTransport: Cannot find entry android.hardware.wifi.supplicant@1.1::ISupplicant/default in either framework or device manifest.
06-18 14:27:30.876 I/hwservicemanager( 1568): getTransport: Cannot find entry android.hardware.wifi.supplicant@1.2::ISupplicant/default in either framework or device manifest.
06-18 14:27:30.876 I/OMXClient( 1799): IOmx service obtained
06-18 14:27:30.876 I/OMXMaster( 1803): makeComponentInstance(OMX.google.gsm.decoder) in android.hardwar process
06-18 14:27:30.877 I/hwservicemanager( 1568): getTransport: Cannot find entry android.hardware.wifi.supplicant@1.1::ISupplicant/default in either framework or device manifest.
06-18 14:27:30.879 W/StorageManagerService( 1908): No primary storage defined yet; hacking together a stub
06-18 14:27:30.881 I/netd    ( 1673): interfaceGetCfg("wlan0") <0.21ms>
06-18 14:27:30.881 I/WifiNative( 1908): Interface state changed on Iface:{Name=wlan0,Id=1,Type=STA_CONNECTIVITY}, isUp=true
06-18 14:27:30.882 I/netd    ( 1673): interfaceClearAddrs("wlan0") <0.13ms>
06-18 14:27:30.882 I/netd    ( 1673): interfaceSetIPv6PrivacyExtensions("wlan0", "true") <0.07ms>
06-18 14:27:30.883 I/netd    ( 1673): interfaceSetEnableIPv6("wlan0", "false") <0.03ms>
06-18 14:27:30.884 I/WifiNative( 1908): Successfully setup Iface:{Name=wlan0,Id=1,Type=STA_CONNECTIVITY}
06-18 14:27:30.885 I/hwservicemanager( 1568): getTransport: Cannot find entry android.hardware.wifi.supplicant@1.2::ISupplicant/default in either framework or device manifest.
06-18 14:27:30.885 E/SupplicantStaIfaceHal( 1908): Method getKeyMgmtCapabilities is not supported in existing HAL
06-18 14:27:30.897 W/AlarmManager( 2069): Unrecognized alarm listener com.android.systemui.keyguard.-$$Lambda$KeyguardSliceProvider$IhzByd8TsqFuOrSyuGurVskyPLo@22d093c
06-18 14:27:30.897 I/OMXClient( 1799): IOmx service obtained
06-18 14:27:30.897 I/OMXMaster( 1803): makeComponentInstance(OMX.google.mp3.decoder) in android.hardwar process
06-18 14:27:30.900 D/PackageManager( 1908): Instant App installer not found with android.intent.action.INSTALL_INSTANT_APP_PACKAGE
06-18 14:27:30.900 D/PackageManager( 1908): Clear ephemeral installer activity
06-18 14:27:30.903 D/WifiClientModeManager( 1908): entering StartedState
06-18 14:27:30.906 I/netd    ( 1673): interfaceGetCfg("wlan0") <0.16ms>
06-18 14:27:30.907 D/WifiClientModeManager( 1908): Wifi is ready to use for client mode
06-18 14:27:30.907 D/WifiActiveModeWarden( 1908): State changed from client mode. state = 3
06-18 14:27:30.907 D/WifiActiveModeWarden( 1908): client mode active
06-18 14:27:30.907 D/WifiScanRequestProxy( 1908): Sending scan available broadcast: true
06-18 14:27:30.909 I/WifiScanRequestProxy( 1908): Scanning is enabled
06-18 14:27:30.909 I/WifiScanRequestProxy( 1908): Scanning for hidden networks is enabled
06-18 14:27:30.910 D/WifiClientModeImpl( 1908): entering ConnectModeState: ifaceName = wlan0
06-18 14:27:30.910 D/WifiClientModeImpl( 1908): setupClientMode() ifacename = wlan0
06-18 14:27:30.912 I/OMXClient( 1799): IOmx service obtained
06-18 14:27:30.912 I/OMXMaster( 1803): makeComponentInstance(OMX.google.opus.decoder) in android.hardwar process
06-18 14:27:30.920 I/SystemConfig( 2077): Adding association: com.google.android.as <- com.android.providers.contacts
06-18 14:27:30.920 I/SystemConfig( 2077): Adding association: com.google.android.as <- com.android.providers.media
06-18 14:27:30.920 I/SystemConfig( 2077): Adding association: com.google.android.as <- com.android.providers.telephony
06-18 14:27:30.920 I/SystemConfig( 2077): Adding association: com.google.android.as <- com.android.systemui
06-18 14:27:30.920 I/SystemConfig( 2077): Adding association: com.google.android.as <- com.google.android.gms
06-18 14:27:30.920 I/SystemConfig( 2077): Adding association: com.google.android.as <- com.google.android.gsf
06-18 14:27:30.923 W/SystemConfig( 2077): No directory /product_services/etc/sysconfig, skipping
06-18 14:27:30.924 W/SystemConfig( 2077): No directory /product_services/etc/permissions, skipping
06-18 14:27:30.937 E/WifiVendorHal( 1908): getBgScanCapabilities(l.630) failed {.code = ERROR_NOT_SUPPORTED, .description = }
06-18 14:27:30.938 I/OMXClient( 1799): IOmx service obtained
06-18 14:27:30.939 I/OMXMaster( 1803): makeComponentInstance(OMX.google.raw.decoder) in android.hardwar process
06-18 14:27:30.940 I/WifiScanningService( 1908): wifi driver loaded with scan capabilities: max buckets=16
06-18 14:27:30.968 I/OMXClient( 1799): IOmx service obtained
06-18 14:27:30.968 I/OMXMaster( 1803): makeComponentInstance(OMX.google.vorbis.decoder) in android.hardwar process
06-18 14:27:30.973 E/ActivityThread( 2050): Failed to find provider info for com.google.android.gsf.gservices
06-18 14:27:30.975 D/ProtoStore( 2069): no cached data
06-18 14:27:30.975 D/ProtoStore( 2069): no cached data
06-18 14:27:30.978 I/OMXClient( 1799): IOmx service obtained
06-18 14:27:30.979 I/OMXMaster( 1803): makeComponentInstance(OMX.google.aac.encoder) in android.hardwar process
06-18 14:27:30.987 I/OMXClient( 1799): IOmx service obtained
06-18 14:27:30.987 I/OMXMaster( 1803): makeComponentInstance(OMX.google.amrnb.encoder) in android.hardwar process
06-18 14:27:31.006 I/OMXClient( 1799): IOmx service obtained
06-18 14:27:31.006 I/OMXMaster( 1803): makeComponentInstance(OMX.google.amrwb.encoder) in android.hardwar process
06-18 14:27:31.018 I/OMXClient( 1799): IOmx service obtained
06-18 14:27:31.019 I/OMXMaster( 1803): makeComponentInstance(OMX.google.flac.encoder) in android.hardwar process
06-18 14:27:31.023 I/OMXClient( 1799): IOmx service obtained
06-18 14:27:31.023 I/OMXMaster( 1803): makeComponentInstance(OMX.android.goldfish.h264.decoder) in android.hardwar process
06-18 14:27:31.023 I/GoldfishOMXPlugin( 1803): makeComponentInstance 'OMX.android.goldfish.h264.decoder'
06-18 14:27:31.023 I/GoldfishOMXPlugin( 1803): Using goldfish codec for 'avcdec'
06-18 14:27:31.025 W/DirectBootExitBR( 2050): User is in direct boot mode.
06-18 14:27:31.039 I/goldfish_avcdec( 1803): created GoldfishAVCDec 98 object 0xf667f000
06-18 14:27:31.041 E/OMXNodeInstance( 1803): getExtensionIndex(0xf6618c60:android.goldfish.h264.decoder, OMX.google.android.index.configureVideoTunnelMode) ERROR: UnsupportedIndex(0x8000101a)
06-18 14:27:31.041 D/MediaCodecInfo( 1799): detail feature-tunneled-playback wasn't present to remove
06-18 14:27:31.041 W/OMXNodeInstance( 1803): [0xf6618c60:android.goldfish.h264.decoder] component does not support metadata mode; using fallback
06-18 14:27:31.057 I/OMXClient( 1799): IOmx service obtained
06-18 14:27:31.057 I/OMXMaster( 1803): makeComponentInstance(OMX.google.h264.decoder) in android.hardwar process
06-18 14:27:31.059 E/OMXNodeInstance( 1803): getExtensionIndex(0xf6618c60:google.h264.decoder, OMX.google.android.index.configureVideoTunnelMode) ERROR: UnsupportedIndex(0x8000101a)
06-18 14:27:31.059 D/MediaCodecInfo( 1799): detail feature-tunneled-playback wasn't present to remove
06-18 14:27:31.059 E/OMXNodeInstance( 1803): getExtensionIndex(0xf6618c60:google.h264.decoder, OMX.google.android.index.enableAndroidNativeBuffers) ERROR: UnsupportedIndex(0x8000101a)
06-18 14:27:31.079 I/OMXClient( 1799): IOmx service obtained
06-18 14:27:31.079 I/OMXMaster( 1803): makeComponentInstance(OMX.google.h263.decoder) in android.hardwar process
06-18 14:27:31.090 I/GmsApplication( 2050): Staging modules and/or updating config
06-18 14:27:31.091 E/OMXNodeInstance( 1803): getExtensionIndex(0xf6618c60:google.h263.decoder, OMX.google.android.index.configureVideoTunnelMode) ERROR: UnsupportedIndex(0x8000101a)
06-18 14:27:31.092 E/ChimeraCfgMgr( 2050): Failed to read module config: java.io.FileNotFoundException: /data/user_de/0/com.google.android.gms/app_chimera/current_config.fb: open failed: ENOENT (No such file or directory)
06-18 14:27:31.092 D/MediaCodecInfo( 1799): detail feature-tunneled-playback wasn't present to remove
06-18 14:27:31.092 E/OMXNodeInstance( 1803): getExtensionIndex(0xf6618c60:google.h263.decoder, OMX.google.android.index.enableAndroidNativeBuffers) ERROR: UnsupportedIndex(0x8000101a)
06-18 14:27:31.094 I/GmsApplication( 2050): Staging modules
06-18 14:27:31.095 I/FileApkMgr( 2050): Extracting modules...
06-18 14:27:31.097 I/OMXClient( 1799): IOmx service obtained
06-18 14:27:31.097 I/OMXMaster( 1803): makeComponentInstance(OMX.google.hevc.decoder) in android.hardwar process
06-18 14:27:31.098 E/ConfigFileUtils( 2050): Failed to read config file: /data/user_de/0/com.google.android.gms/app_chimera/current_fileapks.pb: open failed: ENOENT (No such file or directory)
06-18 14:27:31.106 E/OMXNodeInstance( 1803): getExtensionIndex(0xf6618c60:google.hevc.decoder, OMX.google.android.index.configureVideoTunnelMode) ERROR: UnsupportedIndex(0x8000101a)
06-18 14:27:31.106 D/MediaCodecInfo( 1799): detail feature-tunneled-playback wasn't present to remove
06-18 14:27:31.106 E/OMXNodeInstance( 1803): getExtensionIndex(0xf6618c60:google.hevc.decoder, OMX.google.android.index.enableAndroidNativeBuffers) ERROR: UnsupportedIndex(0x8000101a)
06-18 14:27:31.107 I/OMXClient( 1799): IOmx service obtained
06-18 14:27:31.107 I/OMXMaster( 1803): makeComponentInstance(OMX.google.mpeg4.decoder) in android.hardwar process
06-18 14:27:31.108 E/OMXNodeInstance( 1803): getExtensionIndex(0xf6618c60:google.mpeg4.decoder, OMX.google.android.index.configureVideoTunnelMode) ERROR: UnsupportedIndex(0x8000101a)
06-18 14:27:31.108 D/MediaCodecInfo( 1799): detail feature-tunneled-playback wasn't present to remove
06-18 14:27:31.108 E/OMXNodeInstance( 1803): getExtensionIndex(0xf6618c60:google.mpeg4.decoder, OMX.google.android.index.enableAndroidNativeBuffers) ERROR: UnsupportedIndex(0x8000101a)
06-18 14:27:31.119 I/OMXClient( 1799): IOmx service obtained
06-18 14:27:31.119 I/OMXMaster( 1803): makeComponentInstance(OMX.android.goldfish.vp8.decoder) in android.hardwar process
06-18 14:27:31.119 I/GoldfishOMXPlugin( 1803): makeComponentInstance 'OMX.android.goldfish.vp8.decoder'
06-18 14:27:31.119 I/GoldfishOMXPlugin( 1803): Using goldfish codec for 'vpxdec'
06-18 14:27:31.120 I/goldfish_vpxdec( 1803): calling constructor of GoldfishVPX
06-18 14:27:31.120 E/OMXNodeInstance( 1803): getExtensionIndex(0xf6618c60:android.goldfish.vp8.decoder, OMX.google.android.index.configureVideoTunnelMode) ERROR: UnsupportedIndex(0x8000101a)
06-18 14:27:31.120 D/MediaCodecInfo( 1799): detail feature-tunneled-playback wasn't present to remove
06-18 14:27:31.121 W/OMXNodeInstance( 1803): [0xf6618c60:android.goldfish.vp8.decoder] component does not support metadata mode; using fallback
06-18 14:27:31.126 I/goldfish_vpxdec( 1803): calling destructor of GoldfishVPX
06-18 14:27:31.138 I/OMXClient( 1799): IOmx service obtained
06-18 14:27:31.138 I/OMXMaster( 1803): makeComponentInstance(OMX.google.vp8.decoder) in android.hardwar process
06-18 14:27:31.141 E/OMXNodeInstance( 1803): getExtensionIndex(0xf6618c60:google.vp8.decoder, OMX.google.android.index.configureVideoTunnelMode) ERROR: UnsupportedIndex(0x8000101a)
06-18 14:27:31.141 D/MediaCodecInfo( 1799): detail feature-tunneled-playback wasn't present to remove
06-18 14:27:31.141 E/OMXNodeInstance( 1803): getExtensionIndex(0xf6618c60:google.vp8.decoder, OMX.google.android.index.enableAndroidNativeBuffers) ERROR: UnsupportedIndex(0x8000101a)
06-18 14:27:31.150 I/OMXClient( 1799): IOmx service obtained
06-18 14:27:31.150 I/OMXMaster( 1803): makeComponentInstance(OMX.android.goldfish.vp9.decoder) in android.hardwar process
06-18 14:27:31.150 I/GoldfishOMXPlugin( 1803): makeComponentInstance 'OMX.android.goldfish.vp9.decoder'
06-18 14:27:31.150 I/GoldfishOMXPlugin( 1803): Using goldfish codec for 'vpxdec'
06-18 14:27:31.151 I/goldfish_vpxdec( 1803): calling constructor of GoldfishVPX
06-18 14:27:31.151 E/OMXNodeInstance( 1803): getExtensionIndex(0xf6618c60:android.goldfish.vp9.decoder, OMX.google.android.index.configureVideoTunnelMode) ERROR: UnsupportedIndex(0x8000101a)
06-18 14:27:31.151 D/MediaCodecInfo( 1799): detail feature-tunneled-playback wasn't present to remove
06-18 14:27:31.151 W/OMXNodeInstance( 1803): [0xf6618c60:android.goldfish.vp9.decoder] component does not support metadata mode; using fallback
06-18 14:27:31.157 I/goldfish_vpxdec( 1803): calling destructor of GoldfishVPX
06-18 14:27:31.123 I/chatty  ( 2050): uid=10117 com.google.android.gms.persistent identical 11 lines
06-18 14:27:31.124 E/ActivityThread( 2050): Failed to find provider info for com.google.android.gsf.gservices
06-18 14:27:31.175 I/SystemConfig( 2050): Adding association: com.google.android.as <- com.android.providers.contacts
06-18 14:27:31.175 I/SystemConfig( 2050): Adding association: com.google.android.as <- com.android.providers.media
06-18 14:27:31.175 I/SystemConfig( 2050): Adding association: com.google.android.as <- com.android.providers.telephony
06-18 14:27:31.175 I/SystemConfig( 2050): Adding association: com.google.android.as <- com.android.systemui
06-18 14:27:31.175 I/SystemConfig( 2050): Adding association: com.google.android.as <- com.google.android.gms
06-18 14:27:31.175 I/SystemConfig( 2050): Adding association: com.google.android.as <- com.google.android.gsf
06-18 14:27:31.177 I/OMXClient( 1799): IOmx service obtained
06-18 14:27:31.177 I/OMXMaster( 1803): makeComponentInstance(OMX.google.vp9.decoder) in android.hardwar process
06-18 14:27:31.177 E/OMXNodeInstance( 1803): getExtensionIndex(0xf6618c60:google.vp9.decoder, OMX.google.android.index.configureVideoTunnelMode) ERROR: UnsupportedIndex(0x8000101a)
06-18 14:27:31.177 D/MediaCodecInfo( 1799): detail feature-tunneled-playback wasn't present to remove
06-18 14:27:31.177 E/OMXNodeInstance( 1803): getExtensionIndex(0xf6618c60:google.vp9.decoder, OMX.google.android.index.enableAndroidNativeBuffers) ERROR: UnsupportedIndex(0x8000101a)
06-18 14:27:31.199 W/SystemConfig( 2050): No directory /product_services/etc/sysconfig, skipping
06-18 14:27:31.199 W/SystemConfig( 2050): No directory /product_services/etc/permissions, skipping
06-18 14:27:31.203 I/OMXClient( 1799): IOmx service obtained
06-18 14:27:31.204 I/OMXMaster( 1803): makeComponentInstance(OMX.google.h264.encoder) in android.hardwar process
06-18 14:27:31.218 W/OMXUtils( 1799): do not know color format 0x7f000789 = 2130708361
06-18 14:27:31.225 I/OMXClient( 1799): IOmx service obtained
06-18 14:27:31.225 I/OMXMaster( 1803): makeComponentInstance(OMX.google.h263.encoder) in android.hardwar process
06-18 14:27:31.227 I/SoftMPEG4Encoder( 1803): Construct SoftMPEG4Encoder
06-18 14:27:31.228 W/OMXUtils( 1799): do not know color format 0x7f000789 = 2130708361
06-18 14:27:31.228 E/OMXNodeInstance( 1803): getConfig(0xf6618c60:google.h263.encoder, ConfigAndroidIntraRefresh(0x6f60000a)) ERROR: Undefined(0x80001001)
06-18 14:27:31.228 E/OMXNodeInstance( 1803): getParameter(0xf6618c60:google.h263.encoder, ParamVideoIntraRefresh(0x6000006)) ERROR: UnsupportedIndex(0x8000101a)
06-18 14:27:31.228 D/MediaCodecInfo( 1799): detail feature-frame-parsing wasn't present to remove
06-18 14:27:31.256 I/OMXClient( 1799): IOmx service obtained
06-18 14:27:31.257 I/OMXMaster( 1803): makeComponentInstance(OMX.google.mpeg4.encoder) in android.hardwar process
06-18 14:27:31.257 I/SoftMPEG4Encoder( 1803): Construct SoftMPEG4Encoder
06-18 14:27:31.257 W/OMXUtils( 1799): do not know color format 0x7f000789 = 2130708361
06-18 14:27:31.257 E/OMXNodeInstance( 1803): getConfig(0xf6618c60:google.mpeg4.encoder, ConfigAndroidIntraRefresh(0x6f60000a)) ERROR: Undefined(0x80001001)
06-18 14:27:31.258 E/OMXNodeInstance( 1803): getParameter(0xf6618c60:google.mpeg4.encoder, ParamVideoIntraRefresh(0x6000006)) ERROR: UnsupportedIndex(0x8000101a)
06-18 14:27:31.258 D/MediaCodecInfo( 1799): detail feature-frame-parsing wasn't present to remove
06-18 14:27:31.266 I/OMXClient( 1799): IOmx service obtained
06-18 14:27:31.266 I/OMXMaster( 1803): makeComponentInstance(OMX.google.vp8.encoder) in android.hardwar process
06-18 14:27:31.269 W/OMXUtils( 1799): do not know color format 0x7f000789 = 2130708361
06-18 14:27:31.269 E/OMXNodeInstance( 1803): getConfig(0xf6618c60:google.vp8.encoder, ConfigAndroidIntraRefresh(0x6f60000a)) ERROR: Undefined(0x80001001)
06-18 14:27:31.269 E/OMXNodeInstance( 1803): getParameter(0xf6618c60:google.vp8.encoder, ParamVideoIntraRefresh(0x6000006)) ERROR: UnsupportedIndex(0x8000101a)
06-18 14:27:31.269 D/MediaCodecInfo( 1799): detail feature-frame-parsing wasn't present to remove
06-18 14:27:31.271 W/PackageManager( 1908): Cannot whitelist unknown permission: com.sec.android.provider.badge.permission.READ
06-18 14:27:31.271 W/PackageManager( 1908): Cannot whitelist unknown permission: com.sec.android.provider.badge.permission.WRITE
06-18 14:27:31.271 W/PackageManager( 1908): Cannot whitelist unknown permission: com.htc.launcher.permission.READ_SETTINGS
06-18 14:27:31.271 W/PackageManager( 1908): Cannot whitelist unknown permission: com.htc.launcher.permission.UPDATE_SHORTCUT
06-18 14:27:31.271 W/PackageManager( 1908): Cannot whitelist unknown permission: com.sonyericsson.home.permission.BROADCAST_BADGE
06-18 14:27:31.271 W/PackageManager( 1908): Cannot whitelist unknown permission: com.sonymobile.home.permission.PROVIDER_INSERT_BADGE
06-18 14:27:31.271 I/PackageManager( 1908): Un-granting permission android.permission.MANAGE_DOCUMENTS from package com.google.android.youtube (protectionLevel=262146 flags=0x30dbbe45)
06-18 14:27:31.277 W/PackageManager( 1908): Cannot whitelist unknown permission: com.sec.android.provider.badge.permission.READ
06-18 14:27:31.277 W/PackageManager( 1908): Cannot whitelist unknown permission: com.sec.android.provider.badge.permission.WRITE
06-18 14:27:31.277 W/PackageManager( 1908): Cannot whitelist unknown permission: com.htc.launcher.permission.READ_SETTINGS
06-18 14:27:31.277 W/PackageManager( 1908): Cannot whitelist unknown permission: com.htc.launcher.permission.UPDATE_SHORTCUT
06-18 14:27:31.277 W/PackageManager( 1908): Cannot whitelist unknown permission: com.sonyericsson.home.permission.BROADCAST_BADGE
06-18 14:27:31.277 W/PackageManager( 1908): Cannot whitelist unknown permission: com.sonymobile.home.permission.PROVIDER_INSERT_BADGE
06-18 14:27:31.277 I/PackageManager( 1908): Un-granting permission android.permission.MANAGE_DOCUMENTS from package com.google.android.youtube (protectionLevel=262146 flags=0x30dbbe45)
06-18 14:27:31.289 W/PackageManager( 1908): Cannot whitelist unknown permission: com.google.android.launcher.permission.CONTENT_REDIRECT
06-18 14:27:31.289 W/PackageManager( 1908): Cannot whitelist unknown permission: com.google.android.voicesearch.SHORTCUTS_ACCESS
06-18 14:27:31.289 W/PackageManager( 1908): Cannot whitelist unknown permission: com.google.android.voicesearch.ACCESS_SETTINGS
06-18 14:27:31.289 W/PackageManager( 1908): Cannot whitelist unknown permission: com.android.browser.permission.PRELOAD
06-18 14:27:31.289 W/PackageManager( 1908): Cannot whitelist unknown permission: com.google.android.ears.permission.WRITE
06-18 14:27:31.289 W/PackageManager( 1908): Cannot whitelist unknown permission: com.google.googlenav.friend.permission.OPT_IN
06-18 14:27:31.289 W/PackageManager( 1908): Cannot whitelist unknown permission: com.google.android.apps.googlevoice.permission.AUTO_SEND
06-18 14:27:31.289 W/PackageManager( 1908): Cannot whitelist unknown permission: com.google.android.hangouts.START_HANGOUT
06-18 14:27:31.290 W/PackageManager( 1908): Cannot whitelist unknown permission: com.android.chrome.PRERENDER_URL
06-18 14:27:31.290 W/PackageManager( 1908): Cannot whitelist unknown permission: com.google.android.apps.gsa.nga.permissions.EDIT_PREFERENCES
06-18 14:27:31.293 W/PackageManager( 1908): Cannot whitelist unknown permission: com.google.android.launcher.permission.CONTENT_REDIRECT
06-18 14:27:31.293 W/PackageManager( 1908): Cannot whitelist unknown permission: com.google.android.voicesearch.SHORTCUTS_ACCESS
06-18 14:27:31.293 W/PackageManager( 1908): Cannot whitelist unknown permission: com.google.android.voicesearch.ACCESS_SETTINGS
06-18 14:27:31.293 W/PackageManager( 1908): Cannot whitelist unknown permission: com.android.browser.permission.PRELOAD
06-18 14:27:31.293 W/PackageManager( 1908): Cannot whitelist unknown permission: com.google.android.ears.permission.WRITE
06-18 14:27:31.293 W/PackageManager( 1908): Cannot whitelist unknown permission: com.google.googlenav.friend.permission.OPT_IN
06-18 14:27:31.294 W/PackageManager( 1908): Cannot whitelist unknown permission: com.google.android.apps.googlevoice.permission.AUTO_SEND
06-18 14:27:31.294 W/PackageManager( 1908): Cannot whitelist unknown permission: com.google.android.hangouts.START_HANGOUT
06-18 14:27:31.294 W/PackageManager( 1908): Cannot whitelist unknown permission: com.android.chrome.PRERENDER_URL
06-18 14:27:31.294 W/PackageManager( 1908): Cannot whitelist unknown permission: com.google.android.apps.gsa.nga.permissions.EDIT_PREFERENCES
06-18 14:27:31.294 W/PackageManager( 1908): Cannot whitelist unknown permission: com.google.android.launcher.permission.CONTENT_REDIRECT
06-18 14:27:31.295 W/PackageManager( 1908): Cannot whitelist unknown permission: com.google.android.voicesearch.SHORTCUTS_ACCESS
06-18 14:27:31.295 W/PackageManager( 1908): Cannot whitelist unknown permission: com.google.android.voicesearch.ACCESS_SETTINGS
06-18 14:27:31.295 W/PackageManager( 1908): Cannot whitelist unknown permission: com.android.browser.permission.PRELOAD
06-18 14:27:31.295 W/PackageManager( 1908): Cannot whitelist unknown permission: com.google.android.ears.permission.WRITE
06-18 14:27:31.295 W/PackageManager( 1908): Cannot whitelist unknown permission: com.google.googlenav.friend.permission.OPT_IN
06-18 14:27:31.295 W/PackageManager( 1908): Cannot whitelist unknown permission: com.google.android.apps.googlevoice.permission.AUTO_SEND
06-18 14:27:31.295 W/PackageManager( 1908): Cannot whitelist unknown permission: com.google.android.hangouts.START_HANGOUT
06-18 14:27:31.295 W/PackageManager( 1908): Cannot whitelist unknown permission: com.android.chrome.PRERENDER_URL
06-18 14:27:31.295 W/PackageManager( 1908): Cannot whitelist unknown permission: com.google.android.apps.gsa.nga.permissions.EDIT_PREFERENCES
06-18 14:27:31.297 D/MediaCodecList( 1799): ignored a null builder
06-18 14:27:31.297 W/PackageManager( 1908): Cannot whitelist unknown permission: com.google.android.launcher.permission.CONTENT_REDIRECT
06-18 14:27:31.297 W/PackageManager( 1908): Cannot whitelist unknown permission: com.google.android.voicesearch.SHORTCUTS_ACCESS
06-18 14:27:31.297 W/PackageManager( 1908): Cannot whitelist unknown permission: com.google.android.voicesearch.ACCESS_SETTINGS
06-18 14:27:31.297 W/PackageManager( 1908): Cannot whitelist unknown permission: com.android.browser.permission.PRELOAD
06-18 14:27:31.297 W/PackageManager( 1908): Cannot whitelist unknown permission: com.google.android.ears.permission.WRITE
06-18 14:27:31.297 W/PackageManager( 1908): Cannot whitelist unknown permission: com.google.googlenav.friend.permission.OPT_IN
06-18 14:27:31.298 W/PackageManager( 1908): Cannot whitelist unknown permission: com.google.android.apps.googlevoice.permission.AUTO_SEND
06-18 14:27:31.298 W/PackageManager( 1908): Cannot whitelist unknown permission: com.google.android.hangouts.START_HANGOUT
06-18 14:27:31.298 W/PackageManager( 1908): Cannot whitelist unknown permission: com.android.chrome.PRERENDER_URL
06-18 14:27:31.298 W/PackageManager( 1908): Cannot whitelist unknown permission: com.google.android.apps.gsa.nga.permissions.EDIT_PREFERENCES
06-18 14:27:31.299 I/OMXClient( 1908): IOmx service obtained
06-18 14:27:31.299 I/OMXMaster( 1803): makeComponentInstance(OMX.google.vorbis.decoder) in android.hardwar process
06-18 14:27:31.301 E/OMXNodeInstance( 1803): getConfig(0xf6618c00:google.vorbis.decoder, ConfigAndroidVendorExtension(0x6f100004)) ERROR: Undefined(0x80001001)
06-18 14:27:31.301 W/PackageManager( 1908): Cannot whitelist unknown permission: com.google.android.launcher.permission.CONTENT_REDIRECT
06-18 14:27:31.301 W/PackageManager( 1908): Cannot whitelist unknown permission: com.google.android.voicesearch.SHORTCUTS_ACCESS
06-18 14:27:31.301 W/PackageManager( 1908): Cannot whitelist unknown permission: com.google.android.voicesearch.ACCESS_SETTINGS
06-18 14:27:31.301 W/PackageManager( 1908): Cannot whitelist unknown permission: com.android.browser.permission.PRELOAD
06-18 14:27:31.301 W/PackageManager( 1908): Cannot whitelist unknown permission: com.google.android.ears.permission.WRITE
06-18 14:27:31.301 W/PackageManager( 1908): Cannot whitelist unknown permission: com.google.googlenav.friend.permission.OPT_IN
06-18 14:27:31.301 W/PackageManager( 1908): Cannot whitelist unknown permission: com.google.android.apps.googlevoice.permission.AUTO_SEND
06-18 14:27:31.301 W/PackageManager( 1908): Cannot whitelist unknown permission: com.google.android.hangouts.START_HANGOUT
06-18 14:27:31.301 W/PackageManager( 1908): Cannot whitelist unknown permission: com.android.chrome.PRERENDER_URL
06-18 14:27:31.301 W/PackageManager( 1908): Cannot whitelist unknown permission: com.google.android.apps.gsa.nga.permissions.EDIT_PREFERENCES
06-18 14:27:31.309 W/PackageManager( 1908): Cannot whitelist unknown permission: com.google.android.launcher.permission.CONTENT_REDIRECT
06-18 14:27:31.309 W/PackageManager( 1908): Cannot whitelist unknown permission: com.google.android.voicesearch.SHORTCUTS_ACCESS
06-18 14:27:31.309 W/PackageManager( 1908): Cannot whitelist unknown permission: com.google.android.voicesearch.ACCESS_SETTINGS
06-18 14:27:31.309 W/PackageManager( 1908): Cannot whitelist unknown permission: com.android.browser.permission.PRELOAD
06-18 14:27:31.309 W/PackageManager( 1908): Cannot whitelist unknown permission: com.google.android.ears.permission.WRITE
06-18 14:27:31.309 W/PackageManager( 1908): Cannot whitelist unknown permission: com.google.googlenav.friend.permission.OPT_IN
06-18 14:27:31.309 W/PackageManager( 1908): Cannot whitelist unknown permission: com.google.android.apps.googlevoice.permission.AUTO_SEND
06-18 14:27:31.309 W/PackageManager( 1908): Cannot whitelist unknown permission: com.google.android.hangouts.START_HANGOUT
06-18 14:27:31.309 W/PackageManager( 1908): Cannot whitelist unknown permission: com.android.chrome.PRERENDER_URL
06-18 14:27:31.309 W/PackageManager( 1908): Cannot whitelist unknown permission: com.google.android.apps.gsa.nga.permissions.EDIT_PREFERENCES
06-18 14:27:31.315 I/PackageManager( 1908): Un-granting permission com.google.android.googleapps.permission.GOOGLE_AUTH from package com.android.providers.calendar (protectionLevel=2 flags=0x30883e45)
06-18 14:27:31.315 I/PackageManager( 1908): Un-granting permission com.google.android.googleapps.permission.GOOGLE_AUTH.cl from package com.android.providers.calendar (protectionLevel=2 flags=0x30883e45)
06-18 14:27:31.317 I/PackageManager( 1908): Un-granting permission com.google.android.googleapps.permission.GOOGLE_AUTH from package com.android.providers.calendar (protectionLevel=2 flags=0x30883e45)
06-18 14:27:31.317 I/PackageManager( 1908): Un-granting permission com.google.android.googleapps.permission.GOOGLE_AUTH.cl from package com.android.providers.calendar (protectionLevel=2 flags=0x30883e45)
06-18 14:27:31.349 I/PackageManager( 1908): Un-granting permission android.permission.WRITE_SECURE_SETTINGS from package com.google.android.apps.enterprise.dmagent (protectionLevel=50 flags=0x30883e05)
06-18 14:27:31.349 I/PackageManager( 1908): Un-granting permission android.permission.CONNECTIVITY_INTERNAL from package com.google.android.apps.enterprise.dmagent (protectionLevel=18 flags=0x30883e05)
06-18 14:27:31.349 I/PackageManager( 1908): Un-granting permission android.permission.MANAGE_USB from package com.google.android.apps.enterprise.dmagent (protectionLevel=18 flags=0x30883e05)
06-18 14:27:31.349 I/PackageManager( 1908): Un-granting permission android.permission.CHANGE_COMPONENT_ENABLED_STATE from package com.google.android.apps.enterprise.dmagent (protectionLevel=18 flags=0x30883e05)
06-18 14:27:31.349 I/PackageManager( 1908): Un-granting permission android.permission.MANAGE_CA_CERTIFICATES from package com.google.android.apps.enterprise.dmagent (protectionLevel=18 flags=0x30883e05)
06-18 14:27:31.349 I/PackageManager( 1908): Un-granting permission android.permission.MANAGE_USERS from package com.google.android.apps.enterprise.dmagent (protectionLevel=18 flags=0x30883e05)
06-18 14:27:31.358 W/PackageManager( 1908): Cannot whitelist unknown permission: com.google.android.ims.LOG_ACCESS
06-18 14:27:31.358 W/PackageManager( 1908): Cannot whitelist unknown permission: com.cequint.ecid.CALLER_ID_EXTERNAL_LOOKUP_SMS
06-18 14:27:31.358 W/PackageManager( 1908): Cannot whitelist unknown permission: com.sec.android.provider.badge.permission.READ
06-18 14:27:31.358 W/PackageManager( 1908): Cannot whitelist unknown permission: com.sec.android.provider.badge.permission.WRITE
06-18 14:27:31.358 W/PackageManager( 1908): Cannot whitelist unknown permission: com.htc.launcher.permission.READ_SETTINGS
06-18 14:27:31.358 W/PackageManager( 1908): Cannot whitelist unknown permission: com.htc.launcher.permission.UPDATE_SHORTCUT
06-18 14:27:31.358 W/PackageManager( 1908): Cannot whitelist unknown permission: com.sonyericsson.home.permission.BROADCAST_BADGE
06-18 14:27:31.358 W/PackageManager( 1908): Cannot whitelist unknown permission: com.sonymobile.home.permission.PROVIDER_INSERT_BADGE
06-18 14:27:31.358 W/PackageManager( 1908): Cannot whitelist unknown permission: com.sonymobile.launcher.permission.PROVIDER_INSERT_BADGE
06-18 14:27:31.358 W/PackageManager( 1908): Cannot whitelist unknown permission: com.anddoes.launcher.permission.UPDATE_COUNT
06-18 14:27:31.358 W/PackageManager( 1908): Cannot whitelist unknown permission: com.majeur.launcher.permission.UPDATE_BADGE
06-18 14:27:31.358 W/PackageManager( 1908): Cannot whitelist unknown permission: com.huawei.android.launcher.permission.CHANGE_BADGE
06-18 14:27:31.358 W/PackageManager( 1908): Cannot whitelist unknown permission: com.huawei.android.launcher.permission.READ_SETTINGS
06-18 14:27:31.358 W/PackageManager( 1908): Cannot whitelist unknown permission: com.huawei.android.launcher.permission.WRITE_SETTINGS
06-18 14:27:31.358 W/PackageManager( 1908): Cannot whitelist unknown permission: android.permission.READ_APP_BADGE
06-18 14:27:31.358 W/PackageManager( 1908): Cannot whitelist unknown permission: com.oppo.launcher.permission.READ_SETTINGS
06-18 14:27:31.358 W/PackageManager( 1908): Cannot whitelist unknown permission: com.oppo.launcher.permission.WRITE_SETTINGS
06-18 14:27:31.358 I/PackageManager( 1908): Un-granting permission com.google.android.setupwizard.READ_DEVICE_ORIGIN from package com.google.android.apps.messaging (protectionLevel=18 flags=0x38cbbe45)
06-18 14:27:31.361 W/PackageManager( 1908): Cannot whitelist unknown permission: com.google.android.ims.LOG_ACCESS
06-18 14:27:31.361 W/PackageManager( 1908): Cannot whitelist unknown permission: com.cequint.ecid.CALLER_ID_EXTERNAL_LOOKUP_SMS
06-18 14:27:31.361 W/PackageManager( 1908): Cannot whitelist unknown permission: com.sec.android.provider.badge.permission.READ
06-18 14:27:31.361 W/PackageManager( 1908): Cannot whitelist unknown permission: com.sec.android.provider.badge.permission.WRITE
06-18 14:27:31.361 W/PackageManager( 1908): Cannot whitelist unknown permission: com.htc.launcher.permission.READ_SETTINGS
06-18 14:27:31.361 W/PackageManager( 1908): Cannot whitelist unknown permission: com.htc.launcher.permission.UPDATE_SHORTCUT
06-18 14:27:31.361 W/PackageManager( 1908): Cannot whitelist unknown permission: com.sonyericsson.home.permission.BROADCAST_BADGE
06-18 14:27:31.361 W/PackageManager( 1908): Cannot whitelist unknown permission: com.sonymobile.home.permission.PROVIDER_INSERT_BADGE
06-18 14:27:31.361 W/PackageManager( 1908): Cannot whitelist unknown permission: com.sonymobile.launcher.permission.PROVIDER_INSERT_BADGE
06-18 14:27:31.361 W/PackageManager( 1908): Cannot whitelist unknown permission: com.anddoes.launcher.permission.UPDATE_COUNT
06-18 14:27:31.361 W/PackageManager( 1908): Cannot whitelist unknown permission: com.majeur.launcher.permission.UPDATE_BADGE
06-18 14:27:31.361 W/PackageManager( 1908): Cannot whitelist unknown permission: com.huawei.android.launcher.permission.CHANGE_BADGE
06-18 14:27:31.361 W/PackageManager( 1908): Cannot whitelist unknown permission: com.huawei.android.launcher.permission.READ_SETTINGS
06-18 14:27:31.361 W/PackageManager( 1908): Cannot whitelist unknown permission: com.huawei.android.launcher.permission.WRITE_SETTINGS
06-18 14:27:31.361 W/PackageManager( 1908): Cannot whitelist unknown permission: android.permission.READ_APP_BADGE
06-18 14:27:31.361 W/PackageManager( 1908): Cannot whitelist unknown permission: com.oppo.launcher.permission.READ_SETTINGS
06-18 14:27:31.361 W/PackageManager( 1908): Cannot whitelist unknown permission: com.oppo.launcher.permission.WRITE_SETTINGS
06-18 14:27:31.361 I/PackageManager( 1908): Un-granting permission com.google.android.setupwizard.READ_DEVICE_ORIGIN from package com.google.android.apps.messaging (protectionLevel=18 flags=0x38cbbe45)
06-18 14:27:31.363 W/PackageManager( 1908): Cannot whitelist unknown permission: com.google.android.ims.LOG_ACCESS
06-18 14:27:31.363 W/PackageManager( 1908): Cannot whitelist unknown permission: com.cequint.ecid.CALLER_ID_EXTERNAL_LOOKUP_SMS
06-18 14:27:31.363 W/PackageManager( 1908): Cannot whitelist unknown permission: com.sec.android.provider.badge.permission.READ
06-18 14:27:31.363 W/PackageManager( 1908): Cannot whitelist unknown permission: com.sec.android.provider.badge.permission.WRITE
06-18 14:27:31.363 W/PackageManager( 1908): Cannot whitelist unknown permission: com.htc.launcher.permission.READ_SETTINGS
06-18 14:27:31.363 W/PackageManager( 1908): Cannot whitelist unknown permission: com.htc.launcher.permission.UPDATE_SHORTCUT
06-18 14:27:31.363 W/PackageManager( 1908): Cannot whitelist unknown permission: com.sonyericsson.home.permission.BROADCAST_BADGE
06-18 14:27:31.363 W/PackageManager( 1908): Cannot whitelist unknown permission: com.sonymobile.home.permission.PROVIDER_INSERT_BADGE
06-18 14:27:31.363 W/PackageManager( 1908): Cannot whitelist unknown permission: com.sonymobile.launcher.permission.PROVIDER_INSERT_BADGE
06-18 14:27:31.363 W/PackageManager( 1908): Cannot whitelist unknown permission: com.anddoes.launcher.permission.UPDATE_COUNT
06-18 14:27:31.363 W/PackageManager( 1908): Cannot whitelist unknown permission: com.majeur.launcher.permission.UPDATE_BADGE
06-18 14:27:31.363 W/PackageManager( 1908): Cannot whitelist unknown permission: com.huawei.android.launcher.permission.CHANGE_BADGE
06-18 14:27:31.363 W/PackageManager( 1908): Cannot whitelist unknown permission: com.huawei.android.launcher.permission.READ_SETTINGS
06-18 14:27:31.363 W/PackageManager( 1908): Cannot whitelist unknown permission: com.huawei.android.launcher.permission.WRITE_SETTINGS
06-18 14:27:31.363 W/PackageManager( 1908): Cannot whitelist unknown permission: android.permission.READ_APP_BADGE
06-18 14:27:31.363 W/PackageManager( 1908): Cannot whitelist unknown permission: com.oppo.launcher.permission.READ_SETTINGS
06-18 14:27:31.363 W/PackageManager( 1908): Cannot whitelist unknown permission: com.oppo.launcher.permission.WRITE_SETTINGS
06-18 14:27:31.363 I/PackageManager( 1908): Un-granting permission com.google.android.setupwizard.READ_DEVICE_ORIGIN from package com.google.android.apps.messaging (protectionLevel=18 flags=0x38cbbe45)
06-18 14:27:31.366 W/PackageManager( 1908): Cannot whitelist unknown permission: com.google.android.ims.LOG_ACCESS
06-18 14:27:31.366 W/PackageManager( 1908): Cannot whitelist unknown permission: com.cequint.ecid.CALLER_ID_EXTERNAL_LOOKUP_SMS
06-18 14:27:31.368 I/OMXClient( 1908): IOmx service obtained
06-18 14:27:31.368 I/OMXMaster( 1803): makeComponentInstance(OMX.google.vorbis.decoder) in android.hardwar process
06-18 14:27:31.369 E/OMXNodeInstance( 1803): getConfig(0xf6618c00:google.vorbis.decoder, ConfigAndroidVendorExtension(0x6f100004)) ERROR: Undefined(0x80001001)
06-18 14:27:31.376 W/PackageManager( 1908): Cannot whitelist unknown permission: com.sec.android.provider.badge.permission.READ
06-18 14:27:31.376 W/PackageManager( 1908): Cannot whitelist unknown permission: com.sec.android.provider.badge.permission.WRITE
06-18 14:27:31.376 W/PackageManager( 1908): Cannot whitelist unknown permission: com.htc.launcher.permission.READ_SETTINGS
06-18 14:27:31.376 W/PackageManager( 1908): Cannot whitelist unknown permission: com.htc.launcher.permission.UPDATE_SHORTCUT
06-18 14:27:31.377 W/PackageManager( 1908): Cannot whitelist unknown permission: com.sonyericsson.home.permission.BROADCAST_BADGE
06-18 14:27:31.377 W/PackageManager( 1908): Cannot whitelist unknown permission: com.sonymobile.home.permission.PROVIDER_INSERT_BADGE
06-18 14:27:31.377 W/PackageManager( 1908): Cannot whitelist unknown permission: com.sonymobile.launcher.permission.PROVIDER_INSERT_BADGE
06-18 14:27:31.377 W/PackageManager( 1908): Cannot whitelist unknown permission: com.anddoes.launcher.permission.UPDATE_COUNT
06-18 14:27:31.377 W/PackageManager( 1908): Cannot whitelist unknown permission: com.majeur.launcher.permission.UPDATE_BADGE
06-18 14:27:31.377 W/PackageManager( 1908): Cannot whitelist unknown permission: com.huawei.android.launcher.permission.CHANGE_BADGE
06-18 14:27:31.377 W/PackageManager( 1908): Cannot whitelist unknown permission: com.huawei.android.launcher.permission.READ_SETTINGS
06-18 14:27:31.377 W/PackageManager( 1908): Cannot whitelist unknown permission: com.huawei.android.launcher.permission.WRITE_SETTINGS
06-18 14:27:31.377 W/PackageManager( 1908): Cannot whitelist unknown permission: android.permission.READ_APP_BADGE
06-18 14:27:31.377 W/PackageManager( 1908): Cannot whitelist unknown permission: com.oppo.launcher.permission.READ_SETTINGS
06-18 14:27:31.377 W/PackageManager( 1908): Cannot whitelist unknown permission: com.oppo.launcher.permission.WRITE_SETTINGS
06-18 14:27:31.378 I/PackageManager( 1908): Un-granting permission com.google.android.setupwizard.READ_DEVICE_ORIGIN from package com.google.android.apps.messaging (protectionLevel=18 flags=0x38cbbe45)
06-18 14:27:31.379 W/PackageManager( 1908): Cannot whitelist unknown permission: com.google.android.ims.LOG_ACCESS
06-18 14:27:31.379 W/PackageManager( 1908): Cannot whitelist unknown permission: com.cequint.ecid.CALLER_ID_EXTERNAL_LOOKUP_SMS
06-18 14:27:31.379 W/PackageManager( 1908): Cannot whitelist unknown permission: com.sec.android.provider.badge.permission.READ
06-18 14:27:31.379 W/PackageManager( 1908): Cannot whitelist unknown permission: com.sec.android.provider.badge.permission.WRITE
06-18 14:27:31.379 W/PackageManager( 1908): Cannot whitelist unknown permission: com.htc.launcher.permission.READ_SETTINGS
06-18 14:27:31.379 W/PackageManager( 1908): Cannot whitelist unknown permission: com.htc.launcher.permission.UPDATE_SHORTCUT
06-18 14:27:31.379 W/PackageManager( 1908): Cannot whitelist unknown permission: com.sonyericsson.home.permission.BROADCAST_BADGE
06-18 14:27:31.379 W/PackageManager( 1908): Cannot whitelist unknown permission: com.sonymobile.home.permission.PROVIDER_INSERT_BADGE
06-18 14:27:31.379 W/PackageManager( 1908): Cannot whitelist unknown permission: com.sonymobile.launcher.permission.PROVIDER_INSERT_BADGE
06-18 14:27:31.379 W/PackageManager( 1908): Cannot whitelist unknown permission: com.anddoes.launcher.permission.UPDATE_COUNT
06-18 14:27:31.379 W/PackageManager( 1908): Cannot whitelist unknown permission: com.majeur.launcher.permission.UPDATE_BADGE
06-18 14:27:31.379 W/PackageManager( 1908): Cannot whitelist unknown permission: com.huawei.android.launcher.permission.CHANGE_BADGE
06-18 14:27:31.379 W/PackageManager( 1908): Cannot whitelist unknown permission: com.huawei.android.launcher.permission.READ_SETTINGS
06-18 14:27:31.379 W/PackageManager( 1908): Cannot whitelist unknown permission: com.huawei.android.launcher.permission.WRITE_SETTINGS
06-18 14:27:31.379 W/PackageManager( 1908): Cannot whitelist unknown permission: android.permission.READ_APP_BADGE
06-18 14:27:31.379 W/PackageManager( 1908): Cannot whitelist unknown permission: com.oppo.launcher.permission.READ_SETTINGS
06-18 14:27:31.379 W/PackageManager( 1908): Cannot whitelist unknown permission: com.oppo.launcher.permission.WRITE_SETTINGS
06-18 14:27:31.379 I/PackageManager( 1908): Un-granting permission com.google.android.setupwizard.READ_DEVICE_ORIGIN from package com.google.android.apps.messaging (protectionLevel=18 flags=0x38cbbe45)
06-18 14:27:31.382 W/PackageManager( 1908): Cannot whitelist unknown permission: com.google.android.ims.LOG_ACCESS
06-18 14:27:31.382 W/PackageManager( 1908): Cannot whitelist unknown permission: com.cequint.ecid.CALLER_ID_EXTERNAL_LOOKUP_SMS
06-18 14:27:31.382 W/PackageManager( 1908): Cannot whitelist unknown permission: com.sec.android.provider.badge.permission.READ
06-18 14:27:31.382 W/PackageManager( 1908): Cannot whitelist unknown permission: com.sec.android.provider.badge.permission.WRITE
06-18 14:27:31.382 W/PackageManager( 1908): Cannot whitelist unknown permission: com.htc.launcher.permission.READ_SETTINGS
06-18 14:27:31.382 W/PackageManager( 1908): Cannot whitelist unknown permission: com.htc.launcher.permission.UPDATE_SHORTCUT
06-18 14:27:31.382 W/PackageManager( 1908): Cannot whitelist unknown permission: com.sonyericsson.home.permission.BROADCAST_BADGE
06-18 14:27:31.382 W/PackageManager( 1908): Cannot whitelist unknown permission: com.sonymobile.home.permission.PROVIDER_INSERT_BADGE
06-18 14:27:31.382 W/PackageManager( 1908): Cannot whitelist unknown permission: com.sonymobile.launcher.permission.PROVIDER_INSERT_BADGE
06-18 14:27:31.382 W/PackageManager( 1908): Cannot whitelist unknown permission: com.anddoes.launcher.permission.UPDATE_COUNT
06-18 14:27:31.383 W/PackageManager( 1908): Cannot whitelist unknown permission: com.majeur.launcher.permission.UPDATE_BADGE
06-18 14:27:31.383 W/PackageManager( 1908): Cannot whitelist unknown permission: com.huawei.android.launcher.permission.CHANGE_BADGE
06-18 14:27:31.383 W/PackageManager( 1908): Cannot whitelist unknown permission: com.huawei.android.launcher.permission.READ_SETTINGS
06-18 14:27:31.383 W/PackageManager( 1908): Cannot whitelist unknown permission: com.huawei.android.launcher.permission.WRITE_SETTINGS
06-18 14:27:31.383 W/PackageManager( 1908): Cannot whitelist unknown permission: android.permission.READ_APP_BADGE
06-18 14:27:31.383 W/PackageManager( 1908): Cannot whitelist unknown permission: com.oppo.launcher.permission.READ_SETTINGS
06-18 14:27:31.383 W/PackageManager( 1908): Cannot whitelist unknown permission: com.oppo.launcher.permission.WRITE_SETTINGS
06-18 14:27:31.383 I/PackageManager( 1908): Un-granting permission com.google.android.setupwizard.READ_DEVICE_ORIGIN from package com.google.android.apps.messaging (protectionLevel=18 flags=0x38cbbe45)
06-18 14:27:31.385 W/PackageManager( 1908): Cannot whitelist unknown permission: com.google.android.ims.LOG_ACCESS
06-18 14:27:31.385 W/PackageManager( 1908): Cannot whitelist unknown permission: com.cequint.ecid.CALLER_ID_EXTERNAL_LOOKUP_SMS
06-18 14:27:31.385 W/PackageManager( 1908): Cannot whitelist unknown permission: com.sec.android.provider.badge.permission.READ
06-18 14:27:31.385 W/PackageManager( 1908): Cannot whitelist unknown permission: com.sec.android.provider.badge.permission.WRITE
06-18 14:27:31.385 W/PackageManager( 1908): Cannot whitelist unknown permission: com.htc.launcher.permission.READ_SETTINGS
06-18 14:27:31.385 W/PackageManager( 1908): Cannot whitelist unknown permission: com.htc.launcher.permission.UPDATE_SHORTCUT
06-18 14:27:31.386 W/PackageManager( 1908): Cannot whitelist unknown permission: com.sonyericsson.home.permission.BROADCAST_BADGE
06-18 14:27:31.386 W/PackageManager( 1908): Cannot whitelist unknown permission: com.sonymobile.home.permission.PROVIDER_INSERT_BADGE
06-18 14:27:31.386 W/PackageManager( 1908): Cannot whitelist unknown permission: com.sonymobile.launcher.permission.PROVIDER_INSERT_BADGE
06-18 14:27:31.386 W/PackageManager( 1908): Cannot whitelist unknown permission: com.anddoes.launcher.permission.UPDATE_COUNT
06-18 14:27:31.386 W/PackageManager( 1908): Cannot whitelist unknown permission: com.majeur.launcher.permission.UPDATE_BADGE
06-18 14:27:31.386 W/PackageManager( 1908): Cannot whitelist unknown permission: com.huawei.android.launcher.permission.CHANGE_BADGE
