06-18 18:04:10.512 W/PackageManager( 1918): Cannot whitelist unknown permission: android.car.permission.READ_CAR_DISPLAY_UNITS
06-18 18:04:10.512 W/PackageManager( 1918): Cannot whitelist unknown permission: com.google.android.finsky.permission.GEARHEAD_SERVICE
06-18 18:04:10.513 W/PackageManager( 1918): Cannot whitelist unknown permission: com.google.android.permission.ACCESSIBILITY_SCAN_SERVICE
06-18 18:04:10.513 W/PackageManager( 1918): Cannot whitelist unknown permission: com.google.android.finsky.permission.ACCESS_INSTANT_APP_NOTIFICATION_ENFORCEMENT
06-18 18:04:10.513 W/PackageManager( 1918): Cannot whitelist unknown permission: com.google.android.clockwork.settings.SHOW_FACTORY_RESET_CONFIRMATION
06-18 18:04:10.513 W/PackageManager( 1918): Cannot whitelist unknown permission: com.google.android.wearable.READ_SETTINGS
06-18 18:04:10.513 W/PackageManager( 1918): Cannot whitelist unknown permission: android.permission.READ_MEDIA_AUDIO
06-18 18:04:10.513 W/PackageManager( 1918): Cannot whitelist unknown permission: android.permission.READ_MEDIA_IMAGES
06-18 18:04:10.514 W/PackageManager( 1918): Cannot whitelist unknown permission: android.permission.READ_MEDIA_VIDEO
06-18 18:04:10.514 W/PackageManager( 1918): Cannot whitelist unknown permission: com.android.vending.setup.PLAY_SETUP_SERVICE
06-18 18:04:10.514 W/PackageManager( 1918): Cannot whitelist unknown permission: com.google.android.gms.game.notifications.permission.WRITE
06-18 18:04:10.514 W/PackageManager( 1918): Cannot whitelist unknown permission: com.google.android.vending.verifier.ACCESS_VERIFIER
06-18 18:04:10.514 I/PackageManager( 1918): Un-granting permission android.permission.CAPTURE_VIDEO_OUTPUT from package com.google.android.gms (protectionLevel=2 flags=0xb0cabe45)
06-18 18:04:10.514 I/PackageManager( 1918): Un-granting permission android.permission.MANAGE_DEVICE_ADMINS from package com.google.android.gms (protectionLevel=2 flags=0xb0cabe45)
06-18 18:04:10.514 I/PackageManager( 1918): Un-granting permission android.permission.MANAGE_ACTIVITY_STACKS from package com.google.android.gms (protectionLevel=2 flags=0xb0cabe45)
06-18 18:04:10.514 I/PackageManager( 1918): Un-granting permission android.permission.CAPTURE_SECURE_VIDEO_OUTPUT from package com.google.android.gms (protectionLevel=2 flags=0xb0cabe45)
06-18 18:04:10.514 I/PackageManager( 1918): Un-granting permission android.permission.MANAGE_ROLLBACKS from package com.google.android.gms (protectionLevel=514 flags=0xb0cabe45)
06-18 18:04:10.516 W/PackageManager( 1918): Cannot whitelist unknown permission: android.permission.QUERY_ALL_PACKAGES
06-18 18:04:10.516 W/PackageManager( 1918): Cannot whitelist unknown permission: android.permission.PRE_FACTORY_RESET
06-18 18:04:10.516 W/PackageManager( 1918): Cannot whitelist unknown permission: android.permission.MANAGE_FACTORY_RESET_PROTECTION
06-18 18:04:10.516 W/PackageManager( 1918): Cannot whitelist unknown permission: android.car.permission.CAR_POWER
06-18 18:04:10.516 W/PackageManager( 1918): Cannot whitelist unknown permission: com.google.android.wearable.WRITE_SETTINGS
06-18 18:04:10.516 W/PackageManager( 1918): Cannot whitelist unknown permission: com.felicanetworks.mfc.permission.MFC_ACCESS
06-18 18:04:10.516 W/PackageManager( 1918): Cannot whitelist unknown permission: com.felicanetworks.mfc.mfi.permission.MFI_ACCESS
06-18 18:04:10.516 W/PackageManager( 1918): Cannot whitelist unknown permission: com.google.android.finsky.permission.INSTANT_APP_STATE
06-18 18:04:10.516 W/PackageManager( 1918): Cannot whitelist unknown permission: android.permission.UWB
06-18 18:04:10.516 W/PackageManager( 1918): Cannot whitelist unknown permission: com.google.android.finsky.permission.BIND_GET_INSTALL_REFERRER_SERVICE
06-18 18:04:10.516 W/PackageManager( 1918): Cannot whitelist unknown permission: com.google.android.hangouts.START_HANGOUT
06-18 18:04:10.516 W/PackageManager( 1918): Cannot whitelist unknown permission: android.car.permission.CAR_POWERTRAIN
06-18 18:04:10.516 W/PackageManager( 1918): Cannot whitelist unknown permission: android.car.permission.CAR_ENERGY
06-18 18:04:10.516 W/PackageManager( 1918): Cannot whitelist unknown permission: android.car.permission.CAR_ENERGY_PORTS
06-18 18:04:10.516 W/PackageManager( 1918): Cannot whitelist unknown permission: android.car.permission.CAR_EXTERIOR_LIGHTS
06-18 18:04:10.516 W/PackageManager( 1918): Cannot whitelist unknown permission: android.car.permission.CAR_INFO
06-18 18:04:10.516 W/PackageManager( 1918): Cannot whitelist unknown permission: android.car.permission.CAR_MILEAGE
06-18 18:04:10.516 W/PackageManager( 1918): Cannot whitelist unknown permission: android.car.permission.CAR_TIRES
06-18 18:04:10.516 W/PackageManager( 1918): Cannot whitelist unknown permission: android.car.permission.CONTROL_CAR_CLIMATE
06-18 18:04:10.516 W/PackageManager( 1918): Cannot whitelist unknown permission: android.car.permission.CONTROL_CAR_DOORS
06-18 18:04:10.516 W/PackageManager( 1918): Cannot whitelist unknown permission: android.car.permission.CONTROL_CAR_EXTERIOR_LIGHTS
06-18 18:04:10.516 W/PackageManager( 1918): Cannot whitelist unknown permission: android.car.permission.CONTROL_CAR_MIRRORS
06-18 18:04:10.516 W/PackageManager( 1918): Cannot whitelist unknown permission: android.car.permission.CONTROL_CAR_SEATS
06-18 18:04:10.516 W/PackageManager( 1918): Cannot whitelist unknown permission: android.car.permission.CONTROL_CAR_WINDOWS
06-18 18:04:10.516 W/PackageManager( 1918): Cannot whitelist unknown permission: android.car.permission.READ_CAR_DISPLAY_UNITS
06-18 18:04:10.516 W/PackageManager( 1918): Cannot whitelist unknown permission: com.google.android.finsky.permission.GEARHEAD_SERVICE
06-18 18:04:10.516 W/PackageManager( 1918): Cannot whitelist unknown permission: com.google.android.permission.ACCESSIBILITY_SCAN_SERVICE
06-18 18:04:10.516 W/PackageManager( 1918): Cannot whitelist unknown permission: com.google.android.finsky.permission.ACCESS_INSTANT_APP_NOTIFICATION_ENFORCEMENT
06-18 18:04:10.516 W/PackageManager( 1918): Cannot whitelist unknown permission: com.google.android.clockwork.settings.SHOW_FACTORY_RESET_CONFIRMATION
06-18 18:04:10.516 W/PackageManager( 1918): Cannot whitelist unknown permission: com.google.android.wearable.READ_SETTINGS
06-18 18:04:10.516 W/PackageManager( 1918): Cannot whitelist unknown permission: android.permission.READ_MEDIA_AUDIO
06-18 18:04:10.516 W/PackageManager( 1918): Cannot whitelist unknown permission: android.permission.READ_MEDIA_IMAGES
06-18 18:04:10.516 W/PackageManager( 1918): Cannot whitelist unknown permission: android.permission.READ_MEDIA_VIDEO
06-18 18:04:10.516 W/PackageManager( 1918): Cannot whitelist unknown permission: com.android.vending.setup.PLAY_SETUP_SERVICE
06-18 18:04:10.516 W/PackageManager( 1918): Cannot whitelist unknown permission: com.google.android.gms.game.notifications.permission.WRITE
06-18 18:04:10.516 W/PackageManager( 1918): Cannot whitelist unknown permission: com.google.android.vending.verifier.ACCESS_VERIFIER
06-18 18:04:10.517 I/PackageManager( 1918): Un-granting permission android.permission.CAPTURE_VIDEO_OUTPUT from package com.google.android.gms (protectionLevel=2 flags=0xb0cabe45)
06-18 18:04:10.517 I/PackageManager( 1918): Un-granting permission android.permission.MANAGE_DEVICE_ADMINS from package com.google.android.gms (protectionLevel=2 flags=0xb0cabe45)
06-18 18:04:10.517 I/PackageManager( 1918): Un-granting permission android.permission.MANAGE_ACTIVITY_STACKS from package com.google.android.gms (protectionLevel=2 flags=0xb0cabe45)
06-18 18:04:10.517 I/PackageManager( 1918): Un-granting permission android.permission.CAPTURE_SECURE_VIDEO_OUTPUT from package com.google.android.gms (protectionLevel=2 flags=0xb0cabe45)
06-18 18:04:10.517 I/PackageManager( 1918): Un-granting permission android.permission.MANAGE_ROLLBACKS from package com.google.android.gms (protectionLevel=514 flags=0xb0cabe45)
06-18 18:04:10.519 W/PackageManager( 1918): Cannot whitelist unknown permission: android.permission.QUERY_ALL_PACKAGES
06-18 18:04:10.519 W/PackageManager( 1918): Cannot whitelist unknown permission: android.permission.PRE_FACTORY_RESET
06-18 18:04:10.519 W/PackageManager( 1918): Cannot whitelist unknown permission: android.permission.MANAGE_FACTORY_RESET_PROTECTION
06-18 18:04:10.519 W/PackageManager( 1918): Cannot whitelist unknown permission: android.car.permission.CAR_POWER
06-18 18:04:10.519 W/PackageManager( 1918): Cannot whitelist unknown permission: com.google.android.wearable.WRITE_SETTINGS
06-18 18:04:10.519 W/PackageManager( 1918): Cannot whitelist unknown permission: com.felicanetworks.mfc.permission.MFC_ACCESS
06-18 18:04:10.519 W/PackageManager( 1918): Cannot whitelist unknown permission: com.felicanetworks.mfc.mfi.permission.MFI_ACCESS
06-18 18:04:10.519 W/PackageManager( 1918): Cannot whitelist unknown permission: com.google.android.finsky.permission.INSTANT_APP_STATE
06-18 18:04:10.519 W/PackageManager( 1918): Cannot whitelist unknown permission: android.permission.UWB
06-18 18:04:10.519 W/PackageManager( 1918): Cannot whitelist unknown permission: com.google.android.finsky.permission.BIND_GET_INSTALL_REFERRER_SERVICE
06-18 18:04:10.519 W/PackageManager( 1918): Cannot whitelist unknown permission: com.google.android.hangouts.START_HANGOUT
06-18 18:04:10.519 W/PackageManager( 1918): Cannot whitelist unknown permission: android.car.permission.CAR_POWERTRAIN
06-18 18:04:10.520 W/PackageManager( 1918): Cannot whitelist unknown permission: android.car.permission.CAR_ENERGY
06-18 18:04:10.520 W/PackageManager( 1918): Cannot whitelist unknown permission: android.car.permission.CAR_ENERGY_PORTS
06-18 18:04:10.520 W/PackageManager( 1918): Cannot whitelist unknown permission: android.car.permission.CAR_EXTERIOR_LIGHTS
06-18 18:04:10.520 W/PackageManager( 1918): Cannot whitelist unknown permission: android.car.permission.CAR_INFO
06-18 18:04:10.520 W/PackageManager( 1918): Cannot whitelist unknown permission: android.car.permission.CAR_MILEAGE
06-18 18:04:10.520 W/PackageManager( 1918): Cannot whitelist unknown permission: android.car.permission.CAR_TIRES
06-18 18:04:10.520 W/PackageManager( 1918): Cannot whitelist unknown permission: android.car.permission.CONTROL_CAR_CLIMATE
06-18 18:04:10.520 W/PackageManager( 1918): Cannot whitelist unknown permission: android.car.permission.CONTROL_CAR_DOORS
06-18 18:04:10.520 W/PackageManager( 1918): Cannot whitelist unknown permission: android.car.permission.CONTROL_CAR_EXTERIOR_LIGHTS
06-18 18:04:10.520 W/PackageManager( 1918): Cannot whitelist unknown permission: android.car.permission.CONTROL_CAR_MIRRORS
06-18 18:04:10.520 W/PackageManager( 1918): Cannot whitelist unknown permission: android.car.permission.CONTROL_CAR_SEATS
06-18 18:04:10.520 W/PackageManager( 1918): Cannot whitelist unknown permission: android.car.permission.CONTROL_CAR_WINDOWS
06-18 18:04:10.520 W/PackageManager( 1918): Cannot whitelist unknown permission: android.car.permission.READ_CAR_DISPLAY_UNITS
06-18 18:04:10.520 W/PackageManager( 1918): Cannot whitelist unknown permission: com.google.android.finsky.permission.GEARHEAD_SERVICE
06-18 18:04:10.520 W/PackageManager( 1918): Cannot whitelist unknown permission: com.google.android.permission.ACCESSIBILITY_SCAN_SERVICE
06-18 18:04:10.520 W/PackageManager( 1918): Cannot whitelist unknown permission: com.google.android.finsky.permission.ACCESS_INSTANT_APP_NOTIFICATION_ENFORCEMENT
06-18 18:04:10.520 W/PackageManager( 1918): Cannot whitelist unknown permission: com.google.android.clockwork.settings.SHOW_FACTORY_RESET_CONFIRMATION
06-18 18:04:10.520 W/PackageManager( 1918): Cannot whitelist unknown permission: com.google.android.wearable.READ_SETTINGS
06-18 18:04:10.520 W/PackageManager( 1918): Cannot whitelist unknown permission: android.permission.READ_MEDIA_AUDIO
06-18 18:04:10.520 W/PackageManager( 1918): Cannot whitelist unknown permission: android.permission.READ_MEDIA_IMAGES
06-18 18:04:10.520 W/PackageManager( 1918): Cannot whitelist unknown permission: android.permission.READ_MEDIA_VIDEO
06-18 18:04:10.520 W/PackageManager( 1918): Cannot whitelist unknown permission: com.android.vending.setup.PLAY_SETUP_SERVICE
06-18 18:04:10.520 W/PackageManager( 1918): Cannot whitelist unknown permission: com.google.android.gms.game.notifications.permission.WRITE
06-18 18:04:10.520 W/PackageManager( 1918): Cannot whitelist unknown permission: com.google.android.vending.verifier.ACCESS_VERIFIER
06-18 18:04:10.520 I/PackageManager( 1918): Un-granting permission android.permission.CAPTURE_VIDEO_OUTPUT from package com.google.android.gms (protectionLevel=2 flags=0xb0cabe45)
06-18 18:04:10.520 I/PackageManager( 1918): Un-granting permission android.permission.MANAGE_DEVICE_ADMINS from package com.google.android.gms (protectionLevel=2 flags=0xb0cabe45)
06-18 18:04:10.520 I/PackageManager( 1918): Un-granting permission android.permission.MANAGE_ACTIVITY_STACKS from package com.google.android.gms (protectionLevel=2 flags=0xb0cabe45)
06-18 18:04:10.520 I/PackageManager( 1918): Un-granting permission android.permission.CAPTURE_SECURE_VIDEO_OUTPUT from package com.google.android.gms (protectionLevel=2 flags=0xb0cabe45)
06-18 18:04:10.520 I/PackageManager( 1918): Un-granting permission android.permission.MANAGE_ROLLBACKS from package com.google.android.gms (protectionLevel=514 flags=0xb0cabe45)
06-18 18:04:10.524 W/PackageManager( 1918): Cannot whitelist unknown permission: android.permission.QUERY_ALL_PACKAGES
06-18 18:04:10.524 W/PackageManager( 1918): Cannot whitelist unknown permission: android.permission.PRE_FACTORY_RESET
06-18 18:04:10.524 W/PackageManager( 1918): Cannot whitelist unknown permission: android.permission.MANAGE_FACTORY_RESET_PROTECTION
06-18 18:04:10.524 W/PackageManager( 1918): Cannot whitelist unknown permission: android.car.permission.CAR_POWER
06-18 18:04:10.524 W/PackageManager( 1918): Cannot whitelist unknown permission: com.google.android.wearable.WRITE_SETTINGS
06-18 18:04:10.524 W/PackageManager( 1918): Cannot whitelist unknown permission: com.felicanetworks.mfc.permission.MFC_ACCESS
06-18 18:04:10.524 W/PackageManager( 1918): Cannot whitelist unknown permission: com.felicanetworks.mfc.mfi.permission.MFI_ACCESS
06-18 18:04:10.524 W/PackageManager( 1918): Cannot whitelist unknown permission: com.google.android.finsky.permission.INSTANT_APP_STATE
06-18 18:04:10.524 W/PackageManager( 1918): Cannot whitelist unknown permission: android.permission.UWB
06-18 18:04:10.525 W/PackageManager( 1918): Cannot whitelist unknown permission: com.google.android.finsky.permission.BIND_GET_INSTALL_REFERRER_SERVICE
06-18 18:04:10.525 W/PackageManager( 1918): Cannot whitelist unknown permission: com.google.android.hangouts.START_HANGOUT
06-18 18:04:10.525 W/PackageManager( 1918): Cannot whitelist unknown permission: android.car.permission.CAR_POWERTRAIN
06-18 18:04:10.525 W/PackageManager( 1918): Cannot whitelist unknown permission: android.car.permission.CAR_ENERGY
06-18 18:04:10.525 W/PackageManager( 1918): Cannot whitelist unknown permission: android.car.permission.CAR_ENERGY_PORTS
06-18 18:04:10.525 W/PackageManager( 1918): Cannot whitelist unknown permission: android.car.permission.CAR_EXTERIOR_LIGHTS
06-18 18:04:10.525 W/PackageManager( 1918): Cannot whitelist unknown permission: android.car.permission.CAR_INFO
06-18 18:04:10.525 W/PackageManager( 1918): Cannot whitelist unknown permission: android.car.permission.CAR_MILEAGE
06-18 18:04:10.525 W/PackageManager( 1918): Cannot whitelist unknown permission: android.car.permission.CAR_TIRES
06-18 18:04:10.525 W/PackageManager( 1918): Cannot whitelist unknown permission: android.car.permission.CONTROL_CAR_CLIMATE
06-18 18:04:10.525 W/PackageManager( 1918): Cannot whitelist unknown permission: android.car.permission.CONTROL_CAR_DOORS
06-18 18:04:10.525 W/PackageManager( 1918): Cannot whitelist unknown permission: android.car.permission.CONTROL_CAR_EXTERIOR_LIGHTS
06-18 18:04:10.525 W/PackageManager( 1918): Cannot whitelist unknown permission: android.car.permission.CONTROL_CAR_MIRRORS
06-18 18:04:10.525 W/PackageManager( 1918): Cannot whitelist unknown permission: android.car.permission.CONTROL_CAR_SEATS
06-18 18:04:10.525 W/PackageManager( 1918): Cannot whitelist unknown permission: android.car.permission.CONTROL_CAR_WINDOWS
06-18 18:04:10.525 W/PackageManager( 1918): Cannot whitelist unknown permission: android.car.permission.READ_CAR_DISPLAY_UNITS
06-18 18:04:10.525 W/PackageManager( 1918): Cannot whitelist unknown permission: com.google.android.finsky.permission.GEARHEAD_SERVICE
06-18 18:04:10.525 W/PackageManager( 1918): Cannot whitelist unknown permission: com.google.android.permission.ACCESSIBILITY_SCAN_SERVICE
06-18 18:04:10.525 W/PackageManager( 1918): Cannot whitelist unknown permission: com.google.android.finsky.permission.ACCESS_INSTANT_APP_NOTIFICATION_ENFORCEMENT
06-18 18:04:10.525 W/PackageManager( 1918): Cannot whitelist unknown permission: com.google.android.clockwork.settings.SHOW_FACTORY_RESET_CONFIRMATION
06-18 18:04:10.525 W/PackageManager( 1918): Cannot whitelist unknown permission: com.google.android.wearable.READ_SETTINGS
06-18 18:04:10.525 W/PackageManager( 1918): Cannot whitelist unknown permission: android.permission.READ_MEDIA_AUDIO
06-18 18:04:10.525 W/PackageManager( 1918): Cannot whitelist unknown permission: android.permission.READ_MEDIA_IMAGES
06-18 18:04:10.525 W/PackageManager( 1918): Cannot whitelist unknown permission: android.permission.READ_MEDIA_VIDEO
06-18 18:04:10.525 W/PackageManager( 1918): Cannot whitelist unknown permission: com.android.vending.setup.PLAY_SETUP_SERVICE
06-18 18:04:10.525 W/PackageManager( 1918): Cannot whitelist unknown permission: com.google.android.gms.game.notifications.permission.WRITE
06-18 18:04:10.525 W/PackageManager( 1918): Cannot whitelist unknown permission: com.google.android.vending.verifier.ACCESS_VERIFIER
06-18 18:04:10.525 I/PackageManager( 1918): Un-granting permission android.permission.CAPTURE_VIDEO_OUTPUT from package com.google.android.gms (protectionLevel=2 flags=0xb0cabe45)
06-18 18:04:10.525 I/PackageManager( 1918): Un-granting permission android.permission.MANAGE_DEVICE_ADMINS from package com.google.android.gms (protectionLevel=2 flags=0xb0cabe45)
06-18 18:04:10.525 I/PackageManager( 1918): Un-granting permission android.permission.MANAGE_ACTIVITY_STACKS from package com.google.android.gms (protectionLevel=2 flags=0xb0cabe45)
06-18 18:04:10.525 I/PackageManager( 1918): Un-granting permission android.permission.CAPTURE_SECURE_VIDEO_OUTPUT from package com.google.android.gms (protectionLevel=2 flags=0xb0cabe45)
06-18 18:04:10.525 I/PackageManager( 1918): Un-granting permission android.permission.MANAGE_ROLLBACKS from package com.google.android.gms (protectionLevel=514 flags=0xb0cabe45)
06-18 18:04:10.526 W/PackageManager( 1918): Cannot whitelist unknown permission: android.permission.QUERY_ALL_PACKAGES
06-18 18:04:10.526 W/PackageManager( 1918): Cannot whitelist unknown permission: android.permission.PRE_FACTORY_RESET
06-18 18:04:10.527 W/PackageManager( 1918): Cannot whitelist unknown permission: android.permission.MANAGE_FACTORY_RESET_PROTECTION
06-18 18:04:10.527 W/PackageManager( 1918): Cannot whitelist unknown permission: android.car.permission.CAR_POWER
06-18 18:04:10.527 W/PackageManager( 1918): Cannot whitelist unknown permission: com.google.android.wearable.WRITE_SETTINGS
06-18 18:04:10.527 W/PackageManager( 1918): Cannot whitelist unknown permission: com.felicanetworks.mfc.permission.MFC_ACCESS
06-18 18:04:10.527 W/PackageManager( 1918): Cannot whitelist unknown permission: com.felicanetworks.mfc.mfi.permission.MFI_ACCESS
06-18 18:04:10.527 W/PackageManager( 1918): Cannot whitelist unknown permission: com.google.android.finsky.permission.INSTANT_APP_STATE
06-18 18:04:10.527 W/PackageManager( 1918): Cannot whitelist unknown permission: android.permission.UWB
06-18 18:04:10.527 W/PackageManager( 1918): Cannot whitelist unknown permission: com.google.android.finsky.permission.BIND_GET_INSTALL_REFERRER_SERVICE
06-18 18:04:10.527 W/PackageManager( 1918): Cannot whitelist unknown permission: com.google.android.hangouts.START_HANGOUT
06-18 18:04:10.527 W/PackageManager( 1918): Cannot whitelist unknown permission: android.car.permission.CAR_POWERTRAIN
06-18 18:04:10.527 W/PackageManager( 1918): Cannot whitelist unknown permission: android.car.permission.CAR_ENERGY
06-18 18:04:10.527 W/PackageManager( 1918): Cannot whitelist unknown permission: android.car.permission.CAR_ENERGY_PORTS
06-18 18:04:10.527 W/PackageManager( 1918): Cannot whitelist unknown permission: android.car.permission.CAR_EXTERIOR_LIGHTS
06-18 18:04:10.527 W/PackageManager( 1918): Cannot whitelist unknown permission: android.car.permission.CAR_INFO
06-18 18:04:10.527 W/PackageManager( 1918): Cannot whitelist unknown permission: android.car.permission.CAR_MILEAGE
06-18 18:04:10.527 W/PackageManager( 1918): Cannot whitelist unknown permission: android.car.permission.CAR_TIRES
06-18 18:04:10.527 W/PackageManager( 1918): Cannot whitelist unknown permission: android.car.permission.CONTROL_CAR_CLIMATE
06-18 18:04:10.527 W/PackageManager( 1918): Cannot whitelist unknown permission: android.car.permission.CONTROL_CAR_DOORS
06-18 18:04:10.527 W/PackageManager( 1918): Cannot whitelist unknown permission: android.car.permission.CONTROL_CAR_EXTERIOR_LIGHTS
06-18 18:04:10.527 W/PackageManager( 1918): Cannot whitelist unknown permission: android.car.permission.CONTROL_CAR_MIRRORS
06-18 18:04:10.527 W/PackageManager( 1918): Cannot whitelist unknown permission: android.car.permission.CONTROL_CAR_SEATS
06-18 18:04:10.527 W/PackageManager( 1918): Cannot whitelist unknown permission: android.car.permission.CONTROL_CAR_WINDOWS
06-18 18:04:10.527 W/PackageManager( 1918): Cannot whitelist unknown permission: android.car.permission.READ_CAR_DISPLAY_UNITS
06-18 18:04:10.527 W/PackageManager( 1918): Cannot whitelist unknown permission: com.google.android.finsky.permission.GEARHEAD_SERVICE
06-18 18:04:10.527 W/PackageManager( 1918): Cannot whitelist unknown permission: com.google.android.permission.ACCESSIBILITY_SCAN_SERVICE
06-18 18:04:10.527 W/PackageManager( 1918): Cannot whitelist unknown permission: com.google.android.finsky.permission.ACCESS_INSTANT_APP_NOTIFICATION_ENFORCEMENT
06-18 18:04:10.527 W/PackageManager( 1918): Cannot whitelist unknown permission: com.google.android.clockwork.settings.SHOW_FACTORY_RESET_CONFIRMATION
06-18 18:04:10.527 W/PackageManager( 1918): Cannot whitelist unknown permission: com.google.android.wearable.READ_SETTINGS
06-18 18:04:10.527 W/PackageManager( 1918): Cannot whitelist unknown permission: android.permission.READ_MEDIA_AUDIO
06-18 18:04:10.527 W/PackageManager( 1918): Cannot whitelist unknown permission: android.permission.READ_MEDIA_IMAGES
06-18 18:04:10.527 W/PackageManager( 1918): Cannot whitelist unknown permission: android.permission.READ_MEDIA_VIDEO
06-18 18:04:10.527 W/PackageManager( 1918): Cannot whitelist unknown permission: com.android.vending.setup.PLAY_SETUP_SERVICE
06-18 18:04:10.527 W/PackageManager( 1918): Cannot whitelist unknown permission: com.google.android.gms.game.notifications.permission.WRITE
06-18 18:04:10.527 W/PackageManager( 1918): Cannot whitelist unknown permission: com.google.android.vending.verifier.ACCESS_VERIFIER
06-18 18:04:10.527 I/PackageManager( 1918): Un-granting permission android.permission.CAPTURE_VIDEO_OUTPUT from package com.google.android.gms (protectionLevel=2 flags=0xb0cabe45)
06-18 18:04:10.528 I/PackageManager( 1918): Un-granting permission android.permission.MANAGE_DEVICE_ADMINS from package com.google.android.gms (protectionLevel=2 flags=0xb0cabe45)
06-18 18:04:10.528 I/PackageManager( 1918): Un-granting permission android.permission.MANAGE_ACTIVITY_STACKS from package com.google.android.gms (protectionLevel=2 flags=0xb0cabe45)
06-18 18:04:10.528 I/PackageManager( 1918): Un-granting permission android.permission.CAPTURE_SECURE_VIDEO_OUTPUT from package com.google.android.gms (protectionLevel=2 flags=0xb0cabe45)
06-18 18:04:10.528 I/PackageManager( 1918): Un-granting permission android.permission.MANAGE_ROLLBACKS from package com.google.android.gms (protectionLevel=514 flags=0xb0cabe45)
06-18 18:04:10.540 W/PackageManager( 1918): Cannot whitelist unknown permission: android.permission.QUERY_ALL_PACKAGES
06-18 18:04:10.540 W/PackageManager( 1918): Cannot whitelist unknown permission: android.permission.PRE_FACTORY_RESET
06-18 18:04:10.540 W/PackageManager( 1918): Cannot whitelist unknown permission: android.permission.MANAGE_FACTORY_RESET_PROTECTION
06-18 18:04:10.540 W/PackageManager( 1918): Cannot whitelist unknown permission: android.car.permission.CAR_POWER
06-18 18:04:10.540 W/PackageManager( 1918): Cannot whitelist unknown permission: com.google.android.wearable.WRITE_SETTINGS
06-18 18:04:10.540 W/PackageManager( 1918): Cannot whitelist unknown permission: com.felicanetworks.mfc.permission.MFC_ACCESS
06-18 18:04:10.540 W/PackageManager( 1918): Cannot whitelist unknown permission: com.felicanetworks.mfc.mfi.permission.MFI_ACCESS
06-18 18:04:10.540 W/PackageManager( 1918): Cannot whitelist unknown permission: com.google.android.finsky.permission.INSTANT_APP_STATE
06-18 18:04:10.540 W/PackageManager( 1918): Cannot whitelist unknown permission: android.permission.UWB
06-18 18:04:10.540 W/PackageManager( 1918): Cannot whitelist unknown permission: com.google.android.finsky.permission.BIND_GET_INSTALL_REFERRER_SERVICE
06-18 18:04:10.540 W/PackageManager( 1918): Cannot whitelist unknown permission: com.google.android.hangouts.START_HANGOUT
06-18 18:04:10.540 W/PackageManager( 1918): Cannot whitelist unknown permission: android.car.permission.CAR_POWERTRAIN
06-18 18:04:10.540 W/PackageManager( 1918): Cannot whitelist unknown permission: android.car.permission.CAR_ENERGY
06-18 18:04:10.541 W/PackageManager( 1918): Cannot whitelist unknown permission: android.car.permission.CAR_ENERGY_PORTS
06-18 18:04:10.541 W/PackageManager( 1918): Cannot whitelist unknown permission: android.car.permission.CAR_EXTERIOR_LIGHTS
06-18 18:04:10.541 W/PackageManager( 1918): Cannot whitelist unknown permission: android.car.permission.CAR_INFO
06-18 18:04:10.541 W/PackageManager( 1918): Cannot whitelist unknown permission: android.car.permission.CAR_MILEAGE
06-18 18:04:10.541 W/PackageManager( 1918): Cannot whitelist unknown permission: android.car.permission.CAR_TIRES
06-18 18:04:10.541 W/PackageManager( 1918): Cannot whitelist unknown permission: android.car.permission.CONTROL_CAR_CLIMATE
06-18 18:04:10.541 W/PackageManager( 1918): Cannot whitelist unknown permission: android.car.permission.CONTROL_CAR_DOORS
06-18 18:04:10.541 W/PackageManager( 1918): Cannot whitelist unknown permission: android.car.permission.CONTROL_CAR_EXTERIOR_LIGHTS
06-18 18:04:10.542 W/PackageManager( 1918): Cannot whitelist unknown permission: android.car.permission.CONTROL_CAR_MIRRORS
06-18 18:04:10.542 W/PackageManager( 1918): Cannot whitelist unknown permission: android.car.permission.CONTROL_CAR_SEATS
06-18 18:04:10.542 W/PackageManager( 1918): Cannot whitelist unknown permission: android.car.permission.CONTROL_CAR_WINDOWS
06-18 18:04:10.542 W/PackageManager( 1918): Cannot whitelist unknown permission: android.car.permission.READ_CAR_DISPLAY_UNITS
06-18 18:04:10.542 W/PackageManager( 1918): Cannot whitelist unknown permission: com.google.android.finsky.permission.GEARHEAD_SERVICE
06-18 18:04:10.542 W/PackageManager( 1918): Cannot whitelist unknown permission: com.google.android.permission.ACCESSIBILITY_SCAN_SERVICE
06-18 18:04:10.542 W/PackageManager( 1918): Cannot whitelist unknown permission: com.google.android.finsky.permission.ACCESS_INSTANT_APP_NOTIFICATION_ENFORCEMENT
06-18 18:04:10.542 W/PackageManager( 1918): Cannot whitelist unknown permission: com.google.android.clockwork.settings.SHOW_FACTORY_RESET_CONFIRMATION
06-18 18:04:10.542 W/PackageManager( 1918): Cannot whitelist unknown permission: com.google.android.wearable.READ_SETTINGS
06-18 18:04:10.543 W/PackageManager( 1918): Cannot whitelist unknown permission: android.permission.READ_MEDIA_AUDIO
06-18 18:04:10.543 W/PackageManager( 1918): Cannot whitelist unknown permission: android.permission.READ_MEDIA_IMAGES
06-18 18:04:10.544 W/PackageManager( 1918): Cannot whitelist unknown permission: android.permission.READ_MEDIA_VIDEO
06-18 18:04:10.544 W/PackageManager( 1918): Cannot whitelist unknown permission: com.android.vending.setup.PLAY_SETUP_SERVICE
06-18 18:04:10.544 W/PackageManager( 1918): Cannot whitelist unknown permission: com.google.android.gms.game.notifications.permission.WRITE
06-18 18:04:10.545 W/PackageManager( 1918): Cannot whitelist unknown permission: com.google.android.vending.verifier.ACCESS_VERIFIER
06-18 18:04:10.545 I/PackageManager( 1918): Un-granting permission android.permission.CAPTURE_VIDEO_OUTPUT from package com.google.android.gms (protectionLevel=2 flags=0xb0cabe45)
06-18 18:04:10.546 I/PackageManager( 1918): Un-granting permission android.permission.MANAGE_DEVICE_ADMINS from package com.google.android.gms (protectionLevel=2 flags=0xb0cabe45)
06-18 18:04:10.546 I/PackageManager( 1918): Un-granting permission android.permission.MANAGE_ACTIVITY_STACKS from package com.google.android.gms (protectionLevel=2 flags=0xb0cabe45)
06-18 18:04:10.546 I/PackageManager( 1918): Un-granting permission android.permission.CAPTURE_SECURE_VIDEO_OUTPUT from package com.google.android.gms (protectionLevel=2 flags=0xb0cabe45)
06-18 18:04:10.546 I/PackageManager( 1918): Un-granting permission android.permission.MANAGE_ROLLBACKS from package com.google.android.gms (protectionLevel=514 flags=0xb0cabe45)
06-18 18:04:10.560 W/PackageManager( 1918): Cannot whitelist unknown permission: android.permission.ADD_VOICEMAIL
06-18 18:04:10.560 W/PackageManager( 1918): Cannot whitelist unknown permission: com.google.android.apps.messaging.services.ACCESS_JIBESERVICE
06-18 18:04:10.561 W/PackageManager( 1918): Cannot whitelist unknown permission: android.permission.ADD_VOICEMAIL
06-18 18:04:10.561 W/PackageManager( 1918): Cannot whitelist unknown permission: com.google.android.apps.messaging.services.ACCESS_JIBESERVICE
06-18 18:04:10.563 E/ActivityThread( 2059): Failed to find provider info for com.google.android.gsf.gservices
06-18 18:04:10.563 E/ActivityThread( 2059): Failed to find provider info for com.google.android.gsf.gservices
06-18 18:04:10.563 W/PackageManager( 1918): Cannot whitelist unknown permission: android.permission.ADD_VOICEMAIL
06-18 18:04:10.563 W/PackageManager( 1918): Cannot whitelist unknown permission: com.google.android.apps.messaging.services.ACCESS_JIBESERVICE
06-18 18:04:10.565 I/FileApkMgr( 2059): Extracting modules completed
06-18 18:04:10.565 I/GmsApplication( 2059): Staging modules completed
06-18 18:04:10.565 I/GmsApplication( 2059): Updating config
06-18 18:04:10.566 W/PackageManager( 1918): Cannot whitelist unknown permission: android.permission.ADD_VOICEMAIL
06-18 18:04:10.566 E/ActivityThread( 2059): Failed to find provider info for com.google.android.gsf.gservices
06-18 18:04:10.566 W/PackageManager( 1918): Cannot whitelist unknown permission: com.google.android.apps.messaging.services.ACCESS_JIBESERVICE
06-18 18:04:10.566 E/ActivityThread( 2059): Failed to find provider info for com.google.android.gsf.gservices
06-18 18:04:10.566 W/FileUtils( 2059): Failed to set world readable: /data/user_de/0/com.google.android.gms/app_chimera/current_config.fb
06-18 18:04:10.567 W/PackageManager( 1918): Cannot whitelist unknown permission: android.permission.ADD_VOICEMAIL
06-18 18:04:10.567 W/PackageManager( 1918): Cannot whitelist unknown permission: com.google.android.apps.messaging.services.ACCESS_JIBESERVICE
06-18 18:04:10.571 I/PackageManager( 1918): Un-granting permission com.google.android.googleapps.permission.GOOGLE_AUTH from package com.google.android.videos (protectionLevel=2 flags=0x30dbbe45)
06-18 18:04:10.572 I/chatty  ( 1918): uid=1000(system) Binder:1918_6 identical 1 line
06-18 18:04:10.573 I/PackageManager( 1918): Un-granting permission com.google.android.googleapps.permission.GOOGLE_AUTH from package com.google.android.videos (protectionLevel=2 flags=0x30dbbe45)
06-18 18:04:10.574 W/PackageManager( 1918): Cannot whitelist unknown permission: com.google.android.apps.miphone.aiai.matchmaker.overview.service.BIND_SERVICE
06-18 18:04:10.574 W/PackageManager( 1918): Cannot whitelist unknown permission: com.google.android.as.allapps.SUGGESTION_CONSUMER
06-18 18:04:10.576 W/PackageManager( 1918): Cannot whitelist unknown permission: com.google.android.apps.miphone.aiai.matchmaker.overview.service.BIND_SERVICE
06-18 18:04:10.576 W/PackageManager( 1918): Cannot whitelist unknown permission: com.google.android.as.allapps.SUGGESTION_CONSUMER
06-18 18:04:10.582 E/ChimeraCfgMgr( 2059): Failed to read module config: java.io.FileNotFoundException: /data/user_de/0/com.google.android.gms/app_chimera/current_config.fb: open failed: ENOENT (No such file or directory)
06-18 18:04:10.582 W/PackageManager( 1918): Cannot whitelist unknown permission: com.android.vending.BILLING
06-18 18:04:10.582 I/PackageManager( 1918): Un-granting permission android.permission.WRITE_MEDIA_STORAGE from package com.google.android.apps.photos (protectionLevel=18 flags=0x38d9be45)
06-18 18:04:10.583 E/ActivityThread( 2059): Failed to find provider info for com.google.android.gsf.gservices
06-18 18:04:10.583 E/GservicesValue( 2059): Gservices key not whitelisted for directboot access: gms:chimera:dev_module_blacklist
06-18 18:04:10.583 E/ActivityThread( 2059): Failed to find provider info for com.google.android.gsf.gservices
06-18 18:04:10.584 W/PackageManager( 1918): Cannot whitelist unknown permission: com.android.vending.BILLING
06-18 18:04:10.584 I/PackageManager( 1918): Un-granting permission android.permission.WRITE_MEDIA_STORAGE from package com.google.android.apps.photos (protectionLevel=18 flags=0x38d9be45)
06-18 18:04:10.585 E/ActivityThread( 2059): Failed to find provider info for com.google.android.gsf.gservices
06-18 18:04:10.585 I/.gms.persisten( 2059): Compiler allocated 5803KB to compile boolean cuf.a(cyl, boolean, caau, caau, int, java.util.List, java.io.File, cyh)
06-18 18:04:10.586 I/GmsModuleFndr( 2059): Beginning GMS chimera module scan
06-18 18:04:10.588 E/ChimeraCfgMgr( 2059): Failed to read module config: java.io.FileNotFoundException: /data/user_de/0/com.google.android.gms/app_chimera/current_config.fb: open failed: ENOENT (No such file or directory)
06-18 18:04:10.590 I/ModuleSetMgr( 2059): Config file doesn't exist, writing blank config.
06-18 18:04:10.599 I/ModuleSetMgr( 2059): Computing pending module set with APKs: [[AdsFdrDynamite.integ:21460000000], [Cronetdynamite:202414040800], [Dynamiteloader:202414040800], [Dynamitemodulesa:202414040000], [Dynamitemodulesc:202414040000], [Googlecertificates:202414040000], [Mapsdynamite:202414040000], [Measurementdynamite:202414040000]]
06-18 18:04:10.602 I/chatty  ( 2059): uid=10116 com.google.android.gms.persistent identical 8 lines
06-18 18:04:10.602 E/ActivityThread( 2059): Failed to find provider info for com.google.android.gsf.gservices
06-18 18:04:10.602 W/PackageManager( 1918): Cannot whitelist unknown permission: com.android.launcher.permission.READ_SETTINGS
06-18 18:04:10.602 W/PackageManager( 1918): Cannot whitelist unknown permission: com.android.launcher.permission.WRITE_SETTINGS
06-18 18:04:10.611 E/ActivityThread( 2059): Failed to find provider info for com.google.android.gsf.gservices
06-18 18:04:10.627 I/ModuleSetMgr( 2059): Pending container module APKs: []
06-18 18:04:10.627 I/ModuleSetMgr( 2059): Pending non-container module APKs: []
06-18 18:04:10.631 E/ChimeraCfgMgr( 2059): Failed to read module config: java.io.FileNotFoundException: /data/user_de/0/com.google.android.gms/app_chimera/current_config.fb: open failed: ENOENT (No such file or directory)
06-18 18:04:10.631 W/IntentOperation( 2059): Failed to get Chimera config:com.google.android.chimera.config.InvalidConfigException: java.io.FileNotFoundException: /data/user_de/0/com.google.android.gms/app_chimera/current_config.fb: open failed: ENOENT (No such file or directory)
06-18 18:04:10.631 I/chatty  ( 2059): uid=10116 com.google.android.gms.persistent identical 6 lines
06-18 18:04:10.632 E/ActivityThread( 2059): Failed to find provider info for com.google.android.gsf.gservices
06-18 18:04:10.634 W/PackageManager( 1918): Cannot whitelist unknown permission: com.android.vending.setup.PLAY_SETUP_SERVICE
06-18 18:04:10.637 I/chatty  ( 1918): uid=1000(system) Binder:1918_1 identical 2 lines
06-18 18:04:10.638 W/PackageManager( 1918): Cannot whitelist unknown permission: com.android.vending.setup.PLAY_SETUP_SERVICE
06-18 18:04:10.653 W/PackageManager( 1918): Cannot whitelist unknown permission: com.android.permission.CONNMO_SETTINGS
06-18 18:04:10.653 W/PackageManager( 1918): Cannot whitelist unknown permission: com.android.permission.DCMO_SETTINGS
06-18 18:04:10.655 W/PackageManager( 1918): Cannot whitelist unknown permission: com.android.permission.CONNMO_SETTINGS
06-18 18:04:10.655 W/PackageManager( 1918): Cannot whitelist unknown permission: com.android.permission.DCMO_SETTINGS
06-18 18:04:10.661 W/PackageManager( 1918): Cannot whitelist unknown permission: com.android.permission.BIND_TELEPHONY_NETWORK_SERVICE
06-18 18:04:10.662 I/chatty  ( 1918): uid=1000(system) Binder:1918_1 identical 1 line
06-18 18:04:10.665 W/PackageManager( 1918): Cannot whitelist unknown permission: com.android.permission.BIND_TELEPHONY_NETWORK_SERVICE
06-18 18:04:10.668 E/ActivityThread( 2059): Failed to find provider info for com.google.android.gsf.gservices
06-18 18:04:10.668 W/PackageManager( 1918): Cannot whitelist unknown permission: com.android.permission.BIND_TELEPHONY_NETWORK_SERVICE
06-18 18:04:10.668 E/ActivityThread( 2059): Failed to find provider info for com.google.android.gsf.gservices
06-18 18:04:10.704 W/PackageManager( 1918): Cannot whitelist unknown permission: com.google.restricted_assist_gesture.permission.RESTRICTED_ASSIST_GESTURE_PROVIDER
06-18 18:04:10.704 W/PackageManager( 1918): Cannot whitelist unknown permission: com.google.android.apps.dreamliner.permission.DREAMLINER_SERVICE
06-18 18:04:10.704 W/PackageManager( 1918): Cannot whitelist unknown permission: android.car.permission.CONTROL_CAR_CLIMATE
06-18 18:04:10.704 W/PackageManager( 1918): Cannot whitelist unknown permission: android.car.permission.CAR_DRIVING_STATE
06-18 18:04:10.704 W/PackageManager( 1918): Cannot whitelist unknown permission: android.car.permission.CAR_CONTROL_AUDIO_VOLUME
06-18 18:04:10.721 W/PackageManager( 1918): Cannot whitelist unknown permission: com.google.restricted_assist_gesture.permission.RESTRICTED_ASSIST_GESTURE_PROVIDER
06-18 18:04:10.721 W/PackageManager( 1918): Cannot whitelist unknown permission: com.google.android.apps.dreamliner.permission.DREAMLINER_SERVICE
06-18 18:04:10.721 W/PackageManager( 1918): Cannot whitelist unknown permission: android.car.permission.CONTROL_CAR_CLIMATE
06-18 18:04:10.721 W/PackageManager( 1918): Cannot whitelist unknown permission: android.car.permission.CAR_DRIVING_STATE
06-18 18:04:10.721 W/PackageManager( 1918): Cannot whitelist unknown permission: android.car.permission.CAR_CONTROL_AUDIO_VOLUME
06-18 18:04:10.724 W/PackageManager( 1918): Cannot whitelist unknown permission: com.google.android.gallery3d.permission.GALLERY_PROVIDER
06-18 18:04:10.724 W/PackageManager( 1918): Cannot whitelist unknown permission: com.android.gallery3d.permission.GALLERY_PROVIDER
06-18 18:04:10.725 W/PackageManager( 1918): Cannot whitelist unknown permission: com.google.android.gallery3d.permission.GALLERY_PROVIDER
06-18 18:04:10.725 W/PackageManager( 1918): Cannot whitelist unknown permission: com.android.gallery3d.permission.GALLERY_PROVIDER
06-18 18:04:10.726 W/PackageManager( 1918): Cannot whitelist unknown permission: com.google.android.gallery3d.permission.GALLERY_PROVIDER
06-18 18:04:10.726 W/PackageManager( 1918): Cannot whitelist unknown permission: com.android.gallery3d.permission.GALLERY_PROVIDER
06-18 18:04:10.726 W/PackageManager( 1918): Cannot whitelist unknown permission: com.google.android.gallery3d.permission.GALLERY_PROVIDER
06-18 18:04:10.726 W/PackageManager( 1918): Cannot whitelist unknown permission: com.android.gallery3d.permission.GALLERY_PROVIDER
06-18 18:04:10.729 W/PackageManager( 1918): Cannot whitelist unknown permission: com.google.android.gallery3d.permission.GALLERY_PROVIDER
06-18 18:04:10.729 W/PackageManager( 1918): Cannot whitelist unknown permission: com.android.gallery3d.permission.GALLERY_PROVIDER
06-18 18:04:10.729 W/PackageManager( 1918): Cannot whitelist unknown permission: com.google.android.gallery3d.permission.GALLERY_PROVIDER
06-18 18:04:10.729 W/PackageManager( 1918): Cannot whitelist unknown permission: com.android.gallery3d.permission.GALLERY_PROVIDER
06-18 18:04:10.730 W/PackageManager( 1918): Cannot whitelist unknown permission: com.google.android.gallery3d.permission.GALLERY_PROVIDER
06-18 18:04:10.730 W/PackageManager( 1918): Cannot whitelist unknown permission: com.android.gallery3d.permission.GALLERY_PROVIDER
06-18 18:04:10.737 W/PackageManager( 1918): Cannot whitelist unknown permission: com.android.vending.setup.PLAY_SETUP_SERVICE
06-18 18:04:10.836 I/RuntimePermissionsUpgradeController( 2094): Grandfathering SMS and CallLog permissions
06-18 18:04:10.844 I/RuntimePermissionsUpgradeController( 2094): Grandfathering location background permissions
06-18 18:04:10.845 I/RuntimePermissionsUpgradeController( 2094): Grandfathering Storage permissions
06-18 18:04:10.738 W/PackageManager( 1918): Cannot whitelist unknown permission: com.android.vending.setup.PLAY_SETUP_SERVICE
06-18 18:04:10.855 W/PackageManager( 1918): Cannot whitelist unknown permission: com.android.vending.BILLING
06-18 18:04:10.857 I/RuntimePermissionsUpgradeController( 2094): Not expanding location permissions as this is not an upgrade from Android P
06-18 18:04:10.861 D/vold    ( 1574): Remounting 10144 as mode default
06-18 18:04:10.862 D/vold    ( 1574): Remounting 10122 as mode default
06-18 18:04:10.863 D/vold    ( 1574): Remounting 10131 as mode write
06-18 18:04:10.864 D/vold    ( 1574): Remounting 10127 as mode write
06-18 18:04:10.865 D/vold    ( 1574): Remounting 10114 as mode default
06-18 18:04:10.865 D/vold    ( 1574): Remounting 10134 as mode write
06-18 18:04:10.866 D/vold    ( 1574): Remounting 10098 as mode default
06-18 18:04:10.866 D/vold    ( 1574): Remounting 10142 as mode default
06-18 18:04:10.867 D/vold    ( 1574): Remounting 10137 as mode default
06-18 18:04:10.867 D/vold    ( 1574): Remounting 10140 as mode write
06-18 18:04:10.868 D/vold    ( 1574): Remounting 10105 as mode default
06-18 18:04:10.869 D/vold    ( 1574): Remounting 10116 as mode write
06-18 18:04:10.869 D/vold    ( 1574): Found matching PID 2059
06-18 18:04:10.872 W/SystemServiceManager( 1918): Service com.android.server.policy.PermissionPolicyService took 909 ms in onBootPhase
06-18 18:04:10.872 D/SystemServerTiming( 1918): StartActivityManagerReadyPhase took to complete: 942ms
06-18 18:04:10.872 I/SystemServer( 1918): StartObservingNativeCrashes
06-18 18:04:10.872 D/SystemServerTiming( 1918): StartObservingNativeCrashes took to complete: 0ms
06-18 18:04:10.872 D/SystemServerInitThreadPool( 1918): Started executing WebViewFactoryPreparation
06-18 18:04:10.872 I/SystemServer( 1918): WebViewFactoryPreparation
06-18 18:04:10.872 I/WebViewUpdateServiceImpl( 1918): One-time migration: enabling com.google.android.webview
06-18 18:04:10.877 D/SystemServerTimingAsync( 1918): WebViewFactoryPreparation took to complete: 4ms
06-18 18:04:10.877 D/SystemServerInitThreadPool( 1918): Finished executing WebViewFactoryPreparation
06-18 18:04:10.877 I/SystemServer( 1918): StartSystemUI
06-18 18:04:10.878 V/SystemUIService( 2065): Starting SystemUI services for user 0.
06-18 18:04:10.880 D/SystemServerTiming( 1918): StartSystemUI took to complete: 4ms
06-18 18:04:10.880 I/SystemServer( 1918): MakeNetworkManagementServiceReady
06-18 18:04:10.881 W/NetworkManagement( 1918): setDataSaverMode(): already false
06-18 18:04:10.881 I/netd    ( 1661): firewallSetFirewallType(1) <0.02ms>
06-18 18:04:10.882 D/SystemServerTiming( 1918): MakeNetworkManagementServiceReady took to complete: 1ms
06-18 18:04:10.882 I/SystemServer( 1918): MakeIpSecServiceReady
06-18 18:04:10.883 I/netd    ( 1661): isAlive() -> {"true"} <0.02ms>
06-18 18:04:10.883 D/IpSecService( 1918): IpSecService is ready
06-18 18:04:10.883 D/SystemUIBootTiming( 2065): StartServicescom.android.systemui.Dependency$DependencyCreator took to complete: 5ms
06-18 18:04:10.883 D/SystemServerTiming( 1918): MakeIpSecServiceReady took to complete: 1ms
06-18 18:04:10.883 I/SystemServer( 1918): MakeNetworkStatsServiceReady
06-18 18:04:10.884 W/BestClock( 1918): java.time.DateTimeException: Missing NTP fix
06-18 18:04:10.885 W/NetworkPolicy( 1918): setRestrictBackgroundUL: already false
06-18 18:04:10.889 D/SystemUIBootTiming( 2065): StartServicescom.android.systemui.util.NotificationChannels took to complete: 5ms
06-18 18:04:10.890 D/SystemUIBootTiming( 2065): StartServicescom.android.systemui.statusbar.CommandQueue$CommandQueueStart took to complete: 2ms
06-18 18:04:10.898 V/MediaRouter( 2065): Selecting route: RouteInfo{ name=Phone, description=null, status=null, category=RouteCategory{ name=System types=ROUTE_TYPE_LIVE_AUDIO ROUTE_TYPE_LIVE_VIDEO  groupable=false }, supportedTypes=ROUTE_TYPE_LIVE_AUDIO ROUTE_TYPE_LIVE_VIDEO , presentationDisplay=null }
06-18 18:04:10.909 D/vold    ( 1574): Remounting 10116 as mode write
06-18 18:04:10.909 D/vold    ( 1574): Found matching PID 2059
06-18 18:04:10.918 D/PackageManager( 1918): Instant App installer not found with android.intent.action.INSTALL_INSTANT_APP_PACKAGE
06-18 18:04:10.918 D/PackageManager( 1918): Clear ephemeral installer activity
06-18 18:04:10.928 I/netd    ( 1661): trafficSwapActiveStatsMap() <42.47ms>
06-18 18:04:10.928 I/netd    ( 1661): firewallReplaceUidChain("fw_standby", "false", []) -> {"true"} <41.92ms>
06-18 18:04:10.929 I/netd    ( 1661): tetherGetStats() <0.47ms>
06-18 18:04:10.932 W/BestClock( 1918): java.time.DateTimeException: Missing NTP fix
06-18 18:04:10.932 I/netd    ( 1661): firewallEnableChildChain(2, "true") <0.02ms>
06-18 18:04:10.932 I/netd    ( 1661): socketDestroy([]) <0.14ms>
06-18 18:04:10.940 D/vold    ( 1574): Remounting 10120 as mode default
06-18 18:04:10.940 D/vold    ( 1574): Remounting 10128 as mode default
06-18 18:04:10.941 D/vold    ( 1574): Remounting 10145 as mode write
06-18 18:04:10.941 D/vold    ( 1574): Remounting 10085 as mode default
06-18 18:04:10.942 D/vold    ( 1574): Remounting 10097 as mode default
06-18 18:04:10.942 D/vold    ( 1574): Remounting 10117 as mode default
06-18 18:04:10.943 D/vold    ( 1574): Remounting 10106 as mode default
06-18 18:04:10.944 D/vold    ( 1574): Remounting 1002 as mode write
06-18 18:04:10.944 D/vold    ( 1574): Remounting 10132 as mode default
06-18 18:04:10.945 D/vold    ( 1574): Remounting 10062 as mode default
06-18 18:04:10.945 D/vold    ( 1574): Remounting 1001 as mode default
06-18 18:04:10.945 D/vold    ( 1574): Found matching PID 1766
06-18 18:04:10.945 W/vold    ( 1574): Skipping due to root namespace
06-18 18:04:10.946 D/vold    ( 1574): Remounting 1001 as mode default
06-18 18:04:10.946 D/vold    ( 1574): Found matching PID 1766
06-18 18:04:10.946 W/vold    ( 1574): Skipping due to root namespace
06-18 18:04:10.946 D/vold    ( 1574): Remounting 1001 as mode default
06-18 18:04:10.946 D/vold    ( 1574): Found matching PID 1766
06-18 18:04:10.946 W/vold    ( 1574): Skipping due to root namespace
06-18 18:04:10.947 D/vold    ( 1574): Remounting 1001 as mode default
06-18 18:04:10.947 D/vold    ( 1574): Found matching PID 1766
06-18 18:04:10.947 W/vold    ( 1574): Skipping due to root namespace
06-18 18:04:10.950 D/SystemUIBootTiming( 2065): StartServicescom.android.systemui.keyguard.KeyguardViewMediator took to complete: 59ms
06-18 18:04:10.950 D/vold    ( 1574): Remounting 1001 as mode default
06-18 18:04:10.951 D/vold    ( 1574): Found matching PID 1766
06-18 18:04:10.951 W/vold    ( 1574): Skipping due to root namespace
06-18 18:04:10.952 I/netd    ( 1661): bandwidthSetGlobalAlert(2097152) <0.44ms>
06-18 18:04:10.952 D/vold    ( 1574): Remounting 1001 as mode default
06-18 18:04:10.952 D/SystemServerTiming( 1918): MakeNetworkStatsServiceReady took to complete: 68ms
06-18 18:04:10.952 I/SystemServer( 1918): MakeConnectivityServiceReady
06-18 18:04:10.952 D/vold    ( 1574): Found matching PID 1766
06-18 18:04:10.952 W/vold    ( 1574): Skipping due to root namespace
06-18 18:04:10.952 D/ConnectivityService( 1918): requestNetwork for uid/pid:1000/1918 NetworkRequest [ REQUEST id=7, [ Capabilities: INTERNET&NOT_RESTRICTED&TRUSTED&NOT_VPN] ]
06-18 18:04:10.952 D/Zygote  ( 1663): Forked child process 2231
06-18 18:04:10.953 D/vold    ( 1574): Remounting 1001 as mode default
06-18 18:04:10.953 W/ActivityManager( 1918): Slow operation: 78ms so far, now at startProcess: returned from zygote!
06-18 18:04:10.953 W/ActivityManager( 1918): Slow operation: 78ms so far, now at startProcess: done updating battery stats
06-18 18:04:10.953 W/ActivityManager( 1918): Slow operation: 78ms so far, now at startProcess: building log message
06-18 18:04:10.953 I/ActivityManager( 1918): Start proc 2231:WebViewLoader-x86/1037 [android.webkit.WebViewLibraryLoader$RelroFileCreator] for null
06-18 18:04:10.953 W/ActivityManager( 1918): Slow operation: 78ms so far, now at startProcess: starting to update pids map
06-18 18:04:10.953 W/ActivityManager( 1918): Slow operation: 79ms so far, now at startProcess: done updating pids map
06-18 18:04:10.953 D/vold    ( 1574): Found matching PID 1766
06-18 18:04:10.953 W/vold    ( 1574): Skipping due to root namespace
