06-18 18:04:10.009 I/.gms.persisten( 2059): The ClassLoaderContext is a special shared library.
06-18 18:04:10.010 I/OMXClient( 1761): IOmx service obtained
06-18 18:04:10.010 I/OMXMaster( 1765): makeComponentInstance(OMX.google.opus.decoder) in android.hardwar process
06-18 18:04:10.012 I/.gms.persisten( 2059): The ClassLoaderContext is a special shared library.
06-18 18:04:10.012 I/chatty  ( 2059): uid=10116 com.google.android.gms.persistent identical 1 line
06-18 18:04:10.013 I/.gms.persisten( 2059): The ClassLoaderContext is a special shared library.
06-18 18:04:10.014 I/OMXClient( 1761): IOmx service obtained
06-18 18:04:10.014 I/OMXMaster( 1765): makeComponentInstance(OMX.google.raw.decoder) in android.hardwar process
06-18 18:04:10.017 I/OMXClient( 1761): IOmx service obtained
06-18 18:04:10.018 I/OMXMaster( 1765): makeComponentInstance(OMX.google.vorbis.decoder) in android.hardwar process
06-18 18:04:10.024 I/OMXClient( 1761): IOmx service obtained
06-18 18:04:10.024 I/OMXMaster( 1765): makeComponentInstance(OMX.google.aac.encoder) in android.hardwar process
06-18 18:04:10.028 W/StorageManagerService( 1918): No primary storage defined yet; hacking together a stub
06-18 18:04:10.032 I/OMXClient( 1761): IOmx service obtained
06-18 18:04:10.032 I/OMXMaster( 1765): makeComponentInstance(OMX.google.amrnb.encoder) in android.hardwar process
06-18 18:04:10.046 I/OMXClient( 1761): IOmx service obtained
06-18 18:04:10.046 I/OMXMaster( 1765): makeComponentInstance(OMX.google.amrwb.encoder) in android.hardwar process
06-18 18:04:10.047 D/PackageManager( 1918): Instant App installer not found with android.intent.action.INSTALL_INSTANT_APP_PACKAGE
06-18 18:04:10.047 D/PackageManager( 1918): Clear ephemeral installer activity
06-18 18:04:10.050 I/OMXClient( 1761): IOmx service obtained
06-18 18:04:10.050 I/OMXMaster( 1765): makeComponentInstance(OMX.google.flac.encoder) in android.hardwar process
06-18 18:04:10.053 I/OMXClient( 1761): IOmx service obtained
06-18 18:04:10.053 I/OMXMaster( 1765): makeComponentInstance(OMX.android.goldfish.h264.decoder) in android.hardwar process
06-18 18:04:10.053 I/GoldfishOMXPlugin( 1765): makeComponentInstance 'OMX.android.goldfish.h264.decoder'
06-18 18:04:10.053 I/GoldfishOMXPlugin( 1765): Using goldfish codec for 'avcdec'
06-18 18:04:10.053 W/ContextImpl( 2059): Failed to ensure /data/user/0/com.google.android.gms/cache: mkdir failed: ENOENT (No such file or directory)
06-18 18:04:10.053 W/ContextImpl( 2059): Failed to update user.inode_cache: stat failed: ENOENT (No such file or directory)
06-18 18:04:10.057 W/AlarmManager( 2065): Unrecognized alarm listener com.android.systemui.keyguard.-$$Lambda$KeyguardSliceProvider$IhzByd8TsqFuOrSyuGurVskyPLo@f189a06
06-18 18:04:10.060 I/SystemConfig( 2094): Adding association: com.google.android.as <- com.android.providers.contacts
06-18 18:04:10.060 I/SystemConfig( 2094): Adding association: com.google.android.as <- com.android.providers.media
06-18 18:04:10.060 I/SystemConfig( 2094): Adding association: com.google.android.as <- com.android.providers.telephony
06-18 18:04:10.060 I/SystemConfig( 2094): Adding association: com.google.android.as <- com.android.systemui
06-18 18:04:10.060 I/SystemConfig( 2094): Adding association: com.google.android.as <- com.google.android.gms
06-18 18:04:10.060 I/SystemConfig( 2094): Adding association: com.google.android.as <- com.google.android.gsf
06-18 18:04:10.062 W/SystemConfig( 2094): No directory /product_services/etc/sysconfig, skipping
06-18 18:04:10.062 W/SystemConfig( 2094): No directory /product_services/etc/permissions, skipping
06-18 18:04:10.066 I/goldfish_avcdec( 1765): created GoldfishAVCDec 98 object 0xee67bc00
06-18 18:04:10.067 E/OMXNodeInstance( 1765): getExtensionIndex(0xee614f60:android.goldfish.h264.decoder, OMX.google.android.index.configureVideoTunnelMode) ERROR: UnsupportedIndex(0x8000101a)
06-18 18:04:10.067 D/MediaCodecInfo( 1761): detail feature-tunneled-playback wasn't present to remove
06-18 18:04:10.067 W/OMXNodeInstance( 1765): [0xee614f60:android.goldfish.h264.decoder] component does not support metadata mode; using fallback
06-18 18:04:10.074 I/OMXClient( 1761): IOmx service obtained
06-18 18:04:10.074 I/OMXMaster( 1765): makeComponentInstance(OMX.google.h264.decoder) in android.hardwar process
06-18 18:04:10.078 E/OMXNodeInstance( 1765): getExtensionIndex(0xee614f60:google.h264.decoder, OMX.google.android.index.configureVideoTunnelMode) ERROR: UnsupportedIndex(0x8000101a)
06-18 18:04:10.079 D/MediaCodecInfo( 1761): detail feature-tunneled-playback wasn't present to remove
06-18 18:04:10.079 E/OMXNodeInstance( 1765): getExtensionIndex(0xee614f60:google.h264.decoder, OMX.google.android.index.enableAndroidNativeBuffers) ERROR: UnsupportedIndex(0x8000101a)
06-18 18:04:10.087 I/OMXClient( 1761): IOmx service obtained
06-18 18:04:10.087 I/OMXMaster( 1765): makeComponentInstance(OMX.google.h263.decoder) in android.hardwar process
06-18 18:04:10.090 E/OMXNodeInstance( 1765): getExtensionIndex(0xee614f60:google.h263.decoder, OMX.google.android.index.configureVideoTunnelMode) ERROR: UnsupportedIndex(0x8000101a)
06-18 18:04:10.090 D/MediaCodecInfo( 1761): detail feature-tunneled-playback wasn't present to remove
06-18 18:04:10.090 E/OMXNodeInstance( 1765): getExtensionIndex(0xee614f60:google.h263.decoder, OMX.google.android.index.enableAndroidNativeBuffers) ERROR: UnsupportedIndex(0x8000101a)
06-18 18:04:10.094 D/WifiController( 1918): DEFERRED_TOGGLE handled
06-18 18:04:10.094 D/WifiController( 1918): StaEnabledState.enter()
06-18 18:04:10.095 D/WifiActiveModeWarden( 1918): Switching from ScanOnlyModeActiveState to ClientMode
06-18 18:04:10.095 D/WifiScanOnlyModeManager( 1918):  currentstate: StartedState
06-18 18:04:10.095 D/WifiScanRequestProxy( 1918): Sending scan available broadcast: false
06-18 18:04:10.095 I/WifiScanningService( 1918): wifi driver unloaded
06-18 18:04:10.095 I/WifiScanRequestProxy( 1918): Scanning is disabled
06-18 18:04:10.095 D/WifiActiveModeWarden( 1918): Entering ClientModeActiveState
06-18 18:04:10.096 D/WifiClientModeManager( 1918): entering IdleState
06-18 18:04:10.096 D/WakeupController( 1918): stop()
06-18 18:04:10.096 W/wificond( 1764): No pno scan started
06-18 18:04:10.096 E/wificond( 1764): Receive ERROR message in response to 'stop scheduled scan' request: Operation not supported on transport endpoint
06-18 18:04:10.097 W/android.hardware.wifi@1.0-service( 1701): No active wlan interfaces in use! Using default
06-18 18:04:10.098 I/wificond( 1764): Unsubscribe scan result for interface with index: 3
06-18 18:04:10.099 D/WificondControl( 1918): tearing down interfaces in wificond
06-18 18:04:10.101 I/android.hardware.wifi@1.0-service( 1701): Legacy HAL stop complete callback received
06-18 18:04:10.102 I/android.hardware.wifi@1.0-service( 1701): Wifi HAL stopped
06-18 18:04:10.102 I/WifiVendorHal( 1918): Vendor Hal stopped
06-18 18:04:10.102 I/WifiNative( 1918): Successfully torn down Iface:{Name=wlan0,Id=0,Type=STA_SCAN}
06-18 18:04:10.102 E/HalDevMgr( 1918): getAllChipInfo: called but mWifi is null!?
06-18 18:04:10.102 E/HalDevMgr( 1918): dispatchAvailableForRequestListeners: no chip info found
06-18 18:04:10.102 W/HalDevMgr( 1918): stopWifi called but mWifi is null!?
06-18 18:04:10.102 I/WifiNative( 1918): Successfully initiated teardown for iface=wlan0
06-18 18:04:10.102 D/WifiScanOnlyModeManager( 1918): expected stop, not triggering callbacks: state = 1
06-18 18:04:10.102 D/WifiActiveModeWarden( 1918): State changed from client mode. state = 2
06-18 18:04:10.102 W/HalDevMgr( 1918): isWifiStarted called but mWifi is null!?
06-18 18:04:10.104 I/android_os_HwBinder( 1918): HwBinder: Starting thread pool for getting: android.hardware.wifi@1.0::IWifi/default
06-18 18:04:10.105 I/android.hardware.wifi@1.0-service( 1701): Wifi HAL started
06-18 18:04:10.105 I/WifiVendorHal( 1918): Vendor Hal started successfully
06-18 18:04:10.105 I/WifiP2pNative( 1918): Registering for interface available listener
06-18 18:04:10.105 I/android_os_HwBinder( 1918): HwBinder: Starting thread pool for getting: android.hidl.manager@1.0::IServiceManager/default
06-18 18:04:10.106 I/hwservicemanager( 1567): getTransport: Cannot find entry android.hardware.wifi.supplicant@1.1::ISupplicant/default in either framework or device manifest.
06-18 18:04:10.106 I/SupplicantStaIfaceHal( 1918): Starting supplicant using init
06-18 18:04:10.113 I/OMXClient( 1761): IOmx service obtained
06-18 18:04:10.113 I/OMXMaster( 1765): makeComponentInstance(OMX.google.hevc.decoder) in android.hardwar process
06-18 18:04:10.116 I/WifiP2pNative( 1918): Registering for interface available listener
06-18 18:04:10.116 D/WifiP2pNative( 1918): P2P InterfaceAvailableListener true
06-18 18:04:10.116 D/WifiP2pService( 1918): Wifi enabled=false, P2P Interface availability=true, Number of clients=0
06-18 18:04:10.116 D/WifiP2pService( 1918): Wifi enabled=false, P2P Interface availability=true
06-18 18:04:10.118 E/OMXNodeInstance( 1765): getExtensionIndex(0xee614f60:google.hevc.decoder, OMX.google.android.index.configureVideoTunnelMode) ERROR: UnsupportedIndex(0x8000101a)
06-18 18:04:10.118 D/MediaCodecInfo( 1761): detail feature-tunneled-playback wasn't present to remove
06-18 18:04:10.118 D/ProtoStore( 2065): no cached data
06-18 18:04:10.118 D/ProtoStore( 2065): no cached data
06-18 18:04:10.118 E/OMXNodeInstance( 1765): getExtensionIndex(0xee614f60:google.hevc.decoder, OMX.google.android.index.enableAndroidNativeBuffers) ERROR: UnsupportedIndex(0x8000101a)
06-18 18:04:10.126 I/OMXClient( 1761): IOmx service obtained
06-18 18:04:10.127 I/OMXMaster( 1765): makeComponentInstance(OMX.google.mpeg4.decoder) in android.hardwar process
06-18 18:04:10.127 E/OMXNodeInstance( 1765): getExtensionIndex(0xee614f60:google.mpeg4.decoder, OMX.google.android.index.configureVideoTunnelMode) ERROR: UnsupportedIndex(0x8000101a)
06-18 18:04:10.127 D/MediaCodecInfo( 1761): detail feature-tunneled-playback wasn't present to remove
06-18 18:04:10.127 E/OMXNodeInstance( 1765): getExtensionIndex(0xee614f60:google.mpeg4.decoder, OMX.google.android.index.enableAndroidNativeBuffers) ERROR: UnsupportedIndex(0x8000101a)
06-18 18:04:10.144 I/OMXClient( 1761): IOmx service obtained
06-18 18:04:10.144 I/OMXMaster( 1765): makeComponentInstance(OMX.android.goldfish.vp8.decoder) in android.hardwar process
06-18 18:04:10.144 I/GoldfishOMXPlugin( 1765): makeComponentInstance 'OMX.android.goldfish.vp8.decoder'
06-18 18:04:10.144 I/GoldfishOMXPlugin( 1765): Using goldfish codec for 'vpxdec'
06-18 18:04:10.145 I/goldfish_vpxdec( 1765): calling constructor of GoldfishVPX
06-18 18:04:10.145 E/OMXNodeInstance( 1765): getExtensionIndex(0xee614f60:android.goldfish.vp8.decoder, OMX.google.android.index.configureVideoTunnelMode) ERROR: UnsupportedIndex(0x8000101a)
06-18 18:04:10.145 D/MediaCodecInfo( 1761): detail feature-tunneled-playback wasn't present to remove
06-18 18:04:10.145 W/OMXNodeInstance( 1765): [0xee614f60:android.goldfish.vp8.decoder] component does not support metadata mode; using fallback
06-18 18:04:10.146 E/ActivityThread( 2059): Failed to find provider info for com.google.android.gsf.gservices
06-18 18:04:10.151 I/goldfish_vpxdec( 1765): calling destructor of GoldfishVPX
06-18 18:04:10.153 I/OMXClient( 1761): IOmx service obtained
06-18 18:04:10.153 I/OMXMaster( 1765): makeComponentInstance(OMX.google.vp8.decoder) in android.hardwar process
06-18 18:04:10.156 E/OMXNodeInstance( 1765): getExtensionIndex(0xee614f60:google.vp8.decoder, OMX.google.android.index.configureVideoTunnelMode) ERROR: UnsupportedIndex(0x8000101a)
06-18 18:04:10.156 D/MediaCodecInfo( 1761): detail feature-tunneled-playback wasn't present to remove
06-18 18:04:10.156 E/OMXNodeInstance( 1765): getExtensionIndex(0xee614f60:google.vp8.decoder, OMX.google.android.index.enableAndroidNativeBuffers) ERROR: UnsupportedIndex(0x8000101a)
06-18 18:04:10.163 W/DirectBootExitBR( 2059): User is in direct boot mode.
06-18 18:04:10.163 I/wpa_supplicant( 2164): Processing hidl events on FD 3
06-18 18:04:10.165 I/ServiceManagement( 2164): Registered android.hardware.wifi.supplicant@1.2::ISupplicant/default (start delay of 57ms)
06-18 18:04:10.165 I/wpa_supplicant( 2164): Successfully initialized wpa_supplicant
06-18 18:04:10.166 I/wpa_supplicant( 2164): rfkill: Cannot open RFKILL control device
06-18 18:04:10.169 I/OMXClient( 1761): IOmx service obtained
06-18 18:04:10.169 I/OMXMaster( 1765): makeComponentInstance(OMX.android.goldfish.vp9.decoder) in android.hardwar process
06-18 18:04:10.169 I/GoldfishOMXPlugin( 1765): makeComponentInstance 'OMX.android.goldfish.vp9.decoder'
06-18 18:04:10.169 I/GoldfishOMXPlugin( 1765): Using goldfish codec for 'vpxdec'
06-18 18:04:10.169 I/goldfish_vpxdec( 1765): calling constructor of GoldfishVPX
06-18 18:04:10.169 E/OMXNodeInstance( 1765): getExtensionIndex(0xee614f60:android.goldfish.vp9.decoder, OMX.google.android.index.configureVideoTunnelMode) ERROR: UnsupportedIndex(0x8000101a)
06-18 18:04:10.170 D/MediaCodecInfo( 1761): detail feature-tunneled-playback wasn't present to remove
06-18 18:04:10.170 W/OMXNodeInstance( 1765): [0xee614f60:android.goldfish.vp9.decoder] component does not support metadata mode; using fallback
06-18 18:04:10.185 I/goldfish_vpxdec( 1765): calling destructor of GoldfishVPX
06-18 18:04:10.186 I/OMXClient( 1761): IOmx service obtained
06-18 18:04:10.186 I/OMXMaster( 1765): makeComponentInstance(OMX.google.vp9.decoder) in android.hardwar process
06-18 18:04:10.189 E/OMXNodeInstance( 1765): getExtensionIndex(0xee614f60:google.vp9.decoder, OMX.google.android.index.configureVideoTunnelMode) ERROR: UnsupportedIndex(0x8000101a)
06-18 18:04:10.189 D/MediaCodecInfo( 1761): detail feature-tunneled-playback wasn't present to remove
06-18 18:04:10.189 E/OMXNodeInstance( 1765): getExtensionIndex(0xee614f60:google.vp9.decoder, OMX.google.android.index.enableAndroidNativeBuffers) ERROR: UnsupportedIndex(0x8000101a)
06-18 18:04:10.192 I/OMXClient( 1761): IOmx service obtained
06-18 18:04:10.192 I/OMXMaster( 1765): makeComponentInstance(OMX.google.h264.encoder) in android.hardwar process
06-18 18:04:10.194 W/OMXUtils( 1761): do not know color format 0x7f000789 = 2130708361
06-18 18:04:10.194 I/GmsApplication( 2059): Staging modules and/or updating config
06-18 18:04:10.196 E/ChimeraCfgMgr( 2059): Failed to read module config: java.io.FileNotFoundException: /data/user_de/0/com.google.android.gms/app_chimera/current_config.fb: open failed: ENOENT (No such file or directory)
06-18 18:04:10.197 I/GmsApplication( 2059): Staging modules
06-18 18:04:10.197 I/FileApkMgr( 2059): Extracting modules...
06-18 18:04:10.188 I/chatty  ( 2059): uid=10116 com.google.android.gms.persistent identical 9 lines
06-18 18:04:10.195 E/ActivityThread( 2059): Failed to find provider info for com.google.android.gsf.gservices
06-18 18:04:10.198 W/PackageManager( 1918): Cannot whitelist unknown permission: com.sec.android.provider.badge.permission.READ
06-18 18:04:10.198 W/PackageManager( 1918): Cannot whitelist unknown permission: com.sec.android.provider.badge.permission.WRITE
06-18 18:04:10.198 W/PackageManager( 1918): Cannot whitelist unknown permission: com.htc.launcher.permission.READ_SETTINGS
06-18 18:04:10.198 W/PackageManager( 1918): Cannot whitelist unknown permission: com.htc.launcher.permission.UPDATE_SHORTCUT
06-18 18:04:10.198 W/PackageManager( 1918): Cannot whitelist unknown permission: com.sonyericsson.home.permission.BROADCAST_BADGE
06-18 18:04:10.198 W/PackageManager( 1918): Cannot whitelist unknown permission: com.sonymobile.home.permission.PROVIDER_INSERT_BADGE
06-18 18:04:10.198 I/PackageManager( 1918): Un-granting permission android.permission.MANAGE_DOCUMENTS from package com.google.android.youtube (protectionLevel=262146 flags=0x30dbbe45)
06-18 18:04:10.200 E/ConfigFileUtils( 2059): Failed to read config file: /data/user_de/0/com.google.android.gms/app_chimera/current_fileapks.pb: open failed: ENOENT (No such file or directory)
06-18 18:04:10.202 W/PackageManager( 1918): Cannot whitelist unknown permission: com.sec.android.provider.badge.permission.READ
06-18 18:04:10.202 W/PackageManager( 1918): Cannot whitelist unknown permission: com.sec.android.provider.badge.permission.WRITE
06-18 18:04:10.202 W/PackageManager( 1918): Cannot whitelist unknown permission: com.htc.launcher.permission.READ_SETTINGS
06-18 18:04:10.202 W/PackageManager( 1918): Cannot whitelist unknown permission: com.htc.launcher.permission.UPDATE_SHORTCUT
06-18 18:04:10.202 W/PackageManager( 1918): Cannot whitelist unknown permission: com.sonyericsson.home.permission.BROADCAST_BADGE
06-18 18:04:10.202 W/PackageManager( 1918): Cannot whitelist unknown permission: com.sonymobile.home.permission.PROVIDER_INSERT_BADGE
06-18 18:04:10.202 I/PackageManager( 1918): Un-granting permission android.permission.MANAGE_DOCUMENTS from package com.google.android.youtube (protectionLevel=262146 flags=0x30dbbe45)
06-18 18:04:10.204 I/hostapd ( 1810): wlan1: interface state COUNTRY_UPDATE->HT_SCAN
06-18 18:04:10.205 I/OMXClient( 1761): IOmx service obtained
06-18 18:04:10.205 I/OMXMaster( 1765): makeComponentInstance(OMX.google.h263.encoder) in android.hardwar process
06-18 18:04:10.206 I/SoftMPEG4Encoder( 1765): Construct SoftMPEG4Encoder
06-18 18:04:10.207 W/OMXUtils( 1761): do not know color format 0x7f000789 = 2130708361
06-18 18:04:10.207 E/OMXNodeInstance( 1765): getConfig(0xee614f60:google.h263.encoder, ConfigAndroidIntraRefresh(0x6f60000a)) ERROR: Undefined(0x80001001)
06-18 18:04:10.207 E/OMXNodeInstance( 1765): getParameter(0xee614f60:google.h263.encoder, ParamVideoIntraRefresh(0x6000006)) ERROR: UnsupportedIndex(0x8000101a)
06-18 18:04:10.207 D/MediaCodecInfo( 1761): detail feature-frame-parsing wasn't present to remove
06-18 18:04:10.210 I/OMXClient( 1761): IOmx service obtained
06-18 18:04:10.210 I/OMXMaster( 1765): makeComponentInstance(OMX.google.mpeg4.encoder) in android.hardwar process
06-18 18:04:10.210 I/SoftMPEG4Encoder( 1765): Construct SoftMPEG4Encoder
06-18 18:04:10.211 W/OMXUtils( 1761): do not know color format 0x7f000789 = 2130708361
06-18 18:04:10.211 E/OMXNodeInstance( 1765): getConfig(0xee614f60:google.mpeg4.encoder, ConfigAndroidIntraRefresh(0x6f60000a)) ERROR: Undefined(0x80001001)
06-18 18:04:10.211 E/OMXNodeInstance( 1765): getParameter(0xee614f60:google.mpeg4.encoder, ParamVideoIntraRefresh(0x6000006)) ERROR: UnsupportedIndex(0x8000101a)
06-18 18:04:10.211 D/MediaCodecInfo( 1761): detail feature-frame-parsing wasn't present to remove
06-18 18:04:10.213 E/ActivityThread( 2059): Failed to find provider info for com.google.android.gsf.gservices
06-18 18:04:10.213 E/ActivityThread( 2059): Failed to find provider info for com.google.android.gsf.gservices
06-18 18:04:10.215 W/PackageManager( 1918): Cannot whitelist unknown permission: com.google.android.launcher.permission.CONTENT_REDIRECT
06-18 18:04:10.215 W/PackageManager( 1918): Cannot whitelist unknown permission: com.google.android.voicesearch.SHORTCUTS_ACCESS
06-18 18:04:10.215 W/PackageManager( 1918): Cannot whitelist unknown permission: com.google.android.voicesearch.ACCESS_SETTINGS
06-18 18:04:10.215 W/PackageManager( 1918): Cannot whitelist unknown permission: com.android.browser.permission.PRELOAD
06-18 18:04:10.215 W/PackageManager( 1918): Cannot whitelist unknown permission: com.google.android.ears.permission.WRITE
06-18 18:04:10.215 W/PackageManager( 1918): Cannot whitelist unknown permission: com.google.googlenav.friend.permission.OPT_IN
06-18 18:04:10.215 W/PackageManager( 1918): Cannot whitelist unknown permission: com.google.android.apps.googlevoice.permission.AUTO_SEND
06-18 18:04:10.216 W/PackageManager( 1918): Cannot whitelist unknown permission: com.google.android.hangouts.START_HANGOUT
06-18 18:04:10.216 W/PackageManager( 1918): Cannot whitelist unknown permission: com.android.chrome.PRERENDER_URL
06-18 18:04:10.216 W/PackageManager( 1918): Cannot whitelist unknown permission: com.google.android.apps.gsa.nga.permissions.EDIT_PREFERENCES
06-18 18:04:10.217 I/OMXClient( 1761): IOmx service obtained
06-18 18:04:10.217 I/OMXMaster( 1765): makeComponentInstance(OMX.google.vp8.encoder) in android.hardwar process
06-18 18:04:10.218 W/OMXUtils( 1761): do not know color format 0x7f000789 = 2130708361
06-18 18:04:10.218 E/OMXNodeInstance( 1765): getConfig(0xee614d80:google.vp8.encoder, ConfigAndroidIntraRefresh(0x6f60000a)) ERROR: Undefined(0x80001001)
06-18 18:04:10.218 E/OMXNodeInstance( 1765): getParameter(0xee614d80:google.vp8.encoder, ParamVideoIntraRefresh(0x6000006)) ERROR: UnsupportedIndex(0x8000101a)
06-18 18:04:10.218 D/MediaCodecInfo( 1761): detail feature-frame-parsing wasn't present to remove
06-18 18:04:10.220 W/PackageManager( 1918): Cannot whitelist unknown permission: com.google.android.launcher.permission.CONTENT_REDIRECT
06-18 18:04:10.220 W/PackageManager( 1918): Cannot whitelist unknown permission: com.google.android.voicesearch.SHORTCUTS_ACCESS
06-18 18:04:10.220 W/PackageManager( 1918): Cannot whitelist unknown permission: com.google.android.voicesearch.ACCESS_SETTINGS
06-18 18:04:10.220 W/PackageManager( 1918): Cannot whitelist unknown permission: com.android.browser.permission.PRELOAD
06-18 18:04:10.220 W/PackageManager( 1918): Cannot whitelist unknown permission: com.google.android.ears.permission.WRITE
06-18 18:04:10.220 W/PackageManager( 1918): Cannot whitelist unknown permission: com.google.googlenav.friend.permission.OPT_IN
06-18 18:04:10.220 W/PackageManager( 1918): Cannot whitelist unknown permission: com.google.android.apps.googlevoice.permission.AUTO_SEND
06-18 18:04:10.220 W/PackageManager( 1918): Cannot whitelist unknown permission: com.google.android.hangouts.START_HANGOUT
06-18 18:04:10.220 W/PackageManager( 1918): Cannot whitelist unknown permission: com.android.chrome.PRERENDER_URL
06-18 18:04:10.220 W/PackageManager( 1918): Cannot whitelist unknown permission: com.google.android.apps.gsa.nga.permissions.EDIT_PREFERENCES
06-18 18:04:10.221 W/PackageManager( 1918): Cannot whitelist unknown permission: com.google.android.launcher.permission.CONTENT_REDIRECT
06-18 18:04:10.221 W/PackageManager( 1918): Cannot whitelist unknown permission: com.google.android.voicesearch.SHORTCUTS_ACCESS
06-18 18:04:10.221 W/PackageManager( 1918): Cannot whitelist unknown permission: com.google.android.voicesearch.ACCESS_SETTINGS
06-18 18:04:10.221 W/PackageManager( 1918): Cannot whitelist unknown permission: com.android.browser.permission.PRELOAD
06-18 18:04:10.221 W/PackageManager( 1918): Cannot whitelist unknown permission: com.google.android.ears.permission.WRITE
06-18 18:04:10.221 W/PackageManager( 1918): Cannot whitelist unknown permission: com.google.googlenav.friend.permission.OPT_IN
06-18 18:04:10.221 W/PackageManager( 1918): Cannot whitelist unknown permission: com.google.android.apps.googlevoice.permission.AUTO_SEND
06-18 18:04:10.221 W/PackageManager( 1918): Cannot whitelist unknown permission: com.google.android.hangouts.START_HANGOUT
06-18 18:04:10.221 W/PackageManager( 1918): Cannot whitelist unknown permission: com.android.chrome.PRERENDER_URL
06-18 18:04:10.221 W/PackageManager( 1918): Cannot whitelist unknown permission: com.google.android.apps.gsa.nga.permissions.EDIT_PREFERENCES
06-18 18:04:10.222 W/PackageManager( 1918): Cannot whitelist unknown permission: com.google.android.launcher.permission.CONTENT_REDIRECT
06-18 18:04:10.222 W/PackageManager( 1918): Cannot whitelist unknown permission: com.google.android.voicesearch.SHORTCUTS_ACCESS
06-18 18:04:10.222 W/PackageManager( 1918): Cannot whitelist unknown permission: com.google.android.voicesearch.ACCESS_SETTINGS
06-18 18:04:10.222 W/PackageManager( 1918): Cannot whitelist unknown permission: com.android.browser.permission.PRELOAD
06-18 18:04:10.222 W/PackageManager( 1918): Cannot whitelist unknown permission: com.google.android.ears.permission.WRITE
06-18 18:04:10.222 W/PackageManager( 1918): Cannot whitelist unknown permission: com.google.googlenav.friend.permission.OPT_IN
06-18 18:04:10.222 W/PackageManager( 1918): Cannot whitelist unknown permission: com.google.android.apps.googlevoice.permission.AUTO_SEND
06-18 18:04:10.222 W/PackageManager( 1918): Cannot whitelist unknown permission: com.google.android.hangouts.START_HANGOUT
06-18 18:04:10.223 W/PackageManager( 1918): Cannot whitelist unknown permission: com.android.chrome.PRERENDER_URL
06-18 18:04:10.223 W/PackageManager( 1918): Cannot whitelist unknown permission: com.google.android.apps.gsa.nga.permissions.EDIT_PREFERENCES
06-18 18:04:10.223 W/PackageManager( 1918): Cannot whitelist unknown permission: com.google.android.launcher.permission.CONTENT_REDIRECT
06-18 18:04:10.223 W/PackageManager( 1918): Cannot whitelist unknown permission: com.google.android.voicesearch.SHORTCUTS_ACCESS
06-18 18:04:10.224 W/PackageManager( 1918): Cannot whitelist unknown permission: com.google.android.voicesearch.ACCESS_SETTINGS
06-18 18:04:10.224 W/PackageManager( 1918): Cannot whitelist unknown permission: com.android.browser.permission.PRELOAD
06-18 18:04:10.224 W/PackageManager( 1918): Cannot whitelist unknown permission: com.google.android.ears.permission.WRITE
06-18 18:04:10.224 W/PackageManager( 1918): Cannot whitelist unknown permission: com.google.googlenav.friend.permission.OPT_IN
06-18 18:04:10.224 W/PackageManager( 1918): Cannot whitelist unknown permission: com.google.android.apps.googlevoice.permission.AUTO_SEND
06-18 18:04:10.224 W/PackageManager( 1918): Cannot whitelist unknown permission: com.google.android.hangouts.START_HANGOUT
06-18 18:04:10.224 W/PackageManager( 1918): Cannot whitelist unknown permission: com.android.chrome.PRERENDER_URL
06-18 18:04:10.224 W/PackageManager( 1918): Cannot whitelist unknown permission: com.google.android.apps.gsa.nga.permissions.EDIT_PREFERENCES
06-18 18:04:10.230 W/PackageManager( 1918): Cannot whitelist unknown permission: com.google.android.launcher.permission.CONTENT_REDIRECT
06-18 18:04:10.230 W/PackageManager( 1918): Cannot whitelist unknown permission: com.google.android.voicesearch.SHORTCUTS_ACCESS
06-18 18:04:10.230 W/PackageManager( 1918): Cannot whitelist unknown permission: com.google.android.voicesearch.ACCESS_SETTINGS
06-18 18:04:10.230 W/PackageManager( 1918): Cannot whitelist unknown permission: com.android.browser.permission.PRELOAD
06-18 18:04:10.230 W/PackageManager( 1918): Cannot whitelist unknown permission: com.google.android.ears.permission.WRITE
06-18 18:04:10.230 W/PackageManager( 1918): Cannot whitelist unknown permission: com.google.googlenav.friend.permission.OPT_IN
06-18 18:04:10.230 W/PackageManager( 1918): Cannot whitelist unknown permission: com.google.android.apps.googlevoice.permission.AUTO_SEND
06-18 18:04:10.230 W/PackageManager( 1918): Cannot whitelist unknown permission: com.google.android.hangouts.START_HANGOUT
06-18 18:04:10.230 W/PackageManager( 1918): Cannot whitelist unknown permission: com.android.chrome.PRERENDER_URL
06-18 18:04:10.230 W/PackageManager( 1918): Cannot whitelist unknown permission: com.google.android.apps.gsa.nga.permissions.EDIT_PREFERENCES
06-18 18:04:10.231 D/MediaCodecList( 1761): ignored a null builder
06-18 18:04:10.232 I/OMXClient( 1918): IOmx service obtained
06-18 18:04:10.232 I/OMXMaster( 1765): makeComponentInstance(OMX.google.vorbis.decoder) in android.hardwar process
06-18 18:04:10.232 E/OMXNodeInstance( 1765): getConfig(0xee614cc0:google.vorbis.decoder, ConfigAndroidVendorExtension(0x6f100004)) ERROR: Undefined(0x80001001)
06-18 18:04:10.234 I/PackageManager( 1918): Un-granting permission com.google.android.googleapps.permission.GOOGLE_AUTH from package com.android.providers.calendar (protectionLevel=2 flags=0x30883e45)
06-18 18:04:10.234 I/PackageManager( 1918): Un-granting permission com.google.android.googleapps.permission.GOOGLE_AUTH.cl from package com.android.providers.calendar (protectionLevel=2 flags=0x30883e45)
06-18 18:04:10.236 I/PackageManager( 1918): Un-granting permission com.google.android.googleapps.permission.GOOGLE_AUTH from package com.android.providers.calendar (protectionLevel=2 flags=0x30883e45)
06-18 18:04:10.236 I/PackageManager( 1918): Un-granting permission com.google.android.googleapps.permission.GOOGLE_AUTH.cl from package com.android.providers.calendar (protectionLevel=2 flags=0x30883e45)
06-18 18:04:10.250 I/PackageManager( 1918): Un-granting permission android.permission.WRITE_SECURE_SETTINGS from package com.google.android.apps.enterprise.dmagent (protectionLevel=50 flags=0x30883e05)
06-18 18:04:10.250 I/PackageManager( 1918): Un-granting permission android.permission.CONNECTIVITY_INTERNAL from package com.google.android.apps.enterprise.dmagent (protectionLevel=18 flags=0x30883e05)
06-18 18:04:10.250 I/PackageManager( 1918): Un-granting permission android.permission.MANAGE_USB from package com.google.android.apps.enterprise.dmagent (protectionLevel=18 flags=0x30883e05)
06-18 18:04:10.250 I/PackageManager( 1918): Un-granting permission android.permission.CHANGE_COMPONENT_ENABLED_STATE from package com.google.android.apps.enterprise.dmagent (protectionLevel=18 flags=0x30883e05)
06-18 18:04:10.250 I/PackageManager( 1918): Un-granting permission android.permission.MANAGE_CA_CERTIFICATES from package com.google.android.apps.enterprise.dmagent (protectionLevel=18 flags=0x30883e05)
06-18 18:04:10.250 I/PackageManager( 1918): Un-granting permission android.permission.MANAGE_USERS from package com.google.android.apps.enterprise.dmagent (protectionLevel=18 flags=0x30883e05)
06-18 18:04:10.255 W/PackageManager( 1918): Cannot whitelist unknown permission: com.google.android.ims.LOG_ACCESS
06-18 18:04:10.255 W/PackageManager( 1918): Cannot whitelist unknown permission: com.cequint.ecid.CALLER_ID_EXTERNAL_LOOKUP_SMS
06-18 18:04:10.255 W/PackageManager( 1918): Cannot whitelist unknown permission: com.sec.android.provider.badge.permission.READ
06-18 18:04:10.255 W/PackageManager( 1918): Cannot whitelist unknown permission: com.sec.android.provider.badge.permission.WRITE
06-18 18:04:10.255 W/PackageManager( 1918): Cannot whitelist unknown permission: com.htc.launcher.permission.READ_SETTINGS
06-18 18:04:10.255 W/PackageManager( 1918): Cannot whitelist unknown permission: com.htc.launcher.permission.UPDATE_SHORTCUT
06-18 18:04:10.255 W/PackageManager( 1918): Cannot whitelist unknown permission: com.sonyericsson.home.permission.BROADCAST_BADGE
06-18 18:04:10.255 W/PackageManager( 1918): Cannot whitelist unknown permission: com.sonymobile.home.permission.PROVIDER_INSERT_BADGE
06-18 18:04:10.255 W/PackageManager( 1918): Cannot whitelist unknown permission: com.sonymobile.launcher.permission.PROVIDER_INSERT_BADGE
06-18 18:04:10.255 W/PackageManager( 1918): Cannot whitelist unknown permission: com.anddoes.launcher.permission.UPDATE_COUNT
06-18 18:04:10.255 W/PackageManager( 1918): Cannot whitelist unknown permission: com.majeur.launcher.permission.UPDATE_BADGE
06-18 18:04:10.255 W/PackageManager( 1918): Cannot whitelist unknown permission: com.huawei.android.launcher.permission.CHANGE_BADGE
06-18 18:04:10.255 W/PackageManager( 1918): Cannot whitelist unknown permission: com.huawei.android.launcher.permission.READ_SETTINGS
06-18 18:04:10.255 W/PackageManager( 1918): Cannot whitelist unknown permission: com.huawei.android.launcher.permission.WRITE_SETTINGS
06-18 18:04:10.255 W/PackageManager( 1918): Cannot whitelist unknown permission: android.permission.READ_APP_BADGE
06-18 18:04:10.255 W/PackageManager( 1918): Cannot whitelist unknown permission: com.oppo.launcher.permission.READ_SETTINGS
06-18 18:04:10.255 W/PackageManager( 1918): Cannot whitelist unknown permission: com.oppo.launcher.permission.WRITE_SETTINGS
06-18 18:04:10.255 I/PackageManager( 1918): Un-granting permission com.google.android.setupwizard.READ_DEVICE_ORIGIN from package com.google.android.apps.messaging (protectionLevel=18 flags=0x38cbbe45)
06-18 18:04:10.256 W/PackageManager( 1918): Cannot whitelist unknown permission: com.google.android.ims.LOG_ACCESS
06-18 18:04:10.256 W/PackageManager( 1918): Cannot whitelist unknown permission: com.cequint.ecid.CALLER_ID_EXTERNAL_LOOKUP_SMS
06-18 18:04:10.256 W/PackageManager( 1918): Cannot whitelist unknown permission: com.sec.android.provider.badge.permission.READ
06-18 18:04:10.256 W/PackageManager( 1918): Cannot whitelist unknown permission: com.sec.android.provider.badge.permission.WRITE
06-18 18:04:10.256 W/PackageManager( 1918): Cannot whitelist unknown permission: com.htc.launcher.permission.READ_SETTINGS
06-18 18:04:10.256 W/PackageManager( 1918): Cannot whitelist unknown permission: com.htc.launcher.permission.UPDATE_SHORTCUT
06-18 18:04:10.256 W/PackageManager( 1918): Cannot whitelist unknown permission: com.sonyericsson.home.permission.BROADCAST_BADGE
06-18 18:04:10.256 W/PackageManager( 1918): Cannot whitelist unknown permission: com.sonymobile.home.permission.PROVIDER_INSERT_BADGE
06-18 18:04:10.256 W/PackageManager( 1918): Cannot whitelist unknown permission: com.sonymobile.launcher.permission.PROVIDER_INSERT_BADGE
06-18 18:04:10.256 W/PackageManager( 1918): Cannot whitelist unknown permission: com.anddoes.launcher.permission.UPDATE_COUNT
06-18 18:04:10.256 W/PackageManager( 1918): Cannot whitelist unknown permission: com.majeur.launcher.permission.UPDATE_BADGE
06-18 18:04:10.256 W/PackageManager( 1918): Cannot whitelist unknown permission: com.huawei.android.launcher.permission.CHANGE_BADGE
06-18 18:04:10.256 W/PackageManager( 1918): Cannot whitelist unknown permission: com.huawei.android.launcher.permission.READ_SETTINGS
06-18 18:04:10.256 W/PackageManager( 1918): Cannot whitelist unknown permission: com.huawei.android.launcher.permission.WRITE_SETTINGS
06-18 18:04:10.256 W/PackageManager( 1918): Cannot whitelist unknown permission: android.permission.READ_APP_BADGE
06-18 18:04:10.256 W/PackageManager( 1918): Cannot whitelist unknown permission: com.oppo.launcher.permission.READ_SETTINGS
06-18 18:04:10.256 W/PackageManager( 1918): Cannot whitelist unknown permission: com.oppo.launcher.permission.WRITE_SETTINGS
06-18 18:04:10.256 I/PackageManager( 1918): Un-granting permission com.google.android.setupwizard.READ_DEVICE_ORIGIN from package com.google.android.apps.messaging (protectionLevel=18 flags=0x38cbbe45)
06-18 18:04:10.257 W/PackageManager( 1918): Cannot whitelist unknown permission: com.google.android.ims.LOG_ACCESS
06-18 18:04:10.257 W/PackageManager( 1918): Cannot whitelist unknown permission: com.cequint.ecid.CALLER_ID_EXTERNAL_LOOKUP_SMS
06-18 18:04:10.257 W/PackageManager( 1918): Cannot whitelist unknown permission: com.sec.android.provider.badge.permission.READ
06-18 18:04:10.257 W/PackageManager( 1918): Cannot whitelist unknown permission: com.sec.android.provider.badge.permission.WRITE
06-18 18:04:10.257 W/PackageManager( 1918): Cannot whitelist unknown permission: com.htc.launcher.permission.READ_SETTINGS
06-18 18:04:10.257 W/PackageManager( 1918): Cannot whitelist unknown permission: com.htc.launcher.permission.UPDATE_SHORTCUT
06-18 18:04:10.257 W/PackageManager( 1918): Cannot whitelist unknown permission: com.sonyericsson.home.permission.BROADCAST_BADGE
06-18 18:04:10.257 W/PackageManager( 1918): Cannot whitelist unknown permission: com.sonymobile.home.permission.PROVIDER_INSERT_BADGE
06-18 18:04:10.257 W/PackageManager( 1918): Cannot whitelist unknown permission: com.sonymobile.launcher.permission.PROVIDER_INSERT_BADGE
06-18 18:04:10.257 W/PackageManager( 1918): Cannot whitelist unknown permission: com.anddoes.launcher.permission.UPDATE_COUNT
06-18 18:04:10.257 W/PackageManager( 1918): Cannot whitelist unknown permission: com.majeur.launcher.permission.UPDATE_BADGE
06-18 18:04:10.257 W/PackageManager( 1918): Cannot whitelist unknown permission: com.huawei.android.launcher.permission.CHANGE_BADGE
06-18 18:04:10.257 W/PackageManager( 1918): Cannot whitelist unknown permission: com.huawei.android.launcher.permission.READ_SETTINGS
06-18 18:04:10.257 W/PackageManager( 1918): Cannot whitelist unknown permission: com.huawei.android.launcher.permission.WRITE_SETTINGS
06-18 18:04:10.257 W/PackageManager( 1918): Cannot whitelist unknown permission: android.permission.READ_APP_BADGE
06-18 18:04:10.257 W/PackageManager( 1918): Cannot whitelist unknown permission: com.oppo.launcher.permission.READ_SETTINGS
06-18 18:04:10.257 W/PackageManager( 1918): Cannot whitelist unknown permission: com.oppo.launcher.permission.WRITE_SETTINGS
06-18 18:04:10.257 I/PackageManager( 1918): Un-granting permission com.google.android.setupwizard.READ_DEVICE_ORIGIN from package com.google.android.apps.messaging (protectionLevel=18 flags=0x38cbbe45)
06-18 18:04:10.258 W/PackageManager( 1918): Cannot whitelist unknown permission: com.google.android.ims.LOG_ACCESS
06-18 18:04:10.258 W/PackageManager( 1918): Cannot whitelist unknown permission: com.cequint.ecid.CALLER_ID_EXTERNAL_LOOKUP_SMS
06-18 18:04:10.258 W/PackageManager( 1918): Cannot whitelist unknown permission: com.sec.android.provider.badge.permission.READ
06-18 18:04:10.258 W/PackageManager( 1918): Cannot whitelist unknown permission: com.sec.android.provider.badge.permission.WRITE
06-18 18:04:10.258 W/PackageManager( 1918): Cannot whitelist unknown permission: com.htc.launcher.permission.READ_SETTINGS
06-18 18:04:10.258 W/PackageManager( 1918): Cannot whitelist unknown permission: com.htc.launcher.permission.UPDATE_SHORTCUT
06-18 18:04:10.258 W/PackageManager( 1918): Cannot whitelist unknown permission: com.sonyericsson.home.permission.BROADCAST_BADGE
06-18 18:04:10.258 W/PackageManager( 1918): Cannot whitelist unknown permission: com.sonymobile.home.permission.PROVIDER_INSERT_BADGE
06-18 18:04:10.258 W/PackageManager( 1918): Cannot whitelist unknown permission: com.sonymobile.launcher.permission.PROVIDER_INSERT_BADGE
06-18 18:04:10.258 W/PackageManager( 1918): Cannot whitelist unknown permission: com.anddoes.launcher.permission.UPDATE_COUNT
06-18 18:04:10.258 W/PackageManager( 1918): Cannot whitelist unknown permission: com.majeur.launcher.permission.UPDATE_BADGE
06-18 18:04:10.258 W/PackageManager( 1918): Cannot whitelist unknown permission: com.huawei.android.launcher.permission.CHANGE_BADGE
06-18 18:04:10.258 W/PackageManager( 1918): Cannot whitelist unknown permission: com.huawei.android.launcher.permission.READ_SETTINGS
06-18 18:04:10.259 W/PackageManager( 1918): Cannot whitelist unknown permission: com.huawei.android.launcher.permission.WRITE_SETTINGS
06-18 18:04:10.259 W/PackageManager( 1918): Cannot whitelist unknown permission: android.permission.READ_APP_BADGE
06-18 18:04:10.259 W/PackageManager( 1918): Cannot whitelist unknown permission: com.oppo.launcher.permission.READ_SETTINGS
06-18 18:04:10.259 W/PackageManager( 1918): Cannot whitelist unknown permission: com.oppo.launcher.permission.WRITE_SETTINGS
06-18 18:04:10.259 I/PackageManager( 1918): Un-granting permission com.google.android.setupwizard.READ_DEVICE_ORIGIN from package com.google.android.apps.messaging (protectionLevel=18 flags=0x38cbbe45)
06-18 18:04:10.259 W/PackageManager( 1918): Cannot whitelist unknown permission: com.google.android.ims.LOG_ACCESS
06-18 18:04:10.259 W/PackageManager( 1918): Cannot whitelist unknown permission: com.cequint.ecid.CALLER_ID_EXTERNAL_LOOKUP_SMS
06-18 18:04:10.259 W/PackageManager( 1918): Cannot whitelist unknown permission: com.sec.android.provider.badge.permission.READ
06-18 18:04:10.259 W/PackageManager( 1918): Cannot whitelist unknown permission: com.sec.android.provider.badge.permission.WRITE
06-18 18:04:10.259 W/PackageManager( 1918): Cannot whitelist unknown permission: com.htc.launcher.permission.READ_SETTINGS
06-18 18:04:10.259 W/PackageManager( 1918): Cannot whitelist unknown permission: com.htc.launcher.permission.UPDATE_SHORTCUT
06-18 18:04:10.259 W/PackageManager( 1918): Cannot whitelist unknown permission: com.sonyericsson.home.permission.BROADCAST_BADGE
06-18 18:04:10.259 W/PackageManager( 1918): Cannot whitelist unknown permission: com.sonymobile.home.permission.PROVIDER_INSERT_BADGE
06-18 18:04:10.259 W/PackageManager( 1918): Cannot whitelist unknown permission: com.sonymobile.launcher.permission.PROVIDER_INSERT_BADGE
06-18 18:04:10.259 W/PackageManager( 1918): Cannot whitelist unknown permission: com.anddoes.launcher.permission.UPDATE_COUNT
06-18 18:04:10.259 W/PackageManager( 1918): Cannot whitelist unknown permission: com.majeur.launcher.permission.UPDATE_BADGE
06-18 18:04:10.259 W/PackageManager( 1918): Cannot whitelist unknown permission: com.huawei.android.launcher.permission.CHANGE_BADGE
06-18 18:04:10.259 W/PackageManager( 1918): Cannot whitelist unknown permission: com.huawei.android.launcher.permission.READ_SETTINGS
06-18 18:04:10.259 W/PackageManager( 1918): Cannot whitelist unknown permission: com.huawei.android.launcher.permission.WRITE_SETTINGS
06-18 18:04:10.259 W/PackageManager( 1918): Cannot whitelist unknown permission: android.permission.READ_APP_BADGE
06-18 18:04:10.259 W/PackageManager( 1918): Cannot whitelist unknown permission: com.oppo.launcher.permission.READ_SETTINGS
06-18 18:04:10.259 W/PackageManager( 1918): Cannot whitelist unknown permission: com.oppo.launcher.permission.WRITE_SETTINGS
06-18 18:04:10.259 I/PackageManager( 1918): Un-granting permission com.google.android.setupwizard.READ_DEVICE_ORIGIN from package com.google.android.apps.messaging (protectionLevel=18 flags=0x38cbbe45)
06-18 18:04:10.263 W/PackageManager( 1918): Cannot whitelist unknown permission: com.google.android.ims.LOG_ACCESS
06-18 18:04:10.263 W/PackageManager( 1918): Cannot whitelist unknown permission: com.cequint.ecid.CALLER_ID_EXTERNAL_LOOKUP_SMS
06-18 18:04:10.263 W/PackageManager( 1918): Cannot whitelist unknown permission: com.sec.android.provider.badge.permission.READ
06-18 18:04:10.263 W/PackageManager( 1918): Cannot whitelist unknown permission: com.sec.android.provider.badge.permission.WRITE
06-18 18:04:10.263 W/PackageManager( 1918): Cannot whitelist unknown permission: com.htc.launcher.permission.READ_SETTINGS
06-18 18:04:10.263 W/PackageManager( 1918): Cannot whitelist unknown permission: com.htc.launcher.permission.UPDATE_SHORTCUT
06-18 18:04:10.263 W/PackageManager( 1918): Cannot whitelist unknown permission: com.sonyericsson.home.permission.BROADCAST_BADGE
06-18 18:04:10.263 W/PackageManager( 1918): Cannot whitelist unknown permission: com.sonymobile.home.permission.PROVIDER_INSERT_BADGE
06-18 18:04:10.263 W/PackageManager( 1918): Cannot whitelist unknown permission: com.sonymobile.launcher.permission.PROVIDER_INSERT_BADGE
06-18 18:04:10.263 W/PackageManager( 1918): Cannot whitelist unknown permission: com.anddoes.launcher.permission.UPDATE_COUNT
06-18 18:04:10.263 W/PackageManager( 1918): Cannot whitelist unknown permission: com.majeur.launcher.permission.UPDATE_BADGE
06-18 18:04:10.263 W/PackageManager( 1918): Cannot whitelist unknown permission: com.huawei.android.launcher.permission.CHANGE_BADGE
06-18 18:04:10.263 W/PackageManager( 1918): Cannot whitelist unknown permission: com.huawei.android.launcher.permission.READ_SETTINGS
06-18 18:04:10.263 W/PackageManager( 1918): Cannot whitelist unknown permission: com.huawei.android.launcher.permission.WRITE_SETTINGS
06-18 18:04:10.263 W/PackageManager( 1918): Cannot whitelist unknown permission: android.permission.READ_APP_BADGE
06-18 18:04:10.263 W/PackageManager( 1918): Cannot whitelist unknown permission: com.oppo.launcher.permission.READ_SETTINGS
06-18 18:04:10.263 W/PackageManager( 1918): Cannot whitelist unknown permission: com.oppo.launcher.permission.WRITE_SETTINGS
06-18 18:04:10.263 I/PackageManager( 1918): Un-granting permission com.google.android.setupwizard.READ_DEVICE_ORIGIN from package com.google.android.apps.messaging (protectionLevel=18 flags=0x38cbbe45)
06-18 18:04:10.264 W/PackageManager( 1918): Cannot whitelist unknown permission: com.google.android.ims.LOG_ACCESS
06-18 18:04:10.264 W/PackageManager( 1918): Cannot whitelist unknown permission: com.cequint.ecid.CALLER_ID_EXTERNAL_LOOKUP_SMS
06-18 18:04:10.264 W/PackageManager( 1918): Cannot whitelist unknown permission: com.sec.android.provider.badge.permission.READ
06-18 18:04:10.264 W/PackageManager( 1918): Cannot whitelist unknown permission: com.sec.android.provider.badge.permission.WRITE
06-18 18:04:10.264 W/PackageManager( 1918): Cannot whitelist unknown permission: com.htc.launcher.permission.READ_SETTINGS
06-18 18:04:10.264 W/PackageManager( 1918): Cannot whitelist unknown permission: com.htc.launcher.permission.UPDATE_SHORTCUT
06-18 18:04:10.264 W/PackageManager( 1918): Cannot whitelist unknown permission: com.sonyericsson.home.permission.BROADCAST_BADGE
06-18 18:04:10.264 W/PackageManager( 1918): Cannot whitelist unknown permission: com.sonymobile.home.permission.PROVIDER_INSERT_BADGE
06-18 18:04:10.264 W/PackageManager( 1918): Cannot whitelist unknown permission: com.sonymobile.launcher.permission.PROVIDER_INSERT_BADGE
06-18 18:04:10.264 W/PackageManager( 1918): Cannot whitelist unknown permission: com.anddoes.launcher.permission.UPDATE_COUNT
06-18 18:04:10.264 W/PackageManager( 1918): Cannot whitelist unknown permission: com.majeur.launcher.permission.UPDATE_BADGE
06-18 18:04:10.264 W/PackageManager( 1918): Cannot whitelist unknown permission: com.huawei.android.launcher.permission.CHANGE_BADGE
06-18 18:04:10.264 W/PackageManager( 1918): Cannot whitelist unknown permission: com.huawei.android.launcher.permission.READ_SETTINGS
06-18 18:04:10.264 W/PackageManager( 1918): Cannot whitelist unknown permission: com.huawei.android.launcher.permission.WRITE_SETTINGS
06-18 18:04:10.264 W/PackageManager( 1918): Cannot whitelist unknown permission: android.permission.READ_APP_BADGE
06-18 18:04:10.265 W/PackageManager( 1918): Cannot whitelist unknown permission: com.oppo.launcher.permission.READ_SETTINGS
06-18 18:04:10.265 W/PackageManager( 1918): Cannot whitelist unknown permission: com.oppo.launcher.permission.WRITE_SETTINGS
06-18 18:04:10.265 I/PackageManager( 1918): Un-granting permission com.google.android.setupwizard.READ_DEVICE_ORIGIN from package com.google.android.apps.messaging (protectionLevel=18 flags=0x38cbbe45)
06-18 18:04:10.265 I/SystemConfig( 2059): Adding association: com.google.android.as <- com.android.providers.contacts
06-18 18:04:10.265 I/SystemConfig( 2059): Adding association: com.google.android.as <- com.android.providers.media
06-18 18:04:10.265 I/SystemConfig( 2059): Adding association: com.google.android.as <- com.android.providers.telephony
06-18 18:04:10.265 I/SystemConfig( 2059): Adding association: com.google.android.as <- com.android.systemui
06-18 18:04:10.265 I/SystemConfig( 2059): Adding association: com.google.android.as <- com.google.android.gms
06-18 18:04:10.265 I/SystemConfig( 2059): Adding association: com.google.android.as <- com.google.android.gsf
06-18 18:04:10.268 W/SystemConfig( 2059): No directory /product_services/etc/sysconfig, skipping
06-18 18:04:10.268 W/SystemConfig( 2059): No directory /product_services/etc/permissions, skipping
06-18 18:04:10.269 I/wpa_supplicant( 2164): rfkill: Cannot get wiphy information
06-18 18:04:10.270 I/android_os_HwBinder( 1918): HwBinder: Starting thread pool for getting: android.hardware.wifi.supplicant@1.0::ISupplicant/default
06-18 18:04:10.271 I/SupplicantStaIfaceHal( 1918): Completed initialization of ISupplicant.
06-18 18:04:10.274 I/android.hardware.wifi@1.0-service( 1701): Adding interface handle for wlan0
06-18 18:04:10.274 W/android.hardware.wifi@1.0-service( 1701): No active wlan interfaces in use! Using default
06-18 18:04:10.274 E/android.hardware.wifi@1.0-service( 1701): Failed to register radio mode change callback
06-18 18:04:10.274 W/android.hardware.wifi@1.0-service( 1701): No active wlan interfaces in use! Using default
06-18 18:04:10.288 W/libc    ( 1701): Unable to set property "vendor.wlan.firmware.version" to "1.0": error code: 0x18
06-18 18:04:10.288 I/OMXClient( 1918): IOmx service obtained
06-18 18:04:10.288 I/OMXMaster( 1765): makeComponentInstance(OMX.google.vorbis.decoder) in android.hardwar process
06-18 18:04:10.290 W/PackageManager( 1918): Cannot whitelist unknown permission: com.google.android.ims.LOG_ACCESS
06-18 18:04:10.290 W/PackageManager( 1918): Cannot whitelist unknown permission: com.cequint.ecid.CALLER_ID_EXTERNAL_LOOKUP_SMS
06-18 18:04:10.290 W/PackageManager( 1918): Cannot whitelist unknown permission: com.sec.android.provider.badge.permission.READ
06-18 18:04:10.290 E/OMXNodeInstance( 1765): getConfig(0xee615380:google.vorbis.decoder, ConfigAndroidVendorExtension(0x6f100004)) ERROR: Undefined(0x80001001)
06-18 18:04:10.290 W/PackageManager( 1918): Cannot whitelist unknown permission: com.sec.android.provider.badge.permission.WRITE
06-18 18:04:10.290 W/PackageManager( 1918): Cannot whitelist unknown permission: com.htc.launcher.permission.READ_SETTINGS
06-18 18:04:10.299 W/libc    ( 1701): Unable to set property "vendor.wlan.driver.version" to "1.0": error code: 0x18
06-18 18:04:10.299 I/android.hardware.wifi@1.0-service( 1701): Configured chip in mode 0
06-18 18:04:10.299 W/android.hardware.wifi@1.0-service( 1701): No active wlan interfaces in use! Using default
06-18 18:04:10.300 W/PackageManager( 1918): Cannot whitelist unknown permission: com.htc.launcher.permission.UPDATE_SHORTCUT
06-18 18:04:10.300 W/PackageManager( 1918): Cannot whitelist unknown permission: com.sonyericsson.home.permission.BROADCAST_BADGE
06-18 18:04:10.300 W/PackageManager( 1918): Cannot whitelist unknown permission: com.sonymobile.home.permission.PROVIDER_INSERT_BADGE
06-18 18:04:10.300 W/PackageManager( 1918): Cannot whitelist unknown permission: com.sonymobile.launcher.permission.PROVIDER_INSERT_BADGE
06-18 18:04:10.300 W/PackageManager( 1918): Cannot whitelist unknown permission: com.anddoes.launcher.permission.UPDATE_COUNT
06-18 18:04:10.300 W/PackageManager( 1918): Cannot whitelist unknown permission: com.majeur.launcher.permission.UPDATE_BADGE
