06-18 18:04:09.477 E/KernelCpuThreadReader( 1918): 	at com.android.server.SystemServiceManager.startService(SystemServiceManager.java:116)
06-18 18:04:09.477 E/KernelCpuThreadReader( 1918): 	at com.android.server.SystemServer.startOtherServices(SystemServer.java:1879)
06-18 18:04:09.477 E/KernelCpuThreadReader( 1918): 	at com.android.server.SystemServer.run(SystemServer.java:512)
06-18 18:04:09.477 E/KernelCpuThreadReader( 1918): 	at com.android.server.SystemServer.main(SystemServer.java:349)
06-18 18:04:09.477 E/KernelCpuThreadReader( 1918): 	at java.lang.reflect.Method.invoke(Native Method)
06-18 18:04:09.477 E/KernelCpuThreadReader( 1918): 	at com.android.internal.os.RuntimeInit$MethodAndArgsCaller.run(RuntimeInit.java:492)
06-18 18:04:09.477 E/KernelCpuThreadReader( 1918): 	at com.android.internal.os.ZygoteInit.main(ZygoteInit.java:908)
06-18 18:04:09.477 D/SystemServerTiming( 1918): StartStatsCompanionService took to complete: 4ms
06-18 18:04:09.478 I/SystemServer( 1918): StartIncidentCompanionService
06-18 18:04:09.478 I/SystemServiceManager( 1918): Starting com.android.server.incident.IncidentCompanionService
06-18 18:04:09.478 D/SystemServerTiming( 1918): StartIncidentCompanionService took to complete: 1ms
06-18 18:04:09.478 I/SystemServer( 1918): StartMmsService
06-18 18:04:09.478 I/SystemServiceManager( 1918): Starting com.android.server.MmsServiceBroker
06-18 18:04:09.478 D/SystemServerTiming( 1918): StartMmsService took to complete: 0ms
06-18 18:04:09.478 I/SystemServer( 1918): StartAutoFillService
06-18 18:04:09.479 I/SystemServiceManager( 1918): Starting com.android.server.autofill.AutofillManagerService
06-18 18:04:09.480 D/AutofillManagerService( 1918): setLogLevelFromSettings(): level=2, debug=true, verbose=false
06-18 18:04:09.480 D/AutofillManagerService( 1918): setMaxPartitionsFromSettings(): 10
06-18 18:04:09.480 D/AutofillManagerService( 1918): setMaxVisibleDatasetsFromSettings(): 0
06-18 18:04:09.481 E/AutofillManagerServiceImpl( 1918): Bad service name: com.google.android.gms/.autofill.service.AutofillService
06-18 18:04:09.481 D/AutofillUI( 1918): destroySaveUiUiThread(): already destroyed
06-18 18:04:09.481 D/AutofillManagerServiceImpl( 1918): Reset component for user 0:com.google.android.gms/.autofill.service.AutofillService
06-18 18:04:09.481 D/SystemServerTiming( 1918): StartAutoFillService took to complete: 3ms
06-18 18:04:09.481 I/SystemServer( 1918): StartClipboardService
06-18 18:04:09.481 I/SystemServiceManager( 1918): Starting com.android.server.clipboard.ClipboardService
06-18 18:04:09.482 D/SystemServerTiming( 1918): StartClipboardService took to complete: 1ms
06-18 18:04:09.482 I/SystemServer( 1918): AppServiceManager
06-18 18:04:09.482 I/SystemServiceManager( 1918): Starting com.android.server.appbinding.AppBindingService$Lifecycle
06-18 18:04:09.483 D/SystemServerTiming( 1918): AppServiceManager took to complete: 0ms
06-18 18:04:09.483 I/SystemServer( 1918): MakeVibratorServiceReady
06-18 18:04:09.483 D/SystemServerTiming( 1918): MakeVibratorServiceReady took to complete: 1ms
06-18 18:04:09.483 I/SystemServer( 1918): MakeLockSettingsServiceReady
06-18 18:04:09.496 I/LockSettingsService( 1918): Migrated lock settings to new location
06-18 18:04:09.498 I/LockSettingsService( 1918): Migrated per-user lock settings to new location
06-18 18:04:09.502 I/LockSettingsService( 1918): Migrated biometric weak to use the fallback instead
06-18 18:04:09.504 I/LockSettingsService( 1918): Migrated lockscreen disabled flag
06-18 18:04:09.506 I/hwservicemanager( 1567): getTransport: Cannot find entry android.hardware.weaver@1.0::IWeaver/default in either framework or device manifest.
06-18 18:04:09.506 I/SyntheticPasswordManager( 1918): Device does not support weaver
06-18 18:04:09.506 I/hwservicemanager( 1567): getTransport: Cannot find entry android.hardware.authsecret@1.0::IAuthSecret/default in either framework or device manifest.
06-18 18:04:09.506 I/LockSettingsService( 1918): Device doesn't implement AuthSecret HAL
06-18 18:04:09.507 E/LockSettingsStorage( 1918): Cannot read file java.io.FileNotFoundException: /data/system/gatekeeper.password.key: open failed: ENOENT (No such file or directory)
06-18 18:04:09.507 E/LockSettingsStorage( 1918): Cannot read file java.io.FileNotFoundException: /data/system/password.key: open failed: ENOENT (No such file or directory)
06-18 18:04:09.507 E/LockSettingsStorage( 1918): Cannot read file java.io.FileNotFoundException: /data/system/gatekeeper.pattern.key: open failed: ENOENT (No such file or directory)
06-18 18:04:09.507 E/LockSettingsStorage( 1918): Cannot read file java.io.FileNotFoundException: /data/system/gatekeeper.gesture.key: open failed: ENOENT (No such file or directory)
06-18 18:04:09.507 E/LockSettingsStorage( 1918): Cannot read file java.io.FileNotFoundException: /data/system/gesture.key: open failed: ENOENT (No such file or directory)
06-18 18:04:09.507 D/SystemServerTiming( 1918): MakeLockSettingsServiceReady took to complete: 24ms
06-18 18:04:09.507 I/SystemServer( 1918): StartBootPhaseLockSettingsReady
06-18 18:04:09.507 I/SystemServiceManager( 1918): Starting phase 480
06-18 18:04:09.510 D/SystemServerInitThreadPool( 1918): Started executing DevicePolicyManager
06-18 18:04:09.510 D/SystemServerInitThreadPool( 1918): Finished executing DevicePolicyManager
06-18 18:04:09.512 D/SystemServerTiming( 1918): StartBootPhaseLockSettingsReady took to complete: 4ms
06-18 18:04:09.512 I/SystemServer( 1918): StartBootPhaseSystemServicesReady
06-18 18:04:09.512 I/SystemServiceManager( 1918): Starting phase 500
06-18 18:04:09.513 D/AppStandbyController( 1918): Setting app idle enabled state
06-18 18:04:09.513 D/AppStandbyController( 1918): Initializing defaults for system apps on user 0, appIdleEnabled=true
06-18 18:04:09.514 E/AppIdleHistory( 1918): Unable to read app idle file for user 0
06-18 18:04:09.520 D/TestHarnessModeService( 1918): Setting up test harness mode
06-18 18:04:09.520 D/TestHarnessModeService( 1918): Getting PersistentDataBlockManagerInternal from LocalServices
06-18 18:04:09.520 E/TestHarnessModeService( 1918): Failed to start Test Harness Mode; no implementation of PersistentDataBlockManagerInternal was bound!
06-18 18:04:09.521 I/WifiService( 1918): WifiService starting up with Wi-Fi enabled
06-18 18:04:09.529 I/android_os_HwBinder( 1918): HwBinder: Starting thread pool for getting: android.hidl.manager@1.2::IServiceManager/default
06-18 18:04:09.530 D/HalDevMgr( 1918): IWifi registration notification: fqName=android.hardware.wifi@1.0::IWifi, name=default, preexisting=true
06-18 18:04:09.530 I/android_os_HwBinder( 1918): HwBinder: Starting thread pool for getting: android.hardware.wifi@1.0::IWifi/default
06-18 18:04:09.532 D/WificondControl( 1918): tearing down interfaces in wificond
06-18 18:04:09.535 D/WifiController( 1918): isAirplaneModeOn = false, isWifiEnabled = true, isScanningAvailable = true, isLocationModeActive = true
06-18 18:04:09.535 I/WifiService( 1918): setWifiEnabled package=android uid=1000 enable=true
06-18 18:04:09.535 I/WifiScanningService( 1918): Starting wifiscanner
06-18 18:04:09.543 D/PermissionCache( 1706): checking android.permission.CAPTURE_AUDIO_HOTWORD for uid=1000 => granted (62 us)
06-18 18:04:09.543 W/SoundTriggerHelper( 1918): listModules status=0, # of modules=0
06-18 18:04:09.543 D/ContextHubSystemService( 1918): onBootPhase: PHASE_SYSTEM_SERVICES_READY
06-18 18:04:09.544 D/SystemServerTiming( 1918): StartBootPhaseSystemServicesReady took to complete: 31ms
06-18 18:04:09.544 I/SystemServer( 1918): MakeWindowManagerServiceReady
06-18 18:04:09.545 I/android_os_HwBinder( 1918): HwBinder: Starting thread pool for getting: android.hardware.configstore@1.0::ISurfaceFlingerConfigs/default
06-18 18:04:09.546 D/SystemServerTiming( 1918): MakeWindowManagerServiceReady took to complete: 3ms
06-18 18:04:09.546 I/android_os_HwBinder( 1918): HwBinder: Starting thread pool for getting: android.hardware.configstore@1.0::ISurfaceFlingerConfigs/default
06-18 18:04:09.546 W/InputReader( 1918): Device has associated, but no associated display id.
06-18 18:04:09.547 I/SystemServer( 1918): MakePowerManagerServiceReady
06-18 18:04:09.549 E/DisplayPowerController( 1918): failed to set up display white-balance: java.lang.IllegalStateException: cannot find sensor com.google.sensor.color
06-18 18:04:09.553 W/KeyguardServiceDelegate( 1918): onScreenTurningOn(): no keyguard service!
06-18 18:04:09.553 V/DisplayPowerController( 1918): Brightness [102] reason changing to: 'override', previous reason: '0'.
06-18 18:04:09.553 E/KernelCpuUidFreqTimeReader( 1918): Failed to read /proc/uid_time_in_state: java.nio.file.NoSuchFileException: /proc/uid_time_in_state
06-18 18:04:09.553 W/KernelCpuProcStringReader( 1918): File not found. It's normal if not implemented: /proc/uid_time_in_state
06-18 18:04:09.553 W/KernelCpuProcStringReader( 1918): File not found. It's normal if not implemented: /proc/uid_concurrent_active_time
06-18 18:04:09.553 W/KernelCpuProcStringReader( 1918): File not found. It's normal if not implemented: /proc/uid_concurrent_policy_time
06-18 18:04:09.556 D/SystemServerTiming( 1918): MakePowerManagerServiceReady took to complete: 8ms
06-18 18:04:09.556 I/SystemServer( 1918): MakePackageManagerServiceReady
06-18 18:04:09.546 I/chatty  ( 1918): uid=1000 system_server identical 8 lines
06-18 18:04:09.546 W/InputReader( 1918): Device has associated, but no associated display id.
06-18 18:04:09.556 I/DefaultPermGrantPolicy( 1918): Granting permissions to platform components for user 0
06-18 18:04:09.559 D/vold    ( 1574): Remounting 1001 as mode default
06-18 18:04:09.560 D/vold    ( 1574): Found matching PID 1766
06-18 18:04:09.560 W/vold    ( 1574): Skipping due to root namespace
06-18 18:04:09.561 D/vold    ( 1574): Remounting 1001 as mode default
06-18 18:04:09.561 D/vold    ( 1574): Found matching PID 1766
06-18 18:04:09.561 W/vold    ( 1574): Skipping due to root namespace
06-18 18:04:09.562 D/vold    ( 1574): Remounting 1001 as mode default
06-18 18:04:09.562 D/vold    ( 1574): Found matching PID 1766
06-18 18:04:09.562 W/vold    ( 1574): Skipping due to root namespace
06-18 18:04:09.562 D/vold    ( 1574): Remounting 1001 as mode default
06-18 18:04:09.563 D/vold    ( 1574): Found matching PID 1766
06-18 18:04:09.563 W/vold    ( 1574): Skipping due to root namespace
06-18 18:04:09.567 D/vold    ( 1574): Remounting 1027 as mode default
06-18 18:04:09.568 D/vold    ( 1574): Remounting 1027 as mode default
06-18 18:04:09.569 D/vold    ( 1574): Remounting 1027 as mode default
06-18 18:04:09.570 D/vold    ( 1574): Remounting 1027 as mode default
06-18 18:04:09.575 D/vold    ( 1574): Remounting 1000 as mode full
06-18 18:04:09.575 D/vold    ( 1574): Found matching PID 1566
06-18 18:04:09.575 W/vold    ( 1574): Skipping due to root namespace
06-18 18:04:09.575 D/vold    ( 1574): Found matching PID 1567
06-18 18:04:09.575 W/vold    ( 1574): Skipping due to root namespace
06-18 18:04:09.575 D/vold    ( 1574): Found matching PID 1568
06-18 18:04:09.575 W/vold    ( 1574): Skipping due to root namespace
06-18 18:04:09.575 D/vold    ( 1574): Found matching PID 1666
06-18 18:04:09.575 W/vold    ( 1574): Skipping due to root namespace
06-18 18:04:09.575 D/vold    ( 1574): Found matching PID 1667
06-18 18:04:09.575 W/vold    ( 1574): Skipping due to root namespace
06-18 18:04:09.575 D/vold    ( 1574): Found matching PID 1673
06-18 18:04:09.575 W/vold    ( 1574): Skipping due to root namespace
06-18 18:04:09.575 D/vold    ( 1574): Found matching PID 1691
06-18 18:04:09.575 W/vold    ( 1574): Skipping due to root namespace
06-18 18:04:09.575 D/vold    ( 1574): Found matching PID 1695
06-18 18:04:09.575 W/vold    ( 1574): Skipping due to root namespace
06-18 18:04:09.575 D/vold    ( 1574): Found matching PID 1696
06-18 18:04:09.575 W/vold    ( 1574): Skipping due to root namespace
06-18 18:04:09.575 D/vold    ( 1574): Found matching PID 1697
06-18 18:04:09.575 W/vold    ( 1574): Skipping due to root namespace
06-18 18:04:09.575 D/vold    ( 1574): Found matching PID 1698
06-18 18:04:09.575 W/vold    ( 1574): Skipping due to root namespace
06-18 18:04:09.575 D/vold    ( 1574): Found matching PID 1699
06-18 18:04:09.575 W/vold    ( 1574): Skipping due to root namespace
06-18 18:04:09.575 D/vold    ( 1574): Found matching PID 1700
06-18 18:04:09.575 W/vold    ( 1574): Skipping due to root namespace
06-18 18:04:09.575 D/vold    ( 1574): Found matching PID 1710
06-18 18:04:09.577 W/vold    ( 1574): Skipping due to root namespace
06-18 18:04:09.577 D/vold    ( 1574): Found matching PID 1743
06-18 18:04:09.577 W/vold    ( 1574): Skipping due to root namespace
06-18 18:04:09.577 D/vold    ( 1574): Found matching PID 1771
06-18 18:04:09.578 W/vold    ( 1574): Skipping due to root namespace
06-18 18:04:09.578 D/vold    ( 1574): Found matching PID 1775
06-18 18:04:09.578 W/vold    ( 1574): Skipping due to root namespace
06-18 18:04:09.578 D/vold    ( 1574): Found matching PID 1918
06-18 18:04:09.585 I/AccountsDb( 1918): Creating DE database for user 0
06-18 18:04:09.589 D/WifiController( 1918): WifiController msg { when=-53ms what=155656 target=com.android.internal.util.StateMachine$SmHandler } deferred for 500ms
06-18 18:04:09.589 D/WifiActiveModeWarden( 1918): received a message in WifiDisabledState: { when=0 what=1 target=com.android.internal.util.StateMachine$SmHandler }
06-18 18:04:09.589 D/WifiActiveModeWarden( 1918): Switching from WifiDisabledState to ScanOnlyMode
06-18 18:04:09.589 D/WifiActiveModeWarden( 1918): Entering ScanOnlyModeActiveState
06-18 18:04:09.590 D/WifiScanOnlyModeManager( 1918): entering IdleState
06-18 18:04:09.591 I/android.hardware.wifi@1.0-service( 1701): Wifi HAL started
06-18 18:04:09.591 I/WifiVendorHal( 1918): Vendor Hal started successfully
06-18 18:04:09.600 I/android.hardware.wifi@1.0-service( 1701): Adding interface handle for wlan0
06-18 18:04:09.601 W/android.hardware.wifi@1.0-service( 1701): No active wlan interfaces in use! Using default
06-18 18:04:09.601 E/android.hardware.wifi@1.0-service( 1701): Failed to register radio mode change callback
06-18 18:04:09.601 W/android.hardware.wifi@1.0-service( 1701): No active wlan interfaces in use! Using default
06-18 18:04:09.611 D/vold    ( 1574): Remounting 1000 as mode full
06-18 18:04:09.611 D/vold    ( 1574): Found matching PID 1566
06-18 18:04:09.611 W/vold    ( 1574): Skipping due to root namespace
06-18 18:04:09.611 D/vold    ( 1574): Found matching PID 1567
06-18 18:04:09.611 W/vold    ( 1574): Skipping due to root namespace
06-18 18:04:09.611 D/vold    ( 1574): Found matching PID 1568
06-18 18:04:09.611 W/libc    ( 1701): Unable to set property "vendor.wlan.firmware.version" to "1.0": error code: 0x18
06-18 18:04:09.611 W/vold    ( 1574): Skipping due to root namespace
06-18 18:04:09.611 D/vold    ( 1574): Found matching PID 1666
06-18 18:04:09.611 W/vold    ( 1574): Skipping due to root namespace
06-18 18:04:09.611 D/vold    ( 1574): Found matching PID 1667
06-18 18:04:09.611 W/vold    ( 1574): Skipping due to root namespace
06-18 18:04:09.611 D/vold    ( 1574): Found matching PID 1673
06-18 18:04:09.611 W/vold    ( 1574): Skipping due to root namespace
06-18 18:04:09.611 D/vold    ( 1574): Found matching PID 1691
06-18 18:04:09.611 W/vold    ( 1574): Skipping due to root namespace
06-18 18:04:09.611 D/vold    ( 1574): Found matching PID 1695
06-18 18:04:09.611 W/vold    ( 1574): Skipping due to root namespace
06-18 18:04:09.611 D/vold    ( 1574): Found matching PID 1696
06-18 18:04:09.611 W/vold    ( 1574): Skipping due to root namespace
06-18 18:04:09.611 D/vold    ( 1574): Found matching PID 1697
06-18 18:04:09.611 W/vold    ( 1574): Skipping due to root namespace
06-18 18:04:09.611 D/vold    ( 1574): Found matching PID 1698
06-18 18:04:09.611 W/vold    ( 1574): Skipping due to root namespace
06-18 18:04:09.611 D/vold    ( 1574): Found matching PID 1699
06-18 18:04:09.611 W/vold    ( 1574): Skipping due to root namespace
06-18 18:04:09.611 D/vold    ( 1574): Found matching PID 1700
06-18 18:04:09.611 W/vold    ( 1574): Skipping due to root namespace
06-18 18:04:09.611 D/vold    ( 1574): Found matching PID 1710
06-18 18:04:09.612 W/vold    ( 1574): Skipping due to root namespace
06-18 18:04:09.612 D/vold    ( 1574): Found matching PID 1743
06-18 18:04:09.612 W/vold    ( 1574): Skipping due to root namespace
06-18 18:04:09.612 D/vold    ( 1574): Found matching PID 1771
06-18 18:04:09.612 W/vold    ( 1574): Skipping due to root namespace
06-18 18:04:09.612 D/vold    ( 1574): Found matching PID 1775
06-18 18:04:09.612 W/vold    ( 1574): Skipping due to root namespace
06-18 18:04:09.612 D/vold    ( 1574): Found matching PID 1918
06-18 18:04:09.622 W/libc    ( 1701): Unable to set property "vendor.wlan.driver.version" to "1.0": error code: 0x18
06-18 18:04:09.622 I/android.hardware.wifi@1.0-service( 1701): Configured chip in mode 0
06-18 18:04:09.622 W/android.hardware.wifi@1.0-service( 1701): No active wlan interfaces in use! Using default
06-18 18:04:09.623 D/HalDevMgr( 1918): updateRttController: no one is interested in RTT controllers
06-18 18:04:09.624 E/android.hardware.wifi@1.0-service( 1701): Failed to set DFS flag; DFS channels may be unavailable.
06-18 18:04:09.629 I/WifiP2pNative( 1918): Registering for interface available listener
06-18 18:04:09.630 D/WifiP2pNative( 1918): P2P InterfaceAvailableListener true
06-18 18:04:09.630 D/WifiP2pService( 1918): Wifi enabled=false, P2P Interface availability=true, Number of clients=0
06-18 18:04:09.630 D/WifiP2pService( 1918): Wifi enabled=false, P2P Interface availability=true
06-18 18:04:09.632 I/DropBoxManagerService( 1918): add tag=system_server_strictmode isTagEnabled=true flags=0x2
06-18 18:04:09.633 D/WificondControl( 1918): Setting up interface for client mode
06-18 18:04:09.634 I/DropBoxManagerService( 1918): add tag=system_server_strictmode isTagEnabled=true flags=0x2
06-18 18:04:09.634 I/wificond( 1764): create scanner for interface with index: 3
06-18 18:04:09.634 I/wificond( 1764): subscribe scan result for interface with index: 3
06-18 18:04:09.635 I/DropBoxManagerService( 1918): add tag=system_server_strictmode isTagEnabled=true flags=0x2
06-18 18:04:09.635 I/hwservicemanager( 1567): getTransport: Cannot find entry android.hardware.wifi.offload@1.0::IOffload/default in either framework or device manifest.
06-18 18:04:09.636 E/wificond( 1764): No Offload Service available
06-18 18:04:09.636 I/wificond( 1764): Offload HAL not supported 
06-18 18:04:09.636 I/DropBoxManagerService( 1918): add tag=system_server_strictmode isTagEnabled=true flags=0x2
06-18 18:04:09.637 I/netd    ( 1661): interfaceGetCfg("wlan0") <0.18ms>
06-18 18:04:09.638 I/WifiNative( 1918): Interface state changed on Iface:{Name=wlan0,Id=0,Type=STA_SCAN}, isUp=true
06-18 18:04:09.638 I/WifiNative( 1918): Successfully setup Iface:{Name=wlan0,Id=0,Type=STA_SCAN}
06-18 18:04:09.638 E/SupplicantStaIfaceHal( 1918): checkHalVersionByInterfaceName: called but mServiceManager is null
06-18 18:04:09.638 E/SupplicantStaIfaceHal( 1918): Method getKeyMgmtCapabilities is not supported in existing HAL
06-18 18:04:09.640 D/WifiScanOnlyModeManager( 1918): entering StartedState
06-18 18:04:09.640 I/netd    ( 1661): interfaceGetCfg("wlan0") <0.12ms>
06-18 18:04:09.640 D/WifiScanOnlyModeManager( 1918): Wifi is ready to use for scanning
06-18 18:04:09.640 D/WakeupController( 1918): start()
06-18 18:04:09.641 D/WakeupController( 1918): Setting active to true
06-18 18:04:09.642 E/WifiConfigManager( 1918): Cannot save to store before store is read!
06-18 18:04:09.642 D/WifiActiveModeWarden( 1918): scan mode active
06-18 18:04:09.643 D/WifiScanRequestProxy( 1918): Sending scan available broadcast: true
06-18 18:04:09.644 E/WifiVendorHal( 1918): getBgScanCapabilities(l.630) failed {.code = ERROR_NOT_SUPPORTED, .description = }
06-18 18:04:09.646 I/WifiScanningService( 1918): wifi driver loaded with scan capabilities: max buckets=16
06-18 18:04:09.646 I/WifiScanRequestProxy( 1918): Scanning is enabled
06-18 18:04:09.646 I/WifiScanRequestProxy( 1918): Scanning for hidden networks is disabled
06-18 18:04:09.647 E/WifiNative( 1918): Could not get Iface object for interface null
06-18 18:04:09.644 I/chatty  ( 1918): uid=1000(system) android.io identical 5 lines
06-18 18:04:09.645 I/DropBoxManagerService( 1918): add tag=system_server_strictmode isTagEnabled=true flags=0x2
06-18 18:04:09.661 D/vold    ( 1574): Remounting 1000 as mode full
06-18 18:04:09.662 D/vold    ( 1574): Found matching PID 1566
06-18 18:04:09.662 W/vold    ( 1574): Skipping due to root namespace
06-18 18:04:09.662 D/vold    ( 1574): Found matching PID 1567
06-18 18:04:09.662 W/vold    ( 1574): Skipping due to root namespace
06-18 18:04:09.662 D/vold    ( 1574): Found matching PID 1568
06-18 18:04:09.662 W/vold    ( 1574): Skipping due to root namespace
06-18 18:04:09.662 D/vold    ( 1574): Found matching PID 1666
06-18 18:04:09.662 W/vold    ( 1574): Skipping due to root namespace
06-18 18:04:09.662 D/vold    ( 1574): Found matching PID 1667
06-18 18:04:09.662 W/vold    ( 1574): Skipping due to root namespace
06-18 18:04:09.662 D/vold    ( 1574): Found matching PID 1673
06-18 18:04:09.662 W/vold    ( 1574): Skipping due to root namespace
06-18 18:04:09.662 D/vold    ( 1574): Found matching PID 1691
06-18 18:04:09.662 W/vold    ( 1574): Skipping due to root namespace
06-18 18:04:09.662 D/vold    ( 1574): Found matching PID 1695
06-18 18:04:09.662 W/vold    ( 1574): Skipping due to root namespace
06-18 18:04:09.662 D/vold    ( 1574): Found matching PID 1696
06-18 18:04:09.662 W/vold    ( 1574): Skipping due to root namespace
06-18 18:04:09.662 D/vold    ( 1574): Found matching PID 1697
06-18 18:04:09.662 W/vold    ( 1574): Skipping due to root namespace
06-18 18:04:09.662 D/vold    ( 1574): Found matching PID 1698
06-18 18:04:09.662 W/vold    ( 1574): Skipping due to root namespace
06-18 18:04:09.662 D/vold    ( 1574): Found matching PID 1699
06-18 18:04:09.662 W/vold    ( 1574): Skipping due to root namespace
06-18 18:04:09.662 D/vold    ( 1574): Found matching PID 1700
06-18 18:04:09.662 W/vold    ( 1574): Skipping due to root namespace
06-18 18:04:09.662 D/vold    ( 1574): Found matching PID 1710
06-18 18:04:09.662 W/vold    ( 1574): Skipping due to root namespace
06-18 18:04:09.662 D/vold    ( 1574): Found matching PID 1743
06-18 18:04:09.662 W/vold    ( 1574): Skipping due to root namespace
06-18 18:04:09.663 D/vold    ( 1574): Found matching PID 1771
06-18 18:04:09.663 W/vold    ( 1574): Skipping due to root namespace
06-18 18:04:09.663 D/vold    ( 1574): Found matching PID 1775
06-18 18:04:09.663 W/vold    ( 1574): Skipping due to root namespace
06-18 18:04:09.663 D/vold    ( 1574): Found matching PID 1918
06-18 18:04:09.709 D/vold    ( 1574): Remounting 1000 as mode full
06-18 18:04:09.709 D/vold    ( 1574): Found matching PID 1566
06-18 18:04:09.709 W/vold    ( 1574): Skipping due to root namespace
06-18 18:04:09.709 D/vold    ( 1574): Found matching PID 1567
06-18 18:04:09.709 W/vold    ( 1574): Skipping due to root namespace
06-18 18:04:09.709 D/vold    ( 1574): Found matching PID 1568
06-18 18:04:09.709 W/vold    ( 1574): Skipping due to root namespace
06-18 18:04:09.709 D/vold    ( 1574): Found matching PID 1666
06-18 18:04:09.709 W/vold    ( 1574): Skipping due to root namespace
06-18 18:04:09.709 D/vold    ( 1574): Found matching PID 1667
06-18 18:04:09.709 W/vold    ( 1574): Skipping due to root namespace
06-18 18:04:09.709 D/vold    ( 1574): Found matching PID 1673
06-18 18:04:09.709 W/vold    ( 1574): Skipping due to root namespace
06-18 18:04:09.709 D/vold    ( 1574): Found matching PID 1691
06-18 18:04:09.709 W/vold    ( 1574): Skipping due to root namespace
06-18 18:04:09.709 D/vold    ( 1574): Found matching PID 1695
06-18 18:04:09.709 W/vold    ( 1574): Skipping due to root namespace
06-18 18:04:09.709 D/vold    ( 1574): Found matching PID 1696
06-18 18:04:09.709 W/vold    ( 1574): Skipping due to root namespace
06-18 18:04:09.709 D/vold    ( 1574): Found matching PID 1697
06-18 18:04:09.709 W/vold    ( 1574): Skipping due to root namespace
06-18 18:04:09.709 D/vold    ( 1574): Found matching PID 1698
06-18 18:04:09.710 W/vold    ( 1574): Skipping due to root namespace
06-18 18:04:09.710 D/vold    ( 1574): Found matching PID 1699
06-18 18:04:09.710 W/vold    ( 1574): Skipping due to root namespace
06-18 18:04:09.710 D/vold    ( 1574): Found matching PID 1700
06-18 18:04:09.710 W/vold    ( 1574): Skipping due to root namespace
06-18 18:04:09.710 D/vold    ( 1574): Found matching PID 1710
06-18 18:04:09.710 W/vold    ( 1574): Skipping due to root namespace
06-18 18:04:09.710 D/vold    ( 1574): Found matching PID 1743
06-18 18:04:09.710 W/vold    ( 1574): Skipping due to root namespace
06-18 18:04:09.710 D/vold    ( 1574): Found matching PID 1771
06-18 18:04:09.710 W/vold    ( 1574): Skipping due to root namespace
06-18 18:04:09.710 D/vold    ( 1574): Found matching PID 1775
06-18 18:04:09.710 W/vold    ( 1574): Skipping due to root namespace
06-18 18:04:09.710 D/vold    ( 1574): Found matching PID 1918
06-18 18:04:09.769 D/vold    ( 1574): Remounting 2000 as mode default
06-18 18:04:09.770 D/vold    ( 1574): Found matching PID 1721
06-18 18:04:09.770 W/vold    ( 1574): Skipping due to root namespace
06-18 18:04:09.770 D/vold    ( 1574): Found matching PID 1730
06-18 18:04:09.770 W/vold    ( 1574): Skipping due to root namespace
06-18 18:04:09.770 D/vold    ( 1574): Remounting 2000 as mode default
06-18 18:04:09.770 D/vold    ( 1574): Found matching PID 1721
06-18 18:04:09.770 W/vold    ( 1574): Skipping due to root namespace
06-18 18:04:09.770 D/vold    ( 1574): Found matching PID 1730
06-18 18:04:09.770 W/vold    ( 1574): Skipping due to root namespace
06-18 18:04:09.771 D/vold    ( 1574): Remounting 2000 as mode full
06-18 18:04:09.771 D/vold    ( 1574): Found matching PID 1721
06-18 18:04:09.771 W/vold    ( 1574): Skipping due to root namespace
06-18 18:04:09.771 D/vold    ( 1574): Found matching PID 1730
06-18 18:04:09.771 W/vold    ( 1574): Skipping due to root namespace
06-18 18:04:09.771 D/vold    ( 1574): Remounting 2000 as mode full
06-18 18:04:09.772 D/vold    ( 1574): Found matching PID 1721
06-18 18:04:09.772 W/vold    ( 1574): Skipping due to root namespace
06-18 18:04:09.772 D/vold    ( 1574): Found matching PID 1730
06-18 18:04:09.772 W/vold    ( 1574): Skipping due to root namespace
06-18 18:04:09.773 D/vold    ( 1574): Remounting 10115 as mode default
06-18 18:04:09.774 D/vold    ( 1574): Remounting 10115 as mode default
06-18 18:04:09.778 D/vold    ( 1574): Remounting 1002 as mode default
06-18 18:04:09.647 E/WifiNative( 1918): Could not get Iface object for interface null
06-18 18:04:09.785 I/DefaultPermGrantPolicy( 1918): Granting permissions to default platform handlers for user 0
06-18 18:04:09.780 I/chatty  ( 1574): uid=0(root) Binder:1574_3 identical 2 lines
06-18 18:04:09.781 D/vold    ( 1574): Remounting 1002 as mode default
06-18 18:04:09.790 I/SyncManager( 1918): No initial accounts
06-18 18:04:09.790 I/SyncManager( 1918): No initial status
06-18 18:04:09.790 I/SyncManager( 1918): No initial statistics
06-18 18:04:09.810 D/vold    ( 1574): Remounting 10134 as mode default
06-18 18:04:09.812 I/chatty  ( 1574): uid=0(root) Binder:1574_3 identical 2 lines
06-18 18:04:09.813 D/vold    ( 1574): Remounting 10134 as mode default
06-18 18:04:09.813 D/vold    ( 1574): Remounting 10057 as mode full
06-18 18:04:09.815 I/chatty  ( 1574): uid=0(root) Binder:1574_3 identical 2 lines
06-18 18:04:09.815 D/vold    ( 1574): Remounting 10057 as mode full
06-18 18:04:09.816 D/vold    ( 1574): Remounting 10070 as mode default
06-18 18:04:09.817 D/vold    ( 1574): Remounting 10070 as mode default
06-18 18:04:09.818 D/vold    ( 1574): Remounting 10070 as mode full
06-18 18:04:09.819 D/vold    ( 1574): Remounting 10070 as mode full
06-18 18:04:09.830 D/vold    ( 1574): Remounting 10131 as mode default
06-18 18:04:09.831 I/chatty  ( 1574): uid=0(root) Binder:1574_3 identical 2 lines
06-18 18:04:09.832 D/vold    ( 1574): Remounting 10131 as mode default
06-18 18:04:09.838 D/vold    ( 1574): Remounting 10061 as mode default
06-18 18:04:09.840 I/chatty  ( 1574): uid=0(root) Binder:1574_3 identical 2 lines
06-18 18:04:09.840 D/vold    ( 1574): Remounting 10061 as mode default
06-18 18:04:09.848 D/vold    ( 1574): Remounting 10145 as mode default
06-18 18:04:09.849 I/chatty  ( 1574): uid=0(root) Binder:1574_3 identical 2 lines
06-18 18:04:09.850 D/vold    ( 1574): Remounting 10145 as mode default
06-18 18:04:09.874 D/vold    ( 1574): Remounting 10116 as mode default
06-18 18:04:09.876 I/chatty  ( 1574): uid=0(root) Binder:1574_3 identical 2 lines
06-18 18:04:09.876 D/vold    ( 1574): Remounting 10116 as mode default
06-18 18:04:09.880 E/DefaultPermGrantPolicy( 1918): PackageNot found: com.google.android.gms.location.history
06-18 18:04:09.880 E/DefaultPermGrantPolicy( 1918): android.content.pm.PackageManager$NameNotFoundException: com.google.android.gms.location.history
06-18 18:04:09.880 E/DefaultPermGrantPolicy( 1918): 	at android.app.ApplicationPackageManager.getPackageInfoAsUser(ApplicationPackageManager.java:190)
06-18 18:04:09.880 E/DefaultPermGrantPolicy( 1918): 	at android.app.ApplicationPackageManager.getPackageInfo(ApplicationPackageManager.java:159)
06-18 18:04:09.880 E/DefaultPermGrantPolicy( 1918): 	at com.android.server.pm.permission.DefaultPermissionGrantPolicy.getPackageInfo(DefaultPermissionGrantPolicy.java:1302)
06-18 18:04:09.880 E/DefaultPermGrantPolicy( 1918): 	at com.android.server.pm.permission.DefaultPermissionGrantPolicy.getPackageInfo(DefaultPermissionGrantPolicy.java:1293)
06-18 18:04:09.880 E/DefaultPermGrantPolicy( 1918): 	at com.android.server.pm.permission.DefaultPermissionGrantPolicy.isSystemPackage(DefaultPermissionGrantPolicy.java:962)
06-18 18:04:09.880 E/DefaultPermGrantPolicy( 1918): 	at com.android.server.pm.permission.DefaultPermissionGrantPolicy.grantPermissionsToSystemPackage(DefaultPermissionGrantPolicy.java:363)
06-18 18:04:09.880 E/DefaultPermGrantPolicy( 1918): 	at com.android.server.pm.permission.DefaultPermissionGrantPolicy.grantPermissionsToSystemPackage(DefaultPermissionGrantPolicy.java:356)
06-18 18:04:09.880 E/DefaultPermGrantPolicy( 1918): 	at com.android.server.pm.permission.DefaultPermissionGrantPolicy.grantDefaultSystemHandlerPermissions(DefaultPermissionGrantPolicy.java:647)
06-18 18:04:09.880 E/DefaultPermGrantPolicy( 1918): 	at com.android.server.pm.permission.DefaultPermissionGrantPolicy.grantDefaultPermissions(DefaultPermissionGrantPolicy.java:295)
06-18 18:04:09.880 E/DefaultPermGrantPolicy( 1918): 	at com.android.server.pm.PackageManagerService.systemReady(PackageManagerService.java:21619)
06-18 18:04:09.880 E/DefaultPermGrantPolicy( 1918): 	at com.android.server.SystemServer.startOtherServices(SystemServer.java:1977)
06-18 18:04:09.880 E/DefaultPermGrantPolicy( 1918): 	at com.android.server.SystemServer.run(SystemServer.java:512)
06-18 18:04:09.880 E/DefaultPermGrantPolicy( 1918): 	at com.android.server.SystemServer.main(SystemServer.java:349)
06-18 18:04:09.880 E/DefaultPermGrantPolicy( 1918): 	at java.lang.reflect.Method.invoke(Native Method)
06-18 18:04:09.880 E/DefaultPermGrantPolicy( 1918): 	at com.android.internal.os.RuntimeInit$MethodAndArgsCaller.run(RuntimeInit.java:492)
06-18 18:04:09.880 E/DefaultPermGrantPolicy( 1918): 	at com.android.internal.os.ZygoteInit.main(ZygoteInit.java:908)
06-18 18:04:09.881 D/vold    ( 1574): Remounting 10140 as mode default
06-18 18:04:09.882 I/chatty  ( 1574): uid=0(root) Binder:1574_3 identical 2 lines
06-18 18:04:09.883 D/vold    ( 1574): Remounting 10140 as mode default
06-18 18:04:09.886 D/vold    ( 1574): Remounting 10118 as mode default
06-18 18:04:09.888 I/chatty  ( 1574): uid=0(root) Binder:1574_3 identical 2 lines
06-18 18:04:09.889 D/vold    ( 1574): Remounting 10118 as mode default
06-18 18:04:09.891 D/vold    ( 1574): Remounting 10127 as mode default
06-18 18:04:09.893 I/chatty  ( 1574): uid=0(root) Binder:1574_3 identical 2 lines
06-18 18:04:09.893 D/vold    ( 1574): Remounting 10127 as mode default
06-18 18:04:09.894 E/DefaultPermGrantPolicy( 1918): PackageNot found: com.google.android.as
06-18 18:04:09.894 E/DefaultPermGrantPolicy( 1918): android.content.pm.PackageManager$NameNotFoundException: com.google.android.as
06-18 18:04:09.894 E/DefaultPermGrantPolicy( 1918): 	at android.app.ApplicationPackageManager.getPackageInfoAsUser(ApplicationPackageManager.java:190)
06-18 18:04:09.894 E/DefaultPermGrantPolicy( 1918): 	at android.app.ApplicationPackageManager.getPackageInfo(ApplicationPackageManager.java:159)
06-18 18:04:09.894 E/DefaultPermGrantPolicy( 1918): 	at com.android.server.pm.permission.DefaultPermissionGrantPolicy.getPackageInfo(DefaultPermissionGrantPolicy.java:1302)
06-18 18:04:09.894 E/DefaultPermGrantPolicy( 1918): 	at com.android.server.pm.permission.DefaultPermissionGrantPolicy.getPackageInfo(DefaultPermissionGrantPolicy.java:1293)
06-18 18:04:09.894 E/DefaultPermGrantPolicy( 1918): 	at com.android.server.pm.permission.DefaultPermissionGrantPolicy.isSystemPackage(DefaultPermissionGrantPolicy.java:962)
06-18 18:04:09.894 E/DefaultPermGrantPolicy( 1918): 	at com.android.server.pm.permission.DefaultPermissionGrantPolicy.grantPermissionsToSystemPackage(DefaultPermissionGrantPolicy.java:363)
06-18 18:04:09.894 E/DefaultPermGrantPolicy( 1918): 	at com.android.server.pm.permission.DefaultPermissionGrantPolicy.grantPermissionsToSystemPackage(DefaultPermissionGrantPolicy.java:356)
06-18 18:04:09.894 E/DefaultPermGrantPolicy( 1918): 	at com.android.server.pm.permission.DefaultPermissionGrantPolicy.grantDefaultSystemHandlerPermissions(DefaultPermissionGrantPolicy.java:721)
06-18 18:04:09.894 E/DefaultPermGrantPolicy( 1918): 	at com.android.server.pm.permission.DefaultPermissionGrantPolicy.grantDefaultPermissions(DefaultPermissionGrantPolicy.java:295)
06-18 18:04:09.894 E/DefaultPermGrantPolicy( 1918): 	at com.android.server.pm.PackageManagerService.systemReady(PackageManagerService.java:21619)
06-18 18:04:09.894 E/DefaultPermGrantPolicy( 1918): 	at com.android.server.SystemServer.startOtherServices(SystemServer.java:1977)
06-18 18:04:09.894 E/DefaultPermGrantPolicy( 1918): 	at com.android.server.SystemServer.run(SystemServer.java:512)
06-18 18:04:09.894 E/DefaultPermGrantPolicy( 1918): 	at com.android.server.SystemServer.main(SystemServer.java:349)
06-18 18:04:09.894 E/DefaultPermGrantPolicy( 1918): 	at java.lang.reflect.Method.invoke(Native Method)
06-18 18:04:09.894 E/DefaultPermGrantPolicy( 1918): 	at com.android.internal.os.RuntimeInit$MethodAndArgsCaller.run(RuntimeInit.java:492)
06-18 18:04:09.894 E/DefaultPermGrantPolicy( 1918): 	at com.android.internal.os.ZygoteInit.main(ZygoteInit.java:908)
06-18 18:04:09.895 D/vold    ( 1574): Remounting 10067 as mode full
06-18 18:04:09.897 I/chatty  ( 1574): uid=0(root) Binder:1574_3 identical 2 lines
06-18 18:04:09.897 D/vold    ( 1574): Remounting 10067 as mode full
06-18 18:04:09.898 E/DefaultPermGrantPolicy( 1918): PackageNot found: com.google.android.as
06-18 18:04:09.898 E/DefaultPermGrantPolicy( 1918): android.content.pm.PackageManager$NameNotFoundException: com.google.android.as
06-18 18:04:09.898 E/DefaultPermGrantPolicy( 1918): 	at android.app.ApplicationPackageManager.getPackageInfoAsUser(ApplicationPackageManager.java:190)
06-18 18:04:09.898 E/DefaultPermGrantPolicy( 1918): 	at android.app.ApplicationPackageManager.getPackageInfo(ApplicationPackageManager.java:159)
06-18 18:04:09.898 E/DefaultPermGrantPolicy( 1918): 	at com.android.server.pm.permission.DefaultPermissionGrantPolicy.getPackageInfo(DefaultPermissionGrantPolicy.java:1302)
06-18 18:04:09.898 E/DefaultPermGrantPolicy( 1918): 	at com.android.server.pm.permission.DefaultPermissionGrantPolicy.getPackageInfo(DefaultPermissionGrantPolicy.java:1293)
06-18 18:04:09.898 E/DefaultPermGrantPolicy( 1918): 	at com.android.server.pm.permission.DefaultPermissionGrantPolicy.isSystemPackage(DefaultPermissionGrantPolicy.java:962)
06-18 18:04:09.898 E/DefaultPermGrantPolicy( 1918): 	at com.android.server.pm.permission.DefaultPermissionGrantPolicy.grantPermissionsToSystemPackage(DefaultPermissionGrantPolicy.java:363)
06-18 18:04:09.898 E/DefaultPermGrantPolicy( 1918): 	at com.android.server.pm.permission.DefaultPermissionGrantPolicy.grantPermissionsToSystemPackage(DefaultPermissionGrantPolicy.java:356)
06-18 18:04:09.898 E/DefaultPermGrantPolicy( 1918): 	at com.android.server.pm.permission.DefaultPermissionGrantPolicy.grantDefaultSystemHandlerPermissions(DefaultPermissionGrantPolicy.java:743)
06-18 18:04:09.898 E/DefaultPermGrantPolicy( 1918): 	at com.android.server.pm.permission.DefaultPermissionGrantPolicy.grantDefaultPermissions(DefaultPermissionGrantPolicy.java:295)
06-18 18:04:09.898 E/DefaultPermGrantPolicy( 1918): 	at com.android.server.pm.PackageManagerService.systemReady(PackageManagerService.java:21619)
06-18 18:04:09.898 E/DefaultPermGrantPolicy( 1918): 	at com.android.server.SystemServer.startOtherServices(SystemServer.java:1977)
06-18 18:04:09.898 E/DefaultPermGrantPolicy( 1918): 	at com.android.server.SystemServer.run(SystemServer.java:512)
06-18 18:04:09.898 E/DefaultPermGrantPolicy( 1918): 	at com.android.server.SystemServer.main(SystemServer.java:349)
06-18 18:04:09.898 E/DefaultPermGrantPolicy( 1918): 	at java.lang.reflect.Method.invoke(Native Method)
06-18 18:04:09.898 E/DefaultPermGrantPolicy( 1918): 	at com.android.internal.os.RuntimeInit$MethodAndArgsCaller.run(RuntimeInit.java:492)
06-18 18:04:09.898 E/DefaultPermGrantPolicy( 1918): 	at com.android.internal.os.ZygoteInit.main(ZygoteInit.java:908)
06-18 18:04:09.907 I/PackageManager( 1918): Un-granting permission android.permission.MANAGE_DOCUMENTS from package com.google.android.youtube (protectionLevel=262146 flags=0x30dbbe45)
06-18 18:04:09.907 I/PackageManager( 1918): Un-granting permission com.google.android.googleapps.permission.GOOGLE_AUTH from package com.android.providers.calendar (protectionLevel=2 flags=0x30883e45)
06-18 18:04:09.908 I/PackageManager( 1918): Un-granting permission com.google.android.googleapps.permission.GOOGLE_AUTH.cl from package com.android.providers.calendar (protectionLevel=2 flags=0x30883e45)
06-18 18:04:09.908 I/PackageManager( 1918): Un-granting permission android.permission.WRITE_SECURE_SETTINGS from package com.google.android.apps.enterprise.dmagent (protectionLevel=50 flags=0x30883e05)
06-18 18:04:09.908 I/PackageManager( 1918): Un-granting permission android.permission.CONNECTIVITY_INTERNAL from package com.google.android.apps.enterprise.dmagent (protectionLevel=18 flags=0x30883e05)
06-18 18:04:09.908 I/PackageManager( 1918): Un-granting permission android.permission.MANAGE_USB from package com.google.android.apps.enterprise.dmagent (protectionLevel=18 flags=0x30883e05)
06-18 18:04:09.908 I/PackageManager( 1918): Un-granting permission android.permission.CHANGE_COMPONENT_ENABLED_STATE from package com.google.android.apps.enterprise.dmagent (protectionLevel=18 flags=0x30883e05)
06-18 18:04:09.908 I/PackageManager( 1918): Un-granting permission android.permission.MANAGE_CA_CERTIFICATES from package com.google.android.apps.enterprise.dmagent (protectionLevel=18 flags=0x30883e05)
06-18 18:04:09.908 I/PackageManager( 1918): Un-granting permission android.permission.MANAGE_USERS from package com.google.android.apps.enterprise.dmagent (protectionLevel=18 flags=0x30883e05)
06-18 18:04:09.909 I/PackageManager( 1918): Un-granting permission com.google.android.setupwizard.READ_DEVICE_ORIGIN from package com.google.android.apps.messaging (protectionLevel=18 flags=0x38cbbe45)
06-18 18:04:09.909 I/PackageManager( 1918): Un-granting permission android.permission.BIND_WALLPAPER from package com.android.camera2 (protectionLevel=18 flags=0x20d8bc45)
06-18 18:04:09.910 I/PackageManager( 1918): Un-granting permission android.permission.REQUEST_INSTALL_PACKAGES from package com.google.android.gm (protectionLevel=66 flags=0x38cbbe45)
06-18 18:04:09.910 I/PackageManager( 1918): Un-granting permission android.permission.BIND_JOB_SERVICE from package com.google.android.music (protectionLevel=2 flags=0x38cbbe65)
06-18 18:04:09.910 I/PackageManager( 1918): Un-granting permission android.permission.CONNECTIVITY_USE_RESTRICTED_NETWORKS from package com.google.android.captiveportallogin (protectionLevel=18 flags=0x38c8be45)
06-18 18:04:09.910 I/PackageManager( 1918): Un-granting permission android.permission.NETWORK_BYPASS_PRIVATE_DNS from package com.google.android.captiveportallogin (protectionLevel=2 flags=0x38c8be45)
06-18 18:04:09.911 I/PackageManager( 1918): Un-granting permission android.permission.REQUEST_INSTALL_PACKAGES from package com.google.android.apps.docs (protectionLevel=66 flags=0x38cbbe45)
06-18 18:04:09.911 I/PackageManager( 1918): Un-granting permission android.permission.INTERACT_ACROSS_USERS from package com.google.android.syncadapters.contacts (protectionLevel=50 flags=0x20883e45)
06-18 18:04:09.911 I/PackageManager( 1918): Un-granting permission android.permission.REQUEST_INSTALL_PACKAGES from package com.android.chrome (protectionLevel=66 flags=0xa0cbbe45)
06-18 18:04:09.911 I/PackageManager( 1918): Un-granting permission com.google.android.apps.now.CURRENT_ACCOUNT_ACCESS from package com.android.chrome (protectionLevel=2 flags=0xa0cbbe45)
06-18 18:04:09.912 I/PackageManager( 1918): Un-granting permission android.permission.CAPTURE_VIDEO_OUTPUT from package com.google.android.gms (protectionLevel=2 flags=0xb0cabe45)
06-18 18:04:09.912 I/PackageManager( 1918): Un-granting permission android.permission.MANAGE_DEVICE_ADMINS from package com.google.android.gms (protectionLevel=2 flags=0xb0cabe45)
06-18 18:04:09.912 I/PackageManager( 1918): Un-granting permission android.permission.MANAGE_ACTIVITY_STACKS from package com.google.android.gms (protectionLevel=2 flags=0xb0cabe45)
06-18 18:04:09.912 I/PackageManager( 1918): Un-granting permission android.permission.CAPTURE_SECURE_VIDEO_OUTPUT from package com.google.android.gms (protectionLevel=2 flags=0xb0cabe45)
06-18 18:04:09.912 I/PackageManager( 1918): Un-granting permission android.permission.MANAGE_ROLLBACKS from package com.google.android.gms (protectionLevel=514 flags=0xb0cabe45)
06-18 18:04:09.913 I/PackageManager( 1918): Un-granting permission com.google.android.googleapps.permission.GOOGLE_AUTH from package com.google.android.videos (protectionLevel=2 flags=0x30dbbe45)
06-18 18:04:09.913 I/PackageManager( 1918): Un-granting permission android.permission.WRITE_MEDIA_STORAGE from package com.google.android.apps.photos (protectionLevel=18 flags=0x38d9be45)
06-18 18:04:09.918 V/UserDataPreparer( 1918): Found /data/user_de/0 with serial number -1
06-18 18:04:09.918 D/UserDataPreparer( 1918): Serial number missing on /data/user_de/0; assuming current is valid
06-18 18:04:09.918 V/UserDataPreparer( 1918): Found /data/user/0 with serial number -1
06-18 18:04:09.918 D/UserDataPreparer( 1918): Serial number missing on /data/user/0; assuming current is valid
06-18 18:04:09.918 V/UserDataPreparer( 1918): Found /data/system_de/0 with serial number -1
06-18 18:04:09.918 D/UserDataPreparer( 1918): Serial number missing on /data/system_de/0; assuming current is valid
06-18 18:04:09.919 D/SystemServerTiming( 1918): MakePackageManagerServiceReady took to complete: 363ms
06-18 18:04:09.919 I/SystemServer( 1918): MakeDisplayManagerServiceReady
06-18 18:04:09.922 D/SystemServerTiming( 1918): MakeDisplayManagerServiceReady took to complete: 2ms
06-18 18:04:09.922 I/SystemServer( 1918): StartDeviceSpecificServices
06-18 18:04:09.922 D/SystemServerTiming( 1918): StartDeviceSpecificServices took to complete: 0ms
06-18 18:04:09.922 I/SystemServer( 1918): StartBootPhaseDeviceSpecificServicesReady
06-18 18:04:09.922 I/SystemServiceManager( 1918): Starting phase 520
06-18 18:04:09.925 D/SystemServerTiming( 1918): StartBootPhaseDeviceSpecificServicesReady took to complete: 3ms
06-18 18:04:09.925 I/SystemServer( 1918): StartPermissionPolicyService
06-18 18:04:09.925 I/SystemServiceManager( 1918): Starting com.android.server.policy.PermissionPolicyService
06-18 18:04:09.926 D/SystemServerTiming( 1918): StartPermissionPolicyService took to complete: 1ms
06-18 18:04:09.926 W/UsageStatsService( 1918): Event reported without a package name, eventType:15
06-18 18:04:09.926 I/AppOps  ( 1918): Pruning old package system/com.android.server.appop.AppOpsService$UidState@2811261: new uid=-1
06-18 18:04:09.927 I/ActivityManager( 1918): System now ready
06-18 18:04:09.929 I/SystemServer( 1918): Making services ready
06-18 18:04:09.929 I/SystemServer( 1918): StartActivityManagerReadyPhase
06-18 18:04:09.930 I/SystemServiceManager( 1918): Starting phase 550
06-18 18:04:09.930 I/android_os_HwBinder( 1918): HwBinder: Starting thread pool for getting: android.hardware.thermal@2.0::IThermal/default
06-18 18:04:09.931 I/android.hardware.thermal@2.0-service-mock( 1700): A callback has been registered to ThermalHAL, isFilter: 0 Type: CPU
06-18 18:04:09.932 W/ActivityManager( 1918): Too early to start/bind service in system_server: Phase=550 ComponentInfo{com.android.server.telecom/com.android.server.telecom.components.TelecomService}
06-18 18:04:09.932 W/ActivityManager( 1918): Too early to start/bind service in system_server: Phase=550 ComponentInfo{com.android.server.telecom/com.android.server.telecom.components.TelecomService}
06-18 18:04:09.945 D/PackageManager( 1918): Instant App installer not found with android.intent.action.INSTALL_INSTANT_APP_PACKAGE
06-18 18:04:09.945 D/PackageManager( 1918): Clear ephemeral installer activity
06-18 18:04:09.945 D/PackageManager( 1918): Instant App installer not found with android.intent.action.INSTALL_INSTANT_APP_PACKAGE
06-18 18:04:09.945 D/PackageManager( 1918): Clear ephemeral installer activity
06-18 18:04:09.946 D/PackageManager( 1918): Instant App installer not found with android.intent.action.INSTALL_INSTANT_APP_PACKAGE
06-18 18:04:09.946 D/PackageManager( 1918): Clear ephemeral installer activity
06-18 18:04:09.953 D/Zygote  ( 1662): Forked child process 2059
06-18 18:04:09.955 D/StorageManagerService( 1918): Isolated storage local flag 0 and remote flag 0 resolved to true
06-18 18:04:09.956 I/LockSettingsService( 1918): Migrated migrated_frp.
06-18 18:04:09.959 I/WallpaperManagerService( 1918): No static wallpaper imagery; defaults will be shown
06-18 18:04:09.959 V/WallpaperManagerService( 1918): bindWallpaperComponentLocked: componentName=ComponentInfo{com.android.systemui/com.android.systemui.ImageWallpaper}
06-18 18:04:09.960 I/ActivityManager( 1918): Start proc 2059:com.google.android.gms.persistent/u0a116 for broadcast {com.google.android.gms/com.google.android.gms.chimera.GmsIntentOperationService$PersistentTrustedReceiver}
06-18 18:04:09.960 W/WallpaperManagerService( 1918): no current wallpaper -- first boot?
06-18 18:04:09.963 I/AppBindingService( 1918): Updating constants with: null
06-18 18:04:09.964 E/BluetoothAdapter( 1918): Bluetooth binder is null
06-18 18:04:09.965 E/BluetoothAdapter( 1918): Bluetooth binder is null
06-18 18:04:09.967 I/AudioFlinger( 1706): systemReady
06-18 18:04:09.968 D/Zygote  ( 1662): Forked child process 2065
06-18 18:04:09.970 I/ActivityManager( 1918): Start proc 2065:com.android.systemui/u0a115 for service {com.android.systemui/com.android.systemui.ImageWallpaper}
06-18 18:04:09.971 W/ndroid.systemu( 2065): Unexpected CPU variant for X86 using defaults: x86_64
06-18 18:04:09.971 W/.gms.persisten( 2059): Unexpected CPU variant for X86 using defaults: x86_64
06-18 18:04:09.979 D/Zygote  ( 1662): Forked child process 2094
06-18 18:04:09.985 D/StagefrightPluginLoader( 1761): CCodec is disabled.
06-18 18:04:09.985 D/StagefrightPluginLoader( 1761): Handle or CreateInputSurface symbol is null
06-18 18:04:09.985 D/MediaCodecList( 1761): Allowing all OMX codecs
06-18 18:04:09.985 W/ssioncontrolle( 2094): Unexpected CPU variant for X86 using defaults: x86_64
06-18 18:04:09.985 D/StagefrightPluginLoader( 1761): Handle or CreateBuilder symbol is null
06-18 18:04:09.987 I/OMXClient( 1761): IOmx service obtained
06-18 18:04:09.987 I/OMXMaster( 1765): makeComponentInstance(OMX.google.aac.decoder) in android.hardwar process
06-18 18:04:09.993 I/ActivityManager( 1918): Start proc 2094:com.google.android.permissioncontroller/u0a74 for service {com.google.android.permissioncontroller/com.android.packageinstaller.permission.service.PermissionControllerServiceImpl}
06-18 18:04:09.995 I/ndroid.systemu( 2065): The ClassLoaderContext is a special shared library.
06-18 18:04:09.995 I/OMXClient( 1761): IOmx service obtained
06-18 18:04:09.995 I/OMXMaster( 1765): makeComponentInstance(OMX.google.amrnb.decoder) in android.hardwar process
06-18 18:04:10.000 I/OMXClient( 1761): IOmx service obtained
06-18 18:04:10.000 I/OMXMaster( 1765): makeComponentInstance(OMX.google.amrwb.decoder) in android.hardwar process
06-18 18:04:10.001 I/OMXClient( 1761): IOmx service obtained
06-18 18:04:10.001 I/OMXMaster( 1765): makeComponentInstance(OMX.google.flac.decoder) in android.hardwar process
06-18 18:04:10.004 I/OMXClient( 1761): IOmx service obtained
06-18 18:04:10.004 I/OMXMaster( 1765): makeComponentInstance(OMX.google.g711.alaw.decoder) in android.hardwar process
06-18 18:04:10.005 I/ssioncontrolle( 2094): The ClassLoaderContext is a special shared library.
06-18 18:04:10.005 I/OMXClient( 1761): IOmx service obtained
06-18 18:04:10.005 I/OMXMaster( 1765): makeComponentInstance(OMX.google.g711.mlaw.decoder) in android.hardwar process
06-18 18:04:10.006 I/OMXClient( 1761): IOmx service obtained
06-18 18:04:10.006 I/OMXMaster( 1765): makeComponentInstance(OMX.google.gsm.decoder) in android.hardwar process
06-18 18:04:10.008 I/OMXClient( 1761): IOmx service obtained
06-18 18:04:10.008 I/OMXMaster( 1765): makeComponentInstance(OMX.google.mp3.decoder) in android.hardwar process
