06-18 18:04:05.342 I/MediaCodecsXmlParser( 1765): limit: measured-frame-rate-320x180-range = 968-1101
06-18 18:04:05.342 I/MediaCodecsXmlParser( 1765): limit: measured-frame-rate-640x360-range = 291-338
06-18 18:04:05.342 I/MediaCodecsXmlParser( 1765): limit: measured-frame-rate-1280x720-range = 280-400
06-18 18:04:05.342 I/MediaCodecsXmlParser( 1765): limit: measured-frame-rate-1920x1080-range = 178-240
06-18 18:04:05.342 I/MediaCodecsXmlParser( 1765): limit: measured-frame-rate-2560x1440-range = 31-34
06-18 18:04:05.342 D/MediaCodecsXmlParser( 1765): Cannot find /data/misc/media/media_codecs_profiling_results.xml
06-18 18:04:05.342 I/CamPrvdr@2.4-legacy( 1671): Loaded "Emulated Camera Module" camera module
06-18 18:04:05.342 E/CamPrvdr@2.4-legacy( 1671): setUpVendorTags: Vendor tag operations not fully defined. Ignoring definitions.
06-18 18:04:05.342 E/CamPrvdr@2.4-legacy( 1671): initialize: Vendor tag setup failed, will not be available.
06-18 18:04:05.343 I/ServiceManagement( 1671): Registered android.hardware.camera.provider@2.4::ICameraProvider/legacy/0 (start delay of 934ms)
06-18 18:04:05.343 I/ServiceManagement( 1671): Removing namespace from process name android.hardware.camera.provider@2.4-service to provider@2.4-service.
06-18 18:04:05.343 I/android.hardware.camera.provider@2.4-service( 1671): Registration complete for android.hardware.camera.provider@2.4::ICameraProvider/legacy/0.
06-18 18:04:05.394 I/ServiceManagement( 1765): Registered android.hardware.media.omx@1.0::IOmxStore/default (start delay of 616ms)
06-18 18:04:05.394 I/ServiceManagement( 1765): Removing namespace from process name android.hardware.media.omx@1.0-service to omx@1.0-service.
06-18 18:04:05.414 I/ServiceManager( 1763): Waiting for service 'package_native' on '/dev/binder'...
06-18 18:04:05.446 V/MediaUtils( 1757): physMem: 2089566208
06-18 18:04:05.446 V/MediaUtils( 1757): requested limit: 417913240
06-18 18:04:05.446 I/libc    ( 1757): malloc_limit: Allocation limit enabled, max size 417913240 bytes
06-18 18:04:05.449 D/AndroidRuntime( 1662): >>>>>> START com.android.internal.os.ZygoteInit uid 0 <<<<<<
06-18 18:04:05.461 W//system/bin/mediaextractor( 1757): Could not read additional policy file '/vendor/etc/seccomp_policy/mediaextractor.policy'
06-18 18:04:05.461 W//system/bin/mediaextractor( 1757): libminijail[1757]: failed to get path of fd 4: No such file or directory
06-18 18:04:05.461 W//system/bin/mediaextractor( 1757): libminijail[1757]: allowing syscall: socket
06-18 18:04:05.461 W//system/bin/mediaextractor( 1757): libminijail[1757]: allowing syscall: connect
06-18 18:04:05.461 W//system/bin/mediaextractor( 1757): libminijail[1757]: allowing syscall: fcntl
06-18 18:04:05.461 W//system/bin/mediaextractor( 1757): libminijail[1757]: allowing syscall: writev
06-18 18:04:05.465 W//system/bin/mediaextractor( 1757): libminijail[1757]: logging seccomp filter failures
06-18 18:04:05.501 D/RenderEngine( 1710): shader cache generated - 48 shaders in 314.967743 ms
06-18 18:04:05.502 I/ServiceManagement( 1710): Registered android.frameworks.displayservice@1.0::IDisplayService/default (start delay of 983ms)
06-18 18:04:05.502 D/SurfaceFlinger( 1710): Setting power mode 2 on display 0
06-18 18:04:05.502 D/SurfaceFlinger( 1710): Finished setting power mode 2 on display 0
06-18 18:04:05.508 D/AndroidRuntime( 1663): >>>>>> START com.android.internal.os.ZygoteInit uid 0 <<<<<<
06-18 18:04:05.508 I/netd    ( 1661): Setting up StrictController hooks: 554.5ms
06-18 18:04:05.508 I/ClatdController( 1661): 4.9+ kernel and device shipped with P - clat ebpf might work.
06-18 18:04:05.509 I/netd    ( 1661): Initializing ClatdController: 0.1ms
06-18 18:04:05.516 I/ServiceManager( 1763): Waiting for service 'package_native' on '/dev/binder'...
06-18 18:04:05.516 I/netd    ( 1661): Initializing traffic control: 7.6ms
06-18 18:04:05.518 I/netd    ( 1661): Enabling bandwidth control: 1.6ms
06-18 18:04:05.518 E/Netd    ( 1661): cannot find interface dummy0
06-18 18:04:05.518 I/netd    ( 1661): Initializing RouteController: 0.5ms
06-18 18:04:05.518 D/XfrmController( 1661): XfrmController::ipSecAddXfrmInterface, line=1379
06-18 18:04:05.519 D/XfrmController( 1661): XfrmController::ipSecRemoveTunnelInterface, line=1592
06-18 18:04:05.519 D/XfrmController( 1661): deviceName=ipsec_test
06-18 18:04:05.536 I/AndroidRuntime( 1662): Using default boot image
06-18 18:04:05.536 I/AndroidRuntime( 1662): Leaving lock profiling enabled
06-18 18:04:05.538 I/cameraserver( 1740): ServiceManager: 0x74596e4f3100
06-18 18:04:05.544 I/zygote64( 1662): option[0]=-Xzygote
06-18 18:04:05.544 I/zygote64( 1662): option[1]=exit
06-18 18:04:05.544 I/zygote64( 1662): option[2]=vfprintf
06-18 18:04:05.544 I/zygote64( 1662): option[3]=sensitiveThread
06-18 18:04:05.544 I/zygote64( 1662): option[4]=-verbose:gc
06-18 18:04:05.544 I/zygote64( 1662): option[5]=-Xms4m
06-18 18:04:05.544 I/zygote64( 1662): option[6]=-Xmx512m
06-18 18:04:05.544 I/zygote64( 1662): option[7]=-Xusejit:true
06-18 18:04:05.544 I/zygote64( 1662): option[8]=-Xjitsaveprofilinginfo
06-18 18:04:05.544 I/zygote64( 1662): option[9]=-XjdwpOptions:suspend=n,server=y
06-18 18:04:05.544 I/zygote64( 1662): option[10]=-XjdwpProvider:default
06-18 18:04:05.544 I/zygote64( 1662): option[11]=-Xlockprofthreshold:500
06-18 18:04:05.544 I/zygote64( 1662): option[12]=-Ximage-compiler-option
06-18 18:04:05.544 I/zygote64( 1662): option[13]=--runtime-arg
06-18 18:04:05.544 I/zygote64( 1662): option[14]=-Ximage-compiler-option
06-18 18:04:05.544 I/zygote64( 1662): option[15]=-Xms64m
06-18 18:04:05.544 I/zygote64( 1662): option[16]=-Ximage-compiler-option
06-18 18:04:05.544 I/zygote64( 1662): option[17]=--runtime-arg
06-18 18:04:05.544 I/zygote64( 1662): option[18]=-Ximage-compiler-option
06-18 18:04:05.544 I/zygote64( 1662): option[19]=-Xmx64m
06-18 18:04:05.544 I/zygote64( 1662): option[20]=-Ximage-compiler-option
06-18 18:04:05.544 I/zygote64( 1662): option[21]=--profile-file=/system/etc/boot-image.prof
06-18 18:04:05.544 I/zygote64( 1662): option[22]=-Ximage-compiler-option
06-18 18:04:05.544 I/zygote64( 1662): option[23]=--compiler-filter=speed-profile
06-18 18:04:05.544 I/zygote64( 1662): option[24]=-Xcompiler-option
06-18 18:04:05.544 I/zygote64( 1662): option[25]=--runtime-arg
06-18 18:04:05.544 I/zygote64( 1662): option[26]=-Xcompiler-option
06-18 18:04:05.544 I/zygote64( 1662): option[27]=-Xms64m
06-18 18:04:05.545 I/zygote64( 1662): option[28]=-Xcompiler-option
06-18 18:04:05.545 I/zygote64( 1662): option[29]=--runtime-arg
06-18 18:04:05.545 I/zygote64( 1662): option[30]=-Xcompiler-option
06-18 18:04:05.545 I/zygote64( 1662): option[31]=-Xmx512m
06-18 18:04:05.545 I/zygote64( 1662): option[32]=-Ximage-compiler-option
06-18 18:04:05.545 I/zygote64( 1662): option[33]=--instruction-set-variant=x86_64
06-18 18:04:05.545 I/zygote64( 1662): option[34]=-Xcompiler-option
06-18 18:04:05.545 I/zygote64( 1662): option[35]=--instruction-set-variant=x86_64
06-18 18:04:05.545 I/zygote64( 1662): option[36]=-Ximage-compiler-option
06-18 18:04:05.545 I/zygote64( 1662): option[37]=--instruction-set-features=default
06-18 18:04:05.545 I/zygote64( 1662): option[38]=-Xcompiler-option
06-18 18:04:05.545 I/zygote64( 1662): option[39]=--instruction-set-features=default
06-18 18:04:05.545 I/zygote64( 1662): option[40]=-Duser.locale=en-US
06-18 18:04:05.545 I/zygote64( 1662): option[41]=--cpu-abilist=x86_64
06-18 18:04:05.545 I/zygote64( 1662): option[42]=-Xcompiler-option
06-18 18:04:05.545 I/zygote64( 1662): option[43]=--generate-mini-debug-info
06-18 18:04:05.545 I/zygote64( 1662): option[44]=-Xcore-platform-api-policy:just-warn
06-18 18:04:05.545 I/zygote64( 1662): option[45]=-Xfingerprint:google/sdk_gphone_x86_64/generic_x86_64:10/QSR1.211112.011/13135432:userdebug/dev-keys
06-18 18:04:05.548 I/CameraService( 1740): CameraService started (pid=1740)
06-18 18:04:05.548 I/CameraService( 1740): CameraService process starting
06-18 18:04:05.548 W/BatteryNotifier( 1740): batterystats service unavailable!
06-18 18:04:05.549 W/BatteryNotifier( 1740): batterystats service unavailable!
06-18 18:04:05.551 I/CameraProviderManager( 1740): Connecting to new camera provider: legacy/0, isRemote? 1
06-18 18:04:05.552 I/CameraProviderManager( 1740): Camera provider legacy/0 ready with 0 camera devices
06-18 18:04:05.552 I/hwservicemanager( 1567): getTransport: Cannot find entry android.hardware.camera.provider@2.4::ICameraProvider/external/0 in either framework or device manifest.
06-18 18:04:05.552 I/        ( 1740): Waiting for activity service
06-18 18:04:05.558 D/XfrmController( 1661): Sending Netlink XFRM Message: XFRM_MSG_FLUSHSA
06-18 18:04:05.558 D/XfrmController( 1661): Sending Netlink XFRM Message: XFRM_MSG_FLUSHPOLICY
06-18 18:04:05.558 I/netd    ( 1661): Initializing XfrmController: 40.1ms
06-18 18:04:05.558 E/Netd    ( 1661): Unable to create netlink socket for family 5: Protocol not supported
06-18 18:04:05.559 W/Netd    ( 1661): Unable to open qlog quota socket, check if xt_quota2 can send via UeventHandler
06-18 18:04:05.565 W/CameraProviderManager( 1740): addProviderLocked: Camera provider HAL with name 'legacy/0' already registered
06-18 18:04:05.565 I/libnetd_resolv( 1661): resolv_init: Initializing resolver
06-18 18:04:05.566 D/MDnsDS  ( 1661): MDnsSdListener::Hander starting up
06-18 18:04:05.566 I/netd    ( 1661): Registering NetdNativeService: 0.1ms
06-18 18:04:05.567 I/ServiceManagement( 1661): Registered android.system.net.netd@1.1::INetd/default (start delay of 1228ms)
06-18 18:04:05.567 I/netd    ( 1661): Registering NetdHwService: 0.7ms
06-18 18:04:05.567 I/netd    ( 1661): Netd started in 1160ms
06-18 18:04:05.570 I//apex/com.android.media.swcodec/bin/mediaswcodec( 1770): media swcodec service starting
06-18 18:04:05.573 I/zygote64( 1662): Core platform API reporting enabled, enforcing=false
06-18 18:04:05.573 W//apex/com.android.media.swcodec/bin/mediaswcodec( 1770): Could not read additional policy file '/vendor/etc/seccomp_policy/mediaswcodec.policy'
06-18 18:04:05.573 W//apex/com.android.media.swcodec/bin/mediaswcodec( 1770): libminijail[1770]: failed to get path of fd 4: No such file or directory
06-18 18:04:05.574 W//apex/com.android.media.swcodec/bin/mediaswcodec( 1770): libminijail[1770]: allowing syscall: socket
06-18 18:04:05.574 W//apex/com.android.media.swcodec/bin/mediaswcodec( 1770): libminijail[1770]: allowing syscall: connect
06-18 18:04:05.574 W//apex/com.android.media.swcodec/bin/mediaswcodec( 1770): libminijail[1770]: allowing syscall: fcntl
06-18 18:04:05.574 W//apex/com.android.media.swcodec/bin/mediaswcodec( 1770): libminijail[1770]: allowing syscall: writev
06-18 18:04:05.574 W//apex/com.android.media.swcodec/bin/mediaswcodec( 1770): libminijail[1770]: compile_file: <fd>(20): nonexistent syscall 'getuid32'
06-18 18:04:05.574 W//apex/com.android.media.swcodec/bin/mediaswcodec( 1770): libminijail[1770]: compile_file: <fd>(26): nonexistent syscall 'mmap2'
06-18 18:04:05.574 W//apex/com.android.media.swcodec/bin/mediaswcodec( 1770): libminijail[1770]: compile_file: <fd>(28): nonexistent syscall 'fstat64'
06-18 18:04:05.574 W//apex/com.android.media.swcodec/bin/mediaswcodec( 1770): libminijail[1770]: compile_file: <fd>(30): nonexistent syscall 'stat64'
06-18 18:04:05.574 W//apex/com.android.media.swcodec/bin/mediaswcodec( 1770): libminijail[1770]: compile_file: <fd>(31): nonexistent syscall 'statfs64'
06-18 18:04:05.574 W//apex/com.android.media.swcodec/bin/mediaswcodec( 1770): libminijail[1770]: compile_file: <fd>(33): nonexistent syscall 'fstatat64'
06-18 18:04:05.574 W//apex/com.android.media.swcodec/bin/mediaswcodec( 1770): libminijail[1770]: compile_file: <fd>(38): nonexistent syscall '_llseek'
06-18 18:04:05.574 W//apex/com.android.media.swcodec/bin/mediaswcodec( 1770): libminijail[1770]: compile_file: <fd>(47): nonexistent syscall 'ugetrlimit'
06-18 18:04:05.574 W//apex/com.android.media.swcodec/bin/mediaswcodec( 1770): libminijail[1770]: compile_file: <fd>(50): nonexistent syscall '_llseek'
06-18 18:04:05.574 W//apex/com.android.media.swcodec/bin/mediaswcodec( 1770): libminijail[1770]: compile_file: <fd>(51): nonexistent syscall 'fstatfs64'
06-18 18:04:05.574 W//apex/com.android.media.swcodec/bin/mediaswcodec( 1770): libminijail[1770]: compile_file: <fd>(63): nonexistent syscall 'ftruncate64'
06-18 18:04:05.574 W//apex/com.android.media.swcodec/bin/mediaswcodec( 1770): libminijail[1770]: compile_file: /system/etc/seccomp_policy/crash_dump.x86.policy(5): nonexistent syscall 'sigreturn'
06-18 18:04:05.575 W//apex/com.android.media.swcodec/bin/mediaswcodec( 1770): libminijail[1770]: compile_file: /system/etc/seccomp_policy/crash_dump.x86.policy(31): nonexistent syscall 'getuid32'
06-18 18:04:05.575 W//apex/com.android.media.swcodec/bin/mediaswcodec( 1770): libminijail[1770]: compile_file: /system/etc/seccomp_policy/crash_dump.x86.policy(32): nonexistent syscall 'fstat64'
06-18 18:04:05.575 W//apex/com.android.media.swcodec/bin/mediaswcodec( 1770): libminijail[1770]: compile_file: /system/etc/seccomp_policy/crash_dump.x86.policy(33): nonexistent syscall 'mmap2'
06-18 18:04:05.575 W//apex/com.android.media.swcodec/bin/mediaswcodec( 1770): libminijail[1770]: compile_file: /system/etc/seccomp_policy/crash_dump.x86.policy(34): nonexistent syscall 'geteuid32'
06-18 18:04:05.575 W//apex/com.android.media.swcodec/bin/mediaswcodec( 1770): libminijail[1770]: compile_file: /system/etc/seccomp_policy/crash_dump.x86.policy(35): nonexistent syscall 'getgid32'
06-18 18:04:05.575 W//apex/com.android.media.swcodec/bin/mediaswcodec( 1770): libminijail[1770]: compile_file: /system/etc/seccomp_policy/crash_dump.x86.policy(36): nonexistent syscall 'getegid32'
06-18 18:04:05.575 W//apex/com.android.media.swcodec/bin/mediaswcodec( 1770): libminijail[1770]: compile_file: /system/etc/seccomp_policy/crash_dump.x86.policy(37): nonexistent syscall 'getgroups32'
06-18 18:04:05.575 W//apex/com.android.media.swcodec/bin/mediaswcodec( 1770): libminijail[1770]: logging seccomp filter failures
06-18 18:04:05.575 I/CodecServiceRegistrant( 1770): Creating software Codec2 service...
06-18 18:04:05.579 I/mediaserver( 1761): ServiceManager: 0xf0f06ca0
06-18 18:04:05.582 I/ServiceManagement( 1770): Registered android.hardware.media.c2@1.0::IComponentStore/software (start delay of 784ms)
06-18 18:04:05.582 I/CodecServiceRegistrant( 1770): Software Codec2 service created.
06-18 18:04:05.587 D/MDnsDS  ( 1661): MDnsSdListener starting to monitor
06-18 18:04:05.588 D/MDnsDS  ( 1661): Going to poll with pollCount 1
06-18 18:04:05.600 I/AndroidRuntime( 1663): Using default boot image
06-18 18:04:05.600 I/AndroidRuntime( 1663): Leaving lock profiling enabled
06-18 18:04:05.602 W/BatteryNotifier( 1761): batterystats service unavailable!
06-18 18:04:05.607 I/zygote  ( 1663): option[0]=-Xzygote
06-18 18:04:05.607 I/zygote  ( 1663): option[1]=exit
06-18 18:04:05.607 I/zygote  ( 1663): option[2]=vfprintf
06-18 18:04:05.607 I/zygote  ( 1663): option[3]=sensitiveThread
06-18 18:04:05.607 I/zygote  ( 1663): option[4]=-verbose:gc
06-18 18:04:05.607 I/zygote  ( 1663): option[5]=-Xms4m
06-18 18:04:05.607 I/zygote  ( 1663): option[6]=-Xmx512m
06-18 18:04:05.607 I/zygote  ( 1663): option[7]=-Xusejit:true
06-18 18:04:05.607 I/zygote  ( 1663): option[8]=-Xjitsaveprofilinginfo
06-18 18:04:05.607 I/zygote  ( 1663): option[9]=-XjdwpOptions:suspend=n,server=y
06-18 18:04:05.607 I/zygote  ( 1663): option[10]=-XjdwpProvider:default
06-18 18:04:05.607 I/zygote  ( 1663): option[11]=-Xlockprofthreshold:500
06-18 18:04:05.607 I/zygote  ( 1663): option[12]=-Ximage-compiler-option
06-18 18:04:05.607 I/zygote  ( 1663): option[13]=--runtime-arg
06-18 18:04:05.607 I/zygote  ( 1663): option[14]=-Ximage-compiler-option
06-18 18:04:05.607 I/zygote  ( 1663): option[15]=-Xms64m
06-18 18:04:05.607 I/zygote  ( 1663): option[16]=-Ximage-compiler-option
06-18 18:04:05.607 I/zygote  ( 1663): option[17]=--runtime-arg
06-18 18:04:05.607 I/zygote  ( 1663): option[18]=-Ximage-compiler-option
06-18 18:04:05.607 I/zygote  ( 1663): option[19]=-Xmx64m
06-18 18:04:05.607 I/zygote  ( 1663): option[20]=-Ximage-compiler-option
06-18 18:04:05.607 I/zygote  ( 1663): option[21]=--profile-file=/system/etc/boot-image.prof
06-18 18:04:05.607 I/zygote  ( 1663): option[22]=-Ximage-compiler-option
06-18 18:04:05.607 I/zygote  ( 1663): option[23]=--compiler-filter=speed-profile
06-18 18:04:05.607 I/zygote  ( 1663): option[24]=-Xcompiler-option
06-18 18:04:05.607 I/zygote  ( 1663): option[25]=--runtime-arg
06-18 18:04:05.607 I/zygote  ( 1663): option[26]=-Xcompiler-option
06-18 18:04:05.607 I/zygote  ( 1663): option[27]=-Xms64m
06-18 18:04:05.607 I/zygote  ( 1663): option[28]=-Xcompiler-option
06-18 18:04:05.607 I/zygote  ( 1663): option[29]=--runtime-arg
06-18 18:04:05.607 I/zygote  ( 1663): option[30]=-Xcompiler-option
06-18 18:04:05.607 I/zygote  ( 1663): option[31]=-Xmx512m
06-18 18:04:05.607 I/zygote  ( 1663): option[32]=-Ximage-compiler-option
06-18 18:04:05.607 I/zygote  ( 1663): option[33]=--instruction-set-variant=x86_64
06-18 18:04:05.607 I/zygote  ( 1663): option[34]=-Xcompiler-option
06-18 18:04:05.607 I/zygote  ( 1663): option[35]=--instruction-set-variant=x86_64
06-18 18:04:05.607 I/zygote  ( 1663): option[36]=-Ximage-compiler-option
06-18 18:04:05.607 I/zygote  ( 1663): option[37]=--instruction-set-features=default
06-18 18:04:05.607 I/zygote  ( 1663): option[38]=-Xcompiler-option
06-18 18:04:05.607 I/zygote  ( 1663): option[39]=--instruction-set-features=default
06-18 18:04:05.607 I/zygote  ( 1663): option[40]=-Duser.locale=en-US
06-18 18:04:05.607 I/zygote  ( 1663): option[41]=--cpu-abilist=x86
06-18 18:04:05.607 I/zygote  ( 1663): option[42]=-Xcompiler-option
06-18 18:04:05.607 I/zygote  ( 1663): option[43]=--generate-mini-debug-info
06-18 18:04:05.607 I/zygote  ( 1663): option[44]=-Xcore-platform-api-policy:just-warn
06-18 18:04:05.607 I/zygote  ( 1663): option[45]=-Xfingerprint:google/sdk_gphone_x86_64/generic_x86_64:10/QSR1.211112.011/13135432:userdebug/dev-keys
06-18 18:04:05.616 I/ServiceManager( 1763): Waiting for service 'package_native' on '/dev/binder'...
06-18 18:04:05.624 I/zygote  ( 1663): Core platform API reporting enabled, enforcing=false
06-18 18:04:05.645 I/BootAnimation( 1843): boot animation disabled
06-18 18:04:05.678 I/FastMixerState( 1706): sMaxFastTracks = 8
06-18 18:04:05.678 E/MediaExtractorFactory( 1757): couldn't opendir(/system/lib64/extractors)
06-18 18:04:05.679 V/MediaUtils( 1706): physMem: 2089566208
06-18 18:04:05.679 V/MediaUtils( 1706): requested limit: 417913240
06-18 18:04:05.679 I/libc    ( 1706): malloc_limit: Allocation limit enabled, max size 417913240 bytes
06-18 18:04:05.680 I/audioserver( 1706): ServiceManager: 0x7ca1c90b2dc0
06-18 18:04:05.680 W/BatteryNotifier( 1706): batterystats service unavailable!
06-18 18:04:05.680 I/hwservicemanager( 1567): getTransport: Cannot find entry android.hardware.audio@5.0::IDevicesFactory/default in either framework or device manifest.
06-18 18:04:05.681 I/hwservicemanager( 1567): getTransport: Cannot find entry android.hardware.audio@4.0::IDevicesFactory/msd in either framework or device manifest.
06-18 18:04:05.682 I/hwservicemanager( 1567): getTransport: Cannot find entry android.hardware.audio.effect@5.0::IEffectsFactory/default in either framework or device manifest.
06-18 18:04:05.683 I/AudioFlinger( 1706): Using default 3000 mSec as standby time.
06-18 18:04:05.692 E/APM::Serializer( 1706): deserialize: Could not parse /odm/etc/audio_policy_configuration.xml document.
06-18 18:04:05.694 E/APM::AudioPolicyEngine/Config( 1706): parse: Could not parse document /vendor/etc/audio_policy_engine_configuration.xml
06-18 18:04:05.694 W/APM::AudioPolicyEngine/Base( 1706): loadAudioPolicyEngineConfig: No configuration found, using default matching phone experience.
06-18 18:04:05.695 E/APM::AudioPolicyEngine/Config( 1706): parseLegacyVolumeFile: Could not parse document /odm/etc/audio_policy_configuration.xml
06-18 18:04:05.698 D/audio_hw_generic( 1669): Emulator host-side ALSA audio emulation detected.
06-18 18:04:05.698 D/audio_hw_generic( 1669): mixer 0 name Master Playback Volume
06-18 18:04:05.698 D/audio_hw_generic( 1669): set ctl 0 to 100
06-18 18:04:05.698 D/audio_hw_generic( 1669): set ctl 1 to 100
06-18 18:04:05.698 D/audio_hw_generic( 1669): mixer 1 name Master Playback Switch
06-18 18:04:05.698 D/audio_hw_generic( 1669): set ctl 0 to 1
06-18 18:04:05.698 D/audio_hw_generic( 1669): set ctl 1 to 1
06-18 18:04:05.699 D/audio_hw_generic( 1669): mixer 2 name Capture Volume
06-18 18:04:05.699 D/audio_hw_generic( 1669): set ctl 0 to 100
06-18 18:04:05.699 D/audio_hw_generic( 1669): set ctl 1 to 100
06-18 18:04:05.699 D/audio_hw_generic( 1669): mixer 3 name Capture Switch
06-18 18:04:05.699 D/audio_hw_generic( 1669): set ctl 0 to 1
06-18 18:04:05.699 D/audio_hw_generic( 1669): set ctl 1 to 1
06-18 18:04:05.699 D/audio_hw_generic( 1669): mixer 4 name Line Phantom Jack
06-18 18:04:05.699 D/audio_hw_generic( 1669): mixer 5 name Line Out Phantom Jack
06-18 18:04:05.699 D/audio_hw_generic( 1669): mixer 6 name Playback Channel Map
06-18 18:04:05.699 D/audio_hw_generic( 1669): mixer 7 name Capture Channel Map
06-18 18:04:05.699 W/DeviceHAL( 1669): Error from HAL Device in function get_master_volume: Function not implemented
06-18 18:04:05.700 W/DeviceHAL( 1669): Error from HAL Device in function get_master_mute: Function not implemented
06-18 18:04:05.700 W/DeviceHAL( 1669): Error from HAL Device in function set_master_volume: Function not implemented
06-18 18:04:05.700 W/DeviceHAL( 1669): Error from HAL Device in function set_master_mute: Function not implemented
06-18 18:04:05.700 I/AudioFlinger( 1706): loadHwModule() Loaded primary audio interface, handle 10
06-18 18:04:05.700 I/AudioFlinger( 1706): openOutput() this 0x7ca1c90bd600, module 10 Device 0x2, SamplingRate 44100, Format 0x000001, Channels 0x3, flags 0x2
06-18 18:04:05.703 W/AudioFlinger( 1706): HAL output buffer size is 661 frames but AudioMixer requires multiples of 16 frames
06-18 18:04:05.704 I/AudioFlinger( 1706): HAL output buffer size 661 frames, normal sink buffer size 1056 frames
06-18 18:04:05.705 I/hwservicemanager( 1567): getTransport: Cannot find entry android.hardware.audio.effect@5.0::IEffectsFactory/default in either framework or device manifest.
06-18 18:04:05.713 I/BufferProvider( 1706): found effect "Multichannel Downmix To Stereo" from The Android Open Source Project
06-18 18:04:05.713 I/AudioFlinger( 1706): Using module 10 as the primary audio interface
06-18 18:04:05.714 V/APM_AudioPolicyManager( 1706): checkAndSetVolume cannot set volume group 3 volume with force use = 0 for comm
06-18 18:04:05.716 W/AudioFlinger( 1706): moveEffects() bad srcOutput 0
06-18 18:04:05.716 V/APM_AudioPolicyManager( 1706): selectOutputForMusicEffects selected output 13
06-18 18:04:05.716 V/APM_AudioPolicyManager( 1706): setOutputDevices device {type:0x2,@:} delayMs 0
06-18 18:04:05.716 V/APM_AudioPolicyManager( 1706): setOutputDevices() prevDevice {type:0x2,@:}
06-18 18:04:05.716 V/APM_AudioPolicyManager( 1706): setOutputDevices changing device to {type:0x2,@:}
06-18 18:04:05.716 I/ServiceManager( 1763): Waiting for service 'package_native' on '/dev/binder'...
06-18 18:04:05.719 I/AudioFlinger( 1706): AudioFlinger's thread 0x7ca1c915bdc0 tid=1880 ready to run
06-18 18:04:05.719 W/AudioFlinger( 1706): no wake lock to update, system not ready yet
06-18 18:04:05.720 V/APM_AudioPolicyManager( 1706): setOutputDevices() AF::createAudioPatch returned 0 patchHandle 12 num_sources 1 num_sinks 1
06-18 18:04:05.721 V/APM_AudioPolicyManager( 1706): checkAndSetVolume cannot set volume group 3 volume with force use = 0 for comm
06-18 18:04:05.723 W/AudioFlinger( 1706): no wake lock to update, system not ready yet
06-18 18:04:05.731 I/AudioFlinger( 1706): AudioFlinger's thread 0x7ca1c438cd80 tid=1882 ready to run
06-18 18:04:05.733 I/r_submix( 1669): adev_open(name=audio_hw_if)
06-18 18:04:05.733 I/r_submix( 1669): adev_init_check()
06-18 18:04:05.733 W/DeviceHAL( 1669): Error from HAL Device in function set_master_volume: Function not implemented
06-18 18:04:05.733 W/DeviceHAL( 1669): Error from HAL Device in function set_master_mute: Function not implemented
06-18 18:04:05.733 I/AudioFlinger( 1706): loadHwModule() Loaded r_submix audio interface, handle 18
06-18 18:04:05.733 D/r_submix( 1669): adev_open_input_stream(addr=0)
06-18 18:04:05.733 D/r_submix( 1669): submix_audio_device_create_pipe_l(addr=0, idx=9)
06-18 18:04:05.733 D/r_submix( 1669):   now using address 0 for route 9
06-18 18:04:05.738 I/AudioFlinger( 1706): AudioFlinger's thread 0x7ca1c438c100 tid=1884 ready to run
06-18 18:04:05.738 I/r_submix( 1669): in_standby()
06-18 18:04:05.739 W/AudioFlinger( 1706): no wake lock to update, system not ready yet
06-18 18:04:05.739 I/r_submix( 1669): in_standby()
06-18 18:04:05.739 W/AudioFlinger( 1706): no wake lock to update, system not ready yet
06-18 18:04:05.740 D/r_submix( 1669): adev_close_input_stream()
06-18 18:04:05.740 D/r_submix( 1669): submix_audio_device_release_pipe_l(idx=9) addr=0
06-18 18:04:05.740 D/r_submix( 1669): submix_audio_device_destroy_pipe_l(): pipe destroyed
06-18 18:04:05.741 I/        ( 1706): Waiting for activity service
06-18 18:04:05.767 I/adbd    ( 1730): adbd listening on port 5555
06-18 18:04:05.770 I/adbd    ( 1730): USB event: FUNCTIONFS_ENABLE
06-18 18:04:05.770 W/adbd    ( 1730): received FUNCTIONFS_ENABLE while not bound?
06-18 18:04:05.770 I/adbd    ( 1730): UsbFfs: connection terminated: monitor thread finished
06-18 18:04:05.770 I/adbd    ( 1730): UsbFfs: already offline
06-18 18:04:05.770 I/adbd    ( 1730): destroying transport UsbFfs
06-18 18:04:05.770 I/adbd    ( 1730): UsbFfsConnection being destroyed
06-18 18:04:05.817 I/ServiceManager( 1763): Waiting for service 'package_native' on '/dev/binder'...
06-18 18:04:05.838 I/adbd    ( 1730): opening control endpoint /dev/usb-ffs/adb/ep0
06-18 18:04:05.838 I/adbd    ( 1730): host-11: read thread spawning
06-18 18:04:05.839 I/adbd    ( 1730): host-11: write thread spawning
06-18 18:04:05.848 I/adbd    ( 1730): UsbFfsConnection constructed
06-18 18:04:05.850 I/adbd    ( 1730): USB event: FUNCTIONFS_BIND
06-18 18:04:05.877 D/ICU     ( 1663): Time zone APEX file found: /apex/com.android.tzdata/etc/icu/icu_tzdata.dat
06-18 18:04:05.882 D/ICU     ( 1662): Time zone APEX file found: /apex/com.android.tzdata/etc/icu/icu_tzdata.dat
06-18 18:04:05.914 W/zygote  ( 1663): Unexpected CPU variant for X86 using defaults: x86_64
06-18 18:04:05.916 W/zygote64( 1662): Unexpected CPU variant for X86 using defaults: x86_64
06-18 18:04:05.917 I/ServiceManager( 1763): Waiting for service 'package_native' on '/dev/binder'...
06-18 18:04:05.980 W/zygote  ( 1663): JNI RegisterNativeMethods: attempt to register 0 native methods for android.media.AudioAttributes
06-18 18:04:05.981 W/zygote64( 1662): JNI RegisterNativeMethods: attempt to register 0 native methods for android.media.AudioAttributes
06-18 18:04:05.990 D/Zygote  ( 1662): begin preload
06-18 18:04:05.991 I/Zygote  ( 1662): Calling ZygoteHooks.beginPreload()
06-18 18:04:05.994 I/zygote  ( 1663): Explicit concurrent copying GC freed 296(39KB) AllocSpace objects, 0(0B) LOS objects, 98% free, 24KB/1560KB, paused 389us total 3.649ms
06-18 18:04:05.998 I/zygote  ( 1663): Explicit concurrent copying GC freed 5(32KB) AllocSpace objects, 0(0B) LOS objects, 98% free, 24KB/1560KB, paused 367us total 2.351ms
06-18 18:04:05.998 D/Zygote32Timing( 1663): PostZygoteInitGC took to complete: 7ms
06-18 18:04:05.998 D/Zygote32Timing( 1663): ZygoteInit took to complete: 7ms
06-18 18:04:06.008 D/Zygote64Timing( 1662): BeginPreload took to complete: 19ms
06-18 18:04:06.009 I/Zygote  ( 1662): Preloading classes...
06-18 18:04:06.010 W/Zygote  ( 1662): Class not found for preloading: android.app.-$$Lambda$ActivityThread$ZXDWm3IBeFmLnFVblhB-IOZCr9o
06-18 18:04:06.021 I/ServiceManager( 1763): Waiting for service 'package_native' on '/dev/binder'...
06-18 18:04:06.052 W/Zygote  ( 1662): Class not found for preloading: android.bluetooth.BluetoothA2dp$2
06-18 18:04:06.060 I/Zygote  ( 1663): Accepting command socket connections
06-18 18:04:06.061 I/PackageBackwardCompatibility( 1662): Could not find android.content.pm.AndroidTestBaseUpdater, ignoring
06-18 18:04:06.122 I/ServiceManager( 1763): Waiting for service 'package_native' on '/dev/binder'...
06-18 18:04:06.132 I/adbd    ( 1730): host-11: already offline
06-18 18:04:06.222 I/ServiceManager( 1763): Waiting for service 'package_native' on '/dev/binder'...
06-18 18:04:06.315 E/ActivityRecognitionHardware( 1662): activity_recognition HAL is deprecated. class_init is effectively a no-op
06-18 18:04:06.323 I/ServiceManager( 1763): Waiting for service 'package_native' on '/dev/binder'...
06-18 18:04:06.345 I/zygote64( 1662): Thread[1,tid=1662,Native,Thread*=0x77e2ff580000,peer=0x12c02208,"main"] recursive attempt to load library "libmedia_jni.so"
06-18 18:04:06.345 D/MtpDeviceJNI( 1662): register_android_mtp_MtpDevice
06-18 18:04:06.345 I/zygote64( 1662): Thread[1,tid=1662,Native,Thread*=0x77e2ff580000,peer=0x12c02208,"main"] recursive attempt to load library "libmedia_jni.so"
06-18 18:04:06.345 I/zygote64( 1662): Thread[1,tid=1662,Native,Thread*=0x77e2ff580000,peer=0x12c02208,"main"] recursive attempt to load library "libmedia_jni.so"
06-18 18:04:06.352 W/Zygote  ( 1662): Class not found for preloading: android.media.audiopolicy.AudioProductStrategies
06-18 18:04:06.352 W/Zygote  ( 1662): Class not found for preloading: android.media.audiopolicy.AudioVolumeGroups
06-18 18:04:06.425 I/ServiceManager( 1763): Waiting for service 'package_native' on '/dev/binder'...
06-18 18:04:06.425 W/Zygote  ( 1662): Class not found for preloading: android.view.textclassifier.-$$Lambda$TextClassificationManager$JIaezIJbMig_-kVzN6oArzkTsJE
06-18 18:04:06.430 W/Zygote  ( 1662): Class not found for preloading: com.android.internal.net.NetworkStatsFactory
06-18 18:04:06.435 W/Zygote  ( 1662): Class not found for preloading: com.android.internal.telephony.-$$Lambda$PhoneSubInfoController$8HFbCDJDN1mrLJG980qYH5MGqMk
06-18 18:04:06.435 W/Zygote  ( 1662): Class not found for preloading: com.android.internal.telephony.-$$Lambda$PhoneSubInfoController$U28a_EGx2cvmQhDfRRgonMt5Zrc
06-18 18:04:06.435 W/Zygote  ( 1662): Class not found for preloading: com.android.internal.telephony.-$$Lambda$SubscriptionInfoUpdater$-zZXM9oMRZ3vZz7dJOG19J00Bmw
06-18 18:04:06.435 W/Zygote  ( 1662): Class not found for preloading: com.android.internal.telephony.-$$Lambda$SubscriptionInfoUpdater$D5yF1HbS4cvCyoAj3FESkPtA_0g
06-18 18:04:06.435 W/Zygote  ( 1662): Class not found for preloading: com.android.internal.telephony.-$$Lambda$SubscriptionInfoUpdater$MMx9iQX0JVqqMPLTUZhdBubFSzU
06-18 18:04:06.442 W/Zygote  ( 1662): Class not found for preloading: com.android.internal.telephony.PhoneConfigurationModels
06-18 18:04:06.445 W/Zygote  ( 1662): Class not found for preloading: com.android.internal.telephony.SubscriptionController$ScLocalLog
06-18 18:04:06.446 W/Zygote  ( 1662): Class not found for preloading: com.android.internal.telephony.UiccSmsController
06-18 18:04:06.468 I/Zygote  ( 1662): ...preloaded 7590 classes in 459ms.
06-18 18:04:06.468 I/zygote64( 1662): VMRuntime.preloadDexCaches starting
06-18 18:04:06.480 I/zygote64( 1662): VMRuntime.preloadDexCaches strings total=378948 before=9925 after=9925
06-18 18:04:06.480 I/zygote64( 1662): VMRuntime.preloadDexCaches types total=35812 before=7199 after=7467
06-18 18:04:06.480 I/zygote64( 1662): VMRuntime.preloadDexCaches fields total=160603 before=8020 after=8221
06-18 18:04:06.480 I/zygote64( 1662): VMRuntime.preloadDexCaches methods total=281511 before=10884 after=11316
06-18 18:04:06.480 I/zygote64( 1662): VMRuntime.preloadDexCaches finished
06-18 18:04:06.480 D/Zygote64Timing( 1662): PreloadClasses took to complete: 472ms
06-18 18:04:06.483 I/zygote64( 1662): The ClassLoaderContext is a special shared library.
06-18 18:04:06.483 D/ApplicationLoaders( 1662): Created zygote-cached class loader: /system/framework/android.hidl.base-V1.0-java.jar
06-18 18:04:06.485 I/zygote64( 1662): The ClassLoaderContext is a special shared library.
06-18 18:04:06.485 D/ApplicationLoaders( 1662): Created zygote-cached class loader: /system/framework/android.hidl.manager-V1.0-java.jar
06-18 18:04:06.485 D/Zygote64Timing( 1662): CacheNonBootClasspathClassLoaders took to complete: 5ms
06-18 18:04:06.525 I/ServiceManager( 1763): Waiting for service 'package_native' on '/dev/binder'...
06-18 18:04:06.570 I/adbd    ( 1730): USB event: FUNCTIONFS_ENABLE
06-18 18:04:06.628 I/ServiceManager( 1763): Waiting for service 'package_native' on '/dev/binder'...
06-18 18:04:06.695 I/Zygote  ( 1662): Preloading resources...
06-18 18:04:06.705 W/Resources( 1662): Preloaded drawable resource #0x108027c (android:drawable/dialog_background_material) that varies with configuration!!
06-18 18:04:06.711 I/Zygote  ( 1662): ...preloaded 64 resources in 16ms.
06-18 18:04:06.713 I/Zygote  ( 1662): ...preloaded 41 resources in 1ms.
06-18 18:04:06.713 D/Zygote64Timing( 1662): PreloadResources took to complete: 228ms
06-18 18:04:06.716 I/Zygote  ( 1662): Preloading shared libraries...
06-18 18:04:06.722 I/Zygote  ( 1662): Called ZygoteHooks.endPreload()
06-18 18:04:06.722 I/Zygote  ( 1662): Installed AndroidKeyStoreProvider in 0ms.
06-18 18:04:06.724 I/Zygote  ( 1662): Warmed up JCA providers in 2ms.
06-18 18:04:06.724 D/Zygote  ( 1662): end preload
06-18 18:04:06.724 D/Zygote64Timing( 1662): ZygotePreload took to complete: 735ms
06-18 18:04:06.731 I/zygote64( 1662): Explicit concurrent copying GC freed 24565(1301KB) AllocSpace objects, 0(0B) LOS objects, 71% free, 2436KB/8580KB, paused 389us total 6.213ms
06-18 18:04:06.739 I/zygote64( 1662): Explicit concurrent copying GC freed 1659(81KB) AllocSpace objects, 0(0B) LOS objects, 72% free, 2371KB/8515KB, paused 380us total 4.755ms
06-18 18:04:06.739 D/Zygote64Timing( 1662): PostZygoteInitGC took to complete: 15ms
06-18 18:04:06.739 D/Zygote64Timing( 1662): ZygoteInit took to complete: 750ms
06-18 18:04:06.739 I/ServiceManager( 1763): Waiting for service 'package_native' on '/dev/binder'...
06-18 18:04:06.849 I/ServiceManager( 1763): Waiting for service 'package_native' on '/dev/binder'...
06-18 18:04:06.852 D/Zygote  ( 1662): Forked child process 1918
06-18 18:04:06.852 I/Zygote  ( 1662): System server process 1918 has been created
06-18 18:04:06.852 I/Zygote  ( 1662): Accepting command socket connections
06-18 18:04:06.858 I/system_server( 1918): The ClassLoaderContext is a special shared library.
06-18 18:04:06.878 I/chatty  ( 1918): uid=1000 system_server identical 2 lines
06-18 18:04:06.883 I/system_server( 1918): The ClassLoaderContext is a special shared library.
06-18 18:04:06.885 W/system_server( 1918): Unexpected CPU variant for X86 using defaults: x86_64
06-18 18:04:06.914 I/SystemServer( 1918): InitBeforeStartServices
06-18 18:04:06.916 W/SystemServer( 1918): Timezone not set; setting to GMT.
06-18 18:04:06.919 I/SystemServer( 1918): Entered the Android system server!
06-18 18:04:06.949 I/ServiceManager( 1763): Waiting for service 'package_native' on '/dev/binder'...
06-18 18:04:07.029 E/UsbAlsaJackDetectorJNI( 1918): Can't register UsbAlsaJackDetector native methods
06-18 18:04:07.042 D/SystemServerTiming( 1918): InitBeforeStartServices took to complete: 127ms
06-18 18:04:07.042 I/SystemServer( 1918): StartServices
06-18 18:04:07.042 I/SystemServer( 1918): StartWatchdog
06-18 18:04:07.050 I/ServiceManager( 1763): Waiting for service 'package_native' on '/dev/binder'...
06-18 18:04:07.054 D/SystemServerTiming( 1918): StartWatchdog took to complete: 12ms
06-18 18:04:07.054 I/SystemServer( 1918): Reading configuration...
06-18 18:04:07.054 I/SystemServer( 1918): ReadingSystemConfig
06-18 18:04:07.055 D/SystemServerTiming( 1918): ReadingSystemConfig took to complete: 1ms
06-18 18:04:07.055 I/SystemServer( 1918): StartInstaller
06-18 18:04:07.055 I/SystemServiceManager( 1918): Starting com.android.server.pm.Installer
06-18 18:04:07.058 D/SystemServerInitThreadPool( 1918): Started executing ReadingSystemConfig
06-18 18:04:07.059 D/installd( 1747): Found quota mount /dev/block/vdc at /data
06-18 18:04:07.059 D/SystemServerTiming( 1918): StartInstaller took to complete: 3ms
06-18 18:04:07.059 I/SystemServer( 1918): DeviceIdentifiersPolicyService
06-18 18:04:07.059 I/SystemServiceManager( 1918): Starting com.android.server.os.DeviceIdentifiersPolicyService
06-18 18:04:07.059 D/SystemServerTiming( 1918): DeviceIdentifiersPolicyService took to complete: 1ms
06-18 18:04:07.059 I/SystemServer( 1918): UriGrantsManagerService
06-18 18:04:07.059 I/SystemServiceManager( 1918): Starting com.android.server.uri.UriGrantsManagerService$Lifecycle
06-18 18:04:07.064 D/SystemServerTiming( 1918): UriGrantsManagerService took to complete: 5ms
06-18 18:04:07.064 I/SystemServer( 1918): StartActivityManager
06-18 18:04:07.064 I/SystemServiceManager( 1918): Starting com.android.server.wm.ActivityTaskManagerService$Lifecycle
06-18 18:04:07.073 I/SystemServiceManager( 1918): Starting com.android.server.am.ActivityManagerService$Lifecycle
06-18 18:04:07.085 I/SystemConfig( 1918): Adding association: com.google.android.as <- com.android.providers.contacts
06-18 18:04:07.085 I/SystemConfig( 1918): Adding association: com.google.android.as <- com.android.providers.media
06-18 18:04:07.085 I/SystemConfig( 1918): Adding association: com.google.android.as <- com.android.providers.telephony
06-18 18:04:07.085 I/SystemConfig( 1918): Adding association: com.google.android.as <- com.android.systemui
06-18 18:04:07.085 I/SystemConfig( 1918): Adding association: com.google.android.as <- com.google.android.gms
06-18 18:04:07.085 I/SystemConfig( 1918): Adding association: com.google.android.as <- com.google.android.gsf
06-18 18:04:07.094 I/ActivityManager( 1918): Memory class: 512
06-18 18:04:07.104 W/SystemConfig( 1918): No directory /product_services/etc/sysconfig, skipping
06-18 18:04:07.104 W/SystemConfig( 1918): No directory /product_services/etc/permissions, skipping
06-18 18:04:07.104 D/SystemServerInitThreadPool( 1918): Finished executing ReadingSystemConfig
06-18 18:04:07.110 D/BatteryStatsImpl( 1918): Reading daily items from /data/system/batterystats-daily.xml
06-18 18:04:07.112 E/BatteryStatsImpl( 1918): Error reading battery statistics
06-18 18:04:07.112 E/BatteryStatsImpl( 1918): java.io.FileNotFoundException: /data/system/batterystats.bin: open failed: ENOENT (No such file or directory)
06-18 18:04:07.112 E/BatteryStatsImpl( 1918): 	at libcore.io.IoBridge.open(IoBridge.java:496)
06-18 18:04:07.112 E/BatteryStatsImpl( 1918): 	at java.io.FileInputStream.<init>(FileInputStream.java:159)
06-18 18:04:07.112 E/BatteryStatsImpl( 1918): 	at com.android.internal.os.AtomicFile.openRead(AtomicFile.java:157)
06-18 18:04:07.112 E/BatteryStatsImpl( 1918): 	at com.android.internal.os.AtomicFile.readFully(AtomicFile.java:162)
06-18 18:04:07.112 E/BatteryStatsImpl( 1918): 	at com.android.internal.os.BatteryStatsImpl.readLocked(BatteryStatsImpl.java:13339)
06-18 18:04:07.112 E/BatteryStatsImpl( 1918): 	at com.android.server.am.ActivityManagerService.<init>(ActivityManagerService.java:2501)
06-18 18:04:07.112 E/BatteryStatsImpl( 1918): 	at com.android.server.am.ActivityManagerService$Lifecycle.<init>(ActivityManagerService.java:2215)
06-18 18:04:07.112 E/BatteryStatsImpl( 1918): 	at java.lang.reflect.Constructor.newInstance0(Native Method)
06-18 18:04:07.112 E/BatteryStatsImpl( 1918): 	at java.lang.reflect.Constructor.newInstance(Constructor.java:343)
06-18 18:04:07.112 E/BatteryStatsImpl( 1918): 	at com.android.server.SystemServiceManager.startService(SystemServiceManager.java:101)
06-18 18:04:07.112 E/BatteryStatsImpl( 1918): 	at com.android.server.am.ActivityManagerService$Lifecycle.startService(ActivityManagerService.java:2221)
06-18 18:04:07.112 E/BatteryStatsImpl( 1918): 	at com.android.server.SystemServer.startBootstrapServices(SystemServer.java:660)
06-18 18:04:07.112 E/BatteryStatsImpl( 1918): 	at com.android.server.SystemServer.run(SystemServer.java:510)
06-18 18:04:07.112 E/BatteryStatsImpl( 1918): 	at com.android.server.SystemServer.main(SystemServer.java:349)
06-18 18:04:07.112 E/BatteryStatsImpl( 1918): 	at java.lang.reflect.Method.invoke(Native Method)
06-18 18:04:07.112 E/BatteryStatsImpl( 1918): 	at com.android.internal.os.RuntimeInit$MethodAndArgsCaller.run(RuntimeInit.java:492)
06-18 18:04:07.112 E/BatteryStatsImpl( 1918): 	at com.android.internal.os.ZygoteInit.main(ZygoteInit.java:908)
06-18 18:04:07.112 E/BatteryStatsImpl( 1918): Caused by: android.system.ErrnoException: open failed: ENOENT (No such file or directory)
06-18 18:04:07.112 E/BatteryStatsImpl( 1918): 	at libcore.io.Linux.open(Native Method)
06-18 18:04:07.112 E/BatteryStatsImpl( 1918): 	at libcore.io.ForwardingOs.open(ForwardingOs.java:167)
06-18 18:04:07.112 E/BatteryStatsImpl( 1918): 	at libcore.io.BlockGuardOs.open(BlockGuardOs.java:252)
06-18 18:04:07.112 E/BatteryStatsImpl( 1918): 	at libcore.io.IoBridge.open(IoBridge.java:482)
06-18 18:04:07.112 E/BatteryStatsImpl( 1918): 	... 16 more
06-18 18:04:07.112 E/BatteryStatsImpl( 1918): Error reading battery history
06-18 18:04:07.112 E/BatteryStatsImpl( 1918): java.io.FileNotFoundException: /data/system/battery-history/0.bin: open failed: ENOENT (No such file or directory)
06-18 18:04:07.112 E/BatteryStatsImpl( 1918): 	at libcore.io.IoBridge.open(IoBridge.java:496)
06-18 18:04:07.112 E/BatteryStatsImpl( 1918): 	at java.io.FileInputStream.<init>(FileInputStream.java:159)
06-18 18:04:07.112 E/BatteryStatsImpl( 1918): 	at com.android.internal.os.AtomicFile.openRead(AtomicFile.java:157)
06-18 18:04:07.112 E/BatteryStatsImpl( 1918): 	at com.android.internal.os.AtomicFile.readFully(AtomicFile.java:162)
06-18 18:04:07.112 E/BatteryStatsImpl( 1918): 	at com.android.internal.os.BatteryStatsImpl.readLocked(BatteryStatsImpl.java:13358)
06-18 18:04:07.112 E/BatteryStatsImpl( 1918): 	at com.android.server.am.ActivityManagerService.<init>(ActivityManagerService.java:2501)
06-18 18:04:07.112 E/BatteryStatsImpl( 1918): 	at com.android.server.am.ActivityManagerService$Lifecycle.<init>(ActivityManagerService.java:2215)
06-18 18:04:07.112 E/BatteryStatsImpl( 1918): 	at java.lang.reflect.Constructor.newInstance0(Native Method)
06-18 18:04:07.112 E/BatteryStatsImpl( 1918): 	at java.lang.reflect.Constructor.newInstance(Constructor.java:343)
06-18 18:04:07.112 E/BatteryStatsImpl( 1918): 	at com.android.server.SystemServiceManager.startService(SystemServiceManager.java:101)
06-18 18:04:07.112 E/BatteryStatsImpl( 1918): 	at com.android.server.am.ActivityManagerService$Lifecycle.startService(ActivityManagerService.java:2221)
06-18 18:04:07.112 E/BatteryStatsImpl( 1918): 	at com.android.server.SystemServer.startBootstrapServices(SystemServer.java:660)
06-18 18:04:07.112 E/BatteryStatsImpl( 1918): 	at com.android.server.SystemServer.run(SystemServer.java:510)
06-18 18:04:07.112 E/BatteryStatsImpl( 1918): 	at com.android.server.SystemServer.main(SystemServer.java:349)
06-18 18:04:07.112 E/BatteryStatsImpl( 1918): 	at java.lang.reflect.Method.invoke(Native Method)
06-18 18:04:07.112 E/BatteryStatsImpl( 1918): 	at com.android.internal.os.RuntimeInit$MethodAndArgsCaller.run(RuntimeInit.java:492)
06-18 18:04:07.112 E/BatteryStatsImpl( 1918): 	at com.android.internal.os.ZygoteInit.main(ZygoteInit.java:908)
06-18 18:04:07.112 E/BatteryStatsImpl( 1918): Caused by: android.system.ErrnoException: open failed: ENOENT (No such file or directory)
06-18 18:04:07.112 E/BatteryStatsImpl( 1918): 	at libcore.io.Linux.open(Native Method)
06-18 18:04:07.112 E/BatteryStatsImpl( 1918): 	at libcore.io.ForwardingOs.open(ForwardingOs.java:167)
06-18 18:04:07.112 E/BatteryStatsImpl( 1918): 	at libcore.io.BlockGuardOs.open(BlockGuardOs.java:252)
06-18 18:04:07.112 E/BatteryStatsImpl( 1918): 	at libcore.io.IoBridge.open(IoBridge.java:482)
06-18 18:04:07.112 E/BatteryStatsImpl( 1918): 	... 16 more
06-18 18:04:07.114 I/hwservicemanager( 1567): getTransport: Cannot find entry android.hardware.power.stats@1.0::IPowerStats/default in either framework or device manifest.
06-18 18:04:07.114 I/BatteryStatsService( 1918): Using power HAL
06-18 18:04:07.114 E/BatteryStatsService( 1918): Unable to load Power.Stats.HAL. Setting rail availability to false
06-18 18:04:07.115 E/BluetoothAdapter( 1918): Bluetooth binder is null
06-18 18:04:07.117 E/BatteryExternalStatsWorker( 1918): no controller energy info supplied for telephony
06-18 18:04:07.119 E/KernelCpuUidFreqTimeReader( 1918): Failed to read /proc/uid_time_in_state: java.nio.file.NoSuchFileException: /proc/uid_time_in_state
06-18 18:04:07.120 W/KernelCpuProcStringReader( 1918): File not found. It's normal if not implemented: /proc/uid_time_in_state
06-18 18:04:07.120 W/KernelCpuProcStringReader( 1918): File not found. It's normal if not implemented: /proc/uid_concurrent_active_time
06-18 18:04:07.121 W/KernelCpuProcStringReader( 1918): File not found. It's normal if not implemented: /proc/uid_concurrent_policy_time
06-18 18:04:07.122 W/KernelMemoryBandwidthStats( 1918): No kernel memory bandwidth stats available
06-18 18:04:07.122 I/PowerManagerService-JNI( 1918): Loaded power HAL 1.0 service
06-18 18:04:07.122 I/PowerManagerService-JNI( 1918): Loaded power HAL 1.1 service
06-18 18:04:07.133 I/hwservicemanager( 1567): getTransport: Cannot find entry android.hardware.memtrack@1.0::IMemtrack/default in either framework or device manifest.
06-18 18:04:07.134 E/memtrack( 1918): Couldn't load memtrack module
06-18 18:04:07.134 W/android.os.Debug( 1918): failed to get memory consumption info: -1
06-18 18:04:07.136 I/AppOps  ( 1918): No existing app ops /data/system/appops.xml; starting empty
06-18 18:04:07.139 I/IntentFirewall( 1918): Read new rules (A:0 B:0 S:0)
06-18 18:04:07.150 I/ServiceManager( 1763): Waiting for service 'package_native' on '/dev/binder'...
06-18 18:04:07.152 W/libprocessgroup( 1918): Failed to remove /acct/uid_1003: Permission denied
06-18 18:04:07.157 D/AppOps  ( 1918): AppOpsService published
06-18 18:04:07.161 D/SystemServerTiming( 1918): StartActivityManager took to complete: 96ms
06-18 18:04:07.161 I/SystemServer( 1918): StartPowerManager
06-18 18:04:07.161 I/SystemServiceManager( 1918): Starting com.android.server.power.PowerManagerService
06-18 18:04:07.169 D/SystemServerTiming( 1918): StartPowerManager took to complete: 8ms
06-18 18:04:07.169 I/SystemServer( 1918): StartThermalManager
06-18 18:04:07.169 I/SystemServiceManager( 1918): Starting com.android.server.power.ThermalManagerService
06-18 18:04:07.170 D/SystemServerTiming( 1918): StartThermalManager took to complete: 0ms
06-18 18:04:07.170 I/SystemServer( 1918): InitPowerManagement
06-18 18:04:07.170 D/SystemServerTiming( 1918): InitPowerManagement took to complete: 1ms
06-18 18:04:07.170 I/SystemServer( 1918): StartRecoverySystemService
06-18 18:04:07.170 I/SystemServiceManager( 1918): Starting com.android.server.RecoverySystemService
06-18 18:04:07.171 D/SystemServerTiming( 1918): StartRecoverySystemService took to complete: 1ms
06-18 18:04:07.171 V/RescueParty( 1918): Disabled because of active USB connection
06-18 18:04:07.171 I/SystemServer( 1918): StartLightsService
06-18 18:04:07.171 I/SystemServiceManager( 1918): Starting com.android.server.lights.LightsService
06-18 18:04:07.176 D/SystemServerTiming( 1918): StartLightsService took to complete: 5ms
06-18 18:04:07.176 I/SystemServer( 1918): StartSidekickService
06-18 18:04:07.176 D/SystemServerTiming( 1918): StartSidekickService took to complete: 0ms
06-18 18:04:07.176 I/SystemServer( 1918): StartDisplayManager
06-18 18:04:07.176 I/SystemServiceManager( 1918): Starting com.android.server.display.DisplayManagerService
06-18 18:04:07.178 D/SystemServerTiming( 1918): StartDisplayManager took to complete: 2ms
06-18 18:04:07.178 I/SystemServer( 1918): WaitForDisplay
06-18 18:04:07.178 I/SystemServiceManager( 1918): Starting phase 100
06-18 18:04:07.180 E/SurfaceFlinger( 1710): ro.sf.lcd_density must be defined as a build property
06-18 18:04:07.184 I/DisplayManagerService( 1918): Display device added: DisplayDeviceInfo{"Built-in Screen": uniqueId="local:0", 320 x 640, modeId 1, defaultModeId 1, supportedModes [{id=1, width=320, height=640, fps=60.000004}], colorMode 0, supportedColorModes [0], HdrCapabilities android.view.Display$HdrCapabilities@40f16308, density 160, 160.0 x 160.0 dpi, appVsyncOff 1000000, presDeadline 16666666, touch INTERNAL, rotation 0, type BUILT_IN, address {port=0}, state UNKNOWN, FLAG_DEFAULT_DISPLAY, FLAG_ROTATES_WITH_CONTENT, FLAG_SECURE, FLAG_SUPPORTS_PROTECTED_BUFFERS}
06-18 18:04:07.187 D/SurfaceFlinger( 1710): Setting power mode 2 on display 0
06-18 18:04:07.188 I/hwservicemanager( 1567): getTransport: Cannot find entry android.hardware.light@2.0::ILight/default in either framework or device manifest.
06-18 18:04:07.188 D/SystemServerTiming( 1918): WaitForDisplay took to complete: 10ms
06-18 18:04:07.189 I/SystemServer( 1918): StartPackageManagerService
06-18 18:04:07.189 I/Watchdog( 1918): Pausing HandlerChecker: main thread for reason: packagemanagermain. Pause count: 1
06-18 18:04:07.189 W/StrictMode( 1918): No activity manager; failed to Dropbox violation.
06-18 18:04:07.190 I/DisplayManagerService( 1918): Display device changed state: "Built-in Screen", ON
06-18 18:04:07.209 W/FileUtils( 1918): Failed to chmod(/data/system/packages.list): android.system.ErrnoException: chmod failed: ENOENT (No such file or directory)
06-18 18:04:07.213 D/SELinuxMMAC( 1918): Using policy file /system/etc/selinux/plat_mac_permissions.xml
06-18 18:04:07.214 D/SELinuxMMAC( 1918): Using policy file /vendor/etc/selinux/vendor_mac_permissions.xml
06-18 18:04:07.190 I/chatty  ( 1918): uid=1000(system) android.display identical 4 lines
