06-22 04:15:40.154 I/MediaCodecsXmlParser( 1796): limit: measured-frame-rate-176x144-range = 881-1142
06-22 04:15:40.154 I/MediaCodecsXmlParser( 1796): limit: measured-frame-rate-320x180-range = 249-285
06-22 04:15:40.154 I/MediaCodecsXmlParser( 1796): limit: measured-frame-rate-640x360-range = 104-115
06-22 04:15:40.154 I/MediaCodecsXmlParser( 1796): limit: measured-frame-rate-1280x720-range = 34-35
06-22 04:15:40.154 I/MediaCodecsXmlParser( 1796): limit: measured-frame-rate-1920x1080-range = 26-29
06-22 04:15:40.154 I/MediaCodecsXmlParser( 1796): limit: measured-frame-rate-176x144-range = 1246-1390
06-22 04:15:40.154 I/MediaCodecsXmlParser( 1796): limit: measured-frame-rate-352x288-range = 1121-1128
06-22 04:15:40.154 I/MediaCodecsXmlParser( 1796): limit: measured-frame-rate-320x240-range = 299-629
06-22 04:15:40.154 I/MediaCodecsXmlParser( 1796): limit: measured-frame-rate-720x480-range = 215-250
06-22 04:15:40.154 I/MediaCodecsXmlParser( 1796): limit: measured-frame-rate-1280x720-range = 75-85
06-22 04:15:40.154 I/MediaCodecsXmlParser( 1796): limit: measured-frame-rate-1920x1080-range = 31-34
06-22 04:15:40.154 I/MediaCodecsXmlParser( 1796): limit: measured-frame-rate-352x288-range = 754-817
06-22 04:15:40.154 I/MediaCodecsXmlParser( 1796): limit: measured-frame-rate-640x360-range = 323-394
06-22 04:15:40.154 I/MediaCodecsXmlParser( 1796): limit: measured-frame-rate-720x480-range = 349-372
06-22 04:15:40.154 I/MediaCodecsXmlParser( 1796): limit: measured-frame-rate-1280x720-range = 144-157
06-22 04:15:40.154 I/MediaCodecsXmlParser( 1796): limit: measured-frame-rate-1920x1080-range = 74-85
06-22 04:15:40.154 I/MediaCodecsXmlParser( 1796): limit: measured-frame-rate-176x144-range = 1439-1625
06-22 04:15:40.154 I/MediaCodecsXmlParser( 1796): limit: measured-frame-rate-320x180-range = 1129-1261
06-22 04:15:40.154 I/MediaCodecsXmlParser( 1796): limit: measured-frame-rate-640x360-range = 471-525
06-22 04:15:40.154 I/MediaCodecsXmlParser( 1796): limit: measured-frame-rate-1280x720-range = 126-145
06-22 04:15:40.155 I/MediaCodecsXmlParser( 1796): limit: measured-frame-rate-1920x1080-range = 48-51
06-22 04:15:40.155 I/MediaCodecsXmlParser( 1796): limit: measured-frame-rate-2160x2160-range = 31-34
06-22 04:15:40.155 I/MediaCodecsXmlParser( 1796): limit: measured-frame-rate-320x180-range = 968-1101
06-22 04:15:40.155 I/MediaCodecsXmlParser( 1796): limit: measured-frame-rate-640x360-range = 291-338
06-22 04:15:40.155 I/MediaCodecsXmlParser( 1796): limit: measured-frame-rate-1280x720-range = 280-400
06-22 04:15:40.155 I/MediaCodecsXmlParser( 1796): limit: measured-frame-rate-1920x1080-range = 178-240
06-22 04:15:40.155 I/MediaCodecsXmlParser( 1796): limit: measured-frame-rate-2560x1440-range = 31-34
06-22 04:15:40.155 D/MediaCodecsXmlParser( 1796): Cannot find /data/misc/media/media_codecs_profiling_results.xml
06-22 04:15:40.156 I/ServiceManagement( 1796): Registered android.hardware.media.omx@1.0::IOmxStore/default (start delay of 425ms)
06-22 04:15:40.156 I/ServiceManagement( 1796): Removing namespace from process name android.hardware.media.omx@1.0-service to omx@1.0-service.
06-22 04:15:40.156 I/AndroidRuntime( 1665): Using default boot image
06-22 04:15:40.156 I/AndroidRuntime( 1665): Leaving lock profiling enabled
06-22 04:15:40.158 D/AndroidRuntime( 1666): >>>>>> START com.android.internal.os.ZygoteInit uid 0 <<<<<<
06-22 04:15:40.163 I/zygote64( 1665): option[0]=-Xzygote
06-22 04:15:40.163 I/zygote64( 1665): option[1]=exit
06-22 04:15:40.163 I/zygote64( 1665): option[2]=vfprintf
06-22 04:15:40.163 I/zygote64( 1665): option[3]=sensitiveThread
06-22 04:15:40.163 I/zygote64( 1665): option[4]=-verbose:gc
06-22 04:15:40.163 I/zygote64( 1665): option[5]=-Xms4m
06-22 04:15:40.163 I/zygote64( 1665): option[6]=-Xmx512m
06-22 04:15:40.163 I/zygote64( 1665): option[7]=-Xusejit:true
06-22 04:15:40.163 I/zygote64( 1665): option[8]=-Xjitsaveprofilinginfo
06-22 04:15:40.163 I/zygote64( 1665): option[9]=-XjdwpOptions:suspend=n,server=y
06-22 04:15:40.163 I/zygote64( 1665): option[10]=-XjdwpProvider:default
06-22 04:15:40.163 I/zygote64( 1665): option[11]=-Xlockprofthreshold:500
06-22 04:15:40.163 I/zygote64( 1665): option[12]=-Ximage-compiler-option
06-22 04:15:40.163 I/zygote64( 1665): option[13]=--runtime-arg
06-22 04:15:40.163 I/zygote64( 1665): option[14]=-Ximage-compiler-option
06-22 04:15:40.163 I/zygote64( 1665): option[15]=-Xms64m
06-22 04:15:40.163 I/zygote64( 1665): option[16]=-Ximage-compiler-option
06-22 04:15:40.163 I/zygote64( 1665): option[17]=--runtime-arg
06-22 04:15:40.163 I/zygote64( 1665): option[18]=-Ximage-compiler-option
06-22 04:15:40.163 I/zygote64( 1665): option[19]=-Xmx64m
06-22 04:15:40.163 I/zygote64( 1665): option[20]=-Ximage-compiler-option
06-22 04:15:40.163 I/zygote64( 1665): option[21]=--profile-file=/system/etc/boot-image.prof
06-22 04:15:40.163 I/zygote64( 1665): option[22]=-Ximage-compiler-option
06-22 04:15:40.163 I/zygote64( 1665): option[23]=--compiler-filter=speed-profile
06-22 04:15:40.163 I/zygote64( 1665): option[24]=-Xcompiler-option
06-22 04:15:40.163 I/zygote64( 1665): option[25]=--runtime-arg
06-22 04:15:40.163 I/zygote64( 1665): option[26]=-Xcompiler-option
06-22 04:15:40.163 I/zygote64( 1665): option[27]=-Xms64m
06-22 04:15:40.163 I/zygote64( 1665): option[28]=-Xcompiler-option
06-22 04:15:40.163 I/zygote64( 1665): option[29]=--runtime-arg
06-22 04:15:40.163 I/zygote64( 1665): option[30]=-Xcompiler-option
06-22 04:15:40.163 I/zygote64( 1665): option[31]=-Xmx512m
06-22 04:15:40.163 I/zygote64( 1665): option[32]=-Ximage-compiler-option
06-22 04:15:40.163 I/zygote64( 1665): option[33]=--instruction-set-variant=x86_64
06-22 04:15:40.163 I/zygote64( 1665): option[34]=-Xcompiler-option
06-22 04:15:40.163 I/zygote64( 1665): option[35]=--instruction-set-variant=x86_64
06-22 04:15:40.163 I/zygote64( 1665): option[36]=-Ximage-compiler-option
06-22 04:15:40.163 I/zygote64( 1665): option[37]=--instruction-set-features=default
06-22 04:15:40.163 I/zygote64( 1665): option[38]=-Xcompiler-option
06-22 04:15:40.163 I/zygote64( 1665): option[39]=--instruction-set-features=default
06-22 04:15:40.163 I/zygote64( 1665): option[40]=-Duser.locale=en-US
06-22 04:15:40.163 I/zygote64( 1665): option[41]=--cpu-abilist=x86_64
06-22 04:15:40.163 I/zygote64( 1665): option[42]=-Xcompiler-option
06-22 04:15:40.163 I/zygote64( 1665): option[43]=--generate-mini-debug-info
06-22 04:15:40.163 I/zygote64( 1665): option[44]=-Xcore-platform-api-policy:just-warn
06-22 04:15:40.163 I/zygote64( 1665): option[45]=-Xfingerprint:google/sdk_gphone_x86_64/generic_x86_64:10/QSR1.211112.011/13135432:userdebug/dev-keys
06-22 04:15:40.181 I/zygote64( 1665): Core platform API reporting enabled, enforcing=false
06-22 04:15:40.203 I/AndroidRuntime( 1666): Using default boot image
06-22 04:15:40.203 I/AndroidRuntime( 1666): Leaving lock profiling enabled
06-22 04:15:40.213 I/zygote  ( 1666): option[0]=-Xzygote
06-22 04:15:40.213 I/zygote  ( 1666): option[1]=exit
06-22 04:15:40.213 I/zygote  ( 1666): option[2]=vfprintf
06-22 04:15:40.213 I/zygote  ( 1666): option[3]=sensitiveThread
06-22 04:15:40.213 I/zygote  ( 1666): option[4]=-verbose:gc
06-22 04:15:40.213 I/zygote  ( 1666): option[5]=-Xms4m
06-22 04:15:40.213 I/zygote  ( 1666): option[6]=-Xmx512m
06-22 04:15:40.213 I/zygote  ( 1666): option[7]=-Xusejit:true
06-22 04:15:40.213 I/zygote  ( 1666): option[8]=-Xjitsaveprofilinginfo
06-22 04:15:40.213 I/zygote  ( 1666): option[9]=-XjdwpOptions:suspend=n,server=y
06-22 04:15:40.213 I/zygote  ( 1666): option[10]=-XjdwpProvider:default
06-22 04:15:40.213 I/zygote  ( 1666): option[11]=-Xlockprofthreshold:500
06-22 04:15:40.213 I/zygote  ( 1666): option[12]=-Ximage-compiler-option
06-22 04:15:40.213 I/zygote  ( 1666): option[13]=--runtime-arg
06-22 04:15:40.213 I/zygote  ( 1666): option[14]=-Ximage-compiler-option
06-22 04:15:40.213 I/zygote  ( 1666): option[15]=-Xms64m
06-22 04:15:40.213 I/zygote  ( 1666): option[16]=-Ximage-compiler-option
06-22 04:15:40.213 I/zygote  ( 1666): option[17]=--runtime-arg
06-22 04:15:40.213 I/zygote  ( 1666): option[18]=-Ximage-compiler-option
06-22 04:15:40.213 I/zygote  ( 1666): option[19]=-Xmx64m
06-22 04:15:40.213 I/zygote  ( 1666): option[20]=-Ximage-compiler-option
06-22 04:15:40.213 I/zygote  ( 1666): option[21]=--profile-file=/system/etc/boot-image.prof
06-22 04:15:40.213 I/zygote  ( 1666): option[22]=-Ximage-compiler-option
06-22 04:15:40.213 I/zygote  ( 1666): option[23]=--compiler-filter=speed-profile
06-22 04:15:40.213 I/zygote  ( 1666): option[24]=-Xcompiler-option
06-22 04:15:40.213 I/zygote  ( 1666): option[25]=--runtime-arg
06-22 04:15:40.213 I/zygote  ( 1666): option[26]=-Xcompiler-option
06-22 04:15:40.213 I/zygote  ( 1666): option[27]=-Xms64m
06-22 04:15:40.213 I/zygote  ( 1666): option[28]=-Xcompiler-option
06-22 04:15:40.213 I/zygote  ( 1666): option[29]=--runtime-arg
06-22 04:15:40.213 I/zygote  ( 1666): option[30]=-Xcompiler-option
06-22 04:15:40.213 I/zygote  ( 1666): option[31]=-Xmx512m
06-22 04:15:40.213 I/zygote  ( 1666): option[32]=-Ximage-compiler-option
06-22 04:15:40.213 I/zygote  ( 1666): option[33]=--instruction-set-variant=x86_64
06-22 04:15:40.213 I/zygote  ( 1666): option[34]=-Xcompiler-option
06-22 04:15:40.213 I/zygote  ( 1666): option[35]=--instruction-set-variant=x86_64
06-22 04:15:40.213 I/zygote  ( 1666): option[36]=-Ximage-compiler-option
06-22 04:15:40.213 I/zygote  ( 1666): option[37]=--instruction-set-features=default
06-22 04:15:40.213 I/zygote  ( 1666): option[38]=-Xcompiler-option
06-22 04:15:40.213 I/zygote  ( 1666): option[39]=--instruction-set-features=default
06-22 04:15:40.213 I/zygote  ( 1666): option[40]=-Duser.locale=en-US
06-22 04:15:40.213 I/zygote  ( 1666): option[41]=--cpu-abilist=x86
06-22 04:15:40.213 I/zygote  ( 1666): option[42]=-Xcompiler-option
06-22 04:15:40.213 I/zygote  ( 1666): option[43]=--generate-mini-debug-info
06-22 04:15:40.213 I/zygote  ( 1666): option[44]=-Xcore-platform-api-policy:just-warn
06-22 04:15:40.213 I/zygote  ( 1666): option[45]=-Xfingerprint:google/sdk_gphone_x86_64/generic_x86_64:10/QSR1.211112.011/13135432:userdebug/dev-keys
06-22 04:15:40.218 I/ServiceManager( 1785): Waiting for service 'package_native' on '/dev/binder'...
06-22 04:15:40.231 I/BootAnimation( 1833): boot animation disabled
06-22 04:15:40.248 I/zygote  ( 1666): Core platform API reporting enabled, enforcing=false
06-22 04:15:40.252 I/cameraserver( 1767): ServiceManager: 0x7eac2a8a4100
06-22 04:15:40.253 I/CameraService( 1767): CameraService started (pid=1767)
06-22 04:15:40.253 I/CameraService( 1767): CameraService process starting
06-22 04:15:40.253 W/BatteryNotifier( 1767): batterystats service unavailable!
06-22 04:15:40.253 W/BatteryNotifier( 1767): batterystats service unavailable!
06-22 04:15:40.255 I/CameraProviderManager( 1767): Connecting to new camera provider: legacy/0, isRemote? 1
06-22 04:15:40.256 I/CameraProviderManager( 1767): Camera provider legacy/0 ready with 0 camera devices
06-22 04:15:40.256 I/hwservicemanager( 1568): getTransport: Cannot find entry android.hardware.camera.provider@2.4::ICameraProvider/external/0 in either framework or device manifest.
06-22 04:15:40.256 I/        ( 1767): Waiting for activity service
06-22 04:15:40.270 W/CameraProviderManager( 1767): addProviderLocked: Camera provider HAL with name 'legacy/0' already registered
06-22 04:15:40.283 I/mediaserver( 1780): ServiceManager: 0xeab06ca0
06-22 04:15:40.301 I//apex/com.android.media.swcodec/bin/mediaswcodec( 1799): media swcodec service starting
06-22 04:15:40.305 W/BatteryNotifier( 1780): batterystats service unavailable!
06-22 04:15:40.306 W//apex/com.android.media.swcodec/bin/mediaswcodec( 1799): Could not read additional policy file '/vendor/etc/seccomp_policy/mediaswcodec.policy'
06-22 04:15:40.306 W//apex/com.android.media.swcodec/bin/mediaswcodec( 1799): libminijail[1799]: failed to get path of fd 4: No such file or directory
06-22 04:15:40.306 W//apex/com.android.media.swcodec/bin/mediaswcodec( 1799): libminijail[1799]: allowing syscall: socket
06-22 04:15:40.306 W//apex/com.android.media.swcodec/bin/mediaswcodec( 1799): libminijail[1799]: allowing syscall: connect
06-22 04:15:40.306 W//apex/com.android.media.swcodec/bin/mediaswcodec( 1799): libminijail[1799]: allowing syscall: fcntl
06-22 04:15:40.306 W//apex/com.android.media.swcodec/bin/mediaswcodec( 1799): libminijail[1799]: allowing syscall: writev
06-22 04:15:40.306 W//apex/com.android.media.swcodec/bin/mediaswcodec( 1799): libminijail[1799]: compile_file: <fd>(20): nonexistent syscall 'getuid32'
06-22 04:15:40.306 W//apex/com.android.media.swcodec/bin/mediaswcodec( 1799): libminijail[1799]: compile_file: <fd>(26): nonexistent syscall 'mmap2'
06-22 04:15:40.306 W//apex/com.android.media.swcodec/bin/mediaswcodec( 1799): libminijail[1799]: compile_file: <fd>(28): nonexistent syscall 'fstat64'
06-22 04:15:40.306 W//apex/com.android.media.swcodec/bin/mediaswcodec( 1799): libminijail[1799]: compile_file: <fd>(30): nonexistent syscall 'stat64'
06-22 04:15:40.306 W//apex/com.android.media.swcodec/bin/mediaswcodec( 1799): libminijail[1799]: compile_file: <fd>(31): nonexistent syscall 'statfs64'
06-22 04:15:40.306 W//apex/com.android.media.swcodec/bin/mediaswcodec( 1799): libminijail[1799]: compile_file: <fd>(33): nonexistent syscall 'fstatat64'
06-22 04:15:40.306 W//apex/com.android.media.swcodec/bin/mediaswcodec( 1799): libminijail[1799]: compile_file: <fd>(38): nonexistent syscall '_llseek'
06-22 04:15:40.306 W//apex/com.android.media.swcodec/bin/mediaswcodec( 1799): libminijail[1799]: compile_file: <fd>(47): nonexistent syscall 'ugetrlimit'
06-22 04:15:40.306 W//apex/com.android.media.swcodec/bin/mediaswcodec( 1799): libminijail[1799]: compile_file: <fd>(50): nonexistent syscall '_llseek'
06-22 04:15:40.306 W//apex/com.android.media.swcodec/bin/mediaswcodec( 1799): libminijail[1799]: compile_file: <fd>(51): nonexistent syscall 'fstatfs64'
06-22 04:15:40.307 W//apex/com.android.media.swcodec/bin/mediaswcodec( 1799): libminijail[1799]: compile_file: <fd>(63): nonexistent syscall 'ftruncate64'
06-22 04:15:40.307 W//apex/com.android.media.swcodec/bin/mediaswcodec( 1799): libminijail[1799]: compile_file: /system/etc/seccomp_policy/crash_dump.x86.policy(5): nonexistent syscall 'sigreturn'
06-22 04:15:40.307 W//apex/com.android.media.swcodec/bin/mediaswcodec( 1799): libminijail[1799]: compile_file: /system/etc/seccomp_policy/crash_dump.x86.policy(31): nonexistent syscall 'getuid32'
06-22 04:15:40.307 W//apex/com.android.media.swcodec/bin/mediaswcodec( 1799): libminijail[1799]: compile_file: /system/etc/seccomp_policy/crash_dump.x86.policy(32): nonexistent syscall 'fstat64'
06-22 04:15:40.307 W//apex/com.android.media.swcodec/bin/mediaswcodec( 1799): libminijail[1799]: compile_file: /system/etc/seccomp_policy/crash_dump.x86.policy(33): nonexistent syscall 'mmap2'
06-22 04:15:40.307 W//apex/com.android.media.swcodec/bin/mediaswcodec( 1799): libminijail[1799]: compile_file: /system/etc/seccomp_policy/crash_dump.x86.policy(34): nonexistent syscall 'geteuid32'
06-22 04:15:40.307 W//apex/com.android.media.swcodec/bin/mediaswcodec( 1799): libminijail[1799]: compile_file: /system/etc/seccomp_policy/crash_dump.x86.policy(35): nonexistent syscall 'getgid32'
06-22 04:15:40.307 W//apex/com.android.media.swcodec/bin/mediaswcodec( 1799): libminijail[1799]: compile_file: /system/etc/seccomp_policy/crash_dump.x86.policy(36): nonexistent syscall 'getegid32'
06-22 04:15:40.307 W//apex/com.android.media.swcodec/bin/mediaswcodec( 1799): libminijail[1799]: compile_file: /system/etc/seccomp_policy/crash_dump.x86.policy(37): nonexistent syscall 'getgroups32'
06-22 04:15:40.307 W//apex/com.android.media.swcodec/bin/mediaswcodec( 1799): libminijail[1799]: logging seccomp filter failures
06-22 04:15:40.308 I/CodecServiceRegistrant( 1799): Creating software Codec2 service...
06-22 04:15:40.314 I/ServiceManagement( 1799): Registered android.hardware.media.c2@1.0::IComponentStore/software (start delay of 574ms)
06-22 04:15:40.314 I/CodecServiceRegistrant( 1799): Software Codec2 service created.
06-22 04:15:40.319 I/ServiceManager( 1785): Waiting for service 'package_native' on '/dev/binder'...
06-22 04:15:40.326 E/MediaExtractorFactory( 1777): couldn't opendir(/system/lib64/extractors)
06-22 04:15:40.347 I/FastMixerState( 1724): sMaxFastTracks = 8
06-22 04:15:40.349 V/MediaUtils( 1724): physMem: 2089566208
06-22 04:15:40.349 V/MediaUtils( 1724): requested limit: 417913240
06-22 04:15:40.349 I/libc    ( 1724): malloc_limit: Allocation limit enabled, max size 417913240 bytes
06-22 04:15:40.349 I/audioserver( 1724): ServiceManager: 0x7bcb01796dc0
06-22 04:15:40.349 W/BatteryNotifier( 1724): batterystats service unavailable!
06-22 04:15:40.350 I/hwservicemanager( 1568): getTransport: Cannot find entry android.hardware.audio@5.0::IDevicesFactory/default in either framework or device manifest.
06-22 04:15:40.350 I/hwservicemanager( 1568): getTransport: Cannot find entry android.hardware.audio@4.0::IDevicesFactory/msd in either framework or device manifest.
06-22 04:15:40.351 I/hwservicemanager( 1568): getTransport: Cannot find entry android.hardware.audio.effect@5.0::IEffectsFactory/default in either framework or device manifest.
06-22 04:15:40.351 I/AudioFlinger( 1724): Using default 3000 mSec as standby time.
06-22 04:15:40.356 E/APM::Serializer( 1724): deserialize: Could not parse /odm/etc/audio_policy_configuration.xml document.
06-22 04:15:40.359 E/APM::AudioPolicyEngine/Config( 1724): parse: Could not parse document /vendor/etc/audio_policy_engine_configuration.xml
06-22 04:15:40.359 W/APM::AudioPolicyEngine/Base( 1724): loadAudioPolicyEngineConfig: No configuration found, using default matching phone experience.
06-22 04:15:40.359 E/APM::AudioPolicyEngine/Config( 1724): parseLegacyVolumeFile: Could not parse document /odm/etc/audio_policy_configuration.xml
06-22 04:15:40.363 D/audio_hw_generic( 1672): Emulator host-side ALSA audio emulation detected.
06-22 04:15:40.363 D/audio_hw_generic( 1672): mixer 0 name Master Playback Volume
06-22 04:15:40.363 D/audio_hw_generic( 1672): set ctl 0 to 100
06-22 04:15:40.363 D/audio_hw_generic( 1672): set ctl 1 to 100
06-22 04:15:40.363 D/audio_hw_generic( 1672): mixer 1 name Master Playback Switch
06-22 04:15:40.363 D/audio_hw_generic( 1672): set ctl 0 to 1
06-22 04:15:40.363 D/audio_hw_generic( 1672): set ctl 1 to 1
06-22 04:15:40.363 D/audio_hw_generic( 1672): mixer 2 name Capture Volume
06-22 04:15:40.363 D/audio_hw_generic( 1672): set ctl 0 to 100
06-22 04:15:40.363 D/audio_hw_generic( 1672): set ctl 1 to 100
06-22 04:15:40.363 D/audio_hw_generic( 1672): mixer 3 name Capture Switch
06-22 04:15:40.364 D/audio_hw_generic( 1672): set ctl 0 to 1
06-22 04:15:40.364 D/audio_hw_generic( 1672): set ctl 1 to 1
06-22 04:15:40.364 D/audio_hw_generic( 1672): mixer 4 name Line Phantom Jack
06-22 04:15:40.364 D/audio_hw_generic( 1672): mixer 5 name Line Out Phantom Jack
06-22 04:15:40.364 D/audio_hw_generic( 1672): mixer 6 name Playback Channel Map
06-22 04:15:40.364 D/audio_hw_generic( 1672): mixer 7 name Capture Channel Map
06-22 04:15:40.364 W/DeviceHAL( 1672): Error from HAL Device in function get_master_volume: Function not implemented
06-22 04:15:40.364 W/DeviceHAL( 1672): Error from HAL Device in function get_master_mute: Function not implemented
06-22 04:15:40.364 W/DeviceHAL( 1672): Error from HAL Device in function set_master_volume: Function not implemented
06-22 04:15:40.364 W/DeviceHAL( 1672): Error from HAL Device in function set_master_mute: Function not implemented
06-22 04:15:40.364 I/AudioFlinger( 1724): loadHwModule() Loaded primary audio interface, handle 10
06-22 04:15:40.364 I/AudioFlinger( 1724): openOutput() this 0x7bcb017a1600, module 10 Device 0x2, SamplingRate 44100, Format 0x000001, Channels 0x3, flags 0x2
06-22 04:15:40.372 W/AudioFlinger( 1724): HAL output buffer size is 661 frames but AudioMixer requires multiples of 16 frames
06-22 04:15:40.372 I/AudioFlinger( 1724): HAL output buffer size 661 frames, normal sink buffer size 1056 frames
06-22 04:15:40.373 I/hwservicemanager( 1568): getTransport: Cannot find entry android.hardware.audio.effect@5.0::IEffectsFactory/default in either framework or device manifest.
06-22 04:15:40.381 I/BufferProvider( 1724): found effect "Multichannel Downmix To Stereo" from The Android Open Source Project
06-22 04:15:40.381 I/AudioFlinger( 1724): Using module 10 as the primary audio interface
06-22 04:15:40.382 V/APM_AudioPolicyManager( 1724): checkAndSetVolume cannot set volume group 3 volume with force use = 0 for comm
06-22 04:15:40.384 W/AudioFlinger( 1724): moveEffects() bad srcOutput 0
06-22 04:15:40.384 V/APM_AudioPolicyManager( 1724): selectOutputForMusicEffects selected output 13
06-22 04:15:40.384 V/APM_AudioPolicyManager( 1724): setOutputDevices device {type:0x2,@:} delayMs 0
06-22 04:15:40.384 V/APM_AudioPolicyManager( 1724): setOutputDevices() prevDevice {type:0x2,@:}
06-22 04:15:40.384 V/APM_AudioPolicyManager( 1724): setOutputDevices changing device to {type:0x2,@:}
06-22 04:15:40.388 I/AudioFlinger( 1724): AudioFlinger's thread 0x7bcb018407c0 tid=1860 ready to run
06-22 04:15:40.388 W/AudioFlinger( 1724): no wake lock to update, system not ready yet
06-22 04:15:40.388 V/APM_AudioPolicyManager( 1724): setOutputDevices() AF::createAudioPatch returned 0 patchHandle 12 num_sources 1 num_sinks 1
06-22 04:15:40.389 V/APM_AudioPolicyManager( 1724): checkAndSetVolume cannot set volume group 3 volume with force use = 0 for comm
06-22 04:15:40.392 W/AudioFlinger( 1724): no wake lock to update, system not ready yet
06-22 04:15:40.399 I/AudioFlinger( 1724): AudioFlinger's thread 0x7bcafc98c300 tid=1862 ready to run
06-22 04:15:40.402 I/r_submix( 1672): adev_open(name=audio_hw_if)
06-22 04:15:40.402 I/r_submix( 1672): adev_init_check()
06-22 04:15:40.403 W/DeviceHAL( 1672): Error from HAL Device in function set_master_volume: Function not implemented
06-22 04:15:40.403 W/DeviceHAL( 1672): Error from HAL Device in function set_master_mute: Function not implemented
06-22 04:15:40.403 I/AudioFlinger( 1724): loadHwModule() Loaded r_submix audio interface, handle 18
06-22 04:15:40.403 D/r_submix( 1672): adev_open_input_stream(addr=0)
06-22 04:15:40.403 D/r_submix( 1672): submix_audio_device_create_pipe_l(addr=0, idx=9)
06-22 04:15:40.403 D/r_submix( 1672):   now using address 0 for route 9
06-22 04:15:40.404 I/AudioFlinger( 1724): AudioFlinger's thread 0x7bcafc98cf80 tid=1864 ready to run
06-22 04:15:40.404 I/r_submix( 1672): in_standby()
06-22 04:15:40.405 W/AudioFlinger( 1724): no wake lock to update, system not ready yet
06-22 04:15:40.405 I/r_submix( 1672): in_standby()
06-22 04:15:40.406 W/AudioFlinger( 1724): no wake lock to update, system not ready yet
06-22 04:15:40.407 I/        ( 1724): Waiting for activity service
06-22 04:15:40.407 D/r_submix( 1672): adev_close_input_stream()
06-22 04:15:40.407 D/r_submix( 1672): submix_audio_device_release_pipe_l(idx=9) addr=0
06-22 04:15:40.407 D/r_submix( 1672): submix_audio_device_destroy_pipe_l(): pipe destroyed
06-22 04:15:40.419 I/ServiceManager( 1785): Waiting for service 'package_native' on '/dev/binder'...
06-22 04:15:40.512 D/ICU     ( 1666): Time zone APEX file found: /apex/com.android.tzdata/etc/icu/icu_tzdata.dat
06-22 04:15:40.513 D/ICU     ( 1665): Time zone APEX file found: /apex/com.android.tzdata/etc/icu/icu_tzdata.dat
06-22 04:15:40.519 I/ServiceManager( 1785): Waiting for service 'package_native' on '/dev/binder'...
06-22 04:15:40.540 I/netd    ( 1664): Setting up StrictController hooks: 615.4ms
06-22 04:15:40.540 I/ClatdController( 1664): 4.9+ kernel and device shipped with P - clat ebpf might work.
06-22 04:15:40.541 I/netd    ( 1664): Initializing ClatdController: 0.1ms
06-22 04:15:40.544 I/netd    ( 1664): Initializing traffic control: 3.6ms
06-22 04:15:40.546 I/netd    ( 1664): Enabling bandwidth control: 1.8ms
06-22 04:15:40.546 E/Netd    ( 1664): cannot find interface dummy0
06-22 04:15:40.547 I/netd    ( 1664): Initializing RouteController: 0.9ms
06-22 04:15:40.547 D/XfrmController( 1664): XfrmController::ipSecAddXfrmInterface, line=1379
06-22 04:15:40.548 D/XfrmController( 1664): XfrmController::ipSecRemoveTunnelInterface, line=1592
06-22 04:15:40.548 D/XfrmController( 1664): deviceName=ipsec_test
06-22 04:15:40.550 W/zygote  ( 1666): Unexpected CPU variant for X86 using defaults: x86_64
06-22 04:15:40.554 W/zygote64( 1665): Unexpected CPU variant for X86 using defaults: x86_64
06-22 04:15:40.600 D/XfrmController( 1664): Sending Netlink XFRM Message: XFRM_MSG_FLUSHSA
06-22 04:15:40.600 D/XfrmController( 1664): Sending Netlink XFRM Message: XFRM_MSG_FLUSHPOLICY
06-22 04:15:40.600 I/netd    ( 1664): Initializing XfrmController: 53.7ms
06-22 04:15:40.601 E/Netd    ( 1664): Unable to create netlink socket for family 5: Protocol not supported
06-22 04:15:40.601 W/Netd    ( 1664): Unable to open qlog quota socket, check if xt_quota2 can send via UeventHandler
06-22 04:15:40.605 I/libnetd_resolv( 1664): resolv_init: Initializing resolver
06-22 04:15:40.606 D/MDnsDS  ( 1664): MDnsSdListener::Hander starting up
06-22 04:15:40.606 I/netd    ( 1664): Registering NetdNativeService: 0.2ms
06-22 04:15:40.607 D/MDnsDS  ( 1664): MDnsSdListener starting to monitor
06-22 04:15:40.607 D/MDnsDS  ( 1664): Going to poll with pollCount 1
06-22 04:15:40.610 I/ServiceManagement( 1664): Registered android.system.net.netd@1.1::INetd/default (start delay of 1420ms)
06-22 04:15:40.611 I/netd    ( 1664): Registering NetdHwService: 4.1ms
06-22 04:15:40.611 I/netd    ( 1664): Netd started in 1374ms
06-22 04:15:40.619 I/ServiceManager( 1785): Waiting for service 'package_native' on '/dev/binder'...
06-22 04:15:40.620 W/zygote  ( 1666): JNI RegisterNativeMethods: attempt to register 0 native methods for android.media.AudioAttributes
06-22 04:15:40.621 W/zygote64( 1665): JNI RegisterNativeMethods: attempt to register 0 native methods for android.media.AudioAttributes
06-22 04:15:40.630 D/Zygote  ( 1665): begin preload
06-22 04:15:40.630 I/Zygote  ( 1665): Calling ZygoteHooks.beginPreload()
06-22 04:15:40.638 I/zygote  ( 1666): Explicit concurrent copying GC freed 296(39KB) AllocSpace objects, 0(0B) LOS objects, 98% free, 24KB/1560KB, paused 1.239ms total 7.081ms
06-22 04:15:40.643 I/zygote  ( 1666): Explicit concurrent copying GC freed 5(32KB) AllocSpace objects, 0(0B) LOS objects, 98% free, 24KB/1560KB, paused 713us total 3.334ms
06-22 04:15:40.643 D/Zygote32Timing( 1666): PostZygoteInitGC took to complete: 12ms
06-22 04:15:40.643 D/Zygote32Timing( 1666): ZygoteInit took to complete: 12ms
06-22 04:15:40.649 D/Zygote64Timing( 1665): BeginPreload took to complete: 20ms
06-22 04:15:40.650 I/Zygote  ( 1665): Preloading classes...
06-22 04:15:40.651 W/Zygote  ( 1665): Class not found for preloading: android.app.-$$Lambda$ActivityThread$ZXDWm3IBeFmLnFVblhB-IOZCr9o
06-22 04:15:40.678 I/adbd    ( 1755): adbd listening on port 5555
06-22 04:15:40.679 I/adbd    ( 1755): USB event: FUNCTIONFS_ENABLE
06-22 04:15:40.679 W/adbd    ( 1755): received FUNCTIONFS_ENABLE while not bound?
06-22 04:15:40.679 I/adbd    ( 1755): UsbFfs: connection terminated: monitor thread finished
06-22 04:15:40.679 I/adbd    ( 1755): UsbFfs: already offline
06-22 04:15:40.679 I/adbd    ( 1755): destroying transport UsbFfs
06-22 04:15:40.679 I/adbd    ( 1755): UsbFfsConnection being destroyed
06-22 04:15:40.691 W/Zygote  ( 1665): Class not found for preloading: android.bluetooth.BluetoothA2dp$2
06-22 04:15:40.694 I/Zygote  ( 1666): Accepting command socket connections
06-22 04:15:40.697 I/PackageBackwardCompatibility( 1665): Could not find android.content.pm.AndroidTestBaseUpdater, ignoring
06-22 04:15:40.720 I/ServiceManager( 1785): Waiting for service 'package_native' on '/dev/binder'...
06-22 04:15:40.750 I/adbd    ( 1755): opening control endpoint /dev/usb-ffs/adb/ep0
06-22 04:15:40.759 I/adbd    ( 1755): UsbFfsConnection constructed
06-22 04:15:40.760 I/adbd    ( 1755): USB event: FUNCTIONFS_BIND
06-22 04:15:40.820 I/ServiceManager( 1785): Waiting for service 'package_native' on '/dev/binder'...
06-22 04:15:40.881 E/ActivityRecognitionHardware( 1665): activity_recognition HAL is deprecated. class_init is effectively a no-op
06-22 04:15:40.904 I/zygote64( 1665): Thread[1,tid=1665,Native,Thread*=0x7d3097675000,peer=0x12c02208,"main"] recursive attempt to load library "libmedia_jni.so"
06-22 04:15:40.904 D/MtpDeviceJNI( 1665): register_android_mtp_MtpDevice
06-22 04:15:40.904 I/zygote64( 1665): Thread[1,tid=1665,Native,Thread*=0x7d3097675000,peer=0x12c02208,"main"] recursive attempt to load library "libmedia_jni.so"
06-22 04:15:40.904 I/zygote64( 1665): Thread[1,tid=1665,Native,Thread*=0x7d3097675000,peer=0x12c02208,"main"] recursive attempt to load library "libmedia_jni.so"
06-22 04:15:40.909 W/Zygote  ( 1665): Class not found for preloading: android.media.audiopolicy.AudioProductStrategies
06-22 04:15:40.909 W/Zygote  ( 1665): Class not found for preloading: android.media.audiopolicy.AudioVolumeGroups
06-22 04:15:40.920 I/ServiceManager( 1785): Waiting for service 'package_native' on '/dev/binder'...
06-22 04:15:40.970 W/Zygote  ( 1665): Class not found for preloading: android.view.textclassifier.-$$Lambda$TextClassificationManager$JIaezIJbMig_-kVzN6oArzkTsJE
06-22 04:15:40.974 W/Zygote  ( 1665): Class not found for preloading: com.android.internal.net.NetworkStatsFactory
06-22 04:15:40.977 W/Zygote  ( 1665): Class not found for preloading: com.android.internal.telephony.-$$Lambda$PhoneSubInfoController$8HFbCDJDN1mrLJG980qYH5MGqMk
06-22 04:15:40.977 W/Zygote  ( 1665): Class not found for preloading: com.android.internal.telephony.-$$Lambda$PhoneSubInfoController$U28a_EGx2cvmQhDfRRgonMt5Zrc
06-22 04:15:40.977 W/Zygote  ( 1665): Class not found for preloading: com.android.internal.telephony.-$$Lambda$SubscriptionInfoUpdater$-zZXM9oMRZ3vZz7dJOG19J00Bmw
06-22 04:15:40.977 W/Zygote  ( 1665): Class not found for preloading: com.android.internal.telephony.-$$Lambda$SubscriptionInfoUpdater$D5yF1HbS4cvCyoAj3FESkPtA_0g
06-22 04:15:40.977 W/Zygote  ( 1665): Class not found for preloading: com.android.internal.telephony.-$$Lambda$SubscriptionInfoUpdater$MMx9iQX0JVqqMPLTUZhdBubFSzU
06-22 04:15:40.982 W/Zygote  ( 1665): Class not found for preloading: com.android.internal.telephony.PhoneConfigurationModels
06-22 04:15:40.984 W/Zygote  ( 1665): Class not found for preloading: com.android.internal.telephony.SubscriptionController$ScLocalLog
06-22 04:15:40.985 W/Zygote  ( 1665): Class not found for preloading: com.android.internal.telephony.UiccSmsController
06-22 04:15:41.005 I/Zygote  ( 1665): ...preloaded 7590 classes in 356ms.
06-22 04:15:41.005 I/zygote64( 1665): VMRuntime.preloadDexCaches starting
06-22 04:15:41.017 I/zygote64( 1665): VMRuntime.preloadDexCaches strings total=378948 before=9925 after=9925
06-22 04:15:41.017 I/zygote64( 1665): VMRuntime.preloadDexCaches types total=35812 before=7199 after=7467
06-22 04:15:41.017 I/zygote64( 1665): VMRuntime.preloadDexCaches fields total=160603 before=8020 after=8221
06-22 04:15:41.017 I/zygote64( 1665): VMRuntime.preloadDexCaches methods total=281511 before=10884 after=11316
06-22 04:15:41.017 I/zygote64( 1665): VMRuntime.preloadDexCaches finished
06-22 04:15:41.017 D/Zygote64Timing( 1665): PreloadClasses took to complete: 368ms
06-22 04:15:41.019 I/zygote64( 1665): The ClassLoaderContext is a special shared library.
06-22 04:15:41.020 D/ApplicationLoaders( 1665): Created zygote-cached class loader: /system/framework/android.hidl.base-V1.0-java.jar
06-22 04:15:41.021 I/ServiceManager( 1785): Waiting for service 'package_native' on '/dev/binder'...
06-22 04:15:41.021 I/zygote64( 1665): The ClassLoaderContext is a special shared library.
06-22 04:15:41.022 D/ApplicationLoaders( 1665): Created zygote-cached class loader: /system/framework/android.hidl.manager-V1.0-java.jar
06-22 04:15:41.022 D/Zygote64Timing( 1665): CacheNonBootClasspathClassLoaders took to complete: 4ms
06-22 04:15:41.121 I/ServiceManager( 1785): Waiting for service 'package_native' on '/dev/binder'...
06-22 04:15:41.200 I/Zygote  ( 1665): Preloading resources...
06-22 04:15:41.208 W/Resources( 1665): Preloaded drawable resource #0x108027c (android:drawable/dialog_background_material) that varies with configuration!!
06-22 04:15:41.213 I/Zygote  ( 1665): ...preloaded 64 resources in 13ms.
06-22 04:15:41.215 I/Zygote  ( 1665): ...preloaded 41 resources in 1ms.
06-22 04:15:41.215 D/Zygote64Timing( 1665): PreloadResources took to complete: 193ms
06-22 04:15:41.218 I/Zygote  ( 1665): Preloading shared libraries...
06-22 04:15:41.221 I/ServiceManager( 1785): Waiting for service 'package_native' on '/dev/binder'...
06-22 04:15:41.223 I/Zygote  ( 1665): Called ZygoteHooks.endPreload()
06-22 04:15:41.223 I/Zygote  ( 1665): Installed AndroidKeyStoreProvider in 0ms.
06-22 04:15:41.225 I/Zygote  ( 1665): Warmed up JCA providers in 2ms.
06-22 04:15:41.225 D/Zygote  ( 1665): end preload
06-22 04:15:41.225 D/Zygote64Timing( 1665): ZygotePreload took to complete: 595ms
06-22 04:15:41.230 I/zygote64( 1665): Explicit concurrent copying GC freed 18264(873KB) AllocSpace objects, 0(0B) LOS objects, 71% free, 2436KB/8580KB, paused 371us total 4.988ms
06-22 04:15:41.237 I/zygote64( 1665): Explicit concurrent copying GC freed 1642(80KB) AllocSpace objects, 0(0B) LOS objects, 72% free, 2371KB/8515KB, paused 367us total 4.208ms
06-22 04:15:41.237 D/Zygote64Timing( 1665): PostZygoteInitGC took to complete: 13ms
06-22 04:15:41.237 D/Zygote64Timing( 1665): ZygoteInit took to complete: 608ms
06-22 04:15:41.302 D/Zygote  ( 1665): Forked child process 1911
06-22 04:15:41.302 I/Zygote  ( 1665): System server process 1911 has been created
06-22 04:15:41.303 I/Zygote  ( 1665): Accepting command socket connections
06-22 04:15:41.307 I/system_server( 1911): The ClassLoaderContext is a special shared library.
06-22 04:15:41.317 I/system_server( 1911): The ClassLoaderContext is a special shared library.
06-22 04:15:41.322 I/ServiceManager( 1785): Waiting for service 'package_native' on '/dev/binder'...
06-22 04:15:41.324 I/system_server( 1911): The ClassLoaderContext is a special shared library.
06-22 04:15:41.326 I/system_server( 1911): The ClassLoaderContext is a special shared library.
06-22 04:15:41.328 W/system_server( 1911): Unexpected CPU variant for X86 using defaults: x86_64
06-22 04:15:41.357 I/SystemServer( 1911): InitBeforeStartServices
06-22 04:15:41.359 W/SystemServer( 1911): Timezone not set; setting to GMT.
06-22 04:15:41.362 I/SystemServer( 1911): Entered the Android system server!
06-22 04:15:41.422 I/ServiceManager( 1785): Waiting for service 'package_native' on '/dev/binder'...
06-22 04:15:41.472 I/adbd    ( 1755): USB event: FUNCTIONFS_ENABLE
06-22 04:15:41.474 E/UsbAlsaJackDetectorJNI( 1911): Can't register UsbAlsaJackDetector native methods
06-22 04:15:41.487 D/SystemServerTiming( 1911): InitBeforeStartServices took to complete: 129ms
06-22 04:15:41.487 I/SystemServer( 1911): StartServices
06-22 04:15:41.487 I/SystemServer( 1911): StartWatchdog
06-22 04:15:41.496 D/SystemServerTiming( 1911): StartWatchdog took to complete: 10ms
06-22 04:15:41.497 I/SystemServer( 1911): Reading configuration...
06-22 04:15:41.497 I/SystemServer( 1911): ReadingSystemConfig
06-22 04:15:41.499 D/SystemServerTiming( 1911): ReadingSystemConfig took to complete: 3ms
06-22 04:15:41.499 I/SystemServer( 1911): StartInstaller
06-22 04:15:41.499 I/SystemServiceManager( 1911): Starting com.android.server.pm.Installer
06-22 04:15:41.501 D/SystemServerInitThreadPool( 1911): Started executing ReadingSystemConfig
06-22 04:15:41.501 D/installd( 1772): Found quota mount /dev/block/vdc at /data
06-22 04:15:41.502 D/SystemServerTiming( 1911): StartInstaller took to complete: 2ms
06-22 04:15:41.502 I/SystemServer( 1911): DeviceIdentifiersPolicyService
06-22 04:15:41.502 I/SystemServiceManager( 1911): Starting com.android.server.os.DeviceIdentifiersPolicyService
06-22 04:15:41.502 D/SystemServerTiming( 1911): DeviceIdentifiersPolicyService took to complete: 0ms
06-22 04:15:41.502 I/SystemServer( 1911): UriGrantsManagerService
06-22 04:15:41.502 I/SystemServiceManager( 1911): Starting com.android.server.uri.UriGrantsManagerService$Lifecycle
06-22 04:15:41.505 D/SystemServerTiming( 1911): UriGrantsManagerService took to complete: 3ms
06-22 04:15:41.505 I/SystemServer( 1911): StartActivityManager
06-22 04:15:41.505 I/SystemServiceManager( 1911): Starting com.android.server.wm.ActivityTaskManagerService$Lifecycle
06-22 04:15:41.510 I/SystemServiceManager( 1911): Starting com.android.server.am.ActivityManagerService$Lifecycle
06-22 04:15:41.522 I/ServiceManager( 1785): Waiting for service 'package_native' on '/dev/binder'...
06-22 04:15:41.523 I/SystemConfig( 1911): Adding association: com.google.android.as <- com.android.providers.contacts
06-22 04:15:41.523 I/SystemConfig( 1911): Adding association: com.google.android.as <- com.android.providers.media
06-22 04:15:41.523 I/SystemConfig( 1911): Adding association: com.google.android.as <- com.android.providers.telephony
06-22 04:15:41.523 I/SystemConfig( 1911): Adding association: com.google.android.as <- com.android.systemui
06-22 04:15:41.523 I/SystemConfig( 1911): Adding association: com.google.android.as <- com.google.android.gms
06-22 04:15:41.523 I/SystemConfig( 1911): Adding association: com.google.android.as <- com.google.android.gsf
06-22 04:15:41.524 I/ActivityManager( 1911): Memory class: 512
06-22 04:15:41.534 W/SystemConfig( 1911): No directory /product_services/etc/sysconfig, skipping
06-22 04:15:41.534 W/SystemConfig( 1911): No directory /product_services/etc/permissions, skipping
06-22 04:15:41.534 D/SystemServerInitThreadPool( 1911): Finished executing ReadingSystemConfig
06-22 04:15:41.536 D/BatteryStatsImpl( 1911): Reading daily items from /data/system/batterystats-daily.xml
06-22 04:15:41.538 E/BatteryStatsImpl( 1911): Error reading battery statistics
06-22 04:15:41.538 E/BatteryStatsImpl( 1911): java.io.FileNotFoundException: /data/system/batterystats.bin: open failed: ENOENT (No such file or directory)
06-22 04:15:41.538 E/BatteryStatsImpl( 1911): 	at libcore.io.IoBridge.open(IoBridge.java:496)
06-22 04:15:41.538 E/BatteryStatsImpl( 1911): 	at java.io.FileInputStream.<init>(FileInputStream.java:159)
06-22 04:15:41.538 E/BatteryStatsImpl( 1911): 	at com.android.internal.os.AtomicFile.openRead(AtomicFile.java:157)
06-22 04:15:41.538 E/BatteryStatsImpl( 1911): 	at com.android.internal.os.AtomicFile.readFully(AtomicFile.java:162)
06-22 04:15:41.538 E/BatteryStatsImpl( 1911): 	at com.android.internal.os.BatteryStatsImpl.readLocked(BatteryStatsImpl.java:13339)
06-22 04:15:41.538 E/BatteryStatsImpl( 1911): 	at com.android.server.am.ActivityManagerService.<init>(ActivityManagerService.java:2501)
06-22 04:15:41.538 E/BatteryStatsImpl( 1911): 	at com.android.server.am.ActivityManagerService$Lifecycle.<init>(ActivityManagerService.java:2215)
06-22 04:15:41.538 E/BatteryStatsImpl( 1911): 	at java.lang.reflect.Constructor.newInstance0(Native Method)
06-22 04:15:41.538 E/BatteryStatsImpl( 1911): 	at java.lang.reflect.Constructor.newInstance(Constructor.java:343)
06-22 04:15:41.538 E/BatteryStatsImpl( 1911): 	at com.android.server.SystemServiceManager.startService(SystemServiceManager.java:101)
06-22 04:15:41.538 E/BatteryStatsImpl( 1911): 	at com.android.server.am.ActivityManagerService$Lifecycle.startService(ActivityManagerService.java:2221)
06-22 04:15:41.538 E/BatteryStatsImpl( 1911): 	at com.android.server.SystemServer.startBootstrapServices(SystemServer.java:660)
06-22 04:15:41.538 E/BatteryStatsImpl( 1911): 	at com.android.server.SystemServer.run(SystemServer.java:510)
06-22 04:15:41.538 E/BatteryStatsImpl( 1911): 	at com.android.server.SystemServer.main(SystemServer.java:349)
06-22 04:15:41.538 E/BatteryStatsImpl( 1911): 	at java.lang.reflect.Method.invoke(Native Method)
06-22 04:15:41.538 E/BatteryStatsImpl( 1911): 	at com.android.internal.os.RuntimeInit$MethodAndArgsCaller.run(RuntimeInit.java:492)
06-22 04:15:41.538 E/BatteryStatsImpl( 1911): 	at com.android.internal.os.ZygoteInit.main(ZygoteInit.java:908)
06-22 04:15:41.538 E/BatteryStatsImpl( 1911): Caused by: android.system.ErrnoException: open failed: ENOENT (No such file or directory)
06-22 04:15:41.538 E/BatteryStatsImpl( 1911): 	at libcore.io.Linux.open(Native Method)
06-22 04:15:41.538 E/BatteryStatsImpl( 1911): 	at libcore.io.ForwardingOs.open(ForwardingOs.java:167)
06-22 04:15:41.538 E/BatteryStatsImpl( 1911): 	at libcore.io.BlockGuardOs.open(BlockGuardOs.java:252)
06-22 04:15:41.538 E/BatteryStatsImpl( 1911): 	at libcore.io.IoBridge.open(IoBridge.java:482)
06-22 04:15:41.538 E/BatteryStatsImpl( 1911): 	... 16 more
06-22 04:15:41.538 E/BatteryStatsImpl( 1911): Error reading battery history
06-22 04:15:41.538 E/BatteryStatsImpl( 1911): java.io.FileNotFoundException: /data/system/battery-history/0.bin: open failed: ENOENT (No such file or directory)
06-22 04:15:41.538 E/BatteryStatsImpl( 1911): 	at libcore.io.IoBridge.open(IoBridge.java:496)
06-22 04:15:41.538 E/BatteryStatsImpl( 1911): 	at java.io.FileInputStream.<init>(FileInputStream.java:159)
06-22 04:15:41.538 E/BatteryStatsImpl( 1911): 	at com.android.internal.os.AtomicFile.openRead(AtomicFile.java:157)
06-22 04:15:41.538 E/BatteryStatsImpl( 1911): 	at com.android.internal.os.AtomicFile.readFully(AtomicFile.java:162)
06-22 04:15:41.538 E/BatteryStatsImpl( 1911): 	at com.android.internal.os.BatteryStatsImpl.readLocked(BatteryStatsImpl.java:13358)
06-22 04:15:41.538 E/BatteryStatsImpl( 1911): 	at com.android.server.am.ActivityManagerService.<init>(ActivityManagerService.java:2501)
06-22 04:15:41.538 E/BatteryStatsImpl( 1911): 	at com.android.server.am.ActivityManagerService$Lifecycle.<init>(ActivityManagerService.java:2215)
06-22 04:15:41.538 E/BatteryStatsImpl( 1911): 	at java.lang.reflect.Constructor.newInstance0(Native Method)
06-22 04:15:41.538 E/BatteryStatsImpl( 1911): 	at java.lang.reflect.Constructor.newInstance(Constructor.java:343)
06-22 04:15:41.538 E/BatteryStatsImpl( 1911): 	at com.android.server.SystemServiceManager.startService(SystemServiceManager.java:101)
06-22 04:15:41.538 E/BatteryStatsImpl( 1911): 	at com.android.server.am.ActivityManagerService$Lifecycle.startService(ActivityManagerService.java:2221)
06-22 04:15:41.538 E/BatteryStatsImpl( 1911): 	at com.android.server.SystemServer.startBootstrapServices(SystemServer.java:660)
06-22 04:15:41.538 E/BatteryStatsImpl( 1911): 	at com.android.server.SystemServer.run(SystemServer.java:510)
06-22 04:15:41.538 E/BatteryStatsImpl( 1911): 	at com.android.server.SystemServer.main(SystemServer.java:349)
06-22 04:15:41.538 E/BatteryStatsImpl( 1911): 	at java.lang.reflect.Method.invoke(Native Method)
06-22 04:15:41.538 E/BatteryStatsImpl( 1911): 	at com.android.internal.os.RuntimeInit$MethodAndArgsCaller.run(RuntimeInit.java:492)
06-22 04:15:41.538 E/BatteryStatsImpl( 1911): 	at com.android.internal.os.ZygoteInit.main(ZygoteInit.java:908)
06-22 04:15:41.538 E/BatteryStatsImpl( 1911): Caused by: android.system.ErrnoException: open failed: ENOENT (No such file or directory)
06-22 04:15:41.538 E/BatteryStatsImpl( 1911): 	at libcore.io.Linux.open(Native Method)
06-22 04:15:41.538 E/BatteryStatsImpl( 1911): 	at libcore.io.ForwardingOs.open(ForwardingOs.java:167)
06-22 04:15:41.538 E/BatteryStatsImpl( 1911): 	at libcore.io.BlockGuardOs.open(BlockGuardOs.java:252)
06-22 04:15:41.538 E/BatteryStatsImpl( 1911): 	at libcore.io.IoBridge.open(IoBridge.java:482)
06-22 04:15:41.538 E/BatteryStatsImpl( 1911): 	... 16 more
06-22 04:15:41.540 I/hwservicemanager( 1568): getTransport: Cannot find entry android.hardware.power.stats@1.0::IPowerStats/default in either framework or device manifest.
06-22 04:15:41.540 I/BatteryStatsService( 1911): Using power HAL
06-22 04:15:41.540 E/BatteryStatsService( 1911): Unable to load Power.Stats.HAL. Setting rail availability to false
06-22 04:15:41.540 E/BluetoothAdapter( 1911): Bluetooth binder is null
06-22 04:15:41.547 E/BatteryExternalStatsWorker( 1911): no controller energy info supplied for telephony
06-22 04:15:41.548 E/KernelCpuUidFreqTimeReader( 1911): Failed to read /proc/uid_time_in_state: java.nio.file.NoSuchFileException: /proc/uid_time_in_state
06-22 04:15:41.550 I/hwservicemanager( 1568): getTransport: Cannot find entry android.hardware.memtrack@1.0::IMemtrack/default in either framework or device manifest.
06-22 04:15:41.550 E/memtrack( 1911): Couldn't load memtrack module
06-22 04:15:41.550 W/android.os.Debug( 1911): failed to get memory consumption info: -1
06-22 04:15:41.550 W/KernelCpuProcStringReader( 1911): File not found. It's normal if not implemented: /proc/uid_time_in_state
06-22 04:15:41.550 W/KernelCpuProcStringReader( 1911): File not found. It's normal if not implemented: /proc/uid_concurrent_active_time
06-22 04:15:41.551 W/KernelCpuProcStringReader( 1911): File not found. It's normal if not implemented: /proc/uid_concurrent_policy_time
06-22 04:15:41.551 W/KernelMemoryBandwidthStats( 1911): No kernel memory bandwidth stats available
06-22 04:15:41.552 I/PowerManagerService-JNI( 1911): Loaded power HAL 1.0 service
06-22 04:15:41.552 I/PowerManagerService-JNI( 1911): Loaded power HAL 1.1 service
06-22 04:15:41.552 I/AppOps  ( 1911): No existing app ops /data/system/appops.xml; starting empty
06-22 04:15:41.555 I/IntentFirewall( 1911): Read new rules (A:0 B:0 S:0)
06-22 04:15:41.567 W/libprocessgroup( 1911): Failed to remove /acct/uid_1003: Permission denied
06-22 04:15:41.571 D/AppOps  ( 1911): AppOpsService published
06-22 04:15:41.574 D/SystemServerTiming( 1911): StartActivityManager took to complete: 69ms
06-22 04:15:41.574 I/SystemServer( 1911): StartPowerManager
06-22 04:15:41.574 I/SystemServiceManager( 1911): Starting com.android.server.power.PowerManagerService
06-22 04:15:41.584 D/SystemServerTiming( 1911): StartPowerManager took to complete: 10ms
06-22 04:15:41.585 I/SystemServer( 1911): StartThermalManager
06-22 04:15:41.585 I/SystemServiceManager( 1911): Starting com.android.server.power.ThermalManagerService
06-22 04:15:41.585 D/SystemServerTiming( 1911): StartThermalManager took to complete: 1ms
06-22 04:15:41.585 I/SystemServer( 1911): InitPowerManagement
06-22 04:15:41.586 D/SystemServerTiming( 1911): InitPowerManagement took to complete: 0ms
06-22 04:15:41.586 I/SystemServer( 1911): StartRecoverySystemService
06-22 04:15:41.586 I/SystemServiceManager( 1911): Starting com.android.server.RecoverySystemService
06-22 04:15:41.586 D/SystemServerTiming( 1911): StartRecoverySystemService took to complete: 1ms
06-22 04:15:41.586 V/RescueParty( 1911): Disabled because of active USB connection
06-22 04:15:41.587 I/SystemServer( 1911): StartLightsService
06-22 04:15:41.587 I/SystemServiceManager( 1911): Starting com.android.server.lights.LightsService
06-22 04:15:41.591 D/SystemServerTiming( 1911): StartLightsService took to complete: 4ms
06-22 04:15:41.591 I/SystemServer( 1911): StartSidekickService
06-22 04:15:41.591 D/SystemServerTiming( 1911): StartSidekickService took to complete: 0ms
06-22 04:15:41.591 I/SystemServer( 1911): StartDisplayManager
06-22 04:15:41.591 I/SystemServiceManager( 1911): Starting com.android.server.display.DisplayManagerService
06-22 04:15:41.593 D/SystemServerTiming( 1911): StartDisplayManager took to complete: 2ms
06-22 04:15:41.593 I/SystemServer( 1911): WaitForDisplay
06-22 04:15:41.593 I/SystemServiceManager( 1911): Starting phase 100
06-22 04:15:41.594 E/SurfaceFlinger( 1729): ro.sf.lcd_density must be defined as a build property
06-22 04:15:41.598 I/DisplayManagerService( 1911): Display device added: DisplayDeviceInfo{"Built-in Screen": uniqueId="local:0", 320 x 640, modeId 1, defaultModeId 1, supportedModes [{id=1, width=320, height=640, fps=60.000004}], colorMode 0, supportedColorModes [0], HdrCapabilities android.view.Display$HdrCapabilities@40f16308, density 160, 160.0 x 160.0 dpi, appVsyncOff 1000000, presDeadline 16666666, touch INTERNAL, rotation 0, type BUILT_IN, address {port=0}, state UNKNOWN, FLAG_DEFAULT_DISPLAY, FLAG_ROTATES_WITH_CONTENT, FLAG_SECURE, FLAG_SUPPORTS_PROTECTED_BUFFERS}
06-22 04:15:41.601 D/SurfaceFlinger( 1729): Setting power mode 2 on display 0
06-22 04:15:41.602 I/hwservicemanager( 1568): getTransport: Cannot find entry android.hardware.light@2.0::ILight/default in either framework or device manifest.
06-22 04:15:41.602 W/StrictMode( 1911): No activity manager; failed to Dropbox violation.
06-22 04:15:41.602 D/SystemServerTiming( 1911): WaitForDisplay took to complete: 9ms
06-22 04:15:41.603 I/DisplayManagerService( 1911): Display device changed state: "Built-in Screen", ON
06-22 04:15:41.604 I/SystemServer( 1911): StartPackageManagerService
06-22 04:15:41.604 I/Watchdog( 1911): Pausing HandlerChecker: main thread for reason: packagemanagermain. Pause count: 1
06-22 04:15:41.620 W/FileUtils( 1911): Failed to chmod(/data/system/packages.list): android.system.ErrnoException: chmod failed: ENOENT (No such file or directory)
06-22 04:15:41.603 I/chatty  ( 1911): uid=1000(system) android.display identical 4 lines
06-22 04:15:41.603 W/StrictMode( 1911): No activity manager; failed to Dropbox violation.
06-22 04:15:41.623 I/ServiceManager( 1785): Waiting for service 'package_native' on '/dev/binder'...
06-22 04:15:41.623 D/SELinuxMMAC( 1911): Using policy file /system/etc/selinux/plat_mac_permissions.xml
06-22 04:15:41.624 D/SELinuxMMAC( 1911): Using policy file /vendor/etc/selinux/vendor_mac_permissions.xml
06-22 04:15:41.625 D/FallbackCategoryProvider( 1911): Found 387 fallback categories
06-22 04:15:41.625 I/PackageManager( 1911): No settings file; creating initial state
06-22 04:15:41.627 D/PackageManager( 1911): No files in app dir /vendor/overlay
06-22 04:15:41.631 I/PackageManager( 1911): /system/product/overlay/FontNotoSerifSource changed; collecting certs
