06-22 04:15:41.644 V/apexd   ( 1641): Found bundled key in package /system/apex/com.android.apex.cts.shim.apex
06-22 04:15:41.644 E/apexd   ( 1641): Can't open /product/apex for reading : No such file or directory
06-22 04:15:41.660 I/PackageManager( 1911): /system/product/overlay/IconShapeSquare changed; collecting certs
06-22 04:15:41.661 I/PackageManager( 1911): /system/product/overlay/IconShapeRoundedRect changed; collecting certs
06-22 04:15:41.661 I/PackageManager( 1911): /system/product/overlay/EmulationPixel4a changed; collecting certs
06-22 04:15:41.662 I/PackageManager( 1911): /system/product/overlay/AccentColorGreen changed; collecting certs
06-22 04:15:41.664 I/PackageManager( 1911): /system/product/overlay/PixelConfigOverlayCommon.apk changed; collecting certs
06-22 04:15:41.664 I/PackageManager( 1911): /system/product/overlay/GoogleConfigOverlay.apk changed; collecting certs
06-22 04:15:41.665 I/PackageManager( 1911): /system/product/overlay/IconPackFilledSettings changed; collecting certs
06-22 04:15:41.667 I/PackageManager( 1911): /system/product/overlay/IconPackFilledThemePicker changed; collecting certs
06-22 04:15:41.668 I/PackageManager( 1911): /system/product/overlay/IconShapeTeardrop changed; collecting certs
06-22 04:15:41.669 I/PackageManager( 1911): /system/product/overlay/AccentColorOcean changed; collecting certs
06-22 04:15:41.670 I/PackageManager( 1911): /system/product/overlay/IconPackRoundedSettings changed; collecting certs
06-22 04:15:41.672 I/PackageManager( 1911): /system/product/overlay/NavigationBarModeGesturalNarrowBack changed; collecting certs
06-22 04:15:41.673 I/PackageManager( 1911): /system/product/overlay/IconPackFilledSystemUI changed; collecting certs
06-22 04:15:41.675 I/PackageManager( 1911): /system/product/overlay/NavigationBarModeGestural changed; collecting certs
06-22 04:15:41.676 I/PackageManager( 1911): /system/product/overlay/DisplayCutoutEmulationTall changed; collecting certs
06-22 04:15:41.677 I/PackageManager( 1911): /system/product/overlay/AccentColorOrchid changed; collecting certs
06-22 04:15:41.677 I/PackageManager( 1911): /system/product/overlay/EmulationPixel4XL changed; collecting certs
06-22 04:15:41.678 I/PackageManager( 1911): /system/product/overlay/AccentColorBlack changed; collecting certs
06-22 04:15:41.679 I/PackageManager( 1911): /system/product/overlay/SystemUIEmulationPixel4XL changed; collecting certs
06-22 04:15:41.681 I/PackageManager( 1911): /system/product/overlay/SystemUIEmulationPixel4 changed; collecting certs
06-22 04:15:41.681 I/PackageManager( 1911): /system/product/overlay/NavigationBarMode3Button changed; collecting certs
06-22 04:15:41.682 I/PackageManager( 1911): /system/product/overlay/NavigationBarModeGesturalExtraWideBack changed; collecting certs
06-22 04:15:41.683 I/PackageManager( 1911): /system/product/overlay/IconShapeSquircle changed; collecting certs
06-22 04:15:41.684 I/PackageManager( 1911): /system/product/overlay/DisplayCutoutEmulationDouble changed; collecting certs
06-22 04:15:41.685 I/PackageManager( 1911): /system/product/overlay/EmulatorConfigOverlay.apk changed; collecting certs
06-22 04:15:41.685 I/PackageManager( 1911): /system/product/overlay/IconPackFilledLauncher changed; collecting certs
06-22 04:15:41.686 I/PackageManager( 1911): /system/product/overlay/IconPackCircularSystemUI changed; collecting certs
06-22 04:15:41.686 I/PackageManager( 1911): /system/product/overlay/IconPackRoundedAndroid changed; collecting certs
06-22 04:15:41.687 I/PackageManager( 1911): /system/product/overlay/DisplayCutoutEmulationEmu01 changed; collecting certs
06-22 04:15:41.687 I/PackageManager( 1911): /system/product/overlay/SystemUIEmulationPixel3aXL changed; collecting certs
06-22 04:15:41.687 I/PackageManager( 1911): /system/product/overlay/SystemUIEmulationPixel4a changed; collecting certs
06-22 04:15:41.688 I/PackageManager( 1911): /system/product/overlay/DisplayCutoutEmulationCorner changed; collecting certs
06-22 04:15:41.712 I/PackageManager( 1911): /system/product/overlay/SystemUIEmulationPixel2XL changed; collecting certs
06-22 04:15:41.712 I/PackageManager( 1911): /system/product/overlay/AccentColorCinnamon changed; collecting certs
06-22 04:15:41.713 I/PackageManager( 1911): /system/product/overlay/IconPackCircularLauncher changed; collecting certs
06-22 04:15:41.714 I/PackageManager( 1911): /system/product/overlay/GoogleWebViewOverlay.apk changed; collecting certs
06-22 04:15:41.716 I/PackageManager( 1911): /system/product/overlay/NavigationBarModeGesturalWideBack changed; collecting certs
06-22 04:15:41.717 I/PackageManager( 1911): /system/product/overlay/IconPackCircularThemePicker changed; collecting certs
06-22 04:15:41.717 I/PackageManager( 1911): /system/product/overlay/SystemUIEmulationPixel3a changed; collecting certs
06-22 04:15:41.718 I/PackageManager( 1911): /system/product/overlay/IconPackCircularSettings changed; collecting certs
06-22 04:15:41.718 I/PackageManager( 1911): /system/product/overlay/IconPackRoundedSystemUI changed; collecting certs
06-22 04:15:41.719 I/PackageManager( 1911): /system/product/overlay/IconPackCircularAndroid changed; collecting certs
06-22 04:15:41.719 I/PackageManager( 1911): /system/product/overlay/IconPackFilledAndroid changed; collecting certs
06-22 04:15:41.720 I/PackageManager( 1911): /system/product/overlay/EmulationPixel3XL changed; collecting certs
06-22 04:15:41.720 I/PackageManager( 1911): /system/product/overlay/NavigationBarMode2Button changed; collecting certs
06-22 04:15:41.721 I/PackageManager( 1911): /system/product/overlay/SystemUIEmulationPixel3 changed; collecting certs
06-22 04:15:41.721 I/PackageManager( 1911): /system/product/overlay/AccentColorSpace changed; collecting certs
06-22 04:15:41.722 I/PackageManager( 1911): /system/product/overlay/EmulationPixel2XL changed; collecting certs
06-22 04:15:41.723 I/ServiceManager( 1785): Waiting for service 'package_native' on '/dev/binder'...
06-22 04:15:41.723 I/PackageManager( 1911): /system/product/overlay/AccentColorPurple changed; collecting certs
06-22 04:15:41.725 I/PackageManager( 1911): /system/product/overlay/SystemUIEmulationPixel3XL changed; collecting certs
06-22 04:15:41.727 I/PackageManager( 1911): /system/product/overlay/EmulationPixel4 changed; collecting certs
06-22 04:15:41.729 I/PackageManager( 1911): /system/product/overlay/IconPackRoundedLauncher changed; collecting certs
06-22 04:15:41.730 I/PackageManager( 1911): /system/product/overlay/GooglePermissionControllerOverlay.apk changed; collecting certs
06-22 04:15:41.731 D/PackageManager( 1911): No files in app dir /product_services/overlay
06-22 04:15:41.731 D/PackageManager( 1911): No files in app dir /odm/overlay
06-22 04:15:41.731 D/PackageManager( 1911): No files in app dir /oem/overlay
06-22 04:15:41.732 W/PackageManager( 1911): Failed to parse /system/framework/x86: Missing base APK in /system/framework/x86
06-22 04:15:41.732 W/PackageManager( 1911): Failed to parse /system/framework/x86_64: Missing base APK in /system/framework/x86_64
06-22 04:15:41.737 W/PackageManager( 1911): Failed to parse /system/framework/oat: Missing base APK in /system/framework/oat
06-22 04:15:41.748 I/PackageManager( 1911): /system/framework/framework-res.apk changed; collecting certs
06-22 04:15:41.750 E/PackageManager( 1911): Adding duplicate shared id: 1000 name=android
06-22 04:15:41.759 I/PackageManager( 1911): /system/priv-app/MultiDisplayProvider changed; collecting certs
06-22 04:15:41.760 E/PackageManager( 1911): Adding duplicate shared id: 1000 name=com.android.emulator.multidisplay
06-22 04:15:41.762 I/PackageManager( 1911): New shared user android.uid.shared: id=10054
06-22 04:15:41.762 I/PackageManager( 1911): /system/priv-app/UserDictionaryProvider changed; collecting certs
06-22 04:15:41.763 E/PackageManager( 1911): Adding duplicate app id: 10054 name=com.android.providers.userdictionary
06-22 04:15:41.767 I/PackageManager( 1911): /system/priv-app/ProxyHandler changed; collecting certs
06-22 04:15:41.768 I/PackageManager( 1911): New shared user android.media: id=10056
06-22 04:15:41.768 I/PackageManager( 1911): /system/priv-app/DownloadProvider changed; collecting certs
06-22 04:15:41.768 E/PackageManager( 1911): Adding duplicate app id: 10056 name=com.android.providers.downloads
06-22 04:15:41.770 I/PackageManager( 1911): /system/priv-app/CtsShimPrivPrebuilt changed; collecting certs
06-22 04:15:41.775 I/PackageManager( 1911): /system/priv-app/DownloadProviderUi changed; collecting certs
06-22 04:15:41.776 E/PackageManager( 1911): Adding duplicate app id: 10056 name=com.android.providers.downloads.ui
06-22 04:15:41.777 I/PackageManager( 1911): /system/priv-app/CellBroadcastReceiver changed; collecting certs
06-22 04:15:41.780 I/PackageManager( 1911): /system/priv-app/VpnDialogs changed; collecting certs
06-22 04:15:41.785 I/PackageManager( 1911): /system/priv-app/ManagedProvisioning changed; collecting certs
06-22 04:15:41.790 I/PackageManager( 1911): New shared user android.uid.calendar: id=10061
06-22 04:15:41.790 I/PackageManager( 1911): /system/priv-app/CalendarProvider changed; collecting certs
06-22 04:15:41.791 E/PackageManager( 1911): Adding duplicate app id: 10061 name=com.android.providers.calendar
06-22 04:15:41.791 W/PackageParser( 1911): Ignoring duplicate uses-permissions/uses-permissions-sdk-m: android.permission.INSTALL_GRANT_RUNTIME_PERMISSIONS in package: com.android.shell at: Binary XML file line #127
06-22 04:15:41.795 I/PackageManager( 1911): /system/priv-app/Shell changed; collecting certs
06-22 04:15:41.795 E/PackageManager( 1911): Adding duplicate shared id: 2000 name=com.android.shell
06-22 04:15:41.798 I/PackageManager( 1911): /system/priv-app/NetworkStack changed; collecting certs
06-22 04:15:41.799 W/PackageParser( 1911): No actions in intent filter at /system/priv-app/GoogleRestorePrebuilt/GoogleRestorePrebuilt.apk Binary XML file line #93
06-22 04:15:41.799 E/PackageManager( 1911): Adding duplicate shared id: 1073 name=com.google.android.networkstack
06-22 04:15:41.802 I/PackageManager( 1911): /system/priv-app/GoogleRestorePrebuilt changed; collecting certs
06-22 04:15:41.803 I/PackageManager( 1911): /system/priv-app/Tag changed; collecting certs
06-22 04:15:41.807 I/PackageManager( 1911): /system/priv-app/StatementService changed; collecting certs
06-22 04:15:41.808 I/PackageManager( 1911): /system/priv-app/MmsService changed; collecting certs
06-22 04:15:41.810 E/PackageManager( 1911): Adding duplicate shared id: 1001 name=com.android.mms.service
06-22 04:15:41.810 I/adbd    ( 1755): host-15: write thread spawning
06-22 04:15:41.810 I/adbd    ( 1755): host-15: read thread spawning
06-22 04:15:41.810 I/adbd    ( 1755): host-15: already offline
06-22 04:15:41.818 I/PackageManager( 1911): /system/priv-app/TimeZoneUpdater changed; collecting certs
06-22 04:15:41.818 I/PackageManager( 1911): /system/priv-app/InputDevices changed; collecting certs
06-22 04:15:41.819 E/PackageManager( 1911): Adding duplicate shared id: 1000 name=com.android.inputdevices
06-22 04:15:41.822 I/PackageManager( 1911): /system/priv-app/DocumentsUI changed; collecting certs
06-22 04:15:41.824 I/ServiceManager( 1785): Waiting for service 'package_native' on '/dev/binder'...
06-22 04:15:41.824 I/PackageManager( 1911): /system/priv-app/BackupRestoreConfirmation changed; collecting certs
06-22 04:15:41.825 I/PackageManager( 1911): /system/priv-app/SharedStorageBackup changed; collecting certs
06-22 04:15:41.825 I/PackageManager( 1911): /system/priv-app/DynamicSystemInstallationService changed; collecting certs
06-22 04:15:41.826 E/PackageManager( 1911): Adding duplicate shared id: 1000 name=com.android.dynsystem
06-22 04:15:41.828 I/PackageManager( 1911): /system/priv-app/NetworkPermissionConfig changed; collecting certs
06-22 04:15:41.829 E/PackageManager( 1911): Adding duplicate shared id: 1073 name=com.google.android.networkstack.permissionconfig
06-22 04:15:41.831 I/PackageManager( 1911): /system/priv-app/MtpDocumentsProvider changed; collecting certs
06-22 04:15:41.832 E/PackageManager( 1911): Adding duplicate app id: 10056 name=com.android.mtp
06-22 04:15:41.832 I/PackageManager( 1911): /system/priv-app/ONS changed; collecting certs
06-22 04:15:41.832 E/PackageManager( 1911): Adding duplicate shared id: 1001 name=com.android.ons
06-22 04:15:41.833 I/PackageManager( 1911): /system/priv-app/TelephonyProvider changed; collecting certs
06-22 04:15:41.833 E/PackageManager( 1911): Adding duplicate shared id: 1001 name=com.android.providers.telephony
06-22 04:15:41.835 I/PackageManager( 1911): /system/priv-app/SettingsProvider changed; collecting certs
06-22 04:15:41.836 E/PackageManager( 1911): Adding duplicate shared id: 1000 name=com.android.providers.settings
06-22 04:15:41.837 I/PackageManager( 1911): /system/priv-app/MusicFX changed; collecting certs
06-22 04:15:41.838 I/PackageManager( 1911): /system/priv-app/BlockedNumberProvider changed; collecting certs
06-22 04:15:41.838 E/PackageManager( 1911): Adding duplicate app id: 10054 name=com.android.providers.blockednumber
06-22 04:15:41.839 I/PackageManager( 1911): /system/priv-app/ContactsProvider changed; collecting certs
06-22 04:15:41.839 E/PackageManager( 1911): Adding duplicate app id: 10054 name=com.android.providers.contacts
06-22 04:15:41.842 I/PackageManager( 1911): /system/priv-app/GoogleExtServices changed; collecting certs
06-22 04:15:41.843 I/PackageManager( 1911): /system/priv-app/ExternalStorageProvider changed; collecting certs
06-22 04:15:41.845 I/PackageManager( 1911): /system/priv-app/FusedLocation changed; collecting certs
06-22 04:15:41.845 E/PackageManager( 1911): Adding duplicate shared id: 1000 name=com.android.location.fused
06-22 04:15:41.847 I/PackageManager( 1911): /system/priv-app/CallLogBackup changed; collecting certs
06-22 04:15:41.848 E/PackageManager( 1911): Adding duplicate app id: 10054 name=com.android.calllogbackup
06-22 04:15:41.848 I/PackageManager( 1911): /system/priv-app/MediaProvider changed; collecting certs
06-22 04:15:41.849 E/PackageManager( 1911): Adding duplicate app id: 10056 name=com.android.providers.media
06-22 04:15:41.849 I/PackageManager( 1911): /system/priv-app/TeleService changed; collecting certs
06-22 04:15:41.851 E/PackageManager( 1911): Adding duplicate shared id: 1001 name=com.android.phone
06-22 04:15:41.852 I/PackageManager( 1911): /system/priv-app/GoogleSdkSetup changed; collecting certs
06-22 04:15:41.854 I/PackageManager( 1911): /system/priv-app/LocalTransport changed; collecting certs
06-22 04:15:41.855 E/PackageManager( 1911): Adding duplicate shared id: 1000 name=com.android.localtransport
06-22 04:15:41.857 I/PackageManager( 1911): /system/priv-app/GooglePackageInstaller changed; collecting certs
06-22 04:15:41.876 E/        ( 1772): idmap failed, status=0x0100
06-22 04:15:41.877 E/PackageManager( 1911): Failed to generate idmap for /system/priv-app/GooglePermissionController/GooglePermissionController.apk and /product/overlay/GooglePermissionControllerOverlay.apk
06-22 04:15:41.880 I/PackageManager( 1911): /system/priv-app/GooglePermissionController changed; collecting certs
06-22 04:15:41.882 I/PackageManager( 1911): /system/priv-app/Telecom changed; collecting certs
06-22 04:15:41.882 E/PackageManager( 1911): Adding duplicate shared id: 1000 name=com.android.server.telecom
06-22 04:15:41.887 I/PackageManager( 1911): /system/app/BasicDreams changed; collecting certs
06-22 04:15:41.892 I/PackageManager( 1911): /system/app/LiveWallpapersPicker changed; collecting certs
06-22 04:15:41.894 I/PackageManager( 1911): /system/app/CtsShimPrebuilt changed; collecting certs
06-22 04:15:41.896 I/PackageManager( 1911): /system/app/EasterEgg changed; collecting certs
06-22 04:15:41.898 I/PackageManager( 1911): /system/app/CompanionDeviceManager changed; collecting certs
06-22 04:15:41.903 I/PackageManager( 1911): /system/app/Traceur changed; collecting certs
06-22 04:15:41.903 W/PackageParser( 1911): Ignoring duplicate uses-permissions/uses-permissions-sdk-m: android.permission.READ_CONTACTS in package: com.android.bluetooth at: Binary XML file line #67
06-22 04:15:41.904 I/PackageManager( 1911): /system/app/PrintSpooler changed; collecting certs
06-22 04:15:41.905 W/PackageParser( 1911): No actions in intent filter at /system/app/Bluetooth/Bluetooth.apk Binary XML file line #263
06-22 04:15:41.906 I/PackageManager( 1911): /system/app/WallpaperBackup changed; collecting certs
06-22 04:15:41.906 E/PackageManager( 1911): Adding duplicate shared id: 1000 name=com.android.wallpaperbackup
06-22 04:15:41.907 I/PackageManager( 1911): /system/app/Bluetooth changed; collecting certs
06-22 04:15:41.908 E/PackageManager( 1911): Adding duplicate shared id: 1002 name=com.android.bluetooth
06-22 04:15:41.910 I/PackageManager( 1911): /system/app/SecureElement changed; collecting certs
06-22 04:15:41.911 E/PackageManager( 1911): Adding duplicate shared id: 1068 name=com.android.se
06-22 04:15:41.913 I/PackageManager( 1911): /system/app/CaptivePortalLogin changed; collecting certs
06-22 04:15:41.913 I/PackageManager( 1911): /system/app/CertInstaller changed; collecting certs
06-22 04:15:41.918 I/PackageManager( 1911): /system/app/BookmarkProvider changed; collecting certs
06-22 04:15:41.920 I/PackageManager( 1911): /system/app/KoreanIME changed; collecting certs
06-22 04:15:41.921 I/PackageManager( 1911): /system/app/KeyChain changed; collecting certs
06-22 04:15:41.921 E/PackageManager( 1911): Adding duplicate shared id: 1000 name=com.android.keychain
06-22 04:15:41.922 I/PackageManager( 1911): /system/app/WAPPushManager changed; collecting certs
06-22 04:15:41.924 I/ServiceManager( 1785): Waiting for service 'package_native' on '/dev/binder'...
06-22 04:15:41.925 I/PackageManager( 1911): /system/app/RcsService changed; collecting certs
06-22 04:15:41.926 E/PackageManager( 1911): Adding duplicate shared id: 1001 name=com.android.service.ims
06-22 04:15:41.926 I/PackageManager( 1911): /system/app/SimAppDialog changed; collecting certs
06-22 04:15:41.927 I/PackageManager( 1911): /system/app/BuiltInPrintService changed; collecting certs
06-22 04:15:41.928 I/PackageManager( 1911): /system/app/LicenseChecker changed; collecting certs
06-22 04:15:41.931 I/PackageManager( 1911): /system/app/BluetoothMidiService changed; collecting certs
06-22 04:15:41.932 I/PackageManager( 1911): /system/app/OsuLogin changed; collecting certs
06-22 04:15:41.935 I/PackageManager( 1911): /system/app/PartnerBookmarksProvider changed; collecting certs
06-22 04:15:41.939 W/PackageParser( 1911): Ignoring duplicate uses-permissions/uses-permissions-sdk-m: android.permission.CHANGE_WIFI_STATE in package: com.android.nfc at: Binary XML file line #52
06-22 04:15:41.939 W/PackageParser( 1911): Ignoring duplicate uses-permissions/uses-permissions-sdk-m: android.permission.ACCESS_WIFI_STATE in package: com.android.nfc at: Binary XML file line #53
06-22 04:15:41.942 I/PackageManager( 1911): /system/app/GooglePinyinIME changed; collecting certs
06-22 04:15:41.947 I/PackageManager( 1911): /system/app/NfcNci changed; collecting certs
06-22 04:15:41.950 E/PackageManager( 1911): Adding duplicate shared id: 1027 name=com.android.nfc
06-22 04:15:41.951 I/PackageManager( 1911): /system/app/PresencePolling changed; collecting certs
06-22 04:15:41.953 E/PackageManager( 1911): Adding duplicate shared id: 1001 name=com.android.service.ims.presence
06-22 04:15:41.953 I/PackageManager( 1911): /system/app/PacProcessor changed; collecting certs
06-22 04:15:41.956 W/PackageParser( 1911): No actions in intent filter at /system/app/CarrierDefaultApp/CarrierDefaultApp.apk Binary XML file line #43
06-22 04:15:41.956 I/PackageManager( 1911): /system/app/GooglePrintRecommendationService changed; collecting certs
06-22 04:15:41.956 I/PackageManager( 1911): /system/app/GoogleHindiIME changed; collecting certs
06-22 04:15:41.958 I/PackageManager( 1911): /system/app/SafetyRegulatoryInfo changed; collecting certs
06-22 04:15:41.959 I/PackageManager( 1911): /system/app/Stk changed; collecting certs
06-22 04:15:41.959 E/PackageManager( 1911): Adding duplicate shared id: 1001 name=com.android.stk
06-22 04:15:41.959 I/PackageManager( 1911): /system/app/GoogleExtShared changed; collecting certs
06-22 04:15:41.960 I/PackageManager( 1911): /system/app/HTMLViewer changed; collecting certs
06-22 04:15:41.961 I/PackageManager( 1911): /system/app/CarrierDefaultApp changed; collecting certs
06-22 04:15:41.961 I/PackageManager( 1911): /system/app/WallpapersUsTwo changed; collecting certs
06-22 04:15:41.962 D/PackageManager( 1911): No files in app dir /vendor/priv-app
06-22 04:15:41.962 D/PackageManager( 1911): No files in app dir /vendor/app
06-22 04:15:41.962 D/PackageManager( 1911): No files in app dir /odm/priv-app
06-22 04:15:41.962 D/PackageManager( 1911): No files in app dir /odm/app
06-22 04:15:41.962 D/PackageManager( 1911): No files in app dir /oem/app
06-22 04:15:41.969 I/PackageManager( 1911): /system/product/priv-app/GoogleFeedback changed; collecting certs
06-22 04:15:41.972 I/PackageManager( 1911): /system/product/priv-app/ConfigUpdater changed; collecting certs
06-22 04:15:41.985 I/PackageManager( 1911): /system/product/priv-app/SettingsIntelligence changed; collecting certs
06-22 04:15:41.987 I/PackageManager( 1911): /system/product/priv-app/GoogleANGLE changed; collecting certs
06-22 04:15:41.998 W/PackageParser( 1911): Unknown element under <manifest>: meta-data at /system/product/priv-app/Dialer/Dialer.apk Binary XML file line #115
06-22 04:15:42.002 I/PackageManager( 1911): /system/product/priv-app/WallpaperPickerGooglePrebuilt changed; collecting certs
06-22 04:15:42.007 I/PackageManager( 1911): /system/product/priv-app/Dialer changed; collecting certs
06-22 04:15:42.023 I/PackageManager( 1911): /system/product/priv-app/NexusLauncherRelease changed; collecting certs
06-22 04:15:42.024 I/ServiceManager( 1785): Waiting for service 'package_native' on '/dev/binder'...
06-22 04:15:42.032 I/PackageManager( 1911): /system/product/priv-app/SetupWizardPrebuilt changed; collecting certs
06-22 04:15:42.038 I/PackageManager( 1911): /system/product/priv-app/GoogleOneTimeInitializer changed; collecting certs
06-22 04:15:42.042 W/PackageParser( 1911): No actions in intent filter at /system/product/priv-app/AndroidAutoFullPrebuilt/AndroidAutoFullPrebuilt.apk Binary XML file line #1276
06-22 04:15:42.043 W/PackageParser( 1911): No actions in intent filter at /system/product/priv-app/Contacts/Contacts.apk Binary XML file line #411
06-22 04:15:42.048 I/PackageManager( 1911): /system/product/priv-app/CarrierConfig changed; collecting certs
06-22 04:15:42.048 I/PackageManager( 1911): /system/product/priv-app/Contacts changed; collecting certs
06-22 04:15:42.051 I/PackageManager( 1911): New shared user com.android.uid.omadm.service: id=10113
06-22 04:15:42.051 I/PackageManager( 1911): /system/product/priv-app/DMService changed; collecting certs
06-22 04:15:42.052 E/PackageManager( 1911): Adding duplicate app id: 10113 name=com.android.omadm.service
06-22 04:15:42.054 W/PackageParser( 1911): Ignoring duplicate uses-permissions/uses-permissions-sdk-m: android.permission.CONFIGURE_WIFI_DISPLAY in package: com.android.systemui at: Binary XML file line #158
06-22 04:15:42.055 I/PackageManager( 1911): New shared user com.google.android.projection.gearhead: id=10114
06-22 04:15:42.055 I/PackageManager( 1911): /system/product/priv-app/AndroidAutoFullPrebuilt changed; collecting certs
06-22 04:15:42.056 E/PackageManager( 1911): Adding duplicate app id: 10114 name=com.google.android.projection.gearhead
06-22 04:15:42.060 I/PackageManager( 1911): New shared user android.uid.systemui: id=10115
06-22 04:15:42.060 I/PackageManager( 1911): /system/product/priv-app/SystemUIGoogle changed; collecting certs
06-22 04:15:42.060 E/PackageManager( 1911): Adding duplicate app id: 10115 name=com.android.systemui
06-22 04:15:42.063 I/PackageManager( 1911): New shared user com.google.uid.shared: id=10116
06-22 04:15:42.063 I/PackageManager( 1911): /system/product/priv-app/GoogleServicesFramework changed; collecting certs
06-22 04:15:42.063 E/PackageManager( 1911): Adding duplicate app id: 10116 name=com.google.android.gsf
06-22 04:15:42.067 W/PackageParser( 1911): Ignoring duplicate uses-permissions/uses-permissions-sdk-m: android.permission.READ_PRIVILEGED_PHONE_STATE in package: com.google.android.partnersetup at: Binary XML file line #56
06-22 04:15:42.068 I/PackageManager( 1911): /system/product/priv-app/GooglePartnerSetup changed; collecting certs
06-22 04:15:42.077 I/PackageManager( 1911): /system/product/priv-app/AndroidMigratePrebuilt changed; collecting certs
06-22 04:15:42.079 I/PackageManager( 1911): /system/product/priv-app/CarrierServices changed; collecting certs
06-22 04:15:42.081 I/PackageManager( 1911): /system/product/priv-app/StorageManager changed; collecting certs
06-22 04:15:42.107 I/PackageManager( 1911): New shared user com.android.emergency.uid: id=10121
06-22 04:15:42.107 I/PackageManager( 1911): /system/product/priv-app/EmergencyInfo changed; collecting certs
06-22 04:15:42.108 E/PackageManager( 1911): Adding duplicate app id: 10121 name=com.android.emergency
06-22 04:15:42.122 W/PackageParser( 1911): Unknown element under <manifest>: attribution at /system/product/priv-app/PrebuiltGmsCore/PrebuiltGmsCore.apk Binary XML file line #5
06-22 04:15:42.122 W/PackageParser( 1911): Unknown element under <manifest>: attribution at /system/product/priv-app/PrebuiltGmsCore/PrebuiltGmsCore.apk Binary XML file line #6
06-22 04:15:42.122 W/PackageParser( 1911): Unknown element under <manifest>: attribution at /system/product/priv-app/PrebuiltGmsCore/PrebuiltGmsCore.apk Binary XML file line #7
06-22 04:15:42.122 W/PackageParser( 1911): Unknown element under <manifest>: attribution at /system/product/priv-app/PrebuiltGmsCore/PrebuiltGmsCore.apk Binary XML file line #8
06-22 04:15:42.122 W/PackageParser( 1911): Unknown element under <manifest>: attribution at /system/product/priv-app/PrebuiltGmsCore/PrebuiltGmsCore.apk Binary XML file line #9
06-22 04:15:42.122 W/PackageParser( 1911): Unknown element under <manifest>: attribution at /system/product/priv-app/PrebuiltGmsCore/PrebuiltGmsCore.apk Binary XML file line #10
06-22 04:15:42.122 W/PackageParser( 1911): Unknown element under <manifest>: attribution at /system/product/priv-app/PrebuiltGmsCore/PrebuiltGmsCore.apk Binary XML file line #11
06-22 04:15:42.122 W/PackageParser( 1911): Unknown element under <manifest>: attribution at /system/product/priv-app/PrebuiltGmsCore/PrebuiltGmsCore.apk Binary XML file line #12
06-22 04:15:42.122 W/PackageParser( 1911): Unknown element under <manifest>: attribution at /system/product/priv-app/PrebuiltGmsCore/PrebuiltGmsCore.apk Binary XML file line #13
06-22 04:15:42.122 W/PackageParser( 1911): Unknown element under <manifest>: attribution at /system/product/priv-app/PrebuiltGmsCore/PrebuiltGmsCore.apk Binary XML file line #14
06-22 04:15:42.122 W/PackageParser( 1911): Unknown element under <manifest>: attribution at /system/product/priv-app/PrebuiltGmsCore/PrebuiltGmsCore.apk Binary XML file line #15
06-22 04:15:42.122 W/PackageParser( 1911): Unknown element under <manifest>: attribution at /system/product/priv-app/PrebuiltGmsCore/PrebuiltGmsCore.apk Binary XML file line #16
06-22 04:15:42.122 W/PackageParser( 1911): Unknown element under <manifest>: attribution at /system/product/priv-app/PrebuiltGmsCore/PrebuiltGmsCore.apk Binary XML file line #17
06-22 04:15:42.122 W/PackageParser( 1911): Unknown element under <manifest>: attribution at /system/product/priv-app/PrebuiltGmsCore/PrebuiltGmsCore.apk Binary XML file line #18
06-22 04:15:42.122 W/PackageParser( 1911): Unknown element under <manifest>: attribution at /system/product/priv-app/PrebuiltGmsCore/PrebuiltGmsCore.apk Binary XML file line #19
06-22 04:15:42.122 W/PackageParser( 1911): Unknown element under <manifest>: attribution at /system/product/priv-app/PrebuiltGmsCore/PrebuiltGmsCore.apk Binary XML file line #20
06-22 04:15:42.122 W/PackageParser( 1911): Unknown element under <manifest>: attribution at /system/product/priv-app/PrebuiltGmsCore/PrebuiltGmsCore.apk Binary XML file line #21
06-22 04:15:42.122 W/PackageParser( 1911): Unknown element under <manifest>: attribution at /system/product/priv-app/PrebuiltGmsCore/PrebuiltGmsCore.apk Binary XML file line #22
06-22 04:15:42.122 W/PackageParser( 1911): Unknown element under <manifest>: attribution at /system/product/priv-app/PrebuiltGmsCore/PrebuiltGmsCore.apk Binary XML file line #23
06-22 04:15:42.122 W/PackageParser( 1911): Unknown element under <manifest>: attribution at /system/product/priv-app/PrebuiltGmsCore/PrebuiltGmsCore.apk Binary XML file line #24
06-22 04:15:42.122 W/PackageParser( 1911): Unknown element under <manifest>: attribution at /system/product/priv-app/PrebuiltGmsCore/PrebuiltGmsCore.apk Binary XML file line #25
06-22 04:15:42.122 W/PackageParser( 1911): Unknown element under <manifest>: attribution at /system/product/priv-app/PrebuiltGmsCore/PrebuiltGmsCore.apk Binary XML file line #26
06-22 04:15:42.122 W/PackageParser( 1911): Unknown element under <manifest>: attribution at /system/product/priv-app/PrebuiltGmsCore/PrebuiltGmsCore.apk Binary XML file line #27
06-22 04:15:42.122 W/PackageParser( 1911): Unknown element under <manifest>: attribution at /system/product/priv-app/PrebuiltGmsCore/PrebuiltGmsCore.apk Binary XML file line #28
06-22 04:15:42.122 W/PackageParser( 1911): Unknown element under <manifest>: attribution at /system/product/priv-app/PrebuiltGmsCore/PrebuiltGmsCore.apk Binary XML file line #29
06-22 04:15:42.122 W/PackageParser( 1911): Unknown element under <manifest>: attribution at /system/product/priv-app/PrebuiltGmsCore/PrebuiltGmsCore.apk Binary XML file line #30
06-22 04:15:42.122 W/PackageParser( 1911): Unknown element under <manifest>: attribution at /system/product/priv-app/PrebuiltGmsCore/PrebuiltGmsCore.apk Binary XML file line #31
06-22 04:15:42.122 W/PackageParser( 1911): Unknown element under <manifest>: attribution at /system/product/priv-app/PrebuiltGmsCore/PrebuiltGmsCore.apk Binary XML file line #32
06-22 04:15:42.122 W/PackageParser( 1911): Unknown element under <manifest>: attribution at /system/product/priv-app/PrebuiltGmsCore/PrebuiltGmsCore.apk Binary XML file line #33
06-22 04:15:42.122 W/PackageParser( 1911): Unknown element under <manifest>: attribution at /system/product/priv-app/PrebuiltGmsCore/PrebuiltGmsCore.apk Binary XML file line #34
06-22 04:15:42.122 W/PackageParser( 1911): Unknown element under <manifest>: attribution at /system/product/priv-app/PrebuiltGmsCore/PrebuiltGmsCore.apk Binary XML file line #35
06-22 04:15:42.122 W/PackageParser( 1911): Unknown element under <manifest>: attribution at /system/product/priv-app/PrebuiltGmsCore/PrebuiltGmsCore.apk Binary XML file line #36
06-22 04:15:42.122 W/PackageParser( 1911): Unknown element under <manifest>: attribution at /system/product/priv-app/PrebuiltGmsCore/PrebuiltGmsCore.apk Binary XML file line #37
06-22 04:15:42.122 W/PackageParser( 1911): Unknown element under <manifest>: attribution at /system/product/priv-app/PrebuiltGmsCore/PrebuiltGmsCore.apk Binary XML file line #38
06-22 04:15:42.122 W/PackageParser( 1911): Unknown element under <manifest>: attribution at /system/product/priv-app/PrebuiltGmsCore/PrebuiltGmsCore.apk Binary XML file line #39
06-22 04:15:42.122 W/PackageParser( 1911): Unknown element under <manifest>: attribution at /system/product/priv-app/PrebuiltGmsCore/PrebuiltGmsCore.apk Binary XML file line #40
06-22 04:15:42.122 W/PackageParser( 1911): Unknown element under <manifest>: attribution at /system/product/priv-app/PrebuiltGmsCore/PrebuiltGmsCore.apk Binary XML file line #41
06-22 04:15:42.122 W/PackageParser( 1911): Unknown element under <manifest>: attribution at /system/product/priv-app/PrebuiltGmsCore/PrebuiltGmsCore.apk Binary XML file line #42
06-22 04:15:42.122 W/PackageParser( 1911): Unknown element under <manifest>: attribution at /system/product/priv-app/PrebuiltGmsCore/PrebuiltGmsCore.apk Binary XML file line #43
06-22 04:15:42.122 W/PackageParser( 1911): Unknown element under <manifest>: attribution at /system/product/priv-app/PrebuiltGmsCore/PrebuiltGmsCore.apk Binary XML file line #44
06-22 04:15:42.122 W/PackageParser( 1911): Unknown element under <manifest>: attribution at /system/product/priv-app/PrebuiltGmsCore/PrebuiltGmsCore.apk Binary XML file line #45
06-22 04:15:42.123 W/PackageParser( 1911): Unknown element under <manifest>: attribution at /system/product/priv-app/PrebuiltGmsCore/PrebuiltGmsCore.apk Binary XML file line #46
06-22 04:15:42.123 W/PackageParser( 1911): Unknown element under <manifest>: attribution at /system/product/priv-app/PrebuiltGmsCore/PrebuiltGmsCore.apk Binary XML file line #47
06-22 04:15:42.123 W/PackageParser( 1911): Unknown element under <manifest>: attribution at /system/product/priv-app/PrebuiltGmsCore/PrebuiltGmsCore.apk Binary XML file line #48
06-22 04:15:42.123 W/PackageParser( 1911): Unknown element under <manifest>: attribution at /system/product/priv-app/PrebuiltGmsCore/PrebuiltGmsCore.apk Binary XML file line #49
06-22 04:15:42.123 W/PackageParser( 1911): Unknown element under <manifest>: attribution at /system/product/priv-app/PrebuiltGmsCore/PrebuiltGmsCore.apk Binary XML file line #50
06-22 04:15:42.123 W/PackageParser( 1911): Unknown element under <manifest>: attribution at /system/product/priv-app/PrebuiltGmsCore/PrebuiltGmsCore.apk Binary XML file line #51
06-22 04:15:42.123 W/PackageParser( 1911): Unknown element under <manifest>: attribution at /system/product/priv-app/PrebuiltGmsCore/PrebuiltGmsCore.apk Binary XML file line #52
06-22 04:15:42.123 W/PackageParser( 1911): Unknown element under <manifest>: attribution at /system/product/priv-app/PrebuiltGmsCore/PrebuiltGmsCore.apk Binary XML file line #53
06-22 04:15:42.123 W/PackageParser( 1911): Unknown element under <manifest>: attribution at /system/product/priv-app/PrebuiltGmsCore/PrebuiltGmsCore.apk Binary XML file line #54
06-22 04:15:42.123 W/PackageParser( 1911): Unknown element under <manifest>: attribution at /system/product/priv-app/PrebuiltGmsCore/PrebuiltGmsCore.apk Binary XML file line #55
06-22 04:15:42.123 W/PackageParser( 1911): Unknown element under <manifest>: attribution at /system/product/priv-app/PrebuiltGmsCore/PrebuiltGmsCore.apk Binary XML file line #56
06-22 04:15:42.123 W/PackageParser( 1911): Unknown element under <manifest>: attribution at /system/product/priv-app/PrebuiltGmsCore/PrebuiltGmsCore.apk Binary XML file line #57
06-22 04:15:42.123 W/PackageParser( 1911): Unknown element under <manifest>: attribution at /system/product/priv-app/PrebuiltGmsCore/PrebuiltGmsCore.apk Binary XML file line #58
06-22 04:15:42.123 W/PackageParser( 1911): Unknown element under <manifest>: attribution at /system/product/priv-app/PrebuiltGmsCore/PrebuiltGmsCore.apk Binary XML file line #59
06-22 04:15:42.123 W/PackageParser( 1911): Unknown element under <manifest>: attribution at /system/product/priv-app/PrebuiltGmsCore/PrebuiltGmsCore.apk Binary XML file line #60
06-22 04:15:42.123 W/PackageParser( 1911): Unknown element under <manifest>: attribution at /system/product/priv-app/PrebuiltGmsCore/PrebuiltGmsCore.apk Binary XML file line #61
06-22 04:15:42.123 W/PackageParser( 1911): Unknown element under <manifest>: attribution at /system/product/priv-app/PrebuiltGmsCore/PrebuiltGmsCore.apk Binary XML file line #62
06-22 04:15:42.123 W/PackageParser( 1911): Unknown element under <manifest>: attribution at /system/product/priv-app/PrebuiltGmsCore/PrebuiltGmsCore.apk Binary XML file line #63
06-22 04:15:42.123 W/PackageParser( 1911): Unknown element under <manifest>: attribution at /system/product/priv-app/PrebuiltGmsCore/PrebuiltGmsCore.apk Binary XML file line #64
06-22 04:15:42.123 W/PackageParser( 1911): Unknown element under <manifest>: attribution at /system/product/priv-app/PrebuiltGmsCore/PrebuiltGmsCore.apk Binary XML file line #65
06-22 04:15:42.123 W/PackageParser( 1911): Unknown element under <manifest>: attribution at /system/product/priv-app/PrebuiltGmsCore/PrebuiltGmsCore.apk Binary XML file line #66
06-22 04:15:42.123 W/PackageParser( 1911): Unknown element under <manifest>: attribution at /system/product/priv-app/PrebuiltGmsCore/PrebuiltGmsCore.apk Binary XML file line #67
06-22 04:15:42.123 W/PackageParser( 1911): Unknown element under <manifest>: attribution at /system/product/priv-app/PrebuiltGmsCore/PrebuiltGmsCore.apk Binary XML file line #68
06-22 04:15:42.123 W/PackageParser( 1911): Unknown element under <manifest>: attribution at /system/product/priv-app/PrebuiltGmsCore/PrebuiltGmsCore.apk Binary XML file line #69
06-22 04:15:42.123 W/PackageParser( 1911): Unknown element under <manifest>: attribution at /system/product/priv-app/PrebuiltGmsCore/PrebuiltGmsCore.apk Binary XML file line #70
06-22 04:15:42.123 W/PackageParser( 1911): Unknown element under <manifest>: attribution at /system/product/priv-app/PrebuiltGmsCore/PrebuiltGmsCore.apk Binary XML file line #71
06-22 04:15:42.123 W/PackageParser( 1911): Unknown element under <manifest>: attribution at /system/product/priv-app/PrebuiltGmsCore/PrebuiltGmsCore.apk Binary XML file line #72
06-22 04:15:42.123 W/PackageParser( 1911): Unknown element under <manifest>: attribution at /system/product/priv-app/PrebuiltGmsCore/PrebuiltGmsCore.apk Binary XML file line #73
06-22 04:15:42.123 W/PackageParser( 1911): Unknown element under <manifest>: attribution at /system/product/priv-app/PrebuiltGmsCore/PrebuiltGmsCore.apk Binary XML file line #74
06-22 04:15:42.123 W/PackageParser( 1911): Unknown element under <manifest>: attribution at /system/product/priv-app/PrebuiltGmsCore/PrebuiltGmsCore.apk Binary XML file line #75
06-22 04:15:42.123 W/PackageParser( 1911): Unknown element under <manifest>: attribution at /system/product/priv-app/PrebuiltGmsCore/PrebuiltGmsCore.apk Binary XML file line #76
06-22 04:15:42.123 W/PackageParser( 1911): Unknown element under <manifest>: attribution at /system/product/priv-app/PrebuiltGmsCore/PrebuiltGmsCore.apk Binary XML file line #77
06-22 04:15:42.123 W/PackageParser( 1911): Unknown element under <manifest>: attribution at /system/product/priv-app/PrebuiltGmsCore/PrebuiltGmsCore.apk Binary XML file line #78
06-22 04:15:42.123 W/PackageParser( 1911): Unknown element under <manifest>: attribution at /system/product/priv-app/PrebuiltGmsCore/PrebuiltGmsCore.apk Binary XML file line #79
06-22 04:15:42.123 W/PackageParser( 1911): Unknown element under <manifest>: attribution at /system/product/priv-app/PrebuiltGmsCore/PrebuiltGmsCore.apk Binary XML file line #80
06-22 04:15:42.123 W/PackageParser( 1911): Unknown element under <manifest>: attribution at /system/product/priv-app/PrebuiltGmsCore/PrebuiltGmsCore.apk Binary XML file line #81
06-22 04:15:42.123 W/PackageParser( 1911): Unknown element under <manifest>: attribution at /system/product/priv-app/PrebuiltGmsCore/PrebuiltGmsCore.apk Binary XML file line #82
06-22 04:15:42.123 W/PackageParser( 1911): Unknown element under <manifest>: attribution at /system/product/priv-app/PrebuiltGmsCore/PrebuiltGmsCore.apk Binary XML file line #83
06-22 04:15:42.123 W/PackageParser( 1911): Unknown element under <manifest>: attribution at /system/product/priv-app/PrebuiltGmsCore/PrebuiltGmsCore.apk Binary XML file line #84
06-22 04:15:42.123 W/PackageParser( 1911): Unknown element under <manifest>: attribution at /system/product/priv-app/PrebuiltGmsCore/PrebuiltGmsCore.apk Binary XML file line #85
06-22 04:15:42.123 W/PackageParser( 1911): Unknown element under <manifest>: attribution at /system/product/priv-app/PrebuiltGmsCore/PrebuiltGmsCore.apk Binary XML file line #86
06-22 04:15:42.123 W/PackageParser( 1911): Unknown element under <manifest>: attribution at /system/product/priv-app/PrebuiltGmsCore/PrebuiltGmsCore.apk Binary XML file line #87
06-22 04:15:42.123 W/PackageParser( 1911): Unknown element under <manifest>: attribution at /system/product/priv-app/PrebuiltGmsCore/PrebuiltGmsCore.apk Binary XML file line #88
06-22 04:15:42.123 W/PackageParser( 1911): Unknown element under <manifest>: attribution at /system/product/priv-app/PrebuiltGmsCore/PrebuiltGmsCore.apk Binary XML file line #89
06-22 04:15:42.123 W/PackageParser( 1911): Unknown element under <manifest>: attribution at /system/product/priv-app/PrebuiltGmsCore/PrebuiltGmsCore.apk Binary XML file line #90
06-22 04:15:42.123 W/PackageParser( 1911): Unknown element under <manifest>: attribution at /system/product/priv-app/PrebuiltGmsCore/PrebuiltGmsCore.apk Binary XML file line #91
06-22 04:15:42.123 W/PackageParser( 1911): Unknown element under <manifest>: attribution at /system/product/priv-app/PrebuiltGmsCore/PrebuiltGmsCore.apk Binary XML file line #92
06-22 04:15:42.123 W/PackageParser( 1911): Unknown element under <manifest>: attribution at /system/product/priv-app/PrebuiltGmsCore/PrebuiltGmsCore.apk Binary XML file line #93
06-22 04:15:42.123 W/PackageParser( 1911): Unknown element under <manifest>: attribution at /system/product/priv-app/PrebuiltGmsCore/PrebuiltGmsCore.apk Binary XML file line #94
06-22 04:15:42.123 W/PackageParser( 1911): Unknown element under <manifest>: attribution at /system/product/priv-app/PrebuiltGmsCore/PrebuiltGmsCore.apk Binary XML file line #95
06-22 04:15:42.123 W/PackageParser( 1911): Unknown element under <manifest>: attribution at /system/product/priv-app/PrebuiltGmsCore/PrebuiltGmsCore.apk Binary XML file line #96
06-22 04:15:42.123 W/PackageParser( 1911): Unknown element under <manifest>: attribution at /system/product/priv-app/PrebuiltGmsCore/PrebuiltGmsCore.apk Binary XML file line #97
06-22 04:15:42.123 W/PackageParser( 1911): Unknown element under <manifest>: attribution at /system/product/priv-app/PrebuiltGmsCore/PrebuiltGmsCore.apk Binary XML file line #98
06-22 04:15:42.123 W/PackageParser( 1911): Unknown element under <manifest>: attribution at /system/product/priv-app/PrebuiltGmsCore/PrebuiltGmsCore.apk Binary XML file line #99
06-22 04:15:42.123 W/PackageParser( 1911): Unknown element under <manifest>: attribution at /system/product/priv-app/PrebuiltGmsCore/PrebuiltGmsCore.apk Binary XML file line #100
06-22 04:15:42.123 W/PackageParser( 1911): Unknown element under <manifest>: attribution at /system/product/priv-app/PrebuiltGmsCore/PrebuiltGmsCore.apk Binary XML file line #101
06-22 04:15:42.123 W/PackageParser( 1911): Unknown element under <manifest>: attribution at /system/product/priv-app/PrebuiltGmsCore/PrebuiltGmsCore.apk Binary XML file line #102
06-22 04:15:42.123 W/PackageParser( 1911): Unknown element under <manifest>: attribution at /system/product/priv-app/PrebuiltGmsCore/PrebuiltGmsCore.apk Binary XML file line #103
06-22 04:15:42.123 W/PackageParser( 1911): Unknown element under <manifest>: attribution at /system/product/priv-app/PrebuiltGmsCore/PrebuiltGmsCore.apk Binary XML file line #104
06-22 04:15:42.123 W/PackageParser( 1911): Unknown element under <manifest>: attribution at /system/product/priv-app/PrebuiltGmsCore/PrebuiltGmsCore.apk Binary XML file line #105
06-22 04:15:42.123 W/PackageParser( 1911): Unknown element under <manifest>: attribution at /system/product/priv-app/PrebuiltGmsCore/PrebuiltGmsCore.apk Binary XML file line #106
06-22 04:15:42.123 W/PackageParser( 1911): Unknown element under <manifest>: attribution at /system/product/priv-app/PrebuiltGmsCore/PrebuiltGmsCore.apk Binary XML file line #107
06-22 04:15:42.123 W/PackageParser( 1911): Unknown element under <manifest>: attribution at /system/product/priv-app/PrebuiltGmsCore/PrebuiltGmsCore.apk Binary XML file line #108
06-22 04:15:42.123 W/PackageParser( 1911): Unknown element under <manifest>: attribution at /system/product/priv-app/PrebuiltGmsCore/PrebuiltGmsCore.apk Binary XML file line #109
06-22 04:15:42.123 W/PackageParser( 1911): Unknown element under <manifest>: attribution at /system/product/priv-app/PrebuiltGmsCore/PrebuiltGmsCore.apk Binary XML file line #110
06-22 04:15:42.123 W/PackageParser( 1911): Unknown element under <manifest>: attribution at /system/product/priv-app/PrebuiltGmsCore/PrebuiltGmsCore.apk Binary XML file line #111
06-22 04:15:42.123 W/PackageParser( 1911): Unknown element under <manifest>: attribution at /system/product/priv-app/PrebuiltGmsCore/PrebuiltGmsCore.apk Binary XML file line #112
06-22 04:15:42.123 W/PackageParser( 1911): Unknown element under <manifest>: attribution at /system/product/priv-app/PrebuiltGmsCore/PrebuiltGmsCore.apk Binary XML file line #113
06-22 04:15:42.123 W/PackageParser( 1911): Unknown element under <manifest>: attribution at /system/product/priv-app/PrebuiltGmsCore/PrebuiltGmsCore.apk Binary XML file line #114
06-22 04:15:42.123 W/PackageParser( 1911): Unknown element under <manifest>: attribution at /system/product/priv-app/PrebuiltGmsCore/PrebuiltGmsCore.apk Binary XML file line #115
06-22 04:15:42.123 W/PackageParser( 1911): Unknown element under <manifest>: attribution at /system/product/priv-app/PrebuiltGmsCore/PrebuiltGmsCore.apk Binary XML file line #116
06-22 04:15:42.123 W/PackageParser( 1911): Unknown element under <manifest>: attribution at /system/product/priv-app/PrebuiltGmsCore/PrebuiltGmsCore.apk Binary XML file line #117
06-22 04:15:42.123 W/PackageParser( 1911): Unknown element under <manifest>: attribution at /system/product/priv-app/PrebuiltGmsCore/PrebuiltGmsCore.apk Binary XML file line #118
06-22 04:15:42.124 W/PackageParser( 1911): Unknown element under <manifest>: attribution at /system/product/priv-app/PrebuiltGmsCore/PrebuiltGmsCore.apk Binary XML file line #119
06-22 04:15:42.124 W/PackageParser( 1911): Unknown element under <manifest>: attribution at /system/product/priv-app/PrebuiltGmsCore/PrebuiltGmsCore.apk Binary XML file line #120
06-22 04:15:42.124 W/PackageParser( 1911): Unknown element under <manifest>: attribution at /system/product/priv-app/PrebuiltGmsCore/PrebuiltGmsCore.apk Binary XML file line #121
06-22 04:15:42.124 W/PackageParser( 1911): Unknown element under <manifest>: attribution at /system/product/priv-app/PrebuiltGmsCore/PrebuiltGmsCore.apk Binary XML file line #122
06-22 04:15:42.124 W/PackageParser( 1911): Unknown element under <manifest>: attribution at /system/product/priv-app/PrebuiltGmsCore/PrebuiltGmsCore.apk Binary XML file line #123
06-22 04:15:42.124 W/PackageParser( 1911): Unknown element under <manifest>: attribution at /system/product/priv-app/PrebuiltGmsCore/PrebuiltGmsCore.apk Binary XML file line #124
06-22 04:15:42.124 W/PackageParser( 1911): Unknown element under <manifest>: attribution at /system/product/priv-app/PrebuiltGmsCore/PrebuiltGmsCore.apk Binary XML file line #125
06-22 04:15:42.124 W/PackageParser( 1911): Unknown element under <manifest>: attribution at /system/product/priv-app/PrebuiltGmsCore/PrebuiltGmsCore.apk Binary XML file line #126
06-22 04:15:42.124 W/PackageParser( 1911): Unknown element under <manifest>: attribution at /system/product/priv-app/PrebuiltGmsCore/PrebuiltGmsCore.apk Binary XML file line #127
06-22 04:15:42.124 W/PackageParser( 1911): Unknown element under <manifest>: attribution at /system/product/priv-app/PrebuiltGmsCore/PrebuiltGmsCore.apk Binary XML file line #128
06-22 04:15:42.124 W/PackageParser( 1911): Unknown element under <manifest>: attribution at /system/product/priv-app/PrebuiltGmsCore/PrebuiltGmsCore.apk Binary XML file line #129
06-22 04:15:42.124 W/PackageParser( 1911): Unknown element under <manifest>: attribution at /system/product/priv-app/PrebuiltGmsCore/PrebuiltGmsCore.apk Binary XML file line #130
06-22 04:15:42.124 W/PackageParser( 1911): Unknown element under <manifest>: attribution at /system/product/priv-app/PrebuiltGmsCore/PrebuiltGmsCore.apk Binary XML file line #131
06-22 04:15:42.124 W/PackageParser( 1911): Unknown element under <manifest>: attribution at /system/product/priv-app/PrebuiltGmsCore/PrebuiltGmsCore.apk Binary XML file line #132
06-22 04:15:42.124 W/PackageParser( 1911): Unknown element under <manifest>: attribution at /system/product/priv-app/PrebuiltGmsCore/PrebuiltGmsCore.apk Binary XML file line #133
06-22 04:15:42.124 W/PackageParser( 1911): Unknown element under <manifest>: attribution at /system/product/priv-app/PrebuiltGmsCore/PrebuiltGmsCore.apk Binary XML file line #134
06-22 04:15:42.124 W/PackageParser( 1911): Unknown element under <manifest>: attribution at /system/product/priv-app/PrebuiltGmsCore/PrebuiltGmsCore.apk Binary XML file line #135
06-22 04:15:42.124 W/PackageParser( 1911): Unknown element under <manifest>: attribution at /system/product/priv-app/PrebuiltGmsCore/PrebuiltGmsCore.apk Binary XML file line #136
06-22 04:15:42.124 W/PackageParser( 1911): Unknown element under <manifest>: attribution at /system/product/priv-app/PrebuiltGmsCore/PrebuiltGmsCore.apk Binary XML file line #137
06-22 04:15:42.124 W/PackageParser( 1911): Unknown element under <manifest>: attribution at /system/product/priv-app/PrebuiltGmsCore/PrebuiltGmsCore.apk Binary XML file line #138
06-22 04:15:42.124 W/PackageParser( 1911): Unknown element under <manifest>: attribution at /system/product/priv-app/PrebuiltGmsCore/PrebuiltGmsCore.apk Binary XML file line #139
06-22 04:15:42.124 W/PackageParser( 1911): Unknown element under <manifest>: attribution at /system/product/priv-app/PrebuiltGmsCore/PrebuiltGmsCore.apk Binary XML file line #140
06-22 04:15:42.124 I/ServiceManager( 1785): Waiting for service 'package_native' on '/dev/binder'...
06-22 04:15:42.128 W/PackageParser( 1911): Unknown element under <manifest>: queries at /system/product/priv-app/PrebuiltGmsCore/PrebuiltGmsCore.apk Binary XML file line #544
06-22 04:15:42.169 I/PackageManager( 1911): /system/product/priv-app/PrebuiltGmsCore changed; collecting certs
