06-22 04:15:39.735 I/hwservicemanager( 1568): getTransport: Cannot find entry android.hardware.bluetooth.a2dp@1.0::IBluetoothAudioOffload/default in either framework or device manifest.
06-22 04:15:39.735 E/audiohalservice( 1672): Could not get passthrough implementation for android.hardware.bluetooth.a2dp@1.0::IBluetoothAudioOffload/default.
06-22 04:15:39.735 W/audiohalservice( 1672): Could not register Bluetooth audio offload 1.0
06-22 04:15:39.745 E/netmgr  ( 1753): Failed to open QEMU pipe 'qemud:network': Invalid argument
06-22 04:15:39.795 I/adbd    ( 1755): UsbFfsConnection constructed
06-22 04:15:39.801 I/installd( 1772): installd firing up
06-22 04:15:39.801 E/cutils  ( 1772): Failed to read /data/.layout_version: No such file or directory
06-22 04:15:39.801 D/installd( 1772): Assuming that device has multi-user storage layout; upgrade no longer supported
06-22 04:15:39.801 D/installd( 1772): Upgrading to /data/misc/user directories
06-22 04:15:39.803 D/TetherController( 1664): Setting IP forward enable = 0
06-22 04:15:39.803 D/FirewallController( 1664): Could not read /proc/self/uid_map, max uid defaulting to 4294967294
06-22 04:15:39.805 D/libEGL  ( 1729): loaded /vendor/lib64/egl/libEGL_emulation.so
06-22 04:15:39.805 D/libEGL  ( 1729): loaded /vendor/lib64/egl/libGLESv1_CM_emulation.so
06-22 04:15:39.826 I//system/bin/tombstoned( 1801): tombstoned successfully initialized
06-22 04:15:39.830 D/android.hardware.biometrics.fingerprint@2.1-service( 1803): Opening fingerprint hal library...
06-22 04:15:39.831 D/FingerprintHal( 1803): ----------------> fingerprint_open ----------------->
06-22 04:15:39.831 D/FingerprintHal( 1803): ----------------> set_notify_callback ----------------->
06-22 04:15:39.831 D/FingerprintHal( 1803): fingerprint callback notification set
06-22 04:15:39.832 D/FingerprintHal( 1803): ----------------> listenerFunction ----------------->
06-22 04:15:39.847 I/hwservicemanager( 1568): getTransport: Cannot find entry android.hardware.usb.gadget@1.0::IUsbGadget/default in either framework or device manifest.
06-22 04:15:39.847 I/usbd    ( 1802): Usb HAL not found
06-22 04:15:39.847 D/libEGL  ( 1729): loaded /vendor/lib64/egl/libGLESv2_emulation.so
06-22 04:15:39.847 I/ServiceManagement( 1803): Registered android.hardware.biometrics.fingerprint@2.1::IBiometricsFingerprint/default (start delay of 87ms)
06-22 04:15:39.847 I/ServiceManagement( 1803): Removing namespace from process name android.hardware.biometrics.fingerprint@2.1-service to fingerprint@2.1-service.
06-22 04:15:39.854 D/HostConnection( 1729): HostConnection::get() New Host Connection established 0x79fcffd1f5a0, tid 1729
06-22 04:15:39.855 D/HostConnection( 1729): HostComposition ext ANDROID_EMU_CHECKSUM_HELPER_v1 ANDROID_EMU_native_sync_v2 ANDROID_EMU_dma_v1 ANDROID_EMU_direct_mem ANDROID_EMU_host_composition_v1 ANDROID_EMU_host_composition_v2 ANDROID_EMU_vulkan ANDROID_EMU_deferred_vulkan_commands ANDROID_EMU_vulkan_null_optional_strings ANDROID_EMU_vulkan_create_resources_with_requirements ANDROID_EMU_YUV_Cache ANDROID_EMU_vulkan_ignored_handles ANDROID_EMU_vulkan_free_memory_sync ANDROID_EMU_vulkan_shader_float16_int8 ANDROID_EMU_vulkan_async_queue_submit ANDROID_EMU_sync_buffer_data ANDROID_EMU_vulkan_async_qsri ANDROID_EMU_hwc_color_transform GL_OES_EGL_image_external_essl3 GL_OES_vertex_array_object GL_KHR_texture_compression_astc_ldr ANDROID_EMU_host_side_tracing ANDROID_EMU_gles_max_version_3_0 
06-22 04:15:39.867 I/RenderEngine( 1729): EGL information:
06-22 04:15:39.867 I/RenderEngine( 1729): vendor    : Android
06-22 04:15:39.867 I/RenderEngine( 1729): version   : 1.4 Android META-EGL
06-22 04:15:39.867 I/RenderEngine( 1729): extensions: EGL_KHR_get_all_proc_addresses EGL_ANDROID_presentation_time EGL_KHR_swap_buffers_with_damage EGL_ANDROID_get_native_client_buffer EGL_ANDROID_front_buffer_auto_refresh EGL_ANDROID_get_frame_timestamps EGL_EXT_surface_SMPTE2086_metadata EGL_EXT_surface_CTA861_3_metadata EGL_KHR_image EGL_KHR_image_base EGL_KHR_gl_texture_2D_image EGL_KHR_fence_sync EGL_KHR_create_context EGL_ANDROID_image_native_buffer EGL_ANDROID_recordable 
06-22 04:15:39.867 I/RenderEngine( 1729): Client API: OpenGL_ES
06-22 04:15:39.867 I/RenderEngine( 1729): EGLSurface: 8-8-8-8, config=0x5
06-22 04:15:39.868 D/EGL_emulation( 1729): eglCreateContext: 0x79fcffd1f640: maj 3 min 0 rcv 3
06-22 04:15:39.869 D/EGL_emulation( 1729): eglMakeCurrent: 0x79fcffd1f640: ver 3 0 (tinfo 0x79fcffd0ef40)
06-22 04:15:39.872 I/RenderEngine( 1729): OpenGL ES informations:
06-22 04:15:39.872 I/RenderEngine( 1729): vendor    : Google (Google Inc.)
06-22 04:15:39.872 I/RenderEngine( 1729): renderer  : Android Emulator OpenGL ES Translator (Google SwiftShader)
06-22 04:15:39.872 I/RenderEngine( 1729): version   : OpenGL ES 3.0 (OpenGL ES 3.0 SwiftShader 4.0.0.1)
06-22 04:15:39.872 I/RenderEngine( 1729): extensions: GL_EXT_debug_marker GL_EXT_robustness GL_OES_EGL_sync GL_OES_EGL_image GL_OES_EGL_image_external GL_OES_depth24 GL_OES_depth32 GL_OES_element_index_uint GL_OES_texture_float GL_OES_texture_float_linear GL_OES_compressed_paletted_texture GL_OES_compressed_ETC1_RGB8_texture GL_OES_depth_texture GL_OES_texture_half_float GL_OES_texture_half_float_linear GL_OES_packed_depth_stencil GL_OES_vertex_half_float GL_OES_standard_derivatives GL_OES_texture_npot GL_OES_rgb8_rgba8 GL_EXT_color_buffer_float GL_EXT_color_buffer_half_float GL_EXT_texture_format_BGRA8888 GL_APPLE_texture_format_BGRA8888 ANDROID_EMU_CHECKSUM_HELPER_v1 ANDROID_EMU_native_sync_v2 ANDROID_EMU_dma_v1 ANDROID_EMU_direct_mem ANDROID_EMU_host_composition_v1 ANDROID_EMU_host_composition_v2 ANDROID_EMU_vulkan ANDROID_EMU_deferred_vulkan_commands ANDROID_EMU_vulkan_null_optional_strings ANDROID_EMU_vulkan_create_resources_with_requirements ANDROID_EMU_YUV_Cache ANDROID_EMU_vulkan_ignored_handles ANDROID_EMU_vulkan_free_memory_sync ANDROID_EM
06-22 04:15:39.872 I/RenderEngine( 1729): GL_MAX_TEXTURE_SIZE = 8192
06-22 04:15:39.872 I/RenderEngine( 1729): GL_MAX_VIEWPORT_DIMS = 8192
06-22 04:15:39.872 I/hwservicemanager( 1568): getTransport: Cannot find entry android.hardware.graphics.mapper@3.0::IMapper/default in either framework or device manifest.
06-22 04:15:39.873 D/ComposerHal( 1700): failed to get mapper 3.0 service, falling back to mapper 2.0
06-22 04:15:39.873 I/HWComposer( 1729): Switching to legacy multi-display mode
06-22 04:15:39.879 I/wificond( 1787): wificond is starting up...
06-22 04:15:39.880 E/hostapd ( 1805): Configuration file: /data/vendor/wifi/hostapd/hostapd.conf
06-22 04:15:39.882 I/hostapd ( 1805): rfkill: Cannot get wiphy information
06-22 04:15:39.893 I/hostapd ( 1805): wlan1: interface state UNINITIALIZED->COUNTRY_UPDATE
06-22 04:15:39.895 I/mediametrics( 1779): ServiceManager: 0x791bfe860280
06-22 04:15:39.895 D/MediaAnalyticsService( 1779): MediaAnalyticsService created
06-22 04:15:39.905 I/hwservicemanager( 1568): getTransport: Cannot find entry android.hardware.graphics.mapper@3.0::IMapper/default in either framework or device manifest.
06-22 04:15:39.905 W/Gralloc3( 1729): mapper 3.x is not supported
06-22 04:15:39.906 I/livelock( 1814): started
06-22 04:15:39.907 W/livelock( 1814): [khungtaskd] not configurable
06-22 04:15:39.907 I/livelock( 1814): ro.config.low_ram=false
06-22 04:15:39.907 I/livelock( 1814): ro.llk.sysrq_t=true
06-22 04:15:39.907 I/livelock( 1814): ro.llk.enable=true
06-22 04:15:39.907 I/livelock( 1814): ro.khungtask.enable=true
06-22 04:15:39.907 I/hwservicemanager( 1568): getTransport: Cannot find entry android.hardware.graphics.allocator@3.0::IAllocator/default in either framework or device manifest.
06-22 04:15:39.907 I/livelock( 1814): ro.llk.mlockall=true
06-22 04:15:39.907 I/livelock( 1814): ro.llk.killtest=true
06-22 04:15:39.907 W/Gralloc3( 1729): allocator 3.x is not supported
06-22 04:15:39.907 I/livelock( 1814): ro.khungtask.timeout=720s
06-22 04:15:39.907 I/livelock( 1814): ro.llk.timeout_ms=600.000s
06-22 04:15:39.907 I/livelock( 1814): ro.llk.D.timeout_ms=600.000s
06-22 04:15:39.907 I/livelock( 1814): ro.llk.Z.timeout_ms=600.000s
06-22 04:15:39.907 I/livelock( 1814): ro.llk.stack.timeout_ms=600.000s
06-22 04:15:39.907 I/livelock( 1814): ro.llk.check_ms=120.000s
06-22 04:15:39.907 I/livelock( 1814): ro.llk.stack=wait_on_page_bit_killable,bit_wait_io,__get_user_pages,cma_alloc
06-22 04:15:39.907 I/livelock( 1814): ro.llk.blacklist.process.stack=llkd,lmkd.llkd,apexd,ueventd,keystore,init
06-22 04:15:39.907 I/livelock( 1814): ro.llk.blacklist.process=[watchdog/1],[watchdogd/0],2,[watchdogd],watchdogd,llkd,lmkd,[khungtaskd],[kthreadd],init,1,1814,0
06-22 04:15:39.907 I/livelock( 1814): ro.llk.blacklist.parent=[kthreadd],2,0,adbd&[setsid]
06-22 04:15:39.907 I/livelock( 1814): ro.llk.blacklist.uid=
06-22 04:15:39.907 D/gralloc_ranchu( 1699): gralloc_alloc: Creating ashmem region of size 823296
06-22 04:15:39.908 D/HostConnection( 1729): createUnique: call
06-22 04:15:39.908 D/HostConnection( 1729): HostConnection::get() New Host Connection established 0x79fcffd1fbe0, tid 1729
06-22 04:15:39.908 D/HostConnection( 1729): HostComposition ext ANDROID_EMU_CHECKSUM_HELPER_v1 ANDROID_EMU_native_sync_v2 ANDROID_EMU_dma_v1 ANDROID_EMU_direct_mem ANDROID_EMU_host_composition_v1 ANDROID_EMU_host_composition_v2 ANDROID_EMU_vulkan ANDROID_EMU_deferred_vulkan_commands ANDROID_EMU_vulkan_null_optional_strings ANDROID_EMU_vulkan_create_resources_with_requirements ANDROID_EMU_YUV_Cache ANDROID_EMU_vulkan_ignored_handles ANDROID_EMU_vulkan_free_memory_sync ANDROID_EMU_vulkan_shader_float16_int8 ANDROID_EMU_vulkan_async_queue_submit ANDROID_EMU_sync_buffer_data ANDROID_EMU_vulkan_async_qsri ANDROID_EMU_hwc_color_transform GL_OES_EGL_image_external_essl3 GL_OES_vertex_array_object GL_KHR_texture_compression_astc_ldr ANDROID_EMU_host_side_tracing ANDROID_EMU_gles_max_version_3_0 
06-22 04:15:39.909 D/eglCodecCommon( 1729): allocate: Ask for block of size 0x1000
06-22 04:15:39.909 D/eglCodecCommon( 1729): allocate: ioctl allocate returned offset 0x3ffffa000 size 0x2000
06-22 04:15:39.909 D/gralloc_ranchu( 1699): gralloc_alloc: Creating ashmem region of size 823296
06-22 04:15:39.909 D/gralloc_ranchu( 1699): gralloc_alloc: Creating ashmem region of size 823296
06-22 04:15:39.912 I/ServiceManager( 1785): Waiting for service 'package_native' on '/dev/binder'...
06-22 04:15:39.923 I/netd    ( 1664): Creating child chains: 119.2ms
06-22 04:15:39.923 I/netd    ( 1664): Setting up OEM hooks: 0.1ms
06-22 04:15:39.924 I/netd    ( 1664): Setting up FirewallController hooks: 0.1ms
06-22 04:15:39.924 I/netd    ( 1664): Setting up TetherController hooks: 0.7ms
06-22 04:15:39.925 I/netd    ( 1664): Setting up BandwidthController hooks: 0.6ms
06-22 04:15:39.925 I/netd    ( 1664): Setting up IdletimerController hooks: 0.1ms
06-22 04:15:39.934 V/MediaUtils( 1777): physMem: 2089566208
06-22 04:15:39.934 V/MediaUtils( 1777): requested limit: 417913240
06-22 04:15:39.934 I/libc    ( 1777): malloc_limit: Allocation limit enabled, max size 417913240 bytes
06-22 04:15:39.941 I/ServiceManagement( 1783): Registered android.frameworks.stats@1.0::IStats/default (start delay of 261ms)
06-22 04:15:39.941 W/statsd  ( 1783): statscompanion service unavailable!
06-22 04:15:39.942 I/statsd  ( 1783): Statsd starts to listen to socket.
06-22 04:15:39.947 I/gatekeeperd( 1800): Starting gatekeeperd...
06-22 04:15:39.955 W//system/bin/mediaextractor( 1777): Could not read additional policy file '/vendor/etc/seccomp_policy/mediaextractor.policy'
06-22 04:15:39.955 W//system/bin/mediaextractor( 1777): libminijail[1777]: failed to get path of fd 4: No such file or directory
06-22 04:15:39.955 W//system/bin/mediaextractor( 1777): libminijail[1777]: allowing syscall: socket
06-22 04:15:39.955 W//system/bin/mediaextractor( 1777): libminijail[1777]: allowing syscall: connect
06-22 04:15:39.955 W//system/bin/mediaextractor( 1777): libminijail[1777]: allowing syscall: fcntl
06-22 04:15:39.955 W//system/bin/mediaextractor( 1777): libminijail[1777]: allowing syscall: writev
06-22 04:15:39.978 W//system/bin/mediaextractor( 1777): libminijail[1777]: logging seccomp filter failures
06-22 04:15:39.998 D/AndroidRuntime( 1665): >>>>>> START com.android.internal.os.ZygoteInit uid 0 <<<<<<
06-22 04:15:40.003 I/mediaserver( 1776): ServiceManager: 0xef2a6740
06-22 04:15:40.007 I/hwservicemanager( 1568): getTransport: Cannot find entry android.hardware.keymaster@4.0::IKeymasterDevice/default in either framework or device manifest.
06-22 04:15:40.007 I/keystore( 1773): found android.hardware.keymaster@3.0::IKeymasterDevice with interface name default and seclevel SOFTWARE
06-22 04:15:40.007 W/keystore( 1773): No secure Keymaster implementation found, but device offers insecure Keymaster HAL. Using as default.
06-22 04:15:40.013 I/ServiceManager( 1785): Waiting for service 'package_native' on '/dev/binder'...
06-22 04:15:40.014 I/ServiceManagement( 1773): Registered android.system.wifi.keystore@1.0::IKeystore/default (start delay of 354ms)
06-22 04:15:40.053 D/RenderEngine( 1729): shader cache generated - 48 shaders in 143.463623 ms
06-22 04:15:40.055 I/ServiceManagement( 1729): Registered android.frameworks.displayservice@1.0::IDisplayService/default (start delay of 644ms)
06-22 04:15:40.055 D/SurfaceFlinger( 1729): Setting power mode 2 on display 0
06-22 04:15:40.055 D/SurfaceFlinger( 1729): Finished setting power mode 2 on display 0
06-22 04:15:40.118 I/ServiceManager( 1785): Waiting for service 'package_native' on '/dev/binder'...
06-22 04:15:40.129 I/ServiceManagement( 1798): Registered android.hardware.radio@1.1::IRadio/slot1 (start delay of 399ms)
06-22 04:15:40.130 I/ServiceManagement( 1798): Registered android.hardware.radio.deprecated@1.0::IOemHook/slot1 (start delay of 399ms)
06-22 04:15:40.134 I/media.codec( 1796): mediacodecservice starting
06-22 04:15:40.135 W/media.codec( 1796): Could not read additional policy file '/vendor/etc/seccomp_policy/mediacodec.policy'
06-22 04:15:40.135 W/media.codec( 1796): libminijail[1796]: failed to get path of fd 4: No such file or directory
06-22 04:15:40.135 W/media.codec( 1796): libminijail[1796]: allowing syscall: socketcall
06-22 04:15:40.135 W/media.codec( 1796): libminijail[1796]: allowing syscall: writev
06-22 04:15:40.135 W/media.codec( 1796): libminijail[1796]: allowing syscall: fcntl64
06-22 04:15:40.135 W/media.codec( 1796): libminijail[1796]: allowing syscall: clock_gettime
06-22 04:15:40.136 W/media.codec( 1796): libminijail[1796]: compile_file: <fd>(34): nonexistent syscall 'newfstatat'
06-22 04:15:40.137 W/media.codec( 1796): libminijail[1796]: logging seccomp filter failures
06-22 04:15:40.138 D/GoldfishOMXPlugin( 1796): called createOMXPlugin for Goldfish
06-22 04:15:40.138 D/GoldfishOMXPlugin( 1796): useAndroidGoldfishComponentInstance 73 found prop ro.kernel.qemu.hwcodec.vpxdec val 2
06-22 04:15:40.138 D/GoldfishOMXPlugin( 1796): found and use kComponents[i].name OMX.android.goldfish.vp8.decoder
06-22 04:15:40.138 D/GoldfishOMXPlugin( 1796): useAndroidGoldfishComponentInstance 73 found prop ro.kernel.qemu.hwcodec.vpxdec val 2
06-22 04:15:40.138 D/GoldfishOMXPlugin( 1796): found and use kComponents[i].name OMX.android.goldfish.vp9.decoder
06-22 04:15:40.138 D/GoldfishOMXPlugin( 1796): useAndroidGoldfishComponentInstance 73 found prop ro.kernel.qemu.hwcodec.avcdec val 2
06-22 04:15:40.138 D/GoldfishOMXPlugin( 1796): found and use kComponents[i].name OMX.android.goldfish.h264.decoder
06-22 04:15:40.138 D/GoldfishOMXPlugin( 1796): enumerate OMX.android.goldfish.vp8.decoder component
06-22 04:15:40.138 D/GoldfishOMXPlugin( 1796): enumerate OMX.android.goldfish.vp9.decoder component
06-22 04:15:40.138 D/GoldfishOMXPlugin( 1796): enumerate OMX.android.goldfish.h264.decoder component
06-22 04:15:40.139 I/SoftOMXPlugin( 1796): createOMXPlugin
06-22 04:15:40.139 D/MediaCodecsXmlParser( 1796): parsing /vendor/etc/media_codecs.xml...
06-22 04:15:40.141 D/MediaCodecsXmlParser( 1796): parsing /vendor/etc/media_codecs_google_audio.xml...
06-22 04:15:40.141 I/MediaCodecsXmlParser( 1796): limit: max-channel-count = 2
06-22 04:15:40.141 I/MediaCodecsXmlParser( 1796): limit: sample-rate-ranges = 8000,11025,12000,16000,22050,24000,32000,44100,48000
06-22 04:15:40.141 I/MediaCodecsXmlParser( 1796): limit: bitrate-range = 8000-320000
06-22 04:15:40.141 I/MediaCodecsXmlParser( 1796): limit: max-channel-count = 1
06-22 04:15:40.141 I/MediaCodecsXmlParser( 1796): limit: sample-rate-ranges = 8000
06-22 04:15:40.141 I/MediaCodecsXmlParser( 1796): limit: bitrate-range = 4750-12200
06-22 04:15:40.141 I/MediaCodecsXmlParser( 1796): limit: max-channel-count = 1
06-22 04:15:40.141 I/MediaCodecsXmlParser( 1796): limit: sample-rate-ranges = 16000
06-22 04:15:40.141 I/MediaCodecsXmlParser( 1796): limit: bitrate-range = 6600-23850
06-22 04:15:40.141 I/MediaCodecsXmlParser( 1796): limit: max-channel-count = 8
06-22 04:15:40.141 I/MediaCodecsXmlParser( 1796): limit: sample-rate-ranges = 7350,8000,11025,12000,16000,22050,24000,32000,44100,48000
06-22 04:15:40.141 I/MediaCodecsXmlParser( 1796): limit: bitrate-range = 8000-960000
06-22 04:15:40.141 I/MediaCodecsXmlParser( 1796): limit: max-channel-count = 1
06-22 04:15:40.141 I/MediaCodecsXmlParser( 1796): limit: sample-rate-ranges = 8000-48000
06-22 04:15:40.141 I/MediaCodecsXmlParser( 1796): limit: bitrate-range = 64000
06-22 04:15:40.141 I/MediaCodecsXmlParser( 1796): limit: max-channel-count = 1
06-22 04:15:40.141 I/MediaCodecsXmlParser( 1796): limit: sample-rate-ranges = 8000-48000
06-22 04:15:40.141 I/MediaCodecsXmlParser( 1796): limit: bitrate-range = 64000
06-22 04:15:40.141 I/MediaCodecsXmlParser( 1796): limit: max-channel-count = 8
06-22 04:15:40.141 I/MediaCodecsXmlParser( 1796): limit: sample-rate-ranges = 8000-96000
06-22 04:15:40.141 I/MediaCodecsXmlParser( 1796): limit: bitrate-range = 32000-500000
06-22 04:15:40.141 I/MediaCodecsXmlParser( 1796): limit: max-channel-count = 8
06-22 04:15:40.141 I/MediaCodecsXmlParser( 1796): limit: sample-rate-ranges = 48000
06-22 04:15:40.141 I/MediaCodecsXmlParser( 1796): limit: bitrate-range = 6000-510000
06-22 04:15:40.141 I/MediaCodecsXmlParser( 1796): limit: max-channel-count = 8
06-22 04:15:40.141 I/MediaCodecsXmlParser( 1796): limit: sample-rate-ranges = 8000-192000
06-22 04:15:40.141 I/MediaCodecsXmlParser( 1796): limit: bitrate-range = 1-10000000
06-22 04:15:40.141 I/MediaCodecsXmlParser( 1796): limit: max-channel-count = 8
06-22 04:15:40.141 I/MediaCodecsXmlParser( 1796): limit: sample-rate-ranges = 1-655350
06-22 04:15:40.142 I/MediaCodecsXmlParser( 1796): limit: bitrate-range = 1-21000000
06-22 04:15:40.142 I/MediaCodecsXmlParser( 1796): limit: max-channel-count = 6
06-22 04:15:40.142 I/MediaCodecsXmlParser( 1796): limit: sample-rate-ranges = 8000,11025,12000,16000,22050,24000,32000,44100,48000
06-22 04:15:40.142 I/MediaCodecsXmlParser( 1796): limit: bitrate-range = 8000-960000
06-22 04:15:40.142 I/MediaCodecsXmlParser( 1796): limit: max-channel-count = 1
06-22 04:15:40.142 I/MediaCodecsXmlParser( 1796): limit: sample-rate-ranges = 8000
06-22 04:15:40.142 I/MediaCodecsXmlParser( 1796): limit: bitrate-range = 4750-12200
06-22 04:15:40.142 I/MediaCodecsXmlParser( 1796): limit: feature-bitrate-modes = CBR
06-22 04:15:40.142 I/MediaCodecsXmlParser( 1796): limit: max-channel-count = 1
06-22 04:15:40.142 I/MediaCodecsXmlParser( 1796): limit: sample-rate-ranges = 16000
06-22 04:15:40.142 I/MediaCodecsXmlParser( 1796): limit: bitrate-range = 6600-23850
06-22 04:15:40.142 I/MediaCodecsXmlParser( 1796): limit: feature-bitrate-modes = CBR
06-22 04:15:40.142 I/MediaCodecsXmlParser( 1796): limit: max-channel-count = 2
06-22 04:15:40.142 I/MediaCodecsXmlParser( 1796): limit: sample-rate-ranges = 1-655350
06-22 04:15:40.142 I/MediaCodecsXmlParser( 1796): limit: bitrate-range = 1-21000000
06-22 04:15:40.142 I/MediaCodecsXmlParser( 1796): limit: complexity-default = 5
06-22 04:15:40.142 I/MediaCodecsXmlParser( 1796): limit: complexity-range = 0-8
06-22 04:15:40.142 I/MediaCodecsXmlParser( 1796): limit: feature-bitrate-modes = CQ
06-22 04:15:40.142 D/MediaCodecsXmlParser( 1796): parsing /vendor/etc/media_codecs_google_telephony.xml...
06-22 04:15:40.142 I/MediaCodecsXmlParser( 1796): limit: max-channel-count = 1
06-22 04:15:40.142 I/MediaCodecsXmlParser( 1796): limit: sample-rate-ranges = 8000
06-22 04:15:40.142 I/MediaCodecsXmlParser( 1796): limit: bitrate-range = 13000
06-22 04:15:40.142 D/MediaCodecsXmlParser( 1796): parsing /vendor/etc/media_codecs_google_video.xml...
06-22 04:15:40.142 I/MediaCodecsXmlParser( 1796): limit: size-range = 2x2-352x288
06-22 04:15:40.142 I/MediaCodecsXmlParser( 1796): limit: alignment = 2x2
06-22 04:15:40.142 I/MediaCodecsXmlParser( 1796): limit: block-size = 16x16
06-22 04:15:40.142 I/MediaCodecsXmlParser( 1796): limit: blocks-per-second-range = 12-11880
06-22 04:15:40.142 I/MediaCodecsXmlParser( 1796): limit: bitrate-range = 1-384000
06-22 04:15:40.142 I/MediaCodecsXmlParser( 1796): limit: performance-point-1920x1080-range = 30-30
06-22 04:15:40.142 I/MediaCodecsXmlParser( 1796): limit: feature-adaptive-playback = 0
06-22 04:15:40.142 I/MediaCodecsXmlParser( 1796): limit: size-range = 2x2-352x288
06-22 04:15:40.142 I/MediaCodecsXmlParser( 1796): limit: alignment = 2x2
06-22 04:15:40.142 I/MediaCodecsXmlParser( 1796): limit: bitrate-range = 1-384000
06-22 04:15:40.142 I/MediaCodecsXmlParser( 1796): limit: performance-point-1920x1080-range = 30-30
06-22 04:15:40.142 I/MediaCodecsXmlParser( 1796): limit: feature-adaptive-playback = 0
06-22 04:15:40.142 I/MediaCodecsXmlParser( 1796): limit: size-range = 96x96-3840x2160
06-22 04:15:40.142 I/MediaCodecsXmlParser( 1796): limit: alignment = 2x2
06-22 04:15:40.142 I/MediaCodecsXmlParser( 1796): limit: block-size = 16x16
06-22 04:15:40.142 I/MediaCodecsXmlParser( 1796): limit: blocks-per-second-range = 24-2073600
06-22 04:15:40.142 I/MediaCodecsXmlParser( 1796): limit: bitrate-range = 1-120000000
06-22 04:15:40.142 I/MediaCodecsXmlParser( 1796): limit: frame-rate-range = 1-480
06-22 04:15:40.142 I/MediaCodecsXmlParser( 1796): limit: performance-point-3840x2160-range = 60-60
06-22 04:15:40.142 I/MediaCodecsXmlParser( 1796): limit: measured-frame-rate-320x240-range = 257-266
06-22 04:15:40.142 I/MediaCodecsXmlParser( 1796): limit: measured-frame-rate-720x480-range = 262-264
06-22 04:15:40.142 I/MediaCodecsXmlParser( 1796): limit: measured-frame-rate-1280x720-range = 227-251
06-22 04:15:40.142 I/MediaCodecsXmlParser( 1796): limit: measured-frame-rate-1920x1080-range = 235-247
06-22 04:15:40.142 I/MediaCodecsXmlParser( 1796): limit: measured-frame-rate-3840x2160-range = 235-247
06-22 04:15:40.142 I/MediaCodecsXmlParser( 1796): limit: feature-adaptive-playback = 0
06-22 04:15:40.142 I/MediaCodecsXmlParser( 1796): limit: size-range = 2x2-2560x2560
06-22 04:15:40.143 I/MediaCodecsXmlParser( 1796): limit: alignment = 2x2
06-22 04:15:40.143 I/MediaCodecsXmlParser( 1796): limit: block-size = 16x16
06-22 04:15:40.143 I/MediaCodecsXmlParser( 1796): limit: blocks-per-second-range = 24-2073600
06-22 04:15:40.143 I/MediaCodecsXmlParser( 1796): limit: bitrate-range = 1-120000000
06-22 04:15:40.143 I/MediaCodecsXmlParser( 1796): limit: frame-rate-range = 1-480
06-22 04:15:40.143 I/MediaCodecsXmlParser( 1796): limit: performance-point-1920x1088-range = 30-30
06-22 04:15:40.143 I/MediaCodecsXmlParser( 1796): limit: measured-frame-rate-320x240-range = 183-183
06-22 04:15:40.143 I/MediaCodecsXmlParser( 1796): limit: measured-frame-rate-720x480-range = 181-181
06-22 04:15:40.143 I/MediaCodecsXmlParser( 1796): limit: measured-frame-rate-1280x720-range = 182-184
06-22 04:15:40.143 I/MediaCodecsXmlParser( 1796): limit: measured-frame-rate-1920x1080-range = 30-40
06-22 04:15:40.143 I/MediaCodecsXmlParser( 1796): limit: feature-adaptive-playback = 0
06-22 04:15:40.143 I/MediaCodecsXmlParser( 1796): limit: size-range = 2x2-2048x2048
06-22 04:15:40.143 I/MediaCodecsXmlParser( 1796): limit: alignment = 2x2
06-22 04:15:40.143 I/MediaCodecsXmlParser( 1796): limit: block-size = 8x8
06-22 04:15:40.143 I/MediaCodecsXmlParser( 1796): limit: block-count-range = 1-139264
06-22 04:15:40.143 I/MediaCodecsXmlParser( 1796): limit: blocks-per-second-range = 1-2000000
06-22 04:15:40.143 I/MediaCodecsXmlParser( 1796): limit: bitrate-range = 1-10000000
06-22 04:15:40.143 I/MediaCodecsXmlParser( 1796): limit: performance-point-1920x1080-range = 30-30
06-22 04:15:40.143 I/MediaCodecsXmlParser( 1796): limit: feature-adaptive-playback = 0
06-22 04:15:40.143 I/MediaCodecsXmlParser( 1796): limit: size-range = 144x144-3840x2160
06-22 04:15:40.143 I/MediaCodecsXmlParser( 1796): limit: alignment = 2x2
06-22 04:15:40.143 I/MediaCodecsXmlParser( 1796): limit: block-size = 16x16
06-22 04:15:40.143 I/MediaCodecsXmlParser( 1796): limit: blocks-per-second-range = 24-2073600
06-22 04:15:40.143 I/MediaCodecsXmlParser( 1796): limit: bitrate-range = 1-120000000
06-22 04:15:40.143 I/MediaCodecsXmlParser( 1796): limit: frame-rate-range = 1-480
06-22 04:15:40.143 I/MediaCodecsXmlParser( 1796): limit: performance-point-3840x2160-range = 60-60
06-22 04:15:40.143 I/MediaCodecsXmlParser( 1796): limit: measured-frame-rate-320x180-range = 743-817
06-22 04:15:40.143 I/MediaCodecsXmlParser( 1796): limit: measured-frame-rate-640x360-range = 582-602
06-22 04:15:40.143 I/MediaCodecsXmlParser( 1796): limit: measured-frame-rate-1280x720-range = 237-258
06-22 04:15:40.143 I/MediaCodecsXmlParser( 1796): limit: measured-frame-rate-1920x1080-range = 148-151
06-22 04:15:40.143 I/MediaCodecsXmlParser( 1796): limit: measured-frame-rate-3840x2160-range = 30-90
06-22 04:15:40.143 I/MediaCodecsXmlParser( 1796): limit: feature-adaptive-playback = 0
06-22 04:15:40.143 I/MediaCodecsXmlParser( 1796): limit: size-range = 144x144-3840x2160
06-22 04:15:40.143 I/MediaCodecsXmlParser( 1796): limit: alignment = 2x2
06-22 04:15:40.143 I/MediaCodecsXmlParser( 1796): limit: block-size = 16x16
06-22 04:15:40.143 I/MediaCodecsXmlParser( 1796): limit: blocks-per-second-range = 24-2073600
06-22 04:15:40.143 I/MediaCodecsXmlParser( 1796): limit: bitrate-range = 1-120000000
06-22 04:15:40.143 I/MediaCodecsXmlParser( 1796): limit: frame-rate-range = 1-480
06-22 04:15:40.143 I/MediaCodecsXmlParser( 1796): limit: performance-point-3840x2160-range = 60-60
06-22 04:15:40.143 I/MediaCodecsXmlParser( 1796): limit: measured-frame-rate-320x180-range = 743-817
06-22 04:15:40.143 I/MediaCodecsXmlParser( 1796): limit: measured-frame-rate-640x360-range = 582-602
06-22 04:15:40.143 I/MediaCodecsXmlParser( 1796): limit: measured-frame-rate-1280x720-range = 237-258
06-22 04:15:40.143 I/MediaCodecsXmlParser( 1796): limit: measured-frame-rate-1920x1080-range = 50-60
06-22 04:15:40.143 I/MediaCodecsXmlParser( 1796): limit: measured-frame-rate-3840x2160-range = 30-90
06-22 04:15:40.143 I/MediaCodecsXmlParser( 1796): limit: feature-adaptive-playback = 0
06-22 04:15:40.143 I/MediaCodecsXmlParser( 1796): limit: size-range = 2x2-2560x2560
06-22 04:15:40.143 I/MediaCodecsXmlParser( 1796): limit: alignment = 2x2
06-22 04:15:40.143 I/MediaCodecsXmlParser( 1796): limit: block-size = 16x16
06-22 04:15:40.143 I/MediaCodecsXmlParser( 1796): limit: blocks-per-second-range = 24-2073600
06-22 04:15:40.143 I/MediaCodecsXmlParser( 1796): limit: bitrate-range = 1-120000000
06-22 04:15:40.143 I/MediaCodecsXmlParser( 1796): limit: frame-rate-range = 1-480
06-22 04:15:40.143 I/MediaCodecsXmlParser( 1796): limit: performance-point-1920x1088-range = 60-60
06-22 04:15:40.143 I/MediaCodecsXmlParser( 1796): limit: measured-frame-rate-320x240-range = 183-183
06-22 04:15:40.143 I/MediaCodecsXmlParser( 1796): limit: measured-frame-rate-720x480-range = 181-181
06-22 04:15:40.143 I/MediaCodecsXmlParser( 1796): limit: measured-frame-rate-1280x720-range = 182-184
06-22 04:15:40.143 I/MediaCodecsXmlParser( 1796): limit: measured-frame-rate-1920x1088-range = 50-60
06-22 04:15:40.143 I/MediaCodecsXmlParser( 1796): limit: measured-frame-rate-2560x1440-range = 30-40
06-22 04:15:40.143 I/MediaCodecsXmlParser( 1796): limit: feature-adaptive-playback = 0
06-22 04:15:40.143 I/MediaCodecsXmlParser( 1796): limit: size-range = 2x2-2560x2560
06-22 04:15:40.143 I/MediaCodecsXmlParser( 1796): limit: alignment = 2x2
06-22 04:15:40.143 I/MediaCodecsXmlParser( 1796): limit: block-size = 16x16
06-22 04:15:40.143 I/MediaCodecsXmlParser( 1796): limit: blocks-per-second-range = 24-2073600
06-22 04:15:40.143 I/MediaCodecsXmlParser( 1796): limit: bitrate-range = 1-120000000
06-22 04:15:40.143 I/MediaCodecsXmlParser( 1796): limit: frame-rate-range = 1-480
06-22 04:15:40.143 I/MediaCodecsXmlParser( 1796): limit: performance-point-1920x1088-range = 60-60
06-22 04:15:40.143 I/MediaCodecsXmlParser( 1796): limit: measured-frame-rate-320x240-range = 183-183
06-22 04:15:40.143 I/MediaCodecsXmlParser( 1796): limit: measured-frame-rate-720x480-range = 181-181
06-22 04:15:40.144 I/MediaCodecsXmlParser( 1796): limit: measured-frame-rate-1280x720-range = 121-125
06-22 04:15:40.144 I/MediaCodecsXmlParser( 1796): limit: measured-frame-rate-1920x1088-range = 148-151
06-22 04:15:40.144 I/MediaCodecsXmlParser( 1796): limit: measured-frame-rate-2560x1440-range = 30-40
06-22 04:15:40.144 I/MediaCodecsXmlParser( 1796): limit: feature-adaptive-playback = 0
06-22 04:15:40.144 I/MediaCodecsXmlParser( 1796): limit: size-range = 176x144-176x144
06-22 04:15:40.144 I/MediaCodecsXmlParser( 1796): limit: alignment = 16x16
06-22 04:15:40.144 I/MediaCodecsXmlParser( 1796): limit: bitrate-range = 1-128000
06-22 04:15:40.144 I/MediaCodecsXmlParser( 1796): limit: size-range = 16x16-1920x1088
06-22 04:15:40.144 I/MediaCodecsXmlParser( 1796): limit: alignment = 2x2
06-22 04:15:40.144 I/MediaCodecsXmlParser( 1796): limit: block-size = 16x16
06-22 04:15:40.144 I/MediaCodecsXmlParser( 1796): limit: blocks-per-second-range = 1-244800
06-22 04:15:40.144 I/MediaCodecsXmlParser( 1796): limit: bitrate-range = 1-20000000
06-22 04:15:40.144 I/MediaCodecsXmlParser( 1796): limit: feature-intra-refresh = 0
06-22 04:15:40.144 I/MediaCodecsXmlParser( 1796): limit: size-range = 16x16-176x144
06-22 04:15:40.144 I/MediaCodecsXmlParser( 1796): limit: alignment = 16x16
06-22 04:15:40.144 I/MediaCodecsXmlParser( 1796): limit: block-size = 16x16
06-22 04:15:40.144 I/MediaCodecsXmlParser( 1796): limit: blocks-per-second-range = 12-1485
06-22 04:15:40.144 I/MediaCodecsXmlParser( 1796): limit: bitrate-range = 1-64000
06-22 04:15:40.144 I/MediaCodecsXmlParser( 1796): limit: size-range = 2x2-2048x2048
06-22 04:15:40.144 I/MediaCodecsXmlParser( 1796): limit: alignment = 2x2
06-22 04:15:40.144 I/MediaCodecsXmlParser( 1796): limit: bitrate-range = 1-40000000
06-22 04:15:40.144 I/MediaCodecsXmlParser( 1796): limit: feature-bitrate-modes = VBR,CBR
06-22 04:15:40.144 D/MediaCodecsXmlParser( 1796): parsing /vendor/etc/media_codecs_performance.xml...
06-22 04:15:40.144 I/MediaCodecsXmlParser( 1796): limit: measured-frame-rate-176x144-range = 849-1008
06-22 04:15:40.144 I/MediaCodecsXmlParser( 1796): limit: measured-frame-rate-320x240-range = 496-629
06-22 04:15:40.144 I/MediaCodecsXmlParser( 1796): limit: measured-frame-rate-720x480-range = 197-203
06-22 04:15:40.144 I/MediaCodecsXmlParser( 1796): limit: measured-frame-rate-1280x720-range = 93-97
06-22 04:15:40.144 I/MediaCodecsXmlParser( 1796): limit: measured-frame-rate-1920x1080-range = 45-47
06-22 04:15:40.144 I/MediaCodecsXmlParser( 1796): limit: measured-frame-rate-176x144-range = 881-1142
06-22 04:15:40.144 I/MediaCodecsXmlParser( 1796): limit: measured-frame-rate-320x180-range = 249-285
06-22 04:15:40.144 I/MediaCodecsXmlParser( 1796): limit: measured-frame-rate-640x360-range = 104-115
06-22 04:15:40.144 I/MediaCodecsXmlParser( 1796): limit: measured-frame-rate-1280x720-range = 34-35
06-22 04:15:40.144 I/MediaCodecsXmlParser( 1796): limit: measured-frame-rate-1920x1080-range = 26-29
06-22 04:15:40.144 I/MediaCodecsXmlParser( 1796): limit: measured-frame-rate-176x144-range = 1246-1390
06-22 04:15:40.144 I/MediaCodecsXmlParser( 1796): limit: measured-frame-rate-352x288-range = 1121-1128
06-22 04:15:40.144 I/MediaCodecsXmlParser( 1796): limit: measured-frame-rate-320x240-range = 299-629
06-22 04:15:40.145 I/MediaCodecsXmlParser( 1796): limit: measured-frame-rate-720x480-range = 215-250
06-22 04:15:40.145 I/MediaCodecsXmlParser( 1796): limit: measured-frame-rate-1280x720-range = 75-85
06-22 04:15:40.145 I/MediaCodecsXmlParser( 1796): limit: measured-frame-rate-1920x1080-range = 31-34
06-22 04:15:40.145 I/MediaCodecsXmlParser( 1796): limit: measured-frame-rate-352x288-range = 754-817
06-22 04:15:40.145 I/MediaCodecsXmlParser( 1796): limit: measured-frame-rate-640x360-range = 323-394
06-22 04:15:40.145 I/MediaCodecsXmlParser( 1796): limit: measured-frame-rate-720x480-range = 349-372
06-22 04:15:40.145 I/MediaCodecsXmlParser( 1796): limit: measured-frame-rate-1280x720-range = 144-157
06-22 04:15:40.145 I/MediaCodecsXmlParser( 1796): limit: measured-frame-rate-1920x1080-range = 74-85
06-22 04:15:40.145 I/MediaCodecsXmlParser( 1796): limit: measured-frame-rate-176x144-range = 1439-1625
06-22 04:15:40.145 I/MediaCodecsXmlParser( 1796): limit: measured-frame-rate-320x180-range = 1129-1261
06-22 04:15:40.145 I/MediaCodecsXmlParser( 1796): limit: measured-frame-rate-640x360-range = 471-525
06-22 04:15:40.145 I/MediaCodecsXmlParser( 1796): limit: measured-frame-rate-1280x720-range = 126-145
06-22 04:15:40.145 I/MediaCodecsXmlParser( 1796): limit: measured-frame-rate-1920x1080-range = 48-51
06-22 04:15:40.145 I/MediaCodecsXmlParser( 1796): limit: measured-frame-rate-2160x2160-range = 31-34
06-22 04:15:40.145 I/MediaCodecsXmlParser( 1796): limit: measured-frame-rate-320x180-range = 968-1101
06-22 04:15:40.145 I/MediaCodecsXmlParser( 1796): limit: measured-frame-rate-640x360-range = 291-338
06-22 04:15:40.145 I/MediaCodecsXmlParser( 1796): limit: measured-frame-rate-1280x720-range = 280-400
06-22 04:15:40.145 I/MediaCodecsXmlParser( 1796): limit: measured-frame-rate-1920x1080-range = 178-240
06-22 04:15:40.145 I/MediaCodecsXmlParser( 1796): limit: measured-frame-rate-2560x1440-range = 31-34
06-22 04:15:40.145 D/MediaCodecsXmlParser( 1796): Cannot find /data/misc/media/media_codecs_profiling_results.xml
06-22 04:15:40.150 I/ServiceManagement( 1796): Registered android.hardware.media.omx@1.0::IOmx/default (start delay of 420ms)
06-22 04:15:40.150 I/ServiceManagement( 1796): Removing namespace from process name android.hardware.media.omx@1.0-service to omx@1.0-service.
06-22 04:15:40.150 I/media.codec( 1796): IOmx HAL service created.
06-22 04:15:40.150 D/MediaCodecsXmlParser( 1796): parsing /vendor/etc/media_codecs.xml...
06-22 04:15:40.150 D/MediaCodecsXmlParser( 1796): parsing /vendor/etc/media_codecs_google_audio.xml...
06-22 04:15:40.150 I/MediaCodecsXmlParser( 1796): limit: max-channel-count = 2
06-22 04:15:40.150 I/MediaCodecsXmlParser( 1796): limit: sample-rate-ranges = 8000,11025,12000,16000,22050,24000,32000,44100,48000
06-22 04:15:40.150 I/MediaCodecsXmlParser( 1796): limit: bitrate-range = 8000-320000
06-22 04:15:40.150 I/MediaCodecsXmlParser( 1796): limit: max-channel-count = 1
06-22 04:15:40.150 I/MediaCodecsXmlParser( 1796): limit: sample-rate-ranges = 8000
06-22 04:15:40.151 I/MediaCodecsXmlParser( 1796): limit: bitrate-range = 4750-12200
06-22 04:15:40.151 I/MediaCodecsXmlParser( 1796): limit: max-channel-count = 1
06-22 04:15:40.151 I/MediaCodecsXmlParser( 1796): limit: sample-rate-ranges = 16000
06-22 04:15:40.151 I/MediaCodecsXmlParser( 1796): limit: bitrate-range = 6600-23850
06-22 04:15:40.151 I/MediaCodecsXmlParser( 1796): limit: max-channel-count = 8
06-22 04:15:40.151 I/MediaCodecsXmlParser( 1796): limit: sample-rate-ranges = 7350,8000,11025,12000,16000,22050,24000,32000,44100,48000
06-22 04:15:40.151 I/MediaCodecsXmlParser( 1796): limit: bitrate-range = 8000-960000
06-22 04:15:40.151 I/MediaCodecsXmlParser( 1796): limit: max-channel-count = 1
06-22 04:15:40.151 I/MediaCodecsXmlParser( 1796): limit: sample-rate-ranges = 8000-48000
06-22 04:15:40.151 I/MediaCodecsXmlParser( 1796): limit: bitrate-range = 64000
06-22 04:15:40.151 I/MediaCodecsXmlParser( 1796): limit: max-channel-count = 1
06-22 04:15:40.151 I/MediaCodecsXmlParser( 1796): limit: sample-rate-ranges = 8000-48000
06-22 04:15:40.151 I/MediaCodecsXmlParser( 1796): limit: bitrate-range = 64000
06-22 04:15:40.151 I/MediaCodecsXmlParser( 1796): limit: max-channel-count = 8
06-22 04:15:40.151 I/MediaCodecsXmlParser( 1796): limit: sample-rate-ranges = 8000-96000
06-22 04:15:40.151 I/MediaCodecsXmlParser( 1796): limit: bitrate-range = 32000-500000
06-22 04:15:40.151 I/MediaCodecsXmlParser( 1796): limit: max-channel-count = 8
06-22 04:15:40.151 I/MediaCodecsXmlParser( 1796): limit: sample-rate-ranges = 48000
06-22 04:15:40.151 I/MediaCodecsXmlParser( 1796): limit: bitrate-range = 6000-510000
06-22 04:15:40.151 I/MediaCodecsXmlParser( 1796): limit: max-channel-count = 8
06-22 04:15:40.151 I/MediaCodecsXmlParser( 1796): limit: sample-rate-ranges = 8000-192000
06-22 04:15:40.151 I/MediaCodecsXmlParser( 1796): limit: bitrate-range = 1-10000000
06-22 04:15:40.151 I/MediaCodecsXmlParser( 1796): limit: max-channel-count = 8
06-22 04:15:40.151 I/MediaCodecsXmlParser( 1796): limit: sample-rate-ranges = 1-655350
06-22 04:15:40.151 I/MediaCodecsXmlParser( 1796): limit: bitrate-range = 1-21000000
06-22 04:15:40.151 I/MediaCodecsXmlParser( 1796): limit: max-channel-count = 6
06-22 04:15:40.151 I/MediaCodecsXmlParser( 1796): limit: sample-rate-ranges = 8000,11025,12000,16000,22050,24000,32000,44100,48000
06-22 04:15:40.151 I/MediaCodecsXmlParser( 1796): limit: bitrate-range = 8000-960000
06-22 04:15:40.151 I/MediaCodecsXmlParser( 1796): limit: max-channel-count = 1
06-22 04:15:40.151 I/MediaCodecsXmlParser( 1796): limit: sample-rate-ranges = 8000
06-22 04:15:40.151 I/MediaCodecsXmlParser( 1796): limit: bitrate-range = 4750-12200
06-22 04:15:40.151 I/MediaCodecsXmlParser( 1796): limit: feature-bitrate-modes = CBR
06-22 04:15:40.151 I/MediaCodecsXmlParser( 1796): limit: max-channel-count = 1
06-22 04:15:40.151 I/MediaCodecsXmlParser( 1796): limit: sample-rate-ranges = 16000
06-22 04:15:40.151 I/MediaCodecsXmlParser( 1796): limit: bitrate-range = 6600-23850
06-22 04:15:40.151 I/MediaCodecsXmlParser( 1796): limit: feature-bitrate-modes = CBR
06-22 04:15:40.151 I/MediaCodecsXmlParser( 1796): limit: max-channel-count = 2
06-22 04:15:40.151 I/MediaCodecsXmlParser( 1796): limit: sample-rate-ranges = 1-655350
06-22 04:15:40.151 I/MediaCodecsXmlParser( 1796): limit: bitrate-range = 1-21000000
06-22 04:15:40.151 I/MediaCodecsXmlParser( 1796): limit: complexity-default = 5
06-22 04:15:40.151 I/MediaCodecsXmlParser( 1796): limit: complexity-range = 0-8
06-22 04:15:40.151 I/MediaCodecsXmlParser( 1796): limit: feature-bitrate-modes = CQ
06-22 04:15:40.151 D/MediaCodecsXmlParser( 1796): parsing /vendor/etc/media_codecs_google_telephony.xml...
06-22 04:15:40.151 I/MediaCodecsXmlParser( 1796): limit: max-channel-count = 1
06-22 04:15:40.151 I/MediaCodecsXmlParser( 1796): limit: sample-rate-ranges = 8000
06-22 04:15:40.151 I/MediaCodecsXmlParser( 1796): limit: bitrate-range = 13000
06-22 04:15:40.151 D/MediaCodecsXmlParser( 1796): parsing /vendor/etc/media_codecs_google_video.xml...
06-22 04:15:40.151 I/MediaCodecsXmlParser( 1796): limit: size-range = 2x2-352x288
06-22 04:15:40.151 I/MediaCodecsXmlParser( 1796): limit: alignment = 2x2
06-22 04:15:40.151 I/MediaCodecsXmlParser( 1796): limit: block-size = 16x16
06-22 04:15:40.151 I/MediaCodecsXmlParser( 1796): limit: blocks-per-second-range = 12-11880
06-22 04:15:40.151 I/MediaCodecsXmlParser( 1796): limit: bitrate-range = 1-384000
06-22 04:15:40.151 I/MediaCodecsXmlParser( 1796): limit: performance-point-1920x1080-range = 30-30
06-22 04:15:40.151 I/MediaCodecsXmlParser( 1796): limit: feature-adaptive-playback = 0
06-22 04:15:40.152 I/MediaCodecsXmlParser( 1796): limit: size-range = 2x2-352x288
06-22 04:15:40.152 I/MediaCodecsXmlParser( 1796): limit: alignment = 2x2
06-22 04:15:40.152 I/MediaCodecsXmlParser( 1796): limit: bitrate-range = 1-384000
06-22 04:15:40.152 I/MediaCodecsXmlParser( 1796): limit: performance-point-1920x1080-range = 30-30
06-22 04:15:40.152 I/MediaCodecsXmlParser( 1796): limit: feature-adaptive-playback = 0
06-22 04:15:40.152 I/MediaCodecsXmlParser( 1796): limit: size-range = 96x96-3840x2160
06-22 04:15:40.152 I/MediaCodecsXmlParser( 1796): limit: alignment = 2x2
06-22 04:15:40.152 I/MediaCodecsXmlParser( 1796): limit: block-size = 16x16
06-22 04:15:40.152 I/MediaCodecsXmlParser( 1796): limit: blocks-per-second-range = 24-2073600
06-22 04:15:40.152 I/MediaCodecsXmlParser( 1796): limit: bitrate-range = 1-120000000
06-22 04:15:40.152 I/MediaCodecsXmlParser( 1796): limit: frame-rate-range = 1-480
06-22 04:15:40.152 I/MediaCodecsXmlParser( 1796): limit: performance-point-3840x2160-range = 60-60
06-22 04:15:40.152 I/MediaCodecsXmlParser( 1796): limit: measured-frame-rate-320x240-range = 257-266
06-22 04:15:40.152 I/MediaCodecsXmlParser( 1796): limit: measured-frame-rate-720x480-range = 262-264
06-22 04:15:40.152 I/MediaCodecsXmlParser( 1796): limit: measured-frame-rate-1280x720-range = 227-251
06-22 04:15:40.152 I/MediaCodecsXmlParser( 1796): limit: measured-frame-rate-1920x1080-range = 235-247
06-22 04:15:40.152 I/MediaCodecsXmlParser( 1796): limit: measured-frame-rate-3840x2160-range = 235-247
06-22 04:15:40.152 I/MediaCodecsXmlParser( 1796): limit: feature-adaptive-playback = 0
06-22 04:15:40.152 I/MediaCodecsXmlParser( 1796): limit: size-range = 2x2-2560x2560
06-22 04:15:40.152 I/MediaCodecsXmlParser( 1796): limit: alignment = 2x2
06-22 04:15:40.152 I/MediaCodecsXmlParser( 1796): limit: block-size = 16x16
06-22 04:15:40.152 I/MediaCodecsXmlParser( 1796): limit: blocks-per-second-range = 24-2073600
06-22 04:15:40.152 I/MediaCodecsXmlParser( 1796): limit: bitrate-range = 1-120000000
06-22 04:15:40.152 I/MediaCodecsXmlParser( 1796): limit: frame-rate-range = 1-480
06-22 04:15:40.152 I/MediaCodecsXmlParser( 1796): limit: performance-point-1920x1088-range = 30-30
06-22 04:15:40.152 I/MediaCodecsXmlParser( 1796): limit: measured-frame-rate-320x240-range = 183-183
06-22 04:15:40.152 I/MediaCodecsXmlParser( 1796): limit: measured-frame-rate-720x480-range = 181-181
06-22 04:15:40.152 I/MediaCodecsXmlParser( 1796): limit: measured-frame-rate-1280x720-range = 182-184
06-22 04:15:40.152 I/MediaCodecsXmlParser( 1796): limit: measured-frame-rate-1920x1080-range = 30-40
06-22 04:15:40.152 I/MediaCodecsXmlParser( 1796): limit: feature-adaptive-playback = 0
06-22 04:15:40.152 I/MediaCodecsXmlParser( 1796): limit: size-range = 2x2-2048x2048
06-22 04:15:40.152 I/MediaCodecsXmlParser( 1796): limit: alignment = 2x2
06-22 04:15:40.152 I/MediaCodecsXmlParser( 1796): limit: block-size = 8x8
06-22 04:15:40.152 I/MediaCodecsXmlParser( 1796): limit: block-count-range = 1-139264
06-22 04:15:40.152 I/MediaCodecsXmlParser( 1796): limit: blocks-per-second-range = 1-2000000
06-22 04:15:40.152 I/MediaCodecsXmlParser( 1796): limit: bitrate-range = 1-10000000
06-22 04:15:40.152 I/MediaCodecsXmlParser( 1796): limit: performance-point-1920x1080-range = 30-30
06-22 04:15:40.152 I/MediaCodecsXmlParser( 1796): limit: feature-adaptive-playback = 0
06-22 04:15:40.152 I/MediaCodecsXmlParser( 1796): limit: size-range = 144x144-3840x2160
06-22 04:15:40.152 I/MediaCodecsXmlParser( 1796): limit: alignment = 2x2
06-22 04:15:40.152 I/MediaCodecsXmlParser( 1796): limit: block-size = 16x16
06-22 04:15:40.152 I/MediaCodecsXmlParser( 1796): limit: blocks-per-second-range = 24-2073600
06-22 04:15:40.152 I/MediaCodecsXmlParser( 1796): limit: bitrate-range = 1-120000000
06-22 04:15:40.152 I/MediaCodecsXmlParser( 1796): limit: frame-rate-range = 1-480
06-22 04:15:40.152 I/MediaCodecsXmlParser( 1796): limit: performance-point-3840x2160-range = 60-60
06-22 04:15:40.152 I/MediaCodecsXmlParser( 1796): limit: measured-frame-rate-320x180-range = 743-817
06-22 04:15:40.152 I/MediaCodecsXmlParser( 1796): limit: measured-frame-rate-640x360-range = 582-602
06-22 04:15:40.152 I/MediaCodecsXmlParser( 1796): limit: measured-frame-rate-1280x720-range = 237-258
06-22 04:15:40.152 I/MediaCodecsXmlParser( 1796): limit: measured-frame-rate-1920x1080-range = 148-151
06-22 04:15:40.152 I/MediaCodecsXmlParser( 1796): limit: measured-frame-rate-3840x2160-range = 30-90
06-22 04:15:40.152 I/MediaCodecsXmlParser( 1796): limit: feature-adaptive-playback = 0
06-22 04:15:40.152 I/MediaCodecsXmlParser( 1796): limit: size-range = 144x144-3840x2160
06-22 04:15:40.153 I/MediaCodecsXmlParser( 1796): limit: alignment = 2x2
06-22 04:15:40.153 I/MediaCodecsXmlParser( 1796): limit: block-size = 16x16
06-22 04:15:40.153 I/MediaCodecsXmlParser( 1796): limit: blocks-per-second-range = 24-2073600
06-22 04:15:40.153 I/MediaCodecsXmlParser( 1796): limit: bitrate-range = 1-120000000
06-22 04:15:40.153 I/MediaCodecsXmlParser( 1796): limit: frame-rate-range = 1-480
06-22 04:15:40.153 I/MediaCodecsXmlParser( 1796): limit: performance-point-3840x2160-range = 60-60
06-22 04:15:40.153 I/MediaCodecsXmlParser( 1796): limit: measured-frame-rate-320x180-range = 743-817
06-22 04:15:40.153 I/MediaCodecsXmlParser( 1796): limit: measured-frame-rate-640x360-range = 582-602
06-22 04:15:40.153 I/MediaCodecsXmlParser( 1796): limit: measured-frame-rate-1280x720-range = 237-258
06-22 04:15:40.153 I/MediaCodecsXmlParser( 1796): limit: measured-frame-rate-1920x1080-range = 50-60
06-22 04:15:40.153 I/MediaCodecsXmlParser( 1796): limit: measured-frame-rate-3840x2160-range = 30-90
06-22 04:15:40.153 I/MediaCodecsXmlParser( 1796): limit: feature-adaptive-playback = 0
06-22 04:15:40.153 I/MediaCodecsXmlParser( 1796): limit: size-range = 2x2-2560x2560
06-22 04:15:40.153 I/MediaCodecsXmlParser( 1796): limit: alignment = 2x2
06-22 04:15:40.153 I/MediaCodecsXmlParser( 1796): limit: block-size = 16x16
06-22 04:15:40.153 I/MediaCodecsXmlParser( 1796): limit: blocks-per-second-range = 24-2073600
06-22 04:15:40.153 I/MediaCodecsXmlParser( 1796): limit: bitrate-range = 1-120000000
06-22 04:15:40.153 I/MediaCodecsXmlParser( 1796): limit: frame-rate-range = 1-480
06-22 04:15:40.153 I/MediaCodecsXmlParser( 1796): limit: performance-point-1920x1088-range = 60-60
06-22 04:15:40.153 I/MediaCodecsXmlParser( 1796): limit: measured-frame-rate-320x240-range = 183-183
06-22 04:15:40.153 I/MediaCodecsXmlParser( 1796): limit: measured-frame-rate-720x480-range = 181-181
06-22 04:15:40.153 I/MediaCodecsXmlParser( 1796): limit: measured-frame-rate-1280x720-range = 182-184
06-22 04:15:40.153 I/MediaCodecsXmlParser( 1796): limit: measured-frame-rate-1920x1088-range = 50-60
06-22 04:15:40.153 I/MediaCodecsXmlParser( 1796): limit: measured-frame-rate-2560x1440-range = 30-40
06-22 04:15:40.153 I/MediaCodecsXmlParser( 1796): limit: feature-adaptive-playback = 0
06-22 04:15:40.153 I/MediaCodecsXmlParser( 1796): limit: size-range = 2x2-2560x2560
06-22 04:15:40.153 I/MediaCodecsXmlParser( 1796): limit: alignment = 2x2
06-22 04:15:40.153 I/MediaCodecsXmlParser( 1796): limit: block-size = 16x16
06-22 04:15:40.153 I/MediaCodecsXmlParser( 1796): limit: blocks-per-second-range = 24-2073600
06-22 04:15:40.153 I/MediaCodecsXmlParser( 1796): limit: bitrate-range = 1-120000000
06-22 04:15:40.153 I/MediaCodecsXmlParser( 1796): limit: frame-rate-range = 1-480
06-22 04:15:40.153 I/MediaCodecsXmlParser( 1796): limit: performance-point-1920x1088-range = 60-60
06-22 04:15:40.153 I/MediaCodecsXmlParser( 1796): limit: measured-frame-rate-320x240-range = 183-183
06-22 04:15:40.153 I/MediaCodecsXmlParser( 1796): limit: measured-frame-rate-720x480-range = 181-181
06-22 04:15:40.153 I/MediaCodecsXmlParser( 1796): limit: measured-frame-rate-1280x720-range = 121-125
06-22 04:15:40.153 I/MediaCodecsXmlParser( 1796): limit: measured-frame-rate-1920x1088-range = 148-151
06-22 04:15:40.153 I/MediaCodecsXmlParser( 1796): limit: measured-frame-rate-2560x1440-range = 30-40
06-22 04:15:40.153 I/MediaCodecsXmlParser( 1796): limit: feature-adaptive-playback = 0
06-22 04:15:40.153 I/MediaCodecsXmlParser( 1796): limit: size-range = 176x144-176x144
06-22 04:15:40.153 I/MediaCodecsXmlParser( 1796): limit: alignment = 16x16
06-22 04:15:40.153 I/MediaCodecsXmlParser( 1796): limit: bitrate-range = 1-128000
06-22 04:15:40.153 I/MediaCodecsXmlParser( 1796): limit: size-range = 16x16-1920x1088
06-22 04:15:40.153 I/MediaCodecsXmlParser( 1796): limit: alignment = 2x2
06-22 04:15:40.153 I/MediaCodecsXmlParser( 1796): limit: block-size = 16x16
06-22 04:15:40.153 I/MediaCodecsXmlParser( 1796): limit: blocks-per-second-range = 1-244800
06-22 04:15:40.154 I/MediaCodecsXmlParser( 1796): limit: bitrate-range = 1-20000000
06-22 04:15:40.154 I/MediaCodecsXmlParser( 1796): limit: feature-intra-refresh = 0
06-22 04:15:40.154 I/MediaCodecsXmlParser( 1796): limit: size-range = 16x16-176x144
06-22 04:15:40.154 I/MediaCodecsXmlParser( 1796): limit: alignment = 16x16
06-22 04:15:40.154 I/MediaCodecsXmlParser( 1796): limit: block-size = 16x16
06-22 04:15:40.154 I/MediaCodecsXmlParser( 1796): limit: blocks-per-second-range = 12-1485
06-22 04:15:40.154 I/MediaCodecsXmlParser( 1796): limit: bitrate-range = 1-64000
06-22 04:15:40.154 I/MediaCodecsXmlParser( 1796): limit: size-range = 2x2-2048x2048
06-22 04:15:40.154 I/MediaCodecsXmlParser( 1796): limit: alignment = 2x2
06-22 04:15:40.154 I/MediaCodecsXmlParser( 1796): limit: bitrate-range = 1-40000000
06-22 04:15:40.154 I/MediaCodecsXmlParser( 1796): limit: feature-bitrate-modes = VBR,CBR
06-22 04:15:40.154 D/MediaCodecsXmlParser( 1796): parsing /vendor/etc/media_codecs_performance.xml...
06-22 04:15:40.154 I/MediaCodecsXmlParser( 1796): limit: measured-frame-rate-176x144-range = 849-1008
06-22 04:15:40.154 I/MediaCodecsXmlParser( 1796): limit: measured-frame-rate-320x240-range = 496-629
06-22 04:15:40.154 I/MediaCodecsXmlParser( 1796): limit: measured-frame-rate-720x480-range = 197-203
06-22 04:15:40.154 I/MediaCodecsXmlParser( 1796): limit: measured-frame-rate-1280x720-range = 93-97
06-22 04:15:40.154 I/MediaCodecsXmlParser( 1796): limit: measured-frame-rate-1920x1080-range = 45-47
