06-22 04:15:44.142 D/WifiScanRequestProxy( 1911): Sending scan available broadcast: false
06-22 04:15:44.142 I/WifiScanningService( 1911): wifi driver unloaded
06-22 04:15:44.142 I/WifiScanRequestProxy( 1911): Scanning is disabled
06-22 04:15:44.142 D/WifiActiveModeWarden( 1911): Entering ClientModeActiveState
06-22 04:15:44.143 D/WifiClientModeManager( 1911): entering IdleState
06-22 04:15:44.143 D/WakeupController( 1911): stop()
06-22 04:15:44.143 W/wificond( 1787): No pno scan started
06-22 04:15:44.143 E/wificond( 1787): Receive ERROR message in response to 'stop scheduled scan' request: Operation not supported on transport endpoint
06-22 04:15:44.144 W/android.hardware.wifi@1.0-service( 1715): No active wlan interfaces in use! Using default
06-22 04:15:44.145 I/wificond( 1787): Unsubscribe scan result for interface with index: 3
06-22 04:15:44.146 D/WificondControl( 1911): tearing down interfaces in wificond
06-22 04:15:44.149 I/android.hardware.wifi@1.0-service( 1715): Legacy HAL stop complete callback received
06-22 04:15:44.150 I/android.hardware.wifi@1.0-service( 1715): Wifi HAL stopped
06-22 04:15:44.150 I/WifiVendorHal( 1911): Vendor Hal stopped
06-22 04:15:44.150 I/WifiNative( 1911): Successfully torn down Iface:{Name=wlan0,Id=0,Type=STA_SCAN}
06-22 04:15:44.150 E/HalDevMgr( 1911): getAllChipInfo: called but mWifi is null!?
06-22 04:15:44.150 E/HalDevMgr( 1911): dispatchAvailableForRequestListeners: no chip info found
06-22 04:15:44.150 W/HalDevMgr( 1911): stopWifi called but mWifi is null!?
06-22 04:15:44.150 I/WifiNative( 1911): Successfully initiated teardown for iface=wlan0
06-22 04:15:44.150 D/WifiScanOnlyModeManager( 1911): expected stop, not triggering callbacks: state = 1
06-22 04:15:44.150 D/WifiActiveModeWarden( 1911): State changed from client mode. state = 2
06-22 04:15:44.150 W/HalDevMgr( 1911): isWifiStarted called but mWifi is null!?
06-22 04:15:44.151 I/android_os_HwBinder( 1911): HwBinder: Starting thread pool for getting: android.hardware.wifi@1.0::IWifi/default
06-22 04:15:44.152 I/android.hardware.wifi@1.0-service( 1715): Wifi HAL started
06-22 04:15:44.152 I/WifiVendorHal( 1911): Vendor Hal started successfully
06-22 04:15:44.152 I/WifiP2pNative( 1911): Registering for interface available listener
06-22 04:15:44.153 I/WifiP2pNative( 1911): Registering for interface available listener
06-22 04:15:44.153 D/WifiP2pNative( 1911): P2P InterfaceAvailableListener true
06-22 04:15:44.153 D/WifiP2pService( 1911): Wifi enabled=false, P2P Interface availability=true, Number of clients=0
06-22 04:15:44.153 D/WifiP2pService( 1911): Wifi enabled=false, P2P Interface availability=true
06-22 04:15:44.153 I/android_os_HwBinder( 1911): HwBinder: Starting thread pool for getting: android.hidl.manager@1.0::IServiceManager/default
06-22 04:15:44.153 I/hwservicemanager( 1568): getTransport: Cannot find entry android.hardware.wifi.supplicant@1.1::ISupplicant/default in either framework or device manifest.
06-22 04:15:44.153 I/SupplicantStaIfaceHal( 1911): Starting supplicant using init
06-22 04:15:44.159 I/OMXClient( 1780): IOmx service obtained
06-22 04:15:44.160 I/OMXMaster( 1796): makeComponentInstance(OMX.google.vorbis.decoder) in android.hardwar process
06-22 04:15:44.167 E/ActivityThread( 2054): Failed to find provider info for com.google.android.gsf.gservices
06-22 04:15:44.181 I/OMXClient( 1780): IOmx service obtained
06-22 04:15:44.181 I/OMXMaster( 1796): makeComponentInstance(OMX.google.aac.encoder) in android.hardwar process
06-22 04:15:44.181 W/DirectBootExitBR( 2054): User is in direct boot mode.
06-22 04:15:44.186 I/OMXClient( 1780): IOmx service obtained
06-22 04:15:44.186 I/OMXMaster( 1796): makeComponentInstance(OMX.google.amrnb.encoder) in android.hardwar process
06-22 04:15:44.189 I/OMXClient( 1780): IOmx service obtained
06-22 04:15:44.189 I/OMXMaster( 1796): makeComponentInstance(OMX.google.amrwb.encoder) in android.hardwar process
06-22 04:15:44.194 I/OMXClient( 1780): IOmx service obtained
06-22 04:15:44.194 I/OMXMaster( 1796): makeComponentInstance(OMX.google.flac.encoder) in android.hardwar process
06-22 04:15:44.196 I/OMXClient( 1780): IOmx service obtained
06-22 04:15:44.196 I/OMXMaster( 1796): makeComponentInstance(OMX.android.goldfish.h264.decoder) in android.hardwar process
06-22 04:15:44.196 I/GoldfishOMXPlugin( 1796): makeComponentInstance 'OMX.android.goldfish.h264.decoder'
06-22 04:15:44.196 I/GoldfishOMXPlugin( 1796): Using goldfish codec for 'avcdec'
06-22 04:15:44.197 I/wpa_supplicant( 2139): Processing hidl events on FD 3
06-22 04:15:44.198 I/ServiceManagement( 2139): Registered android.hardware.wifi.supplicant@1.2::ISupplicant/default (start delay of 48ms)
06-22 04:15:44.198 I/wpa_supplicant( 2139): Successfully initialized wpa_supplicant
06-22 04:15:44.199 I/wpa_supplicant( 2139): rfkill: Cannot open RFKILL control device
06-22 04:15:44.205 I/goldfish_avcdec( 1796): created GoldfishAVCDec 98 object 0xf3b7f600
06-22 04:15:44.206 E/OMXNodeInstance( 1796): getExtensionIndex(0xf3b18de0:android.goldfish.h264.decoder, OMX.google.android.index.configureVideoTunnelMode) ERROR: UnsupportedIndex(0x8000101a)
06-22 04:15:44.206 D/MediaCodecInfo( 1780): detail feature-tunneled-playback wasn't present to remove
06-22 04:15:44.206 W/OMXNodeInstance( 1796): [0xf3b18de0:android.goldfish.h264.decoder] component does not support metadata mode; using fallback
06-22 04:15:44.206 I/OMXClient( 1780): IOmx service obtained
06-22 04:15:44.206 I/OMXMaster( 1796): makeComponentInstance(OMX.google.h264.decoder) in android.hardwar process
06-22 04:15:44.207 E/OMXNodeInstance( 1796): getExtensionIndex(0xf3b18de0:google.h264.decoder, OMX.google.android.index.configureVideoTunnelMode) ERROR: UnsupportedIndex(0x8000101a)
06-22 04:15:44.207 D/MediaCodecInfo( 1780): detail feature-tunneled-playback wasn't present to remove
06-22 04:15:44.208 E/OMXNodeInstance( 1796): getExtensionIndex(0xf3b18de0:google.h264.decoder, OMX.google.android.index.enableAndroidNativeBuffers) ERROR: UnsupportedIndex(0x8000101a)
06-22 04:15:44.208 I/OMXClient( 1780): IOmx service obtained
06-22 04:15:44.208 I/OMXMaster( 1796): makeComponentInstance(OMX.google.h263.decoder) in android.hardwar process
06-22 04:15:44.209 E/OMXNodeInstance( 1796): getExtensionIndex(0xf3b18de0:google.h263.decoder, OMX.google.android.index.configureVideoTunnelMode) ERROR: UnsupportedIndex(0x8000101a)
06-22 04:15:44.209 D/MediaCodecInfo( 1780): detail feature-tunneled-playback wasn't present to remove
06-22 04:15:44.209 E/OMXNodeInstance( 1796): getExtensionIndex(0xf3b18de0:google.h263.decoder, OMX.google.android.index.enableAndroidNativeBuffers) ERROR: UnsupportedIndex(0x8000101a)
06-22 04:15:44.209 I/OMXClient( 1780): IOmx service obtained
06-22 04:15:44.209 I/OMXMaster( 1796): makeComponentInstance(OMX.google.hevc.decoder) in android.hardwar process
06-22 04:15:44.211 I/GmsApplication( 2054): Staging modules and/or updating config
06-22 04:15:44.213 E/ChimeraCfgMgr( 2054): Failed to read module config: java.io.FileNotFoundException: /data/user_de/0/com.google.android.gms/app_chimera/current_config.fb: open failed: ENOENT (No such file or directory)
06-22 04:15:44.214 I/GmsApplication( 2054): Staging modules
06-22 04:15:44.214 I/FileApkMgr( 2054): Extracting modules...
06-22 04:15:44.216 E/ConfigFileUtils( 2054): Failed to read config file: /data/user_de/0/com.google.android.gms/app_chimera/current_fileapks.pb: open failed: ENOENT (No such file or directory)
06-22 04:15:44.220 E/OMXNodeInstance( 1796): getExtensionIndex(0xf3b18de0:google.hevc.decoder, OMX.google.android.index.configureVideoTunnelMode) ERROR: UnsupportedIndex(0x8000101a)
06-22 04:15:44.220 D/MediaCodecInfo( 1780): detail feature-tunneled-playback wasn't present to remove
06-22 04:15:44.220 E/OMXNodeInstance( 1796): getExtensionIndex(0xf3b18de0:google.hevc.decoder, OMX.google.android.index.enableAndroidNativeBuffers) ERROR: UnsupportedIndex(0x8000101a)
06-22 04:15:44.220 I/OMXClient( 1780): IOmx service obtained
06-22 04:15:44.220 I/OMXMaster( 1796): makeComponentInstance(OMX.google.mpeg4.decoder) in android.hardwar process
06-22 04:15:44.221 E/OMXNodeInstance( 1796): getExtensionIndex(0xf3b18de0:google.mpeg4.decoder, OMX.google.android.index.configureVideoTunnelMode) ERROR: UnsupportedIndex(0x8000101a)
06-22 04:15:44.221 D/MediaCodecInfo( 1780): detail feature-tunneled-playback wasn't present to remove
06-22 04:15:44.221 E/OMXNodeInstance( 1796): getExtensionIndex(0xf3b18de0:google.mpeg4.decoder, OMX.google.android.index.enableAndroidNativeBuffers) ERROR: UnsupportedIndex(0x8000101a)
06-22 04:15:44.223 I/OMXClient( 1780): IOmx service obtained
06-22 04:15:44.223 I/OMXMaster( 1796): makeComponentInstance(OMX.android.goldfish.vp8.decoder) in android.hardwar process
06-22 04:15:44.223 I/GoldfishOMXPlugin( 1796): makeComponentInstance 'OMX.android.goldfish.vp8.decoder'
06-22 04:15:44.223 I/GoldfishOMXPlugin( 1796): Using goldfish codec for 'vpxdec'
06-22 04:15:44.224 I/goldfish_vpxdec( 1796): calling constructor of GoldfishVPX
06-22 04:15:44.224 E/OMXNodeInstance( 1796): getExtensionIndex(0xf3b18de0:android.goldfish.vp8.decoder, OMX.google.android.index.configureVideoTunnelMode) ERROR: UnsupportedIndex(0x8000101a)
06-22 04:15:44.224 D/MediaCodecInfo( 1780): detail feature-tunneled-playback wasn't present to remove
06-22 04:15:44.224 W/OMXNodeInstance( 1796): [0xf3b18de0:android.goldfish.vp8.decoder] component does not support metadata mode; using fallback
06-22 04:15:44.224 I/goldfish_vpxdec( 1796): calling destructor of GoldfishVPX
06-22 04:15:44.225 I/OMXClient( 1780): IOmx service obtained
06-22 04:15:44.225 I/OMXMaster( 1796): makeComponentInstance(OMX.google.vp8.decoder) in android.hardwar process
06-22 04:15:44.226 E/OMXNodeInstance( 1796): getExtensionIndex(0xf3b18de0:google.vp8.decoder, OMX.google.android.index.configureVideoTunnelMode) ERROR: UnsupportedIndex(0x8000101a)
06-22 04:15:44.226 D/MediaCodecInfo( 1780): detail feature-tunneled-playback wasn't present to remove
06-22 04:15:44.227 E/OMXNodeInstance( 1796): getExtensionIndex(0xf3b18de0:google.vp8.decoder, OMX.google.android.index.enableAndroidNativeBuffers) ERROR: UnsupportedIndex(0x8000101a)
06-22 04:15:44.239 I/OMXClient( 1780): IOmx service obtained
06-22 04:15:44.239 I/OMXMaster( 1796): makeComponentInstance(OMX.android.goldfish.vp9.decoder) in android.hardwar process
06-22 04:15:44.239 I/GoldfishOMXPlugin( 1796): makeComponentInstance 'OMX.android.goldfish.vp9.decoder'
06-22 04:15:44.239 I/GoldfishOMXPlugin( 1796): Using goldfish codec for 'vpxdec'
06-22 04:15:44.239 I/goldfish_vpxdec( 1796): calling constructor of GoldfishVPX
06-22 04:15:44.239 E/OMXNodeInstance( 1796): getExtensionIndex(0xf3b18de0:android.goldfish.vp9.decoder, OMX.google.android.index.configureVideoTunnelMode) ERROR: UnsupportedIndex(0x8000101a)
06-22 04:15:44.239 D/MediaCodecInfo( 1780): detail feature-tunneled-playback wasn't present to remove
06-22 04:15:44.239 W/OMXNodeInstance( 1796): [0xf3b18de0:android.goldfish.vp9.decoder] component does not support metadata mode; using fallback
06-22 04:15:44.239 I/goldfish_vpxdec( 1796): calling destructor of GoldfishVPX
06-22 04:15:44.240 I/OMXClient( 1780): IOmx service obtained
06-22 04:15:44.240 I/OMXMaster( 1796): makeComponentInstance(OMX.google.vp9.decoder) in android.hardwar process
06-22 04:15:44.240 E/OMXNodeInstance( 1796): getExtensionIndex(0xf3b18de0:google.vp9.decoder, OMX.google.android.index.configureVideoTunnelMode) ERROR: UnsupportedIndex(0x8000101a)
06-22 04:15:44.240 D/MediaCodecInfo( 1780): detail feature-tunneled-playback wasn't present to remove
06-22 04:15:44.240 E/OMXNodeInstance( 1796): getExtensionIndex(0xf3b18de0:google.vp9.decoder, OMX.google.android.index.enableAndroidNativeBuffers) ERROR: UnsupportedIndex(0x8000101a)
06-22 04:15:44.240 I/OMXClient( 1780): IOmx service obtained
06-22 04:15:44.240 I/OMXMaster( 1796): makeComponentInstance(OMX.google.h264.encoder) in android.hardwar process
06-22 04:15:44.242 W/OMXUtils( 1780): do not know color format 0x7f000789 = 2130708361
06-22 04:15:44.251 I/OMXClient( 1780): IOmx service obtained
06-22 04:15:44.251 I/OMXMaster( 1796): makeComponentInstance(OMX.google.h263.encoder) in android.hardwar process
06-22 04:15:44.251 I/SoftMPEG4Encoder( 1796): Construct SoftMPEG4Encoder
06-22 04:15:44.252 W/OMXUtils( 1780): do not know color format 0x7f000789 = 2130708361
06-22 04:15:44.252 E/OMXNodeInstance( 1796): getConfig(0xf3b18de0:google.h263.encoder, ConfigAndroidIntraRefresh(0x6f60000a)) ERROR: Undefined(0x80001001)
06-22 04:15:44.252 E/OMXNodeInstance( 1796): getParameter(0xf3b18de0:google.h263.encoder, ParamVideoIntraRefresh(0x6000006)) ERROR: UnsupportedIndex(0x8000101a)
06-22 04:15:44.252 D/MediaCodecInfo( 1780): detail feature-frame-parsing wasn't present to remove
06-22 04:15:44.223 I/chatty  ( 2054): uid=10116 com.google.android.gms.persistent identical 11 lines
06-22 04:15:44.224 E/ActivityThread( 2054): Failed to find provider info for com.google.android.gsf.gservices
06-22 04:15:44.252 I/SystemConfig( 2054): Adding association: com.google.android.as <- com.android.providers.contacts
06-22 04:15:44.252 I/SystemConfig( 2054): Adding association: com.google.android.as <- com.android.providers.media
06-22 04:15:44.252 I/SystemConfig( 2054): Adding association: com.google.android.as <- com.android.providers.telephony
06-22 04:15:44.252 I/SystemConfig( 2054): Adding association: com.google.android.as <- com.android.systemui
06-22 04:15:44.252 I/SystemConfig( 2054): Adding association: com.google.android.as <- com.google.android.gms
06-22 04:15:44.252 I/SystemConfig( 2054): Adding association: com.google.android.as <- com.google.android.gsf
06-22 04:15:44.253 W/SystemConfig( 2054): No directory /product_services/etc/sysconfig, skipping
06-22 04:15:44.253 W/SystemConfig( 2054): No directory /product_services/etc/permissions, skipping
06-22 04:15:44.255 W/PackageManager( 1911): Cannot whitelist unknown permission: com.sec.android.provider.badge.permission.READ
06-22 04:15:44.255 W/PackageManager( 1911): Cannot whitelist unknown permission: com.sec.android.provider.badge.permission.WRITE
06-22 04:15:44.255 W/PackageManager( 1911): Cannot whitelist unknown permission: com.htc.launcher.permission.READ_SETTINGS
06-22 04:15:44.255 W/PackageManager( 1911): Cannot whitelist unknown permission: com.htc.launcher.permission.UPDATE_SHORTCUT
06-22 04:15:44.255 W/PackageManager( 1911): Cannot whitelist unknown permission: com.sonyericsson.home.permission.BROADCAST_BADGE
06-22 04:15:44.255 W/PackageManager( 1911): Cannot whitelist unknown permission: com.sonymobile.home.permission.PROVIDER_INSERT_BADGE
06-22 04:15:44.255 I/PackageManager( 1911): Un-granting permission android.permission.MANAGE_DOCUMENTS from package com.google.android.youtube (protectionLevel=262146 flags=0x30dbbe45)
06-22 04:15:44.256 I/OMXClient( 1780): IOmx service obtained
06-22 04:15:44.256 I/OMXMaster( 1796): makeComponentInstance(OMX.google.mpeg4.encoder) in android.hardwar process
06-22 04:15:44.256 I/SoftMPEG4Encoder( 1796): Construct SoftMPEG4Encoder
06-22 04:15:44.256 W/OMXUtils( 1780): do not know color format 0x7f000789 = 2130708361
06-22 04:15:44.256 E/OMXNodeInstance( 1796): getConfig(0xf3b18de0:google.mpeg4.encoder, ConfigAndroidIntraRefresh(0x6f60000a)) ERROR: Undefined(0x80001001)
06-22 04:15:44.257 E/OMXNodeInstance( 1796): getParameter(0xf3b18de0:google.mpeg4.encoder, ParamVideoIntraRefresh(0x6000006)) ERROR: UnsupportedIndex(0x8000101a)
06-22 04:15:44.257 D/MediaCodecInfo( 1780): detail feature-frame-parsing wasn't present to remove
06-22 04:15:44.261 W/PackageManager( 1911): Cannot whitelist unknown permission: com.sec.android.provider.badge.permission.READ
06-22 04:15:44.261 W/PackageManager( 1911): Cannot whitelist unknown permission: com.sec.android.provider.badge.permission.WRITE
06-22 04:15:44.261 W/PackageManager( 1911): Cannot whitelist unknown permission: com.htc.launcher.permission.READ_SETTINGS
06-22 04:15:44.261 W/PackageManager( 1911): Cannot whitelist unknown permission: com.htc.launcher.permission.UPDATE_SHORTCUT
06-22 04:15:44.261 W/PackageManager( 1911): Cannot whitelist unknown permission: com.sonyericsson.home.permission.BROADCAST_BADGE
06-22 04:15:44.261 W/PackageManager( 1911): Cannot whitelist unknown permission: com.sonymobile.home.permission.PROVIDER_INSERT_BADGE
06-22 04:15:44.261 I/PackageManager( 1911): Un-granting permission android.permission.MANAGE_DOCUMENTS from package com.google.android.youtube (protectionLevel=262146 flags=0x30dbbe45)
06-22 04:15:44.261 I/OMXClient( 1780): IOmx service obtained
06-22 04:15:44.261 I/OMXMaster( 1796): makeComponentInstance(OMX.google.vp8.encoder) in android.hardwar process
06-22 04:15:44.262 W/OMXUtils( 1780): do not know color format 0x7f000789 = 2130708361
06-22 04:15:44.262 E/OMXNodeInstance( 1796): getConfig(0xf3b18de0:google.vp8.encoder, ConfigAndroidIntraRefresh(0x6f60000a)) ERROR: Undefined(0x80001001)
06-22 04:15:44.262 E/OMXNodeInstance( 1796): getParameter(0xf3b18de0:google.vp8.encoder, ParamVideoIntraRefresh(0x6000006)) ERROR: UnsupportedIndex(0x8000101a)
06-22 04:15:44.262 D/MediaCodecInfo( 1780): detail feature-frame-parsing wasn't present to remove
06-22 04:15:44.267 W/PackageManager( 1911): Cannot whitelist unknown permission: com.google.android.launcher.permission.CONTENT_REDIRECT
06-22 04:15:44.267 W/PackageManager( 1911): Cannot whitelist unknown permission: com.google.android.voicesearch.SHORTCUTS_ACCESS
06-22 04:15:44.267 W/PackageManager( 1911): Cannot whitelist unknown permission: com.google.android.voicesearch.ACCESS_SETTINGS
06-22 04:15:44.267 W/PackageManager( 1911): Cannot whitelist unknown permission: com.android.browser.permission.PRELOAD
06-22 04:15:44.267 W/PackageManager( 1911): Cannot whitelist unknown permission: com.google.android.ears.permission.WRITE
06-22 04:15:44.267 W/PackageManager( 1911): Cannot whitelist unknown permission: com.google.googlenav.friend.permission.OPT_IN
06-22 04:15:44.267 W/PackageManager( 1911): Cannot whitelist unknown permission: com.google.android.apps.googlevoice.permission.AUTO_SEND
06-22 04:15:44.267 W/PackageManager( 1911): Cannot whitelist unknown permission: com.google.android.hangouts.START_HANGOUT
06-22 04:15:44.267 W/PackageManager( 1911): Cannot whitelist unknown permission: com.android.chrome.PRERENDER_URL
06-22 04:15:44.267 W/PackageManager( 1911): Cannot whitelist unknown permission: com.google.android.apps.gsa.nga.permissions.EDIT_PREFERENCES
06-22 04:15:44.269 W/PackageManager( 1911): Cannot whitelist unknown permission: com.google.android.launcher.permission.CONTENT_REDIRECT
06-22 04:15:44.269 W/PackageManager( 1911): Cannot whitelist unknown permission: com.google.android.voicesearch.SHORTCUTS_ACCESS
06-22 04:15:44.269 W/PackageManager( 1911): Cannot whitelist unknown permission: com.google.android.voicesearch.ACCESS_SETTINGS
06-22 04:15:44.269 W/PackageManager( 1911): Cannot whitelist unknown permission: com.android.browser.permission.PRELOAD
06-22 04:15:44.269 W/PackageManager( 1911): Cannot whitelist unknown permission: com.google.android.ears.permission.WRITE
06-22 04:15:44.269 W/PackageManager( 1911): Cannot whitelist unknown permission: com.google.googlenav.friend.permission.OPT_IN
06-22 04:15:44.269 W/PackageManager( 1911): Cannot whitelist unknown permission: com.google.android.apps.googlevoice.permission.AUTO_SEND
06-22 04:15:44.269 W/PackageManager( 1911): Cannot whitelist unknown permission: com.google.android.hangouts.START_HANGOUT
06-22 04:15:44.269 W/PackageManager( 1911): Cannot whitelist unknown permission: com.android.chrome.PRERENDER_URL
06-22 04:15:44.269 W/PackageManager( 1911): Cannot whitelist unknown permission: com.google.android.apps.gsa.nga.permissions.EDIT_PREFERENCES
06-22 04:15:44.270 W/PackageManager( 1911): Cannot whitelist unknown permission: com.google.android.launcher.permission.CONTENT_REDIRECT
06-22 04:15:44.270 W/PackageManager( 1911): Cannot whitelist unknown permission: com.google.android.voicesearch.SHORTCUTS_ACCESS
06-22 04:15:44.270 W/PackageManager( 1911): Cannot whitelist unknown permission: com.google.android.voicesearch.ACCESS_SETTINGS
06-22 04:15:44.270 W/PackageManager( 1911): Cannot whitelist unknown permission: com.android.browser.permission.PRELOAD
06-22 04:15:44.270 W/PackageManager( 1911): Cannot whitelist unknown permission: com.google.android.ears.permission.WRITE
06-22 04:15:44.270 W/PackageManager( 1911): Cannot whitelist unknown permission: com.google.googlenav.friend.permission.OPT_IN
06-22 04:15:44.270 W/PackageManager( 1911): Cannot whitelist unknown permission: com.google.android.apps.googlevoice.permission.AUTO_SEND
06-22 04:15:44.270 W/PackageManager( 1911): Cannot whitelist unknown permission: com.google.android.hangouts.START_HANGOUT
06-22 04:15:44.270 W/PackageManager( 1911): Cannot whitelist unknown permission: com.android.chrome.PRERENDER_URL
06-22 04:15:44.270 W/PackageManager( 1911): Cannot whitelist unknown permission: com.google.android.apps.gsa.nga.permissions.EDIT_PREFERENCES
06-22 04:15:44.271 W/PackageManager( 1911): Cannot whitelist unknown permission: com.google.android.launcher.permission.CONTENT_REDIRECT
06-22 04:15:44.271 W/PackageManager( 1911): Cannot whitelist unknown permission: com.google.android.voicesearch.SHORTCUTS_ACCESS
06-22 04:15:44.271 W/PackageManager( 1911): Cannot whitelist unknown permission: com.google.android.voicesearch.ACCESS_SETTINGS
06-22 04:15:44.271 W/PackageManager( 1911): Cannot whitelist unknown permission: com.android.browser.permission.PRELOAD
06-22 04:15:44.271 W/PackageManager( 1911): Cannot whitelist unknown permission: com.google.android.ears.permission.WRITE
06-22 04:15:44.271 W/PackageManager( 1911): Cannot whitelist unknown permission: com.google.googlenav.friend.permission.OPT_IN
06-22 04:15:44.271 W/PackageManager( 1911): Cannot whitelist unknown permission: com.google.android.apps.googlevoice.permission.AUTO_SEND
06-22 04:15:44.271 W/PackageManager( 1911): Cannot whitelist unknown permission: com.google.android.hangouts.START_HANGOUT
06-22 04:15:44.271 W/PackageManager( 1911): Cannot whitelist unknown permission: com.android.chrome.PRERENDER_URL
06-22 04:15:44.271 W/PackageManager( 1911): Cannot whitelist unknown permission: com.google.android.apps.gsa.nga.permissions.EDIT_PREFERENCES
06-22 04:15:44.273 W/PackageManager( 1911): Cannot whitelist unknown permission: com.google.android.launcher.permission.CONTENT_REDIRECT
06-22 04:15:44.273 W/PackageManager( 1911): Cannot whitelist unknown permission: com.google.android.voicesearch.SHORTCUTS_ACCESS
06-22 04:15:44.273 W/PackageManager( 1911): Cannot whitelist unknown permission: com.google.android.voicesearch.ACCESS_SETTINGS
06-22 04:15:44.273 W/PackageManager( 1911): Cannot whitelist unknown permission: com.android.browser.permission.PRELOAD
06-22 04:15:44.273 W/PackageManager( 1911): Cannot whitelist unknown permission: com.google.android.ears.permission.WRITE
06-22 04:15:44.273 W/PackageManager( 1911): Cannot whitelist unknown permission: com.google.googlenav.friend.permission.OPT_IN
06-22 04:15:44.273 W/PackageManager( 1911): Cannot whitelist unknown permission: com.google.android.apps.googlevoice.permission.AUTO_SEND
06-22 04:15:44.273 W/PackageManager( 1911): Cannot whitelist unknown permission: com.google.android.hangouts.START_HANGOUT
06-22 04:15:44.273 W/PackageManager( 1911): Cannot whitelist unknown permission: com.android.chrome.PRERENDER_URL
06-22 04:15:44.273 W/PackageManager( 1911): Cannot whitelist unknown permission: com.google.android.apps.gsa.nga.permissions.EDIT_PREFERENCES
06-22 04:15:44.276 W/PackageManager( 1911): Cannot whitelist unknown permission: com.google.android.launcher.permission.CONTENT_REDIRECT
06-22 04:15:44.276 W/PackageManager( 1911): Cannot whitelist unknown permission: com.google.android.voicesearch.SHORTCUTS_ACCESS
06-22 04:15:44.276 W/PackageManager( 1911): Cannot whitelist unknown permission: com.google.android.voicesearch.ACCESS_SETTINGS
06-22 04:15:44.276 W/PackageManager( 1911): Cannot whitelist unknown permission: com.android.browser.permission.PRELOAD
06-22 04:15:44.276 W/PackageManager( 1911): Cannot whitelist unknown permission: com.google.android.ears.permission.WRITE
06-22 04:15:44.276 W/PackageManager( 1911): Cannot whitelist unknown permission: com.google.googlenav.friend.permission.OPT_IN
06-22 04:15:44.276 W/PackageManager( 1911): Cannot whitelist unknown permission: com.google.android.apps.googlevoice.permission.AUTO_SEND
06-22 04:15:44.276 W/PackageManager( 1911): Cannot whitelist unknown permission: com.google.android.hangouts.START_HANGOUT
06-22 04:15:44.276 W/PackageManager( 1911): Cannot whitelist unknown permission: com.android.chrome.PRERENDER_URL
06-22 04:15:44.276 W/PackageManager( 1911): Cannot whitelist unknown permission: com.google.android.apps.gsa.nga.permissions.EDIT_PREFERENCES
06-22 04:15:44.277 D/MediaCodecList( 1780): ignored a null builder
06-22 04:15:44.278 I/OMXClient( 1911): IOmx service obtained
06-22 04:15:44.279 I/OMXMaster( 1796): makeComponentInstance(OMX.google.vorbis.decoder) in android.hardwar process
06-22 04:15:44.279 I/PackageManager( 1911): Un-granting permission com.google.android.googleapps.permission.GOOGLE_AUTH from package com.android.providers.calendar (protectionLevel=2 flags=0x30883e45)
06-22 04:15:44.279 E/OMXNodeInstance( 1796): getConfig(0xf3b18de0:google.vorbis.decoder, ConfigAndroidVendorExtension(0x6f100004)) ERROR: Undefined(0x80001001)
06-22 04:15:44.280 I/PackageManager( 1911): Un-granting permission com.google.android.googleapps.permission.GOOGLE_AUTH.cl from package com.android.providers.calendar (protectionLevel=2 flags=0x30883e45)
06-22 04:15:44.280 I/PackageManager( 1911): Un-granting permission com.google.android.googleapps.permission.GOOGLE_AUTH from package com.android.providers.calendar (protectionLevel=2 flags=0x30883e45)
06-22 04:15:44.280 I/PackageManager( 1911): Un-granting permission com.google.android.googleapps.permission.GOOGLE_AUTH.cl from package com.android.providers.calendar (protectionLevel=2 flags=0x30883e45)
06-22 04:15:44.290 I/PackageManager( 1911): Un-granting permission android.permission.WRITE_SECURE_SETTINGS from package com.google.android.apps.enterprise.dmagent (protectionLevel=50 flags=0x30883e05)
06-22 04:15:44.290 I/PackageManager( 1911): Un-granting permission android.permission.CONNECTIVITY_INTERNAL from package com.google.android.apps.enterprise.dmagent (protectionLevel=18 flags=0x30883e05)
06-22 04:15:44.290 I/PackageManager( 1911): Un-granting permission android.permission.MANAGE_USB from package com.google.android.apps.enterprise.dmagent (protectionLevel=18 flags=0x30883e05)
06-22 04:15:44.290 I/PackageManager( 1911): Un-granting permission android.permission.CHANGE_COMPONENT_ENABLED_STATE from package com.google.android.apps.enterprise.dmagent (protectionLevel=18 flags=0x30883e05)
06-22 04:15:44.290 I/PackageManager( 1911): Un-granting permission android.permission.MANAGE_CA_CERTIFICATES from package com.google.android.apps.enterprise.dmagent (protectionLevel=18 flags=0x30883e05)
06-22 04:15:44.290 I/PackageManager( 1911): Un-granting permission android.permission.MANAGE_USERS from package com.google.android.apps.enterprise.dmagent (protectionLevel=18 flags=0x30883e05)
06-22 04:15:44.299 W/PackageManager( 1911): Cannot whitelist unknown permission: com.google.android.ims.LOG_ACCESS
06-22 04:15:44.299 W/PackageManager( 1911): Cannot whitelist unknown permission: com.cequint.ecid.CALLER_ID_EXTERNAL_LOOKUP_SMS
06-22 04:15:44.299 W/PackageManager( 1911): Cannot whitelist unknown permission: com.sec.android.provider.badge.permission.READ
06-22 04:15:44.300 W/PackageManager( 1911): Cannot whitelist unknown permission: com.sec.android.provider.badge.permission.WRITE
06-22 04:15:44.300 W/PackageManager( 1911): Cannot whitelist unknown permission: com.htc.launcher.permission.READ_SETTINGS
06-22 04:15:44.300 W/PackageManager( 1911): Cannot whitelist unknown permission: com.htc.launcher.permission.UPDATE_SHORTCUT
06-22 04:15:44.300 W/PackageManager( 1911): Cannot whitelist unknown permission: com.sonyericsson.home.permission.BROADCAST_BADGE
06-22 04:15:44.300 W/PackageManager( 1911): Cannot whitelist unknown permission: com.sonymobile.home.permission.PROVIDER_INSERT_BADGE
06-22 04:15:44.300 W/PackageManager( 1911): Cannot whitelist unknown permission: com.sonymobile.launcher.permission.PROVIDER_INSERT_BADGE
06-22 04:15:44.300 W/PackageManager( 1911): Cannot whitelist unknown permission: com.anddoes.launcher.permission.UPDATE_COUNT
06-22 04:15:44.300 W/PackageManager( 1911): Cannot whitelist unknown permission: com.majeur.launcher.permission.UPDATE_BADGE
06-22 04:15:44.300 W/PackageManager( 1911): Cannot whitelist unknown permission: com.huawei.android.launcher.permission.CHANGE_BADGE
06-22 04:15:44.300 W/PackageManager( 1911): Cannot whitelist unknown permission: com.huawei.android.launcher.permission.READ_SETTINGS
06-22 04:15:44.300 W/PackageManager( 1911): Cannot whitelist unknown permission: com.huawei.android.launcher.permission.WRITE_SETTINGS
06-22 04:15:44.300 W/PackageManager( 1911): Cannot whitelist unknown permission: android.permission.READ_APP_BADGE
06-22 04:15:44.300 W/PackageManager( 1911): Cannot whitelist unknown permission: com.oppo.launcher.permission.READ_SETTINGS
06-22 04:15:44.300 W/PackageManager( 1911): Cannot whitelist unknown permission: com.oppo.launcher.permission.WRITE_SETTINGS
06-22 04:15:44.300 I/PackageManager( 1911): Un-granting permission com.google.android.setupwizard.READ_DEVICE_ORIGIN from package com.google.android.apps.messaging (protectionLevel=18 flags=0x38cbbe45)
06-22 04:15:44.300 W/PackageManager( 1911): Cannot whitelist unknown permission: com.google.android.ims.LOG_ACCESS
06-22 04:15:44.300 W/PackageManager( 1911): Cannot whitelist unknown permission: com.cequint.ecid.CALLER_ID_EXTERNAL_LOOKUP_SMS
06-22 04:15:44.300 W/PackageManager( 1911): Cannot whitelist unknown permission: com.sec.android.provider.badge.permission.READ
06-22 04:15:44.300 W/PackageManager( 1911): Cannot whitelist unknown permission: com.sec.android.provider.badge.permission.WRITE
06-22 04:15:44.300 W/PackageManager( 1911): Cannot whitelist unknown permission: com.htc.launcher.permission.READ_SETTINGS
06-22 04:15:44.301 W/PackageManager( 1911): Cannot whitelist unknown permission: com.htc.launcher.permission.UPDATE_SHORTCUT
06-22 04:15:44.301 W/PackageManager( 1911): Cannot whitelist unknown permission: com.sonyericsson.home.permission.BROADCAST_BADGE
06-22 04:15:44.301 W/PackageManager( 1911): Cannot whitelist unknown permission: com.sonymobile.home.permission.PROVIDER_INSERT_BADGE
06-22 04:15:44.301 W/PackageManager( 1911): Cannot whitelist unknown permission: com.sonymobile.launcher.permission.PROVIDER_INSERT_BADGE
06-22 04:15:44.301 W/PackageManager( 1911): Cannot whitelist unknown permission: com.anddoes.launcher.permission.UPDATE_COUNT
06-22 04:15:44.301 W/PackageManager( 1911): Cannot whitelist unknown permission: com.majeur.launcher.permission.UPDATE_BADGE
06-22 04:15:44.301 W/PackageManager( 1911): Cannot whitelist unknown permission: com.huawei.android.launcher.permission.CHANGE_BADGE
06-22 04:15:44.301 W/PackageManager( 1911): Cannot whitelist unknown permission: com.huawei.android.launcher.permission.READ_SETTINGS
06-22 04:15:44.301 W/PackageManager( 1911): Cannot whitelist unknown permission: com.huawei.android.launcher.permission.WRITE_SETTINGS
06-22 04:15:44.301 W/PackageManager( 1911): Cannot whitelist unknown permission: android.permission.READ_APP_BADGE
06-22 04:15:44.301 W/PackageManager( 1911): Cannot whitelist unknown permission: com.oppo.launcher.permission.READ_SETTINGS
06-22 04:15:44.301 W/PackageManager( 1911): Cannot whitelist unknown permission: com.oppo.launcher.permission.WRITE_SETTINGS
06-22 04:15:44.301 I/PackageManager( 1911): Un-granting permission com.google.android.setupwizard.READ_DEVICE_ORIGIN from package com.google.android.apps.messaging (protectionLevel=18 flags=0x38cbbe45)
06-22 04:15:44.302 W/PackageManager( 1911): Cannot whitelist unknown permission: com.google.android.ims.LOG_ACCESS
06-22 04:15:44.302 W/PackageManager( 1911): Cannot whitelist unknown permission: com.cequint.ecid.CALLER_ID_EXTERNAL_LOOKUP_SMS
06-22 04:15:44.302 W/PackageManager( 1911): Cannot whitelist unknown permission: com.sec.android.provider.badge.permission.READ
06-22 04:15:44.302 W/PackageManager( 1911): Cannot whitelist unknown permission: com.sec.android.provider.badge.permission.WRITE
06-22 04:15:44.302 W/PackageManager( 1911): Cannot whitelist unknown permission: com.htc.launcher.permission.READ_SETTINGS
06-22 04:15:44.302 W/PackageManager( 1911): Cannot whitelist unknown permission: com.htc.launcher.permission.UPDATE_SHORTCUT
06-22 04:15:44.302 W/PackageManager( 1911): Cannot whitelist unknown permission: com.sonyericsson.home.permission.BROADCAST_BADGE
06-22 04:15:44.302 W/PackageManager( 1911): Cannot whitelist unknown permission: com.sonymobile.home.permission.PROVIDER_INSERT_BADGE
06-22 04:15:44.302 W/PackageManager( 1911): Cannot whitelist unknown permission: com.sonymobile.launcher.permission.PROVIDER_INSERT_BADGE
06-22 04:15:44.302 W/PackageManager( 1911): Cannot whitelist unknown permission: com.anddoes.launcher.permission.UPDATE_COUNT
06-22 04:15:44.302 W/PackageManager( 1911): Cannot whitelist unknown permission: com.majeur.launcher.permission.UPDATE_BADGE
06-22 04:15:44.302 W/PackageManager( 1911): Cannot whitelist unknown permission: com.huawei.android.launcher.permission.CHANGE_BADGE
06-22 04:15:44.302 W/PackageManager( 1911): Cannot whitelist unknown permission: com.huawei.android.launcher.permission.READ_SETTINGS
06-22 04:15:44.302 W/PackageManager( 1911): Cannot whitelist unknown permission: com.huawei.android.launcher.permission.WRITE_SETTINGS
06-22 04:15:44.302 W/PackageManager( 1911): Cannot whitelist unknown permission: android.permission.READ_APP_BADGE
06-22 04:15:44.302 W/PackageManager( 1911): Cannot whitelist unknown permission: com.oppo.launcher.permission.READ_SETTINGS
06-22 04:15:44.302 W/PackageManager( 1911): Cannot whitelist unknown permission: com.oppo.launcher.permission.WRITE_SETTINGS
06-22 04:15:44.302 I/PackageManager( 1911): Un-granting permission com.google.android.setupwizard.READ_DEVICE_ORIGIN from package com.google.android.apps.messaging (protectionLevel=18 flags=0x38cbbe45)
06-22 04:15:44.303 W/PackageManager( 1911): Cannot whitelist unknown permission: com.google.android.ims.LOG_ACCESS
06-22 04:15:44.303 W/PackageManager( 1911): Cannot whitelist unknown permission: com.cequint.ecid.CALLER_ID_EXTERNAL_LOOKUP_SMS
06-22 04:15:44.303 W/PackageManager( 1911): Cannot whitelist unknown permission: com.sec.android.provider.badge.permission.READ
06-22 04:15:44.303 W/PackageManager( 1911): Cannot whitelist unknown permission: com.sec.android.provider.badge.permission.WRITE
06-22 04:15:44.303 W/PackageManager( 1911): Cannot whitelist unknown permission: com.htc.launcher.permission.READ_SETTINGS
06-22 04:15:44.303 W/PackageManager( 1911): Cannot whitelist unknown permission: com.htc.launcher.permission.UPDATE_SHORTCUT
06-22 04:15:44.303 W/PackageManager( 1911): Cannot whitelist unknown permission: com.sonyericsson.home.permission.BROADCAST_BADGE
06-22 04:15:44.303 W/PackageManager( 1911): Cannot whitelist unknown permission: com.sonymobile.home.permission.PROVIDER_INSERT_BADGE
06-22 04:15:44.303 W/PackageManager( 1911): Cannot whitelist unknown permission: com.sonymobile.launcher.permission.PROVIDER_INSERT_BADGE
06-22 04:15:44.303 W/PackageManager( 1911): Cannot whitelist unknown permission: com.anddoes.launcher.permission.UPDATE_COUNT
06-22 04:15:44.303 W/PackageManager( 1911): Cannot whitelist unknown permission: com.majeur.launcher.permission.UPDATE_BADGE
06-22 04:15:44.303 W/PackageManager( 1911): Cannot whitelist unknown permission: com.huawei.android.launcher.permission.CHANGE_BADGE
06-22 04:15:44.303 W/PackageManager( 1911): Cannot whitelist unknown permission: com.huawei.android.launcher.permission.READ_SETTINGS
06-22 04:15:44.303 W/PackageManager( 1911): Cannot whitelist unknown permission: com.huawei.android.launcher.permission.WRITE_SETTINGS
06-22 04:15:44.303 W/PackageManager( 1911): Cannot whitelist unknown permission: android.permission.READ_APP_BADGE
06-22 04:15:44.303 W/PackageManager( 1911): Cannot whitelist unknown permission: com.oppo.launcher.permission.READ_SETTINGS
06-22 04:15:44.303 W/PackageManager( 1911): Cannot whitelist unknown permission: com.oppo.launcher.permission.WRITE_SETTINGS
06-22 04:15:44.303 I/PackageManager( 1911): Un-granting permission com.google.android.setupwizard.READ_DEVICE_ORIGIN from package com.google.android.apps.messaging (protectionLevel=18 flags=0x38cbbe45)
06-22 04:15:44.303 W/PackageManager( 1911): Cannot whitelist unknown permission: com.google.android.ims.LOG_ACCESS
06-22 04:15:44.303 W/PackageManager( 1911): Cannot whitelist unknown permission: com.cequint.ecid.CALLER_ID_EXTERNAL_LOOKUP_SMS
06-22 04:15:44.303 W/PackageManager( 1911): Cannot whitelist unknown permission: com.sec.android.provider.badge.permission.READ
06-22 04:15:44.303 W/PackageManager( 1911): Cannot whitelist unknown permission: com.sec.android.provider.badge.permission.WRITE
06-22 04:15:44.303 W/PackageManager( 1911): Cannot whitelist unknown permission: com.htc.launcher.permission.READ_SETTINGS
06-22 04:15:44.303 W/PackageManager( 1911): Cannot whitelist unknown permission: com.htc.launcher.permission.UPDATE_SHORTCUT
06-22 04:15:44.303 W/PackageManager( 1911): Cannot whitelist unknown permission: com.sonyericsson.home.permission.BROADCAST_BADGE
06-22 04:15:44.303 W/PackageManager( 1911): Cannot whitelist unknown permission: com.sonymobile.home.permission.PROVIDER_INSERT_BADGE
06-22 04:15:44.303 W/PackageManager( 1911): Cannot whitelist unknown permission: com.sonymobile.launcher.permission.PROVIDER_INSERT_BADGE
06-22 04:15:44.303 W/PackageManager( 1911): Cannot whitelist unknown permission: com.anddoes.launcher.permission.UPDATE_COUNT
06-22 04:15:44.303 W/PackageManager( 1911): Cannot whitelist unknown permission: com.majeur.launcher.permission.UPDATE_BADGE
06-22 04:15:44.303 W/PackageManager( 1911): Cannot whitelist unknown permission: com.huawei.android.launcher.permission.CHANGE_BADGE
06-22 04:15:44.303 W/PackageManager( 1911): Cannot whitelist unknown permission: com.huawei.android.launcher.permission.READ_SETTINGS
06-22 04:15:44.303 W/PackageManager( 1911): Cannot whitelist unknown permission: com.huawei.android.launcher.permission.WRITE_SETTINGS
06-22 04:15:44.303 W/PackageManager( 1911): Cannot whitelist unknown permission: android.permission.READ_APP_BADGE
06-22 04:15:44.303 W/PackageManager( 1911): Cannot whitelist unknown permission: com.oppo.launcher.permission.READ_SETTINGS
06-22 04:15:44.303 W/PackageManager( 1911): Cannot whitelist unknown permission: com.oppo.launcher.permission.WRITE_SETTINGS
06-22 04:15:44.303 I/PackageManager( 1911): Un-granting permission com.google.android.setupwizard.READ_DEVICE_ORIGIN from package com.google.android.apps.messaging (protectionLevel=18 flags=0x38cbbe45)
06-22 04:15:44.305 W/PackageManager( 1911): Cannot whitelist unknown permission: com.google.android.ims.LOG_ACCESS
06-22 04:15:44.305 W/PackageManager( 1911): Cannot whitelist unknown permission: com.cequint.ecid.CALLER_ID_EXTERNAL_LOOKUP_SMS
06-22 04:15:44.305 W/PackageManager( 1911): Cannot whitelist unknown permission: com.sec.android.provider.badge.permission.READ
06-22 04:15:44.305 W/PackageManager( 1911): Cannot whitelist unknown permission: com.sec.android.provider.badge.permission.WRITE
06-22 04:15:44.305 W/PackageManager( 1911): Cannot whitelist unknown permission: com.htc.launcher.permission.READ_SETTINGS
06-22 04:15:44.305 W/PackageManager( 1911): Cannot whitelist unknown permission: com.htc.launcher.permission.UPDATE_SHORTCUT
06-22 04:15:44.305 W/PackageManager( 1911): Cannot whitelist unknown permission: com.sonyericsson.home.permission.BROADCAST_BADGE
06-22 04:15:44.305 W/PackageManager( 1911): Cannot whitelist unknown permission: com.sonymobile.home.permission.PROVIDER_INSERT_BADGE
06-22 04:15:44.305 W/PackageManager( 1911): Cannot whitelist unknown permission: com.sonymobile.launcher.permission.PROVIDER_INSERT_BADGE
06-22 04:15:44.305 W/PackageManager( 1911): Cannot whitelist unknown permission: com.anddoes.launcher.permission.UPDATE_COUNT
06-22 04:15:44.305 W/PackageManager( 1911): Cannot whitelist unknown permission: com.majeur.launcher.permission.UPDATE_BADGE
06-22 04:15:44.305 W/PackageManager( 1911): Cannot whitelist unknown permission: com.huawei.android.launcher.permission.CHANGE_BADGE
06-22 04:15:44.305 W/PackageManager( 1911): Cannot whitelist unknown permission: com.huawei.android.launcher.permission.READ_SETTINGS
06-22 04:15:44.305 W/PackageManager( 1911): Cannot whitelist unknown permission: com.huawei.android.launcher.permission.WRITE_SETTINGS
06-22 04:15:44.305 W/PackageManager( 1911): Cannot whitelist unknown permission: android.permission.READ_APP_BADGE
06-22 04:15:44.305 W/PackageManager( 1911): Cannot whitelist unknown permission: com.oppo.launcher.permission.READ_SETTINGS
06-22 04:15:44.305 W/PackageManager( 1911): Cannot whitelist unknown permission: com.oppo.launcher.permission.WRITE_SETTINGS
06-22 04:15:44.305 I/PackageManager( 1911): Un-granting permission com.google.android.setupwizard.READ_DEVICE_ORIGIN from package com.google.android.apps.messaging (protectionLevel=18 flags=0x38cbbe45)
06-22 04:15:44.305 W/PackageManager( 1911): Cannot whitelist unknown permission: com.google.android.ims.LOG_ACCESS
06-22 04:15:44.305 W/PackageManager( 1911): Cannot whitelist unknown permission: com.cequint.ecid.CALLER_ID_EXTERNAL_LOOKUP_SMS
06-22 04:15:44.305 W/PackageManager( 1911): Cannot whitelist unknown permission: com.sec.android.provider.badge.permission.READ
06-22 04:15:44.305 W/PackageManager( 1911): Cannot whitelist unknown permission: com.sec.android.provider.badge.permission.WRITE
06-22 04:15:44.305 W/PackageManager( 1911): Cannot whitelist unknown permission: com.htc.launcher.permission.READ_SETTINGS
06-22 04:15:44.305 W/PackageManager( 1911): Cannot whitelist unknown permission: com.htc.launcher.permission.UPDATE_SHORTCUT
06-22 04:15:44.305 W/PackageManager( 1911): Cannot whitelist unknown permission: com.sonyericsson.home.permission.BROADCAST_BADGE
06-22 04:15:44.306 W/PackageManager( 1911): Cannot whitelist unknown permission: com.sonymobile.home.permission.PROVIDER_INSERT_BADGE
06-22 04:15:44.306 W/PackageManager( 1911): Cannot whitelist unknown permission: com.sonymobile.launcher.permission.PROVIDER_INSERT_BADGE
06-22 04:15:44.306 W/PackageManager( 1911): Cannot whitelist unknown permission: com.anddoes.launcher.permission.UPDATE_COUNT
06-22 04:15:44.306 W/PackageManager( 1911): Cannot whitelist unknown permission: com.majeur.launcher.permission.UPDATE_BADGE
06-22 04:15:44.306 W/PackageManager( 1911): Cannot whitelist unknown permission: com.huawei.android.launcher.permission.CHANGE_BADGE
06-22 04:15:44.306 W/PackageManager( 1911): Cannot whitelist unknown permission: com.huawei.android.launcher.permission.READ_SETTINGS
06-22 04:15:44.306 W/PackageManager( 1911): Cannot whitelist unknown permission: com.huawei.android.launcher.permission.WRITE_SETTINGS
06-22 04:15:44.306 W/PackageManager( 1911): Cannot whitelist unknown permission: android.permission.READ_APP_BADGE
06-22 04:15:44.306 W/PackageManager( 1911): Cannot whitelist unknown permission: com.oppo.launcher.permission.READ_SETTINGS
06-22 04:15:44.306 W/PackageManager( 1911): Cannot whitelist unknown permission: com.oppo.launcher.permission.WRITE_SETTINGS
06-22 04:15:44.306 I/PackageManager( 1911): Un-granting permission com.google.android.setupwizard.READ_DEVICE_ORIGIN from package com.google.android.apps.messaging (protectionLevel=18 flags=0x38cbbe45)
06-22 04:15:44.312 W/PackageManager( 1911): Cannot whitelist unknown permission: com.google.android.ims.LOG_ACCESS
06-22 04:15:44.312 W/PackageManager( 1911): Cannot whitelist unknown permission: com.cequint.ecid.CALLER_ID_EXTERNAL_LOOKUP_SMS
06-22 04:15:44.312 W/PackageManager( 1911): Cannot whitelist unknown permission: com.sec.android.provider.badge.permission.READ
06-22 04:15:44.312 W/PackageManager( 1911): Cannot whitelist unknown permission: com.sec.android.provider.badge.permission.WRITE
06-22 04:15:44.312 W/PackageManager( 1911): Cannot whitelist unknown permission: com.htc.launcher.permission.READ_SETTINGS
06-22 04:15:44.313 W/PackageManager( 1911): Cannot whitelist unknown permission: com.htc.launcher.permission.UPDATE_SHORTCUT
06-22 04:15:44.313 W/PackageManager( 1911): Cannot whitelist unknown permission: com.sonyericsson.home.permission.BROADCAST_BADGE
06-22 04:15:44.313 W/PackageManager( 1911): Cannot whitelist unknown permission: com.sonymobile.home.permission.PROVIDER_INSERT_BADGE
06-22 04:15:44.313 W/PackageManager( 1911): Cannot whitelist unknown permission: com.sonymobile.launcher.permission.PROVIDER_INSERT_BADGE
06-22 04:15:44.313 W/PackageManager( 1911): Cannot whitelist unknown permission: com.anddoes.launcher.permission.UPDATE_COUNT
06-22 04:15:44.313 W/PackageManager( 1911): Cannot whitelist unknown permission: com.majeur.launcher.permission.UPDATE_BADGE
06-22 04:15:44.313 W/PackageManager( 1911): Cannot whitelist unknown permission: com.huawei.android.launcher.permission.CHANGE_BADGE
06-22 04:15:44.313 W/PackageManager( 1911): Cannot whitelist unknown permission: com.huawei.android.launcher.permission.READ_SETTINGS
06-22 04:15:44.313 W/PackageManager( 1911): Cannot whitelist unknown permission: com.huawei.android.launcher.permission.WRITE_SETTINGS
06-22 04:15:44.313 W/PackageManager( 1911): Cannot whitelist unknown permission: android.permission.READ_APP_BADGE
06-22 04:15:44.313 W/PackageManager( 1911): Cannot whitelist unknown permission: com.oppo.launcher.permission.READ_SETTINGS
06-22 04:15:44.313 W/PackageManager( 1911): Cannot whitelist unknown permission: com.oppo.launcher.permission.WRITE_SETTINGS
06-22 04:15:44.313 I/PackageManager( 1911): Un-granting permission com.google.android.setupwizard.READ_DEVICE_ORIGIN from package com.google.android.apps.messaging (protectionLevel=18 flags=0x38cbbe45)
06-22 04:15:44.314 I/wpa_supplicant( 2139): rfkill: Cannot get wiphy information
06-22 04:15:44.315 I/android_os_HwBinder( 1911): HwBinder: Starting thread pool for getting: android.hardware.wifi.supplicant@1.0::ISupplicant/default
06-22 04:15:44.315 I/SupplicantStaIfaceHal( 1911): Completed initialization of ISupplicant.
06-22 04:15:44.316 I/OMXClient( 1911): IOmx service obtained
06-22 04:15:44.316 I/OMXMaster( 1796): makeComponentInstance(OMX.google.vorbis.decoder) in android.hardwar process
06-22 04:15:44.316 E/OMXNodeInstance( 1796): getConfig(0xf3b18de0:google.vorbis.decoder, ConfigAndroidVendorExtension(0x6f100004)) ERROR: Undefined(0x80001001)
06-22 04:15:44.319 I/android.hardware.wifi@1.0-service( 1715): Adding interface handle for wlan0
06-22 04:15:44.319 W/android.hardware.wifi@1.0-service( 1715): No active wlan interfaces in use! Using default
06-22 04:15:44.319 E/android.hardware.wifi@1.0-service( 1715): Failed to register radio mode change callback
06-22 04:15:44.319 W/android.hardware.wifi@1.0-service( 1715): No active wlan interfaces in use! Using default
06-22 04:15:44.330 W/libc    ( 1715): Unable to set property "vendor.wlan.firmware.version" to "1.0": error code: 0x18
06-22 04:15:44.341 I/OMXClient( 1911): IOmx service obtained
06-22 04:15:44.342 I/OMXMaster( 1796): makeComponentInstance(OMX.google.vorbis.decoder) in android.hardwar process
06-22 04:15:44.348 I/PackageManager( 1911): Un-granting permission android.permission.BIND_WALLPAPER from package com.android.camera2 (protectionLevel=18 flags=0x20d8bc45)
06-22 04:15:44.349 I/chatty  ( 1911): uid=1000(system) Binder:1911_2 identical 1 line
06-22 04:15:44.349 I/PackageManager( 1911): Un-granting permission android.permission.BIND_WALLPAPER from package com.android.camera2 (protectionLevel=18 flags=0x20d8bc45)
06-22 04:15:44.352 W/PackageManager( 1911): Cannot whitelist unknown permission: android.permission.NFC_UNLOCK
06-22 04:15:44.354 E/OMXNodeInstance( 1796): getConfig(0xf3b18fc0:google.vorbis.decoder, ConfigAndroidVendorExtension(0x6f100004)) ERROR: Undefined(0x80001001)
06-22 04:15:44.355 W/PackageManager( 1911): Cannot whitelist unknown permission: android.permission.NFC_UNLOCK
06-22 04:15:44.358 W/PackageManager( 1911): Cannot whitelist unknown permission: com.google.android.email.permission.ACCESS_PROVIDER
06-22 04:15:44.358 W/PackageManager( 1911): Cannot whitelist unknown permission: com.google.android.gm.exchange.BIND
06-22 04:15:44.358 W/PackageManager( 1911): Cannot whitelist unknown permission: com.android.email.partnerprovider.PARTNER_PROVIDER
06-22 04:15:44.358 I/PackageManager( 1911): Un-granting permission android.permission.REQUEST_INSTALL_PACKAGES from package com.google.android.gm (protectionLevel=66 flags=0x38cbbe45)
06-22 04:15:44.360 W/PackageManager( 1911): Cannot whitelist unknown permission: com.google.android.email.permission.ACCESS_PROVIDER
06-22 04:15:44.360 W/PackageManager( 1911): Cannot whitelist unknown permission: com.google.android.gm.exchange.BIND
06-22 04:15:44.360 W/PackageManager( 1911): Cannot whitelist unknown permission: com.android.email.partnerprovider.PARTNER_PROVIDER
06-22 04:15:44.360 I/PackageManager( 1911): Un-granting permission android.permission.REQUEST_INSTALL_PACKAGES from package com.google.android.gm (protectionLevel=66 flags=0x38cbbe45)
06-22 04:15:44.366 W/libc    ( 1715): Unable to set property "vendor.wlan.driver.version" to "1.0": error code: 0x18
06-22 04:15:44.367 I/android.hardware.wifi@1.0-service( 1715): Configured chip in mode 0
06-22 04:15:44.367 W/android.hardware.wifi@1.0-service( 1715): No active wlan interfaces in use! Using default
