06-19 09:09:32.741 W/PackageParser( 1915): Unknown element under <manifest>: queries at /system/product/priv-app/PrebuiltGmsCore/PrebuiltGmsCore.apk Binary XML file line #544
06-19 09:09:32.776 I/ServiceManager( 1761): Waiting for service 'package_native' on '/dev/binder'...
06-19 09:09:32.804 I/PackageParser( 1915): Parse times for '/system/product/priv-app/PrebuiltGmsCore': parse=73ms, update_cache=52 ms
06-19 09:09:32.805 I/PackageManager( 1915): /system/product/priv-app/PrebuiltGmsCore changed; collecting certs
06-19 09:09:32.813 W/PackageParser( 1915): No actions in intent filter at /system/product/priv-app/Velvet/Velvet.apk Binary XML file line #3398
06-19 09:09:32.815 E/PackageManager( 1915): Adding duplicate app id: 10116 name=com.google.android.gms
06-19 09:09:32.821 I/PackageParser( 1915): Parse times for '/system/product/priv-app/Velvet': parse=125ms, update_cache=8 ms
06-19 09:09:32.821 I/PackageManager( 1915): /system/product/priv-app/Velvet changed; collecting certs
06-19 09:09:32.835 I/PackageParser( 1915): Parse times for '/system/product/priv-app/Settings': parse=149ms, update_cache=9 ms
06-19 09:09:32.835 I/PackageManager( 1915): /system/product/priv-app/Settings changed; collecting certs
06-19 09:09:32.837 E/PackageManager( 1915): Adding duplicate shared id: 1000 name=com.android.settings
06-19 09:09:32.838 W/PackageManager( 1915): Skipping provider name androidx.lifecycle.process.lifecycle-process (in package com.android.settings): name already used by com.android.systemui
06-19 09:09:32.842 I/PackageManager( 1915): /system/product/app/NexusWallpapersStubPrebuilt2018 changed; collecting certs
06-19 09:09:32.847 I/PackageManager( 1915): /system/product/app/TrichromeLibrary changed; collecting certs
06-19 09:09:32.855 I/PackageManager( 1915): /system/product/app/MarkupGoogle changed; collecting certs
06-19 09:09:32.865 I/PackageManager( 1915): /system/product/app/DMAgent changed; collecting certs
06-19 09:09:32.882 I/PackageManager( 1915): /system/product/app/SoundPickerPrebuilt changed; collecting certs
06-19 09:09:32.895 I/PackageManager( 1915): /system/product/app/GoogleContactsSyncAdapter changed; collecting certs
06-19 09:09:32.898 I/PackageManager( 1915): /system/product/app/Videos changed; collecting certs
06-19 09:09:32.913 I/PackageManager( 1915): /system/product/app/WebViewGoogle changed; collecting certs
06-19 09:09:32.917 W/PackageParser( 1915): No actions in intent filter at /system/product/app/PrebuiltBugle/PrebuiltBugle.apk Binary XML file line #1261
06-19 09:09:32.928 I/PackageManager( 1915): /system/product/app/PrebuiltBugle changed; collecting certs
06-19 09:09:32.939 I/PackageManager( 1915): /system/product/app/LatinIMEGooglePrebuilt changed; collecting certs
06-19 09:09:32.949 I/PackageManager( 1915): /system/product/app/Chrome changed; collecting certs
06-19 09:09:32.952 I/PackageManager( 1915): /system/product/app/ModuleMetadataGoogle changed; collecting certs
06-19 09:09:32.960 I/PackageManager( 1915): /system/product/app/Camera2 changed; collecting certs
06-19 09:09:32.990 W/PackageParser( 1915): No actions in intent filter at /system/product/app/Drive/Drive.apk Binary XML file line #1759
06-19 09:09:32.996 I/PackageManager( 1915): /system/product/app/Drive changed; collecting certs
06-19 09:09:32.997 W/PackageParser( 1915): No actions in intent filter at /system/product/app/PrebuiltGmail/PrebuiltGmail.apk Binary XML file line #735
06-19 09:09:32.997 W/PackageParser( 1915): No actions in intent filter at /system/product/app/PrebuiltGmail/PrebuiltGmail.apk Binary XML file line #800
06-19 09:09:33.011 I/PackageManager( 1915): /system/product/app/PrebuiltGmail changed; collecting certs
06-19 09:09:33.015 W/PackageParser( 1915): No actions in intent filter at /system/product/app/CalendarGooglePrebuilt/CalendarGooglePrebuilt.apk Binary XML file line #500
06-19 09:09:32.876 I/chatty  ( 1761): uid=0(root) /system/bin/storaged identical 1 line
06-19 09:09:32.977 I/ServiceManager( 1761): Waiting for service 'package_native' on '/dev/binder'...
06-19 09:09:33.019 I/PackageManager( 1915): New shared user com.google.android.calendar.uid.shared: id=10138
06-19 09:09:33.019 I/PackageManager( 1915): /system/product/app/CalendarGooglePrebuilt changed; collecting certs
06-19 09:09:33.056 I/PackageParser( 1915): Parse times for '/system/product/app/Maps': parse=40ms, update_cache=67 ms
06-19 09:09:33.056 E/PackageManager( 1915): Adding duplicate app id: 10138 name=com.google.android.calendar
06-19 09:09:33.057 I/PackageManager( 1915): New shared user com.google.android.apps.maps: id=10139
06-19 09:09:33.057 I/PackageManager( 1915): /system/product/app/Maps changed; collecting certs
06-19 09:09:33.060 E/PackageManager( 1915): Adding duplicate app id: 10139 name=com.google.android.apps.maps
06-19 09:09:33.062 I/PackageManager( 1915): /system/product/app/WallpapersBReel2018 changed; collecting certs
06-19 09:09:33.068 I/PackageManager( 1915): /system/product/app/Music2 changed; collecting certs
06-19 09:09:33.077 I/ServiceManager( 1761): Waiting for service 'package_native' on '/dev/binder'...
06-19 09:09:33.084 I/PackageManager( 1915): /system/product/app/GoogleTTS changed; collecting certs
06-19 09:09:33.089 I/PackageManager( 1915): /system/product/app/PrebuiltDeskClockGoogle changed; collecting certs
06-19 09:09:33.116 W/PackageParser( 1915): No actions in intent filter at /system/product/app/Photos/Photos.apk Binary XML file line #1857
06-19 09:09:33.123 W/PackageParser( 1915): Unknown element under <manifest>: meta-data at /system/product/app/YouTube/YouTube.apk Binary XML file line #113
06-19 09:09:33.123 W/PackageParser( 1915): Unknown element under <manifest>: queries at /system/product/app/YouTube/YouTube.apk Binary XML file line #115
06-19 09:09:33.124 I/PackageParser( 1915): Parse times for '/system/product/app/Photos': parse=97ms, update_cache=8 ms
06-19 09:09:33.124 I/PackageManager( 1915): /system/product/app/Photos changed; collecting certs
06-19 09:09:33.131 I/PackageManager( 1915): /system/product/app/YouTube changed; collecting certs
06-19 09:09:33.137 D/PackageManager( 1915): No files in app dir /product_services/priv-app
06-19 09:09:33.137 D/PackageManager( 1915): No files in app dir /product_services/app
06-19 09:09:33.137 I/PackageManager( 1915): Finished scanning system apps. Time: 984 ms, packageCount: 177 , timePerPackage: 5 , cached: 0
06-19 09:09:33.137 D/PackageManager( 1915): No files in app dir /data/app
06-19 09:09:33.137 I/PackageManager( 1915): Finished scanning non-system apps. Time: 0 ms, packageCount: 0 , timePerPackage: 0 , cached: 0
06-19 09:09:33.138 E/installd( 1751): Invalid path /system/product/priv-app/GoogleServicesFramework: No such file or directory
06-19 09:09:33.138 E/installd( 1751): Invalid path /system/product/priv-app/Settings: No such file or directory
06-19 09:09:33.138 E/installd( 1751): Invalid path /system/framework/framework-res.apk: No such file or directory
06-19 09:09:33.139 I/PackageManager( 1915): Time to scan packages: 0.986 seconds
06-19 09:09:33.139 I/PackageManager( 1915): Un-granting permission android.permission.MANAGE_DOCUMENTS from package com.google.android.youtube (protectionLevel=262146 flags=0x305bbe45)
06-19 09:09:33.140 I/PackageManager( 1915): Un-granting permission com.google.android.googleapps.permission.GOOGLE_AUTH from package com.android.providers.calendar (protectionLevel=2 flags=0x30083e45)
06-19 09:09:33.140 I/PackageManager( 1915): Un-granting permission com.google.android.googleapps.permission.GOOGLE_AUTH.cl from package com.android.providers.calendar (protectionLevel=2 flags=0x30083e45)
06-19 09:09:33.141 I/PackageManager( 1915): Un-granting permission android.permission.WRITE_SECURE_SETTINGS from package com.google.android.apps.enterprise.dmagent (protectionLevel=50 flags=0x30083e05)
06-19 09:09:33.141 I/PackageManager( 1915): Un-granting permission android.permission.CONNECTIVITY_INTERNAL from package com.google.android.apps.enterprise.dmagent (protectionLevel=18 flags=0x30083e05)
06-19 09:09:33.141 I/PackageManager( 1915): Un-granting permission android.permission.MANAGE_USB from package com.google.android.apps.enterprise.dmagent (protectionLevel=18 flags=0x30083e05)
06-19 09:09:33.141 I/PackageManager( 1915): Un-granting permission android.permission.CHANGE_COMPONENT_ENABLED_STATE from package com.google.android.apps.enterprise.dmagent (protectionLevel=18 flags=0x30083e05)
06-19 09:09:33.141 I/PackageManager( 1915): Un-granting permission android.permission.MANAGE_CA_CERTIFICATES from package com.google.android.apps.enterprise.dmagent (protectionLevel=18 flags=0x30083e05)
06-19 09:09:33.141 I/PackageManager( 1915): Un-granting permission android.permission.MANAGE_USERS from package com.google.android.apps.enterprise.dmagent (protectionLevel=18 flags=0x30083e05)
06-19 09:09:33.141 I/PackageManager( 1915): Un-granting permission com.google.android.setupwizard.READ_DEVICE_ORIGIN from package com.google.android.apps.messaging (protectionLevel=18 flags=0x384bbe45)
06-19 09:09:33.142 I/PackageManager( 1915): Un-granting permission android.permission.BIND_WALLPAPER from package com.android.camera2 (protectionLevel=18 flags=0x2058bc45)
06-19 09:09:33.142 I/PackageManager( 1915): Un-granting permission android.permission.REQUEST_INSTALL_PACKAGES from package com.google.android.gm (protectionLevel=66 flags=0x384bbe45)
06-19 09:09:33.142 I/PackageManager( 1915): Un-granting permission android.permission.GRANT_RUNTIME_PERMISSIONS from package com.google.android.permissioncontroller (protectionLevel=770 flags=0x30483e05)
06-19 09:09:33.142 I/PackageManager( 1915): Un-granting permission android.permission.REVOKE_RUNTIME_PERMISSIONS from package com.google.android.permissioncontroller (protectionLevel=770 flags=0x30483e05)
06-19 09:09:33.142 I/PackageManager( 1915): Un-granting permission android.permission.ADJUST_RUNTIME_PERMISSIONS_POLICY from package com.google.android.permissioncontroller (protectionLevel=258 flags=0x30483e05)
06-19 09:09:33.142 I/PackageManager( 1915): Un-granting permission android.permission.WHITELIST_RESTRICTED_PERMISSIONS from package com.google.android.permissioncontroller (protectionLevel=258 flags=0x30483e05)
06-19 09:09:33.142 I/PackageManager( 1915): Un-granting permission android.permission.INTERACT_ACROSS_USERS_FULL from package com.google.android.permissioncontroller (protectionLevel=258 flags=0x30483e05)
06-19 09:09:33.142 I/PackageManager( 1915): Un-granting permission android.permission.MANAGE_APP_OPS_MODES from package com.google.android.permissioncontroller (protectionLevel=770 flags=0x30483e05)
06-19 09:09:33.142 I/PackageManager( 1915): Un-granting permission android.permission.KILL_UID from package com.google.android.permissioncontroller (protectionLevel=258 flags=0x30483e05)
06-19 09:09:33.142 I/PackageManager( 1915): Un-granting permission android.permission.MANAGE_APP_OPS_RESTRICTIONS from package com.google.android.permissioncontroller (protectionLevel=258 flags=0x30483e05)
06-19 09:09:33.142 I/PackageManager( 1915): Un-granting permission android.permission.HIDE_NON_SYSTEM_OVERLAY_WINDOWS from package com.google.android.permissioncontroller (protectionLevel=258 flags=0x30483e05)
06-19 09:09:33.142 I/PackageManager( 1915): Un-granting permission android.permission.MANAGE_ROLE_HOLDERS from package com.google.android.permissioncontroller (protectionLevel=258 flags=0x30483e05)
06-19 09:09:33.142 I/PackageManager( 1915): Un-granting permission android.permission.OBSERVE_ROLE_HOLDERS from package com.google.android.permissioncontroller (protectionLevel=258 flags=0x30483e05)
06-19 09:09:33.142 I/PackageManager( 1915): Un-granting permission android.permission.SET_PREFERRED_APPLICATIONS from package com.google.android.permissioncontroller (protectionLevel=770 flags=0x30483e05)
06-19 09:09:33.143 I/PackageManager( 1915): Un-granting permission android.permission.ACCESS_SHARED_LIBRARIES from package com.google.android.permissioncontroller (protectionLevel=258 flags=0x30483e05)
06-19 09:09:33.143 I/PackageManager( 1915): Un-granting permission android.permission.ACCESS_INSTANT_APPS from package com.google.android.permissioncontroller (protectionLevel=131842 flags=0x30483e05)
06-19 09:09:33.143 I/PackageManager( 1915): Un-granting permission android.permission.OPEN_ACCESSIBILITY_DETAILS_SETTINGS from package com.google.android.permissioncontroller (protectionLevel=258 flags=0x30483e05)
06-19 09:09:33.143 I/PackageManager( 1915): Un-granting permission android.permission.BIND_JOB_SERVICE from package com.google.android.music (protectionLevel=2 flags=0x384bbe65)
06-19 09:09:33.143 I/PackageManager( 1915): Un-granting permission android.permission.CONNECTIVITY_USE_RESTRICTED_NETWORKS from package com.google.android.captiveportallogin (protectionLevel=18 flags=0x3848be45)
06-19 09:09:33.143 I/PackageManager( 1915): Un-granting permission android.permission.NETWORK_BYPASS_PRIVATE_DNS from package com.google.android.captiveportallogin (protectionLevel=2 flags=0x3848be45)
06-19 09:09:33.143 I/PackageManager( 1915): Un-granting permission android.permission.REQUEST_INSTALL_PACKAGES from package com.google.android.apps.docs (protectionLevel=66 flags=0x384bbe45)
06-19 09:09:33.144 I/PackageManager( 1915): Un-granting permission android.permission.INTERACT_ACROSS_USERS from package com.google.android.syncadapters.contacts (protectionLevel=50 flags=0x20083e45)
06-19 09:09:33.144 I/PackageManager( 1915): Un-granting permission android.permission.REQUEST_INSTALL_PACKAGES from package com.android.chrome (protectionLevel=66 flags=0xa04bbe45)
06-19 09:09:33.144 I/PackageManager( 1915): Un-granting permission com.google.android.apps.now.CURRENT_ACCOUNT_ACCESS from package com.android.chrome (protectionLevel=2 flags=0xa04bbe45)
06-19 09:09:33.145 I/PackageManager( 1915): Un-granting permission android.permission.HIDE_NON_SYSTEM_OVERLAY_WINDOWS from package com.google.android.packageinstaller (protectionLevel=258 flags=0x30483e45)
06-19 09:09:33.145 I/PackageManager( 1915): Un-granting permission android.permission.MANAGE_APP_OPS_MODES from package com.google.android.packageinstaller (protectionLevel=770 flags=0x30483e45)
06-19 09:09:33.145 I/PackageManager( 1915): Un-granting permission android.permission.INTERACT_ACROSS_USERS_FULL from package com.google.android.packageinstaller (protectionLevel=258 flags=0x30483e45)
06-19 09:09:33.145 I/PackageManager( 1915): Un-granting permission android.permission.CAPTURE_VIDEO_OUTPUT from package com.google.android.gms (protectionLevel=2 flags=0xb04abe45)
06-19 09:09:33.145 I/PackageManager( 1915): Un-granting permission android.permission.MANAGE_DEVICE_ADMINS from package com.google.android.gms (protectionLevel=2 flags=0xb04abe45)
06-19 09:09:33.145 I/PackageManager( 1915): Un-granting permission android.permission.MANAGE_ACTIVITY_STACKS from package com.google.android.gms (protectionLevel=2 flags=0xb04abe45)
06-19 09:09:33.145 I/PackageManager( 1915): Un-granting permission android.permission.CAPTURE_SECURE_VIDEO_OUTPUT from package com.google.android.gms (protectionLevel=2 flags=0xb04abe45)
06-19 09:09:33.145 I/PackageManager( 1915): Un-granting permission android.permission.MANAGE_ROLLBACKS from package com.google.android.gms (protectionLevel=514 flags=0xb04abe45)
06-19 09:09:33.146 I/PackageManager( 1915): Un-granting permission com.google.android.googleapps.permission.GOOGLE_AUTH from package com.google.android.videos (protectionLevel=2 flags=0x305bbe45)
06-19 09:09:33.146 I/PackageManager( 1915): Un-granting permission android.permission.WRITE_MEDIA_STORAGE from package com.google.android.apps.photos (protectionLevel=18 flags=0x3859be45)
06-19 09:09:33.149 W/PackageManager( 1915): Unknown package com.google.android.apps.docs.editors.docs in sysconfig <app-link>
06-19 09:09:33.149 W/PackageManager( 1915): Unknown package com.google.android.apps.docs.editors.sheets in sysconfig <app-link>
06-19 09:09:33.149 W/PackageManager( 1915): Unknown package com.google.android.apps.docs.editors.slides in sysconfig <app-link>
06-19 09:09:33.149 W/PackageManager( 1915): Sysconfig <app-link> package 'com.android.vending' does not handle web links
06-19 09:09:33.149 W/PackageManager( 1915): Unknown package com.google.android.apps.plus in sysconfig <app-link>
06-19 09:09:33.149 W/PackageManager( 1915): Unknown package com.google.android.apps.tycho in sysconfig <app-link>
06-19 09:09:33.149 W/PackageManager( 1915): Unknown package com.google.android.talk in sysconfig <app-link>
06-19 09:09:33.150 V/PackageManager( 1915): reconcileAppsData for null u0 0x1 migrateAppData=true
06-19 09:09:33.151 I/SELinux ( 1751): SELinux: Loaded file_contexts
06-19 09:09:33.168 V/PackageManager( 1915): reconcileAppsData finished 20 packages
06-19 09:09:33.169 D/SystemServerInitThreadPool( 1915): Started executing prepareAppData
06-19 09:09:33.169 D/SystemServerTimingAsync( 1915): AppDataFixup took to complete: 0ms
06-19 09:09:33.177 I/ServiceManager( 1761): Waiting for service 'package_native' on '/dev/binder'...
06-19 09:09:33.181 I/SELinux ( 1915): SELinux: Loaded file_contexts
06-19 09:09:33.185 E/PackageManager( 1915): There should probably be a verifier, but, none were found
06-19 09:09:33.186 V/PackageManager( 1915): Ephemeral resolver found; pkg: com.google.android.gms, info:ResolveInfo{6b8de3a com.google.android.gms/.chimera.PersistentBoundBrokerService m=0x108000}
06-19 09:09:33.186 D/PackageManager( 1915): Set ephemeral resolver: Pair{ComponentInfo{com.google.android.gms/com.google.android.gms.chimera.PersistentBoundBrokerService} android.intent.action.RESOLVE_INSTANT_APP_PACKAGE}
06-19 09:09:33.186 D/PackageManager( 1915): Instant App installer not found with android.intent.action.INSTALL_INSTANT_APP_PACKAGE
06-19 09:09:33.186 D/PackageManager( 1915): Clear ephemeral installer activity
06-19 09:09:33.224 I/system_server( 1915): Explicit concurrent copying GC freed 202045(16MB) AllocSpace objects, 154(4964KB) LOS objects, 42% free, 6471KB/11MB, paused 573us total 34.093ms
06-19 09:09:33.229 I/Watchdog( 1915): Resuming HandlerChecker: main thread for reason: packagemanagermain. Pause count: 0
06-19 09:09:33.230 D/SystemServerTiming( 1915): StartPackageManagerService took to complete: 1103ms
06-19 09:09:33.230 I/SystemServer( 1915): StartOtaDexOptService
06-19 09:09:33.230 I/Watchdog( 1915): Pausing HandlerChecker: main thread for reason: moveab. Pause count: 1
06-19 09:09:33.231 D/OTADexopt( 1915): No upgrade, skipping A/B artifacts check.
06-19 09:09:33.231 I/Watchdog( 1915): Resuming HandlerChecker: main thread for reason: moveab. Pause count: 0
06-19 09:09:33.231 D/SystemServerTiming( 1915): StartOtaDexOptService took to complete: 1ms
06-19 09:09:33.231 I/SystemServer( 1915): StartUserManagerService
06-19 09:09:33.231 I/SystemServiceManager( 1915): Starting com.android.server.pm.UserManagerService$LifeCycle
06-19 09:09:33.231 D/SystemServerTiming( 1915): StartUserManagerService took to complete: 0ms
06-19 09:09:33.231 I/SystemServer( 1915): InitAttributerCache
06-19 09:09:33.231 D/SystemServerTiming( 1915): InitAttributerCache took to complete: 0ms
06-19 09:09:33.231 I/SystemServer( 1915): SetSystemProcess
06-19 09:09:33.235 I/lowmemorykiller( 1705): lmkd data connection established
06-19 09:09:33.235 D/SystemServerTiming( 1915): SetSystemProcess took to complete: 4ms
06-19 09:09:33.235 I/SystemServer( 1915): InitWatchdog
06-19 09:09:33.236 D/SystemServerTiming( 1915): InitWatchdog took to complete: 1ms
06-19 09:09:33.236 I/SystemServer( 1915): StartOverlayManagerService
06-19 09:09:33.249 I/        ( 1702): Waiting for sensor privacy service
06-19 09:09:33.249 I/        ( 1745): Waiting for sensor privacy service
06-19 09:09:33.282 I/storaged( 1761): storaged: Start
06-19 09:09:33.393 D/SystemServerTimingAsync( 1915): AppDataPrepare took to complete: 224ms
06-19 09:09:33.393 I/PackageManager( 1915): Deferred reconcileAppsData finished 157 packages
06-19 09:09:33.393 D/SystemServerInitThreadPool( 1915): Finished executing prepareAppData
06-19 09:09:33.418 D/SystemServerTiming( 1915): StartOverlayManagerService took to complete: 182ms
06-19 09:09:33.419 I/SystemServer( 1915): StartSensorPrivacyService
06-19 09:09:33.419 D/SystemServerTiming( 1915): StartSensorPrivacyService took to complete: 0ms
06-19 09:09:33.419 I/SystemServer( 1915): StartBatteryService
06-19 09:09:33.419 D/SystemServerInitThreadPool( 1915): Started executing StartSensorService
06-19 09:09:33.419 I/SystemServiceManager( 1915): Starting com.android.server.BatteryService
06-19 09:09:33.419 D/SensorService( 1915): nuSensorService starting...
06-19 09:09:33.420 I/hwservicemanager( 1567): getTransport: Cannot find entry android.hardware.sensors@2.0::ISensors/default in either framework or device manifest.
06-19 09:09:33.421 I/SensorService( 1915): Reported power 0.000000 not deemed sane, clamping to 0.001000
06-19 09:09:33.422 I/android_os_HwBinder( 1915): HwBinder: Starting thread pool for getting: android.hardware.health@2.0::IHealth/default
06-19 09:09:33.422 I/SensorService( 1915): Generated new HMAC key.
06-19 09:09:33.423 D/SensorService( 1915): nuSensorService thread starting...
06-19 09:09:33.423 D/SensorService( 1915): new thread SensorEventAckReceiver
06-19 09:09:33.424 D/SystemServerTimingAsync( 1915): StartSensorService took to complete: 5ms
06-19 09:09:33.424 D/SystemServerInitThreadPool( 1915): Finished executing StartSensorService
06-19 09:09:33.427 I/hwservicemanager( 1567): getTransport: Cannot find entry android.hardware.soundtrigger@2.0::ISoundTriggerHw/default in either framework or device manifest.
06-19 09:09:33.429 E/SoundTriggerHwService( 1702): could not read implementation properties
06-19 09:09:33.430 I/ServiceManagement( 1745): Registered android.frameworks.cameraservice.service@2.0::ICameraService/default (start delay of 3693ms)
06-19 09:09:33.431 I/android_os_HwBinder( 1915): HwBinder: Starting thread pool for getting: android.hidl.manager@1.0::IServiceManager/default
06-19 09:09:33.431 I/HealthServiceWrapper( 1915): health: HealthServiceWrapper listening to instance default
06-19 09:09:33.431 I/BatteryService( 1915): health: Waited 0ms and received the update.
06-19 09:09:33.432 D/SystemServerTiming( 1915): StartBatteryService took to complete: 13ms
06-19 09:09:33.432 I/SystemServer( 1915): StartUsageService
06-19 09:09:33.432 I/SystemServiceManager( 1915): Starting com.android.server.usage.UsageStatsService
06-19 09:09:33.432 I/android_os_HwBinder( 1915): HwBinder: Starting thread pool for getting: android.hardware.health@2.0::IHealth/default
06-19 09:09:33.438 I/UsageStatsDatabase( 1915): Upgrading from version 0 to 4
06-19 09:09:33.438 I/UsageStatsDatabase( 1915): Deleting all usage stats files
06-19 09:09:33.439 I/UsageStatsService( 1915): User[0] Rollover scheduled @ 2026-06-20 09:09:33(1781946573436)
06-19 09:09:33.440 D/SystemServerTiming( 1915): StartUsageService took to complete: 8ms
06-19 09:09:33.440 I/SystemServer( 1915): StartWebViewUpdateService
06-19 09:09:33.440 I/SystemServiceManager( 1915): Starting com.android.server.webkit.WebViewUpdateService
06-19 09:09:33.442 D/SystemServerTiming( 1915): StartWebViewUpdateService took to complete: 2ms
06-19 09:09:33.442 I/SystemServer( 1915): StartCachedDeviceStateService
06-19 09:09:33.442 I/SystemServiceManager( 1915): Starting com.android.server.CachedDeviceStateService
06-19 09:09:33.442 D/SystemServerTiming( 1915): StartCachedDeviceStateService took to complete: 0ms
06-19 09:09:33.442 I/SystemServer( 1915): StartBinderCallsStatsService
06-19 09:09:33.442 I/SystemServiceManager( 1915): Starting com.android.server.BinderCallsStatsService$LifeCycle
06-19 09:09:33.443 D/SystemServerTiming( 1915): StartBinderCallsStatsService took to complete: 1ms
06-19 09:09:33.443 I/SystemServer( 1915): StartLooperStatsService
06-19 09:09:33.443 I/SystemServiceManager( 1915): Starting com.android.server.LooperStatsService$Lifecycle
06-19 09:09:33.443 D/SystemServerTiming( 1915): StartLooperStatsService took to complete: 0ms
06-19 09:09:33.443 I/SystemServer( 1915): StartRollbackManagerService
06-19 09:09:33.443 I/SystemServiceManager( 1915): Starting com.android.server.rollback.RollbackManagerService
06-19 09:09:33.445 D/installd( 1751): Found quota mount /dev/block/vdc at /data
06-19 09:09:33.446 D/SystemServerTiming( 1915): StartRollbackManagerService took to complete: 3ms
06-19 09:09:33.446 I/SystemServer( 1915): StartBugreportManagerService
06-19 09:09:33.447 I/SystemServiceManager( 1915): Starting com.android.server.os.BugreportManagerService
06-19 09:09:33.447 D/SystemServerTiming( 1915): StartBugreportManagerService took to complete: 1ms
06-19 09:09:33.447 I/SystemServer( 1915): GpuService
06-19 09:09:33.447 I/SystemServiceManager( 1915): Starting com.android.server.gpu.GpuService
06-19 09:09:33.447 D/SystemServerTiming( 1915): GpuService took to complete: 0ms
06-19 09:09:33.447 I/SystemServer( 1915): StartKeyAttestationApplicationIdProviderService
06-19 09:09:33.447 D/SystemServerInitThreadPool( 1915): Started executing SecondaryZygotePreload
06-19 09:09:33.447 I/SystemServer( 1915): SecondaryZygotePreload
06-19 09:09:33.448 D/SystemServerTiming( 1915): StartKeyAttestationApplicationIdProviderService took to complete: 1ms
06-19 09:09:33.448 I/SystemServer( 1915): StartKeyChainSystemService
06-19 09:09:33.448 I/SystemServiceManager( 1915): Starting com.android.server.security.KeyChainSystemService
06-19 09:09:33.448 D/SystemServerTiming( 1915): StartKeyChainSystemService took to complete: 0ms
06-19 09:09:33.448 I/SystemServer( 1915): StartSchedulingPolicyService
06-19 09:09:33.448 D/SystemServerInitThreadPool( 1915): Started executing SchedulingPolicyService.<init>
06-19 09:09:33.448 D/SystemServerTiming( 1915): StartSchedulingPolicyService took to complete: 0ms
06-19 09:09:33.449 I/SystemServer( 1915): StartTelecomLoaderService
06-19 09:09:33.449 I/SystemServiceManager( 1915): Starting com.android.server.telecom.TelecomLoaderService
06-19 09:09:33.449 D/SystemServerTiming( 1915): StartTelecomLoaderService took to complete: 0ms
06-19 09:09:33.449 I/SystemServer( 1915): StartTelephonyRegistry
06-19 09:09:33.450 I/SchedulingPolicyService( 1915): Moving 1767 back to group default
06-19 09:09:33.450 D/SystemServerInitThreadPool( 1915): Finished executing SchedulingPolicyService.<init>
06-19 09:09:33.451 D/SystemServerTiming( 1915): StartTelephonyRegistry took to complete: 2ms
06-19 09:09:33.451 I/SystemServer( 1915): StartEntropyMixer
06-19 09:09:33.451 W/EntropyMixer( 1915): No existing entropy file -- first boot?
06-19 09:09:33.462 I/EntropyMixer( 1915): Added HW RNG output to entropy pool
06-19 09:09:33.462 I/EntropyMixer( 1915): Writing entropy...
06-19 09:09:33.465 D/SystemServerTiming( 1915): StartEntropyMixer took to complete: 14ms
06-19 09:09:33.465 I/SystemServer( 1915): StartAccountManagerService
06-19 09:09:33.465 I/SystemServiceManager( 1915): Starting com.android.server.accounts.AccountManagerService$Lifecycle
06-19 09:09:33.467 D/SystemServerTiming( 1915): StartAccountManagerService took to complete: 2ms
06-19 09:09:33.467 I/SystemServer( 1915): StartContentService
06-19 09:09:33.467 I/SystemServiceManager( 1915): Starting com.android.server.content.ContentService$Lifecycle
06-19 09:09:33.471 D/SystemServerTiming( 1915): StartContentService took to complete: 4ms
06-19 09:09:33.471 I/SystemServer( 1915): InstallSystemProviders
06-19 09:09:33.475 I/system_server( 1915): The ClassLoaderContext is a special shared library.
06-19 09:09:33.509 I/SettingsState( 1915): No settings state /data/system/users/0/settings_system.xml
06-19 09:09:33.509 I/Zygote  ( 1662): Lazily preloading resources.
06-19 09:09:33.509 D/Zygote  ( 1662): begin preload
06-19 09:09:33.509 I/Zygote  ( 1662): Calling ZygoteHooks.beginPreload()
06-19 09:09:33.517 D/ZygoteInitTiming_lazy( 1662): BeginPreload took to complete: 8ms
06-19 09:09:33.517 I/Zygote  ( 1662): Preloading classes...
06-19 09:09:33.517 W/Zygote  ( 1662): Class not found for preloading: android.app.-$$Lambda$ActivityThread$ZXDWm3IBeFmLnFVblhB-IOZCr9o
06-19 09:09:33.518 I/SettingsState( 1915): No settings state /data/system/users/0/settings_secure.xml
06-19 09:09:33.521 D/SettingsProvider( 1915): Generated and saved new ANDROID_ID [43068c2e6ba646a] for user 0
06-19 09:09:33.522 I/SettingsState( 1915): No settings state /data/system/users/0/settings_global.xml
06-19 09:09:33.528 D/SettingsProvider( 1915): Setting [com.google.android.gms/.autofill.service.AutofillService] as Autofill Service for user 0
06-19 09:09:33.535 I/SettingsState( 1915): No settings state /data/system/users/0/settings_config.xml
06-19 09:09:33.535 I/SettingsState( 1915): No settings state /data/system/users/0/settings_ssaid.xml
06-19 09:09:33.539 D/SystemServerTiming( 1915): InstallSystemProviders took to complete: 68ms
06-19 09:09:33.539 I/SystemServer( 1915): StartDropBoxManager
06-19 09:09:33.539 I/SystemServiceManager( 1915): Starting com.android.server.DropBoxManagerService
06-19 09:09:33.539 D/SystemServerTiming( 1915): StartDropBoxManager took to complete: 0ms
06-19 09:09:33.539 I/SystemServer( 1915): StartVibratorService
06-19 09:09:33.540 I/hwservicemanager( 1567): getTransport: Cannot find entry android.hardware.vibrator@1.0::IVibrator/default in either framework or device manifest.
06-19 09:09:33.540 I/hwservicemanager( 1567): getTransport: Cannot find entry android.hardware.vibrator@1.0::IVibrator/default in either framework or device manifest.
06-19 09:09:33.540 E/VibratorService( 1915): vibratorOff command failed (1).
06-19 09:09:33.540 I/hwservicemanager( 1567): getTransport: Cannot find entry android.hardware.vibrator@1.0::IVibrator/default in either framework or device manifest.
06-19 09:09:33.540 I/hwservicemanager( 1567): getTransport: Cannot find entry android.hardware.vibrator@1.3::IVibrator/default in either framework or device manifest.
06-19 09:09:33.541 D/SystemServerTiming( 1915): StartVibratorService took to complete: 2ms
06-19 09:09:33.541 I/SystemServer( 1915): StartDynamicSystemService
06-19 09:09:33.542 D/SystemServerTiming( 1915): StartDynamicSystemService took to complete: 1ms
06-19 09:09:33.542 I/SystemServer( 1915): StartConsumerIrService
06-19 09:09:33.543 I/hwservicemanager( 1567): getTransport: Cannot find entry android.hardware.ir@1.0::IConsumerIr/default in either framework or device manifest.
06-19 09:09:33.543 D/SystemServerTiming( 1915): StartConsumerIrService took to complete: 1ms
06-19 09:09:33.543 I/SystemServer( 1915): StartAlarmManagerService
06-19 09:09:33.544 D/AlarmManagerService( 1915): Kernel timezone updated to 0 minutes west of GMT
06-19 09:09:33.545 D/SystemServerTiming( 1915): StartAlarmManagerService took to complete: 2ms
06-19 09:09:33.545 I/SystemServer( 1915): StartInputManagerService
06-19 09:09:33.545 I/InputManager( 1915): Initializing input manager, mUseDevInputEventForAudioJack=true
06-19 09:09:33.546 I/InputClassifier( 1915): Deep press feature enabled.
06-19 09:09:33.546 I/hwservicemanager( 1567): getTransport: Cannot find entry android.hardware.input.classifier@1.0::IInputClassifier/default in either framework or device manifest.
06-19 09:09:33.547 D/SystemServerTiming( 1915): StartInputManagerService took to complete: 1ms
06-19 09:09:33.547 I/SystemServer( 1915): StartWindowManagerService
06-19 09:09:33.547 I/InputClassifier( 1915): Could not obtain InputClassifier HAL
06-19 09:09:33.548 I/WindowManager( 1915): No existing display settings, starting empty
06-19 09:09:33.550 I/WindowTracing( 1915): Setting window tracing log level to 1
06-19 09:09:33.551 I/WindowTracing( 1915): Setting window tracing buffer capacity to 2097152bytes
06-19 09:09:33.552 E/InputClassifier( 1915): InputClassifier HAL has died. Setting mMotionClassifier to null
06-19 09:09:33.553 D/SystemServerTiming( 1915): StartWindowManagerService took to complete: 6ms
06-19 09:09:33.553 I/SystemServer( 1915): SetWindowManagerService
06-19 09:09:33.557 I/DropBoxManagerService( 1915): add tag=system_server_strictmode isTagEnabled=true flags=0x2
06-19 09:09:33.561 W/Zygote  ( 1662): Class not found for preloading: android.bluetooth.BluetoothA2dp$2
06-19 09:09:33.566 I/PackageBackwardCompatibility( 1662): Could not find android.content.pm.AndroidTestBaseUpdater, ignoring
06-19 09:09:33.559 I/DropBoxManagerService( 1915): add tag=system_server_strictmode isTagEnabled=true flags=0x2
06-19 09:09:33.567 D/SystemServerTiming( 1915): SetWindowManagerService took to complete: 14ms
06-19 09:09:33.567 I/SystemServer( 1915): WindowManagerServiceOnInitReady
06-19 09:09:33.570 W/ShortcutManager( 1915): Unable to add bookmark: com.google.android.talk/com.google.android.talk.SigningInActivity
06-19 09:09:33.570 W/ShortcutManager( 1915): android.content.pm.PackageManager$NameNotFoundException: ComponentInfo{com.google.android.talk/com.google.android.talk.SigningInActivity}
06-19 09:09:33.570 W/ShortcutManager( 1915): 	at android.app.ApplicationPackageManager.getActivityInfo(ApplicationPackageManager.java:456)
06-19 09:09:33.570 W/ShortcutManager( 1915): 	at com.android.server.policy.ShortcutManager.loadShortcuts(ShortcutManager.java:142)
06-19 09:09:33.570 W/ShortcutManager( 1915): 	at com.android.server.policy.ShortcutManager.<init>(ShortcutManager.java:62)
06-19 09:09:33.570 W/ShortcutManager( 1915): 	at com.android.server.policy.PhoneWindowManager.init(PhoneWindowManager.java:1797)
06-19 09:09:33.570 W/ShortcutManager( 1915): 	at com.android.server.wm.WindowManagerService$5.run(WindowManagerService.java:988)
06-19 09:09:33.570 W/ShortcutManager( 1915): 	at android.os.Handler$BlockingRunnable.run(Handler.java:906)
06-19 09:09:33.570 W/ShortcutManager( 1915): 	at android.os.Handler.handleCallback(Handler.java:883)
06-19 09:09:33.570 W/ShortcutManager( 1915): 	at android.os.Handler.dispatchMessage(Handler.java:100)
06-19 09:09:33.570 W/ShortcutManager( 1915): 	at android.os.Looper.loop(Looper.java:214)
06-19 09:09:33.570 W/ShortcutManager( 1915): 	at android.os.HandlerThread.run(HandlerThread.java:67)
06-19 09:09:33.570 W/ShortcutManager( 1915): 	at com.android.server.ServiceThread.run(ServiceThread.java:44)
06-19 09:09:33.570 W/ShortcutManager( 1915): 	at com.android.server.UiThread.run(UiThread.java:43)
06-19 09:09:33.573 D/SystemServerTiming( 1915): WindowManagerServiceOnInitReady took to complete: 6ms
06-19 09:09:33.573 I/SystemServer( 1915): StartInputManager
06-19 09:09:33.573 D/SystemServerInitThreadPool( 1915): Started executing StartHidlServices
06-19 09:09:33.573 I/InputManager( 1915): Starting input manager
06-19 09:09:33.573 I/ServiceManagement( 1915): Registered android.frameworks.sensorservice@1.0::ISensorManager/default (start delay of 1779ms)
06-19 09:09:33.577 I/ServiceManagement( 1915): Registered android.frameworks.schedulerservice@1.0::ISchedulingPolicyService/default (start delay of 1783ms)
06-19 09:09:33.577 D/SystemServerTimingAsync( 1915): StartHidlServices took to complete: 4ms
06-19 09:09:33.577 D/SystemServerInitThreadPool( 1915): Finished executing StartHidlServices
06-19 09:09:33.577 D/SystemServerTiming( 1915): StartInputManager took to complete: 4ms
06-19 09:09:33.577 I/SystemServer( 1915): DisplayManagerWindowManagerAndInputReady
06-19 09:09:33.577 D/SystemServerTiming( 1915): DisplayManagerWindowManagerAndInputReady took to complete: 0ms
06-19 09:09:33.577 I/SystemServer( 1915): No Bluetooth Service (Bluetooth Hardware Not Present)
06-19 09:09:33.577 I/SystemServer( 1915): IpConnectivityMetrics
06-19 09:09:33.577 I/SystemServiceManager( 1915): Starting com.android.server.connectivity.IpConnectivityMetrics
06-19 09:09:33.579 D/SystemServerTiming( 1915): IpConnectivityMetrics took to complete: 2ms
06-19 09:09:33.579 I/SystemServer( 1915): NetworkWatchlistService
06-19 09:09:33.579 I/SystemServiceManager( 1915): Starting com.android.server.net.watchlist.NetworkWatchlistService$Lifecycle
06-19 09:09:33.583 I/WatchlistLoggingHandler( 1915): Start aggregating watchlist records.
06-19 09:09:33.584 D/SystemServerTiming( 1915): NetworkWatchlistService took to complete: 5ms
06-19 09:09:33.584 I/SystemServer( 1915): PinnerService
06-19 09:09:33.584 I/SystemServiceManager( 1915): Starting com.android.server.PinnerService
06-19 09:09:33.585 D/SystemServerTiming( 1915): PinnerService took to complete: 1ms
06-19 09:09:33.585 I/SystemServer( 1915): SignedConfigService
06-19 09:09:33.585 D/SystemServerTiming( 1915): SignedConfigService took to complete: 0ms
06-19 09:09:33.585 D/EventHub( 1915): No input device configuration file found for device 'Power Button'.
06-19 09:09:33.587 W/EventHub( 1915): Unable to disable kernel key repeat for /dev/input/event0: Function not implemented
06-19 09:09:33.587 I/EventHub( 1915): wakeMechanism=EPOLLWAKEUP, usingClockIoctl=true
06-19 09:09:33.587 I/EventHub( 1915): New device: id=1, fd=128, path='/dev/input/event0', name='Power Button', classes=0x1, configuration='', keyLayout='/system/usr/keylayout/Generic.kl', keyCharacterMap='/system/usr/keychars/Generic.kcm', builtinKeyboard=false, 
06-19 09:09:33.588 I/EventHub( 1915): wakeMechanism=EPOLLWAKEUP, usingClockIoctl=true
06-19 09:09:33.588 I/EventHub( 1915): New device: id=2, fd=129, path='/dev/input/event10', name='virtio_input_multi_touch_10', classes=0x94, configuration='/vendor/usr/idc/virtio_input_multi_touch_10.idc', keyLayout='', keyCharacterMap='', builtinKeyboard=false, 
06-19 09:09:33.588 I/EventHub( 1915): wakeMechanism=EPOLLWAKEUP, usingClockIoctl=true
06-19 09:09:33.588 I/EventHub( 1915): New device: id=3, fd=130, path='/dev/input/event7', name='virtio_input_multi_touch_7', classes=0x94, configuration='/vendor/usr/idc/virtio_input_multi_touch_7.idc', keyLayout='', keyCharacterMap='', builtinKeyboard=false, 
06-19 09:09:33.588 I/EventHub( 1915): wakeMechanism=EPOLLWAKEUP, usingClockIoctl=true
06-19 09:09:33.588 I/EventHub( 1915): New device: id=4, fd=131, path='/dev/input/event4', name='virtio_input_multi_touch_4', classes=0x94, configuration='/vendor/usr/idc/virtio_input_multi_touch_4.idc', keyLayout='', keyCharacterMap='', builtinKeyboard=false, 
06-19 09:09:33.589 I/EventHub( 1915): wakeMechanism=EPOLLWAKEUP, usingClockIoctl=true
06-19 09:09:33.589 I/EventHub( 1915): New device: id=5, fd=132, path='/dev/input/event8', name='virtio_input_multi_touch_8', classes=0x94, configuration='/vendor/usr/idc/virtio_input_multi_touch_8.idc', keyLayout='', keyCharacterMap='', builtinKeyboard=false, 
06-19 09:09:33.589 I/EventHub( 1915): wakeMechanism=EPOLLWAKEUP, usingClockIoctl=true
06-19 09:09:33.589 I/EventHub( 1915): New device: id=6, fd=133, path='/dev/input/event9', name='virtio_input_multi_touch_9', classes=0x94, configuration='/vendor/usr/idc/virtio_input_multi_touch_9.idc', keyLayout='', keyCharacterMap='', builtinKeyboard=false, 
06-19 09:09:33.589 I/EventHub( 1915): wakeMechanism=EPOLLWAKEUP, usingClockIoctl=true
06-19 09:09:33.589 I/EventHub( 1915): New device: id=7, fd=134, path='/dev/input/event13', name='goldfish_rotary', classes=0x1000, configuration='/vendor/usr/idc/goldfish_rotary.idc', keyLayout='', keyCharacterMap='', builtinKeyboard=false, 
06-19 09:09:33.589 I/EventHub( 1915): wakeMechanism=EPOLLWAKEUP, usingClockIoctl=true
06-19 09:09:33.589 I/EventHub( 1915): New device: id=8, fd=135, path='/dev/input/event1', name='virtio_input_multi_touch_1', classes=0x94, configuration='/vendor/usr/idc/virtio_input_multi_touch_1.idc', keyLayout='', keyCharacterMap='', builtinKeyboard=false, 
06-19 09:09:33.590 I/EventHub( 1915): wakeMechanism=EPOLLWAKEUP, usingClockIoctl=true
06-19 09:09:33.590 I/EventHub( 1915): New device: id=9, fd=136, path='/dev/input/event11', name='virtio_input_multi_touch_11', classes=0x94, configuration='/vendor/usr/idc/virtio_input_multi_touch_11.idc', keyLayout='', keyCharacterMap='', builtinKeyboard=false, 
06-19 09:09:33.590 I/EventHub( 1915): wakeMechanism=EPOLLWAKEUP, usingClockIoctl=true
06-19 09:09:33.590 I/EventHub( 1915): New device: id=10, fd=137, path='/dev/input/event5', name='virtio_input_multi_touch_5', classes=0x94, configuration='/vendor/usr/idc/virtio_input_multi_touch_5.idc', keyLayout='', keyCharacterMap='', builtinKeyboard=false, 
06-19 09:09:33.590 I/EventHub( 1915): wakeMechanism=EPOLLWAKEUP, usingClockIoctl=true
06-19 09:09:33.590 I/EventHub( 1915): New device: id=11, fd=138, path='/dev/input/event2', name='virtio_input_multi_touch_2', classes=0x94, configuration='/vendor/usr/idc/virtio_input_multi_touch_2.idc', keyLayout='', keyCharacterMap='', builtinKeyboard=false, 
06-19 09:09:33.591 I/EventHub( 1915): wakeMechanism=EPOLLWAKEUP, usingClockIoctl=true
06-19 09:09:33.591 I/EventHub( 1915): New device: id=12, fd=139, path='/dev/input/event6', name='virtio_input_multi_touch_6', classes=0x94, configuration='/vendor/usr/idc/virtio_input_multi_touch_6.idc', keyLayout='', keyCharacterMap='', builtinKeyboard=false, 
06-19 09:09:33.591 I/EventHub( 1915): wakeMechanism=EPOLLWAKEUP, usingClockIoctl=true
06-19 09:09:33.591 I/EventHub( 1915): New device: id=13, fd=140, path='/dev/input/event3', name='virtio_input_multi_touch_3', classes=0x94, configuration='/vendor/usr/idc/virtio_input_multi_touch_3.idc', keyLayout='', keyCharacterMap='', builtinKeyboard=false, 
06-19 09:09:33.591 D/EventHub( 1915): No input device configuration file found for device 'AT Translated Set 2 keyboard'.
06-19 09:09:33.592 I/EventHub( 1915): wakeMechanism=EPOLLWAKEUP, usingClockIoctl=true
06-19 09:09:33.592 I/EventHub( 1915): New device: id=14, fd=141, path='/dev/input/event12', name='AT Translated Set 2 keyboard', classes=0x3, configuration='', keyLayout='/system/usr/keylayout/Generic.kl', keyCharacterMap='/system/usr/keychars/Generic.kcm', builtinKeyboard=false, 
06-19 09:09:33.592 I/InputReader( 1915): Device added: id=-1, name='Virtual', sources=0x00000301
06-19 09:09:33.593 I/InputReader( 1915): Device added: id=14, name='AT Translated Set 2 keyboard', sources=0x00000101
06-19 09:09:33.593 I/InputReader( 1915): Touch device 'virtio_input_multi_touch_3' could not query the properties of its associated display.  The device will be inoperable until the display size becomes available.
06-19 09:09:33.593 I/InputReader( 1915): Device added: id=13, name='virtio_input_multi_touch_3', sources=0x80005002
06-19 09:09:33.593 I/InputReader( 1915): Touch device 'virtio_input_multi_touch_6' could not query the properties of its associated display.  The device will be inoperable until the display size becomes available.
06-19 09:09:33.593 I/InputReader( 1915): Device added: id=12, name='virtio_input_multi_touch_6', sources=0x80005002
06-19 09:09:33.593 I/InputReader( 1915): Touch device 'virtio_input_multi_touch_2' could not query the properties of its associated display.  The device will be inoperable until the display size becomes available.
06-19 09:09:33.593 I/InputReader( 1915): Device added: id=11, name='virtio_input_multi_touch_2', sources=0x80005002
06-19 09:09:33.593 I/InputReader( 1915): Touch device 'virtio_input_multi_touch_5' could not query the properties of its associated display.  The device will be inoperable until the display size becomes available.
06-19 09:09:33.593 I/InputReader( 1915): Device added: id=10, name='virtio_input_multi_touch_5', sources=0x80005002
06-19 09:09:33.593 I/InputReader( 1915): Touch device 'virtio_input_multi_touch_11' could not query the properties of its associated display.  The device will be inoperable until the display size becomes available.
06-19 09:09:33.593 I/InputReader( 1915): Device added: id=9, name='virtio_input_multi_touch_11', sources=0x80005002
06-19 09:09:33.593 I/InputReader( 1915): Touch device 'virtio_input_multi_touch_1' could not query the properties of its associated display.  The device will be inoperable until the display size becomes available.
06-19 09:09:33.593 I/InputReader( 1915): Device added: id=8, name='virtio_input_multi_touch_1', sources=0x80005002
06-19 09:09:33.593 I/InputReader( 1915): Device added: id=7, name='goldfish_rotary', sources=0x00400000
06-19 09:09:33.593 I/InputReader( 1915): Touch device 'virtio_input_multi_touch_9' could not query the properties of its associated display.  The device will be inoperable until the display size becomes available.
06-19 09:09:33.593 I/InputReader( 1915): Device added: id=6, name='virtio_input_multi_touch_9', sources=0x80005002
06-19 09:09:33.593 I/InputReader( 1915): Touch device 'virtio_input_multi_touch_8' could not query the properties of its associated display.  The device will be inoperable until the display size becomes available.
06-19 09:09:33.593 I/InputReader( 1915): Device added: id=5, name='virtio_input_multi_touch_8', sources=0x80005002
06-19 09:09:33.593 I/InputReader( 1915): Touch device 'virtio_input_multi_touch_4' could not query the properties of its associated display.  The device will be inoperable until the display size becomes available.
06-19 09:09:33.593 I/InputReader( 1915): Device added: id=4, name='virtio_input_multi_touch_4', sources=0x80005002
06-19 09:09:33.593 I/InputReader( 1915): Touch device 'virtio_input_multi_touch_7' could not query the properties of its associated display.  The device will be inoperable until the display size becomes available.
06-19 09:09:33.593 I/InputReader( 1915): Device added: id=3, name='virtio_input_multi_touch_7', sources=0x80005002
06-19 09:09:33.593 I/InputReader( 1915): Touch device 'virtio_input_multi_touch_10' could not query the properties of its associated display.  The device will be inoperable until the display size becomes available.
06-19 09:09:33.593 I/InputReader( 1915): Device added: id=2, name='virtio_input_multi_touch_10', sources=0x80005002
06-19 09:09:33.593 I/InputReader( 1915): Device added: id=1, name='Power Button', sources=0x00000101
06-19 09:09:33.602 I/WindowManager( 1915): SAFE MODE not enabled
06-19 09:09:33.602 I/SystemServer( 1915): StartInputMethodManagerLifecycle
06-19 09:09:33.602 I/SystemServiceManager( 1915): Starting com.android.server.inputmethod.InputMethodManagerService$Lifecycle
06-19 09:09:33.608 D/SystemServerTiming( 1915): StartInputMethodManagerLifecycle took to complete: 6ms
06-19 09:09:33.608 I/SystemServer( 1915): StartAccessibilityManagerService
06-19 09:09:33.608 I/SystemServiceManager( 1915): Starting com.android.server.accessibility.AccessibilityManagerService$Lifecycle
06-19 09:09:33.609 D/SystemServerTiming( 1915): StartAccessibilityManagerService took to complete: 1ms
06-19 09:09:33.609 I/SystemServer( 1915): MakeDisplayReady
06-19 09:09:33.609 W/InputReader( 1915): Device has associated, but no associated display id.
06-19 09:09:33.610 I/ActivityTaskManager( 1915): Config changes=20005df8 {1.0 ?mcc?mnc [en_US] ldltr sw320dp w320dp h616dp 160dpi nrml long port ?uimode ?night finger qwerty/v/v -nav/h winConfig={ mBounds=Rect(0, 0 - 320, 640) mAppBounds=Rect(0, 0 - 320, 640) mWindowingMode=fullscreen mDisplayWindowingMode=fullscreen mActivityType=undefined mAlwaysOnTop=undefined mRotation=ROTATION_0} s.2}
06-19 09:09:33.611 I/ActivityTaskManager( 1915): Override config changes=60007dfc {1.0 ?mcc?mnc [en_US] ldltr sw320dp w320dp h616dp 160dpi nrml long port ?uimode ?night finger qwerty/v/v -nav/h winConfig={ mBounds=Rect(0, 0 - 320, 640) mAppBounds=Rect(0, 0 - 320, 640) mWindowingMode=fullscreen mDisplayWindowingMode=fullscreen mActivityType=undefined mAlwaysOnTop=undefined mRotation=ROTATION_0} s.2} for displayId=0
06-19 09:09:33.609 I/chatty  ( 1915): uid=1000 system_server identical 9 lines
06-19 09:09:33.609 W/InputReader( 1915): Device has associated, but no associated display id.
06-19 09:09:33.620 I/InputManager-JNI( 1915): Viewport [0] to add: local:0
06-19 09:09:33.620 I/InputReader( 1915): Reconfiguring input devices.  changes=0x00000004
06-19 09:09:33.620 I/InputReader( 1915): Touch device 'virtio_input_multi_touch_10' could not query the properties of its associated display.  The device will be inoperable until the display size becomes available.
06-19 09:09:33.620 I/InputReader( 1915): Touch device 'virtio_input_multi_touch_7' could not query the properties of its associated display.  The device will be inoperable until the display size becomes available.
06-19 09:09:33.620 I/InputReader( 1915): Touch device 'virtio_input_multi_touch_4' could not query the properties of its associated display.  The device will be inoperable until the display size becomes available.
06-19 09:09:33.620 I/InputReader( 1915): Touch device 'virtio_input_multi_touch_8' could not query the properties of its associated display.  The device will be inoperable until the display size becomes available.
06-19 09:09:33.620 I/InputReader( 1915): Touch device 'virtio_input_multi_touch_9' could not query the properties of its associated display.  The device will be inoperable until the display size becomes available.
06-19 09:09:33.620 I/InputReader( 1915): Device reconfigured: id=8, name='virtio_input_multi_touch_1', size 320x640, orientation 0, mode 1, display id 0
06-19 09:09:33.620 I/InputReader( 1915): Touch device 'virtio_input_multi_touch_11' could not query the properties of its associated display.  The device will be inoperable until the display size becomes available.
06-19 09:09:33.620 I/InputReader( 1915): Touch device 'virtio_input_multi_touch_5' could not query the properties of its associated display.  The device will be inoperable until the display size becomes available.
06-19 09:09:33.620 I/InputReader( 1915): Touch device 'virtio_input_multi_touch_2' could not query the properties of its associated display.  The device will be inoperable until the display size becomes available.
06-19 09:09:33.620 I/InputReader( 1915): Touch device 'virtio_input_multi_touch_6' could not query the properties of its associated display.  The device will be inoperable until the display size becomes available.
