06-19 09:09:34.398 D/AutofillManagerService( 1915): setLogLevelFromSettings(): level=2, debug=true, verbose=false
06-19 09:09:34.398 D/AutofillManagerService( 1915): setMaxPartitionsFromSettings(): 10
06-19 09:09:34.398 D/AutofillManagerService( 1915): setMaxVisibleDatasetsFromSettings(): 0
06-19 09:09:34.399 E/AutofillManagerServiceImpl( 1915): Bad service name: com.google.android.gms/.autofill.service.AutofillService
06-19 09:09:34.399 D/AutofillManagerServiceImpl( 1915): Reset component for user 0:com.google.android.gms/.autofill.service.AutofillService
06-19 09:09:34.399 D/AutofillUI( 1915): destroySaveUiUiThread(): already destroyed
06-19 09:09:34.399 D/SystemServerTiming( 1915): StartAutoFillService took to complete: 2ms
06-19 09:09:34.399 I/SystemServer( 1915): StartClipboardService
06-19 09:09:34.399 I/SystemServiceManager( 1915): Starting com.android.server.clipboard.ClipboardService
06-19 09:09:34.400 D/SystemServerTiming( 1915): StartClipboardService took to complete: 1ms
06-19 09:09:34.400 I/SystemServer( 1915): AppServiceManager
06-19 09:09:34.400 I/SystemServiceManager( 1915): Starting com.android.server.appbinding.AppBindingService$Lifecycle
06-19 09:09:34.400 D/SystemServerTiming( 1915): AppServiceManager took to complete: 0ms
06-19 09:09:34.400 I/SystemServer( 1915): MakeVibratorServiceReady
06-19 09:09:34.401 D/SystemServerTiming( 1915): MakeVibratorServiceReady took to complete: 1ms
06-19 09:09:34.401 I/SystemServer( 1915): MakeLockSettingsServiceReady
06-19 09:09:34.415 I/LockSettingsService( 1915): Migrated lock settings to new location
06-19 09:09:34.417 I/LockSettingsService( 1915): Migrated per-user lock settings to new location
06-19 09:09:34.420 I/LockSettingsService( 1915): Migrated biometric weak to use the fallback instead
06-19 09:09:34.422 I/LockSettingsService( 1915): Migrated lockscreen disabled flag
06-19 09:09:34.424 I/hwservicemanager( 1567): getTransport: Cannot find entry android.hardware.weaver@1.0::IWeaver/default in either framework or device manifest.
06-19 09:09:34.424 I/SyntheticPasswordManager( 1915): Device does not support weaver
06-19 09:09:34.424 I/hwservicemanager( 1567): getTransport: Cannot find entry android.hardware.authsecret@1.0::IAuthSecret/default in either framework or device manifest.
06-19 09:09:34.425 I/LockSettingsService( 1915): Device doesn't implement AuthSecret HAL
06-19 09:09:34.425 E/LockSettingsStorage( 1915): Cannot read file java.io.FileNotFoundException: /data/system/gatekeeper.password.key: open failed: ENOENT (No such file or directory)
06-19 09:09:34.425 E/LockSettingsStorage( 1915): Cannot read file java.io.FileNotFoundException: /data/system/password.key: open failed: ENOENT (No such file or directory)
06-19 09:09:34.425 E/LockSettingsStorage( 1915): Cannot read file java.io.FileNotFoundException: /data/system/gatekeeper.pattern.key: open failed: ENOENT (No such file or directory)
06-19 09:09:34.426 E/LockSettingsStorage( 1915): Cannot read file java.io.FileNotFoundException: /data/system/gatekeeper.gesture.key: open failed: ENOENT (No such file or directory)
06-19 09:09:34.426 E/LockSettingsStorage( 1915): Cannot read file java.io.FileNotFoundException: /data/system/gesture.key: open failed: ENOENT (No such file or directory)
06-19 09:09:34.426 D/SystemServerTiming( 1915): MakeLockSettingsServiceReady took to complete: 25ms
06-19 09:09:34.426 I/SystemServer( 1915): StartBootPhaseLockSettingsReady
06-19 09:09:34.426 I/SystemServiceManager( 1915): Starting phase 480
06-19 09:09:34.429 D/SystemServerInitThreadPool( 1915): Started executing DevicePolicyManager
06-19 09:09:34.429 D/SystemServerInitThreadPool( 1915): Finished executing DevicePolicyManager
06-19 09:09:34.431 D/SystemServerTiming( 1915): StartBootPhaseLockSettingsReady took to complete: 5ms
06-19 09:09:34.431 I/SystemServer( 1915): StartBootPhaseSystemServicesReady
06-19 09:09:34.431 I/SystemServiceManager( 1915): Starting phase 500
06-19 09:09:34.432 D/AppStandbyController( 1915): Setting app idle enabled state
06-19 09:09:34.433 D/AppStandbyController( 1915): Initializing defaults for system apps on user 0, appIdleEnabled=true
06-19 09:09:34.434 E/AppIdleHistory( 1915): Unable to read app idle file for user 0
06-19 09:09:34.441 D/TestHarnessModeService( 1915): Setting up test harness mode
06-19 09:09:34.441 D/TestHarnessModeService( 1915): Getting PersistentDataBlockManagerInternal from LocalServices
06-19 09:09:34.441 E/TestHarnessModeService( 1915): Failed to start Test Harness Mode; no implementation of PersistentDataBlockManagerInternal was bound!
06-19 09:09:34.443 I/WifiService( 1915): WifiService starting up with Wi-Fi enabled
06-19 09:09:34.445 I/android_os_HwBinder( 1915): HwBinder: Starting thread pool for getting: android.hidl.manager@1.2::IServiceManager/default
06-19 09:09:34.446 D/HalDevMgr( 1915): IWifi registration notification: fqName=android.hardware.wifi@1.0::IWifi, name=default, preexisting=true
06-19 09:09:34.447 I/android_os_HwBinder( 1915): HwBinder: Starting thread pool for getting: android.hardware.wifi@1.0::IWifi/default
06-19 09:09:34.448 D/WificondControl( 1915): tearing down interfaces in wificond
06-19 09:09:34.451 D/WifiController( 1915): isAirplaneModeOn = false, isWifiEnabled = true, isScanningAvailable = true, isLocationModeActive = true
06-19 09:09:34.451 I/WifiService( 1915): setWifiEnabled package=android uid=1000 enable=true
06-19 09:09:34.451 I/WifiScanningService( 1915): Starting wifiscanner
06-19 09:09:34.461 D/PermissionCache( 1702): checking android.permission.CAPTURE_AUDIO_HOTWORD for uid=1000 => granted (106 us)
06-19 09:09:34.461 W/SoundTriggerHelper( 1915): listModules status=0, # of modules=0
06-19 09:09:34.461 D/ContextHubSystemService( 1915): onBootPhase: PHASE_SYSTEM_SERVICES_READY
06-19 09:09:34.462 D/SystemServerTiming( 1915): StartBootPhaseSystemServicesReady took to complete: 31ms
06-19 09:09:34.462 I/SystemServer( 1915): MakeWindowManagerServiceReady
06-19 09:09:34.463 I/android_os_HwBinder( 1915): HwBinder: Starting thread pool for getting: android.hardware.configstore@1.0::ISurfaceFlingerConfigs/default
06-19 09:09:34.464 D/SystemServerTiming( 1915): MakeWindowManagerServiceReady took to complete: 2ms
06-19 09:09:34.464 I/android_os_HwBinder( 1915): HwBinder: Starting thread pool for getting: android.hardware.configstore@1.0::ISurfaceFlingerConfigs/default
06-19 09:09:34.464 W/InputReader( 1915): Device has associated, but no associated display id.
06-19 09:09:34.465 I/SystemServer( 1915): MakePowerManagerServiceReady
06-19 09:09:34.466 E/DisplayPowerController( 1915): failed to set up display white-balance: java.lang.IllegalStateException: cannot find sensor com.google.sensor.color
06-19 09:09:34.468 W/KeyguardServiceDelegate( 1915): onScreenTurningOn(): no keyguard service!
06-19 09:09:34.468 V/DisplayPowerController( 1915): Brightness [102] reason changing to: 'override', previous reason: '0'.
06-19 09:09:34.469 E/KernelCpuUidFreqTimeReader( 1915): Failed to read /proc/uid_time_in_state: java.nio.file.NoSuchFileException: /proc/uid_time_in_state
06-19 09:09:34.470 D/SystemServerTiming( 1915): MakePowerManagerServiceReady took to complete: 5ms
06-19 09:09:34.470 I/SystemServer( 1915): MakePackageManagerServiceReady
06-19 09:09:34.471 W/KernelCpuProcStringReader( 1915): File not found. It's normal if not implemented: /proc/uid_time_in_state
06-19 09:09:34.471 W/KernelCpuProcStringReader( 1915): File not found. It's normal if not implemented: /proc/uid_concurrent_active_time
06-19 09:09:34.471 W/KernelCpuProcStringReader( 1915): File not found. It's normal if not implemented: /proc/uid_concurrent_policy_time
06-19 09:09:34.464 I/chatty  ( 1915): uid=1000 system_server identical 8 lines
06-19 09:09:34.464 W/InputReader( 1915): Device has associated, but no associated display id.
06-19 09:09:34.472 I/DefaultPermGrantPolicy( 1915): Granting permissions to platform components for user 0
06-19 09:09:34.475 D/vold    ( 1574): Remounting 1001 as mode default
06-19 09:09:34.476 D/vold    ( 1574): Found matching PID 1764
06-19 09:09:34.476 W/vold    ( 1574): Skipping due to root namespace
06-19 09:09:34.477 D/vold    ( 1574): Remounting 1001 as mode default
06-19 09:09:34.477 D/vold    ( 1574): Found matching PID 1764
06-19 09:09:34.477 W/vold    ( 1574): Skipping due to root namespace
06-19 09:09:34.478 D/vold    ( 1574): Remounting 1001 as mode default
06-19 09:09:34.478 D/vold    ( 1574): Found matching PID 1764
06-19 09:09:34.478 W/vold    ( 1574): Skipping due to root namespace
06-19 09:09:34.478 D/vold    ( 1574): Remounting 1001 as mode default
06-19 09:09:34.479 D/vold    ( 1574): Found matching PID 1764
06-19 09:09:34.479 W/vold    ( 1574): Skipping due to root namespace
06-19 09:09:34.484 D/vold    ( 1574): Remounting 1027 as mode default
06-19 09:09:34.487 I/chatty  ( 1574): uid=0(root) Binder:1574_2 identical 2 lines
06-19 09:09:34.494 D/vold    ( 1574): Remounting 1027 as mode default
06-19 09:09:34.497 D/vold    ( 1574): Remounting 1000 as mode full
06-19 09:09:34.497 D/vold    ( 1574): Found matching PID 1566
06-19 09:09:34.497 W/vold    ( 1574): Skipping due to root namespace
06-19 09:09:34.497 D/vold    ( 1574): Found matching PID 1567
06-19 09:09:34.497 W/vold    ( 1574): Skipping due to root namespace
06-19 09:09:34.497 D/vold    ( 1574): Found matching PID 1568
06-19 09:09:34.497 W/vold    ( 1574): Skipping due to root namespace
06-19 09:09:34.497 D/vold    ( 1574): Found matching PID 1665
06-19 09:09:34.497 W/vold    ( 1574): Skipping due to root namespace
06-19 09:09:34.497 D/vold    ( 1574): Found matching PID 1666
06-19 09:09:34.497 W/vold    ( 1574): Skipping due to root namespace
06-19 09:09:34.498 D/vold    ( 1574): Found matching PID 1685
06-19 09:09:34.498 W/vold    ( 1574): Skipping due to root namespace
06-19 09:09:34.498 D/vold    ( 1574): Found matching PID 1689
06-19 09:09:34.498 W/vold    ( 1574): Skipping due to root namespace
06-19 09:09:34.498 D/vold    ( 1574): Found matching PID 1691
06-19 09:09:34.498 W/vold    ( 1574): Skipping due to root namespace
06-19 09:09:34.498 D/vold    ( 1574): Found matching PID 1692
06-19 09:09:34.498 W/vold    ( 1574): Skipping due to root namespace
06-19 09:09:34.498 D/vold    ( 1574): Found matching PID 1693
06-19 09:09:34.498 W/vold    ( 1574): Skipping due to root namespace
06-19 09:09:34.498 D/vold    ( 1574): Found matching PID 1694
06-19 09:09:34.498 W/vold    ( 1574): Skipping due to root namespace
06-19 09:09:34.498 D/vold    ( 1574): Found matching PID 1695
06-19 09:09:34.498 W/vold    ( 1574): Skipping due to root namespace
06-19 09:09:34.498 D/vold    ( 1574): Found matching PID 1696
06-19 09:09:34.498 W/vold    ( 1574): Skipping due to root namespace
06-19 09:09:34.498 D/vold    ( 1574): Found matching PID 1710
06-19 09:09:34.498 W/vold    ( 1574): Skipping due to root namespace
06-19 09:09:34.498 D/vold    ( 1574): Found matching PID 1747
06-19 09:09:34.498 W/vold    ( 1574): Skipping due to root namespace
06-19 09:09:34.498 D/vold    ( 1574): Found matching PID 1773
06-19 09:09:34.498 W/vold    ( 1574): Skipping due to root namespace
06-19 09:09:34.498 D/vold    ( 1574): Found matching PID 1777
06-19 09:09:34.498 W/vold    ( 1574): Skipping due to root namespace
06-19 09:09:34.498 D/vold    ( 1574): Found matching PID 1915
06-19 09:09:34.502 I/AccountsDb( 1915): Creating DE database for user 0
06-19 09:09:34.523 I/DropBoxManagerService( 1915): add tag=system_server_strictmode isTagEnabled=true flags=0x2
06-19 09:09:34.525 D/vold    ( 1574): Remounting 1000 as mode full
06-19 09:09:34.526 D/vold    ( 1574): Found matching PID 1566
06-19 09:09:34.526 W/vold    ( 1574): Skipping due to root namespace
06-19 09:09:34.526 D/vold    ( 1574): Found matching PID 1567
06-19 09:09:34.526 W/vold    ( 1574): Skipping due to root namespace
06-19 09:09:34.526 D/vold    ( 1574): Found matching PID 1568
06-19 09:09:34.526 W/vold    ( 1574): Skipping due to root namespace
06-19 09:09:34.526 D/vold    ( 1574): Found matching PID 1665
06-19 09:09:34.526 W/vold    ( 1574): Skipping due to root namespace
06-19 09:09:34.526 D/vold    ( 1574): Found matching PID 1666
06-19 09:09:34.526 W/vold    ( 1574): Skipping due to root namespace
06-19 09:09:34.526 D/vold    ( 1574): Found matching PID 1685
06-19 09:09:34.526 W/vold    ( 1574): Skipping due to root namespace
06-19 09:09:34.526 D/vold    ( 1574): Found matching PID 1689
06-19 09:09:34.526 W/vold    ( 1574): Skipping due to root namespace
06-19 09:09:34.526 D/vold    ( 1574): Found matching PID 1691
06-19 09:09:34.526 W/vold    ( 1574): Skipping due to root namespace
06-19 09:09:34.526 D/vold    ( 1574): Found matching PID 1692
06-19 09:09:34.526 W/vold    ( 1574): Skipping due to root namespace
06-19 09:09:34.526 D/vold    ( 1574): Found matching PID 1693
06-19 09:09:34.526 W/vold    ( 1574): Skipping due to root namespace
06-19 09:09:34.526 D/vold    ( 1574): Found matching PID 1694
06-19 09:09:34.526 W/vold    ( 1574): Skipping due to root namespace
06-19 09:09:34.526 D/vold    ( 1574): Found matching PID 1695
06-19 09:09:34.526 W/vold    ( 1574): Skipping due to root namespace
06-19 09:09:34.526 D/vold    ( 1574): Found matching PID 1696
06-19 09:09:34.526 W/vold    ( 1574): Skipping due to root namespace
06-19 09:09:34.527 D/vold    ( 1574): Found matching PID 1710
06-19 09:09:34.527 W/vold    ( 1574): Skipping due to root namespace
06-19 09:09:34.527 D/vold    ( 1574): Found matching PID 1747
06-19 09:09:34.527 W/vold    ( 1574): Skipping due to root namespace
06-19 09:09:34.527 D/vold    ( 1574): Found matching PID 1773
06-19 09:09:34.527 W/vold    ( 1574): Skipping due to root namespace
06-19 09:09:34.527 D/vold    ( 1574): Found matching PID 1777
06-19 09:09:34.527 W/vold    ( 1574): Skipping due to root namespace
06-19 09:09:34.527 D/vold    ( 1574): Found matching PID 1915
06-19 09:09:34.528 D/WifiController( 1915): WifiController msg { when=-74ms what=155656 target=com.android.internal.util.StateMachine$SmHandler } deferred for 499ms
06-19 09:09:34.528 D/WifiActiveModeWarden( 1915): received a message in WifiDisabledState: { when=-4ms what=1 target=com.android.internal.util.StateMachine$SmHandler }
06-19 09:09:34.528 D/WifiActiveModeWarden( 1915): Switching from WifiDisabledState to ScanOnlyMode
06-19 09:09:34.528 D/WifiActiveModeWarden( 1915): Entering ScanOnlyModeActiveState
06-19 09:09:34.530 D/WifiScanOnlyModeManager( 1915): entering IdleState
06-19 09:09:34.531 I/android.hardware.wifi@1.0-service( 1697): Wifi HAL started
06-19 09:09:34.532 I/DropBoxManagerService( 1915): add tag=system_server_strictmode isTagEnabled=true flags=0x2
06-19 09:09:34.532 I/WifiVendorHal( 1915): Vendor Hal started successfully
06-19 09:09:34.536 I/chatty  ( 1915): uid=1000(system) android.io identical 3 lines
06-19 09:09:34.538 I/DropBoxManagerService( 1915): add tag=system_server_strictmode isTagEnabled=true flags=0x2
06-19 09:09:34.540 I/android.hardware.wifi@1.0-service( 1697): Adding interface handle for wlan0
06-19 09:09:34.541 W/android.hardware.wifi@1.0-service( 1697): No active wlan interfaces in use! Using default
06-19 09:09:34.541 E/android.hardware.wifi@1.0-service( 1697): Failed to register radio mode change callback
06-19 09:09:34.541 W/android.hardware.wifi@1.0-service( 1697): No active wlan interfaces in use! Using default
06-19 09:09:34.548 I/DropBoxManagerService( 1915): add tag=system_server_strictmode isTagEnabled=true flags=0x2
06-19 09:09:34.552 W/libc    ( 1697): Unable to set property "vendor.wlan.firmware.version" to "1.0": error code: 0x18
06-19 09:09:34.562 W/libc    ( 1697): Unable to set property "vendor.wlan.driver.version" to "1.0": error code: 0x18
06-19 09:09:34.555 I/chatty  ( 1915): uid=1000(system) android.io identical 2 lines
06-19 09:09:34.556 I/DropBoxManagerService( 1915): add tag=system_server_strictmode isTagEnabled=true flags=0x2
06-19 09:09:34.562 I/android.hardware.wifi@1.0-service( 1697): Configured chip in mode 0
06-19 09:09:34.562 W/android.hardware.wifi@1.0-service( 1697): No active wlan interfaces in use! Using default
06-19 09:09:34.563 D/HalDevMgr( 1915): updateRttController: no one is interested in RTT controllers
06-19 09:09:34.563 E/android.hardware.wifi@1.0-service( 1697): Failed to set DFS flag; DFS channels may be unavailable.
06-19 09:09:34.565 I/WifiP2pNative( 1915): Registering for interface available listener
06-19 09:09:34.565 D/WifiP2pNative( 1915): P2P InterfaceAvailableListener true
06-19 09:09:34.566 D/WifiP2pService( 1915): Wifi enabled=false, P2P Interface availability=true, Number of clients=0
06-19 09:09:34.566 D/WifiP2pService( 1915): Wifi enabled=false, P2P Interface availability=true
06-19 09:09:34.568 D/WificondControl( 1915): Setting up interface for client mode
06-19 09:09:34.568 D/vold    ( 1574): Remounting 1000 as mode full
06-19 09:09:34.568 D/vold    ( 1574): Found matching PID 1566
06-19 09:09:34.568 W/vold    ( 1574): Skipping due to root namespace
06-19 09:09:34.568 D/vold    ( 1574): Found matching PID 1567
06-19 09:09:34.568 W/vold    ( 1574): Skipping due to root namespace
06-19 09:09:34.569 D/vold    ( 1574): Found matching PID 1568
06-19 09:09:34.569 W/vold    ( 1574): Skipping due to root namespace
06-19 09:09:34.569 D/vold    ( 1574): Found matching PID 1665
06-19 09:09:34.569 W/vold    ( 1574): Skipping due to root namespace
06-19 09:09:34.569 D/vold    ( 1574): Found matching PID 1666
06-19 09:09:34.569 W/vold    ( 1574): Skipping due to root namespace
06-19 09:09:34.569 D/vold    ( 1574): Found matching PID 1685
06-19 09:09:34.569 W/vold    ( 1574): Skipping due to root namespace
06-19 09:09:34.569 D/vold    ( 1574): Found matching PID 1689
06-19 09:09:34.569 W/vold    ( 1574): Skipping due to root namespace
06-19 09:09:34.569 D/vold    ( 1574): Found matching PID 1691
06-19 09:09:34.569 W/vold    ( 1574): Skipping due to root namespace
06-19 09:09:34.569 D/vold    ( 1574): Found matching PID 1692
06-19 09:09:34.569 W/vold    ( 1574): Skipping due to root namespace
06-19 09:09:34.569 D/vold    ( 1574): Found matching PID 1693
06-19 09:09:34.569 W/vold    ( 1574): Skipping due to root namespace
06-19 09:09:34.569 D/vold    ( 1574): Found matching PID 1694
06-19 09:09:34.569 W/vold    ( 1574): Skipping due to root namespace
06-19 09:09:34.569 D/vold    ( 1574): Found matching PID 1695
06-19 09:09:34.569 W/vold    ( 1574): Skipping due to root namespace
06-19 09:09:34.569 D/vold    ( 1574): Found matching PID 1696
06-19 09:09:34.569 W/vold    ( 1574): Skipping due to root namespace
06-19 09:09:34.569 D/vold    ( 1574): Found matching PID 1710
06-19 09:09:34.569 W/vold    ( 1574): Skipping due to root namespace
06-19 09:09:34.569 D/vold    ( 1574): Found matching PID 1747
06-19 09:09:34.569 W/vold    ( 1574): Skipping due to root namespace
06-19 09:09:34.569 D/vold    ( 1574): Found matching PID 1773
06-19 09:09:34.569 W/vold    ( 1574): Skipping due to root namespace
06-19 09:09:34.569 D/vold    ( 1574): Found matching PID 1777
06-19 09:09:34.569 W/vold    ( 1574): Skipping due to root namespace
06-19 09:09:34.569 D/vold    ( 1574): Found matching PID 1915
06-19 09:09:34.571 I/wificond( 1762): create scanner for interface with index: 3
06-19 09:09:34.571 I/wificond( 1762): subscribe scan result for interface with index: 3
06-19 09:09:34.571 I/hwservicemanager( 1567): getTransport: Cannot find entry android.hardware.wifi.offload@1.0::IOffload/default in either framework or device manifest.
06-19 09:09:34.571 E/wificond( 1762): No Offload Service available
06-19 09:09:34.572 I/wificond( 1762): Offload HAL not supported 
06-19 09:09:34.573 I/netd    ( 1660): interfaceGetCfg("wlan0") <0.22ms>
06-19 09:09:34.573 I/WifiNative( 1915): Interface state changed on Iface:{Name=wlan0,Id=0,Type=STA_SCAN}, isUp=true
06-19 09:09:34.573 I/WifiNative( 1915): Successfully setup Iface:{Name=wlan0,Id=0,Type=STA_SCAN}
06-19 09:09:34.573 E/SupplicantStaIfaceHal( 1915): checkHalVersionByInterfaceName: called but mServiceManager is null
06-19 09:09:34.573 E/SupplicantStaIfaceHal( 1915): Method getKeyMgmtCapabilities is not supported in existing HAL
06-19 09:09:34.575 D/WifiScanOnlyModeManager( 1915): entering StartedState
06-19 09:09:34.575 I/netd    ( 1660): interfaceGetCfg("wlan0") <0.09ms>
06-19 09:09:34.575 D/WifiScanOnlyModeManager( 1915): Wifi is ready to use for scanning
06-19 09:09:34.575 D/WakeupController( 1915): start()
06-19 09:09:34.576 D/WakeupController( 1915): Setting active to true
06-19 09:09:34.576 E/WifiConfigManager( 1915): Cannot save to store before store is read!
06-19 09:09:34.576 D/WifiActiveModeWarden( 1915): scan mode active
06-19 09:09:34.577 D/WifiScanRequestProxy( 1915): Sending scan available broadcast: true
06-19 09:09:34.577 I/WifiScanRequestProxy( 1915): Scanning is enabled
06-19 09:09:34.577 I/WifiScanRequestProxy( 1915): Scanning for hidden networks is disabled
06-19 09:09:34.577 E/WifiNative( 1915): Could not get Iface object for interface null
06-19 09:09:34.578 E/WifiNative( 1915): Could not get Iface object for interface null
06-19 09:09:34.579 E/WifiVendorHal( 1915): getBgScanCapabilities(l.630) failed {.code = ERROR_NOT_SUPPORTED, .description = }
06-19 09:09:34.580 I/WifiScanningService( 1915): wifi driver loaded with scan capabilities: max buckets=16
06-19 09:09:34.605 D/vold    ( 1574): Remounting 1000 as mode full
06-19 09:09:34.605 D/vold    ( 1574): Found matching PID 1566
06-19 09:09:34.605 W/vold    ( 1574): Skipping due to root namespace
06-19 09:09:34.605 D/vold    ( 1574): Found matching PID 1567
06-19 09:09:34.605 W/vold    ( 1574): Skipping due to root namespace
06-19 09:09:34.605 D/vold    ( 1574): Found matching PID 1568
06-19 09:09:34.605 W/vold    ( 1574): Skipping due to root namespace
06-19 09:09:34.605 D/vold    ( 1574): Found matching PID 1665
06-19 09:09:34.605 W/vold    ( 1574): Skipping due to root namespace
06-19 09:09:34.605 D/vold    ( 1574): Found matching PID 1666
06-19 09:09:34.605 W/vold    ( 1574): Skipping due to root namespace
06-19 09:09:34.605 D/vold    ( 1574): Found matching PID 1685
06-19 09:09:34.605 W/vold    ( 1574): Skipping due to root namespace
06-19 09:09:34.605 D/vold    ( 1574): Found matching PID 1689
06-19 09:09:34.605 W/vold    ( 1574): Skipping due to root namespace
06-19 09:09:34.605 D/vold    ( 1574): Found matching PID 1691
06-19 09:09:34.605 W/vold    ( 1574): Skipping due to root namespace
06-19 09:09:34.605 D/vold    ( 1574): Found matching PID 1692
06-19 09:09:34.605 W/vold    ( 1574): Skipping due to root namespace
06-19 09:09:34.605 D/vold    ( 1574): Found matching PID 1693
06-19 09:09:34.605 W/vold    ( 1574): Skipping due to root namespace
06-19 09:09:34.605 D/vold    ( 1574): Found matching PID 1694
06-19 09:09:34.605 W/vold    ( 1574): Skipping due to root namespace
06-19 09:09:34.605 D/vold    ( 1574): Found matching PID 1695
06-19 09:09:34.606 W/vold    ( 1574): Skipping due to root namespace
06-19 09:09:34.606 D/vold    ( 1574): Found matching PID 1696
06-19 09:09:34.606 W/vold    ( 1574): Skipping due to root namespace
06-19 09:09:34.606 D/vold    ( 1574): Found matching PID 1710
06-19 09:09:34.606 W/vold    ( 1574): Skipping due to root namespace
06-19 09:09:34.606 D/vold    ( 1574): Found matching PID 1747
06-19 09:09:34.606 W/vold    ( 1574): Skipping due to root namespace
06-19 09:09:34.606 D/vold    ( 1574): Found matching PID 1773
06-19 09:09:34.606 W/vold    ( 1574): Skipping due to root namespace
06-19 09:09:34.606 D/vold    ( 1574): Found matching PID 1777
06-19 09:09:34.606 W/vold    ( 1574): Skipping due to root namespace
06-19 09:09:34.606 D/vold    ( 1574): Found matching PID 1915
06-19 09:09:34.652 D/vold    ( 1574): Remounting 2000 as mode default
06-19 09:09:34.652 D/vold    ( 1574): Found matching PID 1726
06-19 09:09:34.652 W/vold    ( 1574): Skipping due to root namespace
06-19 09:09:34.652 D/vold    ( 1574): Found matching PID 1735
06-19 09:09:34.653 W/vold    ( 1574): Skipping due to root namespace
06-19 09:09:34.653 D/vold    ( 1574): Remounting 2000 as mode default
06-19 09:09:34.653 D/vold    ( 1574): Found matching PID 1726
06-19 09:09:34.653 W/vold    ( 1574): Skipping due to root namespace
06-19 09:09:34.653 D/vold    ( 1574): Found matching PID 1735
06-19 09:09:34.653 W/vold    ( 1574): Skipping due to root namespace
06-19 09:09:34.654 D/vold    ( 1574): Remounting 2000 as mode full
06-19 09:09:34.654 D/vold    ( 1574): Found matching PID 1726
06-19 09:09:34.654 W/vold    ( 1574): Skipping due to root namespace
06-19 09:09:34.654 D/vold    ( 1574): Found matching PID 1735
06-19 09:09:34.654 W/vold    ( 1574): Skipping due to root namespace
06-19 09:09:34.654 D/vold    ( 1574): Remounting 2000 as mode full
06-19 09:09:34.654 D/vold    ( 1574): Found matching PID 1726
06-19 09:09:34.654 W/vold    ( 1574): Skipping due to root namespace
06-19 09:09:34.654 D/vold    ( 1574): Found matching PID 1735
06-19 09:09:34.654 W/vold    ( 1574): Skipping due to root namespace
06-19 09:09:34.656 D/vold    ( 1574): Remounting 10119 as mode default
06-19 09:09:34.657 D/vold    ( 1574): Remounting 10119 as mode default
06-19 09:09:34.660 D/vold    ( 1574): Remounting 1002 as mode default
06-19 09:09:34.666 I/DefaultPermGrantPolicy( 1915): Granting permissions to default platform handlers for user 0
06-19 09:09:34.661 I/chatty  ( 1574): uid=0(root) Binder:1574_4 identical 2 lines
06-19 09:09:34.661 D/vold    ( 1574): Remounting 1002 as mode default
06-19 09:09:34.670 I/SyncManager( 1915): No initial accounts
06-19 09:09:34.670 I/SyncManager( 1915): No initial status
06-19 09:09:34.670 I/SyncManager( 1915): No initial statistics
06-19 09:09:34.693 D/vold    ( 1574): Remounting 10135 as mode default
06-19 09:09:34.695 I/chatty  ( 1574): uid=0(root) Binder:1574_4 identical 2 lines
06-19 09:09:34.696 D/vold    ( 1574): Remounting 10135 as mode default
06-19 09:09:34.697 D/vold    ( 1574): Remounting 10055 as mode full
06-19 09:09:34.698 I/chatty  ( 1574): uid=0(root) Binder:1574_4 identical 2 lines
06-19 09:09:34.699 D/vold    ( 1574): Remounting 10055 as mode full
06-19 09:09:34.700 D/vold    ( 1574): Remounting 10071 as mode default
06-19 09:09:34.701 D/vold    ( 1574): Remounting 10071 as mode default
06-19 09:09:34.701 D/vold    ( 1574): Remounting 10071 as mode full
06-19 09:09:34.702 D/vold    ( 1574): Remounting 10071 as mode full
06-19 09:09:34.714 D/vold    ( 1574): Remounting 10131 as mode default
06-19 09:09:34.715 I/chatty  ( 1574): uid=0(root) Binder:1574_4 identical 2 lines
06-19 09:09:34.716 D/vold    ( 1574): Remounting 10131 as mode default
06-19 09:09:34.722 D/vold    ( 1574): Remounting 10060 as mode default
06-19 09:09:34.723 I/chatty  ( 1574): uid=0(root) Binder:1574_4 identical 2 lines
06-19 09:09:34.723 D/vold    ( 1574): Remounting 10060 as mode default
06-19 09:09:34.732 D/vold    ( 1574): Remounting 10144 as mode default
06-19 09:09:34.734 I/chatty  ( 1574): uid=0(root) Binder:1574_4 identical 2 lines
06-19 09:09:34.734 D/vold    ( 1574): Remounting 10144 as mode default
06-19 09:09:34.759 D/vold    ( 1574): Remounting 10116 as mode default
06-19 09:09:34.761 I/chatty  ( 1574): uid=0(root) Binder:1574_4 identical 2 lines
06-19 09:09:34.761 D/vold    ( 1574): Remounting 10116 as mode default
06-19 09:09:34.765 E/DefaultPermGrantPolicy( 1915): PackageNot found: com.google.android.gms.location.history
06-19 09:09:34.765 E/DefaultPermGrantPolicy( 1915): android.content.pm.PackageManager$NameNotFoundException: com.google.android.gms.location.history
06-19 09:09:34.765 E/DefaultPermGrantPolicy( 1915): 	at android.app.ApplicationPackageManager.getPackageInfoAsUser(ApplicationPackageManager.java:190)
06-19 09:09:34.765 E/DefaultPermGrantPolicy( 1915): 	at android.app.ApplicationPackageManager.getPackageInfo(ApplicationPackageManager.java:159)
06-19 09:09:34.765 E/DefaultPermGrantPolicy( 1915): 	at com.android.server.pm.permission.DefaultPermissionGrantPolicy.getPackageInfo(DefaultPermissionGrantPolicy.java:1302)
06-19 09:09:34.765 E/DefaultPermGrantPolicy( 1915): 	at com.android.server.pm.permission.DefaultPermissionGrantPolicy.getPackageInfo(DefaultPermissionGrantPolicy.java:1293)
06-19 09:09:34.765 E/DefaultPermGrantPolicy( 1915): 	at com.android.server.pm.permission.DefaultPermissionGrantPolicy.isSystemPackage(DefaultPermissionGrantPolicy.java:962)
06-19 09:09:34.765 E/DefaultPermGrantPolicy( 1915): 	at com.android.server.pm.permission.DefaultPermissionGrantPolicy.grantPermissionsToSystemPackage(DefaultPermissionGrantPolicy.java:363)
06-19 09:09:34.765 E/DefaultPermGrantPolicy( 1915): 	at com.android.server.pm.permission.DefaultPermissionGrantPolicy.grantPermissionsToSystemPackage(DefaultPermissionGrantPolicy.java:356)
06-19 09:09:34.765 E/DefaultPermGrantPolicy( 1915): 	at com.android.server.pm.permission.DefaultPermissionGrantPolicy.grantDefaultSystemHandlerPermissions(DefaultPermissionGrantPolicy.java:647)
06-19 09:09:34.765 E/DefaultPermGrantPolicy( 1915): 	at com.android.server.pm.permission.DefaultPermissionGrantPolicy.grantDefaultPermissions(DefaultPermissionGrantPolicy.java:295)
06-19 09:09:34.765 E/DefaultPermGrantPolicy( 1915): 	at com.android.server.pm.PackageManagerService.systemReady(PackageManagerService.java:21619)
06-19 09:09:34.765 E/DefaultPermGrantPolicy( 1915): 	at com.android.server.SystemServer.startOtherServices(SystemServer.java:1977)
06-19 09:09:34.765 E/DefaultPermGrantPolicy( 1915): 	at com.android.server.SystemServer.run(SystemServer.java:512)
06-19 09:09:34.765 E/DefaultPermGrantPolicy( 1915): 	at com.android.server.SystemServer.main(SystemServer.java:349)
06-19 09:09:34.765 E/DefaultPermGrantPolicy( 1915): 	at java.lang.reflect.Method.invoke(Native Method)
06-19 09:09:34.765 E/DefaultPermGrantPolicy( 1915): 	at com.android.internal.os.RuntimeInit$MethodAndArgsCaller.run(RuntimeInit.java:492)
06-19 09:09:34.765 E/DefaultPermGrantPolicy( 1915): 	at com.android.internal.os.ZygoteInit.main(ZygoteInit.java:908)
06-19 09:09:34.765 D/vold    ( 1574): Remounting 10141 as mode default
06-19 09:09:34.767 I/chatty  ( 1574): uid=0(root) Binder:1574_4 identical 2 lines
06-19 09:09:34.767 D/vold    ( 1574): Remounting 10141 as mode default
06-19 09:09:34.771 D/vold    ( 1574): Remounting 10117 as mode default
06-19 09:09:34.773 I/chatty  ( 1574): uid=0(root) Binder:1574_4 identical 2 lines
06-19 09:09:34.773 D/vold    ( 1574): Remounting 10117 as mode default
06-19 09:09:34.775 D/vold    ( 1574): Remounting 10127 as mode default
06-19 09:09:34.777 I/chatty  ( 1574): uid=0(root) Binder:1574_4 identical 2 lines
06-19 09:09:34.777 D/vold    ( 1574): Remounting 10127 as mode default
06-19 09:09:34.778 E/DefaultPermGrantPolicy( 1915): PackageNot found: com.google.android.as
06-19 09:09:34.778 E/DefaultPermGrantPolicy( 1915): android.content.pm.PackageManager$NameNotFoundException: com.google.android.as
06-19 09:09:34.778 E/DefaultPermGrantPolicy( 1915): 	at android.app.ApplicationPackageManager.getPackageInfoAsUser(ApplicationPackageManager.java:190)
06-19 09:09:34.778 E/DefaultPermGrantPolicy( 1915): 	at android.app.ApplicationPackageManager.getPackageInfo(ApplicationPackageManager.java:159)
06-19 09:09:34.778 E/DefaultPermGrantPolicy( 1915): 	at com.android.server.pm.permission.DefaultPermissionGrantPolicy.getPackageInfo(DefaultPermissionGrantPolicy.java:1302)
06-19 09:09:34.778 E/DefaultPermGrantPolicy( 1915): 	at com.android.server.pm.permission.DefaultPermissionGrantPolicy.getPackageInfo(DefaultPermissionGrantPolicy.java:1293)
06-19 09:09:34.778 E/DefaultPermGrantPolicy( 1915): 	at com.android.server.pm.permission.DefaultPermissionGrantPolicy.isSystemPackage(DefaultPermissionGrantPolicy.java:962)
06-19 09:09:34.778 E/DefaultPermGrantPolicy( 1915): 	at com.android.server.pm.permission.DefaultPermissionGrantPolicy.grantPermissionsToSystemPackage(DefaultPermissionGrantPolicy.java:363)
06-19 09:09:34.778 E/DefaultPermGrantPolicy( 1915): 	at com.android.server.pm.permission.DefaultPermissionGrantPolicy.grantPermissionsToSystemPackage(DefaultPermissionGrantPolicy.java:356)
06-19 09:09:34.778 E/DefaultPermGrantPolicy( 1915): 	at com.android.server.pm.permission.DefaultPermissionGrantPolicy.grantDefaultSystemHandlerPermissions(DefaultPermissionGrantPolicy.java:721)
06-19 09:09:34.778 E/DefaultPermGrantPolicy( 1915): 	at com.android.server.pm.permission.DefaultPermissionGrantPolicy.grantDefaultPermissions(DefaultPermissionGrantPolicy.java:295)
06-19 09:09:34.778 E/DefaultPermGrantPolicy( 1915): 	at com.android.server.pm.PackageManagerService.systemReady(PackageManagerService.java:21619)
06-19 09:09:34.778 E/DefaultPermGrantPolicy( 1915): 	at com.android.server.SystemServer.startOtherServices(SystemServer.java:1977)
06-19 09:09:34.778 E/DefaultPermGrantPolicy( 1915): 	at com.android.server.SystemServer.run(SystemServer.java:512)
06-19 09:09:34.778 E/DefaultPermGrantPolicy( 1915): 	at com.android.server.SystemServer.main(SystemServer.java:349)
06-19 09:09:34.778 E/DefaultPermGrantPolicy( 1915): 	at java.lang.reflect.Method.invoke(Native Method)
06-19 09:09:34.778 E/DefaultPermGrantPolicy( 1915): 	at com.android.internal.os.RuntimeInit$MethodAndArgsCaller.run(RuntimeInit.java:492)
06-19 09:09:34.778 E/DefaultPermGrantPolicy( 1915): 	at com.android.internal.os.ZygoteInit.main(ZygoteInit.java:908)
06-19 09:09:34.778 D/vold    ( 1574): Remounting 10067 as mode full
06-19 09:09:34.780 I/chatty  ( 1574): uid=0(root) Binder:1574_4 identical 2 lines
06-19 09:09:34.780 D/vold    ( 1574): Remounting 10067 as mode full
06-19 09:09:34.781 E/DefaultPermGrantPolicy( 1915): PackageNot found: com.google.android.as
06-19 09:09:34.781 E/DefaultPermGrantPolicy( 1915): android.content.pm.PackageManager$NameNotFoundException: com.google.android.as
06-19 09:09:34.781 E/DefaultPermGrantPolicy( 1915): 	at android.app.ApplicationPackageManager.getPackageInfoAsUser(ApplicationPackageManager.java:190)
06-19 09:09:34.781 E/DefaultPermGrantPolicy( 1915): 	at android.app.ApplicationPackageManager.getPackageInfo(ApplicationPackageManager.java:159)
06-19 09:09:34.781 E/DefaultPermGrantPolicy( 1915): 	at com.android.server.pm.permission.DefaultPermissionGrantPolicy.getPackageInfo(DefaultPermissionGrantPolicy.java:1302)
06-19 09:09:34.781 E/DefaultPermGrantPolicy( 1915): 	at com.android.server.pm.permission.DefaultPermissionGrantPolicy.getPackageInfo(DefaultPermissionGrantPolicy.java:1293)
06-19 09:09:34.781 E/DefaultPermGrantPolicy( 1915): 	at com.android.server.pm.permission.DefaultPermissionGrantPolicy.isSystemPackage(DefaultPermissionGrantPolicy.java:962)
06-19 09:09:34.781 E/DefaultPermGrantPolicy( 1915): 	at com.android.server.pm.permission.DefaultPermissionGrantPolicy.grantPermissionsToSystemPackage(DefaultPermissionGrantPolicy.java:363)
06-19 09:09:34.781 E/DefaultPermGrantPolicy( 1915): 	at com.android.server.pm.permission.DefaultPermissionGrantPolicy.grantPermissionsToSystemPackage(DefaultPermissionGrantPolicy.java:356)
06-19 09:09:34.781 E/DefaultPermGrantPolicy( 1915): 	at com.android.server.pm.permission.DefaultPermissionGrantPolicy.grantDefaultSystemHandlerPermissions(DefaultPermissionGrantPolicy.java:743)
06-19 09:09:34.781 E/DefaultPermGrantPolicy( 1915): 	at com.android.server.pm.permission.DefaultPermissionGrantPolicy.grantDefaultPermissions(DefaultPermissionGrantPolicy.java:295)
06-19 09:09:34.781 E/DefaultPermGrantPolicy( 1915): 	at com.android.server.pm.PackageManagerService.systemReady(PackageManagerService.java:21619)
06-19 09:09:34.781 E/DefaultPermGrantPolicy( 1915): 	at com.android.server.SystemServer.startOtherServices(SystemServer.java:1977)
06-19 09:09:34.781 E/DefaultPermGrantPolicy( 1915): 	at com.android.server.SystemServer.run(SystemServer.java:512)
06-19 09:09:34.781 E/DefaultPermGrantPolicy( 1915): 	at com.android.server.SystemServer.main(SystemServer.java:349)
06-19 09:09:34.781 E/DefaultPermGrantPolicy( 1915): 	at java.lang.reflect.Method.invoke(Native Method)
06-19 09:09:34.781 E/DefaultPermGrantPolicy( 1915): 	at com.android.internal.os.RuntimeInit$MethodAndArgsCaller.run(RuntimeInit.java:492)
06-19 09:09:34.781 E/DefaultPermGrantPolicy( 1915): 	at com.android.internal.os.ZygoteInit.main(ZygoteInit.java:908)
06-19 09:09:34.791 I/PackageManager( 1915): Un-granting permission android.permission.MANAGE_DOCUMENTS from package com.google.android.youtube (protectionLevel=262146 flags=0x30dbbe45)
06-19 09:09:34.791 I/PackageManager( 1915): Un-granting permission com.google.android.googleapps.permission.GOOGLE_AUTH from package com.android.providers.calendar (protectionLevel=2 flags=0x30883e45)
06-19 09:09:34.791 I/PackageManager( 1915): Un-granting permission com.google.android.googleapps.permission.GOOGLE_AUTH.cl from package com.android.providers.calendar (protectionLevel=2 flags=0x30883e45)
06-19 09:09:34.792 I/PackageManager( 1915): Un-granting permission android.permission.WRITE_SECURE_SETTINGS from package com.google.android.apps.enterprise.dmagent (protectionLevel=50 flags=0x30883e05)
06-19 09:09:34.792 I/PackageManager( 1915): Un-granting permission android.permission.CONNECTIVITY_INTERNAL from package com.google.android.apps.enterprise.dmagent (protectionLevel=18 flags=0x30883e05)
06-19 09:09:34.792 I/PackageManager( 1915): Un-granting permission android.permission.MANAGE_USB from package com.google.android.apps.enterprise.dmagent (protectionLevel=18 flags=0x30883e05)
06-19 09:09:34.792 I/PackageManager( 1915): Un-granting permission android.permission.CHANGE_COMPONENT_ENABLED_STATE from package com.google.android.apps.enterprise.dmagent (protectionLevel=18 flags=0x30883e05)
06-19 09:09:34.792 I/PackageManager( 1915): Un-granting permission android.permission.MANAGE_CA_CERTIFICATES from package com.google.android.apps.enterprise.dmagent (protectionLevel=18 flags=0x30883e05)
06-19 09:09:34.792 I/PackageManager( 1915): Un-granting permission android.permission.MANAGE_USERS from package com.google.android.apps.enterprise.dmagent (protectionLevel=18 flags=0x30883e05)
06-19 09:09:34.792 I/PackageManager( 1915): Un-granting permission com.google.android.setupwizard.READ_DEVICE_ORIGIN from package com.google.android.apps.messaging (protectionLevel=18 flags=0x38cbbe45)
06-19 09:09:34.792 I/PackageManager( 1915): Un-granting permission android.permission.BIND_WALLPAPER from package com.android.camera2 (protectionLevel=18 flags=0x20d8bc45)
06-19 09:09:34.793 I/PackageManager( 1915): Un-granting permission android.permission.REQUEST_INSTALL_PACKAGES from package com.google.android.gm (protectionLevel=66 flags=0x38cbbe45)
06-19 09:09:34.793 I/PackageManager( 1915): Un-granting permission android.permission.BIND_JOB_SERVICE from package com.google.android.music (protectionLevel=2 flags=0x38cbbe65)
06-19 09:09:34.794 I/PackageManager( 1915): Un-granting permission android.permission.CONNECTIVITY_USE_RESTRICTED_NETWORKS from package com.google.android.captiveportallogin (protectionLevel=18 flags=0x38c8be45)
06-19 09:09:34.794 I/PackageManager( 1915): Un-granting permission android.permission.NETWORK_BYPASS_PRIVATE_DNS from package com.google.android.captiveportallogin (protectionLevel=2 flags=0x38c8be45)
06-19 09:09:34.794 I/PackageManager( 1915): Un-granting permission android.permission.REQUEST_INSTALL_PACKAGES from package com.google.android.apps.docs (protectionLevel=66 flags=0x38cbbe45)
06-19 09:09:34.794 I/PackageManager( 1915): Un-granting permission android.permission.INTERACT_ACROSS_USERS from package com.google.android.syncadapters.contacts (protectionLevel=50 flags=0x20883e45)
06-19 09:09:34.795 I/PackageManager( 1915): Un-granting permission android.permission.REQUEST_INSTALL_PACKAGES from package com.android.chrome (protectionLevel=66 flags=0xa0cbbe45)
06-19 09:09:34.795 I/PackageManager( 1915): Un-granting permission com.google.android.apps.now.CURRENT_ACCOUNT_ACCESS from package com.android.chrome (protectionLevel=2 flags=0xa0cbbe45)
06-19 09:09:34.795 I/PackageManager( 1915): Un-granting permission android.permission.CAPTURE_VIDEO_OUTPUT from package com.google.android.gms (protectionLevel=2 flags=0xb0cabe45)
06-19 09:09:34.795 I/PackageManager( 1915): Un-granting permission android.permission.MANAGE_DEVICE_ADMINS from package com.google.android.gms (protectionLevel=2 flags=0xb0cabe45)
06-19 09:09:34.795 I/PackageManager( 1915): Un-granting permission android.permission.MANAGE_ACTIVITY_STACKS from package com.google.android.gms (protectionLevel=2 flags=0xb0cabe45)
06-19 09:09:34.795 I/PackageManager( 1915): Un-granting permission android.permission.CAPTURE_SECURE_VIDEO_OUTPUT from package com.google.android.gms (protectionLevel=2 flags=0xb0cabe45)
06-19 09:09:34.795 I/PackageManager( 1915): Un-granting permission android.permission.MANAGE_ROLLBACKS from package com.google.android.gms (protectionLevel=514 flags=0xb0cabe45)
06-19 09:09:34.796 I/PackageManager( 1915): Un-granting permission com.google.android.googleapps.permission.GOOGLE_AUTH from package com.google.android.videos (protectionLevel=2 flags=0x30dbbe45)
06-19 09:09:34.796 I/PackageManager( 1915): Un-granting permission android.permission.WRITE_MEDIA_STORAGE from package com.google.android.apps.photos (protectionLevel=18 flags=0x38d9be45)
06-19 09:09:34.800 V/UserDataPreparer( 1915): Found /data/user_de/0 with serial number -1
06-19 09:09:34.800 D/UserDataPreparer( 1915): Serial number missing on /data/user_de/0; assuming current is valid
06-19 09:09:34.801 V/UserDataPreparer( 1915): Found /data/user/0 with serial number -1
06-19 09:09:34.801 D/UserDataPreparer( 1915): Serial number missing on /data/user/0; assuming current is valid
06-19 09:09:34.801 V/UserDataPreparer( 1915): Found /data/system_de/0 with serial number -1
06-19 09:09:34.801 D/UserDataPreparer( 1915): Serial number missing on /data/system_de/0; assuming current is valid
06-19 09:09:34.802 D/SystemServerTiming( 1915): MakePackageManagerServiceReady took to complete: 332ms
06-19 09:09:34.802 I/SystemServer( 1915): MakeDisplayManagerServiceReady
06-19 09:09:34.809 E/DisplayModeDirector( 1915): Asked about unknown display, returning empty allowed set! (id=0)
06-19 09:09:34.809 E/DisplayModeDirector( 1915): Asked about unknown display, returning empty allowed set! (id=0)
06-19 09:09:34.810 D/SystemServerTiming( 1915): MakeDisplayManagerServiceReady took to complete: 8ms
06-19 09:09:34.810 I/SystemServer( 1915): StartDeviceSpecificServices
06-19 09:09:34.811 D/SystemServerTiming( 1915): StartDeviceSpecificServices took to complete: 0ms
06-19 09:09:34.811 I/SystemServer( 1915): StartBootPhaseDeviceSpecificServicesReady
06-19 09:09:34.811 I/SystemServiceManager( 1915): Starting phase 520
06-19 09:09:34.813 D/SystemServerTiming( 1915): StartBootPhaseDeviceSpecificServicesReady took to complete: 2ms
06-19 09:09:34.813 I/SystemServer( 1915): StartPermissionPolicyService
06-19 09:09:34.813 I/SystemServiceManager( 1915): Starting com.android.server.policy.PermissionPolicyService
06-19 09:09:34.814 D/SystemServerTiming( 1915): StartPermissionPolicyService took to complete: 1ms
06-19 09:09:34.815 W/UsageStatsService( 1915): Event reported without a package name, eventType:15
06-19 09:09:34.815 I/AppOps  ( 1915): Pruning old package system/com.android.server.appop.AppOpsService$UidState@70ef6bb: new uid=-1
06-19 09:09:34.815 I/ActivityManager( 1915): System now ready
06-19 09:09:34.839 I/SystemServer( 1915): Making services ready
06-19 09:09:34.839 I/SystemServer( 1915): StartActivityManagerReadyPhase
06-19 09:09:34.839 I/SystemServiceManager( 1915): Starting phase 550
06-19 09:09:34.840 I/android_os_HwBinder( 1915): HwBinder: Starting thread pool for getting: android.hardware.thermal@2.0::IThermal/default
06-19 09:09:34.840 I/android.hardware.thermal@2.0-service-mock( 1696): A callback has been registered to ThermalHAL, isFilter: 0 Type: CPU
06-19 09:09:34.841 W/ActivityManager( 1915): Too early to start/bind service in system_server: Phase=550 ComponentInfo{com.android.server.telecom/com.android.server.telecom.components.TelecomService}
06-19 09:09:34.842 W/ActivityManager( 1915): Too early to start/bind service in system_server: Phase=550 ComponentInfo{com.android.server.telecom/com.android.server.telecom.components.TelecomService}
06-19 09:09:34.853 D/PackageManager( 1915): Instant App installer not found with android.intent.action.INSTALL_INSTANT_APP_PACKAGE
06-19 09:09:34.853 D/PackageManager( 1915): Clear ephemeral installer activity
06-19 09:09:34.853 D/PackageManager( 1915): Instant App installer not found with android.intent.action.INSTALL_INSTANT_APP_PACKAGE
06-19 09:09:34.853 D/PackageManager( 1915): Clear ephemeral installer activity
06-19 09:09:34.853 D/PackageManager( 1915): Instant App installer not found with android.intent.action.INSTALL_INSTANT_APP_PACKAGE
06-19 09:09:34.853 D/PackageManager( 1915): Clear ephemeral installer activity
06-19 09:09:34.867 D/Zygote  ( 1661): Forked child process 2055
06-19 09:09:34.870 W/.gms.persisten( 2055): Unexpected CPU variant for X86 using defaults: x86_64
06-19 09:09:34.874 I/LockSettingsService( 1915): Migrated migrated_frp.
06-19 09:09:34.874 D/StorageManagerService( 1915): Isolated storage local flag 0 and remote flag 0 resolved to true
06-19 09:09:34.875 I/ActivityManager( 1915): Start proc 2055:com.google.android.gms.persistent/u0a116 for broadcast {com.google.android.gms/com.google.android.gms.chimera.GmsIntentOperationService$PersistentTrustedReceiver}
06-19 09:09:34.876 I/WallpaperManagerService( 1915): No static wallpaper imagery; defaults will be shown
06-19 09:09:34.876 V/WallpaperManagerService( 1915): bindWallpaperComponentLocked: componentName=ComponentInfo{com.android.systemui/com.android.systemui.ImageWallpaper}
06-19 09:09:34.878 W/WallpaperManagerService( 1915): no current wallpaper -- first boot?
06-19 09:09:34.880 I/AppBindingService( 1915): Updating constants with: null
06-19 09:09:34.880 E/BluetoothAdapter( 1915): Bluetooth binder is null
06-19 09:09:34.881 E/BluetoothAdapter( 1915): Bluetooth binder is null
06-19 09:09:34.881 D/Zygote  ( 1661): Forked child process 2063
06-19 09:09:34.884 I/AudioFlinger( 1702): systemReady
06-19 09:09:34.888 I/ActivityManager( 1915): Start proc 2063:com.android.systemui/u0a119 for service {com.android.systemui/com.android.systemui.ImageWallpaper}
06-19 09:09:34.890 W/ndroid.systemu( 2063): Unexpected CPU variant for X86 using defaults: x86_64
06-19 09:09:34.892 D/Zygote  ( 1661): Forked child process 2084
06-19 09:09:34.898 W/ssioncontrolle( 2084): Unexpected CPU variant for X86 using defaults: x86_64
06-19 09:09:34.907 I/ActivityManager( 1915): Start proc 2084:com.google.android.permissioncontroller/u0a74 for service {com.google.android.permissioncontroller/com.android.packageinstaller.permission.service.PermissionControllerServiceImpl}
06-19 09:09:34.915 D/StagefrightPluginLoader( 1759): CCodec is disabled.
06-19 09:09:34.915 D/StagefrightPluginLoader( 1759): Handle or CreateInputSurface symbol is null
06-19 09:09:34.915 D/MediaCodecList( 1759): Allowing all OMX codecs
06-19 09:09:34.915 D/StagefrightPluginLoader( 1759): Handle or CreateBuilder symbol is null
06-19 09:09:34.917 I/OMXClient( 1759): IOmx service obtained
06-19 09:09:34.917 I/OMXMaster( 1763): makeComponentInstance(OMX.google.aac.decoder) in android.hardwar process
06-19 09:09:34.918 I/ndroid.systemu( 2063): The ClassLoaderContext is a special shared library.
06-19 09:09:34.920 I/ssioncontrolle( 2084): The ClassLoaderContext is a special shared library.
06-19 09:09:34.921 I/OMXClient( 1759): IOmx service obtained
06-19 09:09:34.921 I/OMXMaster( 1763): makeComponentInstance(OMX.google.amrnb.decoder) in android.hardwar process
06-19 09:09:34.923 I/OMXClient( 1759): IOmx service obtained
06-19 09:09:34.923 I/OMXMaster( 1763): makeComponentInstance(OMX.google.amrwb.decoder) in android.hardwar process
06-19 09:09:34.924 I/.gms.persisten( 2055): The ClassLoaderContext is a special shared library.
06-19 09:09:34.925 I/OMXClient( 1759): IOmx service obtained
06-19 09:09:34.925 I/OMXMaster( 1763): makeComponentInstance(OMX.google.flac.decoder) in android.hardwar process
06-19 09:09:34.926 I/.gms.persisten( 2055): The ClassLoaderContext is a special shared library.
06-19 09:09:34.927 I/chatty  ( 2055): uid=10116 com.google.android.gms.persistent identical 1 line
06-19 09:09:34.928 I/.gms.persisten( 2055): The ClassLoaderContext is a special shared library.
06-19 09:09:34.930 I/OMXClient( 1759): IOmx service obtained
06-19 09:09:34.930 I/OMXMaster( 1763): makeComponentInstance(OMX.google.g711.alaw.decoder) in android.hardwar process
06-19 09:09:34.932 I/OMXClient( 1759): IOmx service obtained
06-19 09:09:34.932 I/OMXMaster( 1763): makeComponentInstance(OMX.google.g711.mlaw.decoder) in android.hardwar process
06-19 09:09:34.932 I/OMXClient( 1759): IOmx service obtained
06-19 09:09:34.932 I/OMXMaster( 1763): makeComponentInstance(OMX.google.gsm.decoder) in android.hardwar process
06-19 09:09:34.934 I/OMXClient( 1759): IOmx service obtained
06-19 09:09:34.934 I/OMXMaster( 1763): makeComponentInstance(OMX.google.mp3.decoder) in android.hardwar process
06-19 09:09:34.935 I/OMXClient( 1759): IOmx service obtained
06-19 09:09:34.935 I/OMXMaster( 1763): makeComponentInstance(OMX.google.opus.decoder) in android.hardwar process
06-19 09:09:34.937 I/OMXClient( 1759): IOmx service obtained
06-19 09:09:34.937 I/OMXMaster( 1763): makeComponentInstance(OMX.google.raw.decoder) in android.hardwar process
06-19 09:09:34.939 I/OMXClient( 1759): IOmx service obtained
06-19 09:09:34.939 I/OMXMaster( 1763): makeComponentInstance(OMX.google.vorbis.decoder) in android.hardwar process
06-19 09:09:34.941 I/OMXClient( 1759): IOmx service obtained
06-19 09:09:34.941 I/OMXMaster( 1763): makeComponentInstance(OMX.google.aac.encoder) in android.hardwar process
06-19 09:09:34.944 I/OMXClient( 1759): IOmx service obtained
06-19 09:09:34.944 I/OMXMaster( 1763): makeComponentInstance(OMX.google.amrnb.encoder) in android.hardwar process
06-19 09:09:34.946 I/OMXClient( 1759): IOmx service obtained
