06-19 09:09:35.465 W/PackageManager( 1915): Cannot whitelist unknown permission: com.google.android.finsky.permission.GEARHEAD_SERVICE
06-19 09:09:35.465 W/PackageManager( 1915): Cannot whitelist unknown permission: com.google.android.permission.ACCESSIBILITY_SCAN_SERVICE
06-19 09:09:35.465 W/PackageManager( 1915): Cannot whitelist unknown permission: com.google.android.finsky.permission.ACCESS_INSTANT_APP_NOTIFICATION_ENFORCEMENT
06-19 09:09:35.465 W/PackageManager( 1915): Cannot whitelist unknown permission: com.google.android.clockwork.settings.SHOW_FACTORY_RESET_CONFIRMATION
06-19 09:09:35.465 W/PackageManager( 1915): Cannot whitelist unknown permission: com.google.android.wearable.READ_SETTINGS
06-19 09:09:35.465 W/PackageManager( 1915): Cannot whitelist unknown permission: android.permission.READ_MEDIA_AUDIO
06-19 09:09:35.465 W/PackageManager( 1915): Cannot whitelist unknown permission: android.permission.READ_MEDIA_IMAGES
06-19 09:09:35.465 W/PackageManager( 1915): Cannot whitelist unknown permission: android.permission.READ_MEDIA_VIDEO
06-19 09:09:35.465 W/PackageManager( 1915): Cannot whitelist unknown permission: com.android.vending.setup.PLAY_SETUP_SERVICE
06-19 09:09:35.465 W/PackageManager( 1915): Cannot whitelist unknown permission: com.google.android.gms.game.notifications.permission.WRITE
06-19 09:09:35.465 W/PackageManager( 1915): Cannot whitelist unknown permission: com.google.android.vending.verifier.ACCESS_VERIFIER
06-19 09:09:35.465 I/.gms.persisten( 2055): Compiler allocated 5796KB to compile boolean cuf.a(cyl, boolean, caau, caau, int, java.util.List, java.io.File, cyh)
06-19 09:09:35.465 I/PackageManager( 1915): Un-granting permission android.permission.CAPTURE_VIDEO_OUTPUT from package com.google.android.gms (protectionLevel=2 flags=0xb0cabe45)
06-19 09:09:35.466 I/PackageManager( 1915): Un-granting permission android.permission.MANAGE_DEVICE_ADMINS from package com.google.android.gms (protectionLevel=2 flags=0xb0cabe45)
06-19 09:09:35.466 I/PackageManager( 1915): Un-granting permission android.permission.MANAGE_ACTIVITY_STACKS from package com.google.android.gms (protectionLevel=2 flags=0xb0cabe45)
06-19 09:09:35.466 I/PackageManager( 1915): Un-granting permission android.permission.CAPTURE_SECURE_VIDEO_OUTPUT from package com.google.android.gms (protectionLevel=2 flags=0xb0cabe45)
06-19 09:09:35.466 I/PackageManager( 1915): Un-granting permission android.permission.MANAGE_ROLLBACKS from package com.google.android.gms (protectionLevel=514 flags=0xb0cabe45)
06-19 09:09:35.467 W/PackageManager( 1915): Cannot whitelist unknown permission: android.permission.QUERY_ALL_PACKAGES
06-19 09:09:35.467 W/PackageManager( 1915): Cannot whitelist unknown permission: android.permission.PRE_FACTORY_RESET
06-19 09:09:35.467 W/PackageManager( 1915): Cannot whitelist unknown permission: android.permission.MANAGE_FACTORY_RESET_PROTECTION
06-19 09:09:35.467 W/PackageManager( 1915): Cannot whitelist unknown permission: android.car.permission.CAR_POWER
06-19 09:09:35.467 W/PackageManager( 1915): Cannot whitelist unknown permission: com.google.android.wearable.WRITE_SETTINGS
06-19 09:09:35.467 W/PackageManager( 1915): Cannot whitelist unknown permission: com.felicanetworks.mfc.permission.MFC_ACCESS
06-19 09:09:35.467 W/PackageManager( 1915): Cannot whitelist unknown permission: com.felicanetworks.mfc.mfi.permission.MFI_ACCESS
06-19 09:09:35.467 W/PackageManager( 1915): Cannot whitelist unknown permission: com.google.android.finsky.permission.INSTANT_APP_STATE
06-19 09:09:35.467 W/PackageManager( 1915): Cannot whitelist unknown permission: android.permission.UWB
06-19 09:09:35.467 W/PackageManager( 1915): Cannot whitelist unknown permission: com.google.android.finsky.permission.BIND_GET_INSTALL_REFERRER_SERVICE
06-19 09:09:35.467 W/PackageManager( 1915): Cannot whitelist unknown permission: com.google.android.hangouts.START_HANGOUT
06-19 09:09:35.467 W/PackageManager( 1915): Cannot whitelist unknown permission: android.car.permission.CAR_POWERTRAIN
06-19 09:09:35.467 W/PackageManager( 1915): Cannot whitelist unknown permission: android.car.permission.CAR_ENERGY
06-19 09:09:35.467 W/PackageManager( 1915): Cannot whitelist unknown permission: android.car.permission.CAR_ENERGY_PORTS
06-19 09:09:35.467 W/PackageManager( 1915): Cannot whitelist unknown permission: android.car.permission.CAR_EXTERIOR_LIGHTS
06-19 09:09:35.467 W/PackageManager( 1915): Cannot whitelist unknown permission: android.car.permission.CAR_INFO
06-19 09:09:35.467 W/PackageManager( 1915): Cannot whitelist unknown permission: android.car.permission.CAR_MILEAGE
06-19 09:09:35.467 W/PackageManager( 1915): Cannot whitelist unknown permission: android.car.permission.CAR_TIRES
06-19 09:09:35.467 W/PackageManager( 1915): Cannot whitelist unknown permission: android.car.permission.CONTROL_CAR_CLIMATE
06-19 09:09:35.467 W/PackageManager( 1915): Cannot whitelist unknown permission: android.car.permission.CONTROL_CAR_DOORS
06-19 09:09:35.467 W/PackageManager( 1915): Cannot whitelist unknown permission: android.car.permission.CONTROL_CAR_EXTERIOR_LIGHTS
06-19 09:09:35.467 W/PackageManager( 1915): Cannot whitelist unknown permission: android.car.permission.CONTROL_CAR_MIRRORS
06-19 09:09:35.467 W/PackageManager( 1915): Cannot whitelist unknown permission: android.car.permission.CONTROL_CAR_SEATS
06-19 09:09:35.467 W/PackageManager( 1915): Cannot whitelist unknown permission: android.car.permission.CONTROL_CAR_WINDOWS
06-19 09:09:35.467 W/PackageManager( 1915): Cannot whitelist unknown permission: android.car.permission.READ_CAR_DISPLAY_UNITS
06-19 09:09:35.467 W/PackageManager( 1915): Cannot whitelist unknown permission: com.google.android.finsky.permission.GEARHEAD_SERVICE
06-19 09:09:35.467 W/PackageManager( 1915): Cannot whitelist unknown permission: com.google.android.permission.ACCESSIBILITY_SCAN_SERVICE
06-19 09:09:35.467 W/PackageManager( 1915): Cannot whitelist unknown permission: com.google.android.finsky.permission.ACCESS_INSTANT_APP_NOTIFICATION_ENFORCEMENT
06-19 09:09:35.467 W/PackageManager( 1915): Cannot whitelist unknown permission: com.google.android.clockwork.settings.SHOW_FACTORY_RESET_CONFIRMATION
06-19 09:09:35.467 W/PackageManager( 1915): Cannot whitelist unknown permission: com.google.android.wearable.READ_SETTINGS
06-19 09:09:35.467 W/PackageManager( 1915): Cannot whitelist unknown permission: android.permission.READ_MEDIA_AUDIO
06-19 09:09:35.467 W/PackageManager( 1915): Cannot whitelist unknown permission: android.permission.READ_MEDIA_IMAGES
06-19 09:09:35.467 W/PackageManager( 1915): Cannot whitelist unknown permission: android.permission.READ_MEDIA_VIDEO
06-19 09:09:35.467 W/PackageManager( 1915): Cannot whitelist unknown permission: com.android.vending.setup.PLAY_SETUP_SERVICE
06-19 09:09:35.467 W/PackageManager( 1915): Cannot whitelist unknown permission: com.google.android.gms.game.notifications.permission.WRITE
06-19 09:09:35.467 W/PackageManager( 1915): Cannot whitelist unknown permission: com.google.android.vending.verifier.ACCESS_VERIFIER
06-19 09:09:35.467 I/PackageManager( 1915): Un-granting permission android.permission.CAPTURE_VIDEO_OUTPUT from package com.google.android.gms (protectionLevel=2 flags=0xb0cabe45)
06-19 09:09:35.467 I/PackageManager( 1915): Un-granting permission android.permission.MANAGE_DEVICE_ADMINS from package com.google.android.gms (protectionLevel=2 flags=0xb0cabe45)
06-19 09:09:35.467 I/PackageManager( 1915): Un-granting permission android.permission.MANAGE_ACTIVITY_STACKS from package com.google.android.gms (protectionLevel=2 flags=0xb0cabe45)
06-19 09:09:35.467 I/PackageManager( 1915): Un-granting permission android.permission.CAPTURE_SECURE_VIDEO_OUTPUT from package com.google.android.gms (protectionLevel=2 flags=0xb0cabe45)
06-19 09:09:35.467 I/PackageManager( 1915): Un-granting permission android.permission.MANAGE_ROLLBACKS from package com.google.android.gms (protectionLevel=514 flags=0xb0cabe45)
06-19 09:09:35.468 W/PackageManager( 1915): Cannot whitelist unknown permission: android.permission.QUERY_ALL_PACKAGES
06-19 09:09:35.468 W/PackageManager( 1915): Cannot whitelist unknown permission: android.permission.PRE_FACTORY_RESET
06-19 09:09:35.468 W/PackageManager( 1915): Cannot whitelist unknown permission: android.permission.MANAGE_FACTORY_RESET_PROTECTION
06-19 09:09:35.468 W/PackageManager( 1915): Cannot whitelist unknown permission: android.car.permission.CAR_POWER
06-19 09:09:35.468 W/PackageManager( 1915): Cannot whitelist unknown permission: com.google.android.wearable.WRITE_SETTINGS
06-19 09:09:35.468 W/PackageManager( 1915): Cannot whitelist unknown permission: com.felicanetworks.mfc.permission.MFC_ACCESS
06-19 09:09:35.468 W/PackageManager( 1915): Cannot whitelist unknown permission: com.felicanetworks.mfc.mfi.permission.MFI_ACCESS
06-19 09:09:35.468 W/PackageManager( 1915): Cannot whitelist unknown permission: com.google.android.finsky.permission.INSTANT_APP_STATE
06-19 09:09:35.469 W/PackageManager( 1915): Cannot whitelist unknown permission: android.permission.UWB
06-19 09:09:35.469 W/PackageManager( 1915): Cannot whitelist unknown permission: com.google.android.finsky.permission.BIND_GET_INSTALL_REFERRER_SERVICE
06-19 09:09:35.469 W/PackageManager( 1915): Cannot whitelist unknown permission: com.google.android.hangouts.START_HANGOUT
06-19 09:09:35.469 W/PackageManager( 1915): Cannot whitelist unknown permission: android.car.permission.CAR_POWERTRAIN
06-19 09:09:35.469 W/PackageManager( 1915): Cannot whitelist unknown permission: android.car.permission.CAR_ENERGY
06-19 09:09:35.469 W/PackageManager( 1915): Cannot whitelist unknown permission: android.car.permission.CAR_ENERGY_PORTS
06-19 09:09:35.469 W/PackageManager( 1915): Cannot whitelist unknown permission: android.car.permission.CAR_EXTERIOR_LIGHTS
06-19 09:09:35.469 W/PackageManager( 1915): Cannot whitelist unknown permission: android.car.permission.CAR_INFO
06-19 09:09:35.469 W/PackageManager( 1915): Cannot whitelist unknown permission: android.car.permission.CAR_MILEAGE
06-19 09:09:35.469 W/PackageManager( 1915): Cannot whitelist unknown permission: android.car.permission.CAR_TIRES
06-19 09:09:35.469 W/PackageManager( 1915): Cannot whitelist unknown permission: android.car.permission.CONTROL_CAR_CLIMATE
06-19 09:09:35.469 W/PackageManager( 1915): Cannot whitelist unknown permission: android.car.permission.CONTROL_CAR_DOORS
06-19 09:09:35.469 W/PackageManager( 1915): Cannot whitelist unknown permission: android.car.permission.CONTROL_CAR_EXTERIOR_LIGHTS
06-19 09:09:35.469 W/PackageManager( 1915): Cannot whitelist unknown permission: android.car.permission.CONTROL_CAR_MIRRORS
06-19 09:09:35.469 W/PackageManager( 1915): Cannot whitelist unknown permission: android.car.permission.CONTROL_CAR_SEATS
06-19 09:09:35.469 W/PackageManager( 1915): Cannot whitelist unknown permission: android.car.permission.CONTROL_CAR_WINDOWS
06-19 09:09:35.469 W/PackageManager( 1915): Cannot whitelist unknown permission: android.car.permission.READ_CAR_DISPLAY_UNITS
06-19 09:09:35.469 W/PackageManager( 1915): Cannot whitelist unknown permission: com.google.android.finsky.permission.GEARHEAD_SERVICE
06-19 09:09:35.469 W/PackageManager( 1915): Cannot whitelist unknown permission: com.google.android.permission.ACCESSIBILITY_SCAN_SERVICE
06-19 09:09:35.469 W/PackageManager( 1915): Cannot whitelist unknown permission: com.google.android.finsky.permission.ACCESS_INSTANT_APP_NOTIFICATION_ENFORCEMENT
06-19 09:09:35.469 W/PackageManager( 1915): Cannot whitelist unknown permission: com.google.android.clockwork.settings.SHOW_FACTORY_RESET_CONFIRMATION
06-19 09:09:35.469 W/PackageManager( 1915): Cannot whitelist unknown permission: com.google.android.wearable.READ_SETTINGS
06-19 09:09:35.469 W/PackageManager( 1915): Cannot whitelist unknown permission: android.permission.READ_MEDIA_AUDIO
06-19 09:09:35.469 W/PackageManager( 1915): Cannot whitelist unknown permission: android.permission.READ_MEDIA_IMAGES
06-19 09:09:35.469 W/PackageManager( 1915): Cannot whitelist unknown permission: android.permission.READ_MEDIA_VIDEO
06-19 09:09:35.469 W/PackageManager( 1915): Cannot whitelist unknown permission: com.android.vending.setup.PLAY_SETUP_SERVICE
06-19 09:09:35.469 W/PackageManager( 1915): Cannot whitelist unknown permission: com.google.android.gms.game.notifications.permission.WRITE
06-19 09:09:35.469 W/PackageManager( 1915): Cannot whitelist unknown permission: com.google.android.vending.verifier.ACCESS_VERIFIER
06-19 09:09:35.469 I/PackageManager( 1915): Un-granting permission android.permission.CAPTURE_VIDEO_OUTPUT from package com.google.android.gms (protectionLevel=2 flags=0xb0cabe45)
06-19 09:09:35.469 I/PackageManager( 1915): Un-granting permission android.permission.MANAGE_DEVICE_ADMINS from package com.google.android.gms (protectionLevel=2 flags=0xb0cabe45)
06-19 09:09:35.469 I/PackageManager( 1915): Un-granting permission android.permission.MANAGE_ACTIVITY_STACKS from package com.google.android.gms (protectionLevel=2 flags=0xb0cabe45)
06-19 09:09:35.469 I/PackageManager( 1915): Un-granting permission android.permission.CAPTURE_SECURE_VIDEO_OUTPUT from package com.google.android.gms (protectionLevel=2 flags=0xb0cabe45)
06-19 09:09:35.469 I/PackageManager( 1915): Un-granting permission android.permission.MANAGE_ROLLBACKS from package com.google.android.gms (protectionLevel=514 flags=0xb0cabe45)
06-19 09:09:35.470 E/ChimeraCfgMgr( 2055): Failed to read module config: java.io.FileNotFoundException: /data/user_de/0/com.google.android.gms/app_chimera/current_config.fb: open failed: ENOENT (No such file or directory)
06-19 09:09:35.471 E/ActivityThread( 2055): Failed to find provider info for com.google.android.gsf.gservices
06-19 09:09:35.472 E/GservicesValue( 2055): Gservices key not whitelisted for directboot access: gms:chimera:dev_module_blacklist
06-19 09:09:35.471 E/ActivityThread( 2055): Failed to find provider info for com.google.android.gsf.gservices
06-19 09:09:35.472 W/PackageManager( 1915): Cannot whitelist unknown permission: android.permission.QUERY_ALL_PACKAGES
06-19 09:09:35.472 W/PackageManager( 1915): Cannot whitelist unknown permission: android.permission.PRE_FACTORY_RESET
06-19 09:09:35.472 W/PackageManager( 1915): Cannot whitelist unknown permission: android.permission.MANAGE_FACTORY_RESET_PROTECTION
06-19 09:09:35.472 W/PackageManager( 1915): Cannot whitelist unknown permission: android.car.permission.CAR_POWER
06-19 09:09:35.472 W/PackageManager( 1915): Cannot whitelist unknown permission: com.google.android.wearable.WRITE_SETTINGS
06-19 09:09:35.472 W/PackageManager( 1915): Cannot whitelist unknown permission: com.felicanetworks.mfc.permission.MFC_ACCESS
06-19 09:09:35.472 W/PackageManager( 1915): Cannot whitelist unknown permission: com.felicanetworks.mfc.mfi.permission.MFI_ACCESS
06-19 09:09:35.472 W/PackageManager( 1915): Cannot whitelist unknown permission: com.google.android.finsky.permission.INSTANT_APP_STATE
06-19 09:09:35.472 W/PackageManager( 1915): Cannot whitelist unknown permission: android.permission.UWB
06-19 09:09:35.472 W/PackageManager( 1915): Cannot whitelist unknown permission: com.google.android.finsky.permission.BIND_GET_INSTALL_REFERRER_SERVICE
06-19 09:09:35.472 W/PackageManager( 1915): Cannot whitelist unknown permission: com.google.android.hangouts.START_HANGOUT
06-19 09:09:35.472 W/PackageManager( 1915): Cannot whitelist unknown permission: android.car.permission.CAR_POWERTRAIN
06-19 09:09:35.472 W/PackageManager( 1915): Cannot whitelist unknown permission: android.car.permission.CAR_ENERGY
06-19 09:09:35.472 W/PackageManager( 1915): Cannot whitelist unknown permission: android.car.permission.CAR_ENERGY_PORTS
06-19 09:09:35.472 W/PackageManager( 1915): Cannot whitelist unknown permission: android.car.permission.CAR_EXTERIOR_LIGHTS
06-19 09:09:35.472 W/PackageManager( 1915): Cannot whitelist unknown permission: android.car.permission.CAR_INFO
06-19 09:09:35.472 W/PackageManager( 1915): Cannot whitelist unknown permission: android.car.permission.CAR_MILEAGE
06-19 09:09:35.472 W/PackageManager( 1915): Cannot whitelist unknown permission: android.car.permission.CAR_TIRES
06-19 09:09:35.472 W/PackageManager( 1915): Cannot whitelist unknown permission: android.car.permission.CONTROL_CAR_CLIMATE
06-19 09:09:35.472 W/PackageManager( 1915): Cannot whitelist unknown permission: android.car.permission.CONTROL_CAR_DOORS
06-19 09:09:35.472 W/PackageManager( 1915): Cannot whitelist unknown permission: android.car.permission.CONTROL_CAR_EXTERIOR_LIGHTS
06-19 09:09:35.472 W/PackageManager( 1915): Cannot whitelist unknown permission: android.car.permission.CONTROL_CAR_MIRRORS
06-19 09:09:35.472 W/PackageManager( 1915): Cannot whitelist unknown permission: android.car.permission.CONTROL_CAR_SEATS
06-19 09:09:35.472 W/PackageManager( 1915): Cannot whitelist unknown permission: android.car.permission.CONTROL_CAR_WINDOWS
06-19 09:09:35.472 W/PackageManager( 1915): Cannot whitelist unknown permission: android.car.permission.READ_CAR_DISPLAY_UNITS
06-19 09:09:35.472 W/PackageManager( 1915): Cannot whitelist unknown permission: com.google.android.finsky.permission.GEARHEAD_SERVICE
06-19 09:09:35.472 W/PackageManager( 1915): Cannot whitelist unknown permission: com.google.android.permission.ACCESSIBILITY_SCAN_SERVICE
06-19 09:09:35.472 W/PackageManager( 1915): Cannot whitelist unknown permission: com.google.android.finsky.permission.ACCESS_INSTANT_APP_NOTIFICATION_ENFORCEMENT
06-19 09:09:35.472 W/PackageManager( 1915): Cannot whitelist unknown permission: com.google.android.clockwork.settings.SHOW_FACTORY_RESET_CONFIRMATION
06-19 09:09:35.473 W/PackageManager( 1915): Cannot whitelist unknown permission: com.google.android.wearable.READ_SETTINGS
06-19 09:09:35.473 W/PackageManager( 1915): Cannot whitelist unknown permission: android.permission.READ_MEDIA_AUDIO
06-19 09:09:35.473 W/PackageManager( 1915): Cannot whitelist unknown permission: android.permission.READ_MEDIA_IMAGES
06-19 09:09:35.473 W/PackageManager( 1915): Cannot whitelist unknown permission: android.permission.READ_MEDIA_VIDEO
06-19 09:09:35.473 W/PackageManager( 1915): Cannot whitelist unknown permission: com.android.vending.setup.PLAY_SETUP_SERVICE
06-19 09:09:35.473 W/PackageManager( 1915): Cannot whitelist unknown permission: com.google.android.gms.game.notifications.permission.WRITE
06-19 09:09:35.473 W/PackageManager( 1915): Cannot whitelist unknown permission: com.google.android.vending.verifier.ACCESS_VERIFIER
06-19 09:09:35.473 I/PackageManager( 1915): Un-granting permission android.permission.CAPTURE_VIDEO_OUTPUT from package com.google.android.gms (protectionLevel=2 flags=0xb0cabe45)
06-19 09:09:35.473 I/PackageManager( 1915): Un-granting permission android.permission.MANAGE_DEVICE_ADMINS from package com.google.android.gms (protectionLevel=2 flags=0xb0cabe45)
06-19 09:09:35.473 I/PackageManager( 1915): Un-granting permission android.permission.MANAGE_ACTIVITY_STACKS from package com.google.android.gms (protectionLevel=2 flags=0xb0cabe45)
06-19 09:09:35.473 I/PackageManager( 1915): Un-granting permission android.permission.CAPTURE_SECURE_VIDEO_OUTPUT from package com.google.android.gms (protectionLevel=2 flags=0xb0cabe45)
06-19 09:09:35.473 I/PackageManager( 1915): Un-granting permission android.permission.MANAGE_ROLLBACKS from package com.google.android.gms (protectionLevel=514 flags=0xb0cabe45)
06-19 09:09:35.473 E/ActivityThread( 2055): Failed to find provider info for com.google.android.gsf.gservices
06-19 09:09:35.473 W/PackageManager( 1915): Cannot whitelist unknown permission: android.permission.QUERY_ALL_PACKAGES
06-19 09:09:35.473 W/PackageManager( 1915): Cannot whitelist unknown permission: android.permission.PRE_FACTORY_RESET
06-19 09:09:35.474 E/ActivityThread( 2055): Failed to find provider info for com.google.android.gsf.gservices
06-19 09:09:35.473 W/PackageManager( 1915): Cannot whitelist unknown permission: android.permission.MANAGE_FACTORY_RESET_PROTECTION
06-19 09:09:35.474 W/PackageManager( 1915): Cannot whitelist unknown permission: android.car.permission.CAR_POWER
06-19 09:09:35.474 E/ActivityThread( 2055): Failed to find provider info for com.google.android.gsf.gservices
06-19 09:09:35.474 W/PackageManager( 1915): Cannot whitelist unknown permission: com.google.android.wearable.WRITE_SETTINGS
06-19 09:09:35.474 W/PackageManager( 1915): Cannot whitelist unknown permission: com.felicanetworks.mfc.permission.MFC_ACCESS
06-19 09:09:35.474 W/PackageManager( 1915): Cannot whitelist unknown permission: com.felicanetworks.mfc.mfi.permission.MFI_ACCESS
06-19 09:09:35.474 W/PackageManager( 1915): Cannot whitelist unknown permission: com.google.android.finsky.permission.INSTANT_APP_STATE
06-19 09:09:35.474 W/PackageManager( 1915): Cannot whitelist unknown permission: android.permission.UWB
06-19 09:09:35.474 E/ActivityThread( 2055): Failed to find provider info for com.google.android.gsf.gservices
06-19 09:09:35.474 W/PackageManager( 1915): Cannot whitelist unknown permission: com.google.android.finsky.permission.BIND_GET_INSTALL_REFERRER_SERVICE
06-19 09:09:35.474 W/PackageManager( 1915): Cannot whitelist unknown permission: com.google.android.hangouts.START_HANGOUT
06-19 09:09:35.474 W/PackageManager( 1915): Cannot whitelist unknown permission: android.car.permission.CAR_POWERTRAIN
06-19 09:09:35.475 W/PackageManager( 1915): Cannot whitelist unknown permission: android.car.permission.CAR_ENERGY
06-19 09:09:35.475 W/PackageManager( 1915): Cannot whitelist unknown permission: android.car.permission.CAR_ENERGY_PORTS
06-19 09:09:35.475 W/PackageManager( 1915): Cannot whitelist unknown permission: android.car.permission.CAR_EXTERIOR_LIGHTS
06-19 09:09:35.475 I/GmsModuleFndr( 2055): Beginning GMS chimera module scan
06-19 09:09:35.475 W/PackageManager( 1915): Cannot whitelist unknown permission: android.car.permission.CAR_INFO
06-19 09:09:35.475 W/PackageManager( 1915): Cannot whitelist unknown permission: android.car.permission.CAR_MILEAGE
06-19 09:09:35.475 W/PackageManager( 1915): Cannot whitelist unknown permission: android.car.permission.CAR_TIRES
06-19 09:09:35.475 W/PackageManager( 1915): Cannot whitelist unknown permission: android.car.permission.CONTROL_CAR_CLIMATE
06-19 09:09:35.475 W/PackageManager( 1915): Cannot whitelist unknown permission: android.car.permission.CONTROL_CAR_DOORS
06-19 09:09:35.475 W/PackageManager( 1915): Cannot whitelist unknown permission: android.car.permission.CONTROL_CAR_EXTERIOR_LIGHTS
06-19 09:09:35.475 W/PackageManager( 1915): Cannot whitelist unknown permission: android.car.permission.CONTROL_CAR_MIRRORS
06-19 09:09:35.475 W/PackageManager( 1915): Cannot whitelist unknown permission: android.car.permission.CONTROL_CAR_SEATS
06-19 09:09:35.475 W/PackageManager( 1915): Cannot whitelist unknown permission: android.car.permission.CONTROL_CAR_WINDOWS
06-19 09:09:35.475 W/PackageManager( 1915): Cannot whitelist unknown permission: android.car.permission.READ_CAR_DISPLAY_UNITS
06-19 09:09:35.475 W/PackageManager( 1915): Cannot whitelist unknown permission: com.google.android.finsky.permission.GEARHEAD_SERVICE
06-19 09:09:35.475 W/PackageManager( 1915): Cannot whitelist unknown permission: com.google.android.permission.ACCESSIBILITY_SCAN_SERVICE
06-19 09:09:35.475 W/PackageManager( 1915): Cannot whitelist unknown permission: com.google.android.finsky.permission.ACCESS_INSTANT_APP_NOTIFICATION_ENFORCEMENT
06-19 09:09:35.475 W/PackageManager( 1915): Cannot whitelist unknown permission: com.google.android.clockwork.settings.SHOW_FACTORY_RESET_CONFIRMATION
06-19 09:09:35.475 W/PackageManager( 1915): Cannot whitelist unknown permission: com.google.android.wearable.READ_SETTINGS
06-19 09:09:35.475 W/PackageManager( 1915): Cannot whitelist unknown permission: android.permission.READ_MEDIA_AUDIO
06-19 09:09:35.475 W/PackageManager( 1915): Cannot whitelist unknown permission: android.permission.READ_MEDIA_IMAGES
06-19 09:09:35.475 W/PackageManager( 1915): Cannot whitelist unknown permission: android.permission.READ_MEDIA_VIDEO
06-19 09:09:35.475 W/PackageManager( 1915): Cannot whitelist unknown permission: com.android.vending.setup.PLAY_SETUP_SERVICE
06-19 09:09:35.475 W/PackageManager( 1915): Cannot whitelist unknown permission: com.google.android.gms.game.notifications.permission.WRITE
06-19 09:09:35.475 W/PackageManager( 1915): Cannot whitelist unknown permission: com.google.android.vending.verifier.ACCESS_VERIFIER
06-19 09:09:35.475 I/PackageManager( 1915): Un-granting permission android.permission.CAPTURE_VIDEO_OUTPUT from package com.google.android.gms (protectionLevel=2 flags=0xb0cabe45)
06-19 09:09:35.476 I/PackageManager( 1915): Un-granting permission android.permission.MANAGE_DEVICE_ADMINS from package com.google.android.gms (protectionLevel=2 flags=0xb0cabe45)
06-19 09:09:35.476 I/PackageManager( 1915): Un-granting permission android.permission.MANAGE_ACTIVITY_STACKS from package com.google.android.gms (protectionLevel=2 flags=0xb0cabe45)
06-19 09:09:35.476 I/PackageManager( 1915): Un-granting permission android.permission.CAPTURE_SECURE_VIDEO_OUTPUT from package com.google.android.gms (protectionLevel=2 flags=0xb0cabe45)
06-19 09:09:35.476 I/PackageManager( 1915): Un-granting permission android.permission.MANAGE_ROLLBACKS from package com.google.android.gms (protectionLevel=514 flags=0xb0cabe45)
06-19 09:09:35.477 E/ChimeraCfgMgr( 2055): Failed to read module config: java.io.FileNotFoundException: /data/user_de/0/com.google.android.gms/app_chimera/current_config.fb: open failed: ENOENT (No such file or directory)
06-19 09:09:35.478 I/ModuleSetMgr( 2055): Config file doesn't exist, writing blank config.
06-19 09:09:35.482 I/ModuleSetMgr( 2055): Computing pending module set with APKs: [[AdsFdrDynamite.integ:21460000000], [Cronetdynamite:202414040800], [Dynamiteloader:202414040800], [Dynamitemodulesa:202414040000], [Dynamitemodulesc:202414040000], [Googlecertificates:202414040000], [Mapsdynamite:202414040000], [Measurementdynamite:202414040000]]
06-19 09:09:35.483 W/PackageManager( 1915): Cannot whitelist unknown permission: android.permission.QUERY_ALL_PACKAGES
06-19 09:09:35.483 W/PackageManager( 1915): Cannot whitelist unknown permission: android.permission.PRE_FACTORY_RESET
06-19 09:09:35.483 W/PackageManager( 1915): Cannot whitelist unknown permission: android.permission.MANAGE_FACTORY_RESET_PROTECTION
06-19 09:09:35.483 W/PackageManager( 1915): Cannot whitelist unknown permission: android.car.permission.CAR_POWER
06-19 09:09:35.483 W/PackageManager( 1915): Cannot whitelist unknown permission: com.google.android.wearable.WRITE_SETTINGS
06-19 09:09:35.483 W/PackageManager( 1915): Cannot whitelist unknown permission: com.felicanetworks.mfc.permission.MFC_ACCESS
06-19 09:09:35.483 W/PackageManager( 1915): Cannot whitelist unknown permission: com.felicanetworks.mfc.mfi.permission.MFI_ACCESS
06-19 09:09:35.483 W/PackageManager( 1915): Cannot whitelist unknown permission: com.google.android.finsky.permission.INSTANT_APP_STATE
06-19 09:09:35.483 W/PackageManager( 1915): Cannot whitelist unknown permission: android.permission.UWB
06-19 09:09:35.483 W/PackageManager( 1915): Cannot whitelist unknown permission: com.google.android.finsky.permission.BIND_GET_INSTALL_REFERRER_SERVICE
06-19 09:09:35.483 W/PackageManager( 1915): Cannot whitelist unknown permission: com.google.android.hangouts.START_HANGOUT
06-19 09:09:35.483 W/PackageManager( 1915): Cannot whitelist unknown permission: android.car.permission.CAR_POWERTRAIN
06-19 09:09:35.483 W/PackageManager( 1915): Cannot whitelist unknown permission: android.car.permission.CAR_ENERGY
06-19 09:09:35.483 W/PackageManager( 1915): Cannot whitelist unknown permission: android.car.permission.CAR_ENERGY_PORTS
06-19 09:09:35.483 W/PackageManager( 1915): Cannot whitelist unknown permission: android.car.permission.CAR_EXTERIOR_LIGHTS
06-19 09:09:35.483 W/PackageManager( 1915): Cannot whitelist unknown permission: android.car.permission.CAR_INFO
06-19 09:09:35.483 W/PackageManager( 1915): Cannot whitelist unknown permission: android.car.permission.CAR_MILEAGE
06-19 09:09:35.483 W/PackageManager( 1915): Cannot whitelist unknown permission: android.car.permission.CAR_TIRES
06-19 09:09:35.483 W/PackageManager( 1915): Cannot whitelist unknown permission: android.car.permission.CONTROL_CAR_CLIMATE
06-19 09:09:35.483 W/PackageManager( 1915): Cannot whitelist unknown permission: android.car.permission.CONTROL_CAR_DOORS
06-19 09:09:35.483 W/PackageManager( 1915): Cannot whitelist unknown permission: android.car.permission.CONTROL_CAR_EXTERIOR_LIGHTS
06-19 09:09:35.483 W/PackageManager( 1915): Cannot whitelist unknown permission: android.car.permission.CONTROL_CAR_MIRRORS
06-19 09:09:35.483 W/PackageManager( 1915): Cannot whitelist unknown permission: android.car.permission.CONTROL_CAR_SEATS
06-19 09:09:35.483 W/PackageManager( 1915): Cannot whitelist unknown permission: android.car.permission.CONTROL_CAR_WINDOWS
06-19 09:09:35.483 W/PackageManager( 1915): Cannot whitelist unknown permission: android.car.permission.READ_CAR_DISPLAY_UNITS
06-19 09:09:35.483 W/PackageManager( 1915): Cannot whitelist unknown permission: com.google.android.finsky.permission.GEARHEAD_SERVICE
06-19 09:09:35.483 W/PackageManager( 1915): Cannot whitelist unknown permission: com.google.android.permission.ACCESSIBILITY_SCAN_SERVICE
06-19 09:09:35.483 W/PackageManager( 1915): Cannot whitelist unknown permission: com.google.android.finsky.permission.ACCESS_INSTANT_APP_NOTIFICATION_ENFORCEMENT
06-19 09:09:35.483 W/PackageManager( 1915): Cannot whitelist unknown permission: com.google.android.clockwork.settings.SHOW_FACTORY_RESET_CONFIRMATION
06-19 09:09:35.483 W/PackageManager( 1915): Cannot whitelist unknown permission: com.google.android.wearable.READ_SETTINGS
06-19 09:09:35.483 W/PackageManager( 1915): Cannot whitelist unknown permission: android.permission.READ_MEDIA_AUDIO
06-19 09:09:35.483 W/PackageManager( 1915): Cannot whitelist unknown permission: android.permission.READ_MEDIA_IMAGES
06-19 09:09:35.483 W/PackageManager( 1915): Cannot whitelist unknown permission: android.permission.READ_MEDIA_VIDEO
06-19 09:09:35.483 W/PackageManager( 1915): Cannot whitelist unknown permission: com.android.vending.setup.PLAY_SETUP_SERVICE
06-19 09:09:35.483 W/PackageManager( 1915): Cannot whitelist unknown permission: com.google.android.gms.game.notifications.permission.WRITE
06-19 09:09:35.483 W/PackageManager( 1915): Cannot whitelist unknown permission: com.google.android.vending.verifier.ACCESS_VERIFIER
06-19 09:09:35.483 I/PackageManager( 1915): Un-granting permission android.permission.CAPTURE_VIDEO_OUTPUT from package com.google.android.gms (protectionLevel=2 flags=0xb0cabe45)
06-19 09:09:35.484 E/ActivityThread( 2055): Failed to find provider info for com.google.android.gsf.gservices
06-19 09:09:35.484 I/PackageManager( 1915): Un-granting permission android.permission.MANAGE_DEVICE_ADMINS from package com.google.android.gms (protectionLevel=2 flags=0xb0cabe45)
06-19 09:09:35.484 I/PackageManager( 1915): Un-granting permission android.permission.MANAGE_ACTIVITY_STACKS from package com.google.android.gms (protectionLevel=2 flags=0xb0cabe45)
06-19 09:09:35.484 I/PackageManager( 1915): Un-granting permission android.permission.CAPTURE_SECURE_VIDEO_OUTPUT from package com.google.android.gms (protectionLevel=2 flags=0xb0cabe45)
06-19 09:09:35.484 I/PackageManager( 1915): Un-granting permission android.permission.MANAGE_ROLLBACKS from package com.google.android.gms (protectionLevel=514 flags=0xb0cabe45)
06-19 09:09:35.484 E/ActivityThread( 2055): Failed to find provider info for com.google.android.gsf.gservices
06-19 09:09:35.495 I/ModuleSetMgr( 2055): Pending container module APKs: []
06-19 09:09:35.495 I/ModuleSetMgr( 2055): Pending non-container module APKs: []
06-19 09:09:35.498 E/ChimeraCfgMgr( 2055): Failed to read module config: java.io.FileNotFoundException: /data/user_de/0/com.google.android.gms/app_chimera/current_config.fb: open failed: ENOENT (No such file or directory)
06-19 09:09:35.498 W/IntentOperation( 2055): Failed to get Chimera config:com.google.android.chimera.config.InvalidConfigException: java.io.FileNotFoundException: /data/user_de/0/com.google.android.gms/app_chimera/current_config.fb: open failed: ENOENT (No such file or directory)
06-19 09:09:35.500 I/chatty  ( 2055): uid=10116 com.google.android.gms.persistent identical 11 lines
06-19 09:09:35.501 E/ActivityThread( 2055): Failed to find provider info for com.google.android.gsf.gservices
06-19 09:09:35.513 W/PackageManager( 1915): Cannot whitelist unknown permission: android.permission.ADD_VOICEMAIL
06-19 09:09:35.513 W/PackageManager( 1915): Cannot whitelist unknown permission: com.google.android.apps.messaging.services.ACCESS_JIBESERVICE
06-19 09:09:35.514 W/PackageManager( 1915): Cannot whitelist unknown permission: android.permission.ADD_VOICEMAIL
06-19 09:09:35.514 W/PackageManager( 1915): Cannot whitelist unknown permission: com.google.android.apps.messaging.services.ACCESS_JIBESERVICE
06-19 09:09:35.515 W/PackageManager( 1915): Cannot whitelist unknown permission: android.permission.ADD_VOICEMAIL
06-19 09:09:35.515 W/PackageManager( 1915): Cannot whitelist unknown permission: com.google.android.apps.messaging.services.ACCESS_JIBESERVICE
06-19 09:09:35.517 W/PackageManager( 1915): Cannot whitelist unknown permission: android.permission.ADD_VOICEMAIL
06-19 09:09:35.517 W/PackageManager( 1915): Cannot whitelist unknown permission: com.google.android.apps.messaging.services.ACCESS_JIBESERVICE
06-19 09:09:35.518 W/PackageManager( 1915): Cannot whitelist unknown permission: android.permission.ADD_VOICEMAIL
06-19 09:09:35.518 W/PackageManager( 1915): Cannot whitelist unknown permission: com.google.android.apps.messaging.services.ACCESS_JIBESERVICE
06-19 09:09:35.524 I/PackageManager( 1915): Un-granting permission com.google.android.googleapps.permission.GOOGLE_AUTH from package com.google.android.videos (protectionLevel=2 flags=0x30dbbe45)
06-19 09:09:35.524 I/chatty  ( 1915): uid=1000(system) Binder:1915_6 identical 1 line
06-19 09:09:35.526 I/PackageManager( 1915): Un-granting permission com.google.android.googleapps.permission.GOOGLE_AUTH from package com.google.android.videos (protectionLevel=2 flags=0x30dbbe45)
06-19 09:09:35.527 W/PackageManager( 1915): Cannot whitelist unknown permission: com.google.android.apps.miphone.aiai.matchmaker.overview.service.BIND_SERVICE
06-19 09:09:35.527 W/PackageManager( 1915): Cannot whitelist unknown permission: com.google.android.as.allapps.SUGGESTION_CONSUMER
06-19 09:09:35.527 W/PackageManager( 1915): Cannot whitelist unknown permission: com.google.android.apps.miphone.aiai.matchmaker.overview.service.BIND_SERVICE
06-19 09:09:35.527 W/PackageManager( 1915): Cannot whitelist unknown permission: com.google.android.as.allapps.SUGGESTION_CONSUMER
06-19 09:09:35.533 W/PackageManager( 1915): Cannot whitelist unknown permission: com.android.vending.BILLING
06-19 09:09:35.533 I/PackageManager( 1915): Un-granting permission android.permission.WRITE_MEDIA_STORAGE from package com.google.android.apps.photos (protectionLevel=18 flags=0x38d9be45)
06-19 09:09:35.535 W/PackageManager( 1915): Cannot whitelist unknown permission: com.android.vending.BILLING
06-19 09:09:35.536 I/PackageManager( 1915): Un-granting permission android.permission.WRITE_MEDIA_STORAGE from package com.google.android.apps.photos (protectionLevel=18 flags=0x38d9be45)
06-19 09:09:35.559 W/PackageManager( 1915): Cannot whitelist unknown permission: com.android.launcher.permission.READ_SETTINGS
06-19 09:09:35.559 W/PackageManager( 1915): Cannot whitelist unknown permission: com.android.launcher.permission.WRITE_SETTINGS
06-19 09:09:35.571 W/PackageManager( 1915): Cannot whitelist unknown permission: com.android.vending.setup.PLAY_SETUP_SERVICE
06-19 09:09:35.573 I/chatty  ( 1915): uid=1000(system) Binder:1915_1 identical 2 lines
06-19 09:09:35.574 W/PackageManager( 1915): Cannot whitelist unknown permission: com.android.vending.setup.PLAY_SETUP_SERVICE
06-19 09:09:35.586 W/PackageManager( 1915): Cannot whitelist unknown permission: com.android.permission.CONNMO_SETTINGS
06-19 09:09:35.586 W/PackageManager( 1915): Cannot whitelist unknown permission: com.android.permission.DCMO_SETTINGS
06-19 09:09:35.586 W/PackageManager( 1915): Cannot whitelist unknown permission: com.android.permission.CONNMO_SETTINGS
06-19 09:09:35.586 W/PackageManager( 1915): Cannot whitelist unknown permission: com.android.permission.DCMO_SETTINGS
06-19 09:09:35.588 E/ActivityThread( 2055): Failed to find provider info for com.google.android.gsf.gservices
06-19 09:09:35.589 E/ActivityThread( 2055): Failed to find provider info for com.google.android.gsf.gservices
06-19 09:09:35.601 W/PackageManager( 1915): Cannot whitelist unknown permission: com.android.permission.BIND_TELEPHONY_NETWORK_SERVICE
06-19 09:09:35.604 I/chatty  ( 1915): uid=1000(system) Binder:1915_1 identical 2 lines
06-19 09:09:35.605 W/PackageManager( 1915): Cannot whitelist unknown permission: com.android.permission.BIND_TELEPHONY_NETWORK_SERVICE
06-19 09:09:35.636 W/PackageManager( 1915): Cannot whitelist unknown permission: com.google.restricted_assist_gesture.permission.RESTRICTED_ASSIST_GESTURE_PROVIDER
06-19 09:09:35.636 W/PackageManager( 1915): Cannot whitelist unknown permission: com.google.android.apps.dreamliner.permission.DREAMLINER_SERVICE
06-19 09:09:35.637 W/PackageManager( 1915): Cannot whitelist unknown permission: android.car.permission.CONTROL_CAR_CLIMATE
06-19 09:09:35.637 W/PackageManager( 1915): Cannot whitelist unknown permission: android.car.permission.CAR_DRIVING_STATE
06-19 09:09:35.637 W/PackageManager( 1915): Cannot whitelist unknown permission: android.car.permission.CAR_CONTROL_AUDIO_VOLUME
06-19 09:09:35.646 W/PackageManager( 1915): Cannot whitelist unknown permission: com.google.restricted_assist_gesture.permission.RESTRICTED_ASSIST_GESTURE_PROVIDER
06-19 09:09:35.646 W/PackageManager( 1915): Cannot whitelist unknown permission: com.google.android.apps.dreamliner.permission.DREAMLINER_SERVICE
06-19 09:09:35.646 W/PackageManager( 1915): Cannot whitelist unknown permission: android.car.permission.CONTROL_CAR_CLIMATE
06-19 09:09:35.646 W/PackageManager( 1915): Cannot whitelist unknown permission: android.car.permission.CAR_DRIVING_STATE
06-19 09:09:35.646 W/PackageManager( 1915): Cannot whitelist unknown permission: android.car.permission.CAR_CONTROL_AUDIO_VOLUME
06-19 09:09:35.652 W/PackageManager( 1915): Cannot whitelist unknown permission: com.google.android.gallery3d.permission.GALLERY_PROVIDER
06-19 09:09:35.652 W/PackageManager( 1915): Cannot whitelist unknown permission: com.android.gallery3d.permission.GALLERY_PROVIDER
06-19 09:09:35.653 W/PackageManager( 1915): Cannot whitelist unknown permission: com.google.android.gallery3d.permission.GALLERY_PROVIDER
06-19 09:09:35.653 W/PackageManager( 1915): Cannot whitelist unknown permission: com.android.gallery3d.permission.GALLERY_PROVIDER
06-19 09:09:35.653 W/PackageManager( 1915): Cannot whitelist unknown permission: com.google.android.gallery3d.permission.GALLERY_PROVIDER
06-19 09:09:35.653 W/PackageManager( 1915): Cannot whitelist unknown permission: com.android.gallery3d.permission.GALLERY_PROVIDER
06-19 09:09:35.654 W/PackageManager( 1915): Cannot whitelist unknown permission: com.google.android.gallery3d.permission.GALLERY_PROVIDER
06-19 09:09:35.654 W/PackageManager( 1915): Cannot whitelist unknown permission: com.android.gallery3d.permission.GALLERY_PROVIDER
06-19 09:09:35.656 W/PackageManager( 1915): Cannot whitelist unknown permission: com.google.android.gallery3d.permission.GALLERY_PROVIDER
06-19 09:09:35.656 W/PackageManager( 1915): Cannot whitelist unknown permission: com.android.gallery3d.permission.GALLERY_PROVIDER
06-19 09:09:35.656 W/PackageManager( 1915): Cannot whitelist unknown permission: com.google.android.gallery3d.permission.GALLERY_PROVIDER
06-19 09:09:35.656 W/PackageManager( 1915): Cannot whitelist unknown permission: com.android.gallery3d.permission.GALLERY_PROVIDER
06-19 09:09:35.657 W/PackageManager( 1915): Cannot whitelist unknown permission: com.google.android.gallery3d.permission.GALLERY_PROVIDER
06-19 09:09:35.657 W/PackageManager( 1915): Cannot whitelist unknown permission: com.android.gallery3d.permission.GALLERY_PROVIDER
06-19 09:09:35.662 W/PackageManager( 1915): Cannot whitelist unknown permission: com.android.vending.setup.PLAY_SETUP_SERVICE
06-19 09:09:35.754 I/RuntimePermissionsUpgradeController( 2084): Grandfathering SMS and CallLog permissions
06-19 09:09:35.759 I/RuntimePermissionsUpgradeController( 2084): Grandfathering location background permissions
06-19 09:09:35.760 I/RuntimePermissionsUpgradeController( 2084): Grandfathering Storage permissions
06-19 09:09:35.663 W/PackageManager( 1915): Cannot whitelist unknown permission: com.android.vending.setup.PLAY_SETUP_SERVICE
06-19 09:09:35.764 W/PackageManager( 1915): Cannot whitelist unknown permission: com.android.vending.BILLING
06-19 09:09:35.766 I/RuntimePermissionsUpgradeController( 2084): Not expanding location permissions as this is not an upgrade from Android P
06-19 09:09:35.769 D/vold    ( 1574): Remounting 10145 as mode default
06-19 09:09:35.771 D/vold    ( 1574): Remounting 10122 as mode default
06-19 09:09:35.774 W/SystemServiceManager( 1915): Service com.android.server.policy.PermissionPolicyService took 893 ms in onBootPhase
06-19 09:09:35.774 D/vold    ( 1574): Remounting 10131 as mode write
06-19 09:09:35.775 D/vold    ( 1574): Remounting 10127 as mode write
06-19 09:09:35.775 D/vold    ( 1574): Remounting 10111 as mode default
06-19 09:09:35.776 D/vold    ( 1574): Remounting 10135 as mode write
06-19 09:09:35.776 D/vold    ( 1574): Remounting 10098 as mode default
06-19 09:09:35.776 D/vold    ( 1574): Remounting 10143 as mode default
06-19 09:09:35.777 D/vold    ( 1574): Remounting 10137 as mode default
06-19 09:09:35.778 D/vold    ( 1574): Remounting 10141 as mode write
06-19 09:09:35.778 D/vold    ( 1574): Remounting 10106 as mode default
06-19 09:09:35.779 D/vold    ( 1574): Remounting 10116 as mode write
06-19 09:09:35.779 D/vold    ( 1574): Found matching PID 2055
06-19 09:09:35.780 D/SystemServerTiming( 1915): StartActivityManagerReadyPhase took to complete: 941ms
06-19 09:09:35.780 I/SystemServer( 1915): StartObservingNativeCrashes
06-19 09:09:35.781 D/SystemServerTiming( 1915): StartObservingNativeCrashes took to complete: 1ms
06-19 09:09:35.781 D/SystemServerInitThreadPool( 1915): Started executing WebViewFactoryPreparation
06-19 09:09:35.781 I/SystemServer( 1915): WebViewFactoryPreparation
06-19 09:09:35.781 I/WebViewUpdateServiceImpl( 1915): One-time migration: enabling com.google.android.webview
06-19 09:09:35.781 I/SystemServer( 1915): StartSystemUI
06-19 09:09:35.783 V/SystemUIService( 2063): Starting SystemUI services for user 0.
06-19 09:09:35.785 D/SystemUIBootTiming( 2063): StartServicescom.android.systemui.Dependency$DependencyCreator took to complete: 2ms
06-19 09:09:35.787 D/SystemUIBootTiming( 2063): StartServicescom.android.systemui.util.NotificationChannels took to complete: 2ms
06-19 09:09:35.788 D/SystemServerTiming( 1915): StartSystemUI took to complete: 7ms
06-19 09:09:35.788 I/SystemServer( 1915): MakeNetworkManagementServiceReady
06-19 09:09:35.788 W/NetworkManagement( 1915): setDataSaverMode(): already false
06-19 09:09:35.788 I/netd    ( 1660): firewallSetFirewallType(1) <0.01ms>
06-19 09:09:35.789 D/SystemServerTimingAsync( 1915): WebViewFactoryPreparation took to complete: 8ms
06-19 09:09:35.789 D/SystemServerInitThreadPool( 1915): Finished executing WebViewFactoryPreparation
06-19 09:09:35.790 D/SystemUIBootTiming( 2063): StartServicescom.android.systemui.statusbar.CommandQueue$CommandQueueStart took to complete: 3ms
06-19 09:09:35.803 D/SystemServerTiming( 1915): MakeNetworkManagementServiceReady took to complete: 11ms
06-19 09:09:35.803 I/SystemServer( 1915): MakeIpSecServiceReady
06-19 09:09:35.805 I/netd    ( 1660): isAlive() -> {"true"} <0.02ms>
06-19 09:09:35.805 D/IpSecService( 1915): IpSecService is ready
06-19 09:09:35.805 D/SystemServerTiming( 1915): MakeIpSecServiceReady took to complete: 2ms
06-19 09:09:35.805 I/SystemServer( 1915): MakeNetworkStatsServiceReady
06-19 09:09:35.809 W/BestClock( 1915): java.time.DateTimeException: Missing NTP fix
06-19 09:09:35.811 V/MediaRouter( 2063): Selecting route: RouteInfo{ name=Phone, description=null, status=null, category=RouteCategory{ name=System types=ROUTE_TYPE_LIVE_AUDIO ROUTE_TYPE_LIVE_VIDEO  groupable=false }, supportedTypes=ROUTE_TYPE_LIVE_AUDIO ROUTE_TYPE_LIVE_VIDEO , presentationDisplay=null }
06-19 09:09:35.814 W/NetworkPolicy( 1915): setRestrictBackgroundUL: already false
06-19 09:09:35.825 D/vold    ( 1574): Remounting 10116 as mode write
06-19 09:09:35.825 D/vold    ( 1574): Found matching PID 2055
06-19 09:09:35.830 D/Zygote  ( 1662): Forked child process 2217
06-19 09:09:35.834 I/netd    ( 1660): trafficSwapActiveStatsMap() <24.43ms>
06-19 09:09:35.834 I/netd    ( 1660): firewallReplaceUidChain("fw_standby", "false", []) -> {"true"} <18.80ms>
06-19 09:09:35.837 W/BestClock( 1915): java.time.DateTimeException: Missing NTP fix
06-19 09:09:35.837 I/netd    ( 1660): firewallEnableChildChain(2, "true") <0.02ms>
06-19 09:09:35.837 I/netd    ( 1660): socketDestroy([]) <0.10ms>
06-19 09:09:35.850 I/netd    ( 1660): tetherGetStats() <1.65ms>
06-19 09:09:35.852 W/WebViewLoader-( 2217): Unexpected CPU variant for X86 using defaults: x86_64
06-19 09:09:35.853 W/ActivityManager( 1915): Slow operation: 65ms so far, now at startProcess: returned from zygote!
06-19 09:09:35.853 W/ActivityManager( 1915): Slow operation: 65ms so far, now at startProcess: done updating battery stats
06-19 09:09:35.853 W/ActivityManager( 1915): Slow operation: 65ms so far, now at startProcess: building log message
06-19 09:09:35.853 I/ActivityManager( 1915): Start proc 2217:WebViewLoader-x86/1037 [android.webkit.WebViewLibraryLoader$RelroFileCreator] for null
06-19 09:09:35.853 W/ActivityManager( 1915): Slow operation: 65ms so far, now at startProcess: starting to update pids map
06-19 09:09:35.853 W/ActivityManager( 1915): Slow operation: 65ms so far, now at startProcess: done updating pids map
06-19 09:09:35.853 W/ActivityManager( 1915): Slow operation: 65ms so far, now at startProcess: asking zygote to start proc
06-19 09:09:35.856 D/Zygote  ( 1661): Forked child process 2229
06-19 09:09:35.858 I/netd    ( 1660): bandwidthSetGlobalAlert(2097152) <0.45ms>
06-19 09:09:35.858 D/SystemServerTiming( 1915): MakeNetworkStatsServiceReady took to complete: 53ms
06-19 09:09:35.858 I/SystemServer( 1915): MakeConnectivityServiceReady
06-19 09:09:35.858 D/ConnectivityService( 1915): requestNetwork for uid/pid:1000/1915 NetworkRequest [ REQUEST id=7, [ Capabilities: INTERNET&NOT_RESTRICTED&TRUSTED&NOT_VPN] ]
06-19 09:09:35.858 D/PermissionMonitor( 1915): Monitoring
06-19 09:09:35.861 D/PermissionMonitor( 1915): Users: 1, Apps: 34
06-19 09:09:35.861 I/netd    ( 1660): networkSetPermissionForUser(1, [10144]) <0.01ms>
06-19 09:09:35.861 I/netd    ( 1660): networkSetPermissionForUser(2, [10113,10114,1027,10116,10055,10119,10120,10122,10123,10059,10126,10062,10127,10128,2000,10129,10131,10132,10135,10141,10142,10143,10082,1000,1001,1002,1073,10100,10104,10105,10106,10109,10111]) <0.02ms>
06-19 09:09:35.861 I/netd    ( 1660): trafficSetNetPermForUids(12, [1001,1002,1013,10055,10114,10116]) <0.02ms>
06-19 09:09:35.862 I/netd    ( 1660): trafficSetNetPermForUids(4, [1000,1027,1073,2000,10056,10060,10061,10062,10064,10082,10083,10088,10090,10091,10093,10094,10095,10098,10100,10101,10102,10104,10105,10106,10109,10111,10113,10115,10118,10120,10122,10126,10127,10128,10129,10130,10131,10132,10133,10135,10136,10137,10138,10139,10140,10141,10142,10143,10144,10145]) <0.05ms>
06-19 09:09:35.862 I/netd    ( 1660): trafficSetNetPermForUids(8, [1041,1047]) <0.01ms>
06-19 09:09:35.862 I/netd    ( 1660): trafficSetNetPermForUids(0, [1003,1063,1066,1067,1068,10000,10001,10002,10003,10004,10005,10006,10007,10008,10009,10010,10011,10012,10013,10014,10015,10016,10017,10018,10019,10020,10021,10022,10023,10024,10025,10026,10027,10028,10029,10030,10031,10032,10033,10034,10035,10036,10037,10038,10039,10040,10041,10042,10043,10044,10045,10046,10047,10048,10049,10050,10051,10052,10053,10054,10057,10058,10059,10063,10065,10066,10067,10068,10069,10070,10071,10072,10073,10074,10075,10076,10077,10078,10079,10080,10081,10084,10085,10086,10087,10089,10092,10096,10097,10099,10103,10107,10108,10110,10112,10117,10119,10121,10123,10125,10134]) <0.06ms>
06-19 09:09:35.862 D/SystemServerTiming( 1915): MakeConnectivityServiceReady took to complete: 4ms
06-19 09:09:35.862 I/SystemServer( 1915): MakeNetworkPolicyServiceReady
06-19 09:09:35.862 D/SystemServerTiming( 1915): MakeNetworkPolicyServiceReady took to complete: 0ms
06-19 09:09:35.862 I/SystemServer( 1915): PhaseThirdPartyAppsCanStart
06-19 09:09:35.862 I/SystemServiceManager( 1915): Starting phase 600
06-19 09:09:35.862 I/ExplicitHealthCheckController( 1915): Explicit health checks enabled.
06-19 09:09:35.862 I/PackageWatchdog( 1915): Syncing state, reason: health check state enabled
06-19 09:09:35.863 I/PackageWatchdog( 1915): Not pruning observers, elapsed time: 0ms
06-19 09:09:35.863 I/PackageWatchdog( 1915): Cancelling state sync, nothing to sync
06-19 09:09:35.863 W/ActivityManager( 1915): Slow operation: 75ms so far, now at startProcess: returned from zygote!
06-19 09:09:35.863 W/ActivityManager( 1915): Slow operation: 75ms so far, now at startProcess: done updating battery stats
06-19 09:09:35.863 W/ActivityManager( 1915): Slow operation: 75ms so far, now at startProcess: building log message
06-19 09:09:35.863 I/ActivityManager( 1915): Start proc 2229:WebViewLoader-x86_64/1037 [android.webkit.WebViewLibraryLoader$RelroFileCreator] for null
