06-19 09:09:34.946 I/OMXMaster( 1763): makeComponentInstance(OMX.google.amrwb.encoder) in android.hardwar process
06-19 09:09:34.949 I/OMXClient( 1759): IOmx service obtained
06-19 09:09:34.949 I/OMXMaster( 1763): makeComponentInstance(OMX.google.flac.encoder) in android.hardwar process
06-19 09:09:34.951 I/OMXClient( 1759): IOmx service obtained
06-19 09:09:34.951 I/OMXMaster( 1763): makeComponentInstance(OMX.android.goldfish.h264.decoder) in android.hardwar process
06-19 09:09:34.951 I/GoldfishOMXPlugin( 1763): makeComponentInstance 'OMX.android.goldfish.h264.decoder'
06-19 09:09:34.951 I/GoldfishOMXPlugin( 1763): Using goldfish codec for 'avcdec'
06-19 09:09:34.959 I/goldfish_avcdec( 1763): created GoldfishAVCDec 98 object 0xef16a000
06-19 09:09:34.961 E/OMXNodeInstance( 1763): getExtensionIndex(0xef13b000:android.goldfish.h264.decoder, OMX.google.android.index.configureVideoTunnelMode) ERROR: UnsupportedIndex(0x8000101a)
06-19 09:09:34.961 D/MediaCodecInfo( 1759): detail feature-tunneled-playback wasn't present to remove
06-19 09:09:34.961 W/OMXNodeInstance( 1763): [0xef13b000:android.goldfish.h264.decoder] component does not support metadata mode; using fallback
06-19 09:09:34.961 D/PackageManager( 1915): Instant App installer not found with android.intent.action.INSTALL_INSTANT_APP_PACKAGE
06-19 09:09:34.961 D/PackageManager( 1915): Clear ephemeral installer activity
06-19 09:09:34.964 W/ContextImpl( 2055): Failed to ensure /data/user/0/com.google.android.gms/cache: mkdir failed: ENOENT (No such file or directory)
06-19 09:09:34.964 W/ContextImpl( 2055): Failed to update user.inode_cache: stat failed: ENOENT (No such file or directory)
06-19 09:09:34.968 I/OMXClient( 1759): IOmx service obtained
06-19 09:09:34.968 I/OMXMaster( 1763): makeComponentInstance(OMX.google.h264.decoder) in android.hardwar process
06-19 09:09:34.969 E/OMXNodeInstance( 1763): getExtensionIndex(0xef13b000:google.h264.decoder, OMX.google.android.index.configureVideoTunnelMode) ERROR: UnsupportedIndex(0x8000101a)
06-19 09:09:34.969 D/MediaCodecInfo( 1759): detail feature-tunneled-playback wasn't present to remove
06-19 09:09:34.970 E/OMXNodeInstance( 1763): getExtensionIndex(0xef13b000:google.h264.decoder, OMX.google.android.index.enableAndroidNativeBuffers) ERROR: UnsupportedIndex(0x8000101a)
06-19 09:09:34.970 W/StorageManagerService( 1915): No primary storage defined yet; hacking together a stub
06-19 09:09:34.974 I/SystemConfig( 2084): Adding association: com.google.android.as <- com.android.providers.contacts
06-19 09:09:34.974 I/SystemConfig( 2084): Adding association: com.google.android.as <- com.android.providers.media
06-19 09:09:34.974 I/SystemConfig( 2084): Adding association: com.google.android.as <- com.android.providers.telephony
06-19 09:09:34.974 I/SystemConfig( 2084): Adding association: com.google.android.as <- com.android.systemui
06-19 09:09:34.974 I/SystemConfig( 2084): Adding association: com.google.android.as <- com.google.android.gms
06-19 09:09:34.974 I/SystemConfig( 2084): Adding association: com.google.android.as <- com.google.android.gsf
06-19 09:09:34.977 W/SystemConfig( 2084): No directory /product_services/etc/sysconfig, skipping
06-19 09:09:34.977 W/SystemConfig( 2084): No directory /product_services/etc/permissions, skipping
06-19 09:09:34.983 W/AlarmManager( 2063): Unrecognized alarm listener com.android.systemui.keyguard.-$$Lambda$KeyguardSliceProvider$IhzByd8TsqFuOrSyuGurVskyPLo@6178d3b
06-19 09:09:34.987 I/OMXClient( 1759): IOmx service obtained
06-19 09:09:34.987 I/OMXMaster( 1763): makeComponentInstance(OMX.google.h263.decoder) in android.hardwar process
06-19 09:09:34.989 E/OMXNodeInstance( 1763): getExtensionIndex(0xef13b000:google.h263.decoder, OMX.google.android.index.configureVideoTunnelMode) ERROR: UnsupportedIndex(0x8000101a)
06-19 09:09:34.989 D/MediaCodecInfo( 1759): detail feature-tunneled-playback wasn't present to remove
06-19 09:09:34.989 E/OMXNodeInstance( 1763): getExtensionIndex(0xef13b000:google.h263.decoder, OMX.google.android.index.enableAndroidNativeBuffers) ERROR: UnsupportedIndex(0x8000101a)
06-19 09:09:35.008 I/OMXClient( 1759): IOmx service obtained
06-19 09:09:35.008 I/OMXMaster( 1763): makeComponentInstance(OMX.google.hevc.decoder) in android.hardwar process
06-19 09:09:35.011 E/OMXNodeInstance( 1763): getExtensionIndex(0xef13b000:google.hevc.decoder, OMX.google.android.index.configureVideoTunnelMode) ERROR: UnsupportedIndex(0x8000101a)
06-19 09:09:35.011 D/MediaCodecInfo( 1759): detail feature-tunneled-playback wasn't present to remove
06-19 09:09:35.011 E/OMXNodeInstance( 1763): getExtensionIndex(0xef13b000:google.hevc.decoder, OMX.google.android.index.enableAndroidNativeBuffers) ERROR: UnsupportedIndex(0x8000101a)
06-19 09:09:35.016 I/OMXClient( 1759): IOmx service obtained
06-19 09:09:35.016 I/OMXMaster( 1763): makeComponentInstance(OMX.google.mpeg4.decoder) in android.hardwar process
06-19 09:09:35.017 E/OMXNodeInstance( 1763): getExtensionIndex(0xef13b000:google.mpeg4.decoder, OMX.google.android.index.configureVideoTunnelMode) ERROR: UnsupportedIndex(0x8000101a)
06-19 09:09:35.017 D/MediaCodecInfo( 1759): detail feature-tunneled-playback wasn't present to remove
06-19 09:09:35.017 E/OMXNodeInstance( 1763): getExtensionIndex(0xef13b000:google.mpeg4.decoder, OMX.google.android.index.enableAndroidNativeBuffers) ERROR: UnsupportedIndex(0x8000101a)
06-19 09:09:35.018 E/ActivityThread( 2055): Failed to find provider info for com.google.android.gsf.gservices
06-19 09:09:35.025 I/OMXClient( 1759): IOmx service obtained
06-19 09:09:35.025 I/OMXMaster( 1763): makeComponentInstance(OMX.android.goldfish.vp8.decoder) in android.hardwar process
06-19 09:09:35.025 I/GoldfishOMXPlugin( 1763): makeComponentInstance 'OMX.android.goldfish.vp8.decoder'
06-19 09:09:35.025 I/GoldfishOMXPlugin( 1763): Using goldfish codec for 'vpxdec'
06-19 09:09:35.026 I/goldfish_vpxdec( 1763): calling constructor of GoldfishVPX
06-19 09:09:35.026 E/OMXNodeInstance( 1763): getExtensionIndex(0xef13b000:android.goldfish.vp8.decoder, OMX.google.android.index.configureVideoTunnelMode) ERROR: UnsupportedIndex(0x8000101a)
06-19 09:09:35.026 D/MediaCodecInfo( 1759): detail feature-tunneled-playback wasn't present to remove
06-19 09:09:35.026 W/OMXNodeInstance( 1763): [0xef13b000:android.goldfish.vp8.decoder] component does not support metadata mode; using fallback
06-19 09:09:35.027 D/ProtoStore( 2063): no cached data
06-19 09:09:35.027 D/ProtoStore( 2063): no cached data
06-19 09:09:35.031 W/DirectBootExitBR( 2055): User is in direct boot mode.
06-19 09:09:35.032 I/goldfish_vpxdec( 1763): calling destructor of GoldfishVPX
06-19 09:09:35.033 D/WifiController( 1915): DEFERRED_TOGGLE handled
06-19 09:09:35.033 D/WifiController( 1915): StaEnabledState.enter()
06-19 09:09:35.033 D/WifiActiveModeWarden( 1915): Switching from ScanOnlyModeActiveState to ClientMode
06-19 09:09:35.033 D/WifiScanOnlyModeManager( 1915):  currentstate: StartedState
06-19 09:09:35.033 D/WifiScanRequestProxy( 1915): Sending scan available broadcast: false
06-19 09:09:35.033 I/WifiScanningService( 1915): wifi driver unloaded
06-19 09:09:35.032 I/chatty  ( 2055): uid=10116 com.google.android.gms.persistent identical 4 lines
06-19 09:09:35.032 E/ActivityThread( 2055): Failed to find provider info for com.google.android.gsf.gservices
06-19 09:09:35.033 W/wificond( 1762): No pno scan started
06-19 09:09:35.033 E/wificond( 1762): Receive ERROR message in response to 'stop scheduled scan' request: Operation not supported on transport endpoint
06-19 09:09:35.034 I/WifiScanRequestProxy( 1915): Scanning is disabled
06-19 09:09:35.034 D/WifiActiveModeWarden( 1915): Entering ClientModeActiveState
06-19 09:09:35.034 D/WifiClientModeManager( 1915): entering IdleState
06-19 09:09:35.034 D/WakeupController( 1915): stop()
06-19 09:09:35.040 I/OMXClient( 1759): IOmx service obtained
06-19 09:09:35.040 I/OMXMaster( 1763): makeComponentInstance(OMX.google.vp8.decoder) in android.hardwar process
06-19 09:09:35.044 E/OMXNodeInstance( 1763): getExtensionIndex(0xef13b000:google.vp8.decoder, OMX.google.android.index.configureVideoTunnelMode) ERROR: UnsupportedIndex(0x8000101a)
06-19 09:09:35.044 D/MediaCodecInfo( 1759): detail feature-tunneled-playback wasn't present to remove
06-19 09:09:35.044 E/OMXNodeInstance( 1763): getExtensionIndex(0xef13b000:google.vp8.decoder, OMX.google.android.index.enableAndroidNativeBuffers) ERROR: UnsupportedIndex(0x8000101a)
06-19 09:09:35.045 E/ActivityThread( 2055): Failed to find provider info for com.google.android.gsf.gservices
06-19 09:09:35.045 E/ActivityThread( 2055): Failed to find provider info for com.google.android.gsf.gservices
06-19 09:09:35.046 W/android.hardware.wifi@1.0-service( 1697): No active wlan interfaces in use! Using default
06-19 09:09:35.047 I/wificond( 1762): Unsubscribe scan result for interface with index: 3
06-19 09:09:35.050 D/WificondControl( 1915): tearing down interfaces in wificond
06-19 09:09:35.050 E/ActivityThread( 2055): Failed to find provider info for com.google.android.gsf.gservices
06-19 09:09:35.052 E/ActivityThread( 2055): Failed to find provider info for com.google.android.gsf.gservices
06-19 09:09:35.055 I/android.hardware.wifi@1.0-service( 1697): Legacy HAL stop complete callback received
06-19 09:09:35.055 I/android.hardware.wifi@1.0-service( 1697): Wifi HAL stopped
06-19 09:09:35.056 I/WifiVendorHal( 1915): Vendor Hal stopped
06-19 09:09:35.056 I/WifiNative( 1915): Successfully torn down Iface:{Name=wlan0,Id=0,Type=STA_SCAN}
06-19 09:09:35.056 E/HalDevMgr( 1915): getAllChipInfo: called but mWifi is null!?
06-19 09:09:35.056 E/HalDevMgr( 1915): dispatchAvailableForRequestListeners: no chip info found
06-19 09:09:35.056 W/HalDevMgr( 1915): stopWifi called but mWifi is null!?
06-19 09:09:35.056 I/WifiNative( 1915): Successfully initiated teardown for iface=wlan0
06-19 09:09:35.056 D/WifiScanOnlyModeManager( 1915): expected stop, not triggering callbacks: state = 1
06-19 09:09:35.056 D/WifiActiveModeWarden( 1915): State changed from client mode. state = 2
06-19 09:09:35.056 W/HalDevMgr( 1915): isWifiStarted called but mWifi is null!?
06-19 09:09:35.057 I/android_os_HwBinder( 1915): HwBinder: Starting thread pool for getting: android.hardware.wifi@1.0::IWifi/default
06-19 09:09:35.058 I/GmsApplication( 2055): Staging modules and/or updating config
06-19 09:09:35.059 E/ActivityThread( 2055): Failed to find provider info for com.google.android.gsf.gservices
06-19 09:09:35.059 E/ChimeraCfgMgr( 2055): Failed to read module config: java.io.FileNotFoundException: /data/user_de/0/com.google.android.gms/app_chimera/current_config.fb: open failed: ENOENT (No such file or directory)
06-19 09:09:35.060 I/android.hardware.wifi@1.0-service( 1697): Wifi HAL started
06-19 09:09:35.060 I/WifiVendorHal( 1915): Vendor Hal started successfully
06-19 09:09:35.060 I/android_os_HwBinder( 1915): HwBinder: Starting thread pool for getting: android.hidl.manager@1.0::IServiceManager/default
06-19 09:09:35.061 I/hwservicemanager( 1567): getTransport: Cannot find entry android.hardware.wifi.supplicant@1.1::ISupplicant/default in either framework or device manifest.
06-19 09:09:35.061 I/SupplicantStaIfaceHal( 1915): Starting supplicant using init
06-19 09:09:35.065 I/WifiP2pNative( 1915): Registering for interface available listener
06-19 09:09:35.066 I/GmsApplication( 2055): Staging modules
06-19 09:09:35.067 I/FileApkMgr( 2055): Extracting modules...
06-19 09:09:35.069 E/ConfigFileUtils( 2055): Failed to read config file: /data/user_de/0/com.google.android.gms/app_chimera/current_fileapks.pb: open failed: ENOENT (No such file or directory)
06-19 09:09:35.070 I/OMXClient( 1759): IOmx service obtained
06-19 09:09:35.070 I/OMXMaster( 1763): makeComponentInstance(OMX.android.goldfish.vp9.decoder) in android.hardwar process
06-19 09:09:35.070 I/GoldfishOMXPlugin( 1763): makeComponentInstance 'OMX.android.goldfish.vp9.decoder'
06-19 09:09:35.070 I/GoldfishOMXPlugin( 1763): Using goldfish codec for 'vpxdec'
06-19 09:09:35.070 I/goldfish_vpxdec( 1763): calling constructor of GoldfishVPX
06-19 09:09:35.070 E/OMXNodeInstance( 1763): getExtensionIndex(0xef13b000:android.goldfish.vp9.decoder, OMX.google.android.index.configureVideoTunnelMode) ERROR: UnsupportedIndex(0x8000101a)
06-19 09:09:35.070 D/MediaCodecInfo( 1759): detail feature-tunneled-playback wasn't present to remove
06-19 09:09:35.070 W/OMXNodeInstance( 1763): [0xef13b000:android.goldfish.vp9.decoder] component does not support metadata mode; using fallback
06-19 09:09:35.074 D/WifiP2pNative( 1915): P2P InterfaceAvailableListener true
06-19 09:09:35.074 D/WifiP2pService( 1915): Wifi enabled=false, P2P Interface availability=true, Number of clients=0
06-19 09:09:35.074 D/WifiP2pService( 1915): Wifi enabled=false, P2P Interface availability=true
06-19 09:09:35.075 I/goldfish_vpxdec( 1763): calling destructor of GoldfishVPX
06-19 09:09:35.075 I/OMXClient( 1759): IOmx service obtained
06-19 09:09:35.075 I/OMXMaster( 1763): makeComponentInstance(OMX.google.vp9.decoder) in android.hardwar process
06-19 09:09:35.076 E/OMXNodeInstance( 1763): getExtensionIndex(0xef13b000:google.vp9.decoder, OMX.google.android.index.configureVideoTunnelMode) ERROR: UnsupportedIndex(0x8000101a)
06-19 09:09:35.076 D/MediaCodecInfo( 1759): detail feature-tunneled-playback wasn't present to remove
06-19 09:09:35.076 E/OMXNodeInstance( 1763): getExtensionIndex(0xef13b000:google.vp9.decoder, OMX.google.android.index.enableAndroidNativeBuffers) ERROR: UnsupportedIndex(0x8000101a)
06-19 09:09:35.077 I/OMXClient( 1759): IOmx service obtained
06-19 09:09:35.077 I/OMXMaster( 1763): makeComponentInstance(OMX.google.h264.encoder) in android.hardwar process
06-19 09:09:35.078 W/OMXUtils( 1759): do not know color format 0x7f000789 = 2130708361
06-19 09:09:35.079 E/ActivityThread( 2055): Failed to find provider info for com.google.android.gsf.gservices
06-19 09:09:35.089 I/OMXClient( 1759): IOmx service obtained
06-19 09:09:35.089 I/OMXMaster( 1763): makeComponentInstance(OMX.google.h263.encoder) in android.hardwar process
06-19 09:09:35.090 I/SoftMPEG4Encoder( 1763): Construct SoftMPEG4Encoder
06-19 09:09:35.091 W/OMXUtils( 1759): do not know color format 0x7f000789 = 2130708361
06-19 09:09:35.091 E/OMXNodeInstance( 1763): getConfig(0xf1318d80:google.h263.encoder, ConfigAndroidIntraRefresh(0x6f60000a)) ERROR: Undefined(0x80001001)
06-19 09:09:35.091 E/OMXNodeInstance( 1763): getParameter(0xf1318d80:google.h263.encoder, ParamVideoIntraRefresh(0x6000006)) ERROR: UnsupportedIndex(0x8000101a)
06-19 09:09:35.091 D/MediaCodecInfo( 1759): detail feature-frame-parsing wasn't present to remove
06-19 09:09:35.092 I/OMXClient( 1759): IOmx service obtained
06-19 09:09:35.092 I/OMXMaster( 1763): makeComponentInstance(OMX.google.mpeg4.encoder) in android.hardwar process
06-19 09:09:35.092 I/SoftMPEG4Encoder( 1763): Construct SoftMPEG4Encoder
06-19 09:09:35.092 W/OMXUtils( 1759): do not know color format 0x7f000789 = 2130708361
06-19 09:09:35.092 E/OMXNodeInstance( 1763): getConfig(0xf1318d80:google.mpeg4.encoder, ConfigAndroidIntraRefresh(0x6f60000a)) ERROR: Undefined(0x80001001)
06-19 09:09:35.092 E/OMXNodeInstance( 1763): getParameter(0xf1318d80:google.mpeg4.encoder, ParamVideoIntraRefresh(0x6000006)) ERROR: UnsupportedIndex(0x8000101a)
06-19 09:09:35.092 D/MediaCodecInfo( 1759): detail feature-frame-parsing wasn't present to remove
06-19 09:09:35.095 I/hostapd ( 1798): wlan1: interface state COUNTRY_UPDATE->HT_SCAN
06-19 09:09:35.102 I/OMXClient( 1759): IOmx service obtained
06-19 09:09:35.102 I/OMXMaster( 1763): makeComponentInstance(OMX.google.vp8.encoder) in android.hardwar process
06-19 09:09:35.103 W/OMXUtils( 1759): do not know color format 0x7f000789 = 2130708361
06-19 09:09:35.103 E/OMXNodeInstance( 1763): getConfig(0xf1318d80:google.vp8.encoder, ConfigAndroidIntraRefresh(0x6f60000a)) ERROR: Undefined(0x80001001)
06-19 09:09:35.103 E/OMXNodeInstance( 1763): getParameter(0xf1318d80:google.vp8.encoder, ParamVideoIntraRefresh(0x6000006)) ERROR: UnsupportedIndex(0x8000101a)
06-19 09:09:35.103 D/MediaCodecInfo( 1759): detail feature-frame-parsing wasn't present to remove
06-19 09:09:35.110 D/MediaCodecList( 1759): ignored a null builder
06-19 09:09:35.111 I/OMXClient( 1915): IOmx service obtained
06-19 09:09:35.111 I/OMXMaster( 1763): makeComponentInstance(OMX.google.vorbis.decoder) in android.hardwar process
06-19 09:09:35.111 E/OMXNodeInstance( 1763): getConfig(0xf1318d80:google.vorbis.decoder, ConfigAndroidVendorExtension(0x6f100004)) ERROR: Undefined(0x80001001)
06-19 09:09:35.079 E/ActivityThread( 2055): Failed to find provider info for com.google.android.gsf.gservices
06-19 09:09:35.125 I/SystemConfig( 2055): Adding association: com.google.android.as <- com.android.providers.contacts
06-19 09:09:35.126 I/SystemConfig( 2055): Adding association: com.google.android.as <- com.android.providers.media
06-19 09:09:35.126 I/SystemConfig( 2055): Adding association: com.google.android.as <- com.android.providers.telephony
06-19 09:09:35.126 I/SystemConfig( 2055): Adding association: com.google.android.as <- com.android.systemui
06-19 09:09:35.126 I/SystemConfig( 2055): Adding association: com.google.android.as <- com.google.android.gms
06-19 09:09:35.126 I/SystemConfig( 2055): Adding association: com.google.android.as <- com.google.android.gsf
06-19 09:09:35.129 W/SystemConfig( 2055): No directory /product_services/etc/sysconfig, skipping
06-19 09:09:35.129 W/SystemConfig( 2055): No directory /product_services/etc/permissions, skipping
06-19 09:09:35.146 I/wpa_supplicant( 2170): Processing hidl events on FD 3
06-19 09:09:35.147 I/ServiceManagement( 2170): Registered android.hardware.wifi.supplicant@1.2::ISupplicant/default (start delay of 83ms)
06-19 09:09:35.147 I/wpa_supplicant( 2170): Successfully initialized wpa_supplicant
06-19 09:09:35.149 I/wpa_supplicant( 2170): rfkill: Cannot open RFKILL control device
06-19 09:09:35.162 W/PackageManager( 1915): Cannot whitelist unknown permission: com.sec.android.provider.badge.permission.READ
06-19 09:09:35.162 W/PackageManager( 1915): Cannot whitelist unknown permission: com.sec.android.provider.badge.permission.WRITE
06-19 09:09:35.162 W/PackageManager( 1915): Cannot whitelist unknown permission: com.htc.launcher.permission.READ_SETTINGS
06-19 09:09:35.162 W/PackageManager( 1915): Cannot whitelist unknown permission: com.htc.launcher.permission.UPDATE_SHORTCUT
06-19 09:09:35.162 W/PackageManager( 1915): Cannot whitelist unknown permission: com.sonyericsson.home.permission.BROADCAST_BADGE
06-19 09:09:35.162 W/PackageManager( 1915): Cannot whitelist unknown permission: com.sonymobile.home.permission.PROVIDER_INSERT_BADGE
06-19 09:09:35.162 I/PackageManager( 1915): Un-granting permission android.permission.MANAGE_DOCUMENTS from package com.google.android.youtube (protectionLevel=262146 flags=0x30dbbe45)
06-19 09:09:35.172 W/PackageManager( 1915): Cannot whitelist unknown permission: com.sec.android.provider.badge.permission.READ
06-19 09:09:35.172 W/PackageManager( 1915): Cannot whitelist unknown permission: com.sec.android.provider.badge.permission.WRITE
06-19 09:09:35.172 W/PackageManager( 1915): Cannot whitelist unknown permission: com.htc.launcher.permission.READ_SETTINGS
06-19 09:09:35.172 W/PackageManager( 1915): Cannot whitelist unknown permission: com.htc.launcher.permission.UPDATE_SHORTCUT
06-19 09:09:35.172 W/PackageManager( 1915): Cannot whitelist unknown permission: com.sonyericsson.home.permission.BROADCAST_BADGE
06-19 09:09:35.172 W/PackageManager( 1915): Cannot whitelist unknown permission: com.sonymobile.home.permission.PROVIDER_INSERT_BADGE
06-19 09:09:35.172 I/PackageManager( 1915): Un-granting permission android.permission.MANAGE_DOCUMENTS from package com.google.android.youtube (protectionLevel=262146 flags=0x30dbbe45)
06-19 09:09:35.177 I/OMXClient( 1915): IOmx service obtained
06-19 09:09:35.177 I/OMXMaster( 1763): makeComponentInstance(OMX.google.vorbis.decoder) in android.hardwar process
06-19 09:09:35.177 E/OMXNodeInstance( 1763): getConfig(0xf1318d80:google.vorbis.decoder, ConfigAndroidVendorExtension(0x6f100004)) ERROR: Undefined(0x80001001)
06-19 09:09:35.184 W/PackageManager( 1915): Cannot whitelist unknown permission: com.google.android.launcher.permission.CONTENT_REDIRECT
06-19 09:09:35.184 W/PackageManager( 1915): Cannot whitelist unknown permission: com.google.android.voicesearch.SHORTCUTS_ACCESS
06-19 09:09:35.184 W/PackageManager( 1915): Cannot whitelist unknown permission: com.google.android.voicesearch.ACCESS_SETTINGS
06-19 09:09:35.184 W/PackageManager( 1915): Cannot whitelist unknown permission: com.android.browser.permission.PRELOAD
06-19 09:09:35.184 W/PackageManager( 1915): Cannot whitelist unknown permission: com.google.android.ears.permission.WRITE
06-19 09:09:35.187 W/PackageManager( 1915): Cannot whitelist unknown permission: com.google.googlenav.friend.permission.OPT_IN
06-19 09:09:35.187 W/PackageManager( 1915): Cannot whitelist unknown permission: com.google.android.apps.googlevoice.permission.AUTO_SEND
06-19 09:09:35.187 W/PackageManager( 1915): Cannot whitelist unknown permission: com.google.android.hangouts.START_HANGOUT
06-19 09:09:35.187 W/PackageManager( 1915): Cannot whitelist unknown permission: com.android.chrome.PRERENDER_URL
06-19 09:09:35.187 W/PackageManager( 1915): Cannot whitelist unknown permission: com.google.android.apps.gsa.nga.permissions.EDIT_PREFERENCES
06-19 09:09:35.190 W/PackageManager( 1915): Cannot whitelist unknown permission: com.google.android.launcher.permission.CONTENT_REDIRECT
06-19 09:09:35.190 W/PackageManager( 1915): Cannot whitelist unknown permission: com.google.android.voicesearch.SHORTCUTS_ACCESS
06-19 09:09:35.190 W/PackageManager( 1915): Cannot whitelist unknown permission: com.google.android.voicesearch.ACCESS_SETTINGS
06-19 09:09:35.190 W/PackageManager( 1915): Cannot whitelist unknown permission: com.android.browser.permission.PRELOAD
06-19 09:09:35.190 W/PackageManager( 1915): Cannot whitelist unknown permission: com.google.android.ears.permission.WRITE
06-19 09:09:35.190 W/PackageManager( 1915): Cannot whitelist unknown permission: com.google.googlenav.friend.permission.OPT_IN
06-19 09:09:35.190 W/PackageManager( 1915): Cannot whitelist unknown permission: com.google.android.apps.googlevoice.permission.AUTO_SEND
06-19 09:09:35.190 W/PackageManager( 1915): Cannot whitelist unknown permission: com.google.android.hangouts.START_HANGOUT
06-19 09:09:35.190 W/PackageManager( 1915): Cannot whitelist unknown permission: com.android.chrome.PRERENDER_URL
06-19 09:09:35.190 W/PackageManager( 1915): Cannot whitelist unknown permission: com.google.android.apps.gsa.nga.permissions.EDIT_PREFERENCES
06-19 09:09:35.191 W/PackageManager( 1915): Cannot whitelist unknown permission: com.google.android.launcher.permission.CONTENT_REDIRECT
06-19 09:09:35.191 W/PackageManager( 1915): Cannot whitelist unknown permission: com.google.android.voicesearch.SHORTCUTS_ACCESS
06-19 09:09:35.191 W/PackageManager( 1915): Cannot whitelist unknown permission: com.google.android.voicesearch.ACCESS_SETTINGS
06-19 09:09:35.191 W/PackageManager( 1915): Cannot whitelist unknown permission: com.android.browser.permission.PRELOAD
06-19 09:09:35.191 W/PackageManager( 1915): Cannot whitelist unknown permission: com.google.android.ears.permission.WRITE
06-19 09:09:35.191 W/PackageManager( 1915): Cannot whitelist unknown permission: com.google.googlenav.friend.permission.OPT_IN
06-19 09:09:35.191 W/PackageManager( 1915): Cannot whitelist unknown permission: com.google.android.apps.googlevoice.permission.AUTO_SEND
06-19 09:09:35.191 W/PackageManager( 1915): Cannot whitelist unknown permission: com.google.android.hangouts.START_HANGOUT
06-19 09:09:35.191 W/PackageManager( 1915): Cannot whitelist unknown permission: com.android.chrome.PRERENDER_URL
06-19 09:09:35.191 W/PackageManager( 1915): Cannot whitelist unknown permission: com.google.android.apps.gsa.nga.permissions.EDIT_PREFERENCES
06-19 09:09:35.194 W/PackageManager( 1915): Cannot whitelist unknown permission: com.google.android.launcher.permission.CONTENT_REDIRECT
06-19 09:09:35.194 W/PackageManager( 1915): Cannot whitelist unknown permission: com.google.android.voicesearch.SHORTCUTS_ACCESS
06-19 09:09:35.194 W/PackageManager( 1915): Cannot whitelist unknown permission: com.google.android.voicesearch.ACCESS_SETTINGS
06-19 09:09:35.194 W/PackageManager( 1915): Cannot whitelist unknown permission: com.android.browser.permission.PRELOAD
06-19 09:09:35.194 W/PackageManager( 1915): Cannot whitelist unknown permission: com.google.android.ears.permission.WRITE
06-19 09:09:35.194 W/PackageManager( 1915): Cannot whitelist unknown permission: com.google.googlenav.friend.permission.OPT_IN
06-19 09:09:35.194 W/PackageManager( 1915): Cannot whitelist unknown permission: com.google.android.apps.googlevoice.permission.AUTO_SEND
06-19 09:09:35.194 W/PackageManager( 1915): Cannot whitelist unknown permission: com.google.android.hangouts.START_HANGOUT
06-19 09:09:35.194 W/PackageManager( 1915): Cannot whitelist unknown permission: com.android.chrome.PRERENDER_URL
06-19 09:09:35.194 W/PackageManager( 1915): Cannot whitelist unknown permission: com.google.android.apps.gsa.nga.permissions.EDIT_PREFERENCES
06-19 09:09:35.195 W/PackageManager( 1915): Cannot whitelist unknown permission: com.google.android.launcher.permission.CONTENT_REDIRECT
06-19 09:09:35.195 W/PackageManager( 1915): Cannot whitelist unknown permission: com.google.android.voicesearch.SHORTCUTS_ACCESS
06-19 09:09:35.195 W/PackageManager( 1915): Cannot whitelist unknown permission: com.google.android.voicesearch.ACCESS_SETTINGS
06-19 09:09:35.195 W/PackageManager( 1915): Cannot whitelist unknown permission: com.android.browser.permission.PRELOAD
06-19 09:09:35.195 W/PackageManager( 1915): Cannot whitelist unknown permission: com.google.android.ears.permission.WRITE
06-19 09:09:35.196 W/PackageManager( 1915): Cannot whitelist unknown permission: com.google.googlenav.friend.permission.OPT_IN
06-19 09:09:35.196 W/PackageManager( 1915): Cannot whitelist unknown permission: com.google.android.apps.googlevoice.permission.AUTO_SEND
06-19 09:09:35.196 W/PackageManager( 1915): Cannot whitelist unknown permission: com.google.android.hangouts.START_HANGOUT
06-19 09:09:35.196 W/PackageManager( 1915): Cannot whitelist unknown permission: com.android.chrome.PRERENDER_URL
06-19 09:09:35.196 W/PackageManager( 1915): Cannot whitelist unknown permission: com.google.android.apps.gsa.nga.permissions.EDIT_PREFERENCES
06-19 09:09:35.202 W/PackageManager( 1915): Cannot whitelist unknown permission: com.google.android.launcher.permission.CONTENT_REDIRECT
06-19 09:09:35.202 W/PackageManager( 1915): Cannot whitelist unknown permission: com.google.android.voicesearch.SHORTCUTS_ACCESS
06-19 09:09:35.202 W/PackageManager( 1915): Cannot whitelist unknown permission: com.google.android.voicesearch.ACCESS_SETTINGS
06-19 09:09:35.202 W/PackageManager( 1915): Cannot whitelist unknown permission: com.android.browser.permission.PRELOAD
06-19 09:09:35.202 W/PackageManager( 1915): Cannot whitelist unknown permission: com.google.android.ears.permission.WRITE
06-19 09:09:35.202 W/PackageManager( 1915): Cannot whitelist unknown permission: com.google.googlenav.friend.permission.OPT_IN
06-19 09:09:35.202 W/PackageManager( 1915): Cannot whitelist unknown permission: com.google.android.apps.googlevoice.permission.AUTO_SEND
06-19 09:09:35.202 W/PackageManager( 1915): Cannot whitelist unknown permission: com.google.android.hangouts.START_HANGOUT
06-19 09:09:35.202 W/PackageManager( 1915): Cannot whitelist unknown permission: com.android.chrome.PRERENDER_URL
06-19 09:09:35.202 W/PackageManager( 1915): Cannot whitelist unknown permission: com.google.android.apps.gsa.nga.permissions.EDIT_PREFERENCES
06-19 09:09:35.206 I/PackageManager( 1915): Un-granting permission com.google.android.googleapps.permission.GOOGLE_AUTH from package com.android.providers.calendar (protectionLevel=2 flags=0x30883e45)
06-19 09:09:35.206 I/PackageManager( 1915): Un-granting permission com.google.android.googleapps.permission.GOOGLE_AUTH.cl from package com.android.providers.calendar (protectionLevel=2 flags=0x30883e45)
06-19 09:09:35.207 I/PackageManager( 1915): Un-granting permission com.google.android.googleapps.permission.GOOGLE_AUTH from package com.android.providers.calendar (protectionLevel=2 flags=0x30883e45)
06-19 09:09:35.207 I/PackageManager( 1915): Un-granting permission com.google.android.googleapps.permission.GOOGLE_AUTH.cl from package com.android.providers.calendar (protectionLevel=2 flags=0x30883e45)
06-19 09:09:35.221 I/PackageManager( 1915): Un-granting permission android.permission.WRITE_SECURE_SETTINGS from package com.google.android.apps.enterprise.dmagent (protectionLevel=50 flags=0x30883e05)
06-19 09:09:35.221 I/PackageManager( 1915): Un-granting permission android.permission.CONNECTIVITY_INTERNAL from package com.google.android.apps.enterprise.dmagent (protectionLevel=18 flags=0x30883e05)
06-19 09:09:35.221 I/PackageManager( 1915): Un-granting permission android.permission.MANAGE_USB from package com.google.android.apps.enterprise.dmagent (protectionLevel=18 flags=0x30883e05)
06-19 09:09:35.221 I/PackageManager( 1915): Un-granting permission android.permission.CHANGE_COMPONENT_ENABLED_STATE from package com.google.android.apps.enterprise.dmagent (protectionLevel=18 flags=0x30883e05)
06-19 09:09:35.221 I/PackageManager( 1915): Un-granting permission android.permission.MANAGE_CA_CERTIFICATES from package com.google.android.apps.enterprise.dmagent (protectionLevel=18 flags=0x30883e05)
06-19 09:09:35.221 I/PackageManager( 1915): Un-granting permission android.permission.MANAGE_USERS from package com.google.android.apps.enterprise.dmagent (protectionLevel=18 flags=0x30883e05)
06-19 09:09:35.224 I/OMXClient( 1915): IOmx service obtained
06-19 09:09:35.224 I/OMXMaster( 1763): makeComponentInstance(OMX.google.vorbis.decoder) in android.hardwar process
06-19 09:09:35.226 W/PackageManager( 1915): Cannot whitelist unknown permission: com.google.android.ims.LOG_ACCESS
06-19 09:09:35.226 W/PackageManager( 1915): Cannot whitelist unknown permission: com.cequint.ecid.CALLER_ID_EXTERNAL_LOOKUP_SMS
06-19 09:09:35.226 W/PackageManager( 1915): Cannot whitelist unknown permission: com.sec.android.provider.badge.permission.READ
06-19 09:09:35.226 W/PackageManager( 1915): Cannot whitelist unknown permission: com.sec.android.provider.badge.permission.WRITE
06-19 09:09:35.226 W/PackageManager( 1915): Cannot whitelist unknown permission: com.htc.launcher.permission.READ_SETTINGS
06-19 09:09:35.226 W/PackageManager( 1915): Cannot whitelist unknown permission: com.htc.launcher.permission.UPDATE_SHORTCUT
06-19 09:09:35.226 W/PackageManager( 1915): Cannot whitelist unknown permission: com.sonyericsson.home.permission.BROADCAST_BADGE
06-19 09:09:35.226 W/PackageManager( 1915): Cannot whitelist unknown permission: com.sonymobile.home.permission.PROVIDER_INSERT_BADGE
06-19 09:09:35.226 W/PackageManager( 1915): Cannot whitelist unknown permission: com.sonymobile.launcher.permission.PROVIDER_INSERT_BADGE
06-19 09:09:35.226 W/PackageManager( 1915): Cannot whitelist unknown permission: com.anddoes.launcher.permission.UPDATE_COUNT
06-19 09:09:35.226 W/PackageManager( 1915): Cannot whitelist unknown permission: com.majeur.launcher.permission.UPDATE_BADGE
06-19 09:09:35.226 W/PackageManager( 1915): Cannot whitelist unknown permission: com.huawei.android.launcher.permission.CHANGE_BADGE
06-19 09:09:35.226 W/PackageManager( 1915): Cannot whitelist unknown permission: com.huawei.android.launcher.permission.READ_SETTINGS
06-19 09:09:35.226 W/PackageManager( 1915): Cannot whitelist unknown permission: com.huawei.android.launcher.permission.WRITE_SETTINGS
06-19 09:09:35.226 W/PackageManager( 1915): Cannot whitelist unknown permission: android.permission.READ_APP_BADGE
06-19 09:09:35.227 W/PackageManager( 1915): Cannot whitelist unknown permission: com.oppo.launcher.permission.READ_SETTINGS
06-19 09:09:35.227 W/PackageManager( 1915): Cannot whitelist unknown permission: com.oppo.launcher.permission.WRITE_SETTINGS
06-19 09:09:35.227 I/PackageManager( 1915): Un-granting permission com.google.android.setupwizard.READ_DEVICE_ORIGIN from package com.google.android.apps.messaging (protectionLevel=18 flags=0x38cbbe45)
06-19 09:09:35.227 W/PackageManager( 1915): Cannot whitelist unknown permission: com.google.android.ims.LOG_ACCESS
06-19 09:09:35.227 W/PackageManager( 1915): Cannot whitelist unknown permission: com.cequint.ecid.CALLER_ID_EXTERNAL_LOOKUP_SMS
06-19 09:09:35.227 W/PackageManager( 1915): Cannot whitelist unknown permission: com.sec.android.provider.badge.permission.READ
06-19 09:09:35.227 W/PackageManager( 1915): Cannot whitelist unknown permission: com.sec.android.provider.badge.permission.WRITE
06-19 09:09:35.227 W/PackageManager( 1915): Cannot whitelist unknown permission: com.htc.launcher.permission.READ_SETTINGS
06-19 09:09:35.227 W/PackageManager( 1915): Cannot whitelist unknown permission: com.htc.launcher.permission.UPDATE_SHORTCUT
06-19 09:09:35.227 W/PackageManager( 1915): Cannot whitelist unknown permission: com.sonyericsson.home.permission.BROADCAST_BADGE
06-19 09:09:35.227 W/PackageManager( 1915): Cannot whitelist unknown permission: com.sonymobile.home.permission.PROVIDER_INSERT_BADGE
06-19 09:09:35.227 W/PackageManager( 1915): Cannot whitelist unknown permission: com.sonymobile.launcher.permission.PROVIDER_INSERT_BADGE
06-19 09:09:35.227 W/PackageManager( 1915): Cannot whitelist unknown permission: com.anddoes.launcher.permission.UPDATE_COUNT
06-19 09:09:35.227 W/PackageManager( 1915): Cannot whitelist unknown permission: com.majeur.launcher.permission.UPDATE_BADGE
06-19 09:09:35.227 W/PackageManager( 1915): Cannot whitelist unknown permission: com.huawei.android.launcher.permission.CHANGE_BADGE
06-19 09:09:35.227 W/PackageManager( 1915): Cannot whitelist unknown permission: com.huawei.android.launcher.permission.READ_SETTINGS
06-19 09:09:35.227 W/PackageManager( 1915): Cannot whitelist unknown permission: com.huawei.android.launcher.permission.WRITE_SETTINGS
06-19 09:09:35.227 W/PackageManager( 1915): Cannot whitelist unknown permission: android.permission.READ_APP_BADGE
06-19 09:09:35.227 W/PackageManager( 1915): Cannot whitelist unknown permission: com.oppo.launcher.permission.READ_SETTINGS
06-19 09:09:35.228 W/PackageManager( 1915): Cannot whitelist unknown permission: com.oppo.launcher.permission.WRITE_SETTINGS
06-19 09:09:35.228 I/PackageManager( 1915): Un-granting permission com.google.android.setupwizard.READ_DEVICE_ORIGIN from package com.google.android.apps.messaging (protectionLevel=18 flags=0x38cbbe45)
06-19 09:09:35.228 W/PackageManager( 1915): Cannot whitelist unknown permission: com.google.android.ims.LOG_ACCESS
06-19 09:09:35.228 W/PackageManager( 1915): Cannot whitelist unknown permission: com.cequint.ecid.CALLER_ID_EXTERNAL_LOOKUP_SMS
06-19 09:09:35.228 W/PackageManager( 1915): Cannot whitelist unknown permission: com.sec.android.provider.badge.permission.READ
06-19 09:09:35.228 W/PackageManager( 1915): Cannot whitelist unknown permission: com.sec.android.provider.badge.permission.WRITE
06-19 09:09:35.228 W/PackageManager( 1915): Cannot whitelist unknown permission: com.htc.launcher.permission.READ_SETTINGS
06-19 09:09:35.228 W/PackageManager( 1915): Cannot whitelist unknown permission: com.htc.launcher.permission.UPDATE_SHORTCUT
06-19 09:09:35.228 W/PackageManager( 1915): Cannot whitelist unknown permission: com.sonyericsson.home.permission.BROADCAST_BADGE
06-19 09:09:35.228 W/PackageManager( 1915): Cannot whitelist unknown permission: com.sonymobile.home.permission.PROVIDER_INSERT_BADGE
06-19 09:09:35.228 W/PackageManager( 1915): Cannot whitelist unknown permission: com.sonymobile.launcher.permission.PROVIDER_INSERT_BADGE
06-19 09:09:35.228 W/PackageManager( 1915): Cannot whitelist unknown permission: com.anddoes.launcher.permission.UPDATE_COUNT
06-19 09:09:35.228 W/PackageManager( 1915): Cannot whitelist unknown permission: com.majeur.launcher.permission.UPDATE_BADGE
06-19 09:09:35.228 W/PackageManager( 1915): Cannot whitelist unknown permission: com.huawei.android.launcher.permission.CHANGE_BADGE
06-19 09:09:35.229 W/PackageManager( 1915): Cannot whitelist unknown permission: com.huawei.android.launcher.permission.READ_SETTINGS
06-19 09:09:35.229 W/PackageManager( 1915): Cannot whitelist unknown permission: com.huawei.android.launcher.permission.WRITE_SETTINGS
06-19 09:09:35.229 W/PackageManager( 1915): Cannot whitelist unknown permission: android.permission.READ_APP_BADGE
06-19 09:09:35.229 W/PackageManager( 1915): Cannot whitelist unknown permission: com.oppo.launcher.permission.READ_SETTINGS
06-19 09:09:35.229 W/PackageManager( 1915): Cannot whitelist unknown permission: com.oppo.launcher.permission.WRITE_SETTINGS
06-19 09:09:35.229 I/PackageManager( 1915): Un-granting permission com.google.android.setupwizard.READ_DEVICE_ORIGIN from package com.google.android.apps.messaging (protectionLevel=18 flags=0x38cbbe45)
06-19 09:09:35.229 W/PackageManager( 1915): Cannot whitelist unknown permission: com.google.android.ims.LOG_ACCESS
06-19 09:09:35.229 W/PackageManager( 1915): Cannot whitelist unknown permission: com.cequint.ecid.CALLER_ID_EXTERNAL_LOOKUP_SMS
06-19 09:09:35.229 W/PackageManager( 1915): Cannot whitelist unknown permission: com.sec.android.provider.badge.permission.READ
06-19 09:09:35.229 W/PackageManager( 1915): Cannot whitelist unknown permission: com.sec.android.provider.badge.permission.WRITE
06-19 09:09:35.229 W/PackageManager( 1915): Cannot whitelist unknown permission: com.htc.launcher.permission.READ_SETTINGS
06-19 09:09:35.229 W/PackageManager( 1915): Cannot whitelist unknown permission: com.htc.launcher.permission.UPDATE_SHORTCUT
06-19 09:09:35.229 W/PackageManager( 1915): Cannot whitelist unknown permission: com.sonyericsson.home.permission.BROADCAST_BADGE
06-19 09:09:35.229 W/PackageManager( 1915): Cannot whitelist unknown permission: com.sonymobile.home.permission.PROVIDER_INSERT_BADGE
06-19 09:09:35.229 W/PackageManager( 1915): Cannot whitelist unknown permission: com.sonymobile.launcher.permission.PROVIDER_INSERT_BADGE
06-19 09:09:35.229 W/PackageManager( 1915): Cannot whitelist unknown permission: com.anddoes.launcher.permission.UPDATE_COUNT
06-19 09:09:35.229 W/PackageManager( 1915): Cannot whitelist unknown permission: com.majeur.launcher.permission.UPDATE_BADGE
06-19 09:09:35.229 W/PackageManager( 1915): Cannot whitelist unknown permission: com.huawei.android.launcher.permission.CHANGE_BADGE
06-19 09:09:35.229 W/PackageManager( 1915): Cannot whitelist unknown permission: com.huawei.android.launcher.permission.READ_SETTINGS
06-19 09:09:35.230 W/PackageManager( 1915): Cannot whitelist unknown permission: com.huawei.android.launcher.permission.WRITE_SETTINGS
06-19 09:09:35.230 W/PackageManager( 1915): Cannot whitelist unknown permission: android.permission.READ_APP_BADGE
06-19 09:09:35.230 W/PackageManager( 1915): Cannot whitelist unknown permission: com.oppo.launcher.permission.READ_SETTINGS
06-19 09:09:35.230 W/PackageManager( 1915): Cannot whitelist unknown permission: com.oppo.launcher.permission.WRITE_SETTINGS
06-19 09:09:35.230 I/PackageManager( 1915): Un-granting permission com.google.android.setupwizard.READ_DEVICE_ORIGIN from package com.google.android.apps.messaging (protectionLevel=18 flags=0x38cbbe45)
06-19 09:09:35.230 W/PackageManager( 1915): Cannot whitelist unknown permission: com.google.android.ims.LOG_ACCESS
06-19 09:09:35.230 W/PackageManager( 1915): Cannot whitelist unknown permission: com.cequint.ecid.CALLER_ID_EXTERNAL_LOOKUP_SMS
06-19 09:09:35.230 W/PackageManager( 1915): Cannot whitelist unknown permission: com.sec.android.provider.badge.permission.READ
06-19 09:09:35.230 W/PackageManager( 1915): Cannot whitelist unknown permission: com.sec.android.provider.badge.permission.WRITE
06-19 09:09:35.230 W/PackageManager( 1915): Cannot whitelist unknown permission: com.htc.launcher.permission.READ_SETTINGS
06-19 09:09:35.230 W/PackageManager( 1915): Cannot whitelist unknown permission: com.htc.launcher.permission.UPDATE_SHORTCUT
06-19 09:09:35.230 W/PackageManager( 1915): Cannot whitelist unknown permission: com.sonyericsson.home.permission.BROADCAST_BADGE
06-19 09:09:35.230 W/PackageManager( 1915): Cannot whitelist unknown permission: com.sonymobile.home.permission.PROVIDER_INSERT_BADGE
06-19 09:09:35.230 W/PackageManager( 1915): Cannot whitelist unknown permission: com.sonymobile.launcher.permission.PROVIDER_INSERT_BADGE
06-19 09:09:35.230 W/PackageManager( 1915): Cannot whitelist unknown permission: com.anddoes.launcher.permission.UPDATE_COUNT
06-19 09:09:35.230 W/PackageManager( 1915): Cannot whitelist unknown permission: com.majeur.launcher.permission.UPDATE_BADGE
06-19 09:09:35.230 W/PackageManager( 1915): Cannot whitelist unknown permission: com.huawei.android.launcher.permission.CHANGE_BADGE
06-19 09:09:35.230 W/PackageManager( 1915): Cannot whitelist unknown permission: com.huawei.android.launcher.permission.READ_SETTINGS
06-19 09:09:35.230 W/PackageManager( 1915): Cannot whitelist unknown permission: com.huawei.android.launcher.permission.WRITE_SETTINGS
06-19 09:09:35.230 W/PackageManager( 1915): Cannot whitelist unknown permission: android.permission.READ_APP_BADGE
06-19 09:09:35.231 W/PackageManager( 1915): Cannot whitelist unknown permission: com.oppo.launcher.permission.READ_SETTINGS
06-19 09:09:35.231 W/PackageManager( 1915): Cannot whitelist unknown permission: com.oppo.launcher.permission.WRITE_SETTINGS
06-19 09:09:35.231 I/PackageManager( 1915): Un-granting permission com.google.android.setupwizard.READ_DEVICE_ORIGIN from package com.google.android.apps.messaging (protectionLevel=18 flags=0x38cbbe45)
06-19 09:09:35.233 W/PackageManager( 1915): Cannot whitelist unknown permission: com.google.android.ims.LOG_ACCESS
06-19 09:09:35.233 W/PackageManager( 1915): Cannot whitelist unknown permission: com.cequint.ecid.CALLER_ID_EXTERNAL_LOOKUP_SMS
06-19 09:09:35.234 W/PackageManager( 1915): Cannot whitelist unknown permission: com.sec.android.provider.badge.permission.READ
06-19 09:09:35.234 W/PackageManager( 1915): Cannot whitelist unknown permission: com.sec.android.provider.badge.permission.WRITE
06-19 09:09:35.234 W/PackageManager( 1915): Cannot whitelist unknown permission: com.htc.launcher.permission.READ_SETTINGS
06-19 09:09:35.234 W/PackageManager( 1915): Cannot whitelist unknown permission: com.htc.launcher.permission.UPDATE_SHORTCUT
06-19 09:09:35.234 W/PackageManager( 1915): Cannot whitelist unknown permission: com.sonyericsson.home.permission.BROADCAST_BADGE
06-19 09:09:35.234 W/PackageManager( 1915): Cannot whitelist unknown permission: com.sonymobile.home.permission.PROVIDER_INSERT_BADGE
06-19 09:09:35.234 W/PackageManager( 1915): Cannot whitelist unknown permission: com.sonymobile.launcher.permission.PROVIDER_INSERT_BADGE
06-19 09:09:35.234 W/PackageManager( 1915): Cannot whitelist unknown permission: com.anddoes.launcher.permission.UPDATE_COUNT
06-19 09:09:35.234 W/PackageManager( 1915): Cannot whitelist unknown permission: com.majeur.launcher.permission.UPDATE_BADGE
06-19 09:09:35.234 W/PackageManager( 1915): Cannot whitelist unknown permission: com.huawei.android.launcher.permission.CHANGE_BADGE
06-19 09:09:35.234 W/PackageManager( 1915): Cannot whitelist unknown permission: com.huawei.android.launcher.permission.READ_SETTINGS
06-19 09:09:35.234 W/PackageManager( 1915): Cannot whitelist unknown permission: com.huawei.android.launcher.permission.WRITE_SETTINGS
06-19 09:09:35.234 W/PackageManager( 1915): Cannot whitelist unknown permission: android.permission.READ_APP_BADGE
06-19 09:09:35.234 W/PackageManager( 1915): Cannot whitelist unknown permission: com.oppo.launcher.permission.READ_SETTINGS
06-19 09:09:35.234 W/PackageManager( 1915): Cannot whitelist unknown permission: com.oppo.launcher.permission.WRITE_SETTINGS
06-19 09:09:35.235 I/PackageManager( 1915): Un-granting permission com.google.android.setupwizard.READ_DEVICE_ORIGIN from package com.google.android.apps.messaging (protectionLevel=18 flags=0x38cbbe45)
06-19 09:09:35.235 W/PackageManager( 1915): Cannot whitelist unknown permission: com.google.android.ims.LOG_ACCESS
06-19 09:09:35.235 W/PackageManager( 1915): Cannot whitelist unknown permission: com.cequint.ecid.CALLER_ID_EXTERNAL_LOOKUP_SMS
06-19 09:09:35.235 W/PackageManager( 1915): Cannot whitelist unknown permission: com.sec.android.provider.badge.permission.READ
06-19 09:09:35.235 W/PackageManager( 1915): Cannot whitelist unknown permission: com.sec.android.provider.badge.permission.WRITE
06-19 09:09:35.235 W/PackageManager( 1915): Cannot whitelist unknown permission: com.htc.launcher.permission.READ_SETTINGS
06-19 09:09:35.235 W/PackageManager( 1915): Cannot whitelist unknown permission: com.htc.launcher.permission.UPDATE_SHORTCUT
06-19 09:09:35.235 W/PackageManager( 1915): Cannot whitelist unknown permission: com.sonyericsson.home.permission.BROADCAST_BADGE
06-19 09:09:35.235 W/PackageManager( 1915): Cannot whitelist unknown permission: com.sonymobile.home.permission.PROVIDER_INSERT_BADGE
06-19 09:09:35.235 W/PackageManager( 1915): Cannot whitelist unknown permission: com.sonymobile.launcher.permission.PROVIDER_INSERT_BADGE
06-19 09:09:35.235 W/PackageManager( 1915): Cannot whitelist unknown permission: com.anddoes.launcher.permission.UPDATE_COUNT
06-19 09:09:35.235 W/PackageManager( 1915): Cannot whitelist unknown permission: com.majeur.launcher.permission.UPDATE_BADGE
06-19 09:09:35.235 W/PackageManager( 1915): Cannot whitelist unknown permission: com.huawei.android.launcher.permission.CHANGE_BADGE
06-19 09:09:35.235 W/PackageManager( 1915): Cannot whitelist unknown permission: com.huawei.android.launcher.permission.READ_SETTINGS
06-19 09:09:35.235 W/PackageManager( 1915): Cannot whitelist unknown permission: com.huawei.android.launcher.permission.WRITE_SETTINGS
06-19 09:09:35.235 W/PackageManager( 1915): Cannot whitelist unknown permission: android.permission.READ_APP_BADGE
06-19 09:09:35.235 W/PackageManager( 1915): Cannot whitelist unknown permission: com.oppo.launcher.permission.READ_SETTINGS
06-19 09:09:35.235 W/PackageManager( 1915): Cannot whitelist unknown permission: com.oppo.launcher.permission.WRITE_SETTINGS
06-19 09:09:35.235 I/PackageManager( 1915): Un-granting permission com.google.android.setupwizard.READ_DEVICE_ORIGIN from package com.google.android.apps.messaging (protectionLevel=18 flags=0x38cbbe45)
06-19 09:09:35.239 E/OMXNodeInstance( 1763): getConfig(0xf1318d80:google.vorbis.decoder, ConfigAndroidVendorExtension(0x6f100004)) ERROR: Undefined(0x80001001)
06-19 09:09:35.239 W/PackageManager( 1915): Cannot whitelist unknown permission: com.google.android.ims.LOG_ACCESS
06-19 09:09:35.239 W/PackageManager( 1915): Cannot whitelist unknown permission: com.cequint.ecid.CALLER_ID_EXTERNAL_LOOKUP_SMS
06-19 09:09:35.239 W/PackageManager( 1915): Cannot whitelist unknown permission: com.sec.android.provider.badge.permission.READ
06-19 09:09:35.239 W/PackageManager( 1915): Cannot whitelist unknown permission: com.sec.android.provider.badge.permission.WRITE
06-19 09:09:35.239 W/PackageManager( 1915): Cannot whitelist unknown permission: com.htc.launcher.permission.READ_SETTINGS
06-19 09:09:35.239 W/PackageManager( 1915): Cannot whitelist unknown permission: com.htc.launcher.permission.UPDATE_SHORTCUT
06-19 09:09:35.239 W/PackageManager( 1915): Cannot whitelist unknown permission: com.sonyericsson.home.permission.BROADCAST_BADGE
06-19 09:09:35.239 W/PackageManager( 1915): Cannot whitelist unknown permission: com.sonymobile.home.permission.PROVIDER_INSERT_BADGE
06-19 09:09:35.239 W/PackageManager( 1915): Cannot whitelist unknown permission: com.sonymobile.launcher.permission.PROVIDER_INSERT_BADGE
06-19 09:09:35.239 W/PackageManager( 1915): Cannot whitelist unknown permission: com.anddoes.launcher.permission.UPDATE_COUNT
06-19 09:09:35.239 W/PackageManager( 1915): Cannot whitelist unknown permission: com.majeur.launcher.permission.UPDATE_BADGE
06-19 09:09:35.239 W/PackageManager( 1915): Cannot whitelist unknown permission: com.huawei.android.launcher.permission.CHANGE_BADGE
06-19 09:09:35.239 W/PackageManager( 1915): Cannot whitelist unknown permission: com.huawei.android.launcher.permission.READ_SETTINGS
06-19 09:09:35.239 W/PackageManager( 1915): Cannot whitelist unknown permission: com.huawei.android.launcher.permission.WRITE_SETTINGS
06-19 09:09:35.239 W/PackageManager( 1915): Cannot whitelist unknown permission: android.permission.READ_APP_BADGE
06-19 09:09:35.239 W/PackageManager( 1915): Cannot whitelist unknown permission: com.oppo.launcher.permission.READ_SETTINGS
06-19 09:09:35.239 W/PackageManager( 1915): Cannot whitelist unknown permission: com.oppo.launcher.permission.WRITE_SETTINGS
06-19 09:09:35.239 I/PackageManager( 1915): Un-granting permission com.google.android.setupwizard.READ_DEVICE_ORIGIN from package com.google.android.apps.messaging (protectionLevel=18 flags=0x38cbbe45)
06-19 09:09:35.249 I/wpa_supplicant( 2170): rfkill: Cannot get wiphy information
06-19 09:09:35.250 I/android_os_HwBinder( 1915): HwBinder: Starting thread pool for getting: android.hardware.wifi.supplicant@1.0::ISupplicant/default
06-19 09:09:35.250 I/SupplicantStaIfaceHal( 1915): Completed initialization of ISupplicant.
06-19 09:09:35.253 I/android.hardware.wifi@1.0-service( 1697): Adding interface handle for wlan0
06-19 09:09:35.253 W/android.hardware.wifi@1.0-service( 1697): No active wlan interfaces in use! Using default
06-19 09:09:35.253 E/android.hardware.wifi@1.0-service( 1697): Failed to register radio mode change callback
06-19 09:09:35.253 W/android.hardware.wifi@1.0-service( 1697): No active wlan interfaces in use! Using default
