06-22 06:16:48.951 I/PackageManager( 1916): Un-granting permission android.permission.REQUEST_INSTALL_PACKAGES from package com.google.android.apps.docs (protectionLevel=66 flags=0x38cbbe45)
06-22 06:16:48.956 I/OMXClient( 1763): IOmx service obtained
06-22 06:16:48.956 I/OMXMaster( 1769): makeComponentInstance(OMX.google.h264.encoder) in android.hardwar process
06-22 06:16:48.957 W/libc    ( 1705): Unable to set property "vendor.wlan.firmware.version" to "1.0": error code: 0x18
06-22 06:16:48.966 W/OMXUtils( 1763): do not know color format 0x7f000789 = 2130708361
06-22 06:16:48.974 W/PackageManager( 1916): Cannot whitelist unknown permission: android.permission.READ_MEDIA_IMAGES
06-22 06:16:48.974 W/PackageManager( 1916): Cannot whitelist unknown permission: com.chrome.permission.DEVICE_EXTRAS
06-22 06:16:48.974 W/PackageManager( 1916): Cannot whitelist unknown permission: com.sec.enterprise.knox.MDM_CONTENT_PROVIDER
06-22 06:16:48.974 I/PackageManager( 1916): Un-granting permission android.permission.REQUEST_INSTALL_PACKAGES from package com.android.chrome (protectionLevel=66 flags=0xa0cbbe45)
06-22 06:16:48.974 I/PackageManager( 1916): Un-granting permission com.google.android.apps.now.CURRENT_ACCOUNT_ACCESS from package com.android.chrome (protectionLevel=2 flags=0xa0cbbe45)
06-22 06:16:48.975 W/PackageManager( 1916): Cannot whitelist unknown permission: android.permission.READ_MEDIA_IMAGES
06-22 06:16:48.975 W/PackageManager( 1916): Cannot whitelist unknown permission: com.chrome.permission.DEVICE_EXTRAS
06-22 06:16:48.975 W/PackageManager( 1916): Cannot whitelist unknown permission: com.sec.enterprise.knox.MDM_CONTENT_PROVIDER
06-22 06:16:48.975 I/PackageManager( 1916): Un-granting permission android.permission.REQUEST_INSTALL_PACKAGES from package com.android.chrome (protectionLevel=66 flags=0xa0cbbe45)
06-22 06:16:48.975 I/PackageManager( 1916): Un-granting permission com.google.android.apps.now.CURRENT_ACCOUNT_ACCESS from package com.android.chrome (protectionLevel=2 flags=0xa0cbbe45)
06-22 06:16:48.977 W/PackageManager( 1916): Cannot whitelist unknown permission: com.sec.android.provider.badge.permission.READ
06-22 06:16:48.977 W/PackageManager( 1916): Cannot whitelist unknown permission: com.sec.android.provider.badge.permission.WRITE
06-22 06:16:48.977 W/PackageManager( 1916): Cannot whitelist unknown permission: com.htc.launcher.permission.READ_SETTINGS
06-22 06:16:48.977 W/PackageManager( 1916): Cannot whitelist unknown permission: com.htc.launcher.permission.UPDATE_SHORTCUT
06-22 06:16:48.977 W/PackageManager( 1916): Cannot whitelist unknown permission: com.sonyericsson.home.permission.BROADCAST_BADGE
06-22 06:16:48.977 W/PackageManager( 1916): Cannot whitelist unknown permission: com.sonymobile.home.permission.PROVIDER_INSERT_BADGE
06-22 06:16:48.977 W/PackageManager( 1916): Cannot whitelist unknown permission: com.anddoes.launcher.permission.UPDATE_COUNT
06-22 06:16:48.977 W/PackageManager( 1916): Cannot whitelist unknown permission: com.majeur.launcher.permission.UPDATE_BADGE
06-22 06:16:48.977 W/PackageManager( 1916): Cannot whitelist unknown permission: com.huawei.android.launcher.permission.CHANGE_BADGE
06-22 06:16:48.977 W/PackageManager( 1916): Cannot whitelist unknown permission: com.huawei.android.launcher.permission.READ_SETTINGS
06-22 06:16:48.977 W/PackageManager( 1916): Cannot whitelist unknown permission: com.huawei.android.launcher.permission.WRITE_SETTINGS
06-22 06:16:48.977 W/PackageManager( 1916): Cannot whitelist unknown permission: android.permission.READ_APP_BADGE
06-22 06:16:48.977 W/PackageManager( 1916): Cannot whitelist unknown permission: com.oppo.launcher.permission.READ_SETTINGS
06-22 06:16:48.977 W/PackageManager( 1916): Cannot whitelist unknown permission: com.oppo.launcher.permission.WRITE_SETTINGS
06-22 06:16:48.977 W/PackageManager( 1916): Cannot whitelist unknown permission: com.cequint.ecid.CALLER_ID_LOOKUP
06-22 06:16:48.977 W/PackageManager( 1916): Cannot whitelist unknown permission: com.motorola.incallui.permission.INCOMING_CALL_VISIBILITY_CHANGED
06-22 06:16:48.978 W/PackageManager( 1916): Cannot whitelist unknown permission: com.sec.android.provider.badge.permission.READ
06-22 06:16:48.978 W/PackageManager( 1916): Cannot whitelist unknown permission: com.sec.android.provider.badge.permission.WRITE
06-22 06:16:48.978 W/PackageManager( 1916): Cannot whitelist unknown permission: com.htc.launcher.permission.READ_SETTINGS
06-22 06:16:48.978 W/PackageManager( 1916): Cannot whitelist unknown permission: com.htc.launcher.permission.UPDATE_SHORTCUT
06-22 06:16:48.978 W/PackageManager( 1916): Cannot whitelist unknown permission: com.sonyericsson.home.permission.BROADCAST_BADGE
06-22 06:16:48.978 W/PackageManager( 1916): Cannot whitelist unknown permission: com.sonymobile.home.permission.PROVIDER_INSERT_BADGE
06-22 06:16:48.978 W/PackageManager( 1916): Cannot whitelist unknown permission: com.anddoes.launcher.permission.UPDATE_COUNT
06-22 06:16:48.978 W/PackageManager( 1916): Cannot whitelist unknown permission: com.majeur.launcher.permission.UPDATE_BADGE
06-22 06:16:48.978 W/PackageManager( 1916): Cannot whitelist unknown permission: com.huawei.android.launcher.permission.CHANGE_BADGE
06-22 06:16:48.978 W/PackageManager( 1916): Cannot whitelist unknown permission: com.huawei.android.launcher.permission.READ_SETTINGS
06-22 06:16:48.978 W/PackageManager( 1916): Cannot whitelist unknown permission: com.huawei.android.launcher.permission.WRITE_SETTINGS
06-22 06:16:48.978 W/PackageManager( 1916): Cannot whitelist unknown permission: android.permission.READ_APP_BADGE
06-22 06:16:48.978 W/PackageManager( 1916): Cannot whitelist unknown permission: com.oppo.launcher.permission.READ_SETTINGS
06-22 06:16:48.978 W/PackageManager( 1916): Cannot whitelist unknown permission: com.oppo.launcher.permission.WRITE_SETTINGS
06-22 06:16:48.978 W/PackageManager( 1916): Cannot whitelist unknown permission: com.cequint.ecid.CALLER_ID_LOOKUP
06-22 06:16:48.978 W/PackageManager( 1916): Cannot whitelist unknown permission: com.motorola.incallui.permission.INCOMING_CALL_VISIBILITY_CHANGED
06-22 06:16:48.979 W/PackageManager( 1916): Cannot whitelist unknown permission: com.sec.android.provider.badge.permission.READ
06-22 06:16:48.979 W/PackageManager( 1916): Cannot whitelist unknown permission: com.sec.android.provider.badge.permission.WRITE
06-22 06:16:48.979 W/PackageManager( 1916): Cannot whitelist unknown permission: com.htc.launcher.permission.READ_SETTINGS
06-22 06:16:48.979 W/PackageManager( 1916): Cannot whitelist unknown permission: com.htc.launcher.permission.UPDATE_SHORTCUT
06-22 06:16:48.979 W/PackageManager( 1916): Cannot whitelist unknown permission: com.sonyericsson.home.permission.BROADCAST_BADGE
06-22 06:16:48.979 W/PackageManager( 1916): Cannot whitelist unknown permission: com.sonymobile.home.permission.PROVIDER_INSERT_BADGE
06-22 06:16:48.979 W/PackageManager( 1916): Cannot whitelist unknown permission: com.anddoes.launcher.permission.UPDATE_COUNT
06-22 06:16:48.979 W/PackageManager( 1916): Cannot whitelist unknown permission: com.majeur.launcher.permission.UPDATE_BADGE
06-22 06:16:48.979 W/PackageManager( 1916): Cannot whitelist unknown permission: com.huawei.android.launcher.permission.CHANGE_BADGE
06-22 06:16:48.980 W/PackageManager( 1916): Cannot whitelist unknown permission: com.huawei.android.launcher.permission.READ_SETTINGS
06-22 06:16:48.980 W/PackageManager( 1916): Cannot whitelist unknown permission: com.huawei.android.launcher.permission.WRITE_SETTINGS
06-22 06:16:48.980 W/PackageManager( 1916): Cannot whitelist unknown permission: android.permission.READ_APP_BADGE
06-22 06:16:48.980 W/PackageManager( 1916): Cannot whitelist unknown permission: com.oppo.launcher.permission.READ_SETTINGS
06-22 06:16:48.980 W/PackageManager( 1916): Cannot whitelist unknown permission: com.oppo.launcher.permission.WRITE_SETTINGS
06-22 06:16:48.980 W/PackageManager( 1916): Cannot whitelist unknown permission: com.cequint.ecid.CALLER_ID_LOOKUP
06-22 06:16:48.980 W/PackageManager( 1916): Cannot whitelist unknown permission: com.motorola.incallui.permission.INCOMING_CALL_VISIBILITY_CHANGED
06-22 06:16:48.981 I/OMXClient( 1763): IOmx service obtained
06-22 06:16:48.981 I/OMXMaster( 1769): makeComponentInstance(OMX.google.h263.encoder) in android.hardwar process
06-22 06:16:48.982 I/SoftMPEG4Encoder( 1769): Construct SoftMPEG4Encoder
06-22 06:16:48.982 W/OMXUtils( 1763): do not know color format 0x7f000789 = 2130708361
06-22 06:16:48.982 E/OMXNodeInstance( 1769): getConfig(0xf0918c60:google.h263.encoder, ConfigAndroidIntraRefresh(0x6f60000a)) ERROR: Undefined(0x80001001)
06-22 06:16:48.982 E/OMXNodeInstance( 1769): getParameter(0xf0918c60:google.h263.encoder, ParamVideoIntraRefresh(0x6000006)) ERROR: UnsupportedIndex(0x8000101a)
06-22 06:16:48.982 D/MediaCodecInfo( 1763): detail feature-frame-parsing wasn't present to remove
06-22 06:16:48.985 W/PackageManager( 1916): Cannot whitelist unknown permission: com.sec.android.provider.badge.permission.READ
06-22 06:16:48.985 W/PackageManager( 1916): Cannot whitelist unknown permission: com.sec.android.provider.badge.permission.WRITE
06-22 06:16:48.985 W/PackageManager( 1916): Cannot whitelist unknown permission: com.htc.launcher.permission.READ_SETTINGS
06-22 06:16:48.985 W/PackageManager( 1916): Cannot whitelist unknown permission: com.htc.launcher.permission.UPDATE_SHORTCUT
06-22 06:16:48.985 W/PackageManager( 1916): Cannot whitelist unknown permission: com.sonyericsson.home.permission.BROADCAST_BADGE
06-22 06:16:48.985 W/PackageManager( 1916): Cannot whitelist unknown permission: com.sonymobile.home.permission.PROVIDER_INSERT_BADGE
06-22 06:16:48.985 W/PackageManager( 1916): Cannot whitelist unknown permission: com.anddoes.launcher.permission.UPDATE_COUNT
06-22 06:16:48.985 W/PackageManager( 1916): Cannot whitelist unknown permission: com.majeur.launcher.permission.UPDATE_BADGE
06-22 06:16:48.985 W/PackageManager( 1916): Cannot whitelist unknown permission: com.huawei.android.launcher.permission.CHANGE_BADGE
06-22 06:16:48.985 W/PackageManager( 1916): Cannot whitelist unknown permission: com.huawei.android.launcher.permission.READ_SETTINGS
06-22 06:16:48.986 W/PackageManager( 1916): Cannot whitelist unknown permission: com.huawei.android.launcher.permission.WRITE_SETTINGS
06-22 06:16:48.986 W/PackageManager( 1916): Cannot whitelist unknown permission: android.permission.READ_APP_BADGE
06-22 06:16:48.986 W/PackageManager( 1916): Cannot whitelist unknown permission: com.oppo.launcher.permission.READ_SETTINGS
06-22 06:16:48.986 W/PackageManager( 1916): Cannot whitelist unknown permission: com.oppo.launcher.permission.WRITE_SETTINGS
06-22 06:16:48.986 W/PackageManager( 1916): Cannot whitelist unknown permission: com.cequint.ecid.CALLER_ID_LOOKUP
06-22 06:16:48.986 W/PackageManager( 1916): Cannot whitelist unknown permission: com.motorola.incallui.permission.INCOMING_CALL_VISIBILITY_CHANGED
06-22 06:16:48.988 W/PackageManager( 1916): Cannot whitelist unknown permission: com.sec.android.provider.badge.permission.READ
06-22 06:16:48.988 W/PackageManager( 1916): Cannot whitelist unknown permission: com.sec.android.provider.badge.permission.WRITE
06-22 06:16:48.988 W/PackageManager( 1916): Cannot whitelist unknown permission: com.htc.launcher.permission.READ_SETTINGS
06-22 06:16:48.988 W/PackageManager( 1916): Cannot whitelist unknown permission: com.htc.launcher.permission.UPDATE_SHORTCUT
06-22 06:16:48.988 W/PackageManager( 1916): Cannot whitelist unknown permission: com.sonyericsson.home.permission.BROADCAST_BADGE
06-22 06:16:48.988 W/PackageManager( 1916): Cannot whitelist unknown permission: com.sonymobile.home.permission.PROVIDER_INSERT_BADGE
06-22 06:16:48.988 W/PackageManager( 1916): Cannot whitelist unknown permission: com.anddoes.launcher.permission.UPDATE_COUNT
06-22 06:16:48.988 W/PackageManager( 1916): Cannot whitelist unknown permission: com.majeur.launcher.permission.UPDATE_BADGE
06-22 06:16:48.988 W/PackageManager( 1916): Cannot whitelist unknown permission: com.huawei.android.launcher.permission.CHANGE_BADGE
06-22 06:16:48.988 W/PackageManager( 1916): Cannot whitelist unknown permission: com.huawei.android.launcher.permission.READ_SETTINGS
06-22 06:16:48.988 W/PackageManager( 1916): Cannot whitelist unknown permission: com.huawei.android.launcher.permission.WRITE_SETTINGS
06-22 06:16:48.988 W/PackageManager( 1916): Cannot whitelist unknown permission: android.permission.READ_APP_BADGE
06-22 06:16:48.988 W/PackageManager( 1916): Cannot whitelist unknown permission: com.oppo.launcher.permission.READ_SETTINGS
06-22 06:16:48.988 W/PackageManager( 1916): Cannot whitelist unknown permission: com.oppo.launcher.permission.WRITE_SETTINGS
06-22 06:16:48.988 W/PackageManager( 1916): Cannot whitelist unknown permission: com.cequint.ecid.CALLER_ID_LOOKUP
06-22 06:16:48.988 W/PackageManager( 1916): Cannot whitelist unknown permission: com.motorola.incallui.permission.INCOMING_CALL_VISIBILITY_CHANGED
06-22 06:16:48.991 W/libc    ( 1705): Unable to set property "vendor.wlan.driver.version" to "1.0": error code: 0x18
06-22 06:16:48.991 I/android.hardware.wifi@1.0-service( 1705): Configured chip in mode 0
06-22 06:16:48.991 W/android.hardware.wifi@1.0-service( 1705): No active wlan interfaces in use! Using default
06-22 06:16:48.992 W/PackageManager( 1916): Cannot whitelist unknown permission: com.sec.android.provider.badge.permission.READ
06-22 06:16:48.992 W/PackageManager( 1916): Cannot whitelist unknown permission: com.sec.android.provider.badge.permission.WRITE
06-22 06:16:48.992 W/PackageManager( 1916): Cannot whitelist unknown permission: com.htc.launcher.permission.READ_SETTINGS
06-22 06:16:48.992 W/PackageManager( 1916): Cannot whitelist unknown permission: com.htc.launcher.permission.UPDATE_SHORTCUT
06-22 06:16:48.992 W/PackageManager( 1916): Cannot whitelist unknown permission: com.sonyericsson.home.permission.BROADCAST_BADGE
06-22 06:16:48.992 W/PackageManager( 1916): Cannot whitelist unknown permission: com.sonymobile.home.permission.PROVIDER_INSERT_BADGE
06-22 06:16:48.992 W/PackageManager( 1916): Cannot whitelist unknown permission: com.anddoes.launcher.permission.UPDATE_COUNT
06-22 06:16:48.992 W/PackageManager( 1916): Cannot whitelist unknown permission: com.majeur.launcher.permission.UPDATE_BADGE
06-22 06:16:48.992 W/PackageManager( 1916): Cannot whitelist unknown permission: com.huawei.android.launcher.permission.CHANGE_BADGE
06-22 06:16:48.992 W/PackageManager( 1916): Cannot whitelist unknown permission: com.huawei.android.launcher.permission.READ_SETTINGS
06-22 06:16:48.992 W/PackageManager( 1916): Cannot whitelist unknown permission: com.huawei.android.launcher.permission.WRITE_SETTINGS
06-22 06:16:48.992 W/PackageManager( 1916): Cannot whitelist unknown permission: android.permission.READ_APP_BADGE
06-22 06:16:48.992 W/PackageManager( 1916): Cannot whitelist unknown permission: com.oppo.launcher.permission.READ_SETTINGS
06-22 06:16:48.992 W/PackageManager( 1916): Cannot whitelist unknown permission: com.oppo.launcher.permission.WRITE_SETTINGS
06-22 06:16:48.992 W/PackageManager( 1916): Cannot whitelist unknown permission: com.cequint.ecid.CALLER_ID_LOOKUP
06-22 06:16:48.992 W/PackageManager( 1916): Cannot whitelist unknown permission: com.motorola.incallui.permission.INCOMING_CALL_VISIBILITY_CHANGED
06-22 06:16:48.993 W/PackageManager( 1916): Cannot whitelist unknown permission: com.sec.android.provider.badge.permission.READ
06-22 06:16:48.993 W/PackageManager( 1916): Cannot whitelist unknown permission: com.sec.android.provider.badge.permission.WRITE
06-22 06:16:48.993 W/PackageManager( 1916): Cannot whitelist unknown permission: com.htc.launcher.permission.READ_SETTINGS
06-22 06:16:48.993 W/PackageManager( 1916): Cannot whitelist unknown permission: com.htc.launcher.permission.UPDATE_SHORTCUT
06-22 06:16:48.993 W/PackageManager( 1916): Cannot whitelist unknown permission: com.sonyericsson.home.permission.BROADCAST_BADGE
06-22 06:16:48.993 W/PackageManager( 1916): Cannot whitelist unknown permission: com.sonymobile.home.permission.PROVIDER_INSERT_BADGE
06-22 06:16:48.993 W/PackageManager( 1916): Cannot whitelist unknown permission: com.anddoes.launcher.permission.UPDATE_COUNT
06-22 06:16:48.993 W/PackageManager( 1916): Cannot whitelist unknown permission: com.majeur.launcher.permission.UPDATE_BADGE
06-22 06:16:48.993 W/PackageManager( 1916): Cannot whitelist unknown permission: com.huawei.android.launcher.permission.CHANGE_BADGE
06-22 06:16:48.993 W/PackageManager( 1916): Cannot whitelist unknown permission: com.huawei.android.launcher.permission.READ_SETTINGS
06-22 06:16:48.993 W/PackageManager( 1916): Cannot whitelist unknown permission: com.huawei.android.launcher.permission.WRITE_SETTINGS
06-22 06:16:48.994 W/PackageManager( 1916): Cannot whitelist unknown permission: android.permission.READ_APP_BADGE
06-22 06:16:48.994 W/PackageManager( 1916): Cannot whitelist unknown permission: com.oppo.launcher.permission.READ_SETTINGS
06-22 06:16:48.994 W/PackageManager( 1916): Cannot whitelist unknown permission: com.oppo.launcher.permission.WRITE_SETTINGS
06-22 06:16:48.994 W/PackageManager( 1916): Cannot whitelist unknown permission: com.cequint.ecid.CALLER_ID_LOOKUP
06-22 06:16:48.994 W/PackageManager( 1916): Cannot whitelist unknown permission: com.motorola.incallui.permission.INCOMING_CALL_VISIBILITY_CHANGED
06-22 06:16:49.003 D/HalDevMgr( 1916): updateRttController: no one is interested in RTT controllers
06-22 06:16:49.003 E/android.hardware.wifi@1.0-service( 1705): Failed to set DFS flag; DFS channels may be unavailable.
06-22 06:16:49.005 I/OMXClient( 1763): IOmx service obtained
06-22 06:16:49.005 I/OMXMaster( 1769): makeComponentInstance(OMX.google.mpeg4.encoder) in android.hardwar process
06-22 06:16:49.005 D/WificondControl( 1916): Setting up interface for client mode
06-22 06:16:49.005 I/SoftMPEG4Encoder( 1769): Construct SoftMPEG4Encoder
06-22 06:16:49.006 I/wificond( 1768): create scanner for interface with index: 3
06-22 06:16:49.006 I/wificond( 1768): subscribe scan result for interface with index: 3
06-22 06:16:49.006 I/hwservicemanager( 1567): getTransport: Cannot find entry android.hardware.wifi.offload@1.0::IOffload/default in either framework or device manifest.
06-22 06:16:49.006 W/OMXUtils( 1763): do not know color format 0x7f000789 = 2130708361
06-22 06:16:49.006 E/OMXNodeInstance( 1769): getConfig(0xf0918c60:google.mpeg4.encoder, ConfigAndroidIntraRefresh(0x6f60000a)) ERROR: Undefined(0x80001001)
06-22 06:16:49.006 E/OMXNodeInstance( 1769): getParameter(0xf0918c60:google.mpeg4.encoder, ParamVideoIntraRefresh(0x6000006)) ERROR: UnsupportedIndex(0x8000101a)
06-22 06:16:49.006 D/MediaCodecInfo( 1763): detail feature-frame-parsing wasn't present to remove
06-22 06:16:49.006 E/wificond( 1768): No Offload Service available
06-22 06:16:49.006 I/wificond( 1768): Offload HAL not supported 
06-22 06:16:49.007 I/OMXClient( 1763): IOmx service obtained
06-22 06:16:49.007 E/SupplicantStaIfaceHal( 1916): Can't call setupIface, ISupplicantStaIface is null
06-22 06:16:49.007 I/OMXMaster( 1769): makeComponentInstance(OMX.google.vp8.encoder) in android.hardwar process
06-22 06:16:49.007 I/hwservicemanager( 1567): getTransport: Cannot find entry android.hardware.wifi.supplicant@1.1::ISupplicant/default in either framework or device manifest.
06-22 06:16:49.009 W/OMXUtils( 1763): do not know color format 0x7f000789 = 2130708361
06-22 06:16:49.009 E/OMXNodeInstance( 1769): getConfig(0xf0918c60:google.vp8.encoder, ConfigAndroidIntraRefresh(0x6f60000a)) ERROR: Undefined(0x80001001)
06-22 06:16:49.009 E/OMXNodeInstance( 1769): getParameter(0xf0918c60:google.vp8.encoder, ParamVideoIntraRefresh(0x6000006)) ERROR: UnsupportedIndex(0x8000101a)
06-22 06:16:49.009 D/MediaCodecInfo( 1763): detail feature-frame-parsing wasn't present to remove
06-22 06:16:49.009 I/hwservicemanager( 1567): getTransport: Cannot find entry android.hardware.wifi.supplicant@1.2::ISupplicant/default in either framework or device manifest.
06-22 06:16:49.009 I/hwservicemanager( 1567): getTransport: Cannot find entry android.hardware.wifi.supplicant@1.1::ISupplicant/default in either framework or device manifest.
06-22 06:16:49.010 I/netd    ( 1660): interfaceGetCfg("wlan0") <0.10ms>
06-22 06:16:49.010 I/WifiNative( 1916): Interface state changed on Iface:{Name=wlan0,Id=1,Type=STA_CONNECTIVITY}, isUp=true
06-22 06:16:49.011 I/netd    ( 1660): interfaceClearAddrs("wlan0") <0.12ms>
06-22 06:16:49.011 I/netd    ( 1660): interfaceSetIPv6PrivacyExtensions("wlan0", "true") <0.05ms>
06-22 06:16:49.011 W/PackageManager( 1916): Cannot whitelist unknown permission: android.permission.QUERY_ALL_PACKAGES
06-22 06:16:49.011 I/netd    ( 1660): interfaceSetEnableIPv6("wlan0", "false") <0.04ms>
06-22 06:16:49.011 I/WifiNative( 1916): Successfully setup Iface:{Name=wlan0,Id=1,Type=STA_CONNECTIVITY}
06-22 06:16:49.011 I/hwservicemanager( 1567): getTransport: Cannot find entry android.hardware.wifi.supplicant@1.2::ISupplicant/default in either framework or device manifest.
06-22 06:16:49.011 E/SupplicantStaIfaceHal( 1916): Method getKeyMgmtCapabilities is not supported in existing HAL
06-22 06:16:49.012 W/PackageManager( 1916): Cannot whitelist unknown permission: android.permission.PRE_FACTORY_RESET
06-22 06:16:49.012 W/PackageManager( 1916): Cannot whitelist unknown permission: android.permission.MANAGE_FACTORY_RESET_PROTECTION
06-22 06:16:49.012 W/PackageManager( 1916): Cannot whitelist unknown permission: android.car.permission.CAR_POWER
06-22 06:16:49.012 W/PackageManager( 1916): Cannot whitelist unknown permission: com.google.android.wearable.WRITE_SETTINGS
06-22 06:16:49.012 W/PackageManager( 1916): Cannot whitelist unknown permission: com.felicanetworks.mfc.permission.MFC_ACCESS
06-22 06:16:49.012 W/PackageManager( 1916): Cannot whitelist unknown permission: com.felicanetworks.mfc.mfi.permission.MFI_ACCESS
06-22 06:16:49.013 W/PackageManager( 1916): Cannot whitelist unknown permission: com.google.android.finsky.permission.INSTANT_APP_STATE
06-22 06:16:49.013 D/WifiClientModeManager( 1916): entering StartedState
06-22 06:16:49.013 W/PackageManager( 1916): Cannot whitelist unknown permission: android.permission.UWB
06-22 06:16:49.013 W/PackageManager( 1916): Cannot whitelist unknown permission: com.google.android.finsky.permission.BIND_GET_INSTALL_REFERRER_SERVICE
06-22 06:16:49.013 W/PackageManager( 1916): Cannot whitelist unknown permission: com.google.android.hangouts.START_HANGOUT
06-22 06:16:49.013 W/PackageManager( 1916): Cannot whitelist unknown permission: android.car.permission.CAR_POWERTRAIN
06-22 06:16:49.013 W/PackageManager( 1916): Cannot whitelist unknown permission: android.car.permission.CAR_ENERGY
06-22 06:16:49.013 W/PackageManager( 1916): Cannot whitelist unknown permission: android.car.permission.CAR_ENERGY_PORTS
06-22 06:16:49.013 W/PackageManager( 1916): Cannot whitelist unknown permission: android.car.permission.CAR_EXTERIOR_LIGHTS
06-22 06:16:49.013 I/netd    ( 1660): interfaceGetCfg("wlan0") <0.10ms>
06-22 06:16:49.013 W/PackageManager( 1916): Cannot whitelist unknown permission: android.car.permission.CAR_INFO
06-22 06:16:49.014 D/WifiClientModeManager( 1916): Wifi is ready to use for client mode
06-22 06:16:49.014 D/WifiActiveModeWarden( 1916): State changed from client mode. state = 3
06-22 06:16:49.014 D/WifiActiveModeWarden( 1916): client mode active
06-22 06:16:49.014 D/WifiScanRequestProxy( 1916): Sending scan available broadcast: true
06-22 06:16:49.014 E/WifiVendorHal( 1916): getBgScanCapabilities(l.630) failed {.code = ERROR_NOT_SUPPORTED, .description = }
06-22 06:16:49.015 I/WifiScanningService( 1916): wifi driver loaded with scan capabilities: max buckets=16
06-22 06:16:49.016 I/WifiScanRequestProxy( 1916): Scanning is enabled
06-22 06:16:49.016 I/WifiScanRequestProxy( 1916): Scanning for hidden networks is enabled
06-22 06:16:49.016 D/WifiClientModeImpl( 1916): entering ConnectModeState: ifaceName = wlan0
06-22 06:16:49.016 D/WifiClientModeImpl( 1916): setupClientMode() ifacename = wlan0
06-22 06:16:49.013 W/PackageManager( 1916): Cannot whitelist unknown permission: android.car.permission.CAR_MILEAGE
06-22 06:16:49.017 W/PackageManager( 1916): Cannot whitelist unknown permission: android.car.permission.CAR_TIRES
06-22 06:16:49.017 W/PackageManager( 1916): Cannot whitelist unknown permission: android.car.permission.CONTROL_CAR_CLIMATE
06-22 06:16:49.017 W/PackageManager( 1916): Cannot whitelist unknown permission: android.car.permission.CONTROL_CAR_DOORS
06-22 06:16:49.017 W/PackageManager( 1916): Cannot whitelist unknown permission: android.car.permission.CONTROL_CAR_EXTERIOR_LIGHTS
06-22 06:16:49.017 W/PackageManager( 1916): Cannot whitelist unknown permission: android.car.permission.CONTROL_CAR_MIRRORS
06-22 06:16:49.017 W/PackageManager( 1916): Cannot whitelist unknown permission: android.car.permission.CONTROL_CAR_SEATS
06-22 06:16:49.017 W/PackageManager( 1916): Cannot whitelist unknown permission: android.car.permission.CONTROL_CAR_WINDOWS
06-22 06:16:49.017 W/PackageManager( 1916): Cannot whitelist unknown permission: android.car.permission.READ_CAR_DISPLAY_UNITS
06-22 06:16:49.017 W/PackageManager( 1916): Cannot whitelist unknown permission: com.google.android.finsky.permission.GEARHEAD_SERVICE
06-22 06:16:49.018 W/PackageManager( 1916): Cannot whitelist unknown permission: com.google.android.permission.ACCESSIBILITY_SCAN_SERVICE
06-22 06:16:49.018 W/PackageManager( 1916): Cannot whitelist unknown permission: com.google.android.finsky.permission.ACCESS_INSTANT_APP_NOTIFICATION_ENFORCEMENT
06-22 06:16:49.018 W/PackageManager( 1916): Cannot whitelist unknown permission: com.google.android.clockwork.settings.SHOW_FACTORY_RESET_CONFIRMATION
06-22 06:16:49.018 W/PackageManager( 1916): Cannot whitelist unknown permission: com.google.android.wearable.READ_SETTINGS
06-22 06:16:49.018 W/PackageManager( 1916): Cannot whitelist unknown permission: android.permission.READ_MEDIA_AUDIO
06-22 06:16:49.018 W/PackageManager( 1916): Cannot whitelist unknown permission: android.permission.READ_MEDIA_IMAGES
06-22 06:16:49.018 W/PackageManager( 1916): Cannot whitelist unknown permission: android.permission.READ_MEDIA_VIDEO
06-22 06:16:49.018 W/PackageManager( 1916): Cannot whitelist unknown permission: com.android.vending.setup.PLAY_SETUP_SERVICE
06-22 06:16:49.018 W/PackageManager( 1916): Cannot whitelist unknown permission: com.google.android.gms.game.notifications.permission.WRITE
06-22 06:16:49.018 W/PackageManager( 1916): Cannot whitelist unknown permission: com.google.android.vending.verifier.ACCESS_VERIFIER
06-22 06:16:49.018 I/PackageManager( 1916): Un-granting permission android.permission.CAPTURE_VIDEO_OUTPUT from package com.google.android.gms (protectionLevel=2 flags=0xb0cabe45)
06-22 06:16:49.018 I/PackageManager( 1916): Un-granting permission android.permission.MANAGE_DEVICE_ADMINS from package com.google.android.gms (protectionLevel=2 flags=0xb0cabe45)
06-22 06:16:49.018 I/PackageManager( 1916): Un-granting permission android.permission.MANAGE_ACTIVITY_STACKS from package com.google.android.gms (protectionLevel=2 flags=0xb0cabe45)
06-22 06:16:49.018 I/PackageManager( 1916): Un-granting permission android.permission.CAPTURE_SECURE_VIDEO_OUTPUT from package com.google.android.gms (protectionLevel=2 flags=0xb0cabe45)
06-22 06:16:49.018 I/PackageManager( 1916): Un-granting permission android.permission.MANAGE_ROLLBACKS from package com.google.android.gms (protectionLevel=514 flags=0xb0cabe45)
06-22 06:16:49.019 D/MediaCodecList( 1763): ignored a null builder
06-22 06:16:49.020 I/OMXClient( 1916): IOmx service obtained
06-22 06:16:49.020 I/OMXMaster( 1769): makeComponentInstance(OMX.google.vorbis.decoder) in android.hardwar process
06-22 06:16:49.021 E/OMXNodeInstance( 1769): getConfig(0xf0918c60:google.vorbis.decoder, ConfigAndroidVendorExtension(0x6f100004)) ERROR: Undefined(0x80001001)
06-22 06:16:49.024 W/PackageManager( 1916): Cannot whitelist unknown permission: android.permission.QUERY_ALL_PACKAGES
06-22 06:16:49.024 W/PackageManager( 1916): Cannot whitelist unknown permission: android.permission.PRE_FACTORY_RESET
06-22 06:16:49.024 W/PackageManager( 1916): Cannot whitelist unknown permission: android.permission.MANAGE_FACTORY_RESET_PROTECTION
06-22 06:16:49.024 W/PackageManager( 1916): Cannot whitelist unknown permission: android.car.permission.CAR_POWER
06-22 06:16:49.024 W/PackageManager( 1916): Cannot whitelist unknown permission: com.google.android.wearable.WRITE_SETTINGS
06-22 06:16:49.024 W/PackageManager( 1916): Cannot whitelist unknown permission: com.felicanetworks.mfc.permission.MFC_ACCESS
06-22 06:16:49.024 W/PackageManager( 1916): Cannot whitelist unknown permission: com.felicanetworks.mfc.mfi.permission.MFI_ACCESS
06-22 06:16:49.024 W/PackageManager( 1916): Cannot whitelist unknown permission: com.google.android.finsky.permission.INSTANT_APP_STATE
06-22 06:16:49.024 W/PackageManager( 1916): Cannot whitelist unknown permission: android.permission.UWB
06-22 06:16:49.024 W/PackageManager( 1916): Cannot whitelist unknown permission: com.google.android.finsky.permission.BIND_GET_INSTALL_REFERRER_SERVICE
06-22 06:16:49.024 W/PackageManager( 1916): Cannot whitelist unknown permission: com.google.android.hangouts.START_HANGOUT
06-22 06:16:49.024 W/PackageManager( 1916): Cannot whitelist unknown permission: android.car.permission.CAR_POWERTRAIN
06-22 06:16:49.024 W/PackageManager( 1916): Cannot whitelist unknown permission: android.car.permission.CAR_ENERGY
06-22 06:16:49.024 W/PackageManager( 1916): Cannot whitelist unknown permission: android.car.permission.CAR_ENERGY_PORTS
06-22 06:16:49.024 W/PackageManager( 1916): Cannot whitelist unknown permission: android.car.permission.CAR_EXTERIOR_LIGHTS
06-22 06:16:49.024 W/PackageManager( 1916): Cannot whitelist unknown permission: android.car.permission.CAR_INFO
06-22 06:16:49.024 W/PackageManager( 1916): Cannot whitelist unknown permission: android.car.permission.CAR_MILEAGE
06-22 06:16:49.024 W/PackageManager( 1916): Cannot whitelist unknown permission: android.car.permission.CAR_TIRES
06-22 06:16:49.025 W/PackageManager( 1916): Cannot whitelist unknown permission: android.car.permission.CONTROL_CAR_CLIMATE
06-22 06:16:49.025 W/PackageManager( 1916): Cannot whitelist unknown permission: android.car.permission.CONTROL_CAR_DOORS
06-22 06:16:49.025 W/PackageManager( 1916): Cannot whitelist unknown permission: android.car.permission.CONTROL_CAR_EXTERIOR_LIGHTS
06-22 06:16:49.025 W/PackageManager( 1916): Cannot whitelist unknown permission: android.car.permission.CONTROL_CAR_MIRRORS
06-22 06:16:49.025 W/PackageManager( 1916): Cannot whitelist unknown permission: android.car.permission.CONTROL_CAR_SEATS
06-22 06:16:49.025 W/PackageManager( 1916): Cannot whitelist unknown permission: android.car.permission.CONTROL_CAR_WINDOWS
06-22 06:16:49.025 W/PackageManager( 1916): Cannot whitelist unknown permission: android.car.permission.READ_CAR_DISPLAY_UNITS
06-22 06:16:49.025 W/PackageManager( 1916): Cannot whitelist unknown permission: com.google.android.finsky.permission.GEARHEAD_SERVICE
06-22 06:16:49.025 W/PackageManager( 1916): Cannot whitelist unknown permission: com.google.android.permission.ACCESSIBILITY_SCAN_SERVICE
06-22 06:16:49.025 W/PackageManager( 1916): Cannot whitelist unknown permission: com.google.android.finsky.permission.ACCESS_INSTANT_APP_NOTIFICATION_ENFORCEMENT
06-22 06:16:49.025 W/PackageManager( 1916): Cannot whitelist unknown permission: com.google.android.clockwork.settings.SHOW_FACTORY_RESET_CONFIRMATION
06-22 06:16:49.025 W/PackageManager( 1916): Cannot whitelist unknown permission: com.google.android.wearable.READ_SETTINGS
06-22 06:16:49.025 W/PackageManager( 1916): Cannot whitelist unknown permission: android.permission.READ_MEDIA_AUDIO
06-22 06:16:49.025 W/PackageManager( 1916): Cannot whitelist unknown permission: android.permission.READ_MEDIA_IMAGES
06-22 06:16:49.025 W/PackageManager( 1916): Cannot whitelist unknown permission: android.permission.READ_MEDIA_VIDEO
06-22 06:16:49.025 W/PackageManager( 1916): Cannot whitelist unknown permission: com.android.vending.setup.PLAY_SETUP_SERVICE
06-22 06:16:49.025 W/PackageManager( 1916): Cannot whitelist unknown permission: com.google.android.gms.game.notifications.permission.WRITE
06-22 06:16:49.025 W/PackageManager( 1916): Cannot whitelist unknown permission: com.google.android.vending.verifier.ACCESS_VERIFIER
06-22 06:16:49.025 I/PackageManager( 1916): Un-granting permission android.permission.CAPTURE_VIDEO_OUTPUT from package com.google.android.gms (protectionLevel=2 flags=0xb0cabe45)
06-22 06:16:49.025 I/PackageManager( 1916): Un-granting permission android.permission.MANAGE_DEVICE_ADMINS from package com.google.android.gms (protectionLevel=2 flags=0xb0cabe45)
06-22 06:16:49.025 I/PackageManager( 1916): Un-granting permission android.permission.MANAGE_ACTIVITY_STACKS from package com.google.android.gms (protectionLevel=2 flags=0xb0cabe45)
06-22 06:16:49.025 I/PackageManager( 1916): Un-granting permission android.permission.CAPTURE_SECURE_VIDEO_OUTPUT from package com.google.android.gms (protectionLevel=2 flags=0xb0cabe45)
06-22 06:16:49.025 I/PackageManager( 1916): Un-granting permission android.permission.MANAGE_ROLLBACKS from package com.google.android.gms (protectionLevel=514 flags=0xb0cabe45)
06-22 06:16:49.028 W/PackageManager( 1916): Cannot whitelist unknown permission: android.permission.QUERY_ALL_PACKAGES
06-22 06:16:49.028 W/PackageManager( 1916): Cannot whitelist unknown permission: android.permission.PRE_FACTORY_RESET
06-22 06:16:49.028 W/PackageManager( 1916): Cannot whitelist unknown permission: android.permission.MANAGE_FACTORY_RESET_PROTECTION
06-22 06:16:49.028 W/PackageManager( 1916): Cannot whitelist unknown permission: android.car.permission.CAR_POWER
06-22 06:16:49.029 W/PackageManager( 1916): Cannot whitelist unknown permission: com.google.android.wearable.WRITE_SETTINGS
06-22 06:16:49.029 W/PackageManager( 1916): Cannot whitelist unknown permission: com.felicanetworks.mfc.permission.MFC_ACCESS
06-22 06:16:49.029 W/PackageManager( 1916): Cannot whitelist unknown permission: com.felicanetworks.mfc.mfi.permission.MFI_ACCESS
06-22 06:16:49.029 W/PackageManager( 1916): Cannot whitelist unknown permission: com.google.android.finsky.permission.INSTANT_APP_STATE
06-22 06:16:49.029 W/PackageManager( 1916): Cannot whitelist unknown permission: android.permission.UWB
06-22 06:16:49.029 W/PackageManager( 1916): Cannot whitelist unknown permission: com.google.android.finsky.permission.BIND_GET_INSTALL_REFERRER_SERVICE
06-22 06:16:49.029 W/PackageManager( 1916): Cannot whitelist unknown permission: com.google.android.hangouts.START_HANGOUT
06-22 06:16:49.029 W/PackageManager( 1916): Cannot whitelist unknown permission: android.car.permission.CAR_POWERTRAIN
06-22 06:16:49.029 W/PackageManager( 1916): Cannot whitelist unknown permission: android.car.permission.CAR_ENERGY
06-22 06:16:49.029 W/PackageManager( 1916): Cannot whitelist unknown permission: android.car.permission.CAR_ENERGY_PORTS
06-22 06:16:49.029 W/PackageManager( 1916): Cannot whitelist unknown permission: android.car.permission.CAR_EXTERIOR_LIGHTS
06-22 06:16:49.029 W/PackageManager( 1916): Cannot whitelist unknown permission: android.car.permission.CAR_INFO
06-22 06:16:49.029 W/PackageManager( 1916): Cannot whitelist unknown permission: android.car.permission.CAR_MILEAGE
06-22 06:16:49.029 W/PackageManager( 1916): Cannot whitelist unknown permission: android.car.permission.CAR_TIRES
06-22 06:16:49.029 W/PackageManager( 1916): Cannot whitelist unknown permission: android.car.permission.CONTROL_CAR_CLIMATE
06-22 06:16:49.029 W/PackageManager( 1916): Cannot whitelist unknown permission: android.car.permission.CONTROL_CAR_DOORS
06-22 06:16:49.029 W/PackageManager( 1916): Cannot whitelist unknown permission: android.car.permission.CONTROL_CAR_EXTERIOR_LIGHTS
06-22 06:16:49.029 W/PackageManager( 1916): Cannot whitelist unknown permission: android.car.permission.CONTROL_CAR_MIRRORS
06-22 06:16:49.029 W/PackageManager( 1916): Cannot whitelist unknown permission: android.car.permission.CONTROL_CAR_SEATS
06-22 06:16:49.029 W/PackageManager( 1916): Cannot whitelist unknown permission: android.car.permission.CONTROL_CAR_WINDOWS
06-22 06:16:49.030 W/PackageManager( 1916): Cannot whitelist unknown permission: android.car.permission.READ_CAR_DISPLAY_UNITS
06-22 06:16:49.030 W/PackageManager( 1916): Cannot whitelist unknown permission: com.google.android.finsky.permission.GEARHEAD_SERVICE
06-22 06:16:49.030 W/PackageManager( 1916): Cannot whitelist unknown permission: com.google.android.permission.ACCESSIBILITY_SCAN_SERVICE
06-22 06:16:49.030 W/PackageManager( 1916): Cannot whitelist unknown permission: com.google.android.finsky.permission.ACCESS_INSTANT_APP_NOTIFICATION_ENFORCEMENT
06-22 06:16:49.030 W/PackageManager( 1916): Cannot whitelist unknown permission: com.google.android.clockwork.settings.SHOW_FACTORY_RESET_CONFIRMATION
06-22 06:16:49.030 W/PackageManager( 1916): Cannot whitelist unknown permission: com.google.android.wearable.READ_SETTINGS
06-22 06:16:49.030 W/PackageManager( 1916): Cannot whitelist unknown permission: android.permission.READ_MEDIA_AUDIO
06-22 06:16:49.030 W/PackageManager( 1916): Cannot whitelist unknown permission: android.permission.READ_MEDIA_IMAGES
06-22 06:16:49.030 W/PackageManager( 1916): Cannot whitelist unknown permission: android.permission.READ_MEDIA_VIDEO
06-22 06:16:49.030 W/PackageManager( 1916): Cannot whitelist unknown permission: com.android.vending.setup.PLAY_SETUP_SERVICE
06-22 06:16:49.030 W/PackageManager( 1916): Cannot whitelist unknown permission: com.google.android.gms.game.notifications.permission.WRITE
06-22 06:16:49.030 W/PackageManager( 1916): Cannot whitelist unknown permission: com.google.android.vending.verifier.ACCESS_VERIFIER
06-22 06:16:49.030 I/PackageManager( 1916): Un-granting permission android.permission.CAPTURE_VIDEO_OUTPUT from package com.google.android.gms (protectionLevel=2 flags=0xb0cabe45)
06-22 06:16:49.030 I/PackageManager( 1916): Un-granting permission android.permission.MANAGE_DEVICE_ADMINS from package com.google.android.gms (protectionLevel=2 flags=0xb0cabe45)
06-22 06:16:49.030 I/PackageManager( 1916): Un-granting permission android.permission.MANAGE_ACTIVITY_STACKS from package com.google.android.gms (protectionLevel=2 flags=0xb0cabe45)
06-22 06:16:49.030 I/PackageManager( 1916): Un-granting permission android.permission.CAPTURE_SECURE_VIDEO_OUTPUT from package com.google.android.gms (protectionLevel=2 flags=0xb0cabe45)
06-22 06:16:49.030 I/PackageManager( 1916): Un-granting permission android.permission.MANAGE_ROLLBACKS from package com.google.android.gms (protectionLevel=514 flags=0xb0cabe45)
06-22 06:16:49.033 W/PackageManager( 1916): Cannot whitelist unknown permission: android.permission.QUERY_ALL_PACKAGES
06-22 06:16:49.033 W/PackageManager( 1916): Cannot whitelist unknown permission: android.permission.PRE_FACTORY_RESET
06-22 06:16:49.033 W/PackageManager( 1916): Cannot whitelist unknown permission: android.permission.MANAGE_FACTORY_RESET_PROTECTION
06-22 06:16:49.033 W/PackageManager( 1916): Cannot whitelist unknown permission: android.car.permission.CAR_POWER
06-22 06:16:49.033 W/PackageManager( 1916): Cannot whitelist unknown permission: com.google.android.wearable.WRITE_SETTINGS
06-22 06:16:49.033 W/PackageManager( 1916): Cannot whitelist unknown permission: com.felicanetworks.mfc.permission.MFC_ACCESS
06-22 06:16:49.033 W/PackageManager( 1916): Cannot whitelist unknown permission: com.felicanetworks.mfc.mfi.permission.MFI_ACCESS
06-22 06:16:49.033 W/PackageManager( 1916): Cannot whitelist unknown permission: com.google.android.finsky.permission.INSTANT_APP_STATE
06-22 06:16:49.033 W/PackageManager( 1916): Cannot whitelist unknown permission: android.permission.UWB
06-22 06:16:49.033 W/PackageManager( 1916): Cannot whitelist unknown permission: com.google.android.finsky.permission.BIND_GET_INSTALL_REFERRER_SERVICE
06-22 06:16:49.033 W/PackageManager( 1916): Cannot whitelist unknown permission: com.google.android.hangouts.START_HANGOUT
06-22 06:16:49.033 W/PackageManager( 1916): Cannot whitelist unknown permission: android.car.permission.CAR_POWERTRAIN
06-22 06:16:49.033 W/PackageManager( 1916): Cannot whitelist unknown permission: android.car.permission.CAR_ENERGY
06-22 06:16:49.033 W/PackageManager( 1916): Cannot whitelist unknown permission: android.car.permission.CAR_ENERGY_PORTS
06-22 06:16:49.033 W/PackageManager( 1916): Cannot whitelist unknown permission: android.car.permission.CAR_EXTERIOR_LIGHTS
06-22 06:16:49.033 W/PackageManager( 1916): Cannot whitelist unknown permission: android.car.permission.CAR_INFO
06-22 06:16:49.033 W/PackageManager( 1916): Cannot whitelist unknown permission: android.car.permission.CAR_MILEAGE
06-22 06:16:49.034 W/PackageManager( 1916): Cannot whitelist unknown permission: android.car.permission.CAR_TIRES
06-22 06:16:49.034 W/PackageManager( 1916): Cannot whitelist unknown permission: android.car.permission.CONTROL_CAR_CLIMATE
06-22 06:16:49.034 W/PackageManager( 1916): Cannot whitelist unknown permission: android.car.permission.CONTROL_CAR_DOORS
06-22 06:16:49.034 W/PackageManager( 1916): Cannot whitelist unknown permission: android.car.permission.CONTROL_CAR_EXTERIOR_LIGHTS
06-22 06:16:49.034 W/PackageManager( 1916): Cannot whitelist unknown permission: android.car.permission.CONTROL_CAR_MIRRORS
06-22 06:16:49.034 W/PackageManager( 1916): Cannot whitelist unknown permission: android.car.permission.CONTROL_CAR_SEATS
06-22 06:16:49.034 W/PackageManager( 1916): Cannot whitelist unknown permission: android.car.permission.CONTROL_CAR_WINDOWS
06-22 06:16:49.034 W/PackageManager( 1916): Cannot whitelist unknown permission: android.car.permission.READ_CAR_DISPLAY_UNITS
06-22 06:16:49.034 W/PackageManager( 1916): Cannot whitelist unknown permission: com.google.android.finsky.permission.GEARHEAD_SERVICE
06-22 06:16:49.034 W/PackageManager( 1916): Cannot whitelist unknown permission: com.google.android.permission.ACCESSIBILITY_SCAN_SERVICE
06-22 06:16:49.034 W/PackageManager( 1916): Cannot whitelist unknown permission: com.google.android.finsky.permission.ACCESS_INSTANT_APP_NOTIFICATION_ENFORCEMENT
06-22 06:16:49.034 W/PackageManager( 1916): Cannot whitelist unknown permission: com.google.android.clockwork.settings.SHOW_FACTORY_RESET_CONFIRMATION
06-22 06:16:49.034 W/PackageManager( 1916): Cannot whitelist unknown permission: com.google.android.wearable.READ_SETTINGS
06-22 06:16:49.034 W/PackageManager( 1916): Cannot whitelist unknown permission: android.permission.READ_MEDIA_AUDIO
06-22 06:16:49.034 W/PackageManager( 1916): Cannot whitelist unknown permission: android.permission.READ_MEDIA_IMAGES
06-22 06:16:49.034 W/PackageManager( 1916): Cannot whitelist unknown permission: android.permission.READ_MEDIA_VIDEO
06-22 06:16:49.034 W/PackageManager( 1916): Cannot whitelist unknown permission: com.android.vending.setup.PLAY_SETUP_SERVICE
06-22 06:16:49.034 W/PackageManager( 1916): Cannot whitelist unknown permission: com.google.android.gms.game.notifications.permission.WRITE
06-22 06:16:49.034 W/PackageManager( 1916): Cannot whitelist unknown permission: com.google.android.vending.verifier.ACCESS_VERIFIER
06-22 06:16:49.034 I/PackageManager( 1916): Un-granting permission android.permission.CAPTURE_VIDEO_OUTPUT from package com.google.android.gms (protectionLevel=2 flags=0xb0cabe45)
06-22 06:16:49.034 I/PackageManager( 1916): Un-granting permission android.permission.MANAGE_DEVICE_ADMINS from package com.google.android.gms (protectionLevel=2 flags=0xb0cabe45)
06-22 06:16:49.034 I/PackageManager( 1916): Un-granting permission android.permission.MANAGE_ACTIVITY_STACKS from package com.google.android.gms (protectionLevel=2 flags=0xb0cabe45)
06-22 06:16:49.034 I/PackageManager( 1916): Un-granting permission android.permission.CAPTURE_SECURE_VIDEO_OUTPUT from package com.google.android.gms (protectionLevel=2 flags=0xb0cabe45)
06-22 06:16:49.034 I/PackageManager( 1916): Un-granting permission android.permission.MANAGE_ROLLBACKS from package com.google.android.gms (protectionLevel=514 flags=0xb0cabe45)
06-22 06:16:49.038 W/PackageManager( 1916): Cannot whitelist unknown permission: android.permission.QUERY_ALL_PACKAGES
06-22 06:16:49.038 W/PackageManager( 1916): Cannot whitelist unknown permission: android.permission.PRE_FACTORY_RESET
06-22 06:16:49.038 W/PackageManager( 1916): Cannot whitelist unknown permission: android.permission.MANAGE_FACTORY_RESET_PROTECTION
06-22 06:16:49.038 W/PackageManager( 1916): Cannot whitelist unknown permission: android.car.permission.CAR_POWER
06-22 06:16:49.038 W/PackageManager( 1916): Cannot whitelist unknown permission: com.google.android.wearable.WRITE_SETTINGS
06-22 06:16:49.038 W/PackageManager( 1916): Cannot whitelist unknown permission: com.felicanetworks.mfc.permission.MFC_ACCESS
06-22 06:16:49.038 W/PackageManager( 1916): Cannot whitelist unknown permission: com.felicanetworks.mfc.mfi.permission.MFI_ACCESS
06-22 06:16:49.038 W/PackageManager( 1916): Cannot whitelist unknown permission: com.google.android.finsky.permission.INSTANT_APP_STATE
06-22 06:16:49.038 W/PackageManager( 1916): Cannot whitelist unknown permission: android.permission.UWB
06-22 06:16:49.038 W/PackageManager( 1916): Cannot whitelist unknown permission: com.google.android.finsky.permission.BIND_GET_INSTALL_REFERRER_SERVICE
06-22 06:16:49.038 W/PackageManager( 1916): Cannot whitelist unknown permission: com.google.android.hangouts.START_HANGOUT
06-22 06:16:49.038 W/PackageManager( 1916): Cannot whitelist unknown permission: android.car.permission.CAR_POWERTRAIN
06-22 06:16:49.038 W/PackageManager( 1916): Cannot whitelist unknown permission: android.car.permission.CAR_ENERGY
06-22 06:16:49.038 W/PackageManager( 1916): Cannot whitelist unknown permission: android.car.permission.CAR_ENERGY_PORTS
06-22 06:16:49.038 W/PackageManager( 1916): Cannot whitelist unknown permission: android.car.permission.CAR_EXTERIOR_LIGHTS
06-22 06:16:49.038 W/PackageManager( 1916): Cannot whitelist unknown permission: android.car.permission.CAR_INFO
06-22 06:16:49.038 W/PackageManager( 1916): Cannot whitelist unknown permission: android.car.permission.CAR_MILEAGE
06-22 06:16:49.038 W/PackageManager( 1916): Cannot whitelist unknown permission: android.car.permission.CAR_TIRES
06-22 06:16:49.038 W/PackageManager( 1916): Cannot whitelist unknown permission: android.car.permission.CONTROL_CAR_CLIMATE
06-22 06:16:49.038 W/PackageManager( 1916): Cannot whitelist unknown permission: android.car.permission.CONTROL_CAR_DOORS
06-22 06:16:49.038 W/PackageManager( 1916): Cannot whitelist unknown permission: android.car.permission.CONTROL_CAR_EXTERIOR_LIGHTS
06-22 06:16:49.038 W/PackageManager( 1916): Cannot whitelist unknown permission: android.car.permission.CONTROL_CAR_MIRRORS
06-22 06:16:49.038 W/PackageManager( 1916): Cannot whitelist unknown permission: android.car.permission.CONTROL_CAR_SEATS
06-22 06:16:49.038 W/PackageManager( 1916): Cannot whitelist unknown permission: android.car.permission.CONTROL_CAR_WINDOWS
06-22 06:16:49.038 W/PackageManager( 1916): Cannot whitelist unknown permission: android.car.permission.READ_CAR_DISPLAY_UNITS
06-22 06:16:49.038 W/PackageManager( 1916): Cannot whitelist unknown permission: com.google.android.finsky.permission.GEARHEAD_SERVICE
06-22 06:16:49.038 W/PackageManager( 1916): Cannot whitelist unknown permission: com.google.android.permission.ACCESSIBILITY_SCAN_SERVICE
06-22 06:16:49.038 W/PackageManager( 1916): Cannot whitelist unknown permission: com.google.android.finsky.permission.ACCESS_INSTANT_APP_NOTIFICATION_ENFORCEMENT
06-22 06:16:49.038 W/PackageManager( 1916): Cannot whitelist unknown permission: com.google.android.clockwork.settings.SHOW_FACTORY_RESET_CONFIRMATION
06-22 06:16:49.038 W/PackageManager( 1916): Cannot whitelist unknown permission: com.google.android.wearable.READ_SETTINGS
06-22 06:16:49.038 W/PackageManager( 1916): Cannot whitelist unknown permission: android.permission.READ_MEDIA_AUDIO
06-22 06:16:49.038 W/PackageManager( 1916): Cannot whitelist unknown permission: android.permission.READ_MEDIA_IMAGES
06-22 06:16:49.038 W/PackageManager( 1916): Cannot whitelist unknown permission: android.permission.READ_MEDIA_VIDEO
06-22 06:16:49.038 W/PackageManager( 1916): Cannot whitelist unknown permission: com.android.vending.setup.PLAY_SETUP_SERVICE
06-22 06:16:49.038 W/PackageManager( 1916): Cannot whitelist unknown permission: com.google.android.gms.game.notifications.permission.WRITE
06-22 06:16:49.038 W/PackageManager( 1916): Cannot whitelist unknown permission: com.google.android.vending.verifier.ACCESS_VERIFIER
06-22 06:16:49.038 I/PackageManager( 1916): Un-granting permission android.permission.CAPTURE_VIDEO_OUTPUT from package com.google.android.gms (protectionLevel=2 flags=0xb0cabe45)
06-22 06:16:49.039 I/PackageManager( 1916): Un-granting permission android.permission.MANAGE_DEVICE_ADMINS from package com.google.android.gms (protectionLevel=2 flags=0xb0cabe45)
06-22 06:16:49.039 I/PackageManager( 1916): Un-granting permission android.permission.MANAGE_ACTIVITY_STACKS from package com.google.android.gms (protectionLevel=2 flags=0xb0cabe45)
06-22 06:16:49.039 I/PackageManager( 1916): Un-granting permission android.permission.CAPTURE_SECURE_VIDEO_OUTPUT from package com.google.android.gms (protectionLevel=2 flags=0xb0cabe45)
06-22 06:16:49.039 I/PackageManager( 1916): Un-granting permission android.permission.MANAGE_ROLLBACKS from package com.google.android.gms (protectionLevel=514 flags=0xb0cabe45)
06-22 06:16:49.041 W/PackageManager( 1916): Cannot whitelist unknown permission: android.permission.QUERY_ALL_PACKAGES
