06-22 06:16:46.005 I/PackageManager( 1916): No settings file; creating initial state
06-22 06:16:46.008 D/PackageManager( 1916): No files in app dir /vendor/overlay
06-22 06:16:46.012 I/PackageManager( 1916): /system/product/overlay/FontNotoSerifSource changed; collecting certs
06-22 06:16:46.023 I/ServiceManager( 1767): Waiting for service 'package_native' on '/dev/binder'...
06-22 06:16:46.029 V/apexd   ( 1637): Found bundled key in package /system/apex/com.android.apex.cts.shim.apex
06-22 06:16:46.029 E/apexd   ( 1637): Can't open /product/apex for reading : No such file or directory
06-22 06:16:46.041 I/PackageManager( 1916): /system/product/overlay/IconPackFilledThemePicker changed; collecting certs
06-22 06:16:46.041 I/PackageManager( 1916): /system/product/overlay/IconShapeRoundedRect changed; collecting certs
06-22 06:16:46.042 I/PackageManager( 1916): /system/product/overlay/EmulationPixel4a changed; collecting certs
06-22 06:16:46.043 I/PackageManager( 1916): /system/product/overlay/PixelConfigOverlayCommon.apk changed; collecting certs
06-22 06:16:46.043 I/PackageManager( 1916): /system/product/overlay/GoogleConfigOverlay.apk changed; collecting certs
06-22 06:16:46.044 I/PackageManager( 1916): /system/product/overlay/IconPackRoundedSettings changed; collecting certs
06-22 06:16:46.045 I/PackageManager( 1916): /system/product/overlay/AccentColorGreen changed; collecting certs
06-22 06:16:46.047 I/PackageManager( 1916): /system/product/overlay/IconShapeSquare changed; collecting certs
06-22 06:16:46.049 I/PackageManager( 1916): /system/product/overlay/AccentColorOcean changed; collecting certs
06-22 06:16:46.049 I/PackageManager( 1916): /system/product/overlay/IconShapeTeardrop changed; collecting certs
06-22 06:16:46.050 I/PackageManager( 1916): /system/product/overlay/NavigationBarModeGestural changed; collecting certs
06-22 06:16:46.051 I/PackageManager( 1916): /system/product/overlay/AccentColorOrchid changed; collecting certs
06-22 06:16:46.051 I/PackageManager( 1916): /system/product/overlay/IconPackFilledSystemUI changed; collecting certs
06-22 06:16:46.055 I/PackageManager( 1916): /system/product/overlay/EmulationPixel4XL changed; collecting certs
06-22 06:16:46.056 I/PackageManager( 1916): /system/product/overlay/DisplayCutoutEmulationTall changed; collecting certs
06-22 06:16:46.056 I/PackageManager( 1916): /system/product/overlay/IconPackFilledSettings changed; collecting certs
06-22 06:16:46.057 I/PackageManager( 1916): /system/product/overlay/NavigationBarModeGesturalNarrowBack changed; collecting certs
06-22 06:16:46.058 I/PackageManager( 1916): /system/product/overlay/AccentColorBlack changed; collecting certs
06-22 06:16:46.058 I/PackageManager( 1916): /system/product/overlay/NavigationBarMode3Button changed; collecting certs
06-22 06:16:46.059 I/PackageManager( 1916): /system/product/overlay/EmulatorConfigOverlay.apk changed; collecting certs
06-22 06:16:46.059 I/PackageManager( 1916): /system/product/overlay/NavigationBarModeGesturalExtraWideBack changed; collecting certs
06-22 06:16:46.060 I/PackageManager( 1916): /system/product/overlay/IconPackCircularSystemUI changed; collecting certs
06-22 06:16:46.061 I/PackageManager( 1916): /system/product/overlay/SystemUIEmulationPixel4XL changed; collecting certs
06-22 06:16:46.062 I/PackageManager( 1916): /system/product/overlay/SystemUIEmulationPixel4 changed; collecting certs
06-22 06:16:46.064 I/PackageManager( 1916): /system/product/overlay/DisplayCutoutEmulationEmu01 changed; collecting certs
06-22 06:16:46.067 I/PackageManager( 1916): /system/product/overlay/IconPackFilledLauncher changed; collecting certs
06-22 06:16:46.068 I/PackageManager( 1916): /system/product/overlay/DisplayCutoutEmulationDouble changed; collecting certs
06-22 06:16:46.069 I/PackageManager( 1916): /system/product/overlay/SystemUIEmulationPixel3aXL changed; collecting certs
06-22 06:16:46.069 I/PackageManager( 1916): /system/product/overlay/AccentColorCinnamon changed; collecting certs
06-22 06:16:46.070 I/PackageManager( 1916): /system/product/overlay/SystemUIEmulationPixel2XL changed; collecting certs
06-22 06:16:46.071 I/PackageManager( 1916): /system/product/overlay/IconShapeSquircle changed; collecting certs
06-22 06:16:46.103 I/PackageManager( 1916): /system/product/overlay/IconPackRoundedAndroid changed; collecting certs
06-22 06:16:46.107 I/PackageManager( 1916): /system/product/overlay/SystemUIEmulationPixel4a changed; collecting certs
06-22 06:16:46.108 I/PackageManager( 1916): /system/product/overlay/IconPackRoundedSystemUI changed; collecting certs
06-22 06:16:46.109 I/PackageManager( 1916): /system/product/overlay/SystemUIEmulationPixel3a changed; collecting certs
06-22 06:16:46.109 I/PackageManager( 1916): /system/product/overlay/DisplayCutoutEmulationCorner changed; collecting certs
06-22 06:16:46.110 I/PackageManager( 1916): /system/product/overlay/NavigationBarModeGesturalWideBack changed; collecting certs
06-22 06:16:46.110 I/PackageManager( 1916): /system/product/overlay/IconPackCircularThemePicker changed; collecting certs
06-22 06:16:46.111 I/PackageManager( 1916): /system/product/overlay/NavigationBarMode2Button changed; collecting certs
06-22 06:16:46.111 I/PackageManager( 1916): /system/product/overlay/IconPackCircularLauncher changed; collecting certs
06-22 06:16:46.112 I/PackageManager( 1916): /system/product/overlay/IconPackCircularSettings changed; collecting certs
06-22 06:16:46.113 I/PackageManager( 1916): /system/product/overlay/GoogleWebViewOverlay.apk changed; collecting certs
06-22 06:16:46.114 I/PackageManager( 1916): /system/product/overlay/SystemUIEmulationPixel3 changed; collecting certs
06-22 06:16:46.114 I/PackageManager( 1916): /system/product/overlay/EmulationPixel3XL changed; collecting certs
06-22 06:16:46.115 I/PackageManager( 1916): /system/product/overlay/SystemUIEmulationPixel3XL changed; collecting certs
06-22 06:16:46.115 I/PackageManager( 1916): /system/product/overlay/IconPackRoundedLauncher changed; collecting certs
06-22 06:16:46.116 I/PackageManager( 1916): /system/product/overlay/GooglePermissionControllerOverlay.apk changed; collecting certs
06-22 06:16:46.117 I/PackageManager( 1916): /system/product/overlay/EmulationPixel2XL changed; collecting certs
06-22 06:16:46.123 I/PackageManager( 1916): /system/product/overlay/IconPackCircularAndroid changed; collecting certs
06-22 06:16:46.124 I/PackageManager( 1916): /system/product/overlay/AccentColorSpace changed; collecting certs
06-22 06:16:46.125 I/PackageManager( 1916): /system/product/overlay/IconPackFilledAndroid changed; collecting certs
06-22 06:16:46.125 I/PackageManager( 1916): /system/product/overlay/AccentColorPurple changed; collecting certs
06-22 06:16:46.126 I/PackageManager( 1916): /system/product/overlay/EmulationPixel4 changed; collecting certs
06-22 06:16:46.126 I/ServiceManager( 1767): Waiting for service 'package_native' on '/dev/binder'...
06-22 06:16:46.127 D/PackageManager( 1916): No files in app dir /product_services/overlay
06-22 06:16:46.127 D/PackageManager( 1916): No files in app dir /odm/overlay
06-22 06:16:46.127 D/PackageManager( 1916): No files in app dir /oem/overlay
06-22 06:16:46.127 W/PackageManager( 1916): Failed to parse /system/framework/x86: Missing base APK in /system/framework/x86
06-22 06:16:46.129 W/PackageManager( 1916): Failed to parse /system/framework/oat: Missing base APK in /system/framework/oat
06-22 06:16:46.133 W/PackageManager( 1916): Failed to parse /system/framework/x86_64: Missing base APK in /system/framework/x86_64
06-22 06:16:46.150 I/PackageManager( 1916): /system/framework/framework-res.apk changed; collecting certs
06-22 06:16:46.152 E/PackageManager( 1916): Adding duplicate shared id: 1000 name=android
06-22 06:16:46.160 I/PackageManager( 1916): New shared user android.uid.shared: id=10054
06-22 06:16:46.160 I/PackageManager( 1916): /system/priv-app/UserDictionaryProvider changed; collecting certs
06-22 06:16:46.161 E/PackageManager( 1916): Adding duplicate app id: 10054 name=com.android.providers.userdictionary
06-22 06:16:46.163 I/PackageManager( 1916): /system/priv-app/MultiDisplayProvider changed; collecting certs
06-22 06:16:46.165 E/PackageManager( 1916): Adding duplicate shared id: 1000 name=com.android.emulator.multidisplay
06-22 06:16:46.171 I/PackageManager( 1916): New shared user android.media: id=10055
06-22 06:16:46.171 I/PackageManager( 1916): /system/priv-app/DownloadProvider changed; collecting certs
06-22 06:16:46.172 E/PackageManager( 1916): Adding duplicate app id: 10055 name=com.android.providers.downloads
06-22 06:16:46.173 I/PackageManager( 1916): /system/priv-app/ProxyHandler changed; collecting certs
06-22 06:16:46.178 I/PackageManager( 1916): /system/priv-app/CtsShimPrivPrebuilt changed; collecting certs
06-22 06:16:46.181 I/PackageManager( 1916): /system/priv-app/CellBroadcastReceiver changed; collecting certs
06-22 06:16:46.184 I/PackageManager( 1916): /system/priv-app/DownloadProviderUi changed; collecting certs
06-22 06:16:46.184 E/PackageManager( 1916): Adding duplicate app id: 10055 name=com.android.providers.downloads.ui
06-22 06:16:46.190 I/PackageManager( 1916): /system/priv-app/VpnDialogs changed; collecting certs
06-22 06:16:46.194 I/PackageManager( 1916): /system/priv-app/ManagedProvisioning changed; collecting certs
06-22 06:16:46.200 I/PackageManager( 1916): New shared user android.uid.calendar: id=10061
06-22 06:16:46.201 I/PackageManager( 1916): /system/priv-app/CalendarProvider changed; collecting certs
06-22 06:16:46.201 W/PackageParser( 1916): No actions in intent filter at /system/priv-app/GoogleRestorePrebuilt/GoogleRestorePrebuilt.apk Binary XML file line #93
06-22 06:16:46.201 E/PackageManager( 1916): Adding duplicate app id: 10061 name=com.android.providers.calendar
06-22 06:16:46.202 I/PackageManager( 1916): /system/priv-app/GoogleRestorePrebuilt changed; collecting certs
06-22 06:16:46.206 W/PackageParser( 1916): Ignoring duplicate uses-permissions/uses-permissions-sdk-m: android.permission.INSTALL_GRANT_RUNTIME_PERMISSIONS in package: com.android.shell at: Binary XML file line #127
06-22 06:16:46.207 I/PackageManager( 1916): /system/priv-app/NetworkStack changed; collecting certs
06-22 06:16:46.209 E/PackageManager( 1916): Adding duplicate shared id: 1073 name=com.google.android.networkstack
06-22 06:16:46.209 I/PackageManager( 1916): /system/priv-app/Tag changed; collecting certs
06-22 06:16:46.211 I/PackageManager( 1916): /system/priv-app/Shell changed; collecting certs
06-22 06:16:46.211 E/PackageManager( 1916): Adding duplicate shared id: 2000 name=com.android.shell
06-22 06:16:46.213 I/PackageManager( 1916): /system/priv-app/MmsService changed; collecting certs
06-22 06:16:46.214 E/PackageManager( 1916): Adding duplicate shared id: 1001 name=com.android.mms.service
06-22 06:16:46.216 I/PackageManager( 1916): /system/priv-app/StatementService changed; collecting certs
06-22 06:16:46.219 I/PackageManager( 1916): /system/priv-app/TimeZoneUpdater changed; collecting certs
06-22 06:16:46.222 I/PackageManager( 1916): /system/priv-app/InputDevices changed; collecting certs
06-22 06:16:46.222 E/PackageManager( 1916): Adding duplicate shared id: 1000 name=com.android.inputdevices
06-22 06:16:46.225 I/PackageManager( 1916): /system/priv-app/DynamicSystemInstallationService changed; collecting certs
06-22 06:16:46.226 E/PackageManager( 1916): Adding duplicate shared id: 1000 name=com.android.dynsystem
06-22 06:16:46.226 I/ServiceManager( 1767): Waiting for service 'package_native' on '/dev/binder'...
06-22 06:16:46.227 I/PackageManager( 1916): /system/priv-app/BackupRestoreConfirmation changed; collecting certs
06-22 06:16:46.228 I/PackageManager( 1916): /system/priv-app/DocumentsUI changed; collecting certs
06-22 06:16:46.229 I/PackageManager( 1916): /system/priv-app/SharedStorageBackup changed; collecting certs
06-22 06:16:46.231 I/PackageManager( 1916): /system/priv-app/NetworkPermissionConfig changed; collecting certs
06-22 06:16:46.232 E/PackageManager( 1916): Adding duplicate shared id: 1073 name=com.google.android.networkstack.permissionconfig
06-22 06:16:46.234 I/PackageManager( 1916): /system/priv-app/ONS changed; collecting certs
06-22 06:16:46.235 E/PackageManager( 1916): Adding duplicate shared id: 1001 name=com.android.ons
06-22 06:16:46.235 I/PackageManager( 1916): /system/priv-app/TelephonyProvider changed; collecting certs
06-22 06:16:46.237 E/PackageManager( 1916): Adding duplicate shared id: 1001 name=com.android.providers.telephony
06-22 06:16:46.237 I/PackageManager( 1916): /system/priv-app/MtpDocumentsProvider changed; collecting certs
06-22 06:16:46.238 E/PackageManager( 1916): Adding duplicate app id: 10055 name=com.android.mtp
06-22 06:16:46.241 I/PackageManager( 1916): /system/priv-app/MusicFX changed; collecting certs
06-22 06:16:46.242 I/PackageManager( 1916): /system/priv-app/BlockedNumberProvider changed; collecting certs
06-22 06:16:46.242 E/PackageManager( 1916): Adding duplicate app id: 10054 name=com.android.providers.blockednumber
06-22 06:16:46.246 I/PackageManager( 1916): /system/priv-app/ContactsProvider changed; collecting certs
06-22 06:16:46.247 E/PackageManager( 1916): Adding duplicate app id: 10054 name=com.android.providers.contacts
06-22 06:16:46.247 I/PackageManager( 1916): /system/priv-app/GoogleExtServices changed; collecting certs
06-22 06:16:46.248 I/PackageManager( 1916): /system/priv-app/SettingsProvider changed; collecting certs
06-22 06:16:46.250 E/PackageManager( 1916): Adding duplicate shared id: 1000 name=com.android.providers.settings
06-22 06:16:46.251 I/PackageManager( 1916): /system/priv-app/FusedLocation changed; collecting certs
06-22 06:16:46.254 E/PackageManager( 1916): Adding duplicate shared id: 1000 name=com.android.location.fused
06-22 06:16:46.256 I/PackageManager( 1916): /system/priv-app/ExternalStorageProvider changed; collecting certs
06-22 06:16:46.257 I/PackageManager( 1916): /system/priv-app/CallLogBackup changed; collecting certs
06-22 06:16:46.257 E/PackageManager( 1916): Adding duplicate app id: 10054 name=com.android.calllogbackup
06-22 06:16:46.258 I/PackageManager( 1916): /system/priv-app/MediaProvider changed; collecting certs
06-22 06:16:46.259 E/PackageManager( 1916): Adding duplicate app id: 10055 name=com.android.providers.media
06-22 06:16:46.262 I/PackageManager( 1916): /system/priv-app/TeleService changed; collecting certs
06-22 06:16:46.263 E/PackageManager( 1916): Adding duplicate shared id: 1001 name=com.android.phone
06-22 06:16:46.267 I/PackageManager( 1916): /system/priv-app/GoogleSdkSetup changed; collecting certs
06-22 06:16:46.270 I/PackageManager( 1916): /system/priv-app/LocalTransport changed; collecting certs
06-22 06:16:46.270 E/PackageManager( 1916): Adding duplicate shared id: 1000 name=com.android.localtransport
06-22 06:16:46.271 I/PackageManager( 1916): /system/priv-app/GooglePackageInstaller changed; collecting certs
06-22 06:16:46.282 I/PackageManager( 1916): /system/priv-app/Telecom changed; collecting certs
06-22 06:16:46.282 E/PackageManager( 1916): Adding duplicate shared id: 1000 name=com.android.server.telecom
06-22 06:16:46.296 E/        ( 1752): idmap failed, status=0x0100
06-22 06:16:46.297 E/PackageManager( 1916): Failed to generate idmap for /system/priv-app/GooglePermissionController/GooglePermissionController.apk and /product/overlay/GooglePermissionControllerOverlay.apk
06-22 06:16:46.300 I/PackageManager( 1916): /system/priv-app/GooglePermissionController changed; collecting certs
06-22 06:16:46.305 I/PackageManager( 1916): /system/app/BasicDreams changed; collecting certs
06-22 06:16:46.308 I/PackageManager( 1916): /system/app/CtsShimPrebuilt changed; collecting certs
06-22 06:16:46.313 I/PackageManager( 1916): /system/app/LiveWallpapersPicker changed; collecting certs
06-22 06:16:46.319 I/PackageManager( 1916): /system/app/EasterEgg changed; collecting certs
06-22 06:16:46.321 I/PackageManager( 1916): /system/app/PrintSpooler changed; collecting certs
06-22 06:16:46.323 I/PackageManager( 1916): /system/app/CompanionDeviceManager changed; collecting certs
06-22 06:16:46.325 I/PackageManager( 1916): /system/app/WallpaperBackup changed; collecting certs
06-22 06:16:46.326 E/PackageManager( 1916): Adding duplicate shared id: 1000 name=com.android.wallpaperbackup
06-22 06:16:46.327 I/ServiceManager( 1767): Waiting for service 'package_native' on '/dev/binder'...
06-22 06:16:46.331 I/PackageManager( 1916): /system/app/Traceur changed; collecting certs
06-22 06:16:46.334 W/PackageParser( 1916): Ignoring duplicate uses-permissions/uses-permissions-sdk-m: android.permission.READ_CONTACTS in package: com.android.bluetooth at: Binary XML file line #67
06-22 06:16:46.335 I/PackageManager( 1916): /system/app/CaptivePortalLogin changed; collecting certs
06-22 06:16:46.337 I/PackageManager( 1916): /system/app/SecureElement changed; collecting certs
06-22 06:16:46.338 E/PackageManager( 1916): Adding duplicate shared id: 1068 name=com.android.se
06-22 06:16:46.339 W/PackageParser( 1916): No actions in intent filter at /system/app/Bluetooth/Bluetooth.apk Binary XML file line #263
06-22 06:16:46.341 I/PackageManager( 1916): /system/app/KoreanIME changed; collecting certs
06-22 06:16:46.346 I/PackageManager( 1916): /system/app/KeyChain changed; collecting certs
06-22 06:16:46.347 E/PackageManager( 1916): Adding duplicate shared id: 1000 name=com.android.keychain
06-22 06:16:46.347 I/PackageManager( 1916): /system/app/Bluetooth changed; collecting certs
06-22 06:16:46.349 E/PackageManager( 1916): Adding duplicate shared id: 1002 name=com.android.bluetooth
06-22 06:16:46.350 I/PackageManager( 1916): /system/app/BookmarkProvider changed; collecting certs
06-22 06:16:46.350 I/PackageManager( 1916): /system/app/CertInstaller changed; collecting certs
06-22 06:16:46.351 I/PackageManager( 1916): /system/app/WAPPushManager changed; collecting certs
06-22 06:16:46.352 I/PackageManager( 1916): /system/app/RcsService changed; collecting certs
06-22 06:16:46.352 E/PackageManager( 1916): Adding duplicate shared id: 1001 name=com.android.service.ims
06-22 06:16:46.353 I/PackageManager( 1916): /system/app/LicenseChecker changed; collecting certs
06-22 06:16:46.355 I/PackageManager( 1916): /system/app/SimAppDialog changed; collecting certs
06-22 06:16:46.357 I/PackageManager( 1916): /system/app/BluetoothMidiService changed; collecting certs
06-22 06:16:46.358 I/PackageManager( 1916): /system/app/BuiltInPrintService changed; collecting certs
06-22 06:16:46.361 I/PackageManager( 1916): /system/app/OsuLogin changed; collecting certs
06-22 06:16:46.364 W/PackageParser( 1916): Ignoring duplicate uses-permissions/uses-permissions-sdk-m: android.permission.CHANGE_WIFI_STATE in package: com.android.nfc at: Binary XML file line #52
06-22 06:16:46.364 W/PackageParser( 1916): Ignoring duplicate uses-permissions/uses-permissions-sdk-m: android.permission.ACCESS_WIFI_STATE in package: com.android.nfc at: Binary XML file line #53
06-22 06:16:46.365 I/PackageManager( 1916): /system/app/PartnerBookmarksProvider changed; collecting certs
06-22 06:16:46.368 I/PackageManager( 1916): /system/app/NfcNci changed; collecting certs
06-22 06:16:46.370 E/PackageManager( 1916): Adding duplicate shared id: 1027 name=com.android.nfc
06-22 06:16:46.370 I/PackageManager( 1916): /system/app/PresencePolling changed; collecting certs
06-22 06:16:46.371 E/PackageManager( 1916): Adding duplicate shared id: 1001 name=com.android.service.ims.presence
06-22 06:16:46.372 I/PackageManager( 1916): /system/app/PacProcessor changed; collecting certs
06-22 06:16:46.376 I/PackageManager( 1916): /system/app/GooglePrintRecommendationService changed; collecting certs
06-22 06:16:46.384 I/PackageManager( 1916): /system/app/GooglePinyinIME changed; collecting certs
06-22 06:16:46.387 I/PackageManager( 1916): /system/app/Stk changed; collecting certs
06-22 06:16:46.391 E/PackageManager( 1916): Adding duplicate shared id: 1001 name=com.android.stk
06-22 06:16:46.391 I/PackageManager( 1916): /system/app/SafetyRegulatoryInfo changed; collecting certs
06-22 06:16:46.392 I/PackageManager( 1916): /system/app/GoogleHindiIME changed; collecting certs
06-22 06:16:46.394 I/PackageManager( 1916): /system/app/GoogleExtShared changed; collecting certs
06-22 06:16:46.395 I/PackageManager( 1916): /system/app/WallpapersUsTwo changed; collecting certs
06-22 06:16:46.396 I/PackageManager( 1916): /system/app/HTMLViewer changed; collecting certs
06-22 06:16:46.397 W/PackageParser( 1916): No actions in intent filter at /system/app/CarrierDefaultApp/CarrierDefaultApp.apk Binary XML file line #43
06-22 06:16:46.398 I/PackageManager( 1916): /system/app/CarrierDefaultApp changed; collecting certs
06-22 06:16:46.399 D/PackageManager( 1916): No files in app dir /vendor/priv-app
06-22 06:16:46.399 D/PackageManager( 1916): No files in app dir /vendor/app
06-22 06:16:46.399 D/PackageManager( 1916): No files in app dir /odm/priv-app
06-22 06:16:46.399 D/PackageManager( 1916): No files in app dir /odm/app
06-22 06:16:46.399 D/PackageManager( 1916): No files in app dir /oem/app
06-22 06:16:46.408 I/PackageManager( 1916): /system/product/priv-app/GoogleFeedback changed; collecting certs
06-22 06:16:46.413 I/PackageManager( 1916): /system/product/priv-app/ConfigUpdater changed; collecting certs
06-22 06:16:46.414 I/PackageManager( 1916): /system/product/priv-app/SettingsIntelligence changed; collecting certs
06-22 06:16:46.420 W/PackageParser( 1916): Unknown element under <manifest>: meta-data at /system/product/priv-app/Dialer/Dialer.apk Binary XML file line #115
06-22 06:16:46.425 I/PackageManager( 1916): /system/product/priv-app/Dialer changed; collecting certs
06-22 06:16:46.426 I/PackageManager( 1916): /system/product/priv-app/WallpaperPickerGooglePrebuilt changed; collecting certs
06-22 06:16:46.427 I/ServiceManager( 1767): Waiting for service 'package_native' on '/dev/binder'...
06-22 06:16:46.436 I/PackageManager( 1916): /system/product/priv-app/GoogleANGLE changed; collecting certs
06-22 06:16:46.448 I/PackageManager( 1916): /system/product/priv-app/NexusLauncherRelease changed; collecting certs
06-22 06:16:46.473 I/PackageManager( 1916): /system/product/priv-app/SetupWizardPrebuilt changed; collecting certs
06-22 06:16:46.481 I/PackageManager( 1916): /system/product/priv-app/GoogleOneTimeInitializer changed; collecting certs
06-22 06:16:46.482 W/PackageParser( 1916): No actions in intent filter at /system/product/priv-app/Contacts/Contacts.apk Binary XML file line #411
06-22 06:16:46.484 I/PackageManager( 1916): /system/product/priv-app/Contacts changed; collecting certs
06-22 06:16:46.489 W/PackageParser( 1916): No actions in intent filter at /system/product/priv-app/AndroidAutoFullPrebuilt/AndroidAutoFullPrebuilt.apk Binary XML file line #1276
06-22 06:16:46.492 I/PackageManager( 1916): New shared user com.google.android.projection.gearhead: id=10112
06-22 06:16:46.492 I/PackageManager( 1916): /system/product/priv-app/AndroidAutoFullPrebuilt changed; collecting certs
06-22 06:16:46.495 E/PackageManager( 1916): Adding duplicate app id: 10112 name=com.google.android.projection.gearhead
06-22 06:16:46.498 I/PackageManager( 1916): New shared user com.android.uid.omadm.service: id=10113
06-22 06:16:46.498 I/PackageManager( 1916): /system/product/priv-app/DMService changed; collecting certs
06-22 06:16:46.500 E/PackageManager( 1916): Adding duplicate app id: 10113 name=com.android.omadm.service
06-22 06:16:46.500 I/PackageManager( 1916): /system/product/priv-app/CarrierConfig changed; collecting certs
06-22 06:16:46.515 I/PackageManager( 1916): /system/product/priv-app/AndroidMigratePrebuilt changed; collecting certs
06-22 06:16:46.519 W/PackageParser( 1916): Ignoring duplicate uses-permissions/uses-permissions-sdk-m: android.permission.CONFIGURE_WIFI_DISPLAY in package: com.android.systemui at: Binary XML file line #158
06-22 06:16:46.521 W/PackageParser( 1916): Ignoring duplicate uses-permissions/uses-permissions-sdk-m: android.permission.READ_PRIVILEGED_PHONE_STATE in package: com.google.android.partnersetup at: Binary XML file line #56
06-22 06:16:46.526 I/PackageManager( 1916): New shared user com.google.uid.shared: id=10116
06-22 06:16:46.526 I/PackageManager( 1916): /system/product/priv-app/GoogleServicesFramework changed; collecting certs
06-22 06:16:46.527 E/PackageManager( 1916): Adding duplicate app id: 10116 name=com.google.android.gsf
06-22 06:16:46.528 I/ServiceManager( 1767): Waiting for service 'package_native' on '/dev/binder'...
06-22 06:16:46.529 I/PackageManager( 1916): /system/product/priv-app/GooglePartnerSetup changed; collecting certs
06-22 06:16:46.530 I/PackageManager( 1916): /system/product/priv-app/StorageManager changed; collecting certs
06-22 06:16:46.531 I/PackageParser( 1916): Parse times for '/system/product/priv-app/SystemUIGoogle': parse=119ms, update_cache=9 ms
06-22 06:16:46.531 I/PackageManager( 1916): New shared user android.uid.systemui: id=10119
06-22 06:16:46.531 I/PackageManager( 1916): /system/product/priv-app/SystemUIGoogle changed; collecting certs
06-22 06:16:46.532 E/PackageManager( 1916): Adding duplicate app id: 10119 name=com.android.systemui
06-22 06:16:46.546 I/PackageManager( 1916): /system/product/priv-app/CarrierServices changed; collecting certs
06-22 06:16:46.573 I/PackageManager( 1916): New shared user com.android.emergency.uid: id=10121
06-22 06:16:46.573 I/PackageManager( 1916): /system/product/priv-app/EmergencyInfo changed; collecting certs
06-22 06:16:46.574 E/PackageManager( 1916): Adding duplicate app id: 10121 name=com.android.emergency
06-22 06:16:46.581 W/PackageParser( 1916): Unknown element under <manifest>: attribution at /system/product/priv-app/PrebuiltGmsCore/PrebuiltGmsCore.apk Binary XML file line #5
06-22 06:16:46.581 W/PackageParser( 1916): Unknown element under <manifest>: attribution at /system/product/priv-app/PrebuiltGmsCore/PrebuiltGmsCore.apk Binary XML file line #6
06-22 06:16:46.581 W/PackageParser( 1916): Unknown element under <manifest>: attribution at /system/product/priv-app/PrebuiltGmsCore/PrebuiltGmsCore.apk Binary XML file line #7
06-22 06:16:46.581 W/PackageParser( 1916): Unknown element under <manifest>: attribution at /system/product/priv-app/PrebuiltGmsCore/PrebuiltGmsCore.apk Binary XML file line #8
06-22 06:16:46.581 W/PackageParser( 1916): Unknown element under <manifest>: attribution at /system/product/priv-app/PrebuiltGmsCore/PrebuiltGmsCore.apk Binary XML file line #9
06-22 06:16:46.581 W/PackageParser( 1916): Unknown element under <manifest>: attribution at /system/product/priv-app/PrebuiltGmsCore/PrebuiltGmsCore.apk Binary XML file line #10
06-22 06:16:46.581 W/PackageParser( 1916): Unknown element under <manifest>: attribution at /system/product/priv-app/PrebuiltGmsCore/PrebuiltGmsCore.apk Binary XML file line #11
06-22 06:16:46.581 W/PackageParser( 1916): Unknown element under <manifest>: attribution at /system/product/priv-app/PrebuiltGmsCore/PrebuiltGmsCore.apk Binary XML file line #12
06-22 06:16:46.581 W/PackageParser( 1916): Unknown element under <manifest>: attribution at /system/product/priv-app/PrebuiltGmsCore/PrebuiltGmsCore.apk Binary XML file line #13
06-22 06:16:46.581 W/PackageParser( 1916): Unknown element under <manifest>: attribution at /system/product/priv-app/PrebuiltGmsCore/PrebuiltGmsCore.apk Binary XML file line #14
06-22 06:16:46.581 W/PackageParser( 1916): Unknown element under <manifest>: attribution at /system/product/priv-app/PrebuiltGmsCore/PrebuiltGmsCore.apk Binary XML file line #15
06-22 06:16:46.582 W/PackageParser( 1916): Unknown element under <manifest>: attribution at /system/product/priv-app/PrebuiltGmsCore/PrebuiltGmsCore.apk Binary XML file line #16
06-22 06:16:46.582 W/PackageParser( 1916): Unknown element under <manifest>: attribution at /system/product/priv-app/PrebuiltGmsCore/PrebuiltGmsCore.apk Binary XML file line #17
06-22 06:16:46.582 W/PackageParser( 1916): Unknown element under <manifest>: attribution at /system/product/priv-app/PrebuiltGmsCore/PrebuiltGmsCore.apk Binary XML file line #18
06-22 06:16:46.582 W/PackageParser( 1916): Unknown element under <manifest>: attribution at /system/product/priv-app/PrebuiltGmsCore/PrebuiltGmsCore.apk Binary XML file line #19
06-22 06:16:46.582 W/PackageParser( 1916): Unknown element under <manifest>: attribution at /system/product/priv-app/PrebuiltGmsCore/PrebuiltGmsCore.apk Binary XML file line #20
06-22 06:16:46.582 W/PackageParser( 1916): Unknown element under <manifest>: attribution at /system/product/priv-app/PrebuiltGmsCore/PrebuiltGmsCore.apk Binary XML file line #21
06-22 06:16:46.582 W/PackageParser( 1916): Unknown element under <manifest>: attribution at /system/product/priv-app/PrebuiltGmsCore/PrebuiltGmsCore.apk Binary XML file line #22
06-22 06:16:46.582 W/PackageParser( 1916): Unknown element under <manifest>: attribution at /system/product/priv-app/PrebuiltGmsCore/PrebuiltGmsCore.apk Binary XML file line #23
06-22 06:16:46.582 W/PackageParser( 1916): Unknown element under <manifest>: attribution at /system/product/priv-app/PrebuiltGmsCore/PrebuiltGmsCore.apk Binary XML file line #24
06-22 06:16:46.582 W/PackageParser( 1916): Unknown element under <manifest>: attribution at /system/product/priv-app/PrebuiltGmsCore/PrebuiltGmsCore.apk Binary XML file line #25
06-22 06:16:46.582 W/PackageParser( 1916): Unknown element under <manifest>: attribution at /system/product/priv-app/PrebuiltGmsCore/PrebuiltGmsCore.apk Binary XML file line #26
06-22 06:16:46.582 W/PackageParser( 1916): Unknown element under <manifest>: attribution at /system/product/priv-app/PrebuiltGmsCore/PrebuiltGmsCore.apk Binary XML file line #27
06-22 06:16:46.582 W/PackageParser( 1916): Unknown element under <manifest>: attribution at /system/product/priv-app/PrebuiltGmsCore/PrebuiltGmsCore.apk Binary XML file line #28
06-22 06:16:46.582 W/PackageParser( 1916): Unknown element under <manifest>: attribution at /system/product/priv-app/PrebuiltGmsCore/PrebuiltGmsCore.apk Binary XML file line #29
06-22 06:16:46.582 W/PackageParser( 1916): Unknown element under <manifest>: attribution at /system/product/priv-app/PrebuiltGmsCore/PrebuiltGmsCore.apk Binary XML file line #30
06-22 06:16:46.582 W/PackageParser( 1916): Unknown element under <manifest>: attribution at /system/product/priv-app/PrebuiltGmsCore/PrebuiltGmsCore.apk Binary XML file line #31
06-22 06:16:46.582 W/PackageParser( 1916): Unknown element under <manifest>: attribution at /system/product/priv-app/PrebuiltGmsCore/PrebuiltGmsCore.apk Binary XML file line #32
06-22 06:16:46.582 W/PackageParser( 1916): Unknown element under <manifest>: attribution at /system/product/priv-app/PrebuiltGmsCore/PrebuiltGmsCore.apk Binary XML file line #33
06-22 06:16:46.582 W/PackageParser( 1916): Unknown element under <manifest>: attribution at /system/product/priv-app/PrebuiltGmsCore/PrebuiltGmsCore.apk Binary XML file line #34
06-22 06:16:46.582 W/PackageParser( 1916): Unknown element under <manifest>: attribution at /system/product/priv-app/PrebuiltGmsCore/PrebuiltGmsCore.apk Binary XML file line #35
06-22 06:16:46.582 W/PackageParser( 1916): Unknown element under <manifest>: attribution at /system/product/priv-app/PrebuiltGmsCore/PrebuiltGmsCore.apk Binary XML file line #36
06-22 06:16:46.583 W/PackageParser( 1916): Unknown element under <manifest>: attribution at /system/product/priv-app/PrebuiltGmsCore/PrebuiltGmsCore.apk Binary XML file line #37
06-22 06:16:46.583 W/PackageParser( 1916): Unknown element under <manifest>: attribution at /system/product/priv-app/PrebuiltGmsCore/PrebuiltGmsCore.apk Binary XML file line #38
06-22 06:16:46.583 W/PackageParser( 1916): Unknown element under <manifest>: attribution at /system/product/priv-app/PrebuiltGmsCore/PrebuiltGmsCore.apk Binary XML file line #39
06-22 06:16:46.583 W/PackageParser( 1916): Unknown element under <manifest>: attribution at /system/product/priv-app/PrebuiltGmsCore/PrebuiltGmsCore.apk Binary XML file line #40
06-22 06:16:46.583 W/PackageParser( 1916): Unknown element under <manifest>: attribution at /system/product/priv-app/PrebuiltGmsCore/PrebuiltGmsCore.apk Binary XML file line #41
06-22 06:16:46.583 W/PackageParser( 1916): Unknown element under <manifest>: attribution at /system/product/priv-app/PrebuiltGmsCore/PrebuiltGmsCore.apk Binary XML file line #42
06-22 06:16:46.583 W/PackageParser( 1916): Unknown element under <manifest>: attribution at /system/product/priv-app/PrebuiltGmsCore/PrebuiltGmsCore.apk Binary XML file line #43
06-22 06:16:46.583 W/PackageParser( 1916): Unknown element under <manifest>: attribution at /system/product/priv-app/PrebuiltGmsCore/PrebuiltGmsCore.apk Binary XML file line #44
06-22 06:16:46.583 W/PackageParser( 1916): Unknown element under <manifest>: attribution at /system/product/priv-app/PrebuiltGmsCore/PrebuiltGmsCore.apk Binary XML file line #45
06-22 06:16:46.583 W/PackageParser( 1916): Unknown element under <manifest>: attribution at /system/product/priv-app/PrebuiltGmsCore/PrebuiltGmsCore.apk Binary XML file line #46
06-22 06:16:46.583 W/PackageParser( 1916): Unknown element under <manifest>: attribution at /system/product/priv-app/PrebuiltGmsCore/PrebuiltGmsCore.apk Binary XML file line #47
06-22 06:16:46.583 W/PackageParser( 1916): Unknown element under <manifest>: attribution at /system/product/priv-app/PrebuiltGmsCore/PrebuiltGmsCore.apk Binary XML file line #48
06-22 06:16:46.583 W/PackageParser( 1916): Unknown element under <manifest>: attribution at /system/product/priv-app/PrebuiltGmsCore/PrebuiltGmsCore.apk Binary XML file line #49
06-22 06:16:46.583 W/PackageParser( 1916): Unknown element under <manifest>: attribution at /system/product/priv-app/PrebuiltGmsCore/PrebuiltGmsCore.apk Binary XML file line #50
06-22 06:16:46.583 W/PackageParser( 1916): Unknown element under <manifest>: attribution at /system/product/priv-app/PrebuiltGmsCore/PrebuiltGmsCore.apk Binary XML file line #51
06-22 06:16:46.584 W/PackageParser( 1916): Unknown element under <manifest>: attribution at /system/product/priv-app/PrebuiltGmsCore/PrebuiltGmsCore.apk Binary XML file line #52
06-22 06:16:46.584 W/PackageParser( 1916): Unknown element under <manifest>: attribution at /system/product/priv-app/PrebuiltGmsCore/PrebuiltGmsCore.apk Binary XML file line #53
06-22 06:16:46.584 W/PackageParser( 1916): Unknown element under <manifest>: attribution at /system/product/priv-app/PrebuiltGmsCore/PrebuiltGmsCore.apk Binary XML file line #54
06-22 06:16:46.584 W/PackageParser( 1916): Unknown element under <manifest>: attribution at /system/product/priv-app/PrebuiltGmsCore/PrebuiltGmsCore.apk Binary XML file line #55
06-22 06:16:46.584 W/PackageParser( 1916): Unknown element under <manifest>: attribution at /system/product/priv-app/PrebuiltGmsCore/PrebuiltGmsCore.apk Binary XML file line #56
06-22 06:16:46.584 W/PackageParser( 1916): Unknown element under <manifest>: attribution at /system/product/priv-app/PrebuiltGmsCore/PrebuiltGmsCore.apk Binary XML file line #57
06-22 06:16:46.584 W/PackageParser( 1916): Unknown element under <manifest>: attribution at /system/product/priv-app/PrebuiltGmsCore/PrebuiltGmsCore.apk Binary XML file line #58
06-22 06:16:46.584 W/PackageParser( 1916): Unknown element under <manifest>: attribution at /system/product/priv-app/PrebuiltGmsCore/PrebuiltGmsCore.apk Binary XML file line #59
06-22 06:16:46.584 W/PackageParser( 1916): Unknown element under <manifest>: attribution at /system/product/priv-app/PrebuiltGmsCore/PrebuiltGmsCore.apk Binary XML file line #60
06-22 06:16:46.584 W/PackageParser( 1916): Unknown element under <manifest>: attribution at /system/product/priv-app/PrebuiltGmsCore/PrebuiltGmsCore.apk Binary XML file line #61
06-22 06:16:46.584 W/PackageParser( 1916): Unknown element under <manifest>: attribution at /system/product/priv-app/PrebuiltGmsCore/PrebuiltGmsCore.apk Binary XML file line #62
06-22 06:16:46.584 W/PackageParser( 1916): Unknown element under <manifest>: attribution at /system/product/priv-app/PrebuiltGmsCore/PrebuiltGmsCore.apk Binary XML file line #63
06-22 06:16:46.584 W/PackageParser( 1916): Unknown element under <manifest>: attribution at /system/product/priv-app/PrebuiltGmsCore/PrebuiltGmsCore.apk Binary XML file line #64
06-22 06:16:46.584 W/PackageParser( 1916): Unknown element under <manifest>: attribution at /system/product/priv-app/PrebuiltGmsCore/PrebuiltGmsCore.apk Binary XML file line #65
06-22 06:16:46.584 W/PackageParser( 1916): Unknown element under <manifest>: attribution at /system/product/priv-app/PrebuiltGmsCore/PrebuiltGmsCore.apk Binary XML file line #66
06-22 06:16:46.584 W/PackageParser( 1916): Unknown element under <manifest>: attribution at /system/product/priv-app/PrebuiltGmsCore/PrebuiltGmsCore.apk Binary XML file line #67
06-22 06:16:46.584 W/PackageParser( 1916): Unknown element under <manifest>: attribution at /system/product/priv-app/PrebuiltGmsCore/PrebuiltGmsCore.apk Binary XML file line #68
06-22 06:16:46.585 W/PackageParser( 1916): Unknown element under <manifest>: attribution at /system/product/priv-app/PrebuiltGmsCore/PrebuiltGmsCore.apk Binary XML file line #69
06-22 06:16:46.585 W/PackageParser( 1916): Unknown element under <manifest>: attribution at /system/product/priv-app/PrebuiltGmsCore/PrebuiltGmsCore.apk Binary XML file line #70
06-22 06:16:46.585 W/PackageParser( 1916): Unknown element under <manifest>: attribution at /system/product/priv-app/PrebuiltGmsCore/PrebuiltGmsCore.apk Binary XML file line #71
06-22 06:16:46.585 W/PackageParser( 1916): Unknown element under <manifest>: attribution at /system/product/priv-app/PrebuiltGmsCore/PrebuiltGmsCore.apk Binary XML file line #72
06-22 06:16:46.585 W/PackageParser( 1916): Unknown element under <manifest>: attribution at /system/product/priv-app/PrebuiltGmsCore/PrebuiltGmsCore.apk Binary XML file line #73
06-22 06:16:46.585 W/PackageParser( 1916): Unknown element under <manifest>: attribution at /system/product/priv-app/PrebuiltGmsCore/PrebuiltGmsCore.apk Binary XML file line #74
06-22 06:16:46.585 W/PackageParser( 1916): Unknown element under <manifest>: attribution at /system/product/priv-app/PrebuiltGmsCore/PrebuiltGmsCore.apk Binary XML file line #75
06-22 06:16:46.585 W/PackageParser( 1916): Unknown element under <manifest>: attribution at /system/product/priv-app/PrebuiltGmsCore/PrebuiltGmsCore.apk Binary XML file line #76
06-22 06:16:46.585 W/PackageParser( 1916): Unknown element under <manifest>: attribution at /system/product/priv-app/PrebuiltGmsCore/PrebuiltGmsCore.apk Binary XML file line #77
06-22 06:16:46.585 W/PackageParser( 1916): Unknown element under <manifest>: attribution at /system/product/priv-app/PrebuiltGmsCore/PrebuiltGmsCore.apk Binary XML file line #78
06-22 06:16:46.585 W/PackageParser( 1916): Unknown element under <manifest>: attribution at /system/product/priv-app/PrebuiltGmsCore/PrebuiltGmsCore.apk Binary XML file line #79
06-22 06:16:46.585 W/PackageParser( 1916): Unknown element under <manifest>: attribution at /system/product/priv-app/PrebuiltGmsCore/PrebuiltGmsCore.apk Binary XML file line #80
06-22 06:16:46.585 W/PackageParser( 1916): Unknown element under <manifest>: attribution at /system/product/priv-app/PrebuiltGmsCore/PrebuiltGmsCore.apk Binary XML file line #81
06-22 06:16:46.585 W/PackageParser( 1916): Unknown element under <manifest>: attribution at /system/product/priv-app/PrebuiltGmsCore/PrebuiltGmsCore.apk Binary XML file line #82
06-22 06:16:46.585 W/PackageParser( 1916): Unknown element under <manifest>: attribution at /system/product/priv-app/PrebuiltGmsCore/PrebuiltGmsCore.apk Binary XML file line #83
06-22 06:16:46.585 W/PackageParser( 1916): Unknown element under <manifest>: attribution at /system/product/priv-app/PrebuiltGmsCore/PrebuiltGmsCore.apk Binary XML file line #84
06-22 06:16:46.585 W/PackageParser( 1916): Unknown element under <manifest>: attribution at /system/product/priv-app/PrebuiltGmsCore/PrebuiltGmsCore.apk Binary XML file line #85
06-22 06:16:46.585 W/PackageParser( 1916): Unknown element under <manifest>: attribution at /system/product/priv-app/PrebuiltGmsCore/PrebuiltGmsCore.apk Binary XML file line #86
06-22 06:16:46.585 W/PackageParser( 1916): Unknown element under <manifest>: attribution at /system/product/priv-app/PrebuiltGmsCore/PrebuiltGmsCore.apk Binary XML file line #87
06-22 06:16:46.585 W/PackageParser( 1916): Unknown element under <manifest>: attribution at /system/product/priv-app/PrebuiltGmsCore/PrebuiltGmsCore.apk Binary XML file line #88
06-22 06:16:46.585 W/PackageParser( 1916): Unknown element under <manifest>: attribution at /system/product/priv-app/PrebuiltGmsCore/PrebuiltGmsCore.apk Binary XML file line #89
06-22 06:16:46.586 W/PackageParser( 1916): Unknown element under <manifest>: attribution at /system/product/priv-app/PrebuiltGmsCore/PrebuiltGmsCore.apk Binary XML file line #90
06-22 06:16:46.586 W/PackageParser( 1916): Unknown element under <manifest>: attribution at /system/product/priv-app/PrebuiltGmsCore/PrebuiltGmsCore.apk Binary XML file line #91
06-22 06:16:46.586 W/PackageParser( 1916): Unknown element under <manifest>: attribution at /system/product/priv-app/PrebuiltGmsCore/PrebuiltGmsCore.apk Binary XML file line #92
06-22 06:16:46.586 W/PackageParser( 1916): Unknown element under <manifest>: attribution at /system/product/priv-app/PrebuiltGmsCore/PrebuiltGmsCore.apk Binary XML file line #93
06-22 06:16:46.586 W/PackageParser( 1916): Unknown element under <manifest>: attribution at /system/product/priv-app/PrebuiltGmsCore/PrebuiltGmsCore.apk Binary XML file line #94
06-22 06:16:46.586 W/PackageParser( 1916): Unknown element under <manifest>: attribution at /system/product/priv-app/PrebuiltGmsCore/PrebuiltGmsCore.apk Binary XML file line #95
06-22 06:16:46.586 W/PackageParser( 1916): Unknown element under <manifest>: attribution at /system/product/priv-app/PrebuiltGmsCore/PrebuiltGmsCore.apk Binary XML file line #96
06-22 06:16:46.586 W/PackageParser( 1916): Unknown element under <manifest>: attribution at /system/product/priv-app/PrebuiltGmsCore/PrebuiltGmsCore.apk Binary XML file line #97
06-22 06:16:46.586 W/PackageParser( 1916): Unknown element under <manifest>: attribution at /system/product/priv-app/PrebuiltGmsCore/PrebuiltGmsCore.apk Binary XML file line #98
06-22 06:16:46.586 W/PackageParser( 1916): Unknown element under <manifest>: attribution at /system/product/priv-app/PrebuiltGmsCore/PrebuiltGmsCore.apk Binary XML file line #99
06-22 06:16:46.586 W/PackageParser( 1916): Unknown element under <manifest>: attribution at /system/product/priv-app/PrebuiltGmsCore/PrebuiltGmsCore.apk Binary XML file line #100
06-22 06:16:46.586 W/PackageParser( 1916): Unknown element under <manifest>: attribution at /system/product/priv-app/PrebuiltGmsCore/PrebuiltGmsCore.apk Binary XML file line #101
06-22 06:16:46.586 W/PackageParser( 1916): Unknown element under <manifest>: attribution at /system/product/priv-app/PrebuiltGmsCore/PrebuiltGmsCore.apk Binary XML file line #102
06-22 06:16:46.586 W/PackageParser( 1916): Unknown element under <manifest>: attribution at /system/product/priv-app/PrebuiltGmsCore/PrebuiltGmsCore.apk Binary XML file line #103
06-22 06:16:46.586 W/PackageParser( 1916): Unknown element under <manifest>: attribution at /system/product/priv-app/PrebuiltGmsCore/PrebuiltGmsCore.apk Binary XML file line #104
06-22 06:16:46.586 W/PackageParser( 1916): Unknown element under <manifest>: attribution at /system/product/priv-app/PrebuiltGmsCore/PrebuiltGmsCore.apk Binary XML file line #105
06-22 06:16:46.586 W/PackageParser( 1916): Unknown element under <manifest>: attribution at /system/product/priv-app/PrebuiltGmsCore/PrebuiltGmsCore.apk Binary XML file line #106
06-22 06:16:46.586 W/PackageParser( 1916): Unknown element under <manifest>: attribution at /system/product/priv-app/PrebuiltGmsCore/PrebuiltGmsCore.apk Binary XML file line #107
06-22 06:16:46.586 W/PackageParser( 1916): Unknown element under <manifest>: attribution at /system/product/priv-app/PrebuiltGmsCore/PrebuiltGmsCore.apk Binary XML file line #108
06-22 06:16:46.586 W/PackageParser( 1916): Unknown element under <manifest>: attribution at /system/product/priv-app/PrebuiltGmsCore/PrebuiltGmsCore.apk Binary XML file line #109
06-22 06:16:46.586 W/PackageParser( 1916): Unknown element under <manifest>: attribution at /system/product/priv-app/PrebuiltGmsCore/PrebuiltGmsCore.apk Binary XML file line #110
06-22 06:16:46.586 W/PackageParser( 1916): Unknown element under <manifest>: attribution at /system/product/priv-app/PrebuiltGmsCore/PrebuiltGmsCore.apk Binary XML file line #111
06-22 06:16:46.586 W/PackageParser( 1916): Unknown element under <manifest>: attribution at /system/product/priv-app/PrebuiltGmsCore/PrebuiltGmsCore.apk Binary XML file line #112
06-22 06:16:46.586 W/PackageParser( 1916): Unknown element under <manifest>: attribution at /system/product/priv-app/PrebuiltGmsCore/PrebuiltGmsCore.apk Binary XML file line #113
06-22 06:16:46.586 W/PackageParser( 1916): Unknown element under <manifest>: attribution at /system/product/priv-app/PrebuiltGmsCore/PrebuiltGmsCore.apk Binary XML file line #114
06-22 06:16:46.586 W/PackageParser( 1916): Unknown element under <manifest>: attribution at /system/product/priv-app/PrebuiltGmsCore/PrebuiltGmsCore.apk Binary XML file line #115
06-22 06:16:46.587 W/PackageParser( 1916): Unknown element under <manifest>: attribution at /system/product/priv-app/PrebuiltGmsCore/PrebuiltGmsCore.apk Binary XML file line #116
06-22 06:16:46.587 W/PackageParser( 1916): Unknown element under <manifest>: attribution at /system/product/priv-app/PrebuiltGmsCore/PrebuiltGmsCore.apk Binary XML file line #117
06-22 06:16:46.587 W/PackageParser( 1916): Unknown element under <manifest>: attribution at /system/product/priv-app/PrebuiltGmsCore/PrebuiltGmsCore.apk Binary XML file line #118
06-22 06:16:46.587 W/PackageParser( 1916): Unknown element under <manifest>: attribution at /system/product/priv-app/PrebuiltGmsCore/PrebuiltGmsCore.apk Binary XML file line #119
06-22 06:16:46.587 W/PackageParser( 1916): Unknown element under <manifest>: attribution at /system/product/priv-app/PrebuiltGmsCore/PrebuiltGmsCore.apk Binary XML file line #120
06-22 06:16:46.587 W/PackageParser( 1916): Unknown element under <manifest>: attribution at /system/product/priv-app/PrebuiltGmsCore/PrebuiltGmsCore.apk Binary XML file line #121
06-22 06:16:46.587 W/PackageParser( 1916): Unknown element under <manifest>: attribution at /system/product/priv-app/PrebuiltGmsCore/PrebuiltGmsCore.apk Binary XML file line #122
06-22 06:16:46.587 W/PackageParser( 1916): Unknown element under <manifest>: attribution at /system/product/priv-app/PrebuiltGmsCore/PrebuiltGmsCore.apk Binary XML file line #123
06-22 06:16:46.587 W/PackageParser( 1916): Unknown element under <manifest>: attribution at /system/product/priv-app/PrebuiltGmsCore/PrebuiltGmsCore.apk Binary XML file line #124
06-22 06:16:46.587 W/PackageParser( 1916): Unknown element under <manifest>: attribution at /system/product/priv-app/PrebuiltGmsCore/PrebuiltGmsCore.apk Binary XML file line #125
06-22 06:16:46.587 W/PackageParser( 1916): Unknown element under <manifest>: attribution at /system/product/priv-app/PrebuiltGmsCore/PrebuiltGmsCore.apk Binary XML file line #126
06-22 06:16:46.587 W/PackageParser( 1916): Unknown element under <manifest>: attribution at /system/product/priv-app/PrebuiltGmsCore/PrebuiltGmsCore.apk Binary XML file line #127
06-22 06:16:46.587 W/PackageParser( 1916): Unknown element under <manifest>: attribution at /system/product/priv-app/PrebuiltGmsCore/PrebuiltGmsCore.apk Binary XML file line #128
06-22 06:16:46.587 W/PackageParser( 1916): Unknown element under <manifest>: attribution at /system/product/priv-app/PrebuiltGmsCore/PrebuiltGmsCore.apk Binary XML file line #129
06-22 06:16:46.587 W/PackageParser( 1916): Unknown element under <manifest>: attribution at /system/product/priv-app/PrebuiltGmsCore/PrebuiltGmsCore.apk Binary XML file line #130
06-22 06:16:46.587 W/PackageParser( 1916): Unknown element under <manifest>: attribution at /system/product/priv-app/PrebuiltGmsCore/PrebuiltGmsCore.apk Binary XML file line #131
06-22 06:16:46.587 W/PackageParser( 1916): Unknown element under <manifest>: attribution at /system/product/priv-app/PrebuiltGmsCore/PrebuiltGmsCore.apk Binary XML file line #132
06-22 06:16:46.587 W/PackageParser( 1916): Unknown element under <manifest>: attribution at /system/product/priv-app/PrebuiltGmsCore/PrebuiltGmsCore.apk Binary XML file line #133
06-22 06:16:46.587 W/PackageParser( 1916): Unknown element under <manifest>: attribution at /system/product/priv-app/PrebuiltGmsCore/PrebuiltGmsCore.apk Binary XML file line #134
06-22 06:16:46.587 W/PackageParser( 1916): Unknown element under <manifest>: attribution at /system/product/priv-app/PrebuiltGmsCore/PrebuiltGmsCore.apk Binary XML file line #135
06-22 06:16:46.587 W/PackageParser( 1916): Unknown element under <manifest>: attribution at /system/product/priv-app/PrebuiltGmsCore/PrebuiltGmsCore.apk Binary XML file line #136
06-22 06:16:46.587 W/PackageParser( 1916): Unknown element under <manifest>: attribution at /system/product/priv-app/PrebuiltGmsCore/PrebuiltGmsCore.apk Binary XML file line #137
06-22 06:16:46.587 W/PackageParser( 1916): Unknown element under <manifest>: attribution at /system/product/priv-app/PrebuiltGmsCore/PrebuiltGmsCore.apk Binary XML file line #138
06-22 06:16:46.587 W/PackageParser( 1916): Unknown element under <manifest>: attribution at /system/product/priv-app/PrebuiltGmsCore/PrebuiltGmsCore.apk Binary XML file line #139
06-22 06:16:46.587 W/PackageParser( 1916): Unknown element under <manifest>: attribution at /system/product/priv-app/PrebuiltGmsCore/PrebuiltGmsCore.apk Binary XML file line #140
