06-22 06:16:44.321 I/MediaCodecsXmlParser( 1769): limit: measured-frame-rate-176x144-range = 1246-1390
06-22 06:16:44.321 I/MediaCodecsXmlParser( 1769): limit: measured-frame-rate-352x288-range = 1121-1128
06-22 06:16:44.321 I/MediaCodecsXmlParser( 1769): limit: measured-frame-rate-320x240-range = 299-629
06-22 06:16:44.321 I/MediaCodecsXmlParser( 1769): limit: measured-frame-rate-720x480-range = 215-250
06-22 06:16:44.321 I/MediaCodecsXmlParser( 1769): limit: measured-frame-rate-1280x720-range = 75-85
06-22 06:16:44.321 I/MediaCodecsXmlParser( 1769): limit: measured-frame-rate-1920x1080-range = 31-34
06-22 06:16:44.322 D/AndroidRuntime( 1661): >>>>>> START com.android.internal.os.ZygoteInit uid 0 <<<<<<
06-22 06:16:44.326 E/SoundTriggerHalImpl( 1681): couldn't load sound trigger module sound_trigger.primary (No such file or directory)
06-22 06:16:44.327 W/CameraProviderManager( 1745): addProviderLocked: Camera provider HAL with name 'legacy/0' already registered
06-22 06:16:44.321 I/MediaCodecsXmlParser( 1769): limit: measured-frame-rate-352x288-range = 754-817
06-22 06:16:44.337 I/MediaCodecsXmlParser( 1769): limit: measured-frame-rate-640x360-range = 323-394
06-22 06:16:44.338 I/MediaCodecsXmlParser( 1769): limit: measured-frame-rate-720x480-range = 349-372
06-22 06:16:44.338 I/MediaCodecsXmlParser( 1769): limit: measured-frame-rate-1280x720-range = 144-157
06-22 06:16:44.338 I/MediaCodecsXmlParser( 1769): limit: measured-frame-rate-1920x1080-range = 74-85
06-22 06:16:44.338 I/MediaCodecsXmlParser( 1769): limit: measured-frame-rate-176x144-range = 1439-1625
06-22 06:16:44.338 I/MediaCodecsXmlParser( 1769): limit: measured-frame-rate-320x180-range = 1129-1261
06-22 06:16:44.338 I/MediaCodecsXmlParser( 1769): limit: measured-frame-rate-640x360-range = 471-525
06-22 06:16:44.338 I/MediaCodecsXmlParser( 1769): limit: measured-frame-rate-1280x720-range = 126-145
06-22 06:16:44.338 I/MediaCodecsXmlParser( 1769): limit: measured-frame-rate-1920x1080-range = 48-51
06-22 06:16:44.338 I/MediaCodecsXmlParser( 1769): limit: measured-frame-rate-2160x2160-range = 31-34
06-22 06:16:44.338 I/MediaCodecsXmlParser( 1769): limit: measured-frame-rate-320x180-range = 968-1101
06-22 06:16:44.338 I/MediaCodecsXmlParser( 1769): limit: measured-frame-rate-640x360-range = 291-338
06-22 06:16:44.338 I/MediaCodecsXmlParser( 1769): limit: measured-frame-rate-1280x720-range = 280-400
06-22 06:16:44.338 I/MediaCodecsXmlParser( 1769): limit: measured-frame-rate-1920x1080-range = 178-240
06-22 06:16:44.338 I/MediaCodecsXmlParser( 1769): limit: measured-frame-rate-2560x1440-range = 31-34
06-22 06:16:44.338 D/MediaCodecsXmlParser( 1769): Cannot find /data/misc/media/media_codecs_profiling_results.xml
06-22 06:16:44.347 I/ServiceManagement( 1769): Registered android.hardware.media.omx@1.0::IOmxStore/default (start delay of 584ms)
06-22 06:16:44.347 I/ServiceManagement( 1769): Removing namespace from process name android.hardware.media.omx@1.0-service to omx@1.0-service.
06-22 06:16:44.348 I/ServiceManagement( 1681): Registered android.hardware.soundtrigger@2.0::ISoundTriggerHw/default (start delay of 984ms)
06-22 06:16:44.348 I/audiohalservice( 1681): Registration complete for android.hardware.soundtrigger@2.0::ISoundTriggerHw/default.
06-22 06:16:44.348 I/hwservicemanager( 1567): getTransport: Cannot find entry android.hardware.bluetooth.audio@2.0::IBluetoothAudioProvidersFactory/default in either framework or device manifest.
06-22 06:16:44.349 E/audiohalservice( 1681): Could not get passthrough implementation for android.hardware.bluetooth.audio@2.0::IBluetoothAudioProvidersFactory/default.
06-22 06:16:44.349 W/audiohalservice( 1681): Could not register Bluetooth Audio API 2.0
06-22 06:16:44.350 I/hwservicemanager( 1567): getTransport: Cannot find entry android.hardware.bluetooth.a2dp@1.0::IBluetoothAudioOffload/default in either framework or device manifest.
06-22 06:16:44.350 E/audiohalservice( 1681): Could not get passthrough implementation for android.hardware.bluetooth.a2dp@1.0::IBluetoothAudioOffload/default.
06-22 06:16:44.355 W/audiohalservice( 1681): Could not register Bluetooth audio offload 1.0
06-22 06:16:44.403 I/ServiceManager( 1767): Waiting for service 'package_native' on '/dev/binder'...
06-22 06:16:44.404 I/AndroidRuntime( 1661): Using default boot image
06-22 06:16:44.404 I/AndroidRuntime( 1661): Leaving lock profiling enabled
06-22 06:16:44.414 I/BootAnimation( 1830): boot animation disabled
06-22 06:16:44.451 I/zygote64( 1661): option[0]=-Xzygote
06-22 06:16:44.451 I/zygote64( 1661): option[1]=exit
06-22 06:16:44.451 I/zygote64( 1661): option[2]=vfprintf
06-22 06:16:44.451 I/zygote64( 1661): option[3]=sensitiveThread
06-22 06:16:44.451 I/zygote64( 1661): option[4]=-verbose:gc
06-22 06:16:44.451 I/zygote64( 1661): option[5]=-Xms4m
06-22 06:16:44.451 I/zygote64( 1661): option[6]=-Xmx512m
06-22 06:16:44.451 I/zygote64( 1661): option[7]=-Xusejit:true
06-22 06:16:44.451 I/zygote64( 1661): option[8]=-Xjitsaveprofilinginfo
06-22 06:16:44.451 I/zygote64( 1661): option[9]=-XjdwpOptions:suspend=n,server=y
06-22 06:16:44.451 I/zygote64( 1661): option[10]=-XjdwpProvider:default
06-22 06:16:44.451 I/zygote64( 1661): option[11]=-Xlockprofthreshold:500
06-22 06:16:44.451 I/zygote64( 1661): option[12]=-Ximage-compiler-option
06-22 06:16:44.451 I/zygote64( 1661): option[13]=--runtime-arg
06-22 06:16:44.451 I/zygote64( 1661): option[14]=-Ximage-compiler-option
06-22 06:16:44.451 I/zygote64( 1661): option[15]=-Xms64m
06-22 06:16:44.451 I/zygote64( 1661): option[16]=-Ximage-compiler-option
06-22 06:16:44.451 I/zygote64( 1661): option[17]=--runtime-arg
06-22 06:16:44.452 I/zygote64( 1661): option[18]=-Ximage-compiler-option
06-22 06:16:44.452 I/zygote64( 1661): option[19]=-Xmx64m
06-22 06:16:44.452 I/zygote64( 1661): option[20]=-Ximage-compiler-option
06-22 06:16:44.452 I/zygote64( 1661): option[21]=--profile-file=/system/etc/boot-image.prof
06-22 06:16:44.452 I/zygote64( 1661): option[22]=-Ximage-compiler-option
06-22 06:16:44.452 I/zygote64( 1661): option[23]=--compiler-filter=speed-profile
06-22 06:16:44.452 I/zygote64( 1661): option[24]=-Xcompiler-option
06-22 06:16:44.452 I/zygote64( 1661): option[25]=--runtime-arg
06-22 06:16:44.452 I/zygote64( 1661): option[26]=-Xcompiler-option
06-22 06:16:44.452 I/zygote64( 1661): option[27]=-Xms64m
06-22 06:16:44.452 I/zygote64( 1661): option[28]=-Xcompiler-option
06-22 06:16:44.452 I/zygote64( 1661): option[29]=--runtime-arg
06-22 06:16:44.452 I/zygote64( 1661): option[30]=-Xcompiler-option
06-22 06:16:44.452 I/zygote64( 1661): option[31]=-Xmx512m
06-22 06:16:44.452 I/zygote64( 1661): option[32]=-Ximage-compiler-option
06-22 06:16:44.452 I/zygote64( 1661): option[33]=--instruction-set-variant=x86_64
06-22 06:16:44.452 I/zygote64( 1661): option[34]=-Xcompiler-option
06-22 06:16:44.452 I/zygote64( 1661): option[35]=--instruction-set-variant=x86_64
06-22 06:16:44.452 I/zygote64( 1661): option[36]=-Ximage-compiler-option
06-22 06:16:44.452 I/zygote64( 1661): option[37]=--instruction-set-features=default
06-22 06:16:44.452 I/zygote64( 1661): option[38]=-Xcompiler-option
06-22 06:16:44.452 I/zygote64( 1661): option[39]=--instruction-set-features=default
06-22 06:16:44.452 I/zygote64( 1661): option[40]=-Duser.locale=en-US
06-22 06:16:44.452 I/zygote64( 1661): option[41]=--cpu-abilist=x86_64
06-22 06:16:44.452 I/zygote64( 1661): option[42]=-Xcompiler-option
06-22 06:16:44.452 I/zygote64( 1661): option[43]=--generate-mini-debug-info
06-22 06:16:44.452 I/zygote64( 1661): option[44]=-Xcore-platform-api-policy:just-warn
06-22 06:16:44.452 I/zygote64( 1661): option[45]=-Xfingerprint:google/sdk_gphone_x86_64/generic_x86_64:10/QSR1.211112.011/13135432:userdebug/dev-keys
06-22 06:16:44.481 I/zygote64( 1661): Core platform API reporting enabled, enforcing=false
06-22 06:16:44.483 I/netd    ( 1660): Setting up StrictController hooks: 538.5ms
06-22 06:16:44.483 I/ClatdController( 1660): 4.9+ kernel and device shipped with P - clat ebpf might work.
06-22 06:16:44.483 I/netd    ( 1660): Initializing ClatdController: 0.1ms
06-22 06:16:44.485 I/netd    ( 1660): Initializing traffic control: 2.1ms
06-22 06:16:44.487 I/netd    ( 1660): Enabling bandwidth control: 1.4ms
06-22 06:16:44.487 E/Netd    ( 1660): cannot find interface dummy0
06-22 06:16:44.487 I/netd    ( 1660): Initializing RouteController: 0.3ms
06-22 06:16:44.487 D/XfrmController( 1660): XfrmController::ipSecAddXfrmInterface, line=1379
06-22 06:16:44.488 D/XfrmController( 1660): XfrmController::ipSecRemoveTunnelInterface, line=1592
06-22 06:16:44.488 D/XfrmController( 1660): deviceName=ipsec_test
06-22 06:16:44.497 I/mediaserver( 1763): ServiceManager: 0xe8789ca0
06-22 06:16:44.500 D/AndroidRuntime( 1662): >>>>>> START com.android.internal.os.ZygoteInit uid 0 <<<<<<
06-22 06:16:44.503 I/ServiceManager( 1767): Waiting for service 'package_native' on '/dev/binder'...
06-22 06:16:44.513 D/XfrmController( 1660): Sending Netlink XFRM Message: XFRM_MSG_FLUSHSA
06-22 06:16:44.513 D/XfrmController( 1660): Sending Netlink XFRM Message: XFRM_MSG_FLUSHPOLICY
06-22 06:16:44.513 I/netd    ( 1660): Initializing XfrmController: 26.0ms
06-22 06:16:44.513 E/Netd    ( 1660): Unable to create netlink socket for family 5: Protocol not supported
06-22 06:16:44.513 W/Netd    ( 1660): Unable to open qlog quota socket, check if xt_quota2 can send via UeventHandler
06-22 06:16:44.516 I/libnetd_resolv( 1660): resolv_init: Initializing resolver
06-22 06:16:44.517 D/MDnsDS  ( 1660): MDnsSdListener::Hander starting up
06-22 06:16:44.517 I/netd    ( 1660): Registering NetdNativeService: 0.1ms
06-22 06:16:44.518 I/ServiceManagement( 1660): Registered android.system.net.netd@1.1::INetd/default (start delay of 1225ms)
06-22 06:16:44.518 I/netd    ( 1660): Registering NetdHwService: 1.2ms
06-22 06:16:44.518 I/netd    ( 1660): Netd started in 1168ms
06-22 06:16:44.518 D/MDnsDS  ( 1660): MDnsSdListener starting to monitor
06-22 06:16:44.518 D/MDnsDS  ( 1660): Going to poll with pollCount 1
06-22 06:16:44.527 W/BatteryNotifier( 1763): batterystats service unavailable!
06-22 06:16:44.543 I/AndroidRuntime( 1662): Using default boot image
06-22 06:16:44.543 I/AndroidRuntime( 1662): Leaving lock profiling enabled
06-22 06:16:44.550 I/zygote  ( 1662): option[0]=-Xzygote
06-22 06:16:44.550 I/zygote  ( 1662): option[1]=exit
06-22 06:16:44.550 I/zygote  ( 1662): option[2]=vfprintf
06-22 06:16:44.550 I/zygote  ( 1662): option[3]=sensitiveThread
06-22 06:16:44.550 I/zygote  ( 1662): option[4]=-verbose:gc
06-22 06:16:44.550 I/zygote  ( 1662): option[5]=-Xms4m
06-22 06:16:44.550 I/zygote  ( 1662): option[6]=-Xmx512m
06-22 06:16:44.550 I/zygote  ( 1662): option[7]=-Xusejit:true
06-22 06:16:44.550 I/zygote  ( 1662): option[8]=-Xjitsaveprofilinginfo
06-22 06:16:44.550 I/zygote  ( 1662): option[9]=-XjdwpOptions:suspend=n,server=y
06-22 06:16:44.551 I/zygote  ( 1662): option[10]=-XjdwpProvider:default
06-22 06:16:44.551 I/zygote  ( 1662): option[11]=-Xlockprofthreshold:500
06-22 06:16:44.551 I/zygote  ( 1662): option[12]=-Ximage-compiler-option
06-22 06:16:44.551 I/zygote  ( 1662): option[13]=--runtime-arg
06-22 06:16:44.551 I/zygote  ( 1662): option[14]=-Ximage-compiler-option
06-22 06:16:44.551 I/zygote  ( 1662): option[15]=-Xms64m
06-22 06:16:44.551 I/zygote  ( 1662): option[16]=-Ximage-compiler-option
06-22 06:16:44.551 I/zygote  ( 1662): option[17]=--runtime-arg
06-22 06:16:44.551 I/zygote  ( 1662): option[18]=-Ximage-compiler-option
06-22 06:16:44.551 I/zygote  ( 1662): option[19]=-Xmx64m
06-22 06:16:44.551 I/zygote  ( 1662): option[20]=-Ximage-compiler-option
06-22 06:16:44.551 I/zygote  ( 1662): option[21]=--profile-file=/system/etc/boot-image.prof
06-22 06:16:44.551 I/zygote  ( 1662): option[22]=-Ximage-compiler-option
06-22 06:16:44.551 I/zygote  ( 1662): option[23]=--compiler-filter=speed-profile
06-22 06:16:44.551 I/zygote  ( 1662): option[24]=-Xcompiler-option
06-22 06:16:44.551 I/zygote  ( 1662): option[25]=--runtime-arg
06-22 06:16:44.551 I/zygote  ( 1662): option[26]=-Xcompiler-option
06-22 06:16:44.551 I/zygote  ( 1662): option[27]=-Xms64m
06-22 06:16:44.551 I/zygote  ( 1662): option[28]=-Xcompiler-option
06-22 06:16:44.551 I/zygote  ( 1662): option[29]=--runtime-arg
06-22 06:16:44.551 I/zygote  ( 1662): option[30]=-Xcompiler-option
06-22 06:16:44.551 I/zygote  ( 1662): option[31]=-Xmx512m
06-22 06:16:44.551 I/zygote  ( 1662): option[32]=-Ximage-compiler-option
06-22 06:16:44.551 I/zygote  ( 1662): option[33]=--instruction-set-variant=x86_64
06-22 06:16:44.551 I/zygote  ( 1662): option[34]=-Xcompiler-option
06-22 06:16:44.551 I/zygote  ( 1662): option[35]=--instruction-set-variant=x86_64
06-22 06:16:44.551 I/zygote  ( 1662): option[36]=-Ximage-compiler-option
06-22 06:16:44.551 I/zygote  ( 1662): option[37]=--instruction-set-features=default
06-22 06:16:44.551 I/zygote  ( 1662): option[38]=-Xcompiler-option
06-22 06:16:44.551 I/zygote  ( 1662): option[39]=--instruction-set-features=default
06-22 06:16:44.551 I/zygote  ( 1662): option[40]=-Duser.locale=en-US
06-22 06:16:44.551 I/zygote  ( 1662): option[41]=--cpu-abilist=x86
06-22 06:16:44.551 I/zygote  ( 1662): option[42]=-Xcompiler-option
06-22 06:16:44.551 I/zygote  ( 1662): option[43]=--generate-mini-debug-info
06-22 06:16:44.551 I/zygote  ( 1662): option[44]=-Xcore-platform-api-policy:just-warn
06-22 06:16:44.551 I/zygote  ( 1662): option[45]=-Xfingerprint:google/sdk_gphone_x86_64/generic_x86_64:10/QSR1.211112.011/13135432:userdebug/dev-keys
06-22 06:16:44.561 I//apex/com.android.media.swcodec/bin/mediaswcodec( 1775): media swcodec service starting
06-22 06:16:44.562 W//apex/com.android.media.swcodec/bin/mediaswcodec( 1775): Could not read additional policy file '/vendor/etc/seccomp_policy/mediaswcodec.policy'
06-22 06:16:44.562 W//apex/com.android.media.swcodec/bin/mediaswcodec( 1775): libminijail[1775]: failed to get path of fd 4: No such file or directory
06-22 06:16:44.562 W//apex/com.android.media.swcodec/bin/mediaswcodec( 1775): libminijail[1775]: allowing syscall: socket
06-22 06:16:44.562 W//apex/com.android.media.swcodec/bin/mediaswcodec( 1775): libminijail[1775]: allowing syscall: connect
06-22 06:16:44.562 W//apex/com.android.media.swcodec/bin/mediaswcodec( 1775): libminijail[1775]: allowing syscall: fcntl
06-22 06:16:44.562 W//apex/com.android.media.swcodec/bin/mediaswcodec( 1775): libminijail[1775]: allowing syscall: writev
06-22 06:16:44.562 W//apex/com.android.media.swcodec/bin/mediaswcodec( 1775): libminijail[1775]: compile_file: <fd>(20): nonexistent syscall 'getuid32'
06-22 06:16:44.563 W//apex/com.android.media.swcodec/bin/mediaswcodec( 1775): libminijail[1775]: compile_file: <fd>(26): nonexistent syscall 'mmap2'
06-22 06:16:44.563 W//apex/com.android.media.swcodec/bin/mediaswcodec( 1775): libminijail[1775]: compile_file: <fd>(28): nonexistent syscall 'fstat64'
06-22 06:16:44.563 W//apex/com.android.media.swcodec/bin/mediaswcodec( 1775): libminijail[1775]: compile_file: <fd>(30): nonexistent syscall 'stat64'
06-22 06:16:44.563 W//apex/com.android.media.swcodec/bin/mediaswcodec( 1775): libminijail[1775]: compile_file: <fd>(31): nonexistent syscall 'statfs64'
06-22 06:16:44.563 W//apex/com.android.media.swcodec/bin/mediaswcodec( 1775): libminijail[1775]: compile_file: <fd>(33): nonexistent syscall 'fstatat64'
06-22 06:16:44.563 W//apex/com.android.media.swcodec/bin/mediaswcodec( 1775): libminijail[1775]: compile_file: <fd>(38): nonexistent syscall '_llseek'
06-22 06:16:44.563 W//apex/com.android.media.swcodec/bin/mediaswcodec( 1775): libminijail[1775]: compile_file: <fd>(47): nonexistent syscall 'ugetrlimit'
06-22 06:16:44.563 W//apex/com.android.media.swcodec/bin/mediaswcodec( 1775): libminijail[1775]: compile_file: <fd>(50): nonexistent syscall '_llseek'
06-22 06:16:44.563 W//apex/com.android.media.swcodec/bin/mediaswcodec( 1775): libminijail[1775]: compile_file: <fd>(51): nonexistent syscall 'fstatfs64'
06-22 06:16:44.563 W//apex/com.android.media.swcodec/bin/mediaswcodec( 1775): libminijail[1775]: compile_file: <fd>(63): nonexistent syscall 'ftruncate64'
06-22 06:16:44.564 W//apex/com.android.media.swcodec/bin/mediaswcodec( 1775): libminijail[1775]: compile_file: /system/etc/seccomp_policy/crash_dump.x86.policy(5): nonexistent syscall 'sigreturn'
06-22 06:16:44.564 W//apex/com.android.media.swcodec/bin/mediaswcodec( 1775): libminijail[1775]: compile_file: /system/etc/seccomp_policy/crash_dump.x86.policy(31): nonexistent syscall 'getuid32'
06-22 06:16:44.564 W//apex/com.android.media.swcodec/bin/mediaswcodec( 1775): libminijail[1775]: compile_file: /system/etc/seccomp_policy/crash_dump.x86.policy(32): nonexistent syscall 'fstat64'
06-22 06:16:44.564 W//apex/com.android.media.swcodec/bin/mediaswcodec( 1775): libminijail[1775]: compile_file: /system/etc/seccomp_policy/crash_dump.x86.policy(33): nonexistent syscall 'mmap2'
06-22 06:16:44.564 W//apex/com.android.media.swcodec/bin/mediaswcodec( 1775): libminijail[1775]: compile_file: /system/etc/seccomp_policy/crash_dump.x86.policy(34): nonexistent syscall 'geteuid32'
06-22 06:16:44.564 W//apex/com.android.media.swcodec/bin/mediaswcodec( 1775): libminijail[1775]: compile_file: /system/etc/seccomp_policy/crash_dump.x86.policy(35): nonexistent syscall 'getgid32'
06-22 06:16:44.564 W//apex/com.android.media.swcodec/bin/mediaswcodec( 1775): libminijail[1775]: compile_file: /system/etc/seccomp_policy/crash_dump.x86.policy(36): nonexistent syscall 'getegid32'
06-22 06:16:44.564 W//apex/com.android.media.swcodec/bin/mediaswcodec( 1775): libminijail[1775]: compile_file: /system/etc/seccomp_policy/crash_dump.x86.policy(37): nonexistent syscall 'getgroups32'
06-22 06:16:44.564 W//apex/com.android.media.swcodec/bin/mediaswcodec( 1775): libminijail[1775]: logging seccomp filter failures
06-22 06:16:44.564 I/CodecServiceRegistrant( 1775): Creating software Codec2 service...
06-22 06:16:44.568 I/ServiceManagement( 1775): Registered android.hardware.media.c2@1.0::IComponentStore/software (start delay of 775ms)
06-22 06:16:44.568 I/CodecServiceRegistrant( 1775): Software Codec2 service created.
06-22 06:16:44.570 I/zygote  ( 1662): Core platform API reporting enabled, enforcing=false
06-22 06:16:44.571 I/FastMixerState( 1711): sMaxFastTracks = 8
06-22 06:16:44.572 V/MediaUtils( 1711): physMem: 2089566208
06-22 06:16:44.572 V/MediaUtils( 1711): requested limit: 417913240
06-22 06:16:44.572 I/libc    ( 1711): malloc_limit: Allocation limit enabled, max size 417913240 bytes
06-22 06:16:44.573 I/audioserver( 1711): ServiceManager: 0x7314a5d97dc0
06-22 06:16:44.573 W/BatteryNotifier( 1711): batterystats service unavailable!
06-22 06:16:44.573 I/hwservicemanager( 1567): getTransport: Cannot find entry android.hardware.audio@5.0::IDevicesFactory/default in either framework or device manifest.
06-22 06:16:44.574 I/hwservicemanager( 1567): getTransport: Cannot find entry android.hardware.audio@4.0::IDevicesFactory/msd in either framework or device manifest.
06-22 06:16:44.574 E/MediaExtractorFactory( 1760): couldn't opendir(/system/lib64/extractors)
06-22 06:16:44.574 I/hwservicemanager( 1567): getTransport: Cannot find entry android.hardware.audio.effect@5.0::IEffectsFactory/default in either framework or device manifest.
06-22 06:16:44.576 I/AudioFlinger( 1711): Using default 3000 mSec as standby time.
06-22 06:16:44.589 E/APM::Serializer( 1711): deserialize: Could not parse /odm/etc/audio_policy_configuration.xml document.
06-22 06:16:44.595 E/APM::AudioPolicyEngine/Config( 1711): parse: Could not parse document /vendor/etc/audio_policy_engine_configuration.xml
06-22 06:16:44.595 W/APM::AudioPolicyEngine/Base( 1711): loadAudioPolicyEngineConfig: No configuration found, using default matching phone experience.
06-22 06:16:44.595 E/APM::AudioPolicyEngine/Config( 1711): parseLegacyVolumeFile: Could not parse document /odm/etc/audio_policy_configuration.xml
06-22 06:16:44.599 D/audio_hw_generic( 1681): Emulator host-side ALSA audio emulation detected.
06-22 06:16:44.599 D/audio_hw_generic( 1681): mixer 0 name Master Playback Volume
06-22 06:16:44.599 D/audio_hw_generic( 1681): set ctl 0 to 100
06-22 06:16:44.599 D/audio_hw_generic( 1681): set ctl 1 to 100
06-22 06:16:44.599 D/audio_hw_generic( 1681): mixer 1 name Master Playback Switch
06-22 06:16:44.599 D/audio_hw_generic( 1681): set ctl 0 to 1
06-22 06:16:44.599 D/audio_hw_generic( 1681): set ctl 1 to 1
06-22 06:16:44.600 D/audio_hw_generic( 1681): mixer 2 name Capture Volume
06-22 06:16:44.600 D/audio_hw_generic( 1681): set ctl 0 to 100
06-22 06:16:44.600 D/audio_hw_generic( 1681): set ctl 1 to 100
06-22 06:16:44.600 D/audio_hw_generic( 1681): mixer 3 name Capture Switch
06-22 06:16:44.600 D/audio_hw_generic( 1681): set ctl 0 to 1
06-22 06:16:44.601 D/audio_hw_generic( 1681): set ctl 1 to 1
06-22 06:16:44.601 D/audio_hw_generic( 1681): mixer 4 name Line Phantom Jack
06-22 06:16:44.601 D/audio_hw_generic( 1681): mixer 5 name Line Out Phantom Jack
06-22 06:16:44.601 D/audio_hw_generic( 1681): mixer 6 name Playback Channel Map
06-22 06:16:44.601 D/audio_hw_generic( 1681): mixer 7 name Capture Channel Map
06-22 06:16:44.601 W/DeviceHAL( 1681): Error from HAL Device in function get_master_volume: Function not implemented
06-22 06:16:44.601 W/DeviceHAL( 1681): Error from HAL Device in function get_master_mute: Function not implemented
06-22 06:16:44.601 W/DeviceHAL( 1681): Error from HAL Device in function set_master_volume: Function not implemented
06-22 06:16:44.601 W/DeviceHAL( 1681): Error from HAL Device in function set_master_mute: Function not implemented
06-22 06:16:44.601 I/AudioFlinger( 1711): loadHwModule() Loaded primary audio interface, handle 10
06-22 06:16:44.601 I/AudioFlinger( 1711): openOutput() this 0x7314a5da2600, module 10 Device 0x2, SamplingRate 44100, Format 0x000001, Channels 0x3, flags 0x2
06-22 06:16:44.604 I/ServiceManager( 1767): Waiting for service 'package_native' on '/dev/binder'...
06-22 06:16:44.605 W/AudioFlinger( 1711): HAL output buffer size is 661 frames but AudioMixer requires multiples of 16 frames
06-22 06:16:44.605 I/AudioFlinger( 1711): HAL output buffer size 661 frames, normal sink buffer size 1056 frames
06-22 06:16:44.606 I/hwservicemanager( 1567): getTransport: Cannot find entry android.hardware.audio.effect@5.0::IEffectsFactory/default in either framework or device manifest.
06-22 06:16:44.613 I/BufferProvider( 1711): found effect "Multichannel Downmix To Stereo" from The Android Open Source Project
06-22 06:16:44.614 I/AudioFlinger( 1711): AudioFlinger's thread 0x7314a5e64e00 tid=1880 ready to run
06-22 06:16:44.614 I/AudioFlinger( 1711): Using module 10 as the primary audio interface
06-22 06:16:44.614 W/AudioFlinger( 1711): no wake lock to update, system not ready yet
06-22 06:16:44.616 V/APM_AudioPolicyManager( 1711): checkAndSetVolume cannot set volume group 3 volume with force use = 0 for comm
06-22 06:16:44.617 W/AudioFlinger( 1711): moveEffects() bad srcOutput 0
06-22 06:16:44.617 V/APM_AudioPolicyManager( 1711): selectOutputForMusicEffects selected output 13
06-22 06:16:44.617 V/APM_AudioPolicyManager( 1711): setOutputDevices device {type:0x2,@:} delayMs 0
06-22 06:16:44.618 V/APM_AudioPolicyManager( 1711): setOutputDevices() prevDevice {type:0x2,@:}
06-22 06:16:44.618 V/APM_AudioPolicyManager( 1711): setOutputDevices changing device to {type:0x2,@:}
06-22 06:16:44.618 W/AudioFlinger( 1711): no wake lock to update, system not ready yet
06-22 06:16:44.618 V/APM_AudioPolicyManager( 1711): setOutputDevices() AF::createAudioPatch returned 0 patchHandle 12 num_sources 1 num_sinks 1
06-22 06:16:44.619 V/APM_AudioPolicyManager( 1711): checkAndSetVolume cannot set volume group 3 volume with force use = 0 for comm
06-22 06:16:44.629 I/AudioFlinger( 1711): AudioFlinger's thread 0x7314a0f8c640 tid=1882 ready to run
06-22 06:16:44.630 I/r_submix( 1681): adev_open(name=audio_hw_if)
06-22 06:16:44.630 I/r_submix( 1681): adev_init_check()
06-22 06:16:44.630 W/DeviceHAL( 1681): Error from HAL Device in function set_master_volume: Function not implemented
06-22 06:16:44.630 W/DeviceHAL( 1681): Error from HAL Device in function set_master_mute: Function not implemented
06-22 06:16:44.631 I/AudioFlinger( 1711): loadHwModule() Loaded r_submix audio interface, handle 18
06-22 06:16:44.631 D/r_submix( 1681): adev_open_input_stream(addr=0)
06-22 06:16:44.631 D/r_submix( 1681): submix_audio_device_create_pipe_l(addr=0, idx=9)
06-22 06:16:44.631 D/r_submix( 1681):   now using address 0 for route 9
06-22 06:16:44.632 I/AudioFlinger( 1711): AudioFlinger's thread 0x7314a0f8c000 tid=1884 ready to run
06-22 06:16:44.632 I/r_submix( 1681): in_standby()
06-22 06:16:44.633 W/AudioFlinger( 1711): no wake lock to update, system not ready yet
06-22 06:16:44.633 I/r_submix( 1681): in_standby()
06-22 06:16:44.640 W/AudioFlinger( 1711): no wake lock to update, system not ready yet
06-22 06:16:44.640 D/r_submix( 1681): adev_close_input_stream()
06-22 06:16:44.640 D/r_submix( 1681): submix_audio_device_release_pipe_l(idx=9) addr=0
06-22 06:16:44.640 D/r_submix( 1681): submix_audio_device_destroy_pipe_l(): pipe destroyed
06-22 06:16:44.641 I/        ( 1711): Waiting for activity service
06-22 06:16:44.705 I/ServiceManager( 1767): Waiting for service 'package_native' on '/dev/binder'...
06-22 06:16:44.767 D/ICU     ( 1661): Time zone APEX file found: /apex/com.android.tzdata/etc/icu/icu_tzdata.dat
06-22 06:16:44.767 D/ICU     ( 1662): Time zone APEX file found: /apex/com.android.tzdata/etc/icu/icu_tzdata.dat
06-22 06:16:44.770 I/adbd    ( 1735): adbd listening on port 5555
06-22 06:16:44.771 I/adbd    ( 1735): host-11: read thread spawning
06-22 06:16:44.772 I/adbd    ( 1735): USB event: FUNCTIONFS_ENABLE
06-22 06:16:44.772 W/adbd    ( 1735): received FUNCTIONFS_ENABLE while not bound?
06-22 06:16:44.772 I/adbd    ( 1735): UsbFfs: connection terminated: monitor thread finished
06-22 06:16:44.775 I/adbd    ( 1735): host-11: write thread spawning
06-22 06:16:44.776 I/adbd    ( 1735): UsbFfs: already offline
06-22 06:16:44.776 I/adbd    ( 1735): destroying transport UsbFfs
06-22 06:16:44.776 I/adbd    ( 1735): UsbFfsConnection being destroyed
06-22 06:16:44.806 I/ServiceManager( 1767): Waiting for service 'package_native' on '/dev/binder'...
06-22 06:16:44.807 W/zygote  ( 1662): Unexpected CPU variant for X86 using defaults: x86_64
06-22 06:16:44.807 W/zygote64( 1661): Unexpected CPU variant for X86 using defaults: x86_64
06-22 06:16:44.853 I/adbd    ( 1735): opening control endpoint /dev/usb-ffs/adb/ep0
06-22 06:16:44.858 I/adbd    ( 1735): UsbFfsConnection constructed
06-22 06:16:44.862 I/adbd    ( 1735): USB event: FUNCTIONFS_BIND
06-22 06:16:44.884 W/zygote  ( 1662): JNI RegisterNativeMethods: attempt to register 0 native methods for android.media.AudioAttributes
06-22 06:16:44.885 W/zygote64( 1661): JNI RegisterNativeMethods: attempt to register 0 native methods for android.media.AudioAttributes
06-22 06:16:44.896 D/Zygote  ( 1661): begin preload
06-22 06:16:44.897 I/Zygote  ( 1661): Calling ZygoteHooks.beginPreload()
06-22 06:16:44.901 I/zygote  ( 1662): Explicit concurrent copying GC freed 296(39KB) AllocSpace objects, 0(0B) LOS objects, 98% free, 24KB/1560KB, paused 460us total 4.586ms
06-22 06:16:44.906 I/ServiceManager( 1767): Waiting for service 'package_native' on '/dev/binder'...
06-22 06:16:44.906 I/zygote  ( 1662): Explicit concurrent copying GC freed 5(32KB) AllocSpace objects, 0(0B) LOS objects, 98% free, 24KB/1560KB, paused 378us total 3.069ms
06-22 06:16:44.907 D/Zygote32Timing( 1662): PostZygoteInitGC took to complete: 10ms
06-22 06:16:44.907 D/Zygote32Timing( 1662): ZygoteInit took to complete: 10ms
06-22 06:16:44.920 D/Zygote64Timing( 1661): BeginPreload took to complete: 24ms
06-22 06:16:44.920 I/Zygote  ( 1661): Preloading classes...
06-22 06:16:44.921 W/Zygote  ( 1661): Class not found for preloading: android.app.-$$Lambda$ActivityThread$ZXDWm3IBeFmLnFVblhB-IOZCr9o
06-22 06:16:44.930 I/adbd    ( 1735): host-11: already offline
06-22 06:16:44.954 I/Zygote  ( 1662): Accepting command socket connections
06-22 06:16:44.963 W/Zygote  ( 1661): Class not found for preloading: android.bluetooth.BluetoothA2dp$2
06-22 06:16:44.970 I/PackageBackwardCompatibility( 1661): Could not find android.content.pm.AndroidTestBaseUpdater, ignoring
06-22 06:16:45.006 I/ServiceManager( 1767): Waiting for service 'package_native' on '/dev/binder'...
06-22 06:16:45.107 I/chatty  ( 1767): uid=0(root) /system/bin/storaged identical 1 line
06-22 06:16:45.208 I/ServiceManager( 1767): Waiting for service 'package_native' on '/dev/binder'...
06-22 06:16:45.208 E/ActivityRecognitionHardware( 1661): activity_recognition HAL is deprecated. class_init is effectively a no-op
06-22 06:16:45.240 I/zygote64( 1661): Thread[1,tid=1661,Native,Thread*=0x7b2e1a347000,peer=0x12c02208,"main"] recursive attempt to load library "libmedia_jni.so"
06-22 06:16:45.240 D/MtpDeviceJNI( 1661): register_android_mtp_MtpDevice
06-22 06:16:45.241 I/zygote64( 1661): Thread[1,tid=1661,Native,Thread*=0x7b2e1a347000,peer=0x12c02208,"main"] recursive attempt to load library "libmedia_jni.so"
06-22 06:16:45.241 I/zygote64( 1661): Thread[1,tid=1661,Native,Thread*=0x7b2e1a347000,peer=0x12c02208,"main"] recursive attempt to load library "libmedia_jni.so"
06-22 06:16:45.247 W/Zygote  ( 1661): Class not found for preloading: android.media.audiopolicy.AudioProductStrategies
06-22 06:16:45.247 W/Zygote  ( 1661): Class not found for preloading: android.media.audiopolicy.AudioVolumeGroups
06-22 06:16:45.309 I/ServiceManager( 1767): Waiting for service 'package_native' on '/dev/binder'...
06-22 06:16:45.321 W/Zygote  ( 1661): Class not found for preloading: android.view.textclassifier.-$$Lambda$TextClassificationManager$JIaezIJbMig_-kVzN6oArzkTsJE
06-22 06:16:45.326 W/Zygote  ( 1661): Class not found for preloading: com.android.internal.net.NetworkStatsFactory
06-22 06:16:45.330 W/Zygote  ( 1661): Class not found for preloading: com.android.internal.telephony.-$$Lambda$PhoneSubInfoController$8HFbCDJDN1mrLJG980qYH5MGqMk
06-22 06:16:45.330 W/Zygote  ( 1661): Class not found for preloading: com.android.internal.telephony.-$$Lambda$PhoneSubInfoController$U28a_EGx2cvmQhDfRRgonMt5Zrc
06-22 06:16:45.330 W/Zygote  ( 1661): Class not found for preloading: com.android.internal.telephony.-$$Lambda$SubscriptionInfoUpdater$-zZXM9oMRZ3vZz7dJOG19J00Bmw
06-22 06:16:45.330 W/Zygote  ( 1661): Class not found for preloading: com.android.internal.telephony.-$$Lambda$SubscriptionInfoUpdater$D5yF1HbS4cvCyoAj3FESkPtA_0g
06-22 06:16:45.330 W/Zygote  ( 1661): Class not found for preloading: com.android.internal.telephony.-$$Lambda$SubscriptionInfoUpdater$MMx9iQX0JVqqMPLTUZhdBubFSzU
06-22 06:16:45.337 W/Zygote  ( 1661): Class not found for preloading: com.android.internal.telephony.PhoneConfigurationModels
06-22 06:16:45.340 W/Zygote  ( 1661): Class not found for preloading: com.android.internal.telephony.SubscriptionController$ScLocalLog
06-22 06:16:45.341 W/Zygote  ( 1661): Class not found for preloading: com.android.internal.telephony.UiccSmsController
06-22 06:16:45.362 I/Zygote  ( 1661): ...preloaded 7590 classes in 442ms.
06-22 06:16:45.362 I/zygote64( 1661): VMRuntime.preloadDexCaches starting
06-22 06:16:45.375 I/zygote64( 1661): VMRuntime.preloadDexCaches strings total=378948 before=9925 after=9925
06-22 06:16:45.375 I/zygote64( 1661): VMRuntime.preloadDexCaches types total=35812 before=7199 after=7467
06-22 06:16:45.375 I/zygote64( 1661): VMRuntime.preloadDexCaches fields total=160603 before=8020 after=8221
06-22 06:16:45.375 I/zygote64( 1661): VMRuntime.preloadDexCaches methods total=281511 before=10884 after=11316
06-22 06:16:45.375 I/zygote64( 1661): VMRuntime.preloadDexCaches finished
06-22 06:16:45.375 D/Zygote64Timing( 1661): PreloadClasses took to complete: 455ms
06-22 06:16:45.377 I/zygote64( 1661): The ClassLoaderContext is a special shared library.
06-22 06:16:45.377 D/ApplicationLoaders( 1661): Created zygote-cached class loader: /system/framework/android.hidl.base-V1.0-java.jar
06-22 06:16:45.379 I/zygote64( 1661): The ClassLoaderContext is a special shared library.
06-22 06:16:45.380 D/ApplicationLoaders( 1661): Created zygote-cached class loader: /system/framework/android.hidl.manager-V1.0-java.jar
06-22 06:16:45.380 D/Zygote64Timing( 1661): CacheNonBootClasspathClassLoaders took to complete: 5ms
06-22 06:16:45.409 I/ServiceManager( 1767): Waiting for service 'package_native' on '/dev/binder'...
06-22 06:16:45.513 I/ServiceManager( 1767): Waiting for service 'package_native' on '/dev/binder'...
06-22 06:16:45.564 I/adbd    ( 1735): USB event: FUNCTIONFS_ENABLE
06-22 06:16:45.579 I/Zygote  ( 1661): Preloading resources...
06-22 06:16:45.588 W/Resources( 1661): Preloaded drawable resource #0x108027c (android:drawable/dialog_background_material) that varies with configuration!!
06-22 06:16:45.595 I/Zygote  ( 1661): ...preloaded 64 resources in 16ms.
06-22 06:16:45.596 I/Zygote  ( 1661): ...preloaded 41 resources in 1ms.
06-22 06:16:45.596 D/Zygote64Timing( 1661): PreloadResources took to complete: 216ms
06-22 06:16:45.600 I/Zygote  ( 1661): Preloading shared libraries...
06-22 06:16:45.606 I/Zygote  ( 1661): Called ZygoteHooks.endPreload()
06-22 06:16:45.606 I/Zygote  ( 1661): Installed AndroidKeyStoreProvider in 0ms.
06-22 06:16:45.608 I/Zygote  ( 1661): Warmed up JCA providers in 2ms.
06-22 06:16:45.608 D/Zygote  ( 1661): end preload
06-22 06:16:45.608 D/Zygote64Timing( 1661): ZygotePreload took to complete: 712ms
06-22 06:16:45.617 I/zygote64( 1661): Explicit concurrent copying GC freed 24565(1301KB) AllocSpace objects, 0(0B) LOS objects, 71% free, 2436KB/8580KB, paused 399us total 8.705ms
06-22 06:16:45.620 I/ServiceManager( 1767): Waiting for service 'package_native' on '/dev/binder'...
06-22 06:16:45.620 I/zygote64( 1661): Waiting for a blocking GC Explicit
06-22 06:16:45.630 I/zygote64( 1661): Explicit concurrent copying GC freed 1659(81KB) AllocSpace objects, 0(0B) LOS objects, 72% free, 2371KB/8515KB, paused 827us total 6.494ms
06-22 06:16:45.630 D/Zygote64Timing( 1661): PostZygoteInitGC took to complete: 22ms
06-22 06:16:45.630 D/Zygote64Timing( 1661): ZygoteInit took to complete: 734ms
06-22 06:16:45.678 D/Zygote  ( 1661): Forked child process 1916
06-22 06:16:45.678 I/Zygote  ( 1661): System server process 1916 has been created
06-22 06:16:45.679 I/Zygote  ( 1661): Accepting command socket connections
06-22 06:16:45.689 I/system_server( 1916): The ClassLoaderContext is a special shared library.
06-22 06:16:45.712 I/chatty  ( 1916): uid=1000 system_server identical 2 lines
06-22 06:16:45.717 I/system_server( 1916): The ClassLoaderContext is a special shared library.
06-22 06:16:45.719 W/system_server( 1916): Unexpected CPU variant for X86 using defaults: x86_64
06-22 06:16:45.720 I/ServiceManager( 1767): Waiting for service 'package_native' on '/dev/binder'...
06-22 06:16:45.738 I/SystemServer( 1916): InitBeforeStartServices
06-22 06:16:45.741 W/SystemServer( 1916): Timezone not set; setting to GMT.
06-22 06:16:45.744 I/SystemServer( 1916): Entered the Android system server!
06-22 06:16:45.823 I/ServiceManager( 1767): Waiting for service 'package_native' on '/dev/binder'...
06-22 06:16:45.844 E/UsbAlsaJackDetectorJNI( 1916): Can't register UsbAlsaJackDetector native methods
06-22 06:16:45.855 D/SystemServerTiming( 1916): InitBeforeStartServices took to complete: 117ms
06-22 06:16:45.855 I/SystemServer( 1916): StartServices
06-22 06:16:45.855 I/SystemServer( 1916): StartWatchdog
06-22 06:16:45.864 D/SystemServerTiming( 1916): StartWatchdog took to complete: 9ms
06-22 06:16:45.864 I/SystemServer( 1916): Reading configuration...
06-22 06:16:45.864 I/SystemServer( 1916): ReadingSystemConfig
06-22 06:16:45.865 D/SystemServerTiming( 1916): ReadingSystemConfig took to complete: 1ms
06-22 06:16:45.865 I/SystemServer( 1916): StartInstaller
06-22 06:16:45.865 I/SystemServiceManager( 1916): Starting com.android.server.pm.Installer
06-22 06:16:45.868 D/installd( 1752): Found quota mount /dev/block/vdc at /data
06-22 06:16:45.868 D/SystemServerTiming( 1916): StartInstaller took to complete: 3ms
06-22 06:16:45.868 I/SystemServer( 1916): DeviceIdentifiersPolicyService
06-22 06:16:45.868 I/SystemServiceManager( 1916): Starting com.android.server.os.DeviceIdentifiersPolicyService
06-22 06:16:45.868 D/SystemServerInitThreadPool( 1916): Started executing ReadingSystemConfig
06-22 06:16:45.868 D/SystemServerTiming( 1916): DeviceIdentifiersPolicyService took to complete: 0ms
06-22 06:16:45.869 I/SystemServer( 1916): UriGrantsManagerService
06-22 06:16:45.869 I/SystemServiceManager( 1916): Starting com.android.server.uri.UriGrantsManagerService$Lifecycle
06-22 06:16:45.873 D/SystemServerTiming( 1916): UriGrantsManagerService took to complete: 5ms
06-22 06:16:45.873 I/SystemServer( 1916): StartActivityManager
06-22 06:16:45.873 I/SystemServiceManager( 1916): Starting com.android.server.wm.ActivityTaskManagerService$Lifecycle
06-22 06:16:45.879 I/SystemServiceManager( 1916): Starting com.android.server.am.ActivityManagerService$Lifecycle
06-22 06:16:45.891 I/ActivityManager( 1916): Memory class: 512
06-22 06:16:45.901 I/SystemConfig( 1916): Adding association: com.google.android.as <- com.android.providers.contacts
06-22 06:16:45.901 I/SystemConfig( 1916): Adding association: com.google.android.as <- com.android.providers.media
06-22 06:16:45.901 I/SystemConfig( 1916): Adding association: com.google.android.as <- com.android.providers.telephony
06-22 06:16:45.901 I/SystemConfig( 1916): Adding association: com.google.android.as <- com.android.systemui
06-22 06:16:45.901 I/SystemConfig( 1916): Adding association: com.google.android.as <- com.google.android.gms
06-22 06:16:45.901 I/SystemConfig( 1916): Adding association: com.google.android.as <- com.google.android.gsf
06-22 06:16:45.902 D/BatteryStatsImpl( 1916): Reading daily items from /data/system/batterystats-daily.xml
06-22 06:16:45.904 E/BatteryStatsImpl( 1916): Error reading battery statistics
06-22 06:16:45.904 E/BatteryStatsImpl( 1916): java.io.FileNotFoundException: /data/system/batterystats.bin: open failed: ENOENT (No such file or directory)
06-22 06:16:45.904 E/BatteryStatsImpl( 1916): 	at libcore.io.IoBridge.open(IoBridge.java:496)
06-22 06:16:45.904 E/BatteryStatsImpl( 1916): 	at java.io.FileInputStream.<init>(FileInputStream.java:159)
06-22 06:16:45.904 E/BatteryStatsImpl( 1916): 	at com.android.internal.os.AtomicFile.openRead(AtomicFile.java:157)
06-22 06:16:45.904 E/BatteryStatsImpl( 1916): 	at com.android.internal.os.AtomicFile.readFully(AtomicFile.java:162)
06-22 06:16:45.904 E/BatteryStatsImpl( 1916): 	at com.android.internal.os.BatteryStatsImpl.readLocked(BatteryStatsImpl.java:13339)
06-22 06:16:45.904 E/BatteryStatsImpl( 1916): 	at com.android.server.am.ActivityManagerService.<init>(ActivityManagerService.java:2501)
06-22 06:16:45.904 E/BatteryStatsImpl( 1916): 	at com.android.server.am.ActivityManagerService$Lifecycle.<init>(ActivityManagerService.java:2215)
06-22 06:16:45.904 E/BatteryStatsImpl( 1916): 	at java.lang.reflect.Constructor.newInstance0(Native Method)
06-22 06:16:45.904 E/BatteryStatsImpl( 1916): 	at java.lang.reflect.Constructor.newInstance(Constructor.java:343)
06-22 06:16:45.904 E/BatteryStatsImpl( 1916): 	at com.android.server.SystemServiceManager.startService(SystemServiceManager.java:101)
06-22 06:16:45.904 E/BatteryStatsImpl( 1916): 	at com.android.server.am.ActivityManagerService$Lifecycle.startService(ActivityManagerService.java:2221)
06-22 06:16:45.904 E/BatteryStatsImpl( 1916): 	at com.android.server.SystemServer.startBootstrapServices(SystemServer.java:660)
06-22 06:16:45.904 E/BatteryStatsImpl( 1916): 	at com.android.server.SystemServer.run(SystemServer.java:510)
06-22 06:16:45.904 E/BatteryStatsImpl( 1916): 	at com.android.server.SystemServer.main(SystemServer.java:349)
06-22 06:16:45.904 E/BatteryStatsImpl( 1916): 	at java.lang.reflect.Method.invoke(Native Method)
06-22 06:16:45.904 E/BatteryStatsImpl( 1916): 	at com.android.internal.os.RuntimeInit$MethodAndArgsCaller.run(RuntimeInit.java:492)
06-22 06:16:45.904 E/BatteryStatsImpl( 1916): 	at com.android.internal.os.ZygoteInit.main(ZygoteInit.java:908)
06-22 06:16:45.904 E/BatteryStatsImpl( 1916): Caused by: android.system.ErrnoException: open failed: ENOENT (No such file or directory)
06-22 06:16:45.904 E/BatteryStatsImpl( 1916): 	at libcore.io.Linux.open(Native Method)
06-22 06:16:45.904 E/BatteryStatsImpl( 1916): 	at libcore.io.ForwardingOs.open(ForwardingOs.java:167)
06-22 06:16:45.904 E/BatteryStatsImpl( 1916): 	at libcore.io.BlockGuardOs.open(BlockGuardOs.java:252)
06-22 06:16:45.904 E/BatteryStatsImpl( 1916): 	at libcore.io.IoBridge.open(IoBridge.java:482)
06-22 06:16:45.904 E/BatteryStatsImpl( 1916): 	... 16 more
06-22 06:16:45.904 E/BatteryStatsImpl( 1916): Error reading battery history
06-22 06:16:45.904 E/BatteryStatsImpl( 1916): java.io.FileNotFoundException: /data/system/battery-history/0.bin: open failed: ENOENT (No such file or directory)
06-22 06:16:45.904 E/BatteryStatsImpl( 1916): 	at libcore.io.IoBridge.open(IoBridge.java:496)
06-22 06:16:45.904 E/BatteryStatsImpl( 1916): 	at java.io.FileInputStream.<init>(FileInputStream.java:159)
06-22 06:16:45.904 E/BatteryStatsImpl( 1916): 	at com.android.internal.os.AtomicFile.openRead(AtomicFile.java:157)
06-22 06:16:45.904 E/BatteryStatsImpl( 1916): 	at com.android.internal.os.AtomicFile.readFully(AtomicFile.java:162)
06-22 06:16:45.904 E/BatteryStatsImpl( 1916): 	at com.android.internal.os.BatteryStatsImpl.readLocked(BatteryStatsImpl.java:13358)
06-22 06:16:45.904 E/BatteryStatsImpl( 1916): 	at com.android.server.am.ActivityManagerService.<init>(ActivityManagerService.java:2501)
06-22 06:16:45.904 E/BatteryStatsImpl( 1916): 	at com.android.server.am.ActivityManagerService$Lifecycle.<init>(ActivityManagerService.java:2215)
06-22 06:16:45.904 E/BatteryStatsImpl( 1916): 	at java.lang.reflect.Constructor.newInstance0(Native Method)
06-22 06:16:45.904 E/BatteryStatsImpl( 1916): 	at java.lang.reflect.Constructor.newInstance(Constructor.java:343)
06-22 06:16:45.904 E/BatteryStatsImpl( 1916): 	at com.android.server.SystemServiceManager.startService(SystemServiceManager.java:101)
06-22 06:16:45.904 E/BatteryStatsImpl( 1916): 	at com.android.server.am.ActivityManagerService$Lifecycle.startService(ActivityManagerService.java:2221)
06-22 06:16:45.904 E/BatteryStatsImpl( 1916): 	at com.android.server.SystemServer.startBootstrapServices(SystemServer.java:660)
06-22 06:16:45.904 E/BatteryStatsImpl( 1916): 	at com.android.server.SystemServer.run(SystemServer.java:510)
06-22 06:16:45.904 E/BatteryStatsImpl( 1916): 	at com.android.server.SystemServer.main(SystemServer.java:349)
06-22 06:16:45.904 E/BatteryStatsImpl( 1916): 	at java.lang.reflect.Method.invoke(Native Method)
06-22 06:16:45.904 E/BatteryStatsImpl( 1916): 	at com.android.internal.os.RuntimeInit$MethodAndArgsCaller.run(RuntimeInit.java:492)
06-22 06:16:45.904 E/BatteryStatsImpl( 1916): 	at com.android.internal.os.ZygoteInit.main(ZygoteInit.java:908)
06-22 06:16:45.904 E/BatteryStatsImpl( 1916): Caused by: android.system.ErrnoException: open failed: ENOENT (No such file or directory)
06-22 06:16:45.904 E/BatteryStatsImpl( 1916): 	at libcore.io.Linux.open(Native Method)
06-22 06:16:45.904 E/BatteryStatsImpl( 1916): 	at libcore.io.ForwardingOs.open(ForwardingOs.java:167)
06-22 06:16:45.904 E/BatteryStatsImpl( 1916): 	at libcore.io.BlockGuardOs.open(BlockGuardOs.java:252)
06-22 06:16:45.904 E/BatteryStatsImpl( 1916): 	at libcore.io.IoBridge.open(IoBridge.java:482)
06-22 06:16:45.904 E/BatteryStatsImpl( 1916): 	... 16 more
06-22 06:16:45.908 I/hwservicemanager( 1567): getTransport: Cannot find entry android.hardware.power.stats@1.0::IPowerStats/default in either framework or device manifest.
06-22 06:16:45.910 I/BatteryStatsService( 1916): Using power HAL
06-22 06:16:45.910 E/BatteryStatsService( 1916): Unable to load Power.Stats.HAL. Setting rail availability to false
06-22 06:16:45.912 E/BluetoothAdapter( 1916): Bluetooth binder is null
06-22 06:16:45.915 E/BatteryExternalStatsWorker( 1916): no controller energy info supplied for telephony
06-22 06:16:45.918 W/SystemConfig( 1916): No directory /product_services/etc/sysconfig, skipping
06-22 06:16:45.918 W/SystemConfig( 1916): No directory /product_services/etc/permissions, skipping
06-22 06:16:45.918 D/SystemServerInitThreadPool( 1916): Finished executing ReadingSystemConfig
06-22 06:16:45.922 E/KernelCpuUidFreqTimeReader( 1916): Failed to read /proc/uid_time_in_state: java.nio.file.NoSuchFileException: /proc/uid_time_in_state
06-22 06:16:45.923 I/ServiceManager( 1767): Waiting for service 'package_native' on '/dev/binder'...
06-22 06:16:45.924 W/KernelCpuProcStringReader( 1916): File not found. It's normal if not implemented: /proc/uid_time_in_state
06-22 06:16:45.924 W/KernelCpuProcStringReader( 1916): File not found. It's normal if not implemented: /proc/uid_concurrent_active_time
06-22 06:16:45.924 W/KernelCpuProcStringReader( 1916): File not found. It's normal if not implemented: /proc/uid_concurrent_policy_time
06-22 06:16:45.924 W/KernelMemoryBandwidthStats( 1916): No kernel memory bandwidth stats available
06-22 06:16:45.925 I/PowerManagerService-JNI( 1916): Loaded power HAL 1.0 service
06-22 06:16:45.925 I/PowerManagerService-JNI( 1916): Loaded power HAL 1.1 service
06-22 06:16:45.927 I/hwservicemanager( 1567): getTransport: Cannot find entry android.hardware.memtrack@1.0::IMemtrack/default in either framework or device manifest.
06-22 06:16:45.927 E/memtrack( 1916): Couldn't load memtrack module
06-22 06:16:45.927 W/android.os.Debug( 1916): failed to get memory consumption info: -1
06-22 06:16:45.930 I/AppOps  ( 1916): No existing app ops /data/system/appops.xml; starting empty
06-22 06:16:45.934 I/IntentFirewall( 1916): Read new rules (A:0 B:0 S:0)
06-22 06:16:45.946 W/libprocessgroup( 1916): Failed to remove /acct/uid_1003: Permission denied
06-22 06:16:45.950 D/AppOps  ( 1916): AppOpsService published
06-22 06:16:45.954 D/SystemServerTiming( 1916): StartActivityManager took to complete: 81ms
06-22 06:16:45.954 I/SystemServer( 1916): StartPowerManager
06-22 06:16:45.954 I/SystemServiceManager( 1916): Starting com.android.server.power.PowerManagerService
06-22 06:16:45.961 D/SystemServerTiming( 1916): StartPowerManager took to complete: 7ms
06-22 06:16:45.961 I/SystemServer( 1916): StartThermalManager
06-22 06:16:45.961 I/SystemServiceManager( 1916): Starting com.android.server.power.ThermalManagerService
06-22 06:16:45.961 D/SystemServerTiming( 1916): StartThermalManager took to complete: 0ms
06-22 06:16:45.961 I/SystemServer( 1916): InitPowerManagement
06-22 06:16:45.962 D/SystemServerTiming( 1916): InitPowerManagement took to complete: 1ms
06-22 06:16:45.962 I/SystemServer( 1916): StartRecoverySystemService
06-22 06:16:45.962 I/SystemServiceManager( 1916): Starting com.android.server.RecoverySystemService
06-22 06:16:45.963 D/SystemServerTiming( 1916): StartRecoverySystemService took to complete: 1ms
06-22 06:16:45.963 V/RescueParty( 1916): Disabled because of active USB connection
06-22 06:16:45.963 I/SystemServer( 1916): StartLightsService
06-22 06:16:45.963 I/SystemServiceManager( 1916): Starting com.android.server.lights.LightsService
06-22 06:16:45.965 D/SystemServerTiming( 1916): StartLightsService took to complete: 2ms
06-22 06:16:45.965 I/SystemServer( 1916): StartSidekickService
06-22 06:16:45.965 D/SystemServerTiming( 1916): StartSidekickService took to complete: 0ms
06-22 06:16:45.965 I/SystemServer( 1916): StartDisplayManager
06-22 06:16:45.965 I/SystemServiceManager( 1916): Starting com.android.server.display.DisplayManagerService
06-22 06:16:45.967 D/SystemServerTiming( 1916): StartDisplayManager took to complete: 2ms
06-22 06:16:45.967 I/SystemServer( 1916): WaitForDisplay
06-22 06:16:45.968 I/SystemServiceManager( 1916): Starting phase 100
06-22 06:16:45.969 E/SurfaceFlinger( 1720): ro.sf.lcd_density must be defined as a build property
06-22 06:16:45.973 I/DisplayManagerService( 1916): Display device added: DisplayDeviceInfo{"Built-in Screen": uniqueId="local:0", 320 x 640, modeId 1, defaultModeId 1, supportedModes [{id=1, width=320, height=640, fps=60.000004}], colorMode 0, supportedColorModes [0], HdrCapabilities android.view.Display$HdrCapabilities@40f16308, density 160, 160.0 x 160.0 dpi, appVsyncOff 1000000, presDeadline 16666666, touch INTERNAL, rotation 0, type BUILT_IN, address {port=0}, state UNKNOWN, FLAG_DEFAULT_DISPLAY, FLAG_ROTATES_WITH_CONTENT, FLAG_SECURE, FLAG_SUPPORTS_PROTECTED_BUFFERS}
06-22 06:16:45.976 D/SurfaceFlinger( 1720): Setting power mode 2 on display 0
06-22 06:16:45.978 I/hwservicemanager( 1567): getTransport: Cannot find entry android.hardware.light@2.0::ILight/default in either framework or device manifest.
06-22 06:16:45.978 D/SystemServerTiming( 1916): WaitForDisplay took to complete: 11ms
06-22 06:16:45.978 W/StrictMode( 1916): No activity manager; failed to Dropbox violation.
06-22 06:16:45.978 I/SystemServer( 1916): StartPackageManagerService
06-22 06:16:45.978 I/Watchdog( 1916): Pausing HandlerChecker: main thread for reason: packagemanagermain. Pause count: 1
06-22 06:16:45.979 I/DisplayManagerService( 1916): Display device changed state: "Built-in Screen", ON
06-22 06:16:45.999 W/FileUtils( 1916): Failed to chmod(/data/system/packages.list): android.system.ErrnoException: chmod failed: ENOENT (No such file or directory)
06-22 06:16:46.003 D/SELinuxMMAC( 1916): Using policy file /system/etc/selinux/plat_mac_permissions.xml
06-22 06:16:46.004 D/SELinuxMMAC( 1916): Using policy file /vendor/etc/selinux/vendor_mac_permissions.xml
06-22 06:16:45.979 I/chatty  ( 1916): uid=1000(system) android.display identical 4 lines
06-22 06:16:45.979 W/StrictMode( 1916): No activity manager; failed to Dropbox violation.
06-22 06:16:46.005 D/FallbackCategoryProvider( 1916): Found 387 fallback categories
