06-22 06:16:48.717 I/SystemConfig( 2085): Adding association: com.google.android.as <- com.google.android.gms
06-22 06:16:48.717 I/SystemConfig( 2085): Adding association: com.google.android.as <- com.google.android.gsf
06-22 06:16:48.720 W/SystemConfig( 2085): No directory /product_services/etc/sysconfig, skipping
06-22 06:16:48.720 W/SystemConfig( 2085): No directory /product_services/etc/permissions, skipping
06-22 06:16:48.724 W/AlarmManager( 2060): Unrecognized alarm listener com.android.systemui.keyguard.-$$Lambda$KeyguardSliceProvider$IhzByd8TsqFuOrSyuGurVskyPLo@ad65f3d
06-22 06:16:48.728 I/OMXClient( 1763): IOmx service obtained
06-22 06:16:48.728 I/OMXMaster( 1769): makeComponentInstance(OMX.google.g711.mlaw.decoder) in android.hardwar process
06-22 06:16:48.733 I/OMXClient( 1763): IOmx service obtained
06-22 06:16:48.733 I/OMXMaster( 1769): makeComponentInstance(OMX.google.gsm.decoder) in android.hardwar process
06-22 06:16:48.739 I/OMXClient( 1763): IOmx service obtained
06-22 06:16:48.739 I/OMXMaster( 1769): makeComponentInstance(OMX.google.mp3.decoder) in android.hardwar process
06-22 06:16:48.754 I/OMXClient( 1763): IOmx service obtained
06-22 06:16:48.754 I/OMXMaster( 1769): makeComponentInstance(OMX.google.opus.decoder) in android.hardwar process
06-22 06:16:48.764 D/ProtoStore( 2060): no cached data
06-22 06:16:48.764 D/ProtoStore( 2060): no cached data
06-22 06:16:48.770 D/WifiController( 1916): DEFERRED_TOGGLE handled
06-22 06:16:48.770 D/WifiController( 1916): StaEnabledState.enter()
06-22 06:16:48.770 D/WifiActiveModeWarden( 1916): Switching from ScanOnlyModeActiveState to ClientMode
06-22 06:16:48.770 D/WifiScanOnlyModeManager( 1916):  currentstate: StartedState
06-22 06:16:48.770 D/WifiScanRequestProxy( 1916): Sending scan available broadcast: false
06-22 06:16:48.770 I/WifiScanRequestProxy( 1916): Scanning is disabled
06-22 06:16:48.770 I/WifiScanningService( 1916): wifi driver unloaded
06-22 06:16:48.770 D/WifiActiveModeWarden( 1916): Entering ClientModeActiveState
06-22 06:16:48.771 D/WifiClientModeManager( 1916): entering IdleState
06-22 06:16:48.771 D/WakeupController( 1916): stop()
06-22 06:16:48.772 I/OMXClient( 1763): IOmx service obtained
06-22 06:16:48.772 I/OMXMaster( 1769): makeComponentInstance(OMX.google.raw.decoder) in android.hardwar process
06-22 06:16:48.773 W/wificond( 1768): No pno scan started
06-22 06:16:48.773 E/wificond( 1768): Receive ERROR message in response to 'stop scheduled scan' request: Operation not supported on transport endpoint
06-22 06:16:48.784 W/android.hardware.wifi@1.0-service( 1705): No active wlan interfaces in use! Using default
06-22 06:16:48.785 I/wificond( 1768): Unsubscribe scan result for interface with index: 3
06-22 06:16:48.786 E/ActivityThread( 2051): Failed to find provider info for com.google.android.gsf.gservices
06-22 06:16:48.786 D/WificondControl( 1916): tearing down interfaces in wificond
06-22 06:16:48.789 I/android.hardware.wifi@1.0-service( 1705): Legacy HAL stop complete callback received
06-22 06:16:48.789 I/android.hardware.wifi@1.0-service( 1705): Wifi HAL stopped
06-22 06:16:48.789 I/WifiVendorHal( 1916): Vendor Hal stopped
06-22 06:16:48.789 I/WifiNative( 1916): Successfully torn down Iface:{Name=wlan0,Id=0,Type=STA_SCAN}
06-22 06:16:48.789 E/HalDevMgr( 1916): getAllChipInfo: called but mWifi is null!?
06-22 06:16:48.789 E/HalDevMgr( 1916): dispatchAvailableForRequestListeners: no chip info found
06-22 06:16:48.789 W/HalDevMgr( 1916): stopWifi called but mWifi is null!?
06-22 06:16:48.789 I/WifiNative( 1916): Successfully initiated teardown for iface=wlan0
06-22 06:16:48.789 D/WifiScanOnlyModeManager( 1916): expected stop, not triggering callbacks: state = 1
06-22 06:16:48.789 E/WifiNative( 1916): Could not get Iface object for interface null
06-22 06:16:48.790 D/WifiActiveModeWarden( 1916): State changed from client mode. state = 2
06-22 06:16:48.790 W/HalDevMgr( 1916): isWifiStarted called but mWifi is null!?
06-22 06:16:48.790 I/android_os_HwBinder( 1916): HwBinder: Starting thread pool for getting: android.hardware.wifi@1.0::IWifi/default
06-22 06:16:48.790 E/ActivityThread( 2051): Failed to find provider info for com.google.android.gsf.gservices
06-22 06:16:48.791 I/OMXClient( 1763): IOmx service obtained
06-22 06:16:48.791 I/OMXMaster( 1769): makeComponentInstance(OMX.google.vorbis.decoder) in android.hardwar process
06-22 06:16:48.792 I/android.hardware.wifi@1.0-service( 1705): Wifi HAL started
06-22 06:16:48.792 I/WifiVendorHal( 1916): Vendor Hal started successfully
06-22 06:16:48.794 I/WifiP2pNative( 1916): Registering for interface available listener
06-22 06:16:48.794 I/WifiP2pNative( 1916): Registering for interface available listener
06-22 06:16:48.794 D/WifiP2pNative( 1916): P2P InterfaceAvailableListener true
06-22 06:16:48.794 D/WifiP2pService( 1916): Wifi enabled=false, P2P Interface availability=true, Number of clients=0
06-22 06:16:48.794 D/WifiP2pService( 1916): Wifi enabled=false, P2P Interface availability=true
06-22 06:16:48.795 I/android_os_HwBinder( 1916): HwBinder: Starting thread pool for getting: android.hidl.manager@1.0::IServiceManager/default
06-22 06:16:48.796 I/hwservicemanager( 1567): getTransport: Cannot find entry android.hardware.wifi.supplicant@1.1::ISupplicant/default in either framework or device manifest.
06-22 06:16:48.796 I/SupplicantStaIfaceHal( 1916): Starting supplicant using init
06-22 06:16:48.803 I/OMXClient( 1763): IOmx service obtained
06-22 06:16:48.803 I/OMXMaster( 1769): makeComponentInstance(OMX.google.aac.encoder) in android.hardwar process
06-22 06:16:48.812 E/ActivityThread( 2051): Failed to find provider info for com.google.android.gsf.gservices
06-22 06:16:48.814 I/OMXClient( 1763): IOmx service obtained
06-22 06:16:48.814 I/OMXMaster( 1769): makeComponentInstance(OMX.google.amrnb.encoder) in android.hardwar process
06-22 06:16:48.816 W/DirectBootExitBR( 2051): User is in direct boot mode.
06-22 06:16:48.825 I/OMXClient( 1763): IOmx service obtained
06-22 06:16:48.825 I/OMXMaster( 1769): makeComponentInstance(OMX.google.amrwb.encoder) in android.hardwar process
06-22 06:16:48.830 I/OMXClient( 1763): IOmx service obtained
06-22 06:16:48.830 I/OMXMaster( 1769): makeComponentInstance(OMX.google.flac.encoder) in android.hardwar process
06-22 06:16:48.831 I/GmsApplication( 2051): Staging modules and/or updating config
06-22 06:16:48.833 E/ChimeraCfgMgr( 2051): Failed to read module config: java.io.FileNotFoundException: /data/user_de/0/com.google.android.gms/app_chimera/current_config.fb: open failed: ENOENT (No such file or directory)
06-22 06:16:48.834 I/GmsApplication( 2051): Staging modules
06-22 06:16:48.835 I/FileApkMgr( 2051): Extracting modules...
06-22 06:16:48.837 E/ConfigFileUtils( 2051): Failed to read config file: /data/user_de/0/com.google.android.gms/app_chimera/current_fileapks.pb: open failed: ENOENT (No such file or directory)
06-22 06:16:48.842 I/OMXClient( 1763): IOmx service obtained
06-22 06:16:48.842 I/OMXMaster( 1769): makeComponentInstance(OMX.android.goldfish.h264.decoder) in android.hardwar process
06-22 06:16:48.842 I/GoldfishOMXPlugin( 1769): makeComponentInstance 'OMX.android.goldfish.h264.decoder'
06-22 06:16:48.842 I/GoldfishOMXPlugin( 1769): Using goldfish codec for 'avcdec'
06-22 06:16:48.848 I/goldfish_avcdec( 1769): created GoldfishAVCDec 98 object 0xee7b1000
06-22 06:16:48.849 E/OMXNodeInstance( 1769): getExtensionIndex(0xee73c000:android.goldfish.h264.decoder, OMX.google.android.index.configureVideoTunnelMode) ERROR: UnsupportedIndex(0x8000101a)
06-22 06:16:48.849 D/MediaCodecInfo( 1763): detail feature-tunneled-playback wasn't present to remove
06-22 06:16:48.849 W/OMXNodeInstance( 1769): [0xee73c000:android.goldfish.h264.decoder] component does not support metadata mode; using fallback
06-22 06:16:48.852 I/OMXClient( 1763): IOmx service obtained
06-22 06:16:48.852 I/OMXMaster( 1769): makeComponentInstance(OMX.google.h264.decoder) in android.hardwar process
06-22 06:16:48.851 I/chatty  ( 2051): uid=10116 com.google.android.gms.persistent identical 9 lines
06-22 06:16:48.852 E/ActivityThread( 2051): Failed to find provider info for com.google.android.gsf.gservices
06-22 06:16:48.853 W/PackageManager( 1916): Cannot whitelist unknown permission: com.sec.android.provider.badge.permission.READ
06-22 06:16:48.853 W/PackageManager( 1916): Cannot whitelist unknown permission: com.sec.android.provider.badge.permission.WRITE
06-22 06:16:48.853 W/PackageManager( 1916): Cannot whitelist unknown permission: com.htc.launcher.permission.READ_SETTINGS
06-22 06:16:48.853 W/PackageManager( 1916): Cannot whitelist unknown permission: com.htc.launcher.permission.UPDATE_SHORTCUT
06-22 06:16:48.853 W/PackageManager( 1916): Cannot whitelist unknown permission: com.sonyericsson.home.permission.BROADCAST_BADGE
06-22 06:16:48.853 W/PackageManager( 1916): Cannot whitelist unknown permission: com.sonymobile.home.permission.PROVIDER_INSERT_BADGE
06-22 06:16:48.853 I/PackageManager( 1916): Un-granting permission android.permission.MANAGE_DOCUMENTS from package com.google.android.youtube (protectionLevel=262146 flags=0x30dbbe45)
06-22 06:16:48.855 E/OMXNodeInstance( 1769): getExtensionIndex(0xee73c000:google.h264.decoder, OMX.google.android.index.configureVideoTunnelMode) ERROR: UnsupportedIndex(0x8000101a)
06-22 06:16:48.855 D/MediaCodecInfo( 1763): detail feature-tunneled-playback wasn't present to remove
06-22 06:16:48.855 E/OMXNodeInstance( 1769): getExtensionIndex(0xee73c000:google.h264.decoder, OMX.google.android.index.enableAndroidNativeBuffers) ERROR: UnsupportedIndex(0x8000101a)
06-22 06:16:48.856 W/PackageManager( 1916): Cannot whitelist unknown permission: com.sec.android.provider.badge.permission.READ
06-22 06:16:48.856 W/PackageManager( 1916): Cannot whitelist unknown permission: com.sec.android.provider.badge.permission.WRITE
06-22 06:16:48.856 W/PackageManager( 1916): Cannot whitelist unknown permission: com.htc.launcher.permission.READ_SETTINGS
06-22 06:16:48.856 W/PackageManager( 1916): Cannot whitelist unknown permission: com.htc.launcher.permission.UPDATE_SHORTCUT
06-22 06:16:48.856 W/PackageManager( 1916): Cannot whitelist unknown permission: com.sonyericsson.home.permission.BROADCAST_BADGE
06-22 06:16:48.856 W/PackageManager( 1916): Cannot whitelist unknown permission: com.sonymobile.home.permission.PROVIDER_INSERT_BADGE
06-22 06:16:48.856 I/PackageManager( 1916): Un-granting permission android.permission.MANAGE_DOCUMENTS from package com.google.android.youtube (protectionLevel=262146 flags=0x30dbbe45)
06-22 06:16:48.864 I/wpa_supplicant( 2144): Processing hidl events on FD 3
06-22 06:16:48.865 I/ServiceManagement( 2144): Registered android.hardware.wifi.supplicant@1.2::ISupplicant/default (start delay of 72ms)
06-22 06:16:48.865 I/wpa_supplicant( 2144): Successfully initialized wpa_supplicant
06-22 06:16:48.866 I/wpa_supplicant( 2144): rfkill: Cannot open RFKILL control device
06-22 06:16:48.870 W/PackageManager( 1916): Cannot whitelist unknown permission: com.google.android.launcher.permission.CONTENT_REDIRECT
06-22 06:16:48.870 W/PackageManager( 1916): Cannot whitelist unknown permission: com.google.android.voicesearch.SHORTCUTS_ACCESS
06-22 06:16:48.870 W/PackageManager( 1916): Cannot whitelist unknown permission: com.google.android.voicesearch.ACCESS_SETTINGS
06-22 06:16:48.870 W/PackageManager( 1916): Cannot whitelist unknown permission: com.android.browser.permission.PRELOAD
06-22 06:16:48.870 W/PackageManager( 1916): Cannot whitelist unknown permission: com.google.android.ears.permission.WRITE
06-22 06:16:48.870 W/PackageManager( 1916): Cannot whitelist unknown permission: com.google.googlenav.friend.permission.OPT_IN
06-22 06:16:48.870 W/PackageManager( 1916): Cannot whitelist unknown permission: com.google.android.apps.googlevoice.permission.AUTO_SEND
06-22 06:16:48.870 W/PackageManager( 1916): Cannot whitelist unknown permission: com.google.android.hangouts.START_HANGOUT
06-22 06:16:48.870 W/PackageManager( 1916): Cannot whitelist unknown permission: com.android.chrome.PRERENDER_URL
06-22 06:16:48.870 W/PackageManager( 1916): Cannot whitelist unknown permission: com.google.android.apps.gsa.nga.permissions.EDIT_PREFERENCES
06-22 06:16:48.872 W/PackageManager( 1916): Cannot whitelist unknown permission: com.google.android.launcher.permission.CONTENT_REDIRECT
06-22 06:16:48.872 W/PackageManager( 1916): Cannot whitelist unknown permission: com.google.android.voicesearch.SHORTCUTS_ACCESS
06-22 06:16:48.872 W/PackageManager( 1916): Cannot whitelist unknown permission: com.google.android.voicesearch.ACCESS_SETTINGS
06-22 06:16:48.872 W/PackageManager( 1916): Cannot whitelist unknown permission: com.android.browser.permission.PRELOAD
06-22 06:16:48.872 W/PackageManager( 1916): Cannot whitelist unknown permission: com.google.android.ears.permission.WRITE
06-22 06:16:48.872 W/PackageManager( 1916): Cannot whitelist unknown permission: com.google.googlenav.friend.permission.OPT_IN
06-22 06:16:48.873 W/PackageManager( 1916): Cannot whitelist unknown permission: com.google.android.apps.googlevoice.permission.AUTO_SEND
06-22 06:16:48.873 W/PackageManager( 1916): Cannot whitelist unknown permission: com.google.android.hangouts.START_HANGOUT
06-22 06:16:48.873 W/PackageManager( 1916): Cannot whitelist unknown permission: com.android.chrome.PRERENDER_URL
06-22 06:16:48.873 W/PackageManager( 1916): Cannot whitelist unknown permission: com.google.android.apps.gsa.nga.permissions.EDIT_PREFERENCES
06-22 06:16:48.873 I/OMXClient( 1763): IOmx service obtained
06-22 06:16:48.873 I/OMXMaster( 1769): makeComponentInstance(OMX.google.h263.decoder) in android.hardwar process
06-22 06:16:48.873 W/PackageManager( 1916): Cannot whitelist unknown permission: com.google.android.launcher.permission.CONTENT_REDIRECT
06-22 06:16:48.874 W/PackageManager( 1916): Cannot whitelist unknown permission: com.google.android.voicesearch.SHORTCUTS_ACCESS
06-22 06:16:48.874 W/PackageManager( 1916): Cannot whitelist unknown permission: com.google.android.voicesearch.ACCESS_SETTINGS
06-22 06:16:48.874 W/PackageManager( 1916): Cannot whitelist unknown permission: com.android.browser.permission.PRELOAD
06-22 06:16:48.874 W/PackageManager( 1916): Cannot whitelist unknown permission: com.google.android.ears.permission.WRITE
06-22 06:16:48.874 W/PackageManager( 1916): Cannot whitelist unknown permission: com.google.googlenav.friend.permission.OPT_IN
06-22 06:16:48.874 W/PackageManager( 1916): Cannot whitelist unknown permission: com.google.android.apps.googlevoice.permission.AUTO_SEND
06-22 06:16:48.874 W/PackageManager( 1916): Cannot whitelist unknown permission: com.google.android.hangouts.START_HANGOUT
06-22 06:16:48.874 W/PackageManager( 1916): Cannot whitelist unknown permission: com.android.chrome.PRERENDER_URL
06-22 06:16:48.874 W/PackageManager( 1916): Cannot whitelist unknown permission: com.google.android.apps.gsa.nga.permissions.EDIT_PREFERENCES
06-22 06:16:48.874 E/OMXNodeInstance( 1769): getExtensionIndex(0xee73c000:google.h263.decoder, OMX.google.android.index.configureVideoTunnelMode) ERROR: UnsupportedIndex(0x8000101a)
06-22 06:16:48.874 D/MediaCodecInfo( 1763): detail feature-tunneled-playback wasn't present to remove
06-22 06:16:48.874 E/OMXNodeInstance( 1769): getExtensionIndex(0xee73c000:google.h263.decoder, OMX.google.android.index.enableAndroidNativeBuffers) ERROR: UnsupportedIndex(0x8000101a)
06-22 06:16:48.875 W/PackageManager( 1916): Cannot whitelist unknown permission: com.google.android.launcher.permission.CONTENT_REDIRECT
06-22 06:16:48.875 W/PackageManager( 1916): Cannot whitelist unknown permission: com.google.android.voicesearch.SHORTCUTS_ACCESS
06-22 06:16:48.875 W/PackageManager( 1916): Cannot whitelist unknown permission: com.google.android.voicesearch.ACCESS_SETTINGS
06-22 06:16:48.875 W/PackageManager( 1916): Cannot whitelist unknown permission: com.android.browser.permission.PRELOAD
06-22 06:16:48.875 W/PackageManager( 1916): Cannot whitelist unknown permission: com.google.android.ears.permission.WRITE
06-22 06:16:48.875 W/PackageManager( 1916): Cannot whitelist unknown permission: com.google.googlenav.friend.permission.OPT_IN
06-22 06:16:48.875 W/PackageManager( 1916): Cannot whitelist unknown permission: com.google.android.apps.googlevoice.permission.AUTO_SEND
06-22 06:16:48.875 W/PackageManager( 1916): Cannot whitelist unknown permission: com.google.android.hangouts.START_HANGOUT
06-22 06:16:48.875 W/PackageManager( 1916): Cannot whitelist unknown permission: com.android.chrome.PRERENDER_URL
06-22 06:16:48.875 W/PackageManager( 1916): Cannot whitelist unknown permission: com.google.android.apps.gsa.nga.permissions.EDIT_PREFERENCES
06-22 06:16:48.876 W/PackageManager( 1916): Cannot whitelist unknown permission: com.google.android.launcher.permission.CONTENT_REDIRECT
06-22 06:16:48.876 W/PackageManager( 1916): Cannot whitelist unknown permission: com.google.android.voicesearch.SHORTCUTS_ACCESS
06-22 06:16:48.876 W/PackageManager( 1916): Cannot whitelist unknown permission: com.google.android.voicesearch.ACCESS_SETTINGS
06-22 06:16:48.876 W/PackageManager( 1916): Cannot whitelist unknown permission: com.android.browser.permission.PRELOAD
06-22 06:16:48.876 W/PackageManager( 1916): Cannot whitelist unknown permission: com.google.android.ears.permission.WRITE
06-22 06:16:48.876 W/PackageManager( 1916): Cannot whitelist unknown permission: com.google.googlenav.friend.permission.OPT_IN
06-22 06:16:48.877 W/PackageManager( 1916): Cannot whitelist unknown permission: com.google.android.apps.googlevoice.permission.AUTO_SEND
06-22 06:16:48.877 W/PackageManager( 1916): Cannot whitelist unknown permission: com.google.android.hangouts.START_HANGOUT
06-22 06:16:48.877 W/PackageManager( 1916): Cannot whitelist unknown permission: com.android.chrome.PRERENDER_URL
06-22 06:16:48.877 W/PackageManager( 1916): Cannot whitelist unknown permission: com.google.android.apps.gsa.nga.permissions.EDIT_PREFERENCES
06-22 06:16:48.879 W/PackageManager( 1916): Cannot whitelist unknown permission: com.google.android.launcher.permission.CONTENT_REDIRECT
06-22 06:16:48.879 W/PackageManager( 1916): Cannot whitelist unknown permission: com.google.android.voicesearch.SHORTCUTS_ACCESS
06-22 06:16:48.879 W/PackageManager( 1916): Cannot whitelist unknown permission: com.google.android.voicesearch.ACCESS_SETTINGS
06-22 06:16:48.879 W/PackageManager( 1916): Cannot whitelist unknown permission: com.android.browser.permission.PRELOAD
06-22 06:16:48.879 W/PackageManager( 1916): Cannot whitelist unknown permission: com.google.android.ears.permission.WRITE
06-22 06:16:48.879 W/PackageManager( 1916): Cannot whitelist unknown permission: com.google.googlenav.friend.permission.OPT_IN
06-22 06:16:48.880 W/PackageManager( 1916): Cannot whitelist unknown permission: com.google.android.apps.googlevoice.permission.AUTO_SEND
06-22 06:16:48.880 W/PackageManager( 1916): Cannot whitelist unknown permission: com.google.android.hangouts.START_HANGOUT
06-22 06:16:48.880 W/PackageManager( 1916): Cannot whitelist unknown permission: com.android.chrome.PRERENDER_URL
06-22 06:16:48.880 W/PackageManager( 1916): Cannot whitelist unknown permission: com.google.android.apps.gsa.nga.permissions.EDIT_PREFERENCES
06-22 06:16:48.881 I/PackageManager( 1916): Un-granting permission com.google.android.googleapps.permission.GOOGLE_AUTH from package com.android.providers.calendar (protectionLevel=2 flags=0x30883e45)
06-22 06:16:48.882 I/PackageManager( 1916): Un-granting permission com.google.android.googleapps.permission.GOOGLE_AUTH.cl from package com.android.providers.calendar (protectionLevel=2 flags=0x30883e45)
06-22 06:16:48.882 I/PackageManager( 1916): Un-granting permission com.google.android.googleapps.permission.GOOGLE_AUTH from package com.android.providers.calendar (protectionLevel=2 flags=0x30883e45)
06-22 06:16:48.882 I/PackageManager( 1916): Un-granting permission com.google.android.googleapps.permission.GOOGLE_AUTH.cl from package com.android.providers.calendar (protectionLevel=2 flags=0x30883e45)
06-22 06:16:48.886 I/OMXClient( 1763): IOmx service obtained
06-22 06:16:48.886 I/OMXMaster( 1769): makeComponentInstance(OMX.google.hevc.decoder) in android.hardwar process
06-22 06:16:48.888 I/PackageManager( 1916): Un-granting permission android.permission.WRITE_SECURE_SETTINGS from package com.google.android.apps.enterprise.dmagent (protectionLevel=50 flags=0x30883e05)
06-22 06:16:48.888 I/PackageManager( 1916): Un-granting permission android.permission.CONNECTIVITY_INTERNAL from package com.google.android.apps.enterprise.dmagent (protectionLevel=18 flags=0x30883e05)
06-22 06:16:48.888 I/PackageManager( 1916): Un-granting permission android.permission.MANAGE_USB from package com.google.android.apps.enterprise.dmagent (protectionLevel=18 flags=0x30883e05)
06-22 06:16:48.888 I/PackageManager( 1916): Un-granting permission android.permission.CHANGE_COMPONENT_ENABLED_STATE from package com.google.android.apps.enterprise.dmagent (protectionLevel=18 flags=0x30883e05)
06-22 06:16:48.888 I/PackageManager( 1916): Un-granting permission android.permission.MANAGE_CA_CERTIFICATES from package com.google.android.apps.enterprise.dmagent (protectionLevel=18 flags=0x30883e05)
06-22 06:16:48.888 I/PackageManager( 1916): Un-granting permission android.permission.MANAGE_USERS from package com.google.android.apps.enterprise.dmagent (protectionLevel=18 flags=0x30883e05)
06-22 06:16:48.889 E/OMXNodeInstance( 1769): getExtensionIndex(0xf0918c60:google.hevc.decoder, OMX.google.android.index.configureVideoTunnelMode) ERROR: UnsupportedIndex(0x8000101a)
06-22 06:16:48.889 D/MediaCodecInfo( 1763): detail feature-tunneled-playback wasn't present to remove
06-22 06:16:48.889 E/OMXNodeInstance( 1769): getExtensionIndex(0xf0918c60:google.hevc.decoder, OMX.google.android.index.enableAndroidNativeBuffers) ERROR: UnsupportedIndex(0x8000101a)
06-22 06:16:48.890 I/SystemConfig( 2051): Adding association: com.google.android.as <- com.android.providers.contacts
06-22 06:16:48.890 I/SystemConfig( 2051): Adding association: com.google.android.as <- com.android.providers.media
06-22 06:16:48.890 I/SystemConfig( 2051): Adding association: com.google.android.as <- com.android.providers.telephony
06-22 06:16:48.890 I/SystemConfig( 2051): Adding association: com.google.android.as <- com.android.systemui
06-22 06:16:48.890 I/SystemConfig( 2051): Adding association: com.google.android.as <- com.google.android.gms
06-22 06:16:48.890 I/SystemConfig( 2051): Adding association: com.google.android.as <- com.google.android.gsf
06-22 06:16:48.892 W/SystemConfig( 2051): No directory /product_services/etc/sysconfig, skipping
06-22 06:16:48.892 W/SystemConfig( 2051): No directory /product_services/etc/permissions, skipping
06-22 06:16:48.892 W/PackageManager( 1916): Cannot whitelist unknown permission: com.google.android.ims.LOG_ACCESS
06-22 06:16:48.892 W/PackageManager( 1916): Cannot whitelist unknown permission: com.cequint.ecid.CALLER_ID_EXTERNAL_LOOKUP_SMS
06-22 06:16:48.892 W/PackageManager( 1916): Cannot whitelist unknown permission: com.sec.android.provider.badge.permission.READ
06-22 06:16:48.892 W/PackageManager( 1916): Cannot whitelist unknown permission: com.sec.android.provider.badge.permission.WRITE
06-22 06:16:48.892 W/PackageManager( 1916): Cannot whitelist unknown permission: com.htc.launcher.permission.READ_SETTINGS
06-22 06:16:48.892 W/PackageManager( 1916): Cannot whitelist unknown permission: com.htc.launcher.permission.UPDATE_SHORTCUT
06-22 06:16:48.892 W/PackageManager( 1916): Cannot whitelist unknown permission: com.sonyericsson.home.permission.BROADCAST_BADGE
06-22 06:16:48.892 W/PackageManager( 1916): Cannot whitelist unknown permission: com.sonymobile.home.permission.PROVIDER_INSERT_BADGE
06-22 06:16:48.892 W/PackageManager( 1916): Cannot whitelist unknown permission: com.sonymobile.launcher.permission.PROVIDER_INSERT_BADGE
06-22 06:16:48.892 W/PackageManager( 1916): Cannot whitelist unknown permission: com.anddoes.launcher.permission.UPDATE_COUNT
06-22 06:16:48.892 W/PackageManager( 1916): Cannot whitelist unknown permission: com.majeur.launcher.permission.UPDATE_BADGE
06-22 06:16:48.892 W/PackageManager( 1916): Cannot whitelist unknown permission: com.huawei.android.launcher.permission.CHANGE_BADGE
06-22 06:16:48.892 W/PackageManager( 1916): Cannot whitelist unknown permission: com.huawei.android.launcher.permission.READ_SETTINGS
06-22 06:16:48.892 W/PackageManager( 1916): Cannot whitelist unknown permission: com.huawei.android.launcher.permission.WRITE_SETTINGS
06-22 06:16:48.892 W/PackageManager( 1916): Cannot whitelist unknown permission: android.permission.READ_APP_BADGE
06-22 06:16:48.892 W/PackageManager( 1916): Cannot whitelist unknown permission: com.oppo.launcher.permission.READ_SETTINGS
06-22 06:16:48.892 W/PackageManager( 1916): Cannot whitelist unknown permission: com.oppo.launcher.permission.WRITE_SETTINGS
06-22 06:16:48.892 I/PackageManager( 1916): Un-granting permission com.google.android.setupwizard.READ_DEVICE_ORIGIN from package com.google.android.apps.messaging (protectionLevel=18 flags=0x38cbbe45)
06-22 06:16:48.893 W/PackageManager( 1916): Cannot whitelist unknown permission: com.google.android.ims.LOG_ACCESS
06-22 06:16:48.893 W/PackageManager( 1916): Cannot whitelist unknown permission: com.cequint.ecid.CALLER_ID_EXTERNAL_LOOKUP_SMS
06-22 06:16:48.893 W/PackageManager( 1916): Cannot whitelist unknown permission: com.sec.android.provider.badge.permission.READ
06-22 06:16:48.894 W/PackageManager( 1916): Cannot whitelist unknown permission: com.sec.android.provider.badge.permission.WRITE
06-22 06:16:48.894 W/PackageManager( 1916): Cannot whitelist unknown permission: com.htc.launcher.permission.READ_SETTINGS
06-22 06:16:48.894 W/PackageManager( 1916): Cannot whitelist unknown permission: com.htc.launcher.permission.UPDATE_SHORTCUT
06-22 06:16:48.894 W/PackageManager( 1916): Cannot whitelist unknown permission: com.sonyericsson.home.permission.BROADCAST_BADGE
06-22 06:16:48.894 W/PackageManager( 1916): Cannot whitelist unknown permission: com.sonymobile.home.permission.PROVIDER_INSERT_BADGE
06-22 06:16:48.894 W/PackageManager( 1916): Cannot whitelist unknown permission: com.sonymobile.launcher.permission.PROVIDER_INSERT_BADGE
06-22 06:16:48.894 W/PackageManager( 1916): Cannot whitelist unknown permission: com.anddoes.launcher.permission.UPDATE_COUNT
06-22 06:16:48.894 W/PackageManager( 1916): Cannot whitelist unknown permission: com.majeur.launcher.permission.UPDATE_BADGE
06-22 06:16:48.894 W/PackageManager( 1916): Cannot whitelist unknown permission: com.huawei.android.launcher.permission.CHANGE_BADGE
06-22 06:16:48.894 W/PackageManager( 1916): Cannot whitelist unknown permission: com.huawei.android.launcher.permission.READ_SETTINGS
06-22 06:16:48.894 W/PackageManager( 1916): Cannot whitelist unknown permission: com.huawei.android.launcher.permission.WRITE_SETTINGS
06-22 06:16:48.894 W/PackageManager( 1916): Cannot whitelist unknown permission: android.permission.READ_APP_BADGE
06-22 06:16:48.894 W/PackageManager( 1916): Cannot whitelist unknown permission: com.oppo.launcher.permission.READ_SETTINGS
06-22 06:16:48.894 W/PackageManager( 1916): Cannot whitelist unknown permission: com.oppo.launcher.permission.WRITE_SETTINGS
06-22 06:16:48.894 I/PackageManager( 1916): Un-granting permission com.google.android.setupwizard.READ_DEVICE_ORIGIN from package com.google.android.apps.messaging (protectionLevel=18 flags=0x38cbbe45)
06-22 06:16:48.895 I/OMXClient( 1763): IOmx service obtained
06-22 06:16:48.895 I/OMXMaster( 1769): makeComponentInstance(OMX.google.mpeg4.decoder) in android.hardwar process
06-22 06:16:48.895 W/PackageManager( 1916): Cannot whitelist unknown permission: com.google.android.ims.LOG_ACCESS
06-22 06:16:48.895 W/PackageManager( 1916): Cannot whitelist unknown permission: com.cequint.ecid.CALLER_ID_EXTERNAL_LOOKUP_SMS
06-22 06:16:48.895 W/PackageManager( 1916): Cannot whitelist unknown permission: com.sec.android.provider.badge.permission.READ
06-22 06:16:48.895 W/PackageManager( 1916): Cannot whitelist unknown permission: com.sec.android.provider.badge.permission.WRITE
06-22 06:16:48.895 W/PackageManager( 1916): Cannot whitelist unknown permission: com.htc.launcher.permission.READ_SETTINGS
06-22 06:16:48.895 W/PackageManager( 1916): Cannot whitelist unknown permission: com.htc.launcher.permission.UPDATE_SHORTCUT
06-22 06:16:48.895 W/PackageManager( 1916): Cannot whitelist unknown permission: com.sonyericsson.home.permission.BROADCAST_BADGE
06-22 06:16:48.895 W/PackageManager( 1916): Cannot whitelist unknown permission: com.sonymobile.home.permission.PROVIDER_INSERT_BADGE
06-22 06:16:48.895 W/PackageManager( 1916): Cannot whitelist unknown permission: com.sonymobile.launcher.permission.PROVIDER_INSERT_BADGE
06-22 06:16:48.895 W/PackageManager( 1916): Cannot whitelist unknown permission: com.anddoes.launcher.permission.UPDATE_COUNT
06-22 06:16:48.895 W/PackageManager( 1916): Cannot whitelist unknown permission: com.majeur.launcher.permission.UPDATE_BADGE
06-22 06:16:48.895 W/PackageManager( 1916): Cannot whitelist unknown permission: com.huawei.android.launcher.permission.CHANGE_BADGE
06-22 06:16:48.895 W/PackageManager( 1916): Cannot whitelist unknown permission: com.huawei.android.launcher.permission.READ_SETTINGS
06-22 06:16:48.895 E/OMXNodeInstance( 1769): getExtensionIndex(0xf0918c60:google.mpeg4.decoder, OMX.google.android.index.configureVideoTunnelMode) ERROR: UnsupportedIndex(0x8000101a)
06-22 06:16:48.895 W/PackageManager( 1916): Cannot whitelist unknown permission: com.huawei.android.launcher.permission.WRITE_SETTINGS
06-22 06:16:48.895 D/MediaCodecInfo( 1763): detail feature-tunneled-playback wasn't present to remove
06-22 06:16:48.895 W/PackageManager( 1916): Cannot whitelist unknown permission: android.permission.READ_APP_BADGE
06-22 06:16:48.895 E/OMXNodeInstance( 1769): getExtensionIndex(0xf0918c60:google.mpeg4.decoder, OMX.google.android.index.enableAndroidNativeBuffers) ERROR: UnsupportedIndex(0x8000101a)
06-22 06:16:48.895 W/PackageManager( 1916): Cannot whitelist unknown permission: com.oppo.launcher.permission.READ_SETTINGS
06-22 06:16:48.895 W/PackageManager( 1916): Cannot whitelist unknown permission: com.oppo.launcher.permission.WRITE_SETTINGS
06-22 06:16:48.895 I/PackageManager( 1916): Un-granting permission com.google.android.setupwizard.READ_DEVICE_ORIGIN from package com.google.android.apps.messaging (protectionLevel=18 flags=0x38cbbe45)
06-22 06:16:48.896 W/PackageManager( 1916): Cannot whitelist unknown permission: com.google.android.ims.LOG_ACCESS
06-22 06:16:48.896 W/PackageManager( 1916): Cannot whitelist unknown permission: com.cequint.ecid.CALLER_ID_EXTERNAL_LOOKUP_SMS
06-22 06:16:48.896 W/PackageManager( 1916): Cannot whitelist unknown permission: com.sec.android.provider.badge.permission.READ
06-22 06:16:48.896 W/PackageManager( 1916): Cannot whitelist unknown permission: com.sec.android.provider.badge.permission.WRITE
06-22 06:16:48.896 W/PackageManager( 1916): Cannot whitelist unknown permission: com.htc.launcher.permission.READ_SETTINGS
06-22 06:16:48.896 W/PackageManager( 1916): Cannot whitelist unknown permission: com.htc.launcher.permission.UPDATE_SHORTCUT
06-22 06:16:48.896 W/PackageManager( 1916): Cannot whitelist unknown permission: com.sonyericsson.home.permission.BROADCAST_BADGE
06-22 06:16:48.896 W/PackageManager( 1916): Cannot whitelist unknown permission: com.sonymobile.home.permission.PROVIDER_INSERT_BADGE
06-22 06:16:48.896 W/PackageManager( 1916): Cannot whitelist unknown permission: com.sonymobile.launcher.permission.PROVIDER_INSERT_BADGE
06-22 06:16:48.896 W/PackageManager( 1916): Cannot whitelist unknown permission: com.anddoes.launcher.permission.UPDATE_COUNT
06-22 06:16:48.896 W/PackageManager( 1916): Cannot whitelist unknown permission: com.majeur.launcher.permission.UPDATE_BADGE
06-22 06:16:48.896 W/PackageManager( 1916): Cannot whitelist unknown permission: com.huawei.android.launcher.permission.CHANGE_BADGE
06-22 06:16:48.896 W/PackageManager( 1916): Cannot whitelist unknown permission: com.huawei.android.launcher.permission.READ_SETTINGS
06-22 06:16:48.896 W/PackageManager( 1916): Cannot whitelist unknown permission: com.huawei.android.launcher.permission.WRITE_SETTINGS
06-22 06:16:48.896 W/PackageManager( 1916): Cannot whitelist unknown permission: android.permission.READ_APP_BADGE
06-22 06:16:48.896 W/PackageManager( 1916): Cannot whitelist unknown permission: com.oppo.launcher.permission.READ_SETTINGS
06-22 06:16:48.896 W/PackageManager( 1916): Cannot whitelist unknown permission: com.oppo.launcher.permission.WRITE_SETTINGS
06-22 06:16:48.896 I/PackageManager( 1916): Un-granting permission com.google.android.setupwizard.READ_DEVICE_ORIGIN from package com.google.android.apps.messaging (protectionLevel=18 flags=0x38cbbe45)
06-22 06:16:48.897 W/PackageManager( 1916): Cannot whitelist unknown permission: com.google.android.ims.LOG_ACCESS
06-22 06:16:48.897 W/PackageManager( 1916): Cannot whitelist unknown permission: com.cequint.ecid.CALLER_ID_EXTERNAL_LOOKUP_SMS
06-22 06:16:48.897 W/PackageManager( 1916): Cannot whitelist unknown permission: com.sec.android.provider.badge.permission.READ
06-22 06:16:48.897 W/PackageManager( 1916): Cannot whitelist unknown permission: com.sec.android.provider.badge.permission.WRITE
06-22 06:16:48.897 W/PackageManager( 1916): Cannot whitelist unknown permission: com.htc.launcher.permission.READ_SETTINGS
06-22 06:16:48.897 W/PackageManager( 1916): Cannot whitelist unknown permission: com.htc.launcher.permission.UPDATE_SHORTCUT
06-22 06:16:48.897 W/PackageManager( 1916): Cannot whitelist unknown permission: com.sonyericsson.home.permission.BROADCAST_BADGE
06-22 06:16:48.897 W/PackageManager( 1916): Cannot whitelist unknown permission: com.sonymobile.home.permission.PROVIDER_INSERT_BADGE
06-22 06:16:48.897 W/PackageManager( 1916): Cannot whitelist unknown permission: com.sonymobile.launcher.permission.PROVIDER_INSERT_BADGE
06-22 06:16:48.897 W/PackageManager( 1916): Cannot whitelist unknown permission: com.anddoes.launcher.permission.UPDATE_COUNT
06-22 06:16:48.897 W/PackageManager( 1916): Cannot whitelist unknown permission: com.majeur.launcher.permission.UPDATE_BADGE
06-22 06:16:48.897 W/PackageManager( 1916): Cannot whitelist unknown permission: com.huawei.android.launcher.permission.CHANGE_BADGE
06-22 06:16:48.897 W/PackageManager( 1916): Cannot whitelist unknown permission: com.huawei.android.launcher.permission.READ_SETTINGS
06-22 06:16:48.897 W/PackageManager( 1916): Cannot whitelist unknown permission: com.huawei.android.launcher.permission.WRITE_SETTINGS
06-22 06:16:48.897 W/PackageManager( 1916): Cannot whitelist unknown permission: android.permission.READ_APP_BADGE
06-22 06:16:48.897 W/PackageManager( 1916): Cannot whitelist unknown permission: com.oppo.launcher.permission.READ_SETTINGS
06-22 06:16:48.897 W/PackageManager( 1916): Cannot whitelist unknown permission: com.oppo.launcher.permission.WRITE_SETTINGS
06-22 06:16:48.897 I/PackageManager( 1916): Un-granting permission com.google.android.setupwizard.READ_DEVICE_ORIGIN from package com.google.android.apps.messaging (protectionLevel=18 flags=0x38cbbe45)
06-22 06:16:48.899 W/PackageManager( 1916): Cannot whitelist unknown permission: com.google.android.ims.LOG_ACCESS
06-22 06:16:48.899 W/PackageManager( 1916): Cannot whitelist unknown permission: com.cequint.ecid.CALLER_ID_EXTERNAL_LOOKUP_SMS
06-22 06:16:48.899 W/PackageManager( 1916): Cannot whitelist unknown permission: com.sec.android.provider.badge.permission.READ
06-22 06:16:48.899 W/PackageManager( 1916): Cannot whitelist unknown permission: com.sec.android.provider.badge.permission.WRITE
06-22 06:16:48.899 W/PackageManager( 1916): Cannot whitelist unknown permission: com.htc.launcher.permission.READ_SETTINGS
06-22 06:16:48.899 W/PackageManager( 1916): Cannot whitelist unknown permission: com.htc.launcher.permission.UPDATE_SHORTCUT
06-22 06:16:48.899 W/PackageManager( 1916): Cannot whitelist unknown permission: com.sonyericsson.home.permission.BROADCAST_BADGE
06-22 06:16:48.899 W/PackageManager( 1916): Cannot whitelist unknown permission: com.sonymobile.home.permission.PROVIDER_INSERT_BADGE
06-22 06:16:48.899 W/PackageManager( 1916): Cannot whitelist unknown permission: com.sonymobile.launcher.permission.PROVIDER_INSERT_BADGE
06-22 06:16:48.899 W/PackageManager( 1916): Cannot whitelist unknown permission: com.anddoes.launcher.permission.UPDATE_COUNT
06-22 06:16:48.899 W/PackageManager( 1916): Cannot whitelist unknown permission: com.majeur.launcher.permission.UPDATE_BADGE
06-22 06:16:48.899 W/PackageManager( 1916): Cannot whitelist unknown permission: com.huawei.android.launcher.permission.CHANGE_BADGE
06-22 06:16:48.899 W/PackageManager( 1916): Cannot whitelist unknown permission: com.huawei.android.launcher.permission.READ_SETTINGS
06-22 06:16:48.899 W/PackageManager( 1916): Cannot whitelist unknown permission: com.huawei.android.launcher.permission.WRITE_SETTINGS
06-22 06:16:48.899 W/PackageManager( 1916): Cannot whitelist unknown permission: android.permission.READ_APP_BADGE
06-22 06:16:48.899 W/PackageManager( 1916): Cannot whitelist unknown permission: com.oppo.launcher.permission.READ_SETTINGS
06-22 06:16:48.899 W/PackageManager( 1916): Cannot whitelist unknown permission: com.oppo.launcher.permission.WRITE_SETTINGS
06-22 06:16:48.899 I/PackageManager( 1916): Un-granting permission com.google.android.setupwizard.READ_DEVICE_ORIGIN from package com.google.android.apps.messaging (protectionLevel=18 flags=0x38cbbe45)
06-22 06:16:48.900 W/PackageManager( 1916): Cannot whitelist unknown permission: com.google.android.ims.LOG_ACCESS
06-22 06:16:48.900 W/PackageManager( 1916): Cannot whitelist unknown permission: com.cequint.ecid.CALLER_ID_EXTERNAL_LOOKUP_SMS
06-22 06:16:48.900 W/PackageManager( 1916): Cannot whitelist unknown permission: com.sec.android.provider.badge.permission.READ
06-22 06:16:48.900 W/PackageManager( 1916): Cannot whitelist unknown permission: com.sec.android.provider.badge.permission.WRITE
06-22 06:16:48.900 W/PackageManager( 1916): Cannot whitelist unknown permission: com.htc.launcher.permission.READ_SETTINGS
06-22 06:16:48.900 W/PackageManager( 1916): Cannot whitelist unknown permission: com.htc.launcher.permission.UPDATE_SHORTCUT
06-22 06:16:48.900 W/PackageManager( 1916): Cannot whitelist unknown permission: com.sonyericsson.home.permission.BROADCAST_BADGE
06-22 06:16:48.900 W/PackageManager( 1916): Cannot whitelist unknown permission: com.sonymobile.home.permission.PROVIDER_INSERT_BADGE
06-22 06:16:48.900 W/PackageManager( 1916): Cannot whitelist unknown permission: com.sonymobile.launcher.permission.PROVIDER_INSERT_BADGE
06-22 06:16:48.900 W/PackageManager( 1916): Cannot whitelist unknown permission: com.anddoes.launcher.permission.UPDATE_COUNT
06-22 06:16:48.900 W/PackageManager( 1916): Cannot whitelist unknown permission: com.majeur.launcher.permission.UPDATE_BADGE
06-22 06:16:48.900 W/PackageManager( 1916): Cannot whitelist unknown permission: com.huawei.android.launcher.permission.CHANGE_BADGE
06-22 06:16:48.900 W/PackageManager( 1916): Cannot whitelist unknown permission: com.huawei.android.launcher.permission.READ_SETTINGS
06-22 06:16:48.900 W/PackageManager( 1916): Cannot whitelist unknown permission: com.huawei.android.launcher.permission.WRITE_SETTINGS
06-22 06:16:48.900 W/PackageManager( 1916): Cannot whitelist unknown permission: android.permission.READ_APP_BADGE
06-22 06:16:48.900 W/PackageManager( 1916): Cannot whitelist unknown permission: com.oppo.launcher.permission.READ_SETTINGS
06-22 06:16:48.900 W/PackageManager( 1916): Cannot whitelist unknown permission: com.oppo.launcher.permission.WRITE_SETTINGS
06-22 06:16:48.900 I/PackageManager( 1916): Un-granting permission com.google.android.setupwizard.READ_DEVICE_ORIGIN from package com.google.android.apps.messaging (protectionLevel=18 flags=0x38cbbe45)
06-22 06:16:48.903 W/PackageManager( 1916): Cannot whitelist unknown permission: com.google.android.ims.LOG_ACCESS
06-22 06:16:48.903 W/PackageManager( 1916): Cannot whitelist unknown permission: com.cequint.ecid.CALLER_ID_EXTERNAL_LOOKUP_SMS
06-22 06:16:48.903 W/PackageManager( 1916): Cannot whitelist unknown permission: com.sec.android.provider.badge.permission.READ
06-22 06:16:48.903 W/PackageManager( 1916): Cannot whitelist unknown permission: com.sec.android.provider.badge.permission.WRITE
06-22 06:16:48.903 W/PackageManager( 1916): Cannot whitelist unknown permission: com.htc.launcher.permission.READ_SETTINGS
06-22 06:16:48.903 W/PackageManager( 1916): Cannot whitelist unknown permission: com.htc.launcher.permission.UPDATE_SHORTCUT
06-22 06:16:48.903 W/PackageManager( 1916): Cannot whitelist unknown permission: com.sonyericsson.home.permission.BROADCAST_BADGE
06-22 06:16:48.903 W/PackageManager( 1916): Cannot whitelist unknown permission: com.sonymobile.home.permission.PROVIDER_INSERT_BADGE
06-22 06:16:48.903 W/PackageManager( 1916): Cannot whitelist unknown permission: com.sonymobile.launcher.permission.PROVIDER_INSERT_BADGE
06-22 06:16:48.903 W/PackageManager( 1916): Cannot whitelist unknown permission: com.anddoes.launcher.permission.UPDATE_COUNT
06-22 06:16:48.903 W/PackageManager( 1916): Cannot whitelist unknown permission: com.majeur.launcher.permission.UPDATE_BADGE
06-22 06:16:48.903 W/PackageManager( 1916): Cannot whitelist unknown permission: com.huawei.android.launcher.permission.CHANGE_BADGE
06-22 06:16:48.903 W/PackageManager( 1916): Cannot whitelist unknown permission: com.huawei.android.launcher.permission.READ_SETTINGS
06-22 06:16:48.903 W/PackageManager( 1916): Cannot whitelist unknown permission: com.huawei.android.launcher.permission.WRITE_SETTINGS
06-22 06:16:48.903 W/PackageManager( 1916): Cannot whitelist unknown permission: android.permission.READ_APP_BADGE
06-22 06:16:48.903 W/PackageManager( 1916): Cannot whitelist unknown permission: com.oppo.launcher.permission.READ_SETTINGS
06-22 06:16:48.903 W/PackageManager( 1916): Cannot whitelist unknown permission: com.oppo.launcher.permission.WRITE_SETTINGS
06-22 06:16:48.904 I/PackageManager( 1916): Un-granting permission com.google.android.setupwizard.READ_DEVICE_ORIGIN from package com.google.android.apps.messaging (protectionLevel=18 flags=0x38cbbe45)
06-22 06:16:48.909 I/OMXClient( 1763): IOmx service obtained
06-22 06:16:48.909 I/OMXMaster( 1769): makeComponentInstance(OMX.android.goldfish.vp8.decoder) in android.hardwar process
06-22 06:16:48.909 I/GoldfishOMXPlugin( 1769): makeComponentInstance 'OMX.android.goldfish.vp8.decoder'
06-22 06:16:48.909 I/GoldfishOMXPlugin( 1769): Using goldfish codec for 'vpxdec'
06-22 06:16:48.910 I/goldfish_vpxdec( 1769): calling constructor of GoldfishVPX
06-22 06:16:48.910 E/OMXNodeInstance( 1769): getExtensionIndex(0xf0918c60:android.goldfish.vp8.decoder, OMX.google.android.index.configureVideoTunnelMode) ERROR: UnsupportedIndex(0x8000101a)
06-22 06:16:48.910 D/MediaCodecInfo( 1763): detail feature-tunneled-playback wasn't present to remove
06-22 06:16:48.910 W/OMXNodeInstance( 1769): [0xf0918c60:android.goldfish.vp8.decoder] component does not support metadata mode; using fallback
06-22 06:16:48.915 I/PackageManager( 1916): Un-granting permission android.permission.BIND_WALLPAPER from package com.android.camera2 (protectionLevel=18 flags=0x20d8bc45)
06-22 06:16:48.918 I/goldfish_vpxdec( 1769): calling destructor of GoldfishVPX
06-22 06:16:48.918 I/OMXClient( 1763): IOmx service obtained
06-22 06:16:48.918 I/OMXMaster( 1769): makeComponentInstance(OMX.google.vp8.decoder) in android.hardwar process
06-22 06:16:48.915 I/chatty  ( 1916): uid=1000(system) Binder:1916_6 identical 1 line
06-22 06:16:48.916 I/PackageManager( 1916): Un-granting permission android.permission.BIND_WALLPAPER from package com.android.camera2 (protectionLevel=18 flags=0x20d8bc45)
06-22 06:16:48.920 W/PackageManager( 1916): Cannot whitelist unknown permission: android.permission.NFC_UNLOCK
06-22 06:16:48.920 E/OMXNodeInstance( 1769): getExtensionIndex(0xf0918c60:google.vp8.decoder, OMX.google.android.index.configureVideoTunnelMode) ERROR: UnsupportedIndex(0x8000101a)
06-22 06:16:48.920 D/MediaCodecInfo( 1763): detail feature-tunneled-playback wasn't present to remove
06-22 06:16:48.920 E/OMXNodeInstance( 1769): getExtensionIndex(0xf0918c60:google.vp8.decoder, OMX.google.android.index.enableAndroidNativeBuffers) ERROR: UnsupportedIndex(0x8000101a)
06-22 06:16:48.922 W/PackageManager( 1916): Cannot whitelist unknown permission: android.permission.NFC_UNLOCK
06-22 06:16:48.927 W/PackageManager( 1916): Cannot whitelist unknown permission: com.google.android.email.permission.ACCESS_PROVIDER
06-22 06:16:48.927 W/PackageManager( 1916): Cannot whitelist unknown permission: com.google.android.gm.exchange.BIND
06-22 06:16:48.927 W/PackageManager( 1916): Cannot whitelist unknown permission: com.android.email.partnerprovider.PARTNER_PROVIDER
06-22 06:16:48.927 I/PackageManager( 1916): Un-granting permission android.permission.REQUEST_INSTALL_PACKAGES from package com.google.android.gm (protectionLevel=66 flags=0x38cbbe45)
06-22 06:16:48.929 I/OMXClient( 1763): IOmx service obtained
06-22 06:16:48.929 I/OMXMaster( 1769): makeComponentInstance(OMX.android.goldfish.vp9.decoder) in android.hardwar process
06-22 06:16:48.929 I/GoldfishOMXPlugin( 1769): makeComponentInstance 'OMX.android.goldfish.vp9.decoder'
06-22 06:16:48.929 I/GoldfishOMXPlugin( 1769): Using goldfish codec for 'vpxdec'
06-22 06:16:48.929 I/goldfish_vpxdec( 1769): calling constructor of GoldfishVPX
06-22 06:16:48.929 W/PackageManager( 1916): Cannot whitelist unknown permission: com.google.android.email.permission.ACCESS_PROVIDER
06-22 06:16:48.929 E/OMXNodeInstance( 1769): getExtensionIndex(0xf0918c60:android.goldfish.vp9.decoder, OMX.google.android.index.configureVideoTunnelMode) ERROR: UnsupportedIndex(0x8000101a)
06-22 06:16:48.929 W/PackageManager( 1916): Cannot whitelist unknown permission: com.google.android.gm.exchange.BIND
06-22 06:16:48.929 D/MediaCodecInfo( 1763): detail feature-tunneled-playback wasn't present to remove
06-22 06:16:48.929 W/OMXNodeInstance( 1769): [0xf0918c60:android.goldfish.vp9.decoder] component does not support metadata mode; using fallback
06-22 06:16:48.929 W/PackageManager( 1916): Cannot whitelist unknown permission: com.android.email.partnerprovider.PARTNER_PROVIDER
06-22 06:16:48.930 I/PackageManager( 1916): Un-granting permission android.permission.REQUEST_INSTALL_PACKAGES from package com.google.android.gm (protectionLevel=66 flags=0x38cbbe45)
06-22 06:16:48.935 I/goldfish_vpxdec( 1769): calling destructor of GoldfishVPX
06-22 06:16:48.938 I/wpa_supplicant( 2144): rfkill: Cannot get wiphy information
06-22 06:16:48.938 I/OMXClient( 1763): IOmx service obtained
06-22 06:16:48.939 I/OMXMaster( 1769): makeComponentInstance(OMX.google.vp9.decoder) in android.hardwar process
06-22 06:16:48.939 I/android_os_HwBinder( 1916): HwBinder: Starting thread pool for getting: android.hardware.wifi.supplicant@1.0::ISupplicant/default
06-22 06:16:48.939 E/OMXNodeInstance( 1769): getExtensionIndex(0xf0918c60:google.vp9.decoder, OMX.google.android.index.configureVideoTunnelMode) ERROR: UnsupportedIndex(0x8000101a)
06-22 06:16:48.939 D/MediaCodecInfo( 1763): detail feature-tunneled-playback wasn't present to remove
06-22 06:16:48.939 E/OMXNodeInstance( 1769): getExtensionIndex(0xf0918c60:google.vp9.decoder, OMX.google.android.index.enableAndroidNativeBuffers) ERROR: UnsupportedIndex(0x8000101a)
06-22 06:16:48.940 I/SupplicantStaIfaceHal( 1916): Completed initialization of ISupplicant.
06-22 06:16:48.941 I/android.hardware.wifi@1.0-service( 1705): Adding interface handle for wlan0
06-22 06:16:48.941 W/android.hardware.wifi@1.0-service( 1705): No active wlan interfaces in use! Using default
06-22 06:16:48.941 E/android.hardware.wifi@1.0-service( 1705): Failed to register radio mode change callback
06-22 06:16:48.941 W/android.hardware.wifi@1.0-service( 1705): No active wlan interfaces in use! Using default
06-22 06:16:48.942 W/PackageManager( 1916): Cannot whitelist unknown permission: com.android.vending.TOS_ACKED
06-22 06:16:48.942 W/PackageManager( 1916): Cannot whitelist unknown permission: com.android.vending.setup.PLAY_SETUP_SERVICE
06-22 06:16:48.944 W/PackageManager( 1916): Cannot whitelist unknown permission: com.samsung.android.providers.context.permission.WRITE_USE_APP_FEATURE_SURVEY
06-22 06:16:48.944 I/PackageManager( 1916): Un-granting permission android.permission.BIND_JOB_SERVICE from package com.google.android.music (protectionLevel=2 flags=0x38cbbe65)
06-22 06:16:48.946 W/PackageManager( 1916): Cannot whitelist unknown permission: com.samsung.android.providers.context.permission.WRITE_USE_APP_FEATURE_SURVEY
06-22 06:16:48.946 I/PackageManager( 1916): Un-granting permission android.permission.BIND_JOB_SERVICE from package com.google.android.music (protectionLevel=2 flags=0x38cbbe65)
06-22 06:16:48.947 W/PackageManager( 1916): Cannot whitelist unknown permission: com.samsung.android.providers.context.permission.WRITE_USE_APP_FEATURE_SURVEY
06-22 06:16:48.947 I/PackageManager( 1916): Un-granting permission android.permission.BIND_JOB_SERVICE from package com.google.android.music (protectionLevel=2 flags=0x38cbbe65)
06-22 06:16:48.950 W/PackageManager( 1916): Cannot whitelist unknown permission: com.android.vending.BILLING
06-22 06:16:48.950 I/PackageManager( 1916): Un-granting permission android.permission.REQUEST_INSTALL_PACKAGES from package com.google.android.apps.docs (protectionLevel=66 flags=0x38cbbe45)
06-22 06:16:48.951 W/PackageManager( 1916): Cannot whitelist unknown permission: com.android.vending.BILLING
