06-22 14:35:17.546 I/MediaCodecsXmlParser( 1802): limit: performance-point-1920x1088-range = 30-30
06-22 14:35:17.546 I/MediaCodecsXmlParser( 1802): limit: measured-frame-rate-320x240-range = 183-183
06-22 14:35:17.546 I/MediaCodecsXmlParser( 1802): limit: measured-frame-rate-720x480-range = 181-181
06-22 14:35:17.546 I/MediaCodecsXmlParser( 1802): limit: measured-frame-rate-1280x720-range = 182-184
06-22 14:35:17.546 I/MediaCodecsXmlParser( 1802): limit: measured-frame-rate-1920x1080-range = 30-40
06-22 14:35:17.546 I/MediaCodecsXmlParser( 1802): limit: feature-adaptive-playback = 0
06-22 14:35:17.546 I/MediaCodecsXmlParser( 1802): limit: size-range = 2x2-2048x2048
06-22 14:35:17.546 I/MediaCodecsXmlParser( 1802): limit: alignment = 2x2
06-22 14:35:17.546 I/MediaCodecsXmlParser( 1802): limit: block-size = 8x8
06-22 14:35:17.546 I/MediaCodecsXmlParser( 1802): limit: block-count-range = 1-139264
06-22 14:35:17.546 I/MediaCodecsXmlParser( 1802): limit: blocks-per-second-range = 1-2000000
06-22 14:35:17.546 I/MediaCodecsXmlParser( 1802): limit: bitrate-range = 1-10000000
06-22 14:35:17.546 I/MediaCodecsXmlParser( 1802): limit: performance-point-1920x1080-range = 30-30
06-22 14:35:17.546 I/MediaCodecsXmlParser( 1802): limit: feature-adaptive-playback = 0
06-22 14:35:17.546 I/MediaCodecsXmlParser( 1802): limit: size-range = 144x144-3840x2160
06-22 14:35:17.546 I/MediaCodecsXmlParser( 1802): limit: alignment = 2x2
06-22 14:35:17.546 I/MediaCodecsXmlParser( 1802): limit: block-size = 16x16
06-22 14:35:17.546 I/MediaCodecsXmlParser( 1802): limit: blocks-per-second-range = 24-2073600
06-22 14:35:17.546 I/MediaCodecsXmlParser( 1802): limit: bitrate-range = 1-120000000
06-22 14:35:17.546 I/MediaCodecsXmlParser( 1802): limit: frame-rate-range = 1-480
06-22 14:35:17.546 I/MediaCodecsXmlParser( 1802): limit: performance-point-3840x2160-range = 60-60
06-22 14:35:17.546 I/MediaCodecsXmlParser( 1802): limit: measured-frame-rate-320x180-range = 743-817
06-22 14:35:17.546 I/MediaCodecsXmlParser( 1802): limit: measured-frame-rate-640x360-range = 582-602
06-22 14:35:17.547 I/MediaCodecsXmlParser( 1802): limit: measured-frame-rate-1280x720-range = 237-258
06-22 14:35:17.547 I/MediaCodecsXmlParser( 1802): limit: measured-frame-rate-1920x1080-range = 148-151
06-22 14:35:17.547 I/MediaCodecsXmlParser( 1802): limit: measured-frame-rate-3840x2160-range = 30-90
06-22 14:35:17.547 I/MediaCodecsXmlParser( 1802): limit: feature-adaptive-playback = 0
06-22 14:35:17.547 I/MediaCodecsXmlParser( 1802): limit: size-range = 144x144-3840x2160
06-22 14:35:17.547 I/MediaCodecsXmlParser( 1802): limit: alignment = 2x2
06-22 14:35:17.547 I/MediaCodecsXmlParser( 1802): limit: block-size = 16x16
06-22 14:35:17.547 I/MediaCodecsXmlParser( 1802): limit: blocks-per-second-range = 24-2073600
06-22 14:35:17.547 I/MediaCodecsXmlParser( 1802): limit: bitrate-range = 1-120000000
06-22 14:35:17.547 I/MediaCodecsXmlParser( 1802): limit: frame-rate-range = 1-480
06-22 14:35:17.547 I/MediaCodecsXmlParser( 1802): limit: performance-point-3840x2160-range = 60-60
06-22 14:35:17.547 I/MediaCodecsXmlParser( 1802): limit: measured-frame-rate-320x180-range = 743-817
06-22 14:35:17.547 I/MediaCodecsXmlParser( 1802): limit: measured-frame-rate-640x360-range = 582-602
06-22 14:35:17.547 I/MediaCodecsXmlParser( 1802): limit: measured-frame-rate-1280x720-range = 237-258
06-22 14:35:17.547 I/MediaCodecsXmlParser( 1802): limit: measured-frame-rate-1920x1080-range = 50-60
06-22 14:35:17.547 I/MediaCodecsXmlParser( 1802): limit: measured-frame-rate-3840x2160-range = 30-90
06-22 14:35:17.547 I/MediaCodecsXmlParser( 1802): limit: feature-adaptive-playback = 0
06-22 14:35:17.547 I/MediaCodecsXmlParser( 1802): limit: size-range = 2x2-2560x2560
06-22 14:35:17.547 I/MediaCodecsXmlParser( 1802): limit: alignment = 2x2
06-22 14:35:17.547 I/MediaCodecsXmlParser( 1802): limit: block-size = 16x16
06-22 14:35:17.547 I/MediaCodecsXmlParser( 1802): limit: blocks-per-second-range = 24-2073600
06-22 14:35:17.547 I/MediaCodecsXmlParser( 1802): limit: bitrate-range = 1-120000000
06-22 14:35:17.547 I/MediaCodecsXmlParser( 1802): limit: frame-rate-range = 1-480
06-22 14:35:17.547 I/MediaCodecsXmlParser( 1802): limit: performance-point-1920x1088-range = 60-60
06-22 14:35:17.547 I/MediaCodecsXmlParser( 1802): limit: measured-frame-rate-320x240-range = 183-183
06-22 14:35:17.547 I/MediaCodecsXmlParser( 1802): limit: measured-frame-rate-720x480-range = 181-181
06-22 14:35:17.547 I/MediaCodecsXmlParser( 1802): limit: measured-frame-rate-1280x720-range = 182-184
06-22 14:35:17.547 I/MediaCodecsXmlParser( 1802): limit: measured-frame-rate-1920x1088-range = 50-60
06-22 14:35:17.547 I/MediaCodecsXmlParser( 1802): limit: measured-frame-rate-2560x1440-range = 30-40
06-22 14:35:17.547 I/MediaCodecsXmlParser( 1802): limit: feature-adaptive-playback = 0
06-22 14:35:17.547 I/MediaCodecsXmlParser( 1802): limit: size-range = 2x2-2560x2560
06-22 14:35:17.547 I/MediaCodecsXmlParser( 1802): limit: alignment = 2x2
06-22 14:35:17.547 I/MediaCodecsXmlParser( 1802): limit: block-size = 16x16
06-22 14:35:17.547 I/MediaCodecsXmlParser( 1802): limit: blocks-per-second-range = 24-2073600
06-22 14:35:17.547 I/MediaCodecsXmlParser( 1802): limit: bitrate-range = 1-120000000
06-22 14:35:17.547 I/MediaCodecsXmlParser( 1802): limit: frame-rate-range = 1-480
06-22 14:35:17.547 I/MediaCodecsXmlParser( 1802): limit: performance-point-1920x1088-range = 60-60
06-22 14:35:17.547 I/MediaCodecsXmlParser( 1802): limit: measured-frame-rate-320x240-range = 183-183
06-22 14:35:17.547 I/MediaCodecsXmlParser( 1802): limit: measured-frame-rate-720x480-range = 181-181
06-22 14:35:17.547 I/MediaCodecsXmlParser( 1802): limit: measured-frame-rate-1280x720-range = 121-125
06-22 14:35:17.547 I/MediaCodecsXmlParser( 1802): limit: measured-frame-rate-1920x1088-range = 148-151
06-22 14:35:17.547 I/MediaCodecsXmlParser( 1802): limit: measured-frame-rate-2560x1440-range = 30-40
06-22 14:35:17.547 I/MediaCodecsXmlParser( 1802): limit: feature-adaptive-playback = 0
06-22 14:35:17.547 I/MediaCodecsXmlParser( 1802): limit: size-range = 176x144-176x144
06-22 14:35:17.547 I/MediaCodecsXmlParser( 1802): limit: alignment = 16x16
06-22 14:35:17.547 I/MediaCodecsXmlParser( 1802): limit: bitrate-range = 1-128000
06-22 14:35:17.547 I/MediaCodecsXmlParser( 1802): limit: size-range = 16x16-1920x1088
06-22 14:35:17.547 I/MediaCodecsXmlParser( 1802): limit: alignment = 2x2
06-22 14:35:17.547 I/MediaCodecsXmlParser( 1802): limit: block-size = 16x16
06-22 14:35:17.547 I/MediaCodecsXmlParser( 1802): limit: blocks-per-second-range = 1-244800
06-22 14:35:17.547 I/MediaCodecsXmlParser( 1802): limit: bitrate-range = 1-20000000
06-22 14:35:17.547 I/MediaCodecsXmlParser( 1802): limit: feature-intra-refresh = 0
06-22 14:35:17.547 I/MediaCodecsXmlParser( 1802): limit: size-range = 16x16-176x144
06-22 14:35:17.547 I/MediaCodecsXmlParser( 1802): limit: alignment = 16x16
06-22 14:35:17.547 I/MediaCodecsXmlParser( 1802): limit: block-size = 16x16
06-22 14:35:17.560 W/CameraProviderManager( 1769): addProviderLocked: Camera provider HAL with name 'legacy/0' already registered
06-22 14:35:17.561 I/MediaCodecsXmlParser( 1802): limit: blocks-per-second-range = 12-1485
06-22 14:35:17.561 I/MediaCodecsXmlParser( 1802): limit: bitrate-range = 1-64000
06-22 14:35:17.561 I/MediaCodecsXmlParser( 1802): limit: size-range = 2x2-2048x2048
06-22 14:35:17.561 I/MediaCodecsXmlParser( 1802): limit: alignment = 2x2
06-22 14:35:17.561 I/MediaCodecsXmlParser( 1802): limit: bitrate-range = 1-40000000
06-22 14:35:17.561 I/MediaCodecsXmlParser( 1802): limit: feature-bitrate-modes = VBR,CBR
06-22 14:35:17.561 D/MediaCodecsXmlParser( 1802): parsing /vendor/etc/media_codecs_performance.xml...
06-22 14:35:17.561 I/MediaCodecsXmlParser( 1802): limit: measured-frame-rate-176x144-range = 849-1008
06-22 14:35:17.561 I/MediaCodecsXmlParser( 1802): limit: measured-frame-rate-320x240-range = 496-629
06-22 14:35:17.561 I/MediaCodecsXmlParser( 1802): limit: measured-frame-rate-720x480-range = 197-203
06-22 14:35:17.561 I/MediaCodecsXmlParser( 1802): limit: measured-frame-rate-1280x720-range = 93-97
06-22 14:35:17.561 I/MediaCodecsXmlParser( 1802): limit: measured-frame-rate-1920x1080-range = 45-47
06-22 14:35:17.561 I/MediaCodecsXmlParser( 1802): limit: measured-frame-rate-176x144-range = 881-1142
06-22 14:35:17.561 I/MediaCodecsXmlParser( 1802): limit: measured-frame-rate-320x180-range = 249-285
06-22 14:35:17.561 I/MediaCodecsXmlParser( 1802): limit: measured-frame-rate-640x360-range = 104-115
06-22 14:35:17.561 I/MediaCodecsXmlParser( 1802): limit: measured-frame-rate-1280x720-range = 34-35
06-22 14:35:17.561 I/MediaCodecsXmlParser( 1802): limit: measured-frame-rate-1920x1080-range = 26-29
06-22 14:35:17.561 I/MediaCodecsXmlParser( 1802): limit: measured-frame-rate-176x144-range = 1246-1390
06-22 14:35:17.561 I/MediaCodecsXmlParser( 1802): limit: measured-frame-rate-352x288-range = 1121-1128
06-22 14:35:17.561 I/MediaCodecsXmlParser( 1802): limit: measured-frame-rate-320x240-range = 299-629
06-22 14:35:17.561 I/MediaCodecsXmlParser( 1802): limit: measured-frame-rate-720x480-range = 215-250
06-22 14:35:17.562 I/MediaCodecsXmlParser( 1802): limit: measured-frame-rate-1280x720-range = 75-85
06-22 14:35:17.562 I/MediaCodecsXmlParser( 1802): limit: measured-frame-rate-1920x1080-range = 31-34
06-22 14:35:17.562 I/MediaCodecsXmlParser( 1802): limit: measured-frame-rate-352x288-range = 754-817
06-22 14:35:17.562 I/MediaCodecsXmlParser( 1802): limit: measured-frame-rate-640x360-range = 323-394
06-22 14:35:17.562 I/MediaCodecsXmlParser( 1802): limit: measured-frame-rate-720x480-range = 349-372
06-22 14:35:17.562 I/MediaCodecsXmlParser( 1802): limit: measured-frame-rate-1280x720-range = 144-157
06-22 14:35:17.562 I/MediaCodecsXmlParser( 1802): limit: measured-frame-rate-1920x1080-range = 74-85
06-22 14:35:17.562 I/MediaCodecsXmlParser( 1802): limit: measured-frame-rate-176x144-range = 1439-1625
06-22 14:35:17.562 I/MediaCodecsXmlParser( 1802): limit: measured-frame-rate-320x180-range = 1129-1261
06-22 14:35:17.562 I/MediaCodecsXmlParser( 1802): limit: measured-frame-rate-640x360-range = 471-525
06-22 14:35:17.562 I/MediaCodecsXmlParser( 1802): limit: measured-frame-rate-1280x720-range = 126-145
06-22 14:35:17.562 I/MediaCodecsXmlParser( 1802): limit: measured-frame-rate-1920x1080-range = 48-51
06-22 14:35:17.562 I/MediaCodecsXmlParser( 1802): limit: measured-frame-rate-2160x2160-range = 31-34
06-22 14:35:17.562 I/MediaCodecsXmlParser( 1802): limit: measured-frame-rate-320x180-range = 968-1101
06-22 14:35:17.562 I/MediaCodecsXmlParser( 1802): limit: measured-frame-rate-640x360-range = 291-338
06-22 14:35:17.562 I/MediaCodecsXmlParser( 1802): limit: measured-frame-rate-1280x720-range = 280-400
06-22 14:35:17.562 I/MediaCodecsXmlParser( 1802): limit: measured-frame-rate-1920x1080-range = 178-240
06-22 14:35:17.562 I/MediaCodecsXmlParser( 1802): limit: measured-frame-rate-2560x1440-range = 31-34
06-22 14:35:17.562 D/MediaCodecsXmlParser( 1802): Cannot find /data/misc/media/media_codecs_profiling_results.xml
06-22 14:35:17.568 I/ServiceManagement( 1802): Registered android.hardware.media.omx@1.0::IOmxStore/default (start delay of 460ms)
06-22 14:35:17.568 I/ServiceManagement( 1802): Removing namespace from process name android.hardware.media.omx@1.0-service to omx@1.0-service.
06-22 14:35:17.590 I/ServiceManager( 1797): Waiting for service 'package_native' on '/dev/binder'...
06-22 14:35:17.592 I/mediaserver( 1794): ServiceManager: 0xec406ca0
06-22 14:35:17.625 W/BatteryNotifier( 1794): batterystats service unavailable!
06-22 14:35:17.656 I//apex/com.android.media.swcodec/bin/mediaswcodec( 1805): media swcodec service starting
06-22 14:35:17.658 W//apex/com.android.media.swcodec/bin/mediaswcodec( 1805): Could not read additional policy file '/vendor/etc/seccomp_policy/mediaswcodec.policy'
06-22 14:35:17.658 W//apex/com.android.media.swcodec/bin/mediaswcodec( 1805): libminijail[1805]: failed to get path of fd 4: No such file or directory
06-22 14:35:17.658 W//apex/com.android.media.swcodec/bin/mediaswcodec( 1805): libminijail[1805]: allowing syscall: socket
06-22 14:35:17.658 W//apex/com.android.media.swcodec/bin/mediaswcodec( 1805): libminijail[1805]: allowing syscall: connect
06-22 14:35:17.658 W//apex/com.android.media.swcodec/bin/mediaswcodec( 1805): libminijail[1805]: allowing syscall: fcntl
06-22 14:35:17.658 W//apex/com.android.media.swcodec/bin/mediaswcodec( 1805): libminijail[1805]: allowing syscall: writev
06-22 14:35:17.658 W//apex/com.android.media.swcodec/bin/mediaswcodec( 1805): libminijail[1805]: compile_file: <fd>(20): nonexistent syscall 'getuid32'
06-22 14:35:17.659 W//apex/com.android.media.swcodec/bin/mediaswcodec( 1805): libminijail[1805]: compile_file: <fd>(26): nonexistent syscall 'mmap2'
06-22 14:35:17.659 W//apex/com.android.media.swcodec/bin/mediaswcodec( 1805): libminijail[1805]: compile_file: <fd>(28): nonexistent syscall 'fstat64'
06-22 14:35:17.659 W//apex/com.android.media.swcodec/bin/mediaswcodec( 1805): libminijail[1805]: compile_file: <fd>(30): nonexistent syscall 'stat64'
06-22 14:35:17.659 W//apex/com.android.media.swcodec/bin/mediaswcodec( 1805): libminijail[1805]: compile_file: <fd>(31): nonexistent syscall 'statfs64'
06-22 14:35:17.659 W//apex/com.android.media.swcodec/bin/mediaswcodec( 1805): libminijail[1805]: compile_file: <fd>(33): nonexistent syscall 'fstatat64'
06-22 14:35:17.659 W//apex/com.android.media.swcodec/bin/mediaswcodec( 1805): libminijail[1805]: compile_file: <fd>(38): nonexistent syscall '_llseek'
06-22 14:35:17.659 W//apex/com.android.media.swcodec/bin/mediaswcodec( 1805): libminijail[1805]: compile_file: <fd>(47): nonexistent syscall 'ugetrlimit'
06-22 14:35:17.659 W//apex/com.android.media.swcodec/bin/mediaswcodec( 1805): libminijail[1805]: compile_file: <fd>(50): nonexistent syscall '_llseek'
06-22 14:35:17.659 W//apex/com.android.media.swcodec/bin/mediaswcodec( 1805): libminijail[1805]: compile_file: <fd>(51): nonexistent syscall 'fstatfs64'
06-22 14:35:17.659 W//apex/com.android.media.swcodec/bin/mediaswcodec( 1805): libminijail[1805]: compile_file: <fd>(63): nonexistent syscall 'ftruncate64'
06-22 14:35:17.659 W//apex/com.android.media.swcodec/bin/mediaswcodec( 1805): libminijail[1805]: compile_file: /system/etc/seccomp_policy/crash_dump.x86.policy(5): nonexistent syscall 'sigreturn'
06-22 14:35:17.659 W//apex/com.android.media.swcodec/bin/mediaswcodec( 1805): libminijail[1805]: compile_file: /system/etc/seccomp_policy/crash_dump.x86.policy(31): nonexistent syscall 'getuid32'
06-22 14:35:17.659 W//apex/com.android.media.swcodec/bin/mediaswcodec( 1805): libminijail[1805]: compile_file: /system/etc/seccomp_policy/crash_dump.x86.policy(32): nonexistent syscall 'fstat64'
06-22 14:35:17.659 W//apex/com.android.media.swcodec/bin/mediaswcodec( 1805): libminijail[1805]: compile_file: /system/etc/seccomp_policy/crash_dump.x86.policy(33): nonexistent syscall 'mmap2'
06-22 14:35:17.660 W//apex/com.android.media.swcodec/bin/mediaswcodec( 1805): libminijail[1805]: compile_file: /system/etc/seccomp_policy/crash_dump.x86.policy(34): nonexistent syscall 'geteuid32'
06-22 14:35:17.660 W//apex/com.android.media.swcodec/bin/mediaswcodec( 1805): libminijail[1805]: compile_file: /system/etc/seccomp_policy/crash_dump.x86.policy(35): nonexistent syscall 'getgid32'
06-22 14:35:17.660 W//apex/com.android.media.swcodec/bin/mediaswcodec( 1805): libminijail[1805]: compile_file: /system/etc/seccomp_policy/crash_dump.x86.policy(36): nonexistent syscall 'getegid32'
06-22 14:35:17.660 W//apex/com.android.media.swcodec/bin/mediaswcodec( 1805): libminijail[1805]: compile_file: /system/etc/seccomp_policy/crash_dump.x86.policy(37): nonexistent syscall 'getgroups32'
06-22 14:35:17.660 W//apex/com.android.media.swcodec/bin/mediaswcodec( 1805): libminijail[1805]: logging seccomp filter failures
06-22 14:35:17.660 I/CodecServiceRegistrant( 1805): Creating software Codec2 service...
06-22 14:35:17.661 I/FastMixerState( 1730): sMaxFastTracks = 8
06-22 14:35:17.662 V/MediaUtils( 1730): physMem: 2089566208
06-22 14:35:17.662 V/MediaUtils( 1730): requested limit: 417913240
06-22 14:35:17.662 I/libc    ( 1730): malloc_limit: Allocation limit enabled, max size 417913240 bytes
06-22 14:35:17.662 I/audioserver( 1730): ServiceManager: 0x75a0934d0dc0
06-22 14:35:17.662 W/BatteryNotifier( 1730): batterystats service unavailable!
06-22 14:35:17.663 I/hwservicemanager( 1566): getTransport: Cannot find entry android.hardware.audio@5.0::IDevicesFactory/default in either framework or device manifest.
06-22 14:35:17.663 I/hwservicemanager( 1566): getTransport: Cannot find entry android.hardware.audio@4.0::IDevicesFactory/msd in either framework or device manifest.
06-22 14:35:17.664 I/hwservicemanager( 1566): getTransport: Cannot find entry android.hardware.audio.effect@5.0::IEffectsFactory/default in either framework or device manifest.
06-22 14:35:17.664 I/AudioFlinger( 1730): Using default 3000 mSec as standby time.
06-22 14:35:17.666 I/ServiceManagement( 1805): Registered android.hardware.media.c2@1.0::IComponentStore/software (start delay of 548ms)
06-22 14:35:17.666 I/CodecServiceRegistrant( 1805): Software Codec2 service created.
06-22 14:35:17.673 E/APM::Serializer( 1730): deserialize: Could not parse /odm/etc/audio_policy_configuration.xml document.
06-22 14:35:17.675 E/APM::AudioPolicyEngine/Config( 1730): parse: Could not parse document /vendor/etc/audio_policy_engine_configuration.xml
06-22 14:35:17.675 W/APM::AudioPolicyEngine/Base( 1730): loadAudioPolicyEngineConfig: No configuration found, using default matching phone experience.
06-22 14:35:17.675 E/APM::AudioPolicyEngine/Config( 1730): parseLegacyVolumeFile: Could not parse document /odm/etc/audio_policy_configuration.xml
06-22 14:35:17.679 D/audio_hw_generic( 1697): Emulator host-side ALSA audio emulation detected.
06-22 14:35:17.680 D/audio_hw_generic( 1697): mixer 0 name Master Playback Volume
06-22 14:35:17.680 D/audio_hw_generic( 1697): set ctl 0 to 100
06-22 14:35:17.680 D/audio_hw_generic( 1697): set ctl 1 to 100
06-22 14:35:17.680 D/audio_hw_generic( 1697): mixer 1 name Master Playback Switch
06-22 14:35:17.680 D/audio_hw_generic( 1697): set ctl 0 to 1
06-22 14:35:17.680 D/audio_hw_generic( 1697): set ctl 1 to 1
06-22 14:35:17.680 D/audio_hw_generic( 1697): mixer 2 name Capture Volume
06-22 14:35:17.680 D/audio_hw_generic( 1697): set ctl 0 to 100
06-22 14:35:17.680 D/audio_hw_generic( 1697): set ctl 1 to 100
06-22 14:35:17.680 D/audio_hw_generic( 1697): mixer 3 name Capture Switch
06-22 14:35:17.680 D/audio_hw_generic( 1697): set ctl 0 to 1
06-22 14:35:17.680 D/audio_hw_generic( 1697): set ctl 1 to 1
06-22 14:35:17.680 D/audio_hw_generic( 1697): mixer 4 name Line Phantom Jack
06-22 14:35:17.680 D/audio_hw_generic( 1697): mixer 5 name Line Out Phantom Jack
06-22 14:35:17.680 D/audio_hw_generic( 1697): mixer 6 name Playback Channel Map
06-22 14:35:17.680 D/audio_hw_generic( 1697): mixer 7 name Capture Channel Map
06-22 14:35:17.681 W/DeviceHAL( 1697): Error from HAL Device in function get_master_volume: Function not implemented
06-22 14:35:17.681 W/DeviceHAL( 1697): Error from HAL Device in function get_master_mute: Function not implemented
06-22 14:35:17.681 W/DeviceHAL( 1697): Error from HAL Device in function set_master_volume: Function not implemented
06-22 14:35:17.681 W/DeviceHAL( 1697): Error from HAL Device in function set_master_mute: Function not implemented
06-22 14:35:17.681 I/AudioFlinger( 1730): loadHwModule() Loaded primary audio interface, handle 10
06-22 14:35:17.681 I/AudioFlinger( 1730): openOutput() this 0x75a0934db600, module 10 Device 0x2, SamplingRate 44100, Format 0x000001, Channels 0x3, flags 0x2
06-22 14:35:17.681 I/BootAnimation( 1842): boot animation disabled
06-22 14:35:17.686 W/AudioFlinger( 1730): HAL output buffer size is 661 frames but AudioMixer requires multiples of 16 frames
06-22 14:35:17.686 I/AudioFlinger( 1730): HAL output buffer size 661 frames, normal sink buffer size 1056 frames
06-22 14:35:17.688 I/hwservicemanager( 1566): getTransport: Cannot find entry android.hardware.audio.effect@5.0::IEffectsFactory/default in either framework or device manifest.
06-22 14:35:17.692 I/ServiceManager( 1797): Waiting for service 'package_native' on '/dev/binder'...
06-22 14:35:17.701 I/BufferProvider( 1730): found effect "Multichannel Downmix To Stereo" from The Android Open Source Project
06-22 14:35:17.701 I/AudioFlinger( 1730): Using module 10 as the primary audio interface
06-22 14:35:17.702 V/APM_AudioPolicyManager( 1730): checkAndSetVolume cannot set volume group 3 volume with force use = 0 for comm
06-22 14:35:17.707 I/AudioFlinger( 1730): AudioFlinger's thread 0x75a093574280 tid=1861 ready to run
06-22 14:35:17.707 W/AudioFlinger( 1730): no wake lock to update, system not ready yet
06-22 14:35:17.707 W/AudioFlinger( 1730): no wake lock to update, system not ready yet
06-22 14:35:17.710 W/AudioFlinger( 1730): moveEffects() bad srcOutput 0
06-22 14:35:17.710 V/APM_AudioPolicyManager( 1730): selectOutputForMusicEffects selected output 13
06-22 14:35:17.710 V/APM_AudioPolicyManager( 1730): setOutputDevices device {type:0x2,@:} delayMs 0
06-22 14:35:17.710 V/APM_AudioPolicyManager( 1730): setOutputDevices() prevDevice {type:0x2,@:}
06-22 14:35:17.710 V/APM_AudioPolicyManager( 1730): setOutputDevices changing device to {type:0x2,@:}
06-22 14:35:17.712 V/APM_AudioPolicyManager( 1730): setOutputDevices() AF::createAudioPatch returned 0 patchHandle 12 num_sources 1 num_sinks 1
06-22 14:35:17.713 V/APM_AudioPolicyManager( 1730): checkAndSetVolume cannot set volume group 3 volume with force use = 0 for comm
06-22 14:35:17.718 E/MediaExtractorFactory( 1781): couldn't opendir(/system/lib64/extractors)
06-22 14:35:17.728 I/AudioFlinger( 1730): AudioFlinger's thread 0x75a093656180 tid=1864 ready to run
06-22 14:35:17.731 I/r_submix( 1697): adev_open(name=audio_hw_if)
06-22 14:35:17.731 I/r_submix( 1697): adev_init_check()
06-22 14:35:17.731 W/DeviceHAL( 1697): Error from HAL Device in function set_master_volume: Function not implemented
06-22 14:35:17.731 W/DeviceHAL( 1697): Error from HAL Device in function set_master_mute: Function not implemented
06-22 14:35:17.731 I/AudioFlinger( 1730): loadHwModule() Loaded r_submix audio interface, handle 18
06-22 14:35:17.731 D/r_submix( 1697): adev_open_input_stream(addr=0)
06-22 14:35:17.732 D/r_submix( 1697): submix_audio_device_create_pipe_l(addr=0, idx=9)
06-22 14:35:17.732 D/r_submix( 1697):   now using address 0 for route 9
06-22 14:35:17.742 I/AudioFlinger( 1730): AudioFlinger's thread 0x75a093656700 tid=1866 ready to run
06-22 14:35:17.742 D/r_submix( 1697): adev_close_input_stream()
06-22 14:35:17.742 D/r_submix( 1697): submix_audio_device_release_pipe_l(idx=9) addr=0
06-22 14:35:17.742 D/r_submix( 1697): submix_audio_device_destroy_pipe_l(): pipe destroyed
06-22 14:35:17.743 I/        ( 1730): Waiting for activity service
06-22 14:35:17.793 I/ServiceManager( 1797): Waiting for service 'package_native' on '/dev/binder'...
06-22 14:35:17.810 D/ICU     ( 1663): Time zone APEX file found: /apex/com.android.tzdata/etc/icu/icu_tzdata.dat
06-22 14:35:17.811 D/ICU     ( 1664): Time zone APEX file found: /apex/com.android.tzdata/etc/icu/icu_tzdata.dat
06-22 14:35:17.846 W/zygote  ( 1664): Unexpected CPU variant for X86 using defaults: x86_64
06-22 14:35:17.846 W/zygote64( 1663): Unexpected CPU variant for X86 using defaults: x86_64
06-22 14:35:17.894 I/ServiceManager( 1797): Waiting for service 'package_native' on '/dev/binder'...
06-22 14:35:17.919 W/zygote64( 1663): JNI RegisterNativeMethods: attempt to register 0 native methods for android.media.AudioAttributes
06-22 14:35:17.919 W/zygote  ( 1664): JNI RegisterNativeMethods: attempt to register 0 native methods for android.media.AudioAttributes
06-22 14:35:17.929 D/Zygote  ( 1663): begin preload
06-22 14:35:17.930 I/Zygote  ( 1663): Calling ZygoteHooks.beginPreload()
06-22 14:35:17.936 I/zygote  ( 1664): Explicit concurrent copying GC freed 296(39KB) AllocSpace objects, 0(0B) LOS objects, 98% free, 24KB/1560KB, paused 869us total 5.213ms
06-22 14:35:17.941 I/zygote  ( 1664): Explicit concurrent copying GC freed 5(32KB) AllocSpace objects, 0(0B) LOS objects, 98% free, 24KB/1560KB, paused 464us total 3.329ms
06-22 14:35:17.941 D/Zygote32Timing( 1664): PostZygoteInitGC took to complete: 10ms
06-22 14:35:17.941 D/Zygote32Timing( 1664): ZygoteInit took to complete: 11ms
06-22 14:35:17.947 D/Zygote64Timing( 1663): BeginPreload took to complete: 18ms
06-22 14:35:17.948 I/Zygote  ( 1663): Preloading classes...
06-22 14:35:17.949 W/Zygote  ( 1663): Class not found for preloading: android.app.-$$Lambda$ActivityThread$ZXDWm3IBeFmLnFVblhB-IOZCr9o
06-22 14:35:17.989 W/Zygote  ( 1663): Class not found for preloading: android.bluetooth.BluetoothA2dp$2
06-22 14:35:17.990 I/Zygote  ( 1664): Accepting command socket connections
06-22 14:35:17.994 I/ServiceManager( 1797): Waiting for service 'package_native' on '/dev/binder'...
06-22 14:35:17.995 I/PackageBackwardCompatibility( 1663): Could not find android.content.pm.AndroidTestBaseUpdater, ignoring
06-22 14:35:18.002 I/adbd    ( 1763): adbd listening on port 5555
06-22 14:35:18.003 I/adbd    ( 1763): USB event: FUNCTIONFS_BIND
06-22 14:35:18.011 I/adbd    ( 1763): USB event: FUNCTIONFS_ENABLE
06-22 14:35:18.068 I/netd    ( 1662): Setting up StrictController hooks: 663.9ms
06-22 14:35:18.068 I/ClatdController( 1662): 4.9+ kernel and device shipped with P - clat ebpf might work.
06-22 14:35:18.068 I/netd    ( 1662): Initializing ClatdController: 0.2ms
06-22 14:35:18.071 I/netd    ( 1662): Initializing traffic control: 2.5ms
06-22 14:35:18.073 I/netd    ( 1662): Enabling bandwidth control: 2.1ms
06-22 14:35:18.073 E/Netd    ( 1662): cannot find interface dummy0
06-22 14:35:18.074 I/netd    ( 1662): Initializing RouteController: 0.7ms
06-22 14:35:18.074 D/XfrmController( 1662): XfrmController::ipSecAddXfrmInterface, line=1379
06-22 14:35:18.076 D/XfrmController( 1662): XfrmController::ipSecRemoveTunnelInterface, line=1592
06-22 14:35:18.076 D/XfrmController( 1662): deviceName=ipsec_test
06-22 14:35:18.094 I/ServiceManager( 1797): Waiting for service 'package_native' on '/dev/binder'...
06-22 14:35:18.128 D/XfrmController( 1662): Sending Netlink XFRM Message: XFRM_MSG_FLUSHSA
06-22 14:35:18.128 D/XfrmController( 1662): Sending Netlink XFRM Message: XFRM_MSG_FLUSHPOLICY
06-22 14:35:18.128 I/netd    ( 1662): Initializing XfrmController: 54.2ms
06-22 14:35:18.128 E/Netd    ( 1662): Unable to create netlink socket for family 5: Protocol not supported
06-22 14:35:18.128 W/Netd    ( 1662): Unable to open qlog quota socket, check if xt_quota2 can send via UeventHandler
06-22 14:35:18.130 I/libnetd_resolv( 1662): resolv_init: Initializing resolver
06-22 14:35:18.131 D/MDnsDS  ( 1662): MDnsSdListener::Hander starting up
06-22 14:35:18.131 I/netd    ( 1662): Registering NetdNativeService: 0.2ms
06-22 14:35:18.133 D/MDnsDS  ( 1662): MDnsSdListener starting to monitor
06-22 14:35:18.133 D/MDnsDS  ( 1662): Going to poll with pollCount 1
06-22 14:35:18.133 I/ServiceManagement( 1662): Registered android.system.net.netd@1.1::INetd/default (start delay of 1775ms)
06-22 14:35:18.133 I/netd    ( 1662): Registering NetdHwService: 2.3ms
06-22 14:35:18.134 I/netd    ( 1662): Netd started in 1723ms
06-22 14:35:18.195 I/ServiceManager( 1797): Waiting for service 'package_native' on '/dev/binder'...
06-22 14:35:18.210 E/ActivityRecognitionHardware( 1663): activity_recognition HAL is deprecated. class_init is effectively a no-op
06-22 14:35:18.236 I/zygote64( 1663): Thread[1,tid=1663,Native,Thread*=0x72411237e000,peer=0x12c02208,"main"] recursive attempt to load library "libmedia_jni.so"
06-22 14:35:18.237 D/MtpDeviceJNI( 1663): register_android_mtp_MtpDevice
06-22 14:35:18.237 I/zygote64( 1663): Thread[1,tid=1663,Native,Thread*=0x72411237e000,peer=0x12c02208,"main"] recursive attempt to load library "libmedia_jni.so"
06-22 14:35:18.237 I/zygote64( 1663): Thread[1,tid=1663,Native,Thread*=0x72411237e000,peer=0x12c02208,"main"] recursive attempt to load library "libmedia_jni.so"
06-22 14:35:18.243 W/Zygote  ( 1663): Class not found for preloading: android.media.audiopolicy.AudioProductStrategies
06-22 14:35:18.243 W/Zygote  ( 1663): Class not found for preloading: android.media.audiopolicy.AudioVolumeGroups
06-22 14:35:18.296 I/ServiceManager( 1797): Waiting for service 'package_native' on '/dev/binder'...
06-22 14:35:18.316 W/Zygote  ( 1663): Class not found for preloading: android.view.textclassifier.-$$Lambda$TextClassificationManager$JIaezIJbMig_-kVzN6oArzkTsJE
06-22 14:35:18.321 W/Zygote  ( 1663): Class not found for preloading: com.android.internal.net.NetworkStatsFactory
06-22 14:35:18.325 W/Zygote  ( 1663): Class not found for preloading: com.android.internal.telephony.-$$Lambda$PhoneSubInfoController$8HFbCDJDN1mrLJG980qYH5MGqMk
06-22 14:35:18.325 W/Zygote  ( 1663): Class not found for preloading: com.android.internal.telephony.-$$Lambda$PhoneSubInfoController$U28a_EGx2cvmQhDfRRgonMt5Zrc
06-22 14:35:18.325 W/Zygote  ( 1663): Class not found for preloading: com.android.internal.telephony.-$$Lambda$SubscriptionInfoUpdater$-zZXM9oMRZ3vZz7dJOG19J00Bmw
06-22 14:35:18.325 W/Zygote  ( 1663): Class not found for preloading: com.android.internal.telephony.-$$Lambda$SubscriptionInfoUpdater$D5yF1HbS4cvCyoAj3FESkPtA_0g
06-22 14:35:18.325 W/Zygote  ( 1663): Class not found for preloading: com.android.internal.telephony.-$$Lambda$SubscriptionInfoUpdater$MMx9iQX0JVqqMPLTUZhdBubFSzU
06-22 14:35:18.331 W/Zygote  ( 1663): Class not found for preloading: com.android.internal.telephony.PhoneConfigurationModels
06-22 14:35:18.334 W/Zygote  ( 1663): Class not found for preloading: com.android.internal.telephony.SubscriptionController$ScLocalLog
06-22 14:35:18.335 W/Zygote  ( 1663): Class not found for preloading: com.android.internal.telephony.UiccSmsController
06-22 14:35:18.354 I/Zygote  ( 1663): ...preloaded 7590 classes in 406ms.
06-22 14:35:18.354 I/zygote64( 1663): VMRuntime.preloadDexCaches starting
06-22 14:35:18.365 I/zygote64( 1663): VMRuntime.preloadDexCaches strings total=378948 before=9925 after=9925
06-22 14:35:18.365 I/zygote64( 1663): VMRuntime.preloadDexCaches types total=35812 before=7199 after=7467
06-22 14:35:18.365 I/zygote64( 1663): VMRuntime.preloadDexCaches fields total=160603 before=8020 after=8221
06-22 14:35:18.365 I/zygote64( 1663): VMRuntime.preloadDexCaches methods total=281511 before=10884 after=11316
06-22 14:35:18.365 I/zygote64( 1663): VMRuntime.preloadDexCaches finished
06-22 14:35:18.366 D/Zygote64Timing( 1663): PreloadClasses took to complete: 419ms
06-22 14:35:18.368 I/zygote64( 1663): The ClassLoaderContext is a special shared library.
06-22 14:35:18.368 D/ApplicationLoaders( 1663): Created zygote-cached class loader: /system/framework/android.hidl.base-V1.0-java.jar
06-22 14:35:18.370 I/zygote64( 1663): The ClassLoaderContext is a special shared library.
06-22 14:35:18.370 D/ApplicationLoaders( 1663): Created zygote-cached class loader: /system/framework/android.hidl.manager-V1.0-java.jar
06-22 14:35:18.370 D/Zygote64Timing( 1663): CacheNonBootClasspathClassLoaders took to complete: 4ms
06-22 14:35:18.397 I/ServiceManager( 1797): Waiting for service 'package_native' on '/dev/binder'...
06-22 14:35:18.431 I/adbd    ( 1763): host-15: write thread spawning
06-22 14:35:18.431 I/adbd    ( 1763): host-15: read thread spawning
06-22 14:35:18.497 I/ServiceManager( 1797): Waiting for service 'package_native' on '/dev/binder'...
06-22 14:35:18.513 I/adbd    ( 1763): host-15: already offline
06-22 14:35:18.549 I/Zygote  ( 1663): Preloading resources...
06-22 14:35:18.558 W/Resources( 1663): Preloaded drawable resource #0x108027c (android:drawable/dialog_background_material) that varies with configuration!!
06-22 14:35:18.570 I/Zygote  ( 1663): ...preloaded 64 resources in 20ms.
06-22 14:35:18.571 I/Zygote  ( 1663): ...preloaded 41 resources in 1ms.
06-22 14:35:18.571 D/Zygote64Timing( 1663): PreloadResources took to complete: 201ms
06-22 14:35:18.574 I/Zygote  ( 1663): Preloading shared libraries...
06-22 14:35:18.580 I/Zygote  ( 1663): Called ZygoteHooks.endPreload()
06-22 14:35:18.581 I/Zygote  ( 1663): Installed AndroidKeyStoreProvider in 0ms.
06-22 14:35:18.582 I/Zygote  ( 1663): Warmed up JCA providers in 1ms.
06-22 14:35:18.582 D/Zygote  ( 1663): end preload
06-22 14:35:18.582 D/Zygote64Timing( 1663): ZygotePreload took to complete: 653ms
06-22 14:35:18.588 I/zygote64( 1663): Explicit concurrent copying GC freed 12356(520KB) AllocSpace objects, 0(0B) LOS objects, 71% free, 2402KB/8546KB, paused 415us total 5.494ms
06-22 14:35:18.593 I/zygote64( 1663): Explicit concurrent copying GC freed 872(63KB) AllocSpace objects, 0(0B) LOS objects, 72% free, 2371KB/8515KB, paused 408us total 4.901ms
06-22 14:35:18.593 D/Zygote64Timing( 1663): PostZygoteInitGC took to complete: 11ms
06-22 14:35:18.593 D/Zygote64Timing( 1663): ZygoteInit took to complete: 664ms
06-22 14:35:18.597 I/ServiceManager( 1797): Waiting for service 'package_native' on '/dev/binder'...
06-22 14:35:18.654 D/Zygote  ( 1663): Forked child process 1909
06-22 14:35:18.654 I/Zygote  ( 1663): System server process 1909 has been created
06-22 14:35:18.655 I/Zygote  ( 1663): Accepting command socket connections
06-22 14:35:18.660 I/system_server( 1909): The ClassLoaderContext is a special shared library.
06-22 14:35:18.680 I/chatty  ( 1909): uid=1000 system_server identical 2 lines
06-22 14:35:18.683 I/system_server( 1909): The ClassLoaderContext is a special shared library.
06-22 14:35:18.685 W/system_server( 1909): Unexpected CPU variant for X86 using defaults: x86_64
06-22 14:35:18.698 I/ServiceManager( 1797): Waiting for service 'package_native' on '/dev/binder'...
06-22 14:35:18.711 I/SystemServer( 1909): InitBeforeStartServices
06-22 14:35:18.713 W/SystemServer( 1909): Timezone not set; setting to GMT.
06-22 14:35:18.716 I/SystemServer( 1909): Entered the Android system server!
06-22 14:35:18.798 I/ServiceManager( 1797): Waiting for service 'package_native' on '/dev/binder'...
06-22 14:35:18.822 E/UsbAlsaJackDetectorJNI( 1909): Can't register UsbAlsaJackDetector native methods
06-22 14:35:18.833 D/SystemServerTiming( 1909): InitBeforeStartServices took to complete: 121ms
06-22 14:35:18.833 I/SystemServer( 1909): StartServices
06-22 14:35:18.833 I/SystemServer( 1909): StartWatchdog
06-22 14:35:18.844 D/SystemServerTiming( 1909): StartWatchdog took to complete: 10ms
06-22 14:35:18.844 I/SystemServer( 1909): Reading configuration...
06-22 14:35:18.844 I/SystemServer( 1909): ReadingSystemConfig
06-22 14:35:18.846 D/SystemServerTiming( 1909): ReadingSystemConfig took to complete: 2ms
06-22 14:35:18.846 I/SystemServer( 1909): StartInstaller
06-22 14:35:18.847 I/SystemServiceManager( 1909): Starting com.android.server.pm.Installer
06-22 14:35:18.848 D/SystemServerInitThreadPool( 1909): Started executing ReadingSystemConfig
06-22 14:35:18.850 D/installd( 1776): Found quota mount /dev/block/vdc at /data
06-22 14:35:18.850 D/SystemServerTiming( 1909): StartInstaller took to complete: 4ms
06-22 14:35:18.850 I/SystemServer( 1909): DeviceIdentifiersPolicyService
06-22 14:35:18.850 I/SystemServiceManager( 1909): Starting com.android.server.os.DeviceIdentifiersPolicyService
06-22 14:35:18.851 D/SystemServerTiming( 1909): DeviceIdentifiersPolicyService took to complete: 1ms
06-22 14:35:18.851 I/SystemServer( 1909): UriGrantsManagerService
06-22 14:35:18.851 I/SystemServiceManager( 1909): Starting com.android.server.uri.UriGrantsManagerService$Lifecycle
06-22 14:35:18.854 D/SystemServerTiming( 1909): UriGrantsManagerService took to complete: 3ms
06-22 14:35:18.854 I/SystemServer( 1909): StartActivityManager
06-22 14:35:18.855 I/SystemServiceManager( 1909): Starting com.android.server.wm.ActivityTaskManagerService$Lifecycle
06-22 14:35:18.861 I/SystemServiceManager( 1909): Starting com.android.server.am.ActivityManagerService$Lifecycle
06-22 14:35:18.873 I/SystemConfig( 1909): Adding association: com.google.android.as <- com.android.providers.contacts
06-22 14:35:18.873 I/SystemConfig( 1909): Adding association: com.google.android.as <- com.android.providers.media
06-22 14:35:18.873 I/SystemConfig( 1909): Adding association: com.google.android.as <- com.android.providers.telephony
06-22 14:35:18.873 I/SystemConfig( 1909): Adding association: com.google.android.as <- com.android.systemui
06-22 14:35:18.873 I/SystemConfig( 1909): Adding association: com.google.android.as <- com.google.android.gms
06-22 14:35:18.873 I/SystemConfig( 1909): Adding association: com.google.android.as <- com.google.android.gsf
06-22 14:35:18.878 I/ActivityManager( 1909): Memory class: 512
06-22 14:35:18.885 W/SystemConfig( 1909): No directory /product_services/etc/sysconfig, skipping
06-22 14:35:18.885 W/SystemConfig( 1909): No directory /product_services/etc/permissions, skipping
06-22 14:35:18.885 D/SystemServerInitThreadPool( 1909): Finished executing ReadingSystemConfig
06-22 14:35:18.889 D/BatteryStatsImpl( 1909): Reading daily items from /data/system/batterystats-daily.xml
06-22 14:35:18.891 E/BatteryStatsImpl( 1909): Error reading battery statistics
06-22 14:35:18.891 E/BatteryStatsImpl( 1909): java.io.FileNotFoundException: /data/system/batterystats.bin: open failed: ENOENT (No such file or directory)
06-22 14:35:18.891 E/BatteryStatsImpl( 1909): 	at libcore.io.IoBridge.open(IoBridge.java:496)
06-22 14:35:18.891 E/BatteryStatsImpl( 1909): 	at java.io.FileInputStream.<init>(FileInputStream.java:159)
06-22 14:35:18.891 E/BatteryStatsImpl( 1909): 	at com.android.internal.os.AtomicFile.openRead(AtomicFile.java:157)
06-22 14:35:18.891 E/BatteryStatsImpl( 1909): 	at com.android.internal.os.AtomicFile.readFully(AtomicFile.java:162)
06-22 14:35:18.891 E/BatteryStatsImpl( 1909): 	at com.android.internal.os.BatteryStatsImpl.readLocked(BatteryStatsImpl.java:13339)
06-22 14:35:18.891 E/BatteryStatsImpl( 1909): 	at com.android.server.am.ActivityManagerService.<init>(ActivityManagerService.java:2501)
06-22 14:35:18.891 E/BatteryStatsImpl( 1909): 	at com.android.server.am.ActivityManagerService$Lifecycle.<init>(ActivityManagerService.java:2215)
06-22 14:35:18.891 E/BatteryStatsImpl( 1909): 	at java.lang.reflect.Constructor.newInstance0(Native Method)
06-22 14:35:18.891 E/BatteryStatsImpl( 1909): 	at java.lang.reflect.Constructor.newInstance(Constructor.java:343)
06-22 14:35:18.891 E/BatteryStatsImpl( 1909): 	at com.android.server.SystemServiceManager.startService(SystemServiceManager.java:101)
06-22 14:35:18.891 E/BatteryStatsImpl( 1909): 	at com.android.server.am.ActivityManagerService$Lifecycle.startService(ActivityManagerService.java:2221)
06-22 14:35:18.891 E/BatteryStatsImpl( 1909): 	at com.android.server.SystemServer.startBootstrapServices(SystemServer.java:660)
06-22 14:35:18.891 E/BatteryStatsImpl( 1909): 	at com.android.server.SystemServer.run(SystemServer.java:510)
06-22 14:35:18.891 E/BatteryStatsImpl( 1909): 	at com.android.server.SystemServer.main(SystemServer.java:349)
06-22 14:35:18.891 E/BatteryStatsImpl( 1909): 	at java.lang.reflect.Method.invoke(Native Method)
06-22 14:35:18.891 E/BatteryStatsImpl( 1909): 	at com.android.internal.os.RuntimeInit$MethodAndArgsCaller.run(RuntimeInit.java:492)
06-22 14:35:18.891 E/BatteryStatsImpl( 1909): 	at com.android.internal.os.ZygoteInit.main(ZygoteInit.java:908)
06-22 14:35:18.891 E/BatteryStatsImpl( 1909): Caused by: android.system.ErrnoException: open failed: ENOENT (No such file or directory)
06-22 14:35:18.891 E/BatteryStatsImpl( 1909): 	at libcore.io.Linux.open(Native Method)
06-22 14:35:18.891 E/BatteryStatsImpl( 1909): 	at libcore.io.ForwardingOs.open(ForwardingOs.java:167)
06-22 14:35:18.891 E/BatteryStatsImpl( 1909): 	at libcore.io.BlockGuardOs.open(BlockGuardOs.java:252)
06-22 14:35:18.891 E/BatteryStatsImpl( 1909): 	at libcore.io.IoBridge.open(IoBridge.java:482)
06-22 14:35:18.891 E/BatteryStatsImpl( 1909): 	... 16 more
06-22 14:35:18.892 E/BatteryStatsImpl( 1909): Error reading battery history
06-22 14:35:18.892 E/BatteryStatsImpl( 1909): java.io.FileNotFoundException: /data/system/battery-history/0.bin: open failed: ENOENT (No such file or directory)
06-22 14:35:18.892 E/BatteryStatsImpl( 1909): 	at libcore.io.IoBridge.open(IoBridge.java:496)
06-22 14:35:18.892 E/BatteryStatsImpl( 1909): 	at java.io.FileInputStream.<init>(FileInputStream.java:159)
06-22 14:35:18.892 E/BatteryStatsImpl( 1909): 	at com.android.internal.os.AtomicFile.openRead(AtomicFile.java:157)
06-22 14:35:18.892 E/BatteryStatsImpl( 1909): 	at com.android.internal.os.AtomicFile.readFully(AtomicFile.java:162)
06-22 14:35:18.892 E/BatteryStatsImpl( 1909): 	at com.android.internal.os.BatteryStatsImpl.readLocked(BatteryStatsImpl.java:13358)
06-22 14:35:18.892 E/BatteryStatsImpl( 1909): 	at com.android.server.am.ActivityManagerService.<init>(ActivityManagerService.java:2501)
06-22 14:35:18.892 E/BatteryStatsImpl( 1909): 	at com.android.server.am.ActivityManagerService$Lifecycle.<init>(ActivityManagerService.java:2215)
06-22 14:35:18.892 E/BatteryStatsImpl( 1909): 	at java.lang.reflect.Constructor.newInstance0(Native Method)
06-22 14:35:18.892 E/BatteryStatsImpl( 1909): 	at java.lang.reflect.Constructor.newInstance(Constructor.java:343)
06-22 14:35:18.892 E/BatteryStatsImpl( 1909): 	at com.android.server.SystemServiceManager.startService(SystemServiceManager.java:101)
06-22 14:35:18.892 E/BatteryStatsImpl( 1909): 	at com.android.server.am.ActivityManagerService$Lifecycle.startService(ActivityManagerService.java:2221)
06-22 14:35:18.892 E/BatteryStatsImpl( 1909): 	at com.android.server.SystemServer.startBootstrapServices(SystemServer.java:660)
06-22 14:35:18.892 E/BatteryStatsImpl( 1909): 	at com.android.server.SystemServer.run(SystemServer.java:510)
06-22 14:35:18.892 E/BatteryStatsImpl( 1909): 	at com.android.server.SystemServer.main(SystemServer.java:349)
06-22 14:35:18.892 E/BatteryStatsImpl( 1909): 	at java.lang.reflect.Method.invoke(Native Method)
06-22 14:35:18.892 E/BatteryStatsImpl( 1909): 	at com.android.internal.os.RuntimeInit$MethodAndArgsCaller.run(RuntimeInit.java:492)
06-22 14:35:18.892 E/BatteryStatsImpl( 1909): 	at com.android.internal.os.ZygoteInit.main(ZygoteInit.java:908)
06-22 14:35:18.892 E/BatteryStatsImpl( 1909): Caused by: android.system.ErrnoException: open failed: ENOENT (No such file or directory)
06-22 14:35:18.892 E/BatteryStatsImpl( 1909): 	at libcore.io.Linux.open(Native Method)
06-22 14:35:18.892 E/BatteryStatsImpl( 1909): 	at libcore.io.ForwardingOs.open(ForwardingOs.java:167)
06-22 14:35:18.892 E/BatteryStatsImpl( 1909): 	at libcore.io.BlockGuardOs.open(BlockGuardOs.java:252)
06-22 14:35:18.892 E/BatteryStatsImpl( 1909): 	at libcore.io.IoBridge.open(IoBridge.java:482)
06-22 14:35:18.892 E/BatteryStatsImpl( 1909): 	... 16 more
06-22 14:35:18.893 I/hwservicemanager( 1566): getTransport: Cannot find entry android.hardware.power.stats@1.0::IPowerStats/default in either framework or device manifest.
06-22 14:35:18.894 I/BatteryStatsService( 1909): Using power HAL
06-22 14:35:18.894 E/BatteryStatsService( 1909): Unable to load Power.Stats.HAL. Setting rail availability to false
06-22 14:35:18.894 E/BluetoothAdapter( 1909): Bluetooth binder is null
06-22 14:35:18.894 E/BatteryExternalStatsWorker( 1909): no controller energy info supplied for telephony
06-22 14:35:18.896 E/KernelCpuUidFreqTimeReader( 1909): Failed to read /proc/uid_time_in_state: java.nio.file.NoSuchFileException: /proc/uid_time_in_state
06-22 14:35:18.897 W/KernelCpuProcStringReader( 1909): File not found. It's normal if not implemented: /proc/uid_time_in_state
06-22 14:35:18.897 W/KernelCpuProcStringReader( 1909): File not found. It's normal if not implemented: /proc/uid_concurrent_active_time
06-22 14:35:18.897 W/KernelCpuProcStringReader( 1909): File not found. It's normal if not implemented: /proc/uid_concurrent_policy_time
06-22 14:35:18.898 W/KernelMemoryBandwidthStats( 1909): No kernel memory bandwidth stats available
06-22 14:35:18.898 I/PowerManagerService-JNI( 1909): Loaded power HAL 1.0 service
06-22 14:35:18.898 I/PowerManagerService-JNI( 1909): Loaded power HAL 1.1 service
06-22 14:35:18.898 I/ServiceManager( 1797): Waiting for service 'package_native' on '/dev/binder'...
06-22 14:35:18.909 I/hwservicemanager( 1566): getTransport: Cannot find entry android.hardware.memtrack@1.0::IMemtrack/default in either framework or device manifest.
06-22 14:35:18.909 E/memtrack( 1909): Couldn't load memtrack module
06-22 14:35:18.909 W/android.os.Debug( 1909): failed to get memory consumption info: -1
06-22 14:35:18.912 I/AppOps  ( 1909): No existing app ops /data/system/appops.xml; starting empty
06-22 14:35:18.915 I/IntentFirewall( 1909): Read new rules (A:0 B:0 S:0)
06-22 14:35:18.927 W/libprocessgroup( 1909): Failed to remove /acct/uid_1003: Permission denied
06-22 14:35:18.932 D/AppOps  ( 1909): AppOpsService published
06-22 14:35:18.935 D/SystemServerTiming( 1909): StartActivityManager took to complete: 80ms
06-22 14:35:18.935 I/SystemServer( 1909): StartPowerManager
06-22 14:35:18.935 I/SystemServiceManager( 1909): Starting com.android.server.power.PowerManagerService
06-22 14:35:18.942 D/SystemServerTiming( 1909): StartPowerManager took to complete: 7ms
06-22 14:35:18.942 I/SystemServer( 1909): StartThermalManager
06-22 14:35:18.942 I/SystemServiceManager( 1909): Starting com.android.server.power.ThermalManagerService
06-22 14:35:18.942 D/SystemServerTiming( 1909): StartThermalManager took to complete: 0ms
06-22 14:35:18.942 I/SystemServer( 1909): InitPowerManagement
06-22 14:35:18.943 D/SystemServerTiming( 1909): InitPowerManagement took to complete: 1ms
06-22 14:35:18.943 I/SystemServer( 1909): StartRecoverySystemService
06-22 14:35:18.943 I/SystemServiceManager( 1909): Starting com.android.server.RecoverySystemService
06-22 14:35:18.944 D/SystemServerTiming( 1909): StartRecoverySystemService took to complete: 1ms
06-22 14:35:18.944 V/RescueParty( 1909): Disabled because of active USB connection
06-22 14:35:18.944 I/SystemServer( 1909): StartLightsService
06-22 14:35:18.944 I/SystemServiceManager( 1909): Starting com.android.server.lights.LightsService
06-22 14:35:18.946 D/SystemServerTiming( 1909): StartLightsService took to complete: 2ms
06-22 14:35:18.946 I/SystemServer( 1909): StartSidekickService
06-22 14:35:18.946 D/SystemServerTiming( 1909): StartSidekickService took to complete: 0ms
06-22 14:35:18.946 I/SystemServer( 1909): StartDisplayManager
06-22 14:35:18.946 I/SystemServiceManager( 1909): Starting com.android.server.display.DisplayManagerService
06-22 14:35:18.948 D/SystemServerTiming( 1909): StartDisplayManager took to complete: 2ms
06-22 14:35:18.948 I/SystemServer( 1909): WaitForDisplay
06-22 14:35:18.948 I/SystemServiceManager( 1909): Starting phase 100
06-22 14:35:18.949 E/SurfaceFlinger( 1734): ro.sf.lcd_density must be defined as a build property
06-22 14:35:18.954 I/DisplayManagerService( 1909): Display device added: DisplayDeviceInfo{"Built-in Screen": uniqueId="local:0", 320 x 640, modeId 1, defaultModeId 1, supportedModes [{id=1, width=320, height=640, fps=60.000004}], colorMode 0, supportedColorModes [0], HdrCapabilities android.view.Display$HdrCapabilities@40f16308, density 160, 160.0 x 160.0 dpi, appVsyncOff 1000000, presDeadline 16666666, touch INTERNAL, rotation 0, type BUILT_IN, address {port=0}, state UNKNOWN, FLAG_DEFAULT_DISPLAY, FLAG_ROTATES_WITH_CONTENT, FLAG_SECURE, FLAG_SUPPORTS_PROTECTED_BUFFERS}
06-22 14:35:18.957 D/SurfaceFlinger( 1734): Setting power mode 2 on display 0
06-22 14:35:18.959 I/hwservicemanager( 1566): getTransport: Cannot find entry android.hardware.light@2.0::ILight/default in either framework or device manifest.
06-22 14:35:18.959 D/SystemServerTiming( 1909): WaitForDisplay took to complete: 11ms
06-22 14:35:18.959 W/StrictMode( 1909): No activity manager; failed to Dropbox violation.
06-22 14:35:18.959 I/SystemServer( 1909): StartPackageManagerService
06-22 14:35:18.959 I/Watchdog( 1909): Pausing HandlerChecker: main thread for reason: packagemanagermain. Pause count: 1
06-22 14:35:18.959 I/DisplayManagerService( 1909): Display device changed state: "Built-in Screen", ON
06-22 14:35:18.978 W/FileUtils( 1909): Failed to chmod(/data/system/packages.list): android.system.ErrnoException: chmod failed: ENOENT (No such file or directory)
06-22 14:35:18.981 D/SELinuxMMAC( 1909): Using policy file /system/etc/selinux/plat_mac_permissions.xml
06-22 14:35:18.982 D/SELinuxMMAC( 1909): Using policy file /vendor/etc/selinux/vendor_mac_permissions.xml
06-22 14:35:18.959 I/chatty  ( 1909): uid=1000(system) android.display identical 4 lines
06-22 14:35:18.959 W/StrictMode( 1909): No activity manager; failed to Dropbox violation.
06-22 14:35:18.983 D/FallbackCategoryProvider( 1909): Found 387 fallback categories
06-22 14:35:18.983 I/PackageManager( 1909): No settings file; creating initial state
06-22 14:35:18.985 D/PackageManager( 1909): No files in app dir /vendor/overlay
06-22 14:35:18.989 I/PackageManager( 1909): /system/product/overlay/FontNotoSerifSource changed; collecting certs
06-22 14:35:18.998 I/ServiceManager( 1797): Waiting for service 'package_native' on '/dev/binder'...
06-22 14:35:19.006 V/apexd   ( 1639): Found bundled key in package /system/apex/com.android.apex.cts.shim.apex
06-22 14:35:19.006 E/apexd   ( 1639): Can't open /product/apex for reading : No such file or directory
06-22 14:35:19.024 I/PackageManager( 1909): /system/product/overlay/IconShapeRoundedRect changed; collecting certs
06-22 14:35:19.026 I/PackageManager( 1909): /system/product/overlay/EmulationPixel4a changed; collecting certs
06-22 14:35:19.026 I/PackageManager( 1909): /system/product/overlay/PixelConfigOverlayCommon.apk changed; collecting certs
06-22 14:35:19.027 I/PackageManager( 1909): /system/product/overlay/IconPackFilledThemePicker changed; collecting certs
