06-22 14:35:20.535 I/SystemServiceManager( 1909): Starting com.android.server.UiModeManagerService
06-22 14:35:20.535 D/SystemServerInitThreadPool( 1909): Started executing UiModeManager.onStart
06-22 14:35:20.536 D/SystemServerTiming( 1909): StartUiModeManager took to complete: 1ms
06-22 14:35:20.536 I/SystemServer( 1909): UpdatePackagesIfNeeded
06-22 14:35:20.536 I/Watchdog( 1909): Pausing HandlerChecker: main thread for reason: dexopt. Pause count: 1
06-22 14:35:20.536 I/ActivityTaskManager( 1909): Config changes=200 {1.0 ?mcc?mnc [en_US] ldltr sw320dp w320dp h616dp 160dpi nrml long port finger qwerty/v/v -nav/h winConfig={ mBounds=Rect(0, 0 - 320, 640) mAppBounds=Rect(0, 0 - 320, 640) mWindowingMode=fullscreen mDisplayWindowingMode=fullscreen mActivityType=undefined mAlwaysOnTop=undefined mRotation=ROTATION_0} s.4}
06-22 14:35:20.537 I/ActivityTaskManager( 1909): Override config changes=200 {1.0 ?mcc?mnc [en_US] ldltr sw320dp w320dp h616dp 160dpi nrml long port finger qwerty/v/v -nav/h winConfig={ mBounds=Rect(0, 0 - 320, 640) mAppBounds=Rect(0, 0 - 320, 640) mWindowingMode=fullscreen mDisplayWindowingMode=fullscreen mActivityType=undefined mAlwaysOnTop=undefined mRotation=ROTATION_0} s.4} for displayId=0
06-22 14:35:20.539 D/SystemServerInitThreadPool( 1909): Finished executing UiModeManager.onStart
06-22 14:35:20.534 D/installd( 1776): Found quota mount /dev/block/vdc at /data
06-22 14:35:20.542 I/system_server( 1909): The ClassLoaderContext is a special shared library.
06-22 14:35:20.613 I/chatty  ( 1909): uid=1000 system_server identical 21 lines
06-22 14:35:20.614 I/system_server( 1909): The ClassLoaderContext is a special shared library.
06-22 14:35:20.615 E/ActivityRecognitionHardware( 1664): activity_recognition HAL is deprecated. class_init is effectively a no-op
06-22 14:35:20.615 I/system_server( 1909): The ClassLoaderContext is a special shared library.
06-22 14:35:20.642 I/chatty  ( 1909): uid=1000 system_server identical 11 lines
06-22 14:35:20.647 I/system_server( 1909): The ClassLoaderContext is a special shared library.
06-22 14:35:20.647 I/zygote  ( 1664): Thread[1,tid=1664,Native,Thread*=0xedd34e00,peer=0x12d40000,"main"] recursive attempt to load library "libmedia_jni.so"
06-22 14:35:20.648 D/MtpDeviceJNI( 1664): register_android_mtp_MtpDevice
06-22 14:35:20.648 I/zygote  ( 1664): Thread[1,tid=1664,Native,Thread*=0xedd34e00,peer=0x12d40000,"main"] recursive attempt to load library "libmedia_jni.so"
06-22 14:35:20.648 I/zygote  ( 1664): Thread[1,tid=1664,Native,Thread*=0xedd34e00,peer=0x12d40000,"main"] recursive attempt to load library "libmedia_jni.so"
06-22 14:35:20.653 I/system_server( 1909): The ClassLoaderContext is a special shared library.
06-22 14:35:20.654 I/chatty  ( 1909): uid=1000 system_server identical 1 line
06-22 14:35:20.656 I/system_server( 1909): The ClassLoaderContext is a special shared library.
06-22 14:35:20.656 W/Zygote  ( 1664): Class not found for preloading: android.media.audiopolicy.AudioProductStrategies
06-22 14:35:20.656 W/Zygote  ( 1664): Class not found for preloading: android.media.audiopolicy.AudioVolumeGroups
06-22 14:35:20.659 I/system_server( 1909): The ClassLoaderContext is a special shared library.
06-22 14:35:20.724 I/chatty  ( 1909): uid=1000 system_server identical 25 lines
06-22 14:35:20.725 I/system_server( 1909): The ClassLoaderContext is a special shared library.
06-22 14:35:20.727 W/Zygote  ( 1664): Class not found for preloading: android.view.textclassifier.-$$Lambda$TextClassificationManager$JIaezIJbMig_-kVzN6oArzkTsJE
06-22 14:35:20.729 I/system_server( 1909): The ClassLoaderContext is a special shared library.
06-22 14:35:20.730 I/system_server( 1909): The ClassLoaderContext is a special shared library.
06-22 14:35:20.730 W/Zygote  ( 1664): Class not found for preloading: com.android.internal.net.NetworkStatsFactory
06-22 14:35:20.733 W/Zygote  ( 1664): Class not found for preloading: com.android.internal.telephony.-$$Lambda$PhoneSubInfoController$8HFbCDJDN1mrLJG980qYH5MGqMk
06-22 14:35:20.733 W/Zygote  ( 1664): Class not found for preloading: com.android.internal.telephony.-$$Lambda$PhoneSubInfoController$U28a_EGx2cvmQhDfRRgonMt5Zrc
06-22 14:35:20.733 W/Zygote  ( 1664): Class not found for preloading: com.android.internal.telephony.-$$Lambda$SubscriptionInfoUpdater$-zZXM9oMRZ3vZz7dJOG19J00Bmw
06-22 14:35:20.733 W/Zygote  ( 1664): Class not found for preloading: com.android.internal.telephony.-$$Lambda$SubscriptionInfoUpdater$D5yF1HbS4cvCyoAj3FESkPtA_0g
06-22 14:35:20.733 W/Zygote  ( 1664): Class not found for preloading: com.android.internal.telephony.-$$Lambda$SubscriptionInfoUpdater$MMx9iQX0JVqqMPLTUZhdBubFSzU
06-22 14:35:20.736 I/system_server( 1909): The ClassLoaderContext is a special shared library.
06-22 14:35:20.738 W/Zygote  ( 1664): Class not found for preloading: com.android.internal.telephony.PhoneConfigurationModels
06-22 14:35:20.740 W/Zygote  ( 1664): Class not found for preloading: com.android.internal.telephony.SubscriptionController$ScLocalLog
06-22 14:35:20.740 W/Zygote  ( 1664): Class not found for preloading: com.android.internal.telephony.UiccSmsController
06-22 14:35:20.746 I/system_server( 1909): The ClassLoaderContext is a special shared library.
06-22 14:35:20.773 I/chatty  ( 1909): uid=1000 system_server identical 10 lines
06-22 14:35:20.773 I/system_server( 1909): The ClassLoaderContext is a special shared library.
06-22 14:35:20.774 I/Zygote  ( 1664): ...preloaded 7590 classes in 338ms.
06-22 14:35:20.774 I/zygote  ( 1664): VMRuntime.preloadDexCaches starting
06-22 14:35:20.776 I/system_server( 1909): The ClassLoaderContext is a special shared library.
06-22 14:35:20.793 I/chatty  ( 1909): uid=1000 system_server identical 3 lines
06-22 14:35:20.799 I/system_server( 1909): The ClassLoaderContext is a special shared library.
06-22 14:35:20.801 I/zygote  ( 1664): VMRuntime.preloadDexCaches strings total=378948 before=9925 after=9925
06-22 14:35:20.801 I/zygote  ( 1664): VMRuntime.preloadDexCaches types total=35812 before=7199 after=7467
06-22 14:35:20.801 I/zygote  ( 1664): VMRuntime.preloadDexCaches fields total=160603 before=8020 after=8221
06-22 14:35:20.801 I/zygote  ( 1664): VMRuntime.preloadDexCaches methods total=281511 before=10884 after=11316
06-22 14:35:20.801 I/zygote  ( 1664): VMRuntime.preloadDexCaches finished
06-22 14:35:20.801 D/ZygoteInitTiming_lazy( 1664): PreloadClasses took to complete: 365ms
06-22 14:35:20.806 I/system_server( 1909): The ClassLoaderContext is a special shared library.
06-22 14:35:20.807 I/zygote  ( 1664): The ClassLoaderContext is a special shared library.
06-22 14:35:20.808 D/ApplicationLoaders( 1664): Created zygote-cached class loader: /system/framework/android.hidl.base-V1.0-java.jar
06-22 14:35:20.812 I/system_server( 1909): The ClassLoaderContext is a special shared library.
06-22 14:35:20.812 I/zygote  ( 1664): The ClassLoaderContext is a special shared library.
06-22 14:35:20.813 D/ApplicationLoaders( 1664): Created zygote-cached class loader: /system/framework/android.hidl.manager-V1.0-java.jar
06-22 14:35:20.813 D/ZygoteInitTiming_lazy( 1664): CacheNonBootClasspathClassLoaders took to complete: 12ms
06-22 14:35:20.818 I/system_server( 1909): The ClassLoaderContext is a special shared library.
06-22 14:35:20.859 I/chatty  ( 1909): uid=1000 system_server identical 8 lines
06-22 14:35:20.863 I/system_server( 1909): The ClassLoaderContext is a special shared library.
06-22 14:35:20.866 I/Zygote  ( 1664): Preloading resources...
06-22 14:35:20.868 I/system_server( 1909): The ClassLoaderContext is a special shared library.
06-22 14:35:20.878 W/Resources( 1664): Preloaded drawable resource #0x108027c (android:drawable/dialog_background_material) that varies with configuration!!
06-22 14:35:20.881 I/system_server( 1909): The ClassLoaderContext is a special shared library.
06-22 14:35:20.882 I/Zygote  ( 1664): ...preloaded 64 resources in 16ms.
06-22 14:35:20.883 I/Zygote  ( 1664): ...preloaded 41 resources in 1ms.
06-22 14:35:20.883 D/ZygoteInitTiming_lazy( 1664): PreloadResources took to complete: 70ms
06-22 14:35:20.887 I/system_server( 1909): The ClassLoaderContext is a special shared library.
06-22 14:35:20.887 I/Zygote  ( 1664): Preloading shared libraries...
06-22 14:35:20.889 I/system_server( 1909): The ClassLoaderContext is a special shared library.
06-22 14:35:20.892 I/chatty  ( 1909): uid=1000 system_server identical 1 line
06-22 14:35:20.893 I/system_server( 1909): The ClassLoaderContext is a special shared library.
06-22 14:35:20.893 I/Zygote  ( 1664): Called ZygoteHooks.endPreload()
06-22 14:35:20.893 I/Zygote  ( 1664): Installed AndroidKeyStoreProvider in 0ms.
06-22 14:35:20.894 I/system_server( 1909): The ClassLoaderContext is a special shared library.
06-22 14:35:20.895 I/chatty  ( 1909): uid=1000 system_server identical 1 line
06-22 14:35:20.897 I/system_server( 1909): The ClassLoaderContext is a special shared library.
06-22 14:35:20.900 I/Zygote  ( 1664): Warmed up JCA providers in 7ms.
06-22 14:35:20.900 D/Zygote  ( 1664): end preload
06-22 14:35:20.900 D/SystemServerTimingAsync( 1909): SecondaryZygotePreload took to complete: 533ms
06-22 14:35:20.900 D/SystemServerInitThreadPool( 1909): Finished executing SecondaryZygotePreload
06-22 14:35:20.902 I/system_server( 1909): The ClassLoaderContext is a special shared library.
06-22 14:35:20.962 I/Watchdog( 1909): Resuming HandlerChecker: main thread for reason: dexopt. Pause count: 0
06-22 14:35:20.962 D/SystemServerTiming( 1909): UpdatePackagesIfNeeded took to complete: 426ms
06-22 14:35:20.962 I/SystemServer( 1909): PerformFstrimIfNeeded
06-22 14:35:20.962 W/PackageManager( 1909): No disk maintenance in 1782138920962; running immediately
06-22 14:35:20.962 I/StorageManagerService( 1909): Running fstrim idle maintenance
06-22 14:35:20.963 D/SystemServerTiming( 1909): PerformFstrimIfNeeded took to complete: 1ms
06-22 14:35:20.958 I/chatty  ( 1909): uid=1000 system_server identical 18 lines
06-22 14:35:20.961 I/system_server( 1909): The ClassLoaderContext is a special shared library.
06-22 14:35:20.963 I/hwservicemanager( 1566): getTransport: Cannot find entry android.hardware.boot@1.0::IBootControl/default in either framework or device manifest.
06-22 14:35:20.963 I/SystemServer( 1909): StartLockSettingsService
06-22 14:35:20.963 I/SystemServiceManager( 1909): Starting com.android.server.locksettings.LockSettingsService$Lifecycle
06-22 14:35:20.966 I/vold    ( 1573): Skip mounting partition: /product
06-22 14:35:20.966 I/vold    ( 1573): Skip mounting partition: /product_services
06-22 14:35:20.966 D/vold    ( 1573): Starting trim of /data
06-22 14:35:20.966 W/vold    ( 1573): Trim failed on /data: Operation not supported on transport endpoint
06-22 14:35:20.966 D/vold    ( 1573): Starting trim of none
06-22 14:35:20.966 W/vold    ( 1573): Failed to open none: No such file or directory
06-22 14:35:20.982 D/SystemServerTiming( 1909): StartLockSettingsService took to complete: 19ms
06-22 14:35:20.982 I/SystemServer( 1909): StartTestHarnessMode
06-22 14:35:20.982 I/SystemServiceManager( 1909): Starting com.android.server.testharness.TestHarnessModeService
06-22 14:35:20.982 D/SystemServerTiming( 1909): StartTestHarnessMode took to complete: 0ms
06-22 14:35:20.982 I/hwservicemanager( 1566): getTransport: Cannot find entry android.hardware.oemlock@1.0::IOemLock/default in either framework or device manifest.
06-22 14:35:20.982 I/OemLock ( 1909): OemLock HAL not present on device
06-22 14:35:20.982 I/SystemServer( 1909): StartDeviceIdleController
06-22 14:35:20.982 I/SystemServiceManager( 1909): Starting com.android.server.DeviceIdleController
06-22 14:35:20.986 D/SystemServerTiming( 1909): StartDeviceIdleController took to complete: 4ms
06-22 14:35:20.986 I/SystemServer( 1909): StartDevicePolicyManager
06-22 14:35:20.986 I/SystemServiceManager( 1909): Starting com.android.server.devicepolicy.DevicePolicyManagerService$Lifecycle
06-22 14:35:20.990 D/SystemServerTiming( 1909): StartDevicePolicyManager took to complete: 4ms
06-22 14:35:20.990 I/SystemServer( 1909): StartStatusBarManagerService
06-22 14:35:20.990 D/SystemServerTiming( 1909): StartStatusBarManagerService took to complete: 0ms
06-22 14:35:20.990 D/SystemServer( 1909): ContentCaptureService disabled because resource is not overlaid
06-22 14:35:20.990 D/SystemServer( 1909): AttentionService is not configured on this device
06-22 14:35:20.990 I/SystemServer( 1909): StartSystemCaptionsManagerService
06-22 14:35:20.991 I/SystemServiceManager( 1909): Starting com.android.server.systemcaptions.SystemCaptionsManagerService
06-22 14:35:20.991 D/SystemServerTiming( 1909): StartSystemCaptionsManagerService took to complete: 0ms
06-22 14:35:20.991 I/SystemServer( 1909): StartAppPredictionService
06-22 14:35:20.992 I/SystemServiceManager( 1909): Starting com.android.server.appprediction.AppPredictionManagerService
06-22 14:35:20.992 D/SystemServerTiming( 1909): StartAppPredictionService took to complete: 1ms
06-22 14:35:20.992 I/SystemServer( 1909): StartContentSuggestionsService
06-22 14:35:20.993 I/SystemServiceManager( 1909): Starting com.android.server.contentsuggestions.ContentSuggestionsManagerService
06-22 14:35:20.993 D/SystemServerTiming( 1909): StartContentSuggestionsService took to complete: 1ms
06-22 14:35:20.993 I/SystemServer( 1909): InitNetworkStackClient
06-22 14:35:20.993 D/SystemServerTiming( 1909): InitNetworkStackClient took to complete: 0ms
06-22 14:35:20.993 I/SystemServer( 1909): StartNetworkManagementService
06-22 14:35:20.996 I/netd    ( 1662): registerUnsolicitedEventListener() <0.03ms>
06-22 14:35:20.996 D/SystemServerTiming( 1909): StartNetworkManagementService took to complete: 3ms
06-22 14:35:20.996 I/SystemServer( 1909): StartIpSecService
06-22 14:35:20.996 D/SystemServerTiming( 1909): StartIpSecService took to complete: 0ms
06-22 14:35:20.996 I/SystemServer( 1909): StartTextServicesManager
06-22 14:35:20.996 I/SystemServiceManager( 1909): Starting com.android.server.textservices.TextServicesManagerService$Lifecycle
06-22 14:35:20.997 D/SystemServerTiming( 1909): StartTextServicesManager took to complete: 1ms
06-22 14:35:20.997 I/SystemServer( 1909): StartTextClassificationManagerService
06-22 14:35:20.997 I/SystemServiceManager( 1909): Starting com.android.server.textclassifier.TextClassificationManagerService$Lifecycle
06-22 14:35:20.997 D/SystemServerTiming( 1909): StartTextClassificationManagerService took to complete: 0ms
06-22 14:35:20.997 I/SystemServer( 1909): StartNetworkScoreService
06-22 14:35:20.997 I/SystemServiceManager( 1909): Starting com.android.server.NetworkScoreService$Lifecycle
06-22 14:35:20.998 I/NetworkScoreService( 1909): Registering network_score
06-22 14:35:20.998 D/SystemServerTiming( 1909): StartNetworkScoreService took to complete: 1ms
06-22 14:35:20.998 I/SystemServer( 1909): StartNetworkStatsService
06-22 14:35:20.999 D/SystemServerTiming( 1909): StartNetworkStatsService took to complete: 1ms
06-22 14:35:20.999 I/SystemServer( 1909): StartNetworkPolicyManagerService
06-22 14:35:21.000 D/SystemServerTiming( 1909): StartNetworkPolicyManagerService took to complete: 1ms
06-22 14:35:21.000 I/SystemServer( 1909): StartWifi
06-22 14:35:21.008 I/SystemServiceManager( 1909): Starting com.android.server.wifi.WifiService
06-22 14:35:21.057 E/HostapdHal( 1909): Malformed channel value detected: java.lang.NumberFormatException: For input string: ""
06-22 14:35:21.066 D/WifiCountryCode( 1909): mDefaultCountryCode null mRevertCountryCodeOnCellularLoss false
06-22 14:35:21.066 D/WifiApConfigStore( 1909): 2G band allowed channels are:1,6,11
06-22 14:35:21.066 E/WifiApConfigStore( 1909): Error reading hotspot configuration java.io.FileNotFoundException: /data/misc/wifi/softap.conf: open failed: ENOENT (No such file or directory)
06-22 14:35:21.066 D/WifiApConfigStore( 1909): Fallback to use default AP configuration
06-22 14:35:21.068 I/WifiScoringParams( 1909): rssi2=-83:-80:-73:-60,rssi5=-80:-77:-70:-57,pps=0:1:100,horizon=15,nud=8,expid=0
06-22 14:35:21.092 D/WifiOpenNetworkNotifier( 1909): Settings toggle enabled=true
06-22 14:35:21.092 D/WifiCarrierNetworkNotifier( 1909): Settings toggle enabled=true
06-22 14:35:21.094 D/WifiActiveModeWarden( 1909): Starting Wifi in WifiDisabledState
06-22 14:35:21.094 D/WifiActiveModeWarden( 1909): Entering WifiDisabledState
06-22 14:35:21.095 D/WakeupController( 1909): WifiWake enabled
06-22 14:35:21.096 E/WifiClientModeImpl( 1909): getWifiLinkLayerStats called without an interface
06-22 14:35:21.098 E/SupplicantStaIfaceHal( 1909): Can't call setDebugParams, ISupplicant is null
06-22 14:35:21.098 W/WifiDiags( 1909): no ring buffers found
06-22 14:35:21.098 W/WifiDiags( 1909): Failed to start packet fate monitoring
06-22 14:35:21.098 I/WifiService( 1909): Registering wifi
06-22 14:35:21.098 D/SystemServerTiming( 1909): StartWifi took to complete: 97ms
06-22 14:35:21.098 I/SystemServer( 1909): StartWifiScanning
06-22 14:35:21.099 I/SystemServiceManager( 1909): Starting com.android.server.wifi.scanner.WifiScanningService
06-22 14:35:21.099 I/WifiScanningService( 1909): Creating wifiscanner
06-22 14:35:21.101 I/WifiScanningService( 1909): Publishing wifiscanner
06-22 14:35:21.101 D/SystemServerTiming( 1909): StartWifiScanning took to complete: 3ms
06-22 14:35:21.101 I/SystemServer( 1909): StartWifiP2P
06-22 14:35:21.101 I/SystemServiceManager( 1909): Starting com.android.server.wifi.p2p.WifiP2pService
06-22 14:35:21.106 W/HalDevMgr( 1909): isWifiStarted called but mWifi is null!?
06-22 14:35:21.106 I/WifiP2pService( 1909): Registering wifip2p
06-22 14:35:21.106 D/SystemServerTiming( 1909): StartWifiP2P took to complete: 5ms
06-22 14:35:21.106 I/SystemServer( 1909): StartConnectivityService
06-22 14:35:21.108 D/ConnectivityService( 1909): ConnectivityService starting up
06-22 14:35:21.111 D/ConnectivityService( 1909): wifiOnly=false
06-22 14:35:21.115 D/SystemServerTiming( 1909): StartConnectivityService took to complete: 9ms
06-22 14:35:21.115 I/SystemServer( 1909): StartNsdService
06-22 14:35:21.116 D/NsdService( 1909): Network service discovery is enabled
06-22 14:35:21.117 D/SystemServerTiming( 1909): StartNsdService took to complete: 2ms
06-22 14:35:21.117 I/SystemServer( 1909): StartSystemUpdateManagerService
06-22 14:35:21.117 I/SystemUpdateManagerService( 1909): No existing info file /data/system/system-update-info.xml
06-22 14:35:21.117 D/SystemServerTiming( 1909): StartSystemUpdateManagerService took to complete: 0ms
06-22 14:35:21.117 I/SystemServer( 1909): StartUpdateLockService
06-22 14:35:21.117 D/SystemServerTiming( 1909): StartUpdateLockService took to complete: 0ms
06-22 14:35:21.117 I/SystemServer( 1909): StartNotificationManager
06-22 14:35:21.118 I/SystemServiceManager( 1909): Starting com.android.server.notification.NotificationManagerService
06-22 14:35:21.125 D/ConditionProviders.SCP( 1909): new ScheduleConditionProvider()
06-22 14:35:21.127 I/ConditionProviders( 1909):  Allowing condition provider com.google.android.apps.nexuslauncher/com.android.launcher3.notification.NotificationListener
06-22 14:35:21.128 I/NotificationListeners( 1909):  Allowing notification listener com.google.android.apps.nexuslauncher/com.android.launcher3.notification.NotificationListener
06-22 14:35:21.128 V/NotificationListeners( 1909): enabling notification listener for 0: ComponentInfo{com.google.android.apps.nexuslauncher/com.android.launcher3.notification.NotificationListener}
06-22 14:35:21.128 V/NotificationListeners( 1909): binding: Intent { act=android.service.notification.NotificationListenerService cmp=com.google.android.apps.nexuslauncher/com.android.launcher3.notification.NotificationListener (has extras) }
06-22 14:35:21.128 W/ActivityManager( 1909): Unable to start service Intent { act=android.service.notification.NotificationListenerService cmp=com.google.android.apps.nexuslauncher/com.android.launcher3.notification.NotificationListener } U=0: not found
06-22 14:35:21.128 W/NotificationListeners( 1909): Unable to bind notification listener service: Intent { act=android.service.notification.NotificationListenerService cmp=com.google.android.apps.nexuslauncher/com.android.launcher3.notification.NotificationListener (has extras) } in user 0
06-22 14:35:21.132 I/ConditionProviders( 1909):  Allowing condition provider com.google.android.apps.restore/com.google.android.apps.pixelmigrate.component.NotificationConsolidatorService
06-22 14:35:21.132 I/NotificationListeners( 1909):  Allowing notification listener com.google.android.apps.restore/com.google.android.apps.pixelmigrate.component.NotificationConsolidatorService
06-22 14:35:21.132 V/NotificationListeners( 1909): enabling notification listener for 0: ComponentInfo{com.google.android.apps.restore/com.google.android.apps.pixelmigrate.component.NotificationConsolidatorService}
06-22 14:35:21.132 V/NotificationListeners( 1909): binding: Intent { act=android.service.notification.NotificationListenerService cmp=com.google.android.apps.restore/com.google.android.apps.pixelmigrate.component.NotificationConsolidatorService (has extras) }
06-22 14:35:21.132 W/ActivityManager( 1909): Unable to start service Intent { act=android.service.notification.NotificationListenerService cmp=com.google.android.apps.restore/com.google.android.apps.pixelmigrate.component.NotificationConsolidatorService } U=0: not found
06-22 14:35:21.132 W/NotificationListeners( 1909): Unable to bind notification listener service: Intent { act=android.service.notification.NotificationListenerService cmp=com.google.android.apps.restore/com.google.android.apps.pixelmigrate.component.NotificationConsolidatorService (has extras) } in user 0
06-22 14:35:21.132 V/NotificationListeners( 1909): enabling notification listener for 0: ComponentInfo{com.google.android.apps.nexuslauncher/com.android.launcher3.notification.NotificationListener}
06-22 14:35:21.132 V/NotificationListeners( 1909): binding: Intent { act=android.service.notification.NotificationListenerService cmp=com.google.android.apps.nexuslauncher/com.android.launcher3.notification.NotificationListener (has extras) }
06-22 14:35:21.132 W/ActivityManager( 1909): Unable to start service Intent { act=android.service.notification.NotificationListenerService cmp=com.google.android.apps.nexuslauncher/com.android.launcher3.notification.NotificationListener } U=0: not found
06-22 14:35:21.132 W/NotificationListeners( 1909): Unable to bind notification listener service: Intent { act=android.service.notification.NotificationListenerService cmp=com.google.android.apps.nexuslauncher/com.android.launcher3.notification.NotificationListener (has extras) } in user 0
06-22 14:35:21.132 I/ConditionProviders( 1909):  Allowing condition provider com.google.android.GoogleCamera
06-22 14:35:21.132 I/ConditionProviders( 1909):  Allowing condition provider com.google.android.gms
06-22 14:35:21.133 I/ConditionProviders( 1909):  Allowing condition provider com.google.intelligence.sense
06-22 14:35:21.133 I/ConditionProviders( 1909):  Allowing condition provider com.google.android.settings.intelligence
06-22 14:35:21.133 I/ConditionProviders( 1909):  Allowing condition provider com.google.android.apps.wellbeing
06-22 14:35:21.133 I/ConditionProviders( 1909):  Allowing condition provider com.google.android.apps.safetyhub
06-22 14:35:21.133 I/ConditionProviders( 1909):  Allowing condition provider com.google.android.ext.services/android.ext.services.notification.Assistant
06-22 14:35:21.134 I/NotificationAssistants( 1909):  Allowing notification assistant com.google.android.ext.services/android.ext.services.notification.Assistant
06-22 14:35:21.134 V/NotificationAssistants( 1909): enabling notification assistant for 0: ComponentInfo{com.google.android.ext.services/android.ext.services.notification.Assistant}
06-22 14:35:21.134 V/NotificationAssistants( 1909): binding: Intent { act=android.service.notification.NotificationAssistantService cmp=com.google.android.ext.services/android.ext.services.notification.Assistant (has extras) }
06-22 14:35:21.134 D/NotificationService( 1909): Set default NAS to be com.google.android.ext.services/android.ext.services.notification.Assistant in 0
06-22 14:35:21.142 D/SystemServerTiming( 1909): StartNotificationManager took to complete: 25ms
06-22 14:35:21.142 I/SystemServer( 1909): StartDeviceMonitor
06-22 14:35:21.142 I/SystemServiceManager( 1909): Starting com.android.server.storage.DeviceStorageMonitorService
06-22 14:35:21.147 D/SystemServerTiming( 1909): StartDeviceMonitor took to complete: 5ms
06-22 14:35:21.147 I/SystemServer( 1909): StartLocationManagerService
06-22 14:35:21.148 D/SystemServerTiming( 1909): StartLocationManagerService took to complete: 1ms
06-22 14:35:21.148 I/SystemServer( 1909): StartCountryDetectorService
06-22 14:35:21.148 D/SystemServerTiming( 1909): StartCountryDetectorService took to complete: 0ms
06-22 14:35:21.148 I/SystemServer( 1909): StartTimeDetectorService
06-22 14:35:21.148 I/SystemServiceManager( 1909): Starting com.android.server.timedetector.TimeDetectorService$Lifecycle
06-22 14:35:21.149 D/SystemServerTiming( 1909): StartTimeDetectorService took to complete: 1ms
06-22 14:35:21.149 I/SystemServer( 1909): StartSearchManagerService
06-22 14:35:21.149 I/SystemServiceManager( 1909): Starting com.android.server.search.SearchManagerService$Lifecycle
06-22 14:35:21.149 D/SystemServerTiming( 1909): StartSearchManagerService took to complete: 0ms
06-22 14:35:21.149 I/SystemServer( 1909): StartWallpaperManagerService
06-22 14:35:21.149 I/SystemServiceManager( 1909): Starting com.android.server.wallpaper.WallpaperManagerService$Lifecycle
06-22 14:35:21.150 D/SystemServerTiming( 1909): StartWallpaperManagerService took to complete: 1ms
06-22 14:35:21.150 I/SystemServer( 1909): StartAudioService
06-22 14:35:21.150 I/SystemServiceManager( 1909): Starting com.android.server.audio.AudioService$Lifecycle
06-22 14:35:21.160 D/PermissionCache( 1730): checking android.permission.MODIFY_AUDIO_ROUTING for uid=1000 => granted (470 us)
06-22 14:35:21.162 W/TelecomManager( 1909): Telecom Service not found.
06-22 14:35:21.163 D/PermissionCache( 1730): checking android.permission.MODIFY_AUDIO_SETTINGS for uid=1000 => granted (41 us)
06-22 14:35:21.164 W/AudioFlinger( 1730): no wake lock to update, system not ready yet
06-22 14:35:21.165 W/DeviceHAL( 1697): Error from HAL Device in function set_mic_mute: Function not implemented
06-22 14:35:21.165 E/AudioSystem-JNI( 1909): Command failed for android_media_AudioSystem_muteMicrophone: -38
06-22 14:35:21.179 D/AudioFlinger( 1730): isLowRamDevice:false totalMemory:2089566208 mClientSharedHeapSize:4194304
06-22 14:35:21.180 D/SystemServerTiming( 1909): StartAudioService took to complete: 30ms
06-22 14:35:21.180 I/SystemServer( 1909): StartDockObserver
06-22 14:35:21.180 I/SystemServiceManager( 1909): Starting com.android.server.DockObserver
06-22 14:35:21.180 W/DockObserver( 1909): This kernel does not have dock station support
06-22 14:35:21.181 D/SystemServerTiming( 1909): StartDockObserver took to complete: 1ms
06-22 14:35:21.181 I/SystemServer( 1909): StartWiredAccessoryManager
06-22 14:35:21.181 W/WiredAccessoryManager( 1909): This kernel does not have usb audio support
06-22 14:35:21.181 W/WiredAccessoryManager( 1909): This kernel does not have HDMI audio support
06-22 14:35:21.181 D/SystemServerTiming( 1909): StartWiredAccessoryManager took to complete: 0ms
06-22 14:35:21.181 I/SystemServer( 1909): StartMidiManager
06-22 14:35:21.181 I/SystemServiceManager( 1909): Starting com.android.server.midi.MidiService$Lifecycle
06-22 14:35:21.182 D/SystemServerTiming( 1909): StartMidiManager took to complete: 1ms
06-22 14:35:21.182 I/SystemServer( 1909): StartAdbService
06-22 14:35:21.182 I/SystemServiceManager( 1909): Starting com.android.server.adb.AdbService$Lifecycle
06-22 14:35:21.182 D/SystemServerTiming( 1909): StartAdbService took to complete: 0ms
06-22 14:35:21.182 I/SystemServer( 1909): StartUsbService
06-22 14:35:21.182 I/SystemServiceManager( 1909): Starting com.android.server.usb.UsbService$Lifecycle
06-22 14:35:21.183 E/UsbDeviceManager( 1909): failed to write to /sys/class/android_usb/android0/f_rndis/ethaddr
06-22 14:35:21.183 I/hwservicemanager( 1566): getTransport: Cannot find entry android.hardware.usb.gadget@1.0::IUsbGadget/default in either framework or device manifest.
06-22 14:35:21.185 I/UsbDeviceManager( 1909): USB GADGET HAL not present in the device
06-22 14:35:21.185 I/UsbDeviceManager( 1909): java.util.NoSuchElementException
06-22 14:35:21.185 I/UsbDeviceManager( 1909): 	at android.os.HwBinder.getService(Native Method)
06-22 14:35:21.185 I/UsbDeviceManager( 1909): 	at android.hardware.usb.gadget.V1_0.IUsbGadget.getService(IUsbGadget.java:55)
06-22 14:35:21.185 I/UsbDeviceManager( 1909): 	at android.hardware.usb.gadget.V1_0.IUsbGadget.getService(IUsbGadget.java:62)
06-22 14:35:21.185 I/UsbDeviceManager( 1909): 	at com.android.server.usb.UsbDeviceManager.<init>(UsbDeviceManager.java:262)
06-22 14:35:21.185 I/UsbDeviceManager( 1909): 	at com.android.server.usb.UsbService.<init>(UsbService.java:150)
06-22 14:35:21.185 I/UsbDeviceManager( 1909): 	at com.android.server.usb.UsbService$Lifecycle.onStart(UsbService.java:84)
06-22 14:35:21.185 I/UsbDeviceManager( 1909): 	at com.android.server.SystemServiceManager.startService(SystemServiceManager.java:129)
06-22 14:35:21.185 I/UsbDeviceManager( 1909): 	at com.android.server.SystemServiceManager.startService(SystemServiceManager.java:116)
06-22 14:35:21.185 I/UsbDeviceManager( 1909): 	at com.android.server.SystemServiceManager.startService(SystemServiceManager.java:75)
06-22 14:35:21.185 I/UsbDeviceManager( 1909): 	at com.android.server.SystemServer.startOtherServices(SystemServer.java:1532)
06-22 14:35:21.185 I/UsbDeviceManager( 1909): 	at com.android.server.SystemServer.run(SystemServer.java:512)
06-22 14:35:21.185 I/UsbDeviceManager( 1909): 	at com.android.server.SystemServer.main(SystemServer.java:349)
06-22 14:35:21.185 I/UsbDeviceManager( 1909): 	at java.lang.reflect.Method.invoke(Native Method)
06-22 14:35:21.185 I/UsbDeviceManager( 1909): 	at com.android.internal.os.RuntimeInit$MethodAndArgsCaller.run(RuntimeInit.java:492)
06-22 14:35:21.185 I/UsbDeviceManager( 1909): 	at com.android.internal.os.ZygoteInit.main(ZygoteInit.java:908)
06-22 14:35:21.185 E/UsbDeviceManagerJNI( 1909): could not open control for mtp No such file or directory
06-22 14:35:21.185 E/UsbDeviceManager( 1909): Failed to open control for mtp
06-22 14:35:21.185 E/UsbDeviceManagerJNI( 1909): could not open control for ptp No such file or directory
06-22 14:35:21.185 E/UsbDeviceManager( 1909): Failed to open control for ptp
06-22 14:35:21.188 W/StorageManagerService( 1909): No primary storage defined yet; hacking together a stub
06-22 14:35:21.188 E/UsbDeviceManagerJNI( 1909): could not open /dev/usb_accessory
06-22 14:35:21.189 I/android_os_HwBinder( 1909): HwBinder: Starting thread pool for getting: android.hidl.manager@1.0::IServiceManager/default
06-22 14:35:21.189 I/hwservicemanager( 1566): getTransport: Cannot find entry android.hardware.usb@1.0::IUsb/default in either framework or device manifest.
06-22 14:35:21.190 E/UsbPortManager( 1909): connectToProxy: usb hal service not found. Did the service fail to start?
06-22 14:35:21.190 E/UsbPortManager( 1909): java.util.NoSuchElementException
06-22 14:35:21.190 E/UsbPortManager( 1909): 	at android.os.HwBinder.getService(Native Method)
06-22 14:35:21.190 E/UsbPortManager( 1909): 	at android.os.HwBinder.getService(HwBinder.java:83)
06-22 14:35:21.190 E/UsbPortManager( 1909): 	at android.hardware.usb.V1_0.IUsb.getService(IUsb.java:70)
06-22 14:35:21.190 E/UsbPortManager( 1909): 	at android.hardware.usb.V1_0.IUsb.getService(IUsb.java:77)
06-22 14:35:21.190 E/UsbPortManager( 1909): 	at com.android.server.usb.UsbPortManager.connectToProxy(UsbPortManager.java:780)
06-22 14:35:21.190 E/UsbPortManager( 1909): 	at com.android.server.usb.UsbPortManager.<init>(UsbPortManager.java:175)
06-22 14:35:21.190 E/UsbPortManager( 1909): 	at com.android.server.usb.UsbService.<init>(UsbService.java:153)
06-22 14:35:21.190 E/UsbPortManager( 1909): 	at com.android.server.usb.UsbService$Lifecycle.onStart(UsbService.java:84)
06-22 14:35:21.190 E/UsbPortManager( 1909): 	at com.android.server.SystemServiceManager.startService(SystemServiceManager.java:129)
06-22 14:35:21.190 E/UsbPortManager( 1909): 	at com.android.server.SystemServiceManager.startService(SystemServiceManager.java:116)
06-22 14:35:21.190 E/UsbPortManager( 1909): 	at com.android.server.SystemServiceManager.startService(SystemServiceManager.java:75)
06-22 14:35:21.190 E/UsbPortManager( 1909): 	at com.android.server.SystemServer.startOtherServices(SystemServer.java:1532)
06-22 14:35:21.190 E/UsbPortManager( 1909): 	at com.android.server.SystemServer.run(SystemServer.java:512)
06-22 14:35:21.190 E/UsbPortManager( 1909): 	at com.android.server.SystemServer.main(SystemServer.java:349)
06-22 14:35:21.190 E/UsbPortManager( 1909): 	at java.lang.reflect.Method.invoke(Native Method)
06-22 14:35:21.190 E/UsbPortManager( 1909): 	at com.android.internal.os.RuntimeInit$MethodAndArgsCaller.run(RuntimeInit.java:492)
06-22 14:35:21.190 E/UsbPortManager( 1909): 	at com.android.internal.os.ZygoteInit.main(ZygoteInit.java:908)
06-22 14:35:21.191 D/SystemServerTiming( 1909): StartUsbService took to complete: 9ms
06-22 14:35:21.191 I/SystemServer( 1909): StartSerialService
06-22 14:35:21.191 D/SystemServerTiming( 1909): StartSerialService took to complete: 0ms
06-22 14:35:21.191 I/SystemServer( 1909): StartHardwarePropertiesManagerService
06-22 14:35:21.191 I/hwservicemanager( 1566): getTransport: Cannot find entry android.hardware.thermal@1.0::IThermal/default in either framework or device manifest.
06-22 14:35:21.191 E/HardwarePropertiesManagerService-JNI( 1909): Unable to get Thermal service.
06-22 14:35:21.191 D/SystemServerTiming( 1909): StartHardwarePropertiesManagerService took to complete: 0ms
06-22 14:35:21.191 I/SystemServer( 1909): StartTwilightService
06-22 14:35:21.191 I/SystemServiceManager( 1909): Starting com.android.server.twilight.TwilightService
06-22 14:35:21.191 D/SystemServerTiming( 1909): StartTwilightService took to complete: 0ms
06-22 14:35:21.192 I/SystemServer( 1909): StartColorDisplay
06-22 14:35:21.192 I/SystemServiceManager( 1909): Starting com.android.server.display.color.ColorDisplayService
06-22 14:35:21.192 D/SystemServerTiming( 1909): StartColorDisplay took to complete: 0ms
06-22 14:35:21.192 I/SystemServer( 1909): StartJobScheduler
06-22 14:35:21.192 I/SystemServiceManager( 1909): Starting com.android.server.job.JobSchedulerService
06-22 14:35:21.194 I/JobStore( 1909): Read 0 jobs
06-22 14:35:21.196 D/SystemServerTiming( 1909): StartJobScheduler took to complete: 4ms
06-22 14:35:21.196 I/SystemServer( 1909): StartSoundTrigger
06-22 14:35:21.196 I/SystemServiceManager( 1909): Starting com.android.server.soundtrigger.SoundTriggerService
06-22 14:35:21.196 D/SystemServerTiming( 1909): StartSoundTrigger took to complete: 0ms
06-22 14:35:21.196 I/SystemServer( 1909): StartTrustManager
06-22 14:35:21.196 I/SystemServiceManager( 1909): Starting com.android.server.trust.TrustManagerService
06-22 14:35:21.197 D/SystemServerTiming( 1909): StartTrustManager took to complete: 1ms
06-22 14:35:21.197 I/SystemServer( 1909): StartBackupManager
06-22 14:35:21.197 I/SystemServiceManager( 1909): Starting com.android.server.backup.BackupManagerService$Lifecycle
06-22 14:35:21.198 D/SystemServerTiming( 1909): StartBackupManager took to complete: 1ms
06-22 14:35:21.198 I/SystemServer( 1909): StartAppWidgetService
06-22 14:35:21.198 I/SystemServiceManager( 1909): Starting com.android.server.appwidget.AppWidgetService
06-22 14:35:21.199 D/SystemServerTiming( 1909): StartAppWidgetService took to complete: 1ms
06-22 14:35:21.199 I/SystemServer( 1909): StartRoleManagerService
06-22 14:35:21.200 D/SystemServerTiming( 1909): StartRoleManagerService took to complete: 1ms
06-22 14:35:21.200 I/SystemServer( 1909): StartVoiceRecognitionManager
06-22 14:35:21.200 I/SystemServiceManager( 1909): Starting com.android.server.voiceinteraction.VoiceInteractionManagerService
06-22 14:35:21.201 I/RoleUserState( 1909): roles.xml not found
06-22 14:35:21.201 W/VoiceInteractionManagerService( 1909): Unable to resolve default voice recognition service.
06-22 14:35:21.201 D/SystemServerTiming( 1909): StartVoiceRecognitionManager took to complete: 1ms
06-22 14:35:21.201 I/SystemServer( 1909): StartGestureLauncher
06-22 14:35:21.201 I/SystemServiceManager( 1909): Starting com.android.server.GestureLauncherService
06-22 14:35:21.202 D/SystemServerTiming( 1909): StartGestureLauncher took to complete: 1ms
06-22 14:35:21.202 I/SystemServer( 1909): StartSensorNotification
06-22 14:35:21.202 I/SystemServiceManager( 1909): Starting com.android.server.SensorNotificationService
06-22 14:35:21.202 D/SystemServerTiming( 1909): StartSensorNotification took to complete: 0ms
06-22 14:35:21.202 I/SystemServer( 1909): StartContextHubSystemService
06-22 14:35:21.202 I/SystemServiceManager( 1909): Starting com.android.server.ContextHubSystemService
06-22 14:35:21.202 D/SystemServerInitThreadPool( 1909): Started executing Init ContextHubSystemService
06-22 14:35:21.202 D/SystemServerTiming( 1909): StartContextHubSystemService took to complete: 0ms
06-22 14:35:21.202 I/hwservicemanager( 1566): getTransport: Cannot find entry android.hardware.contexthub@1.0::IContexthub/default in either framework or device manifest.
06-22 14:35:21.202 I/SystemServer( 1909): StartDiskStatsService
06-22 14:35:21.202 I/ContextHubService( 1909): Context Hub HAL service not found
06-22 14:35:21.202 D/SystemServerInitThreadPool( 1909): Finished executing Init ContextHubSystemService
06-22 14:35:21.203 D/SystemServerTiming( 1909): StartDiskStatsService took to complete: 1ms
06-22 14:35:21.203 I/SystemServer( 1909): RuntimeService
06-22 14:35:21.204 D/SystemServerTiming( 1909): RuntimeService took to complete: 0ms
06-22 14:35:21.204 I/SystemServer( 1909): StartNetworkTimeUpdateService
06-22 14:35:21.204 D/SystemServer( 1909): Using networkTimeUpdater class=class com.android.server.NewNetworkTimeUpdateService
06-22 14:35:21.204 D/SystemServerTiming( 1909): StartNetworkTimeUpdateService took to complete: 0ms
06-22 14:35:21.204 I/SystemServer( 1909): CertBlacklister
06-22 14:35:21.204 D/SystemServerTiming( 1909): CertBlacklister took to complete: 0ms
06-22 14:35:21.204 I/SystemServer( 1909): StartEmergencyAffordanceService
06-22 14:35:21.204 I/SystemServiceManager( 1909): Starting com.android.server.emergency.EmergencyAffordanceService
06-22 14:35:21.205 D/SystemServerTiming( 1909): StartEmergencyAffordanceService took to complete: 1ms
06-22 14:35:21.205 I/SystemServer( 1909): StartDreamManager
06-22 14:35:21.205 I/SystemServiceManager( 1909): Starting com.android.server.dreams.DreamManagerService
06-22 14:35:21.205 D/SystemServerTiming( 1909): StartDreamManager took to complete: 0ms
06-22 14:35:21.205 I/SystemServer( 1909): AddGraphicsStatsService
06-22 14:35:21.206 D/SystemServerTiming( 1909): AddGraphicsStatsService took to complete: 1ms
06-22 14:35:21.206 I/SystemServer( 1909): StartPrintManager
06-22 14:35:21.206 I/SystemServiceManager( 1909): Starting com.android.server.print.PrintManagerService
06-22 14:35:21.206 D/SystemServerTiming( 1909): StartPrintManager took to complete: 0ms
06-22 14:35:21.206 I/SystemServer( 1909): StartRestrictionManager
06-22 14:35:21.206 I/SystemServiceManager( 1909): Starting com.android.server.restrictions.RestrictionsManagerService
06-22 14:35:21.207 D/SystemServerTiming( 1909): StartRestrictionManager took to complete: 1ms
06-22 14:35:21.207 I/SystemServer( 1909): StartMediaSessionService
06-22 14:35:21.207 I/SystemServiceManager( 1909): Starting com.android.server.media.MediaSessionService
06-22 14:35:21.212 D/SystemServerTiming( 1909): StartMediaSessionService took to complete: 5ms
06-22 14:35:21.212 I/SystemServer( 1909): StartMediaResourceMonitor
06-22 14:35:21.212 I/SystemServiceManager( 1909): Starting com.android.server.media.MediaResourceMonitorService
06-22 14:35:21.212 D/SystemServerTiming( 1909): StartMediaResourceMonitor took to complete: 0ms
06-22 14:35:21.212 I/SystemServer( 1909): StartMediaRouterService
06-22 14:35:21.213 D/SystemServerTiming( 1909): StartMediaRouterService took to complete: 1ms
06-22 14:35:21.213 I/SystemServer( 1909): StartFingerprintSensor
06-22 14:35:21.213 I/SystemServiceManager( 1909): Starting com.android.server.biometrics.fingerprint.FingerprintService
06-22 14:35:21.214 D/SystemServerInitThreadPool( 1909): Started executing FingerprintService.onStart
06-22 14:35:21.214 V/FingerprintService( 1909): mDaemon was null, reconnect to fingerprint
06-22 14:35:21.215 I/android_os_HwBinder( 1909): HwBinder: Starting thread pool for getting: android.hardware.biometrics.fingerprint@2.1::IBiometricsFingerprint/default
06-22 14:35:21.215 D/SystemServerTiming( 1909): StartFingerprintSensor took to complete: 2ms
06-22 14:35:21.215 I/SystemServer( 1909): StartBiometricService
06-22 14:35:21.215 I/SystemServiceManager( 1909): Starting com.android.server.biometrics.BiometricService
06-22 14:35:21.215 V/FingerprintService( 1909): Fingerprint HAL id: 127304739184640
06-22 14:35:21.215 D/FingerprintHal( 1811): ----------------> fingerprint_set_active_group -----------------> path /data/vendor_de/0/fpdata
06-22 14:35:21.215 D/FingerprintHal( 1811): ----------------> loadFingerprints ----------------->
06-22 14:35:21.215 E/FingerprintHal( 1811): Could not load fingerprints from storage at /data/vendor_de/0/fpdata/emufp.bin; it has not yet been created.
06-22 14:35:21.215 D/FingerprintHal( 1811): ----------------> loadAuthenticatorId ----------------->
06-22 14:35:21.215 E/FingerprintHal( 1811): Could not load authenticator id from storage at /data/vendor_de/0/fpdata/emuauthid.bin; it has not yet been created.
06-22 14:35:21.215 D/FingerprintHal( 1811): ----------------> get_64bit_rand ----------------->
06-22 14:35:21.215 D/FingerprintHal( 1811): ----------------> saveAuthenticatorId ----------------->
06-22 14:35:21.215 D/FingerprintHal( 1811): Save authenticator id (0x6b8b4567327b23c6)
06-22 14:35:21.216 V/FingerprintService( 1909): Enumerating user(0)
06-22 14:35:21.216 D/SystemServerInitThreadPool( 1909): Finished executing FingerprintService.onStart
06-22 14:35:21.216 D/SystemServerTiming( 1909): StartBiometricService took to complete: 1ms
06-22 14:35:21.216 I/SystemServer( 1909): StartBackgroundDexOptService
06-22 14:35:21.217 W/BackgroundDexOptService( 1909): SysProp pm.dexopt.downgrade_after_inactive_days not set
06-22 14:35:21.217 D/SystemServerTiming( 1909): StartBackgroundDexOptService took to complete: 1ms
06-22 14:35:21.217 I/SystemServer( 1909): StartDynamicCodeLoggingService
06-22 14:35:21.218 D/SystemServerTiming( 1909): StartDynamicCodeLoggingService took to complete: 1ms
06-22 14:35:21.218 I/SystemServer( 1909): StartPruneInstantAppsJobService
06-22 14:35:21.218 D/SystemServerTiming( 1909): StartPruneInstantAppsJobService took to complete: 0ms
06-22 14:35:21.218 I/SystemServer( 1909): StartShortcutServiceLifecycle
06-22 14:35:21.218 I/SystemServiceManager( 1909): Starting com.android.server.pm.ShortcutService$Lifecycle
06-22 14:35:21.219 D/SystemServerTiming( 1909): StartShortcutServiceLifecycle took to complete: 1ms
06-22 14:35:21.219 I/SystemServer( 1909): StartLauncherAppsService
06-22 14:35:21.219 I/SystemServiceManager( 1909): Starting com.android.server.pm.LauncherAppsService
06-22 14:35:21.219 D/SystemServerTiming( 1909): StartLauncherAppsService took to complete: 0ms
06-22 14:35:21.219 I/SystemServer( 1909): StartCrossProfileAppsService
06-22 14:35:21.219 I/SystemServiceManager( 1909): Starting com.android.server.pm.CrossProfileAppsService
06-22 14:35:21.219 D/SystemServerTiming( 1909): StartCrossProfileAppsService took to complete: 1ms
06-22 14:35:21.220 I/SystemServer( 1909): StartMediaProjectionManager
06-22 14:35:21.220 I/SystemServiceManager( 1909): Starting com.android.server.media.projection.MediaProjectionManagerService
06-22 14:35:21.221 V/MediaRouter( 1909): Selecting route: RouteInfo{ name=Phone, description=null, status=null, category=RouteCategory{ name=System types=ROUTE_TYPE_LIVE_AUDIO ROUTE_TYPE_LIVE_VIDEO  groupable=false }, supportedTypes=ROUTE_TYPE_LIVE_AUDIO ROUTE_TYPE_LIVE_VIDEO , presentationDisplay=null }
06-22 14:35:21.221 D/SystemServerTiming( 1909): StartMediaProjectionManager took to complete: 1ms
06-22 14:35:21.221 I/SystemServer( 1909): StartSliceManagerService
06-22 14:35:21.221 I/SystemServiceManager( 1909): Starting com.android.server.slice.SliceManagerService$Lifecycle
06-22 14:35:21.223 D/SystemServerTiming( 1909): StartSliceManagerService took to complete: 2ms
06-22 14:35:21.223 I/SystemServer( 1909): StartCameraServiceProxy
06-22 14:35:21.223 I/SystemServiceManager( 1909): Starting com.android.server.camera.CameraServiceProxy
06-22 14:35:21.225 D/SystemServerTiming( 1909): StartCameraServiceProxy took to complete: 2ms
06-22 14:35:21.225 I/SystemServer( 1909): StartStatsCompanionService
06-22 14:35:21.225 I/SystemServiceManager( 1909): Starting com.android.server.stats.StatsCompanionService$Lifecycle
06-22 14:35:21.225 I/StatsCompanionService( 1909): register thermal listener successfully
06-22 14:35:21.228 E/KernelCpuThreadReader( 1909): Failed to initialize KernelCpuThreadReader
06-22 14:35:21.228 E/KernelCpuThreadReader( 1909): java.nio.file.NoSuchFileException: /proc/self/time_in_state
06-22 14:35:21.228 E/KernelCpuThreadReader( 1909): 	at sun.nio.fs.UnixFileSystemProvider.newByteChannel(UnixFileSystemProvider.java:214)
06-22 14:35:21.228 E/KernelCpuThreadReader( 1909): 	at java.nio.file.Files.newByteChannel(Files.java:361)
06-22 14:35:21.228 E/KernelCpuThreadReader( 1909): 	at java.nio.file.Files.newByteChannel(Files.java:407)
06-22 14:35:21.228 E/KernelCpuThreadReader( 1909): 	at java.nio.file.Files.readAllBytes(Files.java:3152)
06-22 14:35:21.228 E/KernelCpuThreadReader( 1909): 	at com.android.internal.os.ProcTimeInStateReader.initializeTimeInStateFormat(ProcTimeInStateReader.java:163)
06-22 14:35:21.228 E/KernelCpuThreadReader( 1909): 	at com.android.internal.os.ProcTimeInStateReader.<init>(ProcTimeInStateReader.java:110)
06-22 14:35:21.228 E/KernelCpuThreadReader( 1909): 	at com.android.internal.os.KernelCpuThreadReader.<init>(KernelCpuThreadReader.java:137)
06-22 14:35:21.228 E/KernelCpuThreadReader( 1909): 	at com.android.internal.os.KernelCpuThreadReader.create(KernelCpuThreadReader.java:150)
06-22 14:35:21.228 E/KernelCpuThreadReader( 1909): 	at com.android.internal.os.KernelCpuThreadReaderSettingsObserver.<init>(KernelCpuThreadReaderSettingsObserver.java:94)
06-22 14:35:21.228 E/KernelCpuThreadReader( 1909): 	at com.android.internal.os.KernelCpuThreadReaderSettingsObserver.getSettingsModifiedReader(KernelCpuThreadReaderSettingsObserver.java:79)
06-22 14:35:21.228 E/KernelCpuThreadReader( 1909): 	at com.android.server.stats.StatsCompanionService.<init>(StatsCompanionService.java:377)
06-22 14:35:21.228 E/KernelCpuThreadReader( 1909): 	at com.android.server.stats.StatsCompanionService$Lifecycle.onStart(StatsCompanionService.java:2539)
06-22 14:35:21.228 E/KernelCpuThreadReader( 1909): 	at com.android.server.SystemServiceManager.startService(SystemServiceManager.java:129)
06-22 14:35:21.228 E/KernelCpuThreadReader( 1909): 	at com.android.server.SystemServiceManager.startService(SystemServiceManager.java:116)
06-22 14:35:21.228 E/KernelCpuThreadReader( 1909): 	at com.android.server.SystemServer.startOtherServices(SystemServer.java:1879)
06-22 14:35:21.228 E/KernelCpuThreadReader( 1909): 	at com.android.server.SystemServer.run(SystemServer.java:512)
06-22 14:35:21.228 E/KernelCpuThreadReader( 1909): 	at com.android.server.SystemServer.main(SystemServer.java:349)
06-22 14:35:21.228 E/KernelCpuThreadReader( 1909): 	at java.lang.reflect.Method.invoke(Native Method)
06-22 14:35:21.228 E/KernelCpuThreadReader( 1909): 	at com.android.internal.os.RuntimeInit$MethodAndArgsCaller.run(RuntimeInit.java:492)
06-22 14:35:21.228 E/KernelCpuThreadReader( 1909): 	at com.android.internal.os.ZygoteInit.main(ZygoteInit.java:908)
06-22 14:35:21.228 D/SystemServerTiming( 1909): StartStatsCompanionService took to complete: 3ms
06-22 14:35:21.228 I/SystemServer( 1909): StartIncidentCompanionService
06-22 14:35:21.228 I/SystemServiceManager( 1909): Starting com.android.server.incident.IncidentCompanionService
06-22 14:35:21.229 D/SystemServerTiming( 1909): StartIncidentCompanionService took to complete: 1ms
06-22 14:35:21.229 I/SystemServer( 1909): StartMmsService
06-22 14:35:21.229 I/SystemServiceManager( 1909): Starting com.android.server.MmsServiceBroker
06-22 14:35:21.229 D/SystemServerTiming( 1909): StartMmsService took to complete: 0ms
06-22 14:35:21.229 I/SystemServer( 1909): StartAutoFillService
06-22 14:35:21.229 I/SystemServiceManager( 1909): Starting com.android.server.autofill.AutofillManagerService
06-22 14:35:21.230 D/AutofillManagerService( 1909): setLogLevelFromSettings(): level=2, debug=true, verbose=false
06-22 14:35:21.231 D/AutofillManagerService( 1909): setMaxPartitionsFromSettings(): 10
06-22 14:35:21.231 D/AutofillManagerService( 1909): setMaxVisibleDatasetsFromSettings(): 0
06-22 14:35:21.232 E/AutofillManagerServiceImpl( 1909): Bad service name: com.google.android.gms/.autofill.service.AutofillService
06-22 14:35:21.232 D/AutofillManagerServiceImpl( 1909): Reset component for user 0:com.google.android.gms/.autofill.service.AutofillService
06-22 14:35:21.232 D/AutofillUI( 1909): destroySaveUiUiThread(): already destroyed
06-22 14:35:21.232 D/SystemServerTiming( 1909): StartAutoFillService took to complete: 3ms
06-22 14:35:21.232 I/SystemServer( 1909): StartClipboardService
06-22 14:35:21.232 I/SystemServiceManager( 1909): Starting com.android.server.clipboard.ClipboardService
