06-22 14:35:19.028 I/PackageManager( 1909): /system/product/overlay/AccentColorGreen changed; collecting certs
06-22 14:35:19.030 I/PackageManager( 1909): /system/product/overlay/IconShapeSquare changed; collecting certs
06-22 14:35:19.031 I/PackageManager( 1909): /system/product/overlay/GoogleConfigOverlay.apk changed; collecting certs
06-22 14:35:19.032 I/PackageManager( 1909): /system/product/overlay/IconShapeTeardrop changed; collecting certs
06-22 14:35:19.032 I/PackageManager( 1909): /system/product/overlay/AccentColorOcean changed; collecting certs
06-22 14:35:19.034 I/PackageManager( 1909): /system/product/overlay/NavigationBarModeGestural changed; collecting certs
06-22 14:35:19.035 I/PackageManager( 1909): /system/product/overlay/IconPackRoundedSettings changed; collecting certs
06-22 14:35:19.035 I/PackageManager( 1909): /system/product/overlay/AccentColorOrchid changed; collecting certs
06-22 14:35:19.036 I/PackageManager( 1909): /system/product/overlay/AccentColorBlack changed; collecting certs
06-22 14:35:19.036 I/PackageManager( 1909): /system/product/overlay/EmulationPixel4XL changed; collecting certs
06-22 14:35:19.037 I/PackageManager( 1909): /system/product/overlay/NavigationBarModeGesturalNarrowBack changed; collecting certs
06-22 14:35:19.041 I/PackageManager( 1909): /system/product/overlay/IconPackFilledSystemUI changed; collecting certs
06-22 14:35:19.042 I/PackageManager( 1909): /system/product/overlay/IconPackFilledSettings changed; collecting certs
06-22 14:35:19.045 I/PackageManager( 1909): /system/product/overlay/SystemUIEmulationPixel4XL changed; collecting certs
06-22 14:35:19.045 I/PackageManager( 1909): /system/product/overlay/IconPackCircularSystemUI changed; collecting certs
06-22 14:35:19.046 I/PackageManager( 1909): /system/product/overlay/EmulatorConfigOverlay.apk changed; collecting certs
06-22 14:35:19.046 I/PackageManager( 1909): /system/product/overlay/NavigationBarModeGesturalExtraWideBack changed; collecting certs
06-22 14:35:19.048 I/PackageManager( 1909): /system/product/overlay/DisplayCutoutEmulationDouble changed; collecting certs
06-22 14:35:19.051 I/PackageManager( 1909): /system/product/overlay/DisplayCutoutEmulationTall changed; collecting certs
06-22 14:35:19.051 I/PackageManager( 1909): /system/product/overlay/NavigationBarMode3Button changed; collecting certs
06-22 14:35:19.052 I/PackageManager( 1909): /system/product/overlay/SystemUIEmulationPixel4 changed; collecting certs
06-22 14:35:19.052 I/PackageManager( 1909): /system/product/overlay/IconPackFilledLauncher changed; collecting certs
06-22 14:35:19.054 I/PackageManager( 1909): /system/product/overlay/DisplayCutoutEmulationEmu01 changed; collecting certs
06-22 14:35:19.056 I/PackageManager( 1909): /system/product/overlay/IconShapeSquircle changed; collecting certs
06-22 14:35:19.057 I/PackageManager( 1909): /system/product/overlay/AccentColorCinnamon changed; collecting certs
06-22 14:35:19.057 I/PackageManager( 1909): /system/product/overlay/SystemUIEmulationPixel2XL changed; collecting certs
06-22 14:35:19.059 I/PackageManager( 1909): /system/product/overlay/SystemUIEmulationPixel3aXL changed; collecting certs
06-22 14:35:19.099 I/ServiceManager( 1797): Waiting for service 'package_native' on '/dev/binder'...
06-22 14:35:19.099 I/PackageManager( 1909): /system/product/overlay/DisplayCutoutEmulationCorner changed; collecting certs
06-22 14:35:19.100 I/PackageManager( 1909): /system/product/overlay/IconPackRoundedAndroid changed; collecting certs
06-22 14:35:19.101 I/PackageManager( 1909): /system/product/overlay/IconPackCircularSettings changed; collecting certs
06-22 14:35:19.102 I/PackageManager( 1909): /system/product/overlay/SystemUIEmulationPixel4a changed; collecting certs
06-22 14:35:19.104 I/PackageManager( 1909): /system/product/overlay/IconPackRoundedSystemUI changed; collecting certs
06-22 14:35:19.105 I/PackageManager( 1909): /system/product/overlay/SystemUIEmulationPixel3a changed; collecting certs
06-22 14:35:19.106 I/PackageManager( 1909): /system/product/overlay/IconPackCircularLauncher changed; collecting certs
06-22 14:35:19.106 I/PackageManager( 1909): /system/product/overlay/NavigationBarMode2Button changed; collecting certs
06-22 14:35:19.107 I/PackageManager( 1909): /system/product/overlay/NavigationBarModeGesturalWideBack changed; collecting certs
06-22 14:35:19.107 I/PackageManager( 1909): /system/product/overlay/IconPackCircularThemePicker changed; collecting certs
06-22 14:35:19.108 I/PackageManager( 1909): /system/product/overlay/GoogleWebViewOverlay.apk changed; collecting certs
06-22 14:35:19.109 I/PackageManager( 1909): /system/product/overlay/AccentColorSpace changed; collecting certs
06-22 14:35:19.109 I/PackageManager( 1909): /system/product/overlay/SystemUIEmulationPixel3 changed; collecting certs
06-22 14:35:19.110 I/PackageManager( 1909): /system/product/overlay/IconPackFilledAndroid changed; collecting certs
06-22 14:35:19.110 I/PackageManager( 1909): /system/product/overlay/IconPackCircularAndroid changed; collecting certs
06-22 14:35:19.111 I/PackageManager( 1909): /system/product/overlay/GooglePermissionControllerOverlay.apk changed; collecting certs
06-22 14:35:19.111 I/PackageManager( 1909): /system/product/overlay/EmulationPixel2XL changed; collecting certs
06-22 14:35:19.113 I/PackageManager( 1909): /system/product/overlay/AccentColorPurple changed; collecting certs
06-22 14:35:19.117 I/PackageManager( 1909): /system/product/overlay/SystemUIEmulationPixel3XL changed; collecting certs
06-22 14:35:19.120 I/PackageManager( 1909): /system/product/overlay/IconPackRoundedLauncher changed; collecting certs
06-22 14:35:19.120 I/PackageManager( 1909): /system/product/overlay/EmulationPixel3XL changed; collecting certs
06-22 14:35:19.121 I/PackageManager( 1909): /system/product/overlay/EmulationPixel4 changed; collecting certs
06-22 14:35:19.122 D/PackageManager( 1909): No files in app dir /product_services/overlay
06-22 14:35:19.122 D/PackageManager( 1909): No files in app dir /odm/overlay
06-22 14:35:19.122 D/PackageManager( 1909): No files in app dir /oem/overlay
06-22 14:35:19.123 W/PackageManager( 1909): Failed to parse /system/framework/x86: Missing base APK in /system/framework/x86
06-22 14:35:19.129 W/PackageManager( 1909): Failed to parse /system/framework/x86_64: Missing base APK in /system/framework/x86_64
06-22 14:35:19.129 W/PackageManager( 1909): Failed to parse /system/framework/oat: Missing base APK in /system/framework/oat
06-22 14:35:19.146 I/PackageManager( 1909): /system/framework/framework-res.apk changed; collecting certs
06-22 14:35:19.148 E/PackageManager( 1909): Adding duplicate shared id: 1000 name=android
06-22 14:35:19.156 I/PackageManager( 1909): New shared user android.uid.shared: id=10054
06-22 14:35:19.156 I/PackageManager( 1909): /system/priv-app/UserDictionaryProvider changed; collecting certs
06-22 14:35:19.156 E/PackageManager( 1909): Adding duplicate app id: 10054 name=com.android.providers.userdictionary
06-22 14:35:19.163 I/PackageManager( 1909): /system/priv-app/MultiDisplayProvider changed; collecting certs
06-22 14:35:19.164 E/PackageManager( 1909): Adding duplicate shared id: 1000 name=com.android.emulator.multidisplay
06-22 14:35:19.167 I/PackageManager( 1909): New shared user android.media: id=10055
06-22 14:35:19.167 I/PackageManager( 1909): /system/priv-app/DownloadProvider changed; collecting certs
06-22 14:35:19.168 E/PackageManager( 1909): Adding duplicate app id: 10055 name=com.android.providers.downloads
06-22 14:35:19.170 I/PackageManager( 1909): /system/priv-app/ManagedProvisioning changed; collecting certs
06-22 14:35:19.172 I/PackageManager( 1909): /system/priv-app/ProxyHandler changed; collecting certs
06-22 14:35:19.174 I/PackageManager( 1909): /system/priv-app/CtsShimPrivPrebuilt changed; collecting certs
06-22 14:35:19.180 I/PackageManager( 1909): /system/priv-app/DownloadProviderUi changed; collecting certs
06-22 14:35:19.181 E/PackageManager( 1909): Adding duplicate app id: 10055 name=com.android.providers.downloads.ui
06-22 14:35:19.185 I/PackageManager( 1909): /system/priv-app/VpnDialogs changed; collecting certs
06-22 14:35:19.187 I/PackageManager( 1909): /system/priv-app/CellBroadcastReceiver changed; collecting certs
06-22 14:35:19.193 W/PackageParser( 1909): Ignoring duplicate uses-permissions/uses-permissions-sdk-m: android.permission.INSTALL_GRANT_RUNTIME_PERMISSIONS in package: com.android.shell at: Binary XML file line #127
06-22 14:35:19.193 I/PackageManager( 1909): New shared user android.uid.calendar: id=10061
06-22 14:35:19.193 I/PackageManager( 1909): /system/priv-app/CalendarProvider changed; collecting certs
06-22 14:35:19.194 E/PackageManager( 1909): Adding duplicate app id: 10061 name=com.android.providers.calendar
06-22 14:35:19.197 I/PackageManager( 1909): /system/priv-app/Shell changed; collecting certs
06-22 14:35:19.197 E/PackageManager( 1909): Adding duplicate shared id: 2000 name=com.android.shell
06-22 14:35:19.198 I/PackageManager( 1909): /system/priv-app/NetworkStack changed; collecting certs
06-22 14:35:19.199 I/ServiceManager( 1797): Waiting for service 'package_native' on '/dev/binder'...
06-22 14:35:19.200 E/PackageManager( 1909): Adding duplicate shared id: 1073 name=com.google.android.networkstack
06-22 14:35:19.201 W/PackageParser( 1909): No actions in intent filter at /system/priv-app/GoogleRestorePrebuilt/GoogleRestorePrebuilt.apk Binary XML file line #93
06-22 14:35:19.203 I/PackageManager( 1909): /system/priv-app/GoogleRestorePrebuilt changed; collecting certs
06-22 14:35:19.208 I/PackageManager( 1909): /system/priv-app/Tag changed; collecting certs
06-22 14:35:19.209 I/PackageManager( 1909): /system/priv-app/MmsService changed; collecting certs
06-22 14:35:19.211 E/PackageManager( 1909): Adding duplicate shared id: 1001 name=com.android.mms.service
06-22 14:35:19.214 I/PackageManager( 1909): /system/priv-app/InputDevices changed; collecting certs
06-22 14:35:19.217 E/PackageManager( 1909): Adding duplicate shared id: 1000 name=com.android.inputdevices
06-22 14:35:19.217 I/PackageManager( 1909): /system/priv-app/StatementService changed; collecting certs
06-22 14:35:19.218 I/PackageManager( 1909): /system/priv-app/TimeZoneUpdater changed; collecting certs
06-22 14:35:19.219 I/PackageManager( 1909): /system/priv-app/DocumentsUI changed; collecting certs
06-22 14:35:19.221 I/PackageManager( 1909): /system/priv-app/DynamicSystemInstallationService changed; collecting certs
06-22 14:35:19.222 E/PackageManager( 1909): Adding duplicate shared id: 1000 name=com.android.dynsystem
06-22 14:35:19.223 I/PackageManager( 1909): /system/priv-app/SharedStorageBackup changed; collecting certs
06-22 14:35:19.227 I/PackageManager( 1909): /system/priv-app/BackupRestoreConfirmation changed; collecting certs
06-22 14:35:19.228 I/PackageManager( 1909): /system/priv-app/MtpDocumentsProvider changed; collecting certs
06-22 14:35:19.229 E/PackageManager( 1909): Adding duplicate app id: 10055 name=com.android.mtp
06-22 14:35:19.230 I/PackageManager( 1909): /system/priv-app/TelephonyProvider changed; collecting certs
06-22 14:35:19.242 E/PackageManager( 1909): Adding duplicate shared id: 1001 name=com.android.providers.telephony
06-22 14:35:19.243 I/PackageManager( 1909): /system/priv-app/ONS changed; collecting certs
06-22 14:35:19.243 E/PackageManager( 1909): Adding duplicate shared id: 1001 name=com.android.ons
06-22 14:35:19.243 I/PackageManager( 1909): /system/priv-app/SettingsProvider changed; collecting certs
06-22 14:35:19.244 E/PackageManager( 1909): Adding duplicate shared id: 1000 name=com.android.providers.settings
06-22 14:35:19.246 I/PackageManager( 1909): /system/priv-app/NetworkPermissionConfig changed; collecting certs
06-22 14:35:19.248 E/PackageManager( 1909): Adding duplicate shared id: 1073 name=com.google.android.networkstack.permissionconfig
06-22 14:35:19.249 I/PackageManager( 1909): /system/priv-app/TeleService changed; collecting certs
06-22 14:35:19.251 E/PackageManager( 1909): Adding duplicate shared id: 1001 name=com.android.phone
06-22 14:35:19.252 I/PackageManager( 1909): /system/priv-app/BlockedNumberProvider changed; collecting certs
06-22 14:35:19.252 E/PackageManager( 1909): Adding duplicate app id: 10054 name=com.android.providers.blockednumber
06-22 14:35:19.253 I/PackageManager( 1909): /system/priv-app/MusicFX changed; collecting certs
06-22 14:35:19.253 I/PackageManager( 1909): /system/priv-app/GoogleExtServices changed; collecting certs
06-22 14:35:19.255 I/PackageManager( 1909): /system/priv-app/ExternalStorageProvider changed; collecting certs
06-22 14:35:19.256 I/PackageManager( 1909): /system/priv-app/ContactsProvider changed; collecting certs
06-22 14:35:19.257 E/PackageManager( 1909): Adding duplicate app id: 10054 name=com.android.providers.contacts
06-22 14:35:19.257 I/PackageManager( 1909): /system/priv-app/MediaProvider changed; collecting certs
06-22 14:35:19.258 E/PackageManager( 1909): Adding duplicate app id: 10055 name=com.android.providers.media
06-22 14:35:19.258 I/PackageManager( 1909): /system/priv-app/FusedLocation changed; collecting certs
06-22 14:35:19.259 E/PackageManager( 1909): Adding duplicate shared id: 1000 name=com.android.location.fused
06-22 14:35:19.259 I/PackageManager( 1909): /system/priv-app/CallLogBackup changed; collecting certs
06-22 14:35:19.260 E/PackageManager( 1909): Adding duplicate app id: 10054 name=com.android.calllogbackup
06-22 14:35:19.260 I/PackageManager( 1909): /system/priv-app/GoogleSdkSetup changed; collecting certs
06-22 14:35:19.261 I/PackageManager( 1909): /system/priv-app/LocalTransport changed; collecting certs
06-22 14:35:19.262 E/PackageManager( 1909): Adding duplicate shared id: 1000 name=com.android.localtransport
06-22 14:35:19.262 I/PackageManager( 1909): /system/priv-app/GooglePackageInstaller changed; collecting certs
06-22 14:35:19.283 E/        ( 1776): idmap failed, status=0x0100
06-22 14:35:19.285 E/PackageManager( 1909): Failed to generate idmap for /system/priv-app/GooglePermissionController/GooglePermissionController.apk and /product/overlay/GooglePermissionControllerOverlay.apk
06-22 14:35:19.289 I/PackageManager( 1909): /system/priv-app/GooglePermissionController changed; collecting certs
06-22 14:35:19.290 I/PackageManager( 1909): /system/priv-app/Telecom changed; collecting certs
06-22 14:35:19.291 E/PackageManager( 1909): Adding duplicate shared id: 1000 name=com.android.server.telecom
06-22 14:35:19.296 I/PackageManager( 1909): /system/app/BasicDreams changed; collecting certs
06-22 14:35:19.298 I/PackageManager( 1909): /system/app/CtsShimPrebuilt changed; collecting certs
06-22 14:35:19.300 I/ServiceManager( 1797): Waiting for service 'package_native' on '/dev/binder'...
06-22 14:35:19.303 I/PackageManager( 1909): /system/app/EasterEgg changed; collecting certs
06-22 14:35:19.308 I/PackageManager( 1909): /system/app/LiveWallpapersPicker changed; collecting certs
06-22 14:35:19.310 I/PackageManager( 1909): /system/app/CompanionDeviceManager changed; collecting certs
06-22 14:35:19.312 I/PackageManager( 1909): /system/app/PrintSpooler changed; collecting certs
06-22 14:35:19.313 I/PackageManager( 1909): /system/app/Traceur changed; collecting certs
06-22 14:35:19.316 W/PackageParser( 1909): Ignoring duplicate uses-permissions/uses-permissions-sdk-m: android.permission.READ_CONTACTS in package: com.android.bluetooth at: Binary XML file line #67
06-22 14:35:19.317 W/PackageParser( 1909): No actions in intent filter at /system/app/Bluetooth/Bluetooth.apk Binary XML file line #263
06-22 14:35:19.317 I/PackageManager( 1909): /system/app/WallpaperBackup changed; collecting certs
06-22 14:35:19.317 E/PackageManager( 1909): Adding duplicate shared id: 1000 name=com.android.wallpaperbackup
06-22 14:35:19.318 I/PackageManager( 1909): /system/app/CaptivePortalLogin changed; collecting certs
06-22 14:35:19.322 I/PackageManager( 1909): /system/app/SecureElement changed; collecting certs
06-22 14:35:19.322 E/PackageManager( 1909): Adding duplicate shared id: 1068 name=com.android.se
06-22 14:35:19.323 I/PackageManager( 1909): /system/app/Bluetooth changed; collecting certs
06-22 14:35:19.325 E/PackageManager( 1909): Adding duplicate shared id: 1002 name=com.android.bluetooth
06-22 14:35:19.325 I/PackageManager( 1909): /system/app/CertInstaller changed; collecting certs
06-22 14:35:19.329 I/PackageManager( 1909): /system/app/BookmarkProvider changed; collecting certs
06-22 14:35:19.330 I/PackageManager( 1909): /system/app/KeyChain changed; collecting certs
06-22 14:35:19.331 E/PackageManager( 1909): Adding duplicate shared id: 1000 name=com.android.keychain
06-22 14:35:19.333 I/PackageManager( 1909): /system/app/SimAppDialog changed; collecting certs
06-22 14:35:19.336 I/PackageManager( 1909): /system/app/WAPPushManager changed; collecting certs
06-22 14:35:19.341 I/PackageManager( 1909): /system/app/RcsService changed; collecting certs
06-22 14:35:19.341 E/PackageManager( 1909): Adding duplicate shared id: 1001 name=com.android.service.ims
06-22 14:35:19.342 I/PackageManager( 1909): /system/app/LicenseChecker changed; collecting certs
06-22 14:35:19.343 I/PackageManager( 1909): /system/app/BuiltInPrintService changed; collecting certs
06-22 14:35:19.347 I/PackageManager( 1909): /system/app/KoreanIME changed; collecting certs
06-22 14:35:19.355 I/PackageManager( 1909): /system/app/BluetoothMidiService changed; collecting certs
06-22 14:35:19.356 I/PackageManager( 1909): /system/app/OsuLogin changed; collecting certs
06-22 14:35:19.359 I/PackageManager( 1909): /system/app/PartnerBookmarksProvider changed; collecting certs
06-22 14:35:19.361 W/PackageParser( 1909): Ignoring duplicate uses-permissions/uses-permissions-sdk-m: android.permission.CHANGE_WIFI_STATE in package: com.android.nfc at: Binary XML file line #52
06-22 14:35:19.361 W/PackageParser( 1909): Ignoring duplicate uses-permissions/uses-permissions-sdk-m: android.permission.ACCESS_WIFI_STATE in package: com.android.nfc at: Binary XML file line #53
06-22 14:35:19.363 I/PackageManager( 1909): /system/app/PresencePolling changed; collecting certs
06-22 14:35:19.364 E/PackageManager( 1909): Adding duplicate shared id: 1001 name=com.android.service.ims.presence
06-22 14:35:19.367 I/PackageManager( 1909): /system/app/NfcNci changed; collecting certs
06-22 14:35:19.372 E/PackageManager( 1909): Adding duplicate shared id: 1027 name=com.android.nfc
06-22 14:35:19.372 I/PackageManager( 1909): /system/app/PacProcessor changed; collecting certs
06-22 14:35:19.375 I/PackageManager( 1909): /system/app/GooglePrintRecommendationService changed; collecting certs
06-22 14:35:19.377 I/PackageManager( 1909): /system/app/GooglePinyinIME changed; collecting certs
06-22 14:35:19.388 I/PackageManager( 1909): /system/app/SafetyRegulatoryInfo changed; collecting certs
06-22 14:35:19.389 I/PackageManager( 1909): /system/app/GoogleExtShared changed; collecting certs
06-22 14:35:19.390 I/PackageManager( 1909): /system/app/Stk changed; collecting certs
06-22 14:35:19.391 E/PackageManager( 1909): Adding duplicate shared id: 1001 name=com.android.stk
06-22 14:35:19.391 I/PackageManager( 1909): /system/app/HTMLViewer changed; collecting certs
06-22 14:35:19.395 I/PackageManager( 1909): /system/app/WallpapersUsTwo changed; collecting certs
06-22 14:35:19.396 I/PackageManager( 1909): /system/app/GoogleHindiIME changed; collecting certs
06-22 14:35:19.396 W/PackageParser( 1909): No actions in intent filter at /system/app/CarrierDefaultApp/CarrierDefaultApp.apk Binary XML file line #43
06-22 14:35:19.398 I/PackageManager( 1909): /system/app/CarrierDefaultApp changed; collecting certs
06-22 14:35:19.400 D/PackageManager( 1909): No files in app dir /vendor/priv-app
06-22 14:35:19.400 D/PackageManager( 1909): No files in app dir /vendor/app
06-22 14:35:19.400 D/PackageManager( 1909): No files in app dir /odm/priv-app
06-22 14:35:19.400 D/PackageManager( 1909): No files in app dir /odm/app
06-22 14:35:19.400 D/PackageManager( 1909): No files in app dir /oem/app
06-22 14:35:19.401 I/ServiceManager( 1797): Waiting for service 'package_native' on '/dev/binder'...
06-22 14:35:19.409 I/PackageManager( 1909): /system/product/priv-app/GoogleFeedback changed; collecting certs
06-22 14:35:19.418 I/PackageManager( 1909): /system/product/priv-app/ConfigUpdater changed; collecting certs
06-22 14:35:19.420 I/PackageManager( 1909): /system/product/priv-app/SettingsIntelligence changed; collecting certs
06-22 14:35:19.437 I/PackageManager( 1909): /system/product/priv-app/WallpaperPickerGooglePrebuilt changed; collecting certs
06-22 14:35:19.443 W/PackageParser( 1909): Unknown element under <manifest>: meta-data at /system/product/priv-app/Dialer/Dialer.apk Binary XML file line #115
06-22 14:35:19.451 I/PackageManager( 1909): /system/product/priv-app/Dialer changed; collecting certs
06-22 14:35:19.454 I/PackageManager( 1909): /system/product/priv-app/GoogleANGLE changed; collecting certs
06-22 14:35:19.475 I/PackageManager( 1909): /system/product/priv-app/NexusLauncherRelease changed; collecting certs
06-22 14:35:19.492 I/PackageManager( 1909): /system/product/priv-app/SetupWizardPrebuilt changed; collecting certs
06-22 14:35:19.496 W/PackageParser( 1909): No actions in intent filter at /system/product/priv-app/AndroidAutoFullPrebuilt/AndroidAutoFullPrebuilt.apk Binary XML file line #1276
06-22 14:35:19.501 I/PackageManager( 1909): New shared user com.google.android.projection.gearhead: id=10110
06-22 14:35:19.501 I/PackageManager( 1909): /system/product/priv-app/AndroidAutoFullPrebuilt changed; collecting certs
06-22 14:35:19.502 I/ServiceManager( 1797): Waiting for service 'package_native' on '/dev/binder'...
06-22 14:35:19.503 E/PackageManager( 1909): Adding duplicate app id: 10110 name=com.google.android.projection.gearhead
06-22 14:35:19.507 I/PackageManager( 1909): /system/product/priv-app/GoogleOneTimeInitializer changed; collecting certs
06-22 14:35:19.510 W/PackageParser( 1909): No actions in intent filter at /system/product/priv-app/Contacts/Contacts.apk Binary XML file line #411
06-22 14:35:19.510 I/PackageManager( 1909): /system/product/priv-app/CarrierConfig changed; collecting certs
06-22 14:35:19.512 I/PackageManager( 1909): /system/product/priv-app/Contacts changed; collecting certs
06-22 14:35:19.516 I/PackageManager( 1909): New shared user com.android.uid.omadm.service: id=10114
06-22 14:35:19.516 I/PackageManager( 1909): /system/product/priv-app/DMService changed; collecting certs
06-22 14:35:19.517 E/PackageManager( 1909): Adding duplicate app id: 10114 name=com.android.omadm.service
06-22 14:35:19.524 W/PackageParser( 1909): Ignoring duplicate uses-permissions/uses-permissions-sdk-m: android.permission.CONFIGURE_WIFI_DISPLAY in package: com.android.systemui at: Binary XML file line #158
06-22 14:35:19.533 I/PackageParser( 1909): Parse times for '/system/product/priv-app/SystemUIGoogle': parse=128ms, update_cache=3 ms
06-22 14:35:19.533 I/PackageManager( 1909): New shared user android.uid.systemui: id=10115
06-22 14:35:19.533 I/PackageManager( 1909): /system/product/priv-app/SystemUIGoogle changed; collecting certs
06-22 14:35:19.534 E/PackageManager( 1909): Adding duplicate app id: 10115 name=com.android.systemui
06-22 14:35:19.545 W/PackageParser( 1909): Ignoring duplicate uses-permissions/uses-permissions-sdk-m: android.permission.READ_PRIVILEGED_PHONE_STATE in package: com.google.android.partnersetup at: Binary XML file line #56
06-22 14:35:19.546 I/PackageManager( 1909): New shared user com.google.uid.shared: id=10116
06-22 14:35:19.546 I/PackageManager( 1909): /system/product/priv-app/GoogleServicesFramework changed; collecting certs
06-22 14:35:19.549 E/PackageManager( 1909): Adding duplicate app id: 10116 name=com.google.android.gsf
06-22 14:35:19.550 I/PackageManager( 1909): /system/product/priv-app/AndroidMigratePrebuilt changed; collecting certs
06-22 14:35:19.551 I/PackageManager( 1909): /system/product/priv-app/GooglePartnerSetup changed; collecting certs
06-22 14:35:19.555 I/PackageManager( 1909): /system/product/priv-app/StorageManager changed; collecting certs
06-22 14:35:19.569 I/PackageManager( 1909): /system/product/priv-app/CarrierServices changed; collecting certs
06-22 14:35:19.603 I/ServiceManager( 1797): Waiting for service 'package_native' on '/dev/binder'...
06-22 14:35:19.606 I/PackageManager( 1909): New shared user com.android.emergency.uid: id=10121
06-22 14:35:19.606 I/PackageManager( 1909): /system/product/priv-app/EmergencyInfo changed; collecting certs
06-22 14:35:19.608 E/PackageManager( 1909): Adding duplicate app id: 10121 name=com.android.emergency
06-22 14:35:19.620 W/PackageParser( 1909): Unknown element under <manifest>: attribution at /system/product/priv-app/PrebuiltGmsCore/PrebuiltGmsCore.apk Binary XML file line #5
06-22 14:35:19.620 W/PackageParser( 1909): Unknown element under <manifest>: attribution at /system/product/priv-app/PrebuiltGmsCore/PrebuiltGmsCore.apk Binary XML file line #6
06-22 14:35:19.620 W/PackageParser( 1909): Unknown element under <manifest>: attribution at /system/product/priv-app/PrebuiltGmsCore/PrebuiltGmsCore.apk Binary XML file line #7
06-22 14:35:19.620 W/PackageParser( 1909): Unknown element under <manifest>: attribution at /system/product/priv-app/PrebuiltGmsCore/PrebuiltGmsCore.apk Binary XML file line #8
06-22 14:35:19.620 W/PackageParser( 1909): Unknown element under <manifest>: attribution at /system/product/priv-app/PrebuiltGmsCore/PrebuiltGmsCore.apk Binary XML file line #9
06-22 14:35:19.621 W/PackageParser( 1909): Unknown element under <manifest>: attribution at /system/product/priv-app/PrebuiltGmsCore/PrebuiltGmsCore.apk Binary XML file line #10
06-22 14:35:19.621 W/PackageParser( 1909): Unknown element under <manifest>: attribution at /system/product/priv-app/PrebuiltGmsCore/PrebuiltGmsCore.apk Binary XML file line #11
06-22 14:35:19.621 W/PackageParser( 1909): Unknown element under <manifest>: attribution at /system/product/priv-app/PrebuiltGmsCore/PrebuiltGmsCore.apk Binary XML file line #12
06-22 14:35:19.621 W/PackageParser( 1909): Unknown element under <manifest>: attribution at /system/product/priv-app/PrebuiltGmsCore/PrebuiltGmsCore.apk Binary XML file line #13
06-22 14:35:19.621 W/PackageParser( 1909): Unknown element under <manifest>: attribution at /system/product/priv-app/PrebuiltGmsCore/PrebuiltGmsCore.apk Binary XML file line #14
06-22 14:35:19.621 W/PackageParser( 1909): Unknown element under <manifest>: attribution at /system/product/priv-app/PrebuiltGmsCore/PrebuiltGmsCore.apk Binary XML file line #15
06-22 14:35:19.621 W/PackageParser( 1909): Unknown element under <manifest>: attribution at /system/product/priv-app/PrebuiltGmsCore/PrebuiltGmsCore.apk Binary XML file line #16
06-22 14:35:19.621 W/PackageParser( 1909): Unknown element under <manifest>: attribution at /system/product/priv-app/PrebuiltGmsCore/PrebuiltGmsCore.apk Binary XML file line #17
06-22 14:35:19.623 W/PackageParser( 1909): Unknown element under <manifest>: attribution at /system/product/priv-app/PrebuiltGmsCore/PrebuiltGmsCore.apk Binary XML file line #18
06-22 14:35:19.623 W/PackageParser( 1909): Unknown element under <manifest>: attribution at /system/product/priv-app/PrebuiltGmsCore/PrebuiltGmsCore.apk Binary XML file line #19
06-22 14:35:19.623 W/PackageParser( 1909): Unknown element under <manifest>: attribution at /system/product/priv-app/PrebuiltGmsCore/PrebuiltGmsCore.apk Binary XML file line #20
06-22 14:35:19.623 W/PackageParser( 1909): Unknown element under <manifest>: attribution at /system/product/priv-app/PrebuiltGmsCore/PrebuiltGmsCore.apk Binary XML file line #21
06-22 14:35:19.623 W/PackageParser( 1909): Unknown element under <manifest>: attribution at /system/product/priv-app/PrebuiltGmsCore/PrebuiltGmsCore.apk Binary XML file line #22
06-22 14:35:19.623 W/PackageParser( 1909): Unknown element under <manifest>: attribution at /system/product/priv-app/PrebuiltGmsCore/PrebuiltGmsCore.apk Binary XML file line #23
06-22 14:35:19.623 W/PackageParser( 1909): Unknown element under <manifest>: attribution at /system/product/priv-app/PrebuiltGmsCore/PrebuiltGmsCore.apk Binary XML file line #24
06-22 14:35:19.623 W/PackageParser( 1909): Unknown element under <manifest>: attribution at /system/product/priv-app/PrebuiltGmsCore/PrebuiltGmsCore.apk Binary XML file line #25
06-22 14:35:19.623 W/PackageParser( 1909): Unknown element under <manifest>: attribution at /system/product/priv-app/PrebuiltGmsCore/PrebuiltGmsCore.apk Binary XML file line #26
06-22 14:35:19.623 W/PackageParser( 1909): Unknown element under <manifest>: attribution at /system/product/priv-app/PrebuiltGmsCore/PrebuiltGmsCore.apk Binary XML file line #27
06-22 14:35:19.623 W/PackageParser( 1909): Unknown element under <manifest>: attribution at /system/product/priv-app/PrebuiltGmsCore/PrebuiltGmsCore.apk Binary XML file line #28
06-22 14:35:19.623 W/PackageParser( 1909): Unknown element under <manifest>: attribution at /system/product/priv-app/PrebuiltGmsCore/PrebuiltGmsCore.apk Binary XML file line #29
06-22 14:35:19.623 W/PackageParser( 1909): Unknown element under <manifest>: attribution at /system/product/priv-app/PrebuiltGmsCore/PrebuiltGmsCore.apk Binary XML file line #30
06-22 14:35:19.623 W/PackageParser( 1909): Unknown element under <manifest>: attribution at /system/product/priv-app/PrebuiltGmsCore/PrebuiltGmsCore.apk Binary XML file line #31
06-22 14:35:19.623 W/PackageParser( 1909): Unknown element under <manifest>: attribution at /system/product/priv-app/PrebuiltGmsCore/PrebuiltGmsCore.apk Binary XML file line #32
06-22 14:35:19.624 W/PackageParser( 1909): Unknown element under <manifest>: attribution at /system/product/priv-app/PrebuiltGmsCore/PrebuiltGmsCore.apk Binary XML file line #33
06-22 14:35:19.624 W/PackageParser( 1909): Unknown element under <manifest>: attribution at /system/product/priv-app/PrebuiltGmsCore/PrebuiltGmsCore.apk Binary XML file line #34
06-22 14:35:19.624 W/PackageParser( 1909): Unknown element under <manifest>: attribution at /system/product/priv-app/PrebuiltGmsCore/PrebuiltGmsCore.apk Binary XML file line #35
06-22 14:35:19.624 W/PackageParser( 1909): Unknown element under <manifest>: attribution at /system/product/priv-app/PrebuiltGmsCore/PrebuiltGmsCore.apk Binary XML file line #36
06-22 14:35:19.624 W/PackageParser( 1909): Unknown element under <manifest>: attribution at /system/product/priv-app/PrebuiltGmsCore/PrebuiltGmsCore.apk Binary XML file line #37
06-22 14:35:19.624 W/PackageParser( 1909): Unknown element under <manifest>: attribution at /system/product/priv-app/PrebuiltGmsCore/PrebuiltGmsCore.apk Binary XML file line #38
06-22 14:35:19.624 W/PackageParser( 1909): Unknown element under <manifest>: attribution at /system/product/priv-app/PrebuiltGmsCore/PrebuiltGmsCore.apk Binary XML file line #39
06-22 14:35:19.624 W/PackageParser( 1909): Unknown element under <manifest>: attribution at /system/product/priv-app/PrebuiltGmsCore/PrebuiltGmsCore.apk Binary XML file line #40
06-22 14:35:19.624 W/PackageParser( 1909): Unknown element under <manifest>: attribution at /system/product/priv-app/PrebuiltGmsCore/PrebuiltGmsCore.apk Binary XML file line #41
06-22 14:35:19.624 W/PackageParser( 1909): Unknown element under <manifest>: attribution at /system/product/priv-app/PrebuiltGmsCore/PrebuiltGmsCore.apk Binary XML file line #42
06-22 14:35:19.624 W/PackageParser( 1909): Unknown element under <manifest>: attribution at /system/product/priv-app/PrebuiltGmsCore/PrebuiltGmsCore.apk Binary XML file line #43
06-22 14:35:19.624 W/PackageParser( 1909): Unknown element under <manifest>: attribution at /system/product/priv-app/PrebuiltGmsCore/PrebuiltGmsCore.apk Binary XML file line #44
06-22 14:35:19.624 W/PackageParser( 1909): Unknown element under <manifest>: attribution at /system/product/priv-app/PrebuiltGmsCore/PrebuiltGmsCore.apk Binary XML file line #45
06-22 14:35:19.624 W/PackageParser( 1909): Unknown element under <manifest>: attribution at /system/product/priv-app/PrebuiltGmsCore/PrebuiltGmsCore.apk Binary XML file line #46
06-22 14:35:19.624 W/PackageParser( 1909): Unknown element under <manifest>: attribution at /system/product/priv-app/PrebuiltGmsCore/PrebuiltGmsCore.apk Binary XML file line #47
06-22 14:35:19.624 W/PackageParser( 1909): Unknown element under <manifest>: attribution at /system/product/priv-app/PrebuiltGmsCore/PrebuiltGmsCore.apk Binary XML file line #48
06-22 14:35:19.625 W/PackageParser( 1909): Unknown element under <manifest>: attribution at /system/product/priv-app/PrebuiltGmsCore/PrebuiltGmsCore.apk Binary XML file line #49
06-22 14:35:19.625 W/PackageParser( 1909): Unknown element under <manifest>: attribution at /system/product/priv-app/PrebuiltGmsCore/PrebuiltGmsCore.apk Binary XML file line #50
06-22 14:35:19.625 W/PackageParser( 1909): Unknown element under <manifest>: attribution at /system/product/priv-app/PrebuiltGmsCore/PrebuiltGmsCore.apk Binary XML file line #51
06-22 14:35:19.625 W/PackageParser( 1909): Unknown element under <manifest>: attribution at /system/product/priv-app/PrebuiltGmsCore/PrebuiltGmsCore.apk Binary XML file line #52
06-22 14:35:19.625 W/PackageParser( 1909): Unknown element under <manifest>: attribution at /system/product/priv-app/PrebuiltGmsCore/PrebuiltGmsCore.apk Binary XML file line #53
06-22 14:35:19.625 W/PackageParser( 1909): Unknown element under <manifest>: attribution at /system/product/priv-app/PrebuiltGmsCore/PrebuiltGmsCore.apk Binary XML file line #54
06-22 14:35:19.625 W/PackageParser( 1909): Unknown element under <manifest>: attribution at /system/product/priv-app/PrebuiltGmsCore/PrebuiltGmsCore.apk Binary XML file line #55
06-22 14:35:19.625 W/PackageParser( 1909): Unknown element under <manifest>: attribution at /system/product/priv-app/PrebuiltGmsCore/PrebuiltGmsCore.apk Binary XML file line #56
06-22 14:35:19.625 W/PackageParser( 1909): Unknown element under <manifest>: attribution at /system/product/priv-app/PrebuiltGmsCore/PrebuiltGmsCore.apk Binary XML file line #57
06-22 14:35:19.625 W/PackageParser( 1909): Unknown element under <manifest>: attribution at /system/product/priv-app/PrebuiltGmsCore/PrebuiltGmsCore.apk Binary XML file line #58
06-22 14:35:19.625 W/PackageParser( 1909): Unknown element under <manifest>: attribution at /system/product/priv-app/PrebuiltGmsCore/PrebuiltGmsCore.apk Binary XML file line #59
06-22 14:35:19.625 W/PackageParser( 1909): Unknown element under <manifest>: attribution at /system/product/priv-app/PrebuiltGmsCore/PrebuiltGmsCore.apk Binary XML file line #60
06-22 14:35:19.625 W/PackageParser( 1909): Unknown element under <manifest>: attribution at /system/product/priv-app/PrebuiltGmsCore/PrebuiltGmsCore.apk Binary XML file line #61
06-22 14:35:19.625 W/PackageParser( 1909): Unknown element under <manifest>: attribution at /system/product/priv-app/PrebuiltGmsCore/PrebuiltGmsCore.apk Binary XML file line #62
06-22 14:35:19.625 W/PackageParser( 1909): Unknown element under <manifest>: attribution at /system/product/priv-app/PrebuiltGmsCore/PrebuiltGmsCore.apk Binary XML file line #63
06-22 14:35:19.625 W/PackageParser( 1909): Unknown element under <manifest>: attribution at /system/product/priv-app/PrebuiltGmsCore/PrebuiltGmsCore.apk Binary XML file line #64
06-22 14:35:19.626 W/PackageParser( 1909): Unknown element under <manifest>: attribution at /system/product/priv-app/PrebuiltGmsCore/PrebuiltGmsCore.apk Binary XML file line #65
06-22 14:35:19.626 W/PackageParser( 1909): Unknown element under <manifest>: attribution at /system/product/priv-app/PrebuiltGmsCore/PrebuiltGmsCore.apk Binary XML file line #66
06-22 14:35:19.626 W/PackageParser( 1909): Unknown element under <manifest>: attribution at /system/product/priv-app/PrebuiltGmsCore/PrebuiltGmsCore.apk Binary XML file line #67
06-22 14:35:19.626 W/PackageParser( 1909): Unknown element under <manifest>: attribution at /system/product/priv-app/PrebuiltGmsCore/PrebuiltGmsCore.apk Binary XML file line #68
06-22 14:35:19.626 W/PackageParser( 1909): Unknown element under <manifest>: attribution at /system/product/priv-app/PrebuiltGmsCore/PrebuiltGmsCore.apk Binary XML file line #69
06-22 14:35:19.626 W/PackageParser( 1909): Unknown element under <manifest>: attribution at /system/product/priv-app/PrebuiltGmsCore/PrebuiltGmsCore.apk Binary XML file line #70
06-22 14:35:19.626 W/PackageParser( 1909): Unknown element under <manifest>: attribution at /system/product/priv-app/PrebuiltGmsCore/PrebuiltGmsCore.apk Binary XML file line #71
06-22 14:35:19.626 W/PackageParser( 1909): Unknown element under <manifest>: attribution at /system/product/priv-app/PrebuiltGmsCore/PrebuiltGmsCore.apk Binary XML file line #72
06-22 14:35:19.626 W/PackageParser( 1909): Unknown element under <manifest>: attribution at /system/product/priv-app/PrebuiltGmsCore/PrebuiltGmsCore.apk Binary XML file line #73
06-22 14:35:19.626 W/PackageParser( 1909): Unknown element under <manifest>: attribution at /system/product/priv-app/PrebuiltGmsCore/PrebuiltGmsCore.apk Binary XML file line #74
06-22 14:35:19.626 W/PackageParser( 1909): Unknown element under <manifest>: attribution at /system/product/priv-app/PrebuiltGmsCore/PrebuiltGmsCore.apk Binary XML file line #75
06-22 14:35:19.626 W/PackageParser( 1909): Unknown element under <manifest>: attribution at /system/product/priv-app/PrebuiltGmsCore/PrebuiltGmsCore.apk Binary XML file line #76
06-22 14:35:19.626 W/PackageParser( 1909): Unknown element under <manifest>: attribution at /system/product/priv-app/PrebuiltGmsCore/PrebuiltGmsCore.apk Binary XML file line #77
06-22 14:35:19.626 W/PackageParser( 1909): Unknown element under <manifest>: attribution at /system/product/priv-app/PrebuiltGmsCore/PrebuiltGmsCore.apk Binary XML file line #78
06-22 14:35:19.626 W/PackageParser( 1909): Unknown element under <manifest>: attribution at /system/product/priv-app/PrebuiltGmsCore/PrebuiltGmsCore.apk Binary XML file line #79
06-22 14:35:19.626 W/PackageParser( 1909): Unknown element under <manifest>: attribution at /system/product/priv-app/PrebuiltGmsCore/PrebuiltGmsCore.apk Binary XML file line #80
06-22 14:35:19.626 W/PackageParser( 1909): Unknown element under <manifest>: attribution at /system/product/priv-app/PrebuiltGmsCore/PrebuiltGmsCore.apk Binary XML file line #81
06-22 14:35:19.626 W/PackageParser( 1909): Unknown element under <manifest>: attribution at /system/product/priv-app/PrebuiltGmsCore/PrebuiltGmsCore.apk Binary XML file line #82
06-22 14:35:19.627 W/PackageParser( 1909): Unknown element under <manifest>: attribution at /system/product/priv-app/PrebuiltGmsCore/PrebuiltGmsCore.apk Binary XML file line #83
06-22 14:35:19.627 W/PackageParser( 1909): Unknown element under <manifest>: attribution at /system/product/priv-app/PrebuiltGmsCore/PrebuiltGmsCore.apk Binary XML file line #84
06-22 14:35:19.627 W/PackageParser( 1909): Unknown element under <manifest>: attribution at /system/product/priv-app/PrebuiltGmsCore/PrebuiltGmsCore.apk Binary XML file line #85
06-22 14:35:19.627 W/PackageParser( 1909): Unknown element under <manifest>: attribution at /system/product/priv-app/PrebuiltGmsCore/PrebuiltGmsCore.apk Binary XML file line #86
06-22 14:35:19.627 W/PackageParser( 1909): Unknown element under <manifest>: attribution at /system/product/priv-app/PrebuiltGmsCore/PrebuiltGmsCore.apk Binary XML file line #87
06-22 14:35:19.627 W/PackageParser( 1909): Unknown element under <manifest>: attribution at /system/product/priv-app/PrebuiltGmsCore/PrebuiltGmsCore.apk Binary XML file line #88
06-22 14:35:19.627 W/PackageParser( 1909): Unknown element under <manifest>: attribution at /system/product/priv-app/PrebuiltGmsCore/PrebuiltGmsCore.apk Binary XML file line #89
06-22 14:35:19.627 W/PackageParser( 1909): Unknown element under <manifest>: attribution at /system/product/priv-app/PrebuiltGmsCore/PrebuiltGmsCore.apk Binary XML file line #90
06-22 14:35:19.627 W/PackageParser( 1909): Unknown element under <manifest>: attribution at /system/product/priv-app/PrebuiltGmsCore/PrebuiltGmsCore.apk Binary XML file line #91
06-22 14:35:19.627 W/PackageParser( 1909): Unknown element under <manifest>: attribution at /system/product/priv-app/PrebuiltGmsCore/PrebuiltGmsCore.apk Binary XML file line #92
06-22 14:35:19.627 W/PackageParser( 1909): Unknown element under <manifest>: attribution at /system/product/priv-app/PrebuiltGmsCore/PrebuiltGmsCore.apk Binary XML file line #93
06-22 14:35:19.627 W/PackageParser( 1909): Unknown element under <manifest>: attribution at /system/product/priv-app/PrebuiltGmsCore/PrebuiltGmsCore.apk Binary XML file line #94
06-22 14:35:19.627 W/PackageParser( 1909): Unknown element under <manifest>: attribution at /system/product/priv-app/PrebuiltGmsCore/PrebuiltGmsCore.apk Binary XML file line #95
06-22 14:35:19.627 W/PackageParser( 1909): Unknown element under <manifest>: attribution at /system/product/priv-app/PrebuiltGmsCore/PrebuiltGmsCore.apk Binary XML file line #96
06-22 14:35:19.627 W/PackageParser( 1909): Unknown element under <manifest>: attribution at /system/product/priv-app/PrebuiltGmsCore/PrebuiltGmsCore.apk Binary XML file line #97
06-22 14:35:19.627 W/PackageParser( 1909): Unknown element under <manifest>: attribution at /system/product/priv-app/PrebuiltGmsCore/PrebuiltGmsCore.apk Binary XML file line #98
06-22 14:35:19.628 W/PackageParser( 1909): Unknown element under <manifest>: attribution at /system/product/priv-app/PrebuiltGmsCore/PrebuiltGmsCore.apk Binary XML file line #99
06-22 14:35:19.628 W/PackageParser( 1909): Unknown element under <manifest>: attribution at /system/product/priv-app/PrebuiltGmsCore/PrebuiltGmsCore.apk Binary XML file line #100
06-22 14:35:19.628 W/PackageParser( 1909): Unknown element under <manifest>: attribution at /system/product/priv-app/PrebuiltGmsCore/PrebuiltGmsCore.apk Binary XML file line #101
06-22 14:35:19.628 W/PackageParser( 1909): Unknown element under <manifest>: attribution at /system/product/priv-app/PrebuiltGmsCore/PrebuiltGmsCore.apk Binary XML file line #102
06-22 14:35:19.628 W/PackageParser( 1909): Unknown element under <manifest>: attribution at /system/product/priv-app/PrebuiltGmsCore/PrebuiltGmsCore.apk Binary XML file line #103
06-22 14:35:19.628 W/PackageParser( 1909): Unknown element under <manifest>: attribution at /system/product/priv-app/PrebuiltGmsCore/PrebuiltGmsCore.apk Binary XML file line #104
06-22 14:35:19.628 W/PackageParser( 1909): Unknown element under <manifest>: attribution at /system/product/priv-app/PrebuiltGmsCore/PrebuiltGmsCore.apk Binary XML file line #105
06-22 14:35:19.628 W/PackageParser( 1909): Unknown element under <manifest>: attribution at /system/product/priv-app/PrebuiltGmsCore/PrebuiltGmsCore.apk Binary XML file line #106
06-22 14:35:19.628 W/PackageParser( 1909): Unknown element under <manifest>: attribution at /system/product/priv-app/PrebuiltGmsCore/PrebuiltGmsCore.apk Binary XML file line #107
06-22 14:35:19.628 W/PackageParser( 1909): Unknown element under <manifest>: attribution at /system/product/priv-app/PrebuiltGmsCore/PrebuiltGmsCore.apk Binary XML file line #108
06-22 14:35:19.628 W/PackageParser( 1909): Unknown element under <manifest>: attribution at /system/product/priv-app/PrebuiltGmsCore/PrebuiltGmsCore.apk Binary XML file line #109
06-22 14:35:19.628 W/PackageParser( 1909): Unknown element under <manifest>: attribution at /system/product/priv-app/PrebuiltGmsCore/PrebuiltGmsCore.apk Binary XML file line #110
06-22 14:35:19.628 W/PackageParser( 1909): Unknown element under <manifest>: attribution at /system/product/priv-app/PrebuiltGmsCore/PrebuiltGmsCore.apk Binary XML file line #111
06-22 14:35:19.628 W/PackageParser( 1909): Unknown element under <manifest>: attribution at /system/product/priv-app/PrebuiltGmsCore/PrebuiltGmsCore.apk Binary XML file line #112
06-22 14:35:19.628 W/PackageParser( 1909): Unknown element under <manifest>: attribution at /system/product/priv-app/PrebuiltGmsCore/PrebuiltGmsCore.apk Binary XML file line #113
06-22 14:35:19.628 W/PackageParser( 1909): Unknown element under <manifest>: attribution at /system/product/priv-app/PrebuiltGmsCore/PrebuiltGmsCore.apk Binary XML file line #114
06-22 14:35:19.628 W/PackageParser( 1909): Unknown element under <manifest>: attribution at /system/product/priv-app/PrebuiltGmsCore/PrebuiltGmsCore.apk Binary XML file line #115
06-22 14:35:19.628 W/PackageParser( 1909): Unknown element under <manifest>: attribution at /system/product/priv-app/PrebuiltGmsCore/PrebuiltGmsCore.apk Binary XML file line #116
06-22 14:35:19.628 W/PackageParser( 1909): Unknown element under <manifest>: attribution at /system/product/priv-app/PrebuiltGmsCore/PrebuiltGmsCore.apk Binary XML file line #117
06-22 14:35:19.628 W/PackageParser( 1909): Unknown element under <manifest>: attribution at /system/product/priv-app/PrebuiltGmsCore/PrebuiltGmsCore.apk Binary XML file line #118
06-22 14:35:19.628 W/PackageParser( 1909): Unknown element under <manifest>: attribution at /system/product/priv-app/PrebuiltGmsCore/PrebuiltGmsCore.apk Binary XML file line #119
06-22 14:35:19.628 W/PackageParser( 1909): Unknown element under <manifest>: attribution at /system/product/priv-app/PrebuiltGmsCore/PrebuiltGmsCore.apk Binary XML file line #120
06-22 14:35:19.628 W/PackageParser( 1909): Unknown element under <manifest>: attribution at /system/product/priv-app/PrebuiltGmsCore/PrebuiltGmsCore.apk Binary XML file line #121
06-22 14:35:19.628 W/PackageParser( 1909): Unknown element under <manifest>: attribution at /system/product/priv-app/PrebuiltGmsCore/PrebuiltGmsCore.apk Binary XML file line #122
06-22 14:35:19.629 W/PackageParser( 1909): Unknown element under <manifest>: attribution at /system/product/priv-app/PrebuiltGmsCore/PrebuiltGmsCore.apk Binary XML file line #123
06-22 14:35:19.632 W/PackageParser( 1909): Unknown element under <manifest>: attribution at /system/product/priv-app/PrebuiltGmsCore/PrebuiltGmsCore.apk Binary XML file line #124
06-22 14:35:19.632 W/PackageParser( 1909): Unknown element under <manifest>: attribution at /system/product/priv-app/PrebuiltGmsCore/PrebuiltGmsCore.apk Binary XML file line #125
06-22 14:35:19.633 W/PackageParser( 1909): Unknown element under <manifest>: attribution at /system/product/priv-app/PrebuiltGmsCore/PrebuiltGmsCore.apk Binary XML file line #126
06-22 14:35:19.633 W/PackageParser( 1909): Unknown element under <manifest>: attribution at /system/product/priv-app/PrebuiltGmsCore/PrebuiltGmsCore.apk Binary XML file line #127
06-22 14:35:19.633 W/PackageParser( 1909): Unknown element under <manifest>: attribution at /system/product/priv-app/PrebuiltGmsCore/PrebuiltGmsCore.apk Binary XML file line #128
06-22 14:35:19.633 W/PackageParser( 1909): Unknown element under <manifest>: attribution at /system/product/priv-app/PrebuiltGmsCore/PrebuiltGmsCore.apk Binary XML file line #129
06-22 14:35:19.633 W/PackageParser( 1909): Unknown element under <manifest>: attribution at /system/product/priv-app/PrebuiltGmsCore/PrebuiltGmsCore.apk Binary XML file line #130
06-22 14:35:19.633 W/PackageParser( 1909): Unknown element under <manifest>: attribution at /system/product/priv-app/PrebuiltGmsCore/PrebuiltGmsCore.apk Binary XML file line #131
06-22 14:35:19.633 W/PackageParser( 1909): Unknown element under <manifest>: attribution at /system/product/priv-app/PrebuiltGmsCore/PrebuiltGmsCore.apk Binary XML file line #132
06-22 14:35:19.633 W/PackageParser( 1909): Unknown element under <manifest>: attribution at /system/product/priv-app/PrebuiltGmsCore/PrebuiltGmsCore.apk Binary XML file line #133
06-22 14:35:19.633 W/PackageParser( 1909): Unknown element under <manifest>: attribution at /system/product/priv-app/PrebuiltGmsCore/PrebuiltGmsCore.apk Binary XML file line #134
06-22 14:35:19.633 W/PackageParser( 1909): Unknown element under <manifest>: attribution at /system/product/priv-app/PrebuiltGmsCore/PrebuiltGmsCore.apk Binary XML file line #135
06-22 14:35:19.633 W/PackageParser( 1909): Unknown element under <manifest>: attribution at /system/product/priv-app/PrebuiltGmsCore/PrebuiltGmsCore.apk Binary XML file line #136
06-22 14:35:19.634 W/PackageParser( 1909): Unknown element under <manifest>: attribution at /system/product/priv-app/PrebuiltGmsCore/PrebuiltGmsCore.apk Binary XML file line #137
06-22 14:35:19.634 W/PackageParser( 1909): Unknown element under <manifest>: attribution at /system/product/priv-app/PrebuiltGmsCore/PrebuiltGmsCore.apk Binary XML file line #138
06-22 14:35:19.634 W/PackageParser( 1909): Unknown element under <manifest>: attribution at /system/product/priv-app/PrebuiltGmsCore/PrebuiltGmsCore.apk Binary XML file line #139
06-22 14:35:19.634 W/PackageParser( 1909): Unknown element under <manifest>: attribution at /system/product/priv-app/PrebuiltGmsCore/PrebuiltGmsCore.apk Binary XML file line #140
06-22 14:35:19.641 W/PackageParser( 1909): Unknown element under <manifest>: queries at /system/product/priv-app/PrebuiltGmsCore/PrebuiltGmsCore.apk Binary XML file line #544
06-22 14:35:19.694 I/PackageParser( 1909): Parse times for '/system/product/priv-app/PrebuiltGmsCore': parse=103ms, update_cache=43 ms
06-22 14:35:19.695 I/PackageManager( 1909): /system/product/priv-app/PrebuiltGmsCore changed; collecting certs
06-22 14:35:19.703 I/ServiceManager( 1797): Waiting for service 'package_native' on '/dev/binder'...
06-22 14:35:19.714 E/PackageManager( 1909): Adding duplicate app id: 10116 name=com.google.android.gms
06-22 14:35:19.730 W/PackageParser( 1909): No actions in intent filter at /system/product/priv-app/Velvet/Velvet.apk Binary XML file line #3398
06-22 14:35:19.739 I/PackageParser( 1909): Parse times for '/system/product/priv-app/Velvet': parse=175ms, update_cache=9 ms
06-22 14:35:19.739 I/PackageManager( 1909): /system/product/priv-app/Velvet changed; collecting certs
