06-22 14:35:22.078 I/PackageManager( 1909): Un-granting permission android.permission.REQUEST_INSTALL_PACKAGES from package com.google.android.gm (protectionLevel=66 flags=0x38cbbe45)
06-22 14:35:22.079 I/OMXClient( 1794): IOmx service obtained
06-22 14:35:22.080 I/OMXMaster( 1802): makeComponentInstance(OMX.google.h263.encoder) in android.hardwar process
06-22 14:35:22.081 I/SoftMPEG4Encoder( 1802): Construct SoftMPEG4Encoder
06-22 14:35:22.081 W/OMXUtils( 1794): do not know color format 0x7f000789 = 2130708361
06-22 14:35:22.081 E/OMXNodeInstance( 1802): getConfig(0xe8218ea0:google.h263.encoder, ConfigAndroidIntraRefresh(0x6f60000a)) ERROR: Undefined(0x80001001)
06-22 14:35:22.081 E/OMXNodeInstance( 1802): getParameter(0xe8218ea0:google.h263.encoder, ParamVideoIntraRefresh(0x6000006)) ERROR: UnsupportedIndex(0x8000101a)
06-22 14:35:22.081 D/MediaCodecInfo( 1794): detail feature-frame-parsing wasn't present to remove
06-22 14:35:22.083 W/PackageManager( 1909): Cannot whitelist unknown permission: com.google.android.email.permission.ACCESS_PROVIDER
06-22 14:35:22.083 W/PackageManager( 1909): Cannot whitelist unknown permission: com.google.android.gm.exchange.BIND
06-22 14:35:22.083 W/PackageManager( 1909): Cannot whitelist unknown permission: com.android.email.partnerprovider.PARTNER_PROVIDER
06-22 14:35:22.083 I/PackageManager( 1909): Un-granting permission android.permission.REQUEST_INSTALL_PACKAGES from package com.google.android.gm (protectionLevel=66 flags=0x38cbbe45)
06-22 14:35:22.084 I/.gms.persisten( 2047): Compiler allocated 5328KB to compile boolean cuf.a(cyl, boolean, caau, caau, int, java.util.List, java.io.File, cyh)
06-22 14:35:22.088 I/OMXClient( 1794): IOmx service obtained
06-22 14:35:22.088 I/OMXMaster( 1802): makeComponentInstance(OMX.google.mpeg4.encoder) in android.hardwar process
06-22 14:35:22.088 I/SoftMPEG4Encoder( 1802): Construct SoftMPEG4Encoder
06-22 14:35:22.089 W/OMXUtils( 1794): do not know color format 0x7f000789 = 2130708361
06-22 14:35:22.089 E/OMXNodeInstance( 1802): getConfig(0xe8218ea0:google.mpeg4.encoder, ConfigAndroidIntraRefresh(0x6f60000a)) ERROR: Undefined(0x80001001)
06-22 14:35:22.089 E/OMXNodeInstance( 1802): getParameter(0xe8218ea0:google.mpeg4.encoder, ParamVideoIntraRefresh(0x6000006)) ERROR: UnsupportedIndex(0x8000101a)
06-22 14:35:22.089 D/MediaCodecInfo( 1794): detail feature-frame-parsing wasn't present to remove
06-22 14:35:22.092 W/PackageManager( 1909): Cannot whitelist unknown permission: com.android.vending.TOS_ACKED
06-22 14:35:22.092 W/PackageManager( 1909): Cannot whitelist unknown permission: com.android.vending.setup.PLAY_SETUP_SERVICE
06-22 14:35:22.093 I/OMXClient( 1794): IOmx service obtained
06-22 14:35:22.093 I/OMXMaster( 1802): makeComponentInstance(OMX.google.vp8.encoder) in android.hardwar process
06-22 14:35:22.094 W/OMXUtils( 1794): do not know color format 0x7f000789 = 2130708361
06-22 14:35:22.095 E/OMXNodeInstance( 1802): getConfig(0xe8218ea0:google.vp8.encoder, ConfigAndroidIntraRefresh(0x6f60000a)) ERROR: Undefined(0x80001001)
06-22 14:35:22.095 E/OMXNodeInstance( 1802): getParameter(0xe8218ea0:google.vp8.encoder, ParamVideoIntraRefresh(0x6000006)) ERROR: UnsupportedIndex(0x8000101a)
06-22 14:35:22.095 D/MediaCodecInfo( 1794): detail feature-frame-parsing wasn't present to remove
06-22 14:35:22.097 W/PackageManager( 1909): Cannot whitelist unknown permission: com.samsung.android.providers.context.permission.WRITE_USE_APP_FEATURE_SURVEY
06-22 14:35:22.097 I/PackageManager( 1909): Un-granting permission android.permission.BIND_JOB_SERVICE from package com.google.android.music (protectionLevel=2 flags=0x38cbbe65)
06-22 14:35:22.099 W/PackageManager( 1909): Cannot whitelist unknown permission: com.samsung.android.providers.context.permission.WRITE_USE_APP_FEATURE_SURVEY
06-22 14:35:22.099 I/PackageManager( 1909): Un-granting permission android.permission.BIND_JOB_SERVICE from package com.google.android.music (protectionLevel=2 flags=0x38cbbe65)
06-22 14:35:22.100 W/PackageManager( 1909): Cannot whitelist unknown permission: com.samsung.android.providers.context.permission.WRITE_USE_APP_FEATURE_SURVEY
06-22 14:35:22.100 I/PackageManager( 1909): Un-granting permission android.permission.BIND_JOB_SERVICE from package com.google.android.music (protectionLevel=2 flags=0x38cbbe65)
06-22 14:35:22.103 W/PackageManager( 1909): Cannot whitelist unknown permission: com.android.vending.BILLING
06-22 14:35:22.103 I/PackageManager( 1909): Un-granting permission android.permission.REQUEST_INSTALL_PACKAGES from package com.google.android.apps.docs (protectionLevel=66 flags=0x38cbbe45)
06-22 14:35:22.104 D/MediaCodecList( 1794): ignored a null builder
06-22 14:35:22.105 W/PackageManager( 1909): Cannot whitelist unknown permission: com.android.vending.BILLING
06-22 14:35:22.105 I/OMXClient( 1909): IOmx service obtained
06-22 14:35:22.105 I/OMXMaster( 1802): makeComponentInstance(OMX.google.vorbis.decoder) in android.hardwar process
06-22 14:35:22.106 I/PackageManager( 1909): Un-granting permission android.permission.REQUEST_INSTALL_PACKAGES from package com.google.android.apps.docs (protectionLevel=66 flags=0x38cbbe45)
06-22 14:35:22.106 E/OMXNodeInstance( 1802): getConfig(0xe8218ea0:google.vorbis.decoder, ConfigAndroidVendorExtension(0x6f100004)) ERROR: Undefined(0x80001001)
06-22 14:35:22.139 I/OMXClient( 1909): IOmx service obtained
06-22 14:35:22.139 I/OMXMaster( 1802): makeComponentInstance(OMX.google.vorbis.decoder) in android.hardwar process
06-22 14:35:22.140 E/OMXNodeInstance( 1802): getConfig(0xe8218ea0:google.vorbis.decoder, ConfigAndroidVendorExtension(0x6f100004)) ERROR: Undefined(0x80001001)
06-22 14:35:22.145 W/PackageManager( 1909): Cannot whitelist unknown permission: android.permission.READ_MEDIA_IMAGES
06-22 14:35:22.145 W/PackageManager( 1909): Cannot whitelist unknown permission: com.chrome.permission.DEVICE_EXTRAS
06-22 14:35:22.145 W/PackageManager( 1909): Cannot whitelist unknown permission: com.sec.enterprise.knox.MDM_CONTENT_PROVIDER
06-22 14:35:22.145 I/PackageManager( 1909): Un-granting permission android.permission.REQUEST_INSTALL_PACKAGES from package com.android.chrome (protectionLevel=66 flags=0xa0cbbe45)
06-22 14:35:22.145 I/PackageManager( 1909): Un-granting permission com.google.android.apps.now.CURRENT_ACCOUNT_ACCESS from package com.android.chrome (protectionLevel=2 flags=0xa0cbbe45)
06-22 14:35:22.146 W/PackageManager( 1909): Cannot whitelist unknown permission: android.permission.READ_MEDIA_IMAGES
06-22 14:35:22.146 W/PackageManager( 1909): Cannot whitelist unknown permission: com.chrome.permission.DEVICE_EXTRAS
06-22 14:35:22.146 W/PackageManager( 1909): Cannot whitelist unknown permission: com.sec.enterprise.knox.MDM_CONTENT_PROVIDER
06-22 14:35:22.146 I/PackageManager( 1909): Un-granting permission android.permission.REQUEST_INSTALL_PACKAGES from package com.android.chrome (protectionLevel=66 flags=0xa0cbbe45)
06-22 14:35:22.146 I/PackageManager( 1909): Un-granting permission com.google.android.apps.now.CURRENT_ACCOUNT_ACCESS from package com.android.chrome (protectionLevel=2 flags=0xa0cbbe45)
06-22 14:35:22.148 W/PackageManager( 1909): Cannot whitelist unknown permission: com.sec.android.provider.badge.permission.READ
06-22 14:35:22.148 W/PackageManager( 1909): Cannot whitelist unknown permission: com.sec.android.provider.badge.permission.WRITE
06-22 14:35:22.148 W/PackageManager( 1909): Cannot whitelist unknown permission: com.htc.launcher.permission.READ_SETTINGS
06-22 14:35:22.148 W/PackageManager( 1909): Cannot whitelist unknown permission: com.htc.launcher.permission.UPDATE_SHORTCUT
06-22 14:35:22.148 W/PackageManager( 1909): Cannot whitelist unknown permission: com.sonyericsson.home.permission.BROADCAST_BADGE
06-22 14:35:22.148 W/PackageManager( 1909): Cannot whitelist unknown permission: com.sonymobile.home.permission.PROVIDER_INSERT_BADGE
06-22 14:35:22.148 W/PackageManager( 1909): Cannot whitelist unknown permission: com.anddoes.launcher.permission.UPDATE_COUNT
06-22 14:35:22.148 W/PackageManager( 1909): Cannot whitelist unknown permission: com.majeur.launcher.permission.UPDATE_BADGE
06-22 14:35:22.148 W/PackageManager( 1909): Cannot whitelist unknown permission: com.huawei.android.launcher.permission.CHANGE_BADGE
06-22 14:35:22.148 W/PackageManager( 1909): Cannot whitelist unknown permission: com.huawei.android.launcher.permission.READ_SETTINGS
06-22 14:35:22.148 W/PackageManager( 1909): Cannot whitelist unknown permission: com.huawei.android.launcher.permission.WRITE_SETTINGS
06-22 14:35:22.148 W/PackageManager( 1909): Cannot whitelist unknown permission: android.permission.READ_APP_BADGE
06-22 14:35:22.148 W/PackageManager( 1909): Cannot whitelist unknown permission: com.oppo.launcher.permission.READ_SETTINGS
06-22 14:35:22.148 W/PackageManager( 1909): Cannot whitelist unknown permission: com.oppo.launcher.permission.WRITE_SETTINGS
06-22 14:35:22.148 W/PackageManager( 1909): Cannot whitelist unknown permission: com.cequint.ecid.CALLER_ID_LOOKUP
06-22 14:35:22.148 W/PackageManager( 1909): Cannot whitelist unknown permission: com.motorola.incallui.permission.INCOMING_CALL_VISIBILITY_CHANGED
06-22 14:35:22.149 W/PackageManager( 1909): Cannot whitelist unknown permission: com.sec.android.provider.badge.permission.READ
06-22 14:35:22.149 W/PackageManager( 1909): Cannot whitelist unknown permission: com.sec.android.provider.badge.permission.WRITE
06-22 14:35:22.149 W/PackageManager( 1909): Cannot whitelist unknown permission: com.htc.launcher.permission.READ_SETTINGS
06-22 14:35:22.149 W/PackageManager( 1909): Cannot whitelist unknown permission: com.htc.launcher.permission.UPDATE_SHORTCUT
06-22 14:35:22.149 W/PackageManager( 1909): Cannot whitelist unknown permission: com.sonyericsson.home.permission.BROADCAST_BADGE
06-22 14:35:22.149 W/PackageManager( 1909): Cannot whitelist unknown permission: com.sonymobile.home.permission.PROVIDER_INSERT_BADGE
06-22 14:35:22.149 W/PackageManager( 1909): Cannot whitelist unknown permission: com.anddoes.launcher.permission.UPDATE_COUNT
06-22 14:35:22.149 W/PackageManager( 1909): Cannot whitelist unknown permission: com.majeur.launcher.permission.UPDATE_BADGE
06-22 14:35:22.149 W/PackageManager( 1909): Cannot whitelist unknown permission: com.huawei.android.launcher.permission.CHANGE_BADGE
06-22 14:35:22.149 W/PackageManager( 1909): Cannot whitelist unknown permission: com.huawei.android.launcher.permission.READ_SETTINGS
06-22 14:35:22.149 W/PackageManager( 1909): Cannot whitelist unknown permission: com.huawei.android.launcher.permission.WRITE_SETTINGS
06-22 14:35:22.149 W/PackageManager( 1909): Cannot whitelist unknown permission: android.permission.READ_APP_BADGE
06-22 14:35:22.149 W/PackageManager( 1909): Cannot whitelist unknown permission: com.oppo.launcher.permission.READ_SETTINGS
06-22 14:35:22.149 W/PackageManager( 1909): Cannot whitelist unknown permission: com.oppo.launcher.permission.WRITE_SETTINGS
06-22 14:35:22.149 W/PackageManager( 1909): Cannot whitelist unknown permission: com.cequint.ecid.CALLER_ID_LOOKUP
06-22 14:35:22.149 W/PackageManager( 1909): Cannot whitelist unknown permission: com.motorola.incallui.permission.INCOMING_CALL_VISIBILITY_CHANGED
06-22 14:35:22.150 W/PackageManager( 1909): Cannot whitelist unknown permission: com.sec.android.provider.badge.permission.READ
06-22 14:35:22.150 W/PackageManager( 1909): Cannot whitelist unknown permission: com.sec.android.provider.badge.permission.WRITE
06-22 14:35:22.150 W/PackageManager( 1909): Cannot whitelist unknown permission: com.htc.launcher.permission.READ_SETTINGS
06-22 14:35:22.150 W/PackageManager( 1909): Cannot whitelist unknown permission: com.htc.launcher.permission.UPDATE_SHORTCUT
06-22 14:35:22.150 W/PackageManager( 1909): Cannot whitelist unknown permission: com.sonyericsson.home.permission.BROADCAST_BADGE
06-22 14:35:22.150 W/PackageManager( 1909): Cannot whitelist unknown permission: com.sonymobile.home.permission.PROVIDER_INSERT_BADGE
06-22 14:35:22.150 W/PackageManager( 1909): Cannot whitelist unknown permission: com.anddoes.launcher.permission.UPDATE_COUNT
06-22 14:35:22.150 W/PackageManager( 1909): Cannot whitelist unknown permission: com.majeur.launcher.permission.UPDATE_BADGE
06-22 14:35:22.150 W/PackageManager( 1909): Cannot whitelist unknown permission: com.huawei.android.launcher.permission.CHANGE_BADGE
06-22 14:35:22.150 W/PackageManager( 1909): Cannot whitelist unknown permission: com.huawei.android.launcher.permission.READ_SETTINGS
06-22 14:35:22.150 W/PackageManager( 1909): Cannot whitelist unknown permission: com.huawei.android.launcher.permission.WRITE_SETTINGS
06-22 14:35:22.150 W/PackageManager( 1909): Cannot whitelist unknown permission: android.permission.READ_APP_BADGE
06-22 14:35:22.150 W/PackageManager( 1909): Cannot whitelist unknown permission: com.oppo.launcher.permission.READ_SETTINGS
06-22 14:35:22.150 W/PackageManager( 1909): Cannot whitelist unknown permission: com.oppo.launcher.permission.WRITE_SETTINGS
06-22 14:35:22.150 W/PackageManager( 1909): Cannot whitelist unknown permission: com.cequint.ecid.CALLER_ID_LOOKUP
06-22 14:35:22.150 W/PackageManager( 1909): Cannot whitelist unknown permission: com.motorola.incallui.permission.INCOMING_CALL_VISIBILITY_CHANGED
06-22 14:35:22.151 W/PackageManager( 1909): Cannot whitelist unknown permission: com.sec.android.provider.badge.permission.READ
06-22 14:35:22.151 W/PackageManager( 1909): Cannot whitelist unknown permission: com.sec.android.provider.badge.permission.WRITE
06-22 14:35:22.151 W/PackageManager( 1909): Cannot whitelist unknown permission: com.htc.launcher.permission.READ_SETTINGS
06-22 14:35:22.151 W/PackageManager( 1909): Cannot whitelist unknown permission: com.htc.launcher.permission.UPDATE_SHORTCUT
06-22 14:35:22.151 W/PackageManager( 1909): Cannot whitelist unknown permission: com.sonyericsson.home.permission.BROADCAST_BADGE
06-22 14:35:22.151 W/PackageManager( 1909): Cannot whitelist unknown permission: com.sonymobile.home.permission.PROVIDER_INSERT_BADGE
06-22 14:35:22.151 W/PackageManager( 1909): Cannot whitelist unknown permission: com.anddoes.launcher.permission.UPDATE_COUNT
06-22 14:35:22.151 W/PackageManager( 1909): Cannot whitelist unknown permission: com.majeur.launcher.permission.UPDATE_BADGE
06-22 14:35:22.151 W/PackageManager( 1909): Cannot whitelist unknown permission: com.huawei.android.launcher.permission.CHANGE_BADGE
06-22 14:35:22.151 W/PackageManager( 1909): Cannot whitelist unknown permission: com.huawei.android.launcher.permission.READ_SETTINGS
06-22 14:35:22.151 W/PackageManager( 1909): Cannot whitelist unknown permission: com.huawei.android.launcher.permission.WRITE_SETTINGS
06-22 14:35:22.151 W/PackageManager( 1909): Cannot whitelist unknown permission: android.permission.READ_APP_BADGE
06-22 14:35:22.151 W/PackageManager( 1909): Cannot whitelist unknown permission: com.oppo.launcher.permission.READ_SETTINGS
06-22 14:35:22.151 W/PackageManager( 1909): Cannot whitelist unknown permission: com.oppo.launcher.permission.WRITE_SETTINGS
06-22 14:35:22.151 W/PackageManager( 1909): Cannot whitelist unknown permission: com.cequint.ecid.CALLER_ID_LOOKUP
06-22 14:35:22.151 W/PackageManager( 1909): Cannot whitelist unknown permission: com.motorola.incallui.permission.INCOMING_CALL_VISIBILITY_CHANGED
06-22 14:35:22.154 W/PackageManager( 1909): Cannot whitelist unknown permission: com.sec.android.provider.badge.permission.READ
06-22 14:35:22.154 W/PackageManager( 1909): Cannot whitelist unknown permission: com.sec.android.provider.badge.permission.WRITE
06-22 14:35:22.154 W/PackageManager( 1909): Cannot whitelist unknown permission: com.htc.launcher.permission.READ_SETTINGS
06-22 14:35:22.154 W/PackageManager( 1909): Cannot whitelist unknown permission: com.htc.launcher.permission.UPDATE_SHORTCUT
06-22 14:35:22.154 W/PackageManager( 1909): Cannot whitelist unknown permission: com.sonyericsson.home.permission.BROADCAST_BADGE
06-22 14:35:22.154 W/PackageManager( 1909): Cannot whitelist unknown permission: com.sonymobile.home.permission.PROVIDER_INSERT_BADGE
06-22 14:35:22.154 W/PackageManager( 1909): Cannot whitelist unknown permission: com.anddoes.launcher.permission.UPDATE_COUNT
06-22 14:35:22.154 W/PackageManager( 1909): Cannot whitelist unknown permission: com.majeur.launcher.permission.UPDATE_BADGE
06-22 14:35:22.154 W/PackageManager( 1909): Cannot whitelist unknown permission: com.huawei.android.launcher.permission.CHANGE_BADGE
06-22 14:35:22.154 W/PackageManager( 1909): Cannot whitelist unknown permission: com.huawei.android.launcher.permission.READ_SETTINGS
06-22 14:35:22.154 W/PackageManager( 1909): Cannot whitelist unknown permission: com.huawei.android.launcher.permission.WRITE_SETTINGS
06-22 14:35:22.154 W/PackageManager( 1909): Cannot whitelist unknown permission: android.permission.READ_APP_BADGE
06-22 14:35:22.154 W/PackageManager( 1909): Cannot whitelist unknown permission: com.oppo.launcher.permission.READ_SETTINGS
06-22 14:35:22.154 W/PackageManager( 1909): Cannot whitelist unknown permission: com.oppo.launcher.permission.WRITE_SETTINGS
06-22 14:35:22.154 W/PackageManager( 1909): Cannot whitelist unknown permission: com.cequint.ecid.CALLER_ID_LOOKUP
06-22 14:35:22.154 W/PackageManager( 1909): Cannot whitelist unknown permission: com.motorola.incallui.permission.INCOMING_CALL_VISIBILITY_CHANGED
06-22 14:35:22.156 W/PackageManager( 1909): Cannot whitelist unknown permission: com.sec.android.provider.badge.permission.READ
06-22 14:35:22.156 W/PackageManager( 1909): Cannot whitelist unknown permission: com.sec.android.provider.badge.permission.WRITE
06-22 14:35:22.156 W/PackageManager( 1909): Cannot whitelist unknown permission: com.htc.launcher.permission.READ_SETTINGS
06-22 14:35:22.156 W/PackageManager( 1909): Cannot whitelist unknown permission: com.htc.launcher.permission.UPDATE_SHORTCUT
06-22 14:35:22.156 W/PackageManager( 1909): Cannot whitelist unknown permission: com.sonyericsson.home.permission.BROADCAST_BADGE
06-22 14:35:22.156 W/PackageManager( 1909): Cannot whitelist unknown permission: com.sonymobile.home.permission.PROVIDER_INSERT_BADGE
06-22 14:35:22.156 W/PackageManager( 1909): Cannot whitelist unknown permission: com.anddoes.launcher.permission.UPDATE_COUNT
06-22 14:35:22.156 W/PackageManager( 1909): Cannot whitelist unknown permission: com.majeur.launcher.permission.UPDATE_BADGE
06-22 14:35:22.156 W/PackageManager( 1909): Cannot whitelist unknown permission: com.huawei.android.launcher.permission.CHANGE_BADGE
06-22 14:35:22.156 W/PackageManager( 1909): Cannot whitelist unknown permission: com.huawei.android.launcher.permission.READ_SETTINGS
06-22 14:35:22.156 W/PackageManager( 1909): Cannot whitelist unknown permission: com.huawei.android.launcher.permission.WRITE_SETTINGS
06-22 14:35:22.156 W/PackageManager( 1909): Cannot whitelist unknown permission: android.permission.READ_APP_BADGE
06-22 14:35:22.156 W/PackageManager( 1909): Cannot whitelist unknown permission: com.oppo.launcher.permission.READ_SETTINGS
06-22 14:35:22.156 W/PackageManager( 1909): Cannot whitelist unknown permission: com.oppo.launcher.permission.WRITE_SETTINGS
06-22 14:35:22.156 W/PackageManager( 1909): Cannot whitelist unknown permission: com.cequint.ecid.CALLER_ID_LOOKUP
06-22 14:35:22.156 W/PackageManager( 1909): Cannot whitelist unknown permission: com.motorola.incallui.permission.INCOMING_CALL_VISIBILITY_CHANGED
06-22 14:35:22.157 W/PackageManager( 1909): Cannot whitelist unknown permission: com.sec.android.provider.badge.permission.READ
06-22 14:35:22.157 W/PackageManager( 1909): Cannot whitelist unknown permission: com.sec.android.provider.badge.permission.WRITE
06-22 14:35:22.157 W/PackageManager( 1909): Cannot whitelist unknown permission: com.htc.launcher.permission.READ_SETTINGS
06-22 14:35:22.157 W/PackageManager( 1909): Cannot whitelist unknown permission: com.htc.launcher.permission.UPDATE_SHORTCUT
06-22 14:35:22.157 W/PackageManager( 1909): Cannot whitelist unknown permission: com.sonyericsson.home.permission.BROADCAST_BADGE
06-22 14:35:22.157 W/PackageManager( 1909): Cannot whitelist unknown permission: com.sonymobile.home.permission.PROVIDER_INSERT_BADGE
06-22 14:35:22.157 W/PackageManager( 1909): Cannot whitelist unknown permission: com.anddoes.launcher.permission.UPDATE_COUNT
06-22 14:35:22.157 W/PackageManager( 1909): Cannot whitelist unknown permission: com.majeur.launcher.permission.UPDATE_BADGE
06-22 14:35:22.157 W/PackageManager( 1909): Cannot whitelist unknown permission: com.huawei.android.launcher.permission.CHANGE_BADGE
06-22 14:35:22.157 W/PackageManager( 1909): Cannot whitelist unknown permission: com.huawei.android.launcher.permission.READ_SETTINGS
06-22 14:35:22.157 W/PackageManager( 1909): Cannot whitelist unknown permission: com.huawei.android.launcher.permission.WRITE_SETTINGS
06-22 14:35:22.157 W/PackageManager( 1909): Cannot whitelist unknown permission: android.permission.READ_APP_BADGE
06-22 14:35:22.157 W/PackageManager( 1909): Cannot whitelist unknown permission: com.oppo.launcher.permission.READ_SETTINGS
06-22 14:35:22.157 W/PackageManager( 1909): Cannot whitelist unknown permission: com.oppo.launcher.permission.WRITE_SETTINGS
06-22 14:35:22.157 W/PackageManager( 1909): Cannot whitelist unknown permission: com.cequint.ecid.CALLER_ID_LOOKUP
06-22 14:35:22.157 W/PackageManager( 1909): Cannot whitelist unknown permission: com.motorola.incallui.permission.INCOMING_CALL_VISIBILITY_CHANGED
06-22 14:35:22.163 W/PackageManager( 1909): Cannot whitelist unknown permission: android.permission.QUERY_ALL_PACKAGES
06-22 14:35:22.163 W/PackageManager( 1909): Cannot whitelist unknown permission: android.permission.PRE_FACTORY_RESET
06-22 14:35:22.163 W/PackageManager( 1909): Cannot whitelist unknown permission: android.permission.MANAGE_FACTORY_RESET_PROTECTION
06-22 14:35:22.163 W/PackageManager( 1909): Cannot whitelist unknown permission: android.car.permission.CAR_POWER
06-22 14:35:22.163 W/PackageManager( 1909): Cannot whitelist unknown permission: com.google.android.wearable.WRITE_SETTINGS
06-22 14:35:22.163 W/PackageManager( 1909): Cannot whitelist unknown permission: com.felicanetworks.mfc.permission.MFC_ACCESS
06-22 14:35:22.163 W/PackageManager( 1909): Cannot whitelist unknown permission: com.felicanetworks.mfc.mfi.permission.MFI_ACCESS
06-22 14:35:22.163 W/PackageManager( 1909): Cannot whitelist unknown permission: com.google.android.finsky.permission.INSTANT_APP_STATE
06-22 14:35:22.163 W/PackageManager( 1909): Cannot whitelist unknown permission: android.permission.UWB
06-22 14:35:22.163 W/PackageManager( 1909): Cannot whitelist unknown permission: com.google.android.finsky.permission.BIND_GET_INSTALL_REFERRER_SERVICE
06-22 14:35:22.163 W/PackageManager( 1909): Cannot whitelist unknown permission: com.google.android.hangouts.START_HANGOUT
06-22 14:35:22.163 W/PackageManager( 1909): Cannot whitelist unknown permission: android.car.permission.CAR_POWERTRAIN
06-22 14:35:22.163 W/PackageManager( 1909): Cannot whitelist unknown permission: android.car.permission.CAR_ENERGY
06-22 14:35:22.163 W/PackageManager( 1909): Cannot whitelist unknown permission: android.car.permission.CAR_ENERGY_PORTS
06-22 14:35:22.163 W/PackageManager( 1909): Cannot whitelist unknown permission: android.car.permission.CAR_EXTERIOR_LIGHTS
06-22 14:35:22.163 W/PackageManager( 1909): Cannot whitelist unknown permission: android.car.permission.CAR_INFO
06-22 14:35:22.163 W/PackageManager( 1909): Cannot whitelist unknown permission: android.car.permission.CAR_MILEAGE
06-22 14:35:22.163 W/PackageManager( 1909): Cannot whitelist unknown permission: android.car.permission.CAR_TIRES
06-22 14:35:22.163 W/PackageManager( 1909): Cannot whitelist unknown permission: android.car.permission.CONTROL_CAR_CLIMATE
06-22 14:35:22.164 W/PackageManager( 1909): Cannot whitelist unknown permission: android.car.permission.CONTROL_CAR_DOORS
06-22 14:35:22.164 W/PackageManager( 1909): Cannot whitelist unknown permission: android.car.permission.CONTROL_CAR_EXTERIOR_LIGHTS
06-22 14:35:22.164 W/PackageManager( 1909): Cannot whitelist unknown permission: android.car.permission.CONTROL_CAR_MIRRORS
06-22 14:35:22.164 W/PackageManager( 1909): Cannot whitelist unknown permission: android.car.permission.CONTROL_CAR_SEATS
06-22 14:35:22.164 W/PackageManager( 1909): Cannot whitelist unknown permission: android.car.permission.CONTROL_CAR_WINDOWS
06-22 14:35:22.164 W/PackageManager( 1909): Cannot whitelist unknown permission: android.car.permission.READ_CAR_DISPLAY_UNITS
06-22 14:35:22.164 W/PackageManager( 1909): Cannot whitelist unknown permission: com.google.android.finsky.permission.GEARHEAD_SERVICE
06-22 14:35:22.164 W/PackageManager( 1909): Cannot whitelist unknown permission: com.google.android.permission.ACCESSIBILITY_SCAN_SERVICE
06-22 14:35:22.164 W/PackageManager( 1909): Cannot whitelist unknown permission: com.google.android.finsky.permission.ACCESS_INSTANT_APP_NOTIFICATION_ENFORCEMENT
06-22 14:35:22.164 W/PackageManager( 1909): Cannot whitelist unknown permission: com.google.android.clockwork.settings.SHOW_FACTORY_RESET_CONFIRMATION
06-22 14:35:22.164 W/PackageManager( 1909): Cannot whitelist unknown permission: com.google.android.wearable.READ_SETTINGS
06-22 14:35:22.164 W/PackageManager( 1909): Cannot whitelist unknown permission: android.permission.READ_MEDIA_AUDIO
06-22 14:35:22.164 W/PackageManager( 1909): Cannot whitelist unknown permission: android.permission.READ_MEDIA_IMAGES
06-22 14:35:22.164 W/PackageManager( 1909): Cannot whitelist unknown permission: android.permission.READ_MEDIA_VIDEO
06-22 14:35:22.164 W/PackageManager( 1909): Cannot whitelist unknown permission: com.android.vending.setup.PLAY_SETUP_SERVICE
06-22 14:35:22.164 W/PackageManager( 1909): Cannot whitelist unknown permission: com.google.android.gms.game.notifications.permission.WRITE
06-22 14:35:22.164 W/PackageManager( 1909): Cannot whitelist unknown permission: com.google.android.vending.verifier.ACCESS_VERIFIER
06-22 14:35:22.164 I/PackageManager( 1909): Un-granting permission android.permission.CAPTURE_VIDEO_OUTPUT from package com.google.android.gms (protectionLevel=2 flags=0xb0cabe45)
06-22 14:35:22.164 I/PackageManager( 1909): Un-granting permission android.permission.MANAGE_DEVICE_ADMINS from package com.google.android.gms (protectionLevel=2 flags=0xb0cabe45)
06-22 14:35:22.164 I/PackageManager( 1909): Un-granting permission android.permission.MANAGE_ACTIVITY_STACKS from package com.google.android.gms (protectionLevel=2 flags=0xb0cabe45)
06-22 14:35:22.164 I/PackageManager( 1909): Un-granting permission android.permission.CAPTURE_SECURE_VIDEO_OUTPUT from package com.google.android.gms (protectionLevel=2 flags=0xb0cabe45)
06-22 14:35:22.164 I/PackageManager( 1909): Un-granting permission android.permission.MANAGE_ROLLBACKS from package com.google.android.gms (protectionLevel=514 flags=0xb0cabe45)
06-22 14:35:22.166 W/PackageManager( 1909): Cannot whitelist unknown permission: android.permission.QUERY_ALL_PACKAGES
06-22 14:35:22.166 W/PackageManager( 1909): Cannot whitelist unknown permission: android.permission.PRE_FACTORY_RESET
06-22 14:35:22.166 W/PackageManager( 1909): Cannot whitelist unknown permission: android.permission.MANAGE_FACTORY_RESET_PROTECTION
06-22 14:35:22.167 W/PackageManager( 1909): Cannot whitelist unknown permission: android.car.permission.CAR_POWER
06-22 14:35:22.167 W/PackageManager( 1909): Cannot whitelist unknown permission: com.google.android.wearable.WRITE_SETTINGS
06-22 14:35:22.167 W/PackageManager( 1909): Cannot whitelist unknown permission: com.felicanetworks.mfc.permission.MFC_ACCESS
06-22 14:35:22.167 W/PackageManager( 1909): Cannot whitelist unknown permission: com.felicanetworks.mfc.mfi.permission.MFI_ACCESS
06-22 14:35:22.167 W/PackageManager( 1909): Cannot whitelist unknown permission: com.google.android.finsky.permission.INSTANT_APP_STATE
06-22 14:35:22.167 W/PackageManager( 1909): Cannot whitelist unknown permission: android.permission.UWB
06-22 14:35:22.167 W/PackageManager( 1909): Cannot whitelist unknown permission: com.google.android.finsky.permission.BIND_GET_INSTALL_REFERRER_SERVICE
06-22 14:35:22.167 W/PackageManager( 1909): Cannot whitelist unknown permission: com.google.android.hangouts.START_HANGOUT
06-22 14:35:22.167 W/PackageManager( 1909): Cannot whitelist unknown permission: android.car.permission.CAR_POWERTRAIN
06-22 14:35:22.167 W/PackageManager( 1909): Cannot whitelist unknown permission: android.car.permission.CAR_ENERGY
06-22 14:35:22.167 W/PackageManager( 1909): Cannot whitelist unknown permission: android.car.permission.CAR_ENERGY_PORTS
06-22 14:35:22.167 W/PackageManager( 1909): Cannot whitelist unknown permission: android.car.permission.CAR_EXTERIOR_LIGHTS
06-22 14:35:22.167 W/PackageManager( 1909): Cannot whitelist unknown permission: android.car.permission.CAR_INFO
06-22 14:35:22.167 W/PackageManager( 1909): Cannot whitelist unknown permission: android.car.permission.CAR_MILEAGE
06-22 14:35:22.167 W/PackageManager( 1909): Cannot whitelist unknown permission: android.car.permission.CAR_TIRES
06-22 14:35:22.167 W/PackageManager( 1909): Cannot whitelist unknown permission: android.car.permission.CONTROL_CAR_CLIMATE
06-22 14:35:22.167 W/PackageManager( 1909): Cannot whitelist unknown permission: android.car.permission.CONTROL_CAR_DOORS
06-22 14:35:22.167 W/PackageManager( 1909): Cannot whitelist unknown permission: android.car.permission.CONTROL_CAR_EXTERIOR_LIGHTS
06-22 14:35:22.167 W/PackageManager( 1909): Cannot whitelist unknown permission: android.car.permission.CONTROL_CAR_MIRRORS
06-22 14:35:22.167 W/PackageManager( 1909): Cannot whitelist unknown permission: android.car.permission.CONTROL_CAR_SEATS
06-22 14:35:22.167 W/PackageManager( 1909): Cannot whitelist unknown permission: android.car.permission.CONTROL_CAR_WINDOWS
06-22 14:35:22.167 W/PackageManager( 1909): Cannot whitelist unknown permission: android.car.permission.READ_CAR_DISPLAY_UNITS
06-22 14:35:22.167 W/PackageManager( 1909): Cannot whitelist unknown permission: com.google.android.finsky.permission.GEARHEAD_SERVICE
06-22 14:35:22.167 W/PackageManager( 1909): Cannot whitelist unknown permission: com.google.android.permission.ACCESSIBILITY_SCAN_SERVICE
06-22 14:35:22.167 W/PackageManager( 1909): Cannot whitelist unknown permission: com.google.android.finsky.permission.ACCESS_INSTANT_APP_NOTIFICATION_ENFORCEMENT
06-22 14:35:22.167 W/PackageManager( 1909): Cannot whitelist unknown permission: com.google.android.clockwork.settings.SHOW_FACTORY_RESET_CONFIRMATION
06-22 14:35:22.167 W/PackageManager( 1909): Cannot whitelist unknown permission: com.google.android.wearable.READ_SETTINGS
06-22 14:35:22.167 W/PackageManager( 1909): Cannot whitelist unknown permission: android.permission.READ_MEDIA_AUDIO
06-22 14:35:22.167 W/PackageManager( 1909): Cannot whitelist unknown permission: android.permission.READ_MEDIA_IMAGES
06-22 14:35:22.167 W/PackageManager( 1909): Cannot whitelist unknown permission: android.permission.READ_MEDIA_VIDEO
06-22 14:35:22.167 W/PackageManager( 1909): Cannot whitelist unknown permission: com.android.vending.setup.PLAY_SETUP_SERVICE
06-22 14:35:22.167 W/PackageManager( 1909): Cannot whitelist unknown permission: com.google.android.gms.game.notifications.permission.WRITE
06-22 14:35:22.167 W/PackageManager( 1909): Cannot whitelist unknown permission: com.google.android.vending.verifier.ACCESS_VERIFIER
06-22 14:35:22.167 I/PackageManager( 1909): Un-granting permission android.permission.CAPTURE_VIDEO_OUTPUT from package com.google.android.gms (protectionLevel=2 flags=0xb0cabe45)
06-22 14:35:22.168 I/PackageManager( 1909): Un-granting permission android.permission.MANAGE_DEVICE_ADMINS from package com.google.android.gms (protectionLevel=2 flags=0xb0cabe45)
06-22 14:35:22.168 I/PackageManager( 1909): Un-granting permission android.permission.MANAGE_ACTIVITY_STACKS from package com.google.android.gms (protectionLevel=2 flags=0xb0cabe45)
06-22 14:35:22.168 I/PackageManager( 1909): Un-granting permission android.permission.CAPTURE_SECURE_VIDEO_OUTPUT from package com.google.android.gms (protectionLevel=2 flags=0xb0cabe45)
06-22 14:35:22.168 I/PackageManager( 1909): Un-granting permission android.permission.MANAGE_ROLLBACKS from package com.google.android.gms (protectionLevel=514 flags=0xb0cabe45)
06-22 14:35:22.170 W/PackageManager( 1909): Cannot whitelist unknown permission: android.permission.QUERY_ALL_PACKAGES
06-22 14:35:22.170 W/PackageManager( 1909): Cannot whitelist unknown permission: android.permission.PRE_FACTORY_RESET
06-22 14:35:22.170 W/PackageManager( 1909): Cannot whitelist unknown permission: android.permission.MANAGE_FACTORY_RESET_PROTECTION
06-22 14:35:22.170 W/PackageManager( 1909): Cannot whitelist unknown permission: android.car.permission.CAR_POWER
06-22 14:35:22.170 W/PackageManager( 1909): Cannot whitelist unknown permission: com.google.android.wearable.WRITE_SETTINGS
06-22 14:35:22.170 W/PackageManager( 1909): Cannot whitelist unknown permission: com.felicanetworks.mfc.permission.MFC_ACCESS
06-22 14:35:22.170 W/PackageManager( 1909): Cannot whitelist unknown permission: com.felicanetworks.mfc.mfi.permission.MFI_ACCESS
06-22 14:35:22.170 W/PackageManager( 1909): Cannot whitelist unknown permission: com.google.android.finsky.permission.INSTANT_APP_STATE
06-22 14:35:22.170 W/PackageManager( 1909): Cannot whitelist unknown permission: android.permission.UWB
06-22 14:35:22.170 W/PackageManager( 1909): Cannot whitelist unknown permission: com.google.android.finsky.permission.BIND_GET_INSTALL_REFERRER_SERVICE
06-22 14:35:22.170 W/PackageManager( 1909): Cannot whitelist unknown permission: com.google.android.hangouts.START_HANGOUT
06-22 14:35:22.170 W/PackageManager( 1909): Cannot whitelist unknown permission: android.car.permission.CAR_POWERTRAIN
06-22 14:35:22.170 W/PackageManager( 1909): Cannot whitelist unknown permission: android.car.permission.CAR_ENERGY
06-22 14:35:22.170 W/PackageManager( 1909): Cannot whitelist unknown permission: android.car.permission.CAR_ENERGY_PORTS
06-22 14:35:22.170 W/PackageManager( 1909): Cannot whitelist unknown permission: android.car.permission.CAR_EXTERIOR_LIGHTS
06-22 14:35:22.170 W/PackageManager( 1909): Cannot whitelist unknown permission: android.car.permission.CAR_INFO
06-22 14:35:22.170 W/PackageManager( 1909): Cannot whitelist unknown permission: android.car.permission.CAR_MILEAGE
06-22 14:35:22.170 W/PackageManager( 1909): Cannot whitelist unknown permission: android.car.permission.CAR_TIRES
06-22 14:35:22.170 W/PackageManager( 1909): Cannot whitelist unknown permission: android.car.permission.CONTROL_CAR_CLIMATE
06-22 14:35:22.170 W/PackageManager( 1909): Cannot whitelist unknown permission: android.car.permission.CONTROL_CAR_DOORS
06-22 14:35:22.170 W/PackageManager( 1909): Cannot whitelist unknown permission: android.car.permission.CONTROL_CAR_EXTERIOR_LIGHTS
06-22 14:35:22.170 W/PackageManager( 1909): Cannot whitelist unknown permission: android.car.permission.CONTROL_CAR_MIRRORS
06-22 14:35:22.170 W/PackageManager( 1909): Cannot whitelist unknown permission: android.car.permission.CONTROL_CAR_SEATS
06-22 14:35:22.170 W/PackageManager( 1909): Cannot whitelist unknown permission: android.car.permission.CONTROL_CAR_WINDOWS
06-22 14:35:22.170 W/PackageManager( 1909): Cannot whitelist unknown permission: android.car.permission.READ_CAR_DISPLAY_UNITS
06-22 14:35:22.170 W/PackageManager( 1909): Cannot whitelist unknown permission: com.google.android.finsky.permission.GEARHEAD_SERVICE
06-22 14:35:22.171 W/PackageManager( 1909): Cannot whitelist unknown permission: com.google.android.permission.ACCESSIBILITY_SCAN_SERVICE
06-22 14:35:22.171 W/PackageManager( 1909): Cannot whitelist unknown permission: com.google.android.finsky.permission.ACCESS_INSTANT_APP_NOTIFICATION_ENFORCEMENT
06-22 14:35:22.171 W/PackageManager( 1909): Cannot whitelist unknown permission: com.google.android.clockwork.settings.SHOW_FACTORY_RESET_CONFIRMATION
06-22 14:35:22.171 W/PackageManager( 1909): Cannot whitelist unknown permission: com.google.android.wearable.READ_SETTINGS
06-22 14:35:22.171 W/PackageManager( 1909): Cannot whitelist unknown permission: android.permission.READ_MEDIA_AUDIO
06-22 14:35:22.171 W/PackageManager( 1909): Cannot whitelist unknown permission: android.permission.READ_MEDIA_IMAGES
06-22 14:35:22.171 W/PackageManager( 1909): Cannot whitelist unknown permission: android.permission.READ_MEDIA_VIDEO
06-22 14:35:22.171 W/PackageManager( 1909): Cannot whitelist unknown permission: com.android.vending.setup.PLAY_SETUP_SERVICE
06-22 14:35:22.171 W/PackageManager( 1909): Cannot whitelist unknown permission: com.google.android.gms.game.notifications.permission.WRITE
06-22 14:35:22.171 W/PackageManager( 1909): Cannot whitelist unknown permission: com.google.android.vending.verifier.ACCESS_VERIFIER
06-22 14:35:22.171 I/PackageManager( 1909): Un-granting permission android.permission.CAPTURE_VIDEO_OUTPUT from package com.google.android.gms (protectionLevel=2 flags=0xb0cabe45)
06-22 14:35:22.171 I/PackageManager( 1909): Un-granting permission android.permission.MANAGE_DEVICE_ADMINS from package com.google.android.gms (protectionLevel=2 flags=0xb0cabe45)
06-22 14:35:22.171 I/PackageManager( 1909): Un-granting permission android.permission.MANAGE_ACTIVITY_STACKS from package com.google.android.gms (protectionLevel=2 flags=0xb0cabe45)
06-22 14:35:22.171 I/PackageManager( 1909): Un-granting permission android.permission.CAPTURE_SECURE_VIDEO_OUTPUT from package com.google.android.gms (protectionLevel=2 flags=0xb0cabe45)
06-22 14:35:22.171 I/PackageManager( 1909): Un-granting permission android.permission.MANAGE_ROLLBACKS from package com.google.android.gms (protectionLevel=514 flags=0xb0cabe45)
06-22 14:35:22.173 W/PackageManager( 1909): Cannot whitelist unknown permission: android.permission.QUERY_ALL_PACKAGES
06-22 14:35:22.173 W/PackageManager( 1909): Cannot whitelist unknown permission: android.permission.PRE_FACTORY_RESET
06-22 14:35:22.173 W/PackageManager( 1909): Cannot whitelist unknown permission: android.permission.MANAGE_FACTORY_RESET_PROTECTION
06-22 14:35:22.173 W/PackageManager( 1909): Cannot whitelist unknown permission: android.car.permission.CAR_POWER
06-22 14:35:22.173 W/PackageManager( 1909): Cannot whitelist unknown permission: com.google.android.wearable.WRITE_SETTINGS
06-22 14:35:22.173 W/PackageManager( 1909): Cannot whitelist unknown permission: com.felicanetworks.mfc.permission.MFC_ACCESS
06-22 14:35:22.173 W/PackageManager( 1909): Cannot whitelist unknown permission: com.felicanetworks.mfc.mfi.permission.MFI_ACCESS
06-22 14:35:22.173 W/PackageManager( 1909): Cannot whitelist unknown permission: com.google.android.finsky.permission.INSTANT_APP_STATE
06-22 14:35:22.173 W/PackageManager( 1909): Cannot whitelist unknown permission: android.permission.UWB
06-22 14:35:22.173 W/PackageManager( 1909): Cannot whitelist unknown permission: com.google.android.finsky.permission.BIND_GET_INSTALL_REFERRER_SERVICE
06-22 14:35:22.173 W/PackageManager( 1909): Cannot whitelist unknown permission: com.google.android.hangouts.START_HANGOUT
06-22 14:35:22.173 W/PackageManager( 1909): Cannot whitelist unknown permission: android.car.permission.CAR_POWERTRAIN
06-22 14:35:22.173 W/PackageManager( 1909): Cannot whitelist unknown permission: android.car.permission.CAR_ENERGY
06-22 14:35:22.173 W/PackageManager( 1909): Cannot whitelist unknown permission: android.car.permission.CAR_ENERGY_PORTS
06-22 14:35:22.173 W/PackageManager( 1909): Cannot whitelist unknown permission: android.car.permission.CAR_EXTERIOR_LIGHTS
06-22 14:35:22.173 W/PackageManager( 1909): Cannot whitelist unknown permission: android.car.permission.CAR_INFO
06-22 14:35:22.173 W/PackageManager( 1909): Cannot whitelist unknown permission: android.car.permission.CAR_MILEAGE
06-22 14:35:22.173 W/PackageManager( 1909): Cannot whitelist unknown permission: android.car.permission.CAR_TIRES
06-22 14:35:22.173 W/PackageManager( 1909): Cannot whitelist unknown permission: android.car.permission.CONTROL_CAR_CLIMATE
06-22 14:35:22.173 W/PackageManager( 1909): Cannot whitelist unknown permission: android.car.permission.CONTROL_CAR_DOORS
06-22 14:35:22.173 W/PackageManager( 1909): Cannot whitelist unknown permission: android.car.permission.CONTROL_CAR_EXTERIOR_LIGHTS
06-22 14:35:22.173 W/PackageManager( 1909): Cannot whitelist unknown permission: android.car.permission.CONTROL_CAR_MIRRORS
06-22 14:35:22.173 W/PackageManager( 1909): Cannot whitelist unknown permission: android.car.permission.CONTROL_CAR_SEATS
06-22 14:35:22.173 W/PackageManager( 1909): Cannot whitelist unknown permission: android.car.permission.CONTROL_CAR_WINDOWS
06-22 14:35:22.174 W/PackageManager( 1909): Cannot whitelist unknown permission: android.car.permission.READ_CAR_DISPLAY_UNITS
06-22 14:35:22.174 W/PackageManager( 1909): Cannot whitelist unknown permission: com.google.android.finsky.permission.GEARHEAD_SERVICE
06-22 14:35:22.174 W/PackageManager( 1909): Cannot whitelist unknown permission: com.google.android.permission.ACCESSIBILITY_SCAN_SERVICE
06-22 14:35:22.174 W/PackageManager( 1909): Cannot whitelist unknown permission: com.google.android.finsky.permission.ACCESS_INSTANT_APP_NOTIFICATION_ENFORCEMENT
06-22 14:35:22.174 W/PackageManager( 1909): Cannot whitelist unknown permission: com.google.android.clockwork.settings.SHOW_FACTORY_RESET_CONFIRMATION
06-22 14:35:22.174 W/PackageManager( 1909): Cannot whitelist unknown permission: com.google.android.wearable.READ_SETTINGS
06-22 14:35:22.174 W/PackageManager( 1909): Cannot whitelist unknown permission: android.permission.READ_MEDIA_AUDIO
06-22 14:35:22.174 W/PackageManager( 1909): Cannot whitelist unknown permission: android.permission.READ_MEDIA_IMAGES
06-22 14:35:22.174 W/PackageManager( 1909): Cannot whitelist unknown permission: android.permission.READ_MEDIA_VIDEO
06-22 14:35:22.174 W/PackageManager( 1909): Cannot whitelist unknown permission: com.android.vending.setup.PLAY_SETUP_SERVICE
06-22 14:35:22.174 W/PackageManager( 1909): Cannot whitelist unknown permission: com.google.android.gms.game.notifications.permission.WRITE
06-22 14:35:22.174 W/PackageManager( 1909): Cannot whitelist unknown permission: com.google.android.vending.verifier.ACCESS_VERIFIER
06-22 14:35:22.174 I/PackageManager( 1909): Un-granting permission android.permission.CAPTURE_VIDEO_OUTPUT from package com.google.android.gms (protectionLevel=2 flags=0xb0cabe45)
06-22 14:35:22.174 I/PackageManager( 1909): Un-granting permission android.permission.MANAGE_DEVICE_ADMINS from package com.google.android.gms (protectionLevel=2 flags=0xb0cabe45)
06-22 14:35:22.174 I/PackageManager( 1909): Un-granting permission android.permission.MANAGE_ACTIVITY_STACKS from package com.google.android.gms (protectionLevel=2 flags=0xb0cabe45)
06-22 14:35:22.174 I/PackageManager( 1909): Un-granting permission android.permission.CAPTURE_SECURE_VIDEO_OUTPUT from package com.google.android.gms (protectionLevel=2 flags=0xb0cabe45)
06-22 14:35:22.174 I/PackageManager( 1909): Un-granting permission android.permission.MANAGE_ROLLBACKS from package com.google.android.gms (protectionLevel=514 flags=0xb0cabe45)
06-22 14:35:22.175 W/PackageManager( 1909): Cannot whitelist unknown permission: android.permission.QUERY_ALL_PACKAGES
06-22 14:35:22.175 W/PackageManager( 1909): Cannot whitelist unknown permission: android.permission.PRE_FACTORY_RESET
06-22 14:35:22.176 W/PackageManager( 1909): Cannot whitelist unknown permission: android.permission.MANAGE_FACTORY_RESET_PROTECTION
06-22 14:35:22.176 W/PackageManager( 1909): Cannot whitelist unknown permission: android.car.permission.CAR_POWER
06-22 14:35:22.176 W/PackageManager( 1909): Cannot whitelist unknown permission: com.google.android.wearable.WRITE_SETTINGS
06-22 14:35:22.176 W/PackageManager( 1909): Cannot whitelist unknown permission: com.felicanetworks.mfc.permission.MFC_ACCESS
06-22 14:35:22.176 W/PackageManager( 1909): Cannot whitelist unknown permission: com.felicanetworks.mfc.mfi.permission.MFI_ACCESS
06-22 14:35:22.176 W/PackageManager( 1909): Cannot whitelist unknown permission: com.google.android.finsky.permission.INSTANT_APP_STATE
06-22 14:35:22.176 W/PackageManager( 1909): Cannot whitelist unknown permission: android.permission.UWB
06-22 14:35:22.176 W/PackageManager( 1909): Cannot whitelist unknown permission: com.google.android.finsky.permission.BIND_GET_INSTALL_REFERRER_SERVICE
06-22 14:35:22.176 W/PackageManager( 1909): Cannot whitelist unknown permission: com.google.android.hangouts.START_HANGOUT
06-22 14:35:22.176 W/PackageManager( 1909): Cannot whitelist unknown permission: android.car.permission.CAR_POWERTRAIN
06-22 14:35:22.176 W/PackageManager( 1909): Cannot whitelist unknown permission: android.car.permission.CAR_ENERGY
06-22 14:35:22.176 W/PackageManager( 1909): Cannot whitelist unknown permission: android.car.permission.CAR_ENERGY_PORTS
06-22 14:35:22.176 W/PackageManager( 1909): Cannot whitelist unknown permission: android.car.permission.CAR_EXTERIOR_LIGHTS
06-22 14:35:22.176 W/PackageManager( 1909): Cannot whitelist unknown permission: android.car.permission.CAR_INFO
06-22 14:35:22.176 W/PackageManager( 1909): Cannot whitelist unknown permission: android.car.permission.CAR_MILEAGE
06-22 14:35:22.176 W/PackageManager( 1909): Cannot whitelist unknown permission: android.car.permission.CAR_TIRES
06-22 14:35:22.176 W/PackageManager( 1909): Cannot whitelist unknown permission: android.car.permission.CONTROL_CAR_CLIMATE
06-22 14:35:22.176 W/PackageManager( 1909): Cannot whitelist unknown permission: android.car.permission.CONTROL_CAR_DOORS
06-22 14:35:22.176 W/PackageManager( 1909): Cannot whitelist unknown permission: android.car.permission.CONTROL_CAR_EXTERIOR_LIGHTS
06-22 14:35:22.176 W/PackageManager( 1909): Cannot whitelist unknown permission: android.car.permission.CONTROL_CAR_MIRRORS
06-22 14:35:22.176 W/PackageManager( 1909): Cannot whitelist unknown permission: android.car.permission.CONTROL_CAR_SEATS
06-22 14:35:22.176 W/PackageManager( 1909): Cannot whitelist unknown permission: android.car.permission.CONTROL_CAR_WINDOWS
06-22 14:35:22.176 W/PackageManager( 1909): Cannot whitelist unknown permission: android.car.permission.READ_CAR_DISPLAY_UNITS
06-22 14:35:22.176 W/PackageManager( 1909): Cannot whitelist unknown permission: com.google.android.finsky.permission.GEARHEAD_SERVICE
06-22 14:35:22.176 W/PackageManager( 1909): Cannot whitelist unknown permission: com.google.android.permission.ACCESSIBILITY_SCAN_SERVICE
06-22 14:35:22.177 W/PackageManager( 1909): Cannot whitelist unknown permission: com.google.android.finsky.permission.ACCESS_INSTANT_APP_NOTIFICATION_ENFORCEMENT
06-22 14:35:22.177 W/PackageManager( 1909): Cannot whitelist unknown permission: com.google.android.clockwork.settings.SHOW_FACTORY_RESET_CONFIRMATION
06-22 14:35:22.177 W/PackageManager( 1909): Cannot whitelist unknown permission: com.google.android.wearable.READ_SETTINGS
06-22 14:35:22.177 W/PackageManager( 1909): Cannot whitelist unknown permission: android.permission.READ_MEDIA_AUDIO
06-22 14:35:22.177 W/PackageManager( 1909): Cannot whitelist unknown permission: android.permission.READ_MEDIA_IMAGES
06-22 14:35:22.177 W/PackageManager( 1909): Cannot whitelist unknown permission: android.permission.READ_MEDIA_VIDEO
06-22 14:35:22.177 W/PackageManager( 1909): Cannot whitelist unknown permission: com.android.vending.setup.PLAY_SETUP_SERVICE
06-22 14:35:22.177 W/PackageManager( 1909): Cannot whitelist unknown permission: com.google.android.gms.game.notifications.permission.WRITE
06-22 14:35:22.177 W/PackageManager( 1909): Cannot whitelist unknown permission: com.google.android.vending.verifier.ACCESS_VERIFIER
06-22 14:35:22.177 I/PackageManager( 1909): Un-granting permission android.permission.CAPTURE_VIDEO_OUTPUT from package com.google.android.gms (protectionLevel=2 flags=0xb0cabe45)
06-22 14:35:22.177 I/PackageManager( 1909): Un-granting permission android.permission.MANAGE_DEVICE_ADMINS from package com.google.android.gms (protectionLevel=2 flags=0xb0cabe45)
06-22 14:35:22.177 I/PackageManager( 1909): Un-granting permission android.permission.MANAGE_ACTIVITY_STACKS from package com.google.android.gms (protectionLevel=2 flags=0xb0cabe45)
06-22 14:35:22.177 I/PackageManager( 1909): Un-granting permission android.permission.CAPTURE_SECURE_VIDEO_OUTPUT from package com.google.android.gms (protectionLevel=2 flags=0xb0cabe45)
06-22 14:35:22.178 I/PackageManager( 1909): Un-granting permission android.permission.MANAGE_ROLLBACKS from package com.google.android.gms (protectionLevel=514 flags=0xb0cabe45)
06-22 14:35:22.180 W/PackageManager( 1909): Cannot whitelist unknown permission: android.permission.QUERY_ALL_PACKAGES
06-22 14:35:22.180 W/PackageManager( 1909): Cannot whitelist unknown permission: android.permission.PRE_FACTORY_RESET
06-22 14:35:22.180 W/PackageManager( 1909): Cannot whitelist unknown permission: android.permission.MANAGE_FACTORY_RESET_PROTECTION
06-22 14:35:22.180 W/PackageManager( 1909): Cannot whitelist unknown permission: android.car.permission.CAR_POWER
06-22 14:35:22.180 W/PackageManager( 1909): Cannot whitelist unknown permission: com.google.android.wearable.WRITE_SETTINGS
06-22 14:35:22.180 W/PackageManager( 1909): Cannot whitelist unknown permission: com.felicanetworks.mfc.permission.MFC_ACCESS
06-22 14:35:22.180 W/PackageManager( 1909): Cannot whitelist unknown permission: com.felicanetworks.mfc.mfi.permission.MFI_ACCESS
06-22 14:35:22.180 W/PackageManager( 1909): Cannot whitelist unknown permission: com.google.android.finsky.permission.INSTANT_APP_STATE
06-22 14:35:22.180 W/PackageManager( 1909): Cannot whitelist unknown permission: android.permission.UWB
06-22 14:35:22.180 W/PackageManager( 1909): Cannot whitelist unknown permission: com.google.android.finsky.permission.BIND_GET_INSTALL_REFERRER_SERVICE
